# WCTIME: wall clock time in seconds
WCTIME=1800.04
# CPUTIME: CPU time in seconds (USERTIME+SYSTEMTIME)
CPUTIME=1790.78
# USERTIME: CPU time spent in user mode in seconds
USERTIME=1788.63
# SYSTEMTIME: CPU time spent in system mode in seconds
SYSTEMTIME=2.15067
# CPUUSAGE: CPUTIME/WCTIME in percent
CPUUSAGE=99.4857
# MAXVM: maximum virtual memory used in KiB
MAXVM=1529836
# MAXMM: maximum memory used in KiB
MAXMM=1233260
# MAXRSS: maximum Resident Segment Size in KiB
MAXRSS=1233260
# TIMEOUT: did the solver exceed the time limit?
TIMEOUT=true
# MEMOUT: did the solver exceed the memory limit?
MEMOUT=false
# EXITSTATUS: Exit status of the solver
EXITSTATUS=36608
