c cmd: /host-parser-bin/kat_xcsp_835f8aaf_scip_dynamic /bench/competition/2022-2025/COP22to25/TankAllocation2-0400_c25.xml.lzma --encoder log-scop --order-ge-table mdd-tl --progress
c 00h00m00s | solve:start
c 00h00m00s | input: constraints=136
c 00h00m00s | stage:propagate:start
c 00h00m02s | stage:propagate:done ms=2164 pruned=2027 changed_domains=71 entailed_tables=0
c 00h00m02s | stage:normalize:start
c 00h00m02s | stage:normalize:done ms=0 high_constraints=136
c 00h00m02s | stage:lower:start
c 00h00m02s | stage:lower:done ms=23 lowered=136 unsupported=0
c 00h00m02s | stage:post_lower:start
c 00h00m02s | stage:post_lower:done ms=1 rounds=0 tightened=0 removed_cls=1917 removed_lits=1763 unsat=false precise_hits=35 precise_rounds=1 pivot_recomputes=0 pivot_exact_attempts=0 pivot_general_attempts=0 pivot_general_rest_missing=0 pivot_general_bound_missing=0 pivot_general_no_change=0 pivot_general_tightened=0 setup_ms=0 loop_ms=0 pivot_ms=0 pivot_version_ms=0 pivot_exact_ms=0 pivot_general_ms=0 pivot_general_prepare_ms=0 pivot_general_rest_ms=0 pivot_general_derive_ms=0 apply_ms=0 sat_ms=0 precise_ms=0
c 00h00m02s | stage:lowered-shape int_vars=155 bool_vars=70 linear_atoms=5075 table_atoms=100 table_tuples=28076 table_scope=172 alldiff_atoms=0 circuit_atoms=0 product_atoms=0 logical_clauses=3258
c 00h00m02s | stage:root-lp:start backend=scip-ffi
c 00h00m45s | stage:root-lp:bound backend=scip-ffi status=objective_bound objective_value=100000000000000000000 naive_bounds=[0,22873] lp_bounds=[0,22873] improved=0 rows=156 vars=3159396 ms=42844
c 00h00m45s | stage:preencode(log-scop):start
c 00h00m45s | stage:preencode(log-scop):done ms=0 int_vars=155
c 00h00m45s | stage:encode(log-scop):start
c 00h00m45s | stage:encode(log-scop):done ms=62 sat_vars=29937 sat_clauses=73473 ext_ge_specs=0 relaxed_circuits=0 log_scop_pb_constraints=4374 log_scop_pb_mixed=0 log_scop_pb_bdd2=0 log_scop_pb_bdd3=4374 log_scop_pb_sorter=0 log_scop_pb_dadda=0 log_scop_bdd_raw=4374 log_scop_bdd_binary=0 log_scop_bdd_multibase=0
c 00h00m45s | stage:sat:init solver=CaDiCaL vars=29937 clauses=73473
c 00h00m45s | stage:sat:solve:start round=1 circuit_cegar_rounds=- cop_cegar_rounds=1 assumptions=0 phase_lits=0
c 00h00m46s | stage:sat:solve:done round=1 ms=859 result=Sat assumptions=0 phase_lits=0
c 00h00m46s | stage:decode:start round=1 requested_int_ids=155
c 00h00m46s | stage:decode:final:start round=1 requested_int_ids=155
c 00h00m46s | stage:decode:done round=1 int_assignments=155
c 00h00m46s | stage:relaxation:done clauses_added=0 circuit_cegar_failures=0 circuit_cegar_rounds=0 circuit_cegar_added_clauses=0 cop_cegar_failures=0 cop_cegar_rounds=1 cop_cegar_added_clauses=0
c 00h00m46s | result:Sat
c 00h00m46s | objective:incumbent kind=initial value=0 rounds=1 improvements=0
o 0
c 00h00m46s | stage:sat:init solver=CaDiCaL vars=29937 clauses=73473
c 00h00m46s | stage:sat:solve:start round=1 circuit_cegar_rounds=- cop_cegar_rounds=2 assumptions=0 phase_lits=635
c 00h00m46s | stage:sat:solve:done round=1 ms=7 result=Sat assumptions=0 phase_lits=635
c 00h00m46s | stage:decode:start round=1 requested_int_ids=155
c 00h00m46s | stage:relaxation:done round=1 clauses_added=554985 circuit_clauses_added=0 cop_clauses_added=554985 circuit_cegar_failures=0 circuit_cegar_rounds=0 circuit_cegar_added_clauses=0 cop_cegar_failures=1 cop_cegar_rounds=2 cop_cegar_added_clauses=554985
c 00h00m46s | stage:sat:solve:start round=2 circuit_cegar_rounds=- cop_cegar_rounds=3 assumptions=0 phase_lits=635
c 00h00m51s | stage:sat:solve:done round=2 ms=5431 result=Sat assumptions=0 phase_lits=635
c 00h00m51s | stage:decode:start round=2 requested_int_ids=155
c 00h00m51s | stage:decode:final:start round=2 requested_int_ids=155
c 00h00m51s | stage:decode:done round=2 int_assignments=155
c 00h00m51s | stage:relaxation:done clauses_added=0 circuit_cegar_failures=0 circuit_cegar_rounds=0 circuit_cegar_added_clauses=0 cop_cegar_failures=1 cop_cegar_rounds=3 cop_cegar_added_clauses=554985
c 00h00m51s | result:Sat
c 00h00m51s | objective:incumbent kind=improvement value=558 rounds=2 improvements=1
o 558
c 00h00m51s | stage:sat:init solver=CaDiCaL vars=29937 clauses=73473
c 00h00m51s | stage:sat:solve:start round=1 circuit_cegar_rounds=- cop_cegar_rounds=4 assumptions=0 phase_lits=635
c 00h00m51s | stage:sat:solve:done round=1 ms=116 result=Sat assumptions=0 phase_lits=635
c 00h00m51s | stage:decode:start round=1 requested_int_ids=155
c 00h00m51s | stage:relaxation:done round=1 clauses_added=555010 circuit_clauses_added=0 cop_clauses_added=555010 circuit_cegar_failures=0 circuit_cegar_rounds=0 circuit_cegar_added_clauses=0 cop_cegar_failures=2 cop_cegar_rounds=4 cop_cegar_added_clauses=1109995
c 00h00m52s | stage:sat:solve:start round=2 circuit_cegar_rounds=- cop_cegar_rounds=5 assumptions=0 phase_lits=635
c 00h00m54s | stage:sat:solve:done round=2 ms=2290 result=Sat assumptions=0 phase_lits=635
c 00h00m54s | stage:decode:start round=2 requested_int_ids=155
c 00h00m54s | stage:decode:final:start round=2 requested_int_ids=155
c 00h00m54s | stage:decode:done round=2 int_assignments=155
c 00h00m54s | stage:relaxation:done clauses_added=0 circuit_cegar_failures=0 circuit_cegar_rounds=0 circuit_cegar_added_clauses=0 cop_cegar_failures=2 cop_cegar_rounds=5 cop_cegar_added_clauses=1109995
c 00h00m54s | result:Sat
c 00h00m54s | objective:incumbent kind=improvement value=648 rounds=3 improvements=2
o 648
c 00h00m54s | stage:sat:init solver=CaDiCaL vars=29937 clauses=73473
c 00h00m54s | stage:sat:solve:start round=1 circuit_cegar_rounds=- cop_cegar_rounds=6 assumptions=0 phase_lits=635
c 00h00m54s | stage:sat:solve:done round=1 ms=116 result=Sat assumptions=0 phase_lits=635
c 00h00m54s | stage:decode:start round=1 requested_int_ids=155
c 00h00m54s | stage:relaxation:done round=1 clauses_added=555006 circuit_clauses_added=0 cop_clauses_added=555006 circuit_cegar_failures=0 circuit_cegar_rounds=0 circuit_cegar_added_clauses=0 cop_cegar_failures=3 cop_cegar_rounds=6 cop_cegar_added_clauses=1665001
c 00h00m54s | stage:sat:solve:start round=2 circuit_cegar_rounds=- cop_cegar_rounds=7 assumptions=0 phase_lits=635
c 00h00m58s | stage:sat:solve:done round=2 ms=3167 result=Sat assumptions=0 phase_lits=635
c 00h00m58s | stage:decode:start round=2 requested_int_ids=155
c 00h00m58s | stage:decode:final:start round=2 requested_int_ids=155
c 00h00m58s | stage:decode:done round=2 int_assignments=155
c 00h00m58s | stage:relaxation:done clauses_added=0 circuit_cegar_failures=0 circuit_cegar_rounds=0 circuit_cegar_added_clauses=0 cop_cegar_failures=3 cop_cegar_rounds=7 cop_cegar_added_clauses=1665001
c 00h00m58s | result:Sat
c 00h00m58s | objective:incumbent kind=improvement value=718 rounds=4 improvements=3
o 718
c 00h00m58s | stage:sat:init solver=CaDiCaL vars=29937 clauses=73473
c 00h00m58s | stage:sat:solve:start round=1 circuit_cegar_rounds=- cop_cegar_rounds=8 assumptions=0 phase_lits=635
c 00h00m58s | stage:sat:solve:done round=1 ms=166 result=Sat assumptions=0 phase_lits=635
c 00h00m58s | stage:decode:start round=1 requested_int_ids=155
c 00h00m58s | stage:relaxation:done round=1 clauses_added=555012 circuit_clauses_added=0 cop_clauses_added=555012 circuit_cegar_failures=0 circuit_cegar_rounds=0 circuit_cegar_added_clauses=0 cop_cegar_failures=4 cop_cegar_rounds=8 cop_cegar_added_clauses=2220013
c 00h00m58s | stage:sat:solve:start round=2 circuit_cegar_rounds=- cop_cegar_rounds=9 assumptions=0 phase_lits=635
c 00h01m57s | stage:sat:solve:done round=2 ms=59121 result=Sat assumptions=0 phase_lits=635
c 00h01m57s | stage:decode:start round=2 requested_int_ids=155
c 00h01m57s | stage:decode:final:start round=2 requested_int_ids=155
c 00h01m57s | stage:decode:done round=2 int_assignments=155
c 00h01m57s | stage:relaxation:done clauses_added=0 circuit_cegar_failures=0 circuit_cegar_rounds=0 circuit_cegar_added_clauses=0 cop_cegar_failures=4 cop_cegar_rounds=9 cop_cegar_added_clauses=2220013
c 00h01m57s | result:Sat
c 00h01m57s | objective:incumbent kind=improvement value=851 rounds=5 improvements=4
o 851
c 00h01m57s | stage:sat:init solver=CaDiCaL vars=29937 clauses=73473
c 00h01m57s | stage:sat:solve:start round=1 circuit_cegar_rounds=- cop_cegar_rounds=10 assumptions=0 phase_lits=635
c 00h01m58s | stage:sat:solve:done round=1 ms=279 result=Sat assumptions=0 phase_lits=635
c 00h01m58s | stage:decode:start round=1 requested_int_ids=155
c 00h01m58s | stage:relaxation:done round=1 clauses_added=555006 circuit_clauses_added=0 cop_clauses_added=555006 circuit_cegar_failures=0 circuit_cegar_rounds=0 circuit_cegar_added_clauses=0 cop_cegar_failures=5 cop_cegar_rounds=10 cop_cegar_added_clauses=2775019
c 00h01m58s | stage:sat:solve:start round=2 circuit_cegar_rounds=- cop_cegar_rounds=11 assumptions=0 phase_lits=635
c 00h02m39s | stage:sat:solve:done round=2 ms=40563 result=Sat assumptions=0 phase_lits=635
c 00h02m39s | stage:decode:start round=2 requested_int_ids=155
c 00h02m39s | stage:decode:final:start round=2 requested_int_ids=155
c 00h02m39s | stage:decode:done round=2 int_assignments=155
c 00h02m39s | stage:relaxation:done clauses_added=0 circuit_cegar_failures=0 circuit_cegar_rounds=0 circuit_cegar_added_clauses=0 cop_cegar_failures=5 cop_cegar_rounds=11 cop_cegar_added_clauses=2775019
c 00h02m39s | result:Sat
c 00h02m39s | objective:incumbent kind=improvement value=862 rounds=6 improvements=5
o 862
c 00h02m39s | stage:sat:init solver=CaDiCaL vars=29937 clauses=73473
c 00h02m39s | stage:sat:solve:start round=1 circuit_cegar_rounds=- cop_cegar_rounds=12 assumptions=0 phase_lits=635
c 00h02m39s | stage:sat:solve:done round=1 ms=251 result=Sat assumptions=0 phase_lits=635
c 00h02m39s | stage:decode:start round=1 requested_int_ids=155
c 00h02m39s | stage:relaxation:done round=1 clauses_added=555014 circuit_clauses_added=0 cop_clauses_added=555014 circuit_cegar_failures=0 circuit_cegar_rounds=0 circuit_cegar_added_clauses=0 cop_cegar_failures=6 cop_cegar_rounds=12 cop_cegar_added_clauses=3330033
c 00h02m39s | stage:sat:solve:start round=2 circuit_cegar_rounds=- cop_cegar_rounds=13 assumptions=0 phase_lits=635
c 00h14m51s | stage:sat:solve:done round=2 ms=731654 result=Sat assumptions=0 phase_lits=635
c 00h14m51s | stage:decode:start round=2 requested_int_ids=155
c 00h14m51s | stage:decode:final:start round=2 requested_int_ids=155
c 00h14m51s | stage:decode:done round=2 int_assignments=155
c 00h14m51s | stage:relaxation:done clauses_added=0 circuit_cegar_failures=0 circuit_cegar_rounds=0 circuit_cegar_added_clauses=0 cop_cegar_failures=6 cop_cegar_rounds=13 cop_cegar_added_clauses=3330033
c 00h14m51s | result:Sat
c 00h14m51s | objective:incumbent kind=improvement value=919 rounds=7 improvements=6
o 919
c 00h14m51s | stage:sat:init solver=CaDiCaL vars=29937 clauses=73473
c 00h14m51s | stage:sat:solve:start round=1 circuit_cegar_rounds=- cop_cegar_rounds=14 assumptions=0 phase_lits=635
c 00h14m52s | stage:sat:solve:done round=1 ms=581 result=Sat assumptions=0 phase_lits=635
c 00h14m52s | stage:decode:start round=1 requested_int_ids=155
c 00h14m52s | stage:relaxation:done round=1 clauses_added=555005 circuit_clauses_added=0 cop_clauses_added=555005 circuit_cegar_failures=0 circuit_cegar_rounds=0 circuit_cegar_added_clauses=0 cop_cegar_failures=7 cop_cegar_rounds=14 cop_cegar_added_clauses=3885038
c 00h14m52s | stage:sat:solve:start round=2 circuit_cegar_rounds=- cop_cegar_rounds=15 assumptions=0 phase_lits=635
c 00h20m37s | stage:sat:solve:done round=2 ms=345334 result=Sat assumptions=0 phase_lits=635
c 00h20m37s | stage:decode:start round=2 requested_int_ids=155
c 00h20m37s | stage:decode:final:start round=2 requested_int_ids=155
c 00h20m37s | stage:decode:done round=2 int_assignments=155
c 00h20m37s | stage:relaxation:done clauses_added=0 circuit_cegar_failures=0 circuit_cegar_rounds=0 circuit_cegar_added_clauses=0 cop_cegar_failures=7 cop_cegar_rounds=15 cop_cegar_added_clauses=3885038
c 00h20m37s | result:Sat
c 00h20m37s | objective:incumbent kind=improvement value=932 rounds=8 improvements=7
o 932
c 00h20m37s | stage:sat:init solver=CaDiCaL vars=29937 clauses=73473
c 00h20m37s | stage:sat:solve:start round=1 circuit_cegar_rounds=- cop_cegar_rounds=16 assumptions=0 phase_lits=635
c 00h20m38s | stage:sat:solve:done round=1 ms=431 result=Sat assumptions=0 phase_lits=635
c 00h20m38s | stage:decode:start round=1 requested_int_ids=155
c 00h20m38s | stage:relaxation:done round=1 clauses_added=555010 circuit_clauses_added=0 cop_clauses_added=555010 circuit_cegar_failures=0 circuit_cegar_rounds=0 circuit_cegar_added_clauses=0 cop_cegar_failures=8 cop_cegar_rounds=16 cop_cegar_added_clauses=4440048
c 00h20m38s | stage:sat:solve:start round=2 circuit_cegar_rounds=- cop_cegar_rounds=17 assumptions=0 phase_lits=635
c 00h24m27s | stage:sat:solve:done round=2 ms=228794 result=Sat assumptions=0 phase_lits=635
c 00h24m27s | stage:decode:start round=2 requested_int_ids=155
c 00h24m27s | stage:decode:final:start round=2 requested_int_ids=155
c 00h24m27s | stage:decode:done round=2 int_assignments=155
c 00h24m27s | stage:relaxation:done clauses_added=0 circuit_cegar_failures=0 circuit_cegar_rounds=0 circuit_cegar_added_clauses=0 cop_cegar_failures=8 cop_cegar_rounds=17 cop_cegar_added_clauses=4440048
c 00h24m27s | result:Sat
c 00h24m27s | objective:incumbent kind=improvement value=950 rounds=9 improvements=8
o 950
c 00h24m27s | stage:sat:init solver=CaDiCaL vars=29937 clauses=73473
c 00h24m27s | stage:sat:solve:start round=1 circuit_cegar_rounds=- cop_cegar_rounds=18 assumptions=0 phase_lits=635
c 00h24m28s | stage:sat:solve:done round=1 ms=818 result=Sat assumptions=0 phase_lits=635
c 00h24m28s | stage:decode:start round=1 requested_int_ids=155
c 00h24m28s | stage:relaxation:done round=1 clauses_added=555014 circuit_clauses_added=0 cop_clauses_added=555014 circuit_cegar_failures=0 circuit_cegar_rounds=0 circuit_cegar_added_clauses=0 cop_cegar_failures=9 cop_cegar_rounds=18 cop_cegar_added_clauses=4995062
c 00h24m29s | stage:sat:solve:start round=2 circuit_cegar_rounds=- cop_cegar_rounds=19 assumptions=0 phase_lits=635
c 00h28m46s | stage:sat:solve:done round=2 ms=257118 result=Sat assumptions=0 phase_lits=635
c 00h28m46s | stage:decode:start round=2 requested_int_ids=155
c 00h28m46s | stage:decode:final:start round=2 requested_int_ids=155
c 00h28m46s | stage:decode:done round=2 int_assignments=155
c 00h28m46s | stage:relaxation:done clauses_added=0 circuit_cegar_failures=0 circuit_cegar_rounds=0 circuit_cegar_added_clauses=0 cop_cegar_failures=9 cop_cegar_rounds=19 cop_cegar_added_clauses=4995062
c 00h28m46s | result:Sat
c 00h28m46s | objective:incumbent kind=improvement value=978 rounds=10 improvements=9
o 978
c 00h28m46s | stage:sat:init solver=CaDiCaL vars=29937 clauses=73473
c 00h28m46s | stage:sat:solve:start round=1 circuit_cegar_rounds=- cop_cegar_rounds=20 assumptions=0 phase_lits=635
c 00h28m46s | stage:sat:solve:done round=1 ms=505 result=Sat assumptions=0 phase_lits=635
c 00h28m46s | stage:decode:start round=1 requested_int_ids=155
c 00h28m46s | stage:relaxation:done round=1 clauses_added=555012 circuit_clauses_added=0 cop_clauses_added=555012 circuit_cegar_failures=0 circuit_cegar_rounds=0 circuit_cegar_added_clauses=0 cop_cegar_failures=10 cop_cegar_rounds=20 cop_cegar_added_clauses=5550074
c 00h28m47s | stage:sat:solve:start round=2 circuit_cegar_rounds=- cop_cegar_rounds=21 assumptions=0 phase_lits=635
c 00h28m58s | stage:sat:solve:done round=2 ms=11201 result=Sat assumptions=0 phase_lits=635
c 00h28m58s | stage:decode:start round=2 requested_int_ids=155
c 00h28m58s | stage:decode:final:start round=2 requested_int_ids=155
c 00h28m58s | stage:decode:done round=2 int_assignments=155
c 00h28m58s | stage:relaxation:done clauses_added=0 circuit_cegar_failures=0 circuit_cegar_rounds=0 circuit_cegar_added_clauses=0 cop_cegar_failures=10 cop_cegar_rounds=21 cop_cegar_added_clauses=5550074
c 00h28m58s | result:Sat
c 00h28m58s | objective:incumbent kind=improvement value=1048 rounds=11 improvements=10
o 1048
c 00h28m58s | stage:sat:init solver=CaDiCaL vars=29937 clauses=73473
c 00h28m58s | stage:sat:solve:start round=1 circuit_cegar_rounds=- cop_cegar_rounds=22 assumptions=0 phase_lits=635
c 00h28m59s | stage:sat:solve:done round=1 ms=538 result=Sat assumptions=0 phase_lits=635
c 00h28m59s | stage:decode:start round=1 requested_int_ids=155
c 00h28m59s | stage:relaxation:done round=1 clauses_added=555006 circuit_clauses_added=0 cop_clauses_added=555006 circuit_cegar_failures=0 circuit_cegar_rounds=0 circuit_cegar_added_clauses=0 cop_cegar_failures=11 cop_cegar_rounds=22 cop_cegar_added_clauses=6105080
c 00h28m59s | stage:sat:solve:start round=2 circuit_cegar_rounds=- cop_cegar_rounds=23 assumptions=0 phase_lits=635
s SATISFIABLE
o 1048
v <instantiation>
v   <list> x[0][0] x[0][1] x[0][2] x[0][3] x[0][4] x[0][5] x[0][6] x[0][7] x[1][0] x[1][1] x[1][2] x[1][3] x[1][4] x[1][5] x[1][6] x[1][7] x[2][0] x[2][1] x[2][2] x[2][3] x[2][4] x[2][5] x[2][6] x[2][7] x[3][0] x[3][1] x[3][2] x[3][3] x[3][4] x[3][5] x[3][6] x[3][7] x[4][0] x[4][1] x[4][2] x[4][3] x[4][4] x[4][5] x[4][6] x[4][7] x[5][0] x[5][1] x[5][2] x[5][3] x[5][4] x[5][5] x[5][6] x[5][7] x[6][0] x[6][1] x[6][2] x[6][3] x[6][4] x[6][5] x[6][6] x[6][7] x[7][0] x[7][1] x[7][2] x[7][3] x[7][4] x[7][5] x[7][6] x[7][7] x[8][0] x[8][1] x[8][2] x[8][3] x[8][4] x[8][5] x[8][6] x[8][7] x[9][0] x[9][1] x[9][2] x[9][3] x[9][4] x[9][5] x[9][6] x[9][7] x[10][0] x[10][1] x[10][2] x[10][3] x[10][4] x[10][5] x[10][6] x[10][7] x[11][0] x[11][1] x[11][2] x[11][3] x[11][4] x[11][5] x[11][6] x[11][7] x[12][0] x[12][1] x[12][2] x[12][3] x[12][4] x[12][5] x[12][6] x[12][7] x[13][0] x[13][1] x[13][2] x[13][3] x[13][4] x[13][5] x[13][6] x[13][7] x[14][0] x[14][1] x[14][2] x[14][3] x[14][4] x[14][5] x[14][6] x[14][7] y[0] y[1] y[2] y[3] y[4] y[5] y[6] y[7] y[8] y[9] y[10] y[11] y[12] y[13] y[14] y[15] y[16] y[17] y[18] y[19] y[20] y[21] y[22] y[23] y[24] y[25] y[26] y[27] y[28] y[29] y[30] y[31] y[32] y[33] y[34] </list>
v   <values> 34 -1 -1 -1 -1 -1 -1 -1 21 33 28 31 6 -1 -1 -1 30 8 -1 -1 -1 -1 -1 -1 17 25 14 -1 -1 -1 -1 -1 27 -1 -1 -1 -1 -1 -1 -1 15 -1 -1 -1 -1 -1 -1 -1 -1 -1 -1 -1 -1 -1 -1 -1 23 0 -1 -1 -1 -1 -1 -1 2 9 -1 -1 -1 -1 -1 -1 5 -1 -1 -1 -1 -1 -1 -1 20 22 -1 -1 -1 -1 -1 -1 12 16 13 10 -1 -1 -1 -1 18 24 32 3 -1 -1 -1 -1 7 -1 -1 -1 -1 -1 -1 -1 19 11 4 1 -1 -1 -1 -1 1 1 1 1 1 1 1 1 1 1 1 1 1 1 1 1 1 1 1 1 1 1 1 1 1 1 0 1 1 0 1 1 1 1 1 </values>
v </instantiation>
d OBJECTIVE_VALUE 1048
d OPTIMAL 0
d OBJECTIVE_ROUNDS 11
d OBJECTIVE_IMPROVEMENTS 10
d COP_INCUMBENT_ELAPSED_MS 1738581
d SOLVE_ELAPSED_MS 1797125
d CURRENT_STAGE sat
d CURRENT_STAGE_ELAPSED_MS 57549
d LAST_COMPLETED_STAGE relaxation
d STAGE_PROPAGATE_STATUS done
d STAGE_NORMALIZE_STATUS done
d STAGE_LOWER_STATUS done
d STAGE_POST_LOWER_STATUS done
d STAGE_PREENCODE_STATUS done
d STAGE_ENCODE_STATUS done
d STAGE_SAT_STATUS running
d STAGE_DECODE_STATUS done
d STAGE_RELAXATION_STATUS done
d STAGE_DUMP_CNF_STATUS pending
d SOURCE_CONSTRAINTS 136
d NORMALIZED_CONSTRAINTS 136
d LOWERED_CONSTRAINTS 136
d UNSUPPORTED_CONSTRAINTS 0
d SAT_VARS 29937
d SAT_CLAUSES_BASE 73473
d SAT_CLAUSES_FINAL 6178553
d SAT_CLAUSES_CEGAR_DELTA 6105080
d LINEAR_INT_EQ_ARITY_STATS {"1":{"count":2555,"max_domain_product_excluding_one_var":"1","p95_domain_product_excluding_one_var":"1"}}
d LINEAR_INT_NE_ARITY_STATS {"2":{"count":2485,"max_domain_product_excluding_one_var":"17","p95_domain_product_excluding_one_var":"10"}}
d LINEAR_INT_GE_ARITY_STATS {}
d LINEAR_BOOL_MIXED_ARITY_STATS {"2":{"count":35,"max_domain_product_excluding_one_var":"2","p95_domain_product_excluding_one_var":"2"}}
d ROOT_LP_ENTERED 1
d ROOT_LP_STATUS objective_bound
d OBJECTIVE_NAIVE_LOWER 0
d OBJECTIVE_NAIVE_UPPER 22873
d OBJECTIVE_LP_LOWER 0
d OBJECTIVE_LP_UPPER 22873
d ROOT_LP_IMPROVED 0
d ROOT_LP_MS 42844
d ROOT_LP_ROWS 156
d ROOT_LP_VARS 3159396
d ROOT_LP_STRUCTURED_OBJECTIVE_TERMS 0
d ROOT_LP_STRUCTURED_OBJECTIVE_AUX_VARS 0
d ROOT_LP_STRUCTURED_OBJECTIVE_ROWS 0
d ROOT_LP_NATIVE_GATE_GE_TOTAL 0
d ROOT_LP_NATIVE_GATE_EQ_TOTAL 2555
d ROOT_LP_NATIVE_GATE_GE_MAX_ARITY 0
d ROOT_LP_NATIVE_GATE_GE_MAX_DOMAIN_PRODUCT 0
d ROOT_LP_NATIVE_GATE_BOOL_MIXED_MAX_ARITY 2
d ROOT_LP_OBJECTIVE_VALUE 100000000000000000000
d PROPAGATE_PRUNED_VALUES 2027
d PROPAGATE_CHANGED_DOMAINS 71
d PROPAGATE_ENTAILED_TABLES 0
d POST_LOWER_ROUNDS 0
d POST_LOWER_TIGHTENED_DOMAINS 0
d POST_LOWER_REMOVED_CLAUSES 1917
d POST_LOWER_REMOVED_LITS 1763
d POST_LOWER_DETECTED_UNSAT 0
d PREENCODE_INT_VARS 155
d ENCODE_EXTERNAL_GE_SPECS 0
d ENCODE_RELAXED_CIRCUITS 0
d LOG_SCOP_LINEAR_PB_CONSTRAINTS 4374
d LOG_SCOP_LINEAR_PB_MIXED_DISPATCH_CONSTRAINTS 0
d LOG_SCOP_LINEAR_PB_MIXED_ATTEMPT_BDD 0
d LOG_SCOP_LINEAR_PB_MIXED_ATTEMPT_SORTER 0
d LOG_SCOP_LINEAR_PB_MIXED_ATTEMPT_DADDA 0
d LOG_SCOP_LINEAR_PB_MIXED_REJECT_BDD_BUDGET 0
d LOG_SCOP_LINEAR_PB_MIXED_REJECT_SORTER_BUDGET 0
d LOG_SCOP_LINEAR_PB_MIXED_FALLBACK_BDD_TO_SORTER 0
d LOG_SCOP_LINEAR_PB_MIXED_FALLBACK_BDD_TO_DADDA 0
d LOG_SCOP_LINEAR_PB_MIXED_FALLBACK_SORTER_TO_BDD 0
d LOG_SCOP_LINEAR_PB_MIXED_FALLBACK_SORTER_TO_DADDA 0
d LOG_SCOP_LINEAR_PB_BACKEND_BDD2 0
d LOG_SCOP_LINEAR_PB_BACKEND_BDD3 4374
d LOG_SCOP_LINEAR_PB_BACKEND_SORTER 0
d LOG_SCOP_LINEAR_PB_BACKEND_DADDA 0
d LOG_SCOP_LINEAR_PB_BDD_DECOMPOSITION_RAW 4374
d LOG_SCOP_LINEAR_PB_BDD_DECOMPOSITION_BINARY 0
d LOG_SCOP_LINEAR_PB_BDD_DECOMPOSITION_MULTIBASE 0
d DECODE_INT_ASSIGNMENTS 155
d CIRCUIT_CEGAR_FAILURES 0
d CIRCUIT_CEGAR_ROUNDS 0
d CIRCUIT_CEGAR_ADDED_CLAUSES 0
d COP_CEGAR_FAILURES 11
d COP_CEGAR_ROUNDS 23
d COP_CEGAR_ADDED_CLAUSES 6105080
d CSV /bench/competition/2022-2025/COP22to25/TankAllocation2-0400_c25.xml.lzma,sat,136,136,136,0,29937,6178553,1797120,,,,,,,1,objective_bound,0,22873,0,22873,0,42844,156,3159396,0,0,0,100000000000000000000,timeout_signal,incumbent_interrupted_by_signal
signal=15; emitted incumbent csv row
