c cmd: /host-parser-bin/kat_xcsp_4415b637_dirty_incsoftfix /bench/competition/2022-2025/COP22to25/TankAllocation2-1600_c25.xml.lzma --encoder portfolio --portfolio-strategy v3 --cop-pipeline guarded-basic --cop-objective-cut direct-expr --cop-objective-cut-timing incremental-soft --cop-objective-cut-backend cnf --table-encoding mdd-tl --cumulative-mode exact --cumulative-decomposition time-rd --progress --log-scop-linear-pb-backend auto --log-scop-bdd-decomposition auto --log-scop-aggregate-weighted-lits --order-ge-shorten-link-cost --direct-eq-ne-max-arity 2 --eq-ne-encoding direct --portfolio-log-scop-eq-ne-encoding ge-rewrite --cop-objective-phase auto --cop-objective-search binary --cop-objective-search-fallback-budget 180
c version: kat-cli=0.1.0 git=unknown-clean
c run_start_local: 2026-06-17 07:39:21 +0900
c 00h00m00s | solve:start
c 00h00m00s | stage:objective-cut timing=incremental-soft backend=cnf form=direct-expr
c 00h00m00s | input: constraints=132
c 00h00m00s | stage:propagate:start
c 00h00m00s | stage:propagate:done ms=109 pruned=452 changed_domains=45 entailed_tables=4
c 00h00m00s | memory:rss checkpoint=after_propagate bytes=27275264 rss=26.01MiB
c 00h00m00s | stage:normalize:start
c 00h00m00s | stage:normalize:done ms=0 high_constraints=132
c 00h00m00s | stage:lower:start
c 00h00m00s | stage:lower:progress percent=10 processed=14 total=132 lowered=14 unsupported=0 ms=0
c 00h00m00s | stage:lower:progress percent=20 processed=27 total=132 lowered=27 unsupported=0 ms=0
c 00h00m00s | stage:lower:progress percent=30 processed=40 total=132 lowered=40 unsupported=0 ms=0
c 00h00m00s | stage:lower:progress percent=40 processed=53 total=132 lowered=53 unsupported=0 ms=5
c 00h00m00s | stage:lower:progress percent=50 processed=66 total=132 lowered=66 unsupported=0 ms=24
c 00h00m00s | stage:lower:progress percent=60 processed=80 total=132 lowered=80 unsupported=0 ms=24
c 00h00m00s | stage:lower:progress percent=70 processed=93 total=132 lowered=93 unsupported=0 ms=24
c 00h00m00s | stage:lower:progress percent=80 processed=106 total=132 lowered=106 unsupported=0 ms=25
c 00h00m00s | stage:lower:progress percent=90 processed=119 total=132 lowered=119 unsupported=0 ms=27
c 00h00m00s | stage:lower:progress percent=100 processed=132 total=132 lowered=132 unsupported=0 ms=29
c 00h00m00s | stage:lower:done ms=29 lowered=132 unsupported=0
c 00h00m00s | memory:rss checkpoint=after_lower bytes=27275264 rss=26.01MiB
c 00h00m00s | stage:post_lower:start
c 00h00m00s | stage:post_lower:done ms=0 rounds=0 tightened=0 removed_cls=35 removed_lits=725 unsat=false precise_hits=35 precise_rounds=1 pivot_recomputes=0 pivot_exact_attempts=0 pivot_general_attempts=0 pivot_general_rest_missing=0 pivot_general_bound_missing=0 pivot_general_no_change=0 pivot_general_tightened=0 setup_ms=0 loop_ms=0 pivot_ms=0 pivot_version_ms=0 pivot_exact_ms=0 pivot_general_ms=0 pivot_general_prepare_ms=0 pivot_general_rest_ms=0 pivot_general_derive_ms=0 apply_ms=0 sat_ms=0 precise_ms=0
c 00h00m00s | memory:rss checkpoint=after_post_lower bytes=27275264 rss=26.01MiB
c 00h00m00s | stage:lowered-shape int_vars=160 bool_vars=70 linear_atoms=2644 table_atoms=92 table_tuples=88231 table_scope=148 alldiff_atoms=0 circuit_atoms=0 product_atoms=0 logical_clauses=2727
c 00h00m00s | stage:root-lp:skip reason=disabled ms=0
c 00h00m00s | memory:rss checkpoint=before_preencode bytes=27545600 rss=26.27MiB
c 00h00m00s | stage:preencode(log-scop):start
c 00h00m00s | stage:preencode(log-scop):done ms=0 int_vars=160
c 00h00m00s | memory:rss checkpoint=after_preencode bytes=27545600 rss=26.27MiB
c 00h00m00s | memory:rss checkpoint=before_encode bytes=27545600 rss=26.27MiB
c 00h00m00s | stage:encode(log-scop):start
c 00h00m00s | memory:rss checkpoint=encode_clause_sample stage=log-scop clauses=19732 bytes=28086272 rss=26.79MiB progress_percent=10 processed=277 total=2762
c 00h00m00s | stage:encode(log-scop):progress percent=10 processed=277 total=2762 sat_clauses=19732 ms=8
c 00h00m00s | memory:rss checkpoint=encode_clause_sample stage=log-scop clauses=27157 bytes=28086272 rss=26.79MiB progress_percent=20 processed=553 total=2762
c 00h00m00s | stage:encode(log-scop):progress percent=20 processed=553 total=2762 sat_clauses=27157 ms=9
c 00h00m00s | memory:rss checkpoint=encode_clause_sample stage=log-scop clauses=33425 bytes=28086272 rss=26.79MiB progress_percent=30 processed=829 total=2762
c 00h00m00s | stage:encode(log-scop):progress percent=30 processed=829 total=2762 sat_clauses=33425 ms=10
c 00h00m00s | memory:rss checkpoint=encode_clause_sample stage=log-scop clauses=63892 bytes=28360704 rss=27.05MiB progress_percent=40 processed=1105 total=2762
c 00h00m00s | stage:encode(log-scop):progress percent=40 processed=1105 total=2762 sat_clauses=63892 ms=674
c 00h00m00s | memory:rss checkpoint=encode_clause_sample stage=log-scop clauses=69669 bytes=30007296 rss=28.62MiB progress_percent=50 processed=1381 total=2762
c 00h00m00s | stage:encode(log-scop):progress percent=50 processed=1381 total=2762 sat_clauses=69669 ms=692
c 00h00m00s | memory:rss checkpoint=encode_clause_sample stage=log-scop clauses=75642 bytes=30007296 rss=28.62MiB progress_percent=60 processed=1658 total=2762
c 00h00m00s | stage:encode(log-scop):progress percent=60 processed=1658 total=2762 sat_clauses=75642 ms=693
c 00h00m00s | memory:rss checkpoint=encode_clause_sample stage=log-scop clauses=81293 bytes=30007296 rss=28.62MiB progress_percent=70 processed=1934 total=2762
c 00h00m00s | stage:encode(log-scop):progress percent=70 processed=1934 total=2762 sat_clauses=81293 ms=694
c 00h00m00s | memory:rss checkpoint=encode_clause_sample stage=log-scop clauses=86421 bytes=30007296 rss=28.62MiB progress_percent=80 processed=2210 total=2762
c 00h00m00s | stage:encode(log-scop):progress percent=80 processed=2210 total=2762 sat_clauses=86421 ms=695
c 00h00m00s | memory:rss checkpoint=encode_clause_sample stage=log-scop clauses=92321 bytes=30056448 rss=28.66MiB progress_percent=90 processed=2486 total=2762
c 00h00m00s | stage:encode(log-scop):progress percent=90 processed=2486 total=2762 sat_clauses=92321 ms=697
c 00h00m00s | memory:rss checkpoint=encode_clause_sample stage=log-scop clauses=96588 bytes=30056448 rss=28.66MiB progress_percent=100 processed=2762 total=2762
c 00h00m00s | stage:encode(log-scop):progress percent=100 processed=2762 total=2762 sat_clauses=96588 ms=698
c 00h00m00s | stage:encode(log-scop):done ms=709 sat_vars=32495 sat_clauses=96588 ext_ge_specs=0 relaxed_circuits=0 log_scop_pb_constraints=4474 log_scop_pb_mixed=0 log_scop_pb_bdd2=4474 log_scop_pb_bdd3=0 log_scop_pb_sorter=0 log_scop_pb_dadda=0 log_scop_bdd_raw=4474 log_scop_bdd_binary=0 log_scop_bdd_multibase=0
c 00h00m00s | stage:post-encode(log-scop):start sat_vars=32495 sat_clauses=96588 has_relaxations=false external_tables=0
c 00h00m00s | stage:post-encode(log-scop):after-finish-check ms=0
c 00h00m00s | stage:post-encode(log-scop):decode-layout-ready int_symbols=160 ms=0
c 00h00m00s | stage:post-encode(log-scop):cumulative-external-ready has_prop=false ms=0
c 00h00m00s | stage:post-encode(log-scop):log-scop-external-ready has_prop=false ms=0
c 00h00m00s | stage:post-encode(log-scop):external-prop-connected has_prop=false ms=0
c 00h00m00s | stage:post-encode(log-scop):done sat_vars=32495 sat_clauses=96588 ms=0
c 00h00m00s | stage:post-encode(log-scop):reusable-ready mode=SoftCnf sat_vars=32495
c 00h00m00s | stage:objective-external-ge-template(log-scop):start cut=DirectExpr wants_ext_ge=false
c 00h00m00s | stage:objective-external-ge-template(log-scop):done has_template=false ms=0
c 00h00m00s | stage:objective-mode(log-scop):resolved mode=SoftCnf wants_ext_ge=false has_ext_ge_template=false
c 00h00m00s | stage:objective-cut-surface(log-scop):skip mode=SoftCnf cut=DirectExpr has_ext_ge_template=false
c 00h00m00s | stage:objective-cut timing=incremental-soft backend=cnf form=direct-expr
c 00h00m00s | stage:objective-encoder(log-scop):ready mode=SoftCnf soft=true sat_vars=32495
c 00h00m00s | stage:objective-loop:enter encoder=log-scop mode=SoftCnf lower=0 upper=8577 has_incumbent=false soft_active=true
c 00h00m00s | stage:sat:round-entry encoder=log-scop assumptions=0 phase_lits=0 sat_vars=32495 base_clauses=96588
c 00h00m00s | stage:sat:init solver=CaDiCaL vars=32495 clauses=96588
c 00h00m00s | stage:sat:solve:start assumptions=0 phase_lits=0
c 00h00m01s | stage:sat:solve:done ms=912 result=Sat assumptions=0 phase_lits=0
c 00h00m01s | stage:decode:start
c 00h00m01s | stage:decode:done int_assignments=160
c 00h00m01s | result:Sat
c 00h00m01s | objective:incumbent kind=initial value=0 rounds=1 improvements=0
o 0
c 00h00m01s | stage:objective-loop:enter encoder=log-scop mode=SoftCnf lower=0 upper=8577 has_incumbent=true soft_active=true
c objective-cut:rss-guard enabled=false
c 00h00m01s | stage:objective-cut:soft-install bound=4289 guard=74025 clauses_added=79502
c 00h00m01s | stage:objective-cut:soft-probe search=binary [LB,UB] = [1,8577] next 4289 source=install guard=74025
c 00h00m01s | stage:sat:round-entry encoder=log-scop assumptions=1 phase_lits=0 sat_vars=74025 base_clauses=176090
c 00h00m01s | stage:sat:init solver=CaDiCaL vars=74025 clauses=176090
c 00h00m01s | stage:sat:solve:start assumptions=1 phase_lits=0
c 00h03m01s | stage:sat:solve:done ms=180005 result=Unknown assumptions=1 phase_lits=0
c 00h03m01s | result:unknown reason=sat_solver_returned_unknown
c 00h03m01s | result:Unknown
c 00h03m01s | stage:objective-cut:soft-fallback search=binary reason=budget-exhausted budget_s=180 mode=step incumbent=0 [LB,UB]=[1,8577]
c 00h03m01s | stage:objective-loop:enter encoder=log-scop mode=SoftCnf lower=0 upper=8577 has_incumbent=true soft_active=true
c objective-cut:rss-guard enabled=false
c 00h03m01s | stage:objective-cut:soft-install bound=1 guard=77186 clauses_added=6126
c 00h03m01s | stage:objective-cut:soft-probe search=step [LB,UB] = [1,8577] next 1 source=install guard=77186
c 00h03m01s | stage:sat:round-entry encoder=log-scop assumptions=1 phase_lits=0 sat_vars=77186 base_clauses=182216
c 00h03m01s | stage:sat:init solver=CaDiCaL vars=77186 clauses=182216
c 00h03m01s | stage:sat:solve:start assumptions=1 phase_lits=0
c 00h03m04s | stage:sat:solve:done ms=2512 result=Sat assumptions=1 phase_lits=0
c 00h03m04s | stage:decode:start
c 00h03m04s | stage:decode:done int_assignments=160
c 00h03m04s | result:Sat
c 00h03m04s | objective:incumbent kind=improvement value=282 rounds=2 improvements=1
o 282
c 00h03m04s | stage:objective-cut:soft-result search=step bound=1 result=sat guard=77186 hard=guard [LB,UB] = [283,8577]
c 00h03m04s | stage:objective-loop:enter encoder=log-scop mode=SoftCnf lower=0 upper=8577 has_incumbent=true soft_active=true
c objective-cut:rss-guard enabled=false
c 00h03m04s | stage:objective-cut:soft-install bound=283 guard=80774 clauses_added=6585
c 00h03m04s | stage:objective-cut:soft-probe search=step [LB,UB] = [283,8577] next 283 source=install guard=80774
c 00h03m04s | stage:sat:round-entry encoder=log-scop assumptions=1 phase_lits=0 sat_vars=80774 base_clauses=188802
c 00h03m04s | stage:sat:init solver=CaDiCaL vars=80774 clauses=188802
c 00h03m04s | stage:sat:solve:start assumptions=1 phase_lits=0
c 00h03m04s | stage:sat:solve:done ms=342 result=Sat assumptions=1 phase_lits=0
c 00h03m04s | stage:decode:start
c 00h03m04s | stage:decode:done int_assignments=160
c 00h03m04s | result:Sat
c 00h03m04s | objective:incumbent kind=improvement value=294 rounds=3 improvements=2
o 294
c 00h03m04s | stage:objective-cut:soft-result search=step bound=283 result=sat guard=80774 hard=guard [LB,UB] = [295,8577]
c 00h03m04s | stage:objective-loop:enter encoder=log-scop mode=SoftCnf lower=0 upper=8577 has_incumbent=true soft_active=true
c objective-cut:rss-guard enabled=false
c 00h03m04s | stage:objective-cut:soft-install bound=295 guard=84429 clauses_added=6654
c 00h03m04s | stage:objective-cut:soft-probe search=step [LB,UB] = [295,8577] next 295 source=install guard=84429
c 00h03m04s | stage:sat:round-entry encoder=log-scop assumptions=1 phase_lits=0 sat_vars=84429 base_clauses=195457
c 00h03m04s | stage:sat:init solver=CaDiCaL vars=84429 clauses=195457
c 00h03m04s | stage:sat:solve:start assumptions=1 phase_lits=0
c 00h03m04s | stage:sat:solve:done ms=274 result=Sat assumptions=1 phase_lits=0
c 00h03m04s | stage:decode:start
c 00h03m04s | stage:decode:done int_assignments=160
c 00h03m04s | result:Sat
c 00h03m04s | objective:incumbent kind=improvement value=427 rounds=4 improvements=3
o 427
c 00h03m04s | stage:objective-cut:soft-result search=step bound=295 result=sat guard=84429 hard=guard [LB,UB] = [428,8577]
c 00h03m04s | stage:objective-loop:enter encoder=log-scop mode=SoftCnf lower=0 upper=8577 has_incumbent=true soft_active=true
c objective-cut:rss-guard enabled=false
c 00h03m04s | stage:objective-cut:soft-install bound=428 guard=88091 clauses_added=6676
c 00h03m04s | stage:objective-cut:soft-probe search=step [LB,UB] = [428,8577] next 428 source=install guard=88091
c 00h03m04s | stage:sat:round-entry encoder=log-scop assumptions=1 phase_lits=0 sat_vars=88091 base_clauses=202134
c 00h03m04s | stage:sat:init solver=CaDiCaL vars=88091 clauses=202134
c 00h03m04s | stage:sat:solve:start assumptions=1 phase_lits=0
c 00h03m10s | stage:sat:solve:done ms=5371 result=Sat assumptions=1 phase_lits=0
c 00h03m10s | stage:decode:start
c 00h03m10s | stage:decode:done int_assignments=160
c 00h03m10s | result:Sat
c 00h03m10s | objective:incumbent kind=improvement value=476 rounds=5 improvements=4
o 476
c 00h03m10s | stage:objective-cut:soft-result search=step bound=428 result=sat guard=88091 hard=guard [LB,UB] = [477,8577]
c 00h03m10s | stage:objective-loop:enter encoder=log-scop mode=SoftCnf lower=0 upper=8577 has_incumbent=true soft_active=true
c objective-cut:rss-guard enabled=false
c 00h03m10s | stage:objective-cut:soft-install bound=477 guard=92047 clauses_added=7117
c 00h03m10s | stage:objective-cut:soft-probe search=step [LB,UB] = [477,8577] next 477 source=install guard=92047
c 00h03m10s | stage:sat:round-entry encoder=log-scop assumptions=1 phase_lits=0 sat_vars=92047 base_clauses=209252
c 00h03m10s | stage:sat:init solver=CaDiCaL vars=92047 clauses=209252
c 00h03m10s | stage:sat:solve:start assumptions=1 phase_lits=0
c 00h03m14s | stage:sat:solve:done ms=3808 result=Sat assumptions=1 phase_lits=0
c 00h03m14s | stage:decode:start
c 00h03m14s | stage:decode:done int_assignments=160
c 00h03m14s | result:Sat
c 00h03m14s | objective:incumbent kind=improvement value=493 rounds=6 improvements=5
o 493
c 00h03m14s | stage:objective-cut:soft-result search=step bound=477 result=sat guard=92047 hard=guard [LB,UB] = [494,8577]
c 00h03m14s | stage:objective-loop:enter encoder=log-scop mode=SoftCnf lower=0 upper=8577 has_incumbent=true soft_active=true
c objective-cut:rss-guard enabled=false
c 00h03m14s | stage:objective-cut:soft-install bound=494 guard=96244 clauses_added=7428
c 00h03m14s | stage:objective-cut:soft-probe search=step [LB,UB] = [494,8577] next 494 source=install guard=96244
c 00h03m14s | stage:sat:round-entry encoder=log-scop assumptions=1 phase_lits=0 sat_vars=96244 base_clauses=216681
c 00h03m14s | stage:sat:init solver=CaDiCaL vars=96244 clauses=216681
c 00h03m14s | stage:sat:solve:start assumptions=1 phase_lits=0
c 00h03m25s | stage:sat:solve:done ms=11632 result=Sat assumptions=1 phase_lits=0
c 00h03m25s | stage:decode:start
c 00h03m25s | stage:decode:done int_assignments=160
c 00h03m25s | result:Sat
c 00h03m25s | objective:incumbent kind=improvement value=720 rounds=7 improvements=6
o 720
c 00h03m25s | stage:objective-cut:soft-result search=step bound=494 result=sat guard=96244 hard=guard [LB,UB] = [721,8577]
c 00h03m25s | stage:objective-loop:enter encoder=log-scop mode=SoftCnf lower=0 upper=8577 has_incumbent=true soft_active=true
c objective-cut:rss-guard enabled=false
c 00h03m25s | stage:objective-cut:soft-install bound=721 guard=102372 clauses_added=10098
c 00h03m25s | stage:objective-cut:soft-probe search=step [LB,UB] = [721,8577] next 721 source=install guard=102372
c 00h03m25s | stage:sat:round-entry encoder=log-scop assumptions=1 phase_lits=0 sat_vars=102372 base_clauses=226780
c 00h03m25s | stage:sat:init solver=CaDiCaL vars=102372 clauses=226780
c 00h03m25s | stage:sat:solve:start assumptions=1 phase_lits=0
c 00h04m38s | stage:sat:solve:done ms=72451 result=Sat assumptions=1 phase_lits=0
c 00h04m38s | stage:decode:start
c 00h04m38s | stage:decode:done int_assignments=160
c 00h04m38s | result:Sat
c 00h04m38s | objective:incumbent kind=improvement value=757 rounds=8 improvements=7
o 757
c 00h04m38s | stage:objective-cut:soft-result search=step bound=721 result=sat guard=102372 hard=guard [LB,UB] = [758,8577]
c 00h04m38s | stage:objective-loop:enter encoder=log-scop mode=SoftCnf lower=0 upper=8577 has_incumbent=true soft_active=true
c objective-cut:rss-guard enabled=false
c 00h04m38s | stage:objective-cut:soft-install bound=758 guard=109059 clauses_added=11189
c 00h04m38s | stage:objective-cut:soft-probe search=step [LB,UB] = [758,8577] next 758 source=install guard=109059
c 00h04m38s | stage:sat:round-entry encoder=log-scop assumptions=1 phase_lits=0 sat_vars=109059 base_clauses=237970
c 00h04m38s | stage:sat:init solver=CaDiCaL vars=109059 clauses=237970
c 00h04m38s | stage:sat:solve:start assumptions=1 phase_lits=0
c 00h13m07s | stage:sat:solve:done ms=509287 result=Sat assumptions=1 phase_lits=0
c 00h13m07s | stage:decode:start
c 00h13m07s | stage:decode:done int_assignments=160
c 00h13m07s | result:Sat
c 00h13m07s | objective:incumbent kind=improvement value=764 rounds=9 improvements=8
o 764
c 00h13m07s | stage:objective-cut:soft-result search=step bound=758 result=sat guard=109059 hard=guard [LB,UB] = [765,8577]
c 00h13m07s | stage:objective-loop:enter encoder=log-scop mode=SoftCnf lower=0 upper=8577 has_incumbent=true soft_active=true
c objective-cut:rss-guard enabled=false
c 00h13m07s | stage:objective-cut:soft-install bound=765 guard=115872 clauses_added=11420
c 00h13m07s | stage:objective-cut:soft-probe search=step [LB,UB] = [765,8577] next 765 source=install guard=115872
c 00h13m07s | stage:sat:round-entry encoder=log-scop assumptions=1 phase_lits=0 sat_vars=115872 base_clauses=249391
c 00h13m07s | stage:sat:init solver=CaDiCaL vars=115872 clauses=249391
c 00h13m07s | stage:sat:solve:start assumptions=1 phase_lits=0
c 00h27m00s | stage:sat:solve:done ms=833333 result=Sat assumptions=1 phase_lits=0
c 00h27m00s | stage:decode:start
c 00h27m00s | stage:decode:done int_assignments=160
c 00h27m00s | result:Sat
c 00h27m00s | objective:incumbent kind=improvement value=765 rounds=10 improvements=9
o 765
c 00h27m00s | stage:objective-cut:soft-result search=step bound=765 result=sat guard=115872 hard=guard [LB,UB] = [766,8577]
c 00h27m00s | stage:objective-loop:enter encoder=log-scop mode=SoftCnf lower=0 upper=8577 has_incumbent=true soft_active=true
c objective-cut:rss-guard enabled=false
c 00h27m00s | stage:objective-cut:soft-install bound=766 guard=122706 clauses_added=11454
c 00h27m00s | stage:objective-cut:soft-probe search=step [LB,UB] = [766,8577] next 766 source=install guard=122706
c 00h27m00s | stage:sat:round-entry encoder=log-scop assumptions=1 phase_lits=0 sat_vars=122706 base_clauses=260846
c 00h27m00s | stage:sat:init solver=CaDiCaL vars=122706 clauses=260846
c 00h27m00s | stage:sat:solve:start assumptions=1 phase_lits=0
s SATISFIABLE
o 765
v <instantiation>
v   <list> x[0][0] x[0][1] x[0][2] x[0][3] x[0][4] x[1][0] x[1][1] x[1][2] x[1][3] x[1][4] x[2][0] x[2][1] x[2][2] x[2][3] x[2][4] x[3][0] x[3][1] x[3][2] x[3][3] x[3][4] x[4][0] x[4][1] x[4][2] x[4][3] x[4][4] x[5][0] x[5][1] x[5][2] x[5][3] x[5][4] x[6][0] x[6][1] x[6][2] x[6][3] x[6][4] x[7][0] x[7][1] x[7][2] x[7][3] x[7][4] x[8][0] x[8][1] x[8][2] x[8][3] x[8][4] x[9][0] x[9][1] x[9][2] x[9][3] x[9][4] x[10][0] x[10][1] x[10][2] x[10][3] x[10][4] x[11][0] x[11][1] x[11][2] x[11][3] x[11][4] x[12][0] x[12][1] x[12][2] x[12][3] x[12][4] x[13][0] x[13][1] x[13][2] x[13][3] x[13][4] x[14][0] x[14][1] x[14][2] x[14][3] x[14][4] x[15][0] x[15][1] x[15][2] x[15][3] x[15][4] x[16][0] x[16][1] x[16][2] x[16][3] x[16][4] x[17][0] x[17][1] x[17][2] x[17][3] x[17][4] x[18][0] x[18][1] x[18][2] x[18][3] x[18][4] x[19][0] x[19][1] x[19][2] x[19][3] x[19][4] x[20][0] x[20][1] x[20][2] x[20][3] x[20][4] x[21][0] x[21][1] x[21][2] x[21][3] x[21][4] x[22][0] x[22][1] x[22][2] x[22][3] x[22][4] x[23][0] x[23][1] x[23][2] x[23][3] x[23][4] x[24][0] x[24][1] x[24][2] x[24][3] x[24][4] y[0] y[1] y[2] y[3] y[4] y[5] y[6] y[7] y[8] y[9] y[10] y[11] y[12] y[13] y[14] y[15] y[16] y[17] y[18] y[19] y[20] y[21] y[22] y[23] y[24] y[25] y[26] y[27] y[28] y[29] y[30] y[31] y[32] y[33] y[34] </list>
v   <values> -1 -1 -1 -1 -1 -1 -1 -1 -1 -1 28 -1 -1 -1 -1 3 -1 -1 -1 -1 2 -1 -1 -1 -1 7 22 -1 -1 -1 16 -1 -1 -1 -1 32 -1 -1 -1 -1 30 -1 -1 -1 -1 -1 -1 -1 -1 -1 8 26 -1 -1 -1 6 -1 -1 -1 -1 0 9 14 31 -1 19 -1 -1 -1 -1 20 23 -1 -1 -1 -1 -1 -1 -1 -1 33 -1 -1 -1 -1 18 4 1 -1 -1 11 -1 -1 -1 -1 17 -1 -1 -1 -1 24 12 -1 -1 -1 21 13 -1 -1 -1 34 10 -1 -1 -1 -1 -1 -1 -1 -1 15 25 -1 -1 -1 1 1 1 1 1 0 1 1 1 1 1 1 1 1 1 1 1 1 1 1 1 1 1 1 1 1 1 0 1 0 1 1 1 1 1 </values>
v </instantiation>
d OBJECTIVE_VALUE 765
d OPTIMAL 0
d OBJECTIVE_ROUNDS 10
d OBJECTIVE_IMPROVEMENTS 9
d COP_INCUMBENT_ELAPSED_MS 1620980
d SOLVE_ELAPSED_MS 1799884
d CURRENT_STAGE sat
d CURRENT_STAGE_ELAPSED_MS 178895
d LAST_COMPLETED_STAGE decode
d STAGE_PARSE_STATUS pending
d STAGE_PROPAGATE_STATUS done
d STAGE_NORMALIZE_STATUS done
d STAGE_LOWER_STATUS done
d STAGE_POST_LOWER_STATUS done
d STAGE_PREENCODE_STATUS done
d STAGE_ENCODE_STATUS done
d STAGE_SAT_STATUS running
d STAGE_DECODE_STATUS done
d STAGE_RELAXATION_STATUS pending
d STAGE_DUMP_CNF_STATUS pending
d SOURCE_CONSTRAINTS 132
d NORMALIZED_CONSTRAINTS 132
d LOWERED_CONSTRAINTS 132
d UNSUPPORTED_CONSTRAINTS 0
d SAT_VARS 32495
d SAT_CLAUSES_BASE 96588
d SAT_CLAUSES_FINAL 96588
d SAT_CLAUSES_CEGAR_DELTA 0
d MEMORY_RSS_BYTES 30056448
d MEMORY_RSS_AFTER_PROPAGATE_BYTES 27275264
d MEMORY_RSS_AFTER_LOWER_BYTES 27275264
d MEMORY_RSS_AFTER_POST_LOWER_BYTES 27275264
d MEMORY_RSS_BEFORE_PREENCODE_BYTES 27545600
d MEMORY_RSS_AFTER_PREENCODE_BYTES 27545600
d MEMORY_RSS_BEFORE_ENCODE_BYTES 27545600
d MEMORY_RSS_ENCODE_SAMPLE_INTERVAL_CLAUSES 1000000
d MEMORY_RSS_ENCODE_SAMPLE_COUNT 10
d MEMORY_RSS_ENCODE_LAST_SAMPLE_CLAUSE 96588
d MEMORY_RSS_ENCODE_LAST_SAMPLE_BYTES 30056448
d MEMORY_RSS_ENCODE_MAX_SAMPLE_BYTES 30056448
d CSP_INT_VARS 160
d CSP_CONSTRAINTS 132
d CSP_INTENTIONAL 35
d CSP_GLOBAL 1
d CSP_EXTENSIONAL 96
d CSP_ALLDIFF 1
d CSP_CUMULATIVE 0
d CSP_TABLE 96
d CSP_DOMAIN_SPAN_MEDIAN 35
d CSP_DOMAIN_SPAN_MAX 35
d N_CUMULATIVE 0
d N_TABLE 96
d SAT_CONFLICTS 10642024
d LINEAR_INT_EQ_ARITY_STATS {"1":{"count":1619,"max_domain_product_excluding_one_var":"1","p95_domain_product_excluding_one_var":"1"}}
d LINEAR_INT_NE_ARITY_STATS {"2":{"count":990,"max_domain_product_excluding_one_var":"29","p95_domain_product_excluding_one_var":"28"}}
d LINEAR_INT_GE_ARITY_STATS {}
d LINEAR_BOOL_MIXED_ARITY_STATS {"2":{"count":35,"max_domain_product_excluding_one_var":"2","p95_domain_product_excluding_one_var":"2"}}
d ROOT_LP_ENTERED 0
d ROOT_LP_STATUS skipped
d ROOT_LP_MS 0
d ROOT_LP_REASON root_lp_disabled
d OBJECTIVE_CUT_TIMING incremental-soft
d OBJECTIVE_CUT_BACKEND cnf
d OBJECTIVE_CUT_FORM direct-expr
d PROPAGATE_PRUNED_VALUES 452
d PROPAGATE_CHANGED_DOMAINS 45
d PROPAGATE_ENTAILED_TABLES 4
d POST_LOWER_ROUNDS 0
d POST_LOWER_TIGHTENED_DOMAINS 0
d POST_LOWER_REMOVED_CLAUSES 35
d POST_LOWER_REMOVED_LITS 725
d POST_LOWER_DETECTED_UNSAT 0
d PREENCODE_INT_VARS 160
d ENCODE_EXTERNAL_GE_SPECS 0
d ENCODE_RELAXED_CIRCUITS 0
d LOG_SCOP_LINEAR_PB_CONSTRAINTS 4474
d LOG_SCOP_LINEAR_PB_MIXED_DISPATCH_CONSTRAINTS 0
d LOG_SCOP_LINEAR_PB_MIXED_ATTEMPT_BDD 0
d LOG_SCOP_LINEAR_PB_MIXED_ATTEMPT_SORTER 0
d LOG_SCOP_LINEAR_PB_MIXED_ATTEMPT_DADDA 0
d LOG_SCOP_LINEAR_PB_MIXED_REJECT_BDD_BUDGET 0
d LOG_SCOP_LINEAR_PB_MIXED_REJECT_SORTER_BUDGET 0
d LOG_SCOP_LINEAR_PB_MIXED_FALLBACK_BDD_TO_SORTER 0
d LOG_SCOP_LINEAR_PB_MIXED_FALLBACK_BDD_TO_DADDA 0
d LOG_SCOP_LINEAR_PB_MIXED_FALLBACK_SORTER_TO_BDD 0
d LOG_SCOP_LINEAR_PB_MIXED_FALLBACK_SORTER_TO_DADDA 0
d LOG_SCOP_LINEAR_PB_BACKEND_BDD2 4474
d LOG_SCOP_LINEAR_PB_BACKEND_BDD3 0
d LOG_SCOP_LINEAR_PB_BACKEND_SORTER 0
d LOG_SCOP_LINEAR_PB_BACKEND_DADDA 0
d LOG_SCOP_LINEAR_PB_BDD_DECOMPOSITION_RAW 4474
d LOG_SCOP_LINEAR_PB_BDD_DECOMPOSITION_BINARY 0
d LOG_SCOP_LINEAR_PB_BDD_DECOMPOSITION_MULTIBASE 0
d MEMORY_RSS_BYTES 30056448
d MEMORY_RSS_AFTER_PROPAGATE_BYTES 27275264
d MEMORY_RSS_AFTER_LOWER_BYTES 27275264
d MEMORY_RSS_AFTER_POST_LOWER_BYTES 27275264
d MEMORY_RSS_BEFORE_PREENCODE_BYTES 27545600
d MEMORY_RSS_AFTER_PREENCODE_BYTES 27545600
d MEMORY_RSS_BEFORE_ENCODE_BYTES 27545600
d MEMORY_RSS_ENCODE_SAMPLE_INTERVAL_CLAUSES 1000000
d MEMORY_RSS_ENCODE_SAMPLE_COUNT 10
d MEMORY_RSS_ENCODE_LAST_SAMPLE_CLAUSE 96588
d MEMORY_RSS_ENCODE_LAST_SAMPLE_BYTES 30056448
d MEMORY_RSS_ENCODE_MAX_SAMPLE_BYTES 30056448
d DECODE_INT_ASSIGNMENTS 160
d CIRCUIT_CEGAR_FAILURES 0
d CIRCUIT_CEGAR_ROUNDS 0
d CIRCUIT_CEGAR_ADDED_CLAUSES 0
d CUMULATIVE_CEGAR_FAILURES 0
d CUMULATIVE_CEGAR_ROUNDS 0
d CUMULATIVE_CEGAR_ADDED_CLAUSES 0
d COP_CEGAR_FAILURES 0
d COP_CEGAR_ROUNDS 0
d COP_CEGAR_ADDED_CLAUSES 0
d CSV /bench/competition/2022-2025/COP22to25/TankAllocation2-1600_c25.xml.lzma,sat,132,132,132,0,32495,96588,1799884,,,,,,,0,skipped,,,,,,0,,,,,,,timeout_signal,incumbent_interrupted_by_signal
signal=15; emitted incumbent csv row
c run_end_local: 2026-06-17 08:09:21 +0900
