# WCTIME: wall clock time in seconds
WCTIME=22.3129
# CPUTIME: CPU time in seconds (USERTIME+SYSTEMTIME)
CPUTIME=22.2024
# USERTIME: CPU time spent in user mode in seconds
USERTIME=21.7737
# SYSTEMTIME: CPU time spent in system mode in seconds
SYSTEMTIME=0.428745
# CPUUSAGE: CPUTIME/WCTIME in percent
CPUUSAGE=99.5047
# MAXVM: maximum virtual memory used in KiB
MAXVM=855752
# MAXMM: maximum memory used in KiB
MAXMM=604808
# MAXRSS: maximum Resident Segment Size in KiB
MAXRSS=623944
# TIMEOUT: did the solver exceed the time limit?
TIMEOUT=false
# MEMOUT: did the solver exceed the memory limit?
MEMOUT=false
# EXITSTATUS: Exit status of the solver
EXITSTATUS=0
