# WCTIME: wall clock time in seconds
WCTIME=1800.13
# CPUTIME: CPU time in seconds (USERTIME+SYSTEMTIME)
CPUTIME=1764.73
# USERTIME: CPU time spent in user mode in seconds
USERTIME=1762.72
# SYSTEMTIME: CPU time spent in system mode in seconds
SYSTEMTIME=2.0081
# CPUUSAGE: CPUTIME/WCTIME in percent
CPUUSAGE=98.0337
# MAXVM: maximum virtual memory used in KiB
MAXVM=808548
# MAXMM: maximum memory used in KiB
MAXMM=642920
# MAXRSS: maximum Resident Segment Size in KiB
MAXRSS=643644
# TIMEOUT: did the solver exceed the time limit?
TIMEOUT=true
# MEMOUT: did the solver exceed the memory limit?
MEMOUT=false
# EXITSTATUS: Exit status of the solver
EXITSTATUS=36608
