# WCTIME: wall clock time in seconds
WCTIME=1800.01
# CPUTIME: CPU time in seconds (USERTIME+SYSTEMTIME)
CPUTIME=1792.13
# USERTIME: CPU time spent in user mode in seconds
USERTIME=1791.65
# SYSTEMTIME: CPU time spent in system mode in seconds
SYSTEMTIME=0.480616
# CPUUSAGE: CPUTIME/WCTIME in percent
CPUUSAGE=99.5625
# MAXVM: maximum virtual memory used in KiB
MAXVM=327956
# MAXMM: maximum memory used in KiB
MAXMM=157416
# MAXRSS: maximum Resident Segment Size in KiB
MAXRSS=173060
# TIMEOUT: did the solver exceed the time limit?
TIMEOUT=true
# MEMOUT: did the solver exceed the memory limit?
MEMOUT=false
# EXITSTATUS: Exit status of the solver
EXITSTATUS=15
