  * Generating the file /tmp/tmpnwxx0_47.xml completed in [92m84.64[0m seconds.
Parsing XCSP3 file: /tmp/tmpnwxx0_47.xml

  [93mWarning: [0mAuto-adjustment of array indexing from a slice slice(None, 5, None)
	   Other possible similar cases are not displayed

Set sum minimization objective
Now the file is parsed, starting solving with ortools...
Starting OR-Tools solver...
o 458005904.0
o 457985691.0
o 457985690.0
o 457965469.0
o 457945249.0
o 457945246.0
o 457945238.0
o 457925028.0
o 457884599.0
o 457884597.0
o 457884587.0
o 457884586.0
o 457864360.0
o 457864358.0
o 457823937.0
o 457783513.0
o 457783505.0
