# WCTIME: wall clock time in seconds
WCTIME=1800.14
# CPUTIME: CPU time in seconds (USERTIME+SYSTEMTIME)
CPUTIME=1790.19
# USERTIME: CPU time spent in user mode in seconds
USERTIME=1787.06
# SYSTEMTIME: CPU time spent in system mode in seconds
SYSTEMTIME=3.12816
# CPUUSAGE: CPUTIME/WCTIME in percent
CPUUSAGE=99.4472
# MAXVM: maximum virtual memory used in KiB
MAXVM=721516
# MAXMM: maximum memory used in KiB
MAXMM=493304
# MAXRSS: maximum Resident Segment Size in KiB
MAXRSS=510096
# TIMEOUT: did the solver exceed the time limit?
TIMEOUT=true
# MEMOUT: did the solver exceed the memory limit?
MEMOUT=false
# EXITSTATUS: Exit status of the solver
EXITSTATUS=36608
