# WCTIME: wall clock time in seconds
WCTIME=792.127
# CPUTIME: CPU time in seconds (USERTIME+SYSTEMTIME)
CPUTIME=786.38
# USERTIME: CPU time spent in user mode in seconds
USERTIME=695.869
# SYSTEMTIME: CPU time spent in system mode in seconds
SYSTEMTIME=90.5111
# CPUUSAGE: CPUTIME/WCTIME in percent
CPUUSAGE=99.2744
# MAXVM: maximum virtual memory used in KiB
MAXVM=144012636
# MAXMM: maximum memory used in KiB
MAXMM=124542508
# MAXRSS: maximum Resident Segment Size in KiB
MAXRSS=124600892
# TIMEOUT: did the solver exceed the time limit?
TIMEOUT=false
# MEMOUT: did the solver exceed the memory limit?
MEMOUT=false
# EXITSTATUS: Exit status of the solver
EXITSTATUS=35072
