# WCTIME: wall clock time in seconds
WCTIME=1800.16
# CPUTIME: CPU time in seconds (USERTIME+SYSTEMTIME)
CPUTIME=1787.28
# USERTIME: CPU time spent in user mode in seconds
USERTIME=1782.69
# SYSTEMTIME: CPU time spent in system mode in seconds
SYSTEMTIME=4.5823
# CPUUSAGE: CPUTIME/WCTIME in percent
CPUUSAGE=99.2844
# MAXVM: maximum virtual memory used in KiB
MAXVM=3253376
# MAXMM: maximum memory used in KiB
MAXMM=2471128
# MAXRSS: maximum Resident Segment Size in KiB
MAXRSS=2468016
# TIMEOUT: did the solver exceed the time limit?
TIMEOUT=true
# MEMOUT: did the solver exceed the memory limit?
MEMOUT=false
# EXITSTATUS: Exit status of the solver
EXITSTATUS=36608
