# WCTIME: wall clock time in seconds
WCTIME=0.295366
# CPUTIME: CPU time in seconds (USERTIME+SYSTEMTIME)
CPUTIME=0.269674
# USERTIME: CPU time spent in user mode in seconds
USERTIME=0.236563
# SYSTEMTIME: CPU time spent in system mode in seconds
SYSTEMTIME=0.033111
# CPUUSAGE: CPUTIME/WCTIME in percent
CPUUSAGE=91.3017
# MAXVM: maximum virtual memory used in KiB
MAXVM=217684
# MAXMM: maximum memory used in KiB
MAXMM=33952
# MAXRSS: maximum Resident Segment Size in KiB
MAXRSS=38092
# TIMEOUT: did the solver exceed the time limit?
TIMEOUT=false
# MEMOUT: did the solver exceed the memory limit?
MEMOUT=false
# EXITSTATUS: Exit status of the solver
EXITSTATUS=0
