# WCTIME: wall clock time in seconds
WCTIME=1800.11
# CPUTIME: CPU time in seconds (USERTIME+SYSTEMTIME)
CPUTIME=1789.95
# USERTIME: CPU time spent in user mode in seconds
USERTIME=1782.96
# SYSTEMTIME: CPU time spent in system mode in seconds
SYSTEMTIME=6.98817
# CPUUSAGE: CPUTIME/WCTIME in percent
CPUUSAGE=99.4356
# MAXVM: maximum virtual memory used in KiB
MAXVM=3807900
# MAXMM: maximum memory used in KiB
MAXMM=3432292
# MAXRSS: maximum Resident Segment Size in KiB
MAXRSS=3495412
# TIMEOUT: did the solver exceed the time limit?
TIMEOUT=true
# MEMOUT: did the solver exceed the memory limit?
MEMOUT=false
# EXITSTATUS: Exit status of the solver
EXITSTATUS=36608
