# WCTIME: wall clock time in seconds
WCTIME=28.069
# CPUTIME: CPU time in seconds (USERTIME+SYSTEMTIME)
CPUTIME=27.8011
# USERTIME: CPU time spent in user mode in seconds
USERTIME=27.7435
# SYSTEMTIME: CPU time spent in system mode in seconds
SYSTEMTIME=0.05764
# CPUUSAGE: CPUTIME/WCTIME in percent
CPUUSAGE=99.0459
# MAXVM: maximum virtual memory used in KiB
MAXVM=216024
# MAXMM: maximum memory used in KiB
MAXMM=34700
# MAXRSS: maximum Resident Segment Size in KiB
MAXRSS=31876
# TIMEOUT: did the solver exceed the time limit?
TIMEOUT=false
# MEMOUT: did the solver exceed the memory limit?
MEMOUT=false
# EXITSTATUS: Exit status of the solver
EXITSTATUS=0
