# WCTIME: wall clock time in seconds
WCTIME=2.11899
# CPUTIME: CPU time in seconds (USERTIME+SYSTEMTIME)
CPUTIME=4.68289
# USERTIME: CPU time spent in user mode in seconds
USERTIME=4.54077
# SYSTEMTIME: CPU time spent in system mode in seconds
SYSTEMTIME=0.142119
# CPUUSAGE: CPUTIME/WCTIME in percent
CPUUSAGE=220.996
# MAXVM: maximum virtual memory used in KiB
MAXVM=1184588
# MAXMM: maximum memory used in KiB
MAXMM=116680
# MAXRSS: maximum Resident Segment Size in KiB
MAXRSS=118364
# TIMEOUT: did the solver exceed the time limit?
TIMEOUT=false
# MEMOUT: did the solver exceed the memory limit?
MEMOUT=false
# EXITSTATUS: Exit status of the solver
EXITSTATUS=0
