# WCTIME: wall clock time in seconds
WCTIME=3.49517
# CPUTIME: CPU time in seconds (USERTIME+SYSTEMTIME)
CPUTIME=3.47477
# USERTIME: CPU time spent in user mode in seconds
USERTIME=3.44815
# SYSTEMTIME: CPU time spent in system mode in seconds
SYSTEMTIME=0.026621
# CPUUSAGE: CPUTIME/WCTIME in percent
CPUUSAGE=99.4162
# MAXVM: maximum virtual memory used in KiB
MAXVM=213736
# MAXMM: maximum memory used in KiB
MAXMM=29632
# MAXRSS: maximum Resident Segment Size in KiB
MAXRSS=26664
# TIMEOUT: did the solver exceed the time limit?
TIMEOUT=false
# MEMOUT: did the solver exceed the memory limit?
MEMOUT=false
# EXITSTATUS: Exit status of the solver
EXITSTATUS=0
