# WCTIME: wall clock time in seconds
WCTIME=8.30782
# CPUTIME: CPU time in seconds (USERTIME+SYSTEMTIME)
CPUTIME=7.3709
# USERTIME: CPU time spent in user mode in seconds
USERTIME=7.32099
# SYSTEMTIME: CPU time spent in system mode in seconds
SYSTEMTIME=0.049914
# CPUUSAGE: CPUTIME/WCTIME in percent
CPUUSAGE=88.7224
# MAXVM: maximum virtual memory used in KiB
MAXVM=222836
# MAXMM: maximum memory used in KiB
MAXMM=24256
# MAXRSS: maximum Resident Segment Size in KiB
MAXRSS=21244
# TIMEOUT: did the solver exceed the time limit?
TIMEOUT=false
# MEMOUT: did the solver exceed the memory limit?
MEMOUT=false
# EXITSTATUS: Exit status of the solver
EXITSTATUS=0
