# WCTIME: wall clock time in seconds
WCTIME=1800.47
# CPUTIME: CPU time in seconds (USERTIME+SYSTEMTIME)
CPUTIME=1790.67
# USERTIME: CPU time spent in user mode in seconds
USERTIME=1716.95
# SYSTEMTIME: CPU time spent in system mode in seconds
SYSTEMTIME=73.7122
# CPUUSAGE: CPUTIME/WCTIME in percent
CPUUSAGE=99.4554
# MAXVM: maximum virtual memory used in KiB
MAXVM=34121316
# MAXMM: maximum memory used in KiB
MAXMM=31216020
# MAXRSS: maximum Resident Segment Size in KiB
MAXRSS=31212972
# TIMEOUT: did the solver exceed the time limit?
TIMEOUT=true
# MEMOUT: did the solver exceed the memory limit?
MEMOUT=false
# EXITSTATUS: Exit status of the solver
EXITSTATUS=36608
