# WCTIME: wall clock time in seconds
WCTIME=1800.11
# CPUTIME: CPU time in seconds (USERTIME+SYSTEMTIME)
CPUTIME=1795.07
# USERTIME: CPU time spent in user mode in seconds
USERTIME=1795.03
# SYSTEMTIME: CPU time spent in system mode in seconds
SYSTEMTIME=0.041795
# CPUUSAGE: CPUTIME/WCTIME in percent
CPUUSAGE=99.7202
# MAXVM: maximum virtual memory used in KiB
MAXVM=279584
# MAXMM: maximum memory used in KiB
MAXMM=77372
# MAXRSS: maximum Resident Segment Size in KiB
MAXRSS=77904
# TIMEOUT: did the solver exceed the time limit?
TIMEOUT=true
# MEMOUT: did the solver exceed the memory limit?
MEMOUT=false
# EXITSTATUS: Exit status of the solver
EXITSTATUS=15
