# WCTIME: wall clock time in seconds
WCTIME=320.896
# CPUTIME: CPU time in seconds (USERTIME+SYSTEMTIME)
CPUTIME=319.091
# USERTIME: CPU time spent in user mode in seconds
USERTIME=254.239
# SYSTEMTIME: CPU time spent in system mode in seconds
SYSTEMTIME=64.8519
# CPUUSAGE: CPUTIME/WCTIME in percent
CPUUSAGE=99.4375
# MAXVM: maximum virtual memory used in KiB
MAXVM=133600240
# MAXMM: maximum memory used in KiB
MAXMM=124579912
# MAXRSS: maximum Resident Segment Size in KiB
MAXRSS=124457464
# TIMEOUT: did the solver exceed the time limit?
TIMEOUT=false
# MEMOUT: did the solver exceed the memory limit?
MEMOUT=false
# EXITSTATUS: Exit status of the solver
EXITSTATUS=35072
