# WCTIME: wall clock time in seconds
WCTIME=3.4259
# CPUTIME: CPU time in seconds (USERTIME+SYSTEMTIME)
CPUTIME=3.37465
# USERTIME: CPU time spent in user mode in seconds
USERTIME=3.2873
# SYSTEMTIME: CPU time spent in system mode in seconds
SYSTEMTIME=0.087356
# CPUUSAGE: CPUTIME/WCTIME in percent
CPUUSAGE=98.5042
# MAXVM: maximum virtual memory used in KiB
MAXVM=254372
# MAXMM: maximum memory used in KiB
MAXMM=103332
# MAXRSS: maximum Resident Segment Size in KiB
MAXRSS=100688
# TIMEOUT: did the solver exceed the time limit?
TIMEOUT=false
# MEMOUT: did the solver exceed the memory limit?
MEMOUT=false
# EXITSTATUS: Exit status of the solver
EXITSTATUS=0
