# WCTIME: wall clock time in seconds
WCTIME=142.767
# CPUTIME: CPU time in seconds (USERTIME+SYSTEMTIME)
CPUTIME=141.842
# USERTIME: CPU time spent in user mode in seconds
USERTIME=141.635
# SYSTEMTIME: CPU time spent in system mode in seconds
SYSTEMTIME=0.207197
# CPUUSAGE: CPUTIME/WCTIME in percent
CPUUSAGE=99.3524
# MAXVM: maximum virtual memory used in KiB
MAXVM=312340
# MAXMM: maximum memory used in KiB
MAXMM=136844
# MAXRSS: maximum Resident Segment Size in KiB
MAXRSS=133896
# TIMEOUT: did the solver exceed the time limit?
TIMEOUT=false
# MEMOUT: did the solver exceed the memory limit?
MEMOUT=false
# EXITSTATUS: Exit status of the solver
EXITSTATUS=0
