# WCTIME: wall clock time in seconds
WCTIME=1800.06
# CPUTIME: CPU time in seconds (USERTIME+SYSTEMTIME)
CPUTIME=1773.84
# USERTIME: CPU time spent in user mode in seconds
USERTIME=1768.42
# SYSTEMTIME: CPU time spent in system mode in seconds
SYSTEMTIME=5.42193
# CPUUSAGE: CPUTIME/WCTIME in percent
CPUUSAGE=98.5437
# MAXVM: maximum virtual memory used in KiB
MAXVM=2434304
# MAXMM: maximum memory used in KiB
MAXMM=2047736
# MAXRSS: maximum Resident Segment Size in KiB
MAXRSS=2044632
# TIMEOUT: did the solver exceed the time limit?
TIMEOUT=true
# MEMOUT: did the solver exceed the memory limit?
MEMOUT=false
# EXITSTATUS: Exit status of the solver
EXITSTATUS=36608
