# WCTIME: wall clock time in seconds
WCTIME=1800.01
# CPUTIME: CPU time in seconds (USERTIME+SYSTEMTIME)
CPUTIME=1794.27
# USERTIME: CPU time spent in user mode in seconds
USERTIME=1793.78
# SYSTEMTIME: CPU time spent in system mode in seconds
SYSTEMTIME=0.493112
# CPUUSAGE: CPUTIME/WCTIME in percent
CPUUSAGE=99.6811
# MAXVM: maximum virtual memory used in KiB
MAXVM=1623540
# MAXMM: maximum memory used in KiB
MAXMM=1228556
# MAXRSS: maximum Resident Segment Size in KiB
MAXRSS=1228220
# TIMEOUT: did the solver exceed the time limit?
TIMEOUT=true
# MEMOUT: did the solver exceed the memory limit?
MEMOUT=false
# EXITSTATUS: Exit status of the solver
EXITSTATUS=36608
