# WCTIME: wall clock time in seconds
WCTIME=554.386
# CPUTIME: CPU time in seconds (USERTIME+SYSTEMTIME)
CPUTIME=550.91
# USERTIME: CPU time spent in user mode in seconds
USERTIME=540.385
# SYSTEMTIME: CPU time spent in system mode in seconds
SYSTEMTIME=10.5244
# CPUUSAGE: CPUTIME/WCTIME in percent
CPUUSAGE=99.373
# MAXVM: maximum virtual memory used in KiB
MAXVM=10901660
# MAXMM: maximum memory used in KiB
MAXMM=10096672
# MAXRSS: maximum Resident Segment Size in KiB
MAXRSS=10093616
# TIMEOUT: did the solver exceed the time limit?
TIMEOUT=false
# MEMOUT: did the solver exceed the memory limit?
MEMOUT=false
# EXITSTATUS: Exit status of the solver
EXITSTATUS=0
