# WCTIME: wall clock time in seconds
WCTIME=1805.39
# CPUTIME: CPU time in seconds (USERTIME+SYSTEMTIME)
CPUTIME=1476.22
# USERTIME: CPU time spent in user mode in seconds
USERTIME=1330.03
# SYSTEMTIME: CPU time spent in system mode in seconds
SYSTEMTIME=146.19
# CPUUSAGE: CPUTIME/WCTIME in percent
CPUUSAGE=81.7673
# MAXVM: maximum virtual memory used in KiB
MAXVM=137144524
# MAXMM: maximum memory used in KiB
MAXMM=129263700
# MAXRSS: maximum Resident Segment Size in KiB
MAXRSS=128507580
# TIMEOUT: did the solver exceed the time limit?
TIMEOUT=true
# MEMOUT: did the solver exceed the memory limit?
MEMOUT=false
# EXITSTATUS: Exit status of the solver
EXITSTATUS=36608
