# WCTIME: wall clock time in seconds
WCTIME=83.5823
# CPUTIME: CPU time in seconds (USERTIME+SYSTEMTIME)
CPUTIME=83.2136
# USERTIME: CPU time spent in user mode in seconds
USERTIME=83.1227
# SYSTEMTIME: CPU time spent in system mode in seconds
SYSTEMTIME=0.090956
# CPUUSAGE: CPUTIME/WCTIME in percent
CPUUSAGE=99.5589
# MAXVM: maximum virtual memory used in KiB
MAXVM=221916
# MAXMM: maximum memory used in KiB
MAXMM=38888
# MAXRSS: maximum Resident Segment Size in KiB
MAXRSS=39040
# TIMEOUT: did the solver exceed the time limit?
TIMEOUT=false
# MEMOUT: did the solver exceed the memory limit?
MEMOUT=false
# EXITSTATUS: Exit status of the solver
EXITSTATUS=0
