# WCTIME: wall clock time in seconds
WCTIME=13.286
# CPUTIME: CPU time in seconds (USERTIME+SYSTEMTIME)
CPUTIME=13.2095
# USERTIME: CPU time spent in user mode in seconds
USERTIME=13.0413
# SYSTEMTIME: CPU time spent in system mode in seconds
SYSTEMTIME=0.168164
# CPUUSAGE: CPUTIME/WCTIME in percent
CPUUSAGE=99.4242
# MAXVM: maximum virtual memory used in KiB
MAXVM=339536
# MAXMM: maximum memory used in KiB
MAXMM=148784
# MAXRSS: maximum Resident Segment Size in KiB
MAXRSS=158684
# TIMEOUT: did the solver exceed the time limit?
TIMEOUT=false
# MEMOUT: did the solver exceed the memory limit?
MEMOUT=false
# EXITSTATUS: Exit status of the solver
EXITSTATUS=0
