c cmd: /host-parser-bin/kat_xcsp_5362e21a /bench/competition/2022-2025/COP22to25/CarpetCutting-test05_c23.xml.lzma --encoder order-ge --cop-objective-cut direct-expr --order-ge-table mdd-tl --order-ge-eq-ne direct-order --order-ge-direct-eq-ne-max-arity 2 --order-ge-shorten-link-cost --no-root-lp-bound --progress --memory-guard-gib 64 --memory-guard-fallback extprop
c 00h00m00s | solve:start
c 00h00m00s | input: constraints=226
c 00h00m00s | stage:propagate:start
c 00h00m00s | stage:propagate:done ms=0 pruned=2959 changed_domains=50 entailed_tables=12
c 00h00m00s | memory:rss checkpoint=after_propagate bytes=2412544
c 00h00m00s | stage:normalize:start
c 00h00m00s | stage:normalize:done ms=0 high_constraints=226
c 00h00m00s | stage:lower:start
c 00h00m00s | stage:lower:progress percent=10 processed=23 total=226 lowered=23 unsupported=0 ms=0
c 00h00m00s | stage:lower:progress percent=20 processed=46 total=226 lowered=46 unsupported=0 ms=0
c 00h00m00s | stage:lower:progress percent=30 processed=68 total=226 lowered=68 unsupported=0 ms=0
c 00h00m00s | stage:lower:progress percent=40 processed=91 total=226 lowered=91 unsupported=0 ms=0
c 00h00m00s | stage:lower:progress percent=50 processed=113 total=226 lowered=113 unsupported=0 ms=0
c 00h00m00s | stage:lower:progress percent=60 processed=136 total=226 lowered=136 unsupported=0 ms=0
c 00h00m00s | stage:lower:progress percent=70 processed=159 total=226 lowered=159 unsupported=0 ms=0
c 00h00m00s | stage:lower:progress percent=80 processed=181 total=226 lowered=181 unsupported=0 ms=0
c 00h00m01s | stage:lower:progress percent=90 processed=204 total=226 lowered=204 unsupported=0 ms=1781
c 00h00m02s | stage:lower:progress percent=100 processed=226 total=226 lowered=226 unsupported=0 ms=2198
c 00h00m02s | stage:lower:done ms=2297 lowered=226 unsupported=0
c 00h00m02s | memory:rss checkpoint=after_lower bytes=175640576
c 00h00m02s | stage:post_lower:start
c 00h00m02s | stage:post_lower:done ms=530 rounds=3412 tightened=49467 removed_cls=54888 removed_lits=46563 unsat=false precise_hits=329 precise_rounds=2 pivot_recomputes=76084 pivot_exact_attempts=202 pivot_general_attempts=75981 pivot_general_rest_missing=0 pivot_general_bound_missing=0 pivot_general_no_change=75974 pivot_general_tightened=7 setup_ms=234 loop_ms=240 pivot_ms=0 pivot_version_ms=0 pivot_exact_ms=0 pivot_general_ms=0 pivot_general_prepare_ms=0 pivot_general_rest_ms=0 pivot_general_derive_ms=0 apply_ms=16 sat_ms=0 precise_ms=7
c 00h00m02s | memory:rss checkpoint=after_post_lower bytes=274006016
c 00h00m02s | stage:lowered-shape int_vars=94835 bool_vars=190346 linear_atoms=383951 table_atoms=0 table_tuples=0 table_scope=0 alldiff_atoms=0 circuit_atoms=0 product_atoms=0 logical_clauses=518645
c 00h00m02s | stage:root-lp:skip reason=disabled ms=0
c 00h00m02s | memory:rss checkpoint=before_preencode bytes=274006016
c 00h00m02s | stage:preencode(order-ge):start
c 00h00m04s | stage:preencode(order-ge):done ms=1340 int_vars=174651
c 00h00m04s | memory:rss checkpoint=after_preencode bytes=408752128
c 00h00m04s | memory:guard limit_bytes=68719476736 rss_bytes=408752128 reserve_bytes=10737418240 available_bytes=57573306368 fallback=extprop
c 00h00m04s | memory:rss checkpoint=before_encode bytes=408752128
c 00h00m04s | stage:encode(order-ge):start
c 00h01m07s | memory:rss checkpoint=encode_clause_sample stage=order-ge clauses=135745328 bytes=36778328064 progress_percent=10 processed=66612 total=666118
c 00h01m07s | memory:guard projection=logical-progress stage=order-ge processed=66612 total=666118 sat_clauses=135745328 progress_milli=100 start_rss_bytes=408752128 rss_bytes=36778328064 rss_growth_bytes=36369575936 projected_rss_bytes=364104511488 threshold_bytes=57982058496 min_rss_growth_bytes=1073741824
c 00h01m23s | fallback:encoding order-ge->extprop reason=encode_rss_logical_projection_exceeded clauses=135745328 rss_bytes=36778328064 threshold_bytes=57982058496
c 00h01m23s | memory:rss checkpoint=before_preencode bytes=15059263488
c 00h01m23s | stage:preencode(order-ge):start
c 00h01m24s | stage:preencode(order-ge):done ms=1279 int_vars=174651
c 00h01m24s | memory:rss checkpoint=after_preencode bytes=15059267584
c 00h01m24s | memory:guard limit_bytes=68719476736 rss_bytes=15059267584 reserve_bytes=10737418240 available_bytes=42922790912 fallback=none
c 00h01m24s | memory:rss checkpoint=before_encode bytes=15059267584
c 00h01m24s | stage:encode(order-ge):start
c 00h02m14s | memory:rss checkpoint=encode_clause_sample stage=order-ge clauses=110706947 bytes=36546015232 progress_percent=10 processed=66612 total=666118
c 00h02m14s | stage:encode(order-ge):progress percent=10 processed=66612 total=666118 sat_clauses=110706947 ms=49250
c 00h02m17s | memory:rss checkpoint=encode_clause_sample stage=order-ge clauses=121223756 bytes=36738879488 progress_percent=20 processed=133224 total=666118
c 00h02m17s | stage:encode(order-ge):progress percent=20 processed=133224 total=666118 sat_clauses=121223756 ms=52521
c 00h02m21s | memory:rss checkpoint=encode_clause_sample stage=order-ge clauses=131732803 bytes=37030776832 progress_percent=30 processed=199836 total=666118
c 00h02m21s | stage:encode(order-ge):progress percent=30 processed=199836 total=666118 sat_clauses=131732803 ms=56067
c 00h02m25s | memory:rss checkpoint=encode_clause_sample stage=order-ge clauses=142240017 bytes=37925502976 progress_percent=40 processed=266448 total=666118
c 00h02m25s | stage:encode(order-ge):progress percent=40 processed=266448 total=666118 sat_clauses=142240017 ms=60906
c 00h02m29s | memory:rss checkpoint=encode_clause_sample stage=order-ge clauses=152773310 bytes=39112224768 progress_percent=50 processed=333059 total=666118
c 00h02m29s | stage:encode(order-ge):progress percent=50 processed=333059 total=666118 sat_clauses=152773310 ms=64732
c 00h02m34s | memory:rss checkpoint=encode_clause_sample stage=order-ge clauses=164859046 bytes=40692846592 progress_percent=60 processed=399671 total=666118
c 00h02m34s | stage:encode(order-ge):progress percent=60 processed=399671 total=666118 sat_clauses=164859046 ms=69550
c 00h02m40s | memory:rss checkpoint=encode_clause_sample stage=order-ge clauses=181312875 bytes=42550484992 progress_percent=70 processed=466283 total=666118
c 00h02m40s | stage:encode(order-ge):progress percent=70 processed=466283 total=666118 sat_clauses=181312875 ms=75632
c 00h02m47s | memory:rss checkpoint=encode_clause_sample stage=order-ge clauses=199385563 bytes=44872441856 progress_percent=80 processed=532895 total=666118
c 00h02m47s | stage:encode(order-ge):progress percent=80 processed=532895 total=666118 sat_clauses=199385563 ms=82799
c 00h02m49s | memory:rss checkpoint=encode_clause_sample stage=order-ge clauses=199452175 bytes=46085087232 progress_percent=90 processed=599507 total=666118
c 00h02m49s | stage:encode(order-ge):progress percent=90 processed=599507 total=666118 sat_clauses=199452175 ms=84564
c 00h02m51s | memory:rss checkpoint=encode_clause_sample stage=order-ge clauses=199518786 bytes=47614468096 progress_percent=100 processed=666118 total=666118
c 00h02m51s | stage:encode(order-ge):progress percent=100 processed=666118 total=666118 sat_clauses=199518786 ms=86725
c 00h02m51s | stage:encode(order-ge):done ms=86743 sat_vars=125051734 sat_clauses=199518786 ext_ge_specs=151922 relaxed_circuits=0
c 00h05m42s | stage:sat:init solver=CaDiCaL vars=125051734 clauses=199518786
c 00h05m42s | stage:sat:solve:start round=1 circuit_cegar_rounds=- cumulative_cegar_rounds=- cop_cegar_rounds=1 assumptions=0 phase_lits=0
s UNKNOWN
d SOLVE_ELAPSED_MS 1799903
d CURRENT_STAGE sat
d CURRENT_STAGE_ELAPSED_MS 1457452
d LAST_COMPLETED_STAGE encode(order-ge)
d STAGE_PROPAGATE_STATUS done
d STAGE_NORMALIZE_STATUS done
d STAGE_LOWER_STATUS done
d STAGE_POST_LOWER_STATUS done
d STAGE_PREENCODE_STATUS done
d STAGE_ENCODE_STATUS done
d STAGE_SAT_STATUS running
d STAGE_DECODE_STATUS pending
d STAGE_RELAXATION_STATUS pending
d STAGE_DUMP_CNF_STATUS pending
d SOURCE_CONSTRAINTS 226
d NORMALIZED_CONSTRAINTS 226
d LOWERED_CONSTRAINTS 226
d UNSUPPORTED_CONSTRAINTS 0
d SAT_VARS 125051734
d SAT_CLAUSES_BASE 199518786
d SAT_CLAUSES_FINAL 199518786
d SAT_CLAUSES_CEGAR_DELTA 0
d MEMORY_RSS_BYTES 47614468096
d MEMORY_RSS_AFTER_PROPAGATE_BYTES 2412544
d MEMORY_RSS_AFTER_LOWER_BYTES 175640576
d MEMORY_RSS_AFTER_POST_LOWER_BYTES 274006016
d MEMORY_RSS_BEFORE_PREENCODE_BYTES 15059263488
d MEMORY_RSS_AFTER_PREENCODE_BYTES 15059267584
d MEMORY_RSS_BEFORE_ENCODE_BYTES 15059267584
d MEMORY_RSS_ENCODE_SAMPLE_INTERVAL_CLAUSES 1000000
d MEMORY_RSS_ENCODE_SAMPLE_COUNT 345
d MEMORY_RSS_ENCODE_LAST_SAMPLE_CLAUSE 199518786
d MEMORY_RSS_ENCODE_LAST_SAMPLE_BYTES 47614468096
d MEMORY_RSS_ENCODE_MAX_SAMPLE_BYTES 47614468096
d MEMORY_GUARD_LIMIT_BYTES 68719476736
d MEMORY_GUARD_RESERVE_BYTES 10737418240
d MEMORY_GUARD_AVAILABLE_BYTES 42922790912
d MEMORY_GUARD_DECISION rss-monitor
d MEMORY_GUARD_REASON rss_available
d EXTPROP_CONSTRAINTS 151922
d EXTPROP_OBSERVED_VARS 100030194
d EXTPROP_OBSERVED_LITS 100030194
d EXTPROP_OBSERVED_LIT_OCCURRENCES 277076890
d EXTPROP_CALLBACK_CALLS 53901559
d EXTPROP_CALLBACK_NS 0
d EXTPROP_NOTIFY_ASSIGNMENT_CALLS 14889575
d EXTPROP_NOTIFY_ASSIGNMENT_NS 0
d EXTPROP_NOTIFY_ASSIGNMENT_LITS 3032432946
d EXTPROP_NOTIFY_NEW_DECISION_LEVEL_CALLS 19315589
d EXTPROP_NOTIFY_NEW_DECISION_LEVEL_NS 0
d EXTPROP_NOTIFY_BACKTRACK_CALLS 189
d EXTPROP_NOTIFY_BACKTRACK_NS 0
d EXTPROP_CB_CHECK_FOUND_MODEL_CALLS 92
d EXTPROP_CB_CHECK_FOUND_MODEL_NS 0
d EXTPROP_CB_CHECK_FOUND_MODEL_REJECTS 92
d EXTPROP_CB_DECIDE_CALLS 0
d EXTPROP_CB_DECIDE_NS 0
d EXTPROP_CB_PROPAGATE_CALLS 74766
d EXTPROP_CB_PROPAGATE_NS 0
d EXTPROP_PROPAGATED_LITS 74765
d EXTPROP_CB_ADD_REASON_CLAUSE_LIT_CALLS 305024
d EXTPROP_CB_ADD_REASON_CLAUSE_LIT_NS 0
d EXTPROP_REASON_CLAUSES 74765
d EXTPROP_REASON_CLAUSE_LITS 230709
d EXTPROP_REASON_CLAUSE_MAX_LEN 5
d EXTPROP_CB_HAS_EXTERNAL_CLAUSE_CALLS 19315773
d EXTPROP_CB_HAS_EXTERNAL_CLAUSE_NS 0
d EXTPROP_CB_ADD_EXTERNAL_CLAUSE_LIT_CALLS 551
d EXTPROP_CB_ADD_EXTERNAL_CLAUSE_LIT_NS 0
d EXTPROP_EXTERNAL_CLAUSES 92
d EXTPROP_EXTERNAL_CLAUSE_LITS 459
d EXTPROP_EXTERNAL_CLAUSE_MAX_LEN 5
d EXTPROP_STRONG_REASON_ATTEMPTS 0
d EXTPROP_STRONG_REASON_NS 0
d EXTPROP_STRONG_REASON_LIFTS 0
d EXTPROP_STRONG_REASON_DROPPED_TERMS 0
d CUMULATIVE_EXTPROP_CONSTRAINTS 2
d CUMULATIVE_EXTPROP_OBSERVED_VARS 68037
d CUMULATIVE_EXTPROP_OBSERVED_LITS 68037
d CUMULATIVE_EXTPROP_OBSERVED_LIT_OCCURRENCES 68057
d CUMULATIVE_EXTPROP_NOTIFY_ASSIGNMENT_CALLS 14889575
d CUMULATIVE_EXTPROP_NOTIFY_ASSIGNMENT_LITS 3032432946
d CUMULATIVE_EXTPROP_NOTIFY_NEW_DECISION_LEVEL_CALLS 19315589
d CUMULATIVE_EXTPROP_NOTIFY_BACKTRACK_CALLS 189
d CUMULATIVE_EXTPROP_CB_CHECK_FOUND_MODEL_CALLS 0
d CUMULATIVE_EXTPROP_CB_CHECK_FOUND_MODEL_REJECTS 0
d CUMULATIVE_EXTPROP_CB_PROPAGATE_CALLS 1
d CUMULATIVE_EXTPROP_CB_PROPAGATE_CONFLICTS 0
d CUMULATIVE_EXTPROP_PROPAGATED_LITS 0
d CUMULATIVE_EXTPROP_REASON_CLAUSES 0
d CUMULATIVE_EXTPROP_REASON_CLAUSE_LITS 0
d CUMULATIVE_EXTPROP_REASON_CLAUSE_MAX_LEN 0
d CUMULATIVE_EXTPROP_CB_HAS_EXTERNAL_CLAUSE_CALLS 19315681
d CUMULATIVE_EXTPROP_CB_ADD_EXTERNAL_CLAUSE_LIT_CALLS 0
d CUMULATIVE_EXTPROP_EXTERNAL_CLAUSES 0
d CUMULATIVE_EXTPROP_EXTERNAL_CLAUSE_LITS 0
d CUMULATIVE_EXTPROP_EXTERNAL_CLAUSE_MAX_LEN 0
d CUMULATIVE_EXTPROP_PARTIAL_VIOLATION_CALLS 2
d CUMULATIVE_EXTPROP_COMPULSORY_VIOLATION_CALLS 2
d CUMULATIVE_EXTPROP_BOUND_PROPAGATION_CALLS 0
d CUMULATIVE_EXTPROP_BOUND_REASON_CALLS 0
d CUMULATIVE_EXTPROP_PARTIAL_SUMMARY_TASK_EVALS 23
d CUMULATIVE_EXTPROP_BOUND_SUMMARY_TASK_EVALS 46
d CUMULATIVE_EXTPROP_BOUND_EVENT_PAIRS 0
d CUMULATIVE_EXTPROP_LOWER_BOUND_LIT_CALLS 0
d CUMULATIVE_EXTPROP_UPPER_BOUND_LIT_CALLS 0
d CUMULATIVE_EXTPROP_LOG_WITNESS_CHECKS 0
d LINEAR_INT_EQ_ARITY_STATS {"1":{"count":94722,"max_domain_product_excluding_one_var":"1","p95_domain_product_excluding_one_var":"1"},"2":{"count":94652,"max_domain_product_excluding_one_var":"2","p95_domain_product_excluding_one_var":"2"},"3":{"count":30,"max_domain_product_excluding_one_var":"7311","p95_domain_product_excluding_one_var":"7311"}}
d LINEAR_INT_NE_ARITY_STATS {"1":{"count":48,"max_domain_product_excluding_one_var":"1","p95_domain_product_excluding_one_var":"1"}}
d LINEAR_INT_GE_ARITY_STATS {"1":{"count":94622,"max_domain_product_excluding_one_var":"1","p95_domain_product_excluding_one_var":"1"},"2":{"count":94692,"max_domain_product_excluding_one_var":"2731","p95_domain_product_excluding_one_var":"2"},"3":{"count":1039,"max_domain_product_excluding_one_var":"5502","p95_domain_product_excluding_one_var":"5416"},"8":{"count":1,"max_domain_product_excluding_one_var":"16","p95_domain_product_excluding_one_var":"16"},"23":{"count":3289,"max_domain_product_excluding_one_var":"340282366920938463463374607431768211455","p95_domain_product_excluding_one_var":"340282366920938463463374607431768211455"},"24":{"count":825,"max_domain_product_excluding_one_var":"340282366920938463463374607431768211455","p95_domain_product_excluding_one_var":"340282366920938463463374607431768211455"}}
d LINEAR_BOOL_MIXED_ARITY_STATS {"2":{"count":31,"max_domain_product_excluding_one_var":"2","p95_domain_product_excluding_one_var":"2"}}
d ROOT_LP_ENTERED 0
d ROOT_LP_STATUS skipped
d ROOT_LP_MS 0
d ROOT_LP_REASON root_lp_disabled
d PROPAGATE_PRUNED_VALUES 2959
d PROPAGATE_CHANGED_DOMAINS 50
d PROPAGATE_ENTAILED_TABLES 12
d POST_LOWER_ROUNDS 3412
d POST_LOWER_TIGHTENED_DOMAINS 49467
d POST_LOWER_REMOVED_CLAUSES 54888
d POST_LOWER_REMOVED_LITS 46563
d POST_LOWER_DETECTED_UNSAT 0
d PREENCODE_INT_VARS 174651
d ENCODE_EXTERNAL_GE_SPECS 151922
d ENCODE_RELAXED_CIRCUITS 0
d MEMORY_RSS_BYTES 47614468096
d MEMORY_RSS_AFTER_PROPAGATE_BYTES 2412544
d MEMORY_RSS_AFTER_LOWER_BYTES 175640576
d MEMORY_RSS_AFTER_POST_LOWER_BYTES 274006016
d MEMORY_RSS_BEFORE_PREENCODE_BYTES 15059263488
d MEMORY_RSS_AFTER_PREENCODE_BYTES 15059267584
d MEMORY_RSS_BEFORE_ENCODE_BYTES 15059267584
d MEMORY_RSS_ENCODE_SAMPLE_INTERVAL_CLAUSES 1000000
d MEMORY_RSS_ENCODE_SAMPLE_COUNT 345
d MEMORY_RSS_ENCODE_LAST_SAMPLE_CLAUSE 199518786
d MEMORY_RSS_ENCODE_LAST_SAMPLE_BYTES 47614468096
d MEMORY_RSS_ENCODE_MAX_SAMPLE_BYTES 47614468096
d MEMORY_GUARD_LIMIT_BYTES 68719476736
d MEMORY_GUARD_RESERVE_BYTES 10737418240
d MEMORY_GUARD_AVAILABLE_BYTES 42922790912
d MEMORY_GUARD_DECISION rss-monitor
d MEMORY_GUARD_REASON rss_available
d CIRCUIT_CEGAR_FAILURES 0
d CIRCUIT_CEGAR_ROUNDS 0
d CIRCUIT_CEGAR_ADDED_CLAUSES 0
d CUMULATIVE_CEGAR_FAILURES 0
d CUMULATIVE_CEGAR_ROUNDS 0
d CUMULATIVE_CEGAR_ADDED_CLAUSES 0
d COP_CEGAR_FAILURES 0
d COP_CEGAR_ROUNDS 1
d COP_CEGAR_ADDED_CLAUSES 0
d CSV /bench/competition/2022-2025/COP22to25/CarpetCutting-test05_c23.xml.lzma,unknown,226,226,226,0,125051734,199518786,1799899,,,,,,,0,skipped,,,,,,0,,,,,,,timeout_signal,terminated_by_signal
signal=15; emitted fallback csv row
