# WCTIME: wall clock time in seconds
WCTIME=1.73545
# CPUTIME: CPU time in seconds (USERTIME+SYSTEMTIME)
CPUTIME=1.70589
# USERTIME: CPU time spent in user mode in seconds
USERTIME=1.6659
# SYSTEMTIME: CPU time spent in system mode in seconds
SYSTEMTIME=0.039981
# CPUUSAGE: CPUTIME/WCTIME in percent
CPUUSAGE=98.2961
# MAXVM: maximum virtual memory used in KiB
MAXVM=219668
# MAXMM: maximum memory used in KiB
MAXMM=44776
# MAXRSS: maximum Resident Segment Size in KiB
MAXRSS=42056
# TIMEOUT: did the solver exceed the time limit?
TIMEOUT=false
# MEMOUT: did the solver exceed the memory limit?
MEMOUT=false
# EXITSTATUS: Exit status of the solver
EXITSTATUS=0
