# WCTIME: wall clock time in seconds
WCTIME=802.487
# CPUTIME: CPU time in seconds (USERTIME+SYSTEMTIME)
CPUTIME=791.03
# USERTIME: CPU time spent in user mode in seconds
USERTIME=647.837
# SYSTEMTIME: CPU time spent in system mode in seconds
SYSTEMTIME=143.194
# CPUUSAGE: CPUTIME/WCTIME in percent
CPUUSAGE=98.5723
# MAXVM: maximum virtual memory used in KiB
MAXVM=143456308
# MAXMM: maximum memory used in KiB
MAXMM=124579320
# MAXRSS: maximum Resident Segment Size in KiB
MAXRSS=124415320
# TIMEOUT: did the solver exceed the time limit?
TIMEOUT=false
# MEMOUT: did the solver exceed the memory limit?
MEMOUT=false
# EXITSTATUS: Exit status of the solver
EXITSTATUS=35072
