# WCTIME: wall clock time in seconds
WCTIME=680.418
# CPUTIME: CPU time in seconds (USERTIME+SYSTEMTIME)
CPUTIME=653.28
# USERTIME: CPU time spent in user mode in seconds
USERTIME=649.865
# SYSTEMTIME: CPU time spent in system mode in seconds
SYSTEMTIME=3.41537
# CPUUSAGE: CPUTIME/WCTIME in percent
CPUUSAGE=96.0116
# MAXVM: maximum virtual memory used in KiB
MAXVM=361860
# MAXMM: maximum memory used in KiB
MAXMM=185856
# MAXRSS: maximum Resident Segment Size in KiB
MAXRSS=182980
# TIMEOUT: did the solver exceed the time limit?
TIMEOUT=false
# MEMOUT: did the solver exceed the memory limit?
MEMOUT=false
# EXITSTATUS: Exit status of the solver
EXITSTATUS=0
