# WCTIME: wall clock time in seconds
WCTIME=2.06667
# CPUTIME: CPU time in seconds (USERTIME+SYSTEMTIME)
CPUTIME=2.02983
# USERTIME: CPU time spent in user mode in seconds
USERTIME=1.93932
# SYSTEMTIME: CPU time spent in system mode in seconds
SYSTEMTIME=0.090508
# CPUUSAGE: CPUTIME/WCTIME in percent
CPUUSAGE=98.2176
# MAXVM: maximum virtual memory used in KiB
MAXVM=355064
# MAXMM: maximum memory used in KiB
MAXMM=186524
# MAXRSS: maximum Resident Segment Size in KiB
MAXRSS=183520
# TIMEOUT: did the solver exceed the time limit?
TIMEOUT=false
# MEMOUT: did the solver exceed the memory limit?
MEMOUT=false
# EXITSTATUS: Exit status of the solver
EXITSTATUS=0
