# WCTIME: wall clock time in seconds
WCTIME=679.323
# CPUTIME: CPU time in seconds (USERTIME+SYSTEMTIME)
CPUTIME=676.528
# USERTIME: CPU time spent in user mode in seconds
USERTIME=650.194
# SYSTEMTIME: CPU time spent in system mode in seconds
SYSTEMTIME=26.3336
# CPUUSAGE: CPUTIME/WCTIME in percent
CPUUSAGE=99.5885
# MAXVM: maximum virtual memory used in KiB
MAXVM=26000852
# MAXMM: maximum memory used in KiB
MAXMM=22772008
# MAXRSS: maximum Resident Segment Size in KiB
MAXRSS=22769040
# TIMEOUT: did the solver exceed the time limit?
TIMEOUT=false
# MEMOUT: did the solver exceed the memory limit?
MEMOUT=false
# EXITSTATUS: Exit status of the solver
EXITSTATUS=0
