# WCTIME: wall clock time in seconds
WCTIME=1800.2
# CPUTIME: CPU time in seconds (USERTIME+SYSTEMTIME)
CPUTIME=1788.9
# USERTIME: CPU time spent in user mode in seconds
USERTIME=1772.02
# SYSTEMTIME: CPU time spent in system mode in seconds
SYSTEMTIME=16.8751
# CPUUSAGE: CPUTIME/WCTIME in percent
CPUUSAGE=99.372
# MAXVM: maximum virtual memory used in KiB
MAXVM=9628644
# MAXMM: maximum memory used in KiB
MAXMM=7591500
# MAXRSS: maximum Resident Segment Size in KiB
MAXRSS=7705120
# TIMEOUT: did the solver exceed the time limit?
TIMEOUT=true
# MEMOUT: did the solver exceed the memory limit?
MEMOUT=false
# EXITSTATUS: Exit status of the solver
EXITSTATUS=36608
