# WCTIME: wall clock time in seconds
WCTIME=5.56448
# CPUTIME: CPU time in seconds (USERTIME+SYSTEMTIME)
CPUTIME=5.50841
# USERTIME: CPU time spent in user mode in seconds
USERTIME=5.45511
# SYSTEMTIME: CPU time spent in system mode in seconds
SYSTEMTIME=0.053301
# CPUUSAGE: CPUTIME/WCTIME in percent
CPUUSAGE=98.9923
# MAXVM: maximum virtual memory used in KiB
MAXVM=234540
# MAXMM: maximum memory used in KiB
MAXMM=61168
# MAXRSS: maximum Resident Segment Size in KiB
MAXRSS=58108
# TIMEOUT: did the solver exceed the time limit?
TIMEOUT=false
# MEMOUT: did the solver exceed the memory limit?
MEMOUT=false
# EXITSTATUS: Exit status of the solver
EXITSTATUS=0
