# WCTIME: wall clock time in seconds
WCTIME=1.9956
# CPUTIME: CPU time in seconds (USERTIME+SYSTEMTIME)
CPUTIME=10.8052
# USERTIME: CPU time spent in user mode in seconds
USERTIME=10.6068
# SYSTEMTIME: CPU time spent in system mode in seconds
SYSTEMTIME=0.198447
# CPUUSAGE: CPUTIME/WCTIME in percent
CPUUSAGE=541.452
# MAXVM: maximum virtual memory used in KiB
MAXVM=3074048
# MAXMM: maximum memory used in KiB
MAXMM=175716
# MAXRSS: maximum Resident Segment Size in KiB
MAXRSS=177240
# TIMEOUT: did the solver exceed the time limit?
TIMEOUT=false
# MEMOUT: did the solver exceed the memory limit?
MEMOUT=false
# EXITSTATUS: Exit status of the solver
EXITSTATUS=0
