# WCTIME: wall clock time in seconds
WCTIME=4.52292
# CPUTIME: CPU time in seconds (USERTIME+SYSTEMTIME)
CPUTIME=4.48008
# USERTIME: CPU time spent in user mode in seconds
USERTIME=4.3363
# SYSTEMTIME: CPU time spent in system mode in seconds
SYSTEMTIME=0.143781
# CPUUSAGE: CPUTIME/WCTIME in percent
CPUUSAGE=99.0528
# MAXVM: maximum virtual memory used in KiB
MAXVM=299608
# MAXMM: maximum memory used in KiB
MAXMM=144292
# MAXRSS: maximum Resident Segment Size in KiB
MAXRSS=149960
# TIMEOUT: did the solver exceed the time limit?
TIMEOUT=false
# MEMOUT: did the solver exceed the memory limit?
MEMOUT=false
# EXITSTATUS: Exit status of the solver
EXITSTATUS=0
