c cmd: /LARGE0/gr10672/b39275/xcsp3instances/bin-overrides/kat_xcsp_72769ef1_dirty_cop_guarded_static_20260429 /LARGE0/gr10672/b39275/xcsp3instances/benchmark/competition/2022-2025/COP22to25/RIP-25-0-j090-01-01_c23.xml.lzma --encoder order-ge --order-ge-table mdd-tl --order-ge-eq-ne direct-order --cop-pipeline guarded-basic --progress
c 00h00m00s | solve:start
c 00h00m00s | input: constraints=2414
c 00h00m00s | stage:propagate:start
c 00h00m00s | stage:propagate:done ms=3 pruned=4525 changed_domains=90 entailed_tables=0
c 00h00m00s | stage:normalize:start
c 00h00m00s | stage:normalize:done ms=0 high_constraints=2414
c 00h00m00s | stage:lower:start
c 00h00m00s | stage:lower:done ms=441 lowered=2414 unsupported=0
c 00h00m00s | stage:post_lower:start
c 00h00m00s | stage:post_lower:done ms=23 rounds=0 tightened=0 removed_cls=36291 removed_lits=20128 unsat=false precise_hits=0 precise_rounds=0 pivot_recomputes=0 pivot_exact_attempts=0 pivot_general_attempts=0 pivot_general_rest_missing=0 pivot_general_bound_missing=0 pivot_general_no_change=0 pivot_general_tightened=0 setup_ms=6 loop_ms=13 pivot_ms=0 pivot_version_ms=0 pivot_exact_ms=0 pivot_general_ms=0 pivot_general_prepare_ms=0 pivot_general_rest_ms=0 pivot_general_derive_ms=0 apply_ms=1 sat_ms=0 precise_ms=0
c 00h00m00s | stage:preencode(order-ge):start
c 00h00m00s | stage:preencode(order-ge):done ms=117 int_vars=8424
c 00h00m00s | stage:encode(order-ge):start
c 00h00m24s | stage:encode(order-ge):done ms=23545 sat_vars=2713385 sat_clauses=68246832 ext_ge_specs=0 relaxed_circuits=0
c 00h00m24s | stage:sat:init solver=CaDiCaL vars=2713385 clauses=68246832
c 00h00m24s | stage:sat:solve:start assumptions=0
c 00h00m27s | stage:sat:solve:done ms=3522 result=Sat assumptions=0
c 00h00m27s | stage:decode:start
c 00h00m27s | stage:decode:done int_assignments=94
c 00h00m27s | result:Sat
c 00h00m27s | stage:sat:init solver=CaDiCaL vars=2713385 clauses=68246832
c 00h00m27s | stage:sat:solve:start assumptions=1
c 00h00m41s | stage:sat:solve:done ms=14176 result=Sat assumptions=1
c 00h00m41s | stage:decode:start
c 00h00m41s | stage:decode:done int_assignments=94
c 00h00m41s | result:Sat
c 00h00m41s | stage:sat:init solver=CaDiCaL vars=2713385 clauses=68246832
c 00h00m41s | stage:sat:solve:start assumptions=1
c 00h00m43s | stage:sat:solve:done ms=1280 result=Sat assumptions=1
c 00h00m43s | stage:decode:start
c 00h00m43s | stage:decode:done int_assignments=94
c 00h00m43s | result:Sat
c 00h00m43s | stage:sat:init solver=CaDiCaL vars=2713385 clauses=68246832
c 00h00m43s | stage:sat:solve:start assumptions=1
c 00h00m44s | stage:sat:solve:done ms=1067 result=Sat assumptions=1
c 00h00m44s | stage:decode:start
c 00h00m44s | stage:decode:done int_assignments=94
c 00h00m44s | result:Sat
c 00h00m44s | stage:sat:init solver=CaDiCaL vars=2713385 clauses=68246832
c 00h00m44s | stage:sat:solve:start assumptions=1
c 00h00m45s | stage:sat:solve:done ms=1003 result=Sat assumptions=1
c 00h00m45s | stage:decode:start
c 00h00m45s | stage:decode:done int_assignments=94
c 00h00m45s | result:Sat
c 00h00m45s | stage:sat:init solver=CaDiCaL vars=2713385 clauses=68246832
c 00h00m45s | stage:sat:solve:start assumptions=1
c 00h00m46s | stage:sat:solve:done ms=1006 result=Sat assumptions=1
c 00h00m46s | stage:decode:start
c 00h00m46s | stage:decode:done int_assignments=94
c 00h00m46s | result:Sat
c 00h00m46s | stage:sat:init solver=CaDiCaL vars=2713385 clauses=68246832
c 00h00m46s | stage:sat:solve:start assumptions=1
c 00h00m47s | stage:sat:solve:done ms=1023 result=Sat assumptions=1
c 00h00m47s | stage:decode:start
c 00h00m47s | stage:decode:done int_assignments=94
c 00h00m47s | result:Sat
c 00h00m47s | stage:sat:init solver=CaDiCaL vars=2713385 clauses=68246832
c 00h00m47s | stage:sat:solve:start assumptions=1
c 00h00m48s | stage:sat:solve:done ms=867 result=Sat assumptions=1
c 00h00m48s | stage:decode:start
c 00h00m48s | stage:decode:done int_assignments=94
c 00h00m48s | result:Sat
c 00h00m48s | stage:sat:init solver=CaDiCaL vars=2713385 clauses=68246832
c 00h00m48s | stage:sat:solve:start assumptions=1
c 00h00m49s | stage:sat:solve:done ms=950 result=Sat assumptions=1
c 00h00m49s | stage:decode:start
c 00h00m49s | stage:decode:done int_assignments=94
c 00h00m49s | result:Sat
c 00h00m49s | stage:sat:init solver=CaDiCaL vars=2713385 clauses=68246832
c 00h00m49s | stage:sat:solve:start assumptions=1
c 00h00m50s | stage:sat:solve:done ms=792 result=Sat assumptions=1
c 00h00m50s | stage:decode:start
c 00h00m50s | stage:decode:done int_assignments=94
c 00h00m50s | result:Sat
c 00h00m50s | stage:sat:init solver=CaDiCaL vars=2713385 clauses=68246832
c 00h00m50s | stage:sat:solve:start assumptions=1
c 00h00m51s | stage:sat:solve:done ms=865 result=Sat assumptions=1
c 00h00m51s | stage:decode:start
c 00h00m51s | stage:decode:done int_assignments=94
c 00h00m51s | result:Sat
c 00h00m51s | stage:sat:init solver=CaDiCaL vars=2713385 clauses=68246832
c 00h00m51s | stage:sat:solve:start assumptions=1
c 00h00m51s | stage:sat:solve:done ms=940 result=Sat assumptions=1
c 00h00m51s | stage:decode:start
c 00h00m52s | stage:decode:done int_assignments=94
c 00h00m52s | result:Sat
c 00h00m52s | stage:sat:init solver=CaDiCaL vars=2713385 clauses=68246832
c 00h00m52s | stage:sat:solve:start assumptions=1
c 00h00m59s | stage:sat:solve:done ms=7517 result=Sat assumptions=1
c 00h00m59s | stage:decode:start
c 00h00m59s | stage:decode:done int_assignments=94
c 00h00m59s | result:Sat
c 00h00m59s | stage:sat:init solver=CaDiCaL vars=2713385 clauses=68246832
c 00h00m59s | stage:sat:solve:start assumptions=1
c 00h01m21s | stage:sat:solve:done ms=22133 result=Sat assumptions=1
c 00h01m21s | stage:decode:start
c 00h01m21s | stage:decode:done int_assignments=94
c 00h01m21s | result:Sat
c 00h01m21s | stage:sat:init solver=CaDiCaL vars=2713385 clauses=68246832
c 00h01m21s | stage:sat:solve:start assumptions=1
c 00h01m32s | stage:sat:solve:done ms=10748 result=Sat assumptions=1
c 00h01m32s | stage:decode:start
c 00h01m32s | stage:decode:done int_assignments=94
c 00h01m32s | result:Sat
c 00h01m32s | stage:sat:init solver=CaDiCaL vars=2713385 clauses=68246832
c 00h01m32s | stage:sat:solve:start assumptions=1
c 00h01m33s | stage:sat:solve:done ms=1420 result=Sat assumptions=1
c 00h01m33s | stage:decode:start
c 00h01m33s | stage:decode:done int_assignments=94
c 00h01m33s | result:Sat
c 00h01m33s | stage:sat:init solver=CaDiCaL vars=2713385 clauses=68246832
c 00h01m33s | stage:sat:solve:start assumptions=1
c 00h01m34s | stage:sat:solve:done ms=741 result=Sat assumptions=1
c 00h01m34s | stage:decode:start
c 00h01m34s | stage:decode:done int_assignments=94
c 00h01m34s | result:Sat
c 00h01m34s | stage:sat:init solver=CaDiCaL vars=2713385 clauses=68246832
c 00h01m34s | stage:sat:solve:start assumptions=1
c 00h01m37s | stage:sat:solve:done ms=2461 result=Sat assumptions=1
c 00h01m37s | stage:decode:start
c 00h01m37s | stage:decode:done int_assignments=94
c 00h01m37s | result:Sat
c 00h01m37s | stage:sat:init solver=CaDiCaL vars=2713385 clauses=68246832
c 00h01m37s | stage:sat:solve:start assumptions=1
c 00h01m40s | stage:sat:solve:done ms=3080 result=Sat assumptions=1
c 00h01m40s | stage:decode:start
c 00h01m40s | stage:decode:done int_assignments=94
c 00h01m40s | result:Sat
c 00h01m40s | stage:sat:init solver=CaDiCaL vars=2713385 clauses=68246832
c 00h01m40s | stage:sat:solve:start assumptions=1
c 00h01m43s | stage:sat:solve:done ms=3177 result=Sat assumptions=1
c 00h01m43s | stage:decode:start
c 00h01m43s | stage:decode:done int_assignments=94
c 00h01m43s | result:Sat
c 00h01m43s | stage:sat:init solver=CaDiCaL vars=2713385 clauses=68246832
c 00h01m43s | stage:sat:solve:start assumptions=1
c 00h01m44s | stage:sat:solve:done ms=698 result=Sat assumptions=1
c 00h01m44s | stage:decode:start
c 00h01m44s | stage:decode:done int_assignments=94
c 00h01m44s | result:Sat
c 00h01m44s | stage:sat:init solver=CaDiCaL vars=2713385 clauses=68246832
c 00h01m44s | stage:sat:solve:start assumptions=1
c 00h01m45s | stage:sat:solve:done ms=1367 result=Sat assumptions=1
c 00h01m45s | stage:decode:start
c 00h01m45s | stage:decode:done int_assignments=94
c 00h01m45s | result:Sat
c 00h01m45s | stage:sat:init solver=CaDiCaL vars=2713385 clauses=68246832
c 00h01m45s | stage:sat:solve:start assumptions=1
s UNKNOWN
d SOLVE_ELAPSED_MS 119993
d CURRENT_STAGE sat
d CURRENT_STAGE_ELAPSED_MS 14420
d LAST_COMPLETED_STAGE decode
d STAGE_PROPAGATE_STATUS done
d STAGE_NORMALIZE_STATUS done
d STAGE_LOWER_STATUS done
d STAGE_POST_LOWER_STATUS done
d STAGE_PREENCODE_STATUS done
d STAGE_ENCODE_STATUS done
d STAGE_SAT_STATUS running
d STAGE_DECODE_STATUS done
d STAGE_RELAXATION_STATUS pending
d STAGE_DUMP_CNF_STATUS pending
d SOURCE_CONSTRAINTS 2414
d NORMALIZED_CONSTRAINTS 2414
d LOWERED_CONSTRAINTS 2414
d UNSUPPORTED_CONSTRAINTS 0
d SAT_VARS 2713385
d SAT_CLAUSES_BASE 68246832
d SAT_CLAUSES_FINAL 68246832
d SAT_CLAUSES_CEGAR_DELTA 0
d LINEAR_INT_EQ_ARITY_STATS {}
d LINEAR_INT_NE_ARITY_STATS {}
d LINEAR_INT_GE_ARITY_STATS {"1":{"count":14940,"max_domain_product_excluding_one_var":"1","p95_domain_product_excluding_one_var":"1"},"2":{"count":132,"max_domain_product_excluding_one_var":"49","p95_domain_product_excluding_one_var":"41"},"4":{"count":2188,"max_domain_product_excluding_one_var":"1184220","p95_domain_product_excluding_one_var":"1184220"}}
d LINEAR_BOOL_MIXED_ARITY_STATS {"19":{"count":83,"max_domain_product_excluding_one_var":"262144","p95_domain_product_excluding_one_var":"262144"},"24":{"count":83,"max_domain_product_excluding_one_var":"8388608","p95_domain_product_excluding_one_var":"8388608"},"25":{"count":83,"max_domain_product_excluding_one_var":"16777216","p95_domain_product_excluding_one_var":"16777216"},"26":{"count":83,"max_domain_product_excluding_one_var":"33554432","p95_domain_product_excluding_one_var":"33554432"}}
d PROPAGATE_PRUNED_VALUES 4525
d PROPAGATE_CHANGED_DOMAINS 90
d PROPAGATE_ENTAILED_TABLES 0
d POST_LOWER_ROUNDS 0
d POST_LOWER_TIGHTENED_DOMAINS 0
d POST_LOWER_REMOVED_CLAUSES 36291
d POST_LOWER_REMOVED_LITS 20128
d POST_LOWER_DETECTED_UNSAT 0
d PREENCODE_INT_VARS 8424
d ENCODE_EXTERNAL_GE_SPECS 0
d ENCODE_RELAXED_CIRCUITS 0
d DECODE_INT_ASSIGNMENTS 94
d CIRCUIT_CEGAR_FAILURES 0
d CIRCUIT_CEGAR_ROUNDS 0
d CIRCUIT_CEGAR_ADDED_CLAUSES 0
d CSV /LARGE0/gr10672/b39275/xcsp3instances/benchmark/competition/2022-2025/COP22to25/RIP-25-0-j090-01-01_c23.xml.lzma,unknown,,,,,,,,,,,,,,timeout_signal,terminated_by_signal
signal=15; emitted fallback csv row
