# WCTIME: wall clock time in seconds
WCTIME=14.4697
# CPUTIME: CPU time in seconds (USERTIME+SYSTEMTIME)
CPUTIME=14.3743
# USERTIME: CPU time spent in user mode in seconds
USERTIME=14.3261
# SYSTEMTIME: CPU time spent in system mode in seconds
SYSTEMTIME=0.048199
# CPUUSAGE: CPUTIME/WCTIME in percent
CPUUSAGE=99.3404
# MAXVM: maximum virtual memory used in KiB
MAXVM=211188
# MAXMM: maximum memory used in KiB
MAXMM=37576
# MAXRSS: maximum Resident Segment Size in KiB
MAXRSS=34488
# TIMEOUT: did the solver exceed the time limit?
TIMEOUT=false
# MEMOUT: did the solver exceed the memory limit?
MEMOUT=false
# EXITSTATUS: Exit status of the solver
EXITSTATUS=0
