# WCTIME: wall clock time in seconds
WCTIME=64.5165
# CPUTIME: CPU time in seconds (USERTIME+SYSTEMTIME)
CPUTIME=63.5694
# USERTIME: CPU time spent in user mode in seconds
USERTIME=62.2411
# SYSTEMTIME: CPU time spent in system mode in seconds
SYSTEMTIME=1.3283
# CPUUSAGE: CPUTIME/WCTIME in percent
CPUUSAGE=98.5319
# MAXVM: maximum virtual memory used in KiB
MAXVM=2511892
# MAXMM: maximum memory used in KiB
MAXMM=1399036
# MAXRSS: maximum Resident Segment Size in KiB
MAXRSS=1399036
# TIMEOUT: did the solver exceed the time limit?
TIMEOUT=false
# MEMOUT: did the solver exceed the memory limit?
MEMOUT=false
# EXITSTATUS: Exit status of the solver
EXITSTATUS=0
