# WCTIME: wall clock time in seconds
WCTIME=4.1369
# CPUTIME: CPU time in seconds (USERTIME+SYSTEMTIME)
CPUTIME=4.09155
# USERTIME: CPU time spent in user mode in seconds
USERTIME=3.69318
# SYSTEMTIME: CPU time spent in system mode in seconds
SYSTEMTIME=0.398369
# CPUUSAGE: CPUTIME/WCTIME in percent
CPUUSAGE=98.9037
# MAXVM: maximum virtual memory used in KiB
MAXVM=742884
# MAXMM: maximum memory used in KiB
MAXMM=523888
# MAXRSS: maximum Resident Segment Size in KiB
MAXRSS=520796
# TIMEOUT: did the solver exceed the time limit?
TIMEOUT=false
# MEMOUT: did the solver exceed the memory limit?
MEMOUT=false
# EXITSTATUS: Exit status of the solver
EXITSTATUS=0
