# WCTIME: wall clock time in seconds
WCTIME=85.7433
# CPUTIME: CPU time in seconds (USERTIME+SYSTEMTIME)
CPUTIME=57.2884
# USERTIME: CPU time spent in user mode in seconds
USERTIME=10.2805
# SYSTEMTIME: CPU time spent in system mode in seconds
SYSTEMTIME=47.0079
# CPUUSAGE: CPUTIME/WCTIME in percent
CPUUSAGE=66.8138
# MAXVM: maximum virtual memory used in KiB
MAXVM=957352276
# MAXMM: maximum memory used in KiB
MAXMM=122985728
# MAXRSS: maximum Resident Segment Size in KiB
MAXRSS=110775020
# TIMEOUT: did the solver exceed the time limit?
TIMEOUT=false
# MEMOUT: did the solver exceed the memory limit?
MEMOUT=false
# EXITSTATUS: Exit status of the solver
EXITSTATUS=35072
