c cmd: /host-parser-bin/kat_xcsp_0d68ca9c_dirty_logscopfix_20260528 /bench/competition/2022-2025/COP22to25/Coprime-40_c25.xml.lzma --encoder log-scop --log-scop-linear-pb-backend auto --log-scop-bdd-decomposition auto --log-scop-aggregate-weighted-lits --cop-pipeline guarded-basic --cop-objective-cut direct-expr --cop-objective-cut-timing incremental-hard --cop-objective-cut-backend cnf --table-encoding mdd-tl --eq-ne-encoding direct --direct-eq-ne-max-arity 2 --cumulative-mode exact --cumulative-decomposition time-rd --progress
c version: kat-cli=0.1.0 git=unknown-clean
c run_start_local: 2026-05-28 17:38:58 +0900
c 00h00m00s | solve:start
c 00h00m00s | stage:objective-cut timing=incremental-hard backend=cnf form=direct-expr
c 00h00m00s | input: constraints=1247260
c 00h00m00s | stage:propagate:start
c 00h00m11s | stage:propagate:done ms=10948 pruned=1560 changed_domains=40 entailed_tables=0
c 00h00m11s | memory:rss checkpoint=after_propagate bytes=2717999104 rss=2.53GiB
c 00h00m11s | stage:normalize:start
c 00h00m11s | stage:normalize:done ms=0 high_constraints=1247260
c 00h00m11s | stage:lower:start
c 00h00m14s | stage:lower:progress percent=10 processed=124726 total=1247260 lowered=124726 unsupported=0 ms=3080
c 00h00m17s | stage:lower:progress percent=20 processed=249452 total=1247260 lowered=249452 unsupported=0 ms=5815
c 00h00m19s | stage:lower:progress percent=30 processed=374178 total=1247260 lowered=374178 unsupported=0 ms=7966
c 00h00m22s | stage:lower:progress percent=40 processed=498904 total=1247260 lowered=498904 unsupported=0 ms=11469
c 00h00m24s | stage:lower:progress percent=50 processed=623630 total=1247260 lowered=623630 unsupported=0 ms=13694
c 00h00m27s | stage:lower:progress percent=60 processed=748356 total=1247260 lowered=748356 unsupported=0 ms=15908
c 00h00m29s | stage:lower:progress percent=70 processed=873082 total=1247260 lowered=873082 unsupported=0 ms=18190
c 00h00m34s | stage:lower:progress percent=80 processed=997808 total=1247260 lowered=997808 unsupported=0 ms=23095
c 00h00m36s | stage:lower:progress percent=90 processed=1122534 total=1247260 lowered=1122534 unsupported=0 ms=25355
c 00h00m38s | stage:lower:progress percent=100 processed=1247260 total=1247260 lowered=1247260 unsupported=0 ms=27591
c 00h00m42s | stage:lower:done ms=31503 lowered=1247260 unsupported=0
c 00h00m42s | memory:rss checkpoint=after_lower bytes=3788554240 rss=3.53GiB
c 00h00m42s | stage:post_lower:start
c 00h00m42s | stage:post_lower:skip reason=lowered_constraints_1247260_exceed_limit_1000000
c 00h00m42s | stage:post_lower:done ms=0 skipped=true reason=lowered_constraints_1247260_exceed_limit_1000000 rounds=0 tightened=0 removed_cls=0 removed_lits=0 unsat=false precise_hits=0 precise_rounds=0 pivot_recomputes=0 pivot_exact_attempts=0 pivot_general_attempts=0 pivot_general_rest_missing=0 pivot_general_bound_missing=0 pivot_general_no_change=0 pivot_general_tightened=0 setup_ms=0 loop_ms=0 pivot_ms=0 pivot_version_ms=0 pivot_exact_ms=0 pivot_general_ms=0 pivot_general_prepare_ms=0 pivot_general_rest_ms=0 pivot_general_derive_ms=0 apply_ms=0 sat_ms=0 precise_ms=0
c 00h00m42s | memory:rss checkpoint=after_post_lower bytes=3788554240 rss=3.53GiB
c 00h00m45s | stage:lowered-shape int_vars=4988998 bool_vars=0 linear_atoms=9977955 table_atoms=0 table_tuples=0 table_scope=0 alldiff_atoms=0 circuit_atoms=0 product_atoms=0 logical_clauses=8730735
c 00h00m45s | stage:root-lp:skip reason=disabled ms=0
c 00h00m52s | stage:preencode(log-scop):mod-disjoint-extprop constraints=1247220
c 00h00m52s | memory:rss checkpoint=before_preencode bytes=3848568832 rss=3.58GiB
c 00h00m52s | stage:preencode(log-scop):start
c 00h00m53s | stage:preencode(log-scop):done ms=1166 int_vars=4988998
c 00h00m53s | memory:rss checkpoint=after_preencode bytes=3708919808 rss=3.45GiB
c 00h00m54s | memory:rss checkpoint=before_encode bytes=3708960768 rss=3.45GiB
c 00h00m54s | stage:encode(log-scop):start
c 00h00m55s | memory:rss checkpoint=encode_clause_sample stage=log-scop clauses=2783 bytes=3709132800 rss=3.45GiB progress_percent=10 processed=24 total=235
c 00h00m55s | stage:encode(log-scop):progress percent=10 processed=24 total=235 sat_clauses=2783 ms=1163
c 00h00m56s | memory:rss checkpoint=encode_clause_sample stage=log-scop clauses=4071 bytes=3709132800 rss=3.45GiB progress_percent=20 processed=47 total=235
c 00h00m56s | stage:encode(log-scop):progress percent=20 processed=47 total=235 sat_clauses=4071 ms=1254
c 00h00m56s | memory:rss checkpoint=encode_clause_sample stage=log-scop clauses=5339 bytes=3709353984 rss=3.45GiB progress_percent=30 processed=71 total=235
c 00h00m56s | stage:encode(log-scop):progress percent=30 processed=71 total=235 sat_clauses=5339 ms=1360
c 00h00m56s | memory:rss checkpoint=encode_clause_sample stage=log-scop clauses=6618 bytes=3709353984 rss=3.45GiB progress_percent=40 processed=94 total=235
c 00h00m56s | stage:encode(log-scop):progress percent=40 processed=94 total=235 sat_clauses=6618 ms=1381
c 00h00m56s | memory:rss checkpoint=encode_clause_sample stage=log-scop clauses=7911 bytes=3709353984 rss=3.45GiB progress_percent=50 processed=118 total=235
c 00h00m56s | stage:encode(log-scop):progress percent=50 processed=118 total=235 sat_clauses=7911 ms=1381
c 00h00m56s | memory:rss checkpoint=encode_clause_sample stage=log-scop clauses=9053 bytes=3709353984 rss=3.45GiB progress_percent=60 processed=141 total=235
c 00h00m56s | stage:encode(log-scop):progress percent=60 processed=141 total=235 sat_clauses=9053 ms=1381
c 00h00m56s | memory:rss checkpoint=encode_clause_sample stage=log-scop clauses=10318 bytes=3709353984 rss=3.45GiB progress_percent=70 processed=165 total=235
c 00h00m56s | stage:encode(log-scop):progress percent=70 processed=165 total=235 sat_clauses=10318 ms=1382
c 00h00m56s | memory:rss checkpoint=encode_clause_sample stage=log-scop clauses=11537 bytes=3709353984 rss=3.45GiB progress_percent=80 processed=188 total=235
c 00h00m56s | stage:encode(log-scop):progress percent=80 processed=188 total=235 sat_clauses=11537 ms=1382
c 00h00m56s | memory:rss checkpoint=encode_clause_sample stage=log-scop clauses=11908 bytes=3709353984 rss=3.45GiB progress_percent=90 processed=212 total=235
c 00h00m56s | stage:encode(log-scop):progress percent=90 processed=212 total=235 sat_clauses=11908 ms=1382
c 00h00m56s | memory:rss checkpoint=encode_clause_sample stage=log-scop clauses=11908 bytes=3709353984 rss=3.45GiB progress_percent=100 processed=235 total=235
c 00h00m56s | stage:encode(log-scop):progress percent=100 processed=235 total=235 sat_clauses=11908 ms=1382
c 00h00m56s | stage:encode(log-scop):done ms=1389 sat_vars=7685 sat_clauses=11908 ext_ge_specs=0 relaxed_circuits=0 log_scop_pb_constraints=196 log_scop_pb_mixed=0 log_scop_pb_bdd2=196 log_scop_pb_bdd3=0 log_scop_pb_sorter=0 log_scop_pb_dadda=0 log_scop_bdd_raw=196 log_scop_bdd_binary=0 log_scop_bdd_multibase=0
c 00h01m01s | stage:objective-cut timing=incremental-hard backend=cnf form=direct-expr
c 00h01m04s | stage:sat:init solver=CaDiCaL vars=7685 clauses=11908
c 00h01m04s | stage:sat:solve:start assumptions=0 phase_lits=0
c 00h02m21s | stage:sat:solve:done ms=76970 result=Sat assumptions=0 phase_lits=0
c 00h02m21s | stage:decode:start
c 00h02m23s | stage:decode:done int_assignments=40
c 00h02m23s | result:Sat
c 00h02m24s | objective:incumbent kind=initial value=1597 rounds=1 improvements=0
o 1597
c 00h02m29s | stage:objective-cut:add timing=incremental-hard backend=cnf form=direct-expr clauses_added=15
c 00h02m29s | stage:sat:init solver=CaDiCaL vars=7694 clauses=11923
c 00h02m29s | stage:sat:solve:start assumptions=0 phase_lits=440
c 00h02m36s | stage:sat:solve:done ms=6235 result=Sat assumptions=0 phase_lits=440
c 00h02m36s | stage:decode:start
c 00h02m38s | stage:decode:done int_assignments=40
c 00h02m38s | result:Sat
c 00h02m38s | objective:incumbent kind=improvement value=1591 rounds=2 improvements=1
o 1591
c 00h02m43s | stage:objective-cut:add timing=incremental-hard backend=cnf form=direct-expr clauses_added=16
c 00h02m44s | stage:sat:init solver=CaDiCaL vars=7704 clauses=11939
c 00h02m44s | stage:sat:solve:start assumptions=0 phase_lits=440
c 00h02m53s | stage:sat:solve:done ms=9153 result=Sat assumptions=0 phase_lits=440
c 00h02m53s | stage:decode:start
c 00h02m55s | stage:decode:done int_assignments=40
c 00h02m55s | result:Sat
c 00h02m56s | objective:incumbent kind=improvement value=1589 rounds=3 improvements=2
o 1589
c 00h03m01s | stage:objective-cut:add timing=incremental-hard backend=cnf form=direct-expr clauses_added=15
c 00h03m01s | stage:sat:init solver=CaDiCaL vars=7713 clauses=11954
c 00h03m01s | stage:sat:solve:start assumptions=0 phase_lits=440
c 00h03m06s | stage:sat:solve:done ms=4662 result=Sat assumptions=0 phase_lits=440
c 00h03m06s | stage:decode:start
c 00h03m08s | stage:decode:done int_assignments=40
c 00h03m08s | result:Sat
c 00h03m09s | objective:incumbent kind=improvement value=1583 rounds=4 improvements=3
o 1583
c 00h03m14s | stage:objective-cut:add timing=incremental-hard backend=cnf form=direct-expr clauses_added=17
c 00h03m14s | stage:sat:init solver=CaDiCaL vars=7723 clauses=11971
c 00h03m14s | stage:sat:solve:start assumptions=0 phase_lits=440
c 00h03m50s | stage:sat:solve:done ms=36235 result=Sat assumptions=0 phase_lits=440
c 00h03m50s | stage:decode:start
c 00h03m53s | stage:decode:done int_assignments=40
c 00h03m53s | result:Sat
c 00h03m53s | objective:incumbent kind=improvement value=1579 rounds=5 improvements=4
o 1579
c 00h03m58s | stage:objective-cut:add timing=incremental-hard backend=cnf form=direct-expr clauses_added=18
c 00h03m59s | stage:sat:init solver=CaDiCaL vars=7733 clauses=11989
c 00h03m59s | stage:sat:solve:start assumptions=0 phase_lits=440
c 00h04m27s | stage:sat:solve:done ms=28282 result=Sat assumptions=0 phase_lits=440
c 00h04m27s | stage:decode:start
c 00h04m29s | stage:decode:done int_assignments=40
c 00h04m29s | result:Sat
c 00h04m30s | objective:incumbent kind=improvement value=1571 rounds=6 improvements=5
o 1571
c 00h04m35s | stage:objective-cut:add timing=incremental-hard backend=cnf form=direct-expr clauses_added=13
c 00h04m35s | stage:sat:init solver=CaDiCaL vars=7743 clauses=12002
c 00h04m35s | stage:sat:solve:start assumptions=0 phase_lits=440
c 00h04m57s | stage:sat:solve:done ms=21405 result=Sat assumptions=0 phase_lits=440
c 00h04m57s | stage:decode:start
c 00h04m59s | stage:decode:done int_assignments=40
c 00h04m59s | result:Sat
c 00h05m00s | objective:incumbent kind=improvement value=1567 rounds=7 improvements=6
o 1567
c 00h05m04s | stage:objective-cut:add timing=incremental-hard backend=cnf form=direct-expr clauses_added=13
c 00h05m05s | stage:sat:init solver=CaDiCaL vars=7753 clauses=12015
c 00h05m05s | stage:sat:solve:start assumptions=0 phase_lits=440
c 00h05m10s | stage:sat:solve:done ms=4663 result=Sat assumptions=0 phase_lits=440
c 00h05m10s | stage:decode:start
c 00h05m12s | stage:decode:done int_assignments=40
c 00h05m12s | result:Sat
c 00h05m13s | objective:incumbent kind=improvement value=1565 rounds=8 improvements=7
o 1565
c 00h05m17s | stage:objective-cut:add timing=incremental-hard backend=cnf form=direct-expr clauses_added=12
c 00h05m18s | stage:sat:init solver=CaDiCaL vars=7762 clauses=12027
c 00h05m18s | stage:sat:solve:start assumptions=0 phase_lits=440
c 00h05m35s | stage:sat:solve:done ms=17662 result=Sat assumptions=0 phase_lits=440
c 00h05m35s | stage:decode:start
c 00h05m38s | stage:decode:done int_assignments=40
c 00h05m38s | result:Sat
c 00h05m38s | objective:incumbent kind=improvement value=1561 rounds=9 improvements=8
o 1561
c 00h05m43s | stage:objective-cut:add timing=incremental-hard backend=cnf form=direct-expr clauses_added=9
c 00h05m44s | stage:sat:init solver=CaDiCaL vars=7769 clauses=12036
c 00h05m44s | stage:sat:solve:start assumptions=0 phase_lits=440
c 00h06m00s | stage:sat:solve:done ms=16100 result=Sat assumptions=0 phase_lits=440
c 00h06m00s | stage:decode:start
c 00h06m02s | stage:decode:done int_assignments=40
c 00h06m02s | result:Sat
c 00h06m03s | objective:incumbent kind=improvement value=1553 rounds=10 improvements=9
o 1553
c 00h06m07s | stage:objective-cut:add timing=incremental-hard backend=cnf form=direct-expr clauses_added=11
c 00h06m08s | stage:sat:init solver=CaDiCaL vars=7777 clauses=12047
c 00h06m08s | stage:sat:solve:start assumptions=0 phase_lits=440
c 00h06m12s | stage:sat:solve:done ms=3533 result=Sat assumptions=0 phase_lits=440
c 00h06m12s | stage:decode:start
c 00h06m14s | stage:decode:done int_assignments=40
c 00h06m14s | result:Sat
c 00h06m15s | objective:incumbent kind=improvement value=1549 rounds=11 improvements=10
o 1549
c 00h06m19s | stage:objective-cut:add timing=incremental-hard backend=cnf form=direct-expr clauses_added=13
c 00h06m20s | stage:sat:init solver=CaDiCaL vars=7786 clauses=12060
c 00h06m20s | stage:sat:solve:start assumptions=0 phase_lits=440
c 00h07m06s | stage:sat:solve:done ms=45831 result=Sat assumptions=0 phase_lits=440
c 00h07m06s | stage:decode:start
c 00h07m08s | stage:decode:done int_assignments=40
c 00h07m08s | result:Sat
c 00h07m09s | objective:incumbent kind=improvement value=1543 rounds=12 improvements=11
o 1543
c 00h07m13s | stage:objective-cut:add timing=incremental-hard backend=cnf form=direct-expr clauses_added=13
c 00h07m14s | stage:sat:init solver=CaDiCaL vars=7796 clauses=12073
c 00h07m14s | stage:sat:solve:start assumptions=0 phase_lits=440
c 00h08m08s | stage:sat:solve:done ms=53620 result=Sat assumptions=0 phase_lits=440
c 00h08m08s | stage:decode:start
c 00h08m10s | stage:decode:done int_assignments=40
c 00h08m10s | result:Sat
c 00h08m11s | objective:incumbent kind=improvement value=1541 rounds=13 improvements=12
o 1541
c 00h08m15s | stage:objective-cut:add timing=incremental-hard backend=cnf form=direct-expr clauses_added=12
c 00h08m16s | stage:sat:init solver=CaDiCaL vars=7805 clauses=12085
c 00h08m16s | stage:sat:solve:start assumptions=0 phase_lits=440
c 00h08m43s | stage:sat:solve:done ms=26969 result=Sat assumptions=0 phase_lits=440
c 00h08m43s | stage:decode:start
c 00h08m45s | stage:decode:done int_assignments=40
c 00h08m45s | result:Sat
c 00h08m46s | objective:incumbent kind=improvement value=1537 rounds=14 improvements=13
o 1537
c 00h08m50s | stage:objective-cut:add timing=incremental-hard backend=cnf form=direct-expr clauses_added=11
c 00h08m51s | stage:sat:init solver=CaDiCaL vars=7813 clauses=12096
c 00h08m51s | stage:sat:solve:start assumptions=0 phase_lits=440
c 00h10m05s | stage:sat:solve:done ms=74247 result=Sat assumptions=0 phase_lits=440
c 00h10m05s | stage:decode:start
c 00h10m08s | stage:decode:done int_assignments=40
c 00h10m08s | result:Sat
c 00h10m08s | objective:incumbent kind=improvement value=1531 rounds=15 improvements=14
o 1531
c 00h10m13s | stage:objective-cut:add timing=incremental-hard backend=cnf form=direct-expr clauses_added=15
c 00h10m14s | stage:sat:init solver=CaDiCaL vars=7823 clauses=12111
c 00h10m14s | stage:sat:solve:start assumptions=0 phase_lits=440
c 00h10m15s | stage:sat:solve:done ms=1734 result=Sat assumptions=0 phase_lits=440
c 00h10m15s | stage:decode:start
c 00h10m18s | stage:decode:done int_assignments=40
c 00h10m18s | result:Sat
c 00h10m18s | objective:incumbent kind=improvement value=1523 rounds=16 improvements=15
o 1523
c 00h10m23s | stage:objective-cut:add timing=incremental-hard backend=cnf form=direct-expr clauses_added=15
c 00h10m24s | stage:sat:init solver=CaDiCaL vars=7833 clauses=12126
c 00h10m24s | stage:sat:solve:start assumptions=0 phase_lits=440
c 00h11m56s | stage:sat:solve:done ms=92711 result=Sat assumptions=0 phase_lits=440
c 00h11m56s | stage:decode:start
c 00h11m58s | stage:decode:done int_assignments=40
c 00h11m58s | result:Sat
c 00h11m59s | objective:incumbent kind=improvement value=1517 rounds=17 improvements=16
o 1517
c 00h12m04s | stage:objective-cut:add timing=incremental-hard backend=cnf form=direct-expr clauses_added=14
c 00h12m05s | stage:sat:init solver=CaDiCaL vars=7842 clauses=12140
c 00h12m05s | stage:sat:solve:start assumptions=0 phase_lits=440
c 00h12m52s | stage:sat:solve:done ms=47714 result=Sat assumptions=0 phase_lits=440
c 00h12m52s | stage:decode:start
c 00h12m54s | stage:decode:done int_assignments=40
c 00h12m54s | result:Sat
c 00h12m55s | objective:incumbent kind=improvement value=1513 rounds=18 improvements=17
o 1513
c 00h13m00s | stage:objective-cut:add timing=incremental-hard backend=cnf form=direct-expr clauses_added=7
c 00h13m01s | stage:sat:init solver=CaDiCaL vars=7847 clauses=12147
c 00h13m01s | stage:sat:solve:start assumptions=0 phase_lits=440
c 00h13m02s | stage:sat:solve:done ms=1779 result=Sat assumptions=0 phase_lits=440
c 00h13m02s | stage:decode:start
c 00h13m04s | stage:decode:done int_assignments=40
c 00h13m04s | result:Sat
c 00h13m05s | objective:incumbent kind=improvement value=1511 rounds=19 improvements=18
o 1511
c 00h13m10s | stage:objective-cut:add timing=incremental-hard backend=cnf form=direct-expr clauses_added=13
c 00h13m11s | stage:sat:init solver=CaDiCaL vars=7857 clauses=12160
c 00h13m11s | stage:sat:solve:start assumptions=0 phase_lits=440
c 00h13m37s | stage:sat:solve:done ms=26526 result=Sat assumptions=0 phase_lits=440
c 00h13m37s | stage:decode:start
c 00h13m39s | stage:decode:done int_assignments=40
c 00h13m39s | result:Sat
c 00h13m40s | objective:incumbent kind=improvement value=1507 rounds=20 improvements=19
o 1507
c 00h13m45s | stage:objective-cut:add timing=incremental-hard backend=cnf form=direct-expr clauses_added=14
c 00h13m45s | stage:sat:init solver=CaDiCaL vars=7867 clauses=12174
c 00h13m45s | stage:sat:solve:start assumptions=0 phase_lits=440
c 00h13m53s | stage:sat:solve:done ms=7391 result=Sat assumptions=0 phase_lits=440
c 00h13m53s | stage:decode:start
c 00h13m55s | stage:decode:done int_assignments=40
c 00h13m55s | result:Sat
c 00h13m56s | objective:incumbent kind=improvement value=1499 rounds=21 improvements=20
o 1499
c 00h14m00s | stage:objective-cut:add timing=incremental-hard backend=cnf form=direct-expr clauses_added=15
c 00h14m01s | stage:sat:init solver=CaDiCaL vars=7877 clauses=12189
c 00h14m01s | stage:sat:solve:start assumptions=0 phase_lits=440
c 00h14m40s | stage:sat:solve:done ms=38564 result=Sat assumptions=0 phase_lits=440
c 00h14m40s | stage:decode:start
c 00h14m42s | stage:decode:done int_assignments=40
c 00h14m42s | result:Sat
c 00h14m42s | objective:incumbent kind=improvement value=1493 rounds=22 improvements=21
o 1493
c 00h14m47s | stage:objective-cut:add timing=incremental-hard backend=cnf form=direct-expr clauses_added=13
c 00h14m48s | stage:sat:init solver=CaDiCaL vars=7886 clauses=12202
c 00h14m48s | stage:sat:solve:start assumptions=0 phase_lits=440
c 00h14m51s | stage:sat:solve:done ms=3066 result=Sat assumptions=0 phase_lits=440
c 00h14m51s | stage:decode:start
c 00h14m53s | stage:decode:done int_assignments=40
c 00h14m53s | result:Sat
c 00h14m54s | objective:incumbent kind=improvement value=1489 rounds=23 improvements=22
o 1489
c 00h14m58s | stage:objective-cut:add timing=incremental-hard backend=cnf form=direct-expr clauses_added=12
c 00h14m59s | stage:sat:init solver=CaDiCaL vars=7894 clauses=12214
c 00h14m59s | stage:sat:solve:start assumptions=0 phase_lits=440
c 00h15m00s | stage:sat:solve:done ms=355 result=Sat assumptions=0 phase_lits=440
c 00h15m00s | stage:decode:start
c 00h15m02s | stage:decode:done int_assignments=40
c 00h15m02s | result:Sat
c 00h15m03s | objective:incumbent kind=improvement value=1487 rounds=24 improvements=23
o 1487
c 00h15m07s | stage:objective-cut:add timing=incremental-hard backend=cnf form=direct-expr clauses_added=15
c 00h15m08s | stage:sat:init solver=CaDiCaL vars=7904 clauses=12229
c 00h15m08s | stage:sat:solve:start assumptions=0 phase_lits=440
c 00h15m08s | stage:sat:solve:done ms=468 result=Sat assumptions=0 phase_lits=440
c 00h15m08s | stage:decode:start
c 00h15m11s | stage:decode:done int_assignments=40
c 00h15m11s | result:Sat
c 00h15m11s | objective:incumbent kind=improvement value=1481 rounds=25 improvements=24
o 1481
c 00h15m16s | stage:objective-cut:add timing=incremental-hard backend=cnf form=direct-expr clauses_added=9
c 00h15m17s | stage:sat:init solver=CaDiCaL vars=7910 clauses=12238
c 00h15m17s | stage:sat:solve:start assumptions=0 phase_lits=440
c 00h15m27s | stage:sat:solve:done ms=10182 result=Sat assumptions=0 phase_lits=440
c 00h15m27s | stage:decode:start
c 00h15m29s | stage:decode:done int_assignments=40
c 00h15m29s | result:Sat
c 00h15m30s | objective:incumbent kind=improvement value=1453 rounds=26 improvements=25
o 1453
c 00h15m34s | stage:objective-cut:add timing=incremental-hard backend=cnf form=direct-expr clauses_added=15
c 00h15m35s | stage:sat:init solver=CaDiCaL vars=7919 clauses=12253
c 00h15m35s | stage:sat:solve:start assumptions=0 phase_lits=440
c 00h15m45s | stage:sat:solve:done ms=9488 result=Sat assumptions=0 phase_lits=440
c 00h15m45s | stage:decode:start
c 00h15m47s | stage:decode:done int_assignments=40
c 00h15m47s | result:Sat
c 00h15m47s | objective:incumbent kind=improvement value=1451 rounds=27 improvements=26
o 1451
c 00h15m52s | stage:objective-cut:add timing=incremental-hard backend=cnf form=direct-expr clauses_added=17
c 00h15m53s | stage:sat:init solver=CaDiCaL vars=7929 clauses=12270
c 00h15m53s | stage:sat:solve:start assumptions=0 phase_lits=440
c 00h16m12s | stage:sat:solve:done ms=19345 result=Sat assumptions=0 phase_lits=440
c 00h16m12s | stage:decode:start
c 00h16m14s | stage:decode:done int_assignments=40
c 00h16m14s | result:Sat
c 00h16m15s | objective:incumbent kind=improvement value=1399 rounds=28 improvements=27
o 1399
c 00h16m20s | stage:objective-cut:add timing=incremental-hard backend=cnf form=direct-expr clauses_added=15
c 00h16m20s | stage:sat:init solver=CaDiCaL vars=7939 clauses=12285
c 00h16m20s | stage:sat:solve:start assumptions=0 phase_lits=440
c 00h16m21s | stage:sat:solve:done ms=824 result=Sat assumptions=0 phase_lits=440
c 00h16m21s | stage:decode:start
c 00h16m24s | stage:decode:done int_assignments=40
c 00h16m24s | result:Sat
c 00h16m24s | objective:incumbent kind=improvement value=1397 rounds=29 improvements=28
o 1397
c 00h16m29s | stage:objective-cut:add timing=incremental-hard backend=cnf form=direct-expr clauses_added=14
c 00h16m29s | stage:sat:init solver=CaDiCaL vars=7948 clauses=12299
c 00h16m29s | stage:sat:solve:start assumptions=0 phase_lits=440
c 00h16m31s | stage:sat:solve:done ms=1600 result=Sat assumptions=0 phase_lits=440
c 00h16m31s | stage:decode:start
c 00h16m33s | stage:decode:done int_assignments=40
c 00h16m33s | result:Sat
c 00h16m34s | objective:incumbent kind=improvement value=1393 rounds=30 improvements=29
o 1393
c 00h16m39s | stage:objective-cut:add timing=incremental-hard backend=cnf form=direct-expr clauses_added=13
c 00h16m39s | stage:sat:init solver=CaDiCaL vars=7956 clauses=12312
c 00h16m39s | stage:sat:solve:start assumptions=0 phase_lits=440
c 00h16m42s | stage:sat:solve:done ms=2758 result=Sat assumptions=0 phase_lits=440
c 00h16m42s | stage:decode:start
c 00h16m44s | stage:decode:done int_assignments=40
c 00h16m44s | result:Sat
c 00h16m45s | objective:incumbent kind=improvement value=1385 rounds=31 improvements=30
o 1385
c 00h16m50s | stage:objective-cut:add timing=incremental-hard backend=cnf form=direct-expr clauses_added=8
c 00h16m50s | stage:sat:init solver=CaDiCaL vars=7961 clauses=12320
c 00h16m50s | stage:sat:solve:start assumptions=0 phase_lits=440
c 00h16m51s | stage:sat:solve:done ms=1062 result=Sat assumptions=0 phase_lits=440
c 00h16m51s | stage:decode:start
c 00h16m54s | stage:decode:done int_assignments=40
c 00h16m54s | result:Sat
c 00h16m54s | objective:incumbent kind=improvement value=1345 rounds=32 improvements=31
o 1345
c 00h16m59s | stage:objective-cut:add timing=incremental-hard backend=cnf form=direct-expr clauses_added=13
c 00h17m00s | stage:sat:init solver=CaDiCaL vars=7969 clauses=12333
c 00h17m00s | stage:sat:solve:start assumptions=0 phase_lits=440
c 00h17m03s | stage:sat:solve:done ms=3654 result=Sat assumptions=0 phase_lits=440
c 00h17m03s | stage:decode:start
c 00h17m06s | stage:decode:done int_assignments=40
c 00h17m06s | result:Sat
c 00h17m06s | objective:incumbent kind=improvement value=1343 rounds=33 improvements=32
o 1343
c 00h17m11s | stage:objective-cut:add timing=incremental-hard backend=cnf form=direct-expr clauses_added=16
c 00h17m11s | stage:sat:init solver=CaDiCaL vars=7979 clauses=12349
c 00h17m11s | stage:sat:solve:start assumptions=0 phase_lits=440
c 00h17m22s | stage:sat:solve:done ms=10779 result=Sat assumptions=0 phase_lits=440
c 00h17m22s | stage:decode:start
c 00h17m24s | stage:decode:done int_assignments=40
c 00h17m24s | result:Sat
c 00h17m25s | objective:incumbent kind=improvement value=1337 rounds=34 improvements=33
o 1337
c 00h17m30s | stage:objective-cut:add timing=incremental-hard backend=cnf form=direct-expr clauses_added=12
c 00h17m30s | stage:sat:init solver=CaDiCaL vars=7986 clauses=12361
c 00h17m30s | stage:sat:solve:start assumptions=0 phase_lits=440
c 00h17m31s | stage:sat:solve:done ms=656 result=Sat assumptions=0 phase_lits=440
c 00h17m31s | stage:decode:start
c 00h17m33s | stage:decode:done int_assignments=40
c 00h17m33s | result:Sat
c 00h17m34s | objective:incumbent kind=improvement value=1333 rounds=35 improvements=34
o 1333
c 00h17m39s | stage:objective-cut:add timing=incremental-hard backend=cnf form=direct-expr clauses_added=15
c 00h17m39s | stage:sat:init solver=CaDiCaL vars=7995 clauses=12376
c 00h17m39s | stage:sat:solve:start assumptions=0 phase_lits=440
c 00h17m40s | stage:sat:solve:done ms=441 result=Sat assumptions=0 phase_lits=440
c 00h17m40s | stage:decode:start
c 00h17m42s | stage:decode:done int_assignments=40
c 00h17m42s | result:Sat
c 00h17m43s | objective:incumbent kind=improvement value=1331 rounds=36 improvements=35
o 1331
c 00h17m48s | stage:objective-cut:add timing=incremental-hard backend=cnf form=direct-expr clauses_added=17
c 00h17m48s | stage:sat:init solver=CaDiCaL vars=8005 clauses=12393
c 00h17m48s | stage:sat:solve:start assumptions=0 phase_lits=440
c 00h18m08s | stage:sat:solve:done ms=19560 result=Sat assumptions=0 phase_lits=440
c 00h18m08s | stage:decode:start
c 00h18m10s | stage:decode:done int_assignments=40
c 00h18m10s | result:Sat
c 00h18m11s | objective:incumbent kind=improvement value=1327 rounds=37 improvements=36
o 1327
c 00h18m15s | stage:objective-cut:add timing=incremental-hard backend=cnf form=direct-expr clauses_added=17
c 00h18m16s | stage:sat:init solver=CaDiCaL vars=8015 clauses=12410
c 00h18m16s | stage:sat:solve:start assumptions=0 phase_lits=440
c 00h18m17s | stage:sat:solve:done ms=1407 result=Sat assumptions=0 phase_lits=440
c 00h18m17s | stage:decode:start
c 00h18m20s | stage:decode:done int_assignments=40
c 00h18m20s | result:Sat
c 00h18m20s | objective:incumbent kind=improvement value=1325 rounds=38 improvements=37
o 1325
c 00h18m25s | stage:objective-cut:add timing=incremental-hard backend=cnf form=direct-expr clauses_added=16
c 00h18m26s | stage:sat:init solver=CaDiCaL vars=8024 clauses=12426
c 00h18m26s | stage:sat:solve:start assumptions=0 phase_lits=440
c 00h18m26s | stage:sat:solve:done ms=400 result=Sat assumptions=0 phase_lits=440
c 00h18m26s | stage:decode:start
c 00h18m28s | stage:decode:done int_assignments=40
c 00h18m28s | result:Sat
c 00h18m29s | objective:incumbent kind=improvement value=1321 rounds=39 improvements=38
o 1321
c 00h18m34s | stage:objective-cut:add timing=incremental-hard backend=cnf form=direct-expr clauses_added=5
c 00h18m34s | stage:sat:init solver=CaDiCaL vars=8027 clauses=12431
c 00h18m34s | stage:sat:solve:start assumptions=0 phase_lits=440
c 00h19m37s | stage:sat:solve:done ms=62648 result=Sat assumptions=0 phase_lits=440
c 00h19m37s | stage:decode:start
c 00h19m39s | stage:decode:done int_assignments=40
c 00h19m39s | result:Sat
c 00h19m40s | objective:incumbent kind=improvement value=1319 rounds=40 improvements=39
o 1319
c 00h19m45s | stage:objective-cut:add timing=incremental-hard backend=cnf form=direct-expr clauses_added=13
c 00h19m45s | stage:sat:init solver=CaDiCaL vars=8037 clauses=12444
c 00h19m45s | stage:sat:solve:start assumptions=0 phase_lits=440
c 00h19m54s | stage:sat:solve:done ms=8452 result=Sat assumptions=0 phase_lits=440
c 00h19m54s | stage:decode:start
c 00h19m56s | stage:decode:done int_assignments=40
c 00h19m56s | result:Sat
c 00h19m57s | objective:incumbent kind=improvement value=1315 rounds=41 improvements=40
o 1315
c 00h20m01s | stage:objective-cut:add timing=incremental-hard backend=cnf form=direct-expr clauses_added=14
c 00h20m02s | stage:sat:init solver=CaDiCaL vars=8047 clauses=12458
c 00h20m02s | stage:sat:solve:start assumptions=0 phase_lits=440
c 00h20m03s | stage:sat:solve:done ms=977 result=Sat assumptions=0 phase_lits=440
c 00h20m03s | stage:decode:start
c 00h20m05s | stage:decode:done int_assignments=40
c 00h20m05s | result:Sat
c 00h20m06s | objective:incumbent kind=improvement value=1313 rounds=42 improvements=41
o 1313
c 00h20m11s | stage:objective-cut:add timing=incremental-hard backend=cnf form=direct-expr clauses_added=11
c 00h20m11s | stage:sat:init solver=CaDiCaL vars=8055 clauses=12469
c 00h20m11s | stage:sat:solve:start assumptions=0 phase_lits=440
c 00h20m55s | stage:sat:solve:done ms=43686 result=Sat assumptions=0 phase_lits=440
c 00h20m55s | stage:decode:start
c 00h20m57s | stage:decode:done int_assignments=40
c 00h20m57s | result:Sat
c 00h20m58s | objective:incumbent kind=improvement value=1309 rounds=43 improvements=42
o 1309
c 00h21m03s | stage:objective-cut:add timing=incremental-hard backend=cnf form=direct-expr clauses_added=13
c 00h21m03s | stage:sat:init solver=CaDiCaL vars=8064 clauses=12482
c 00h21m03s | stage:sat:solve:start assumptions=0 phase_lits=440
c 00h21m04s | stage:sat:solve:done ms=602 result=Sat assumptions=0 phase_lits=440
c 00h21m04s | stage:decode:start
c 00h21m06s | stage:decode:done int_assignments=40
c 00h21m06s | result:Sat
c 00h21m07s | objective:incumbent kind=improvement value=1307 rounds=44 improvements=43
o 1307
c 00h21m12s | stage:objective-cut:add timing=incremental-hard backend=cnf form=direct-expr clauses_added=15
c 00h21m12s | stage:sat:init solver=CaDiCaL vars=8074 clauses=12497
c 00h21m12s | stage:sat:solve:start assumptions=0 phase_lits=440
c 00h21m39s | stage:sat:solve:done ms=26303 result=Sat assumptions=0 phase_lits=440
c 00h21m39s | stage:decode:start
c 00h21m41s | stage:decode:done int_assignments=40
c 00h21m41s | result:Sat
c 00h21m41s | objective:incumbent kind=improvement value=1303 rounds=45 improvements=44
o 1303
c 00h21m46s | stage:objective-cut:add timing=incremental-hard backend=cnf form=direct-expr clauses_added=14
c 00h21m47s | stage:sat:init solver=CaDiCaL vars=8084 clauses=12511
c 00h21m47s | stage:sat:solve:start assumptions=0 phase_lits=440
c 00h22m14s | stage:sat:solve:done ms=26864 result=Sat assumptions=0 phase_lits=440
c 00h22m14s | stage:decode:start
c 00h22m16s | stage:decode:done int_assignments=40
c 00h22m16s | result:Sat
c 00h22m17s | objective:incumbent kind=improvement value=1301 rounds=46 improvements=45
o 1301
c 00h22m21s | stage:objective-cut:add timing=incremental-hard backend=cnf form=direct-expr clauses_added=13
c 00h22m22s | stage:sat:init solver=CaDiCaL vars=8093 clauses=12524
c 00h22m22s | stage:sat:solve:start assumptions=0 phase_lits=440
c 00h24m15s | stage:sat:solve:done ms=112927 result=Sat assumptions=0 phase_lits=440
c 00h24m15s | stage:decode:start
c 00h24m17s | stage:decode:done int_assignments=40
c 00h24m17s | result:Sat
c 00h24m18s | objective:incumbent kind=improvement value=1295 rounds=47 improvements=46
o 1295
c 00h24m23s | stage:objective-cut:add timing=incremental-hard backend=cnf form=direct-expr clauses_added=15
c 00h24m23s | stage:sat:init solver=CaDiCaL vars=8103 clauses=12539
c 00h24m23s | stage:sat:solve:start assumptions=0 phase_lits=440
c 00h24m24s | stage:sat:solve:done ms=344 result=Sat assumptions=0 phase_lits=440
c 00h24m24s | stage:decode:start
c 00h24m26s | stage:decode:done int_assignments=40
c 00h24m26s | result:Sat
c 00h24m27s | objective:incumbent kind=improvement value=1289 rounds=48 improvements=47
o 1289
c 00h24m31s | stage:objective-cut:add timing=incremental-hard backend=cnf form=direct-expr clauses_added=9
c 00h24m32s | stage:sat:init solver=CaDiCaL vars=8109 clauses=12548
c 00h24m32s | stage:sat:solve:start assumptions=0 phase_lits=440
c 00h24m35s | stage:sat:solve:done ms=2780 result=Sat assumptions=0 phase_lits=440
c 00h24m35s | stage:decode:start
c 00h24m37s | stage:decode:done int_assignments=40
c 00h24m37s | result:Sat
c 00h24m38s | objective:incumbent kind=improvement value=1261 rounds=49 improvements=48
o 1261
c 00h24m42s | stage:objective-cut:add timing=incremental-hard backend=cnf form=direct-expr clauses_added=15
c 00h24m43s | stage:sat:init solver=CaDiCaL vars=8118 clauses=12563
c 00h24m43s | stage:sat:solve:start assumptions=0 phase_lits=440
c 00h24m45s | stage:sat:solve:done ms=1767 result=Sat assumptions=0 phase_lits=440
c 00h24m45s | stage:decode:start
c 00h24m47s | stage:decode:done int_assignments=40
c 00h24m47s | result:Sat
c 00h24m48s | objective:incumbent kind=improvement value=1259 rounds=50 improvements=49
o 1259
c 00h24m52s | stage:objective-cut:add timing=incremental-hard backend=cnf form=direct-expr clauses_added=17
c 00h24m53s | stage:sat:init solver=CaDiCaL vars=8128 clauses=12580
c 00h24m53s | stage:sat:solve:start assumptions=0 phase_lits=440
c 00h26m07s | stage:sat:solve:done ms=74337 result=Sat assumptions=0 phase_lits=440
c 00h26m07s | stage:decode:start
c 00h26m10s | stage:decode:done int_assignments=40
c 00h26m10s | result:Sat
c 00h26m10s | objective:incumbent kind=improvement value=1249 rounds=51 improvements=50
o 1249
c 00h26m15s | stage:objective-cut:add timing=incremental-hard backend=cnf form=direct-expr clauses_added=12
c 00h26m16s | stage:sat:init solver=CaDiCaL vars=8136 clauses=12592
c 00h26m16s | stage:sat:solve:start assumptions=0 phase_lits=440
c 00h26m17s | stage:sat:solve:done ms=1027 result=Sat assumptions=0 phase_lits=440
c 00h26m17s | stage:decode:start
c 00h26m19s | stage:decode:done int_assignments=40
c 00h26m19s | result:Sat
c 00h26m20s | objective:incumbent kind=improvement value=1243 rounds=52 improvements=51
o 1243
c 00h26m24s | stage:objective-cut:add timing=incremental-hard backend=cnf form=direct-expr clauses_added=16
c 00h26m25s | stage:sat:init solver=CaDiCaL vars=8146 clauses=12608
c 00h26m25s | stage:sat:solve:start assumptions=0 phase_lits=440
c 00h26m28s | stage:sat:solve:done ms=2677 result=Sat assumptions=0 phase_lits=440
c 00h26m28s | stage:decode:start
c 00h26m30s | stage:decode:done int_assignments=40
c 00h26m30s | result:Sat
c 00h26m30s | objective:incumbent kind=improvement value=1241 rounds=53 improvements=52
o 1241
c 00h26m35s | stage:objective-cut:add timing=incremental-hard backend=cnf form=direct-expr clauses_added=11
c 00h26m36s | stage:sat:init solver=CaDiCaL vars=8153 clauses=12619
c 00h26m36s | stage:sat:solve:start assumptions=0 phase_lits=440
c 00h26m36s | stage:sat:solve:done ms=518 result=Sat assumptions=0 phase_lits=440
c 00h26m36s | stage:decode:start
c 00h26m39s | stage:decode:done int_assignments=40
c 00h26m39s | result:Sat
c 00h26m39s | objective:incumbent kind=improvement value=1237 rounds=54 improvements=53
o 1237
c 00h26m44s | stage:objective-cut:add timing=incremental-hard backend=cnf form=direct-expr clauses_added=14
c 00h26m44s | stage:sat:init solver=CaDiCaL vars=8162 clauses=12633
c 00h26m44s | stage:sat:solve:start assumptions=0 phase_lits=440
c 00h26m48s | stage:sat:solve:done ms=3558 result=Sat assumptions=0 phase_lits=440
c 00h26m48s | stage:decode:start
c 00h26m50s | stage:decode:done int_assignments=40
c 00h26m50s | result:Sat
c 00h26m51s | objective:incumbent kind=improvement value=1231 rounds=55 improvements=54
o 1231
c 00h26m56s | stage:objective-cut:add timing=incremental-hard backend=cnf form=direct-expr clauses_added=16
c 00h26m56s | stage:sat:init solver=CaDiCaL vars=8172 clauses=12649
c 00h26m56s | stage:sat:solve:start assumptions=0 phase_lits=440
s SATISFIABLE
o 1231
v <instantiation>
v   <list> x[0] x[1] x[2] x[3] x[4] x[5] x[6] x[7] x[8] x[9] x[10] x[11] x[12] x[13] x[14] x[15] x[16] x[17] x[18] x[19] x[20] x[21] x[22] x[23] x[24] x[25] x[26] x[27] x[28] x[29] x[30] x[31] x[32] x[33] x[34] x[35] x[36] x[37] x[38] x[39] </list>
v   <values> 1009 1026 1031 1033 1039 1049 1051 1061 1063 1069 1079 1087 1091 1093 1097 1103 1109 1117 1123 1129 1147 1151 1153 1163 1171 1181 1187 1189 1193 1199 1201 1205 1207 1211 1213 1217 1219 1223 1229 1231 </values>
v </instantiation>
d OBJECTIVE_VALUE 1231
d OPTIMAL 0
d OBJECTIVE_ROUNDS 55
d OBJECTIVE_IMPROVEMENTS 54
d COP_INCUMBENT_ELAPSED_MS 1611479
d SOLVE_ELAPSED_MS 1794825
d CURRENT_STAGE sat
d CURRENT_STAGE_ELAPSED_MS 178071
d LAST_COMPLETED_STAGE decode
d STAGE_PROPAGATE_STATUS done
d STAGE_NORMALIZE_STATUS done
d STAGE_LOWER_STATUS done
d STAGE_POST_LOWER_STATUS done
d STAGE_PREENCODE_STATUS done
d STAGE_ENCODE_STATUS done
d STAGE_SAT_STATUS running
d STAGE_DECODE_STATUS done
d STAGE_RELAXATION_STATUS pending
d STAGE_DUMP_CNF_STATUS pending
d SOURCE_CONSTRAINTS 1247260
d NORMALIZED_CONSTRAINTS 1247260
d LOWERED_CONSTRAINTS 1247260
d UNSUPPORTED_CONSTRAINTS 0
d SAT_VARS 7685
d SAT_CLAUSES_BASE 11908
d SAT_CLAUSES_FINAL 12649
d SAT_CLAUSES_CEGAR_DELTA 0
d MEMORY_RSS_BYTES 3709353984
d MEMORY_RSS_AFTER_PROPAGATE_BYTES 2717999104
d MEMORY_RSS_AFTER_LOWER_BYTES 3788554240
d MEMORY_RSS_AFTER_POST_LOWER_BYTES 3788554240
d MEMORY_RSS_BEFORE_PREENCODE_BYTES 3848568832
d MEMORY_RSS_AFTER_PREENCODE_BYTES 3708919808
d MEMORY_RSS_BEFORE_ENCODE_BYTES 3708960768
d MEMORY_RSS_ENCODE_SAMPLE_INTERVAL_CLAUSES 1000000
d MEMORY_RSS_ENCODE_SAMPLE_COUNT 10
d MEMORY_RSS_ENCODE_LAST_SAMPLE_CLAUSE 11908
d MEMORY_RSS_ENCODE_LAST_SAMPLE_BYTES 3709353984
d MEMORY_RSS_ENCODE_MAX_SAMPLE_BYTES 3709353984
d SAT_CONFLICTS 27258
d LINEAR_INT_EQ_ARITY_STATS {"3":{"count":2494479,"max_domain_product_excluding_one_var":"3120","p95_domain_product_excluding_one_var":"3002"}}
d LINEAR_INT_NE_ARITY_STATS {"1":{"count":2494440,"max_domain_product_excluding_one_var":"1","p95_domain_product_excluding_one_var":"1"}}
d LINEAR_INT_GE_ARITY_STATS {"1":{"count":4988958,"max_domain_product_excluding_one_var":"1","p95_domain_product_excluding_one_var":"1"},"2":{"count":78,"max_domain_product_excluding_one_var":"1560","p95_domain_product_excluding_one_var":"1560"}}
d LINEAR_BOOL_MIXED_ARITY_STATS {}
d ROOT_LP_ENTERED 0
d ROOT_LP_STATUS skipped
d ROOT_LP_MS 0
d ROOT_LP_REASON root_lp_disabled
d OBJECTIVE_CUT_TIMING incremental-hard
d OBJECTIVE_CUT_BACKEND cnf
d OBJECTIVE_CUT_FORM direct-expr
d OBJECTIVE_CUT_EAGER_CLAUSES_ADDED 741
d PROPAGATE_PRUNED_VALUES 1560
d PROPAGATE_CHANGED_DOMAINS 40
d PROPAGATE_ENTAILED_TABLES 0
d POST_LOWER_ROUNDS 0
d POST_LOWER_TIGHTENED_DOMAINS 0
d POST_LOWER_REMOVED_CLAUSES 0
d POST_LOWER_REMOVED_LITS 0
d POST_LOWER_DETECTED_UNSAT 0
d PREENCODE_INT_VARS 4988998
d ENCODE_EXTERNAL_GE_SPECS 0
d ENCODE_RELAXED_CIRCUITS 0
d LOG_SCOP_LINEAR_PB_CONSTRAINTS 196
d LOG_SCOP_LINEAR_PB_MIXED_DISPATCH_CONSTRAINTS 0
d LOG_SCOP_LINEAR_PB_MIXED_ATTEMPT_BDD 0
d LOG_SCOP_LINEAR_PB_MIXED_ATTEMPT_SORTER 0
d LOG_SCOP_LINEAR_PB_MIXED_ATTEMPT_DADDA 0
d LOG_SCOP_LINEAR_PB_MIXED_REJECT_BDD_BUDGET 0
d LOG_SCOP_LINEAR_PB_MIXED_REJECT_SORTER_BUDGET 0
d LOG_SCOP_LINEAR_PB_MIXED_FALLBACK_BDD_TO_SORTER 0
d LOG_SCOP_LINEAR_PB_MIXED_FALLBACK_BDD_TO_DADDA 0
d LOG_SCOP_LINEAR_PB_MIXED_FALLBACK_SORTER_TO_BDD 0
d LOG_SCOP_LINEAR_PB_MIXED_FALLBACK_SORTER_TO_DADDA 0
d LOG_SCOP_LINEAR_PB_BACKEND_BDD2 196
d LOG_SCOP_LINEAR_PB_BACKEND_BDD3 0
d LOG_SCOP_LINEAR_PB_BACKEND_SORTER 0
d LOG_SCOP_LINEAR_PB_BACKEND_DADDA 0
d LOG_SCOP_LINEAR_PB_BDD_DECOMPOSITION_RAW 196
d LOG_SCOP_LINEAR_PB_BDD_DECOMPOSITION_BINARY 0
d LOG_SCOP_LINEAR_PB_BDD_DECOMPOSITION_MULTIBASE 0
d MEMORY_RSS_BYTES 3709353984
d MEMORY_RSS_AFTER_PROPAGATE_BYTES 2717999104
d MEMORY_RSS_AFTER_LOWER_BYTES 3788554240
d MEMORY_RSS_AFTER_POST_LOWER_BYTES 3788554240
d MEMORY_RSS_BEFORE_PREENCODE_BYTES 3848568832
d MEMORY_RSS_AFTER_PREENCODE_BYTES 3708919808
d MEMORY_RSS_BEFORE_ENCODE_BYTES 3708960768
d MEMORY_RSS_ENCODE_SAMPLE_INTERVAL_CLAUSES 1000000
d MEMORY_RSS_ENCODE_SAMPLE_COUNT 10
d MEMORY_RSS_ENCODE_LAST_SAMPLE_CLAUSE 11908
d MEMORY_RSS_ENCODE_LAST_SAMPLE_BYTES 3709353984
d MEMORY_RSS_ENCODE_MAX_SAMPLE_BYTES 3709353984
d DECODE_INT_ASSIGNMENTS 40
d CIRCUIT_CEGAR_FAILURES 0
d CIRCUIT_CEGAR_ROUNDS 0
d CIRCUIT_CEGAR_ADDED_CLAUSES 0
d CUMULATIVE_CEGAR_FAILURES 0
d CUMULATIVE_CEGAR_ROUNDS 0
d CUMULATIVE_CEGAR_ADDED_CLAUSES 0
d COP_CEGAR_FAILURES 0
d COP_CEGAR_ROUNDS 0
d COP_CEGAR_ADDED_CLAUSES 0
d CSV /bench/competition/2022-2025/COP22to25/Coprime-40_c25.xml.lzma,sat,1247260,1247260,1247260,0,7685,12649,1794825,,,,,,,0,skipped,,,,,,0,,,,,,,timeout_signal,incumbent_interrupted_by_signal
signal=15; emitted incumbent csv row
c run_end_local: 2026-05-28 18:08:58 +0900
