# WCTIME: wall clock time in seconds
WCTIME=814.663
# CPUTIME: CPU time in seconds (USERTIME+SYSTEMTIME)
CPUTIME=810.163
# USERTIME: CPU time spent in user mode in seconds
USERTIME=806.884
# SYSTEMTIME: CPU time spent in system mode in seconds
SYSTEMTIME=3.27892
# CPUUSAGE: CPUTIME/WCTIME in percent
CPUUSAGE=99.4477
# MAXVM: maximum virtual memory used in KiB
MAXVM=3413984
# MAXMM: maximum memory used in KiB
MAXMM=2813312
# MAXRSS: maximum Resident Segment Size in KiB
MAXRSS=2827648
# TIMEOUT: did the solver exceed the time limit?
TIMEOUT=false
# MEMOUT: did the solver exceed the memory limit?
MEMOUT=false
# EXITSTATUS: Exit status of the solver
EXITSTATUS=0
