# WCTIME: wall clock time in seconds
WCTIME=66.9539
# CPUTIME: CPU time in seconds (USERTIME+SYSTEMTIME)
CPUTIME=66.6676
# USERTIME: CPU time spent in user mode in seconds
USERTIME=65.4147
# SYSTEMTIME: CPU time spent in system mode in seconds
SYSTEMTIME=1.25283
# CPUUSAGE: CPUTIME/WCTIME in percent
CPUUSAGE=99.5723
# MAXVM: maximum virtual memory used in KiB
MAXVM=2664884
# MAXMM: maximum memory used in KiB
MAXMM=2262280
# MAXRSS: maximum Resident Segment Size in KiB
MAXRSS=2259236
# TIMEOUT: did the solver exceed the time limit?
TIMEOUT=false
# MEMOUT: did the solver exceed the memory limit?
MEMOUT=false
# EXITSTATUS: Exit status of the solver
EXITSTATUS=0
