# WCTIME: wall clock time in seconds
WCTIME=1800.19
# CPUTIME: CPU time in seconds (USERTIME+SYSTEMTIME)
CPUTIME=1790.59
# USERTIME: CPU time spent in user mode in seconds
USERTIME=1789.28
# SYSTEMTIME: CPU time spent in system mode in seconds
SYSTEMTIME=1.30998
# CPUUSAGE: CPUTIME/WCTIME in percent
CPUUSAGE=99.4667
# MAXVM: maximum virtual memory used in KiB
MAXVM=371628
# MAXMM: maximum memory used in KiB
MAXMM=189524
# MAXRSS: maximum Resident Segment Size in KiB
MAXRSS=201720
# TIMEOUT: did the solver exceed the time limit?
TIMEOUT=true
# MEMOUT: did the solver exceed the memory limit?
MEMOUT=false
# EXITSTATUS: Exit status of the solver
EXITSTATUS=36608
