# WCTIME: wall clock time in seconds
WCTIME=335.72
# CPUTIME: CPU time in seconds (USERTIME+SYSTEMTIME)
CPUTIME=334.261
# USERTIME: CPU time spent in user mode in seconds
USERTIME=334.149
# SYSTEMTIME: CPU time spent in system mode in seconds
SYSTEMTIME=0.112363
# CPUUSAGE: CPUTIME/WCTIME in percent
CPUUSAGE=99.5656
# MAXVM: maximum virtual memory used in KiB
MAXVM=219648
# MAXMM: maximum memory used in KiB
MAXMM=39932
# MAXRSS: maximum Resident Segment Size in KiB
MAXRSS=36892
# TIMEOUT: did the solver exceed the time limit?
TIMEOUT=false
# MEMOUT: did the solver exceed the memory limit?
MEMOUT=false
# EXITSTATUS: Exit status of the solver
EXITSTATUS=0
