c cmd: /host-parser-bin/kat_xcsp_b85de3f1_dirty_memoryguard_20260521 /bench/competition/2022-2025/COP22to25/ButtonsScissors-02_c25.xml.lzma --encoder order-ge --order-ge-eq-ne direct-order --order-ge-table mdd-tl --memory-guard-gib 64 --memory-guard-fallback extprop --cop-pipeline guarded-basic --cop-objective-cut direct-expr --progress --no-root-lp-bound
c 00h00m00s | solve:start
c 00h00m00s | input: constraints=356
c 00h00m00s | stage:propagate:start
c 00h00m00s | stage:propagate:done ms=0 pruned=0 changed_domains=0 entailed_tables=0
c 00h00m00s | memory:rss checkpoint=after_propagate bytes=2142208
c 00h00m00s | stage:normalize:start
c 00h00m00s | stage:normalize:done ms=0 high_constraints=356
c 00h00m00s | stage:lower:start
c 00h00m00s | stage:lower:done ms=6 lowered=356 unsupported=0
c 00h00m00s | memory:rss checkpoint=after_lower bytes=2953216
c 00h00m00s | stage:post_lower:start
c 00h00m00s | stage:post_lower:done ms=0 rounds=0 tightened=0 removed_cls=0 removed_lits=0 unsat=false precise_hits=0 precise_rounds=0 pivot_recomputes=0 pivot_exact_attempts=0 pivot_general_attempts=0 pivot_general_rest_missing=0 pivot_general_bound_missing=0 pivot_general_no_change=0 pivot_general_tightened=0 setup_ms=0 loop_ms=0 pivot_ms=0 pivot_version_ms=0 pivot_exact_ms=0 pivot_general_ms=0 pivot_general_prepare_ms=0 pivot_general_rest_ms=0 pivot_general_derive_ms=0 apply_ms=0 sat_ms=0 precise_ms=0
c 00h00m00s | memory:rss checkpoint=after_post_lower bytes=2953216
c 00h00m00s | stage:lowered-shape int_vars=50 bool_vars=880 linear_atoms=1212 table_atoms=0 table_tuples=0 table_scope=0 alldiff_atoms=0 circuit_atoms=0 product_atoms=0 logical_clauses=2068
c 00h00m00s | stage:root-lp:skip reason=disabled_by_option ms=0
c 00h00m00s | memory:rss checkpoint=before_preencode bytes=2953216
c 00h00m00s | stage:preencode(order-ge):start
c 00h00m00s | stage:preencode(order-ge):done ms=4 int_vars=242
c 00h00m00s | memory:rss checkpoint=after_preencode bytes=4034560
c 00h00m00s | memory:guard limit_bytes=68719476736 rss_bytes=4034560 reserve_bytes=10737418240 available_bytes=57978023936 fallback=extprop
c 00h00m00s | memory:rss checkpoint=before_encode bytes=4034560
c 00h00m00s | stage:encode(order-ge):start
c 00h00m00s | stage:encode(order-ge):done ms=77 sat_vars=7002 sat_clauses=153068 ext_ge_specs=0 relaxed_circuits=0
c 00h00m00s | stage:sat:init solver=CaDiCaL vars=7002 clauses=153068
c 00h00m00s | stage:sat:solve:start round=1 circuit_cegar_rounds=- cumulative_cegar_rounds=- cop_cegar_rounds=1 assumptions=0 phase_lits=0
c 00h00m01s | stage:sat:solve:done round=1 ms=934 result=Sat assumptions=0 phase_lits=0
c 00h00m01s | stage:decode:start round=1 requested_int_ids=50
c 00h00m01s | stage:decode:final:start round=1 requested_int_ids=50
c 00h00m01s | stage:decode:done round=1 int_assignments=50
c 00h00m01s | stage:relaxation:done clauses_added=0 circuit_cegar_failures=0 circuit_cegar_rounds=0 circuit_cegar_added_clauses=0 cumulative_cegar_failures=0 cumulative_cegar_rounds=0 cumulative_cegar_added_clauses=0 cop_cegar_failures=0 cop_cegar_rounds=1 cop_cegar_added_clauses=0
c 00h00m01s | result:Sat
c 00h00m01s | objective:incumbent kind=initial value=31 rounds=1 improvements=0
o 31
c 00h00m01s | stage:sat:init solver=CaDiCaL vars=7002 clauses=153068
c 00h00m01s | stage:sat:solve:start round=1 circuit_cegar_rounds=- cumulative_cegar_rounds=- cop_cegar_rounds=2 assumptions=0 phase_lits=1350
c 00h00m01s | stage:sat:solve:done round=1 ms=1 result=Sat assumptions=0 phase_lits=1350
c 00h00m01s | stage:decode:start round=1 requested_int_ids=50
c 00h00m01s | stage:relaxation:done round=1 clauses_added=2733 circuit_clauses_added=0 cumulative_clauses_added=0 cop_clauses_added=2733 circuit_cegar_failures=0 circuit_cegar_rounds=0 circuit_cegar_added_clauses=0 cumulative_cegar_failures=0 cumulative_cegar_rounds=0 cumulative_cegar_added_clauses=0 cop_cegar_failures=1 cop_cegar_rounds=2 cop_cegar_added_clauses=2733
c 00h00m01s | stage:sat:solve:start round=2 circuit_cegar_rounds=- cumulative_cegar_rounds=- cop_cegar_rounds=3 assumptions=0 phase_lits=1350
c 00h00m01s | stage:sat:solve:done round=2 ms=2 result=Sat assumptions=0 phase_lits=1350
c 00h00m01s | stage:decode:start round=2 requested_int_ids=50
c 00h00m01s | stage:decode:final:start round=2 requested_int_ids=50
c 00h00m01s | stage:decode:done round=2 int_assignments=50
c 00h00m01s | stage:relaxation:done clauses_added=0 circuit_cegar_failures=0 circuit_cegar_rounds=0 circuit_cegar_added_clauses=0 cumulative_cegar_failures=0 cumulative_cegar_rounds=0 cumulative_cegar_added_clauses=0 cop_cegar_failures=1 cop_cegar_rounds=3 cop_cegar_added_clauses=2733
c 00h00m01s | result:Sat
c 00h00m01s | objective:incumbent kind=improvement value=30 rounds=2 improvements=1
o 30
c 00h00m01s | stage:sat:init solver=CaDiCaL vars=7002 clauses=153068
c 00h00m01s | stage:sat:solve:start round=1 circuit_cegar_rounds=- cumulative_cegar_rounds=- cop_cegar_rounds=4 assumptions=0 phase_lits=1350
c 00h00m01s | stage:sat:solve:done round=1 ms=0 result=Sat assumptions=0 phase_lits=1350
c 00h00m01s | stage:decode:start round=1 requested_int_ids=50
c 00h00m01s | stage:relaxation:done round=1 clauses_added=2733 circuit_clauses_added=0 cumulative_clauses_added=0 cop_clauses_added=2733 circuit_cegar_failures=0 circuit_cegar_rounds=0 circuit_cegar_added_clauses=0 cumulative_cegar_failures=0 cumulative_cegar_rounds=0 cumulative_cegar_added_clauses=0 cop_cegar_failures=2 cop_cegar_rounds=4 cop_cegar_added_clauses=5466
c 00h00m01s | stage:sat:solve:start round=2 circuit_cegar_rounds=- cumulative_cegar_rounds=- cop_cegar_rounds=5 assumptions=0 phase_lits=1350
c 00h00m01s | stage:sat:solve:done round=2 ms=0 result=Sat assumptions=0 phase_lits=1350
c 00h00m01s | stage:decode:start round=2 requested_int_ids=50
c 00h00m01s | stage:decode:final:start round=2 requested_int_ids=50
c 00h00m01s | stage:decode:done round=2 int_assignments=50
c 00h00m01s | stage:relaxation:done clauses_added=0 circuit_cegar_failures=0 circuit_cegar_rounds=0 circuit_cegar_added_clauses=0 cumulative_cegar_failures=0 cumulative_cegar_rounds=0 cumulative_cegar_added_clauses=0 cop_cegar_failures=2 cop_cegar_rounds=5 cop_cegar_added_clauses=5466
c 00h00m01s | result:Sat
c 00h00m01s | objective:incumbent kind=improvement value=29 rounds=3 improvements=2
o 29
c 00h00m01s | stage:sat:init solver=CaDiCaL vars=7002 clauses=153068
c 00h00m01s | stage:sat:solve:start round=1 circuit_cegar_rounds=- cumulative_cegar_rounds=- cop_cegar_rounds=6 assumptions=0 phase_lits=1350
c 00h00m01s | stage:sat:solve:done round=1 ms=0 result=Sat assumptions=0 phase_lits=1350
c 00h00m01s | stage:decode:start round=1 requested_int_ids=50
c 00h00m01s | stage:relaxation:done round=1 clauses_added=2733 circuit_clauses_added=0 cumulative_clauses_added=0 cop_clauses_added=2733 circuit_cegar_failures=0 circuit_cegar_rounds=0 circuit_cegar_added_clauses=0 cumulative_cegar_failures=0 cumulative_cegar_rounds=0 cumulative_cegar_added_clauses=0 cop_cegar_failures=3 cop_cegar_rounds=6 cop_cegar_added_clauses=8199
c 00h00m01s | stage:sat:solve:start round=2 circuit_cegar_rounds=- cumulative_cegar_rounds=- cop_cegar_rounds=7 assumptions=0 phase_lits=1350
c 00h00m01s | stage:sat:solve:done round=2 ms=0 result=Sat assumptions=0 phase_lits=1350
c 00h00m01s | stage:decode:start round=2 requested_int_ids=50
c 00h00m01s | stage:decode:final:start round=2 requested_int_ids=50
c 00h00m01s | stage:decode:done round=2 int_assignments=50
c 00h00m01s | stage:relaxation:done clauses_added=0 circuit_cegar_failures=0 circuit_cegar_rounds=0 circuit_cegar_added_clauses=0 cumulative_cegar_failures=0 cumulative_cegar_rounds=0 cumulative_cegar_added_clauses=0 cop_cegar_failures=3 cop_cegar_rounds=7 cop_cegar_added_clauses=8199
c 00h00m01s | result:Sat
c 00h00m01s | objective:incumbent kind=improvement value=28 rounds=4 improvements=3
o 28
c 00h00m01s | stage:sat:init solver=CaDiCaL vars=7002 clauses=153068
c 00h00m01s | stage:sat:solve:start round=1 circuit_cegar_rounds=- cumulative_cegar_rounds=- cop_cegar_rounds=8 assumptions=0 phase_lits=1350
c 00h00m01s | stage:sat:solve:done round=1 ms=0 result=Sat assumptions=0 phase_lits=1350
c 00h00m01s | stage:decode:start round=1 requested_int_ids=50
c 00h00m01s | stage:relaxation:done round=1 clauses_added=2733 circuit_clauses_added=0 cumulative_clauses_added=0 cop_clauses_added=2733 circuit_cegar_failures=0 circuit_cegar_rounds=0 circuit_cegar_added_clauses=0 cumulative_cegar_failures=0 cumulative_cegar_rounds=0 cumulative_cegar_added_clauses=0 cop_cegar_failures=4 cop_cegar_rounds=8 cop_cegar_added_clauses=10932
c 00h00m01s | stage:sat:solve:start round=2 circuit_cegar_rounds=- cumulative_cegar_rounds=- cop_cegar_rounds=9 assumptions=0 phase_lits=1350
c 00h00m01s | stage:sat:solve:done round=2 ms=0 result=Sat assumptions=0 phase_lits=1350
c 00h00m01s | stage:decode:start round=2 requested_int_ids=50
c 00h00m01s | stage:decode:final:start round=2 requested_int_ids=50
c 00h00m01s | stage:decode:done round=2 int_assignments=50
c 00h00m01s | stage:relaxation:done clauses_added=0 circuit_cegar_failures=0 circuit_cegar_rounds=0 circuit_cegar_added_clauses=0 cumulative_cegar_failures=0 cumulative_cegar_rounds=0 cumulative_cegar_added_clauses=0 cop_cegar_failures=4 cop_cegar_rounds=9 cop_cegar_added_clauses=10932
c 00h00m01s | result:Sat
c 00h00m01s | objective:incumbent kind=improvement value=27 rounds=5 improvements=4
o 27
c 00h00m01s | stage:sat:init solver=CaDiCaL vars=7002 clauses=153068
c 00h00m01s | stage:sat:solve:start round=1 circuit_cegar_rounds=- cumulative_cegar_rounds=- cop_cegar_rounds=10 assumptions=0 phase_lits=1350
c 00h00m01s | stage:sat:solve:done round=1 ms=0 result=Sat assumptions=0 phase_lits=1350
c 00h00m01s | stage:decode:start round=1 requested_int_ids=50
c 00h00m01s | stage:relaxation:done round=1 clauses_added=2733 circuit_clauses_added=0 cumulative_clauses_added=0 cop_clauses_added=2733 circuit_cegar_failures=0 circuit_cegar_rounds=0 circuit_cegar_added_clauses=0 cumulative_cegar_failures=0 cumulative_cegar_rounds=0 cumulative_cegar_added_clauses=0 cop_cegar_failures=5 cop_cegar_rounds=10 cop_cegar_added_clauses=13665
c 00h00m01s | stage:sat:solve:start round=2 circuit_cegar_rounds=- cumulative_cegar_rounds=- cop_cegar_rounds=11 assumptions=0 phase_lits=1350
c 00h00m01s | stage:sat:solve:done round=2 ms=0 result=Sat assumptions=0 phase_lits=1350
c 00h00m01s | stage:decode:start round=2 requested_int_ids=50
c 00h00m01s | stage:decode:final:start round=2 requested_int_ids=50
c 00h00m01s | stage:decode:done round=2 int_assignments=50
c 00h00m01s | stage:relaxation:done clauses_added=0 circuit_cegar_failures=0 circuit_cegar_rounds=0 circuit_cegar_added_clauses=0 cumulative_cegar_failures=0 cumulative_cegar_rounds=0 cumulative_cegar_added_clauses=0 cop_cegar_failures=5 cop_cegar_rounds=11 cop_cegar_added_clauses=13665
c 00h00m01s | result:Sat
c 00h00m01s | objective:incumbent kind=improvement value=26 rounds=6 improvements=5
o 26
c 00h00m01s | stage:sat:init solver=CaDiCaL vars=7002 clauses=153068
c 00h00m01s | stage:sat:solve:start round=1 circuit_cegar_rounds=- cumulative_cegar_rounds=- cop_cegar_rounds=12 assumptions=0 phase_lits=1350
c 00h00m01s | stage:sat:solve:done round=1 ms=0 result=Sat assumptions=0 phase_lits=1350
c 00h00m01s | stage:decode:start round=1 requested_int_ids=50
c 00h00m01s | stage:relaxation:done round=1 clauses_added=2733 circuit_clauses_added=0 cumulative_clauses_added=0 cop_clauses_added=2733 circuit_cegar_failures=0 circuit_cegar_rounds=0 circuit_cegar_added_clauses=0 cumulative_cegar_failures=0 cumulative_cegar_rounds=0 cumulative_cegar_added_clauses=0 cop_cegar_failures=6 cop_cegar_rounds=12 cop_cegar_added_clauses=16398
c 00h00m01s | stage:sat:solve:start round=2 circuit_cegar_rounds=- cumulative_cegar_rounds=- cop_cegar_rounds=13 assumptions=0 phase_lits=1350
c 00h00m01s | stage:sat:solve:done round=2 ms=0 result=Sat assumptions=0 phase_lits=1350
c 00h00m01s | stage:decode:start round=2 requested_int_ids=50
c 00h00m01s | stage:decode:final:start round=2 requested_int_ids=50
c 00h00m01s | stage:decode:done round=2 int_assignments=50
c 00h00m01s | stage:relaxation:done clauses_added=0 circuit_cegar_failures=0 circuit_cegar_rounds=0 circuit_cegar_added_clauses=0 cumulative_cegar_failures=0 cumulative_cegar_rounds=0 cumulative_cegar_added_clauses=0 cop_cegar_failures=6 cop_cegar_rounds=13 cop_cegar_added_clauses=16398
c 00h00m01s | result:Sat
c 00h00m01s | objective:incumbent kind=improvement value=25 rounds=7 improvements=6
o 25
c 00h00m01s | stage:sat:init solver=CaDiCaL vars=7002 clauses=153068
c 00h00m01s | stage:sat:solve:start round=1 circuit_cegar_rounds=- cumulative_cegar_rounds=- cop_cegar_rounds=14 assumptions=0 phase_lits=1350
c 00h00m01s | stage:sat:solve:done round=1 ms=0 result=Sat assumptions=0 phase_lits=1350
c 00h00m01s | stage:decode:start round=1 requested_int_ids=50
c 00h00m01s | stage:relaxation:done round=1 clauses_added=2733 circuit_clauses_added=0 cumulative_clauses_added=0 cop_clauses_added=2733 circuit_cegar_failures=0 circuit_cegar_rounds=0 circuit_cegar_added_clauses=0 cumulative_cegar_failures=0 cumulative_cegar_rounds=0 cumulative_cegar_added_clauses=0 cop_cegar_failures=7 cop_cegar_rounds=14 cop_cegar_added_clauses=19131
c 00h00m01s | stage:sat:solve:start round=2 circuit_cegar_rounds=- cumulative_cegar_rounds=- cop_cegar_rounds=15 assumptions=0 phase_lits=1350
c 00h00m01s | stage:sat:solve:done round=2 ms=0 result=Sat assumptions=0 phase_lits=1350
c 00h00m01s | stage:decode:start round=2 requested_int_ids=50
c 00h00m01s | stage:decode:final:start round=2 requested_int_ids=50
c 00h00m01s | stage:decode:done round=2 int_assignments=50
c 00h00m01s | stage:relaxation:done clauses_added=0 circuit_cegar_failures=0 circuit_cegar_rounds=0 circuit_cegar_added_clauses=0 cumulative_cegar_failures=0 cumulative_cegar_rounds=0 cumulative_cegar_added_clauses=0 cop_cegar_failures=7 cop_cegar_rounds=15 cop_cegar_added_clauses=19131
c 00h00m01s | result:Sat
c 00h00m01s | objective:incumbent kind=improvement value=24 rounds=8 improvements=7
o 24
c 00h00m01s | stage:sat:init solver=CaDiCaL vars=7002 clauses=153068
c 00h00m01s | stage:sat:solve:start round=1 circuit_cegar_rounds=- cumulative_cegar_rounds=- cop_cegar_rounds=16 assumptions=0 phase_lits=1350
c 00h00m01s | stage:sat:solve:done round=1 ms=0 result=Sat assumptions=0 phase_lits=1350
c 00h00m01s | stage:decode:start round=1 requested_int_ids=50
c 00h00m01s | stage:relaxation:done round=1 clauses_added=2733 circuit_clauses_added=0 cumulative_clauses_added=0 cop_clauses_added=2733 circuit_cegar_failures=0 circuit_cegar_rounds=0 circuit_cegar_added_clauses=0 cumulative_cegar_failures=0 cumulative_cegar_rounds=0 cumulative_cegar_added_clauses=0 cop_cegar_failures=8 cop_cegar_rounds=16 cop_cegar_added_clauses=21864
c 00h00m01s | stage:sat:solve:start round=2 circuit_cegar_rounds=- cumulative_cegar_rounds=- cop_cegar_rounds=17 assumptions=0 phase_lits=1350
c 00h00m01s | stage:sat:solve:done round=2 ms=0 result=Sat assumptions=0 phase_lits=1350
c 00h00m01s | stage:decode:start round=2 requested_int_ids=50
c 00h00m01s | stage:decode:final:start round=2 requested_int_ids=50
c 00h00m01s | stage:decode:done round=2 int_assignments=50
c 00h00m01s | stage:relaxation:done clauses_added=0 circuit_cegar_failures=0 circuit_cegar_rounds=0 circuit_cegar_added_clauses=0 cumulative_cegar_failures=0 cumulative_cegar_rounds=0 cumulative_cegar_added_clauses=0 cop_cegar_failures=8 cop_cegar_rounds=17 cop_cegar_added_clauses=21864
c 00h00m01s | result:Sat
c 00h00m01s | objective:incumbent kind=improvement value=22 rounds=9 improvements=8
o 22
c 00h00m01s | stage:sat:init solver=CaDiCaL vars=7002 clauses=153068
c 00h00m01s | stage:sat:solve:start round=1 circuit_cegar_rounds=- cumulative_cegar_rounds=- cop_cegar_rounds=18 assumptions=0 phase_lits=1350
c 00h00m01s | stage:sat:solve:done round=1 ms=0 result=Sat assumptions=0 phase_lits=1350
c 00h00m01s | stage:decode:start round=1 requested_int_ids=50
c 00h00m01s | stage:relaxation:done round=1 clauses_added=2733 circuit_clauses_added=0 cumulative_clauses_added=0 cop_clauses_added=2733 circuit_cegar_failures=0 circuit_cegar_rounds=0 circuit_cegar_added_clauses=0 cumulative_cegar_failures=0 cumulative_cegar_rounds=0 cumulative_cegar_added_clauses=0 cop_cegar_failures=9 cop_cegar_rounds=18 cop_cegar_added_clauses=24597
c 00h00m01s | stage:sat:solve:start round=2 circuit_cegar_rounds=- cumulative_cegar_rounds=- cop_cegar_rounds=19 assumptions=0 phase_lits=1350
c 00h00m01s | stage:sat:solve:done round=2 ms=0 result=Sat assumptions=0 phase_lits=1350
c 00h00m01s | stage:decode:start round=2 requested_int_ids=50
c 00h00m01s | stage:decode:final:start round=2 requested_int_ids=50
c 00h00m01s | stage:decode:done round=2 int_assignments=50
c 00h00m01s | stage:relaxation:done clauses_added=0 circuit_cegar_failures=0 circuit_cegar_rounds=0 circuit_cegar_added_clauses=0 cumulative_cegar_failures=0 cumulative_cegar_rounds=0 cumulative_cegar_added_clauses=0 cop_cegar_failures=9 cop_cegar_rounds=19 cop_cegar_added_clauses=24597
c 00h00m01s | result:Sat
c 00h00m01s | objective:incumbent kind=improvement value=21 rounds=10 improvements=9
o 21
c 00h00m01s | stage:sat:init solver=CaDiCaL vars=7002 clauses=153068
c 00h00m01s | stage:sat:solve:start round=1 circuit_cegar_rounds=- cumulative_cegar_rounds=- cop_cegar_rounds=20 assumptions=0 phase_lits=1350
c 00h00m01s | stage:sat:solve:done round=1 ms=0 result=Sat assumptions=0 phase_lits=1350
c 00h00m01s | stage:decode:start round=1 requested_int_ids=50
c 00h00m01s | stage:relaxation:done round=1 clauses_added=2733 circuit_clauses_added=0 cumulative_clauses_added=0 cop_clauses_added=2733 circuit_cegar_failures=0 circuit_cegar_rounds=0 circuit_cegar_added_clauses=0 cumulative_cegar_failures=0 cumulative_cegar_rounds=0 cumulative_cegar_added_clauses=0 cop_cegar_failures=10 cop_cegar_rounds=20 cop_cegar_added_clauses=27330
c 00h00m01s | stage:sat:solve:start round=2 circuit_cegar_rounds=- cumulative_cegar_rounds=- cop_cegar_rounds=21 assumptions=0 phase_lits=1350
c 00h00m01s | stage:sat:solve:done round=2 ms=1 result=Sat assumptions=0 phase_lits=1350
c 00h00m01s | stage:decode:start round=2 requested_int_ids=50
c 00h00m01s | stage:decode:final:start round=2 requested_int_ids=50
c 00h00m01s | stage:decode:done round=2 int_assignments=50
c 00h00m01s | stage:relaxation:done clauses_added=0 circuit_cegar_failures=0 circuit_cegar_rounds=0 circuit_cegar_added_clauses=0 cumulative_cegar_failures=0 cumulative_cegar_rounds=0 cumulative_cegar_added_clauses=0 cop_cegar_failures=10 cop_cegar_rounds=21 cop_cegar_added_clauses=27330
c 00h00m01s | result:Sat
c 00h00m01s | objective:incumbent kind=improvement value=19 rounds=11 improvements=10
o 19
c 00h00m01s | stage:sat:init solver=CaDiCaL vars=7002 clauses=153068
c 00h00m01s | stage:sat:solve:start round=1 circuit_cegar_rounds=- cumulative_cegar_rounds=- cop_cegar_rounds=22 assumptions=0 phase_lits=1350
c 00h00m01s | stage:sat:solve:done round=1 ms=0 result=Sat assumptions=0 phase_lits=1350
c 00h00m01s | stage:decode:start round=1 requested_int_ids=50
c 00h00m01s | stage:relaxation:done round=1 clauses_added=2733 circuit_clauses_added=0 cumulative_clauses_added=0 cop_clauses_added=2733 circuit_cegar_failures=0 circuit_cegar_rounds=0 circuit_cegar_added_clauses=0 cumulative_cegar_failures=0 cumulative_cegar_rounds=0 cumulative_cegar_added_clauses=0 cop_cegar_failures=11 cop_cegar_rounds=22 cop_cegar_added_clauses=30063
c 00h00m01s | stage:sat:solve:start round=2 circuit_cegar_rounds=- cumulative_cegar_rounds=- cop_cegar_rounds=23 assumptions=0 phase_lits=1350
c 00h00m01s | stage:sat:solve:done round=2 ms=0 result=Sat assumptions=0 phase_lits=1350
c 00h00m01s | stage:decode:start round=2 requested_int_ids=50
c 00h00m01s | stage:decode:final:start round=2 requested_int_ids=50
c 00h00m01s | stage:decode:done round=2 int_assignments=50
c 00h00m01s | stage:relaxation:done clauses_added=0 circuit_cegar_failures=0 circuit_cegar_rounds=0 circuit_cegar_added_clauses=0 cumulative_cegar_failures=0 cumulative_cegar_rounds=0 cumulative_cegar_added_clauses=0 cop_cegar_failures=11 cop_cegar_rounds=23 cop_cegar_added_clauses=30063
c 00h00m01s | result:Sat
c 00h00m01s | objective:incumbent kind=improvement value=18 rounds=12 improvements=11
o 18
c 00h00m01s | stage:sat:init solver=CaDiCaL vars=7002 clauses=153068
c 00h00m01s | stage:sat:solve:start round=1 circuit_cegar_rounds=- cumulative_cegar_rounds=- cop_cegar_rounds=24 assumptions=0 phase_lits=1350
c 00h00m01s | stage:sat:solve:done round=1 ms=0 result=Sat assumptions=0 phase_lits=1350
c 00h00m01s | stage:decode:start round=1 requested_int_ids=50
c 00h00m01s | stage:relaxation:done round=1 clauses_added=2733 circuit_clauses_added=0 cumulative_clauses_added=0 cop_clauses_added=2733 circuit_cegar_failures=0 circuit_cegar_rounds=0 circuit_cegar_added_clauses=0 cumulative_cegar_failures=0 cumulative_cegar_rounds=0 cumulative_cegar_added_clauses=0 cop_cegar_failures=12 cop_cegar_rounds=24 cop_cegar_added_clauses=32796
c 00h00m01s | stage:sat:solve:start round=2 circuit_cegar_rounds=- cumulative_cegar_rounds=- cop_cegar_rounds=25 assumptions=0 phase_lits=1350
c 00h00m01s | stage:sat:solve:done round=2 ms=1 result=Sat assumptions=0 phase_lits=1350
c 00h00m01s | stage:decode:start round=2 requested_int_ids=50
c 00h00m01s | stage:decode:final:start round=2 requested_int_ids=50
c 00h00m01s | stage:decode:done round=2 int_assignments=50
c 00h00m01s | stage:relaxation:done clauses_added=0 circuit_cegar_failures=0 circuit_cegar_rounds=0 circuit_cegar_added_clauses=0 cumulative_cegar_failures=0 cumulative_cegar_rounds=0 cumulative_cegar_added_clauses=0 cop_cegar_failures=12 cop_cegar_rounds=25 cop_cegar_added_clauses=32796
c 00h00m01s | result:Sat
c 00h00m01s | objective:incumbent kind=improvement value=17 rounds=13 improvements=12
o 17
c 00h00m01s | stage:sat:init solver=CaDiCaL vars=7002 clauses=153068
c 00h00m01s | stage:sat:solve:start round=1 circuit_cegar_rounds=- cumulative_cegar_rounds=- cop_cegar_rounds=26 assumptions=0 phase_lits=1350
c 00h00m01s | stage:sat:solve:done round=1 ms=0 result=Sat assumptions=0 phase_lits=1350
c 00h00m01s | stage:decode:start round=1 requested_int_ids=50
c 00h00m01s | stage:relaxation:done round=1 clauses_added=2733 circuit_clauses_added=0 cumulative_clauses_added=0 cop_clauses_added=2733 circuit_cegar_failures=0 circuit_cegar_rounds=0 circuit_cegar_added_clauses=0 cumulative_cegar_failures=0 cumulative_cegar_rounds=0 cumulative_cegar_added_clauses=0 cop_cegar_failures=13 cop_cegar_rounds=26 cop_cegar_added_clauses=35529
c 00h00m01s | stage:sat:solve:start round=2 circuit_cegar_rounds=- cumulative_cegar_rounds=- cop_cegar_rounds=27 assumptions=0 phase_lits=1350
c 00h00m01s | stage:sat:solve:done round=2 ms=0 result=Sat assumptions=0 phase_lits=1350
c 00h00m01s | stage:decode:start round=2 requested_int_ids=50
c 00h00m01s | stage:decode:final:start round=2 requested_int_ids=50
c 00h00m01s | stage:decode:done round=2 int_assignments=50
c 00h00m01s | stage:relaxation:done clauses_added=0 circuit_cegar_failures=0 circuit_cegar_rounds=0 circuit_cegar_added_clauses=0 cumulative_cegar_failures=0 cumulative_cegar_rounds=0 cumulative_cegar_added_clauses=0 cop_cegar_failures=13 cop_cegar_rounds=27 cop_cegar_added_clauses=35529
c 00h00m01s | result:Sat
c 00h00m01s | objective:incumbent kind=improvement value=16 rounds=14 improvements=13
o 16
c 00h00m01s | stage:sat:init solver=CaDiCaL vars=7002 clauses=153068
c 00h00m01s | stage:sat:solve:start round=1 circuit_cegar_rounds=- cumulative_cegar_rounds=- cop_cegar_rounds=28 assumptions=0 phase_lits=1350
c 00h00m01s | stage:sat:solve:done round=1 ms=0 result=Sat assumptions=0 phase_lits=1350
c 00h00m01s | stage:decode:start round=1 requested_int_ids=50
c 00h00m01s | stage:relaxation:done round=1 clauses_added=2733 circuit_clauses_added=0 cumulative_clauses_added=0 cop_clauses_added=2733 circuit_cegar_failures=0 circuit_cegar_rounds=0 circuit_cegar_added_clauses=0 cumulative_cegar_failures=0 cumulative_cegar_rounds=0 cumulative_cegar_added_clauses=0 cop_cegar_failures=14 cop_cegar_rounds=28 cop_cegar_added_clauses=38262
c 00h00m01s | stage:sat:solve:start round=2 circuit_cegar_rounds=- cumulative_cegar_rounds=- cop_cegar_rounds=29 assumptions=0 phase_lits=1350
c 00h00m01s | stage:sat:solve:done round=2 ms=7 result=Sat assumptions=0 phase_lits=1350
c 00h00m01s | stage:decode:start round=2 requested_int_ids=50
c 00h00m01s | stage:decode:final:start round=2 requested_int_ids=50
c 00h00m01s | stage:decode:done round=2 int_assignments=50
c 00h00m01s | stage:relaxation:done clauses_added=0 circuit_cegar_failures=0 circuit_cegar_rounds=0 circuit_cegar_added_clauses=0 cumulative_cegar_failures=0 cumulative_cegar_rounds=0 cumulative_cegar_added_clauses=0 cop_cegar_failures=14 cop_cegar_rounds=29 cop_cegar_added_clauses=38262
c 00h00m01s | result:Sat
c 00h00m01s | objective:incumbent kind=improvement value=15 rounds=15 improvements=14
o 15
c 00h00m01s | stage:sat:init solver=CaDiCaL vars=7002 clauses=153068
c 00h00m01s | stage:sat:solve:start round=1 circuit_cegar_rounds=- cumulative_cegar_rounds=- cop_cegar_rounds=30 assumptions=0 phase_lits=1350
c 00h00m01s | stage:sat:solve:done round=1 ms=0 result=Sat assumptions=0 phase_lits=1350
c 00h00m01s | stage:decode:start round=1 requested_int_ids=50
c 00h00m01s | stage:relaxation:done round=1 clauses_added=2733 circuit_clauses_added=0 cumulative_clauses_added=0 cop_clauses_added=2733 circuit_cegar_failures=0 circuit_cegar_rounds=0 circuit_cegar_added_clauses=0 cumulative_cegar_failures=0 cumulative_cegar_rounds=0 cumulative_cegar_added_clauses=0 cop_cegar_failures=15 cop_cegar_rounds=30 cop_cegar_added_clauses=40995
c 00h00m01s | stage:sat:solve:start round=2 circuit_cegar_rounds=- cumulative_cegar_rounds=- cop_cegar_rounds=31 assumptions=0 phase_lits=1350
c 00h00m01s | stage:sat:solve:done round=2 ms=2 result=Sat assumptions=0 phase_lits=1350
c 00h00m01s | stage:decode:start round=2 requested_int_ids=50
c 00h00m01s | stage:decode:final:start round=2 requested_int_ids=50
c 00h00m01s | stage:decode:done round=2 int_assignments=50
c 00h00m01s | stage:relaxation:done clauses_added=0 circuit_cegar_failures=0 circuit_cegar_rounds=0 circuit_cegar_added_clauses=0 cumulative_cegar_failures=0 cumulative_cegar_rounds=0 cumulative_cegar_added_clauses=0 cop_cegar_failures=15 cop_cegar_rounds=31 cop_cegar_added_clauses=40995
c 00h00m01s | result:Sat
c 00h00m01s | objective:incumbent kind=improvement value=14 rounds=16 improvements=15
o 14
c 00h00m01s | stage:sat:init solver=CaDiCaL vars=7002 clauses=153068
c 00h00m01s | stage:sat:solve:start round=1 circuit_cegar_rounds=- cumulative_cegar_rounds=- cop_cegar_rounds=32 assumptions=0 phase_lits=1350
c 00h00m01s | stage:sat:solve:done round=1 ms=0 result=Sat assumptions=0 phase_lits=1350
c 00h00m01s | stage:decode:start round=1 requested_int_ids=50
c 00h00m01s | stage:relaxation:done round=1 clauses_added=2733 circuit_clauses_added=0 cumulative_clauses_added=0 cop_clauses_added=2733 circuit_cegar_failures=0 circuit_cegar_rounds=0 circuit_cegar_added_clauses=0 cumulative_cegar_failures=0 cumulative_cegar_rounds=0 cumulative_cegar_added_clauses=0 cop_cegar_failures=16 cop_cegar_rounds=32 cop_cegar_added_clauses=43728
c 00h00m01s | stage:sat:solve:start round=2 circuit_cegar_rounds=- cumulative_cegar_rounds=- cop_cegar_rounds=33 assumptions=0 phase_lits=1350
c 00h00m01s | stage:sat:solve:done round=2 ms=22 result=Sat assumptions=0 phase_lits=1350
c 00h00m01s | stage:decode:start round=2 requested_int_ids=50
c 00h00m01s | stage:decode:final:start round=2 requested_int_ids=50
c 00h00m01s | stage:decode:done round=2 int_assignments=50
c 00h00m01s | stage:relaxation:done clauses_added=0 circuit_cegar_failures=0 circuit_cegar_rounds=0 circuit_cegar_added_clauses=0 cumulative_cegar_failures=0 cumulative_cegar_rounds=0 cumulative_cegar_added_clauses=0 cop_cegar_failures=16 cop_cegar_rounds=33 cop_cegar_added_clauses=43728
c 00h00m01s | result:Sat
c 00h00m01s | objective:incumbent kind=improvement value=13 rounds=17 improvements=16
o 13
c 00h00m01s | stage:sat:init solver=CaDiCaL vars=7002 clauses=153068
c 00h00m01s | stage:sat:solve:start round=1 circuit_cegar_rounds=- cumulative_cegar_rounds=- cop_cegar_rounds=34 assumptions=0 phase_lits=1350
c 00h00m01s | stage:sat:solve:done round=1 ms=0 result=Sat assumptions=0 phase_lits=1350
c 00h00m01s | stage:decode:start round=1 requested_int_ids=50
c 00h00m01s | stage:relaxation:done round=1 clauses_added=2733 circuit_clauses_added=0 cumulative_clauses_added=0 cop_clauses_added=2733 circuit_cegar_failures=0 circuit_cegar_rounds=0 circuit_cegar_added_clauses=0 cumulative_cegar_failures=0 cumulative_cegar_rounds=0 cumulative_cegar_added_clauses=0 cop_cegar_failures=17 cop_cegar_rounds=34 cop_cegar_added_clauses=46461
c 00h00m01s | stage:sat:solve:start round=2 circuit_cegar_rounds=- cumulative_cegar_rounds=- cop_cegar_rounds=35 assumptions=0 phase_lits=1350
c 00h00m01s | stage:sat:solve:done round=2 ms=0 result=Sat assumptions=0 phase_lits=1350
c 00h00m01s | stage:decode:start round=2 requested_int_ids=50
c 00h00m01s | stage:decode:final:start round=2 requested_int_ids=50
c 00h00m01s | stage:decode:done round=2 int_assignments=50
c 00h00m01s | stage:relaxation:done clauses_added=0 circuit_cegar_failures=0 circuit_cegar_rounds=0 circuit_cegar_added_clauses=0 cumulative_cegar_failures=0 cumulative_cegar_rounds=0 cumulative_cegar_added_clauses=0 cop_cegar_failures=17 cop_cegar_rounds=35 cop_cegar_added_clauses=46461
c 00h00m01s | result:Sat
c 00h00m01s | objective:incumbent kind=improvement value=12 rounds=18 improvements=17
o 12
c 00h00m01s | stage:sat:init solver=CaDiCaL vars=7002 clauses=153068
c 00h00m01s | stage:sat:solve:start round=1 circuit_cegar_rounds=- cumulative_cegar_rounds=- cop_cegar_rounds=36 assumptions=0 phase_lits=1350
c 00h00m01s | stage:sat:solve:done round=1 ms=0 result=Sat assumptions=0 phase_lits=1350
c 00h00m01s | stage:decode:start round=1 requested_int_ids=50
c 00h00m01s | stage:relaxation:done round=1 clauses_added=2733 circuit_clauses_added=0 cumulative_clauses_added=0 cop_clauses_added=2733 circuit_cegar_failures=0 circuit_cegar_rounds=0 circuit_cegar_added_clauses=0 cumulative_cegar_failures=0 cumulative_cegar_rounds=0 cumulative_cegar_added_clauses=0 cop_cegar_failures=18 cop_cegar_rounds=36 cop_cegar_added_clauses=49194
c 00h00m01s | stage:sat:solve:start round=2 circuit_cegar_rounds=- cumulative_cegar_rounds=- cop_cegar_rounds=37 assumptions=0 phase_lits=1350
c 00h00m01s | stage:sat:solve:done round=2 ms=0 result=Sat assumptions=0 phase_lits=1350
c 00h00m01s | stage:decode:start round=2 requested_int_ids=50
c 00h00m01s | stage:decode:final:start round=2 requested_int_ids=50
c 00h00m01s | stage:decode:done round=2 int_assignments=50
c 00h00m01s | stage:relaxation:done clauses_added=0 circuit_cegar_failures=0 circuit_cegar_rounds=0 circuit_cegar_added_clauses=0 cumulative_cegar_failures=0 cumulative_cegar_rounds=0 cumulative_cegar_added_clauses=0 cop_cegar_failures=18 cop_cegar_rounds=37 cop_cegar_added_clauses=49194
c 00h00m01s | result:Sat
c 00h00m01s | objective:incumbent kind=improvement value=11 rounds=19 improvements=18
o 11
c 00h00m01s | stage:sat:init solver=CaDiCaL vars=7002 clauses=153068
c 00h00m01s | stage:sat:solve:start round=1 circuit_cegar_rounds=- cumulative_cegar_rounds=- cop_cegar_rounds=38 assumptions=0 phase_lits=1350
c 00h00m01s | stage:sat:solve:done round=1 ms=0 result=Sat assumptions=0 phase_lits=1350
c 00h00m01s | stage:decode:start round=1 requested_int_ids=50
c 00h00m01s | stage:relaxation:done round=1 clauses_added=2733 circuit_clauses_added=0 cumulative_clauses_added=0 cop_clauses_added=2733 circuit_cegar_failures=0 circuit_cegar_rounds=0 circuit_cegar_added_clauses=0 cumulative_cegar_failures=0 cumulative_cegar_rounds=0 cumulative_cegar_added_clauses=0 cop_cegar_failures=19 cop_cegar_rounds=38 cop_cegar_added_clauses=51927
c 00h00m01s | stage:sat:solve:start round=2 circuit_cegar_rounds=- cumulative_cegar_rounds=- cop_cegar_rounds=39 assumptions=0 phase_lits=1350
c 00h00m01s | stage:sat:solve:done round=2 ms=0 result=Sat assumptions=0 phase_lits=1350
c 00h00m01s | stage:decode:start round=2 requested_int_ids=50
c 00h00m01s | stage:decode:final:start round=2 requested_int_ids=50
c 00h00m01s | stage:decode:done round=2 int_assignments=50
c 00h00m01s | stage:relaxation:done clauses_added=0 circuit_cegar_failures=0 circuit_cegar_rounds=0 circuit_cegar_added_clauses=0 cumulative_cegar_failures=0 cumulative_cegar_rounds=0 cumulative_cegar_added_clauses=0 cop_cegar_failures=19 cop_cegar_rounds=39 cop_cegar_added_clauses=51927
c 00h00m01s | result:Sat
c 00h00m01s | objective:incumbent kind=improvement value=10 rounds=20 improvements=19
o 10
c 00h00m01s | stage:sat:init solver=CaDiCaL vars=7002 clauses=153068
c 00h00m01s | stage:sat:solve:start round=1 circuit_cegar_rounds=- cumulative_cegar_rounds=- cop_cegar_rounds=40 assumptions=0 phase_lits=1350
c 00h00m01s | stage:sat:solve:done round=1 ms=0 result=Sat assumptions=0 phase_lits=1350
c 00h00m01s | stage:decode:start round=1 requested_int_ids=50
c 00h00m01s | stage:relaxation:done round=1 clauses_added=2733 circuit_clauses_added=0 cumulative_clauses_added=0 cop_clauses_added=2733 circuit_cegar_failures=0 circuit_cegar_rounds=0 circuit_cegar_added_clauses=0 cumulative_cegar_failures=0 cumulative_cegar_rounds=0 cumulative_cegar_added_clauses=0 cop_cegar_failures=20 cop_cegar_rounds=40 cop_cegar_added_clauses=54660
c 00h00m01s | stage:sat:solve:start round=2 circuit_cegar_rounds=- cumulative_cegar_rounds=- cop_cegar_rounds=41 assumptions=0 phase_lits=1350
c 00h00m01s | stage:sat:solve:done round=2 ms=0 result=Sat assumptions=0 phase_lits=1350
c 00h00m01s | stage:decode:start round=2 requested_int_ids=50
c 00h00m01s | stage:decode:final:start round=2 requested_int_ids=50
c 00h00m01s | stage:decode:done round=2 int_assignments=50
c 00h00m01s | stage:relaxation:done clauses_added=0 circuit_cegar_failures=0 circuit_cegar_rounds=0 circuit_cegar_added_clauses=0 cumulative_cegar_failures=0 cumulative_cegar_rounds=0 cumulative_cegar_added_clauses=0 cop_cegar_failures=20 cop_cegar_rounds=41 cop_cegar_added_clauses=54660
c 00h00m01s | result:Sat
c 00h00m01s | objective:incumbent kind=improvement value=9 rounds=21 improvements=20
o 9
c 00h00m01s | stage:sat:init solver=CaDiCaL vars=7002 clauses=153068
c 00h00m01s | stage:sat:solve:start round=1 circuit_cegar_rounds=- cumulative_cegar_rounds=- cop_cegar_rounds=42 assumptions=0 phase_lits=1350
c 00h00m01s | stage:sat:solve:done round=1 ms=0 result=Sat assumptions=0 phase_lits=1350
c 00h00m01s | stage:decode:start round=1 requested_int_ids=50
c 00h00m01s | stage:relaxation:done round=1 clauses_added=2733 circuit_clauses_added=0 cumulative_clauses_added=0 cop_clauses_added=2733 circuit_cegar_failures=0 circuit_cegar_rounds=0 circuit_cegar_added_clauses=0 cumulative_cegar_failures=0 cumulative_cegar_rounds=0 cumulative_cegar_added_clauses=0 cop_cegar_failures=21 cop_cegar_rounds=42 cop_cegar_added_clauses=57393
c 00h00m01s | stage:sat:solve:start round=2 circuit_cegar_rounds=- cumulative_cegar_rounds=- cop_cegar_rounds=43 assumptions=0 phase_lits=1350
c 00h00m01s | stage:sat:solve:done round=2 ms=102 result=Unsat assumptions=0 phase_lits=1350
c 00h00m01s | result:Unsat
s OPTIMUM FOUND
o 9
v <instantiation>
v   <list> x[0] x[1] x[2] x[3] x[4] x[5] x[6] x[7] x[8] x[9] x[10] x[11] x[12] x[13] x[14] x[15] x[16] x[17] x[18] x[19] x[20] x[21] x[22] x[23] x[24] c[0] c[1] c[2] c[3] c[4] c[5] c[6] c[7] c[8] c[9] c[10] c[11] c[12] c[13] c[14] c[15] c[16] c[17] c[18] c[19] c[20] c[21] c[22] c[23] c[24] </list>
v   <values> 5 6 9 9 9 5 4 3 4 2 7 6 0 2 7 1 0 1 1 3 0 2 8 8 8 5 6 0 0 0 5 1 14 1 21 2 6 20 21 2 3 20 3 3 14 20 21 4 4 4 </values>
v </instantiation>
d OBJECTIVE_VALUE 9
d OPTIMAL 1
d SOURCE_CONSTRAINTS 356
d NORMALIZED_CONSTRAINTS 356
d LOWERED_CONSTRAINTS 356
d UNSUPPORTED_CONSTRAINTS 0
d CIRCUIT_CEGAR_FAILURES 0
d CIRCUIT_CEGAR_ROUNDS 0
d CIRCUIT_CEGAR_ADDED_CLAUSES 0
d CUMULATIVE_CEGAR_FAILURES 0
d CUMULATIVE_CEGAR_ROUNDS 0
d CUMULATIVE_CEGAR_ADDED_CLAUSES 0
d COP_CEGAR_FAILURES 21
d COP_CEGAR_ROUNDS 43
d COP_CEGAR_ADDED_CLAUSES 57393
d OBJECTIVE_ROUNDS 22
d OBJECTIVE_IMPROVEMENTS 20
d OBJECTIVE_OPTIMALITY_PROOF strict_cut_unsat
d PROPAGATE_MS 0
d NORMALIZE_MS 0
d LOWER_MS 6
d POST_LOWER_MS 0
d PREENCODE_MS 4
d ENCODE_MS 77
d SAT_SOLVE_MS 1072
d TOTAL_MS 1232
d SAT_VARS 7002
d SAT_CLAUSES_BASE 153068
d SAT_CLAUSES_FINAL 155801
d SAT_CLAUSES_CEGAR_DELTA 2733
d SAT_CONFLICTS 8922
d LINEAR_INT_EQ_ARITY_STATS {"1":{"count":826,"max_domain_product_excluding_one_var":"1","p95_domain_product_excluding_one_var":"1"},"2":{"count":32,"max_domain_product_excluding_one_var":"24","p95_domain_product_excluding_one_var":"24"}}
d LINEAR_INT_NE_ARITY_STATS {"2":{"count":300,"max_domain_product_excluding_one_var":"32","p95_domain_product_excluding_one_var":"32"}}
d LINEAR_INT_GE_ARITY_STATS {"2":{"count":22,"max_domain_product_excluding_one_var":"32","p95_domain_product_excluding_one_var":"32"}}
d LINEAR_BOOL_MIXED_ARITY_STATS {"25":{"count":32,"max_domain_product_excluding_one_var":"16777216","p95_domain_product_excluding_one_var":"16777216"}}
d ROOT_LP_ENTERED 0
d ROOT_LP_STATUS skipped
d ROOT_LP_MS 0
d ROOT_LP_REASON --no-root-lp-bound
d PROPAGATE_PRUNED_VALUES 0
d PROPAGATE_CHANGED_DOMAINS 0
d PROPAGATE_ENTAILED_TABLES 0
d POST_LOWER_ROUNDS 0
d POST_LOWER_TIGHTENED_DOMAINS 0
d POST_LOWER_REMOVED_CLAUSES 0
d POST_LOWER_REMOVED_LITS 0
d POST_LOWER_DETECTED_UNSAT 0
d PREENCODE_INT_VARS 242
d ENCODE_EXTERNAL_GE_SPECS 0
d ENCODE_RELAXED_CIRCUITS 0
d MEMORY_RSS_BYTES 4034560
d MEMORY_RSS_AFTER_PROPAGATE_BYTES 2142208
d MEMORY_RSS_AFTER_LOWER_BYTES 2953216
d MEMORY_RSS_AFTER_POST_LOWER_BYTES 2953216
d MEMORY_RSS_BEFORE_PREENCODE_BYTES 2953216
d MEMORY_RSS_AFTER_PREENCODE_BYTES 4034560
d MEMORY_RSS_BEFORE_ENCODE_BYTES 4034560
d MEMORY_GUARD_LIMIT_BYTES 68719476736
d MEMORY_GUARD_RESERVE_BYTES 10737418240
d MEMORY_GUARD_AVAILABLE_BYTES 57978023936
d MEMORY_GUARD_DECISION rss-monitor
d MEMORY_GUARD_REASON rss_available
d DECODE_INT_ASSIGNMENTS 50
d CSV /bench/competition/2022-2025/COP22to25/ButtonsScissors-02_c25.xml.lzma,optimum,356,356,356,0,7002,155801,1232,0,0,6,4,77,1072,0,skipped,,,,,,0,,,,,,,,
