# WCTIME: wall clock time in seconds
WCTIME=1800.17
# CPUTIME: CPU time in seconds (USERTIME+SYSTEMTIME)
CPUTIME=1790.45
# USERTIME: CPU time spent in user mode in seconds
USERTIME=1779.63
# SYSTEMTIME: CPU time spent in system mode in seconds
SYSTEMTIME=10.8115
# CPUUSAGE: CPUTIME/WCTIME in percent
CPUUSAGE=99.4598
# MAXVM: maximum virtual memory used in KiB
MAXVM=2343388
# MAXMM: maximum memory used in KiB
MAXMM=1940784
# MAXRSS: maximum Resident Segment Size in KiB
MAXRSS=1986548
# TIMEOUT: did the solver exceed the time limit?
TIMEOUT=true
# MEMOUT: did the solver exceed the memory limit?
MEMOUT=false
# EXITSTATUS: Exit status of the solver
EXITSTATUS=36608
