MiniZinc to FlatZinc converter, version 2.9.3, build 1832600886
Copyright (C) 2014-2025 Monash University, NICTA, Data61
Parsing file(s) /bench/2010/solbat/sb.mzn', '/bench/2010/solbat/sb_12_12_6_3.dzn' ...
processing file '/usr/local/share/minizinc/std/stdlib.mzn'
processing file '/usr/local/share/minizinc/std/stdlib/stdlib_internal.mzn'
processing file '/usr/local/share/minizinc/std/output.mzn'
processing file '/usr/local/share/minizinc/std/output/array2d_bool.mzn'
processing file '/usr/local/share/minizinc/std/output/gantt.mzn'
processing file '/usr/local/share/minizinc/std/stdlib/stdlib_random.mzn'
processing file '/usr/local/share/minizinc/std/stdlib/stdlib_debug.mzn'
processing file '/usr/local/share/minizinc/std/stdlib/stdlib_reflect.mzn'
processing file '/usr/local/share/minizinc/std/stdlib/stdlib_ite.mzn'
processing file '/usr/local/share/minizinc/std/stdlib/stdlib_language.mzn'
processing file '/usr/local/share/minizinc/std/stdlib/stdlib_sort.mzn'
processing file '/usr/local/share/minizinc/std/stdlib/stdlib_opt.mzn'
processing file '/usr/local/share/minizinc/std/stdlib/stdlib_ann.mzn'
processing file '/usr/local/share/minizinc/std/stdlib/stdlib_enum.mzn'
processing file '/usr/local/share/minizinc/std/stdlib/stdlib_string.mzn'
processing file '/usr/local/share/minizinc/std/stdlib/stdlib_set.mzn'
processing file '/usr/local/share/minizinc/std/stdlib/stdlib_logic.mzn'
processing file '/usr/local/share/minizinc/std/stdlib/stdlib_array.mzn'
processing file '/usr/local/share/minizinc/std/stdlib/stdlib_coercion.mzn'
processing file '/usr/local/share/minizinc/std/stdlib/stdlib_math.mzn'
processing file '/usr/local/share/minizinc/std/stdlib/stdlib_compare.mzn'
processing file '/usr/local/share/minizinc/std/flatzinc_builtins.mzn'
processing file '/usr/local/share/minizinc/std/solver_redefinitions.mzn'
processing file '/usr/local/share/minizinc/std/table.mzn'
processing file '/usr/local/share/minizinc/std/fzn_table_int_opt.mzn'
processing file '/usr/local/share/minizinc/std/fzn_table_int_reif.mzn'
processing file '/entry_data/mzn-lib/fzn_table_int.mzn'
processing file '/usr/local/share/minizinc/std/fzn_table_bool_reif.mzn'
processing file '/entry_data/mzn-lib/fzn_table_bool.mzn'
processing file '/usr/local/share/minizinc/std/fzn_array_set_intersect.mzn'
processing file '/usr/local/share/minizinc/std/fzn_array_set_union.mzn'
processing file '/usr/local/share/minizinc/std/fzn_array_opt_int_union.mzn'
processing file '/usr/local/share/minizinc/std/fzn_array_int_union.mzn'
processing file '/usr/local/share/minizinc/std/lex_lesseq.mzn'
processing file '/usr/local/share/minizinc/std/fzn_lex_lesseq_set_reif.mzn'
processing file '/usr/local/share/minizinc/std/fzn_lex_lesseq_set.mzn'
processing file '/usr/local/share/minizinc/std/fzn_lex_lesseq_int_reif.mzn'
processing file '/entry_data/mzn-lib/fzn_lex_lesseq_int.mzn'
processing file '/usr/local/share/minizinc/std/fzn_lex_lesseq_float_reif.mzn'
processing file '/usr/local/share/minizinc/std/fzn_lex_lesseq_float.mzn'
processing file '/usr/local/share/minizinc/std/fzn_lex_lesseq_bool_reif.mzn'
processing file '/entry_data/mzn-lib/fzn_lex_lesseq_bool.mzn'
processing file '/usr/local/share/minizinc/std/lex_less.mzn'
processing file '/usr/local/share/minizinc/std/fzn_lex_less_set_reif.mzn'
processing file '/usr/local/share/minizinc/std/fzn_lex_less_set.mzn'
processing file '/usr/local/share/minizinc/std/fzn_lex_less_int_reif.mzn'
processing file '/entry_data/mzn-lib/fzn_lex_less_int.mzn'
processing file '/usr/local/share/minizinc/std/fzn_lex_less_float_reif.mzn'
processing file '/usr/local/share/minizinc/std/fzn_lex_less_float.mzn'
processing file '/usr/local/share/minizinc/std/fzn_lex_less_bool_reif.mzn'
processing file '/entry_data/mzn-lib/fzn_lex_less_bool.mzn'
processing file '/usr/local/share/minizinc/std/fzn_if_then_else_partiality.mzn'
processing file '/usr/local/share/minizinc/std/fzn_if_then_else_var_set.mzn'
processing file '/usr/local/share/minizinc/std/fzn_if_then_else_set.mzn'
processing file '/usr/local/share/minizinc/std/fzn_if_then_else_var_opt_float.mzn'
processing file '/usr/local/share/minizinc/std/fzn_if_then_else_var_float.mzn'
processing file '/usr/local/share/minizinc/std/fzn_if_then_else_opt_float.mzn'
processing file '/usr/local/share/minizinc/std/fzn_if_then_else_float.mzn'
processing file '/usr/local/share/minizinc/std/fzn_if_then_else_var_opt_bool.mzn'
processing file '/usr/local/share/minizinc/std/fzn_if_then_else_var_bool.mzn'
processing file '/usr/local/share/minizinc/std/fzn_if_then_else_opt_bool.mzn'
processing file '/usr/local/share/minizinc/std/fzn_if_then_else_bool.mzn'
processing file '/usr/local/share/minizinc/std/fzn_if_then_else_var_opt_int.mzn'
processing file '/usr/local/share/minizinc/std/fzn_if_then_else_var_int.mzn'
processing file '/usr/local/share/minizinc/std/fzn_if_then_else_opt_int.mzn'
processing file '/usr/local/share/minizinc/std/fzn_if_then_else_int.mzn'
processing file '/usr/local/share/minizinc/std/count_fn.mzn'
processing file '/usr/local/share/minizinc/std/count_lt.mzn'
processing file '/usr/local/share/minizinc/std/fzn_count_lt_par_reif.mzn'
processing file '/usr/local/share/minizinc/std/fzn_count_lt_reif.mzn'
processing file '/usr/local/share/minizinc/std/fzn_count_lt_par.mzn'
processing file '/usr/local/share/minizinc/std/fzn_count_lt.mzn'
processing file '/usr/local/share/minizinc/std/count_gt.mzn'
processing file '/usr/local/share/minizinc/std/fzn_count_gt_reif.mzn'
processing file '/usr/local/share/minizinc/std/fzn_count_gt_par_reif.mzn'
processing file '/usr/local/share/minizinc/std/fzn_count_gt.mzn'
processing file '/usr/local/share/minizinc/std/fzn_count_gt_par.mzn'
processing file '/usr/local/share/minizinc/std/count_neq.mzn'
processing file '/usr/local/share/minizinc/std/fzn_count_neq_reif.mzn'
processing file '/usr/local/share/minizinc/std/fzn_count_neq_par_reif.mzn'
processing file '/usr/local/share/minizinc/std/fzn_count_neq.mzn'
processing file '/usr/local/share/minizinc/std/fzn_count_neq_par.mzn'
processing file '/usr/local/share/minizinc/std/count_leq.mzn'
processing file '/usr/local/share/minizinc/std/fzn_count_leq_reif.mzn'
processing file '/usr/local/share/minizinc/std/fzn_count_leq_par_reif.mzn'
processing file '/usr/local/share/minizinc/std/fzn_count_leq.mzn'
processing file '/usr/local/share/minizinc/std/fzn_count_leq_par.mzn'
processing file '/usr/local/share/minizinc/std/count_geq.mzn'
processing file '/usr/local/share/minizinc/std/fzn_count_geq_reif.mzn'
processing file '/usr/local/share/minizinc/std/fzn_count_geq_par_reif.mzn'
processing file '/usr/local/share/minizinc/std/fzn_count_geq.mzn'
processing file '/usr/local/share/minizinc/std/fzn_count_geq_par.mzn'
processing file '/usr/local/share/minizinc/std/count_eq.mzn'
processing file '/usr/local/share/minizinc/std/fzn_count_eq_par_reif.mzn'
processing file '/usr/local/share/minizinc/std/fzn_count_eq_reif.mzn'
processing file '/usr/local/share/minizinc/std/fzn_count_eq_par.mzn'
processing file '/entry_data/mzn-lib/fzn_count_eq.mzn'
processing file '/usr/local/share/minizinc/std/redefinitions-2.7.1.mzn'
processing file '/usr/local/share/minizinc/std/redefinitions-2.5.2.mzn'
processing file '/usr/local/share/minizinc/std/redefinitions-2.3.3.mzn'
processing file '/usr/local/share/minizinc/std/redefinitions-2.2.1.mzn'
processing file '/usr/local/share/minizinc/std/redefinitions-2.1.1.mzn'
processing file '/usr/local/share/minizinc/std/redefinitions-2.1.mzn'
processing file '/entry_data/mzn-lib/redefinitions-2.0.2.mzn'
processing file '/entry_data/mzn-lib/redefinitions-2.0.mzn'
processing file '/usr/local/share/minizinc/std/redefinitions.mzn'
processing file '/bench/2010/solbat/sb.mzn'
processing data file '/bench/2010/solbat/sb_12_12_6_3.dzn'
 done parsing (0.10 s)
Flattening ...
	CompilePass: Flatten with '/entry_data/mzn-lib' library ...
MIP domains ...
 done (0.22 s)
Optimizing ... done (0.23 s)
Converting to old FlatZinc ... done (0.25 s)
 done (0.25 s)
 done (0.35 s), max stack depth 20
Maximum memory 12 Mbytes.
      % SOLVING PHASE
FZN solver plugin, compiled  May 23 2025  06:18:37
Using FZN solver /entry_data/fzn-exec for solving, parameters: -p 14 -v 
%% File /tmp/mznfileZ9tPSA.fzn parsed in 88 ms
%% Model mznfileZ9tPSA
%%   - boolean variables:4414
%%   - integer variables:2016
%%   - array_bool_and: 1223
%%   - bool2int: 1817
%%   - bool_clause: 2686
%%   - int_eq_imp: 282
%%   - int_eq_reif: 1008
%%   - int_lin_eq: 37
%%   - int_lin_eq_imp: 143
%%   - int_ne: 49
%%   - int_ne_imp: 671
%%   - int_ne_reif: 144
%%   - set_in_reif: 528
%%   - Satisfaction problem
%%   - #var_op_value_reif cached: 144
%%   - #var_op_var_reif cached: 0
%%   - #var_op_var_imp cached: 0
%%   - #full domain encodings: 144
%% Starting CP-SAT solver v9.15.9999
%% Parameters: log_search_progress: true log_to_stdout: false max_domain_size_when_encoding_eq_neq_constraints: 32 num_workers: 14
%% Initial satisfaction model 'mznfileZ9tPSA': (model_fingerprint: 0xd311d7ce8544901a)
%% Search strategy: on 144 variables, CHOOSE_FIRST, SELECT_MIN_VALUE
%% #Variables: 6'430 (4'434 primary variables)
%%   - 6'231 Booleans in [0,1]
%%   - 3 in [0,144]
%%   - 144 in [1,7]
%%   - 52 constants in {1} 
%% #kBoolAnd: 1'936 (#enforced: 1'936) (#literals: 6'894)
%% #kBoolAndClauses: 264 (#enforced: 264 #multi: 264) (#literals: 792)
%% #kBoolOr: 3'645 (#enforced: 959) (#literals: 12'426)
%% #kLinear1: 3'407 (#enforced: 3'358)
%% #kLinear2: 2'323 (#enforced: 361)
%% #kLinearN: 36 (#terms: 1'966)
%% Starting presolve at 0.02s
%%   1.95e-03s  0.00e+00d  [DetectDominanceRelations] 
%%   5.51e-02s  0.00e+00d  [PresolveToFixPoint] #num_loops=7 #num_dual_strengthening=3 
%%   1.29e-04s  0.00e+00d  [ExtractEncodingFromLinear] #potential_supersets=123 #potential_subsets=4 
%%   2.21e-04s  0.00e+00d  [DetectDuplicateColumns] 
%%   1.98e-04s  0.00e+00d  [DetectDuplicateConstraints] 
%% [Symmetry] Graph for symmetry has 13'265 nodes and 28'528 arcs.
%% [Symmetry] Symmetry computation done. time: 0.00565316 dtime: 0.00411743
%% [Symmetry] #generators: 10, average support size: 2
%% [Symmetry] 10 orbits on 20 variables with sizes: 2,2,2,2,2,2,2,2,2,2
%% [Symmetry] Found orbitope of size 1 x 2
%% [SAT presolve] num removable Booleans: 939 / 2'729
%% [SAT presolve] num trivial clauses: 0
%% [SAT presolve] [0s] clauses:8'696 literals:22'988 vars:1'965 one_side_vars:0 simple_definition:582 singleton_clauses:0
%% [SAT presolve] [0.00102468s] clauses:8'326 literals:19'862 vars:1'965 one_side_vars:193 simple_definition:404 singleton_clauses:25
%% [SAT presolve] [0.0019081s] clauses:7'860 literals:19'070 vars:1'684 one_side_vars:17 simple_definition:344 singleton_clauses:17
%%   3.35e-04s  0.00e+00d  [DetectDuplicateConstraintsWithDifferentEnforcements] #without_enforcements=150 
%%   3.46e-02s  1.06e-02d  [Probe] #probed=6'702 #fixed_bools=1'325 #new_bounds=1 #equiv=218 #new_binary_clauses=2'418 
%%   5.16e-03s  1.26e-03d  [MaxClique] Merged 5'598 constraints with 11'196 literals into 5'097 constraints with 10'342 literals
%%   1.01e-03s  0.00e+00d  [DetectDominanceRelations] 
%%   3.51e-03s  0.00e+00d  [PresolveToFixPoint] #num_loops=2 #num_dual_strengthening=1 
%%   4.07e-04s  0.00e+00d  [ProcessAtMostOneAndLinear] 
%%   1.44e-04s  0.00e+00d  [DetectDuplicateConstraints] #duplicates=69 
%%   1.10e-04s  0.00e+00d  [DetectDuplicateConstraintsWithDifferentEnforcements] 
%%   1.42e-04s  6.26e-07d  [DetectDominatedLinearConstraints] #relevant_constraints=14 #num_inclusions=1 #num_redundant=1 
%%   9.64e-05s  0.00e+00d  [DetectDifferentVariables] 
%%   3.87e-04s  4.77e-06d  [ProcessSetPPC] #relevant_constraints=338 #num_inclusions=93 
%%   9.47e-04s  1.35e-06d  [TransformClausesToExactlyOne] #num_amos=212 #num_clauses=34 #num_checked=34 
%%   1.14e-04s  0.00e+00d  [DetectEncodedComplexDomains] 
%%   1.34e-04s  0.00e+00d  [FindAlmostIdenticalLinearConstraints] 
%%   1.90e-04s  6.22e-05d  [FindBigAtMostOneAndLinearOverlap] 
%%   1.08e-04s  2.92e-05d  [FindBigVerticalLinearOverlap] 
%%   1.22e-04s  9.70e-07d  [FindBigHorizontalLinearOverlap] #linears=14 
%%   3.02e-04s  5.45e-07d  [MergeClauses] 
%%   9.74e-04s  0.00e+00d  [DetectDominanceRelations] 
%%   2.00e-03s  0.00e+00d  [PresolveToFixPoint] #num_loops=1 #num_dual_strengthening=1 
%%   9.59e-04s  0.00e+00d  [DetectDominanceRelations] 
%%   1.93e-03s  0.00e+00d  [PresolveToFixPoint] #num_loops=1 #num_dual_strengthening=1 
%%   1.39e-04s  0.00e+00d  [DetectDuplicateColumns] 
%%   1.10e-04s  0.00e+00d  [DetectDuplicateConstraints] #duplicates=9 
%% [Symmetry] Graph for symmetry has 6'828 nodes and 1'205 arcs.
%% [Symmetry] Symmetry computation done. time: 0.000532867 dtime: 0.00051233
%% [SAT presolve] num removable Booleans: 0 / 897
%% [SAT presolve] num trivial clauses: 0
%% [SAT presolve] [0s] clauses:170 literals:381 vars:132 one_side_vars:72 simple_definition:47 singleton_clauses:0
%% [SAT presolve] [4.1449e-05s] clauses:165 literals:366 vars:131 one_side_vars:73 simple_definition:46 singleton_clauses:2
%% [SAT presolve] [9.671e-05s] clauses:165 literals:366 vars:131 one_side_vars:73 simple_definition:46 singleton_clauses:2
%%   1.29e-04s  0.00e+00d  [DetectDuplicateConstraintsWithDifferentEnforcements] 
%%   1.03e-02s  1.48e-03d  [Probe] #probed=6'501 #fixed_bools=80 #equiv=26 #new_binary_clauses=176 
%%   3.65e-04s  3.46e-05d  [MaxClique] Merged 197 constraints with 505 literals into 169 constraints with 440 literals
%%   9.05e-04s  0.00e+00d  [DetectDominanceRelations] 
%%   1.96e-03s  0.00e+00d  [PresolveToFixPoint] #num_loops=4 #num_dual_strengthening=1 
%%   2.82e-04s  0.00e+00d  [ProcessAtMostOneAndLinear] 
%%   1.05e-04s  0.00e+00d  [DetectDuplicateConstraints] #duplicates=2 
%%   9.57e-05s  0.00e+00d  [DetectDuplicateConstraintsWithDifferentEnforcements] 
%%   1.07e-04s  8.30e-08d  [DetectDominatedLinearConstraints] #relevant_constraints=4 
%%   9.13e-05s  0.00e+00d  [DetectDifferentVariables] 
%%   2.05e-04s  5.80e-07d  [ProcessSetPPC] #relevant_constraints=43 #num_inclusions=12 
%%   7.64e-04s  1.63e-07d  [TransformClausesToExactlyOne] #num_amos=19 #num_clauses=5 #num_checked=5 
%%   1.11e-04s  0.00e+00d  [DetectEncodedComplexDomains] 
%%   1.34e-04s  0.00e+00d  [FindAlmostIdenticalLinearConstraints] 
%%   4.97e-05s  4.63e-06d  [FindBigAtMostOneAndLinearOverlap] 
%%   5.54e-05s  5.44e-06d  [FindBigVerticalLinearOverlap] 
%%   1.18e-04s  1.35e-07d  [FindBigHorizontalLinearOverlap] #linears=4 
%%   2.94e-04s  8.50e-08d  [MergeClauses] 
%%   8.96e-04s  0.00e+00d  [DetectDominanceRelations] 
%%   1.72e-03s  0.00e+00d  [PresolveToFixPoint] #num_loops=1 #num_dual_strengthening=1 
%%   8.96e-04s  0.00e+00d  [DetectDominanceRelations] 
%%   1.69e-03s  0.00e+00d  [PresolveToFixPoint] #num_loops=1 #num_dual_strengthening=1 
%%   1.25e-04s  0.00e+00d  [DetectDuplicateColumns] 
%%   9.35e-05s  0.00e+00d  [DetectDuplicateConstraints] 
%% [Symmetry] Graph for symmetry has 6'496 nodes and 163 arcs.
%% [Symmetry] Symmetry computation done. time: 0.000378665 dtime: 0.00040275
%% [SAT presolve] num removable Booleans: 0 / 787
%% [SAT presolve] num trivial clauses: 0
%% [SAT presolve] [0s] clauses:16 literals:39 vars:16 one_side_vars:7 simple_definition:6 singleton_clauses:0
%% [SAT presolve] [2.1038e-05s] clauses:16 literals:38 vars:16 one_side_vars:7 simple_definition:7 singleton_clauses:0
%% [SAT presolve] [4.7062e-05s] clauses:16 literals:38 vars:16 one_side_vars:7 simple_definition:7 singleton_clauses:0
%%   1.19e-04s  0.00e+00d  [DetectDuplicateConstraintsWithDifferentEnforcements] 
%%   8.24e-03s  8.21e-04d  [Probe] #probed=6'396 #fixed_bools=1 #equiv=8 #new_binary_clauses=18 
%%   1.61e-04s  4.20e-06d  [MaxClique] Merged 19 constraints with 50 literals into 13 constraints with 32 literals
%%   9.01e-04s  0.00e+00d  [DetectDominanceRelations] 
%%   1.77e-03s  0.00e+00d  [PresolveToFixPoint] #num_loops=1 #num_dual_strengthening=1 
%%   2.77e-04s  0.00e+00d  [ProcessAtMostOneAndLinear] 
%%   1.08e-04s  0.00e+00d  [DetectDuplicateConstraints] #duplicates=5 
%%   8.99e-05s  0.00e+00d  [DetectDuplicateConstraintsWithDifferentEnforcements] 
%%   9.54e-05s  4.30e-08d  [DetectDominatedLinearConstraints] #relevant_constraints=2 
%%   8.80e-05s  0.00e+00d  [DetectDifferentVariables] 
%%   1.83e-04s  2.20e-07d  [ProcessSetPPC] #relevant_constraints=15 #num_inclusions=6 
%%   7.45e-04s  0.00e+00d  [TransformClausesToExactlyOne] #num_amos=2 
%%   1.09e-04s  0.00e+00d  [DetectEncodedComplexDomains] 
%%   1.28e-04s  0.00e+00d  [FindAlmostIdenticalLinearConstraints] 
%%   3.50e-05s  1.80e-06d  [FindBigAtMostOneAndLinearOverlap] 
%%   5.01e-05s  4.28e-06d  [FindBigVerticalLinearOverlap] 
%%   1.17e-04s  5.00e-08d  [FindBigHorizontalLinearOverlap] #linears=2 
%%   1.23e-04s  0.00e+00d  [MergeClauses] 
%%   8.96e-04s  0.00e+00d  [DetectDominanceRelations] 
%%   1.68e-03s  0.00e+00d  [PresolveToFixPoint] #num_loops=1 #num_dual_strengthening=1 
%%   9.30e-05s  0.00e+00d  [MergeNoOverlap] 
%%   9.86e-05s  0.00e+00d  [MergeNoOverlap2D] 
%% Presolve summary:
%%   - 3313 affine relations were detected.
%%   - rule 'TODO dual: only one blocking constraint?' was applied 384 times.
%%   - rule 'affine: new relation' was applied 3'313 times.
%%   - rule 'at_most_one: empty or all false' was applied 801 times.
%%   - rule 'at_most_one: removed literals' was applied 1'901 times.
%%   - rule 'at_most_one: resolved two constraints with opposite literal' was applied 7 times.
%%   - rule 'at_most_one: satisfied' was applied 2'850 times.
%%   - rule 'at_most_one: size one' was applied 1'086 times.
%%   - rule 'at_most_one: transformed into max clique' was applied 3 times.
%%   - rule 'at_most_one: x and not(x)' was applied 22 times.
%%   - rule 'bool_and: always false' was applied 349 times.
%%   - rule 'bool_and: fixed literals' was applied 9 times.
%%   - rule 'bool_and: non-reified' was applied 97 times.
%%   - rule 'bool_and: setting unused literal in rhs to true' was applied 26 times.
%%   - rule 'bool_and: x => x' was applied 1'148 times.
%%   - rule 'bool_or: always true' was applied 2'876 times.
%%   - rule 'bool_or: fixed literals' was applied 6 times.
%%   - rule 'bool_or: implications' was applied 1'368 times.
%%   - rule 'bool_or: only one literal' was applied 751 times.
%%   - rule 'bool_or: removed enforcement literal' was applied 1'476 times.
%%   - rule 'bool_or: singleton' was applied 48 times.
%%   - rule 'deductions: 3300 stored' was applied 1 time.
%%   - rule 'dual: enforced equivalence' was applied 1'089 times.
%%   - rule 'dual: fix variable' was applied 26 times.
%%   - rule 'duplicate: removed constraint' was applied 85 times.
%%   - rule 'duplicate: removed enforced constraint' was applied 150 times.
%%   - rule 'enforcement: false literal' was applied 539 times.
%%   - rule 'enforcement: literal not used' was applied 2 times.
%%   - rule 'enforcement: true literal' was applied 573 times.
%%   - rule 'exactly_one: removed literals' was applied 36 times.
%%   - rule 'exactly_one: satisfied' was applied 77 times.
%%   - rule 'exactly_one: size two' was applied 3 times.
%%   - rule 'exactly_one: x and not(x)' was applied 126 times.
%%   - rule 'linear inclusion: sparsify superset' was applied 1 time.
%%   - rule 'linear1: always true' was applied 170 times.
%%   - rule 'linear1: transformed to implication' was applied 372 times.
%%   - rule 'linear1: x in domain' was applied 49 times.
%%   - rule 'linear2: convert implied ax + by == cte to clauses' was applied 361 times.
%%   - rule 'linear: always true' was applied 52 times.
%%   - rule 'linear: divide by GCD' was applied 45 times.
%%   - rule 'linear: empty' was applied 272 times.
%%   - rule 'linear: enforcement literal in expression' was applied 4 times.
%%   - rule 'linear: fixed or dup variables' was applied 585 times.
%%   - rule 'linear: infeasible' was applied 47 times.
%%   - rule 'linear: negative equal one' was applied 13 times.
%%   - rule 'linear: never in domain' was applied 210 times.
%%   - rule 'linear: not satisfied after GCD' was applied 1 time.
%%   - rule 'linear: positive equal one' was applied 9 times.
%%   - rule 'linear: reduced variable domains' was applied 203 times.
%%   - rule 'linear: remapped using affine relations' was applied 761 times.
%%   - rule 'linear: simplified rhs' was applied 1'258 times.
%%   - rule 'linear: variable substitution 0' was applied 1 time.
%%   - rule 'presolve: 3110 unused variables removed.' was applied 1 time.
%%   - rule 'presolve: iteration' was applied 3 times.
%%   - rule 'probing: bool_or reduced to implication' was applied 704 times.
%%   - rule 'probing: simplified clauses' was applied 152 times.
%%   - rule 'setppc: bool_or in at_most_one' was applied 35 times.
%%   - rule 'setppc: exactly_one included in linear' was applied 2 times.
%%   - rule 'setppc: reduced linear coefficients' was applied 2 times.
%%   - rule 'setppc: removed dominated constraints' was applied 57 times.
%%   - rule 'variables with 2 values: merge encoding literals' was applied 1 time.
%%   - rule 'variables with 2 values: new affine relation' was applied 1 time.
%%   - rule 'variables: add at_most_one between incompatible complex encodings' was applied 50 times.
%%   - rule 'variables: canonicalize affine domain' was applied 4 times.
%%   - rule 'variables: detect fully reified value encoding' was applied 971 times.
%%   - rule 'variables: detect half reified value encoding' was applied 2'206 times.
%%   - rule 'variables: only used in complex encodings' was applied 113 times.
%%   - rule 'variables: only used in value and order encodings' was applied 5 times.
%% Presolved satisfaction model 'mznfileZ9tPSA': (model_fingerprint: 0x128f9e4d987ddc64)
%% Search strategy: on 7 variables, CHOOSE_FIRST, SELECT_MIN_VALUE
%% #Variables: 11 (5 primary variables)
%%   - 11 Booleans in [0,1]
%% #kAtMostOne: 2 (#literals: 8)
%% #kExactlyOne: 7 (#literals: 22)
%% #kLinearN: 2 (#terms: 10)
%% [Symmetry] Graph for symmetry has 29 nodes and 47 arcs.
%% [Symmetry] Symmetry computation done. time: 4.1416e-05 dtime: 1.081e-05
%% [Symmetry] #generators: 1, average support size: 10
%% [Symmetry] 5 orbits on 10 variables with sizes: 2,2,2,2,2
%% Preloading model.
%% #Model   0.22s var:11/11 constraints:11/11
%% Starting search at 0.22s with 14 workers.
%% 10 full problem subsolvers: [default_lp, fixed, max_lp, max_lp_sym, no_lp, probing, probing_max_lp, probing_no_lp, quick_restart, quick_restart_no_lp]
%% 4 first solution subsolvers: [fj(2), fs_random, fs_random_no_lp]
%% 2 interleaved subsolvers: [feasibility_pump, rins/rens]
%% 2 helper subsolvers: [neighborhood_helper, synchronization_agent]
%% #1       0.22s fj_restart(batch:1 lin{mvs:4 evals:10} #w_updates:0 #perturb:0)
%% #2       0.22s quick_restart_no_lp
%% #3       0.22s no_lp
%% Task timing                      n [     min,      max]      avg      dev     time         n [     min,      max]      avg      dev    dtime
%%            'default_lp':         1 [  4.56ms,   4.56ms]   4.56ms   0.00ns   4.56ms         1 [ 17.21us,  17.21us]  17.21us   0.00ns  17.21us
%%      'feasibility_pump':         1 [  1.87ms,   1.87ms]   1.87ms   0.00ns   1.87ms         0 [  0.00ns,   0.00ns]   0.00ns   0.00ns   0.00ns
%%                 'fixed':         1 [  4.36ms,   4.36ms]   4.36ms   0.00ns   4.36ms         1 [ 17.21us,  17.21us]  17.21us   0.00ns  17.21us
%%                    'fj':         0 [  0.00ns,   0.00ns]   0.00ns   0.00ns   0.00ns         0 [  0.00ns,   0.00ns]   0.00ns   0.00ns   0.00ns
%%                    'fj':         1 [866.54us, 866.54us] 866.54us   0.00ns 866.54us         1 [  4.63us,   4.63us]   4.63us   0.00ns   4.63us
%%             'fs_random':         1 [  2.52ms,   2.52ms]   2.52ms   0.00ns   2.52ms         1 [ 17.21us,  17.21us]  17.21us   0.00ns  17.21us
%%       'fs_random_no_lp':         1 [  1.11ms,   1.11ms]   1.11ms   0.00ns   1.11ms         1 [ 17.19us,  17.19us]  17.19us   0.00ns  17.19us
%%                'max_lp':         1 [  4.07ms,   4.07ms]   4.07ms   0.00ns   4.07ms         1 [ 17.21us,  17.21us]  17.21us   0.00ns  17.21us
%%            'max_lp_sym':         1 [  5.19ms,   5.19ms]   5.19ms   0.00ns   5.19ms         1 [ 17.33us,  17.33us]  17.33us   0.00ns  17.33us
%%                 'no_lp':         1 [  3.84ms,   3.84ms]   3.84ms   0.00ns   3.84ms         2 [ 17.19us,  36.36us]  26.77us   9.58us  53.55us
%%               'probing':         1 [  3.27ms,   3.27ms]   3.27ms   0.00ns   3.27ms         1 [ 16.07us,  16.07us]  16.07us   0.00ns  16.07us
%%        'probing_max_lp':         1 [  4.50ms,   4.50ms]   4.50ms   0.00ns   4.50ms         1 [ 16.07us,  16.07us]  16.07us   0.00ns  16.07us
%%         'probing_no_lp':         1 [  2.65ms,   2.65ms]   2.65ms   0.00ns   2.65ms         2 [ 16.05us, 557.29us] 286.67us 270.62us 573.34us
%%         'quick_restart':         1 [  3.68ms,   3.68ms]   3.68ms   0.00ns   3.68ms         1 [ 17.21us,  17.21us]  17.21us   0.00ns  17.21us
%%   'quick_restart_no_lp':         1 [  2.88ms,   2.88ms]   2.88ms   0.00ns   2.88ms         1 [ 17.19us,  17.19us]  17.19us   0.00ns  17.19us
%%             'rins/rens':         0 [  0.00ns,   0.00ns]   0.00ns   0.00ns   0.00ns         0 [  0.00ns,   0.00ns]   0.00ns   0.00ns   0.00ns
%% 
%% Search stats              Bools  Conflicts  Branches  Restarts  BacktrackToRoot  Backtrack  BoolPropag  IntegerPropag
%%            'default_lp':     11          0        22         0               22         22          64             50
%%                 'fixed':     11          0        22         0               22         22          64             50
%%             'fs_random':     11          0        22         0               22         22          64             50
%%       'fs_random_no_lp':     11          0        22         0               22         22          64             50
%%                'max_lp':     11          0        22         0               22         22          64             86
%%            'max_lp_sym':     11          0        22         0               22         22          64             90
%%                 'no_lp':     11          0        80         0               45         59         190            158
%%               'probing':     11          0        22         0               22         22          64             50
%%        'probing_max_lp':     11          0        22         0               22         22          64             86
%%         'probing_no_lp':     11          0       701         0              411        411       2'157          1'743
%%         'quick_restart':     11          0        22         0               22         22          64             50
%%   'quick_restart_no_lp':     11          0        78         0               45         59         192            158
%% 
%% SAT formula               Fixed  Equiv  Total  VarLeft  BinaryClauses  PermanentClauses  TemporaryClauses
%%            'default_lp':      0      0     11       11             28                 7                 0
%%                 'fixed':      0      0     11       11             28                 7                 0
%%             'fs_random':      0      0     11       11             28                 7                 0
%%       'fs_random_no_lp':      0      0     11       11             28                 7                 0
%%                'max_lp':      0      0     11       11             28                 7                 0
%%            'max_lp_sym':      0      0     11       11             28                 7                 0
%%                 'no_lp':      0      0     11       11             28                 7                 0
%%               'probing':      0      0     11       11              0                 7                 0
%%        'probing_max_lp':      0      0     11       11              0                 7                 0
%%         'probing_no_lp':      0      0     11       11              0                 7                 0
%%         'quick_restart':      0      0     11       11             28                 7                 0
%%   'quick_restart_no_lp':      0      0     11       11             28                 7                 0
%% 
%% SAT stats                 ClassicMinim  LitRemoved  LitRemovedBinary  LitLearned  LitForgotten  Subsumed
%%            'default_lp':             0           0                 0           0             0         0
%%                 'fixed':             0           0                 0           0             0         0
%%             'fs_random':             0           0                 0           0             0         0
%%       'fs_random_no_lp':             0           0                 0           0             0         0
%%                'max_lp':             0           0                 0           0             0         0
%%            'max_lp_sym':             0           0                 0           0             0         0
%%                 'no_lp':             0           0                 0           0             0         0
%%               'probing':             0           0                 0           0             0         0
%%        'probing_max_lp':             0           0                 0           0             0         0
%%         'probing_no_lp':             0           0                 0           0             0         0
%%         'quick_restart':             0           0                 0           0             0         0
%%   'quick_restart_no_lp':             0           0                 0           0             0         0
%% 
%% Vivification              Clauses  Decisions  LitTrue  Subsumed  LitRemoved  DecisionReused  Conflicts
%%            'default_lp':        0          0        0         0           0               0          0
%%                 'fixed':        0          0        0         0           0               0          0
%%             'fs_random':        0          0        0         0           0               0          0
%%       'fs_random_no_lp':        0          0        0         0           0               0          0
%%                'max_lp':        0          0        0         0           0               0          0
%%            'max_lp_sym':        0          0        0         0           0               0          0
%%                 'no_lp':       15         32        0         0           0               0          0
%%               'probing':        0          0        0         0           0               0          0
%%        'probing_max_lp':        0          0        0         0           0               0          0
%%         'probing_no_lp':        0          0        0         0           0               0          0
%%         'quick_restart':        0          0        0         0           0               0          0
%%   'quick_restart_no_lp':       15         32        0         0           0               0          0
%% 
%% Clause deletion           at_true  l_and_not(l)  to_binary  sub_conflict  sub_extra  sub_decisions  sub_eager  sub_vivify  sub_probing  sub_inpro  blocked  eliminated  forgotten  promoted  conflicts
%%            'default_lp':        0             0          0             0          0              0          0           0            0          0        0           0          0         0          0
%%                 'fixed':        0             0          0             0          0              0          0           0            0          0        0           0          0         0          0
%%             'fs_random':        0             0          0             0          0              0          0           0            0          0        0           0          0         0          0
%%       'fs_random_no_lp':        0             0          0             0          0              0          0           0            0          0        0           0          0         0          0
%%                'max_lp':        0             0          0             0          0              0          0           0            0          0        0           0          0         0          0
%%            'max_lp_sym':        0             0          0             0          0              0          0           0            0          0        0           0          0         0          0
%%                 'no_lp':        0             0          0             0          0              0          0           0            0          0        0           0          0         0          0
%%               'probing':        0             0          0             0          0              0          0           0            0          0        0           0          0         0          0
%%        'probing_max_lp':        0             0          0             0          0              0          0           0            0          0        0           0          0         0          0
%%         'probing_no_lp':        0             0          0             0          0              0          0           0            0          0        0           0          0         0          0
%%         'quick_restart':        0             0          0             0          0              0          0           0            0          0        0           0          0         0          0
%%   'quick_restart_no_lp':        0             0          0             0          0              0          0           0            0          0        0           0          0         0          0
%% 
%% Lp stats             Component  Iterations  AddedCuts  OPTIMAL  DUAL_F.  DUAL_U.
%%       'default_lp':          1           0          0        0        0        0
%%            'fixed':          1           0          0        0        0        0
%%        'fs_random':          1           0          0        0        0        0
%%           'max_lp':          1           0          0        0        0        0
%%       'max_lp_sym':          1           0          0        0        0        0
%%          'probing':          1           0          0        0        0        0
%%   'probing_max_lp':          1           0          0        0        0        0
%%    'quick_restart':          1           0          0        0        0        0
%% 
%% Lp dimension         Final dimension of first component
%%       'default_lp':        0 rows, 7 columns, 0 entries
%%            'fixed':        0 rows, 7 columns, 0 entries
%%        'fs_random':        0 rows, 7 columns, 0 entries
%%           'max_lp':     11 rows, 11 columns, 40 entries
%%       'max_lp_sym':       8 rows, 6 columns, 22 entries
%%          'probing':        0 rows, 7 columns, 0 entries
%%   'probing_max_lp':     11 rows, 11 columns, 40 entries
%%    'quick_restart':        0 rows, 7 columns, 0 entries
%% 
%% Lp debug             CutPropag  CutEqPropag  Adjust  Overflow  Bad  BadScaling
%%       'default_lp':          0            0       0         0    0           0
%%            'fixed':          0            0       0         0    0           0
%%        'fs_random':          0            0       0         0    0           0
%%           'max_lp':          0            0       0         0    0           0
%%       'max_lp_sym':          0            0       0         0    0           0
%%          'probing':          0            0       0         0    0           0
%%   'probing_max_lp':          0            0       0         0    0           0
%%    'quick_restart':          0            0       0         0    0           0
%% 
%% Lp pool              Constraints  Updates  Simplif  Merged  Shortened  Split  Strengthened  Cuts/Call
%%       'default_lp':            9        0        0       0          0      0             0        0/0
%%            'fixed':            9        0        0       0          0      0             0        0/0
%%        'fs_random':            9        0        0       0          0      0             0        0/0
%%           'max_lp':           11        0        0       0          0      0             0        0/0
%%       'max_lp_sym':            8        0        0       0          0      0             0        0/0
%%          'probing':            9        0        0       0          0      0             0        0/0
%%   'probing_max_lp':           11        0        0       0          0      0             0        0/0
%%    'quick_restart':            9        0        0       0          0      0             0        0/0
%% 
%% LNS stats       Improv/Calls  Closed  Difficulty  TimeLimit
%%   'rins/rens':           0/0      0%    5.00e-01       0.10
%% 
%% LS stats         Batches  Restarts/Perturbs  LinMoves  GenMoves  CompoundMoves  Bactracks  WeightUpdates  ScoreComputed
%%   'fj_restart':        1                  1         4         0              0          0              0             10
%% 
%% Solutions (3)             Num   Rank
%%            'fj_restart':    1  [0,0]
%%                 'no_lp':    1  [2,2]
%%   'quick_restart_no_lp':    1  [1,1]
%% 
%% Solution repositories    Added  Queried  Synchro
%%     'alternative_path':      0        0        0
%%       'best_solutions':      3        0        3
%%    'fj solution hints':      0        0        0
%%         'lp solutions':      0        0        0
%%                 'pump':      0        0
%% 
%% Clauses shared            #Exported  #Imported  #BinaryRead  #BinaryTotal
%%            'default_lp':          0          0            0             0
%%                 'fixed':          0          0            0             0
%%             'fs_random':          0          0            0             0
%%       'fs_random_no_lp':          0          0            0             0
%%                'max_lp':          0          0            0             0
%%            'max_lp_sym':          0          0            0             0
%%                 'no_lp':          0          0            0             0
%%               'probing':          0          0            0             0
%%        'probing_max_lp':          0          0            0             0
%%         'probing_no_lp':          0          0            0             0
%%         'quick_restart':          0          0            0             0
%%   'quick_restart_no_lp':          0          0            0             0
%% 
%% LRAT_status: NA
%% CpSolverResponse summary:
%% status: OPTIMAL
%% objective: NA
%% best_bound: NA
%% integers: 7
%% booleans: 11
%% conflicts: 0
%% branches: 78
%% propagations: 192
%% integer_propagations: 158
%% restarts: 0
%% lp_iterations: 0
%% walltime: 0.228953
%% usertime: 0.228953
%% deterministic_time: 0.01511
%% gap_integral: 0
%% solution_fingerprint: 0x66737c5ab7194cc0
%% 
.lmmmr...... 5
............ 0
lmmr..lmmmmr 10
............ 0
..lmmmr.t... 6
........m... 1
........m..t 2
.lmmmmr.m..m 8
........b..m 2
lmr.lmr....m 7
...........m 1
lmr.lmmmr..b 9
356455527117
----------
   Done (overall time 0.81 s).
