# WCTIME: wall clock time in seconds
WCTIME=317.773
# CPUTIME: CPU time in seconds (USERTIME+SYSTEMTIME)
CPUTIME=316.127
# USERTIME: CPU time spent in user mode in seconds
USERTIME=315.754
# SYSTEMTIME: CPU time spent in system mode in seconds
SYSTEMTIME=0.372784
# CPUUSAGE: CPUTIME/WCTIME in percent
CPUUSAGE=99.482
# MAXVM: maximum virtual memory used in KiB
MAXVM=452836
# MAXMM: maximum memory used in KiB
MAXMM=223432
# MAXRSS: maximum Resident Segment Size in KiB
MAXRSS=280380
# TIMEOUT: did the solver exceed the time limit?
TIMEOUT=false
# MEMOUT: did the solver exceed the memory limit?
MEMOUT=false
# EXITSTATUS: Exit status of the solver
EXITSTATUS=0
