# WCTIME: wall clock time in seconds
WCTIME=1800.33
# CPUTIME: CPU time in seconds (USERTIME+SYSTEMTIME)
CPUTIME=1790.7
# USERTIME: CPU time spent in user mode in seconds
USERTIME=1781.39
# SYSTEMTIME: CPU time spent in system mode in seconds
SYSTEMTIME=9.31436
# CPUUSAGE: CPUTIME/WCTIME in percent
CPUUSAGE=99.4652
# MAXVM: maximum virtual memory used in KiB
MAXVM=5616112
# MAXMM: maximum memory used in KiB
MAXMM=4877240
# MAXRSS: maximum Resident Segment Size in KiB
MAXRSS=5031852
# TIMEOUT: did the solver exceed the time limit?
TIMEOUT=true
# MEMOUT: did the solver exceed the memory limit?
MEMOUT=false
# EXITSTATUS: Exit status of the solver
EXITSTATUS=36608
