# WCTIME: wall clock time in seconds
WCTIME=1.18247
# CPUTIME: CPU time in seconds (USERTIME+SYSTEMTIME)
CPUTIME=1.03858
# USERTIME: CPU time spent in user mode in seconds
USERTIME=1.00853
# SYSTEMTIME: CPU time spent in system mode in seconds
SYSTEMTIME=0.030046
# CPUUSAGE: CPUTIME/WCTIME in percent
CPUUSAGE=87.8315
# MAXVM: maximum virtual memory used in KiB
MAXVM=249012
# MAXMM: maximum memory used in KiB
MAXMM=33068
# MAXRSS: maximum Resident Segment Size in KiB
MAXRSS=30468
# TIMEOUT: did the solver exceed the time limit?
TIMEOUT=false
# MEMOUT: did the solver exceed the memory limit?
MEMOUT=false
# EXITSTATUS: Exit status of the solver
EXITSTATUS=0
