c cmd: /host-parser-bin/kat_xcsp_0d68ca9c_dirty_logscopfix_20260528 /bench/competition/2022-2025/COP22to25/RubiksCube-10-4-20-2_c24.xml.lzma --encoder log-scop --log-scop-linear-pb-backend auto --log-scop-bdd-decomposition auto --log-scop-aggregate-weighted-lits --cop-pipeline guarded-basic --cop-objective-cut direct-expr --cop-objective-cut-timing incremental-hard --cop-objective-cut-backend cnf --table-encoding mdd-tl --eq-ne-encoding direct --direct-eq-ne-max-arity 2 --cumulative-mode exact --cumulative-decomposition time-rd --progress
c version: kat-cli=0.1.0 git=unknown-clean
c run_start_local: 2026-05-28 21:15:18 +0900
c 00h00m00s | solve:start
c 00h00m00s | stage:objective-cut timing=incremental-hard backend=cnf form=direct-expr
c 00h00m00s | input: constraints=215
c 00h00m00s | stage:propagate:start
c 00h00m00s | stage:propagate:done ms=1 pruned=180 changed_domains=20 entailed_tables=0
c 00h00m00s | memory:rss checkpoint=after_propagate bytes=2424832 rss=2.31MiB
c 00h00m00s | stage:normalize:start
c 00h00m00s | stage:normalize:done ms=0 high_constraints=215
c 00h00m00s | stage:lower:start
c 00h00m00s | stage:lower:progress percent=10 processed=22 total=215 lowered=22 unsupported=0 ms=0
c 00h00m00s | stage:lower:progress percent=20 processed=43 total=215 lowered=43 unsupported=0 ms=0
c 00h00m00s | stage:lower:progress percent=30 processed=65 total=215 lowered=65 unsupported=0 ms=0
c 00h00m00s | stage:lower:progress percent=40 processed=86 total=215 lowered=86 unsupported=0 ms=1
c 00h00m00s | stage:lower:progress percent=50 processed=108 total=215 lowered=108 unsupported=0 ms=2
c 00h00m00s | stage:lower:progress percent=60 processed=129 total=215 lowered=129 unsupported=0 ms=3
c 00h00m00s | stage:lower:progress percent=70 processed=151 total=215 lowered=151 unsupported=0 ms=5
c 00h00m00s | stage:lower:progress percent=80 processed=172 total=215 lowered=172 unsupported=0 ms=5
c 00h00m00s | stage:lower:progress percent=90 processed=194 total=215 lowered=194 unsupported=0 ms=7
c 00h00m00s | stage:lower:progress percent=100 processed=215 total=215 lowered=215 unsupported=0 ms=7
c 00h00m00s | stage:lower:done ms=8 lowered=215 unsupported=0
c 00h00m00s | memory:rss checkpoint=after_lower bytes=3506176 rss=3.34MiB
c 00h00m00s | stage:post_lower:start
c 00h00m00s | stage:post_lower:done ms=0 rounds=0 tightened=0 removed_cls=0 removed_lits=0 unsat=false precise_hits=0 precise_rounds=0 pivot_recomputes=0 pivot_exact_attempts=0 pivot_general_attempts=0 pivot_general_rest_missing=0 pivot_general_bound_missing=0 pivot_general_no_change=0 pivot_general_tightened=0 setup_ms=0 loop_ms=0 pivot_ms=0 pivot_version_ms=0 pivot_exact_ms=0 pivot_general_ms=0 pivot_general_prepare_ms=0 pivot_general_rest_ms=0 pivot_general_derive_ms=0 apply_ms=0 sat_ms=0 precise_ms=0
c 00h00m00s | memory:rss checkpoint=after_post_lower bytes=3776512 rss=3.60MiB
c 00h00m00s | stage:lowered-shape int_vars=232 bool_vars=1683 linear_atoms=943 table_atoms=1 table_tuples=21 table_scope=2 alldiff_atoms=20 circuit_atoms=0 product_atoms=0 logical_clauses=3445
c 00h00m00s | stage:root-lp:skip reason=disabled ms=0
c 00h00m00s | memory:rss checkpoint=before_preencode bytes=4046848 rss=3.86MiB
c 00h00m00s | stage:preencode(log-scop):start
c 00h00m00s | stage:preencode(log-scop):done ms=0 int_vars=232
c 00h00m00s | memory:rss checkpoint=after_preencode bytes=4046848 rss=3.86MiB
c 00h00m00s | memory:rss checkpoint=before_encode bytes=4046848 rss=3.86MiB
c 00h00m00s | stage:encode(log-scop):start
c 00h00m00s | memory:rss checkpoint=encode_clause_sample stage=log-scop clauses=20867 bytes=6647808 rss=6.34MiB progress_percent=10 processed=345 total=3445
c 00h00m00s | stage:encode(log-scop):progress percent=10 processed=345 total=3445 sat_clauses=20867 ms=3
c 00h00m00s | memory:rss checkpoint=encode_clause_sample stage=log-scop clauses=26896 bytes=6647808 rss=6.34MiB progress_percent=20 processed=689 total=3445
c 00h00m00s | stage:encode(log-scop):progress percent=20 processed=689 total=3445 sat_clauses=26896 ms=4
c 00h00m00s | memory:rss checkpoint=encode_clause_sample stage=log-scop clauses=32999 bytes=6914048 rss=6.59MiB progress_percent=30 processed=1034 total=3445
c 00h00m00s | stage:encode(log-scop):progress percent=30 processed=1034 total=3445 sat_clauses=32999 ms=5
c 00h00m00s | memory:rss checkpoint=encode_clause_sample stage=log-scop clauses=38885 bytes=6914048 rss=6.59MiB progress_percent=40 processed=1378 total=3445
c 00h00m00s | stage:encode(log-scop):progress percent=40 processed=1378 total=3445 sat_clauses=38885 ms=6
c 00h00m00s | memory:rss checkpoint=encode_clause_sample stage=log-scop clauses=44968 bytes=6914048 rss=6.59MiB progress_percent=50 processed=1723 total=3445
c 00h00m00s | stage:encode(log-scop):progress percent=50 processed=1723 total=3445 sat_clauses=44968 ms=8
c 00h00m00s | memory:rss checkpoint=encode_clause_sample stage=log-scop clauses=50976 bytes=6914048 rss=6.59MiB progress_percent=60 processed=2067 total=3445
c 00h00m00s | stage:encode(log-scop):progress percent=60 processed=2067 total=3445 sat_clauses=50976 ms=9
c 00h00m00s | memory:rss checkpoint=encode_clause_sample stage=log-scop clauses=56934 bytes=6914048 rss=6.59MiB progress_percent=70 processed=2412 total=3445
c 00h00m00s | stage:encode(log-scop):progress percent=70 processed=2412 total=3445 sat_clauses=56934 ms=10
c 00h00m00s | memory:rss checkpoint=encode_clause_sample stage=log-scop clauses=63026 bytes=6914048 rss=6.59MiB progress_percent=80 processed=2756 total=3445
c 00h00m00s | stage:encode(log-scop):progress percent=80 processed=2756 total=3445 sat_clauses=63026 ms=11
c 00h00m00s | memory:rss checkpoint=encode_clause_sample stage=log-scop clauses=68589 bytes=15433728 rss=14.72MiB progress_percent=90 processed=3101 total=3445
c 00h00m00s | stage:encode(log-scop):progress percent=90 processed=3101 total=3445 sat_clauses=68589 ms=29
c 00h00m00s | memory:rss checkpoint=encode_clause_sample stage=log-scop clauses=73427 bytes=15433728 rss=14.72MiB progress_percent=100 processed=3445 total=3445
c 00h00m00s | stage:encode(log-scop):progress percent=100 processed=3445 total=3445 sat_clauses=73427 ms=30
c 00h00m00s | stage:encode(log-scop):done ms=34 sat_vars=10337 sat_clauses=73427 ext_ge_specs=0 relaxed_circuits=0 log_scop_pb_constraints=250 log_scop_pb_mixed=0 log_scop_pb_bdd2=250 log_scop_pb_bdd3=0 log_scop_pb_sorter=0 log_scop_pb_dadda=0 log_scop_bdd_raw=250 log_scop_bdd_binary=0 log_scop_bdd_multibase=0
c 00h00m00s | stage:objective-cut timing=incremental-hard backend=cnf form=direct-expr
c 00h00m00s | stage:sat:init solver=CaDiCaL vars=10337 clauses=73427
c 00h00m00s | stage:sat:solve:start assumptions=0 phase_lits=0
s UNKNOWN
d SOLVE_ELAPSED_MS 1800101
d CURRENT_STAGE sat
d CURRENT_STAGE_ELAPSED_MS 1800055
d LAST_COMPLETED_STAGE encode(log-scop)
d STAGE_PROPAGATE_STATUS done
d STAGE_NORMALIZE_STATUS done
d STAGE_LOWER_STATUS done
d STAGE_POST_LOWER_STATUS done
d STAGE_PREENCODE_STATUS done
d STAGE_ENCODE_STATUS done
d STAGE_SAT_STATUS running
d STAGE_DECODE_STATUS pending
d STAGE_RELAXATION_STATUS pending
d STAGE_DUMP_CNF_STATUS pending
d SOURCE_CONSTRAINTS 215
d NORMALIZED_CONSTRAINTS 215
d LOWERED_CONSTRAINTS 215
d UNSUPPORTED_CONSTRAINTS 0
d SAT_VARS 10337
d SAT_CLAUSES_BASE 73427
d SAT_CLAUSES_FINAL 73427
d SAT_CLAUSES_CEGAR_DELTA 0
d MEMORY_RSS_BYTES 15433728
d MEMORY_RSS_AFTER_PROPAGATE_BYTES 2424832
d MEMORY_RSS_AFTER_LOWER_BYTES 3506176
d MEMORY_RSS_AFTER_POST_LOWER_BYTES 3776512
d MEMORY_RSS_BEFORE_PREENCODE_BYTES 4046848
d MEMORY_RSS_AFTER_PREENCODE_BYTES 4046848
d MEMORY_RSS_BEFORE_ENCODE_BYTES 4046848
d MEMORY_RSS_ENCODE_SAMPLE_INTERVAL_CLAUSES 1000000
d MEMORY_RSS_ENCODE_SAMPLE_COUNT 10
d MEMORY_RSS_ENCODE_LAST_SAMPLE_CLAUSE 73427
d MEMORY_RSS_ENCODE_LAST_SAMPLE_BYTES 15433728
d MEMORY_RSS_ENCODE_MAX_SAMPLE_BYTES 15433728
d LINEAR_INT_EQ_ARITY_STATS {"1":{"count":153,"max_domain_product_excluding_one_var":"1","p95_domain_product_excluding_one_var":"1"},"2":{"count":732,"max_domain_product_excluding_one_var":"10","p95_domain_product_excluding_one_var":"10"}}
d LINEAR_INT_NE_ARITY_STATS {"1":{"count":39,"max_domain_product_excluding_one_var":"1","p95_domain_product_excluding_one_var":"1"},"2":{"count":19,"max_domain_product_excluding_one_var":"8","p95_domain_product_excluding_one_var":"8"}}
d LINEAR_INT_GE_ARITY_STATS {}
d LINEAR_BOOL_MIXED_ARITY_STATS {}
d ROOT_LP_ENTERED 0
d ROOT_LP_STATUS skipped
d ROOT_LP_MS 0
d ROOT_LP_REASON root_lp_disabled
d OBJECTIVE_CUT_TIMING incremental-hard
d OBJECTIVE_CUT_BACKEND cnf
d OBJECTIVE_CUT_FORM direct-expr
d PROPAGATE_PRUNED_VALUES 180
d PROPAGATE_CHANGED_DOMAINS 20
d PROPAGATE_ENTAILED_TABLES 0
d POST_LOWER_ROUNDS 0
d POST_LOWER_TIGHTENED_DOMAINS 0
d POST_LOWER_REMOVED_CLAUSES 0
d POST_LOWER_REMOVED_LITS 0
d POST_LOWER_DETECTED_UNSAT 0
d PREENCODE_INT_VARS 232
d ENCODE_EXTERNAL_GE_SPECS 0
d ENCODE_RELAXED_CIRCUITS 0
d LOG_SCOP_LINEAR_PB_CONSTRAINTS 250
d LOG_SCOP_LINEAR_PB_MIXED_DISPATCH_CONSTRAINTS 0
d LOG_SCOP_LINEAR_PB_MIXED_ATTEMPT_BDD 0
d LOG_SCOP_LINEAR_PB_MIXED_ATTEMPT_SORTER 0
d LOG_SCOP_LINEAR_PB_MIXED_ATTEMPT_DADDA 0
d LOG_SCOP_LINEAR_PB_MIXED_REJECT_BDD_BUDGET 0
d LOG_SCOP_LINEAR_PB_MIXED_REJECT_SORTER_BUDGET 0
d LOG_SCOP_LINEAR_PB_MIXED_FALLBACK_BDD_TO_SORTER 0
d LOG_SCOP_LINEAR_PB_MIXED_FALLBACK_BDD_TO_DADDA 0
d LOG_SCOP_LINEAR_PB_MIXED_FALLBACK_SORTER_TO_BDD 0
d LOG_SCOP_LINEAR_PB_MIXED_FALLBACK_SORTER_TO_DADDA 0
d LOG_SCOP_LINEAR_PB_BACKEND_BDD2 250
d LOG_SCOP_LINEAR_PB_BACKEND_BDD3 0
d LOG_SCOP_LINEAR_PB_BACKEND_SORTER 0
d LOG_SCOP_LINEAR_PB_BACKEND_DADDA 0
d LOG_SCOP_LINEAR_PB_BDD_DECOMPOSITION_RAW 250
d LOG_SCOP_LINEAR_PB_BDD_DECOMPOSITION_BINARY 0
d LOG_SCOP_LINEAR_PB_BDD_DECOMPOSITION_MULTIBASE 0
d MEMORY_RSS_BYTES 15433728
d MEMORY_RSS_AFTER_PROPAGATE_BYTES 2424832
d MEMORY_RSS_AFTER_LOWER_BYTES 3506176
d MEMORY_RSS_AFTER_POST_LOWER_BYTES 3776512
d MEMORY_RSS_BEFORE_PREENCODE_BYTES 4046848
d MEMORY_RSS_AFTER_PREENCODE_BYTES 4046848
d MEMORY_RSS_BEFORE_ENCODE_BYTES 4046848
d MEMORY_RSS_ENCODE_SAMPLE_INTERVAL_CLAUSES 1000000
d MEMORY_RSS_ENCODE_SAMPLE_COUNT 10
d MEMORY_RSS_ENCODE_LAST_SAMPLE_CLAUSE 73427
d MEMORY_RSS_ENCODE_LAST_SAMPLE_BYTES 15433728
d MEMORY_RSS_ENCODE_MAX_SAMPLE_BYTES 15433728
d CIRCUIT_CEGAR_FAILURES 0
d CIRCUIT_CEGAR_ROUNDS 0
d CIRCUIT_CEGAR_ADDED_CLAUSES 0
d CUMULATIVE_CEGAR_FAILURES 0
d CUMULATIVE_CEGAR_ROUNDS 0
d CUMULATIVE_CEGAR_ADDED_CLAUSES 0
d COP_CEGAR_FAILURES 0
d COP_CEGAR_ROUNDS 0
d COP_CEGAR_ADDED_CLAUSES 0
d CSV /bench/competition/2022-2025/COP22to25/RubiksCube-10-4-20-2_c24.xml.lzma,unknown,215,215,215,0,10337,73427,1800098,,,,,,,0,skipped,,,,,,0,,,,,,,timeout_signal,terminated_by_signal
signal=15; emitted fallback csv row
c run_end_local: 2026-05-28 21:45:18 +0900
