# WCTIME: wall clock time in seconds
WCTIME=97.5519
# CPUTIME: CPU time in seconds (USERTIME+SYSTEMTIME)
CPUTIME=1802.35
# USERTIME: CPU time spent in user mode in seconds
USERTIME=1774.14
# SYSTEMTIME: CPU time spent in system mode in seconds
SYSTEMTIME=28.2075
# CPUUSAGE: CPUTIME/WCTIME in percent
CPUUSAGE=1847.58
# MAXVM: maximum virtual memory used in KiB
MAXVM=24502484
# MAXMM: maximum memory used in KiB
MAXMM=19697604
# MAXRSS: maximum Resident Segment Size in KiB
MAXRSS=19709604
# TIMEOUT: did the solver exceed the time limit?
TIMEOUT=true
# MEMOUT: did the solver exceed the memory limit?
MEMOUT=false
# EXITSTATUS: Exit status of the solver
EXITSTATUS=15
