# WCTIME: wall clock time in seconds
WCTIME=1800.25
# CPUTIME: CPU time in seconds (USERTIME+SYSTEMTIME)
CPUTIME=1787.42
# USERTIME: CPU time spent in user mode in seconds
USERTIME=1783.89
# SYSTEMTIME: CPU time spent in system mode in seconds
SYSTEMTIME=3.53482
# CPUUSAGE: CPUTIME/WCTIME in percent
CPUUSAGE=99.2873
# MAXVM: maximum virtual memory used in KiB
MAXVM=1122788
# MAXMM: maximum memory used in KiB
MAXMM=874312
# MAXRSS: maximum Resident Segment Size in KiB
MAXRSS=871164
# TIMEOUT: did the solver exceed the time limit?
TIMEOUT=true
# MEMOUT: did the solver exceed the memory limit?
MEMOUT=false
# EXITSTATUS: Exit status of the solver
EXITSTATUS=36608
