c cmd: /host-parser-bin/kat_xcsp_b85de3f1_dirty_memoryguard_20260521 /bench/competition/2022-2025/COP22to25/Drinking-000200_c24.xml.lzma --encoder order-ge --order-ge-eq-ne direct-order --order-ge-table mdd-tl --memory-guard-gib 64 --memory-guard-fallback extprop --cop-pipeline guarded-basic --cop-objective-cut direct-expr --progress
c 00h00m00s | solve:start
c 00h00m00s | input: constraints=261
c 00h00m00s | stage:propagate:start
c 00h00m00s | stage:propagate:done ms=0 pruned=7 changed_domains=1 entailed_tables=0
c 00h00m00s | memory:rss checkpoint=after_propagate bytes=2146304
c 00h00m00s | stage:normalize:start
c 00h00m00s | stage:normalize:done ms=0 high_constraints=261
c 00h00m00s | stage:lower:start
c 00h00m00s | stage:lower:done ms=4 lowered=261 unsupported=0
c 00h00m00s | memory:rss checkpoint=after_lower bytes=2686976
c 00h00m00s | stage:post_lower:start
c 00h00m00s | stage:post_lower:done ms=3 rounds=6 tightened=6 removed_cls=0 removed_lits=0 unsat=false precise_hits=1790 precise_rounds=1 pivot_recomputes=27 pivot_exact_attempts=27 pivot_general_attempts=0 pivot_general_rest_missing=0 pivot_general_bound_missing=0 pivot_general_no_change=0 pivot_general_tightened=0 setup_ms=0 loop_ms=0 pivot_ms=0 pivot_version_ms=0 pivot_exact_ms=0 pivot_general_ms=0 pivot_general_prepare_ms=0 pivot_general_rest_ms=0 pivot_general_derive_ms=0 apply_ms=0 sat_ms=0 precise_ms=2
c 00h00m00s | memory:rss checkpoint=after_post_lower bytes=3198976
c 00h00m00s | stage:lowered-shape int_vars=400 bool_vars=0 linear_atoms=323 table_atoms=0 table_tuples=0 table_scope=0 alldiff_atoms=0 circuit_atoms=0 product_atoms=0 logical_clauses=323
c 00h00m00s | stage:root-lp:start backend=native-simplex
c 00h00m00s | stage:root-lp:bound backend=native-simplex status=optimal objective_value=0 naive_bounds=[0,200] lp_bounds=[0,200] improved=0 rows=199 vars=400 ms=36
c 00h00m00s | memory:rss checkpoint=before_preencode bytes=4096000
c 00h00m00s | stage:preencode(order-ge):start
c 00h00m00s | stage:preencode(order-ge):done ms=6 int_vars=1186
c 00h00m00s | memory:rss checkpoint=after_preencode bytes=4509696
c 00h00m00s | memory:guard limit_bytes=68719476736 rss_bytes=4509696 reserve_bytes=10737418240 available_bytes=57977548800 fallback=extprop
c 00h00m00s | memory:rss checkpoint=before_encode bytes=4509696
c 00h00m00s | stage:encode(order-ge):start
c 00h00m00s | stage:encode(order-ge):done ms=20 sat_vars=8084 sat_clauses=51950 ext_ge_specs=0 relaxed_circuits=0
c 00h00m00s | stage:sat:init solver=CaDiCaL vars=8084 clauses=51950
c 00h00m00s | stage:sat:solve:start assumptions=0 phase_lits=0
c 00h00m00s | stage:sat:solve:done ms=1 result=Sat assumptions=0 phase_lits=0
c 00h00m00s | stage:decode:start
c 00h00m00s | stage:decode:done int_assignments=400
c 00h00m00s | result:Sat
c 00h00m00s | objective:incumbent kind=initial value=27 rounds=1 improvements=0
o 27
c 00h00m00s | stage:sat:init solver=CaDiCaL vars=8085 clauses=51950
c 00h00m00s | stage:sat:solve:start assumptions=1 phase_lits=1772
c 00h00m00s | stage:sat:solve:done ms=1 result=Sat assumptions=1 phase_lits=1772
c 00h00m00s | stage:decode:start
c 00h00m00s | stage:decode:done int_assignments=400
c 00h00m00s | result:Sat
c 00h00m00s | objective:incumbent kind=improvement value=26 rounds=2 improvements=1
o 26
c 00h00m00s | stage:sat:init solver=CaDiCaL vars=8086 clauses=51951
c 00h00m00s | stage:sat:solve:start assumptions=1 phase_lits=1772
c 00h00m00s | stage:sat:solve:done ms=2 result=Sat assumptions=1 phase_lits=1772
c 00h00m00s | stage:decode:start
c 00h00m00s | stage:decode:done int_assignments=400
c 00h00m00s | result:Sat
c 00h00m00s | objective:incumbent kind=improvement value=25 rounds=3 improvements=2
o 25
c 00h00m00s | stage:sat:init solver=CaDiCaL vars=8087 clauses=51952
c 00h00m00s | stage:sat:solve:start assumptions=1 phase_lits=1772
c 00h00m00s | stage:sat:solve:done ms=814 result=Sat assumptions=1 phase_lits=1772
c 00h00m00s | stage:decode:start
c 00h00m00s | stage:decode:done int_assignments=400
c 00h00m00s | result:Sat
c 00h00m00s | objective:incumbent kind=improvement value=24 rounds=4 improvements=3
o 24
c 00h00m00s | stage:sat:init solver=CaDiCaL vars=8088 clauses=51953
c 00h00m00s | stage:sat:solve:start assumptions=1 phase_lits=1772
c 00h03m06s | stage:sat:solve:done ms=185302 result=Sat assumptions=1 phase_lits=1772
c 00h03m06s | stage:decode:start
c 00h03m06s | stage:decode:done int_assignments=400
c 00h03m06s | result:Sat
c 00h03m06s | objective:incumbent kind=improvement value=23 rounds=5 improvements=4
o 23
c 00h03m06s | stage:sat:init solver=CaDiCaL vars=8089 clauses=51954
c 00h03m06s | stage:sat:solve:start assumptions=1 phase_lits=1772
s SATISFIABLE
o 23
v <instantiation>
v   <list> x[0] x[1] x[2] x[3] x[4] x[5] x[6] x[7] x[8] x[9] x[10] x[11] x[12] x[13] x[14] x[15] x[16] x[17] x[18] x[19] x[20] x[21] x[22] x[23] x[24] x[25] x[26] x[27] x[28] x[29] x[30] x[31] x[32] x[33] x[34] x[35] x[36] x[37] x[38] x[39] x[40] x[41] x[42] x[43] x[44] x[45] x[46] x[47] x[48] x[49] x[50] x[51] x[52] x[53] x[54] x[55] x[56] x[57] x[58] x[59] x[60] x[61] x[62] x[63] x[64] x[65] x[66] x[67] x[68] x[69] x[70] x[71] x[72] x[73] x[74] x[75] x[76] x[77] x[78] x[79] x[80] x[81] x[82] x[83] x[84] x[85] x[86] x[87] x[88] x[89] x[90] x[91] x[92] x[93] x[94] x[95] x[96] x[97] x[98] x[99] x[100] x[101] x[102] x[103] x[104] x[105] x[106] x[107] x[108] x[109] x[110] x[111] x[112] x[113] x[114] x[115] x[116] x[117] x[118] x[119] x[120] x[121] x[122] x[123] x[124] x[125] x[126] x[127] x[128] x[129] x[130] x[131] x[132] x[133] x[134] x[135] x[136] x[137] x[138] x[139] x[140] x[141] x[142] x[143] x[144] x[145] x[146] x[147] x[148] x[149] x[150] x[151] x[152] x[153] x[154] x[155] x[156] x[157] x[158] x[159] x[160] x[161] x[162] x[163] x[164] x[165] x[166] x[167] x[168] x[169] x[170] x[171] x[172] x[173] x[174] x[175] x[176] x[177] x[178] x[179] x[180] x[181] x[182] x[183] x[184] x[185] x[186] x[187] x[188] x[189] x[190] x[191] x[192] x[193] x[194] x[195] x[196] x[197] x[198] x[199] y[0] y[1] y[2] y[3] y[4] y[5] y[6] y[7] y[8] y[9] y[10] y[11] y[12] y[13] y[14] y[15] y[16] y[17] y[18] y[19] y[20] y[21] y[22] y[23] y[24] y[25] y[26] y[27] y[28] y[29] y[30] y[31] y[32] y[33] y[34] y[35] y[36] y[37] y[38] y[39] y[40] y[41] y[42] y[43] y[44] y[45] y[46] y[47] y[48] y[49] y[50] y[51] y[52] y[53] y[54] y[55] y[56] y[57] y[58] y[59] y[60] y[61] y[62] y[63] y[64] y[65] y[66] y[67] y[68] y[69] y[70] y[71] y[72] y[73] y[74] y[75] y[76] y[77] y[78] y[79] y[80] y[81] y[82] y[83] y[84] y[85] y[86] y[87] y[88] y[89] y[90] y[91] y[92] y[93] y[94] y[95] y[96] y[97] y[98] y[99] y[100] y[101] y[102] y[103] y[104] y[105] y[106] y[107] y[108] y[109] y[110] y[111] y[112] y[113] y[114] y[115] y[116] y[117] y[118] y[119] y[120] y[121] y[122] y[123] y[124] y[125] y[126] y[127] y[128] y[129] y[130] y[131] y[132] y[133] y[134] y[135] y[136] y[137] y[138] y[139] y[140] y[141] y[142] y[143] y[144] y[145] y[146] y[147] y[148] y[149] y[150] y[151] y[152] y[153] y[154] y[155] y[156] y[157] y[158] y[159] y[160] y[161] y[162] y[163] y[164] y[165] y[166] y[167] y[168] y[169] y[170] y[171] y[172] y[173] y[174] y[175] y[176] y[177] y[178] y[179] y[180] y[181] y[182] y[183] y[184] y[185] y[186] y[187] y[188] y[189] y[190] y[191] y[192] y[193] y[194] y[195] y[196] y[197] y[198] y[199] </list>
v   <values> 0 0 0 0 0 1 0 0 0 0 0 0 0 1 0 0 0 0 0 0 0 0 0 0 0 1 0 0 0 0 0 0 0 0 0 1 0 0 0 0 0 0 0 0 0 1 0 1 0 0 0 0 0 0 0 0 1 0 0 0 0 0 0 0 0 1 0 0 0 0 0 0 0 0 0 1 1 0 0 0 0 0 0 0 0 1 0 0 0 0 0 0 0 0 0 1 0 0 0 0 0 0 0 0 0 1 0 0 0 0 0 0 0 0 0 1 0 1 0 0 0 0 0 0 0 0 1 0 0 0 0 0 0 0 0 1 0 0 0 0 0 0 0 0 0 1 0 0 0 0 0 0 0 0 1 0 0 0 0 0 0 0 0 0 0 1 0 0 0 0 0 0 0 0 0 1 0 0 0 0 0 0 0 0 0 1 0 0 0 0 0 0 0 0 0 1 0 0 0 0 8 0 0 0 0 0 1 1 1 1 1 1 1 1 1 1 1 1 1 1 1 1 0 0 0 0 1 1 1 1 1 1 1 1 0 0 1 1 1 1 1 1 1 1 0 0 1 1 2 2 2 2 2 2 1 1 0 1 1 1 1 1 1 1 1 0 1 1 1 1 1 1 1 1 0 0 1 2 2 2 2 2 2 2 1 0 1 1 1 1 1 1 1 1 0 0 1 1 1 1 1 1 1 1 0 0 1 1 1 1 1 1 1 1 0 0 1 1 2 2 2 2 2 2 1 1 0 1 1 1 1 1 1 1 1 0 1 1 1 1 1 1 1 1 0 0 1 1 1 1 1 1 1 1 0 1 1 1 1 1 1 1 1 0 0 0 1 1 1 1 1 1 1 1 0 0 1 1 1 1 1 1 1 1 0 0 1 1 1 1 1 1 1 1 0 0 1 1 1 1 </values>
v </instantiation>
d OBJECTIVE_VALUE 23
d OPTIMAL 0
d OBJECTIVE_ROUNDS 5
d OBJECTIVE_IMPROVEMENTS 4
d COP_INCUMBENT_ELAPSED_MS 186230
d SOLVE_ELAPSED_MS 1799980
d CURRENT_STAGE sat
d CURRENT_STAGE_ELAPSED_MS 1613745
d LAST_COMPLETED_STAGE decode
d STAGE_PROPAGATE_STATUS done
d STAGE_NORMALIZE_STATUS done
d STAGE_LOWER_STATUS done
d STAGE_POST_LOWER_STATUS done
d STAGE_PREENCODE_STATUS done
d STAGE_ENCODE_STATUS done
d STAGE_SAT_STATUS running
d STAGE_DECODE_STATUS done
d STAGE_RELAXATION_STATUS pending
d STAGE_DUMP_CNF_STATUS pending
d SOURCE_CONSTRAINTS 261
d NORMALIZED_CONSTRAINTS 261
d LOWERED_CONSTRAINTS 261
d UNSUPPORTED_CONSTRAINTS 0
d SAT_VARS 8084
d SAT_CLAUSES_BASE 51950
d SAT_CLAUSES_FINAL 51950
d SAT_CLAUSES_CEGAR_DELTA 0
d MEMORY_RSS_BYTES 4509696
d MEMORY_RSS_AFTER_PROPAGATE_BYTES 2146304
d MEMORY_RSS_AFTER_LOWER_BYTES 2686976
d MEMORY_RSS_AFTER_POST_LOWER_BYTES 3198976
d MEMORY_RSS_BEFORE_PREENCODE_BYTES 4096000
d MEMORY_RSS_AFTER_PREENCODE_BYTES 4509696
d MEMORY_RSS_BEFORE_ENCODE_BYTES 4509696
d MEMORY_GUARD_LIMIT_BYTES 68719476736
d MEMORY_GUARD_RESERVE_BYTES 10737418240
d MEMORY_GUARD_AVAILABLE_BYTES 57977548800
d MEMORY_GUARD_DECISION rss-monitor
d MEMORY_GUARD_REASON rss_available
d SAT_CONFLICTS 146785
d EXTPROP_CONSTRAINTS 1
d EXTPROP_OBSERVED_VARS 201
d EXTPROP_OBSERVED_LITS 201
d EXTPROP_OBSERVED_LIT_OCCURRENCES 201
d EXTPROP_CALLBACK_CALLS 284048644
d EXTPROP_CALLBACK_NS 0
d EXTPROP_NOTIFY_ASSIGNMENT_CALLS 21293512
d EXTPROP_NOTIFY_ASSIGNMENT_NS 0
d EXTPROP_NOTIFY_ASSIGNMENT_LITS 67644353
d EXTPROP_NOTIFY_NEW_DECISION_LEVEL_CALLS 31929329
d EXTPROP_NOTIFY_NEW_DECISION_LEVEL_NS 0
d EXTPROP_NOTIFY_BACKTRACK_CALLS 6212026
d EXTPROP_NOTIFY_BACKTRACK_NS 0
d EXTPROP_CB_CHECK_FOUND_MODEL_CALLS 283094
d EXTPROP_CB_CHECK_FOUND_MODEL_NS 0
d EXTPROP_CB_CHECK_FOUND_MODEL_REJECTS 283089
d EXTPROP_CB_DECIDE_CALLS 0
d EXTPROP_CB_DECIDE_NS 0
d EXTPROP_CB_PROPAGATE_CALLS 5948216
d EXTPROP_CB_PROPAGATE_NS 0
d EXTPROP_PROPAGATED_LITS 548758
d EXTPROP_CB_ADD_REASON_CLAUSE_LIT_CALLS 7919386
d EXTPROP_CB_ADD_REASON_CLAUSE_LIT_NS 0
d EXTPROP_REASON_CLAUSES 21302442
d EXTPROP_REASON_CLAUSE_LITS 514866284
d EXTPROP_REASON_CLAUSE_MAX_LEN 28
d EXTPROP_CB_HAS_EXTERNAL_CLAUSE_CALLS 37110222
d EXTPROP_CB_HAS_EXTERNAL_CLAUSE_NS 0
d EXTPROP_CB_ADD_EXTERNAL_CLAUSE_LIT_CALLS 173352859
d EXTPROP_CB_ADD_EXTERNAL_CLAUSE_LIT_NS 0
d EXTPROP_EXTERNAL_CLAUSES 4885231
d EXTPROP_EXTERNAL_CLAUSE_LITS 168467628
d EXTPROP_EXTERNAL_CLAUSE_MAX_LEN 201
d EXTPROP_STRONG_REASON_ATTEMPTS 4602142
d EXTPROP_STRONG_REASON_NS 0
d EXTPROP_STRONG_REASON_LIFTS 0
d EXTPROP_STRONG_REASON_DROPPED_TERMS 9247604
d LINEAR_INT_EQ_ARITY_STATS {"1":{"count":124,"max_domain_product_excluding_one_var":"1","p95_domain_product_excluding_one_var":"1"},"2":{"count":1,"max_domain_product_excluding_one_var":"2","p95_domain_product_excluding_one_var":"2"},"3":{"count":1,"max_domain_product_excluding_one_var":"4","p95_domain_product_excluding_one_var":"4"},"4":{"count":1,"max_domain_product_excluding_one_var":"8","p95_domain_product_excluding_one_var":"8"},"5":{"count":1,"max_domain_product_excluding_one_var":"16","p95_domain_product_excluding_one_var":"16"},"6":{"count":1,"max_domain_product_excluding_one_var":"32","p95_domain_product_excluding_one_var":"32"},"7":{"count":1,"max_domain_product_excluding_one_var":"64","p95_domain_product_excluding_one_var":"64"},"8":{"count":1,"max_domain_product_excluding_one_var":"128","p95_domain_product_excluding_one_var":"128"},"9":{"count":192,"max_domain_product_excluding_one_var":"256","p95_domain_product_excluding_one_var":"256"}}
d LINEAR_INT_NE_ARITY_STATS {}
d LINEAR_INT_GE_ARITY_STATS {}
d LINEAR_BOOL_MIXED_ARITY_STATS {}
d ROOT_LP_ENTERED 1
d ROOT_LP_STATUS optimal
d OBJECTIVE_NAIVE_LOWER 0
d OBJECTIVE_NAIVE_UPPER 200
d OBJECTIVE_LP_LOWER 0
d OBJECTIVE_LP_UPPER 200
d ROOT_LP_IMPROVED 0
d ROOT_LP_MS 36
d ROOT_LP_ROWS 199
d ROOT_LP_VARS 400
d ROOT_LP_STRUCTURED_OBJECTIVE_TERMS 0
d ROOT_LP_STRUCTURED_OBJECTIVE_AUX_VARS 0
d ROOT_LP_STRUCTURED_OBJECTIVE_ROWS 0
d ROOT_LP_NATIVE_GATE_GE_TOTAL 0
d ROOT_LP_NATIVE_GATE_EQ_TOTAL 323
d ROOT_LP_NATIVE_GATE_GE_MAX_ARITY 0
d ROOT_LP_NATIVE_GATE_GE_MAX_DOMAIN_PRODUCT 0
d ROOT_LP_NATIVE_GATE_BOOL_MIXED_MAX_ARITY 0
d ROOT_LP_OBJECTIVE_VALUE 0
d PROPAGATE_PRUNED_VALUES 7
d PROPAGATE_CHANGED_DOMAINS 1
d PROPAGATE_ENTAILED_TABLES 0
d POST_LOWER_ROUNDS 6
d POST_LOWER_TIGHTENED_DOMAINS 6
d POST_LOWER_REMOVED_CLAUSES 0
d POST_LOWER_REMOVED_LITS 0
d POST_LOWER_DETECTED_UNSAT 0
d PREENCODE_INT_VARS 1186
d ENCODE_EXTERNAL_GE_SPECS 0
d ENCODE_RELAXED_CIRCUITS 0
d MEMORY_RSS_BYTES 4509696
d MEMORY_RSS_AFTER_PROPAGATE_BYTES 2146304
d MEMORY_RSS_AFTER_LOWER_BYTES 2686976
d MEMORY_RSS_AFTER_POST_LOWER_BYTES 3198976
d MEMORY_RSS_BEFORE_PREENCODE_BYTES 4096000
d MEMORY_RSS_AFTER_PREENCODE_BYTES 4509696
d MEMORY_RSS_BEFORE_ENCODE_BYTES 4509696
d MEMORY_GUARD_LIMIT_BYTES 68719476736
d MEMORY_GUARD_RESERVE_BYTES 10737418240
d MEMORY_GUARD_AVAILABLE_BYTES 57977548800
d MEMORY_GUARD_DECISION rss-monitor
d MEMORY_GUARD_REASON rss_available
d DECODE_INT_ASSIGNMENTS 400
d CIRCUIT_CEGAR_FAILURES 0
d CIRCUIT_CEGAR_ROUNDS 0
d CIRCUIT_CEGAR_ADDED_CLAUSES 0
d CUMULATIVE_CEGAR_FAILURES 0
d CUMULATIVE_CEGAR_ROUNDS 0
d CUMULATIVE_CEGAR_ADDED_CLAUSES 0
d COP_CEGAR_FAILURES 0
d COP_CEGAR_ROUNDS 0
d COP_CEGAR_ADDED_CLAUSES 0
d CSV /bench/competition/2022-2025/COP22to25/Drinking-000200_c24.xml.lzma,sat,261,261,261,0,8084,51950,1799976,,,,,,,1,optimal,0,200,0,200,0,36,199,400,0,0,0,0,timeout_signal,incumbent_interrupted_by_signal
signal=15; emitted incumbent csv row
