MiniZinc to FlatZinc converter, version 2.9.3, build 1832600886
Copyright (C) 2014-2025 Monash University, NICTA, Data61
Parsing file(s) /bench/2013/celar/celar.mzn', '/bench/2013/celar/CELAR6-SUB3.dzn' ...
processing file '/usr/local/share/minizinc/std/stdlib.mzn'
processing file '/usr/local/share/minizinc/std/stdlib/stdlib_internal.mzn'
processing file '/usr/local/share/minizinc/std/output.mzn'
processing file '/usr/local/share/minizinc/std/output/array2d_bool.mzn'
processing file '/usr/local/share/minizinc/std/output/gantt.mzn'
processing file '/usr/local/share/minizinc/std/stdlib/stdlib_random.mzn'
processing file '/usr/local/share/minizinc/std/stdlib/stdlib_debug.mzn'
processing file '/usr/local/share/minizinc/std/stdlib/stdlib_reflect.mzn'
processing file '/usr/local/share/minizinc/std/stdlib/stdlib_ite.mzn'
processing file '/usr/local/share/minizinc/std/stdlib/stdlib_language.mzn'
processing file '/usr/local/share/minizinc/std/stdlib/stdlib_sort.mzn'
processing file '/usr/local/share/minizinc/std/stdlib/stdlib_opt.mzn'
processing file '/usr/local/share/minizinc/std/stdlib/stdlib_ann.mzn'
processing file '/usr/local/share/minizinc/std/stdlib/stdlib_enum.mzn'
processing file '/usr/local/share/minizinc/std/stdlib/stdlib_string.mzn'
processing file '/usr/local/share/minizinc/std/stdlib/stdlib_set.mzn'
processing file '/usr/local/share/minizinc/std/stdlib/stdlib_logic.mzn'
processing file '/usr/local/share/minizinc/std/stdlib/stdlib_array.mzn'
processing file '/usr/local/share/minizinc/std/stdlib/stdlib_coercion.mzn'
processing file '/usr/local/share/minizinc/std/stdlib/stdlib_math.mzn'
processing file '/usr/local/share/minizinc/std/stdlib/stdlib_compare.mzn'
processing file '/usr/local/share/minizinc/std/flatzinc_builtins.mzn'
processing file '/usr/local/share/minizinc/std/solver_redefinitions.mzn'
processing file '/usr/local/share/minizinc/std/table.mzn'
processing file '/usr/local/share/minizinc/std/fzn_table_int_opt.mzn'
processing file '/usr/local/share/minizinc/std/fzn_table_int_reif.mzn'
processing file '/entry_data/mzn-lib/fzn_table_int.mzn'
processing file '/usr/local/share/minizinc/std/fzn_table_bool_reif.mzn'
processing file '/entry_data/mzn-lib/fzn_table_bool.mzn'
processing file '/usr/local/share/minizinc/std/fzn_array_set_intersect.mzn'
processing file '/usr/local/share/minizinc/std/fzn_array_set_union.mzn'
processing file '/usr/local/share/minizinc/std/fzn_array_opt_int_union.mzn'
processing file '/usr/local/share/minizinc/std/fzn_array_int_union.mzn'
processing file '/usr/local/share/minizinc/std/lex_lesseq.mzn'
processing file '/usr/local/share/minizinc/std/fzn_lex_lesseq_set_reif.mzn'
processing file '/usr/local/share/minizinc/std/fzn_lex_lesseq_set.mzn'
processing file '/usr/local/share/minizinc/std/fzn_lex_lesseq_int_reif.mzn'
processing file '/entry_data/mzn-lib/fzn_lex_lesseq_int.mzn'
processing file '/usr/local/share/minizinc/std/fzn_lex_lesseq_float_reif.mzn'
processing file '/usr/local/share/minizinc/std/fzn_lex_lesseq_float.mzn'
processing file '/usr/local/share/minizinc/std/fzn_lex_lesseq_bool_reif.mzn'
processing file '/entry_data/mzn-lib/fzn_lex_lesseq_bool.mzn'
processing file '/usr/local/share/minizinc/std/lex_less.mzn'
processing file '/usr/local/share/minizinc/std/fzn_lex_less_set_reif.mzn'
processing file '/usr/local/share/minizinc/std/fzn_lex_less_set.mzn'
processing file '/usr/local/share/minizinc/std/fzn_lex_less_int_reif.mzn'
processing file '/entry_data/mzn-lib/fzn_lex_less_int.mzn'
processing file '/usr/local/share/minizinc/std/fzn_lex_less_float_reif.mzn'
processing file '/usr/local/share/minizinc/std/fzn_lex_less_float.mzn'
processing file '/usr/local/share/minizinc/std/fzn_lex_less_bool_reif.mzn'
processing file '/entry_data/mzn-lib/fzn_lex_less_bool.mzn'
processing file '/usr/local/share/minizinc/std/fzn_if_then_else_partiality.mzn'
processing file '/usr/local/share/minizinc/std/fzn_if_then_else_var_set.mzn'
processing file '/usr/local/share/minizinc/std/fzn_if_then_else_set.mzn'
processing file '/usr/local/share/minizinc/std/fzn_if_then_else_var_opt_float.mzn'
processing file '/usr/local/share/minizinc/std/fzn_if_then_else_var_float.mzn'
processing file '/usr/local/share/minizinc/std/fzn_if_then_else_opt_float.mzn'
processing file '/usr/local/share/minizinc/std/fzn_if_then_else_float.mzn'
processing file '/usr/local/share/minizinc/std/fzn_if_then_else_var_opt_bool.mzn'
processing file '/usr/local/share/minizinc/std/fzn_if_then_else_var_bool.mzn'
processing file '/usr/local/share/minizinc/std/fzn_if_then_else_opt_bool.mzn'
processing file '/usr/local/share/minizinc/std/fzn_if_then_else_bool.mzn'
processing file '/usr/local/share/minizinc/std/fzn_if_then_else_var_opt_int.mzn'
processing file '/usr/local/share/minizinc/std/fzn_if_then_else_var_int.mzn'
processing file '/usr/local/share/minizinc/std/fzn_if_then_else_opt_int.mzn'
processing file '/usr/local/share/minizinc/std/fzn_if_then_else_int.mzn'
processing file '/usr/local/share/minizinc/std/count_fn.mzn'
processing file '/usr/local/share/minizinc/std/count_lt.mzn'
processing file '/usr/local/share/minizinc/std/fzn_count_lt_par_reif.mzn'
processing file '/usr/local/share/minizinc/std/fzn_count_lt_reif.mzn'
processing file '/usr/local/share/minizinc/std/fzn_count_lt_par.mzn'
processing file '/usr/local/share/minizinc/std/fzn_count_lt.mzn'
processing file '/usr/local/share/minizinc/std/count_gt.mzn'
processing file '/usr/local/share/minizinc/std/fzn_count_gt_reif.mzn'
processing file '/usr/local/share/minizinc/std/fzn_count_gt_par_reif.mzn'
processing file '/usr/local/share/minizinc/std/fzn_count_gt.mzn'
processing file '/usr/local/share/minizinc/std/fzn_count_gt_par.mzn'
processing file '/usr/local/share/minizinc/std/count_neq.mzn'
processing file '/usr/local/share/minizinc/std/fzn_count_neq_reif.mzn'
processing file '/usr/local/share/minizinc/std/fzn_count_neq_par_reif.mzn'
processing file '/usr/local/share/minizinc/std/fzn_count_neq.mzn'
processing file '/usr/local/share/minizinc/std/fzn_count_neq_par.mzn'
processing file '/usr/local/share/minizinc/std/count_leq.mzn'
processing file '/usr/local/share/minizinc/std/fzn_count_leq_reif.mzn'
processing file '/usr/local/share/minizinc/std/fzn_count_leq_par_reif.mzn'
processing file '/usr/local/share/minizinc/std/fzn_count_leq.mzn'
processing file '/usr/local/share/minizinc/std/fzn_count_leq_par.mzn'
processing file '/usr/local/share/minizinc/std/count_geq.mzn'
processing file '/usr/local/share/minizinc/std/fzn_count_geq_reif.mzn'
processing file '/usr/local/share/minizinc/std/fzn_count_geq_par_reif.mzn'
processing file '/usr/local/share/minizinc/std/fzn_count_geq.mzn'
processing file '/usr/local/share/minizinc/std/fzn_count_geq_par.mzn'
processing file '/usr/local/share/minizinc/std/count_eq.mzn'
processing file '/usr/local/share/minizinc/std/fzn_count_eq_par_reif.mzn'
processing file '/usr/local/share/minizinc/std/fzn_count_eq_reif.mzn'
processing file '/usr/local/share/minizinc/std/fzn_count_eq_par.mzn'
processing file '/entry_data/mzn-lib/fzn_count_eq.mzn'
processing file '/usr/local/share/minizinc/std/redefinitions-2.7.1.mzn'
processing file '/usr/local/share/minizinc/std/redefinitions-2.5.2.mzn'
processing file '/usr/local/share/minizinc/std/redefinitions-2.3.3.mzn'
processing file '/usr/local/share/minizinc/std/redefinitions-2.2.1.mzn'
processing file '/usr/local/share/minizinc/std/redefinitions-2.1.1.mzn'
processing file '/usr/local/share/minizinc/std/redefinitions-2.1.mzn'
processing file '/entry_data/mzn-lib/redefinitions-2.0.2.mzn'
processing file '/entry_data/mzn-lib/redefinitions-2.0.mzn'
processing file '/usr/local/share/minizinc/std/redefinitions.mzn'
processing file '/bench/2013/celar/celar.mzn'
processing file '/usr/local/share/minizinc/std/globals.mzn'
processing file '/usr/local/share/minizinc/std/writes_seq.mzn'
processing file '/usr/local/share/minizinc/std/fzn_writes_seq_reif.mzn'
processing file '/usr/local/share/minizinc/std/fzn_writes_seq.mzn'
processing file '/usr/local/share/minizinc/std/writes.mzn'
processing file '/usr/local/share/minizinc/std/fzn_writes_reif.mzn'
processing file '/usr/local/share/minizinc/std/fzn_writes.mzn'
processing file '/usr/local/share/minizinc/std/write.mzn'
processing file '/usr/local/share/minizinc/std/fzn_write_reif.mzn'
processing file '/usr/local/share/minizinc/std/fzn_write.mzn'
processing file '/usr/local/share/minizinc/std/weighted_spanning_tree.mzn'
processing file '/usr/local/share/minizinc/std/fzn_dwst_reif.mzn'
processing file '/usr/local/share/minizinc/std/fzn_dwst.mzn'
processing file '/usr/local/share/minizinc/std/fzn_wst_reif.mzn'
processing file '/usr/local/share/minizinc/std/fzn_wst.mzn'
processing file '/usr/local/share/minizinc/std/var_perm_sym.mzn'
processing file '/usr/local/share/minizinc/std/fzn_var_perm_sym.mzn'
processing file '/usr/local/share/minizinc/std/var_sqr_sym.mzn'
processing file '/usr/local/share/minizinc/std/fzn_var_sqr_sym.mzn'
processing file '/usr/local/share/minizinc/std/value_precede_chain.mzn'
processing file '/usr/local/share/minizinc/std/fzn_value_precede_chain_set_reif.mzn'
processing file '/usr/local/share/minizinc/std/fzn_value_precede_chain_set.mzn'
processing file '/usr/local/share/minizinc/std/fzn_value_precede_chain_int_opt.mzn'
processing file '/usr/local/share/minizinc/std/fzn_value_precede_chain_int_reif.mzn'
processing file '/entry_data/mzn-lib/fzn_value_precede_chain_int.mzn'
processing file '/usr/local/share/minizinc/std/value_precede.mzn'
processing file '/usr/local/share/minizinc/std/fzn_value_precede_set_reif.mzn'
processing file '/usr/local/share/minizinc/std/fzn_value_precede_set.mzn'
processing file '/usr/local/share/minizinc/std/fzn_value_precede_int_opt.mzn'
processing file '/usr/local/share/minizinc/std/fzn_value_precede_int_reif.mzn'
processing file '/entry_data/mzn-lib/fzn_value_precede_int.mzn'
processing file '/usr/local/share/minizinc/std/tree.mzn'
processing file '/usr/local/share/minizinc/std/fzn_dtree_enum_reif.mzn'
processing file '/usr/local/share/minizinc/std/fzn_dtree_enum.mzn'
processing file '/usr/local/share/minizinc/std/fzn_dtree_int_reif.mzn'
processing file '/usr/local/share/minizinc/std/fzn_dtree_int.mzn'
processing file '/usr/local/share/minizinc/std/fzn_tree_enum_reif.mzn'
processing file '/usr/local/share/minizinc/std/fzn_tree_enum.mzn'
processing file '/usr/local/share/minizinc/std/fzn_tree_int_reif.mzn'
processing file '/usr/local/share/minizinc/std/fzn_tree_int.mzn'
processing file '/usr/local/share/minizinc/std/symmetric_all_different.mzn'
processing file '/usr/local/share/minizinc/std/fzn_symmetric_all_different_reif.mzn'
processing file '/usr/local/share/minizinc/std/fzn_symmetric_all_different.mzn'
processing file '/usr/local/share/minizinc/std/analyse_all_different.mzn'
processing file '/usr/local/share/minizinc/std/sum_set.mzn'
processing file '/usr/local/share/minizinc/std/fzn_sum_set_reif.mzn'
processing file '/usr/local/share/minizinc/std/fzn_sum_set.mzn'
processing file '/usr/local/share/minizinc/std/sum_pred.mzn'
processing file '/usr/local/share/minizinc/std/fzn_sum_pred_reif.mzn'
processing file '/usr/local/share/minizinc/std/fzn_sum_pred.mzn'
processing file '/usr/local/share/minizinc/std/subgraph.mzn'
processing file '/usr/local/share/minizinc/std/fzn_subgraph_enum_reif.mzn'
processing file '/usr/local/share/minizinc/std/fzn_subgraph_enum.mzn'
processing file '/usr/local/share/minizinc/std/fzn_subgraph_int_reif.mzn'
processing file '/usr/local/share/minizinc/std/fzn_subgraph_int.mzn'
processing file '/usr/local/share/minizinc/std/subcircuit.mzn'
processing file '/usr/local/share/minizinc/std/fzn_subcircuit_reif.mzn'
processing file '/usr/local/share/minizinc/std/alldifferent.mzn'
processing file '/entry_data/mzn-lib/fzn_subcircuit.mzn'
processing file '/usr/local/share/minizinc/std/strict_lex2.mzn'
processing file '/usr/local/share/minizinc/std/fzn_strict_lex2_reif.mzn'
processing file '/usr/local/share/minizinc/std/fzn_strict_lex2.mzn'
processing file '/usr/local/share/minizinc/std/strictly_increasing.mzn'
processing file '/usr/local/share/minizinc/std/fzn_strictly_increasing_set_reif.mzn'
processing file '/usr/local/share/minizinc/std/fzn_strictly_increasing_set.mzn'
processing file '/usr/local/share/minizinc/std/fzn_strictly_increasing_float_opt_reif.mzn'
processing file '/usr/local/share/minizinc/std/fzn_strictly_increasing_float_reif.mzn'
processing file '/usr/local/share/minizinc/std/fzn_strictly_increasing_float_opt.mzn'
processing file '/usr/local/share/minizinc/std/fzn_strictly_increasing_float.mzn'
processing file '/usr/local/share/minizinc/std/fzn_strictly_increasing_int_opt_reif.mzn'
processing file '/usr/local/share/minizinc/std/fzn_strictly_increasing_int_reif.mzn'
processing file '/usr/local/share/minizinc/std/fzn_strictly_increasing_int_opt.mzn'
processing file '/usr/local/share/minizinc/std/fzn_strictly_increasing_int.mzn'
processing file '/usr/local/share/minizinc/std/strictly_decreasing.mzn'
processing file '/usr/local/share/minizinc/std/steiner.mzn'
processing file '/usr/local/share/minizinc/std/fzn_dsteiner_reif.mzn'
processing file '/usr/local/share/minizinc/std/fzn_dsteiner.mzn'
processing file '/usr/local/share/minizinc/std/fzn_steiner_reif.mzn'
processing file '/usr/local/share/minizinc/std/fzn_steiner.mzn'
processing file '/usr/local/share/minizinc/std/span.mzn'
processing file '/usr/local/share/minizinc/std/fzn_span_reif.mzn'
processing file '/usr/local/share/minizinc/std/fzn_span.mzn'
processing file '/usr/local/share/minizinc/std/sort_fn.mzn'
processing file '/usr/local/share/minizinc/std/sort.mzn'
processing file '/usr/local/share/minizinc/std/fzn_sort_reif.mzn'
processing file '/usr/local/share/minizinc/std/fzn_sort.mzn'
processing file '/usr/local/share/minizinc/std/sliding_sum.mzn'
processing file '/usr/local/share/minizinc/std/fzn_sliding_sum_reif.mzn'
processing file '/usr/local/share/minizinc/std/fzn_sliding_sum.mzn'
processing file '/usr/local/share/minizinc/std/seq_precede_chain.mzn'
processing file '/usr/local/share/minizinc/std/fzn_seq_precede_chain_set_reif.mzn'
processing file '/usr/local/share/minizinc/std/fzn_seq_precede_chain_set.mzn'
processing file '/usr/local/share/minizinc/std/fzn_seq_precede_chain_int_reif.mzn'
processing file '/entry_data/mzn-lib/fzn_seq_precede_chain_int.mzn'
processing file '/usr/local/share/minizinc/std/roots_fn.mzn'
processing file '/usr/local/share/minizinc/std/roots.mzn'
processing file '/usr/local/share/minizinc/std/fzn_roots_reif.mzn'
processing file '/usr/local/share/minizinc/std/fzn_roots.mzn'
processing file '/usr/local/share/minizinc/std/regular_regexp.mzn'
processing file '/usr/local/share/minizinc/std/fzn_regular_regexp.mzn'
processing file '/usr/local/share/minizinc/std/regular_nfa.mzn'
processing file '/usr/local/share/minizinc/std/fzn_regular_nfa_set_reif.mzn'
processing file '/usr/local/share/minizinc/std/fzn_regular_nfa_set.mzn'
processing file '/usr/local/share/minizinc/std/fzn_regular_nfa_reif.mzn'
processing file '/usr/local/share/minizinc/std/fzn_regular_nfa.mzn'
processing file '/usr/local/share/minizinc/std/regular.mzn'
processing file '/usr/local/share/minizinc/std/fzn_regular_set_reif.mzn'
processing file '/usr/local/share/minizinc/std/fzn_regular_set.mzn'
processing file '/usr/local/share/minizinc/std/fzn_regular_set.mzn.deprecated.mzn'
processing file '/usr/local/share/minizinc/std/fzn_regular_set.mzn.deprecated.mzn'
processing file '/usr/local/share/minizinc/std/fzn_regular_reif.mzn'
processing file '/entry_data/mzn-lib/fzn_regular.mzn'
processing file '/usr/local/share/minizinc/std/reachable.mzn'
processing file '/usr/local/share/minizinc/std/fzn_dreachable_enum_reif.mzn'
processing file '/usr/local/share/minizinc/std/fzn_dreachable_enum.mzn'
processing file '/usr/local/share/minizinc/std/fzn_dreachable_int_reif.mzn'
processing file '/usr/local/share/minizinc/std/fzn_dreachable_int.mzn'
processing file '/usr/local/share/minizinc/std/fzn_reachable_enum_reif.mzn'
processing file '/usr/local/share/minizinc/std/fzn_reachable_enum.mzn'
processing file '/usr/local/share/minizinc/std/fzn_reachable_int_reif.mzn'
processing file '/usr/local/share/minizinc/std/fzn_reachable_int.mzn'
processing file '/usr/local/share/minizinc/std/range_fn.mzn'
processing file '/usr/local/share/minizinc/std/range.mzn'
processing file '/usr/local/share/minizinc/std/fzn_range_reif.mzn'
processing file '/usr/local/share/minizinc/std/fzn_range.mzn'
processing file '/usr/local/share/minizinc/std/piecewise_linear_non_continuous.mzn'
processing file '/usr/local/share/minizinc/std/fzn_piecewise_linear_non_continuous_reif.mzn'
processing file '/usr/local/share/minizinc/std/fzn_piecewise_linear_non_continuous.mzn'
processing file '/usr/local/share/minizinc/std/piecewise_linear.mzn'
processing file '/usr/local/share/minizinc/std/fzn_piecewise_linear_reif.mzn'
processing file '/usr/local/share/minizinc/std/fzn_piecewise_linear.mzn'
processing file '/usr/local/share/minizinc/std/partition_set.mzn'
processing file '/usr/local/share/minizinc/std/fzn_partition_set_reif.mzn'
processing file '/entry_data/mzn-lib/fzn_partition_set.mzn'
processing file '/usr/local/share/minizinc/std/nvalue_fn.mzn'
processing file '/usr/local/share/minizinc/std/nvalue.mzn'
processing file '/entry_data/mzn-lib/fzn_nvalue_reif.mzn'
processing file '/entry_data/mzn-lib/fzn_nvalue.mzn'
processing file '/usr/local/share/minizinc/std/neural_net.mzn'
processing file '/usr/local/share/minizinc/std/fzn_neural_net_reif.mzn'
processing file '/usr/local/share/minizinc/std/fzn_neural_net.mzn'
processing file '/usr/local/share/minizinc/std/network_flow.mzn'
processing file '/usr/local/share/minizinc/std/fzn_network_flow_cost_reif.mzn'
processing file '/entry_data/mzn-lib/fzn_network_flow_cost.mzn'
processing file '/usr/local/share/minizinc/std/fzn_network_flow_reif.mzn'
processing file '/entry_data/mzn-lib/fzn_network_flow.mzn'
processing file '/usr/local/share/minizinc/std/minimum.mzn'
processing file '/usr/local/share/minizinc/std/member.mzn'
processing file '/usr/local/share/minizinc/std/fzn_set_member_reif.mzn'
processing file '/usr/local/share/minizinc/std/fzn_set_member.mzn'
processing file '/usr/local/share/minizinc/std/fzn_member_set_reif.mzn'
processing file '/usr/local/share/minizinc/std/fzn_member_set.mzn'
processing file '/usr/local/share/minizinc/std/fzn_member_int_reif.mzn'
processing file '/usr/local/share/minizinc/std/fzn_member_int.mzn'
processing file '/usr/local/share/minizinc/std/fzn_member_float_reif.mzn'
processing file '/usr/local/share/minizinc/std/fzn_member_float.mzn'
processing file '/usr/local/share/minizinc/std/fzn_member_bool_reif.mzn'
processing file '/usr/local/share/minizinc/std/fzn_member_bool.mzn'
processing file '/usr/local/share/minizinc/std/mdd_nondet.mzn'
processing file '/usr/local/share/minizinc/std/fzn_mdd_nondet_reif.mzn'
processing file '/usr/local/share/minizinc/std/fzn_mdd_nondet.mzn'
processing file '/usr/local/share/minizinc/std/mdd.mzn'
processing file '/usr/local/share/minizinc/std/fzn_mdd_reif.mzn'
processing file '/usr/local/share/minizinc/std/fzn_mdd.mzn'
processing file '/usr/local/share/minizinc/std/maximum.mzn'
processing file '/usr/local/share/minizinc/std/link_set_to_booleans.mzn'
processing file '/usr/local/share/minizinc/std/fzn_link_set_to_booleans_reif.mzn'
processing file '/usr/local/share/minizinc/std/fzn_link_set_to_booleans.mzn'
processing file '/usr/local/share/minizinc/std/lex2_strict.mzn'
processing file '/usr/local/share/minizinc/std/lex2.mzn'
processing file '/usr/local/share/minizinc/std/fzn_lex2_reif.mzn'
processing file '/usr/local/share/minizinc/std/fzn_lex2.mzn'
processing file '/usr/local/share/minizinc/std/lex_chain_greater.mzn'
processing file '/usr/local/share/minizinc/std/lex_chain_less.mzn'
processing file '/usr/local/share/minizinc/std/fzn_lex_chain_less_int_reif.mzn'
processing file '/usr/local/share/minizinc/std/fzn_lex_chain_less_int.mzn'
processing file '/usr/local/share/minizinc/std/fzn_lex_chain_less_bool_reif.mzn'
processing file '/usr/local/share/minizinc/std/fzn_lex_chain_less_bool.mzn'
processing file '/usr/local/share/minizinc/std/lex_chain_greatereq_orbitope.mzn'
processing file '/usr/local/share/minizinc/std/lex_chain_lesseq_orbitope.mzn'
processing file '/usr/local/share/minizinc/std/fzn_lex_chain_lesseq_orbitope_reif.mzn'
processing file '/usr/local/share/minizinc/std/fzn_lex_chain_lesseq_orbitope.mzn'
processing file '/usr/local/share/minizinc/std/lex_chain_greatereq.mzn'
processing file '/usr/local/share/minizinc/std/lex_chain_lesseq.mzn'
processing file '/usr/local/share/minizinc/std/fzn_lex_chain_lesseq_int_reif.mzn'
processing file '/usr/local/share/minizinc/std/fzn_lex_chain_lesseq_int.mzn'
processing file '/usr/local/share/minizinc/std/fzn_lex_chain_lesseq_bool_reif.mzn'
processing file '/usr/local/share/minizinc/std/fzn_lex_chain_lesseq_bool.mzn'
processing file '/usr/local/share/minizinc/std/lex_greater.mzn'
processing file '/usr/local/share/minizinc/std/lex_greatereq.mzn'
processing file '/usr/local/share/minizinc/std/knapsack.mzn'
processing file '/usr/local/share/minizinc/std/fzn_knapsack_reif.mzn'
processing file '/usr/local/share/minizinc/std/fzn_knapsack.mzn'
processing file '/usr/local/share/minizinc/std/inverse_set.mzn'
processing file '/usr/local/share/minizinc/std/fzn_inverse_set_reif.mzn'
processing file '/usr/local/share/minizinc/std/fzn_inverse_set.mzn'
processing file '/usr/local/share/minizinc/std/inverse_in_range.mzn'
processing file '/usr/local/share/minizinc/std/fzn_inverse_in_range_reif.mzn'
processing file '/usr/local/share/minizinc/std/fzn_inverse_in_range.mzn'
processing file '/usr/local/share/minizinc/std/inverse_fn.mzn'
processing file '/usr/local/share/minizinc/std/inverse.mzn'
processing file '/usr/local/share/minizinc/std/fzn_inverse_reif.mzn'
processing file '/usr/local/share/minizinc/std/fzn_inverse_opt.mzn'
processing file '/entry_data/mzn-lib/fzn_inverse.mzn'
processing file '/usr/local/share/minizinc/std/int_set_channel.mzn'
processing file '/usr/local/share/minizinc/std/fzn_int_set_channel_reif.mzn'
processing file '/usr/local/share/minizinc/std/fzn_int_set_channel.mzn'
processing file '/usr/local/share/minizinc/std/increasing.mzn'
processing file '/usr/local/share/minizinc/std/fzn_increasing_set_reif.mzn'
processing file '/usr/local/share/minizinc/std/fzn_increasing_set.mzn'
processing file '/usr/local/share/minizinc/std/fzn_increasing_int_opt_reif.mzn'
processing file '/usr/local/share/minizinc/std/fzn_increasing_int_opt.mzn'
processing file '/usr/local/share/minizinc/std/fzn_increasing_int_reif.mzn'
processing file '/usr/local/share/minizinc/std/fzn_increasing_int.mzn'
processing file '/usr/local/share/minizinc/std/fzn_increasing_float_opt_reif.mzn'
processing file '/usr/local/share/minizinc/std/fzn_increasing_float_opt.mzn'
processing file '/usr/local/share/minizinc/std/fzn_increasing_float_reif.mzn'
processing file '/usr/local/share/minizinc/std/fzn_increasing_float.mzn'
processing file '/usr/local/share/minizinc/std/fzn_increasing_bool_reif.mzn'
processing file '/usr/local/share/minizinc/std/fzn_increasing_bool.mzn'
processing file '/usr/local/share/minizinc/std/global_cardinality_low_up_closed.mzn'
processing file '/usr/local/share/minizinc/std/global_cardinality_low_up.mzn'
processing file '/usr/local/share/minizinc/std/global_cardinality_closed_fn.mzn'
processing file '/usr/local/share/minizinc/std/global_cardinality_closed.mzn'
processing file '/usr/local/share/minizinc/std/fzn_global_cardinality_low_up_closed_set.mzn'
processing file '/usr/local/share/minizinc/std/fzn_global_cardinality_low_up_closed_opt.mzn'
processing file '/usr/local/share/minizinc/std/fzn_global_cardinality_low_up_closed_reif.mzn'
processing file '/entry_data/mzn-lib/fzn_global_cardinality_low_up_closed.mzn'
processing file '/usr/local/share/minizinc/std/fzn_global_cardinality_closed_set.mzn'
processing file '/usr/local/share/minizinc/std/fzn_global_cardinality_closed_opt.mzn'
processing file '/usr/local/share/minizinc/std/fzn_global_cardinality_closed_reif.mzn'
processing file '/entry_data/mzn-lib/fzn_global_cardinality_closed.mzn'
processing file '/usr/local/share/minizinc/std/global_cardinality_fn.mzn'
processing file '/usr/local/share/minizinc/std/global_cardinality.mzn'
processing file '/usr/local/share/minizinc/std/fzn_global_cardinality_low_up_set.mzn'
processing file '/usr/local/share/minizinc/std/fzn_global_cardinality_low_up_opt.mzn'
processing file '/usr/local/share/minizinc/std/fzn_global_cardinality_low_up_reif.mzn'
processing file '/entry_data/mzn-lib/fzn_global_cardinality_low_up.mzn'
processing file '/usr/local/share/minizinc/std/fzn_global_cardinality_set.mzn'
processing file '/usr/local/share/minizinc/std/fzn_global_cardinality_opt.mzn'
processing file '/usr/local/share/minizinc/std/fzn_global_cardinality_reif.mzn'
processing file '/entry_data/mzn-lib/fzn_global_cardinality.mzn'
processing file '/usr/local/share/minizinc/std/geost.mzn'
processing file '/usr/local/share/minizinc/std/fzn_geost_nonoverlap_k_reif.mzn'
processing file '/usr/local/share/minizinc/std/fzn_geost_nonoverlap_k.mzn'
processing file '/usr/local/share/minizinc/std/fzn_geost_smallest_bb_reif.mzn'
processing file '/usr/local/share/minizinc/std/fzn_geost_smallest_bb.mzn'
processing file '/usr/local/share/minizinc/std/fzn_geost_bb_reif.mzn'
processing file '/usr/local/share/minizinc/std/fzn_geost_bb.mzn'
processing file '/usr/local/share/minizinc/std/fzn_geost_reif.mzn'
processing file '/usr/local/share/minizinc/std/fzn_geost.mzn'
processing file '/usr/local/share/minizinc/std/exactly.mzn'
processing file '/usr/local/share/minizinc/std/fzn_exactly_set_reif.mzn'
processing file '/usr/local/share/minizinc/std/fzn_exactly_set.mzn'
processing file '/usr/local/share/minizinc/std/fzn_exactly_int_reif.mzn'
processing file '/usr/local/share/minizinc/std/fzn_exactly_int.mzn'
processing file '/usr/local/share/minizinc/std/exactly.mzn.deprecated.mzn'
processing file '/usr/local/share/minizinc/std/exactly.mzn.deprecated.mzn'
processing file '/usr/local/share/minizinc/std/element.mzn'
processing file '/usr/local/share/minizinc/std/distribute_fn.mzn'
processing file '/usr/local/share/minizinc/std/distribute.mzn'
processing file '/usr/local/share/minizinc/std/fzn_distribute_reif.mzn'
processing file '/usr/local/share/minizinc/std/fzn_distribute.mzn'
processing file '/usr/local/share/minizinc/std/disjunctive_strict_opt.mzn'
processing file '/usr/local/share/minizinc/std/fzn_disjunctive_strict_opt_reif.mzn'
processing file '/entry_data/mzn-lib/fzn_disjunctive_strict_opt.mzn'
processing file '/usr/local/share/minizinc/std/disjunctive_opt.mzn'
processing file '/usr/local/share/minizinc/std/fzn_disjunctive_opt_reif.mzn'
processing file '/entry_data/mzn-lib/fzn_disjunctive_opt.mzn'
processing file '/entry_data/mzn-lib/fzn_cumulative_opt.mzn'
processing file '/usr/local/share/minizinc/std/disjunctive_strict.mzn'
processing file '/usr/local/share/minizinc/std/fzn_disjunctive_strict_reif.mzn'
processing file '/entry_data/mzn-lib/fzn_disjunctive_strict.mzn'
processing file '/usr/local/share/minizinc/std/disjunctive.mzn'
processing file '/usr/local/share/minizinc/std/fzn_disjunctive_reif.mzn'
processing file '/entry_data/mzn-lib/fzn_disjunctive.mzn'
processing file '/usr/local/share/minizinc/std/disjoint.mzn'
processing file '/usr/local/share/minizinc/std/fzn_disjoint_reif.mzn'
processing file '/entry_data/mzn-lib/fzn_disjoint.mzn'
processing file '/usr/local/share/minizinc/std/diffn_nonstrict_k.mzn'
processing file '/usr/local/share/minizinc/std/fzn_diffn_nonstrict_k_reif.mzn'
processing file '/usr/local/share/minizinc/std/fzn_diffn_nonstrict_k.mzn'
processing file '/usr/local/share/minizinc/std/diffn_k.mzn'
processing file '/usr/local/share/minizinc/std/fzn_diffn_k_reif.mzn'
processing file '/usr/local/share/minizinc/std/fzn_diffn_k.mzn'
processing file '/usr/local/share/minizinc/std/diffn_nonstrict.mzn'
processing file '/usr/local/share/minizinc/std/fzn_diffn_nonstrict_reif.mzn'
processing file '/entry_data/mzn-lib/fzn_diffn_nonstrict.mzn'
processing file '/usr/local/share/minizinc/std/diffn.mzn'
processing file '/usr/local/share/minizinc/std/fzn_diffn_reif.mzn'
processing file '/entry_data/mzn-lib/fzn_diffn.mzn'
processing file '/usr/local/share/minizinc/std/decreasing.mzn'
processing file '/usr/local/share/minizinc/std/dag.mzn'
processing file '/usr/local/share/minizinc/std/fzn_dag_reif.mzn'
processing file '/usr/local/share/minizinc/std/fzn_dag.mzn'
processing file '/usr/local/share/minizinc/std/cumulatives.mzn'
processing file '/usr/local/share/minizinc/std/fzn_cumulatives.mzn'
processing file '/usr/local/share/minizinc/std/fzn_cumulatives_decomp.mzn'
processing file '/usr/local/share/minizinc/std/cumulative_opt.mzn'
processing file '/usr/local/share/minizinc/std/fzn_cumulative_opt_reif.mzn'
processing file '/usr/local/share/minizinc/std/cumulative.mzn'
processing file '/usr/local/share/minizinc/std/fzn_cumulative_reif.mzn'
processing file '/entry_data/mzn-lib/fzn_cumulative.mzn'
processing file '/usr/local/share/minizinc/std/count.mzn'
processing file '/usr/local/share/minizinc/std/cost_regular.mzn'
processing file '/usr/local/share/minizinc/std/fzn_cost_regular_reif.mzn'
processing file '/usr/local/share/minizinc/std/fzn_cost_regular.mzn'
processing file '/usr/local/share/minizinc/std/cost_mdd.mzn'
processing file '/usr/local/share/minizinc/std/fzn_cost_mdd_reif.mzn'
processing file '/usr/local/share/minizinc/std/fzn_cost_mdd.mzn'
processing file '/usr/local/share/minizinc/std/connected.mzn'
processing file '/usr/local/share/minizinc/std/fzn_dconnected_reif.mzn'
processing file '/usr/local/share/minizinc/std/fzn_dconnected.mzn'
processing file '/usr/local/share/minizinc/std/fzn_connected_reif.mzn'
processing file '/usr/local/share/minizinc/std/fzn_connected.mzn'
processing file '/usr/local/share/minizinc/std/circuit_opt.mzn'
processing file '/usr/local/share/minizinc/std/fzn_circuit_opt_reif.mzn'
processing file '/usr/local/share/minizinc/std/fzn_circuit_opt.mzn'
processing file '/usr/local/share/minizinc/std/circuit.mzn'
processing file '/usr/local/share/minizinc/std/fzn_circuit_reif.mzn'
processing file '/entry_data/mzn-lib/fzn_circuit.mzn'
processing file '/usr/local/share/minizinc/std/bounded_path.mzn'
processing file '/usr/local/share/minizinc/std/fzn_bounded_dpath_enum_reif.mzn'
processing file '/usr/local/share/minizinc/std/path.mzn'
processing file '/usr/local/share/minizinc/std/fzn_dpath_enum_reif.mzn'
processing file '/usr/local/share/minizinc/std/fzn_dpath_enum.mzn'
processing file '/usr/local/share/minizinc/std/fzn_dpath_int_reif.mzn'
processing file '/usr/local/share/minizinc/std/fzn_dpath_int.mzn'
processing file '/usr/local/share/minizinc/std/fzn_path_enum_reif.mzn'
processing file '/usr/local/share/minizinc/std/fzn_path_enum.mzn'
processing file '/usr/local/share/minizinc/std/fzn_path_int_reif.mzn'
processing file '/usr/local/share/minizinc/std/fzn_path_int.mzn'
processing file '/usr/local/share/minizinc/std/fzn_bounded_dpath_enum.mzn'
processing file '/usr/local/share/minizinc/std/fzn_bounded_dpath_int_reif.mzn'
processing file '/usr/local/share/minizinc/std/fzn_bounded_dpath_int.mzn'
processing file '/usr/local/share/minizinc/std/fzn_bounded_path_enum_reif.mzn'
processing file '/usr/local/share/minizinc/std/fzn_bounded_path_enum.mzn'
processing file '/usr/local/share/minizinc/std/fzn_bounded_path_int_reif.mzn'
processing file '/usr/local/share/minizinc/std/fzn_bounded_path_int.mzn'
processing file '/usr/local/share/minizinc/std/bin_packing_load_fn.mzn'
processing file '/entry_data/mzn-lib/fzn_bin_packing_load.mzn'
processing file '/usr/local/share/minizinc/std/bin_packing_load.mzn'
processing file '/usr/local/share/minizinc/std/fzn_bin_packing_load_reif.mzn'
processing file '/usr/local/share/minizinc/std/bin_packing_capa.mzn'
processing file '/usr/local/share/minizinc/std/fzn_bin_packing_capa_reif.mzn'
processing file '/entry_data/mzn-lib/fzn_bin_packing_capa.mzn'
processing file '/usr/local/share/minizinc/std/bin_packing.mzn'
processing file '/usr/local/share/minizinc/std/fzn_bin_packing_reif.mzn'
processing file '/entry_data/mzn-lib/fzn_bin_packing.mzn'
processing file '/usr/local/share/minizinc/std/at_most1.mzn'
processing file '/usr/local/share/minizinc/std/fzn_at_most1_reif.mzn'
processing file '/usr/local/share/minizinc/std/fzn_at_most1.mzn'
processing file '/usr/local/share/minizinc/std/at_most.mzn'
processing file '/usr/local/share/minizinc/std/fzn_at_most_set_reif.mzn'
processing file '/usr/local/share/minizinc/std/fzn_at_most_set.mzn'
processing file '/usr/local/share/minizinc/std/fzn_at_most_int_reif.mzn'
processing file '/usr/local/share/minizinc/std/fzn_at_most_int.mzn'
processing file '/usr/local/share/minizinc/std/at_most.mzn.deprecated.mzn'
processing file '/usr/local/share/minizinc/std/at_most.mzn.deprecated.mzn'
processing file '/usr/local/share/minizinc/std/at_least.mzn'
processing file '/usr/local/share/minizinc/std/fzn_at_least_set_reif.mzn'
processing file '/usr/local/share/minizinc/std/fzn_at_least_set.mzn'
processing file '/usr/local/share/minizinc/std/fzn_at_least_int_reif.mzn'
processing file '/usr/local/share/minizinc/std/fzn_at_least_int.mzn'
processing file '/usr/local/share/minizinc/std/at_least.mzn.deprecated.mzn'
processing file '/usr/local/share/minizinc/std/at_least.mzn.deprecated.mzn'
processing file '/usr/local/share/minizinc/std/arg_val.mzn'
processing file '/usr/local/share/minizinc/std/fzn_arg_val_int_opt.mzn'
processing file '/usr/local/share/minizinc/std/fzn_arg_val_int.mzn'
processing file '/entry_data/mzn-lib/fzn_arg_max_bool.mzn'
processing file '/usr/local/share/minizinc/std/fzn_arg_val_float_opt.mzn'
processing file '/usr/local/share/minizinc/std/fzn_arg_val_float.mzn'
processing file '/usr/local/share/minizinc/std/fzn_arg_val_bool_opt.mzn'
processing file '/usr/local/share/minizinc/std/fzn_arg_val_bool.mzn'
processing file '/entry_data/mzn-lib/fzn_arg_min_bool.mzn'
processing file '/usr/local/share/minizinc/std/arg_max.mzn'
processing file '/usr/local/share/minizinc/std/fzn_arg_max_float_opt.mzn'
processing file '/usr/local/share/minizinc/std/fzn_arg_max_float.mzn'
processing file '/usr/local/share/minizinc/std/fzn_arg_max_bool_opt.mzn'
processing file '/usr/local/share/minizinc/std/fzn_arg_max_int_opt.mzn'
processing file '/entry_data/mzn-lib/fzn_arg_max_int.mzn'
processing file '/usr/local/share/minizinc/std/arg_min.mzn'
processing file '/usr/local/share/minizinc/std/fzn_arg_min_float_opt.mzn'
processing file '/usr/local/share/minizinc/std/fzn_arg_min_float.mzn'
processing file '/usr/local/share/minizinc/std/fzn_arg_min_bool_opt.mzn'
processing file '/usr/local/share/minizinc/std/fzn_arg_min_int_opt.mzn'
processing file '/entry_data/mzn-lib/fzn_arg_min_int.mzn'
processing file '/usr/local/share/minizinc/std/arg_sort.mzn'
processing file '/usr/local/share/minizinc/std/fzn_arg_sort_float.mzn'
processing file '/usr/local/share/minizinc/std/fzn_arg_sort_int.mzn'
processing file '/usr/local/share/minizinc/std/among_fn.mzn'
processing file '/usr/local/share/minizinc/std/fzn_among.mzn'
processing file '/usr/local/share/minizinc/std/among.mzn'
processing file '/usr/local/share/minizinc/std/fzn_among_reif.mzn'
processing file '/usr/local/share/minizinc/std/alternative.mzn'
processing file '/usr/local/share/minizinc/std/fzn_alternative_reif.mzn'
processing file '/usr/local/share/minizinc/std/fzn_alternative.mzn'
processing file '/usr/local/share/minizinc/std/all_equal.mzn'
processing file '/usr/local/share/minizinc/std/fzn_all_equal_set_reif.mzn'
processing file '/entry_data/mzn-lib/fzn_all_equal_set.mzn'
processing file '/usr/local/share/minizinc/std/fzn_all_equal_int_reif.mzn'
processing file '/entry_data/mzn-lib/fzn_all_equal_int.mzn'
processing file '/usr/local/share/minizinc/std/all_disjoint.mzn'
processing file '/usr/local/share/minizinc/std/fzn_all_disjoint_reif.mzn'
processing file '/entry_data/mzn-lib/fzn_all_disjoint.mzn'
processing file '/usr/local/share/minizinc/std/all_different_except_0.mzn'
processing file '/usr/local/share/minizinc/std/fzn_alldifferent_except_0_reif.mzn'
processing file '/usr/local/share/minizinc/std/fzn_alldifferent_except_reif.mzn'
processing file '/usr/local/share/minizinc/std/fzn_alldifferent_except_0.mzn'
processing file '/usr/local/share/minizinc/std/alldifferent_except.mzn'
processing file '/usr/local/share/minizinc/std/all_different_except.mzn'
processing file '/usr/local/share/minizinc/std/fzn_alldifferent_except.mzn'
processing file '/usr/local/share/minizinc/std/all_different.mzn'
processing file '/usr/local/share/minizinc/std/fzn_all_different_set_reif.mzn'
processing file '/entry_data/mzn-lib/fzn_all_different_set.mzn'
processing file '/usr/local/share/minizinc/std/fzn_all_different_int_reif.mzn'
processing file '/usr/local/share/minizinc/std/fzn_all_different_int_opt.mzn'
processing file '/usr/local/share/minizinc/std/alldifferent_except_0.mzn'
processing file '/entry_data/mzn-lib/fzn_all_different_int.mzn'
processing data file '/bench/2013/celar/CELAR6-SUB3.dzn'
 done parsing (0.35 s)
Flattening ...
	CompilePass: Flatten with '/entry_data/mzn-lib' library ...
MIP domains ...
 done (0.12 s)
Optimizing ... done (0.12 s)
Converting to old FlatZinc ... done (0.12 s)
 done (0.12 s)
 done (0.48 s), max stack depth 16
Maximum memory 12 Mbytes.
      % SOLVING PHASE
FZN solver plugin, compiled  May 23 2025  06:18:37
Using FZN solver /entry_data/fzn-exec for solving, parameters: -p 14 -v 
%% File /tmp/mznfile4gM3u8.fzn parsed in 31 ms
%% Model mznfile4gM3u8
%%   - boolean variables:421
%%   - integer variables:1318
%%   - bool2int: 421
%%   - int_abs: 439
%%   - int_le_reif: 421
%%   - int_lin_eq: 440
%%   - Minimization problem
%%   - #var_op_value_reif cached: 0
%%   - #var_op_var_reif cached: 0
%%   - #var_op_var_imp cached: 0
%%   - #full domain encodings: 0
%% Starting CP-SAT solver v9.15.9999
%% Parameters: log_search_progress: true log_to_stdout: false max_domain_size_when_encoding_eq_neq_constraints: 32 num_workers: 14
%% Initial optimization model 'mznfile4gM3u8': (model_fingerprint: 0x5e2389bd656a0e90)
%% Search strategy: on 36 variables, CHOOSE_MIN_DOMAIN_SIZE, SELECT_MIN_VALUE
%% Search strategy: on 1 variables, CHOOSE_FIRST, SELECT_MIN_VALUE
%% #Variables: 1'739 (#ints: 1 in objective) (861 primary variables)
%%   - 842 Booleans in [0,1]
%%   - 437 in [-776,776]
%%   - 2 in [-748,748]
%%   - 421 in [0,776]
%%   - 1 in [0,58723]
%%   - 32 in [16][30][44][58][72][86][100][114][128][ ... 666][680][694][708][722][736][750][764][778][792]
%%   - 4 in [30][44][58][72][86][100][114][128][142][ ... 540][666][680][694][708][722][736][750][764][778]
%% #kLinMax: 439 (#expressions: 878)
%% #kLinear1: 842 (#enforced: 842)
%% #kLinear2: 421
%% #kLinear3: 439
%% #kLinearN: 1 (#terms: 422)
%% Starting presolve at 0.01s
%%   5.96e-04s  0.00e+00d  [DetectDominanceRelations] 
%%   1.77e-01s  0.00e+00d  [PresolveToFixPoint] #num_loops=3 #num_dual_strengthening=1 
%%   1.73e-05s  0.00e+00d  [ExtractEncodingFromLinear] 
%%   1.82e-04s  0.00e+00d  [DetectDuplicateColumns] 
%%   1.75e-04s  0.00e+00d  [DetectDuplicateConstraints] 
%% [Symmetry] Graph for symmetry has 4'828 nodes and 3'895 arcs.
%% [Symmetry] Symmetry computation done. time: 0.00256379 dtime: 0.00096508
%%   1.93e-04s  0.00e+00d  [DetectDuplicateConstraintsWithDifferentEnforcements] 
%%   3.93e-02s  7.74e-03d  [Probe] #probed=3'404 #new_binary_clauses=1'370 
%%   8.19e-06s  0.00e+00d  [MaxClique] 
%%   4.40e-04s  0.00e+00d  [DetectDominanceRelations] 
%%   3.64e-02s  0.00e+00d  [PresolveToFixPoint] #num_loops=2 #num_dual_strengthening=1 
%%   5.53e-02s  0.00e+00d  [ProcessAtMostOneAndLinear] 
%%   1.66e-04s  0.00e+00d  [DetectDuplicateConstraints] 
%%   1.42e-04s  0.00e+00d  [DetectDuplicateConstraintsWithDifferentEnforcements] 
%%   4.01e-05s  1.62e-07d  [DetectDominatedLinearConstraints] #relevant_constraints=18 
%%   2.16e-04s  0.00e+00d  [DetectDifferentVariables] 
%%   1.02e-05s  0.00e+00d  [ProcessSetPPC] 
%%   2.82e-04s  0.00e+00d  [TransformClausesToExactlyOne] 
%%   5.11e-06s  0.00e+00d  [DetectEncodedComplexDomains] 
%%   2.55e-05s  0.00e+00d  [FindAlmostIdenticalLinearConstraints] 
%%   6.48e-06s  0.00e+00d  [FindBigAtMostOneAndLinearOverlap] 
%%   2.54e-04s  7.11e-05d  [FindBigVerticalLinearOverlap] 
%%   6.60e-06s  0.00e+00d  [FindBigHorizontalLinearOverlap] 
%%   6.15e-06s  0.00e+00d  [MergeClauses] 
%%   4.27e-04s  0.00e+00d  [DetectDominanceRelations] 
%%   1.65e-01s  0.00e+00d  [PresolveToFixPoint] #num_loops=1 #num_dual_strengthening=1 
%%   4.18e-04s  0.00e+00d  [DetectDominanceRelations] 
%%   1.64e-01s  0.00e+00d  [PresolveToFixPoint] #num_loops=1 #num_dual_strengthening=1 
%%   7.04e-05s  0.00e+00d  [DetectDuplicateColumns] 
%%   1.54e-04s  0.00e+00d  [DetectDuplicateConstraints] 
%% [Symmetry] Graph for symmetry has 3'986 nodes and 3'053 arcs.
%% [Symmetry] Symmetry computation done. time: 0.000493986 dtime: 0.00056311
%%   2.12e-04s  0.00e+00d  [DetectDuplicateConstraintsWithDifferentEnforcements] 
%%   1.76e-02s  1.54e-03d  [Probe] #probed=3'404 #new_binary_clauses=1'505 
%%   5.86e-06s  0.00e+00d  [MaxClique] 
%%   4.47e-04s  0.00e+00d  [DetectDominanceRelations] 
%%   1.65e-01s  0.00e+00d  [PresolveToFixPoint] #num_loops=1 #num_dual_strengthening=1 
%%   5.52e-02s  0.00e+00d  [ProcessAtMostOneAndLinear] 
%%   1.69e-04s  0.00e+00d  [DetectDuplicateConstraints] 
%%   1.53e-04s  0.00e+00d  [DetectDuplicateConstraintsWithDifferentEnforcements] 
%%   3.63e-05s  1.62e-07d  [DetectDominatedLinearConstraints] #relevant_constraints=18 
%%   2.10e-04s  0.00e+00d  [DetectDifferentVariables] 
%%   1.01e-05s  0.00e+00d  [ProcessSetPPC] 
%%   2.67e-04s  0.00e+00d  [TransformClausesToExactlyOne] 
%%   5.02e-06s  0.00e+00d  [DetectEncodedComplexDomains] 
%%   2.47e-05s  0.00e+00d  [FindAlmostIdenticalLinearConstraints] 
%%   1.01e-05s  0.00e+00d  [FindBigAtMostOneAndLinearOverlap] 
%%   2.53e-04s  7.11e-05d  [FindBigVerticalLinearOverlap] 
%%   6.57e-06s  0.00e+00d  [FindBigHorizontalLinearOverlap] 
%%   5.90e-06s  0.00e+00d  [MergeClauses] 
%%   4.33e-04s  0.00e+00d  [DetectDominanceRelations] 
%%   1.64e-01s  0.00e+00d  [PresolveToFixPoint] #num_loops=1 #num_dual_strengthening=1 
%%   3.89e-06s  0.00e+00d  [MergeNoOverlap] 
%%   4.69e-06s  0.00e+00d  [MergeNoOverlap2D] 
%%   1.78e-04s  0.00e+00d  [ExpandObjective] 
%% Presolve summary:
%%   - 1335 affine relations were detected.
%%   - rule 'TODO dual: make linear1 equiv' was applied 421 times.
%%   - rule 'TODO dual: only one blocking constraint?' was applied 216 times.
%%   - rule 'TODO dual: only one blocking enforced constraint?' was applied 2'105 times.
%%   - rule 'TODO linear2: convert ax + by != cte to clauses for large domains' was applied 192 times.
%%   - rule 'affine: new relation' was applied 1'335 times.
%%   - rule 'deductions: 2611 stored' was applied 1 time.
%%   - rule 'lin_max: affine_max target domain reduced' was applied 421 times.
%%   - rule 'lin_max: canonicalize target using gcd' was applied 421 times.
%%   - rule 'lin_max: divising by gcd' was applied 421 times.
%%   - rule 'lin_max: fixed abs target' was applied 18 times.
%%   - rule 'linear1: transferred from abs(X) to X' was applied 421 times.
%%   - rule 'linear: divide by GCD' was applied 1'281 times.
%%   - rule 'linear: expanded complex rhs' was applied 421 times.
%%   - rule 'linear: reduced variable domains' was applied 69 times.
%%   - rule 'linear: remapped using affine relations' was applied 3'038 times.
%%   - rule 'linear: variable substitution 0' was applied 1 time.
%%   - rule 'linear: variable substitution 2' was applied 421 times.
%%   - rule 'new_bool: complex linear expansion' was applied 842 times.
%%   - rule 'new_bool: var with 2 values' was applied 18 times.
%%   - rule 'presolve: 0 unused variables removed.' was applied 1 time.
%%   - rule 'presolve: iteration' was applied 2 times.
%%   - rule 'variables with 2 values: create encoding literal' was applied 18 times.
%%   - rule 'variables with 2 values: new affine relation' was applied 18 times.
%%   - rule 'variables: canonicalize affine domain' was applied 896 times.
%% Presolved optimization model 'mznfile4gM3u8': (model_fingerprint: 0x1c33ed83f8f9cf7e)
%% Search strategy: on 36 variables, CHOOSE_MIN_DOMAIN_SIZE, SELECT_MIN_VALUE
%% #Variables: 1'317 (#bools: 421 in objective) (1'299 primary variables)
%%   - 1'281 Booleans in [0,1]
%%   - 32 in [0][7][14][21][28][35][42][49][56][63][7 ... 325][332][339][346][353][360][367][374][381][388]
%%   - 4 in [0][7][14][21][28][35][42][49][56][119][1 ... 255][318][325][332][339][346][353][360][367][374]
%% #kBoolOr: 421 (#literals: 1'263)
%% #kLinear2: 1'263 (#enforced: 1'263)
%% #kLinear3: 18
%% [Symmetry] Graph for symmetry has 3'071 nodes and 5'158 arcs.
%% [Symmetry] Symmetry computation done. time: 0.000619044 dtime: 0.00080761
%% Preloading model.
%% #Bound   1.11s best:inf   next:[0,58723]  initial_domain
%% #Model   1.11s var:1317/1317 constraints:1702/1702
%% Starting search at 1.11s with 14 workers.
%% 10 full problem subsolvers: [core, default_lp, fixed, lb_tree_search, max_lp, no_lp, pseudo_costs, quick_restart, quick_restart_no_lp, reduced_costs]
%% 4 first solution subsolvers: [fj(2), fs_random, fs_random_no_lp]
%% 10 interleaved subsolvers: [feasibility_pump, graph_arc_lns, graph_cst_lns, graph_dec_lns, graph_var_lns, ls, ls_lin, rins/rens, rnd_cst_lns, rnd_var_lns]
%% 3 helper subsolvers: [neighborhood_helper, synchronization_agent, update_gap_integral]
%% #1       1.12s best:46730 next:[0,46729]  fj_restart(batch:1 lin{mvs:649 evals:1'660} #w_updates:8 #perturb:0)
%% #2       1.14s best:43436 next:[0,43435]  fixed
%% #3       1.14s best:26177 next:[0,26176]  default_lp
%% #4       1.15s best:5643  next:[0,5642]   core
%% #5       1.18s best:5642  next:[0,5641]   quick_restart_no_lp
%% #6       1.19s best:5233  next:[0,5232]   quick_restart_no_lp
%% #7       1.20s best:5232  next:[0,5231]   quick_restart_no_lp
%% #Bound   1.20s best:5232  next:[100,5231] bool_core (num_cores=1 [size:5 mw:100 d:3] a=420 d=3 fixed=0/1288 clauses=552)
%% #8       1.21s best:4910  next:[100,4909] quick_restart_no_lp
%% #Bound   1.23s best:4910  next:[200,4909] bool_core (num_cores=2 [size:8 mw:100 d:3] a=419 d=3 fixed=0/1298 clauses=613)
%% #9       1.25s best:4809  next:[200,4808] quick_restart_no_lp
%% #Bound   1.26s best:4809  next:[300,4808] bool_core (num_cores=3 [size:11 mw:100 d:4] a=416 d=4 fixed=0/1314 clauses=675)
%% #10      1.29s best:4711  next:[300,4710] ls_lin_restart_perturb(batch:1 lin{mvs:3'911 evals:1'465} #w_updates:3'839 #perturb:0)
%% #11      1.31s best:4710  next:[300,4709] ls_lin_restart(batch:1 lin{mvs:1'236 evals:618} #w_updates:1'213 #perturb:0)
%% #12      1.31s best:4708  next:[300,4707] quick_restart_no_lp
%% #Bound   1.31s best:4708  next:[400,4707] bool_core (num_cores=4 [size:19 mw:100 d:5] a=408 d=5 fixed=0/1341 clauses=808)
%% #13      1.36s best:4608  next:[400,4607] rnd_cst_lns (d=8.14e-01 s=33 t=0.10 p=1.00 stall=0 h=base)
%% #14      1.38s best:4511  next:[400,4510] graph_cst_lns (d=8.14e-01 s=36 t=0.10 p=1.00 stall=1 h=base)
%% #15      1.38s best:4410  next:[400,4409] quick_restart_no_lp
%% #Bound   1.45s best:4410  next:[500,4409] bool_core (num_cores=5 [size:5 mw:100 d:3] a=405 d=5 fixed=0/1362 clauses=803)
%% #Bound   1.47s best:4410  next:[600,4409] bool_core (num_cores=6 [size:5 mw:100 d:3] a=404 d=5 fixed=0/1369 clauses=838)
%% #Bound   1.48s best:4410  next:[700,4409] bool_core (num_cores=7 [size:5 mw:100 d:3] a=403 d=5 fixed=0/1376 clauses=869)
%% #Bound   1.50s best:4410  next:[800,4409] bool_core (num_cores=8 [size:5 mw:100 d:3] a=402 d=5 fixed=0/1383 clauses=899)
%% #Bound   1.51s best:4410  next:[900,4409] bool_core (num_cores=9 [size:5 mw:100 d:3] a=401 d=5 fixed=0/1390 clauses=929)
%% #16      1.57s best:4348  next:[900,4347] default_lp
%% #17      1.57s best:4315  next:[900,4314] rnd_cst_lns (d=8.76e-01 s=44 t=0.10 p=1.00 stall=0 h=base)
%% #Bound   1.58s best:4315  next:[1000,4314] bool_core (num_cores=10 [size:20 mw:100 d:5] a=393 d=5 fixed=0/1412 clauses=1'087)
%% #Bound   1.63s best:4315  next:[1100,4314] bool_core (num_cores=11 [size:11 mw:100 d:5] a=390 d=5 fixed=0/1440 clauses=1'246)
%% #Bound   1.70s best:4315  next:[1200,4314] bool_core (num_cores=12 [size:7 mw:100 d:6] a=389 d=6 fixed=0/1458 clauses=1'616)
%% #18      1.74s best:4216  next:[1200,4215] quick_restart
%% #19      1.74s best:4002  next:[1200,4001] graph_arc_lns (d=8.76e-01 s=45 t=0.10 p=1.00 stall=0 h=base)
%% #Bound   1.77s best:4002  next:[1300,4001] bool_core (num_cores=13 [size:20 mw:100 d:5] a=381 d=6 fixed=0/1491 clauses=1'804)
%% #20      1.80s best:4001  next:[1300,4000] ls_lin_restart_decay_compound(batch:1 lin{mvs:0 evals:8'750} gen{mvs:2'688 evals:0} comp{mvs:38 btracks:1'325} #w_updates:6 #perturb:0)
%% #Bound   1.86s best:4001  next:[1400,4000] bool_core (num_cores=14 [size:26 mw:100 d:5] a=371 d=6 fixed=0/1534 clauses=2'016)
%% #21      1.89s best:3933  next:[1400,3932] rnd_cst_lns (d=9.14e-01 s=53 t=0.10 p=1.00 stall=0 h=base)
%% #22      1.99s best:3905  next:[1400,3904] quick_restart_no_lp
%% #Bound   1.99s best:3905  next:[1500,3904] bool_core (num_cores=15 [size:13 mw:100 d:6] a=366 d=6 fixed=0/1570 clauses=2'535)
%% #23      2.23s best:3847  next:[1500,3846] quick_restart
%% #24      2.31s best:3844  next:[1500,3843] quick_restart_no_lp
%% #25      2.32s best:3834  next:[1500,3833] quick_restart
%% #26      2.36s best:3177  next:[1500,3176] quick_restart_no_lp
%% #27      2.39s best:3079  next:[1500,3078] ls_restart_compound(batch:1 lin{mvs:0 evals:6'159} gen{mvs:2'472 evals:0} comp{mvs:28 btracks:1'222} #w_updates:6 #perturb:0)
%% #Bound   2.93s best:3079  next:[1600,3078] bool_core (num_cores=16 [size:9 mw:100 d:7] a=363 d=7 fixed=0/1598 clauses=2'992)
%% #Bound   3.09s best:3079  next:[1700,3078] bool_core (num_cores=17 [size:9 mw:100 d:7] a=360 d=7 fixed=0/1634 clauses=3'773)
%% #Bound   3.26s best:3079  next:[1800,3078] bool_core (num_cores=18 [size:10 mw:100 d:7] a=357 d=7 fixed=0/1671 clauses=4'654)
%% #Bound   3.44s best:3079  next:[1900,3078] bool_core (num_cores=19 [size:20 mw:100 d:8] a=345 d=8 fixed=0/1718 clauses=5'525)
%% #Bound   3.82s best:3079  next:[2000,3078] bool_core (num_cores=20 [size:2 mw:100 d:8] a=344 d=8 fixed=0/1756 clauses=7'844)
%% #Bound   4.76s best:3079  next:[2100,3078] bool_core (num_cores=21 [size:2 mw:100 d:9] a=331 d=9 fixed=13/1802 clauses=13'648)
%% #Model   4.77s var:1304/1317 constraints:1689/1702
%% #Model   4.87s var:1303/1317 constraints:1688/1702
%% #Bound   4.99s best:3079  next:[2200,3078] bool_core (num_cores=22 [size:13 mw:100 d:9] a=314 d=9 fixed=24/1843 clauses=14'810)
%% #Model   5.01s var:1295/1317 constraints:1680/1702
%% #Model   5.22s var:1294/1317 constraints:1679/1702
%% #Model   5.85s var:1293/1317 constraints:1678/1702
%% #Bound   6.17s best:3079  next:[2300,3078] bool_core (num_cores=23 [size:1 mw:100] a=311 d=9 fixed=28/1881 clauses=14'895)
%% #Model   6.20s var:1291/1317 constraints:1676/1702
%% #Bound   8.38s best:3079  next:[2400,3078] bool_core (num_cores=24 [size:2 mw:100 d:10] a=304 d=10 fixed=39/1908 clauses=16'130)
%% #Model   8.39s var:1286/1317 constraints:1671/1702
%% #Model   9.82s var:1285/1317 constraints:1670/1702
%% #Bound   9.83s best:3079  next:[2500,3078] bool_core (num_cores=25 [size:1 mw:100] a=302 d=10 fixed=44/1964 clauses=18'203)
%% #Model   9.90s var:1283/1317 constraints:1668/1702
%% #Bound  12.46s best:3079  next:[2600,3078] bool_core (num_cores=26 [size:2 mw:100 d:11] a=297 d=11 fixed=55/2012 clauses=21'554)
%% #Model  12.50s var:1278/1317 constraints:1663/1702
%% #Model  13.40s var:1277/1317 constraints:1662/1702
%% #Bound  17.56s best:3079  next:[2700,3078] bool_core (num_cores=27 [size:7 mw:100 d:12] a=287 d=12 fixed=68/2052 clauses=24'540)
%% #Model  17.63s var:1273/1317 constraints:1658/1702
%% #Bound  19.22s best:3079  next:[2710,3078] bool_core (num_cores=28 [size:7 mw:10 d:3] a=280 d=12 fixed=70/2103 clauses=21'013)
%% #Bound  19.25s best:3079  next:[2720,3078] bool_core (num_cores=29 [size:6 mw:10 d:3] a=278 d=12 fixed=70/2113 clauses=21'060)
%% #Bound  19.30s best:3079  next:[2730,3078] bool_core (num_cores=30 [size:9 mw:10 d:4] a=271 d=12 fixed=70/2125 clauses=21'166)
%% #Bound  19.37s best:3079  next:[2740,3078] bool_core (num_cores=31 [size:12 mw:10 d:4] a=266 d=12 fixed=70/2143 clauses=21'300)
%% #Bound  19.39s best:3079  next:[2750,3078] bool_core (num_cores=32 [size:5 mw:10 d:5] a=264 d=12 fixed=70/2157 clauses=21'346)
%% #Bound  19.45s best:3079  next:[2760,3078] bool_core (num_cores=33 [size:14 mw:10 d:4] a=256 d=12 fixed=72/2177 clauses=21'456)
%% #Bound  19.47s best:3079  next:[2770,3078] bool_core (num_cores=34 [size:6 mw:10 d:4] a=252 d=12 fixed=72/2194 clauses=21'484)
%% #Bound  19.52s best:3079  next:[2780,3078] bool_core (num_cores=35 [size:13 mw:10 d:4] a=246 d=12 fixed=85/2210 clauses=21'553)
%% #Bound  19.53s best:3079  next:[2790,3078] bool_core (num_cores=36 [size:2 mw:10 d:6] a=245 d=12 fixed=85/2222 clauses=21'583)
%% #Model  19.53s var:1272/1317 constraints:1657/1702
%% #Bound  19.65s best:3079  next:[2800,3078] bool_core (num_cores=37 [size:17 mw:10 d:5] a=237 d=12 fixed=85/2243 clauses=21'812)
%% #Bound  21.26s best:3079  next:[2810,3078] bool_core (num_cores=38 [size:6 mw:10 d:13] a=235 d=13 fixed=86/2263 clauses=27'932)
%% #Bound  23.72s best:3079  next:[2820,3078] bool_core (num_cores=39 [size:3 mw:10 d:13] a=235 d=13 fixed=86/2309 clauses=28'324)
%% #Bound  24.18s best:3079  next:[2830,3078] bool_core (num_cores=40 [size:3 mw:10 d:13] a=234 d=13 fixed=94/2316 clauses=29'494)
%% #Model  24.24s var:1271/1317 constraints:1656/1702
%% #Bound  24.84s best:3079  next:[2840,3078] bool_core (num_cores=41 [size:3 mw:10 d:13] a=233 d=13 fixed=95/2324 clauses=31'374)
%% #Bound  24.99s best:3079  next:[2850,3078] bool_core (num_cores=42 [size:19 mw:10 d:6] a=232 d=13 fixed=95/2349 clauses=31'679)
%% #Bound  25.91s best:3079  next:[2860,3078] bool_core (num_cores=43 [size:2 mw:10 d:14] a=231 d=14 fixed=96/2375 clauses=27'082)
%% #Model  26.31s var:1270/1317 constraints:1655/1702
%% #Bound  26.90s best:3079  next:[2870,3078] bool_core (num_cores=44 [size:2 mw:10 d:13] a=231 d=14 fixed=96/2420 clauses=30'161)
%% #Model  27.26s var:1269/1317 constraints:1654/1702
%% #Bound  27.47s best:3079  next:[2880,3078] bool_core (num_cores=45 [size:3 mw:10 d:14] a=228 d=14 fixed=98/2440 clauses=32'068)
%% #Model  29.19s var:1268/1317 constraints:1653/1702
%% #Model  29.29s var:1263/1317 constraints:1648/1702
%% #Model  29.90s var:1262/1317 constraints:1647/1702
%% #Bound  30.50s best:3079  next:[2890,3078] bool_core (num_cores=46 [size:4 mw:10 d:13] a=227 d=14 fixed=99/2454 clauses=33'812)
%% #Bound  32.85s best:3079  next:[2900,3078] bool_core (num_cores=47 [size:6 mw:10 d:15] a=218 d=15 fixed=107/2461 clauses=29'315)
%% #Bound  34.03s best:3079  next:[2910,3078] bool_core (num_cores=48 [size:8 mw:10 d:13] a=217 d=15 fixed=107/2507 clauses=33'328)
%% #Bound  34.18s best:3079  next:[2920,3078] bool_core (num_cores=49 [size:15 mw:10 d:6] a=213 d=15 fixed=108/2527 clauses=33'316)
%% #Bound  35.26s best:3079  next:[2930,3078] bool_core (num_cores=50 [size:10 mw:10 d:14] a=211 d=15 fixed=129/2557 clauses=36'374)
%% #Model  35.35s var:1261/1317 constraints:1646/1702
%% #Model  36.60s var:1260/1317 constraints:1645/1702
%% #Model  36.88s var:1256/1317 constraints:1641/1702
%% #Bound  37.16s best:3079  next:[2940,3078] bool_core (num_cores=51 [size:4 mw:10 d:14] a=209 d=15 fixed=130/2573 clauses=34'795)
%% #Bound  39.17s best:3079  next:[2950,3078] bool_core (num_cores=52 [size:2 mw:10 d:13] a=205 d=15 fixed=152/2590 clauses=33'778)
%% #Bound  39.99s best:3079  next:[2960,3078] bool_core (num_cores=53 [size:2 mw:10 d:15] a=204 d=15 fixed=152/2605 clauses=36'350)
%% #Model  40.61s var:1255/1317 constraints:1640/1702
%% #Bound  41.38s best:3079  next:[2970,3078] bool_core (num_cores=54 [size:1 mw:10] a=204 d=15 fixed=153/2624 clauses=41'460)
%% #Bound  42.83s best:3079  next:[2980,3078] bool_core (num_cores=55 [size:4 mw:10 d:13] a=188 d=15 fixed=169/2638 clauses=42'451)
%% #Model  42.84s var:1240/1317 constraints:1625/1702
%% #Bound  43.37s best:3079  next:[2990,3078] bool_core (num_cores=56 [size:4 mw:10 d:13] a=182 d=15 fixed=177/2643 clauses=43'651)
%% #Model  43.43s var:1236/1317 constraints:1621/1702
%% #Model  43.53s var:1230/1317 constraints:1615/1702
%% #Model  43.66s var:1229/1317 constraints:1614/1702
%% #Bound  43.77s best:3079  next:[3000,3078] bool_core (num_cores=57 [size:2 mw:10 d:16] a=173 d=16 fixed=226/2646 clauses=44'553)
%% #Model  43.78s var:1217/1317 constraints:1602/1702
%% #Model  44.07s var:1216/1317 constraints:1601/1702
%% #Bound  44.23s best:3079  next:[3010,3078] bool_core (num_cores=58 [size:4 mw:10 d:14] a=160 d=16 fixed=251/2704 clauses=38'994)
%% #Model  44.25s var:1210/1317 constraints:1595/1702
%% #Model  44.32s var:1209/1317 constraints:1594/1702
%% #Bound  44.36s best:3079  next:[3021,3078] bool_core (num_cores=59 [size:2 mw:10 d:17] a=148 d=17 fixed=306/2716 clauses=39'218)
%% #Model  44.42s var:1197/1317 constraints:1582/1702
%% #Bound  44.45s best:3079  next:[3031,3078] bool_core (num_cores=60 [size:2 mw:10 d:18] a=144 d=18 fixed=346/2770 clauses=39'653)
%% #Model  44.46s var:1195/1317 constraints:1580/1702
%% #Bound  44.54s best:3079  next:[3041,3078] bool_core (num_cores=60 [cover] a=144 d=18 fixed=350/2834 clauses=40'210)
%% #Model  44.55s var:1190/1317 constraints:1575/1702
%% #Model  44.63s var:1188/1317 constraints:1573/1702
%% #Model  45.42s var:1143/1317 constraints:1524/1702
%% #Model  45.49s var:1142/1317 constraints:1523/1702
%% #Model  45.50s var:1140/1317 constraints:1521/1702
%% #Model  45.59s var:1138/1317 constraints:1519/1702
%% #Model  45.67s var:1136/1317 constraints:1517/1702
%% #Model  45.68s var:1135/1317 constraints:1516/1702
%% #Model  45.74s var:1132/1317 constraints:1513/1702
%% #Model  45.79s var:1125/1317 constraints:1506/1702
%% #Model  45.87s var:1122/1317 constraints:1503/1702
%% #Model  45.91s var:1119/1317 constraints:1500/1702
%% #Model  46.00s var:1075/1317 constraints:1455/1702
%% #Model  46.02s var:1074/1317 constraints:1454/1702
%% #Bound  46.08s best:3079  next:[3055,3078] bool_core (num_cores=61 [size:1 mw:1] a=104 d=18 fixed=546/2889 clauses=28'207)
%% #Bound  46.09s best:3079  next:[3056,3078] bool_core (num_cores=62 [size:2 mw:1 d:1] a=103 d=18 fixed=551/2889 clauses=28'228)
%% #Bound  46.09s best:3079  next:[3058,3078] bool_core (num_cores=63 [size:1 mw:1] a=100 d=18 fixed=576/2890 clauses=28'229)
%% #Model  46.10s var:1053/1317 constraints:1430/1702
%% #Bound  46.10s best:3079  next:[3059,3078] bool_core (num_cores=64 [size:1 mw:1] a=98 d=18 fixed=581/2890 clauses=28'229)
%% #Model  46.10s var:1050/1317 constraints:1427/1702
%% #Bound  46.10s best:3079  next:[3060,3078] bool_core (num_cores=65 [size:1 mw:1] a=97 d=18 fixed=582/2890 clauses=28'231)
%% #Model  46.11s var:1047/1317 constraints:1424/1702
%% #Model  46.15s var:943/1317 constraints:1307/1702
%% #Done   46.16s quick_restart_no_lp
%% #Done   46.16s quick_restart
%% #Done   46.16s no_lp
%% #Done   46.16s core
%% #Bound  46.16s best:3079  next:[3070,3078] bool_core (num_cores=72 [size:1 mw:1] a=55 d=18 fixed=1391/2896 clauses=28'261) [skipped_logs=6]
%% Task timing                      n [     min,      max]      avg      dev     time         n [     min,      max]      avg      dev    dtime
%%                  'core':         1 [  45.08s,   45.08s]   45.08s   0.00ns   45.08s         2 [  2.34ms,   32.56s]   16.28s   16.28s   32.56s
%%            'default_lp':         1 [  45.06s,   45.06s]   45.06s   0.00ns   45.06s         2 [  2.34ms,   18.46s]    9.23s    9.23s   18.46s
%%      'feasibility_pump':       194 [ 10.18ms,  13.90ms]  12.75ms 358.44us    2.47s       193 [629.46us, 646.71us] 629.55us   1.24us 121.50ms
%%                 'fixed':         1 [  45.06s,   45.06s]   45.06s   0.00ns   45.06s         2 [  2.34ms,   14.94s]    7.47s    7.47s   14.94s
%%                    'fj':         0 [  0.00ns,   0.00ns]   0.00ns   0.00ns   0.00ns         0 [  0.00ns,   0.00ns]   0.00ns   0.00ns   0.00ns
%%                    'fj':         1 [  7.32ms,   7.32ms]   7.32ms   0.00ns   7.32ms         1 [  1.60ms,   1.60ms]   1.60ms   0.00ns   1.60ms
%%             'fs_random':         1 [  8.78ms,   8.78ms]   8.78ms   0.00ns   8.78ms         0 [  0.00ns,   0.00ns]   0.00ns   0.00ns   0.00ns
%%       'fs_random_no_lp':         1 [  8.60ms,   8.60ms]   8.60ms   0.00ns   8.60ms         0 [  0.00ns,   0.00ns]   0.00ns   0.00ns   0.00ns
%%         'graph_arc_lns':        24 [ 18.65ms,    1.73s] 812.58ms 560.35ms   19.50s        23 [284.00ns, 100.07ms]  48.53ms  41.86ms    1.12s
%%         'graph_cst_lns':        26 [ 19.64ms,    1.92s] 786.87ms 591.55ms   20.46s        26 [251.00ns, 100.08ms]  44.68ms  43.38ms    1.16s
%%         'graph_dec_lns':        23 [ 15.69ms,    2.12s] 892.90ms 608.45ms   20.54s        23 [ 10.00ns, 100.07ms]  43.13ms  42.59ms 992.06ms
%%         'graph_var_lns':        24 [387.01us,    1.96s] 823.04ms 662.03ms   19.75s        20 [ 78.00ns, 100.16ms]  49.99ms  43.86ms    1.00s
%%        'lb_tree_search':         1 [  45.05s,   45.05s]   45.05s   0.00ns   45.05s         2 [  6.34ms,   17.31s]    8.66s    8.65s   17.32s
%%                    'ls':       171 [ 21.42ms, 142.01ms] 110.08ms  23.43ms   18.82s       171 [ 15.11ms, 100.06ms]  99.27ms   7.21ms   16.97s
%%                'ls_lin':       171 [ 10.97ms, 141.27ms] 110.31ms  25.35ms   18.86s       171 [ 12.75ms, 100.06ms]  98.30ms  11.24ms   16.81s
%%                'max_lp':         1 [  45.06s,   45.06s]   45.06s   0.00ns   45.06s         2 [  6.29ms,   21.90s]   10.95s   10.94s   21.90s
%%                 'no_lp':         1 [  45.06s,   45.06s]   45.06s   0.00ns   45.06s         2 [  2.34ms,   18.14s]    9.07s    9.07s   18.14s
%%          'pseudo_costs':         1 [  45.05s,   45.05s]   45.05s   0.00ns   45.05s         2 [  2.62ms,   21.48s]   10.74s   10.74s   21.49s
%%         'quick_restart':         1 [  45.05s,   45.05s]   45.05s   0.00ns   45.05s         2 [  2.34ms,   20.68s]   10.34s   10.34s   20.68s
%%   'quick_restart_no_lp':         1 [  45.05s,   45.05s]   45.05s   0.00ns   45.05s         2 [  2.34ms,   21.11s]   10.56s   10.56s   21.12s
%%         'reduced_costs':         1 [  45.05s,   45.05s]   45.05s   0.00ns   45.05s         2 [  2.62ms,   24.29s]   12.15s   12.14s   24.29s
%%             'rins/rens':        26 [ 95.95us,    2.61s] 798.42ms 964.41ms   20.76s        21 [ 10.00ns, 100.09ms]  51.15ms  43.88ms    1.07s
%%           'rnd_cst_lns':        26 [ 17.77ms,    1.93s] 754.60ms 572.10ms   19.62s        26 [146.00ns, 100.03ms]  39.10ms  39.92ms    1.02s
%%           'rnd_var_lns':        22 [  3.59ms,    2.41s] 880.13ms 750.62ms   19.36s        20 [ 10.00ns, 100.12ms]  40.31ms  43.18ms 806.13ms
%% 
%% Search stats              Bools  Conflicts  Branches  Restarts  BacktrackToRoot  Backtrack  BoolPropag  IntegerPropag
%%                  'core':  2'896    144'994   498'188       766           43'928    213'757  64'051'196     10'568'327
%%            'default_lp':  1'305    194'457   441'816       896           32'321    234'235  35'862'556     19'549'896
%%                 'fixed':  2'002    166'525   184'050         0            5'691    172'365  60'523'600     27'767'325
%%             'fs_random':  1'281          0        50         0               50         50           0             50
%%       'fs_random_no_lp':  1'281          0         0         0                0          0           0              0
%%        'lb_tree_search':  1'281      3'307   104'147         0           46'317     65'513   2'454'667      3'392'762
%%                'max_lp':  1'281      3'611   318'092        35          152'986    193'957  12'496'581     15'407'215
%%                 'no_lp':  1'303    204'091   453'981       880           32'153    243'753  36'205'763     19'967'062
%%          'pseudo_costs':  1'294      4'924   319'605        38          155'301    197'200  12'486'657     15'228'787
%%         'quick_restart':  2'333    111'917   678'482     9'709           71'895    203'400  57'219'986     18'642'823
%%   'quick_restart_no_lp':  2'379    112'255   666'942     9'680           67'650    199'155  59'959'128     18'707'370
%%         'reduced_costs':  1'281      4'073    68'298         5           17'616     23'943   1'210'491      1'487'623
%% 
%% SAT formula               Fixed  Equiv  Total  VarLeft  BinaryClauses  PermanentClauses  TemporaryClauses
%%                  'core':  1'391    318  2'896    1'187          9'804             6'095             3'396
%%            'default_lp':    344    124  1'305      837         24'134             9'752            15'463
%%                 'fixed':      0      0  2'002    2'002          5'968             2'487            14'043
%%             'fs_random':      0      0  1'281    1'281              0               421                 0
%%       'fs_random_no_lp':      0      0  1'281    1'281              0               421                 0
%%        'lb_tree_search':     47     65  1'281    1'169          4'554             1'613             2'096
%%                'max_lp':    102    169  1'281    1'010          4'956             1'689             1'221
%%                 'no_lp':  1'167    101  1'303       35         22'582             7'452             3'866
%%          'pseudo_costs':    156    221  1'294      917          7'246               986               975
%%         'quick_restart':  2'128    360  2'333    -'155         27'306             5'132             5'927
%%   'quick_restart_no_lp':  2'316    364  2'379    -'301         31'614             5'970             7'950
%%         'reduced_costs':     24      8  1'281    1'249          3'386               557             3'680
%% 
%% SAT stats                 ClassicMinim  LitRemoved  LitRemovedBinary  LitLearned  LitForgotten  Subsumed
%%                  'core':       128'620   2'691'969           322'970   3'586'252     1'309'069    25'180
%%            'default_lp':       162'220   1'831'875           289'305   7'920'323     5'884'125    18'711
%%                 'fixed':       132'043   1'666'645           753'930   6'776'340     6'069'450     9'313
%%             'fs_random':             0           0                 0           0             0         0
%%       'fs_random_no_lp':             0           0                 0           0             0         0
%%        'lb_tree_search':         2'462     113'474            47'511     151'102             0       288
%%                'max_lp':         2'764     102'181            35'735     145'934             0       694
%%                 'no_lp':       169'863   2'029'659           305'831   8'421'120     6'320'827    17'977
%%          'pseudo_costs':         3'672     122'558            42'377     187'355             0       813
%%         'quick_restart':        89'678   1'382'535           360'124   4'837'815     3'362'225     8'246
%%   'quick_restart_no_lp':        89'633   1'321'455           355'477   4'821'485     3'334'362     8'379
%%         'reduced_costs':         1'592       2'765             1'015     129'687             0       240
%% 
%% Vivification              Clauses  Decisions  LitTrue  Subsumed  LitRemoved  DecisionReused  Conflicts
%%                  'core':   28'199    238'212        4     7'471     149'676          14'939      3'127
%%            'default_lp':   23'814    152'624        3     6'375     124'900          16'696      2'772
%%                 'fixed':      843      1'686        0         0           0               0          0
%%             'fs_random':        0          0        0         0           0               0          0
%%       'fs_random_no_lp':        0          0        0         0           0               0          0
%%        'lb_tree_search':   24'947     54'736        3       538       2'313           1'249          5
%%                'max_lp':  102'432    225'141       20     1'301       6'354           4'694         54
%%                 'no_lp':   23'332    156'731       32     6'156     135'376          15'376      3'012
%%          'pseudo_costs':   98'313    218'735       12     1'540       7'461           5'089         83
%%         'quick_restart':   49'430    205'700       54     4'843      57'717          21'378      1'254
%%   'quick_restart_no_lp':   47'529    205'952      251     5'372      69'150          24'952      1'356
%%         'reduced_costs':    4'602      9'578        0        41         205              52          3
%% 
%% Clause deletion           at_true  l_and_not(l)  to_binary  sub_conflict  sub_extra  sub_decisions  sub_eager  sub_vivify  sub_probing  sub_inpro  blocked  eliminated  forgotten  promoted  conflicts
%%                  'core':   38'643         3'733      1'928        24'484        596            406        696       7'471        6'211     11'532        0           0     43'758   236'794    144'994
%%            'default_lp':   14'914           738        147        17'557        658            597      1'154       6'375        4'291      4'040        0           0    121'567   360'770    194'457
%%                 'fixed':        0             0          0         8'221        179             11      1'092           0            0          0        0           0    140'912   929'188    166'525
%%             'fs_random':        0             0          0             0          0              0          0           0            0          0        0           0          0         0          0
%%       'fs_random_no_lp':        0             0          0             0          0              0          0           0            0          0        0           0          0         0          0
%%        'lb_tree_search':      454           123         38           275          0              4         13         538          485        126        0           0          0     4'948      3'307
%%                'max_lp':      801           395         98           682          3             14         12       1'301        1'049        416        0           0          0     5'520      3'611
%%                 'no_lp':   30'345           918        405        16'867        544            621      1'110       6'156        5'023      3'747        0           0    130'083   374'857    204'091
%%          'pseudo_costs':    1'534           792        131           784          8             19         29       1'540        1'414        689        0           0          0     7'762      4'924
%%         'quick_restart':   20'435           885        463         7'610        214            267        636       4'843        2'320      1'452        0           0     64'586   217'291    111'917
%%   'quick_restart_no_lp':   18'884           659        322         7'777        246            285        602       5'372        1'986      1'609        0           0     63'611   216'906    112'255
%%         'reduced_costs':        0             8         16           164         34              1         76          41           20         57        0           0          0    12'442      4'073
%% 
%% Lp stats             Component  Iterations  AddedCuts  OPTIMAL  DUAL_F.  DUAL_U.
%%   'lb_tree_search':          1     610'730     23'958   20'494    5'728        0
%%           'max_lp':          1     404'334     24'567    5'556    1'443        0
%%     'pseudo_costs':          1     408'131     27'069    6'127    2'716        0
%%    'reduced_costs':          1     376'363      7'374    3'274    2'499        0
%% 
%% Lp dimension            Final dimension of first component
%%   'lb_tree_search':  1064 rows, 1317 columns, 3118 entries
%%           'max_lp':  1003 rows, 1317 columns, 2975 entries
%%     'pseudo_costs':  1537 rows, 1317 columns, 4526 entries
%%    'reduced_costs':  2476 rows, 1317 columns, 7374 entries
%% 
%% Lp debug             CutPropag  CutEqPropag  Adjust  Overflow     Bad  BadScaling
%%   'lb_tree_search':          0            0  25'987         0  28'700           0
%%           'max_lp':          0            1   6'913         0  86'089           0
%%     'pseudo_costs':          0            0   8'621         0  81'792           0
%%    'reduced_costs':          0            0   3'982         0  15'387           0
%% 
%% Lp pool              Constraints  Updates  Simplif  Merged  Shortened  Split  Strengthened      Cuts/Call
%%   'lb_tree_search':       12'079       51    1'703       2        536     28         4'070  23'958/55'183
%%           'max_lp':       11'684       74    5'585       6      2'109     49         3'768  24'567/55'122
%%     'pseudo_costs':       11'185       36    7'650       7      2'387     59         5'383  27'069/56'506
%%    'reduced_costs':        9'497        0      201       0        201      0           418   7'374/17'518
%% 
%% Lp Cut            max_lp  reduced_costs  pseudo_costs  lb_tree_search
%%           CG_FF:     163              9           214             164
%%            CG_K:     112             14           180             120
%%           CG_KL:      21              1            35              26
%%            CG_R:      88              3           109              59
%%           CG_RB:     200             16           213             208
%%          CG_RBP:      76              4           102              73
%%          Clique:     393             39           451             307
%%              IB:   3'163          1'832         3'641           3'335
%%        MIR_1_FF:   1'070            239         1'069           1'107
%%         MIR_1_K:   1'569            399         2'216           1'128
%%        MIR_1_KL:     765            175           754             555
%%         MIR_1_R:      10              2            23              10
%%        MIR_1_RB:   3'260            635         3'823           2'426
%%       MIR_1_RBP:     154             38           286             196
%%       MIR_1_RLT:     502              4           253             576
%%        MIR_2_FF:     673            214           447             830
%%         MIR_2_K:     513            335           769             702
%%        MIR_2_KL:     354            148           351             339
%%         MIR_2_R:      73             34            81             115
%%        MIR_2_RB:   1'021            519         1'347           1'457
%%       MIR_2_RBP:      84             49           161             172
%%        MIR_3_FF:     163            111           213             270
%%         MIR_3_K:     218            202           330             368
%%        MIR_3_KL:     171            142           214             216
%%         MIR_3_R:      38             24            53              82
%%        MIR_3_RB:     420            261           501             579
%%       MIR_3_RBP:      66             49           107             124
%%        MIR_4_FF:      94             45           123              91
%%         MIR_4_K:     135            112           180             127
%%        MIR_4_KL:      85             42            99              86
%%         MIR_4_R:      23              5            30              29
%%        MIR_4_RB:     262             94           329             226
%%       MIR_4_RBP:      71             31            92              50
%%        MIR_5_FF:      79             30            66              47
%%         MIR_5_K:     101             65            98              91
%%        MIR_5_KL:      65             25            52              59
%%         MIR_5_R:      19              8            25              18
%%        MIR_5_RB:     212             60           205             148
%%       MIR_5_RBP:      51             15            52              36
%%        MIR_6_FF:      49             10            30              27
%%         MIR_6_K:      70             37            51              48
%%        MIR_6_KL:      50             20            27              22
%%         MIR_6_R:      22              3            11              15
%%        MIR_6_RB:     166             46           135             109
%%       MIR_6_RBP:      40             14            43              33
%%    ZERO_HALF_FF:     765            114           882           1'108
%%     ZERO_HALF_K:     334             37           705             435
%%    ZERO_HALF_KL:     121             22           191             181
%%     ZERO_HALF_R:   4'017            604         3'235           2'695
%%    ZERO_HALF_RB:   2'097            351         1'974           2'155
%%   ZERO_HALF_RBP:     299             86           491             578
%% 
%% LNS stats           Improv/Calls  Closed  Difficulty  TimeLimit
%%   'graph_arc_lns':          6/23     65%    9.70e-01       0.10
%%   'graph_cst_lns':          8/26     73%    9.89e-01       0.10
%%   'graph_dec_lns':          3/23     74%    9.87e-01       0.10
%%   'graph_var_lns':          3/20     65%    9.45e-01       0.10
%%       'rins/rens':          2/23     65%    9.69e-01       0.10
%%     'rnd_cst_lns':          7/26     77%    9.93e-01       0.10
%%     'rnd_var_lns':          5/21     76%    9.89e-01       0.10
%% 
%% LS stats                                    Batches  Restarts/Perturbs  LinMoves  GenMoves  CompoundMoves  Bactracks  WeightUpdates  ScoreComputed
%%                              'fj_restart':        1                  1       649         0              0          0              8          2'328
%%                          'ls_lin_restart':        9                  6    96'343         0              0          0         71'467        634'782
%%                 'ls_lin_restart_compound':       32                 10         0   474'623          9'924    232'146            648      3'476'223
%%         'ls_lin_restart_compound_perturb':       30                 11         0   468'713          6'169    231'120            707      3'176'149
%%                    'ls_lin_restart_decay':       20                 12   257'328         0              0          0          8'761      1'427'105
%%           'ls_lin_restart_decay_compound':       17                 10         0   243'231          6'835    118'116            361      1'729'657
%%   'ls_lin_restart_decay_compound_perturb':       18                  9         0   274'017         10'648    131'610            377      1'935'886
%%            'ls_lin_restart_decay_perturb':       12                  8   155'334         0              0          0          5'344        855'501
%%                  'ls_lin_restart_perturb':       33                 19   353'391         0              0          0        298'281      2'482'461
%%                              'ls_restart':       16                  7   172'349         0              0          0        181'935      1'359'435
%%                     'ls_restart_compound':       16                 12         0   245'938          2'612    121'590            421      1'582'137
%%             'ls_restart_compound_perturb':       35                 12         0   566'267          6'634    279'673            904      3'732'404
%%                        'ls_restart_decay':       27                 16   350'817         0              0          0         11'415      1'901'926
%%               'ls_restart_decay_compound':       15                  4         0   200'082         11'900     94'002            153      1'647'302
%%       'ls_restart_decay_compound_perturb':       18                 12         0   288'592          4'957    141'746            493      1'913'855
%%                'ls_restart_decay_perturb':       21                 11   272'985         0              0          0          9'002      1'482'910
%%                      'ls_restart_perturb':       23                 11   263'009         0              0          0        244'834      1'703'187
%% 
%% Solutions (27)                      Num     Rank
%%                            'core':    2    [3,4]
%%                      'default_lp':    4   [2,16]
%%                           'fixed':    2    [1,2]
%%                      'fj_restart':    2    [0,1]
%%                   'graph_arc_lns':    2  [18,19]
%%                   'graph_cst_lns':    2  [13,14]
%%                  'ls_lin_restart':    2  [10,11]
%%   'ls_lin_restart_decay_compound':    2  [19,20]
%%          'ls_lin_restart_perturb':    2   [9,10]
%%             'ls_restart_compound':    2  [26,27]
%%                   'quick_restart':    6  [17,25]
%%             'quick_restart_no_lp':   20   [4,26]
%%                     'rnd_cst_lns':    6  [12,21]
%% 
%% Objective bounds     Num
%%        'bool_core':   73
%%   'initial_domain':    1
%% 
%% Solution repositories    Added  Queried  Synchro
%%     'alternative_path':     27      110       27
%%       'best_solutions':    159      251      109
%%    'fj solution hints':      0        0        0
%%         'lp solutions':    534       11      337
%%                 'pump':  4'053       15
%% 
%% Improving bounds shared    Num  Sym
%%                   'core':  106    0
%%             'default_lp':  139    0
%%                 'max_lp':   14    0
%%                  'no_lp':   97    0
%%           'pseudo_costs':   37    0
%%          'quick_restart':  732    0
%%    'quick_restart_no_lp':  192    0
%% 
%% Clauses shared            #Exported  #Imported  #BinaryRead  #BinaryTotal
%%                  'core':      2'829      4'334       17'796        17'804
%%            'default_lp':      3'013      3'498       17'690        17'804
%%                 'fixed':         21          0           15        17'804
%%             'fs_random':          0          0            0        17'804
%%       'fs_random_no_lp':          0          0            0        17'804
%%        'lb_tree_search':        904      2'396        3'393        17'804
%%                'max_lp':      4'166      4'253        7'429        17'804
%%                 'no_lp':      2'362      3'684       17'804        17'804
%%          'pseudo_costs':     10'460      4'280       11'576        17'804
%%         'quick_restart':      2'971      3'622       17'804        17'804
%%   'quick_restart_no_lp':      3'289      3'845       17'804        17'804
%%         'reduced_costs':         55        230          472        17'804
%% 
%% LRAT_status: NA
%% CpSolverResponse summary:
%% status: OPTIMAL
%% objective: 3079
%% best_bound: 3079
%% integers: 499
%% booleans: 1281
%% conflicts: 0
%% branches: 0
%% propagations: 0
%% integer_propagations: 0
%% restarts: 0
%% lp_iterations: 0
%% walltime: 46.2047
%% usertime: 46.2047
%% deterministic_time: 251.988
%% gap_integral: 276.688
%% solution_fingerprint: 0xb4cbceeacd821917
%% 
f = [554, 792, 470, 708, 128, 366, 58, 296, 792, 554, 16, 254, 44, 282, 380, 142, 722, 484, 16, 254, 442, 680, 540, 778, 30, 268, 114, 352, 156, 394, 86, 324, 16, 254, 792, 554];
objective = 3079;
----------
==========
   Done (overall time 46.81 s).
