# WCTIME: wall clock time in seconds
WCTIME=1801.68
# CPUTIME: CPU time in seconds (USERTIME+SYSTEMTIME)
CPUTIME=1793.74
# USERTIME: CPU time spent in user mode in seconds
USERTIME=1573.2
# SYSTEMTIME: CPU time spent in system mode in seconds
SYSTEMTIME=220.531
# CPUUSAGE: CPUTIME/WCTIME in percent
CPUUSAGE=99.5589
# MAXVM: maximum virtual memory used in KiB
MAXVM=51144056
# MAXMM: maximum memory used in KiB
MAXMM=50552552
# MAXRSS: maximum Resident Segment Size in KiB
MAXRSS=50549484
# TIMEOUT: did the solver exceed the time limit?
TIMEOUT=true
# MEMOUT: did the solver exceed the memory limit?
MEMOUT=false
# EXITSTATUS: Exit status of the solver
EXITSTATUS=36608
