c cmd: /host-parser-bin/kat_xcsp_4415b637_dirty_incsoftfix /bench/competition/2022-2025/COP22to25/Wordpress-04-07-500_c24.xml.lzma --encoder portfolio --portfolio-strategy v3 --cop-pipeline guarded-basic --cop-objective-cut direct-expr --cop-objective-cut-timing incremental-soft --cop-objective-cut-backend cnf --table-encoding mdd-tl --cumulative-mode exact --cumulative-decomposition time-rd --progress --log-scop-linear-pb-backend auto --log-scop-bdd-decomposition auto --log-scop-aggregate-weighted-lits --order-ge-shorten-link-cost --direct-eq-ne-max-arity 2 --eq-ne-encoding direct --portfolio-log-scop-eq-ne-encoding ge-rewrite --cop-objective-phase auto --cop-objective-search binary --cop-objective-search-fallback-budget 180
c version: kat-cli=0.1.0 git=unknown-clean
c run_start_local: 2026-06-17 08:39:36 +0900
c 00h00m00s | solve:start
c 00h00m00s | stage:objective-cut timing=incremental-soft backend=cnf form=direct-expr
c 00h00m00s | input: constraints=141
c 00h00m00s | stage:propagate:start
c 00h00m00s | stage:propagate:done ms=1 pruned=7109060 changed_domains=37 entailed_tables=0
c 00h00m00s | memory:rss checkpoint=after_propagate bytes=6348800 rss=6.05MiB
c 00h00m00s | stage:normalize:start
c 00h00m00s | stage:normalize:done ms=0 high_constraints=141
c 00h00m00s | stage:lower:start
c 00h00m00s | stage:lower:progress percent=10 processed=15 total=141 lowered=15 unsupported=0 ms=0
c 00h00m00s | stage:lower:progress percent=20 processed=29 total=141 lowered=29 unsupported=0 ms=0
c 00h00m00s | stage:lower:progress percent=30 processed=43 total=141 lowered=43 unsupported=0 ms=12
c 00h00m00s | stage:lower:progress percent=40 processed=57 total=141 lowered=57 unsupported=0 ms=12
c 00h00m00s | stage:lower:progress percent=50 processed=71 total=141 lowered=71 unsupported=0 ms=12
c 00h00m00s | stage:lower:progress percent=60 processed=85 total=141 lowered=85 unsupported=0 ms=12
c 00h00m00s | stage:lower:progress percent=70 processed=99 total=141 lowered=99 unsupported=0 ms=12
c 00h00m00s | stage:lower:progress percent=80 processed=113 total=141 lowered=113 unsupported=0 ms=13
c 00h00m00s | stage:lower:progress percent=90 processed=127 total=141 lowered=127 unsupported=0 ms=27
c 00h00m00s | stage:lower:progress percent=100 processed=141 total=141 lowered=141 unsupported=0 ms=47
c 00h00m00s | stage:lower:done ms=47 lowered=141 unsupported=0
c 00h00m00s | memory:rss checkpoint=after_lower bytes=6348800 rss=6.05MiB
c 00h00m00s | stage:post_lower:start
c 00h00m00s | stage:post_lower:done ms=2 rounds=0 tightened=0 removed_cls=0 removed_lits=14 unsat=false precise_hits=83 precise_rounds=1 pivot_recomputes=0 pivot_exact_attempts=0 pivot_general_attempts=0 pivot_general_rest_missing=0 pivot_general_bound_missing=0 pivot_general_no_change=0 pivot_general_tightened=0 setup_ms=0 loop_ms=1 pivot_ms=0 pivot_version_ms=0 pivot_exact_ms=0 pivot_general_ms=0 pivot_general_prepare_ms=0 pivot_general_rest_ms=0 pivot_general_derive_ms=0 apply_ms=0 sat_ms=0 precise_ms=0
c 00h00m00s | memory:rss checkpoint=after_post_lower bytes=7155712 rss=6.82MiB
c 00h00m00s | stage:lowered-shape int_vars=90 bool_vars=9 linear_atoms=7121 table_atoms=0 table_tuples=0 table_scope=0 alldiff_atoms=0 circuit_atoms=0 product_atoms=0 logical_clauses=14164
c 00h00m00s | stage:root-lp:skip reason=disabled ms=0
c 00h00m00s | memory:rss checkpoint=before_preencode bytes=7426048 rss=7.08MiB
c 00h00m00s | stage:preencode(log-scop):start
c 00h00m00s | stage:preencode(log-scop):done ms=0 int_vars=90
c 00h00m00s | memory:rss checkpoint=after_preencode bytes=7696384 rss=7.34MiB
c 00h00m00s | memory:rss checkpoint=before_encode bytes=7966720 rss=7.60MiB
c 00h00m00s | stage:encode(log-scop):start
c 00h00m00s | memory:rss checkpoint=encode_clause_sample stage=log-scop clauses=247318 bytes=53313536 rss=50.84MiB progress_percent=10 processed=1418 total=14171
c 00h00m00s | stage:encode(log-scop):progress percent=10 processed=1418 total=14171 sat_clauses=247318 ms=99
c 00h00m00s | memory:rss checkpoint=encode_clause_sample stage=log-scop clauses=340134 bytes=89075712 rss=84.95MiB progress_percent=20 processed=2835 total=14171
c 00h00m00s | stage:encode(log-scop):progress percent=20 processed=2835 total=14171 sat_clauses=340134 ms=165
c 00h00m00s | memory:rss checkpoint=encode_clause_sample stage=log-scop clauses=418697 bytes=95834112 rss=91.39MiB progress_percent=30 processed=4252 total=14171
c 00h00m00s | stage:encode(log-scop):progress percent=30 processed=4252 total=14171 sat_clauses=418697 ms=198
c 00h00m00s | memory:rss checkpoint=encode_clause_sample stage=log-scop clauses=507819 bytes=149037056 rss=142.13MiB progress_percent=40 processed=5669 total=14171
c 00h00m00s | stage:encode(log-scop):progress percent=40 processed=5669 total=14171 sat_clauses=507819 ms=258
c 00h00m00s | memory:rss checkpoint=encode_clause_sample stage=log-scop clauses=599567 bytes=164036608 rss=156.44MiB progress_percent=50 processed=7086 total=14171
c 00h00m00s | stage:encode(log-scop):progress percent=50 processed=7086 total=14171 sat_clauses=599567 ms=308
c 00h00m00s | memory:rss checkpoint=encode_clause_sample stage=log-scop clauses=691563 bytes=170676224 rss=162.77MiB progress_percent=60 processed=8503 total=14171
c 00h00m00s | stage:encode(log-scop):progress percent=60 processed=8503 total=14171 sat_clauses=691563 ms=344
c 00h00m00s | memory:rss checkpoint=encode_clause_sample stage=log-scop clauses=783637 bytes=177164288 rss=168.96MiB progress_percent=70 processed=9920 total=14171
c 00h00m00s | stage:encode(log-scop):progress percent=70 processed=9920 total=14171 sat_clauses=783637 ms=379
c 00h00m00s | memory:rss checkpoint=encode_clause_sample stage=log-scop clauses=875766 bytes=284450816 rss=271.27MiB progress_percent=80 processed=11337 total=14171
c 00h00m00s | stage:encode(log-scop):progress percent=80 processed=11337 total=14171 sat_clauses=875766 ms=478
c 00h00m00s | memory:rss checkpoint=encode_clause_sample stage=log-scop clauses=967962 bytes=287686656 rss=274.36MiB progress_percent=90 processed=12754 total=14171
c 00h00m00s | stage:encode(log-scop):progress percent=90 processed=12754 total=14171 sat_clauses=967962 ms=511
c 00h00m00s | memory:rss checkpoint=encode_clause_sample stage=log-scop clauses=1060400 bytes=301203456 rss=287.25MiB progress_percent=100 processed=14171 total=14171
c 00h00m00s | stage:encode(log-scop):progress percent=100 processed=14171 total=14171 sat_clauses=1060400 ms=562
c 00h00m00s | stage:encode(log-scop):done ms=566 sat_vars=691001 sat_clauses=1060400 ext_ge_specs=0 relaxed_circuits=0 log_scop_pb_constraints=55844 log_scop_pb_mixed=0 log_scop_pb_bdd2=55844 log_scop_pb_bdd3=0 log_scop_pb_sorter=0 log_scop_pb_dadda=0 log_scop_bdd_raw=55844 log_scop_bdd_binary=0 log_scop_bdd_multibase=0
c 00h00m00s | stage:post-encode(log-scop):start sat_vars=691001 sat_clauses=1060400 has_relaxations=false external_tables=0
c 00h00m00s | stage:post-encode(log-scop):after-finish-check ms=0
c 00h00m00s | stage:post-encode(log-scop):decode-layout-ready int_symbols=90 ms=0
c 00h00m00s | stage:post-encode(log-scop):cumulative-external-ready has_prop=false ms=0
c 00h00m00s | stage:post-encode(log-scop):log-scop-external-ready has_prop=false ms=0
c 00h00m00s | stage:post-encode(log-scop):external-prop-connected has_prop=false ms=0
c 00h00m00s | stage:post-encode(log-scop):done sat_vars=691001 sat_clauses=1060400 ms=0
c 00h00m00s | stage:post-encode(log-scop):reusable-ready mode=SoftCnf sat_vars=691001
c 00h00m00s | stage:objective-external-ge-template(log-scop):start cut=DirectExpr wants_ext_ge=false
c 00h00m00s | stage:objective-external-ge-template(log-scop):done has_template=true ms=0
c 00h00m00s | stage:objective-mode(log-scop):resolved mode=SoftCnf wants_ext_ge=false has_ext_ge_template=true
c 00h00m00s | stage:objective-cut timing=incremental-soft backend=cnf form=direct-expr
c 00h00m00s | stage:objective-encoder(log-scop):ready mode=SoftCnf soft=true sat_vars=691001
c 00h00m00s | stage:objective-loop:enter encoder=log-scop mode=SoftCnf lower=0 upper=112000 has_incumbent=false soft_active=true
c 00h00m00s | stage:sat:round-entry encoder=log-scop assumptions=0 phase_lits=0 sat_vars=691001 base_clauses=1060400
c 00h00m00s | stage:sat:init solver=CaDiCaL vars=691001 clauses=1060400
c 00h00m00s | stage:sat:solve:start assumptions=0 phase_lits=0
c 00h00m01s | stage:sat:solve:done ms=757 result=Sat assumptions=0 phase_lits=0
c 00h00m01s | stage:decode:start
c 00h00m01s | stage:decode:done int_assignments=90
c 00h00m01s | result:Sat
c 00h00m01s | stage:objective-cut-surface(log-scop):start timing=after-incumbent
c 00h00m01s | stage:objective-cut-surface(log-scop):done has_surface=true ms=0
c 00h00m01s | objective:incumbent kind=initial value=14478 rounds=1 improvements=0
o 14478
c 00h00m01s | stage:objective-loop:enter encoder=log-scop mode=SoftCnf lower=0 upper=112000 has_incumbent=true soft_active=true
c objective-cut:rss-guard enabled=false
c 00h00m01s | stage:objective-cut:soft-install bound=7238 guard=770237 clauses_added=156821
c 00h00m01s | stage:objective-cut:soft-probe search=binary [LB,UB] = [0,14477] next 7238 source=install guard=770237
c 00h00m01s | stage:sat:round-entry encoder=log-scop assumptions=1 phase_lits=541 sat_vars=770237 base_clauses=1217221
c 00h00m01s | stage:sat:init solver=CaDiCaL vars=770237 clauses=1217221
c 00h00m01s | stage:sat:solve:start assumptions=1 phase_lits=541
c 00h00m03s | stage:sat:solve:done ms=2055 result=Sat assumptions=1 phase_lits=541
c 00h00m03s | stage:decode:start
c 00h00m03s | stage:decode:done int_assignments=90
c 00h00m03s | result:Sat
c 00h00m03s | objective:incumbent kind=improvement value=6919 rounds=2 improvements=1
o 6919
c 00h00m03s | stage:objective-cut:soft-result search=binary bound=7238 result=sat guard=770237 hard=guard [LB,UB] = [0,6918]
c 00h00m03s | stage:objective-loop:enter encoder=log-scop mode=SoftCnf lower=0 upper=112000 has_incumbent=true soft_active=true
c objective-cut:rss-guard enabled=false
c 00h00m03s | stage:objective-cut:soft-install bound=3459 guard=849397 clauses_added=156676
c 00h00m03s | stage:objective-cut:soft-probe search=binary [LB,UB] = [0,6918] next 3459 source=install guard=849397
c 00h00m03s | stage:sat:round-entry encoder=log-scop assumptions=1 phase_lits=541 sat_vars=849397 base_clauses=1373898
c 00h00m03s | stage:sat:init solver=CaDiCaL vars=849397 clauses=1373898
c 00h00m03s | stage:sat:solve:start assumptions=1 phase_lits=541
c 00h00m14s | stage:sat:solve:done ms=10617 result=Sat assumptions=1 phase_lits=541
c 00h00m14s | stage:decode:start
c 00h00m14s | stage:decode:done int_assignments=90
c 00h00m14s | result:Sat
c 00h00m14s | objective:incumbent kind=improvement value=3448 rounds=3 improvements=2
o 3448
c 00h00m14s | stage:objective-cut:soft-result search=binary bound=3459 result=sat guard=849397 hard=guard [LB,UB] = [0,3447]
c 00h00m14s | stage:objective-loop:enter encoder=log-scop mode=SoftCnf lower=0 upper=112000 has_incumbent=true soft_active=true
c objective-cut:rss-guard enabled=false
c 00h00m14s | stage:objective-cut:soft-install bound=1723 guard=928473 clauses_added=156515
c 00h00m14s | stage:objective-cut:soft-probe search=binary [LB,UB] = [0,3447] next 1723 source=install guard=928473
c 00h00m14s | stage:sat:round-entry encoder=log-scop assumptions=1 phase_lits=541 sat_vars=928473 base_clauses=1530414
c 00h00m14s | stage:sat:init solver=CaDiCaL vars=928473 clauses=1530414
c 00h00m14s | stage:sat:solve:start assumptions=1 phase_lits=541
c 00h00m53s | stage:sat:solve:done ms=39442 result=Unsat assumptions=1 phase_lits=541
c 00h00m53s | result:Unsat
c 00h00m53s | stage:objective-cut:soft-result search=binary bound=1723 result=unsat guard=928473 hard=-guard [LB,UB] = [1724,3447]
c 00h00m53s | stage:objective-loop:enter encoder=log-scop mode=SoftCnf lower=1724 upper=112000 has_incumbent=true soft_active=true
c objective-cut:rss-guard enabled=false
c 00h00m53s | stage:objective-cut:soft-install bound=2585 guard=1007602 clauses_added=156619
c 00h00m53s | stage:objective-cut:soft-probe search=binary [LB,UB] = [1724,3447] next 2585 source=install guard=1007602
c 00h00m53s | stage:sat:round-entry encoder=log-scop assumptions=1 phase_lits=541 sat_vars=1007602 base_clauses=1687034
c 00h00m53s | stage:sat:init solver=CaDiCaL vars=1007602 clauses=1687034
c 00h00m53s | stage:sat:solve:start assumptions=1 phase_lits=541
c 00h00m54s | stage:sat:solve:done ms=810 result=Sat assumptions=1 phase_lits=541
c 00h00m54s | stage:decode:start
c 00h00m54s | stage:decode:done int_assignments=90
c 00h00m54s | result:Sat
c 00h00m54s | objective:incumbent kind=improvement value=2539 rounds=5 improvements=3
o 2539
c 00h00m54s | stage:objective-cut:soft-result search=binary bound=2585 result=sat guard=1007602 hard=guard [LB,UB] = [1724,2538]
c 00h00m54s | stage:objective-loop:enter encoder=log-scop mode=SoftCnf lower=1724 upper=112000 has_incumbent=true soft_active=true
c objective-cut:rss-guard enabled=false
c 00h00m54s | stage:objective-cut:soft-install bound=2131 guard=1086731 clauses_added=156618
c 00h00m54s | stage:objective-cut:soft-probe search=binary [LB,UB] = [1724,2538] next 2131 source=install guard=1086731
c 00h00m54s | stage:sat:round-entry encoder=log-scop assumptions=1 phase_lits=541 sat_vars=1086731 base_clauses=1843653
c 00h00m54s | stage:sat:init solver=CaDiCaL vars=1086731 clauses=1843653
c 00h00m54s | stage:sat:solve:start assumptions=1 phase_lits=541
c 00h00m55s | stage:sat:solve:done ms=1002 result=Sat assumptions=1 phase_lits=541
c 00h00m55s | stage:decode:start
c 00h00m55s | stage:decode:done int_assignments=90
c 00h00m55s | result:Sat
c 00h00m55s | objective:incumbent kind=improvement value=1814 rounds=6 improvements=4
o 1814
c 00h00m55s | stage:objective-cut:soft-result search=binary bound=2131 result=sat guard=1086731 hard=guard [LB,UB] = [1724,1813]
c 00h00m55s | stage:objective-loop:enter encoder=log-scop mode=SoftCnf lower=1724 upper=112000 has_incumbent=true soft_active=true
c objective-cut:rss-guard enabled=false
c 00h00m55s | stage:objective-cut:soft-install bound=1768 guard=1165849 clauses_added=156595
c 00h00m55s | stage:objective-cut:soft-probe search=binary [LB,UB] = [1724,1813] next 1768 source=install guard=1165849
c 00h00m55s | stage:sat:round-entry encoder=log-scop assumptions=1 phase_lits=541 sat_vars=1165849 base_clauses=2000249
c 00h00m55s | stage:sat:init solver=CaDiCaL vars=1165849 clauses=2000249
c 00h00m55s | stage:sat:solve:start assumptions=1 phase_lits=541
c 00h00m57s | stage:sat:solve:done ms=1732 result=Sat assumptions=1 phase_lits=541
c 00h00m57s | stage:decode:start
c 00h00m57s | stage:decode:done int_assignments=90
c 00h00m57s | result:Sat
c 00h00m57s | objective:incumbent kind=improvement value=1748 rounds=7 improvements=5
o 1748
c 00h00m57s | stage:objective-cut:soft-result search=binary bound=1768 result=sat guard=1165849 hard=guard [LB,UB] = [1724,1747]
c 00h00m57s | stage:objective-loop:enter encoder=log-scop mode=SoftCnf lower=1724 upper=112000 has_incumbent=true soft_active=true
c objective-cut:rss-guard enabled=false
c 00h00m57s | stage:objective-cut:soft-install bound=1735 guard=1244946 clauses_added=156555
c 00h00m57s | stage:objective-cut:soft-probe search=binary [LB,UB] = [1724,1747] next 1735 source=install guard=1244946
c 00h00m57s | stage:sat:round-entry encoder=log-scop assumptions=1 phase_lits=541 sat_vars=1244946 base_clauses=2156805
c 00h00m57s | stage:sat:init solver=CaDiCaL vars=1244946 clauses=2156805
c 00h00m57s | stage:sat:solve:start assumptions=1 phase_lits=541
c 00h01m56s | stage:sat:solve:done ms=58736 result=Unsat assumptions=1 phase_lits=541
c 00h01m56s | result:Unsat
c 00h01m56s | stage:objective-cut:soft-result search=binary bound=1735 result=unsat guard=1244946 hard=-guard [LB,UB] = [1736,1747]
c 00h01m56s | stage:objective-loop:enter encoder=log-scop mode=SoftCnf lower=1736 upper=112000 has_incumbent=true soft_active=true
c objective-cut:rss-guard enabled=false
c 00h01m56s | stage:objective-cut:soft-install bound=1741 guard=1324036 clauses_added=156542
c 00h01m56s | stage:objective-cut:soft-probe search=binary [LB,UB] = [1736,1747] next 1741 source=install guard=1324036
c 00h01m56s | stage:sat:round-entry encoder=log-scop assumptions=1 phase_lits=541 sat_vars=1324036 base_clauses=2313348
c 00h01m56s | stage:sat:init solver=CaDiCaL vars=1324036 clauses=2313348
c 00h01m56s | stage:sat:solve:start assumptions=1 phase_lits=541
c 00h02m43s | stage:sat:solve:done ms=46538 result=Unsat assumptions=1 phase_lits=541
c 00h02m43s | result:Unsat
c 00h02m43s | stage:objective-cut:soft-result search=binary bound=1741 result=unsat guard=1324036 hard=-guard [LB,UB] = [1742,1747]
c 00h02m43s | stage:objective-loop:enter encoder=log-scop mode=SoftCnf lower=1742 upper=112000 has_incumbent=true soft_active=true
c objective-cut:rss-guard enabled=false
c 00h02m43s | stage:objective-cut:soft-install bound=1744 guard=1403154 clauses_added=156596
c 00h02m43s | stage:objective-cut:soft-probe search=binary [LB,UB] = [1742,1747] next 1744 source=install guard=1403154
c 00h02m43s | stage:sat:round-entry encoder=log-scop assumptions=1 phase_lits=541 sat_vars=1403154 base_clauses=2469945
c 00h02m43s | stage:sat:init solver=CaDiCaL vars=1403154 clauses=2469945
c 00h02m43s | stage:sat:solve:start assumptions=1 phase_lits=541
c 00h03m20s | stage:sat:solve:done ms=37348 result=Unsat assumptions=1 phase_lits=541
c 00h03m20s | result:Unsat
c 00h03m20s | stage:objective-cut:soft-result search=binary bound=1744 result=unsat guard=1403154 hard=-guard [LB,UB] = [1745,1747]
c 00h03m20s | stage:objective-loop:enter encoder=log-scop mode=SoftCnf lower=1745 upper=112000 has_incumbent=true soft_active=true
c objective-cut:rss-guard enabled=false
c 00h03m20s | stage:objective-cut:soft-install bound=1746 guard=1482258 clauses_added=156569
c 00h03m20s | stage:objective-cut:soft-probe search=binary [LB,UB] = [1745,1747] next 1746 source=install guard=1482258
c 00h03m20s | stage:sat:round-entry encoder=log-scop assumptions=1 phase_lits=541 sat_vars=1482258 base_clauses=2626515
c 00h03m20s | stage:sat:init solver=CaDiCaL vars=1482258 clauses=2626515
c 00h03m20s | stage:sat:solve:start assumptions=1 phase_lits=541
c 00h04m04s | stage:sat:solve:done ms=43402 result=Unsat assumptions=1 phase_lits=541
c 00h04m04s | result:Unsat
c 00h04m04s | stage:objective-cut:soft-result search=binary bound=1746 result=unsat guard=1482258 hard=-guard [LB,UB] = [1747,1747]
c 00h04m04s | stage:objective-loop:enter encoder=log-scop mode=SoftCnf lower=1747 upper=112000 has_incumbent=true soft_active=true
c objective-cut:rss-guard enabled=false
c 00h04m04s | stage:objective-cut:soft-install bound=1747 guard=1561355 clauses_added=156555
c 00h04m04s | stage:objective-cut:soft-probe search=binary [LB,UB] = [1747,1747] next 1747 source=install guard=1561355
c 00h04m04s | stage:sat:round-entry encoder=log-scop assumptions=1 phase_lits=541 sat_vars=1561355 base_clauses=2783071
c 00h04m04s | stage:sat:init solver=CaDiCaL vars=1561355 clauses=2783071
c 00h04m04s | stage:sat:solve:start assumptions=1 phase_lits=541
c 00h04m29s | stage:sat:solve:done ms=25574 result=Unsat assumptions=1 phase_lits=541
c 00h04m29s | result:Unsat
c 00h04m29s | stage:objective-cut:soft-result search=binary bound=1747 result=unsat guard=1561355 hard=-guard [LB,UB] = closed
s OPTIMUM FOUND
o 1748
v <instantiation>
v   <list> x[0][0] x[0][1] x[0][2] x[0][3] x[0][4] x[0][5] x[0][6] x[1][0] x[1][1] x[1][2] x[1][3] x[1][4] x[1][5] x[1][6] x[2][0] x[2][1] x[2][2] x[2][3] x[2][4] x[2][5] x[2][6] x[3][0] x[3][1] x[3][2] x[3][3] x[3][4] x[3][5] x[3][6] x[4][0] x[4][1] x[4][2] x[4][3] x[4][4] x[4][5] x[4][6] oc[0] oc[1] oc[2] oc[3] oc[4] oc[5] oc[6] tp[0] tp[1] tp[2] tp[3] tp[4] tp[5] tp[6] pr[0] pr[1] pr[2] pr[3] pr[4] pr[5] pr[6] aux_gb[0] aux_gb[1] aux_gb[2] aux_gb[3] aux_gb[4] aux_gb[5] aux_gb[6] aux_gb[7] aux_gb[8] aux_gb[9] aux_gb[10] aux_gb[11] aux_gb[12] aux_gb[13] aux_gb[14] aux_gb[15] aux_gb[16] aux_gb[17] aux_gb[18] aux_gb[19] aux_gb[20] aux_gb[21] aux_gb[22] aux_gb[23] aux_gb[24] aux_gb[25] aux_gb[26] aux_gb[27] aux_gb[28] aux_gb[29] aux_gb[30] aux_gb[31] aux_gb[32] aux_gb[33] </list>
v   <values> 0 1 0 1 1 1 0 1 0 0 1 0 0 1 0 0 1 0 0 0 0 0 0 0 0 0 0 0 0 1 0 0 1 0 0 1 1 1 1 1 1 1 432 277 340 315 277 432 432 116 420 210 350 420 116 116 1 2 1 2 2 1 1 2 3750 2000 8 15000 2000 4 7500 2000 4 15000 4000 8 15000 2000 2 3750 2000 2 3750 2000 1 0 7 0 4 3 </values>
v </instantiation>
d OBJECTIVE_VALUE 1748
d OPTIMAL 1
d SOURCE_CONSTRAINTS 141
d NORMALIZED_CONSTRAINTS 141
d LOWERED_CONSTRAINTS 141
d UNSUPPORTED_CONSTRAINTS 0
d CSP_INT_VARS 90
d CSP_CONSTRAINTS 141
d CSP_INTENTIONAL 76
d CSP_GLOBAL 65
d CSP_EXTENSIONAL 0
d CSP_ALLDIFF 0
d CSP_CUMULATIVE 0
d CSP_TABLE 0
d CSP_DOMAIN_SPAN_MEDIAN 5
d CSP_DOMAIN_SPAN_MAX 976000
d N_CUMULATIVE 0
d N_TABLE 0
d CIRCUIT_CEGAR_FAILURES 0
d CIRCUIT_CEGAR_ROUNDS 0
d CIRCUIT_CEGAR_ADDED_CLAUSES 0
d CUMULATIVE_CEGAR_FAILURES 0
d CUMULATIVE_CEGAR_ROUNDS 0
d CUMULATIVE_CEGAR_ADDED_CLAUSES 0
d COP_CEGAR_FAILURES 0
d COP_CEGAR_ROUNDS 0
d COP_CEGAR_ADDED_CLAUSES 0
d OBJECTIVE_CUT_TIMING incremental-soft
d OBJECTIVE_CUT_BACKEND cnf
d OBJECTIVE_CUT_FORM direct-expr
d OBJECTIVE_CUT_EAGER_CLAUSES_ADDED 0
d OBJECTIVE_RELAXATION_CLAUSES_ADDED 0
d OBJECTIVE_ROUNDS 12
d OBJECTIVE_IMPROVEMENTS 5
d OBJECTIVE_OPTIMALITY_PROOF strict_cut_unsat
d PROPAGATE_MS 1
d NORMALIZE_MS 0
d LOWER_MS 47
d POST_LOWER_MS 2
d PREENCODE_MS 0
d ENCODE_MS 566
d SAT_SOLVE_MS 268013
d TOTAL_MS 269768
d SAT_VARS 1561355
d SAT_CLAUSES_BASE 2783071
d SAT_CLAUSES_FINAL 2783071
d SAT_CLAUSES_CEGAR_DELTA 0
d CSP_INT_VARS 90
d CSP_CONSTRAINTS 141
d CSP_INTENTIONAL 76
d CSP_GLOBAL 65
d CSP_EXTENSIONAL 0
d CSP_ALLDIFF 0
d CSP_CUMULATIVE 0
d CSP_TABLE 0
d CSP_DOMAIN_SPAN_MEDIAN 5
d CSP_DOMAIN_SPAN_MAX 976000
d N_CUMULATIVE 0
d N_TABLE 0
d SAT_CONFLICTS 1049015
d LINEAR_INT_EQ_ARITY_STATS {"1":{"count":3500,"max_domain_product_excluding_one_var":"1","p95_domain_product_excluding_one_var":"1"},"2":{"count":2,"max_domain_product_excluding_one_var":"8","p95_domain_product_excluding_one_var":"8"},"6":{"count":7,"max_domain_product_excluding_one_var":"32","p95_domain_product_excluding_one_var":"32"},"8":{"count":4,"max_domain_product_excluding_one_var":"128","p95_domain_product_excluding_one_var":"128"}}
d LINEAR_INT_NE_ARITY_STATS {"1":{"count":3507,"max_domain_product_excluding_one_var":"1","p95_domain_product_excluding_one_var":"1"}}
d LINEAR_INT_GE_ARITY_STATS {"1":{"count":10,"max_domain_product_excluding_one_var":"1","p95_domain_product_excluding_one_var":"1"},"2":{"count":58,"max_domain_product_excluding_one_var":"8","p95_domain_product_excluding_one_var":"8"},"6":{"count":21,"max_domain_product_excluding_one_var":"32","p95_domain_product_excluding_one_var":"32"},"7":{"count":4,"max_domain_product_excluding_one_var":"64","p95_domain_product_excluding_one_var":"64"}}
d LINEAR_BOOL_MIXED_ARITY_STATS {"2":{"count":8,"max_domain_product_excluding_one_var":"2","p95_domain_product_excluding_one_var":"2"}}
d ROOT_LP_ENTERED 0
d ROOT_LP_STATUS skipped
d ROOT_LP_MS 0
d ROOT_LP_REASON root_lp_disabled
d OBJECTIVE_CUT_TIMING incremental-soft
d OBJECTIVE_CUT_BACKEND cnf
d OBJECTIVE_CUT_FORM direct-expr
d PROPAGATE_PRUNED_VALUES 7109060
d PROPAGATE_CHANGED_DOMAINS 37
d PROPAGATE_ENTAILED_TABLES 0
d POST_LOWER_ROUNDS 0
d POST_LOWER_TIGHTENED_DOMAINS 0
d POST_LOWER_REMOVED_CLAUSES 0
d POST_LOWER_REMOVED_LITS 14
d POST_LOWER_DETECTED_UNSAT 0
d PREENCODE_INT_VARS 90
d ENCODE_EXTERNAL_GE_SPECS 0
d ENCODE_RELAXED_CIRCUITS 0
d LOG_SCOP_LINEAR_PB_CONSTRAINTS 55844
d LOG_SCOP_LINEAR_PB_MIXED_DISPATCH_CONSTRAINTS 0
d LOG_SCOP_LINEAR_PB_MIXED_ATTEMPT_BDD 0
d LOG_SCOP_LINEAR_PB_MIXED_ATTEMPT_SORTER 0
d LOG_SCOP_LINEAR_PB_MIXED_ATTEMPT_DADDA 0
d LOG_SCOP_LINEAR_PB_MIXED_REJECT_BDD_BUDGET 0
d LOG_SCOP_LINEAR_PB_MIXED_REJECT_SORTER_BUDGET 0
d LOG_SCOP_LINEAR_PB_MIXED_FALLBACK_BDD_TO_SORTER 0
d LOG_SCOP_LINEAR_PB_MIXED_FALLBACK_BDD_TO_DADDA 0
d LOG_SCOP_LINEAR_PB_MIXED_FALLBACK_SORTER_TO_BDD 0
d LOG_SCOP_LINEAR_PB_MIXED_FALLBACK_SORTER_TO_DADDA 0
d LOG_SCOP_LINEAR_PB_BACKEND_BDD2 55844
d LOG_SCOP_LINEAR_PB_BACKEND_BDD3 0
d LOG_SCOP_LINEAR_PB_BACKEND_SORTER 0
d LOG_SCOP_LINEAR_PB_BACKEND_DADDA 0
d LOG_SCOP_LINEAR_PB_BDD_DECOMPOSITION_RAW 55844
d LOG_SCOP_LINEAR_PB_BDD_DECOMPOSITION_BINARY 0
d LOG_SCOP_LINEAR_PB_BDD_DECOMPOSITION_MULTIBASE 0
d MEMORY_RSS_BYTES 301203456
d MEMORY_RSS_AFTER_PROPAGATE_BYTES 6348800
d MEMORY_RSS_AFTER_LOWER_BYTES 6348800
d MEMORY_RSS_AFTER_POST_LOWER_BYTES 7155712
d MEMORY_RSS_BEFORE_PREENCODE_BYTES 7426048
d MEMORY_RSS_AFTER_PREENCODE_BYTES 7696384
d MEMORY_RSS_BEFORE_ENCODE_BYTES 7966720
d MEMORY_RSS_ENCODE_SAMPLE_INTERVAL_CLAUSES 1000000
d MEMORY_RSS_ENCODE_SAMPLE_COUNT 11
d MEMORY_RSS_ENCODE_LAST_SAMPLE_CLAUSE 1060400
d MEMORY_RSS_ENCODE_LAST_SAMPLE_BYTES 301203456
d MEMORY_RSS_ENCODE_MAX_SAMPLE_BYTES 301203456
d DECODE_INT_ASSIGNMENTS 90
d CSV /bench/competition/2022-2025/COP22to25/Wordpress-04-07-500_c24.xml.lzma,optimum,141,141,141,0,1561355,2783071,269768,1,0,47,0,566,268013,0,skipped,,,,,,0,,,,,,,,
c run_end_local: 2026-06-17 08:44:06 +0900
