# WCTIME: wall clock time in seconds
WCTIME=26.4459
# CPUTIME: CPU time in seconds (USERTIME+SYSTEMTIME)
CPUTIME=26.3194
# USERTIME: CPU time spent in user mode in seconds
USERTIME=23.1213
# SYSTEMTIME: CPU time spent in system mode in seconds
SYSTEMTIME=3.19818
# CPUUSAGE: CPUTIME/WCTIME in percent
CPUUSAGE=99.522
# MAXVM: maximum virtual memory used in KiB
MAXVM=7308948
# MAXMM: maximum memory used in KiB
MAXMM=6966156
# MAXRSS: maximum Resident Segment Size in KiB
MAXRSS=6975304
# TIMEOUT: did the solver exceed the time limit?
TIMEOUT=false
# MEMOUT: did the solver exceed the memory limit?
MEMOUT=false
# EXITSTATUS: Exit status of the solver
EXITSTATUS=0
