# WCTIME: wall clock time in seconds
WCTIME=0.777008
# CPUTIME: CPU time in seconds (USERTIME+SYSTEMTIME)
CPUTIME=0.746954
# USERTIME: CPU time spent in user mode in seconds
USERTIME=0.721136
# SYSTEMTIME: CPU time spent in system mode in seconds
SYSTEMTIME=0.025818
# CPUUSAGE: CPUTIME/WCTIME in percent
CPUUSAGE=96.1321
# MAXVM: maximum virtual memory used in KiB
MAXVM=219900
# MAXMM: maximum memory used in KiB
MAXMM=41336
# MAXRSS: maximum Resident Segment Size in KiB
MAXRSS=38452
# TIMEOUT: did the solver exceed the time limit?
TIMEOUT=false
# MEMOUT: did the solver exceed the memory limit?
MEMOUT=false
# EXITSTATUS: Exit status of the solver
EXITSTATUS=0
