# WCTIME: wall clock time in seconds
WCTIME=146.369
# CPUTIME: CPU time in seconds (USERTIME+SYSTEMTIME)
CPUTIME=145.69
# USERTIME: CPU time spent in user mode in seconds
USERTIME=144.779
# SYSTEMTIME: CPU time spent in system mode in seconds
SYSTEMTIME=0.911026
# CPUUSAGE: CPUTIME/WCTIME in percent
CPUUSAGE=99.5365
# MAXVM: maximum virtual memory used in KiB
MAXVM=1682708
# MAXMM: maximum memory used in KiB
MAXMM=1317940
# MAXRSS: maximum Resident Segment Size in KiB
MAXRSS=1314916
# TIMEOUT: did the solver exceed the time limit?
TIMEOUT=false
# MEMOUT: did the solver exceed the memory limit?
MEMOUT=false
# EXITSTATUS: Exit status of the solver
EXITSTATUS=0
