# WCTIME: wall clock time in seconds
WCTIME=1800.16
# CPUTIME: CPU time in seconds (USERTIME+SYSTEMTIME)
CPUTIME=1788.33
# USERTIME: CPU time spent in user mode in seconds
USERTIME=1777.66
# SYSTEMTIME: CPU time spent in system mode in seconds
SYSTEMTIME=10.6731
# CPUUSAGE: CPUTIME/WCTIME in percent
CPUUSAGE=99.3432
# MAXVM: maximum virtual memory used in KiB
MAXVM=3769108
# MAXMM: maximum memory used in KiB
MAXMM=2707004
# MAXRSS: maximum Resident Segment Size in KiB
MAXRSS=2967100
# TIMEOUT: did the solver exceed the time limit?
TIMEOUT=true
# MEMOUT: did the solver exceed the memory limit?
MEMOUT=false
# EXITSTATUS: Exit status of the solver
EXITSTATUS=36608
