# WCTIME: wall clock time in seconds
WCTIME=54.9433
# CPUTIME: CPU time in seconds (USERTIME+SYSTEMTIME)
CPUTIME=54.6182
# USERTIME: CPU time spent in user mode in seconds
USERTIME=49.3596
# SYSTEMTIME: CPU time spent in system mode in seconds
SYSTEMTIME=5.25856
# CPUUSAGE: CPUTIME/WCTIME in percent
CPUUSAGE=99.4082
# MAXVM: maximum virtual memory used in KiB
MAXVM=16667412
# MAXMM: maximum memory used in KiB
MAXMM=15079480
# MAXRSS: maximum Resident Segment Size in KiB
MAXRSS=15128444
# TIMEOUT: did the solver exceed the time limit?
TIMEOUT=false
# MEMOUT: did the solver exceed the memory limit?
MEMOUT=false
# EXITSTATUS: Exit status of the solver
EXITSTATUS=0
