# WCTIME: wall clock time in seconds
WCTIME=3.6777
# CPUTIME: CPU time in seconds (USERTIME+SYSTEMTIME)
CPUTIME=3.61697
# USERTIME: CPU time spent in user mode in seconds
USERTIME=3.57822
# SYSTEMTIME: CPU time spent in system mode in seconds
SYSTEMTIME=0.038745
# CPUUSAGE: CPUTIME/WCTIME in percent
CPUUSAGE=98.3486
# MAXVM: maximum virtual memory used in KiB
MAXVM=215452
# MAXMM: maximum memory used in KiB
MAXMM=35784
# MAXRSS: maximum Resident Segment Size in KiB
MAXRSS=32672
# TIMEOUT: did the solver exceed the time limit?
TIMEOUT=false
# MEMOUT: did the solver exceed the memory limit?
MEMOUT=false
# EXITSTATUS: Exit status of the solver
EXITSTATUS=0
