# WCTIME: wall clock time in seconds
WCTIME=1.81119
# CPUTIME: CPU time in seconds (USERTIME+SYSTEMTIME)
CPUTIME=1.78534
# USERTIME: CPU time spent in user mode in seconds
USERTIME=1.76522
# SYSTEMTIME: CPU time spent in system mode in seconds
SYSTEMTIME=0.020124
# CPUUSAGE: CPUTIME/WCTIME in percent
CPUUSAGE=98.5728
# MAXVM: maximum virtual memory used in KiB
MAXVM=222836
# MAXMM: maximum memory used in KiB
MAXMM=22732
# MAXRSS: maximum Resident Segment Size in KiB
MAXRSS=19660
# TIMEOUT: did the solver exceed the time limit?
TIMEOUT=false
# MEMOUT: did the solver exceed the memory limit?
MEMOUT=false
# EXITSTATUS: Exit status of the solver
EXITSTATUS=0
