# WCTIME: wall clock time in seconds
WCTIME=1800.19
# CPUTIME: CPU time in seconds (USERTIME+SYSTEMTIME)
CPUTIME=1777.99
# USERTIME: CPU time spent in user mode in seconds
USERTIME=1764.28
# SYSTEMTIME: CPU time spent in system mode in seconds
SYSTEMTIME=13.712
# CPUUSAGE: CPUTIME/WCTIME in percent
CPUUSAGE=98.767
# MAXVM: maximum virtual memory used in KiB
MAXVM=1824052
# MAXMM: maximum memory used in KiB
MAXMM=1588500
# MAXRSS: maximum Resident Segment Size in KiB
MAXRSS=1588500
# TIMEOUT: did the solver exceed the time limit?
TIMEOUT=true
# MEMOUT: did the solver exceed the memory limit?
MEMOUT=false
# EXITSTATUS: Exit status of the solver
EXITSTATUS=36608
