c cmd: /host-parser-bin/kat_xcsp_10c9c43b_dirty_logscop_autobdd_norootlp_20260515_rerun1 /bench/competition/2022-2025/COP22to25/DC-midori-xor4-d1-t0-r03-v128_c22.xml.lzma --encoder log-scop --order-ge-table mdd-tl --log-scop-linear-pb-backend auto --no-root-lp-bound --progress
c 00h00m00s | solve:start
c 00h00m00s | input: constraints=821
c 00h00m00s | stage:propagate:start
c 00h00m00s | stage:propagate:done ms=10 pruned=0 changed_domains=0 entailed_tables=0
c 00h00m00s | stage:normalize:start
c 00h00m00s | stage:normalize:done ms=0 high_constraints=821
c 00h00m00s | stage:lower:start
c 00h00m00s | stage:lower:done ms=2 lowered=821 unsupported=0
c 00h00m00s | stage:post_lower:start
c 00h00m00s | stage:post_lower:done ms=0 rounds=0 tightened=0 removed_cls=0 removed_lits=0 unsat=false precise_hits=0 precise_rounds=0 pivot_recomputes=0 pivot_exact_attempts=0 pivot_general_attempts=0 pivot_general_rest_missing=0 pivot_general_bound_missing=0 pivot_general_no_change=0 pivot_general_tightened=0 setup_ms=0 loop_ms=0 pivot_ms=0 pivot_version_ms=0 pivot_exact_ms=0 pivot_general_ms=0 pivot_general_prepare_ms=0 pivot_general_rest_ms=0 pivot_general_derive_ms=0 apply_ms=0 sat_ms=0 precise_ms=0
c 00h00m00s | stage:lowered-shape int_vars=368 bool_vars=0 linear_atoms=1 table_atoms=820 table_tuples=8896 table_scope=3056 alldiff_atoms=0 circuit_atoms=0 product_atoms=0 logical_clauses=821
c 00h00m00s | stage:root-lp:skip reason=disabled_by_option ms=0
c 00h00m00s | stage:preencode(log-scop):start
c 00h00m00s | stage:preencode(log-scop):done ms=0 int_vars=368
c 00h00m00s | stage:encode(log-scop):start
c 00h00m00s | stage:encode(log-scop):done ms=21 sat_vars=6836 sat_clauses=27925 ext_ge_specs=0 relaxed_circuits=0 log_scop_pb_constraints=1 log_scop_pb_mixed=0 log_scop_pb_bdd2=1 log_scop_pb_bdd3=0 log_scop_pb_sorter=0 log_scop_pb_dadda=0 log_scop_bdd_raw=1 log_scop_bdd_binary=0 log_scop_bdd_multibase=0
c 00h00m00s | stage:sat:init solver=CaDiCaL vars=6836 clauses=27925
c 00h00m00s | stage:sat:solve:start round=1 circuit_cegar_rounds=- cumulative_cegar_rounds=- cop_cegar_rounds=1 assumptions=0 phase_lits=0
c 00h00m00s | stage:sat:solve:done round=1 ms=133 result=Sat assumptions=0 phase_lits=0
c 00h00m00s | stage:decode:start round=1 requested_int_ids=368
c 00h00m00s | stage:decode:final:start round=1 requested_int_ids=368
c 00h00m00s | stage:decode:done round=1 int_assignments=368
c 00h00m00s | stage:relaxation:done clauses_added=0 circuit_cegar_failures=0 circuit_cegar_rounds=0 circuit_cegar_added_clauses=0 cumulative_cegar_failures=0 cumulative_cegar_rounds=0 cumulative_cegar_added_clauses=0 cop_cegar_failures=0 cop_cegar_rounds=1 cop_cegar_added_clauses=0
c 00h00m00s | result:Sat
c 00h00m00s | objective:incumbent kind=initial value=48 rounds=1 improvements=0
o 48
c 00h00m00s | stage:sat:init solver=CaDiCaL vars=6836 clauses=27925
c 00h00m00s | stage:sat:solve:start round=1 circuit_cegar_rounds=- cumulative_cegar_rounds=- cop_cegar_rounds=2 assumptions=0 phase_lits=368
c 00h00m00s | stage:sat:solve:done round=1 ms=0 result=Sat assumptions=0 phase_lits=368
c 00h00m00s | stage:decode:start round=1 requested_int_ids=368
c 00h00m00s | stage:relaxation:done round=1 clauses_added=2416 circuit_clauses_added=0 cumulative_clauses_added=0 cop_clauses_added=2416 circuit_cegar_failures=0 circuit_cegar_rounds=0 circuit_cegar_added_clauses=0 cumulative_cegar_failures=0 cumulative_cegar_rounds=0 cumulative_cegar_added_clauses=0 cop_cegar_failures=1 cop_cegar_rounds=2 cop_cegar_added_clauses=2416
c 00h00m00s | stage:sat:solve:start round=2 circuit_cegar_rounds=- cumulative_cegar_rounds=- cop_cegar_rounds=3 assumptions=0 phase_lits=368
c 00h00m00s | stage:sat:solve:done round=2 ms=0 result=Sat assumptions=0 phase_lits=368
c 00h00m00s | stage:decode:start round=2 requested_int_ids=368
c 00h00m00s | stage:decode:final:start round=2 requested_int_ids=368
c 00h00m00s | stage:decode:done round=2 int_assignments=368
c 00h00m00s | stage:relaxation:done clauses_added=0 circuit_cegar_failures=0 circuit_cegar_rounds=0 circuit_cegar_added_clauses=0 cumulative_cegar_failures=0 cumulative_cegar_rounds=0 cumulative_cegar_added_clauses=0 cop_cegar_failures=1 cop_cegar_rounds=3 cop_cegar_added_clauses=2416
c 00h00m00s | result:Sat
c 00h00m00s | objective:incumbent kind=improvement value=47 rounds=2 improvements=1
o 47
c 00h00m00s | stage:sat:init solver=CaDiCaL vars=6836 clauses=27925
c 00h00m00s | stage:sat:solve:start round=1 circuit_cegar_rounds=- cumulative_cegar_rounds=- cop_cegar_rounds=4 assumptions=0 phase_lits=368
c 00h00m00s | stage:sat:solve:done round=1 ms=0 result=Sat assumptions=0 phase_lits=368
c 00h00m00s | stage:decode:start round=1 requested_int_ids=368
c 00h00m00s | stage:relaxation:done round=1 clauses_added=2421 circuit_clauses_added=0 cumulative_clauses_added=0 cop_clauses_added=2421 circuit_cegar_failures=0 circuit_cegar_rounds=0 circuit_cegar_added_clauses=0 cumulative_cegar_failures=0 cumulative_cegar_rounds=0 cumulative_cegar_added_clauses=0 cop_cegar_failures=2 cop_cegar_rounds=4 cop_cegar_added_clauses=4837
c 00h00m00s | stage:sat:solve:start round=2 circuit_cegar_rounds=- cumulative_cegar_rounds=- cop_cegar_rounds=5 assumptions=0 phase_lits=368
c 00h00m00s | stage:sat:solve:done round=2 ms=0 result=Sat assumptions=0 phase_lits=368
c 00h00m00s | stage:decode:start round=2 requested_int_ids=368
c 00h00m00s | stage:decode:final:start round=2 requested_int_ids=368
c 00h00m00s | stage:decode:done round=2 int_assignments=368
c 00h00m00s | stage:relaxation:done clauses_added=0 circuit_cegar_failures=0 circuit_cegar_rounds=0 circuit_cegar_added_clauses=0 cumulative_cegar_failures=0 cumulative_cegar_rounds=0 cumulative_cegar_added_clauses=0 cop_cegar_failures=2 cop_cegar_rounds=5 cop_cegar_added_clauses=4837
c 00h00m00s | result:Sat
c 00h00m00s | objective:incumbent kind=improvement value=46 rounds=3 improvements=2
o 46
c 00h00m00s | stage:sat:init solver=CaDiCaL vars=6836 clauses=27925
c 00h00m00s | stage:sat:solve:start round=1 circuit_cegar_rounds=- cumulative_cegar_rounds=- cop_cegar_rounds=6 assumptions=0 phase_lits=368
c 00h00m00s | stage:sat:solve:done round=1 ms=0 result=Sat assumptions=0 phase_lits=368
c 00h00m00s | stage:decode:start round=1 requested_int_ids=368
c 00h00m00s | stage:relaxation:done round=1 clauses_added=2420 circuit_clauses_added=0 cumulative_clauses_added=0 cop_clauses_added=2420 circuit_cegar_failures=0 circuit_cegar_rounds=0 circuit_cegar_added_clauses=0 cumulative_cegar_failures=0 cumulative_cegar_rounds=0 cumulative_cegar_added_clauses=0 cop_cegar_failures=3 cop_cegar_rounds=6 cop_cegar_added_clauses=7257
c 00h00m00s | stage:sat:solve:start round=2 circuit_cegar_rounds=- cumulative_cegar_rounds=- cop_cegar_rounds=7 assumptions=0 phase_lits=368
c 00h00m00s | stage:sat:solve:done round=2 ms=0 result=Sat assumptions=0 phase_lits=368
c 00h00m00s | stage:decode:start round=2 requested_int_ids=368
c 00h00m00s | stage:decode:final:start round=2 requested_int_ids=368
c 00h00m00s | stage:decode:done round=2 int_assignments=368
c 00h00m00s | stage:relaxation:done clauses_added=0 circuit_cegar_failures=0 circuit_cegar_rounds=0 circuit_cegar_added_clauses=0 cumulative_cegar_failures=0 cumulative_cegar_rounds=0 cumulative_cegar_added_clauses=0 cop_cegar_failures=3 cop_cegar_rounds=7 cop_cegar_added_clauses=7257
c 00h00m00s | result:Sat
c 00h00m00s | objective:incumbent kind=improvement value=45 rounds=4 improvements=3
o 45
c 00h00m00s | stage:sat:init solver=CaDiCaL vars=6836 clauses=27925
c 00h00m00s | stage:sat:solve:start round=1 circuit_cegar_rounds=- cumulative_cegar_rounds=- cop_cegar_rounds=8 assumptions=0 phase_lits=368
c 00h00m00s | stage:sat:solve:done round=1 ms=0 result=Sat assumptions=0 phase_lits=368
c 00h00m00s | stage:decode:start round=1 requested_int_ids=368
c 00h00m00s | stage:relaxation:done round=1 clauses_added=2422 circuit_clauses_added=0 cumulative_clauses_added=0 cop_clauses_added=2422 circuit_cegar_failures=0 circuit_cegar_rounds=0 circuit_cegar_added_clauses=0 cumulative_cegar_failures=0 cumulative_cegar_rounds=0 cumulative_cegar_added_clauses=0 cop_cegar_failures=4 cop_cegar_rounds=8 cop_cegar_added_clauses=9679
c 00h00m00s | stage:sat:solve:start round=2 circuit_cegar_rounds=- cumulative_cegar_rounds=- cop_cegar_rounds=9 assumptions=0 phase_lits=368
c 00h00m00s | stage:sat:solve:done round=2 ms=0 result=Sat assumptions=0 phase_lits=368
c 00h00m00s | stage:decode:start round=2 requested_int_ids=368
c 00h00m00s | stage:decode:final:start round=2 requested_int_ids=368
c 00h00m00s | stage:decode:done round=2 int_assignments=368
c 00h00m00s | stage:relaxation:done clauses_added=0 circuit_cegar_failures=0 circuit_cegar_rounds=0 circuit_cegar_added_clauses=0 cumulative_cegar_failures=0 cumulative_cegar_rounds=0 cumulative_cegar_added_clauses=0 cop_cegar_failures=4 cop_cegar_rounds=9 cop_cegar_added_clauses=9679
c 00h00m00s | result:Sat
c 00h00m00s | objective:incumbent kind=improvement value=44 rounds=5 improvements=4
o 44
c 00h00m00s | stage:sat:init solver=CaDiCaL vars=6836 clauses=27925
c 00h00m00s | stage:sat:solve:start round=1 circuit_cegar_rounds=- cumulative_cegar_rounds=- cop_cegar_rounds=10 assumptions=0 phase_lits=368
c 00h00m00s | stage:sat:solve:done round=1 ms=0 result=Sat assumptions=0 phase_lits=368
c 00h00m00s | stage:decode:start round=1 requested_int_ids=368
c 00h00m00s | stage:relaxation:done round=1 clauses_added=2419 circuit_clauses_added=0 cumulative_clauses_added=0 cop_clauses_added=2419 circuit_cegar_failures=0 circuit_cegar_rounds=0 circuit_cegar_added_clauses=0 cumulative_cegar_failures=0 cumulative_cegar_rounds=0 cumulative_cegar_added_clauses=0 cop_cegar_failures=5 cop_cegar_rounds=10 cop_cegar_added_clauses=12098
c 00h00m00s | stage:sat:solve:start round=2 circuit_cegar_rounds=- cumulative_cegar_rounds=- cop_cegar_rounds=11 assumptions=0 phase_lits=368
c 00h00m00s | stage:sat:solve:done round=2 ms=0 result=Sat assumptions=0 phase_lits=368
c 00h00m00s | stage:decode:start round=2 requested_int_ids=368
c 00h00m00s | stage:decode:final:start round=2 requested_int_ids=368
c 00h00m00s | stage:decode:done round=2 int_assignments=368
c 00h00m00s | stage:relaxation:done clauses_added=0 circuit_cegar_failures=0 circuit_cegar_rounds=0 circuit_cegar_added_clauses=0 cumulative_cegar_failures=0 cumulative_cegar_rounds=0 cumulative_cegar_added_clauses=0 cop_cegar_failures=5 cop_cegar_rounds=11 cop_cegar_added_clauses=12098
c 00h00m00s | result:Sat
c 00h00m00s | objective:incumbent kind=improvement value=43 rounds=6 improvements=5
o 43
c 00h00m00s | stage:sat:init solver=CaDiCaL vars=6836 clauses=27925
c 00h00m00s | stage:sat:solve:start round=1 circuit_cegar_rounds=- cumulative_cegar_rounds=- cop_cegar_rounds=12 assumptions=0 phase_lits=368
c 00h00m00s | stage:sat:solve:done round=1 ms=0 result=Sat assumptions=0 phase_lits=368
c 00h00m00s | stage:decode:start round=1 requested_int_ids=368
c 00h00m00s | stage:relaxation:done round=1 clauses_added=2422 circuit_clauses_added=0 cumulative_clauses_added=0 cop_clauses_added=2422 circuit_cegar_failures=0 circuit_cegar_rounds=0 circuit_cegar_added_clauses=0 cumulative_cegar_failures=0 cumulative_cegar_rounds=0 cumulative_cegar_added_clauses=0 cop_cegar_failures=6 cop_cegar_rounds=12 cop_cegar_added_clauses=14520
c 00h00m00s | stage:sat:solve:start round=2 circuit_cegar_rounds=- cumulative_cegar_rounds=- cop_cegar_rounds=13 assumptions=0 phase_lits=368
c 00h00m00s | stage:sat:solve:done round=2 ms=1 result=Sat assumptions=0 phase_lits=368
c 00h00m00s | stage:decode:start round=2 requested_int_ids=368
c 00h00m00s | stage:decode:final:start round=2 requested_int_ids=368
c 00h00m00s | stage:decode:done round=2 int_assignments=368
c 00h00m00s | stage:relaxation:done clauses_added=0 circuit_cegar_failures=0 circuit_cegar_rounds=0 circuit_cegar_added_clauses=0 cumulative_cegar_failures=0 cumulative_cegar_rounds=0 cumulative_cegar_added_clauses=0 cop_cegar_failures=6 cop_cegar_rounds=13 cop_cegar_added_clauses=14520
c 00h00m00s | result:Sat
c 00h00m00s | objective:incumbent kind=improvement value=42 rounds=7 improvements=6
o 42
c 00h00m00s | stage:sat:init solver=CaDiCaL vars=6836 clauses=27925
c 00h00m00s | stage:sat:solve:start round=1 circuit_cegar_rounds=- cumulative_cegar_rounds=- cop_cegar_rounds=14 assumptions=0 phase_lits=368
c 00h00m00s | stage:sat:solve:done round=1 ms=1 result=Sat assumptions=0 phase_lits=368
c 00h00m00s | stage:decode:start round=1 requested_int_ids=368
c 00h00m00s | stage:relaxation:done round=1 clauses_added=2421 circuit_clauses_added=0 cumulative_clauses_added=0 cop_clauses_added=2421 circuit_cegar_failures=0 circuit_cegar_rounds=0 circuit_cegar_added_clauses=0 cumulative_cegar_failures=0 cumulative_cegar_rounds=0 cumulative_cegar_added_clauses=0 cop_cegar_failures=7 cop_cegar_rounds=14 cop_cegar_added_clauses=16941
c 00h00m00s | stage:sat:solve:start round=2 circuit_cegar_rounds=- cumulative_cegar_rounds=- cop_cegar_rounds=15 assumptions=0 phase_lits=368
c 00h00m00s | stage:sat:solve:done round=2 ms=1 result=Sat assumptions=0 phase_lits=368
c 00h00m00s | stage:decode:start round=2 requested_int_ids=368
c 00h00m00s | stage:decode:final:start round=2 requested_int_ids=368
c 00h00m00s | stage:decode:done round=2 int_assignments=368
c 00h00m00s | stage:relaxation:done clauses_added=0 circuit_cegar_failures=0 circuit_cegar_rounds=0 circuit_cegar_added_clauses=0 cumulative_cegar_failures=0 cumulative_cegar_rounds=0 cumulative_cegar_added_clauses=0 cop_cegar_failures=7 cop_cegar_rounds=15 cop_cegar_added_clauses=16941
c 00h00m00s | result:Sat
c 00h00m00s | objective:incumbent kind=improvement value=41 rounds=8 improvements=7
o 41
c 00h00m00s | stage:sat:init solver=CaDiCaL vars=6836 clauses=27925
c 00h00m00s | stage:sat:solve:start round=1 circuit_cegar_rounds=- cumulative_cegar_rounds=- cop_cegar_rounds=16 assumptions=0 phase_lits=368
c 00h00m00s | stage:sat:solve:done round=1 ms=1 result=Sat assumptions=0 phase_lits=368
c 00h00m00s | stage:decode:start round=1 requested_int_ids=368
c 00h00m00s | stage:relaxation:done round=1 clauses_added=2423 circuit_clauses_added=0 cumulative_clauses_added=0 cop_clauses_added=2423 circuit_cegar_failures=0 circuit_cegar_rounds=0 circuit_cegar_added_clauses=0 cumulative_cegar_failures=0 cumulative_cegar_rounds=0 cumulative_cegar_added_clauses=0 cop_cegar_failures=8 cop_cegar_rounds=16 cop_cegar_added_clauses=19364
c 00h00m00s | stage:sat:solve:start round=2 circuit_cegar_rounds=- cumulative_cegar_rounds=- cop_cegar_rounds=17 assumptions=0 phase_lits=368
c 00h00m00s | stage:sat:solve:done round=2 ms=1 result=Sat assumptions=0 phase_lits=368
c 00h00m00s | stage:decode:start round=2 requested_int_ids=368
c 00h00m00s | stage:decode:final:start round=2 requested_int_ids=368
c 00h00m00s | stage:decode:done round=2 int_assignments=368
c 00h00m00s | stage:relaxation:done clauses_added=0 circuit_cegar_failures=0 circuit_cegar_rounds=0 circuit_cegar_added_clauses=0 cumulative_cegar_failures=0 cumulative_cegar_rounds=0 cumulative_cegar_added_clauses=0 cop_cegar_failures=8 cop_cegar_rounds=17 cop_cegar_added_clauses=19364
c 00h00m00s | result:Sat
c 00h00m00s | objective:incumbent kind=improvement value=40 rounds=9 improvements=8
o 40
c 00h00m00s | stage:sat:init solver=CaDiCaL vars=6836 clauses=27925
c 00h00m00s | stage:sat:solve:start round=1 circuit_cegar_rounds=- cumulative_cegar_rounds=- cop_cegar_rounds=18 assumptions=0 phase_lits=368
c 00h00m00s | stage:sat:solve:done round=1 ms=1 result=Sat assumptions=0 phase_lits=368
c 00h00m00s | stage:decode:start round=1 requested_int_ids=368
c 00h00m00s | stage:relaxation:done round=1 clauses_added=2418 circuit_clauses_added=0 cumulative_clauses_added=0 cop_clauses_added=2418 circuit_cegar_failures=0 circuit_cegar_rounds=0 circuit_cegar_added_clauses=0 cumulative_cegar_failures=0 cumulative_cegar_rounds=0 cumulative_cegar_added_clauses=0 cop_cegar_failures=9 cop_cegar_rounds=18 cop_cegar_added_clauses=21782
c 00h00m00s | stage:sat:solve:start round=2 circuit_cegar_rounds=- cumulative_cegar_rounds=- cop_cegar_rounds=19 assumptions=0 phase_lits=368
c 00h00m00s | stage:sat:solve:done round=2 ms=1 result=Sat assumptions=0 phase_lits=368
c 00h00m00s | stage:decode:start round=2 requested_int_ids=368
c 00h00m00s | stage:decode:final:start round=2 requested_int_ids=368
c 00h00m00s | stage:decode:done round=2 int_assignments=368
c 00h00m00s | stage:relaxation:done clauses_added=0 circuit_cegar_failures=0 circuit_cegar_rounds=0 circuit_cegar_added_clauses=0 cumulative_cegar_failures=0 cumulative_cegar_rounds=0 cumulative_cegar_added_clauses=0 cop_cegar_failures=9 cop_cegar_rounds=19 cop_cegar_added_clauses=21782
c 00h00m00s | result:Sat
c 00h00m00s | objective:incumbent kind=improvement value=39 rounds=10 improvements=9
o 39
c 00h00m00s | stage:sat:init solver=CaDiCaL vars=6836 clauses=27925
c 00h00m00s | stage:sat:solve:start round=1 circuit_cegar_rounds=- cumulative_cegar_rounds=- cop_cegar_rounds=20 assumptions=0 phase_lits=368
c 00h00m00s | stage:sat:solve:done round=1 ms=1 result=Sat assumptions=0 phase_lits=368
c 00h00m00s | stage:decode:start round=1 requested_int_ids=368
c 00h00m00s | stage:relaxation:done round=1 clauses_added=2422 circuit_clauses_added=0 cumulative_clauses_added=0 cop_clauses_added=2422 circuit_cegar_failures=0 circuit_cegar_rounds=0 circuit_cegar_added_clauses=0 cumulative_cegar_failures=0 cumulative_cegar_rounds=0 cumulative_cegar_added_clauses=0 cop_cegar_failures=10 cop_cegar_rounds=20 cop_cegar_added_clauses=24204
c 00h00m00s | stage:sat:solve:start round=2 circuit_cegar_rounds=- cumulative_cegar_rounds=- cop_cegar_rounds=21 assumptions=0 phase_lits=368
c 00h00m00s | stage:sat:solve:done round=2 ms=1 result=Sat assumptions=0 phase_lits=368
c 00h00m00s | stage:decode:start round=2 requested_int_ids=368
c 00h00m00s | stage:decode:final:start round=2 requested_int_ids=368
c 00h00m00s | stage:decode:done round=2 int_assignments=368
c 00h00m00s | stage:relaxation:done clauses_added=0 circuit_cegar_failures=0 circuit_cegar_rounds=0 circuit_cegar_added_clauses=0 cumulative_cegar_failures=0 cumulative_cegar_rounds=0 cumulative_cegar_added_clauses=0 cop_cegar_failures=10 cop_cegar_rounds=21 cop_cegar_added_clauses=24204
c 00h00m00s | result:Sat
c 00h00m00s | objective:incumbent kind=improvement value=38 rounds=11 improvements=10
o 38
c 00h00m00s | stage:sat:init solver=CaDiCaL vars=6836 clauses=27925
c 00h00m00s | stage:sat:solve:start round=1 circuit_cegar_rounds=- cumulative_cegar_rounds=- cop_cegar_rounds=22 assumptions=0 phase_lits=368
c 00h00m00s | stage:sat:solve:done round=1 ms=1 result=Sat assumptions=0 phase_lits=368
c 00h00m00s | stage:decode:start round=1 requested_int_ids=368
c 00h00m00s | stage:relaxation:done round=1 clauses_added=2421 circuit_clauses_added=0 cumulative_clauses_added=0 cop_clauses_added=2421 circuit_cegar_failures=0 circuit_cegar_rounds=0 circuit_cegar_added_clauses=0 cumulative_cegar_failures=0 cumulative_cegar_rounds=0 cumulative_cegar_added_clauses=0 cop_cegar_failures=11 cop_cegar_rounds=22 cop_cegar_added_clauses=26625
c 00h00m00s | stage:sat:solve:start round=2 circuit_cegar_rounds=- cumulative_cegar_rounds=- cop_cegar_rounds=23 assumptions=0 phase_lits=368
c 00h00m00s | stage:sat:solve:done round=2 ms=1 result=Sat assumptions=0 phase_lits=368
c 00h00m00s | stage:decode:start round=2 requested_int_ids=368
c 00h00m00s | stage:decode:final:start round=2 requested_int_ids=368
c 00h00m00s | stage:decode:done round=2 int_assignments=368
c 00h00m00s | stage:relaxation:done clauses_added=0 circuit_cegar_failures=0 circuit_cegar_rounds=0 circuit_cegar_added_clauses=0 cumulative_cegar_failures=0 cumulative_cegar_rounds=0 cumulative_cegar_added_clauses=0 cop_cegar_failures=11 cop_cegar_rounds=23 cop_cegar_added_clauses=26625
c 00h00m00s | result:Sat
c 00h00m00s | objective:incumbent kind=improvement value=37 rounds=12 improvements=11
o 37
c 00h00m00s | stage:sat:init solver=CaDiCaL vars=6836 clauses=27925
c 00h00m00s | stage:sat:solve:start round=1 circuit_cegar_rounds=- cumulative_cegar_rounds=- cop_cegar_rounds=24 assumptions=0 phase_lits=368
c 00h00m00s | stage:sat:solve:done round=1 ms=1 result=Sat assumptions=0 phase_lits=368
c 00h00m00s | stage:decode:start round=1 requested_int_ids=368
c 00h00m00s | stage:relaxation:done round=1 clauses_added=2423 circuit_clauses_added=0 cumulative_clauses_added=0 cop_clauses_added=2423 circuit_cegar_failures=0 circuit_cegar_rounds=0 circuit_cegar_added_clauses=0 cumulative_cegar_failures=0 cumulative_cegar_rounds=0 cumulative_cegar_added_clauses=0 cop_cegar_failures=12 cop_cegar_rounds=24 cop_cegar_added_clauses=29048
c 00h00m00s | stage:sat:solve:start round=2 circuit_cegar_rounds=- cumulative_cegar_rounds=- cop_cegar_rounds=25 assumptions=0 phase_lits=368
c 00h00m00s | stage:sat:solve:done round=2 ms=1 result=Sat assumptions=0 phase_lits=368
c 00h00m00s | stage:decode:start round=2 requested_int_ids=368
c 00h00m00s | stage:decode:final:start round=2 requested_int_ids=368
c 00h00m00s | stage:decode:done round=2 int_assignments=368
c 00h00m00s | stage:relaxation:done clauses_added=0 circuit_cegar_failures=0 circuit_cegar_rounds=0 circuit_cegar_added_clauses=0 cumulative_cegar_failures=0 cumulative_cegar_rounds=0 cumulative_cegar_added_clauses=0 cop_cegar_failures=12 cop_cegar_rounds=25 cop_cegar_added_clauses=29048
c 00h00m00s | result:Sat
c 00h00m00s | objective:incumbent kind=improvement value=36 rounds=13 improvements=12
o 36
c 00h00m00s | stage:sat:init solver=CaDiCaL vars=6836 clauses=27925
c 00h00m00s | stage:sat:solve:start round=1 circuit_cegar_rounds=- cumulative_cegar_rounds=- cop_cegar_rounds=26 assumptions=0 phase_lits=368
c 00h00m00s | stage:sat:solve:done round=1 ms=1 result=Sat assumptions=0 phase_lits=368
c 00h00m00s | stage:decode:start round=1 requested_int_ids=368
c 00h00m00s | stage:relaxation:done round=1 clauses_added=2420 circuit_clauses_added=0 cumulative_clauses_added=0 cop_clauses_added=2420 circuit_cegar_failures=0 circuit_cegar_rounds=0 circuit_cegar_added_clauses=0 cumulative_cegar_failures=0 cumulative_cegar_rounds=0 cumulative_cegar_added_clauses=0 cop_cegar_failures=13 cop_cegar_rounds=26 cop_cegar_added_clauses=31468
c 00h00m00s | stage:sat:solve:start round=2 circuit_cegar_rounds=- cumulative_cegar_rounds=- cop_cegar_rounds=27 assumptions=0 phase_lits=368
c 00h00m00s | stage:sat:solve:done round=2 ms=1 result=Sat assumptions=0 phase_lits=368
c 00h00m00s | stage:decode:start round=2 requested_int_ids=368
c 00h00m00s | stage:decode:final:start round=2 requested_int_ids=368
c 00h00m00s | stage:decode:done round=2 int_assignments=368
c 00h00m00s | stage:relaxation:done clauses_added=0 circuit_cegar_failures=0 circuit_cegar_rounds=0 circuit_cegar_added_clauses=0 cumulative_cegar_failures=0 cumulative_cegar_rounds=0 cumulative_cegar_added_clauses=0 cop_cegar_failures=13 cop_cegar_rounds=27 cop_cegar_added_clauses=31468
c 00h00m00s | result:Sat
c 00h00m00s | objective:incumbent kind=improvement value=35 rounds=14 improvements=13
o 35
c 00h00m00s | stage:sat:init solver=CaDiCaL vars=6836 clauses=27925
c 00h00m00s | stage:sat:solve:start round=1 circuit_cegar_rounds=- cumulative_cegar_rounds=- cop_cegar_rounds=28 assumptions=0 phase_lits=368
c 00h00m00s | stage:sat:solve:done round=1 ms=1 result=Sat assumptions=0 phase_lits=368
c 00h00m00s | stage:decode:start round=1 requested_int_ids=368
c 00h00m00s | stage:relaxation:done round=1 clauses_added=2423 circuit_clauses_added=0 cumulative_clauses_added=0 cop_clauses_added=2423 circuit_cegar_failures=0 circuit_cegar_rounds=0 circuit_cegar_added_clauses=0 cumulative_cegar_failures=0 cumulative_cegar_rounds=0 cumulative_cegar_added_clauses=0 cop_cegar_failures=14 cop_cegar_rounds=28 cop_cegar_added_clauses=33891
c 00h00m00s | stage:sat:solve:start round=2 circuit_cegar_rounds=- cumulative_cegar_rounds=- cop_cegar_rounds=29 assumptions=0 phase_lits=368
c 00h00m00s | stage:sat:solve:done round=2 ms=1 result=Sat assumptions=0 phase_lits=368
c 00h00m00s | stage:decode:start round=2 requested_int_ids=368
c 00h00m00s | stage:decode:final:start round=2 requested_int_ids=368
c 00h00m00s | stage:decode:done round=2 int_assignments=368
c 00h00m00s | stage:relaxation:done clauses_added=0 circuit_cegar_failures=0 circuit_cegar_rounds=0 circuit_cegar_added_clauses=0 cumulative_cegar_failures=0 cumulative_cegar_rounds=0 cumulative_cegar_added_clauses=0 cop_cegar_failures=14 cop_cegar_rounds=29 cop_cegar_added_clauses=33891
c 00h00m00s | result:Sat
c 00h00m00s | objective:incumbent kind=improvement value=34 rounds=15 improvements=14
o 34
c 00h00m00s | stage:sat:init solver=CaDiCaL vars=6836 clauses=27925
c 00h00m00s | stage:sat:solve:start round=1 circuit_cegar_rounds=- cumulative_cegar_rounds=- cop_cegar_rounds=30 assumptions=0 phase_lits=368
c 00h00m00s | stage:sat:solve:done round=1 ms=1 result=Sat assumptions=0 phase_lits=368
c 00h00m00s | stage:decode:start round=1 requested_int_ids=368
c 00h00m00s | stage:relaxation:done round=1 clauses_added=2422 circuit_clauses_added=0 cumulative_clauses_added=0 cop_clauses_added=2422 circuit_cegar_failures=0 circuit_cegar_rounds=0 circuit_cegar_added_clauses=0 cumulative_cegar_failures=0 cumulative_cegar_rounds=0 cumulative_cegar_added_clauses=0 cop_cegar_failures=15 cop_cegar_rounds=30 cop_cegar_added_clauses=36313
c 00h00m00s | stage:sat:solve:start round=2 circuit_cegar_rounds=- cumulative_cegar_rounds=- cop_cegar_rounds=31 assumptions=0 phase_lits=368
c 00h00m00s | stage:sat:solve:done round=2 ms=1 result=Sat assumptions=0 phase_lits=368
c 00h00m00s | stage:decode:start round=2 requested_int_ids=368
c 00h00m00s | stage:decode:final:start round=2 requested_int_ids=368
c 00h00m00s | stage:decode:done round=2 int_assignments=368
c 00h00m00s | stage:relaxation:done clauses_added=0 circuit_cegar_failures=0 circuit_cegar_rounds=0 circuit_cegar_added_clauses=0 cumulative_cegar_failures=0 cumulative_cegar_rounds=0 cumulative_cegar_added_clauses=0 cop_cegar_failures=15 cop_cegar_rounds=31 cop_cegar_added_clauses=36313
c 00h00m00s | result:Sat
c 00h00m00s | objective:incumbent kind=improvement value=33 rounds=16 improvements=15
o 33
c 00h00m00s | stage:sat:init solver=CaDiCaL vars=6836 clauses=27925
c 00h00m00s | stage:sat:solve:start round=1 circuit_cegar_rounds=- cumulative_cegar_rounds=- cop_cegar_rounds=32 assumptions=0 phase_lits=368
c 00h00m00s | stage:sat:solve:done round=1 ms=1 result=Sat assumptions=0 phase_lits=368
c 00h00m00s | stage:decode:start round=1 requested_int_ids=368
c 00h00m00s | stage:relaxation:done round=1 clauses_added=2424 circuit_clauses_added=0 cumulative_clauses_added=0 cop_clauses_added=2424 circuit_cegar_failures=0 circuit_cegar_rounds=0 circuit_cegar_added_clauses=0 cumulative_cegar_failures=0 cumulative_cegar_rounds=0 cumulative_cegar_added_clauses=0 cop_cegar_failures=16 cop_cegar_rounds=32 cop_cegar_added_clauses=38737
c 00h00m00s | stage:sat:solve:start round=2 circuit_cegar_rounds=- cumulative_cegar_rounds=- cop_cegar_rounds=33 assumptions=0 phase_lits=368
c 00h00m00s | stage:sat:solve:done round=2 ms=1 result=Sat assumptions=0 phase_lits=368
c 00h00m00s | stage:decode:start round=2 requested_int_ids=368
c 00h00m00s | stage:decode:final:start round=2 requested_int_ids=368
c 00h00m00s | stage:decode:done round=2 int_assignments=368
c 00h00m00s | stage:relaxation:done clauses_added=0 circuit_cegar_failures=0 circuit_cegar_rounds=0 circuit_cegar_added_clauses=0 cumulative_cegar_failures=0 cumulative_cegar_rounds=0 cumulative_cegar_added_clauses=0 cop_cegar_failures=16 cop_cegar_rounds=33 cop_cegar_added_clauses=38737
c 00h00m00s | result:Sat
c 00h00m00s | objective:incumbent kind=improvement value=32 rounds=17 improvements=16
o 32
c 00h00m00s | stage:sat:init solver=CaDiCaL vars=6836 clauses=27925
c 00h00m00s | stage:sat:solve:start round=1 circuit_cegar_rounds=- cumulative_cegar_rounds=- cop_cegar_rounds=34 assumptions=0 phase_lits=368
c 00h00m00s | stage:sat:solve:done round=1 ms=1 result=Sat assumptions=0 phase_lits=368
c 00h00m00s | stage:decode:start round=1 requested_int_ids=368
c 00h00m00s | stage:relaxation:done round=1 clauses_added=2415 circuit_clauses_added=0 cumulative_clauses_added=0 cop_clauses_added=2415 circuit_cegar_failures=0 circuit_cegar_rounds=0 circuit_cegar_added_clauses=0 cumulative_cegar_failures=0 cumulative_cegar_rounds=0 cumulative_cegar_added_clauses=0 cop_cegar_failures=17 cop_cegar_rounds=34 cop_cegar_added_clauses=41152
c 00h00m00s | stage:sat:solve:start round=2 circuit_cegar_rounds=- cumulative_cegar_rounds=- cop_cegar_rounds=35 assumptions=0 phase_lits=368
c 00h00m00s | stage:sat:solve:done round=2 ms=2 result=Sat assumptions=0 phase_lits=368
c 00h00m00s | stage:decode:start round=2 requested_int_ids=368
c 00h00m00s | stage:decode:final:start round=2 requested_int_ids=368
c 00h00m00s | stage:decode:done round=2 int_assignments=368
c 00h00m00s | stage:relaxation:done clauses_added=0 circuit_cegar_failures=0 circuit_cegar_rounds=0 circuit_cegar_added_clauses=0 cumulative_cegar_failures=0 cumulative_cegar_rounds=0 cumulative_cegar_added_clauses=0 cop_cegar_failures=17 cop_cegar_rounds=35 cop_cegar_added_clauses=41152
c 00h00m00s | result:Sat
c 00h00m00s | objective:incumbent kind=improvement value=31 rounds=18 improvements=17
o 31
c 00h00m00s | stage:sat:init solver=CaDiCaL vars=6836 clauses=27925
c 00h00m00s | stage:sat:solve:start round=1 circuit_cegar_rounds=- cumulative_cegar_rounds=- cop_cegar_rounds=36 assumptions=0 phase_lits=368
c 00h00m00s | stage:sat:solve:done round=1 ms=2 result=Sat assumptions=0 phase_lits=368
c 00h00m00s | stage:decode:start round=1 requested_int_ids=368
c 00h00m00s | stage:relaxation:done round=1 clauses_added=2421 circuit_clauses_added=0 cumulative_clauses_added=0 cop_clauses_added=2421 circuit_cegar_failures=0 circuit_cegar_rounds=0 circuit_cegar_added_clauses=0 cumulative_cegar_failures=0 cumulative_cegar_rounds=0 cumulative_cegar_added_clauses=0 cop_cegar_failures=18 cop_cegar_rounds=36 cop_cegar_added_clauses=43573
c 00h00m00s | stage:sat:solve:start round=2 circuit_cegar_rounds=- cumulative_cegar_rounds=- cop_cegar_rounds=37 assumptions=0 phase_lits=368
c 00h00m00s | stage:sat:solve:done round=2 ms=2 result=Sat assumptions=0 phase_lits=368
c 00h00m00s | stage:decode:start round=2 requested_int_ids=368
c 00h00m00s | stage:decode:final:start round=2 requested_int_ids=368
c 00h00m00s | stage:decode:done round=2 int_assignments=368
c 00h00m00s | stage:relaxation:done clauses_added=0 circuit_cegar_failures=0 circuit_cegar_rounds=0 circuit_cegar_added_clauses=0 cumulative_cegar_failures=0 cumulative_cegar_rounds=0 cumulative_cegar_added_clauses=0 cop_cegar_failures=18 cop_cegar_rounds=37 cop_cegar_added_clauses=43573
c 00h00m00s | result:Sat
c 00h00m00s | objective:incumbent kind=improvement value=30 rounds=19 improvements=18
o 30
c 00h00m00s | stage:sat:init solver=CaDiCaL vars=6836 clauses=27925
c 00h00m00s | stage:sat:solve:start round=1 circuit_cegar_rounds=- cumulative_cegar_rounds=- cop_cegar_rounds=38 assumptions=0 phase_lits=368
c 00h00m00s | stage:sat:solve:done round=1 ms=2 result=Sat assumptions=0 phase_lits=368
c 00h00m00s | stage:decode:start round=1 requested_int_ids=368
c 00h00m00s | stage:relaxation:done round=1 clauses_added=2420 circuit_clauses_added=0 cumulative_clauses_added=0 cop_clauses_added=2420 circuit_cegar_failures=0 circuit_cegar_rounds=0 circuit_cegar_added_clauses=0 cumulative_cegar_failures=0 cumulative_cegar_rounds=0 cumulative_cegar_added_clauses=0 cop_cegar_failures=19 cop_cegar_rounds=38 cop_cegar_added_clauses=45993
c 00h00m00s | stage:sat:solve:start round=2 circuit_cegar_rounds=- cumulative_cegar_rounds=- cop_cegar_rounds=39 assumptions=0 phase_lits=368
c 00h00m00s | stage:sat:solve:done round=2 ms=2 result=Sat assumptions=0 phase_lits=368
c 00h00m00s | stage:decode:start round=2 requested_int_ids=368
c 00h00m00s | stage:decode:final:start round=2 requested_int_ids=368
c 00h00m00s | stage:decode:done round=2 int_assignments=368
c 00h00m00s | stage:relaxation:done clauses_added=0 circuit_cegar_failures=0 circuit_cegar_rounds=0 circuit_cegar_added_clauses=0 cumulative_cegar_failures=0 cumulative_cegar_rounds=0 cumulative_cegar_added_clauses=0 cop_cegar_failures=19 cop_cegar_rounds=39 cop_cegar_added_clauses=45993
c 00h00m00s | result:Sat
c 00h00m00s | objective:incumbent kind=improvement value=29 rounds=20 improvements=19
o 29
c 00h00m00s | stage:sat:init solver=CaDiCaL vars=6836 clauses=27925
c 00h00m00s | stage:sat:solve:start round=1 circuit_cegar_rounds=- cumulative_cegar_rounds=- cop_cegar_rounds=40 assumptions=0 phase_lits=368
c 00h00m00s | stage:sat:solve:done round=1 ms=2 result=Sat assumptions=0 phase_lits=368
c 00h00m00s | stage:decode:start round=1 requested_int_ids=368
c 00h00m00s | stage:relaxation:done round=1 clauses_added=2422 circuit_clauses_added=0 cumulative_clauses_added=0 cop_clauses_added=2422 circuit_cegar_failures=0 circuit_cegar_rounds=0 circuit_cegar_added_clauses=0 cumulative_cegar_failures=0 cumulative_cegar_rounds=0 cumulative_cegar_added_clauses=0 cop_cegar_failures=20 cop_cegar_rounds=40 cop_cegar_added_clauses=48415
c 00h00m00s | stage:sat:solve:start round=2 circuit_cegar_rounds=- cumulative_cegar_rounds=- cop_cegar_rounds=41 assumptions=0 phase_lits=368
c 00h00m00s | stage:sat:solve:done round=2 ms=2 result=Sat assumptions=0 phase_lits=368
c 00h00m00s | stage:decode:start round=2 requested_int_ids=368
c 00h00m00s | stage:decode:final:start round=2 requested_int_ids=368
c 00h00m00s | stage:decode:done round=2 int_assignments=368
c 00h00m00s | stage:relaxation:done clauses_added=0 circuit_cegar_failures=0 circuit_cegar_rounds=0 circuit_cegar_added_clauses=0 cumulative_cegar_failures=0 cumulative_cegar_rounds=0 cumulative_cegar_added_clauses=0 cop_cegar_failures=20 cop_cegar_rounds=41 cop_cegar_added_clauses=48415
c 00h00m00s | result:Sat
c 00h00m00s | objective:incumbent kind=improvement value=28 rounds=21 improvements=20
o 28
c 00h00m00s | stage:sat:init solver=CaDiCaL vars=6836 clauses=27925
c 00h00m00s | stage:sat:solve:start round=1 circuit_cegar_rounds=- cumulative_cegar_rounds=- cop_cegar_rounds=42 assumptions=0 phase_lits=368
c 00h00m00s | stage:sat:solve:done round=1 ms=2 result=Sat assumptions=0 phase_lits=368
c 00h00m00s | stage:decode:start round=1 requested_int_ids=368
c 00h00m00s | stage:relaxation:done round=1 clauses_added=2419 circuit_clauses_added=0 cumulative_clauses_added=0 cop_clauses_added=2419 circuit_cegar_failures=0 circuit_cegar_rounds=0 circuit_cegar_added_clauses=0 cumulative_cegar_failures=0 cumulative_cegar_rounds=0 cumulative_cegar_added_clauses=0 cop_cegar_failures=21 cop_cegar_rounds=42 cop_cegar_added_clauses=50834
c 00h00m00s | stage:sat:solve:start round=2 circuit_cegar_rounds=- cumulative_cegar_rounds=- cop_cegar_rounds=43 assumptions=0 phase_lits=368
c 00h00m00s | stage:sat:solve:done round=2 ms=2 result=Sat assumptions=0 phase_lits=368
c 00h00m00s | stage:decode:start round=2 requested_int_ids=368
c 00h00m00s | stage:decode:final:start round=2 requested_int_ids=368
c 00h00m00s | stage:decode:done round=2 int_assignments=368
c 00h00m00s | stage:relaxation:done clauses_added=0 circuit_cegar_failures=0 circuit_cegar_rounds=0 circuit_cegar_added_clauses=0 cumulative_cegar_failures=0 cumulative_cegar_rounds=0 cumulative_cegar_added_clauses=0 cop_cegar_failures=21 cop_cegar_rounds=43 cop_cegar_added_clauses=50834
c 00h00m00s | result:Sat
c 00h00m00s | objective:incumbent kind=improvement value=27 rounds=22 improvements=21
o 27
c 00h00m00s | stage:sat:init solver=CaDiCaL vars=6836 clauses=27925
c 00h00m00s | stage:sat:solve:start round=1 circuit_cegar_rounds=- cumulative_cegar_rounds=- cop_cegar_rounds=44 assumptions=0 phase_lits=368
c 00h00m00s | stage:sat:solve:done round=1 ms=2 result=Sat assumptions=0 phase_lits=368
c 00h00m00s | stage:decode:start round=1 requested_int_ids=368
c 00h00m00s | stage:relaxation:done round=1 clauses_added=2422 circuit_clauses_added=0 cumulative_clauses_added=0 cop_clauses_added=2422 circuit_cegar_failures=0 circuit_cegar_rounds=0 circuit_cegar_added_clauses=0 cumulative_cegar_failures=0 cumulative_cegar_rounds=0 cumulative_cegar_added_clauses=0 cop_cegar_failures=22 cop_cegar_rounds=44 cop_cegar_added_clauses=53256
c 00h00m00s | stage:sat:solve:start round=2 circuit_cegar_rounds=- cumulative_cegar_rounds=- cop_cegar_rounds=45 assumptions=0 phase_lits=368
c 00h00m00s | stage:sat:solve:done round=2 ms=2 result=Sat assumptions=0 phase_lits=368
c 00h00m00s | stage:decode:start round=2 requested_int_ids=368
c 00h00m00s | stage:decode:final:start round=2 requested_int_ids=368
c 00h00m00s | stage:decode:done round=2 int_assignments=368
c 00h00m00s | stage:relaxation:done clauses_added=0 circuit_cegar_failures=0 circuit_cegar_rounds=0 circuit_cegar_added_clauses=0 cumulative_cegar_failures=0 cumulative_cegar_rounds=0 cumulative_cegar_added_clauses=0 cop_cegar_failures=22 cop_cegar_rounds=45 cop_cegar_added_clauses=53256
c 00h00m00s | result:Sat
c 00h00m00s | objective:incumbent kind=improvement value=26 rounds=23 improvements=22
o 26
c 00h00m00s | stage:sat:init solver=CaDiCaL vars=6836 clauses=27925
c 00h00m00s | stage:sat:solve:start round=1 circuit_cegar_rounds=- cumulative_cegar_rounds=- cop_cegar_rounds=46 assumptions=0 phase_lits=368
c 00h00m00s | stage:sat:solve:done round=1 ms=2 result=Sat assumptions=0 phase_lits=368
c 00h00m00s | stage:decode:start round=1 requested_int_ids=368
c 00h00m00s | stage:relaxation:done round=1 clauses_added=2421 circuit_clauses_added=0 cumulative_clauses_added=0 cop_clauses_added=2421 circuit_cegar_failures=0 circuit_cegar_rounds=0 circuit_cegar_added_clauses=0 cumulative_cegar_failures=0 cumulative_cegar_rounds=0 cumulative_cegar_added_clauses=0 cop_cegar_failures=23 cop_cegar_rounds=46 cop_cegar_added_clauses=55677
c 00h00m00s | stage:sat:solve:start round=2 circuit_cegar_rounds=- cumulative_cegar_rounds=- cop_cegar_rounds=47 assumptions=0 phase_lits=368
c 00h00m00s | stage:sat:solve:done round=2 ms=2 result=Sat assumptions=0 phase_lits=368
c 00h00m00s | stage:decode:start round=2 requested_int_ids=368
c 00h00m00s | stage:decode:final:start round=2 requested_int_ids=368
c 00h00m00s | stage:decode:done round=2 int_assignments=368
c 00h00m00s | stage:relaxation:done clauses_added=0 circuit_cegar_failures=0 circuit_cegar_rounds=0 circuit_cegar_added_clauses=0 cumulative_cegar_failures=0 cumulative_cegar_rounds=0 cumulative_cegar_added_clauses=0 cop_cegar_failures=23 cop_cegar_rounds=47 cop_cegar_added_clauses=55677
c 00h00m00s | result:Sat
c 00h00m00s | objective:incumbent kind=improvement value=25 rounds=24 improvements=23
o 25
c 00h00m00s | stage:sat:init solver=CaDiCaL vars=6836 clauses=27925
c 00h00m00s | stage:sat:solve:start round=1 circuit_cegar_rounds=- cumulative_cegar_rounds=- cop_cegar_rounds=48 assumptions=0 phase_lits=368
c 00h00m00s | stage:sat:solve:done round=1 ms=2 result=Sat assumptions=0 phase_lits=368
c 00h00m00s | stage:decode:start round=1 requested_int_ids=368
c 00h00m00s | stage:relaxation:done round=1 clauses_added=2423 circuit_clauses_added=0 cumulative_clauses_added=0 cop_clauses_added=2423 circuit_cegar_failures=0 circuit_cegar_rounds=0 circuit_cegar_added_clauses=0 cumulative_cegar_failures=0 cumulative_cegar_rounds=0 cumulative_cegar_added_clauses=0 cop_cegar_failures=24 cop_cegar_rounds=48 cop_cegar_added_clauses=58100
c 00h00m00s | stage:sat:solve:start round=2 circuit_cegar_rounds=- cumulative_cegar_rounds=- cop_cegar_rounds=49 assumptions=0 phase_lits=368
c 00h00m00s | stage:sat:solve:done round=2 ms=2 result=Sat assumptions=0 phase_lits=368
c 00h00m00s | stage:decode:start round=2 requested_int_ids=368
c 00h00m00s | stage:decode:final:start round=2 requested_int_ids=368
c 00h00m00s | stage:decode:done round=2 int_assignments=368
c 00h00m00s | stage:relaxation:done clauses_added=0 circuit_cegar_failures=0 circuit_cegar_rounds=0 circuit_cegar_added_clauses=0 cumulative_cegar_failures=0 cumulative_cegar_rounds=0 cumulative_cegar_added_clauses=0 cop_cegar_failures=24 cop_cegar_rounds=49 cop_cegar_added_clauses=58100
c 00h00m00s | result:Sat
c 00h00m00s | objective:incumbent kind=improvement value=24 rounds=25 improvements=24
o 24
c 00h00m00s | stage:sat:init solver=CaDiCaL vars=6836 clauses=27925
c 00h00m00s | stage:sat:solve:start round=1 circuit_cegar_rounds=- cumulative_cegar_rounds=- cop_cegar_rounds=50 assumptions=0 phase_lits=368
c 00h00m00s | stage:sat:solve:done round=1 ms=2 result=Sat assumptions=0 phase_lits=368
c 00h00m00s | stage:decode:start round=1 requested_int_ids=368
c 00h00m00s | stage:relaxation:done round=1 clauses_added=2418 circuit_clauses_added=0 cumulative_clauses_added=0 cop_clauses_added=2418 circuit_cegar_failures=0 circuit_cegar_rounds=0 circuit_cegar_added_clauses=0 cumulative_cegar_failures=0 cumulative_cegar_rounds=0 cumulative_cegar_added_clauses=0 cop_cegar_failures=25 cop_cegar_rounds=50 cop_cegar_added_clauses=60518
c 00h00m00s | stage:sat:solve:start round=2 circuit_cegar_rounds=- cumulative_cegar_rounds=- cop_cegar_rounds=51 assumptions=0 phase_lits=368
c 00h00m00s | stage:sat:solve:done round=2 ms=5 result=Sat assumptions=0 phase_lits=368
c 00h00m00s | stage:decode:start round=2 requested_int_ids=368
c 00h00m00s | stage:decode:final:start round=2 requested_int_ids=368
c 00h00m00s | stage:decode:done round=2 int_assignments=368
c 00h00m00s | stage:relaxation:done clauses_added=0 circuit_cegar_failures=0 circuit_cegar_rounds=0 circuit_cegar_added_clauses=0 cumulative_cegar_failures=0 cumulative_cegar_rounds=0 cumulative_cegar_added_clauses=0 cop_cegar_failures=25 cop_cegar_rounds=51 cop_cegar_added_clauses=60518
c 00h00m00s | result:Sat
c 00h00m00s | objective:incumbent kind=improvement value=13 rounds=26 improvements=25
o 13
c 00h00m00s | stage:sat:init solver=CaDiCaL vars=6836 clauses=27925
c 00h00m00s | stage:sat:solve:start round=1 circuit_cegar_rounds=- cumulative_cegar_rounds=- cop_cegar_rounds=52 assumptions=0 phase_lits=368
c 00h00m00s | stage:sat:solve:done round=1 ms=4 result=Sat assumptions=0 phase_lits=368
c 00h00m00s | stage:decode:start round=1 requested_int_ids=368
c 00h00m00s | stage:relaxation:done round=1 clauses_added=2423 circuit_clauses_added=0 cumulative_clauses_added=0 cop_clauses_added=2423 circuit_cegar_failures=0 circuit_cegar_rounds=0 circuit_cegar_added_clauses=0 cumulative_cegar_failures=0 cumulative_cegar_rounds=0 cumulative_cegar_added_clauses=0 cop_cegar_failures=26 cop_cegar_rounds=52 cop_cegar_added_clauses=62941
c 00h00m00s | stage:sat:solve:start round=2 circuit_cegar_rounds=- cumulative_cegar_rounds=- cop_cegar_rounds=53 assumptions=0 phase_lits=368
c 00h00m00s | stage:sat:solve:done round=2 ms=28 result=Sat assumptions=0 phase_lits=368
c 00h00m00s | stage:decode:start round=2 requested_int_ids=368
c 00h00m00s | stage:decode:final:start round=2 requested_int_ids=368
c 00h00m00s | stage:decode:done round=2 int_assignments=368
c 00h00m00s | stage:relaxation:done clauses_added=0 circuit_cegar_failures=0 circuit_cegar_rounds=0 circuit_cegar_added_clauses=0 cumulative_cegar_failures=0 cumulative_cegar_rounds=0 cumulative_cegar_added_clauses=0 cop_cegar_failures=26 cop_cegar_rounds=53 cop_cegar_added_clauses=62941
c 00h00m00s | result:Sat
c 00h00m00s | objective:incumbent kind=improvement value=3 rounds=27 improvements=26
o 3
c 00h00m00s | stage:sat:init solver=CaDiCaL vars=6836 clauses=27925
c 00h00m00s | stage:sat:solve:start round=1 circuit_cegar_rounds=- cumulative_cegar_rounds=- cop_cegar_rounds=54 assumptions=0 phase_lits=368
c 00h00m00s | stage:sat:solve:done round=1 ms=8 result=Sat assumptions=0 phase_lits=368
c 00h00m00s | stage:decode:start round=1 requested_int_ids=368
c 00h00m00s | stage:relaxation:done round=1 clauses_added=2424 circuit_clauses_added=0 cumulative_clauses_added=0 cop_clauses_added=2424 circuit_cegar_failures=0 circuit_cegar_rounds=0 circuit_cegar_added_clauses=0 cumulative_cegar_failures=0 cumulative_cegar_rounds=0 cumulative_cegar_added_clauses=0 cop_cegar_failures=27 cop_cegar_rounds=54 cop_cegar_added_clauses=65365
c 00h00m00s | stage:sat:solve:start round=2 circuit_cegar_rounds=- cumulative_cegar_rounds=- cop_cegar_rounds=55 assumptions=0 phase_lits=368
c 00h00m00s | stage:sat:solve:done round=2 ms=39 result=Unsat assumptions=0 phase_lits=368
c 00h00m00s | result:Unsat
s OPTIMUM FOUND
o 3
v <instantiation>
v   <list> K_0_0 K_0_1 K_0_2 K_0_3 K_1_0 K_1_1 K_1_2 K_1_3 K_2_0 K_2_1 K_2_2 K_2_3 K_3_0 K_3_1 K_3_2 K_3_3 X_0_0_0 X_0_0_1 X_0_0_2 X_0_0_3 X_0_1_0 X_0_1_1 X_0_1_2 X_0_1_3 X_0_2_0 X_0_2_1 X_0_2_2 X_0_2_3 X_0_3_0 X_0_3_1 X_0_3_2 X_0_3_3 S_0_0_0 S_0_0_1 S_0_0_2 S_0_0_3 S_0_1_0 S_0_1_1 S_0_1_2 S_0_1_3 S_0_2_0 S_0_2_1 S_0_2_2 S_0_2_3 S_0_3_0 S_0_3_1 S_0_3_2 S_0_3_3 Z_0_0_0 Z_0_0_1 Z_0_0_2 Z_0_0_3 Z_0_1_0 Z_0_1_1 Z_0_1_2 Z_0_1_3 Z_0_2_0 Z_0_2_1 Z_0_2_2 Z_0_2_3 Z_0_3_0 Z_0_3_1 Z_0_3_2 Z_0_3_3 X_1_0_0 X_1_0_1 X_1_0_2 X_1_0_3 X_1_1_0 X_1_1_1 X_1_1_2 X_1_1_3 X_1_2_0 X_1_2_1 X_1_2_2 X_1_2_3 X_1_3_0 X_1_3_1 X_1_3_2 X_1_3_3 S_1_0_0 S_1_0_1 S_1_0_2 S_1_0_3 S_1_1_0 S_1_1_1 S_1_1_2 S_1_1_3 S_1_2_0 S_1_2_1 S_1_2_2 S_1_2_3 S_1_3_0 S_1_3_1 S_1_3_2 S_1_3_3 Z_1_0_0 Z_1_0_1 Z_1_0_2 Z_1_0_3 Z_1_1_0 Z_1_1_1 Z_1_1_2 Z_1_1_3 Z_1_2_0 Z_1_2_1 Z_1_2_2 Z_1_2_3 Z_1_3_0 Z_1_3_1 Z_1_3_2 Z_1_3_3 X_2_0_0 X_2_0_1 X_2_0_2 X_2_0_3 X_2_1_0 X_2_1_1 X_2_1_2 X_2_1_3 X_2_2_0 X_2_2_1 X_2_2_2 X_2_2_3 X_2_3_0 X_2_3_1 X_2_3_2 X_2_3_3 S_3_0_0 S_3_0_1 S_3_0_2 S_3_0_3 S_3_1_0 S_3_1_1 S_3_1_2 S_3_1_3 S_3_2_0 S_3_2_1 S_3_2_2 S_3_2_3 S_3_3_0 S_3_3_1 S_3_3_2 S_3_3_3 diff_m0_m1_l0_I diff_m0_m1_l0_O diff_m0_m1_l1_I diff_m0_m1_l1_O diff_m0_m1_l2_I diff_m0_m1_l2_O diff_m0_m1_l3_I diff_m0_m1_l3_O diff_m0_m2_l0_I diff_m0_m2_l0_O diff_m0_m2_l1_I diff_m0_m2_l1_O diff_m0_m2_l2_I diff_m0_m2_l2_O diff_m0_m2_l3_I diff_m0_m2_l3_O diff_m0_m3_l0_I diff_m0_m3_l0_O diff_m0_m3_l1_I diff_m0_m3_l1_O diff_m0_m3_l2_I diff_m0_m3_l2_O diff_m0_m3_l3_I diff_m0_m3_l3_O diff_m0_m4_l0_I diff_m0_m4_l0_O diff_m0_m4_l1_I diff_m0_m4_l1_O diff_m0_m4_l2_I diff_m0_m4_l2_O diff_m0_m4_l3_I diff_m0_m4_l3_O diff_m0_m5_l0_I diff_m0_m5_l0_O diff_m0_m5_l1_I diff_m0_m5_l1_O diff_m0_m5_l2_I diff_m0_m5_l2_O diff_m0_m5_l3_I diff_m0_m5_l3_O diff_m0_m6_l0_I diff_m0_m6_l0_O diff_m0_m6_l1_I diff_m0_m6_l1_O diff_m0_m6_l2_I diff_m0_m6_l2_O diff_m0_m6_l3_I diff_m0_m6_l3_O diff_m0_m7_l0_I diff_m0_m7_l0_O diff_m0_m7_l1_I diff_m0_m7_l1_O diff_m0_m7_l2_I diff_m0_m7_l2_O diff_m0_m7_l3_I diff_m0_m7_l3_O diff_m1_m2_l0_I diff_m1_m2_l0_O diff_m1_m2_l1_I diff_m1_m2_l1_O diff_m1_m2_l2_I diff_m1_m2_l2_O diff_m1_m2_l3_I diff_m1_m2_l3_O diff_m1_m3_l0_I diff_m1_m3_l0_O diff_m1_m3_l1_I diff_m1_m3_l1_O diff_m1_m3_l2_I diff_m1_m3_l2_O diff_m1_m3_l3_I diff_m1_m3_l3_O diff_m1_m4_l0_I diff_m1_m4_l0_O diff_m1_m4_l1_I diff_m1_m4_l1_O diff_m1_m4_l2_I diff_m1_m4_l2_O diff_m1_m4_l3_I diff_m1_m4_l3_O diff_m1_m5_l0_I diff_m1_m5_l0_O diff_m1_m5_l1_I diff_m1_m5_l1_O diff_m1_m5_l2_I diff_m1_m5_l2_O diff_m1_m5_l3_I diff_m1_m5_l3_O diff_m1_m6_l0_I diff_m1_m6_l0_O diff_m1_m6_l1_I diff_m1_m6_l1_O diff_m1_m6_l2_I diff_m1_m6_l2_O diff_m1_m6_l3_I diff_m1_m6_l3_O diff_m1_m7_l0_I diff_m1_m7_l0_O diff_m1_m7_l1_I diff_m1_m7_l1_O diff_m1_m7_l2_I diff_m1_m7_l2_O diff_m1_m7_l3_I diff_m1_m7_l3_O diff_m2_m3_l0_I diff_m2_m3_l0_O diff_m2_m3_l1_I diff_m2_m3_l1_O diff_m2_m3_l2_I diff_m2_m3_l2_O diff_m2_m3_l3_I diff_m2_m3_l3_O diff_m2_m4_l0_I diff_m2_m4_l0_O diff_m2_m4_l1_I diff_m2_m4_l1_O diff_m2_m4_l2_I diff_m2_m4_l2_O diff_m2_m4_l3_I diff_m2_m4_l3_O diff_m2_m5_l0_I diff_m2_m5_l0_O diff_m2_m5_l1_I diff_m2_m5_l1_O diff_m2_m5_l2_I diff_m2_m5_l2_O diff_m2_m5_l3_I diff_m2_m5_l3_O diff_m2_m6_l0_I diff_m2_m6_l0_O diff_m2_m6_l1_I diff_m2_m6_l1_O diff_m2_m6_l2_I diff_m2_m6_l2_O diff_m2_m6_l3_I diff_m2_m6_l3_O diff_m2_m7_l0_I diff_m2_m7_l0_O diff_m2_m7_l1_I diff_m2_m7_l1_O diff_m2_m7_l2_I diff_m2_m7_l2_O diff_m2_m7_l3_I diff_m2_m7_l3_O diff_m3_m4_l0_I diff_m3_m4_l0_O diff_m3_m4_l1_I diff_m3_m4_l1_O diff_m3_m4_l2_I diff_m3_m4_l2_O diff_m3_m4_l3_I diff_m3_m4_l3_O diff_m3_m5_l0_I diff_m3_m5_l0_O diff_m3_m5_l1_I diff_m3_m5_l1_O diff_m3_m5_l2_I diff_m3_m5_l2_O diff_m3_m5_l3_I diff_m3_m5_l3_O diff_m3_m6_l0_I diff_m3_m6_l0_O diff_m3_m6_l1_I diff_m3_m6_l1_O diff_m3_m6_l2_I diff_m3_m6_l2_O diff_m3_m6_l3_I diff_m3_m6_l3_O diff_m3_m7_l0_I diff_m3_m7_l0_O diff_m3_m7_l1_I diff_m3_m7_l1_O diff_m3_m7_l2_I diff_m3_m7_l2_O diff_m3_m7_l3_I diff_m3_m7_l3_O diff_m4_m5_l0_I diff_m4_m5_l0_O diff_m4_m5_l1_I diff_m4_m5_l1_O diff_m4_m5_l2_I diff_m4_m5_l2_O diff_m4_m5_l3_I diff_m4_m5_l3_O diff_m4_m6_l0_I diff_m4_m6_l0_O diff_m4_m6_l1_I diff_m4_m6_l1_O diff_m4_m6_l2_I diff_m4_m6_l2_O diff_m4_m6_l3_I diff_m4_m6_l3_O diff_m4_m7_l0_I diff_m4_m7_l0_O diff_m4_m7_l1_I diff_m4_m7_l1_O diff_m4_m7_l2_I diff_m4_m7_l2_O diff_m4_m7_l3_I diff_m4_m7_l3_O diff_m5_m6_l0_I diff_m5_m6_l0_O diff_m5_m6_l1_I diff_m5_m6_l1_O diff_m5_m6_l2_I diff_m5_m6_l2_O diff_m5_m6_l3_I diff_m5_m6_l3_O diff_m5_m7_l0_I diff_m5_m7_l0_O diff_m5_m7_l1_I diff_m5_m7_l1_O diff_m5_m7_l2_I diff_m5_m7_l2_O diff_m5_m7_l3_I diff_m5_m7_l3_O diff_m6_m7_l0_I diff_m6_m7_l0_O diff_m6_m7_l1_I diff_m6_m7_l1_O diff_m6_m7_l2_I diff_m6_m7_l2_O diff_m6_m7_l3_I diff_m6_m7_l3_O </list>
v   <values> 0 1 0 0 0 0 0 0 0 0 0 0 0 0 0 0 0 0 0 0 0 0 0 0 0 0 0 0 0 0 0 0 0 0 0 0 0 0 0 0 0 0 0 0 0 0 0 0 0 0 0 0 0 0 0 0 0 0 0 0 0 0 0 0 0 1 0 0 0 0 0 0 0 0 0 0 0 0 0 0 0 1 0 0 0 0 0 0 0 0 0 0 0 0 0 0 0 1 0 0 0 0 0 0 0 1 0 0 0 1 0 0 0 0 0 0 0 0 0 0 0 1 0 0 0 1 0 0 0 0 0 0 0 0 0 0 0 1 0 0 0 1 0 0 0 0 0 0 0 0 0 0 0 0 0 0 0 0 0 0 0 0 0 0 0 0 0 0 0 0 0 0 0 0 0 0 0 1 1 0 0 1 0 1 0 0 0 0 0 0 0 0 0 0 0 0 0 0 0 0 0 0 0 0 0 0 0 0 0 0 0 0 0 0 0 0 0 0 0 0 0 0 0 0 0 1 1 0 0 1 0 1 0 0 0 0 0 0 0 0 0 0 0 0 0 0 0 0 0 0 0 0 0 0 0 0 0 0 0 0 0 0 0 0 0 1 1 0 0 1 0 1 0 0 0 0 0 0 0 0 0 0 0 0 0 0 0 0 0 0 0 0 0 0 0 0 0 1 1 0 0 1 0 1 0 0 0 0 0 0 0 0 0 0 0 0 0 0 0 0 0 1 1 0 0 1 0 1 0 0 0 0 0 0 0 0 0 0 0 0 0 0 0 0 0 1 1 0 0 1 0 1 0 1 1 0 0 1 0 1 0 0 0 0 0 0 0 0 </values>
v </instantiation>
d OBJECTIVE_VALUE 3
d OPTIMAL 1
d SOURCE_CONSTRAINTS 821
d NORMALIZED_CONSTRAINTS 821
d LOWERED_CONSTRAINTS 821
d UNSUPPORTED_CONSTRAINTS 0
d CIRCUIT_CEGAR_FAILURES 0
d CIRCUIT_CEGAR_ROUNDS 0
d CIRCUIT_CEGAR_ADDED_CLAUSES 0
d CUMULATIVE_CEGAR_FAILURES 0
d CUMULATIVE_CEGAR_ROUNDS 0
d CUMULATIVE_CEGAR_ADDED_CLAUSES 0
d COP_CEGAR_FAILURES 27
d COP_CEGAR_ROUNDS 55
d COP_CEGAR_ADDED_CLAUSES 65365
d OBJECTIVE_ROUNDS 28
d OBJECTIVE_IMPROVEMENTS 26
d OBJECTIVE_OPTIMALITY_PROOF strict_cut_unsat
d PROPAGATE_MS 10
d NORMALIZE_MS 0
d LOWER_MS 2
d POST_LOWER_MS 0
d PREENCODE_MS 0
d ENCODE_MS 21
d SAT_SOLVE_MS 271
d TOTAL_MS 480
d SAT_VARS 6836
d SAT_CLAUSES_BASE 27925
d SAT_CLAUSES_FINAL 30349
d SAT_CLAUSES_CEGAR_DELTA 2424
d SAT_CONFLICTS 160
d LINEAR_INT_EQ_ARITY_STATS {}
d LINEAR_INT_NE_ARITY_STATS {}
d LINEAR_INT_GE_ARITY_STATS {"32":{"count":1,"max_domain_product_excluding_one_var":"2147483648","p95_domain_product_excluding_one_var":"2147483648"}}
d LINEAR_BOOL_MIXED_ARITY_STATS {}
d ROOT_LP_ENTERED 0
d ROOT_LP_STATUS skipped
d ROOT_LP_MS 0
d ROOT_LP_REASON --no-root-lp-bound
d PROPAGATE_PRUNED_VALUES 0
d PROPAGATE_CHANGED_DOMAINS 0
d PROPAGATE_ENTAILED_TABLES 0
d POST_LOWER_ROUNDS 0
d POST_LOWER_TIGHTENED_DOMAINS 0
d POST_LOWER_REMOVED_CLAUSES 0
d POST_LOWER_REMOVED_LITS 0
d POST_LOWER_DETECTED_UNSAT 0
d PREENCODE_INT_VARS 368
d ENCODE_EXTERNAL_GE_SPECS 0
d ENCODE_RELAXED_CIRCUITS 0
d LOG_SCOP_LINEAR_PB_CONSTRAINTS 1
d LOG_SCOP_LINEAR_PB_MIXED_DISPATCH_CONSTRAINTS 0
d LOG_SCOP_LINEAR_PB_MIXED_ATTEMPT_BDD 0
d LOG_SCOP_LINEAR_PB_MIXED_ATTEMPT_SORTER 0
d LOG_SCOP_LINEAR_PB_MIXED_ATTEMPT_DADDA 0
d LOG_SCOP_LINEAR_PB_MIXED_REJECT_BDD_BUDGET 0
d LOG_SCOP_LINEAR_PB_MIXED_REJECT_SORTER_BUDGET 0
d LOG_SCOP_LINEAR_PB_MIXED_FALLBACK_BDD_TO_SORTER 0
d LOG_SCOP_LINEAR_PB_MIXED_FALLBACK_BDD_TO_DADDA 0
d LOG_SCOP_LINEAR_PB_MIXED_FALLBACK_SORTER_TO_BDD 0
d LOG_SCOP_LINEAR_PB_MIXED_FALLBACK_SORTER_TO_DADDA 0
d LOG_SCOP_LINEAR_PB_BACKEND_BDD2 1
d LOG_SCOP_LINEAR_PB_BACKEND_BDD3 0
d LOG_SCOP_LINEAR_PB_BACKEND_SORTER 0
d LOG_SCOP_LINEAR_PB_BACKEND_DADDA 0
d LOG_SCOP_LINEAR_PB_BDD_DECOMPOSITION_RAW 1
d LOG_SCOP_LINEAR_PB_BDD_DECOMPOSITION_BINARY 0
d LOG_SCOP_LINEAR_PB_BDD_DECOMPOSITION_MULTIBASE 0
d DECODE_INT_ASSIGNMENTS 368
d CSV /bench/competition/2022-2025/COP22to25/DC-midori-xor4-d1-t0-r03-v128_c22.xml.lzma,optimum,821,821,821,0,6836,30349,480,10,0,2,0,21,271,0,skipped,,,,,,0,,,,,,,,
