# WCTIME: wall clock time in seconds
WCTIME=2.8
# CPUTIME: CPU time in seconds (USERTIME+SYSTEMTIME)
CPUTIME=2.78299
# USERTIME: CPU time spent in user mode in seconds
USERTIME=2.63089
# SYSTEMTIME: CPU time spent in system mode in seconds
SYSTEMTIME=0.152103
# CPUUSAGE: CPUTIME/WCTIME in percent
CPUUSAGE=99.3927
# MAXVM: maximum virtual memory used in KiB
MAXVM=340340
# MAXMM: maximum memory used in KiB
MAXMM=188768
# MAXRSS: maximum Resident Segment Size in KiB
MAXRSS=188832
# TIMEOUT: did the solver exceed the time limit?
TIMEOUT=false
# MEMOUT: did the solver exceed the memory limit?
MEMOUT=false
# EXITSTATUS: Exit status of the solver
EXITSTATUS=0
