# WCTIME: wall clock time in seconds
WCTIME=1800.21
# CPUTIME: CPU time in seconds (USERTIME+SYSTEMTIME)
CPUTIME=1789.64
# USERTIME: CPU time spent in user mode in seconds
USERTIME=1736.58
# SYSTEMTIME: CPU time spent in system mode in seconds
SYSTEMTIME=53.0561
# CPUUSAGE: CPUTIME/WCTIME in percent
CPUUSAGE=99.4129
# MAXVM: maximum virtual memory used in KiB
MAXVM=3134512
# MAXMM: maximum memory used in KiB
MAXMM=2838152
# MAXRSS: maximum Resident Segment Size in KiB
MAXRSS=2835216
# TIMEOUT: did the solver exceed the time limit?
TIMEOUT=true
# MEMOUT: did the solver exceed the memory limit?
MEMOUT=false
# EXITSTATUS: Exit status of the solver
EXITSTATUS=36608
