# WCTIME: wall clock time in seconds
WCTIME=161.985
# CPUTIME: CPU time in seconds (USERTIME+SYSTEMTIME)
CPUTIME=160.972
# USERTIME: CPU time spent in user mode in seconds
USERTIME=159.078
# SYSTEMTIME: CPU time spent in system mode in seconds
SYSTEMTIME=1.89354
# CPUUSAGE: CPUTIME/WCTIME in percent
CPUUSAGE=99.3747
# MAXVM: maximum virtual memory used in KiB
MAXVM=917180
# MAXMM: maximum memory used in KiB
MAXMM=597236
# MAXRSS: maximum Resident Segment Size in KiB
MAXRSS=640852
# TIMEOUT: did the solver exceed the time limit?
TIMEOUT=false
# MEMOUT: did the solver exceed the memory limit?
MEMOUT=false
# EXITSTATUS: Exit status of the solver
EXITSTATUS=0
