c cmd: /host-parser-bin/kat_xcsp_d7450190 /bench/competition/2022-2025/COP22to25/NursingWorkload-3zones0_c22.xml.lzma --encoder portfolio --portfolio-strategy v3 --cop-pipeline guarded-basic --cop-objective-cut direct-expr --cop-objective-cut-timing incremental-soft --cop-objective-cut-backend cnf --table-encoding mdd-tl --cumulative-mode exact --cumulative-decomposition time-rd --progress --log-scop-linear-pb-backend auto --log-scop-bdd-decomposition auto --log-scop-aggregate-weighted-lits --order-ge-shorten-link-cost --direct-eq-ne-max-arity 2 --eq-ne-encoding direct --portfolio-log-scop-eq-ne-encoding ge-rewrite --cop-objective-phase auto --cop-objective-search trisection --cop-objective-search-fallback-budget 180
c version: kat-cli=0.1.0 git=unknown-clean
c run_start_local: 2026-06-16 13:52:19 +0900
c 00h00m00s | solve:start
c 00h00m00s | stage:objective-cut timing=incremental-soft backend=cnf form=direct-expr
c 00h00m00s | input: constraints=597
c 00h00m00s | stage:propagate:start
c 00h00m00s | stage:propagate:done ms=0 pruned=135 changed_domains=34 entailed_tables=0
c 00h00m00s | memory:rss checkpoint=after_propagate bytes=3862528 rss=3.68MiB
c 00h00m00s | stage:normalize:start
c 00h00m00s | stage:normalize:done ms=0 high_constraints=597
c 00h00m00s | stage:lower:start
c 00h00m00s | stage:lower:progress percent=10 processed=60 total=597 lowered=60 unsupported=0 ms=4
c 00h00m00s | stage:lower:progress percent=20 processed=120 total=597 lowered=120 unsupported=0 ms=4
c 00h00m00s | stage:lower:progress percent=30 processed=180 total=597 lowered=180 unsupported=0 ms=4
c 00h00m00s | stage:lower:progress percent=40 processed=239 total=597 lowered=239 unsupported=0 ms=4
c 00h00m00s | stage:lower:progress percent=50 processed=299 total=597 lowered=299 unsupported=0 ms=4
c 00h00m00s | stage:lower:progress percent=60 processed=359 total=597 lowered=359 unsupported=0 ms=4
c 00h00m00s | stage:lower:progress percent=70 processed=418 total=597 lowered=418 unsupported=0 ms=5
c 00h00m00s | stage:lower:progress percent=80 processed=478 total=597 lowered=478 unsupported=0 ms=5
c 00h00m00s | stage:lower:progress percent=90 processed=538 total=597 lowered=538 unsupported=0 ms=5
c 00h00m00s | stage:lower:progress percent=100 processed=597 total=597 lowered=597 unsupported=0 ms=12
c 00h00m00s | stage:lower:done ms=12 lowered=597 unsupported=0
c 00h00m00s | memory:rss checkpoint=after_lower bytes=4132864 rss=3.94MiB
c 00h00m00s | stage:post_lower:start
c 00h00m00s | stage:post_lower:done ms=0 rounds=0 tightened=0 removed_cls=369 removed_lits=276 unsat=false precise_hits=0 precise_rounds=1 pivot_recomputes=0 pivot_exact_attempts=0 pivot_general_attempts=0 pivot_general_rest_missing=0 pivot_general_bound_missing=0 pivot_general_no_change=0 pivot_general_tightened=0 setup_ms=0 loop_ms=0 pivot_ms=0 pivot_version_ms=0 pivot_exact_ms=0 pivot_general_ms=0 pivot_general_prepare_ms=0 pivot_general_rest_ms=0 pivot_general_derive_ms=0 apply_ms=0 sat_ms=0 precise_ms=0
c 00h00m00s | memory:rss checkpoint=after_post_lower bytes=4132864 rss=3.94MiB
c 00h00m00s | stage:lowered-shape int_vars=57 bool_vars=1260 linear_atoms=1268 table_atoms=0 table_tuples=0 table_scope=0 alldiff_atoms=0 circuit_atoms=0 product_atoms=0 logical_clauses=2789
c 00h00m00s | stage:root-lp:skip reason=disabled ms=0
c 00h00m00s | memory:rss checkpoint=before_preencode bytes=4403200 rss=4.20MiB
c 00h00m00s | stage:preencode(log-scop):start
c 00h00m00s | stage:preencode(log-scop):done ms=0 int_vars=57
c 00h00m00s | memory:rss checkpoint=after_preencode bytes=4403200 rss=4.20MiB
c 00h00m00s | memory:rss checkpoint=before_encode bytes=4403200 rss=4.20MiB
c 00h00m00s | stage:encode(log-scop):start
c 00h00m00s | memory:rss checkpoint=encode_clause_sample stage=log-scop clauses=2152 bytes=4681728 rss=4.46MiB progress_percent=10 processed=281 total=2804
c 00h00m00s | stage:encode(log-scop):progress percent=10 processed=281 total=2804 sat_clauses=2152 ms=0
c 00h00m00s | memory:rss checkpoint=encode_clause_sample stage=log-scop clauses=4016 bytes=4681728 rss=4.46MiB progress_percent=20 processed=561 total=2804
c 00h00m00s | stage:encode(log-scop):progress percent=20 processed=561 total=2804 sat_clauses=4016 ms=1
c 00h00m00s | memory:rss checkpoint=encode_clause_sample stage=log-scop clauses=6184 bytes=4947968 rss=4.72MiB progress_percent=30 processed=842 total=2804
c 00h00m00s | stage:encode(log-scop):progress percent=30 processed=842 total=2804 sat_clauses=6184 ms=1
c 00h00m00s | memory:rss checkpoint=encode_clause_sample stage=log-scop clauses=8174 bytes=4947968 rss=4.72MiB progress_percent=40 processed=1122 total=2804
c 00h00m00s | stage:encode(log-scop):progress percent=40 processed=1122 total=2804 sat_clauses=8174 ms=1
c 00h00m00s | memory:rss checkpoint=encode_clause_sample stage=log-scop clauses=12266 bytes=4947968 rss=4.72MiB progress_percent=50 processed=1402 total=2804
c 00h00m00s | stage:encode(log-scop):progress percent=50 processed=1402 total=2804 sat_clauses=12266 ms=2
c 00h00m00s | memory:rss checkpoint=encode_clause_sample stage=log-scop clauses=27100 bytes=5488640 rss=5.23MiB progress_percent=60 processed=1683 total=2804
c 00h00m00s | stage:encode(log-scop):progress percent=60 processed=1683 total=2804 sat_clauses=27100 ms=4
c 00h00m00s | memory:rss checkpoint=encode_clause_sample stage=log-scop clauses=86572 bytes=18464768 rss=17.61MiB progress_percent=70 processed=1963 total=2804
c 00h00m00s | stage:encode(log-scop):progress percent=70 processed=1963 total=2804 sat_clauses=86572 ms=33
c 00h00m00s | memory:rss checkpoint=encode_clause_sample stage=log-scop clauses=123193 bytes=18464768 rss=17.61MiB progress_percent=80 processed=2244 total=2804
c 00h00m00s | stage:encode(log-scop):progress percent=80 processed=2244 total=2804 sat_clauses=123193 ms=38
c 00h00m00s | memory:rss checkpoint=encode_clause_sample stage=log-scop clauses=159808 bytes=38916096 rss=37.11MiB progress_percent=90 processed=2524 total=2804
c 00h00m00s | stage:encode(log-scop):progress percent=90 processed=2524 total=2804 sat_clauses=159808 ms=66
c 00h00m00s | memory:rss checkpoint=encode_clause_sample stage=log-scop clauses=196726 bytes=65511424 rss=62.48MiB progress_percent=100 processed=2804 total=2804
c 00h00m00s | stage:encode(log-scop):progress percent=100 processed=2804 total=2804 sat_clauses=196726 ms=100
c 00h00m00s | stage:encode(log-scop):done ms=100 sat_vars=102560 sat_clauses=196726 ext_ge_specs=0 relaxed_circuits=0 log_scop_pb_constraints=401 log_scop_pb_mixed=0 log_scop_pb_bdd2=401 log_scop_pb_bdd3=0 log_scop_pb_sorter=0 log_scop_pb_dadda=0 log_scop_bdd_raw=401 log_scop_bdd_binary=0 log_scop_bdd_multibase=0
c 00h00m00s | stage:objective-cut:incumbent-solution encoder=log-scop reason=surface threshold=1000000 surface=2458125 bound_mass=163875 terms=15 action=emit-solution
c 00h00m00s | stage:objective-cut timing=incremental-soft backend=cnf form=direct-expr
c 00h00m00s | stage:sat:init solver=CaDiCaL vars=102560 clauses=196726
c 00h00m00s | stage:sat:solve:start assumptions=0 phase_lits=0
c 00h06m12s | stage:sat:solve:done ms=372132 result=Sat assumptions=0 phase_lits=0
c 00h06m12s | stage:decode:start
c 00h06m12s | stage:decode:done int_assignments=57
c 00h06m12s | result:Sat
c 00h06m12s | objective:incumbent kind=initial value=107277 rounds=1 improvements=0
o 107277
v <instantiation>
v   <list> p[0] p[1] p[2] p[3] p[4] p[5] p[6] p[7] p[8] p[9] p[10] p[11] p[12] p[13] p[14] p[15] p[16] p[17] p[18] p[19] p[20] p[21] p[22] p[23] p[24] p[25] p[26] p[27] p[28] p[29] p[30] p[31] p[32] p[33] p[34] p[35] p[36] p[37] p[38] p[39] p[40] p[41] w[0] w[1] w[2] w[3] w[4] w[5] w[6] w[7] w[8] w[9] w[10] w[11] w[12] w[13] w[14] </list>
v   <values> 0 1 2 12 12 12 1 2 2 0 1 6 13 3 5 13 8 5 8 6 3 13 8 3 5 11 14 7 10 4 10 14 9 9 11 7 9 4 4 10 14 7 72 78 79 79 79 79 79 80 80 89 89 89 95 96 100 </values>
v </instantiation>
c objective-cut:rss-guard enabled=false
c 00h06m13s | stage:objective-cut:soft-install bound=72018 guard=1276460 clauses_added=1888195
c 00h06m13s | stage:objective-cut:soft-probe search=trisection [LB,UB] = [1500,107276] next 72018 source=install guard=1276460
c 00h06m13s | stage:sat:init solver=CaDiCaL vars=1276460 clauses=2084921
c 00h06m13s | stage:sat:solve:start assumptions=1 phase_lits=261
c 00h09m13s | stage:sat:solve:done ms=180000 result=Unknown assumptions=1 phase_lits=261
c 00h09m13s | result:unknown reason=sat_solver_returned_unknown
c 00h09m13s | result:Unknown
c 00h09m13s | stage:objective-cut:soft-fallback search=trisection reason=budget-exhausted budget_s=180 mode=step incumbent=107277 [LB,UB]=[1500,107276]
c objective-cut:rss-guard enabled=false
c 00h09m14s | stage:objective-cut:soft-install bound=107276 guard=2450532 clauses_added=1888527
c 00h09m14s | stage:objective-cut:soft-probe search=step [LB,UB] = [1500,107276] next 107276 source=install guard=2450532
c 00h09m14s | stage:sat:init solver=CaDiCaL vars=2450532 clauses=3973448
c 00h09m14s | stage:sat:solve:start assumptions=1 phase_lits=261
c 00h09m53s | stage:sat:solve:done ms=39277 result=Sat assumptions=1 phase_lits=261
c 00h09m53s | stage:decode:start
c 00h09m53s | stage:decode:done int_assignments=57
c 00h09m53s | result:Sat
c 00h09m54s | objective:incumbent kind=improvement value=107275 rounds=2 improvements=1
o 107275
v <instantiation>
v   <list> p[0] p[1] p[2] p[3] p[4] p[5] p[6] p[7] p[8] p[9] p[10] p[11] p[12] p[13] p[14] p[15] p[16] p[17] p[18] p[19] p[20] p[21] p[22] p[23] p[24] p[25] p[26] p[27] p[28] p[29] p[30] p[31] p[32] p[33] p[34] p[35] p[36] p[37] p[38] p[39] p[40] p[41] w[0] w[1] w[2] w[3] w[4] w[5] w[6] w[7] w[8] w[9] w[10] w[11] w[12] w[13] w[14] </list>
v   <values> 0 1 2 12 12 12 1 2 2 0 1 4 9 3 11 11 8 9 8 4 3 11 8 3 9 13 10 7 6 14 10 14 5 5 6 7 14 13 5 6 13 7 72 78 79 79 79 80 80 80 80 87 88 88 95 99 99 </values>
v </instantiation>
c 00h09m54s | stage:objective-cut:soft-result search=step bound=107276 result=sat guard=2450532 hard=guard [LB,UB] = [1500,107274]
c objective-cut:rss-guard enabled=false
c 00h09m55s | stage:objective-cut:soft-install bound=107274 guard=3624559 clauses_added=1888438
c 00h09m55s | stage:objective-cut:soft-probe search=step [LB,UB] = [1500,107274] next 107274 source=install guard=3624559
c 00h09m55s | stage:sat:init solver=CaDiCaL vars=3624559 clauses=5861887
c 00h09m55s | stage:sat:solve:start assumptions=1 phase_lits=261
c 00h10m05s | stage:sat:solve:done ms=10084 result=Sat assumptions=1 phase_lits=261
c 00h10m05s | stage:decode:start
c 00h10m05s | stage:decode:done int_assignments=57
c 00h10m05s | result:Sat
c 00h10m05s | objective:incumbent kind=improvement value=107123 rounds=3 improvements=2
o 107123
v <instantiation>
v   <list> p[0] p[1] p[2] p[3] p[4] p[5] p[6] p[7] p[8] p[9] p[10] p[11] p[12] p[13] p[14] p[15] p[16] p[17] p[18] p[19] p[20] p[21] p[22] p[23] p[24] p[25] p[26] p[27] p[28] p[29] p[30] p[31] p[32] p[33] p[34] p[35] p[36] p[37] p[38] p[39] p[40] p[41] w[0] w[1] w[2] w[3] w[4] w[5] w[6] w[7] w[8] w[9] w[10] w[11] w[12] w[13] w[14] </list>
v   <values> 0 1 2 12 12 2 1 12 0 2 1 10 11 3 5 4 4 5 10 3 11 11 3 5 4 13 6 9 14 14 7 8 8 6 7 9 14 13 7 9 13 8 76 78 80 81 81 81 81 81 81 82 82 88 90 99 102 </values>
v </instantiation>
c 00h10m05s | stage:objective-cut:soft-result search=step bound=107274 result=sat guard=3624559 hard=guard [LB,UB] = [1500,107122]
c objective-cut:rss-guard enabled=false
c 00h10m06s | stage:objective-cut:soft-install bound=107122 guard=4798571 clauses_added=1888410
c 00h10m06s | stage:objective-cut:soft-probe search=step [LB,UB] = [1500,107122] next 107122 source=install guard=4798571
c 00h10m06s | stage:sat:init solver=CaDiCaL vars=4798571 clauses=7750298
c 00h10m06s | stage:sat:solve:start assumptions=1 phase_lits=261
c 00h10m27s | stage:sat:solve:done ms=20504 result=Sat assumptions=1 phase_lits=261
c 00h10m27s | stage:decode:start
c 00h10m27s | stage:decode:done int_assignments=57
c 00h10m27s | result:Sat
c 00h10m27s | objective:incumbent kind=improvement value=107119 rounds=4 improvements=3
o 107119
v <instantiation>
v   <list> p[0] p[1] p[2] p[3] p[4] p[5] p[6] p[7] p[8] p[9] p[10] p[11] p[12] p[13] p[14] p[15] p[16] p[17] p[18] p[19] p[20] p[21] p[22] p[23] p[24] p[25] p[26] p[27] p[28] p[29] p[30] p[31] p[32] p[33] p[34] p[35] p[36] p[37] p[38] p[39] p[40] p[41] w[0] w[1] w[2] w[3] w[4] w[5] w[6] w[7] w[8] w[9] w[10] w[11] w[12] w[13] w[14] </list>
v   <values> 0 1 2 12 12 2 1 12 0 2 1 10 11 3 5 4 4 5 10 3 11 11 3 5 4 13 14 9 13 6 7 8 8 6 7 9 14 14 7 9 6 8 76 78 80 81 81 81 81 81 81 82 82 88 90 100 101 </values>
v </instantiation>
c 00h10m27s | stage:objective-cut:soft-result search=step bound=107122 result=sat guard=4798571 hard=guard [LB,UB] = [1500,107118]
c objective-cut:rss-guard enabled=false
c 00h10m28s | stage:objective-cut:soft-install bound=107118 guard=5972583 clauses_added=1888411
c 00h10m28s | stage:objective-cut:soft-probe search=step [LB,UB] = [1500,107118] next 107118 source=install guard=5972583
c 00h10m28s | stage:sat:init solver=CaDiCaL vars=5972583 clauses=9638710
c 00h10m28s | stage:sat:solve:start assumptions=1 phase_lits=261
c 00h14m14s | stage:sat:solve:done ms=225734 result=Sat assumptions=1 phase_lits=261
c 00h14m14s | stage:decode:start
c 00h14m14s | stage:decode:done int_assignments=57
c 00h14m14s | result:Sat
c 00h14m14s | objective:incumbent kind=improvement value=107089 rounds=5 improvements=4
o 107089
v <instantiation>
v   <list> p[0] p[1] p[2] p[3] p[4] p[5] p[6] p[7] p[8] p[9] p[10] p[11] p[12] p[13] p[14] p[15] p[16] p[17] p[18] p[19] p[20] p[21] p[22] p[23] p[24] p[25] p[26] p[27] p[28] p[29] p[30] p[31] p[32] p[33] p[34] p[35] p[36] p[37] p[38] p[39] p[40] p[41] w[0] w[1] w[2] w[3] w[4] w[5] w[6] w[7] w[8] w[9] w[10] w[11] w[12] w[13] w[14] </list>
v   <values> 0 1 2 12 12 2 12 1 0 2 1 10 9 10 5 8 4 8 4 9 5 5 8 4 9 13 11 6 3 14 13 14 7 7 3 11 6 14 7 3 6 11 76 77 80 80 80 80 80 80 80 84 89 89 91 98 99 </values>
v </instantiation>
c 00h14m14s | stage:objective-cut:soft-result search=step bound=107118 result=sat guard=5972583 hard=guard [LB,UB] = [1500,107088]
c objective-cut:rss-guard enabled=false
c 00h14m15s | stage:objective-cut:soft-install bound=107088 guard=7146580 clauses_added=1888381
c 00h14m15s | stage:objective-cut:soft-probe search=step [LB,UB] = [1500,107088] next 107088 source=install guard=7146580
c 00h14m15s | stage:sat:init solver=CaDiCaL vars=7146580 clauses=11527092
c 00h14m15s | stage:sat:solve:start assumptions=1 phase_lits=261
c 00h15m07s | stage:sat:solve:done ms=51378 result=Sat assumptions=1 phase_lits=261
c 00h15m07s | stage:decode:start
c 00h15m07s | stage:decode:done int_assignments=57
c 00h15m07s | result:Sat
c 00h15m07s | objective:incumbent kind=improvement value=107067 rounds=6 improvements=5
o 107067
v <instantiation>
v   <list> p[0] p[1] p[2] p[3] p[4] p[5] p[6] p[7] p[8] p[9] p[10] p[11] p[12] p[13] p[14] p[15] p[16] p[17] p[18] p[19] p[20] p[21] p[22] p[23] p[24] p[25] p[26] p[27] p[28] p[29] p[30] p[31] p[32] p[33] p[34] p[35] p[36] p[37] p[38] p[39] p[40] p[41] w[0] w[1] w[2] w[3] w[4] w[5] w[6] w[7] w[8] w[9] w[10] w[11] w[12] w[13] w[14] </list>
v   <values> 0 1 2 12 12 2 1 12 0 2 1 10 9 10 5 8 3 8 3 9 5 5 3 8 9 11 14 6 4 13 7 14 13 4 11 7 6 13 7 6 14 4 76 78 80 80 80 80 80 80 80 84 89 89 90 97 100 </values>
v </instantiation>
c 00h15m07s | stage:objective-cut:soft-result search=step bound=107088 result=sat guard=7146580 hard=guard [LB,UB] = [1500,107066]
c objective-cut:rss-guard enabled=false
c 00h15m09s | stage:objective-cut:soft-install bound=107066 guard=8320592 clauses_added=1888409
c 00h15m09s | stage:objective-cut:soft-probe search=step [LB,UB] = [1500,107066] next 107066 source=install guard=8320592
c 00h15m09s | stage:sat:init solver=CaDiCaL vars=8320592 clauses=13415502
c 00h15m09s | stage:sat:solve:start assumptions=1 phase_lits=261
c 00h16m08s | stage:sat:solve:done ms=58437 result=Sat assumptions=1 phase_lits=261
c 00h16m08s | stage:decode:start
c 00h16m08s | stage:decode:done int_assignments=57
c 00h16m08s | result:Sat
c 00h16m08s | objective:incumbent kind=improvement value=107063 rounds=7 improvements=6
o 107063
v <instantiation>
v   <list> p[0] p[1] p[2] p[3] p[4] p[5] p[6] p[7] p[8] p[9] p[10] p[11] p[12] p[13] p[14] p[15] p[16] p[17] p[18] p[19] p[20] p[21] p[22] p[23] p[24] p[25] p[26] p[27] p[28] p[29] p[30] p[31] p[32] p[33] p[34] p[35] p[36] p[37] p[38] p[39] p[40] p[41] w[0] w[1] w[2] w[3] w[4] w[5] w[6] w[7] w[8] w[9] w[10] w[11] w[12] w[13] w[14] </list>
v   <values> 0 1 2 12 12 2 1 12 0 2 1 11 9 11 5 8 3 8 3 9 5 5 3 8 9 14 10 6 4 14 13 7 13 4 7 13 10 6 7 6 10 4 76 78 80 80 80 80 80 80 80 84 89 89 90 98 99 </values>
v </instantiation>
c 00h16m08s | stage:objective-cut:soft-result search=step bound=107066 result=sat guard=8320592 hard=guard [LB,UB] = [1500,107062]
c objective-cut:rss-guard enabled=false
c 00h16m10s | stage:objective-cut:soft-install bound=107062 guard=9494604 clauses_added=1888410
c 00h16m10s | stage:objective-cut:soft-probe search=step [LB,UB] = [1500,107062] next 107062 source=install guard=9494604
c 00h16m10s | stage:sat:init solver=CaDiCaL vars=9494604 clauses=15303913
c 00h16m10s | stage:sat:solve:start assumptions=1 phase_lits=261
c 00h23m59s | stage:sat:solve:done ms=468981 result=Sat assumptions=1 phase_lits=261
c 00h23m59s | stage:decode:start
c 00h23m59s | stage:decode:done int_assignments=57
c 00h23m59s | result:Sat
c 00h23m59s | objective:incumbent kind=improvement value=107009 rounds=8 improvements=7
o 107009
v <instantiation>
v   <list> p[0] p[1] p[2] p[3] p[4] p[5] p[6] p[7] p[8] p[9] p[10] p[11] p[12] p[13] p[14] p[15] p[16] p[17] p[18] p[19] p[20] p[21] p[22] p[23] p[24] p[25] p[26] p[27] p[28] p[29] p[30] p[31] p[32] p[33] p[34] p[35] p[36] p[37] p[38] p[39] p[40] p[41] w[0] w[1] w[2] w[3] w[4] w[5] w[6] w[7] w[8] w[9] w[10] w[11] w[12] w[13] w[14] </list>
v   <values> 0 1 2 12 12 2 12 1 0 2 1 11 5 11 7 9 3 7 3 9 9 5 3 7 5 13 14 6 6 8 4 10 14 4 10 8 10 13 8 4 14 13 76 77 80 80 80 81 81 81 81 82 89 89 91 97 98 </values>
v </instantiation>
c 00h23m59s | stage:objective-cut:soft-result search=step bound=107062 result=sat guard=9494604 hard=guard [LB,UB] = [1500,107008]
c objective-cut:rss-guard enabled=false
c 00h24m01s | stage:objective-cut:soft-install bound=107008 guard=10668646 clauses_added=1888470
c 00h24m01s | stage:objective-cut:soft-probe search=step [LB,UB] = [1500,107008] next 107008 source=install guard=10668646
c 00h24m01s | stage:sat:init solver=CaDiCaL vars=10668646 clauses=17192384
c 00h24m01s | stage:sat:solve:start assumptions=1 phase_lits=261
s SATISFIABLE
o 107009
v <instantiation>
v   <list> p[0] p[1] p[2] p[3] p[4] p[5] p[6] p[7] p[8] p[9] p[10] p[11] p[12] p[13] p[14] p[15] p[16] p[17] p[18] p[19] p[20] p[21] p[22] p[23] p[24] p[25] p[26] p[27] p[28] p[29] p[30] p[31] p[32] p[33] p[34] p[35] p[36] p[37] p[38] p[39] p[40] p[41] w[0] w[1] w[2] w[3] w[4] w[5] w[6] w[7] w[8] w[9] w[10] w[11] w[12] w[13] w[14] </list>
v   <values> 0 1 2 12 12 2 12 1 0 2 1 11 5 11 7 9 3 7 3 9 9 5 3 7 5 13 14 6 6 8 4 10 14 4 10 8 10 13 8 4 14 13 76 77 80 80 80 81 81 81 81 82 89 89 91 97 98 </values>
v </instantiation>
d OBJECTIVE_VALUE 107009
d OPTIMAL 0
d OBJECTIVE_ROUNDS 8
d OBJECTIVE_IMPROVEMENTS 7
d COP_INCUMBENT_ELAPSED_MS 1439986
d SOLVE_ELAPSED_MS 1799993
d CURRENT_STAGE sat
d CURRENT_STAGE_ELAPSED_MS 358802
d LAST_COMPLETED_STAGE decode
d STAGE_PARSE_STATUS pending
d STAGE_PROPAGATE_STATUS done
d STAGE_NORMALIZE_STATUS done
d STAGE_LOWER_STATUS done
d STAGE_POST_LOWER_STATUS done
d STAGE_PREENCODE_STATUS done
d STAGE_ENCODE_STATUS done
d STAGE_SAT_STATUS running
d STAGE_DECODE_STATUS done
d STAGE_RELAXATION_STATUS pending
d STAGE_DUMP_CNF_STATUS pending
d SOURCE_CONSTRAINTS 597
d NORMALIZED_CONSTRAINTS 597
d LOWERED_CONSTRAINTS 597
d UNSUPPORTED_CONSTRAINTS 0
d SAT_VARS 102560
d SAT_CLAUSES_BASE 196726
d SAT_CLAUSES_FINAL 196726
d SAT_CLAUSES_CEGAR_DELTA 0
d MEMORY_RSS_BYTES 65511424
d MEMORY_RSS_AFTER_PROPAGATE_BYTES 3862528
d MEMORY_RSS_AFTER_LOWER_BYTES 4132864
d MEMORY_RSS_AFTER_POST_LOWER_BYTES 4132864
d MEMORY_RSS_BEFORE_PREENCODE_BYTES 4403200
d MEMORY_RSS_AFTER_PREENCODE_BYTES 4403200
d MEMORY_RSS_BEFORE_ENCODE_BYTES 4403200
d MEMORY_RSS_ENCODE_SAMPLE_INTERVAL_CLAUSES 1000000
d MEMORY_RSS_ENCODE_SAMPLE_COUNT 10
d MEMORY_RSS_ENCODE_LAST_SAMPLE_CLAUSE 196726
d MEMORY_RSS_ENCODE_LAST_SAMPLE_BYTES 65511424
d MEMORY_RSS_ENCODE_MAX_SAMPLE_BYTES 65511424
d CSP_INT_VARS 57
d CSP_CONSTRAINTS 597
d CSP_INTENTIONAL 579
d CSP_GLOBAL 18
d CSP_EXTENSIONAL 0
d CSP_ALLDIFF 0
d CSP_CUMULATIVE 0
d CSP_TABLE 0
d CSP_DOMAIN_SPAN_MEDIAN 14
d CSP_DOMAIN_SPAN_MAX 95
d N_CUMULATIVE 0
d N_TABLE 0
d SAT_CONFLICTS 2182228
d LINEAR_INT_EQ_ARITY_STATS {"1":{"count":630,"max_domain_product_excluding_one_var":"1","p95_domain_product_excluding_one_var":"1"}}
d LINEAR_INT_NE_ARITY_STATS {"2":{"count":579,"max_domain_product_excluding_one_var":"12","p95_domain_product_excluding_one_var":"12"}}
d LINEAR_INT_GE_ARITY_STATS {"2":{"count":14,"max_domain_product_excluding_one_var":"96","p95_domain_product_excluding_one_var":"96"}}
d LINEAR_BOOL_MIXED_ARITY_STATS {"42":{"count":30,"max_domain_product_excluding_one_var":"2199023255552","p95_domain_product_excluding_one_var":"2199023255552"},"43":{"count":15,"max_domain_product_excluding_one_var":"4398046511104","p95_domain_product_excluding_one_var":"4398046511104"}}
d ROOT_LP_ENTERED 0
d ROOT_LP_STATUS skipped
d ROOT_LP_MS 0
d ROOT_LP_REASON root_lp_disabled
d OBJECTIVE_CUT_TIMING incremental-soft
d OBJECTIVE_CUT_BACKEND cnf
d OBJECTIVE_CUT_FORM direct-expr
d PROPAGATE_PRUNED_VALUES 135
d PROPAGATE_CHANGED_DOMAINS 34
d PROPAGATE_ENTAILED_TABLES 0
d POST_LOWER_ROUNDS 0
d POST_LOWER_TIGHTENED_DOMAINS 0
d POST_LOWER_REMOVED_CLAUSES 369
d POST_LOWER_REMOVED_LITS 276
d POST_LOWER_DETECTED_UNSAT 0
d PREENCODE_INT_VARS 57
d ENCODE_EXTERNAL_GE_SPECS 0
d ENCODE_RELAXED_CIRCUITS 0
d LOG_SCOP_LINEAR_PB_CONSTRAINTS 401
d LOG_SCOP_LINEAR_PB_MIXED_DISPATCH_CONSTRAINTS 0
d LOG_SCOP_LINEAR_PB_MIXED_ATTEMPT_BDD 0
d LOG_SCOP_LINEAR_PB_MIXED_ATTEMPT_SORTER 0
d LOG_SCOP_LINEAR_PB_MIXED_ATTEMPT_DADDA 0
d LOG_SCOP_LINEAR_PB_MIXED_REJECT_BDD_BUDGET 0
d LOG_SCOP_LINEAR_PB_MIXED_REJECT_SORTER_BUDGET 0
d LOG_SCOP_LINEAR_PB_MIXED_FALLBACK_BDD_TO_SORTER 0
d LOG_SCOP_LINEAR_PB_MIXED_FALLBACK_BDD_TO_DADDA 0
d LOG_SCOP_LINEAR_PB_MIXED_FALLBACK_SORTER_TO_BDD 0
d LOG_SCOP_LINEAR_PB_MIXED_FALLBACK_SORTER_TO_DADDA 0
d LOG_SCOP_LINEAR_PB_BACKEND_BDD2 401
d LOG_SCOP_LINEAR_PB_BACKEND_BDD3 0
d LOG_SCOP_LINEAR_PB_BACKEND_SORTER 0
d LOG_SCOP_LINEAR_PB_BACKEND_DADDA 0
d LOG_SCOP_LINEAR_PB_BDD_DECOMPOSITION_RAW 401
d LOG_SCOP_LINEAR_PB_BDD_DECOMPOSITION_BINARY 0
d LOG_SCOP_LINEAR_PB_BDD_DECOMPOSITION_MULTIBASE 0
d MEMORY_RSS_BYTES 65511424
d MEMORY_RSS_AFTER_PROPAGATE_BYTES 3862528
d MEMORY_RSS_AFTER_LOWER_BYTES 4132864
d MEMORY_RSS_AFTER_POST_LOWER_BYTES 4132864
d MEMORY_RSS_BEFORE_PREENCODE_BYTES 4403200
d MEMORY_RSS_AFTER_PREENCODE_BYTES 4403200
d MEMORY_RSS_BEFORE_ENCODE_BYTES 4403200
d MEMORY_RSS_ENCODE_SAMPLE_INTERVAL_CLAUSES 1000000
d MEMORY_RSS_ENCODE_SAMPLE_COUNT 10
d MEMORY_RSS_ENCODE_LAST_SAMPLE_CLAUSE 196726
d MEMORY_RSS_ENCODE_LAST_SAMPLE_BYTES 65511424
d MEMORY_RSS_ENCODE_MAX_SAMPLE_BYTES 65511424
d DECODE_INT_ASSIGNMENTS 57
d CIRCUIT_CEGAR_FAILURES 0
d CIRCUIT_CEGAR_ROUNDS 0
d CIRCUIT_CEGAR_ADDED_CLAUSES 0
d CUMULATIVE_CEGAR_FAILURES 0
d CUMULATIVE_CEGAR_ROUNDS 0
d CUMULATIVE_CEGAR_ADDED_CLAUSES 0
d COP_CEGAR_FAILURES 0
d COP_CEGAR_ROUNDS 0
d COP_CEGAR_ADDED_CLAUSES 0
d CSV /bench/competition/2022-2025/COP22to25/NursingWorkload-3zones0_c22.xml.lzma,sat,597,597,597,0,102560,196726,1799961,,,,,,,0,skipped,,,,,,0,,,,,,,timeout_signal,incumbent_interrupted_by_signal
signal=15; emitted incumbent csv row
c run_end_local: 2026-06-16 14:22:19 +0900
