# WCTIME: wall clock time in seconds
WCTIME=396.577
# CPUTIME: CPU time in seconds (USERTIME+SYSTEMTIME)
CPUTIME=374.104
# USERTIME: CPU time spent in user mode in seconds
USERTIME=309.228
# SYSTEMTIME: CPU time spent in system mode in seconds
SYSTEMTIME=64.8754
# CPUUSAGE: CPUTIME/WCTIME in percent
CPUUSAGE=94.3333
# MAXVM: maximum virtual memory used in KiB
MAXVM=131128976
# MAXMM: maximum memory used in KiB
MAXMM=124573072
# MAXRSS: maximum Resident Segment Size in KiB
MAXRSS=116168080
# TIMEOUT: did the solver exceed the time limit?
TIMEOUT=false
# MEMOUT: did the solver exceed the memory limit?
MEMOUT=false
# EXITSTATUS: Exit status of the solver
EXITSTATUS=35072
