# WCTIME: wall clock time in seconds
WCTIME=1800.17
# CPUTIME: CPU time in seconds (USERTIME+SYSTEMTIME)
CPUTIME=1791.27
# USERTIME: CPU time spent in user mode in seconds
USERTIME=1780.4
# SYSTEMTIME: CPU time spent in system mode in seconds
SYSTEMTIME=10.8748
# CPUUSAGE: CPUTIME/WCTIME in percent
CPUUSAGE=99.506
# MAXVM: maximum virtual memory used in KiB
MAXVM=6840108
# MAXMM: maximum memory used in KiB
MAXMM=5984936
# MAXRSS: maximum Resident Segment Size in KiB
MAXRSS=5984936
# TIMEOUT: did the solver exceed the time limit?
TIMEOUT=true
# MEMOUT: did the solver exceed the memory limit?
MEMOUT=false
# EXITSTATUS: Exit status of the solver
EXITSTATUS=36608
