# WCTIME: wall clock time in seconds
WCTIME=335.735
# CPUTIME: CPU time in seconds (USERTIME+SYSTEMTIME)
CPUTIME=333.931
# USERTIME: CPU time spent in user mode in seconds
USERTIME=329.552
# SYSTEMTIME: CPU time spent in system mode in seconds
SYSTEMTIME=4.37928
# CPUUSAGE: CPUTIME/WCTIME in percent
CPUUSAGE=99.4627
# MAXVM: maximum virtual memory used in KiB
MAXVM=2801528
# MAXMM: maximum memory used in KiB
MAXMM=2452256
# MAXRSS: maximum Resident Segment Size in KiB
MAXRSS=2449140
# TIMEOUT: did the solver exceed the time limit?
TIMEOUT=false
# MEMOUT: did the solver exceed the memory limit?
MEMOUT=false
# EXITSTATUS: Exit status of the solver
EXITSTATUS=0
