# WCTIME: wall clock time in seconds
WCTIME=1.43487
# CPUTIME: CPU time in seconds (USERTIME+SYSTEMTIME)
CPUTIME=1.40284
# USERTIME: CPU time spent in user mode in seconds
USERTIME=1.21672
# SYSTEMTIME: CPU time spent in system mode in seconds
SYSTEMTIME=0.186123
# CPUUSAGE: CPUTIME/WCTIME in percent
CPUUSAGE=97.7677
# MAXVM: maximum virtual memory used in KiB
MAXVM=627372
# MAXMM: maximum memory used in KiB
MAXMM=459836
# MAXRSS: maximum Resident Segment Size in KiB
MAXRSS=506972
# TIMEOUT: did the solver exceed the time limit?
TIMEOUT=false
# MEMOUT: did the solver exceed the memory limit?
MEMOUT=false
# EXITSTATUS: Exit status of the solver
EXITSTATUS=0
