c cmd: /host-parser-bin/kat_xcsp_9c976720_scip_dynamic /bench/competition/2022-2025/COP22to25/CVRP-A-n39-k6_c22.xml.lzma --encoder log-scop --order-ge-table mdd-tl --progress
c 00h00m00s | solve:start
c 00h00m00s | input: constraints=444
c 00h00m00s | stage:propagate:start
c 00h00m00s | stage:propagate:done ms=1 pruned=936 changed_domains=18 entailed_tables=0
c 00h00m00s | stage:normalize:start
c 00h00m00s | stage:normalize:done ms=0 high_constraints=444
c 00h00m00s | stage:lower:start
c 00h00m01s | stage:lower:done ms=1056 lowered=444 unsupported=0
c 00h00m01s | stage:post_lower:start
c 00h00m01s | stage:post_lower:done ms=47 rounds=0 tightened=0 removed_cls=0 removed_lits=0 unsat=false precise_hits=0 precise_rounds=0 pivot_recomputes=0 pivot_exact_attempts=0 pivot_general_attempts=0 pivot_general_rest_missing=0 pivot_general_bound_missing=0 pivot_general_no_change=0 pivot_general_tightened=0 setup_ms=20 loop_ms=25 pivot_ms=0 pivot_version_ms=0 pivot_exact_ms=0 pivot_general_ms=0 pivot_general_prepare_ms=0 pivot_general_rest_ms=0 pivot_general_derive_ms=0 apply_ms=0 sat_ms=0 precise_ms=0
c 00h00m01s | stage:lowered-shape int_vars=441 bool_vars=5616 linear_atoms=39827 table_atoms=0 table_tuples=0 table_scope=0 alldiff_atoms=0 circuit_atoms=0 product_atoms=0 logical_clauses=233372
c 00h00m01s | stage:root-lp:start backend=scip-ffi
c 00h00m01s | stage:root-lp:bound backend=scip-ffi status=optimal objective_value=0 naive_bounds=[0,18441] lp_bounds=[0,18441] improved=0 rows=56 vars=6057 ms=533
c 00h00m01s | stage:preencode(log-scop):start
c 00h00m01s | stage:preencode(log-scop):done ms=3 int_vars=441
c 00h00m01s | stage:encode(log-scop):start
c 00h00m07s | stage:encode(log-scop):done ms=6107 sat_vars=8201644 sat_clauses=14801077 ext_ge_specs=0 relaxed_circuits=0 log_scop_pb_constraints=1283828 log_scop_pb_mixed=0 log_scop_pb_bdd2=0 log_scop_pb_bdd3=1283828 log_scop_pb_sorter=0 log_scop_pb_dadda=0 log_scop_bdd_raw=1283828 log_scop_bdd_binary=0 log_scop_bdd_multibase=0
c 00h00m07s | stage:sat:init solver=CaDiCaL vars=8201644 clauses=14801077
c 00h00m07s | stage:sat:solve:start round=1 circuit_cegar_rounds=- cop_cegar_rounds=1 assumptions=0 phase_lits=0
c 00h02m24s | stage:sat:solve:done round=1 ms=136961 result=Sat assumptions=0 phase_lits=0
c 00h02m24s | stage:decode:start round=1 requested_int_ids=441
c 00h02m25s | stage:decode:final:start round=1 requested_int_ids=441
c 00h02m25s | stage:decode:done round=1 int_assignments=441
c 00h02m25s | stage:relaxation:done clauses_added=0 circuit_cegar_failures=0 circuit_cegar_rounds=0 circuit_cegar_added_clauses=0 cop_cegar_failures=0 cop_cegar_rounds=1 cop_cegar_added_clauses=0
c 00h02m25s | result:Sat
c 00h02m25s | objective:incumbent kind=initial value=2254 rounds=1 improvements=0
o 2254
c 00h02m25s | stage:sat:init solver=CaDiCaL vars=8201644 clauses=14801077
c 00h02m25s | stage:sat:solve:start round=1 circuit_cegar_rounds=- cop_cegar_rounds=2 assumptions=0 phase_lits=2943
c 00h02m26s | stage:sat:solve:done round=1 ms=1008 result=Sat assumptions=0 phase_lits=2943
c 00h02m26s | stage:decode:start round=1 requested_int_ids=441
c 00h02m26s | stage:relaxation:done round=1 clauses_added=431047 circuit_clauses_added=0 cop_clauses_added=431047 circuit_cegar_failures=0 circuit_cegar_rounds=0 circuit_cegar_added_clauses=0 cop_cegar_failures=1 cop_cegar_rounds=2 cop_cegar_added_clauses=431047
c 00h02m26s | stage:sat:solve:start round=2 circuit_cegar_rounds=- cop_cegar_rounds=3 assumptions=0 phase_lits=2943
c 00h02m38s | stage:sat:solve:done round=2 ms=11904 result=Sat assumptions=0 phase_lits=2943
c 00h02m38s | stage:decode:start round=2 requested_int_ids=441
c 00h02m38s | stage:decode:final:start round=2 requested_int_ids=441
c 00h02m38s | stage:decode:done round=2 int_assignments=441
c 00h02m38s | stage:relaxation:done clauses_added=0 circuit_cegar_failures=0 circuit_cegar_rounds=0 circuit_cegar_added_clauses=0 cop_cegar_failures=1 cop_cegar_rounds=3 cop_cegar_added_clauses=431047
c 00h02m38s | result:Sat
c 00h02m38s | objective:incumbent kind=improvement value=2250 rounds=2 improvements=1
o 2250
c 00h02m38s | stage:sat:init solver=CaDiCaL vars=8201644 clauses=14801077
c 00h02m38s | stage:sat:solve:start round=1 circuit_cegar_rounds=- cop_cegar_rounds=4 assumptions=0 phase_lits=2943
c 00h02m39s | stage:sat:solve:done round=1 ms=1096 result=Sat assumptions=0 phase_lits=2943
c 00h02m39s | stage:decode:start round=1 requested_int_ids=441
c 00h02m40s | stage:relaxation:done round=1 clauses_added=431049 circuit_clauses_added=0 cop_clauses_added=431049 circuit_cegar_failures=0 circuit_cegar_rounds=0 circuit_cegar_added_clauses=0 cop_cegar_failures=2 cop_cegar_rounds=4 cop_cegar_added_clauses=862096
c 00h02m40s | stage:sat:solve:start round=2 circuit_cegar_rounds=- cop_cegar_rounds=5 assumptions=0 phase_lits=2943
c 00h02m42s | stage:sat:solve:done round=2 ms=2338 result=Sat assumptions=0 phase_lits=2943
c 00h02m42s | stage:decode:start round=2 requested_int_ids=441
c 00h02m43s | stage:decode:final:start round=2 requested_int_ids=441
c 00h02m43s | stage:decode:done round=2 int_assignments=441
c 00h02m43s | stage:relaxation:done clauses_added=0 circuit_cegar_failures=0 circuit_cegar_rounds=0 circuit_cegar_added_clauses=0 cop_cegar_failures=2 cop_cegar_rounds=5 cop_cegar_added_clauses=862096
c 00h02m43s | result:Sat
c 00h02m43s | objective:incumbent kind=improvement value=2240 rounds=3 improvements=2
o 2240
c 00h02m43s | stage:sat:init solver=CaDiCaL vars=8201644 clauses=14801077
c 00h02m43s | stage:sat:solve:start round=1 circuit_cegar_rounds=- cop_cegar_rounds=6 assumptions=0 phase_lits=2943
c 00h02m43s | stage:sat:solve:done round=1 ms=228 result=Sat assumptions=0 phase_lits=2943
c 00h02m43s | stage:decode:start round=1 requested_int_ids=441
c 00h02m43s | stage:relaxation:done round=1 clauses_added=428845 circuit_clauses_added=0 cop_clauses_added=428845 circuit_cegar_failures=0 circuit_cegar_rounds=0 circuit_cegar_added_clauses=0 cop_cegar_failures=3 cop_cegar_rounds=6 cop_cegar_added_clauses=1290941
c 00h02m43s | stage:sat:solve:start round=2 circuit_cegar_rounds=- cop_cegar_rounds=7 assumptions=0 phase_lits=2943
c 00h02m49s | stage:sat:solve:done round=2 ms=5934 result=Sat assumptions=0 phase_lits=2943
c 00h02m49s | stage:decode:start round=2 requested_int_ids=441
c 00h02m50s | stage:decode:final:start round=2 requested_int_ids=441
c 00h02m50s | stage:decode:done round=2 int_assignments=441
c 00h02m50s | stage:relaxation:done clauses_added=0 circuit_cegar_failures=0 circuit_cegar_rounds=0 circuit_cegar_added_clauses=0 cop_cegar_failures=3 cop_cegar_rounds=7 cop_cegar_added_clauses=1290941
c 00h02m50s | result:Sat
c 00h02m50s | objective:incumbent kind=improvement value=2221 rounds=4 improvements=3
o 2221
c 00h02m50s | stage:sat:init solver=CaDiCaL vars=8201644 clauses=14801077
c 00h02m50s | stage:sat:solve:start round=1 circuit_cegar_rounds=- cop_cegar_rounds=8 assumptions=0 phase_lits=2943
c 00h02m50s | stage:sat:solve:done round=1 ms=288 result=Sat assumptions=0 phase_lits=2943
c 00h02m50s | stage:decode:start round=1 requested_int_ids=441
c 00h02m50s | stage:relaxation:done round=1 clauses_added=429702 circuit_clauses_added=0 cop_clauses_added=429702 circuit_cegar_failures=0 circuit_cegar_rounds=0 circuit_cegar_added_clauses=0 cop_cegar_failures=4 cop_cegar_rounds=8 cop_cegar_added_clauses=1720643
c 00h02m51s | stage:sat:solve:start round=2 circuit_cegar_rounds=- cop_cegar_rounds=9 assumptions=0 phase_lits=2943
c 00h02m53s | stage:sat:solve:done round=2 ms=2211 result=Sat assumptions=0 phase_lits=2943
c 00h02m53s | stage:decode:start round=2 requested_int_ids=441
c 00h02m53s | stage:decode:final:start round=2 requested_int_ids=441
c 00h02m53s | stage:decode:done round=2 int_assignments=441
c 00h02m53s | stage:relaxation:done clauses_added=0 circuit_cegar_failures=0 circuit_cegar_rounds=0 circuit_cegar_added_clauses=0 cop_cegar_failures=4 cop_cegar_rounds=9 cop_cegar_added_clauses=1720643
c 00h02m53s | result:Sat
c 00h02m53s | objective:incumbent kind=improvement value=2187 rounds=5 improvements=4
o 2187
c 00h02m53s | stage:sat:init solver=CaDiCaL vars=8201644 clauses=14801077
c 00h02m53s | stage:sat:solve:start round=1 circuit_cegar_rounds=- cop_cegar_rounds=10 assumptions=0 phase_lits=2943
c 00h02m53s | stage:sat:solve:done round=1 ms=272 result=Sat assumptions=0 phase_lits=2943
c 00h02m53s | stage:decode:start round=1 requested_int_ids=441
c 00h02m54s | stage:relaxation:done round=1 clauses_added=428207 circuit_clauses_added=0 cop_clauses_added=428207 circuit_cegar_failures=0 circuit_cegar_rounds=0 circuit_cegar_added_clauses=0 cop_cegar_failures=5 cop_cegar_rounds=10 cop_cegar_added_clauses=2148850
c 00h02m54s | stage:sat:solve:start round=2 circuit_cegar_rounds=- cop_cegar_rounds=11 assumptions=0 phase_lits=2943
c 00h02m59s | stage:sat:solve:done round=2 ms=5502 result=Sat assumptions=0 phase_lits=2943
c 00h02m59s | stage:decode:start round=2 requested_int_ids=441
c 00h03m00s | stage:decode:final:start round=2 requested_int_ids=441
c 00h03m00s | stage:decode:done round=2 int_assignments=441
c 00h03m00s | stage:relaxation:done clauses_added=0 circuit_cegar_failures=0 circuit_cegar_rounds=0 circuit_cegar_added_clauses=0 cop_cegar_failures=5 cop_cegar_rounds=11 cop_cegar_added_clauses=2148850
c 00h03m00s | result:Sat
c 00h03m00s | objective:incumbent kind=improvement value=2181 rounds=6 improvements=5
o 2181
c 00h03m00s | stage:sat:init solver=CaDiCaL vars=8201644 clauses=14801077
c 00h03m00s | stage:sat:solve:start round=1 circuit_cegar_rounds=- cop_cegar_rounds=12 assumptions=0 phase_lits=2943
c 00h03m00s | stage:sat:solve:done round=1 ms=356 result=Sat assumptions=0 phase_lits=2943
c 00h03m00s | stage:decode:start round=1 requested_int_ids=441
c 00h03m01s | stage:relaxation:done round=1 clauses_added=428170 circuit_clauses_added=0 cop_clauses_added=428170 circuit_cegar_failures=0 circuit_cegar_rounds=0 circuit_cegar_added_clauses=0 cop_cegar_failures=6 cop_cegar_rounds=12 cop_cegar_added_clauses=2577020
c 00h03m01s | stage:sat:solve:start round=2 circuit_cegar_rounds=- cop_cegar_rounds=13 assumptions=0 phase_lits=2943
c 00h03m02s | stage:sat:solve:done round=2 ms=1573 result=Sat assumptions=0 phase_lits=2943
c 00h03m02s | stage:decode:start round=2 requested_int_ids=441
c 00h03m03s | stage:decode:final:start round=2 requested_int_ids=441
c 00h03m03s | stage:decode:done round=2 int_assignments=441
c 00h03m03s | stage:relaxation:done clauses_added=0 circuit_cegar_failures=0 circuit_cegar_rounds=0 circuit_cegar_added_clauses=0 cop_cegar_failures=6 cop_cegar_rounds=13 cop_cegar_added_clauses=2577020
c 00h03m03s | result:Sat
c 00h03m03s | objective:incumbent kind=improvement value=2155 rounds=7 improvements=6
o 2155
c 00h03m03s | stage:sat:init solver=CaDiCaL vars=8201644 clauses=14801077
c 00h03m03s | stage:sat:solve:start round=1 circuit_cegar_rounds=- cop_cegar_rounds=14 assumptions=0 phase_lits=2943
c 00h03m03s | stage:sat:solve:done round=1 ms=347 result=Sat assumptions=0 phase_lits=2943
c 00h03m03s | stage:decode:start round=1 requested_int_ids=441
c 00h03m03s | stage:relaxation:done round=1 clauses_added=426304 circuit_clauses_added=0 cop_clauses_added=426304 circuit_cegar_failures=0 circuit_cegar_rounds=0 circuit_cegar_added_clauses=0 cop_cegar_failures=7 cop_cegar_rounds=14 cop_cegar_added_clauses=3003324
c 00h03m03s | stage:sat:solve:start round=2 circuit_cegar_rounds=- cop_cegar_rounds=15 assumptions=0 phase_lits=2943
c 00h03m05s | stage:sat:solve:done round=2 ms=1994 result=Sat assumptions=0 phase_lits=2943
c 00h03m05s | stage:decode:start round=2 requested_int_ids=441
c 00h03m06s | stage:decode:final:start round=2 requested_int_ids=441
c 00h03m06s | stage:decode:done round=2 int_assignments=441
c 00h03m06s | stage:relaxation:done clauses_added=0 circuit_cegar_failures=0 circuit_cegar_rounds=0 circuit_cegar_added_clauses=0 cop_cegar_failures=7 cop_cegar_rounds=15 cop_cegar_added_clauses=3003324
c 00h03m06s | result:Sat
c 00h03m06s | objective:incumbent kind=improvement value=2154 rounds=8 improvements=7
o 2154
c 00h03m06s | stage:sat:init solver=CaDiCaL vars=8201644 clauses=14801077
c 00h03m06s | stage:sat:solve:start round=1 circuit_cegar_rounds=- cop_cegar_rounds=16 assumptions=0 phase_lits=2943
c 00h03m06s | stage:sat:solve:done round=1 ms=413 result=Sat assumptions=0 phase_lits=2943
c 00h03m06s | stage:decode:start round=1 requested_int_ids=441
c 00h03m07s | stage:relaxation:done round=1 clauses_added=425847 circuit_clauses_added=0 cop_clauses_added=425847 circuit_cegar_failures=0 circuit_cegar_rounds=0 circuit_cegar_added_clauses=0 cop_cegar_failures=8 cop_cegar_rounds=16 cop_cegar_added_clauses=3429171
c 00h03m07s | stage:sat:solve:start round=2 circuit_cegar_rounds=- cop_cegar_rounds=17 assumptions=0 phase_lits=2943
c 00h03m09s | stage:sat:solve:done round=2 ms=1967 result=Sat assumptions=0 phase_lits=2943
c 00h03m09s | stage:decode:start round=2 requested_int_ids=441
c 00h03m09s | stage:decode:final:start round=2 requested_int_ids=441
c 00h03m09s | stage:decode:done round=2 int_assignments=441
c 00h03m09s | stage:relaxation:done clauses_added=0 circuit_cegar_failures=0 circuit_cegar_rounds=0 circuit_cegar_added_clauses=0 cop_cegar_failures=8 cop_cegar_rounds=17 cop_cegar_added_clauses=3429171
c 00h03m09s | result:Sat
c 00h03m09s | objective:incumbent kind=improvement value=2148 rounds=9 improvements=8
o 2148
c 00h03m09s | stage:sat:init solver=CaDiCaL vars=8201644 clauses=14801077
c 00h03m09s | stage:sat:solve:start round=1 circuit_cegar_rounds=- cop_cegar_rounds=18 assumptions=0 phase_lits=2943
c 00h03m09s | stage:sat:solve:done round=1 ms=453 result=Sat assumptions=0 phase_lits=2943
c 00h03m09s | stage:decode:start round=1 requested_int_ids=441
c 00h03m10s | stage:relaxation:done round=1 clauses_added=425339 circuit_clauses_added=0 cop_clauses_added=425339 circuit_cegar_failures=0 circuit_cegar_rounds=0 circuit_cegar_added_clauses=0 cop_cegar_failures=9 cop_cegar_rounds=18 cop_cegar_added_clauses=3854510
c 00h03m10s | stage:sat:solve:start round=2 circuit_cegar_rounds=- cop_cegar_rounds=19 assumptions=0 phase_lits=2943
c 00h03m14s | stage:sat:solve:done round=2 ms=3821 result=Sat assumptions=0 phase_lits=2943
c 00h03m14s | stage:decode:start round=2 requested_int_ids=441
c 00h03m14s | stage:decode:final:start round=2 requested_int_ids=441
c 00h03m14s | stage:decode:done round=2 int_assignments=441
c 00h03m14s | stage:relaxation:done clauses_added=0 circuit_cegar_failures=0 circuit_cegar_rounds=0 circuit_cegar_added_clauses=0 cop_cegar_failures=9 cop_cegar_rounds=19 cop_cegar_added_clauses=3854510
c 00h03m14s | result:Sat
c 00h03m14s | objective:incumbent kind=improvement value=2141 rounds=10 improvements=9
o 2141
c 00h03m14s | stage:sat:init solver=CaDiCaL vars=8201644 clauses=14801077
c 00h03m14s | stage:sat:solve:start round=1 circuit_cegar_rounds=- cop_cegar_rounds=20 assumptions=0 phase_lits=2943
c 00h03m15s | stage:sat:solve:done round=1 ms=510 result=Sat assumptions=0 phase_lits=2943
c 00h03m15s | stage:decode:start round=1 requested_int_ids=441
c 00h03m15s | stage:relaxation:done round=1 clauses_added=425285 circuit_clauses_added=0 cop_clauses_added=425285 circuit_cegar_failures=0 circuit_cegar_rounds=0 circuit_cegar_added_clauses=0 cop_cegar_failures=10 cop_cegar_rounds=20 cop_cegar_added_clauses=4279795
c 00h03m15s | stage:sat:solve:start round=2 circuit_cegar_rounds=- cop_cegar_rounds=21 assumptions=0 phase_lits=2943
c 00h03m19s | stage:sat:solve:done round=2 ms=4071 result=Sat assumptions=0 phase_lits=2943
c 00h03m19s | stage:decode:start round=2 requested_int_ids=441
c 00h03m20s | stage:decode:final:start round=2 requested_int_ids=441
c 00h03m20s | stage:decode:done round=2 int_assignments=441
c 00h03m20s | stage:relaxation:done clauses_added=0 circuit_cegar_failures=0 circuit_cegar_rounds=0 circuit_cegar_added_clauses=0 cop_cegar_failures=10 cop_cegar_rounds=21 cop_cegar_added_clauses=4279795
c 00h03m20s | result:Sat
c 00h03m20s | objective:incumbent kind=improvement value=2073 rounds=11 improvements=10
o 2073
c 00h03m20s | stage:sat:init solver=CaDiCaL vars=8201644 clauses=14801077
c 00h03m20s | stage:sat:solve:start round=1 circuit_cegar_rounds=- cop_cegar_rounds=22 assumptions=0 phase_lits=2943
c 00h03m20s | stage:sat:solve:done round=1 ms=558 result=Sat assumptions=0 phase_lits=2943
c 00h03m20s | stage:decode:start round=1 requested_int_ids=441
c 00h03m21s | stage:relaxation:done round=1 clauses_added=421646 circuit_clauses_added=0 cop_clauses_added=421646 circuit_cegar_failures=0 circuit_cegar_rounds=0 circuit_cegar_added_clauses=0 cop_cegar_failures=11 cop_cegar_rounds=22 cop_cegar_added_clauses=4701441
c 00h03m21s | stage:sat:solve:start round=2 circuit_cegar_rounds=- cop_cegar_rounds=23 assumptions=0 phase_lits=2943
c 00h04m05s | stage:sat:solve:done round=2 ms=43936 result=Sat assumptions=0 phase_lits=2943
c 00h04m05s | stage:decode:start round=2 requested_int_ids=441
c 00h04m05s | stage:decode:final:start round=2 requested_int_ids=441
c 00h04m05s | stage:decode:done round=2 int_assignments=441
c 00h04m05s | stage:relaxation:done clauses_added=0 circuit_cegar_failures=0 circuit_cegar_rounds=0 circuit_cegar_added_clauses=0 cop_cegar_failures=11 cop_cegar_rounds=23 cop_cegar_added_clauses=4701441
c 00h04m05s | result:Sat
c 00h04m05s | objective:incumbent kind=improvement value=2048 rounds=12 improvements=11
o 2048
c 00h04m05s | stage:sat:init solver=CaDiCaL vars=8201644 clauses=14801077
c 00h04m05s | stage:sat:solve:start round=1 circuit_cegar_rounds=- cop_cegar_rounds=24 assumptions=0 phase_lits=2943
c 00h04m07s | stage:sat:solve:done round=1 ms=1557 result=Sat assumptions=0 phase_lits=2943
c 00h04m07s | stage:decode:start round=1 requested_int_ids=441
c 00h04m07s | stage:relaxation:done round=1 clauses_added=418282 circuit_clauses_added=0 cop_clauses_added=418282 circuit_cegar_failures=0 circuit_cegar_rounds=0 circuit_cegar_added_clauses=0 cop_cegar_failures=12 cop_cegar_rounds=24 cop_cegar_added_clauses=5119723
c 00h04m07s | stage:sat:solve:start round=2 circuit_cegar_rounds=- cop_cegar_rounds=25 assumptions=0 phase_lits=2943
c 00h04m37s | stage:sat:solve:done round=2 ms=29698 result=Sat assumptions=0 phase_lits=2943
c 00h04m37s | stage:decode:start round=2 requested_int_ids=441
c 00h04m37s | stage:decode:final:start round=2 requested_int_ids=441
c 00h04m37s | stage:decode:done round=2 int_assignments=441
c 00h04m37s | stage:relaxation:done clauses_added=0 circuit_cegar_failures=0 circuit_cegar_rounds=0 circuit_cegar_added_clauses=0 cop_cegar_failures=12 cop_cegar_rounds=25 cop_cegar_added_clauses=5119723
c 00h04m37s | result:Sat
c 00h04m37s | objective:incumbent kind=improvement value=2004 rounds=13 improvements=12
o 2004
c 00h04m37s | stage:sat:init solver=CaDiCaL vars=8201644 clauses=14801077
c 00h04m37s | stage:sat:solve:start round=1 circuit_cegar_rounds=- cop_cegar_rounds=26 assumptions=0 phase_lits=2943
c 00h04m38s | stage:sat:solve:done round=1 ms=554 result=Sat assumptions=0 phase_lits=2943
c 00h04m38s | stage:decode:start round=1 requested_int_ids=441
c 00h04m38s | stage:relaxation:done round=1 clauses_added=416789 circuit_clauses_added=0 cop_clauses_added=416789 circuit_cegar_failures=0 circuit_cegar_rounds=0 circuit_cegar_added_clauses=0 cop_cegar_failures=13 cop_cegar_rounds=26 cop_cegar_added_clauses=5536512
c 00h04m38s | stage:sat:solve:start round=2 circuit_cegar_rounds=- cop_cegar_rounds=27 assumptions=0 phase_lits=2943
c 00h04m48s | stage:sat:solve:done round=2 ms=9173 result=Sat assumptions=0 phase_lits=2943
c 00h04m48s | stage:decode:start round=2 requested_int_ids=441
c 00h04m48s | stage:decode:final:start round=2 requested_int_ids=441
c 00h04m48s | stage:decode:done round=2 int_assignments=441
c 00h04m48s | stage:relaxation:done clauses_added=0 circuit_cegar_failures=0 circuit_cegar_rounds=0 circuit_cegar_added_clauses=0 cop_cegar_failures=13 cop_cegar_rounds=27 cop_cegar_added_clauses=5536512
c 00h04m48s | result:Sat
c 00h04m48s | objective:incumbent kind=improvement value=1997 rounds=14 improvements=13
o 1997
c 00h04m48s | stage:sat:init solver=CaDiCaL vars=8201644 clauses=14801077
c 00h04m48s | stage:sat:solve:start round=1 circuit_cegar_rounds=- cop_cegar_rounds=28 assumptions=0 phase_lits=2943
c 00h04m48s | stage:sat:solve:done round=1 ms=586 result=Sat assumptions=0 phase_lits=2943
c 00h04m48s | stage:decode:start round=1 requested_int_ids=441
c 00h04m49s | stage:relaxation:done round=1 clauses_added=417140 circuit_clauses_added=0 cop_clauses_added=417140 circuit_cegar_failures=0 circuit_cegar_rounds=0 circuit_cegar_added_clauses=0 cop_cegar_failures=14 cop_cegar_rounds=28 cop_cegar_added_clauses=5953652
c 00h04m50s | stage:sat:solve:start round=2 circuit_cegar_rounds=- cop_cegar_rounds=29 assumptions=0 phase_lits=2943
c 00h07m36s | stage:sat:solve:done round=2 ms=166292 result=Sat assumptions=0 phase_lits=2943
c 00h07m36s | stage:decode:start round=2 requested_int_ids=441
c 00h07m36s | stage:decode:final:start round=2 requested_int_ids=441
c 00h07m36s | stage:decode:done round=2 int_assignments=441
c 00h07m36s | stage:relaxation:done clauses_added=0 circuit_cegar_failures=0 circuit_cegar_rounds=0 circuit_cegar_added_clauses=0 cop_cegar_failures=14 cop_cegar_rounds=29 cop_cegar_added_clauses=5953652
c 00h07m36s | result:Sat
c 00h07m36s | objective:incumbent kind=improvement value=1970 rounds=15 improvements=14
o 1970
c 00h07m36s | stage:sat:init solver=CaDiCaL vars=8201644 clauses=14801077
c 00h07m36s | stage:sat:solve:start round=1 circuit_cegar_rounds=- cop_cegar_rounds=30 assumptions=0 phase_lits=2943
c 00h07m38s | stage:sat:solve:done round=1 ms=1455 result=Sat assumptions=0 phase_lits=2943
c 00h07m38s | stage:decode:start round=1 requested_int_ids=441
c 00h07m38s | stage:relaxation:done round=1 clauses_added=415060 circuit_clauses_added=0 cop_clauses_added=415060 circuit_cegar_failures=0 circuit_cegar_rounds=0 circuit_cegar_added_clauses=0 cop_cegar_failures=15 cop_cegar_rounds=30 cop_cegar_added_clauses=6368712
c 00h07m39s | stage:sat:solve:start round=2 circuit_cegar_rounds=- cop_cegar_rounds=31 assumptions=0 phase_lits=2943
c 00h07m45s | stage:sat:solve:done round=2 ms=6010 result=Sat assumptions=0 phase_lits=2943
c 00h07m45s | stage:decode:start round=2 requested_int_ids=441
c 00h07m45s | stage:decode:final:start round=2 requested_int_ids=441
c 00h07m45s | stage:decode:done round=2 int_assignments=441
c 00h07m45s | stage:relaxation:done clauses_added=0 circuit_cegar_failures=0 circuit_cegar_rounds=0 circuit_cegar_added_clauses=0 cop_cegar_failures=15 cop_cegar_rounds=31 cop_cegar_added_clauses=6368712
c 00h07m45s | result:Sat
c 00h07m45s | objective:incumbent kind=improvement value=1962 rounds=16 improvements=15
o 1962
c 00h07m45s | stage:sat:init solver=CaDiCaL vars=8201644 clauses=14801077
c 00h07m45s | stage:sat:solve:start round=1 circuit_cegar_rounds=- cop_cegar_rounds=32 assumptions=0 phase_lits=2943
c 00h07m46s | stage:sat:solve:done round=1 ms=598 result=Sat assumptions=0 phase_lits=2943
c 00h07m46s | stage:decode:start round=1 requested_int_ids=441
c 00h07m46s | stage:relaxation:done round=1 clauses_added=414483 circuit_clauses_added=0 cop_clauses_added=414483 circuit_cegar_failures=0 circuit_cegar_rounds=0 circuit_cegar_added_clauses=0 cop_cegar_failures=16 cop_cegar_rounds=32 cop_cegar_added_clauses=6783195
c 00h07m46s | stage:sat:solve:start round=2 circuit_cegar_rounds=- cop_cegar_rounds=33 assumptions=0 phase_lits=2943
c 00h09m28s | stage:sat:solve:done round=2 ms=101974 result=Sat assumptions=0 phase_lits=2943
c 00h09m28s | stage:decode:start round=2 requested_int_ids=441
c 00h09m29s | stage:decode:final:start round=2 requested_int_ids=441
c 00h09m29s | stage:decode:done round=2 int_assignments=441
c 00h09m29s | stage:relaxation:done clauses_added=0 circuit_cegar_failures=0 circuit_cegar_rounds=0 circuit_cegar_added_clauses=0 cop_cegar_failures=16 cop_cegar_rounds=33 cop_cegar_added_clauses=6783195
c 00h09m29s | result:Sat
c 00h09m29s | objective:incumbent kind=improvement value=1922 rounds=17 improvements=16
o 1922
c 00h09m29s | stage:sat:init solver=CaDiCaL vars=8201644 clauses=14801077
c 00h09m29s | stage:sat:solve:start round=1 circuit_cegar_rounds=- cop_cegar_rounds=34 assumptions=0 phase_lits=2943
c 00h09m30s | stage:sat:solve:done round=1 ms=1503 result=Sat assumptions=0 phase_lits=2943
c 00h09m30s | stage:decode:start round=1 requested_int_ids=441
c 00h09m31s | stage:relaxation:done round=1 clauses_added=412471 circuit_clauses_added=0 cop_clauses_added=412471 circuit_cegar_failures=0 circuit_cegar_rounds=0 circuit_cegar_added_clauses=0 cop_cegar_failures=17 cop_cegar_rounds=34 cop_cegar_added_clauses=7195666
c 00h09m31s | stage:sat:solve:start round=2 circuit_cegar_rounds=- cop_cegar_rounds=35 assumptions=0 phase_lits=2943
c 00h10m54s | stage:sat:solve:done round=2 ms=82713 result=Sat assumptions=0 phase_lits=2943
c 00h10m54s | stage:decode:start round=2 requested_int_ids=441
c 00h10m54s | stage:decode:final:start round=2 requested_int_ids=441
c 00h10m54s | stage:decode:done round=2 int_assignments=441
c 00h10m54s | stage:relaxation:done clauses_added=0 circuit_cegar_failures=0 circuit_cegar_rounds=0 circuit_cegar_added_clauses=0 cop_cegar_failures=17 cop_cegar_rounds=35 cop_cegar_added_clauses=7195666
c 00h10m54s | result:Sat
c 00h10m54s | objective:incumbent kind=improvement value=1919 rounds=18 improvements=17
o 1919
c 00h10m54s | stage:sat:init solver=CaDiCaL vars=8201644 clauses=14801077
c 00h10m54s | stage:sat:solve:start round=1 circuit_cegar_rounds=- cop_cegar_rounds=36 assumptions=0 phase_lits=2943
c 00h10m56s | stage:sat:solve:done round=1 ms=1551 result=Sat assumptions=0 phase_lits=2943
c 00h10m56s | stage:decode:start round=1 requested_int_ids=441
c 00h10m56s | stage:relaxation:done round=1 clauses_added=411500 circuit_clauses_added=0 cop_clauses_added=411500 circuit_cegar_failures=0 circuit_cegar_rounds=0 circuit_cegar_added_clauses=0 cop_cegar_failures=18 cop_cegar_rounds=36 cop_cegar_added_clauses=7607166
c 00h10m56s | stage:sat:solve:start round=2 circuit_cegar_rounds=- cop_cegar_rounds=37 assumptions=0 phase_lits=2943
c 00h11m48s | stage:sat:solve:done round=2 ms=51885 result=Sat assumptions=0 phase_lits=2943
c 00h11m48s | stage:decode:start round=2 requested_int_ids=441
c 00h11m48s | stage:decode:final:start round=2 requested_int_ids=441
c 00h11m48s | stage:decode:done round=2 int_assignments=441
c 00h11m48s | stage:relaxation:done clauses_added=0 circuit_cegar_failures=0 circuit_cegar_rounds=0 circuit_cegar_added_clauses=0 cop_cegar_failures=18 cop_cegar_rounds=37 cop_cegar_added_clauses=7607166
c 00h11m48s | result:Sat
c 00h11m48s | objective:incumbent kind=improvement value=1912 rounds=19 improvements=18
o 1912
c 00h11m48s | stage:sat:init solver=CaDiCaL vars=8201644 clauses=14801077
c 00h11m48s | stage:sat:solve:start round=1 circuit_cegar_rounds=- cop_cegar_rounds=38 assumptions=0 phase_lits=2943
c 00h11m50s | stage:sat:solve:done round=1 ms=1801 result=Sat assumptions=0 phase_lits=2943
c 00h11m50s | stage:decode:start round=1 requested_int_ids=441
c 00h11m51s | stage:relaxation:done round=1 clauses_added=410129 circuit_clauses_added=0 cop_clauses_added=410129 circuit_cegar_failures=0 circuit_cegar_rounds=0 circuit_cegar_added_clauses=0 cop_cegar_failures=19 cop_cegar_rounds=38 cop_cegar_added_clauses=8017295
c 00h11m51s | stage:sat:solve:start round=2 circuit_cegar_rounds=- cop_cegar_rounds=39 assumptions=0 phase_lits=2943
c 00h12m05s | stage:sat:solve:done round=2 ms=13943 result=Sat assumptions=0 phase_lits=2943
c 00h12m05s | stage:decode:start round=2 requested_int_ids=441
c 00h12m05s | stage:decode:final:start round=2 requested_int_ids=441
c 00h12m05s | stage:decode:done round=2 int_assignments=441
c 00h12m05s | stage:relaxation:done clauses_added=0 circuit_cegar_failures=0 circuit_cegar_rounds=0 circuit_cegar_added_clauses=0 cop_cegar_failures=19 cop_cegar_rounds=39 cop_cegar_added_clauses=8017295
c 00h12m05s | result:Sat
c 00h12m05s | objective:incumbent kind=improvement value=1887 rounds=20 improvements=19
o 1887
c 00h12m05s | stage:sat:init solver=CaDiCaL vars=8201644 clauses=14801077
c 00h12m05s | stage:sat:solve:start round=1 circuit_cegar_rounds=- cop_cegar_rounds=40 assumptions=0 phase_lits=2943
c 00h12m06s | stage:sat:solve:done round=1 ms=764 result=Sat assumptions=0 phase_lits=2943
c 00h12m06s | stage:decode:start round=1 requested_int_ids=441
c 00h12m06s | stage:relaxation:done round=1 clauses_added=409549 circuit_clauses_added=0 cop_clauses_added=409549 circuit_cegar_failures=0 circuit_cegar_rounds=0 circuit_cegar_added_clauses=0 cop_cegar_failures=20 cop_cegar_rounds=40 cop_cegar_added_clauses=8426844
c 00h12m07s | stage:sat:solve:start round=2 circuit_cegar_rounds=- cop_cegar_rounds=41 assumptions=0 phase_lits=2943
c 00h12m10s | stage:sat:solve:done round=2 ms=2860 result=Sat assumptions=0 phase_lits=2943
c 00h12m10s | stage:decode:start round=2 requested_int_ids=441
c 00h12m10s | stage:decode:final:start round=2 requested_int_ids=441
c 00h12m10s | stage:decode:done round=2 int_assignments=441
c 00h12m10s | stage:relaxation:done clauses_added=0 circuit_cegar_failures=0 circuit_cegar_rounds=0 circuit_cegar_added_clauses=0 cop_cegar_failures=20 cop_cegar_rounds=41 cop_cegar_added_clauses=8426844
c 00h12m10s | result:Sat
c 00h12m10s | objective:incumbent kind=improvement value=1837 rounds=21 improvements=20
o 1837
c 00h12m10s | stage:sat:init solver=CaDiCaL vars=8201644 clauses=14801077
c 00h12m10s | stage:sat:solve:start round=1 circuit_cegar_rounds=- cop_cegar_rounds=42 assumptions=0 phase_lits=2943
c 00h12m11s | stage:sat:solve:done round=1 ms=841 result=Sat assumptions=0 phase_lits=2943
c 00h12m11s | stage:decode:start round=1 requested_int_ids=441
c 00h12m11s | stage:relaxation:done round=1 clauses_added=406389 circuit_clauses_added=0 cop_clauses_added=406389 circuit_cegar_failures=0 circuit_cegar_rounds=0 circuit_cegar_added_clauses=0 cop_cegar_failures=21 cop_cegar_rounds=42 cop_cegar_added_clauses=8833233
c 00h12m11s | stage:sat:solve:start round=2 circuit_cegar_rounds=- cop_cegar_rounds=43 assumptions=0 phase_lits=2943
c 00h12m22s | stage:sat:solve:done round=2 ms=10707 result=Sat assumptions=0 phase_lits=2943
c 00h12m22s | stage:decode:start round=2 requested_int_ids=441
c 00h12m23s | stage:decode:final:start round=2 requested_int_ids=441
c 00h12m23s | stage:decode:done round=2 int_assignments=441
c 00h12m23s | stage:relaxation:done clauses_added=0 circuit_cegar_failures=0 circuit_cegar_rounds=0 circuit_cegar_added_clauses=0 cop_cegar_failures=21 cop_cegar_rounds=43 cop_cegar_added_clauses=8833233
c 00h12m23s | result:Sat
c 00h12m23s | objective:incumbent kind=improvement value=1834 rounds=22 improvements=21
o 1834
c 00h12m23s | stage:sat:init solver=CaDiCaL vars=8201644 clauses=14801077
c 00h12m23s | stage:sat:solve:start round=1 circuit_cegar_rounds=- cop_cegar_rounds=44 assumptions=0 phase_lits=2943
c 00h12m23s | stage:sat:solve:done round=1 ms=868 result=Sat assumptions=0 phase_lits=2943
c 00h12m23s | stage:decode:start round=1 requested_int_ids=441
c 00h12m24s | stage:relaxation:done round=1 clauses_added=405932 circuit_clauses_added=0 cop_clauses_added=405932 circuit_cegar_failures=0 circuit_cegar_rounds=0 circuit_cegar_added_clauses=0 cop_cegar_failures=22 cop_cegar_rounds=44 cop_cegar_added_clauses=9239165
c 00h12m24s | stage:sat:solve:start round=2 circuit_cegar_rounds=- cop_cegar_rounds=45 assumptions=0 phase_lits=2943
c 00h12m48s | stage:sat:solve:done round=2 ms=23639 result=Sat assumptions=0 phase_lits=2943
c 00h12m48s | stage:decode:start round=2 requested_int_ids=441
c 00h12m48s | stage:decode:final:start round=2 requested_int_ids=441
c 00h12m48s | stage:decode:done round=2 int_assignments=441
c 00h12m48s | stage:relaxation:done clauses_added=0 circuit_cegar_failures=0 circuit_cegar_rounds=0 circuit_cegar_added_clauses=0 cop_cegar_failures=22 cop_cegar_rounds=45 cop_cegar_added_clauses=9239165
c 00h12m48s | result:Sat
c 00h12m48s | objective:incumbent kind=improvement value=1830 rounds=23 improvements=22
o 1830
c 00h12m48s | stage:sat:init solver=CaDiCaL vars=8201644 clauses=14801077
c 00h12m48s | stage:sat:solve:start round=1 circuit_cegar_rounds=- cop_cegar_rounds=46 assumptions=0 phase_lits=2943
c 00h12m49s | stage:sat:solve:done round=1 ms=1144 result=Sat assumptions=0 phase_lits=2943
c 00h12m49s | stage:decode:start round=1 requested_int_ids=441
c 00h12m50s | stage:relaxation:done round=1 clauses_added=405761 circuit_clauses_added=0 cop_clauses_added=405761 circuit_cegar_failures=0 circuit_cegar_rounds=0 circuit_cegar_added_clauses=0 cop_cegar_failures=23 cop_cegar_rounds=46 cop_cegar_added_clauses=9644926
c 00h12m50s | stage:sat:solve:start round=2 circuit_cegar_rounds=- cop_cegar_rounds=47 assumptions=0 phase_lits=2943
c 00h15m31s | stage:sat:solve:done round=2 ms=160815 result=Sat assumptions=0 phase_lits=2943
c 00h15m31s | stage:decode:start round=2 requested_int_ids=441
c 00h15m31s | stage:decode:final:start round=2 requested_int_ids=441
c 00h15m31s | stage:decode:done round=2 int_assignments=441
c 00h15m31s | stage:relaxation:done clauses_added=0 circuit_cegar_failures=0 circuit_cegar_rounds=0 circuit_cegar_added_clauses=0 cop_cegar_failures=23 cop_cegar_rounds=47 cop_cegar_added_clauses=9644926
c 00h15m31s | result:Sat
c 00h15m31s | objective:incumbent kind=improvement value=1820 rounds=24 improvements=23
o 1820
c 00h15m31s | stage:sat:init solver=CaDiCaL vars=8201644 clauses=14801077
c 00h15m31s | stage:sat:solve:start round=1 circuit_cegar_rounds=- cop_cegar_rounds=48 assumptions=0 phase_lits=2943
c 00h15m33s | stage:sat:solve:done round=1 ms=2085 result=Sat assumptions=0 phase_lits=2943
c 00h15m33s | stage:decode:start round=1 requested_int_ids=441
c 00h15m34s | stage:relaxation:done round=1 clauses_added=404214 circuit_clauses_added=0 cop_clauses_added=404214 circuit_cegar_failures=0 circuit_cegar_rounds=0 circuit_cegar_added_clauses=0 cop_cegar_failures=24 cop_cegar_rounds=48 cop_cegar_added_clauses=10049140
c 00h15m34s | stage:sat:solve:start round=2 circuit_cegar_rounds=- cop_cegar_rounds=49 assumptions=0 phase_lits=2943
c 00h17m27s | stage:sat:solve:done round=2 ms=112997 result=Sat assumptions=0 phase_lits=2943
c 00h17m27s | stage:decode:start round=2 requested_int_ids=441
c 00h17m27s | stage:decode:final:start round=2 requested_int_ids=441
c 00h17m27s | stage:decode:done round=2 int_assignments=441
c 00h17m27s | stage:relaxation:done clauses_added=0 circuit_cegar_failures=0 circuit_cegar_rounds=0 circuit_cegar_added_clauses=0 cop_cegar_failures=24 cop_cegar_rounds=49 cop_cegar_added_clauses=10049140
c 00h17m27s | result:Sat
c 00h17m27s | objective:incumbent kind=improvement value=1789 rounds=25 improvements=24
o 1789
c 00h17m27s | stage:sat:init solver=CaDiCaL vars=8201644 clauses=14801077
c 00h17m27s | stage:sat:solve:start round=1 circuit_cegar_rounds=- cop_cegar_rounds=50 assumptions=0 phase_lits=2943
c 00h17m28s | stage:sat:solve:done round=1 ms=979 result=Sat assumptions=0 phase_lits=2943
c 00h17m28s | stage:decode:start round=1 requested_int_ids=441
c 00h17m29s | stage:relaxation:done round=1 clauses_added=402657 circuit_clauses_added=0 cop_clauses_added=402657 circuit_cegar_failures=0 circuit_cegar_rounds=0 circuit_cegar_added_clauses=0 cop_cegar_failures=25 cop_cegar_rounds=50 cop_cegar_added_clauses=10451797
c 00h17m29s | stage:sat:solve:start round=2 circuit_cegar_rounds=- cop_cegar_rounds=51 assumptions=0 phase_lits=2943
c 00h29m17s | stage:sat:solve:done round=2 ms=707752 result=Sat assumptions=0 phase_lits=2943
c 00h29m17s | stage:decode:start round=2 requested_int_ids=441
c 00h29m17s | stage:decode:final:start round=2 requested_int_ids=441
c 00h29m17s | stage:decode:done round=2 int_assignments=441
c 00h29m17s | stage:relaxation:done clauses_added=0 circuit_cegar_failures=0 circuit_cegar_rounds=0 circuit_cegar_added_clauses=0 cop_cegar_failures=25 cop_cegar_rounds=51 cop_cegar_added_clauses=10451797
c 00h29m17s | result:Sat
c 00h29m17s | objective:incumbent kind=improvement value=1772 rounds=26 improvements=25
o 1772
c 00h29m17s | stage:sat:init solver=CaDiCaL vars=8201644 clauses=14801077
c 00h29m17s | stage:sat:solve:start round=1 circuit_cegar_rounds=- cop_cegar_rounds=52 assumptions=0 phase_lits=2943
c 00h29m19s | stage:sat:solve:done round=1 ms=2152 result=Sat assumptions=0 phase_lits=2943
c 00h29m19s | stage:decode:start round=1 requested_int_ids=441
c 00h29m20s | stage:relaxation:done round=1 clauses_added=400905 circuit_clauses_added=0 cop_clauses_added=400905 circuit_cegar_failures=0 circuit_cegar_rounds=0 circuit_cegar_added_clauses=0 cop_cegar_failures=26 cop_cegar_rounds=52 cop_cegar_added_clauses=10852702
c 00h29m20s | stage:sat:solve:start round=2 circuit_cegar_rounds=- cop_cegar_rounds=53 assumptions=0 phase_lits=2943
s SATISFIABLE
o 1772
v <instantiation>
v   <list> c[0][0] c[0][1] c[0][2] c[0][3] c[0][4] c[0][5] c[0][6] c[0][7] c[0][8] c[0][9] c[0][10] c[0][11] c[0][12] c[0][13] c[0][14] c[0][15] c[1][0] c[1][1] c[1][2] c[1][3] c[1][4] c[1][5] c[1][6] c[1][7] c[1][8] c[1][9] c[1][10] c[1][11] c[1][12] c[1][13] c[1][14] c[1][15] c[2][0] c[2][1] c[2][2] c[2][3] c[2][4] c[2][5] c[2][6] c[2][7] c[2][8] c[2][9] c[2][10] c[2][11] c[2][12] c[2][13] c[2][14] c[2][15] c[3][0] c[3][1] c[3][2] c[3][3] c[3][4] c[3][5] c[3][6] c[3][7] c[3][8] c[3][9] c[3][10] c[3][11] c[3][12] c[3][13] c[3][14] c[3][15] c[4][0] c[4][1] c[4][2] c[4][3] c[4][4] c[4][5] c[4][6] c[4][7] c[4][8] c[4][9] c[4][10] c[4][11] c[4][12] c[4][13] c[4][14] c[4][15] c[5][0] c[5][1] c[5][2] c[5][3] c[5][4] c[5][5] c[5][6] c[5][7] c[5][8] c[5][9] c[5][10] c[5][11] c[5][12] c[5][13] c[5][14] c[5][15] c[6][0] c[6][1] c[6][2] c[6][3] c[6][4] c[6][5] c[6][6] c[6][7] c[6][8] c[6][9] c[6][10] c[6][11] c[6][12] c[6][13] c[6][14] c[6][15] c[7][0] c[7][1] c[7][2] c[7][3] c[7][4] c[7][5] c[7][6] c[7][7] c[7][8] c[7][9] c[7][10] c[7][11] c[7][12] c[7][13] c[7][14] c[7][15] c[8][0] c[8][1] c[8][2] c[8][3] c[8][4] c[8][5] c[8][6] c[8][7] c[8][8] c[8][9] c[8][10] c[8][11] c[8][12] c[8][13] c[8][14] c[8][15] d[0][0] d[0][1] d[0][2] d[0][3] d[0][4] d[0][5] d[0][6] d[0][7] d[0][8] d[0][9] d[0][10] d[0][11] d[0][12] d[0][13] d[0][14] d[0][15] d[1][0] d[1][1] d[1][2] d[1][3] d[1][4] d[1][5] d[1][6] d[1][7] d[1][8] d[1][9] d[1][10] d[1][11] d[1][12] d[1][13] d[1][14] d[1][15] d[2][0] d[2][1] d[2][2] d[2][3] d[2][4] d[2][5] d[2][6] d[2][7] d[2][8] d[2][9] d[2][10] d[2][11] d[2][12] d[2][13] d[2][14] d[2][15] d[3][0] d[3][1] d[3][2] d[3][3] d[3][4] d[3][5] d[3][6] d[3][7] d[3][8] d[3][9] d[3][10] d[3][11] d[3][12] d[3][13] d[3][14] d[3][15] d[4][0] d[4][1] d[4][2] d[4][3] d[4][4] d[4][5] d[4][6] d[4][7] d[4][8] d[4][9] d[4][10] d[4][11] d[4][12] d[4][13] d[4][14] d[4][15] d[5][0] d[5][1] d[5][2] d[5][3] d[5][4] d[5][5] d[5][6] d[5][7] d[5][8] d[5][9] d[5][10] d[5][11] d[5][12] d[5][13] d[5][14] d[5][15] d[6][0] d[6][1] d[6][2] d[6][3] d[6][4] d[6][5] d[6][6] d[6][7] d[6][8] d[6][9] d[6][10] d[6][11] d[6][12] d[6][13] d[6][14] d[6][15] d[7][0] d[7][1] d[7][2] d[7][3] d[7][4] d[7][5] d[7][6] d[7][7] d[7][8] d[7][9] d[7][10] d[7][11] d[7][12] d[7][13] d[7][14] d[7][15] d[8][0] d[8][1] d[8][2] d[8][3] d[8][4] d[8][5] d[8][6] d[8][7] d[8][8] d[8][9] d[8][10] d[8][11] d[8][12] d[8][13] d[8][14] d[8][15] aux_gb[0] aux_gb[1] aux_gb[2] aux_gb[3] aux_gb[4] aux_gb[5] aux_gb[6] aux_gb[7] aux_gb[8] aux_gb[9] aux_gb[10] aux_gb[11] aux_gb[12] aux_gb[13] aux_gb[14] aux_gb[15] aux_gb[16] aux_gb[17] aux_gb[18] aux_gb[19] aux_gb[20] aux_gb[21] aux_gb[22] aux_gb[23] aux_gb[24] aux_gb[25] aux_gb[26] aux_gb[27] aux_gb[28] aux_gb[29] aux_gb[30] aux_gb[31] aux_gb[32] aux_gb[33] aux_gb[34] aux_gb[35] aux_gb[36] aux_gb[37] aux_gb[38] aux_gb[39] aux_gb[40] aux_gb[41] aux_gb[42] aux_gb[43] aux_gb[44] aux_gb[45] aux_gb[46] aux_gb[47] aux_gb[48] aux_gb[49] aux_gb[50] aux_gb[51] aux_gb[52] aux_gb[53] aux_gb[54] aux_gb[55] aux_gb[56] aux_gb[57] aux_gb[58] aux_gb[59] aux_gb[60] aux_gb[61] aux_gb[62] aux_gb[63] aux_gb[64] aux_gb[65] aux_gb[66] aux_gb[67] aux_gb[68] aux_gb[69] aux_gb[70] aux_gb[71] aux_gb[72] aux_gb[73] aux_gb[74] aux_gb[75] aux_gb[76] aux_gb[77] aux_gb[78] aux_gb[79] aux_gb[80] aux_gb[81] aux_gb[82] aux_gb[83] aux_gb[84] aux_gb[85] aux_gb[86] aux_gb[87] aux_gb[88] aux_gb[89] aux_gb[90] aux_gb[91] aux_gb[92] aux_gb[93] aux_gb[94] aux_gb[95] aux_gb[96] aux_gb[97] aux_gb[98] aux_gb[99] aux_gb[100] aux_gb[101] aux_gb[102] aux_gb[103] aux_gb[104] aux_gb[105] aux_gb[106] aux_gb[107] aux_gb[108] aux_gb[109] aux_gb[110] aux_gb[111] aux_gb[112] aux_gb[113] aux_gb[114] aux_gb[115] aux_gb[116] aux_gb[117] aux_gb[118] aux_gb[119] aux_gb[120] aux_gb[121] aux_gb[122] aux_gb[123] aux_gb[124] aux_gb[125] aux_gb[126] aux_gb[127] aux_gb[128] aux_gb[129] aux_gb[130] aux_gb[131] aux_gb[132] aux_gb[133] aux_gb[134] aux_gb[135] aux_gb[136] aux_gb[137] aux_gb[138] aux_gb[139] aux_gb[140] aux_gb[141] aux_gb[142] aux_gb[143] aux_gb[144] aux_gb[145] aux_gb[146] aux_gb[147] aux_gb[148] aux_gb[149] aux_gb[150] aux_gb[151] aux_gb[152] </list>
v   <values> 36 0 0 0 0 0 0 0 0 0 0 0 0 0 0 0 30 3 28 9 21 22 10 7 0 0 0 0 0 0 0 0 26 6 29 0 0 0 0 0 0 0 0 0 0 0 0 0 24 0 0 0 0 0 0 0 0 0 0 0 0 0 0 0 15 18 0 0 0 0 0 0 0 0 0 0 0 0 0 0 13 0 0 0 0 0 0 0 0 0 0 0 0 0 0 0 12 33 19 14 2 0 0 0 0 0 0 0 0 0 0 0 5 17 20 34 27 1 8 32 23 25 31 38 37 0 0 0 4 35 16 11 0 0 0 0 0 0 0 0 0 0 0 0 15 0 0 0 0 0 0 0 0 0 0 0 0 0 0 0 9 22 5 6 11 11 12 6 0 0 0 0 0 0 0 0 15 19 22 0 0 0 0 0 0 0 0 0 0 0 0 0 22 0 0 0 0 0 0 0 0 0 0 0 0 0 0 0 16 22 0 0 0 0 0 0 0 0 0 0 0 0 0 0 72 0 0 0 0 0 0 0 0 0 0 0 0 0 0 0 16 9 23 7 16 0 0 0 0 0 0 0 0 0 0 0 3 4 7 3 7 18 6 11 1 16 10 2 10 0 0 0 24 7 23 18 0 0 0 0 0 0 0 0 0 0 0 0 43 18 10 9 8 12 42 15 78 43 0 0 0 0 0 0 0 0 0 0 0 0 0 0 19 29 10 87 22 28 22 57 0 0 0 0 0 0 0 29 56 27 0 0 0 0 0 0 0 0 0 0 0 0 9 0 0 0 0 0 0 0 0 0 0 0 0 0 0 51 53 0 0 0 0 0 0 0 0 0 0 0 0 0 12 0 0 0 0 0 0 0 0 0 0 0 0 0 0 71 4 32 19 60 0 0 0 0 0 0 0 0 0 0 61 48 40 12 42 62 30 32 100 36 21 12 47 0 0 58 80 92 24 0 0 0 0 0 0 0 0 0 0 0 0 0 0 0 0 0 0 0 0 </values>
v </instantiation>
d OBJECTIVE_VALUE 1772
d OPTIMAL 0
d OBJECTIVE_ROUNDS 26
d OBJECTIVE_IMPROVEMENTS 25
d COP_INCUMBENT_ELAPSED_MS 1757689
d SOLVE_ELAPSED_MS 1799872
d CURRENT_STAGE sat
d CURRENT_STAGE_ELAPSED_MS 39372
d LAST_COMPLETED_STAGE relaxation
d STAGE_PROPAGATE_STATUS done
d STAGE_NORMALIZE_STATUS done
d STAGE_LOWER_STATUS done
d STAGE_POST_LOWER_STATUS done
d STAGE_PREENCODE_STATUS done
d STAGE_ENCODE_STATUS done
d STAGE_SAT_STATUS running
d STAGE_DECODE_STATUS done
d STAGE_RELAXATION_STATUS done
d STAGE_DUMP_CNF_STATUS pending
d SOURCE_CONSTRAINTS 444
d NORMALIZED_CONSTRAINTS 444
d LOWERED_CONSTRAINTS 444
d UNSUPPORTED_CONSTRAINTS 0
d SAT_VARS 8201644
d SAT_CLAUSES_BASE 14801077
d SAT_CLAUSES_FINAL 25653779
d SAT_CLAUSES_CEGAR_DELTA 10852702
d LINEAR_INT_EQ_ARITY_STATS {"1":{"count":23859,"max_domain_product_excluding_one_var":"1","p95_domain_product_excluding_one_var":"1"}}
d LINEAR_INT_NE_ARITY_STATS {"1":{"count":5616,"max_domain_product_excluding_one_var":"1","p95_domain_product_excluding_one_var":"1"},"2":{"count":10296,"max_domain_product_excluding_one_var":"39","p95_domain_product_excluding_one_var":"39"}}
d LINEAR_INT_GE_ARITY_STATS {"2":{"count":8,"max_domain_product_excluding_one_var":"39","p95_domain_product_excluding_one_var":"39"},"16":{"count":9,"max_domain_product_excluding_one_var":"32768000000000000000","p95_domain_product_excluding_one_var":"32768000000000000000"}}
d LINEAR_BOOL_MIXED_ARITY_STATS {"144":{"count":39,"max_domain_product_excluding_one_var":"340282366920938463463374607431768211455","p95_domain_product_excluding_one_var":"340282366920938463463374607431768211455"}}
d ROOT_LP_ENTERED 1
d ROOT_LP_STATUS optimal
d OBJECTIVE_NAIVE_LOWER 0
d OBJECTIVE_NAIVE_UPPER 18441
d OBJECTIVE_LP_LOWER 0
d OBJECTIVE_LP_UPPER 18441
d ROOT_LP_IMPROVED 0
d ROOT_LP_MS 533
d ROOT_LP_ROWS 56
d ROOT_LP_VARS 6057
d ROOT_LP_STRUCTURED_OBJECTIVE_TERMS 0
d ROOT_LP_STRUCTURED_OBJECTIVE_AUX_VARS 0
d ROOT_LP_STRUCTURED_OBJECTIVE_ROWS 0
d ROOT_LP_NATIVE_GATE_GE_TOTAL 17
d ROOT_LP_NATIVE_GATE_EQ_TOTAL 23859
d ROOT_LP_NATIVE_GATE_GE_MAX_ARITY 16
d ROOT_LP_NATIVE_GATE_GE_MAX_DOMAIN_PRODUCT 32768000000000000000
d ROOT_LP_NATIVE_GATE_BOOL_MIXED_MAX_ARITY 144
d ROOT_LP_OBJECTIVE_VALUE 0
d PROPAGATE_PRUNED_VALUES 936
d PROPAGATE_CHANGED_DOMAINS 18
d PROPAGATE_ENTAILED_TABLES 0
d POST_LOWER_ROUNDS 0
d POST_LOWER_TIGHTENED_DOMAINS 0
d POST_LOWER_REMOVED_CLAUSES 0
d POST_LOWER_REMOVED_LITS 0
d POST_LOWER_DETECTED_UNSAT 0
d PREENCODE_INT_VARS 441
d ENCODE_EXTERNAL_GE_SPECS 0
d ENCODE_RELAXED_CIRCUITS 0
d LOG_SCOP_LINEAR_PB_CONSTRAINTS 1283828
d LOG_SCOP_LINEAR_PB_MIXED_DISPATCH_CONSTRAINTS 0
d LOG_SCOP_LINEAR_PB_MIXED_ATTEMPT_BDD 0
d LOG_SCOP_LINEAR_PB_MIXED_ATTEMPT_SORTER 0
d LOG_SCOP_LINEAR_PB_MIXED_ATTEMPT_DADDA 0
d LOG_SCOP_LINEAR_PB_MIXED_REJECT_BDD_BUDGET 0
d LOG_SCOP_LINEAR_PB_MIXED_REJECT_SORTER_BUDGET 0
d LOG_SCOP_LINEAR_PB_MIXED_FALLBACK_BDD_TO_SORTER 0
d LOG_SCOP_LINEAR_PB_MIXED_FALLBACK_BDD_TO_DADDA 0
d LOG_SCOP_LINEAR_PB_MIXED_FALLBACK_SORTER_TO_BDD 0
d LOG_SCOP_LINEAR_PB_MIXED_FALLBACK_SORTER_TO_DADDA 0
d LOG_SCOP_LINEAR_PB_BACKEND_BDD2 0
d LOG_SCOP_LINEAR_PB_BACKEND_BDD3 1283828
d LOG_SCOP_LINEAR_PB_BACKEND_SORTER 0
d LOG_SCOP_LINEAR_PB_BACKEND_DADDA 0
d LOG_SCOP_LINEAR_PB_BDD_DECOMPOSITION_RAW 1283828
d LOG_SCOP_LINEAR_PB_BDD_DECOMPOSITION_BINARY 0
d LOG_SCOP_LINEAR_PB_BDD_DECOMPOSITION_MULTIBASE 0
d DECODE_INT_ASSIGNMENTS 441
d CIRCUIT_CEGAR_FAILURES 0
d CIRCUIT_CEGAR_ROUNDS 0
d CIRCUIT_CEGAR_ADDED_CLAUSES 0
d COP_CEGAR_FAILURES 26
d COP_CEGAR_ROUNDS 53
d COP_CEGAR_ADDED_CLAUSES 10852702
d CSV /bench/competition/2022-2025/COP22to25/CVRP-A-n39-k6_c22.xml.lzma,sat,444,444,444,0,8201644,25653779,1799872,,,,,,,1,optimal,0,18441,0,18441,0,533,56,6057,0,0,0,0,timeout_signal,incumbent_interrupted_by_signal
signal=15; emitted incumbent csv row
