# WCTIME: wall clock time in seconds
WCTIME=87.7829
# CPUTIME: CPU time in seconds (USERTIME+SYSTEMTIME)
CPUTIME=87.3035
# USERTIME: CPU time spent in user mode in seconds
USERTIME=85.5772
# SYSTEMTIME: CPU time spent in system mode in seconds
SYSTEMTIME=1.72637
# CPUUSAGE: CPUTIME/WCTIME in percent
CPUUSAGE=99.454
# MAXVM: maximum virtual memory used in KiB
MAXVM=4558732
# MAXMM: maximum memory used in KiB
MAXMM=4053532
# MAXRSS: maximum Resident Segment Size in KiB
MAXRSS=4073912
# TIMEOUT: did the solver exceed the time limit?
TIMEOUT=false
# MEMOUT: did the solver exceed the memory limit?
MEMOUT=false
# EXITSTATUS: Exit status of the solver
EXITSTATUS=0
