# WCTIME: wall clock time in seconds
WCTIME=44.432
# CPUTIME: CPU time in seconds (USERTIME+SYSTEMTIME)
CPUTIME=45.7283
# USERTIME: CPU time spent in user mode in seconds
USERTIME=45.578
# SYSTEMTIME: CPU time spent in system mode in seconds
SYSTEMTIME=0.150327
# CPUUSAGE: CPUTIME/WCTIME in percent
CPUUSAGE=102.918
# MAXVM: maximum virtual memory used in KiB
MAXVM=1181620
# MAXMM: maximum memory used in KiB
MAXMM=111232
# MAXRSS: maximum Resident Segment Size in KiB
MAXRSS=113348
# TIMEOUT: did the solver exceed the time limit?
TIMEOUT=false
# MEMOUT: did the solver exceed the memory limit?
MEMOUT=false
# EXITSTATUS: Exit status of the solver
EXITSTATUS=0
