MiniZinc to FlatZinc converter, version 2.9.3, build 1832600886
Copyright (C) 2014-2025 Monash University, NICTA, Data61
Parsing file(s) /bench/2017/rel2onto/rel2onto.mzn', '/bench/2017/rel2onto/5_6.dzn' ...
processing file '/usr/local/share/minizinc/std/stdlib.mzn'
processing file '/usr/local/share/minizinc/std/stdlib/stdlib_internal.mzn'
processing file '/usr/local/share/minizinc/std/output.mzn'
processing file '/usr/local/share/minizinc/std/output/array2d_bool.mzn'
processing file '/usr/local/share/minizinc/std/output/gantt.mzn'
processing file '/usr/local/share/minizinc/std/stdlib/stdlib_random.mzn'
processing file '/usr/local/share/minizinc/std/stdlib/stdlib_debug.mzn'
processing file '/usr/local/share/minizinc/std/stdlib/stdlib_reflect.mzn'
processing file '/usr/local/share/minizinc/std/stdlib/stdlib_ite.mzn'
processing file '/usr/local/share/minizinc/std/stdlib/stdlib_language.mzn'
processing file '/usr/local/share/minizinc/std/stdlib/stdlib_sort.mzn'
processing file '/usr/local/share/minizinc/std/stdlib/stdlib_opt.mzn'
processing file '/usr/local/share/minizinc/std/stdlib/stdlib_ann.mzn'
processing file '/usr/local/share/minizinc/std/stdlib/stdlib_enum.mzn'
processing file '/usr/local/share/minizinc/std/stdlib/stdlib_string.mzn'
processing file '/usr/local/share/minizinc/std/stdlib/stdlib_set.mzn'
processing file '/usr/local/share/minizinc/std/stdlib/stdlib_logic.mzn'
processing file '/usr/local/share/minizinc/std/stdlib/stdlib_array.mzn'
processing file '/usr/local/share/minizinc/std/stdlib/stdlib_coercion.mzn'
processing file '/usr/local/share/minizinc/std/stdlib/stdlib_math.mzn'
processing file '/usr/local/share/minizinc/std/stdlib/stdlib_compare.mzn'
processing file '/usr/local/share/minizinc/std/flatzinc_builtins.mzn'
processing file '/usr/local/share/minizinc/std/solver_redefinitions.mzn'
processing file '/usr/local/share/minizinc/std/table.mzn'
processing file '/usr/local/share/minizinc/std/fzn_table_int_opt.mzn'
processing file '/usr/local/share/minizinc/std/fzn_table_int_reif.mzn'
processing file '/entry_data/mzn-lib/fzn_table_int.mzn'
processing file '/usr/local/share/minizinc/std/fzn_table_bool_reif.mzn'
processing file '/entry_data/mzn-lib/fzn_table_bool.mzn'
processing file '/usr/local/share/minizinc/std/fzn_array_set_intersect.mzn'
processing file '/usr/local/share/minizinc/std/fzn_array_set_union.mzn'
processing file '/usr/local/share/minizinc/std/fzn_array_opt_int_union.mzn'
processing file '/usr/local/share/minizinc/std/fzn_array_int_union.mzn'
processing file '/usr/local/share/minizinc/std/lex_lesseq.mzn'
processing file '/usr/local/share/minizinc/std/fzn_lex_lesseq_set_reif.mzn'
processing file '/usr/local/share/minizinc/std/fzn_lex_lesseq_set.mzn'
processing file '/usr/local/share/minizinc/std/fzn_lex_lesseq_int_reif.mzn'
processing file '/entry_data/mzn-lib/fzn_lex_lesseq_int.mzn'
processing file '/usr/local/share/minizinc/std/fzn_lex_lesseq_float_reif.mzn'
processing file '/usr/local/share/minizinc/std/fzn_lex_lesseq_float.mzn'
processing file '/usr/local/share/minizinc/std/fzn_lex_lesseq_bool_reif.mzn'
processing file '/entry_data/mzn-lib/fzn_lex_lesseq_bool.mzn'
processing file '/usr/local/share/minizinc/std/lex_less.mzn'
processing file '/usr/local/share/minizinc/std/fzn_lex_less_set_reif.mzn'
processing file '/usr/local/share/minizinc/std/fzn_lex_less_set.mzn'
processing file '/usr/local/share/minizinc/std/fzn_lex_less_int_reif.mzn'
processing file '/entry_data/mzn-lib/fzn_lex_less_int.mzn'
processing file '/usr/local/share/minizinc/std/fzn_lex_less_float_reif.mzn'
processing file '/usr/local/share/minizinc/std/fzn_lex_less_float.mzn'
processing file '/usr/local/share/minizinc/std/fzn_lex_less_bool_reif.mzn'
processing file '/entry_data/mzn-lib/fzn_lex_less_bool.mzn'
processing file '/usr/local/share/minizinc/std/fzn_if_then_else_partiality.mzn'
processing file '/usr/local/share/minizinc/std/fzn_if_then_else_var_set.mzn'
processing file '/usr/local/share/minizinc/std/fzn_if_then_else_set.mzn'
processing file '/usr/local/share/minizinc/std/fzn_if_then_else_var_opt_float.mzn'
processing file '/usr/local/share/minizinc/std/fzn_if_then_else_var_float.mzn'
processing file '/usr/local/share/minizinc/std/fzn_if_then_else_opt_float.mzn'
processing file '/usr/local/share/minizinc/std/fzn_if_then_else_float.mzn'
processing file '/usr/local/share/minizinc/std/fzn_if_then_else_var_opt_bool.mzn'
processing file '/usr/local/share/minizinc/std/fzn_if_then_else_var_bool.mzn'
processing file '/usr/local/share/minizinc/std/fzn_if_then_else_opt_bool.mzn'
processing file '/usr/local/share/minizinc/std/fzn_if_then_else_bool.mzn'
processing file '/usr/local/share/minizinc/std/fzn_if_then_else_var_opt_int.mzn'
processing file '/usr/local/share/minizinc/std/fzn_if_then_else_var_int.mzn'
processing file '/usr/local/share/minizinc/std/fzn_if_then_else_opt_int.mzn'
processing file '/usr/local/share/minizinc/std/fzn_if_then_else_int.mzn'
processing file '/usr/local/share/minizinc/std/count_fn.mzn'
processing file '/usr/local/share/minizinc/std/count_lt.mzn'
processing file '/usr/local/share/minizinc/std/fzn_count_lt_par_reif.mzn'
processing file '/usr/local/share/minizinc/std/fzn_count_lt_reif.mzn'
processing file '/usr/local/share/minizinc/std/fzn_count_lt_par.mzn'
processing file '/usr/local/share/minizinc/std/fzn_count_lt.mzn'
processing file '/usr/local/share/minizinc/std/count_gt.mzn'
processing file '/usr/local/share/minizinc/std/fzn_count_gt_reif.mzn'
processing file '/usr/local/share/minizinc/std/fzn_count_gt_par_reif.mzn'
processing file '/usr/local/share/minizinc/std/fzn_count_gt.mzn'
processing file '/usr/local/share/minizinc/std/fzn_count_gt_par.mzn'
processing file '/usr/local/share/minizinc/std/count_neq.mzn'
processing file '/usr/local/share/minizinc/std/fzn_count_neq_reif.mzn'
processing file '/usr/local/share/minizinc/std/fzn_count_neq_par_reif.mzn'
processing file '/usr/local/share/minizinc/std/fzn_count_neq.mzn'
processing file '/usr/local/share/minizinc/std/fzn_count_neq_par.mzn'
processing file '/usr/local/share/minizinc/std/count_leq.mzn'
processing file '/usr/local/share/minizinc/std/fzn_count_leq_reif.mzn'
processing file '/usr/local/share/minizinc/std/fzn_count_leq_par_reif.mzn'
processing file '/usr/local/share/minizinc/std/fzn_count_leq.mzn'
processing file '/usr/local/share/minizinc/std/fzn_count_leq_par.mzn'
processing file '/usr/local/share/minizinc/std/count_geq.mzn'
processing file '/usr/local/share/minizinc/std/fzn_count_geq_reif.mzn'
processing file '/usr/local/share/minizinc/std/fzn_count_geq_par_reif.mzn'
processing file '/usr/local/share/minizinc/std/fzn_count_geq.mzn'
processing file '/usr/local/share/minizinc/std/fzn_count_geq_par.mzn'
processing file '/usr/local/share/minizinc/std/count_eq.mzn'
processing file '/usr/local/share/minizinc/std/fzn_count_eq_par_reif.mzn'
processing file '/usr/local/share/minizinc/std/fzn_count_eq_reif.mzn'
processing file '/usr/local/share/minizinc/std/fzn_count_eq_par.mzn'
processing file '/entry_data/mzn-lib/fzn_count_eq.mzn'
processing file '/usr/local/share/minizinc/std/redefinitions-2.7.1.mzn'
processing file '/usr/local/share/minizinc/std/redefinitions-2.5.2.mzn'
processing file '/usr/local/share/minizinc/std/redefinitions-2.3.3.mzn'
processing file '/usr/local/share/minizinc/std/redefinitions-2.2.1.mzn'
processing file '/usr/local/share/minizinc/std/redefinitions-2.1.1.mzn'
processing file '/usr/local/share/minizinc/std/redefinitions-2.1.mzn'
processing file '/entry_data/mzn-lib/redefinitions-2.0.2.mzn'
processing file '/entry_data/mzn-lib/redefinitions-2.0.mzn'
processing file '/usr/local/share/minizinc/std/redefinitions.mzn'
processing file '/bench/2017/rel2onto/rel2onto.mzn'
processing file '/usr/local/share/minizinc/std/arg_sort.mzn'
processing file '/usr/local/share/minizinc/std/analyse_all_different.mzn'
processing file '/usr/local/share/minizinc/std/fzn_arg_sort_float.mzn'
processing file '/usr/local/share/minizinc/std/all_different.mzn'
processing file '/usr/local/share/minizinc/std/fzn_all_different_set_reif.mzn'
processing file '/entry_data/mzn-lib/fzn_all_different_set.mzn'
processing file '/usr/local/share/minizinc/std/fzn_all_different_int_reif.mzn'
processing file '/usr/local/share/minizinc/std/fzn_all_different_int_opt.mzn'
processing file '/usr/local/share/minizinc/std/alldifferent_except_0.mzn'
processing file '/usr/local/share/minizinc/std/all_different_except_0.mzn'
processing file '/usr/local/share/minizinc/std/fzn_alldifferent_except_0_reif.mzn'
processing file '/usr/local/share/minizinc/std/fzn_alldifferent_except_reif.mzn'
processing file '/usr/local/share/minizinc/std/fzn_alldifferent_except_0.mzn'
processing file '/usr/local/share/minizinc/std/alldifferent_except.mzn'
processing file '/usr/local/share/minizinc/std/all_different_except.mzn'
processing file '/usr/local/share/minizinc/std/fzn_alldifferent_except.mzn'
processing file '/usr/local/share/minizinc/std/global_cardinality_low_up.mzn'
processing file '/usr/local/share/minizinc/std/global_cardinality.mzn'
processing file '/usr/local/share/minizinc/std/fzn_global_cardinality_low_up_set.mzn'
processing file '/usr/local/share/minizinc/std/fzn_global_cardinality_low_up_opt.mzn'
processing file '/usr/local/share/minizinc/std/fzn_global_cardinality_low_up_reif.mzn'
processing file '/entry_data/mzn-lib/fzn_global_cardinality_low_up.mzn'
processing file '/usr/local/share/minizinc/std/fzn_global_cardinality_set.mzn'
processing file '/usr/local/share/minizinc/std/fzn_global_cardinality_opt.mzn'
processing file '/usr/local/share/minizinc/std/fzn_global_cardinality_reif.mzn'
processing file '/usr/local/share/minizinc/std/count.mzn'
processing file '/entry_data/mzn-lib/fzn_global_cardinality.mzn'
processing file '/entry_data/mzn-lib/fzn_all_different_int.mzn'
processing file '/usr/local/share/minizinc/std/fzn_arg_sort_int.mzn'
processing file '/usr/local/share/minizinc/std/alldifferent.mzn'
processing data file '/bench/2017/rel2onto/5_6.dzn'
 done parsing (0.13 s)
Flattening ...
	CompilePass: Flatten with '/entry_data/mzn-lib' library ...
MIP domains ...
 done (0.35 s)
Optimizing ... done (0.35 s)
Converting to old FlatZinc ... done (0.35 s)
 done (0.35 s)
 done (0.48 s), max stack depth 28
Maximum memory 8 Mbytes.
      % SOLVING PHASE
FZN solver plugin, compiled  May 23 2025  06:18:37
Using FZN solver /entry_data/fzn-exec for solving, parameters: -p 14 -v 
%% File /tmp/mznfileZjc7Dj.fzn parsed in 29 ms
%% Model mznfileZjc7Dj
%%   - boolean variables:876
%%   - integer variables:377
%%   - array_bool_and: 60
%%   - bool2int: 126
%%   - bool_clause: 647
%%   - fzn_all_different_int: 1
%%   - int_eq_imp: 158
%%   - int_eq_reif: 360
%%   - int_lin_eq: 4
%%   - int_ne_imp: 51
%%   - ortools_array_int_element: 63
%%   - ortools_array_var_bool_element: 118
%%   - ortools_array_var_int_element: 55
%%   - set_in_reif: 105
%%   -  redundant constraints: 1
%%   - Minimization problem
%%   - #var_op_value_reif cached: 228
%%   - #var_op_var_reif cached: 0
%%   - #var_op_var_imp cached: 0
%%   - #full domain encodings: 7
%% Starting CP-SAT solver v9.15.9999
%% Parameters: log_search_progress: true log_to_stdout: false max_domain_size_when_encoding_eq_neq_constraints: 32 num_workers: 14
%% Initial optimization model 'mznfileZjc7Dj': (model_fingerprint: 0x6b7e6003640b7a38)
%% Search strategy: on 10 variables, CHOOSE_MIN_DOMAIN_SIZE, SELECT_MIN_VALUE
%% Search strategy: on 80 variables, CHOOSE_FIRST, SELECT_MIN_VALUE
%% #Variables: 1'254 (#ints: 1 in objective) (896 primary variables)
%%   - 1'002 Booleans in [0,1]
%%   - 1 in [0,5]
%%   - 1 in [0,6]
%%   - 2 in [0,7]
%%   - 1 in [0,8]
%%   - 1 in [0,10]
%%   - 1 in [0,13]
%%   - 1 in [0,16]
%%   - 1 in [0,17]
%%   - 1 in [0,19]
%%   - 1 in [0,20]
%%   - 1 in [0,21]
%%   - 1 in [0,23]
%%   - 1 in [0,24]
%%   - 1 in [0,25]
%%   - 1 in [0,26]
%%   - 1 in [0,27]
%%   - 1 in [0,28]
%%   - 1 in [0,36]
%%   - 1 in [0,39]
%%   - 1 in [0,40]
%%   - 1 in [0,41]
%%   - 1 in [0,42]
%%   - 1 in [0,43]
%%   - 1 in [0,44]
%%   - 1 in [0,45]
%%   - 1 in [0,46]
%%   - 1 in [0,55]
%%   - 1 in [0,56]
%%   - 1 in [0,57]
%%   - 1 in [0,58]
%%   - 1 in [0,59]
%%   - 1 in [0,60]
%%   - 1 in [0,61]
%%   - 1 in [0,64]
%%   - 1 in [0,65]
%%   - 1 in [0,68]
%%   - 1 in [0,77]
%%   - 1 in [0,78]
%%   - 1 in [0,79]
%%   - 1 in [0,80]
%%   - 1 in [0,83]
%%   - 1 in [0,156]
%%   - 1 in [0,181]
%%   - 1 in [0,185]
%%   - 1 in [0,187]
%%   - 1 in [0,243]
%%   - 1 in [0,251]
%%   - 1 in [0,263]
%%   - 1 in [0,271]
%%   - 1 in [0,284]
%%   - 1 in [0,630]
%%   - 1 in [0,786]
%%   - 1 in [0,1365]
%%   - 1 in [0,1957]
%%   - 1 in [0,9523]
%%   - 1 in [0,9747]
%%   - 1 in [0,9758]
%%   - 1 in [0,9770]
%%   - 1 in [0,9786]
%%   - 1 in [0,9788]
%%   - 1 in [0,9794]
%%   - 1 in [0,9796]
%%   - 1 in [0,765079]
%%   - 106 in [1,54]
%%   - 54 in [1,80]
%%   - 1 in [5][11,13][30,32][37][42][44,46]
%%   - 1 in [5][17][35][46]
%%   - 1 in [5,6][8,9][12][14][37][39][43][46][50]
%%   - 1 in [5,6][11,12][16,17][19][31,33][35,37][40][42][44,46][50]
%%   - 1 in [6][50]
%%   - 1 in [8][11][31][39]
%%   - 1 in [9][16,17][33][35,36][40]
%%   - 1 in [11,13][30,32][37][42][44,45]
%%   - 1 in [12][16,17][32,33][35,37][40][42][44,45]
%%   - 1 in [30171,81773]
%%   - 1 in [30171,846852]
%%   - 17 constants in {0,1,9,52,53,54} 
%% #kAllDiff: 1
%% #kBoolAnd: 72 (#enforced: 69) (#literals: 294)
%% #kBoolAndClauses: 9 (#enforced: 9 #multi: 9) (#literals: 27)
%% #kBoolOr: 698 (#enforced: 51) (#literals: 1'833)
%% #kElement: 236
%% #kLinear1: 621 (#enforced: 621)
%% #kLinear2: 409 (#enforced: 54)
%% #kLinear3: 1
%% #kLinearN: 3 (#terms: 213)
%% Starting presolve at 0.01s
%%   5.96e-04s  0.00e+00d  [DetectDominanceRelations] 
%%   3.01e-02s  0.00e+00d  [PresolveToFixPoint] #num_loops=9 #num_dual_strengthening=3 
%%   1.32e-05s  0.00e+00d  [ExtractEncodingFromLinear] 
%%   1.06e-03s  0.00e+00d  [DetectDuplicateColumns] 
%%   5.68e-04s  0.00e+00d  [DetectDuplicateConstraints] 
%% [Symmetry] Graph for symmetry has 22'804 nodes and 39'710 arcs.
%% [Symmetry] Symmetry computation done. time: 0.00813841 dtime: 0.00734402
%% [SAT presolve] num removable Booleans: 9 / 3'999
%% [SAT presolve] num trivial clauses: 0
%% [SAT presolve] [0s] clauses:1'269 literals:2'679 vars:1'228 one_side_vars:959 simple_definition:164 singleton_clauses:0
%% [SAT presolve] [0.000107194s] clauses:1'269 literals:2'679 vars:1'228 one_side_vars:959 simple_definition:164 singleton_clauses:0
%% [SAT presolve] [0.000509216s] clauses:1'260 literals:2'652 vars:1'219 one_side_vars:959 simple_definition:164 singleton_clauses:0
%%   8.25e-04s  0.00e+00d  [DetectDuplicateConstraintsWithDifferentEnforcements] #without_enforcements=95 
%%   9.80e-02s  6.29e-02d  [Probe] #probed=7'866 #fixed_bools=3'198 #new_bounds=112 #equiv=257 #new_binary_clauses=6'567 
%%   1.74e-03s  9.79e-04d  [MaxClique] Merged 1'182 constraints with 2'396 literals into 1'027 constraints with 2'154 literals
%%   9.12e-04s  0.00e+00d  [DetectDominanceRelations] 
%%   1.74e-02s  0.00e+00d  [PresolveToFixPoint] #num_loops=3 #num_dual_strengthening=1 
%%   4.74e-04s  0.00e+00d  [ProcessAtMostOneAndLinear] #num_changes=2 
%%   2.11e-04s  0.00e+00d  [DetectDuplicateConstraints] #duplicates=41 
%%   1.64e-04s  0.00e+00d  [DetectDuplicateConstraintsWithDifferentEnforcements] 
%%   7.96e-05s  0.00e+00d  [DetectDominatedLinearConstraints] #relevant_constraints=1 
%%   6.62e-05s  0.00e+00d  [DetectDifferentVariables] 
%%   4.77e-04s  9.74e-06d  [ProcessSetPPC] #relevant_constraints=699 #num_inclusions=150 
%%   7.53e-04s  1.03e-05d  [TransformClausesToExactlyOne] #num_amos=283 #num_clauses=345 #num_checked=345 
%%   6.45e-04s  0.00e+00d  [DetectEncodedComplexDomains] 
%%   1.20e-04s  0.00e+00d  [FindAlmostIdenticalLinearConstraints] 
%%   3.03e-04s  1.10e-04d  [FindBigAtMostOneAndLinearOverlap] 
%%   1.75e-04s  3.89e-05d  [FindBigVerticalLinearOverlap] 
%%   8.93e-05s  2.75e-07d  [FindBigHorizontalLinearOverlap] #linears=1 
%%   3.01e-04s  5.19e-06d  [MergeClauses] #num_collisions=8 #num_merges=8 #num_saved_literals=16 
%%   1.31e-03s  0.00e+00d  [DetectDominanceRelations] 
%%   8.51e-04s  0.00e+00d  [DetectDominanceRelations] 
%%   5.75e-03s  0.00e+00d  [PresolveToFixPoint] #num_loops=3 #num_dual_strengthening=2 
%%   8.67e-04s  0.00e+00d  [DetectDominanceRelations] 
%%   3.61e-03s  0.00e+00d  [PresolveToFixPoint] #num_loops=1 #num_dual_strengthening=1 
%%   1.36e-04s  0.00e+00d  [DetectDuplicateColumns] 
%%   1.79e-04s  0.00e+00d  [DetectDuplicateConstraints] #duplicates=11 
%% [Symmetry] Graph for symmetry has 6'365 nodes and 3'778 arcs.
%% [Symmetry] Symmetry computation done. time: 0.000769128 dtime: 0.00069087
%% [Symmetry] #generators: 9, average support size: 2
%% [Symmetry] 9 orbits on 18 variables with sizes: 2,2,2,2,2,2,2,2,2
%% [Symmetry] Found orbitope of size 1 x 2
%% [SAT presolve] num removable Booleans: 15 / 409
%% [SAT presolve] num trivial clauses: 0
%% [SAT presolve] [0s] clauses:589 literals:1'516 vars:270 one_side_vars:172 simple_definition:14 singleton_clauses:0
%% [SAT presolve] [8.5491e-05s] clauses:528 literals:1'312 vars:270 one_side_vars:178 simple_definition:12 singleton_clauses:0
%% [SAT presolve] [0.000145867s] clauses:528 literals:1'312 vars:270 one_side_vars:178 simple_definition:12 singleton_clauses:0
%%   2.11e-04s  0.00e+00d  [DetectDuplicateConstraintsWithDifferentEnforcements] #without_enforcements=18 
%%   1.11e-02s  2.81e-03d  [Probe] #probed=2'330 #fixed_bools=14 #new_bounds=12 #equiv=1 #new_binary_clauses=691 
%%   5.53e-04s  3.82e-04d  [MaxClique] Merged 272 constraints with 544 literals into 204 constraints with 476 literals
%%   1.07e-03s  0.00e+00d  [DetectDominanceRelations] 
%%   4.42e-03s  0.00e+00d  [PresolveToFixPoint] #num_loops=2 #num_dual_strengthening=1 
%%   4.34e-04s  0.00e+00d  [ProcessAtMostOneAndLinear] #num_changes=7 
%%   1.96e-04s  0.00e+00d  [DetectDuplicateConstraints] #duplicates=9 
%%   1.51e-04s  0.00e+00d  [DetectDuplicateConstraintsWithDifferentEnforcements] 
%%   7.51e-05s  0.00e+00d  [DetectDominatedLinearConstraints] #relevant_constraints=1 
%%   6.83e-05s  0.00e+00d  [DetectDifferentVariables] 
%%   2.94e-04s  3.93e-06d  [ProcessSetPPC] #relevant_constraints=296 #num_inclusions=74 
%%   6.63e-04s  1.18e-06d  [TransformClausesToExactlyOne] #num_amos=337 #num_clauses=19 #num_checked=19 
%%   5.67e-04s  0.00e+00d  [DetectEncodedComplexDomains] 
%%   1.11e-04s  0.00e+00d  [FindAlmostIdenticalLinearConstraints] 
%%   2.71e-04s  1.02e-04d  [FindBigAtMostOneAndLinearOverlap] 
%%   1.50e-04s  3.23e-05d  [FindBigVerticalLinearOverlap] 
%%   8.85e-05s  2.75e-07d  [FindBigHorizontalLinearOverlap] #linears=1 
%%   2.24e-04s  2.85e-07d  [MergeClauses] 
%%   1.04e-03s  0.00e+00d  [DetectDominanceRelations] 
%%   3.70e-03s  0.00e+00d  [PresolveToFixPoint] #num_loops=2 #num_dual_strengthening=1 
%%   1.03e-03s  0.00e+00d  [DetectDominanceRelations] 
%%   3.53e-03s  0.00e+00d  [PresolveToFixPoint] #num_loops=1 #num_dual_strengthening=1 
%%   1.24e-04s  0.00e+00d  [DetectDuplicateColumns] 
%%   1.66e-04s  0.00e+00d  [DetectDuplicateConstraints] 
%% [Symmetry] Graph for symmetry has 5'892 nodes and 2'748 arcs.
%% [Symmetry] Symmetry computation done. time: 0.00064323 dtime: 0.00056489
%% [Symmetry] #generators: 9, average support size: 2
%% [Symmetry] 9 orbits on 18 variables with sizes: 2,2,2,2,2,2,2,2,2
%% [Symmetry] Found orbitope of size 1 x 2
%% [SAT presolve] num removable Booleans: 14 / 394
%% [SAT presolve] num trivial clauses: 0
%% [SAT presolve] [0s] clauses:340 literals:699 vars:179 one_side_vars:101 simple_definition:64 singleton_clauses:0
%% [SAT presolve] [4.6839e-05s] clauses:340 literals:699 vars:179 one_side_vars:101 simple_definition:64 singleton_clauses:0
%% [SAT presolve] [0.000131193s] clauses:300 literals:648 vars:166 one_side_vars:112 simple_definition:43 singleton_clauses:0
%%   1.97e-04s  0.00e+00d  [DetectDuplicateConstraintsWithDifferentEnforcements] 
%%   1.02e-02s  2.61e-03d  [Probe] #probed=2'322 #new_binary_clauses=572 
%%   7.07e-04s  5.76e-04d  [MaxClique] Merged 268 constraints with 558 literals into 205 constraints with 493 literals
%%   1.05e-03s  0.00e+00d  [DetectDominanceRelations] 
%%   3.64e-03s  0.00e+00d  [PresolveToFixPoint] #num_loops=1 #num_dual_strengthening=1 
%%   4.03e-04s  0.00e+00d  [ProcessAtMostOneAndLinear] 
%%   1.85e-04s  0.00e+00d  [DetectDuplicateConstraints] 
%%   1.50e-04s  0.00e+00d  [DetectDuplicateConstraintsWithDifferentEnforcements] 
%%   6.88e-05s  0.00e+00d  [DetectDominatedLinearConstraints] #relevant_constraints=1 
%%   6.96e-05s  0.00e+00d  [DetectDifferentVariables] 
%%   2.81e-04s  3.37e-06d  [ProcessSetPPC] #relevant_constraints=296 #num_inclusions=6 
%%   6.51e-04s  1.96e-07d  [TransformClausesToExactlyOne] #num_amos=247 #num_clauses=6 #num_checked=6 
%%   5.80e-04s  0.00e+00d  [DetectEncodedComplexDomains] 
%%   1.11e-04s  0.00e+00d  [FindAlmostIdenticalLinearConstraints] 
%%   2.75e-04s  1.13e-04d  [FindBigAtMostOneAndLinearOverlap] 
%%   1.44e-04s  3.15e-05d  [FindBigVerticalLinearOverlap] 
%%   9.41e-05s  2.75e-07d  [FindBigHorizontalLinearOverlap] #linears=1 
%%   2.24e-04s  9.00e-08d  [MergeClauses] 
%%   1.07e-03s  0.00e+00d  [DetectDominanceRelations] 
%%   3.67e-03s  0.00e+00d  [PresolveToFixPoint] #num_loops=1 #num_dual_strengthening=1 
%%   5.15e-05s  0.00e+00d  [MergeNoOverlap] 
%%   4.46e-05s  0.00e+00d  [MergeNoOverlap2D] 
%%   4.70e-04s  0.00e+00d  [ExpandObjective] #entries=3'220 #tight_variables=388 #tight_constraints=84 #expands=15 
%% Presolve summary:
%%   - 759 affine relations were detected.
%%   - rule 'TODO dual: make linear1 equiv' was applied 45 times.
%%   - rule 'TODO dual: only one blocking constraint?' was applied 480 times.
%%   - rule 'TODO duplicate: skipped identical encoding constraints' was applied 25 times.
%%   - rule 'TODO linear2: convert implied ax + by == cte to clauses for large domains' was applied 334 times.
%%   - rule 'affine: fixed' was applied 13 times.
%%   - rule 'affine: new relation' was applied 759 times.
%%   - rule 'all_diff: expanded' was applied 1 time.
%%   - rule 'all_diff: propagate fixed expressions' was applied 1 time.
%%   - rule 'all_diff: remove fixed expressions' was applied 1 time.
%%   - rule 'at_most_one: removed literals' was applied 813 times.
%%   - rule 'at_most_one: resolved two constraints with opposite literal' was applied 29 times.
%%   - rule 'at_most_one: satisfied' was applied 27 times.
%%   - rule 'at_most_one: size one' was applied 816 times.
%%   - rule 'at_most_one: transformed into max clique' was applied 3 times.
%%   - rule 'bool_and: always false' was applied 20 times.
%%   - rule 'bool_and: fixed literals' was applied 48 times.
%%   - rule 'bool_and: non-reified' was applied 13 times.
%%   - rule 'bool_and: x => x' was applied 184 times.
%%   - rule 'bool_or: always true' was applied 394 times.
%%   - rule 'bool_or: fixed literals' was applied 20 times.
%%   - rule 'bool_or: implications' was applied 537 times.
%%   - rule 'bool_or: only one literal' was applied 64 times.
%%   - rule 'bool_or: removed enforcement literal' was applied 428 times.
%%   - rule 'deductions: 1688 stored' was applied 1 time.
%%   - rule 'domination: in exactly one' was applied 2 times.
%%   - rule 'dual: enforced equivalence' was applied 123 times.
%%   - rule 'dual: make encoding equiv' was applied 201 times.
%%   - rule 'duplicate: removed constraint' was applied 61 times.
%%   - rule 'duplicate: removed enforced constraint' was applied 18 times.
%%   - rule 'element: expanded' was applied 133 times.
%%   - rule 'element: expanded value element' was applied 49 times.
%%   - rule 'element: expanded when the index and the target share the same var' was applied 1 time.
%%   - rule 'element: fix expression depending on the index' was applied 51 times.
%%   - rule 'element: fixed index' was applied 49 times.
%%   - rule 'element: one value array' was applied 1 time.
%%   - rule 'element: reduce target domain' was applied 62 times.
%%   - rule 'element: reduced index domain ' was applied 1 time.
%%   - rule 'element: removed as the target is not used elsewhere' was applied 3 times.
%%   - rule 'enforcement: false literal' was applied 7'690 times.
%%   - rule 'enforcement: literal not used' was applied 14 times.
%%   - rule 'enforcement: true literal' was applied 3'292 times.
%%   - rule 'exactly_one: removed literals' was applied 12 times.
%%   - rule 'exactly_one: satisfied' was applied 41 times.
%%   - rule 'exactly_one: simplified objective' was applied 10 times.
%%   - rule 'exactly_one: x and not(x)' was applied 26 times.
%%   - rule 'linear + amo: fixed literal implied by enforcement' was applied 9 times.
%%   - rule 'linear1: always true' was applied 26 times.
%%   - rule 'linear1: transformed to implication' was applied 79 times.
%%   - rule 'linear1: x in domain' was applied 193 times.
%%   - rule 'linear2: convert implied ax + by == cte to clauses' was applied 178 times.
%%   - rule 'linear: always true' was applied 3'196 times.
%%   - rule 'linear: divide by GCD' was applied 92 times.
%%   - rule 'linear: empty' was applied 378 times.
%%   - rule 'linear: enforcement literal in expression' was applied 265 times.
%%   - rule 'linear: fixed or dup variables' was applied 2'230 times.
%%   - rule 'linear: infeasible' was applied 10 times.
%%   - rule 'linear: never in domain' was applied 23 times.
%%   - rule 'linear: reduced variable domains' was applied 98 times.
%%   - rule 'linear: remapped using affine relations' was applied 2'593 times.
%%   - rule 'linear: simplified rhs' was applied 1'105 times.
%%   - rule 'linear: variable substitution 0' was applied 3 times.
%%   - rule 'new_bool: integer encoding' was applied 3'549 times.
%%   - rule 'new_bool: var with 2 values' was applied 4 times.
%%   - rule 'objective: expanded via tight equality' was applied 15 times.
%%   - rule 'objective: shifted cost with exactly ones' was applied 24 times.
%%   - rule 'presolve: 3631 unused variables removed.' was applied 1 time.
%%   - rule 'presolve: iteration' was applied 3 times.
%%   - rule 'probing: bool_or reduced to implication' was applied 265 times.
%%   - rule 'setppc: bool_or in at_most_one' was applied 105 times.
%%   - rule 'setppc: removed dominated constraints' was applied 48 times.
%%   - rule 'variables with 2 values: create encoding literal' was applied 4 times.
%%   - rule 'variables with 2 values: new affine relation' was applied 30 times.
%%   - rule 'variables: add encoding constraint' was applied 3'549 times.
%%   - rule 'variables: both boolean and its negation fix the same variable' was applied 62 times.
%%   - rule 'variables: canonicalize affine domain' was applied 10 times.
%%   - rule 'variables: detect fully reified value encoding' was applied 245 times.
%%   - rule 'variables: detect half reified value encoding' was applied 846 times.
%%   - rule 'variables: detected fully encoded domain' was applied 39 times.
%%   - rule 'variables: only used in objective and in encodings' was applied 5 times.
%%   - rule 'variables: only used in value and order encodings' was applied 35 times.
%% Presolved optimization model 'mznfileZjc7Dj': (model_fingerprint: 0x99044df36e64d1e6)
%% Search strategy: on 66 variables, CHOOSE_FIRST, SELECT_MIN_VALUE
%% #Variables: 373 (#bools: 106 in objective) (290 primary variables)
%%   - 315 Booleans in [0,1]
%%   - 1 in [1][3][18][20,27][29,38]
%%   - 1 in [1][3,4][8,10][12][14][16,17][19][23,29][40][47][51]
%%   - 1 in [1][3,47][51]
%%   - 1 in [1][4][23,26][28][33][35,37][39][43][47][51]
%%   - 1 in [1][34][57][59,61][64,67][69,72]
%%   - 1 in [1][34][57][59,61][64,67][69,72][1365]
%%   - 1 in [1][49,50]
%%   - 1 in [1,2][4][28][49]
%%   - 1 in [1,2][6]
%%   - 1 in [1,4][8,10][12][14][16,17][19][23,33][40][47][51]
%%   - 1 in [1,4][8,10][23,28][33][35,37][39,40][43,47][51]
%%   - 1 in [1,4][8,10][23,33][35,37][39][43][47][51]
%%   - 1 in [1,4][8,10][23,33][35,37][39][43,47][51]
%%   - 3 in [1,4][8,10][23,33][35,37][39,40][43,47][51]
%%   - 1 in [1,4][8,12][14][16,17][19][23,33][40][47][51]
%%   - 1 in [1,4][8,14][16,17][19][23,29][40][47][51]
%%   - 5 in [1,4][8,14][16,17][19][23,33][40][47][51]
%%   - 1 in [1,4][23,28][49,50]
%%   - 1 in [1,6][28,33][49]
%%   - 1 in [1,47][51]
%%   - 11 in [1,51]
%%   - 1 in [3][18][20,27][29,38][630]
%%   - 1 in [3,4][23][28][45]
%%   - 1 in [3,4][23,28][32]
%%   - 1 in [3,4][23,28][42]
%%   - 1 in [3,4][23,28][44]
%%   - 1 in [3,4][23,28][45]
%%   - 1 in [3,4][24][28][32]
%%   - 1 in [3,4][25][28][42]
%%   - 1 in [3,4][26][28][44]
%%   - 2 in [3,5][13][23,26]
%%   - 1 in [3,5][13,14][23,26]
%%   - 1 in [4][8,11]
%%   - 1 in [4][10,11]
%%   - 1 in [4][23,27][30][46]
%%   - 1 in [4][23,29][31]
%%   - 1 in [4][23,30][46]
%%   - 1 in [4][27][30][46]
%%   - 1 in [4][28][47]
%%   - 1 in [4][28][51]
%%   - 1 in [4][29][31]
%% #kAtMostOne: 45 (#literals: 173)
%% #kBoolAnd: 91 (#enforced: 91) (#literals: 293)
%% #kBoolOr: 6 (#literals: 18)
%% #kExactlyOne: 84 (#literals: 388)
%% #kLinear1: 411 (#enforced: 411)
%% #kLinear2: 93 (#enforced: 93)
%% #kLinearN: 1 (#terms: 55)
%% [Symmetry] Graph for symmetry has 1'430 nodes and 2'556 arcs.
%% [Symmetry] Symmetry computation done. time: 0.000384396 dtime: 0.00028841
%% [Symmetry] #generators: 9, average support size: 2
%% [Symmetry] 9 orbits on 18 variables with sizes: 2,2,2,2,2,2,2,2,2
%% [Symmetry] Found orbitope of size 1 x 2
%% Preloading model.
%% #Bound   0.30s best:inf   next:[78458,716852] initial_domain
%% #Model   0.30s var:373/373 constraints:731/731
%% Starting search at 0.30s with 14 workers.
%% 10 full problem subsolvers: [core, default_lp, fixed, lb_tree_search, max_lp_sym, no_lp, pseudo_costs, quick_restart, quick_restart_no_lp, reduced_costs]
%% 4 first solution subsolvers: [fj(2), fs_random, fs_random_no_lp]
%% 10 interleaved subsolvers: [feasibility_pump, graph_arc_lns, graph_cst_lns, graph_dec_lns, graph_var_lns, ls, ls_lin, rins/rens, rnd_cst_lns, rnd_var_lns]
%% 3 helper subsolvers: [neighborhood_helper, synchronization_agent, update_gap_integral]
%% #1       0.31s best:222376 next:[78458,222375] fj_restart(batch:1 lin{mvs:984 evals:987} #w_updates:307 #perturb:0)
%% #2       0.32s best:218676 next:[78458,218675] no_lp
%% #3       0.32s best:216688 next:[78458,216687] quick_restart_no_lp
%% #4       0.32s best:175357 next:[78458,175356] fixed
%% #5       0.32s best:157922 next:[78458,157921] ls_restart_decay(batch:1 lin{mvs:122 evals:236} #w_updates:54 #perturb:0)
%% #Bound   0.33s best:157922 next:[149034,157921] max_lp_sym
%% #6       0.33s best:149034 next:[]         rnd_cst_lns (d=7.07e-01 s=23 t=0.10 p=1.00 stall=1 h=base) [hint]
%% #Done    0.33s pseudo_costs
%% Task timing                      n [     min,      max]      avg      dev     time         n [     min,      max]      avg      dev    dtime
%%                  'core':         1 [ 28.68ms,  28.68ms]  28.68ms   0.00ns  28.68ms         2 [  3.27ms,   3.98ms]   3.62ms 350.01us   7.25ms
%%            'default_lp':         1 [ 29.60ms,  29.60ms]  29.60ms   0.00ns  29.60ms         2 [  1.86ms,   3.28ms]   2.57ms 707.35us   5.14ms
%%      'feasibility_pump':         1 [  9.78ms,   9.78ms]   9.78ms   0.00ns   9.78ms         0 [  0.00ns,   0.00ns]   0.00ns   0.00ns   0.00ns
%%                 'fixed':         1 [ 28.76ms,  28.76ms]  28.76ms   0.00ns  28.76ms         2 [  3.28ms,   4.17ms]   3.72ms 446.11us   7.45ms
%%                    'fj':         0 [  0.00ns,   0.00ns]   0.00ns   0.00ns   0.00ns         0 [  0.00ns,   0.00ns]   0.00ns   0.00ns   0.00ns
%%                    'fj':         1 [  4.27ms,   4.27ms]   4.27ms   0.00ns   4.27ms         1 [  1.31ms,   1.31ms]   1.31ms   0.00ns   1.31ms
%%             'fs_random':         1 [ 11.18ms,  11.18ms]  11.18ms   0.00ns  11.18ms         1 [148.02us, 148.02us] 148.02us   0.00ns 148.02us
%%       'fs_random_no_lp':         1 [  5.17ms,   5.17ms]   5.17ms   0.00ns   5.17ms         0 [  0.00ns,   0.00ns]   0.00ns   0.00ns   0.00ns
%%         'graph_arc_lns':         2 [  6.44ms,   7.00ms]   6.72ms 277.38us  13.44ms         1 [ 25.77us,  25.77us]  25.77us   0.00ns  25.77us
%%         'graph_cst_lns':         2 [  1.37ms,   4.64ms]   3.01ms   1.64ms   6.02ms         1 [106.00ns, 106.00ns] 106.00ns   0.00ns 106.00ns
%%         'graph_dec_lns':         1 [  3.24ms,   3.24ms]   3.24ms   0.00ns   3.24ms         1 [ 10.00ns,  10.00ns]  10.00ns   0.00ns  10.00ns
%%         'graph_var_lns':         2 [  6.09ms,   7.56ms]   6.83ms 736.35us  13.65ms         1 [  1.38us,   1.38us]   1.38us   0.00ns   1.38us
%%        'lb_tree_search':         1 [ 25.64ms,  25.64ms]  25.64ms   0.00ns  25.64ms         1 [  3.86ms,   3.86ms]   3.86ms   0.00ns   3.86ms
%%                    'ls':         1 [  1.27ms,   1.27ms]   1.27ms   0.00ns   1.27ms         1 [278.28us, 278.28us] 278.28us   0.00ns 278.28us
%%                'ls_lin':         1 [813.03us, 813.03us] 813.03us   0.00ns 813.03us         1 [128.98us, 128.98us] 128.98us   0.00ns 128.98us
%%            'max_lp_sym':         1 [ 28.54ms,  28.54ms]  28.54ms   0.00ns  28.54ms         1 [  7.32ms,   7.32ms]   7.32ms   0.00ns   7.32ms
%%                 'no_lp':         1 [ 28.33ms,  28.33ms]  28.33ms   0.00ns  28.33ms         2 [  3.28ms,   3.42ms]   3.35ms  74.45us   6.70ms
%%          'pseudo_costs':         1 [ 25.69ms,  25.69ms]  25.69ms   0.00ns  25.69ms         2 [  1.39ms,   3.31ms]   2.35ms 960.25us   4.71ms
%%         'quick_restart':         1 [ 27.72ms,  27.72ms]  27.72ms   0.00ns  27.72ms         2 [  3.28ms,   4.16ms]   3.72ms 440.58us   7.44ms
%%   'quick_restart_no_lp':         1 [ 26.03ms,  26.03ms]  26.03ms   0.00ns  26.03ms         2 [  2.81ms,   3.28ms]   3.04ms 233.10us   6.08ms
%%         'reduced_costs':         1 [ 27.63ms,  27.63ms]  27.63ms   0.00ns  27.63ms         2 [  1.83ms,   3.31ms]   2.57ms 737.16us   5.14ms
%%             'rins/rens':         0 [  0.00ns,   0.00ns]   0.00ns   0.00ns   0.00ns         0 [  0.00ns,   0.00ns]   0.00ns   0.00ns   0.00ns
%%           'rnd_cst_lns':         2 [  3.42ms,   6.55ms]   4.99ms   1.56ms   9.98ms         2 [ 10.00ns, 322.00ns] 166.00ns 156.00ns 332.00ns
%%           'rnd_var_lns':         2 [  2.97ms,   6.31ms]   4.64ms   1.67ms   9.28ms         2 [ 10.00ns,  30.00ns]  20.00ns  10.00ns  40.00ns
%% 
%% Search stats              Bools  Conflicts  Branches  Restarts  BacktrackToRoot  Backtrack  BoolPropag  IntegerPropag
%%                  'core':    495          0     2'308         0            1'433      2'069      41'209         20'135
%%            'default_lp':    495         54     1'168         1              995      1'103      23'012         12'487
%%                 'fixed':    495         26     2'300         0            1'374      2'036      37'016         19'165
%%             'fs_random':    495          0        34         0               34         34         292            242
%%       'fs_random_no_lp':    495          0       112         0              112        112         734            654
%%        'lb_tree_search':    495          0       990         0              990        990      17'795         17'854
%%            'max_lp_sym':    495          0       990         0              990        990      17'795         17'852
%%                 'no_lp':    495         27     2'139         0            1'355      2'019      34'795         19'013
%%          'pseudo_costs':    502          4     1'031         0              991        995      18'547         18'708
%%         'quick_restart':    495          5     2'194         0            1'397      2'038      38'605         19'063
%%   'quick_restart_no_lp':    495          0     1'999         0            1'303      1'939      29'903         16'471
%%         'reduced_costs':    496          8     1'088         0              990        998      18'209         18'615
%% 
%% SAT formula               Fixed  Equiv  Total  VarLeft  BinaryClauses  PermanentClauses  TemporaryClauses
%%                  'core':      0     21    495      474          1'720               211                 0
%%            'default_lp':      0     21    495      474          1'794               195                40
%%                 'fixed':      0     21    495      474          1'758               193                26
%%             'fs_random':      0      0    495      495          1'830               244                 0
%%       'fs_random_no_lp':      0      0    495      495          1'968               244                 0
%%        'lb_tree_search':      0     21    495      474          1'630               244                 0
%%            'max_lp_sym':      0     21    495      474          1'630               244                 0
%%                 'no_lp':      0     21    495      474          1'798               196                22
%%          'pseudo_costs':      0     21    502      481          1'700               246                 2
%%         'quick_restart':      0     21    495      474          1'746               202                 4
%%   'quick_restart_no_lp':      0     21    495      474          1'742               192                 0
%%         'reduced_costs':      0     21    496      475          1'662               244                 5
%% 
%% SAT stats                 ClassicMinim  LitRemoved  LitRemovedBinary  LitLearned  LitForgotten  Subsumed
%%                  'core':             0           0                 0           0             0         0
%%            'default_lp':            19          22                17       1'635             0         7
%%                 'fixed':             0           0                 0         824             0         0
%%             'fs_random':             0           0                 0           0             0         0
%%       'fs_random_no_lp':             0           0                 0           0             0         0
%%        'lb_tree_search':             0           0                 0           0             0         0
%%            'max_lp_sym':             0           0                 0           0             0         0
%%                 'no_lp':             4           6                25         696             0         1
%%          'pseudo_costs':             3           7                 0          31             0         0
%%         'quick_restart':             0           0                 0          98             0         0
%%   'quick_restart_no_lp':             0           0                 0           0             0         0
%%         'reduced_costs':             2           2                 0         242             0         3
%% 
%% Vivification              Clauses  Decisions  LitTrue  Subsumed  LitRemoved  DecisionReused  Conflicts
%%                  'core':      128        256        0        19          57               0          0
%%            'default_lp':        0          0        0         0           0               0          0
%%                 'fixed':       71        142        0         1           3               0          0
%%             'fs_random':        0          0        0         0           0               0          0
%%       'fs_random_no_lp':        0          0        0         0           0               0          0
%%        'lb_tree_search':        0          0        0         0           0               0          0
%%            'max_lp_sym':        0          0        0         0           0               0          0
%%                 'no_lp':       53        108        0         0           0               3          0
%%          'pseudo_costs':        0          0        0         0           0               0          0
%%         'quick_restart':       94        188        0         9          27               0          0
%%   'quick_restart_no_lp':        0          0        0         0           0               0          0
%%         'reduced_costs':        0          0        0         0           0               0          0
%% 
%% Clause deletion           at_true  l_and_not(l)  to_binary  sub_conflict  sub_extra  sub_decisions  sub_eager  sub_vivify  sub_probing  sub_inpro  blocked  eliminated  forgotten  promoted  conflicts
%%                  'core':        0             0          0             0          0              0          0          19            0          7        0           0          0         0          0
%%            'default_lp':        0             0          0             5          4              0          2           0            0         26        0           0          0       103         54
%%                 'fixed':        0             0          0             0          0              0          0           1            0         25        0           0          0        36         26
%%             'fs_random':        0             0          0             0          0              0          0           0            0          0        0           0          0         0          0
%%       'fs_random_no_lp':        0             0          0             0          0              0          0           0            0          0        0           0          0         0          0
%%        'lb_tree_search':        0             0          0             0          0              0          0           0            0          0        0           0          0         0          0
%%            'max_lp_sym':        0             0          0             0          0              0          0           0            0          0        0           0          0         0          0
%%                 'no_lp':        0             0          0             0          0              0          1           0            0         26        0           0          0        41         27
%%          'pseudo_costs':        0             0          0             0          0              0          0           0            0          0        0           0          0         3          4
%%         'quick_restart':        0             0          0             0          0              0          0           9            0         17        0           0          0         5          5
%%   'quick_restart_no_lp':        0             0          0             0          0              0          0           0            0         26        0           0          0         0          0
%%         'reduced_costs':        0             0          0             3          0              0          0           0            0          0        0           0          0        11          8
%% 
%% Lp stats             Component  Iterations  AddedCuts  OPTIMAL  DUAL_F.  DUAL_U.
%%       'default_lp':          3          70         12      131        0        0
%%            'fixed':          3          36         12       74        0        0
%%        'fs_random':          3           0          0        0        0        0
%%   'lb_tree_search':          1          37          0        0        1        0
%%       'max_lp_sym':          1         165         51        2        0        0
%%     'pseudo_costs':          1         274        113       18       10        0
%%    'quick_restart':          3          53         11       79        0        0
%%    'reduced_costs':          1         263        116       14       14        7
%% 
%% Lp dimension          Final dimension of first component
%%       'default_lp':       1 rows, 55 columns, 55 entries
%%            'fixed':       1 rows, 55 columns, 55 entries
%%        'fs_random':        0 rows, 55 columns, 0 entries
%%   'lb_tree_search':  659 rows, 373 columns, 2149 entries
%%       'max_lp_sym':  660 rows, 364 columns, 2193 entries
%%     'pseudo_costs':   231 rows, 373 columns, 840 entries
%%    'quick_restart':       1 rows, 55 columns, 55 entries
%%    'reduced_costs':  288 rows, 373 columns, 1033 entries
%% 
%% Lp debug             CutPropag  CutEqPropag  Adjust  Overflow  Bad  BadScaling
%%       'default_lp':          0            0       4         0    0           0
%%            'fixed':          0            0       0         0    0           0
%%        'fs_random':          0            0       0         0    0           0
%%   'lb_tree_search':          0            0       0         0    0           0
%%       'max_lp_sym':          0            0       2         0   77           0
%%     'pseudo_costs':          0            0      21         0   62           0
%%    'quick_restart':          0            0       6         0    0           0
%%    'reduced_costs':          0            0      23         0    0           0
%% 
%% Lp pool              Constraints  Updates  Simplif  Merged  Shortened  Split  Strengthened  Cuts/Call
%%       'default_lp':           97        0        0       0          0      0             0      12/12
%%            'fixed':           97        0        0       0          0      0             0      12/12
%%        'fs_random':           85        0        0       0          0      0             0        0/0
%%   'lb_tree_search':          659        0        0       3          0      0             0        0/0
%%       'max_lp_sym':          692        9        0       3          0      5             0      51/53
%%     'pseudo_costs':          772        1        0       3          0      1             0    113/133
%%    'quick_restart':           96        0        0       0          0      0             0      11/11
%%    'reduced_costs':          775        0        0       3          0      0             0    116/123
%% 
%% Lp Cut        default_lp  fixed  max_lp_sym  quick_restart  reduced_costs  pseudo_costs
%%      Clique:           -      -           6              -              -             1
%%          IB:          12     12          40             11            116           104
%%    MIR_1_FF:           -      -           1              -              -             2
%%    MIR_1_RB:           -      -           -              -              -             2
%%   MIR_1_RLT:           -      -           -              -              -             1
%%    MIR_2_RB:           -      -           1              -              -             -
%%    MIR_3_FF:           -      -           -              -              -             1
%%    MIR_3_RB:           -      -           1              -              -             -
%%    MIR_5_FF:           -      -           -              -              -             1
%%     MIR_5_K:           -      -           1              -              -             -
%%     MIR_5_R:           -      -           -              -              -             1
%%    MIR_5_RB:           -      -           1              -              -             -
%% 
%% LNS stats           Improv/Calls  Closed  Difficulty  TimeLimit
%%   'graph_arc_lns':           1/1    100%    7.07e-01       0.10
%%   'graph_cst_lns':           0/1    100%    7.07e-01       0.10
%%   'graph_dec_lns':           0/1    100%    7.07e-01       0.10
%%   'graph_var_lns':           1/1    100%    7.07e-01       0.10
%%       'rins/rens':           0/0      0%    5.00e-01       0.10
%%     'rnd_cst_lns':           1/2    100%    8.14e-01       0.10
%%     'rnd_var_lns':           1/2    100%    8.14e-01       0.10
%% 
%% LS stats                     Batches  Restarts/Perturbs  LinMoves  GenMoves  CompoundMoves  Bactracks  WeightUpdates  ScoreComputed
%%               'fj_restart':        1                  1       984         0              0          0            307          1'850
%%   'ls_lin_restart_perturb':        1                  1        58         0              0          0             47            145
%%         'ls_restart_decay':        1                  1       122         0              0          0             54            255
%% 
%% Solutions (6)             Num   Rank
%%                 'fixed':    2  [3,4]
%%            'fj_restart':    2  [0,1]
%%      'ls_restart_decay':    2  [4,5]
%%                 'no_lp':    2  [1,2]
%%   'quick_restart_no_lp':    2  [2,3]
%%           'rnd_cst_lns':    2  [5,6]
%% 
%% Objective bounds     Num
%%   'initial_domain':    1
%%       'max_lp_sym':    1
%% 
%% Solution repositories    Added  Queried  Synchro
%%     'alternative_path':      1        0        1
%%       'best_solutions':     14       13       10
%%    'fj solution hints':      0        0        0
%%         'lp solutions':      0        0        0
%%                 'pump':      0        0
%% 
%% Clauses shared            #Exported  #Imported  #BinaryRead  #BinaryTotal
%%                  'core':          0          0            0            63
%%            'default_lp':          1          0           63            63
%%                 'fixed':          0          0           21            63
%%             'fs_random':          0          0            0            63
%%       'fs_random_no_lp':          0          0            0            63
%%        'lb_tree_search':          0          0            0            63
%%            'max_lp_sym':          0          0            0            63
%%                 'no_lp':         62          0           62            63
%%          'pseudo_costs':          0          0           28            63
%%         'quick_restart':          0          0           15            63
%%   'quick_restart_no_lp':          0          0           13            63
%%         'reduced_costs':          0          0           15            63
%% 
%% LRAT_status: NA
%% CpSolverResponse summary:
%% status: OPTIMAL
%% objective: 149034
%% best_bound: 149034
%% integers: 206
%% booleans: 495
%% conflicts: 0
%% branches: 112
%% propagations: 734
%% integer_propagations: 654
%% restarts: 0
%% lp_iterations: 0
%% walltime: 0.336015
%% usertime: 0.336015
%% deterministic_time: 0.133699
%% gap_integral: 0.334834
%% solution_fingerprint: 0x93c1669c739115b1
%% 
es = [false, true, true, false, true, false, true, false, false, false, false, false, false, false, false, true, false, true, false, true, true, false, true, true, true, true, true, false, false, false, false, false, false, false, false, false, false, false, false, false, false, false, false, false, false, false, false, false, false, false, false, false, false, false, false, false, false, false, false, false, false, false, false, false, false, false, false, false, false, false, false, false, false, false, false, false, false, false, false, false];
vs = [true, true, true, true, true, true, false, true, true, false, false, true, true, true, false, true, true, false, true, false, false, false, false, false, false, false, false, false, false, false, false, false, false, false, false, false, false, false, false, false, false, false, false, false, false, false, false, false, false, false, false, false, false, false];
match = [13, 9, 5, 19, 6, 16, 14, 8, 17, 12];
objective = 149034;
----------
==========
   Done (overall time 0.94 s).
