# WCTIME: wall clock time in seconds
WCTIME=158.114
# CPUTIME: CPU time in seconds (USERTIME+SYSTEMTIME)
CPUTIME=157.451
# USERTIME: CPU time spent in user mode in seconds
USERTIME=143.2
# SYSTEMTIME: CPU time spent in system mode in seconds
SYSTEMTIME=14.2507
# CPUUSAGE: CPUTIME/WCTIME in percent
CPUUSAGE=99.5809
# MAXVM: maximum virtual memory used in KiB
MAXVM=40942012
# MAXMM: maximum memory used in KiB
MAXMM=33082192
# MAXRSS: maximum Resident Segment Size in KiB
MAXRSS=33079240
# TIMEOUT: did the solver exceed the time limit?
TIMEOUT=false
# MEMOUT: did the solver exceed the memory limit?
MEMOUT=false
# EXITSTATUS: Exit status of the solver
EXITSTATUS=0
