# WCTIME: wall clock time in seconds
WCTIME=158.041
# CPUTIME: CPU time in seconds (USERTIME+SYSTEMTIME)
CPUTIME=157.413
# USERTIME: CPU time spent in user mode in seconds
USERTIME=157.286
# SYSTEMTIME: CPU time spent in system mode in seconds
SYSTEMTIME=0.127098
# CPUUSAGE: CPUTIME/WCTIME in percent
CPUUSAGE=99.6028
# MAXVM: maximum virtual memory used in KiB
MAXVM=225716
# MAXMM: maximum memory used in KiB
MAXMM=45248
# MAXRSS: maximum Resident Segment Size in KiB
MAXRSS=42164
# TIMEOUT: did the solver exceed the time limit?
TIMEOUT=false
# MEMOUT: did the solver exceed the memory limit?
MEMOUT=false
# EXITSTATUS: Exit status of the solver
EXITSTATUS=0
