# WCTIME: wall clock time in seconds
WCTIME=825.519
# CPUTIME: CPU time in seconds (USERTIME+SYSTEMTIME)
CPUTIME=812.553
# USERTIME: CPU time spent in user mode in seconds
USERTIME=734.149
# SYSTEMTIME: CPU time spent in system mode in seconds
SYSTEMTIME=78.4049
# CPUUSAGE: CPUTIME/WCTIME in percent
CPUUSAGE=98.4294
# MAXVM: maximum virtual memory used in KiB
MAXVM=139679824
# MAXMM: maximum memory used in KiB
MAXMM=124611448
# MAXRSS: maximum Resident Segment Size in KiB
MAXRSS=113252516
# TIMEOUT: did the solver exceed the time limit?
TIMEOUT=false
# MEMOUT: did the solver exceed the memory limit?
MEMOUT=false
# EXITSTATUS: Exit status of the solver
EXITSTATUS=35072
