# WCTIME: wall clock time in seconds
WCTIME=401.661
# CPUTIME: CPU time in seconds (USERTIME+SYSTEMTIME)
CPUTIME=399.542
# USERTIME: CPU time spent in user mode in seconds
USERTIME=370.154
# SYSTEMTIME: CPU time spent in system mode in seconds
SYSTEMTIME=29.3877
# CPUUSAGE: CPUTIME/WCTIME in percent
CPUUSAGE=99.4722
# MAXVM: maximum virtual memory used in KiB
MAXVM=23872668
# MAXMM: maximum memory used in KiB
MAXMM=23591304
# MAXRSS: maximum Resident Segment Size in KiB
MAXRSS=23591304
# TIMEOUT: did the solver exceed the time limit?
TIMEOUT=false
# MEMOUT: did the solver exceed the memory limit?
MEMOUT=false
# EXITSTATUS: Exit status of the solver
EXITSTATUS=0
