# WCTIME: wall clock time in seconds
WCTIME=1.78514
# CPUTIME: CPU time in seconds (USERTIME+SYSTEMTIME)
CPUTIME=4.35259
# USERTIME: CPU time spent in user mode in seconds
USERTIME=4.23754
# SYSTEMTIME: CPU time spent in system mode in seconds
SYSTEMTIME=0.115048
# CPUUSAGE: CPUTIME/WCTIME in percent
CPUUSAGE=243.824
# MAXVM: maximum virtual memory used in KiB
MAXVM=1182880
# MAXMM: maximum memory used in KiB
MAXMM=113008
# MAXRSS: maximum Resident Segment Size in KiB
MAXRSS=114956
# TIMEOUT: did the solver exceed the time limit?
TIMEOUT=false
# MEMOUT: did the solver exceed the memory limit?
MEMOUT=false
# EXITSTATUS: Exit status of the solver
EXITSTATUS=0
