# WCTIME: wall clock time in seconds
WCTIME=18.1094
# CPUTIME: CPU time in seconds (USERTIME+SYSTEMTIME)
CPUTIME=18.0048
# USERTIME: CPU time spent in user mode in seconds
USERTIME=17.9463
# SYSTEMTIME: CPU time spent in system mode in seconds
SYSTEMTIME=0.058536
# CPUUSAGE: CPUTIME/WCTIME in percent
CPUUSAGE=99.4229
# MAXVM: maximum virtual memory used in KiB
MAXVM=211176
# MAXMM: maximum memory used in KiB
MAXMM=43824
# MAXRSS: maximum Resident Segment Size in KiB
MAXRSS=40836
# TIMEOUT: did the solver exceed the time limit?
TIMEOUT=false
# MEMOUT: did the solver exceed the memory limit?
MEMOUT=false
# EXITSTATUS: Exit status of the solver
EXITSTATUS=0
