# WCTIME: wall clock time in seconds
WCTIME=1800.01
# CPUTIME: CPU time in seconds (USERTIME+SYSTEMTIME)
CPUTIME=1792.18
# USERTIME: CPU time spent in user mode in seconds
USERTIME=1790.6
# SYSTEMTIME: CPU time spent in system mode in seconds
SYSTEMTIME=1.57797
# CPUUSAGE: CPUTIME/WCTIME in percent
CPUUSAGE=99.5647
# MAXVM: maximum virtual memory used in KiB
MAXVM=313944
# MAXMM: maximum memory used in KiB
MAXMM=133860
# MAXRSS: maximum Resident Segment Size in KiB
MAXRSS=132452
# TIMEOUT: did the solver exceed the time limit?
TIMEOUT=true
# MEMOUT: did the solver exceed the memory limit?
MEMOUT=false
# EXITSTATUS: Exit status of the solver
EXITSTATUS=36608
