# WCTIME: wall clock time in seconds
WCTIME=590.487
# CPUTIME: CPU time in seconds (USERTIME+SYSTEMTIME)
CPUTIME=587.594
# USERTIME: CPU time spent in user mode in seconds
USERTIME=586.499
# SYSTEMTIME: CPU time spent in system mode in seconds
SYSTEMTIME=1.09447
# CPUUSAGE: CPUTIME/WCTIME in percent
CPUUSAGE=99.5101
# MAXVM: maximum virtual memory used in KiB
MAXVM=631128
# MAXMM: maximum memory used in KiB
MAXMM=428560
# MAXRSS: maximum Resident Segment Size in KiB
MAXRSS=431044
# TIMEOUT: did the solver exceed the time limit?
TIMEOUT=false
# MEMOUT: did the solver exceed the memory limit?
MEMOUT=false
# EXITSTATUS: Exit status of the solver
EXITSTATUS=0
