# WCTIME: wall clock time in seconds
WCTIME=20.5936
# CPUTIME: CPU time in seconds (USERTIME+SYSTEMTIME)
CPUTIME=20.5056
# USERTIME: CPU time spent in user mode in seconds
USERTIME=20.4213
# SYSTEMTIME: CPU time spent in system mode in seconds
SYSTEMTIME=0.084383
# CPUUSAGE: CPUTIME/WCTIME in percent
CPUUSAGE=99.5728
# MAXVM: maximum virtual memory used in KiB
MAXVM=226832
# MAXMM: maximum memory used in KiB
MAXMM=55256
# MAXRSS: maximum Resident Segment Size in KiB
MAXRSS=57648
# TIMEOUT: did the solver exceed the time limit?
TIMEOUT=false
# MEMOUT: did the solver exceed the memory limit?
MEMOUT=false
# EXITSTATUS: Exit status of the solver
EXITSTATUS=0
