# WCTIME: wall clock time in seconds
WCTIME=50.0813
# CPUTIME: CPU time in seconds (USERTIME+SYSTEMTIME)
CPUTIME=49.5992
# USERTIME: CPU time spent in user mode in seconds
USERTIME=48.6087
# SYSTEMTIME: CPU time spent in system mode in seconds
SYSTEMTIME=0.990527
# CPUUSAGE: CPUTIME/WCTIME in percent
CPUUSAGE=99.0375
# MAXVM: maximum virtual memory used in KiB
MAXVM=2048552
# MAXMM: maximum memory used in KiB
MAXMM=1671788
# MAXRSS: maximum Resident Segment Size in KiB
MAXRSS=1668824
# TIMEOUT: did the solver exceed the time limit?
TIMEOUT=false
# MEMOUT: did the solver exceed the memory limit?
MEMOUT=false
# EXITSTATUS: Exit status of the solver
EXITSTATUS=0
