# WCTIME: wall clock time in seconds
WCTIME=26.5601
# CPUTIME: CPU time in seconds (USERTIME+SYSTEMTIME)
CPUTIME=26.3922
# USERTIME: CPU time spent in user mode in seconds
USERTIME=25.9161
# SYSTEMTIME: CPU time spent in system mode in seconds
SYSTEMTIME=0.476024
# CPUUSAGE: CPUTIME/WCTIME in percent
CPUUSAGE=99.3677
# MAXVM: maximum virtual memory used in KiB
MAXVM=476560
# MAXMM: maximum memory used in KiB
MAXMM=296408
# MAXRSS: maximum Resident Segment Size in KiB
MAXRSS=295016
# TIMEOUT: did the solver exceed the time limit?
TIMEOUT=false
# MEMOUT: did the solver exceed the memory limit?
MEMOUT=false
# EXITSTATUS: Exit status of the solver
EXITSTATUS=0
