# WCTIME: wall clock time in seconds
WCTIME=16.995
# CPUTIME: CPU time in seconds (USERTIME+SYSTEMTIME)
CPUTIME=16.8882
# USERTIME: CPU time spent in user mode in seconds
USERTIME=16.0323
# SYSTEMTIME: CPU time spent in system mode in seconds
SYSTEMTIME=0.855949
# CPUUSAGE: CPUTIME/WCTIME in percent
CPUUSAGE=99.3718
# MAXVM: maximum virtual memory used in KiB
MAXVM=1940608
# MAXMM: maximum memory used in KiB
MAXMM=1606032
# MAXRSS: maximum Resident Segment Size in KiB
MAXRSS=1627860
# TIMEOUT: did the solver exceed the time limit?
TIMEOUT=false
# MEMOUT: did the solver exceed the memory limit?
MEMOUT=false
# EXITSTATUS: Exit status of the solver
EXITSTATUS=0
