# WCTIME: wall clock time in seconds
WCTIME=145.566
# CPUTIME: CPU time in seconds (USERTIME+SYSTEMTIME)
CPUTIME=144.851
# USERTIME: CPU time spent in user mode in seconds
USERTIME=143.233
# SYSTEMTIME: CPU time spent in system mode in seconds
SYSTEMTIME=1.61837
# CPUUSAGE: CPUTIME/WCTIME in percent
CPUUSAGE=99.5088
# MAXVM: maximum virtual memory used in KiB
MAXVM=1161564
# MAXMM: maximum memory used in KiB
MAXMM=943520
# MAXRSS: maximum Resident Segment Size in KiB
MAXRSS=940388
# TIMEOUT: did the solver exceed the time limit?
TIMEOUT=false
# MEMOUT: did the solver exceed the memory limit?
MEMOUT=false
# EXITSTATUS: Exit status of the solver
EXITSTATUS=0
