# WCTIME: wall clock time in seconds
WCTIME=76.5901
# CPUTIME: CPU time in seconds (USERTIME+SYSTEMTIME)
CPUTIME=76.1743
# USERTIME: CPU time spent in user mode in seconds
USERTIME=75.3435
# SYSTEMTIME: CPU time spent in system mode in seconds
SYSTEMTIME=0.830724
# CPUUSAGE: CPUTIME/WCTIME in percent
CPUUSAGE=99.457
# MAXVM: maximum virtual memory used in KiB
MAXVM=642984
# MAXMM: maximum memory used in KiB
MAXMM=458724
# MAXRSS: maximum Resident Segment Size in KiB
MAXRSS=502524
# TIMEOUT: did the solver exceed the time limit?
TIMEOUT=false
# MEMOUT: did the solver exceed the memory limit?
MEMOUT=false
# EXITSTATUS: Exit status of the solver
EXITSTATUS=0
