# WCTIME: wall clock time in seconds
WCTIME=3.73811
# CPUTIME: CPU time in seconds (USERTIME+SYSTEMTIME)
CPUTIME=3.70329
# USERTIME: CPU time spent in user mode in seconds
USERTIME=3.64421
# SYSTEMTIME: CPU time spent in system mode in seconds
SYSTEMTIME=0.059079
# CPUUSAGE: CPUTIME/WCTIME in percent
CPUUSAGE=99.0686
# MAXVM: maximum virtual memory used in KiB
MAXVM=225304
# MAXMM: maximum memory used in KiB
MAXMM=56928
# MAXRSS: maximum Resident Segment Size in KiB
MAXRSS=58088
# TIMEOUT: did the solver exceed the time limit?
TIMEOUT=false
# MEMOUT: did the solver exceed the memory limit?
MEMOUT=false
# EXITSTATUS: Exit status of the solver
EXITSTATUS=0
