# WCTIME: wall clock time in seconds
WCTIME=1800.15
# CPUTIME: CPU time in seconds (USERTIME+SYSTEMTIME)
CPUTIME=1789.7
# USERTIME: CPU time spent in user mode in seconds
USERTIME=1787.72
# SYSTEMTIME: CPU time spent in system mode in seconds
SYSTEMTIME=1.97394
# CPUUSAGE: CPUTIME/WCTIME in percent
CPUUSAGE=99.4194
# MAXVM: maximum virtual memory used in KiB
MAXVM=502412
# MAXMM: maximum memory used in KiB
MAXMM=303568
# MAXRSS: maximum Resident Segment Size in KiB
MAXRSS=308568
# TIMEOUT: did the solver exceed the time limit?
TIMEOUT=true
# MEMOUT: did the solver exceed the memory limit?
MEMOUT=false
# EXITSTATUS: Exit status of the solver
EXITSTATUS=36608
