c cmd: /host-parser-bin/kat_xcsp_bd3c9f7d_scip_dynamic /bench/competition/2022-2025/COP22to25/KidneyExchange-4-091_c23.xml.lzma --encoder log-scop --order-ge-table mdd-tl --progress
c 00h00m00s | solve:start
c 00h00m00s | input: constraints=3481
c 00h00m00s | stage:propagate:start
c 00h00m00s | stage:propagate:done ms=6 pruned=3431 changed_domains=80 entailed_tables=0
c 00h00m00s | stage:normalize:start
c 00h00m00s | stage:normalize:done ms=0 high_constraints=3481
c 00h00m00s | stage:lower:start
c 00h00m00s | stage:lower:done ms=199 lowered=3481 unsupported=0
c 00h00m00s | stage:post_lower:start
c 00h00m00s | stage:post_lower:done ms=27 rounds=70 tightened=70 removed_cls=2661 removed_lits=128 unsat=false precise_hits=0 precise_rounds=1 pivot_recomputes=0 pivot_exact_attempts=0 pivot_general_attempts=0 pivot_general_rest_missing=0 pivot_general_bound_missing=0 pivot_general_no_change=0 pivot_general_tightened=0 setup_ms=19 loop_ms=4 pivot_ms=0 pivot_version_ms=0 pivot_exact_ms=0 pivot_general_ms=0 pivot_general_prepare_ms=0 pivot_general_rest_ms=0 pivot_general_derive_ms=0 apply_ms=0 sat_ms=0 precise_ms=0
c 00h00m00s | stage:lowered-shape int_vars=10294 bool_vars=0 linear_atoms=40673 table_atoms=0 table_tuples=0 table_scope=0 alldiff_atoms=0 circuit_atoms=0 product_atoms=0 logical_clauses=38306
c 00h00m00s | stage:root-lp:start backend=scip-ffi
c 00h00m02s | stage:root-lp:bound backend=scip-ffi status=optimal objective_value=63 naive_bounds=[-71,69] lp_bounds=[-71,63] improved=1 rows=142 vars=10294 ms=2575
c 00h00m02s | stage:preencode(log-scop):start
c 00h00m02s | stage:preencode(log-scop):done ms=5 int_vars=10294
c 00h00m02s | stage:encode(log-scop):start
c 00h00m03s | stage:encode(log-scop):done ms=498 sat_vars=514293 sat_clauses=1167295 ext_ge_specs=0 relaxed_circuits=0 log_scop_pb_constraints=52886 log_scop_pb_mixed=0 log_scop_pb_bdd2=0 log_scop_pb_bdd3=52886 log_scop_pb_sorter=0 log_scop_pb_dadda=0 log_scop_bdd_raw=52886 log_scop_bdd_binary=0 log_scop_bdd_multibase=0
c 00h00m03s | stage:sat:init solver=CaDiCaL vars=514293 clauses=1167295
c 00h00m03s | stage:sat:solve:start round=1 circuit_cegar_rounds=- cop_cegar_rounds=1 assumptions=0 phase_lits=0
c 00h00m13s | stage:sat:solve:done round=1 ms=10342 result=Sat assumptions=0 phase_lits=0
c 00h00m13s | stage:decode:start round=1 requested_int_ids=213
c 00h00m13s | stage:decode:final:start round=1 requested_int_ids=213
c 00h00m13s | stage:decode:done round=1 int_assignments=213
c 00h00m13s | stage:relaxation:done clauses_added=0 circuit_cegar_failures=0 circuit_cegar_rounds=0 circuit_cegar_added_clauses=0 cop_cegar_failures=0 cop_cegar_rounds=1 cop_cegar_added_clauses=0
c 00h00m13s | result:Sat
c 00h00m13s | objective:incumbent kind=initial value=-62 rounds=1 improvements=0
o -62
c 00h00m13s | stage:sat:init solver=CaDiCaL vars=514293 clauses=1167295
c 00h00m13s | stage:sat:solve:start round=1 circuit_cegar_rounds=- cop_cegar_rounds=2 assumptions=0 phase_lits=1059
c 00h00m13s | stage:sat:solve:done round=1 ms=135 result=Sat assumptions=0 phase_lits=1059
c 00h00m13s | stage:decode:start round=1 requested_int_ids=213
c 00h00m13s | stage:relaxation:done round=1 clauses_added=53963 circuit_clauses_added=0 cop_clauses_added=53963 circuit_cegar_failures=0 circuit_cegar_rounds=0 circuit_cegar_added_clauses=0 cop_cegar_failures=1 cop_cegar_rounds=2 cop_cegar_added_clauses=53963
c 00h00m13s | stage:sat:solve:start round=2 circuit_cegar_rounds=- cop_cegar_rounds=3 assumptions=0 phase_lits=1059
c 00h00m14s | stage:sat:solve:done round=2 ms=368 result=Sat assumptions=0 phase_lits=1059
c 00h00m14s | stage:decode:start round=2 requested_int_ids=213
c 00h00m14s | stage:decode:final:start round=2 requested_int_ids=213
c 00h00m14s | stage:decode:done round=2 int_assignments=213
c 00h00m14s | stage:relaxation:done clauses_added=0 circuit_cegar_failures=0 circuit_cegar_rounds=0 circuit_cegar_added_clauses=0 cop_cegar_failures=1 cop_cegar_rounds=3 cop_cegar_added_clauses=53963
c 00h00m14s | result:Sat
c 00h00m14s | objective:incumbent kind=improvement value=-60 rounds=2 improvements=1
o -60
c 00h00m14s | stage:sat:init solver=CaDiCaL vars=514293 clauses=1167295
c 00h00m14s | stage:sat:solve:start round=1 circuit_cegar_rounds=- cop_cegar_rounds=4 assumptions=0 phase_lits=1059
c 00h00m14s | stage:sat:solve:done round=1 ms=28 result=Sat assumptions=0 phase_lits=1059
c 00h00m14s | stage:decode:start round=1 requested_int_ids=213
c 00h00m14s | stage:relaxation:done round=1 clauses_added=54113 circuit_clauses_added=0 cop_clauses_added=54113 circuit_cegar_failures=0 circuit_cegar_rounds=0 circuit_cegar_added_clauses=0 cop_cegar_failures=2 cop_cegar_rounds=4 cop_cegar_added_clauses=108076
c 00h00m14s | stage:sat:solve:start round=2 circuit_cegar_rounds=- cop_cegar_rounds=5 assumptions=0 phase_lits=1059
c 00h00m14s | stage:sat:solve:done round=2 ms=243 result=Sat assumptions=0 phase_lits=1059
c 00h00m14s | stage:decode:start round=2 requested_int_ids=213
c 00h00m14s | stage:decode:final:start round=2 requested_int_ids=213
c 00h00m14s | stage:decode:done round=2 int_assignments=213
c 00h00m14s | stage:relaxation:done clauses_added=0 circuit_cegar_failures=0 circuit_cegar_rounds=0 circuit_cegar_added_clauses=0 cop_cegar_failures=2 cop_cegar_rounds=5 cop_cegar_added_clauses=108076
c 00h00m14s | result:Sat
c 00h00m14s | objective:incumbent kind=improvement value=-55 rounds=3 improvements=2
o -55
c 00h00m14s | stage:sat:init solver=CaDiCaL vars=514293 clauses=1167295
c 00h00m14s | stage:sat:solve:start round=1 circuit_cegar_rounds=- cop_cegar_rounds=6 assumptions=0 phase_lits=1059
c 00h00m14s | stage:sat:solve:done round=1 ms=23 result=Sat assumptions=0 phase_lits=1059
c 00h00m14s | stage:decode:start round=1 requested_int_ids=213
c 00h00m14s | stage:relaxation:done round=1 clauses_added=54435 circuit_clauses_added=0 cop_clauses_added=54435 circuit_cegar_failures=0 circuit_cegar_rounds=0 circuit_cegar_added_clauses=0 cop_cegar_failures=3 cop_cegar_rounds=6 cop_cegar_added_clauses=162511
c 00h00m14s | stage:sat:solve:start round=2 circuit_cegar_rounds=- cop_cegar_rounds=7 assumptions=0 phase_lits=1059
c 00h00m16s | stage:sat:solve:done round=2 ms=1655 result=Sat assumptions=0 phase_lits=1059
c 00h00m16s | stage:decode:start round=2 requested_int_ids=213
c 00h00m16s | stage:decode:final:start round=2 requested_int_ids=213
c 00h00m16s | stage:decode:done round=2 int_assignments=213
c 00h00m16s | stage:relaxation:done clauses_added=0 circuit_cegar_failures=0 circuit_cegar_rounds=0 circuit_cegar_added_clauses=0 cop_cegar_failures=3 cop_cegar_rounds=7 cop_cegar_added_clauses=162511
c 00h00m16s | result:Sat
c 00h00m16s | objective:incumbent kind=improvement value=-54 rounds=4 improvements=3
o -54
c 00h00m16s | stage:sat:init solver=CaDiCaL vars=514293 clauses=1167295
c 00h00m16s | stage:sat:solve:start round=1 circuit_cegar_rounds=- cop_cegar_rounds=8 assumptions=0 phase_lits=1059
c 00h00m16s | stage:sat:solve:done round=1 ms=94 result=Sat assumptions=0 phase_lits=1059
c 00h00m16s | stage:decode:start round=1 requested_int_ids=213
c 00h00m16s | stage:relaxation:done round=1 clauses_added=54493 circuit_clauses_added=0 cop_clauses_added=54493 circuit_cegar_failures=0 circuit_cegar_rounds=0 circuit_cegar_added_clauses=0 cop_cegar_failures=4 cop_cegar_rounds=8 cop_cegar_added_clauses=217004
c 00h00m16s | stage:sat:solve:start round=2 circuit_cegar_rounds=- cop_cegar_rounds=9 assumptions=0 phase_lits=1059
c 00h00m19s | stage:sat:solve:done round=2 ms=2549 result=Sat assumptions=0 phase_lits=1059
c 00h00m19s | stage:decode:start round=2 requested_int_ids=213
c 00h00m19s | stage:decode:final:start round=2 requested_int_ids=213
c 00h00m19s | stage:decode:done round=2 int_assignments=213
c 00h00m19s | stage:relaxation:done clauses_added=0 circuit_cegar_failures=0 circuit_cegar_rounds=0 circuit_cegar_added_clauses=0 cop_cegar_failures=4 cop_cegar_rounds=9 cop_cegar_added_clauses=217004
c 00h00m19s | result:Sat
c 00h00m19s | objective:incumbent kind=improvement value=-48 rounds=5 improvements=4
o -48
c 00h00m19s | stage:sat:init solver=CaDiCaL vars=514293 clauses=1167295
c 00h00m19s | stage:sat:solve:start round=1 circuit_cegar_rounds=- cop_cegar_rounds=10 assumptions=0 phase_lits=1059
c 00h00m19s | stage:sat:solve:done round=1 ms=93 result=Sat assumptions=0 phase_lits=1059
c 00h00m19s | stage:decode:start round=1 requested_int_ids=213
c 00h00m19s | stage:relaxation:done round=1 clauses_added=54761 circuit_clauses_added=0 cop_clauses_added=54761 circuit_cegar_failures=0 circuit_cegar_rounds=0 circuit_cegar_added_clauses=0 cop_cegar_failures=5 cop_cegar_rounds=10 cop_cegar_added_clauses=271765
c 00h00m19s | stage:sat:solve:start round=2 circuit_cegar_rounds=- cop_cegar_rounds=11 assumptions=0 phase_lits=1059
c 00h00m22s | stage:sat:solve:done round=2 ms=3030 result=Sat assumptions=0 phase_lits=1059
c 00h00m22s | stage:decode:start round=2 requested_int_ids=213
c 00h00m22s | stage:decode:final:start round=2 requested_int_ids=213
c 00h00m22s | stage:decode:done round=2 int_assignments=213
c 00h00m22s | stage:relaxation:done clauses_added=0 circuit_cegar_failures=0 circuit_cegar_rounds=0 circuit_cegar_added_clauses=0 cop_cegar_failures=5 cop_cegar_rounds=11 cop_cegar_added_clauses=271765
c 00h00m22s | result:Sat
c 00h00m22s | objective:incumbent kind=improvement value=-46 rounds=6 improvements=5
o -46
c 00h00m22s | stage:sat:init solver=CaDiCaL vars=514293 clauses=1167295
c 00h00m22s | stage:sat:solve:start round=1 circuit_cegar_rounds=- cop_cegar_rounds=12 assumptions=0 phase_lits=1059
c 00h00m22s | stage:sat:solve:done round=1 ms=98 result=Sat assumptions=0 phase_lits=1059
c 00h00m22s | stage:decode:start round=1 requested_int_ids=213
c 00h00m22s | stage:relaxation:done round=1 clauses_added=54829 circuit_clauses_added=0 cop_clauses_added=54829 circuit_cegar_failures=0 circuit_cegar_rounds=0 circuit_cegar_added_clauses=0 cop_cegar_failures=6 cop_cegar_rounds=12 cop_cegar_added_clauses=326594
c 00h00m22s | stage:sat:solve:start round=2 circuit_cegar_rounds=- cop_cegar_rounds=13 assumptions=0 phase_lits=1059
c 00h00m23s | stage:sat:solve:done round=2 ms=929 result=Sat assumptions=0 phase_lits=1059
c 00h00m23s | stage:decode:start round=2 requested_int_ids=213
c 00h00m23s | stage:decode:final:start round=2 requested_int_ids=213
c 00h00m23s | stage:decode:done round=2 int_assignments=213
c 00h00m23s | stage:relaxation:done clauses_added=0 circuit_cegar_failures=0 circuit_cegar_rounds=0 circuit_cegar_added_clauses=0 cop_cegar_failures=6 cop_cegar_rounds=13 cop_cegar_added_clauses=326594
c 00h00m23s | result:Sat
c 00h00m23s | objective:incumbent kind=improvement value=-44 rounds=7 improvements=6
o -44
c 00h00m23s | stage:sat:init solver=CaDiCaL vars=514293 clauses=1167295
c 00h00m23s | stage:sat:solve:start round=1 circuit_cegar_rounds=- cop_cegar_rounds=14 assumptions=0 phase_lits=1059
c 00h00m23s | stage:sat:solve:done round=1 ms=37 result=Sat assumptions=0 phase_lits=1059
c 00h00m23s | stage:decode:start round=1 requested_int_ids=213
c 00h00m23s | stage:relaxation:done round=1 clauses_added=54883 circuit_clauses_added=0 cop_clauses_added=54883 circuit_cegar_failures=0 circuit_cegar_rounds=0 circuit_cegar_added_clauses=0 cop_cegar_failures=7 cop_cegar_rounds=14 cop_cegar_added_clauses=381477
c 00h00m23s | stage:sat:solve:start round=2 circuit_cegar_rounds=- cop_cegar_rounds=15 assumptions=0 phase_lits=1059
c 00h00m24s | stage:sat:solve:done round=2 ms=893 result=Sat assumptions=0 phase_lits=1059
c 00h00m24s | stage:decode:start round=2 requested_int_ids=213
c 00h00m24s | stage:decode:final:start round=2 requested_int_ids=213
c 00h00m24s | stage:decode:done round=2 int_assignments=213
c 00h00m24s | stage:relaxation:done clauses_added=0 circuit_cegar_failures=0 circuit_cegar_rounds=0 circuit_cegar_added_clauses=0 cop_cegar_failures=7 cop_cegar_rounds=15 cop_cegar_added_clauses=381477
c 00h00m24s | result:Sat
c 00h00m24s | objective:incumbent kind=improvement value=-42 rounds=8 improvements=7
o -42
c 00h00m24s | stage:sat:init solver=CaDiCaL vars=514293 clauses=1167295
c 00h00m24s | stage:sat:solve:start round=1 circuit_cegar_rounds=- cop_cegar_rounds=16 assumptions=0 phase_lits=1059
c 00h00m24s | stage:sat:solve:done round=1 ms=40 result=Sat assumptions=0 phase_lits=1059
c 00h00m24s | stage:decode:start round=1 requested_int_ids=213
c 00h00m24s | stage:relaxation:done round=1 clauses_added=54927 circuit_clauses_added=0 cop_clauses_added=54927 circuit_cegar_failures=0 circuit_cegar_rounds=0 circuit_cegar_added_clauses=0 cop_cegar_failures=8 cop_cegar_rounds=16 cop_cegar_added_clauses=436404
c 00h00m24s | stage:sat:solve:start round=2 circuit_cegar_rounds=- cop_cegar_rounds=17 assumptions=0 phase_lits=1059
c 00h00m25s | stage:sat:solve:done round=2 ms=1012 result=Sat assumptions=0 phase_lits=1059
c 00h00m25s | stage:decode:start round=2 requested_int_ids=213
c 00h00m25s | stage:decode:final:start round=2 requested_int_ids=213
c 00h00m25s | stage:decode:done round=2 int_assignments=213
c 00h00m25s | stage:relaxation:done clauses_added=0 circuit_cegar_failures=0 circuit_cegar_rounds=0 circuit_cegar_added_clauses=0 cop_cegar_failures=8 cop_cegar_rounds=17 cop_cegar_added_clauses=436404
c 00h00m25s | result:Sat
c 00h00m25s | objective:incumbent kind=improvement value=-40 rounds=9 improvements=8
o -40
c 00h00m25s | stage:sat:init solver=CaDiCaL vars=514293 clauses=1167295
c 00h00m25s | stage:sat:solve:start round=1 circuit_cegar_rounds=- cop_cegar_rounds=18 assumptions=0 phase_lits=1059
c 00h00m25s | stage:sat:solve:done round=1 ms=132 result=Sat assumptions=0 phase_lits=1059
c 00h00m25s | stage:decode:start round=1 requested_int_ids=213
c 00h00m25s | stage:relaxation:done round=1 clauses_added=54955 circuit_clauses_added=0 cop_clauses_added=54955 circuit_cegar_failures=0 circuit_cegar_rounds=0 circuit_cegar_added_clauses=0 cop_cegar_failures=9 cop_cegar_rounds=18 cop_cegar_added_clauses=491359
c 00h00m25s | stage:sat:solve:start round=2 circuit_cegar_rounds=- cop_cegar_rounds=19 assumptions=0 phase_lits=1059
c 00h00m27s | stage:sat:solve:done round=2 ms=1367 result=Sat assumptions=0 phase_lits=1059
c 00h00m27s | stage:decode:start round=2 requested_int_ids=213
c 00h00m27s | stage:decode:final:start round=2 requested_int_ids=213
c 00h00m27s | stage:decode:done round=2 int_assignments=213
c 00h00m27s | stage:relaxation:done clauses_added=0 circuit_cegar_failures=0 circuit_cegar_rounds=0 circuit_cegar_added_clauses=0 cop_cegar_failures=9 cop_cegar_rounds=19 cop_cegar_added_clauses=491359
c 00h00m27s | result:Sat
c 00h00m27s | objective:incumbent kind=improvement value=-38 rounds=10 improvements=9
o -38
c 00h00m27s | stage:sat:init solver=CaDiCaL vars=514293 clauses=1167295
c 00h00m27s | stage:sat:solve:start round=1 circuit_cegar_rounds=- cop_cegar_rounds=20 assumptions=0 phase_lits=1059
c 00h00m27s | stage:sat:solve:done round=1 ms=572 result=Sat assumptions=0 phase_lits=1059
c 00h00m27s | stage:decode:start round=1 requested_int_ids=213
c 00h00m27s | stage:relaxation:done round=1 clauses_added=54975 circuit_clauses_added=0 cop_clauses_added=54975 circuit_cegar_failures=0 circuit_cegar_rounds=0 circuit_cegar_added_clauses=0 cop_cegar_failures=10 cop_cegar_rounds=20 cop_cegar_added_clauses=546334
c 00h00m28s | stage:sat:solve:start round=2 circuit_cegar_rounds=- cop_cegar_rounds=21 assumptions=0 phase_lits=1059
c 00h00m30s | stage:sat:solve:done round=2 ms=2291 result=Sat assumptions=0 phase_lits=1059
c 00h00m30s | stage:decode:start round=2 requested_int_ids=213
c 00h00m30s | stage:decode:final:start round=2 requested_int_ids=213
c 00h00m30s | stage:decode:done round=2 int_assignments=213
c 00h00m30s | stage:relaxation:done clauses_added=0 circuit_cegar_failures=0 circuit_cegar_rounds=0 circuit_cegar_added_clauses=0 cop_cegar_failures=10 cop_cegar_rounds=21 cop_cegar_added_clauses=546334
c 00h00m30s | result:Sat
c 00h00m30s | objective:incumbent kind=improvement value=-34 rounds=11 improvements=10
o -34
c 00h00m30s | stage:sat:init solver=CaDiCaL vars=514293 clauses=1167295
c 00h00m30s | stage:sat:solve:start round=1 circuit_cegar_rounds=- cop_cegar_rounds=22 assumptions=0 phase_lits=1059
c 00h00m30s | stage:sat:solve:done round=1 ms=124 result=Sat assumptions=0 phase_lits=1059
c 00h00m30s | stage:decode:start round=1 requested_int_ids=213
c 00h00m30s | stage:relaxation:done round=1 clauses_added=54977 circuit_clauses_added=0 cop_clauses_added=54977 circuit_cegar_failures=0 circuit_cegar_rounds=0 circuit_cegar_added_clauses=0 cop_cegar_failures=11 cop_cegar_rounds=22 cop_cegar_added_clauses=601311
c 00h00m30s | stage:sat:solve:start round=2 circuit_cegar_rounds=- cop_cegar_rounds=23 assumptions=0 phase_lits=1059
c 00h00m40s | stage:sat:solve:done round=2 ms=10328 result=Sat assumptions=0 phase_lits=1059
c 00h00m40s | stage:decode:start round=2 requested_int_ids=213
c 00h00m40s | stage:decode:final:start round=2 requested_int_ids=213
c 00h00m40s | stage:decode:done round=2 int_assignments=213
c 00h00m40s | stage:relaxation:done clauses_added=0 circuit_cegar_failures=0 circuit_cegar_rounds=0 circuit_cegar_added_clauses=0 cop_cegar_failures=11 cop_cegar_rounds=23 cop_cegar_added_clauses=601311
c 00h00m40s | result:Sat
c 00h00m40s | objective:incumbent kind=improvement value=-32 rounds=12 improvements=11
o -32
c 00h00m40s | stage:sat:init solver=CaDiCaL vars=514293 clauses=1167295
c 00h00m40s | stage:sat:solve:start round=1 circuit_cegar_rounds=- cop_cegar_rounds=24 assumptions=0 phase_lits=1059
c 00h00m41s | stage:sat:solve:done round=1 ms=423 result=Sat assumptions=0 phase_lits=1059
c 00h00m41s | stage:decode:start round=1 requested_int_ids=213
c 00h00m41s | stage:relaxation:done round=1 clauses_added=54953 circuit_clauses_added=0 cop_clauses_added=54953 circuit_cegar_failures=0 circuit_cegar_rounds=0 circuit_cegar_added_clauses=0 cop_cegar_failures=12 cop_cegar_rounds=24 cop_cegar_added_clauses=656264
c 00h00m41s | stage:sat:solve:start round=2 circuit_cegar_rounds=- cop_cegar_rounds=25 assumptions=0 phase_lits=1059
c 00h00m42s | stage:sat:solve:done round=2 ms=1315 result=Sat assumptions=0 phase_lits=1059
c 00h00m42s | stage:decode:start round=2 requested_int_ids=213
c 00h00m42s | stage:decode:final:start round=2 requested_int_ids=213
c 00h00m42s | stage:decode:done round=2 int_assignments=213
c 00h00m42s | stage:relaxation:done clauses_added=0 circuit_cegar_failures=0 circuit_cegar_rounds=0 circuit_cegar_added_clauses=0 cop_cegar_failures=12 cop_cegar_rounds=25 cop_cegar_added_clauses=656264
c 00h00m42s | result:Sat
c 00h00m42s | objective:incumbent kind=improvement value=-30 rounds=13 improvements=12
o -30
c 00h00m42s | stage:sat:init solver=CaDiCaL vars=514293 clauses=1167295
c 00h00m42s | stage:sat:solve:start round=1 circuit_cegar_rounds=- cop_cegar_rounds=26 assumptions=0 phase_lits=1059
c 00h00m42s | stage:sat:solve:done round=1 ms=58 result=Sat assumptions=0 phase_lits=1059
c 00h00m42s | stage:decode:start round=1 requested_int_ids=213
c 00h00m42s | stage:relaxation:done round=1 clauses_added=54925 circuit_clauses_added=0 cop_clauses_added=54925 circuit_cegar_failures=0 circuit_cegar_rounds=0 circuit_cegar_added_clauses=0 cop_cegar_failures=13 cop_cegar_rounds=26 cop_cegar_added_clauses=711189
c 00h00m42s | stage:sat:solve:start round=2 circuit_cegar_rounds=- cop_cegar_rounds=27 assumptions=0 phase_lits=1059
c 00h00m44s | stage:sat:solve:done round=2 ms=1185 result=Sat assumptions=0 phase_lits=1059
c 00h00m44s | stage:decode:start round=2 requested_int_ids=213
c 00h00m44s | stage:decode:final:start round=2 requested_int_ids=213
c 00h00m44s | stage:decode:done round=2 int_assignments=213
c 00h00m44s | stage:relaxation:done clauses_added=0 circuit_cegar_failures=0 circuit_cegar_rounds=0 circuit_cegar_added_clauses=0 cop_cegar_failures=13 cop_cegar_rounds=27 cop_cegar_added_clauses=711189
c 00h00m44s | result:Sat
c 00h00m44s | objective:incumbent kind=improvement value=-28 rounds=14 improvements=13
o -28
c 00h00m44s | stage:sat:init solver=CaDiCaL vars=514293 clauses=1167295
c 00h00m44s | stage:sat:solve:start round=1 circuit_cegar_rounds=- cop_cegar_rounds=28 assumptions=0 phase_lits=1059
c 00h00m44s | stage:sat:solve:done round=1 ms=68 result=Sat assumptions=0 phase_lits=1059
c 00h00m44s | stage:decode:start round=1 requested_int_ids=213
c 00h00m44s | stage:relaxation:done round=1 clauses_added=54883 circuit_clauses_added=0 cop_clauses_added=54883 circuit_cegar_failures=0 circuit_cegar_rounds=0 circuit_cegar_added_clauses=0 cop_cegar_failures=14 cop_cegar_rounds=28 cop_cegar_added_clauses=766072
c 00h00m44s | stage:sat:solve:start round=2 circuit_cegar_rounds=- cop_cegar_rounds=29 assumptions=0 phase_lits=1059
c 00h00m45s | stage:sat:solve:done round=2 ms=1331 result=Sat assumptions=0 phase_lits=1059
c 00h00m45s | stage:decode:start round=2 requested_int_ids=213
c 00h00m45s | stage:decode:final:start round=2 requested_int_ids=213
c 00h00m45s | stage:decode:done round=2 int_assignments=213
c 00h00m45s | stage:relaxation:done clauses_added=0 circuit_cegar_failures=0 circuit_cegar_rounds=0 circuit_cegar_added_clauses=0 cop_cegar_failures=14 cop_cegar_rounds=29 cop_cegar_added_clauses=766072
c 00h00m45s | result:Sat
c 00h00m45s | objective:incumbent kind=improvement value=-26 rounds=15 improvements=14
o -26
c 00h00m45s | stage:sat:init solver=CaDiCaL vars=514293 clauses=1167295
c 00h00m45s | stage:sat:solve:start round=1 circuit_cegar_rounds=- cop_cegar_rounds=30 assumptions=0 phase_lits=1059
c 00h00m45s | stage:sat:solve:done round=1 ms=70 result=Sat assumptions=0 phase_lits=1059
c 00h00m45s | stage:decode:start round=1 requested_int_ids=213
c 00h00m45s | stage:relaxation:done round=1 clauses_added=54831 circuit_clauses_added=0 cop_clauses_added=54831 circuit_cegar_failures=0 circuit_cegar_rounds=0 circuit_cegar_added_clauses=0 cop_cegar_failures=15 cop_cegar_rounds=30 cop_cegar_added_clauses=820903
c 00h00m45s | stage:sat:solve:start round=2 circuit_cegar_rounds=- cop_cegar_rounds=31 assumptions=0 phase_lits=1059
c 00h00m47s | stage:sat:solve:done round=2 ms=1715 result=Sat assumptions=0 phase_lits=1059
c 00h00m47s | stage:decode:start round=2 requested_int_ids=213
c 00h00m47s | stage:decode:final:start round=2 requested_int_ids=213
c 00h00m47s | stage:decode:done round=2 int_assignments=213
c 00h00m47s | stage:relaxation:done clauses_added=0 circuit_cegar_failures=0 circuit_cegar_rounds=0 circuit_cegar_added_clauses=0 cop_cegar_failures=15 cop_cegar_rounds=31 cop_cegar_added_clauses=820903
c 00h00m47s | result:Sat
c 00h00m47s | objective:incumbent kind=improvement value=-24 rounds=16 improvements=15
o -24
c 00h00m47s | stage:sat:init solver=CaDiCaL vars=514293 clauses=1167295
c 00h00m47s | stage:sat:solve:start round=1 circuit_cegar_rounds=- cop_cegar_rounds=32 assumptions=0 phase_lits=1059
c 00h00m47s | stage:sat:solve:done round=1 ms=77 result=Sat assumptions=0 phase_lits=1059
c 00h00m47s | stage:decode:start round=1 requested_int_ids=213
c 00h00m47s | stage:relaxation:done round=1 clauses_added=54763 circuit_clauses_added=0 cop_clauses_added=54763 circuit_cegar_failures=0 circuit_cegar_rounds=0 circuit_cegar_added_clauses=0 cop_cegar_failures=16 cop_cegar_rounds=32 cop_cegar_added_clauses=875666
c 00h00m47s | stage:sat:solve:start round=2 circuit_cegar_rounds=- cop_cegar_rounds=33 assumptions=0 phase_lits=1059
c 00h00m48s | stage:sat:solve:done round=2 ms=1265 result=Sat assumptions=0 phase_lits=1059
c 00h00m48s | stage:decode:start round=2 requested_int_ids=213
c 00h00m48s | stage:decode:final:start round=2 requested_int_ids=213
c 00h00m48s | stage:decode:done round=2 int_assignments=213
c 00h00m48s | stage:relaxation:done clauses_added=0 circuit_cegar_failures=0 circuit_cegar_rounds=0 circuit_cegar_added_clauses=0 cop_cegar_failures=16 cop_cegar_rounds=33 cop_cegar_added_clauses=875666
c 00h00m48s | result:Sat
c 00h00m48s | objective:incumbent kind=improvement value=-22 rounds=17 improvements=16
o -22
c 00h00m48s | stage:sat:init solver=CaDiCaL vars=514293 clauses=1167295
c 00h00m48s | stage:sat:solve:start round=1 circuit_cegar_rounds=- cop_cegar_rounds=34 assumptions=0 phase_lits=1059
c 00h00m49s | stage:sat:solve:done round=1 ms=83 result=Sat assumptions=0 phase_lits=1059
c 00h00m49s | stage:decode:start round=1 requested_int_ids=213
c 00h00m49s | stage:relaxation:done round=1 clauses_added=54687 circuit_clauses_added=0 cop_clauses_added=54687 circuit_cegar_failures=0 circuit_cegar_rounds=0 circuit_cegar_added_clauses=0 cop_cegar_failures=17 cop_cegar_rounds=34 cop_cegar_added_clauses=930353
c 00h00m49s | stage:sat:solve:start round=2 circuit_cegar_rounds=- cop_cegar_rounds=35 assumptions=0 phase_lits=1059
c 00h01m02s | stage:sat:solve:done round=2 ms=13216 result=Sat assumptions=0 phase_lits=1059
c 00h01m02s | stage:decode:start round=2 requested_int_ids=213
c 00h01m02s | stage:decode:final:start round=2 requested_int_ids=213
c 00h01m02s | stage:decode:done round=2 int_assignments=213
c 00h01m02s | stage:relaxation:done clauses_added=0 circuit_cegar_failures=0 circuit_cegar_rounds=0 circuit_cegar_added_clauses=0 cop_cegar_failures=17 cop_cegar_rounds=35 cop_cegar_added_clauses=930353
c 00h01m02s | result:Sat
c 00h01m02s | objective:incumbent kind=improvement value=-20 rounds=18 improvements=17
o -20
c 00h01m02s | stage:sat:init solver=CaDiCaL vars=514293 clauses=1167295
c 00h01m02s | stage:sat:solve:start round=1 circuit_cegar_rounds=- cop_cegar_rounds=36 assumptions=0 phase_lits=1059
c 00h01m02s | stage:sat:solve:done round=1 ms=152 result=Sat assumptions=0 phase_lits=1059
c 00h01m02s | stage:decode:start round=1 requested_int_ids=213
c 00h01m02s | stage:relaxation:done round=1 clauses_added=54597 circuit_clauses_added=0 cop_clauses_added=54597 circuit_cegar_failures=0 circuit_cegar_rounds=0 circuit_cegar_added_clauses=0 cop_cegar_failures=18 cop_cegar_rounds=36 cop_cegar_added_clauses=984950
c 00h01m02s | stage:sat:solve:start round=2 circuit_cegar_rounds=- cop_cegar_rounds=37 assumptions=0 phase_lits=1059
c 00h01m44s | stage:sat:solve:done round=2 ms=41568 result=Sat assumptions=0 phase_lits=1059
c 00h01m44s | stage:decode:start round=2 requested_int_ids=213
c 00h01m44s | stage:decode:final:start round=2 requested_int_ids=213
c 00h01m44s | stage:decode:done round=2 int_assignments=213
c 00h01m44s | stage:relaxation:done clauses_added=0 circuit_cegar_failures=0 circuit_cegar_rounds=0 circuit_cegar_added_clauses=0 cop_cegar_failures=18 cop_cegar_rounds=37 cop_cegar_added_clauses=984950
c 00h01m44s | result:Sat
c 00h01m44s | objective:incumbent kind=improvement value=-18 rounds=19 improvements=18
o -18
c 00h01m44s | stage:sat:init solver=CaDiCaL vars=514293 clauses=1167295
c 00h01m44s | stage:sat:solve:start round=1 circuit_cegar_rounds=- cop_cegar_rounds=38 assumptions=0 phase_lits=1059
c 00h01m44s | stage:sat:solve:done round=1 ms=176 result=Sat assumptions=0 phase_lits=1059
c 00h01m44s | stage:decode:start round=1 requested_int_ids=213
c 00h01m44s | stage:relaxation:done round=1 clauses_added=54497 circuit_clauses_added=0 cop_clauses_added=54497 circuit_cegar_failures=0 circuit_cegar_rounds=0 circuit_cegar_added_clauses=0 cop_cegar_failures=19 cop_cegar_rounds=38 cop_cegar_added_clauses=1039447
c 00h01m44s | stage:sat:solve:start round=2 circuit_cegar_rounds=- cop_cegar_rounds=39 assumptions=0 phase_lits=1059
c 00h01m45s | stage:sat:solve:done round=2 ms=1332 result=Sat assumptions=0 phase_lits=1059
c 00h01m45s | stage:decode:start round=2 requested_int_ids=213
c 00h01m45s | stage:decode:final:start round=2 requested_int_ids=213
c 00h01m45s | stage:decode:done round=2 int_assignments=213
c 00h01m45s | stage:relaxation:done clauses_added=0 circuit_cegar_failures=0 circuit_cegar_rounds=0 circuit_cegar_added_clauses=0 cop_cegar_failures=19 cop_cegar_rounds=39 cop_cegar_added_clauses=1039447
c 00h01m45s | result:Sat
c 00h01m45s | objective:incumbent kind=improvement value=-16 rounds=20 improvements=19
o -16
c 00h01m45s | stage:sat:init solver=CaDiCaL vars=514293 clauses=1167295
c 00h01m45s | stage:sat:solve:start round=1 circuit_cegar_rounds=- cop_cegar_rounds=40 assumptions=0 phase_lits=1059
c 00h01m45s | stage:sat:solve:done round=1 ms=85 result=Sat assumptions=0 phase_lits=1059
c 00h01m45s | stage:decode:start round=1 requested_int_ids=213
c 00h01m46s | stage:relaxation:done round=1 clauses_added=54379 circuit_clauses_added=0 cop_clauses_added=54379 circuit_cegar_failures=0 circuit_cegar_rounds=0 circuit_cegar_added_clauses=0 cop_cegar_failures=20 cop_cegar_rounds=40 cop_cegar_added_clauses=1093826
c 00h01m46s | stage:sat:solve:start round=2 circuit_cegar_rounds=- cop_cegar_rounds=41 assumptions=0 phase_lits=1059
c 00h01m57s | stage:sat:solve:done round=2 ms=11727 result=Sat assumptions=0 phase_lits=1059
c 00h01m57s | stage:decode:start round=2 requested_int_ids=213
c 00h01m57s | stage:decode:final:start round=2 requested_int_ids=213
c 00h01m57s | stage:decode:done round=2 int_assignments=213
c 00h01m57s | stage:relaxation:done clauses_added=0 circuit_cegar_failures=0 circuit_cegar_rounds=0 circuit_cegar_added_clauses=0 cop_cegar_failures=20 cop_cegar_rounds=41 cop_cegar_added_clauses=1093826
c 00h01m57s | result:Sat
c 00h01m57s | objective:incumbent kind=improvement value=-15 rounds=21 improvements=20
o -15
c 00h01m57s | stage:sat:init solver=CaDiCaL vars=514293 clauses=1167295
c 00h01m57s | stage:sat:solve:start round=1 circuit_cegar_rounds=- cop_cegar_rounds=42 assumptions=0 phase_lits=1059
c 00h01m57s | stage:sat:solve:done round=1 ms=90 result=Sat assumptions=0 phase_lits=1059
c 00h01m57s | stage:decode:start round=1 requested_int_ids=213
c 00h01m58s | stage:relaxation:done round=1 clauses_added=54317 circuit_clauses_added=0 cop_clauses_added=54317 circuit_cegar_failures=0 circuit_cegar_rounds=0 circuit_cegar_added_clauses=0 cop_cegar_failures=21 cop_cegar_rounds=42 cop_cegar_added_clauses=1148143
c 00h01m58s | stage:sat:solve:start round=2 circuit_cegar_rounds=- cop_cegar_rounds=43 assumptions=0 phase_lits=1059
c 00h02m01s | stage:sat:solve:done round=2 ms=3643 result=Sat assumptions=0 phase_lits=1059
c 00h02m01s | stage:decode:start round=2 requested_int_ids=213
c 00h02m01s | stage:decode:final:start round=2 requested_int_ids=213
c 00h02m01s | stage:decode:done round=2 int_assignments=213
c 00h02m01s | stage:relaxation:done clauses_added=0 circuit_cegar_failures=0 circuit_cegar_rounds=0 circuit_cegar_added_clauses=0 cop_cegar_failures=21 cop_cegar_rounds=43 cop_cegar_added_clauses=1148143
c 00h02m01s | result:Sat
c 00h02m01s | objective:incumbent kind=improvement value=-13 rounds=22 improvements=21
o -13
c 00h02m01s | stage:sat:init solver=CaDiCaL vars=514293 clauses=1167295
c 00h02m01s | stage:sat:solve:start round=1 circuit_cegar_rounds=- cop_cegar_rounds=44 assumptions=0 phase_lits=1059
c 00h02m01s | stage:sat:solve:done round=1 ms=98 result=Sat assumptions=0 phase_lits=1059
c 00h02m01s | stage:decode:start round=1 requested_int_ids=213
c 00h02m01s | stage:relaxation:done round=1 clauses_added=54184 circuit_clauses_added=0 cop_clauses_added=54184 circuit_cegar_failures=0 circuit_cegar_rounds=0 circuit_cegar_added_clauses=0 cop_cegar_failures=22 cop_cegar_rounds=44 cop_cegar_added_clauses=1202327
c 00h02m01s | stage:sat:solve:start round=2 circuit_cegar_rounds=- cop_cegar_rounds=45 assumptions=0 phase_lits=1059
c 00h02m31s | stage:sat:solve:done round=2 ms=29744 result=Sat assumptions=0 phase_lits=1059
c 00h02m31s | stage:decode:start round=2 requested_int_ids=213
c 00h02m31s | stage:decode:final:start round=2 requested_int_ids=213
c 00h02m31s | stage:decode:done round=2 int_assignments=213
c 00h02m31s | stage:relaxation:done clauses_added=0 circuit_cegar_failures=0 circuit_cegar_rounds=0 circuit_cegar_added_clauses=0 cop_cegar_failures=22 cop_cegar_rounds=45 cop_cegar_added_clauses=1202327
c 00h02m31s | result:Sat
c 00h02m31s | objective:incumbent kind=improvement value=-11 rounds=23 improvements=22
o -11
c 00h02m31s | stage:sat:init solver=CaDiCaL vars=514293 clauses=1167295
c 00h02m31s | stage:sat:solve:start round=1 circuit_cegar_rounds=- cop_cegar_rounds=46 assumptions=0 phase_lits=1059
c 00h02m31s | stage:sat:solve:done round=1 ms=186 result=Sat assumptions=0 phase_lits=1059
c 00h02m31s | stage:decode:start round=1 requested_int_ids=213
c 00h02m31s | stage:relaxation:done round=1 clauses_added=54043 circuit_clauses_added=0 cop_clauses_added=54043 circuit_cegar_failures=0 circuit_cegar_rounds=0 circuit_cegar_added_clauses=0 cop_cegar_failures=23 cop_cegar_rounds=46 cop_cegar_added_clauses=1256370
c 00h02m31s | stage:sat:solve:start round=2 circuit_cegar_rounds=- cop_cegar_rounds=47 assumptions=0 phase_lits=1059
c 00h02m32s | stage:sat:solve:done round=2 ms=960 result=Sat assumptions=0 phase_lits=1059
c 00h02m32s | stage:decode:start round=2 requested_int_ids=213
c 00h02m32s | stage:decode:final:start round=2 requested_int_ids=213
c 00h02m32s | stage:decode:done round=2 int_assignments=213
c 00h02m32s | stage:relaxation:done clauses_added=0 circuit_cegar_failures=0 circuit_cegar_rounds=0 circuit_cegar_added_clauses=0 cop_cegar_failures=23 cop_cegar_rounds=47 cop_cegar_added_clauses=1256370
c 00h02m32s | result:Sat
c 00h02m32s | objective:incumbent kind=improvement value=-10 rounds=24 improvements=23
o -10
c 00h02m32s | stage:sat:init solver=CaDiCaL vars=514293 clauses=1167295
c 00h02m32s | stage:sat:solve:start round=1 circuit_cegar_rounds=- cop_cegar_rounds=48 assumptions=0 phase_lits=1059
c 00h02m33s | stage:sat:solve:done round=1 ms=93 result=Sat assumptions=0 phase_lits=1059
c 00h02m33s | stage:decode:start round=1 requested_int_ids=213
c 00h02m33s | stage:relaxation:done round=1 clauses_added=53969 circuit_clauses_added=0 cop_clauses_added=53969 circuit_cegar_failures=0 circuit_cegar_rounds=0 circuit_cegar_added_clauses=0 cop_cegar_failures=24 cop_cegar_rounds=48 cop_cegar_added_clauses=1310339
c 00h02m33s | stage:sat:solve:start round=2 circuit_cegar_rounds=- cop_cegar_rounds=49 assumptions=0 phase_lits=1059
c 00h02m34s | stage:sat:solve:done round=2 ms=1021 result=Sat assumptions=0 phase_lits=1059
c 00h02m34s | stage:decode:start round=2 requested_int_ids=213
c 00h02m34s | stage:decode:final:start round=2 requested_int_ids=213
c 00h02m34s | stage:decode:done round=2 int_assignments=213
c 00h02m34s | stage:relaxation:done clauses_added=0 circuit_cegar_failures=0 circuit_cegar_rounds=0 circuit_cegar_added_clauses=0 cop_cegar_failures=24 cop_cegar_rounds=49 cop_cegar_added_clauses=1310339
c 00h02m34s | result:Sat
c 00h02m34s | objective:incumbent kind=improvement value=-8 rounds=25 improvements=24
o -8
c 00h02m34s | stage:sat:init solver=CaDiCaL vars=514293 clauses=1167295
c 00h02m34s | stage:sat:solve:start round=1 circuit_cegar_rounds=- cop_cegar_rounds=50 assumptions=0 phase_lits=1059
c 00h02m34s | stage:sat:solve:done round=1 ms=102 result=Sat assumptions=0 phase_lits=1059
c 00h02m34s | stage:decode:start round=1 requested_int_ids=213
c 00h02m34s | stage:relaxation:done round=1 clauses_added=53805 circuit_clauses_added=0 cop_clauses_added=53805 circuit_cegar_failures=0 circuit_cegar_rounds=0 circuit_cegar_added_clauses=0 cop_cegar_failures=25 cop_cegar_rounds=50 cop_cegar_added_clauses=1364144
c 00h02m34s | stage:sat:solve:start round=2 circuit_cegar_rounds=- cop_cegar_rounds=51 assumptions=0 phase_lits=1059
c 00h03m13s | stage:sat:solve:done round=2 ms=39281 result=Sat assumptions=0 phase_lits=1059
c 00h03m13s | stage:decode:start round=2 requested_int_ids=213
c 00h03m13s | stage:decode:final:start round=2 requested_int_ids=213
c 00h03m13s | stage:decode:done round=2 int_assignments=213
c 00h03m13s | stage:relaxation:done clauses_added=0 circuit_cegar_failures=0 circuit_cegar_rounds=0 circuit_cegar_added_clauses=0 cop_cegar_failures=25 cop_cegar_rounds=51 cop_cegar_added_clauses=1364144
c 00h03m13s | result:Sat
c 00h03m13s | objective:incumbent kind=improvement value=-6 rounds=26 improvements=25
o -6
c 00h03m13s | stage:sat:init solver=CaDiCaL vars=514293 clauses=1167295
c 00h03m13s | stage:sat:solve:start round=1 circuit_cegar_rounds=- cop_cegar_rounds=52 assumptions=0 phase_lits=1059
c 00h03m13s | stage:sat:solve:done round=1 ms=209 result=Sat assumptions=0 phase_lits=1059
c 00h03m13s | stage:decode:start round=1 requested_int_ids=213
c 00h03m14s | stage:relaxation:done round=1 clauses_added=53633 circuit_clauses_added=0 cop_clauses_added=53633 circuit_cegar_failures=0 circuit_cegar_rounds=0 circuit_cegar_added_clauses=0 cop_cegar_failures=26 cop_cegar_rounds=52 cop_cegar_added_clauses=1417777
c 00h03m14s | stage:sat:solve:start round=2 circuit_cegar_rounds=- cop_cegar_rounds=53 assumptions=0 phase_lits=1059
c 00h06m10s | stage:sat:solve:done round=2 ms=176288 result=Sat assumptions=0 phase_lits=1059
c 00h06m10s | stage:decode:start round=2 requested_int_ids=213
c 00h06m10s | stage:decode:final:start round=2 requested_int_ids=213
c 00h06m10s | stage:decode:done round=2 int_assignments=213
c 00h06m10s | stage:relaxation:done clauses_added=0 circuit_cegar_failures=0 circuit_cegar_rounds=0 circuit_cegar_added_clauses=0 cop_cegar_failures=26 cop_cegar_rounds=53 cop_cegar_added_clauses=1417777
c 00h06m10s | result:Sat
c 00h06m10s | objective:incumbent kind=improvement value=-3 rounds=27 improvements=26
o -3
c 00h06m10s | stage:sat:init solver=CaDiCaL vars=514293 clauses=1167295
c 00h06m10s | stage:sat:solve:start round=1 circuit_cegar_rounds=- cop_cegar_rounds=54 assumptions=0 phase_lits=1059
c 00h06m10s | stage:sat:solve:done round=1 ms=202 result=Sat assumptions=0 phase_lits=1059
c 00h06m10s | stage:decode:start round=1 requested_int_ids=213
c 00h06m10s | stage:relaxation:done round=1 clauses_added=53349 circuit_clauses_added=0 cop_clauses_added=53349 circuit_cegar_failures=0 circuit_cegar_rounds=0 circuit_cegar_added_clauses=0 cop_cegar_failures=27 cop_cegar_rounds=54 cop_cegar_added_clauses=1471126
c 00h06m10s | stage:sat:solve:start round=2 circuit_cegar_rounds=- cop_cegar_rounds=55 assumptions=0 phase_lits=1059
c 00h06m29s | stage:sat:solve:done round=2 ms=18965 result=Sat assumptions=0 phase_lits=1059
c 00h06m29s | stage:decode:start round=2 requested_int_ids=213
c 00h06m29s | stage:decode:final:start round=2 requested_int_ids=213
c 00h06m29s | stage:decode:done round=2 int_assignments=213
c 00h06m29s | stage:relaxation:done clauses_added=0 circuit_cegar_failures=0 circuit_cegar_rounds=0 circuit_cegar_added_clauses=0 cop_cegar_failures=27 cop_cegar_rounds=55 cop_cegar_added_clauses=1471126
c 00h06m29s | result:Sat
c 00h06m29s | objective:incumbent kind=improvement value=-1 rounds=28 improvements=27
o -1
c 00h06m29s | stage:sat:init solver=CaDiCaL vars=514293 clauses=1167295
c 00h06m29s | stage:sat:solve:start round=1 circuit_cegar_rounds=- cop_cegar_rounds=56 assumptions=0 phase_lits=1059
c 00h06m29s | stage:sat:solve:done round=1 ms=205 result=Sat assumptions=0 phase_lits=1059
c 00h06m29s | stage:decode:start round=1 requested_int_ids=213
c 00h06m29s | stage:relaxation:done round=1 clauses_added=49738 circuit_clauses_added=0 cop_clauses_added=49738 circuit_cegar_failures=0 circuit_cegar_rounds=0 circuit_cegar_added_clauses=0 cop_cegar_failures=28 cop_cegar_rounds=56 cop_cegar_added_clauses=1520864
c 00h06m30s | stage:sat:solve:start round=2 circuit_cegar_rounds=- cop_cegar_rounds=57 assumptions=0 phase_lits=1059
c 00h06m36s | stage:sat:solve:done round=2 ms=6689 result=Sat assumptions=0 phase_lits=1059
c 00h06m36s | stage:decode:start round=2 requested_int_ids=213
c 00h06m36s | stage:decode:final:start round=2 requested_int_ids=213
c 00h06m36s | stage:decode:done round=2 int_assignments=213
c 00h06m36s | stage:relaxation:done clauses_added=0 circuit_cegar_failures=0 circuit_cegar_rounds=0 circuit_cegar_added_clauses=0 cop_cegar_failures=28 cop_cegar_rounds=57 cop_cegar_added_clauses=1520864
c 00h06m36s | result:Sat
c 00h06m36s | objective:incumbent kind=improvement value=1 rounds=29 improvements=28
o 1
c 00h06m36s | stage:sat:init solver=CaDiCaL vars=514293 clauses=1167295
c 00h06m36s | stage:sat:solve:start round=1 circuit_cegar_rounds=- cop_cegar_rounds=58 assumptions=0 phase_lits=1059
c 00h06m36s | stage:sat:solve:done round=1 ms=111 result=Sat assumptions=0 phase_lits=1059
c 00h06m36s | stage:decode:start round=1 requested_int_ids=213
c 00h06m36s | stage:relaxation:done round=1 clauses_added=49720 circuit_clauses_added=0 cop_clauses_added=49720 circuit_cegar_failures=0 circuit_cegar_rounds=0 circuit_cegar_added_clauses=0 cop_cegar_failures=29 cop_cegar_rounds=58 cop_cegar_added_clauses=1570584
c 00h06m36s | stage:sat:solve:start round=2 circuit_cegar_rounds=- cop_cegar_rounds=59 assumptions=0 phase_lits=1059
c 00h08m03s | stage:sat:solve:done round=2 ms=86605 result=Sat assumptions=0 phase_lits=1059
c 00h08m03s | stage:decode:start round=2 requested_int_ids=213
c 00h08m03s | stage:decode:final:start round=2 requested_int_ids=213
c 00h08m03s | stage:decode:done round=2 int_assignments=213
c 00h08m03s | stage:relaxation:done clauses_added=0 circuit_cegar_failures=0 circuit_cegar_rounds=0 circuit_cegar_added_clauses=0 cop_cegar_failures=29 cop_cegar_rounds=59 cop_cegar_added_clauses=1570584
c 00h08m03s | result:Sat
c 00h08m03s | objective:incumbent kind=improvement value=3 rounds=30 improvements=29
o 3
c 00h08m03s | stage:sat:init solver=CaDiCaL vars=514293 clauses=1167295
c 00h08m03s | stage:sat:solve:start round=1 circuit_cegar_rounds=- cop_cegar_rounds=60 assumptions=0 phase_lits=1059
c 00h08m03s | stage:sat:solve:done round=1 ms=220 result=Sat assumptions=0 phase_lits=1059
c 00h08m03s | stage:decode:start round=1 requested_int_ids=213
c 00h08m03s | stage:relaxation:done round=1 clauses_added=49683 circuit_clauses_added=0 cop_clauses_added=49683 circuit_cegar_failures=0 circuit_cegar_rounds=0 circuit_cegar_added_clauses=0 cop_cegar_failures=30 cop_cegar_rounds=60 cop_cegar_added_clauses=1620267
c 00h08m03s | stage:sat:solve:start round=2 circuit_cegar_rounds=- cop_cegar_rounds=61 assumptions=0 phase_lits=1059
s SATISFIABLE
o 3
v <instantiation>
v   <list> x[0] x[1] x[2] x[3] x[4] x[5] x[6] x[7] x[8] x[9] x[10] x[11] x[12] x[13] x[14] x[15] x[16] x[17] x[18] x[19] x[20] x[21] x[22] x[23] x[24] x[25] x[26] x[27] x[28] x[29] x[30] x[31] x[32] x[33] x[34] x[35] x[36] x[37] x[38] x[39] x[40] x[41] x[42] x[43] x[44] x[45] x[46] x[47] x[48] x[49] x[50] x[51] x[52] x[53] x[54] x[55] x[56] x[57] x[58] x[59] x[60] x[61] x[62] x[63] x[64] x[65] x[66] x[67] x[68] x[69] x[70] y[0] y[1] y[2] y[3] y[4] y[5] y[6] y[7] y[8] y[9] y[10] y[11] y[12] y[13] y[14] y[15] y[16] y[17] y[18] y[19] y[20] y[21] y[22] y[23] y[24] y[25] y[26] y[27] y[28] y[29] y[30] y[31] y[32] y[33] y[34] y[35] y[36] y[37] y[38] y[39] y[40] y[41] y[42] y[43] y[44] y[45] y[46] y[47] y[48] y[49] y[50] y[51] y[52] y[53] y[54] y[55] y[56] y[57] y[58] y[59] y[60] y[61] y[62] y[63] y[64] y[65] y[66] y[67] y[68] y[69] y[70] aux_gb[0] aux_gb[1] aux_gb[2] aux_gb[3] aux_gb[4] aux_gb[5] aux_gb[6] aux_gb[7] aux_gb[8] aux_gb[9] aux_gb[10] aux_gb[11] aux_gb[12] aux_gb[13] aux_gb[14] aux_gb[15] aux_gb[16] aux_gb[17] aux_gb[18] aux_gb[19] aux_gb[20] aux_gb[21] aux_gb[22] aux_gb[23] aux_gb[24] aux_gb[25] aux_gb[26] aux_gb[27] aux_gb[28] aux_gb[29] aux_gb[30] aux_gb[31] aux_gb[32] aux_gb[33] aux_gb[34] aux_gb[35] aux_gb[36] aux_gb[37] aux_gb[38] aux_gb[39] aux_gb[40] aux_gb[41] aux_gb[42] aux_gb[43] aux_gb[44] aux_gb[45] aux_gb[46] aux_gb[47] aux_gb[48] aux_gb[49] aux_gb[50] aux_gb[51] aux_gb[52] aux_gb[53] aux_gb[54] aux_gb[55] aux_gb[56] aux_gb[57] aux_gb[58] aux_gb[59] aux_gb[60] aux_gb[61] aux_gb[62] aux_gb[63] aux_gb[64] aux_gb[65] aux_gb[66] aux_gb[67] aux_gb[68] aux_gb[69] aux_gb[70] </list>
v   <values> 40 1 2 3 4 6 67 7 8 9 10 11 12 13 14 46 16 34 52 19 20 43 59 56 24 66 35 64 28 29 68 31 32 57 65 45 36 27 5 25 0 33 30 21 44 69 53 47 41 49 18 51 50 15 54 55 23 48 58 61 39 22 62 63 37 17 60 38 42 26 70 0 1 2 3 4 5 5 6 7 8 9 10 11 12 13 14 15 16 17 18 19 20 21 22 23 24 25 26 27 28 29 30 31 32 16 25 33 26 5 24 0 32 29 20 33 25 14 33 32 4 17 21 17 14 33 2 22 32 27 21 24 21 4 4 26 16 24 5 29 25 34 1 -1 -1 -1 -1 1 0 -1 -1 -1 -1 -1 -1 -1 -1 1 -1 1 1 -1 -1 1 1 1 -1 0 1 0 -1 -1 0 -1 -1 1 0 1 -1 1 1 1 1 1 1 1 -1 0 1 -1 1 -1 1 -1 1 1 -1 -1 1 1 -1 1 1 1 -1 -1 1 1 1 1 1 1 -1 </values>
v </instantiation>
d OBJECTIVE_VALUE 3
d OPTIMAL 0
d OBJECTIVE_ROUNDS 30
d OBJECTIVE_IMPROVEMENTS 29
d COP_INCUMBENT_ELAPSED_MS 483604
d SOLVE_ELAPSED_MS 1800066
d CURRENT_STAGE sat
d CURRENT_STAGE_ELAPSED_MS 1316135
d LAST_COMPLETED_STAGE relaxation
d STAGE_PROPAGATE_STATUS done
d STAGE_NORMALIZE_STATUS done
d STAGE_LOWER_STATUS done
d STAGE_POST_LOWER_STATUS done
d STAGE_PREENCODE_STATUS done
d STAGE_ENCODE_STATUS done
d STAGE_SAT_STATUS running
d STAGE_DECODE_STATUS done
d STAGE_RELAXATION_STATUS done
d STAGE_DUMP_CNF_STATUS pending
d SOURCE_CONSTRAINTS 3481
d NORMALIZED_CONSTRAINTS 3481
d LOWERED_CONSTRAINTS 3481
d UNSUPPORTED_CONSTRAINTS 0
d SAT_VARS 514293
d SAT_CLAUSES_BASE 1167295
d SAT_CLAUSES_FINAL 2787562
d SAT_CLAUSES_CEGAR_DELTA 1620267
d LINEAR_INT_EQ_ARITY_STATS {"1":{"count":20438,"max_domain_product_excluding_one_var":"1","p95_domain_product_excluding_one_var":"1"},"2":{"count":7455,"max_domain_product_excluding_one_var":"71","p95_domain_product_excluding_one_var":"71"}}
d LINEAR_INT_NE_ARITY_STATS {"1":{"count":10082,"max_domain_product_excluding_one_var":"1","p95_domain_product_excluding_one_var":"1"},"2":{"count":2485,"max_domain_product_excluding_one_var":"53","p95_domain_product_excluding_one_var":"31"}}
d LINEAR_INT_GE_ARITY_STATS {"1":{"count":142,"max_domain_product_excluding_one_var":"1","p95_domain_product_excluding_one_var":"1"},"71":{"count":71,"max_domain_product_excluding_one_var":"1180591620717411303424","p95_domain_product_excluding_one_var":"1180591620717411303424"}}
d LINEAR_BOOL_MIXED_ARITY_STATS {}
d ROOT_LP_ENTERED 1
d ROOT_LP_STATUS optimal
d OBJECTIVE_NAIVE_LOWER -71
d OBJECTIVE_NAIVE_UPPER 69
d OBJECTIVE_LP_LOWER -71
d OBJECTIVE_LP_UPPER 63
d ROOT_LP_IMPROVED 1
d ROOT_LP_MS 2575
d ROOT_LP_ROWS 142
d ROOT_LP_VARS 10294
d ROOT_LP_STRUCTURED_OBJECTIVE_TERMS 0
d ROOT_LP_STRUCTURED_OBJECTIVE_AUX_VARS 0
d ROOT_LP_STRUCTURED_OBJECTIVE_ROWS 0
d ROOT_LP_NATIVE_GATE_GE_TOTAL 213
d ROOT_LP_NATIVE_GATE_EQ_TOTAL 27893
d ROOT_LP_NATIVE_GATE_GE_MAX_ARITY 71
d ROOT_LP_NATIVE_GATE_GE_MAX_DOMAIN_PRODUCT 1180591620717411303424
d ROOT_LP_NATIVE_GATE_BOOL_MIXED_MAX_ARITY 0
d ROOT_LP_OBJECTIVE_VALUE 63
d PROPAGATE_PRUNED_VALUES 3431
d PROPAGATE_CHANGED_DOMAINS 80
d PROPAGATE_ENTAILED_TABLES 0
d POST_LOWER_ROUNDS 70
d POST_LOWER_TIGHTENED_DOMAINS 70
d POST_LOWER_REMOVED_CLAUSES 2661
d POST_LOWER_REMOVED_LITS 128
d POST_LOWER_DETECTED_UNSAT 0
d PREENCODE_INT_VARS 10294
d ENCODE_EXTERNAL_GE_SPECS 0
d ENCODE_RELAXED_CIRCUITS 0
d LOG_SCOP_LINEAR_PB_CONSTRAINTS 52886
d LOG_SCOP_LINEAR_PB_MIXED_DISPATCH_CONSTRAINTS 0
d LOG_SCOP_LINEAR_PB_MIXED_ATTEMPT_BDD 0
d LOG_SCOP_LINEAR_PB_MIXED_ATTEMPT_SORTER 0
d LOG_SCOP_LINEAR_PB_MIXED_ATTEMPT_DADDA 0
d LOG_SCOP_LINEAR_PB_MIXED_REJECT_BDD_BUDGET 0
d LOG_SCOP_LINEAR_PB_MIXED_REJECT_SORTER_BUDGET 0
d LOG_SCOP_LINEAR_PB_MIXED_FALLBACK_BDD_TO_SORTER 0
d LOG_SCOP_LINEAR_PB_MIXED_FALLBACK_BDD_TO_DADDA 0
d LOG_SCOP_LINEAR_PB_MIXED_FALLBACK_SORTER_TO_BDD 0
d LOG_SCOP_LINEAR_PB_MIXED_FALLBACK_SORTER_TO_DADDA 0
d LOG_SCOP_LINEAR_PB_BACKEND_BDD2 0
d LOG_SCOP_LINEAR_PB_BACKEND_BDD3 52886
d LOG_SCOP_LINEAR_PB_BACKEND_SORTER 0
d LOG_SCOP_LINEAR_PB_BACKEND_DADDA 0
d LOG_SCOP_LINEAR_PB_BDD_DECOMPOSITION_RAW 52886
d LOG_SCOP_LINEAR_PB_BDD_DECOMPOSITION_BINARY 0
d LOG_SCOP_LINEAR_PB_BDD_DECOMPOSITION_MULTIBASE 0
d DECODE_INT_ASSIGNMENTS 213
d CIRCUIT_CEGAR_FAILURES 0
d CIRCUIT_CEGAR_ROUNDS 0
d CIRCUIT_CEGAR_ADDED_CLAUSES 0
d COP_CEGAR_FAILURES 30
d COP_CEGAR_ROUNDS 61
d COP_CEGAR_ADDED_CLAUSES 1620267
d CSV /bench/competition/2022-2025/COP22to25/KidneyExchange-4-091_c23.xml.lzma,sat,3481,3481,3481,0,514293,2787562,1800066,,,,,,,1,optimal,-71,69,-71,63,1,2575,142,10294,0,0,0,63,timeout_signal,incumbent_interrupted_by_signal
signal=15; emitted incumbent csv row
