# WCTIME: wall clock time in seconds
WCTIME=1800.08
# CPUTIME: CPU time in seconds (USERTIME+SYSTEMTIME)
CPUTIME=1791.27
# USERTIME: CPU time spent in user mode in seconds
USERTIME=1775.33
# SYSTEMTIME: CPU time spent in system mode in seconds
SYSTEMTIME=15.9425
# CPUUSAGE: CPUTIME/WCTIME in percent
CPUUSAGE=99.5102
# MAXVM: maximum virtual memory used in KiB
MAXVM=1627624
# MAXMM: maximum memory used in KiB
MAXMM=1389400
# MAXRSS: maximum Resident Segment Size in KiB
MAXRSS=1386428
# TIMEOUT: did the solver exceed the time limit?
TIMEOUT=true
# MEMOUT: did the solver exceed the memory limit?
MEMOUT=false
# EXITSTATUS: Exit status of the solver
EXITSTATUS=36608
