# WCTIME: wall clock time in seconds
WCTIME=323.724
# CPUTIME: CPU time in seconds (USERTIME+SYSTEMTIME)
CPUTIME=299.685
# USERTIME: CPU time spent in user mode in seconds
USERTIME=230.543
# SYSTEMTIME: CPU time spent in system mode in seconds
SYSTEMTIME=69.1416
# CPUUSAGE: CPUTIME/WCTIME in percent
CPUUSAGE=92.5742
# MAXVM: maximum virtual memory used in KiB
MAXVM=172400464
# MAXMM: maximum memory used in KiB
MAXMM=124604896
# MAXRSS: maximum Resident Segment Size in KiB
MAXRSS=91376628
# TIMEOUT: did the solver exceed the time limit?
TIMEOUT=false
# MEMOUT: did the solver exceed the memory limit?
MEMOUT=false
# EXITSTATUS: Exit status of the solver
EXITSTATUS=35072
