# WCTIME: wall clock time in seconds
WCTIME=5.79633
# CPUTIME: CPU time in seconds (USERTIME+SYSTEMTIME)
CPUTIME=5.75113
# USERTIME: CPU time spent in user mode in seconds
USERTIME=4.90403
# SYSTEMTIME: CPU time spent in system mode in seconds
SYSTEMTIME=0.847101
# CPUUSAGE: CPUTIME/WCTIME in percent
CPUUSAGE=99.2202
# MAXVM: maximum virtual memory used in KiB
MAXVM=2903668
# MAXMM: maximum memory used in KiB
MAXMM=2411568
# MAXRSS: maximum Resident Segment Size in KiB
MAXRSS=2441076
# TIMEOUT: did the solver exceed the time limit?
TIMEOUT=false
# MEMOUT: did the solver exceed the memory limit?
MEMOUT=false
# EXITSTATUS: Exit status of the solver
EXITSTATUS=0
