# WCTIME: wall clock time in seconds
WCTIME=3.13181
# CPUTIME: CPU time in seconds (USERTIME+SYSTEMTIME)
CPUTIME=3.09788
# USERTIME: CPU time spent in user mode in seconds
USERTIME=3.07135
# SYSTEMTIME: CPU time spent in system mode in seconds
SYSTEMTIME=0.026531
# CPUUSAGE: CPUTIME/WCTIME in percent
CPUUSAGE=98.9167
# MAXVM: maximum virtual memory used in KiB
MAXVM=211920
# MAXMM: maximum memory used in KiB
MAXMM=32636
# MAXRSS: maximum Resident Segment Size in KiB
MAXRSS=29744
# TIMEOUT: did the solver exceed the time limit?
TIMEOUT=false
# MEMOUT: did the solver exceed the memory limit?
MEMOUT=false
# EXITSTATUS: Exit status of the solver
EXITSTATUS=0
