# WCTIME: wall clock time in seconds
WCTIME=73.359
# CPUTIME: CPU time in seconds (USERTIME+SYSTEMTIME)
CPUTIME=72.9211
# USERTIME: CPU time spent in user mode in seconds
USERTIME=72.6893
# SYSTEMTIME: CPU time spent in system mode in seconds
SYSTEMTIME=0.231725
# CPUUSAGE: CPUTIME/WCTIME in percent
CPUUSAGE=99.403
# MAXVM: maximum virtual memory used in KiB
MAXVM=386824
# MAXMM: maximum memory used in KiB
MAXMM=176304
# MAXRSS: maximum Resident Segment Size in KiB
MAXRSS=189680
# TIMEOUT: did the solver exceed the time limit?
TIMEOUT=false
# MEMOUT: did the solver exceed the memory limit?
MEMOUT=false
# EXITSTATUS: Exit status of the solver
EXITSTATUS=0
