# WCTIME: wall clock time in seconds
WCTIME=502.501
# CPUTIME: CPU time in seconds (USERTIME+SYSTEMTIME)
CPUTIME=493.363
# USERTIME: CPU time spent in user mode in seconds
USERTIME=426.728
# SYSTEMTIME: CPU time spent in system mode in seconds
SYSTEMTIME=66.6353
# CPUUSAGE: CPUTIME/WCTIME in percent
CPUUSAGE=98.1816
# MAXVM: maximum virtual memory used in KiB
MAXVM=142715000
# MAXMM: maximum memory used in KiB
MAXMM=124581368
# MAXRSS: maximum Resident Segment Size in KiB
MAXRSS=124599516
# TIMEOUT: did the solver exceed the time limit?
TIMEOUT=false
# MEMOUT: did the solver exceed the memory limit?
MEMOUT=false
# EXITSTATUS: Exit status of the solver
EXITSTATUS=35072
