c cmd: /host-parser-bin/kat_xcsp_2ccb88e9 /bench/competition/2022-2025/COP22to25/RoadefPlaning2-2024-10_c25.xml.lzma --encoder order-ge --order-ge-shorten-link-cost --cop-pipeline guarded-basic --cop-objective-cut direct-expr --cop-objective-cut-timing incremental-hard --cop-objective-cut-backend cnf --table-encoding mdd-tl --eq-ne-encoding direct --direct-eq-ne-max-arity 2 --cumulative-mode exact --cumulative-decomposition time-rd --progress
c version: kat-cli=0.1.0 git=unknown-clean
c run_start_local: 2026-05-27 14:05:36 +0900
c 00h00m00s | solve:start
c 00h00m00s | input: constraints=184
c 00h00m00s | stage:propagate:start
c 00h00m00s | stage:propagate:done ms=1 pruned=110 changed_domains=33 entailed_tables=15
c 00h00m00s | memory:rss checkpoint=after_propagate bytes=2949120
c 00h00m00s | stage:normalize:start
c 00h00m00s | stage:normalize:done ms=0 high_constraints=184
c 00h00m00s | stage:lower:start
c 00h00m00s | stage:lower:progress percent=10 processed=19 total=184 lowered=19 unsupported=0 ms=0
c 00h00m00s | stage:lower:progress percent=20 processed=37 total=184 lowered=37 unsupported=0 ms=0
c 00h00m00s | stage:lower:progress percent=30 processed=56 total=184 lowered=56 unsupported=0 ms=0
c 00h00m00s | stage:lower:progress percent=40 processed=74 total=184 lowered=74 unsupported=0 ms=0
c 00h00m00s | stage:lower:progress percent=50 processed=92 total=184 lowered=92 unsupported=0 ms=0
c 00h00m00s | stage:lower:progress percent=60 processed=111 total=184 lowered=111 unsupported=0 ms=0
c 00h00m00s | stage:lower:progress percent=70 processed=129 total=184 lowered=129 unsupported=0 ms=5
c 00h00m00s | stage:lower:progress percent=80 processed=148 total=184 lowered=148 unsupported=0 ms=5
c 00h00m00s | stage:lower:progress percent=90 processed=166 total=184 lowered=166 unsupported=0 ms=5
c 00h00m00s | stage:lower:progress percent=100 processed=184 total=184 lowered=184 unsupported=0 ms=5
c 00h00m00s | stage:lower:done ms=6 lowered=184 unsupported=0
c 00h00m00s | memory:rss checkpoint=after_lower bytes=3489792
c 00h00m00s | stage:post_lower:start
c 00h00m00s | stage:post_lower:done ms=0 rounds=92 tightened=70 removed_cls=151 removed_lits=139 unsat=false precise_hits=156 precise_rounds=2 pivot_recomputes=6 pivot_exact_attempts=6 pivot_general_attempts=0 pivot_general_rest_missing=0 pivot_general_bound_missing=0 pivot_general_no_change=0 pivot_general_tightened=0 setup_ms=0 loop_ms=0 pivot_ms=0 pivot_version_ms=0 pivot_exact_ms=0 pivot_general_ms=0 pivot_general_prepare_ms=0 pivot_general_rest_ms=0 pivot_general_derive_ms=0 apply_ms=0 sat_ms=0 precise_ms=0
c 00h00m00s | memory:rss checkpoint=after_post_lower bytes=3489792
c 00h00m00s | stage:lowered-shape int_vars=480 bool_vars=723 linear_atoms=890 table_atoms=75 table_tuples=1404 table_scope=150 alldiff_atoms=0 circuit_atoms=0 product_atoms=0 logical_clauses=1481
c 00h00m00s | stage:root-lp:skip reason=disabled ms=0
c 00h00m00s | memory:rss checkpoint=before_preencode bytes=3760128
c 00h00m00s | stage:preencode(order-ge):start
c 00h00m00s | stage:preencode(order-ge):done ms=7 int_vars=1220
c 00h00m00s | memory:rss checkpoint=after_preencode bytes=5148672
c 00h00m00s | memory:rss checkpoint=before_encode bytes=5148672
c 00h00m00s | stage:encode(order-ge):start
c 00h00m00s | memory:rss checkpoint=encode_clause_sample stage=order-ge clauses=14064 bytes=7782400 progress_percent=10 processed=296 total=2958
c 00h00m00s | stage:encode(order-ge):progress percent=10 processed=296 total=2958 sat_clauses=14064 ms=2
c 00h00m00s | memory:rss checkpoint=encode_clause_sample stage=order-ge clauses=14853 bytes=7782400 progress_percent=20 processed=592 total=2958
c 00h00m00s | stage:encode(order-ge):progress percent=20 processed=592 total=2958 sat_clauses=14853 ms=2
c 00h00m00s | memory:rss checkpoint=encode_clause_sample stage=order-ge clauses=15583 bytes=7782400 progress_percent=30 processed=888 total=2958
c 00h00m00s | stage:encode(order-ge):progress percent=30 processed=888 total=2958 sat_clauses=15583 ms=2
c 00h00m00s | memory:rss checkpoint=encode_clause_sample stage=order-ge clauses=16433 bytes=7782400 progress_percent=40 processed=1184 total=2958
c 00h00m00s | stage:encode(order-ge):progress percent=40 processed=1184 total=2958 sat_clauses=16433 ms=2
c 00h00m00s | memory:rss checkpoint=encode_clause_sample stage=order-ge clauses=17489 bytes=7782400 progress_percent=50 processed=1479 total=2958
c 00h00m00s | stage:encode(order-ge):progress percent=50 processed=1479 total=2958 sat_clauses=17489 ms=3
c 00h00m00s | memory:rss checkpoint=encode_clause_sample stage=order-ge clauses=25337 bytes=7782400 progress_percent=60 processed=1775 total=2958
c 00h00m00s | stage:encode(order-ge):progress percent=60 processed=1775 total=2958 sat_clauses=25337 ms=4
c 00h00m00s | memory:rss checkpoint=encode_clause_sample stage=order-ge clauses=34609 bytes=7782400 progress_percent=70 processed=2071 total=2958
c 00h00m00s | stage:encode(order-ge):progress percent=70 processed=2071 total=2958 sat_clauses=34609 ms=5
c 00h00m00s | memory:rss checkpoint=encode_clause_sample stage=order-ge clauses=44001 bytes=7782400 progress_percent=80 processed=2367 total=2958
c 00h00m00s | stage:encode(order-ge):progress percent=80 processed=2367 total=2958 sat_clauses=44001 ms=6
c 00h00m00s | memory:rss checkpoint=encode_clause_sample stage=order-ge clauses=53283 bytes=7782400 progress_percent=90 processed=2663 total=2958
c 00h00m00s | stage:encode(order-ge):progress percent=90 processed=2663 total=2958 sat_clauses=53283 ms=8
c 00h00m00s | memory:rss checkpoint=encode_clause_sample stage=order-ge clauses=62908 bytes=7782400 progress_percent=100 processed=2958 total=2958
c 00h00m00s | stage:encode(order-ge):progress percent=100 processed=2958 total=2958 sat_clauses=62908 ms=9
c 00h00m00s | stage:encode(order-ge):done ms=25 sat_vars=12164 sat_clauses=62908 ext_ge_specs=0 relaxed_circuits=0
c 00h00m00s | stage:objective-cut timing=incremental-hard backend=cnf form=direct-expr
c 00h00m00s | stage:sat:init solver=CaDiCaL vars=12164 clauses=62908
c 00h00m00s | stage:sat:solve:start assumptions=0 phase_lits=0
c 00h01m21s | stage:sat:solve:done ms=80961 result=Sat assumptions=0 phase_lits=0
c 00h01m21s | stage:decode:start
c 00h01m21s | stage:decode:done int_assignments=480
c 00h01m21s | result:Sat
c 00h01m21s | objective:incumbent kind=initial value=21 rounds=1 improvements=0
o 21
c 00h01m21s | stage:objective-cut:add timing=incremental-hard backend=cnf form=direct-expr clauses_added=20525
c 00h01m21s | stage:sat:init solver=CaDiCaL vars=13929 clauses=83433
c 00h01m21s | stage:sat:solve:start assumptions=0 phase_lits=2397
c 00h01m37s | stage:sat:solve:done ms=16007 result=Sat assumptions=0 phase_lits=2397
c 00h01m37s | stage:decode:start
c 00h01m37s | stage:decode:done int_assignments=480
c 00h01m37s | result:Sat
c 00h01m37s | objective:incumbent kind=improvement value=20 rounds=2 improvements=1
o 20
c 00h01m37s | stage:objective-cut:add timing=incremental-hard backend=cnf form=direct-expr clauses_added=20503
c 00h01m37s | stage:sat:init solver=CaDiCaL vars=15694 clauses=103936
c 00h01m37s | stage:sat:solve:start assumptions=0 phase_lits=2397
c 00h02m15s | stage:sat:solve:done ms=38412 result=Sat assumptions=0 phase_lits=2397
c 00h02m15s | stage:decode:start
c 00h02m15s | stage:decode:done int_assignments=480
c 00h02m15s | result:Sat
c 00h02m15s | objective:incumbent kind=improvement value=14 rounds=3 improvements=2
o 14
c 00h02m15s | stage:objective-cut:add timing=incremental-hard backend=cnf form=direct-expr clauses_added=20392
c 00h02m15s | stage:sat:init solver=CaDiCaL vars=17459 clauses=124328
c 00h02m15s | stage:sat:solve:start assumptions=0 phase_lits=2397
c 00h02m36s | stage:sat:solve:done ms=20500 result=Sat assumptions=0 phase_lits=2397
c 00h02m36s | stage:decode:start
c 00h02m36s | stage:decode:done int_assignments=480
c 00h02m36s | result:Sat
c 00h02m36s | objective:incumbent kind=improvement value=13 rounds=4 improvements=3
o 13
c 00h02m36s | stage:objective-cut:add timing=incremental-hard backend=cnf form=direct-expr clauses_added=20377
c 00h02m36s | stage:sat:init solver=CaDiCaL vars=19224 clauses=144705
c 00h02m36s | stage:sat:solve:start assumptions=0 phase_lits=2397
c 00h03m01s | stage:sat:solve:done ms=25129 result=Sat assumptions=0 phase_lits=2397
c 00h03m01s | stage:decode:start
c 00h03m01s | stage:decode:done int_assignments=480
c 00h03m01s | result:Sat
c 00h03m01s | objective:incumbent kind=improvement value=12 rounds=5 improvements=4
o 12
c 00h03m01s | stage:objective-cut:add timing=incremental-hard backend=cnf form=direct-expr clauses_added=20363
c 00h03m01s | stage:sat:init solver=CaDiCaL vars=20989 clauses=165068
c 00h03m01s | stage:sat:solve:start assumptions=0 phase_lits=2397
c 00h03m10s | stage:sat:solve:done ms=9364 result=Sat assumptions=0 phase_lits=2397
c 00h03m10s | stage:decode:start
c 00h03m10s | stage:decode:done int_assignments=480
c 00h03m10s | result:Sat
c 00h03m10s | objective:incumbent kind=improvement value=11 rounds=6 improvements=5
o 11
c 00h03m10s | stage:objective-cut:add timing=incremental-hard backend=cnf form=direct-expr clauses_added=20350
c 00h03m10s | stage:sat:init solver=CaDiCaL vars=22754 clauses=185418
c 00h03m10s | stage:sat:solve:start assumptions=0 phase_lits=2397
c 00h03m41s | stage:sat:solve:done ms=30580 result=Sat assumptions=0 phase_lits=2397
c 00h03m41s | stage:decode:start
c 00h03m41s | stage:decode:done int_assignments=480
c 00h03m41s | result:Sat
c 00h03m41s | objective:incumbent kind=improvement value=10 rounds=7 improvements=6
o 10
c 00h03m41s | stage:objective-cut:add timing=incremental-hard backend=cnf form=direct-expr clauses_added=20338
c 00h03m41s | stage:sat:init solver=CaDiCaL vars=24519 clauses=205756
c 00h03m41s | stage:sat:solve:start assumptions=0 phase_lits=2397
c 00h06m05s | stage:sat:solve:done ms=144639 result=Sat assumptions=0 phase_lits=2397
c 00h06m05s | stage:decode:start
c 00h06m05s | stage:decode:done int_assignments=480
c 00h06m05s | result:Sat
c 00h06m05s | objective:incumbent kind=improvement value=9 rounds=8 improvements=7
o 9
c 00h06m06s | stage:objective-cut:add timing=incremental-hard backend=cnf form=direct-expr clauses_added=20327
c 00h06m06s | stage:sat:init solver=CaDiCaL vars=26284 clauses=226083
c 00h06m06s | stage:sat:solve:start assumptions=0 phase_lits=2397
c 00h08m52s | stage:sat:solve:done ms=166704 result=Sat assumptions=0 phase_lits=2397
c 00h08m52s | stage:decode:start
c 00h08m52s | stage:decode:done int_assignments=480
c 00h08m52s | result:Sat
c 00h08m52s | objective:incumbent kind=improvement value=8 rounds=9 improvements=8
o 8
c 00h08m52s | stage:objective-cut:add timing=incremental-hard backend=cnf form=direct-expr clauses_added=20317
c 00h08m52s | stage:sat:init solver=CaDiCaL vars=28049 clauses=246400
c 00h08m52s | stage:sat:solve:start assumptions=0 phase_lits=2397
c 00h09m15s | stage:sat:solve:done ms=22271 result=Sat assumptions=0 phase_lits=2397
c 00h09m15s | stage:decode:start
c 00h09m15s | stage:decode:done int_assignments=480
c 00h09m15s | result:Sat
c 00h09m15s | objective:incumbent kind=improvement value=7 rounds=10 improvements=9
o 7
c 00h09m15s | stage:objective-cut:add timing=incremental-hard backend=cnf form=direct-expr clauses_added=20308
c 00h09m15s | stage:sat:init solver=CaDiCaL vars=29814 clauses=266708
c 00h09m15s | stage:sat:solve:start assumptions=0 phase_lits=2397
c 00h11m59s | stage:sat:solve:done ms=164420 result=Sat assumptions=0 phase_lits=2397
c 00h11m59s | stage:decode:start
c 00h11m59s | stage:decode:done int_assignments=480
c 00h11m59s | result:Sat
c 00h11m59s | objective:incumbent kind=improvement value=6 rounds=11 improvements=10
o 6
c 00h11m59s | stage:objective-cut:add timing=incremental-hard backend=cnf form=direct-expr clauses_added=20300
c 00h11m59s | stage:sat:init solver=CaDiCaL vars=31579 clauses=287008
c 00h11m59s | stage:sat:solve:start assumptions=0 phase_lits=2397
c 00h12m06s | stage:sat:solve:done ms=7143 result=Sat assumptions=0 phase_lits=2397
c 00h12m06s | stage:decode:start
c 00h12m06s | stage:decode:done int_assignments=480
c 00h12m06s | result:Sat
c 00h12m06s | objective:incumbent kind=improvement value=5 rounds=12 improvements=11
o 5
c 00h12m06s | stage:objective-cut:add timing=incremental-hard backend=cnf form=direct-expr clauses_added=20293
c 00h12m06s | stage:sat:init solver=CaDiCaL vars=33344 clauses=307301
c 00h12m06s | stage:sat:solve:start assumptions=0 phase_lits=2397
c 00h13m44s | stage:sat:solve:done ms=97495 result=Sat assumptions=0 phase_lits=2397
c 00h13m44s | stage:decode:start
c 00h13m44s | stage:decode:done int_assignments=480
c 00h13m44s | result:Sat
c 00h13m44s | objective:incumbent kind=improvement value=4 rounds=13 improvements=12
o 4
c 00h13m44s | stage:objective-cut:add timing=incremental-hard backend=cnf form=direct-expr clauses_added=20287
c 00h13m44s | stage:sat:init solver=CaDiCaL vars=35109 clauses=327588
c 00h13m44s | stage:sat:solve:start assumptions=0 phase_lits=2397
c 00h13m44s | stage:sat:solve:done ms=47 result=Unsat assumptions=0 phase_lits=2397
c 00h13m44s | result:Unsat
s OPTIMUM FOUND
o 4
v <instantiation>
v   <list> x[0][0] x[0][1] x[0][2] x[0][3] x[0][4] x[0][5] x[1][0] x[1][1] x[1][2] x[1][3] x[1][4] x[1][5] x[2][0] x[2][1] x[2][2] x[2][3] x[2][4] x[2][5] x[3][0] x[3][1] x[3][2] x[3][3] x[3][4] x[3][5] x[4][0] x[4][1] x[4][2] x[4][3] x[4][4] x[4][5] x[5][0] x[5][1] x[5][2] x[5][3] x[5][4] x[5][5] x[6][0] x[6][1] x[6][2] x[6][3] x[6][4] x[6][5] x[7][0] x[7][1] x[7][2] x[7][3] x[7][4] x[7][5] x[8][0] x[8][1] x[8][2] x[8][3] x[8][4] x[8][5] x[9][0] x[9][1] x[9][2] x[9][3] x[9][4] x[9][5] x[10][0] x[10][1] x[10][2] x[10][3] x[10][4] x[10][5] x[11][0] x[11][1] x[11][2] x[11][3] x[11][4] x[11][5] x[12][0] x[12][1] x[12][2] x[12][3] x[12][4] x[12][5] x[13][0] x[13][1] x[13][2] x[13][3] x[13][4] x[13][5] x[14][0] x[14][1] x[14][2] x[14][3] x[14][4] x[14][5] x[15][0] x[15][1] x[15][2] x[15][3] x[15][4] x[15][5] x[16][0] x[16][1] x[16][2] x[16][3] x[16][4] x[16][5] x[17][0] x[17][1] x[17][2] x[17][3] x[17][4] x[17][5] x[18][0] x[18][1] x[18][2] x[18][3] x[18][4] x[18][5] x[19][0] x[19][1] x[19][2] x[19][3] x[19][4] x[19][5] x[20][0] x[20][1] x[20][2] x[20][3] x[20][4] x[20][5] x[21][0] x[21][1] x[21][2] x[21][3] x[21][4] x[21][5] x[22][0] x[22][1] x[22][2] x[22][3] x[22][4] x[22][5] x[23][0] x[23][1] x[23][2] x[23][3] x[23][4] x[23][5] x[24][0] x[24][1] x[24][2] x[24][3] x[24][4] x[24][5] x[25][0] x[25][1] x[25][2] x[25][3] x[25][4] x[25][5] x[26][0] x[26][1] x[26][2] x[26][3] x[26][4] x[26][5] x[27][0] x[27][1] x[27][2] x[27][3] x[27][4] x[27][5] x[28][0] x[28][1] x[28][2] x[28][3] x[28][4] x[28][5] x[29][0] x[29][1] x[29][2] x[29][3] x[29][4] x[29][5] x[30][0] x[30][1] x[30][2] x[30][3] x[30][4] x[30][5] x[31][0] x[31][1] x[31][2] x[31][3] x[31][4] x[31][5] x[32][0] x[32][1] x[32][2] x[32][3] x[32][4] x[32][5] x[33][0] x[33][1] x[33][2] x[33][3] x[33][4] x[33][5] x[34][0] x[34][1] x[34][2] x[34][3] x[34][4] x[34][5] x[35][0] x[35][1] x[35][2] x[35][3] x[35][4] x[35][5] x[36][0] x[36][1] x[36][2] x[36][3] x[36][4] x[36][5] x[37][0] x[37][1] x[37][2] x[37][3] x[37][4] x[37][5] x[38][0] x[38][1] x[38][2] x[38][3] x[38][4] x[38][5] x[39][0] x[39][1] x[39][2] x[39][3] x[39][4] x[39][5] y[0][0] y[0][1] y[0][2] y[0][3] y[0][4] y[0][5] y[1][0] y[1][1] y[1][2] y[1][3] y[1][4] y[1][5] y[2][0] y[2][1] y[2][2] y[2][3] y[2][4] y[2][5] y[3][0] y[3][1] y[3][2] y[3][3] y[3][4] y[3][5] y[4][0] y[4][1] y[4][2] y[4][3] y[4][4] y[4][5] y[5][0] y[5][1] y[5][2] y[5][3] y[5][4] y[5][5] y[6][0] y[6][1] y[6][2] y[6][3] y[6][4] y[6][5] y[7][0] y[7][1] y[7][2] y[7][3] y[7][4] y[7][5] y[8][0] y[8][1] y[8][2] y[8][3] y[8][4] y[8][5] y[9][0] y[9][1] y[9][2] y[9][3] y[9][4] y[9][5] y[10][0] y[10][1] y[10][2] y[10][3] y[10][4] y[10][5] y[11][0] y[11][1] y[11][2] y[11][3] y[11][4] y[11][5] y[12][0] y[12][1] y[12][2] y[12][3] y[12][4] y[12][5] y[13][0] y[13][1] y[13][2] y[13][3] y[13][4] y[13][5] y[14][0] y[14][1] y[14][2] y[14][3] y[14][4] y[14][5] y[15][0] y[15][1] y[15][2] y[15][3] y[15][4] y[15][5] y[16][0] y[16][1] y[16][2] y[16][3] y[16][4] y[16][5] y[17][0] y[17][1] y[17][2] y[17][3] y[17][4] y[17][5] y[18][0] y[18][1] y[18][2] y[18][3] y[18][4] y[18][5] y[19][0] y[19][1] y[19][2] y[19][3] y[19][4] y[19][5] y[20][0] y[20][1] y[20][2] y[20][3] y[20][4] y[20][5] y[21][0] y[21][1] y[21][2] y[21][3] y[21][4] y[21][5] y[22][0] y[22][1] y[22][2] y[22][3] y[22][4] y[22][5] y[23][0] y[23][1] y[23][2] y[23][3] y[23][4] y[23][5] y[24][0] y[24][1] y[24][2] y[24][3] y[24][4] y[24][5] y[25][0] y[25][1] y[25][2] y[25][3] y[25][4] y[25][5] y[26][0] y[26][1] y[26][2] y[26][3] y[26][4] y[26][5] y[27][0] y[27][1] y[27][2] y[27][3] y[27][4] y[27][5] y[28][0] y[28][1] y[28][2] y[28][3] y[28][4] y[28][5] y[29][0] y[29][1] y[29][2] y[29][3] y[29][4] y[29][5] y[30][0] y[30][1] y[30][2] y[30][3] y[30][4] y[30][5] y[31][0] y[31][1] y[31][2] y[31][3] y[31][4] y[31][5] y[32][0] y[32][1] y[32][2] y[32][3] y[32][4] y[32][5] y[33][0] y[33][1] y[33][2] y[33][3] y[33][4] y[33][5] y[34][0] y[34][1] y[34][2] y[34][3] y[34][4] y[34][5] y[35][0] y[35][1] y[35][2] y[35][3] y[35][4] y[35][5] y[36][0] y[36][1] y[36][2] y[36][3] y[36][4] y[36][5] y[37][0] y[37][1] y[37][2] y[37][3] y[37][4] y[37][5] y[38][0] y[38][1] y[38][2] y[38][3] y[38][4] y[38][5] y[39][0] y[39][1] y[39][2] y[39][3] y[39][4] y[39][5] </list>
v   <values> 3 5 6 7 0 0 1 2 3 4 6 7 5 6 7 7 0 0 3 5 7 0 0 0 3 5 7 0 0 0 0 1 0 0 0 0 1 5 7 0 0 0 2 0 0 0 0 0 1 6 7 0 0 0 0 2 0 0 0 0 6 7 0 0 0 0 4 0 0 0 0 0 3 0 0 0 0 0 4 0 0 0 0 0 5 7 0 0 0 0 2 0 0 0 0 0 1 0 0 0 0 0 0 2 4 7 0 0 0 1 0 0 0 0 0 2 3 5 7 0 3 0 0 0 0 0 4 0 0 0 0 0 1 2 5 7 0 0 4 6 7 0 0 0 3 0 0 0 0 0 0 0 0 0 0 0 3 6 7 0 0 0 5 7 0 0 0 0 6 7 0 0 0 0 2 0 0 0 0 0 0 4 6 7 0 0 3 0 0 0 0 0 1 0 0 0 0 0 4 6 7 0 0 0 4 0 0 0 0 0 2 0 0 0 0 0 0 1 2 0 0 0 0 1 0 0 0 0 5 7 0 0 0 0 0 4 0 0 0 0 4 4 6 0 0 0 4 4 4 5 6 0 6 6 0 0 0 0 3 6 0 0 0 0 4 5 0 0 0 0 3 3 0 0 0 0 4 6 0 0 0 0 4 0 0 0 0 0 4 6 0 0 0 0 3 4 0 0 0 0 6 0 0 0 0 0 5 0 0 0 0 0 3 0 0 0 0 0 5 0 0 0 0 0 6 0 0 0 0 0 4 0 0 0 0 0 3 0 0 0 0 0 3 4 5 0 0 0 3 4 0 0 0 0 3 4 4 5 0 0 4 0 0 0 0 0 5 0 0 0 0 0 4 4 6 0 0 0 5 6 0 0 0 0 4 0 0 0 0 0 3 0 0 0 0 0 4 6 0 0 0 0 6 0 0 0 0 0 6 0 0 0 0 0 4 0 0 0 0 0 3 4 6 0 0 0 3 0 0 0 0 0 4 0 0 0 0 0 5 4 0 0 0 0 5 0 0 0 0 0 4 0 0 0 0 0 3 4 4 0 0 0 3 3 0 0 0 0 6 0 0 0 0 0 3 5 0 0 0 0 </values>
v </instantiation>
d OBJECTIVE_VALUE 4
d OPTIMAL 1
d SOURCE_CONSTRAINTS 184
d NORMALIZED_CONSTRAINTS 184
d LOWERED_CONSTRAINTS 184
d UNSUPPORTED_CONSTRAINTS 0
d CIRCUIT_CEGAR_FAILURES 0
d CIRCUIT_CEGAR_ROUNDS 0
d CIRCUIT_CEGAR_ADDED_CLAUSES 0
d CUMULATIVE_CEGAR_FAILURES 0
d CUMULATIVE_CEGAR_ROUNDS 0
d CUMULATIVE_CEGAR_ADDED_CLAUSES 0
d COP_CEGAR_FAILURES 0
d COP_CEGAR_ROUNDS 0
d COP_CEGAR_ADDED_CLAUSES 0
d OBJECTIVE_CUT_TIMING incremental-hard
d OBJECTIVE_CUT_BACKEND cnf
d OBJECTIVE_CUT_FORM direct-expr
d OBJECTIVE_CUT_EAGER_CLAUSES_ADDED 264680
d OBJECTIVE_RELAXATION_CLAUSES_ADDED 0
d OBJECTIVE_ROUNDS 14
d OBJECTIVE_IMPROVEMENTS 12
d OBJECTIVE_OPTIMALITY_PROOF strict_cut_unsat
d PROPAGATE_MS 1
d NORMALIZE_MS 0
d LOWER_MS 6
d POST_LOWER_MS 0
d PREENCODE_MS 7
d ENCODE_MS 25
d SAT_SOLVE_MS 823672
d TOTAL_MS 824341
d SAT_VARS 35109
d SAT_CLAUSES_BASE 327588
d SAT_CLAUSES_FINAL 327588
d SAT_CLAUSES_CEGAR_DELTA 0
d SAT_CONFLICTS 4764443
d LINEAR_INT_EQ_ARITY_STATS {"1":{"count":720,"max_domain_product_excluding_one_var":"1","p95_domain_product_excluding_one_var":"1"},"2":{"count":10,"max_domain_product_excluding_one_var":"3","p95_domain_product_excluding_one_var":"3"},"3":{"count":8,"max_domain_product_excluding_one_var":"25","p95_domain_product_excluding_one_var":"25"},"4":{"count":5,"max_domain_product_excluding_one_var":"125","p95_domain_product_excluding_one_var":"125"},"5":{"count":1,"max_domain_product_excluding_one_var":"625","p95_domain_product_excluding_one_var":"625"},"6":{"count":1,"max_domain_product_excluding_one_var":"3125","p95_domain_product_excluding_one_var":"3125"}}
d LINEAR_INT_NE_ARITY_STATS {"1":{"count":62,"max_domain_product_excluding_one_var":"1","p95_domain_product_excluding_one_var":"1"},"2":{"count":6,"max_domain_product_excluding_one_var":"8","p95_domain_product_excluding_one_var":"8"}}
d LINEAR_INT_GE_ARITY_STATS {"2":{"count":61,"max_domain_product_excluding_one_var":"8","p95_domain_product_excluding_one_var":"7"}}
d LINEAR_BOOL_MIXED_ARITY_STATS {"90":{"count":16,"max_domain_product_excluding_one_var":"618970019642690137449562112","p95_domain_product_excluding_one_var":"618970019642690137449562112"}}
d ROOT_LP_ENTERED 0
d ROOT_LP_STATUS skipped
d ROOT_LP_MS 0
d ROOT_LP_REASON root_lp_disabled
d OBJECTIVE_CUT_TIMING incremental-hard
d OBJECTIVE_CUT_BACKEND cnf
d OBJECTIVE_CUT_FORM direct-expr
d OBJECTIVE_CUT_EAGER_CLAUSES_ADDED 264680
d PROPAGATE_PRUNED_VALUES 110
d PROPAGATE_CHANGED_DOMAINS 33
d PROPAGATE_ENTAILED_TABLES 15
d POST_LOWER_ROUNDS 92
d POST_LOWER_TIGHTENED_DOMAINS 70
d POST_LOWER_REMOVED_CLAUSES 151
d POST_LOWER_REMOVED_LITS 139
d POST_LOWER_DETECTED_UNSAT 0
d PREENCODE_INT_VARS 1220
d ENCODE_EXTERNAL_GE_SPECS 0
d ENCODE_RELAXED_CIRCUITS 0
d MEMORY_RSS_BYTES 7782400
d MEMORY_RSS_AFTER_PROPAGATE_BYTES 2949120
d MEMORY_RSS_AFTER_LOWER_BYTES 3489792
d MEMORY_RSS_AFTER_POST_LOWER_BYTES 3489792
d MEMORY_RSS_BEFORE_PREENCODE_BYTES 3760128
d MEMORY_RSS_AFTER_PREENCODE_BYTES 5148672
d MEMORY_RSS_BEFORE_ENCODE_BYTES 5148672
d MEMORY_RSS_ENCODE_SAMPLE_INTERVAL_CLAUSES 1000000
d MEMORY_RSS_ENCODE_SAMPLE_COUNT 10
d MEMORY_RSS_ENCODE_LAST_SAMPLE_CLAUSE 62908
d MEMORY_RSS_ENCODE_LAST_SAMPLE_BYTES 7782400
d MEMORY_RSS_ENCODE_MAX_SAMPLE_BYTES 7782400
d DECODE_INT_ASSIGNMENTS 480
d CSV /bench/competition/2022-2025/COP22to25/RoadefPlaning2-2024-10_c25.xml.lzma,optimum,184,184,184,0,35109,327588,824341,1,0,6,7,25,823672,0,skipped,,,,,,0,,,,,,,,
c run_end_local: 2026-05-27 14:19:21 +0900
