# WCTIME: wall clock time in seconds
WCTIME=12.728
# CPUTIME: CPU time in seconds (USERTIME+SYSTEMTIME)
CPUTIME=12.6416
# USERTIME: CPU time spent in user mode in seconds
USERTIME=12.5087
# SYSTEMTIME: CPU time spent in system mode in seconds
SYSTEMTIME=0.13289
# CPUUSAGE: CPUTIME/WCTIME in percent
CPUUSAGE=99.3208
# MAXVM: maximum virtual memory used in KiB
MAXVM=297656
# MAXMM: maximum memory used in KiB
MAXMM=152400
# MAXRSS: maximum Resident Segment Size in KiB
MAXRSS=152400
# TIMEOUT: did the solver exceed the time limit?
TIMEOUT=false
# MEMOUT: did the solver exceed the memory limit?
MEMOUT=false
# EXITSTATUS: Exit status of the solver
EXITSTATUS=0
