# WCTIME: wall clock time in seconds
WCTIME=1800.57
# CPUTIME: CPU time in seconds (USERTIME+SYSTEMTIME)
CPUTIME=1787.85
# USERTIME: CPU time spent in user mode in seconds
USERTIME=1733.7
# SYSTEMTIME: CPU time spent in system mode in seconds
SYSTEMTIME=54.1471
# CPUUSAGE: CPUTIME/WCTIME in percent
CPUUSAGE=99.2937
# MAXVM: maximum virtual memory used in KiB
MAXVM=25189672
# MAXMM: maximum memory used in KiB
MAXMM=22198576
# MAXRSS: maximum Resident Segment Size in KiB
MAXRSS=22195660
# TIMEOUT: did the solver exceed the time limit?
TIMEOUT=true
# MEMOUT: did the solver exceed the memory limit?
MEMOUT=false
# EXITSTATUS: Exit status of the solver
EXITSTATUS=36608
