# WCTIME: wall clock time in seconds
WCTIME=0.010087
# CPUTIME: CPU time in seconds (USERTIME+SYSTEMTIME)
CPUTIME=0.008344
# USERTIME: CPU time spent in user mode in seconds
USERTIME=0.001459
# SYSTEMTIME: CPU time spent in system mode in seconds
SYSTEMTIME=0.006885
# CPUUSAGE: CPUTIME/WCTIME in percent
CPUUSAGE=82.7205
# MAXVM: maximum virtual memory used in KiB
MAXVM=0
# MAXMM: maximum memory used in KiB
MAXMM=0
# MAXRSS: maximum Resident Segment Size in KiB
MAXRSS=3120
# TIMEOUT: did the solver exceed the time limit?
TIMEOUT=false
# MEMOUT: did the solver exceed the memory limit?
MEMOUT=false
# EXITSTATUS: Exit status of the solver
EXITSTATUS=512
