c cmd: /host-parser-bin/kat_xcsp_4415b637_dirty_incsoftfix /bench/competition/2022-2025/COP22to25/EchelonStock2-A05_c22.xml.lzma --encoder portfolio --portfolio-strategy v3 --cop-pipeline guarded-basic --cop-objective-cut direct-expr --cop-objective-cut-timing incremental-soft --cop-objective-cut-backend cnf --table-encoding mdd-tl --cumulative-mode exact --cumulative-decomposition time-rd --progress --log-scop-linear-pb-backend auto --log-scop-bdd-decomposition auto --log-scop-aggregate-weighted-lits --order-ge-shorten-link-cost --direct-eq-ne-max-arity 2 --eq-ne-encoding direct --portfolio-log-scop-eq-ne-encoding ge-rewrite --cop-objective-phase auto --cop-objective-search trisection --cop-objective-search-fallback-budget 180
c version: kat-cli=0.1.0 git=unknown-clean
c run_start_local: 2026-06-17 02:47:54 +0900
c 00h00m00s | solve:start
c 00h00m00s | stage:objective-cut timing=incremental-soft backend=cnf form=direct-expr
c 00h00m00s | input: constraints=213
c 00h00m00s | stage:propagate:start
c 00h00m00s | stage:propagate:done ms=0 pruned=27 changed_domains=5 entailed_tables=0
c 00h00m00s | memory:rss checkpoint=after_propagate bytes=5324800 rss=5.08MiB
c 00h00m00s | stage:normalize:start
c 00h00m00s | stage:normalize:done ms=0 high_constraints=213
c 00h00m00s | stage:lower:start
c 00h00m00s | stage:lower:progress percent=10 processed=22 total=213 lowered=22 unsupported=0 ms=0
c 00h00m00s | stage:lower:progress percent=20 processed=43 total=213 lowered=43 unsupported=0 ms=0
c 00h00m00s | stage:lower:progress percent=30 processed=64 total=213 lowered=64 unsupported=0 ms=0
c 00h00m00s | stage:lower:progress percent=40 processed=86 total=213 lowered=86 unsupported=0 ms=0
c 00h00m00s | stage:lower:progress percent=50 processed=107 total=213 lowered=107 unsupported=0 ms=0
c 00h00m00s | stage:lower:progress percent=60 processed=128 total=213 lowered=128 unsupported=0 ms=0
c 00h00m00s | stage:lower:progress percent=70 processed=150 total=213 lowered=150 unsupported=0 ms=1
c 00h00m00s | stage:lower:progress percent=80 processed=171 total=213 lowered=171 unsupported=0 ms=1
c 00h00m00s | stage:lower:progress percent=90 processed=192 total=213 lowered=192 unsupported=0 ms=1
c 00h00m00s | stage:lower:progress percent=100 processed=213 total=213 lowered=213 unsupported=0 ms=1
c 00h00m00s | stage:lower:done ms=1 lowered=213 unsupported=0
c 00h00m00s | memory:rss checkpoint=after_lower bytes=5324800 rss=5.08MiB
c 00h00m00s | stage:post_lower:start
c 00h00m00s | stage:post_lower:done ms=1 rounds=6 tightened=8 removed_cls=3 removed_lits=0 unsat=false precise_hits=219 precise_rounds=1 pivot_recomputes=109 pivot_exact_attempts=109 pivot_general_attempts=105 pivot_general_rest_missing=0 pivot_general_bound_missing=0 pivot_general_no_change=103 pivot_general_tightened=2 setup_ms=0 loop_ms=0 pivot_ms=0 pivot_version_ms=0 pivot_exact_ms=0 pivot_general_ms=0 pivot_general_prepare_ms=0 pivot_general_rest_ms=0 pivot_general_derive_ms=0 apply_ms=0 sat_ms=0 precise_ms=0
c 00h00m00s | memory:rss checkpoint=after_post_lower bytes=5595136 rss=5.34MiB
c 00h00m00s | stage:lowered-shape int_vars=144 bool_vars=0 linear_atoms=306 table_atoms=0 table_tuples=0 table_scope=0 alldiff_atoms=0 circuit_atoms=0 product_atoms=0 logical_clauses=210
c 00h00m00s | stage:root-lp:skip reason=disabled ms=0
c 00h00m00s | memory:rss checkpoint=before_preencode bytes=5595136 rss=5.34MiB
c 00h00m00s | stage:preencode(log-scop):start
c 00h00m00s | stage:preencode(log-scop):done ms=0 int_vars=144
c 00h00m00s | memory:rss checkpoint=after_preencode bytes=5595136 rss=5.34MiB
c 00h00m00s | memory:rss checkpoint=before_encode bytes=5595136 rss=5.34MiB
c 00h00m00s | stage:encode(log-scop):start
c 00h00m00s | memory:rss checkpoint=encode_clause_sample stage=log-scop clauses=3775 bytes=8232960 rss=7.85MiB progress_percent=10 processed=36 total=354
c 00h00m00s | stage:encode(log-scop):progress percent=10 processed=36 total=354 sat_clauses=3775 ms=1
c 00h00m00s | memory:rss checkpoint=encode_clause_sample stage=log-scop clauses=14729 bytes=8232960 rss=7.85MiB progress_percent=20 processed=71 total=354
c 00h00m00s | stage:encode(log-scop):progress percent=20 processed=71 total=354 sat_clauses=14729 ms=3
c 00h00m00s | memory:rss checkpoint=encode_clause_sample stage=log-scop clauses=15197 bytes=8232960 rss=7.85MiB progress_percent=30 processed=107 total=354
c 00h00m00s | stage:encode(log-scop):progress percent=30 processed=107 total=354 sat_clauses=15197 ms=3
c 00h00m00s | memory:rss checkpoint=encode_clause_sample stage=log-scop clauses=15756 bytes=8232960 rss=7.85MiB progress_percent=40 processed=142 total=354
c 00h00m00s | stage:encode(log-scop):progress percent=40 processed=142 total=354 sat_clauses=15756 ms=3
c 00h00m00s | memory:rss checkpoint=encode_clause_sample stage=log-scop clauses=25255 bytes=8232960 rss=7.85MiB progress_percent=50 processed=177 total=354
c 00h00m00s | stage:encode(log-scop):progress percent=50 processed=177 total=354 sat_clauses=25255 ms=4
c 00h00m00s | memory:rss checkpoint=encode_clause_sample stage=log-scop clauses=40238 bytes=8499200 rss=8.11MiB progress_percent=60 processed=213 total=354
c 00h00m00s | stage:encode(log-scop):progress percent=60 processed=213 total=354 sat_clauses=40238 ms=7
c 00h00m00s | memory:rss checkpoint=encode_clause_sample stage=log-scop clauses=40238 bytes=8499200 rss=8.11MiB progress_percent=70 processed=248 total=354
c 00h00m00s | stage:encode(log-scop):progress percent=70 processed=248 total=354 sat_clauses=40238 ms=7
c 00h00m00s | memory:rss checkpoint=encode_clause_sample stage=log-scop clauses=40238 bytes=8499200 rss=8.11MiB progress_percent=80 processed=284 total=354
c 00h00m00s | stage:encode(log-scop):progress percent=80 processed=284 total=354 sat_clauses=40238 ms=7
c 00h00m00s | memory:rss checkpoint=encode_clause_sample stage=log-scop clauses=40238 bytes=8499200 rss=8.11MiB progress_percent=90 processed=319 total=354
c 00h00m00s | stage:encode(log-scop):progress percent=90 processed=319 total=354 sat_clauses=40238 ms=7
c 00h00m00s | memory:rss checkpoint=encode_clause_sample stage=log-scop clauses=40238 bytes=8499200 rss=8.11MiB progress_percent=100 processed=354 total=354
c 00h00m00s | stage:encode(log-scop):progress percent=100 processed=354 total=354 sat_clauses=40238 ms=7
c 00h00m00s | stage:encode(log-scop):done ms=19 sat_vars=22296 sat_clauses=40238 ext_ge_specs=0 relaxed_circuits=0 log_scop_pb_constraints=569 log_scop_pb_mixed=0 log_scop_pb_bdd2=569 log_scop_pb_bdd3=0 log_scop_pb_sorter=0 log_scop_pb_dadda=0 log_scop_bdd_raw=569 log_scop_bdd_binary=0 log_scop_bdd_multibase=0
c 00h00m00s | stage:post-encode(log-scop):start sat_vars=22296 sat_clauses=40238 has_relaxations=false external_tables=0
c 00h00m00s | stage:post-encode(log-scop):after-finish-check ms=0
c 00h00m00s | stage:post-encode(log-scop):decode-layout-ready int_symbols=144 ms=0
c 00h00m00s | stage:post-encode(log-scop):cumulative-external-ready has_prop=false ms=0
c 00h00m00s | stage:post-encode(log-scop):log-scop-external-ready has_prop=false ms=0
c 00h00m00s | stage:post-encode(log-scop):external-prop-connected has_prop=false ms=0
c 00h00m00s | stage:post-encode(log-scop):done sat_vars=22296 sat_clauses=40238 ms=0
c 00h00m00s | stage:post-encode(log-scop):reusable-ready mode=SoftCnf sat_vars=22296
c 00h00m00s | stage:objective-external-ge-template(log-scop):start cut=DirectExpr wants_ext_ge=false
c 00h00m00s | stage:objective-external-ge-template(log-scop):done has_template=false ms=2
c 00h00m00s | stage:objective-mode(log-scop):resolved mode=SoftCnf wants_ext_ge=false has_ext_ge_template=false
c 00h00m00s | stage:objective-cut-surface(log-scop):skip mode=SoftCnf cut=DirectExpr has_ext_ge_template=false
c 00h00m00s | stage:objective-cut timing=incremental-soft backend=cnf form=direct-expr
c 00h00m00s | stage:objective-encoder(log-scop):ready mode=SoftCnf soft=true sat_vars=22296
c 00h00m00s | stage:objective-loop:enter encoder=log-scop mode=SoftCnf lower=0 upper=188050 has_incumbent=false soft_active=true
c 00h00m00s | stage:sat:round-entry encoder=log-scop assumptions=0 phase_lits=0 sat_vars=22296 base_clauses=40238
c 00h00m00s | stage:sat:init solver=CaDiCaL vars=22296 clauses=40238
c 00h00m00s | stage:sat:solve:start assumptions=0 phase_lits=0
c 00h00m00s | stage:sat:solve:done ms=32 result=Sat assumptions=0 phase_lits=0
c 00h00m00s | stage:decode:start
c 00h00m00s | stage:decode:done int_assignments=144
c 00h00m00s | result:Sat
c 00h00m00s | objective:incumbent kind=initial value=67100 rounds=1 improvements=0
o 67100
c 00h00m00s | stage:objective-loop:enter encoder=log-scop mode=SoftCnf lower=0 upper=188050 has_incumbent=true soft_active=true
c objective-cut:rss-guard enabled=false
c 00h00m00s | stage:objective-cut:soft-install bound=44733 guard=73927 clauses_added=102774
c 00h00m00s | stage:objective-cut:soft-probe search=trisection [LB,UB] = [0,67099] next 44733 source=install guard=73927
c 00h00m00s | stage:sat:round-entry encoder=log-scop assumptions=1 phase_lits=594 sat_vars=73927 base_clauses=143012
c 00h00m00s | stage:sat:init solver=CaDiCaL vars=73927 clauses=143012
c 00h00m00s | stage:sat:solve:start assumptions=1 phase_lits=594
c 00h03m00s | stage:sat:solve:done ms=180000 result=Unknown assumptions=1 phase_lits=594
c 00h03m00s | result:unknown reason=sat_solver_returned_unknown
c 00h03m00s | result:Unknown
c 00h03m00s | stage:objective-cut:soft-fallback search=trisection reason=budget-exhausted budget_s=180 mode=step incumbent=67100 [LB,UB]=[0,67099]
c 00h03m00s | stage:objective-loop:enter encoder=log-scop mode=SoftCnf lower=0 upper=188050 has_incumbent=true soft_active=true
c objective-cut:rss-guard enabled=false
c 00h03m00s | stage:objective-cut:soft-install bound=67099 guard=138184 clauses_added=127916
c 00h03m00s | stage:objective-cut:soft-probe search=step [LB,UB] = [0,67099] next 67099 source=install guard=138184
c 00h03m00s | stage:sat:round-entry encoder=log-scop assumptions=1 phase_lits=594 sat_vars=138184 base_clauses=270928
c 00h03m00s | stage:sat:init solver=CaDiCaL vars=138184 clauses=270928
c 00h03m00s | stage:sat:solve:start assumptions=1 phase_lits=594
c 00h03m00s | stage:sat:solve:done ms=56 result=Sat assumptions=1 phase_lits=594
c 00h03m00s | stage:decode:start
c 00h03m00s | stage:decode:done int_assignments=144
c 00h03m00s | result:Sat
c 00h03m00s | objective:incumbent kind=improvement value=65500 rounds=2 improvements=1
o 65500
c 00h03m00s | stage:objective-cut:soft-result search=step bound=67099 result=sat guard=138184 hard=guard [LB,UB] = [0,65499]
c 00h03m00s | stage:objective-loop:enter encoder=log-scop mode=SoftCnf lower=0 upper=188050 has_incumbent=true soft_active=true
c objective-cut:rss-guard enabled=false
c 00h03m00s | stage:objective-cut:soft-install bound=65499 guard=201663 clauses_added=126368
c 00h03m00s | stage:objective-cut:soft-probe search=step [LB,UB] = [0,65499] next 65499 source=install guard=201663
c 00h03m00s | stage:sat:round-entry encoder=log-scop assumptions=1 phase_lits=594 sat_vars=201663 base_clauses=397297
c 00h03m00s | stage:sat:init solver=CaDiCaL vars=201663 clauses=397297
c 00h03m00s | stage:sat:solve:start assumptions=1 phase_lits=594
c 00h03m00s | stage:sat:solve:done ms=124 result=Sat assumptions=1 phase_lits=594
c 00h03m00s | stage:decode:start
c 00h03m00s | stage:decode:done int_assignments=144
c 00h03m00s | result:Sat
c 00h03m00s | objective:incumbent kind=improvement value=60450 rounds=3 improvements=2
o 60450
c 00h03m00s | stage:objective-cut:soft-result search=step bound=65499 result=sat guard=201663 hard=guard [LB,UB] = [0,60449]
c 00h03m00s | stage:objective-loop:enter encoder=log-scop mode=SoftCnf lower=0 upper=188050 has_incumbent=true soft_active=true
c objective-cut:rss-guard enabled=false
c 00h03m00s | stage:objective-cut:soft-install bound=60449 guard=262604 clauses_added=121318
c 00h03m00s | stage:objective-cut:soft-probe search=step [LB,UB] = [0,60449] next 60449 source=install guard=262604
c 00h03m00s | stage:sat:round-entry encoder=log-scop assumptions=1 phase_lits=594 sat_vars=262604 base_clauses=518616
c 00h03m00s | stage:sat:init solver=CaDiCaL vars=262604 clauses=518616
c 00h03m00s | stage:sat:solve:start assumptions=1 phase_lits=594
c 00h03m22s | stage:sat:solve:done ms=21929 result=Sat assumptions=1 phase_lits=594
c 00h03m22s | stage:decode:start
c 00h03m22s | stage:decode:done int_assignments=144
c 00h03m22s | result:Sat
c 00h03m22s | objective:incumbent kind=improvement value=60050 rounds=4 improvements=3
o 60050
c 00h03m22s | stage:objective-cut:soft-result search=step bound=60449 result=sat guard=262604 hard=guard [LB,UB] = [0,60049]
c 00h03m22s | stage:objective-loop:enter encoder=log-scop mode=SoftCnf lower=0 upper=188050 has_incumbent=true soft_active=true
c objective-cut:rss-guard enabled=false
c 00h03m22s | stage:objective-cut:soft-install bound=60049 guard=323335 clauses_added=120900
c 00h03m22s | stage:objective-cut:soft-probe search=step [LB,UB] = [0,60049] next 60049 source=install guard=323335
c 00h03m22s | stage:sat:round-entry encoder=log-scop assumptions=1 phase_lits=594 sat_vars=323335 base_clauses=639517
c 00h03m22s | stage:sat:init solver=CaDiCaL vars=323335 clauses=639517
c 00h03m22s | stage:sat:solve:start assumptions=1 phase_lits=594
c 00h03m23s | stage:sat:solve:done ms=432 result=Sat assumptions=1 phase_lits=594
c 00h03m23s | stage:decode:start
c 00h03m23s | stage:decode:done int_assignments=144
c 00h03m23s | result:Sat
c 00h03m23s | objective:incumbent kind=improvement value=60000 rounds=5 improvements=4
o 60000
c 00h03m23s | stage:objective-cut:soft-result search=step bound=60049 result=sat guard=323335 hard=guard [LB,UB] = [0,59999]
c 00h03m23s | stage:objective-loop:enter encoder=log-scop mode=SoftCnf lower=0 upper=188050 has_incumbent=true soft_active=true
c objective-cut:rss-guard enabled=false
c 00h03m23s | stage:objective-cut:soft-install bound=59999 guard=383944 clauses_added=120655
c 00h03m23s | stage:objective-cut:soft-probe search=step [LB,UB] = [0,59999] next 59999 source=install guard=383944
c 00h03m23s | stage:sat:round-entry encoder=log-scop assumptions=1 phase_lits=594 sat_vars=383944 base_clauses=760173
c 00h03m23s | stage:sat:init solver=CaDiCaL vars=383944 clauses=760173
c 00h03m23s | stage:sat:solve:start assumptions=1 phase_lits=594
c 00h03m23s | stage:sat:solve:done ms=288 result=Sat assumptions=1 phase_lits=594
c 00h03m23s | stage:decode:start
c 00h03m23s | stage:decode:done int_assignments=144
c 00h03m23s | result:Sat
c 00h03m23s | objective:incumbent kind=improvement value=56800 rounds=6 improvements=5
o 56800
c 00h03m23s | stage:objective-cut:soft-result search=step bound=59999 result=sat guard=383944 hard=guard [LB,UB] = [0,56799]
c 00h03m23s | stage:objective-loop:enter encoder=log-scop mode=SoftCnf lower=0 upper=188050 has_incumbent=true soft_active=true
c objective-cut:rss-guard enabled=false
c 00h03m23s | stage:objective-cut:soft-install bound=56799 guard=442813 clauses_added=117191
c 00h03m23s | stage:objective-cut:soft-probe search=step [LB,UB] = [0,56799] next 56799 source=install guard=442813
c 00h03m23s | stage:sat:round-entry encoder=log-scop assumptions=1 phase_lits=594 sat_vars=442813 base_clauses=877365
c 00h03m23s | stage:sat:init solver=CaDiCaL vars=442813 clauses=877365
c 00h03m23s | stage:sat:solve:start assumptions=1 phase_lits=594
c 00h03m24s | stage:sat:solve:done ms=1190 result=Sat assumptions=1 phase_lits=594
c 00h03m24s | stage:decode:start
c 00h03m24s | stage:decode:done int_assignments=144
c 00h03m24s | result:Sat
c 00h03m24s | objective:incumbent kind=improvement value=56250 rounds=7 improvements=6
o 56250
c 00h03m24s | stage:objective-cut:soft-result search=step bound=56799 result=sat guard=442813 hard=guard [LB,UB] = [0,56249]
c 00h03m24s | stage:objective-loop:enter encoder=log-scop mode=SoftCnf lower=0 upper=188050 has_incumbent=true soft_active=true
c objective-cut:rss-guard enabled=false
c 00h03m24s | stage:objective-cut:soft-install bound=56249 guard=501464 clauses_added=116759
c 00h03m24s | stage:objective-cut:soft-probe search=step [LB,UB] = [0,56249] next 56249 source=install guard=501464
c 00h03m24s | stage:sat:round-entry encoder=log-scop assumptions=1 phase_lits=594 sat_vars=501464 base_clauses=994125
c 00h03m24s | stage:sat:init solver=CaDiCaL vars=501464 clauses=994125
c 00h03m24s | stage:sat:solve:start assumptions=1 phase_lits=594
c 00h03m25s | stage:sat:solve:done ms=524 result=Sat assumptions=1 phase_lits=594
c 00h03m25s | stage:decode:start
c 00h03m25s | stage:decode:done int_assignments=144
c 00h03m25s | result:Sat
c 00h03m25s | objective:incumbent kind=improvement value=55250 rounds=8 improvements=7
o 55250
c 00h03m25s | stage:objective-cut:soft-result search=step bound=56249 result=sat guard=501464 hard=guard [LB,UB] = [0,55249]
c 00h03m25s | stage:objective-loop:enter encoder=log-scop mode=SoftCnf lower=0 upper=188050 has_incumbent=true soft_active=true
c objective-cut:rss-guard enabled=false
c 00h03m25s | stage:objective-cut:soft-install bound=55249 guard=559567 clauses_added=115668
c 00h03m25s | stage:objective-cut:soft-probe search=step [LB,UB] = [0,55249] next 55249 source=install guard=559567
c 00h03m25s | stage:sat:round-entry encoder=log-scop assumptions=1 phase_lits=594 sat_vars=559567 base_clauses=1109794
c 00h03m25s | stage:sat:init solver=CaDiCaL vars=559567 clauses=1109794
c 00h03m25s | stage:sat:solve:start assumptions=1 phase_lits=594
c 00h03m27s | stage:sat:solve:done ms=1655 result=Sat assumptions=1 phase_lits=594
c 00h03m27s | stage:decode:start
c 00h03m27s | stage:decode:done int_assignments=144
c 00h03m27s | result:Sat
c 00h03m27s | objective:incumbent kind=improvement value=54100 rounds=9 improvements=8
o 54100
c 00h03m27s | stage:objective-cut:soft-result search=step bound=55249 result=sat guard=559567 hard=guard [LB,UB] = [0,54099]
c 00h03m27s | stage:objective-loop:enter encoder=log-scop mode=SoftCnf lower=0 upper=188050 has_incumbent=true soft_active=true
c objective-cut:rss-guard enabled=false
c 00h03m27s | stage:objective-cut:soft-install bound=54099 guard=616985 clauses_added=114302
c 00h03m27s | stage:objective-cut:soft-probe search=step [LB,UB] = [0,54099] next 54099 source=install guard=616985
c 00h03m27s | stage:sat:round-entry encoder=log-scop assumptions=1 phase_lits=594 sat_vars=616985 base_clauses=1224097
c 00h03m27s | stage:sat:init solver=CaDiCaL vars=616985 clauses=1224097
c 00h03m27s | stage:sat:solve:start assumptions=1 phase_lits=594
c 00h03m28s | stage:sat:solve:done ms=1640 result=Sat assumptions=1 phase_lits=594
c 00h03m28s | stage:decode:start
c 00h03m28s | stage:decode:done int_assignments=144
c 00h03m28s | result:Sat
c 00h03m28s | objective:incumbent kind=improvement value=52450 rounds=10 improvements=9
o 52450
c 00h03m28s | stage:objective-cut:soft-result search=step bound=54099 result=sat guard=616985 hard=guard [LB,UB] = [0,52449]
c 00h03m28s | stage:objective-loop:enter encoder=log-scop mode=SoftCnf lower=0 upper=188050 has_incumbent=true soft_active=true
c objective-cut:rss-guard enabled=false
c 00h03m28s | stage:objective-cut:soft-install bound=52449 guard=673478 clauses_added=112460
c 00h03m28s | stage:objective-cut:soft-probe search=step [LB,UB] = [0,52449] next 52449 source=install guard=673478
c 00h03m28s | stage:sat:round-entry encoder=log-scop assumptions=1 phase_lits=594 sat_vars=673478 base_clauses=1336558
c 00h03m28s | stage:sat:init solver=CaDiCaL vars=673478 clauses=1336558
c 00h03m28s | stage:sat:solve:start assumptions=1 phase_lits=594
c 00h03m29s | stage:sat:solve:done ms=980 result=Sat assumptions=1 phase_lits=594
c 00h03m29s | stage:decode:start
c 00h03m29s | stage:decode:done int_assignments=144
c 00h03m29s | result:Sat
c 00h03m29s | objective:incumbent kind=improvement value=50550 rounds=11 improvements=10
o 50550
c 00h03m29s | stage:objective-cut:soft-result search=step bound=52449 result=sat guard=673478 hard=guard [LB,UB] = [0,50549]
c 00h03m29s | stage:objective-loop:enter encoder=log-scop mode=SoftCnf lower=0 upper=188050 has_incumbent=true soft_active=true
c objective-cut:rss-guard enabled=false
c 00h03m30s | stage:objective-cut:soft-install bound=50549 guard=728786 clauses_added=110099
c 00h03m30s | stage:objective-cut:soft-probe search=step [LB,UB] = [0,50549] next 50549 source=install guard=728786
c 00h03m30s | stage:sat:round-entry encoder=log-scop assumptions=1 phase_lits=594 sat_vars=728786 base_clauses=1446658
c 00h03m30s | stage:sat:init solver=CaDiCaL vars=728786 clauses=1446658
c 00h03m30s | stage:sat:solve:start assumptions=1 phase_lits=594
c 00h03m34s | stage:sat:solve:done ms=4399 result=Sat assumptions=1 phase_lits=594
c 00h03m34s | stage:decode:start
c 00h03m34s | stage:decode:done int_assignments=144
c 00h03m34s | result:Sat
c 00h03m34s | objective:incumbent kind=improvement value=50150 rounds=12 improvements=11
o 50150
c 00h03m34s | stage:objective-cut:soft-result search=step bound=50549 result=sat guard=728786 hard=guard [LB,UB] = [0,50149]
c 00h03m34s | stage:objective-loop:enter encoder=log-scop mode=SoftCnf lower=0 upper=188050 has_incumbent=true soft_active=true
c objective-cut:rss-guard enabled=false
c 00h03m34s | stage:objective-cut:soft-install bound=50149 guard=783848 clauses_added=109609
c 00h03m34s | stage:objective-cut:soft-probe search=step [LB,UB] = [0,50149] next 50149 source=install guard=783848
c 00h03m34s | stage:sat:round-entry encoder=log-scop assumptions=1 phase_lits=594 sat_vars=783848 base_clauses=1556268
c 00h03m34s | stage:sat:init solver=CaDiCaL vars=783848 clauses=1556268
c 00h03m34s | stage:sat:solve:start assumptions=1 phase_lits=594
c 00h03m38s | stage:sat:solve:done ms=3999 result=Sat assumptions=1 phase_lits=594
c 00h03m38s | stage:decode:start
c 00h03m38s | stage:decode:done int_assignments=144
c 00h03m38s | result:Sat
c 00h03m38s | objective:incumbent kind=improvement value=49850 rounds=13 improvements=12
o 49850
c 00h03m38s | stage:objective-cut:soft-result search=step bound=50149 result=sat guard=783848 hard=guard [LB,UB] = [0,49849]
c 00h03m38s | stage:objective-loop:enter encoder=log-scop mode=SoftCnf lower=0 upper=188050 has_incumbent=true soft_active=true
c objective-cut:rss-guard enabled=false
c 00h03m38s | stage:objective-cut:soft-install bound=49849 guard=838777 clauses_added=109345
c 00h03m38s | stage:objective-cut:soft-probe search=step [LB,UB] = [0,49849] next 49849 source=install guard=838777
c 00h03m38s | stage:sat:round-entry encoder=log-scop assumptions=1 phase_lits=594 sat_vars=838777 base_clauses=1665614
c 00h03m38s | stage:sat:init solver=CaDiCaL vars=838777 clauses=1665614
c 00h03m38s | stage:sat:solve:start assumptions=1 phase_lits=594
c 00h03m40s | stage:sat:solve:done ms=1895 result=Sat assumptions=1 phase_lits=594
c 00h03m40s | stage:decode:start
c 00h03m40s | stage:decode:done int_assignments=144
c 00h03m40s | result:Sat
c 00h03m40s | objective:incumbent kind=improvement value=49650 rounds=14 improvements=13
o 49650
c 00h03m40s | stage:objective-cut:soft-result search=step bound=49849 result=sat guard=838777 hard=guard [LB,UB] = [0,49649]
c 00h03m40s | stage:objective-loop:enter encoder=log-scop mode=SoftCnf lower=0 upper=188050 has_incumbent=true soft_active=true
c objective-cut:rss-guard enabled=false
c 00h03m40s | stage:objective-cut:soft-install bound=49649 guard=893601 clauses_added=109136
c 00h03m40s | stage:objective-cut:soft-probe search=step [LB,UB] = [0,49649] next 49649 source=install guard=893601
c 00h03m40s | stage:sat:round-entry encoder=log-scop assumptions=1 phase_lits=594 sat_vars=893601 base_clauses=1774751
c 00h03m40s | stage:sat:init solver=CaDiCaL vars=893601 clauses=1774751
c 00h03m40s | stage:sat:solve:start assumptions=1 phase_lits=594
c 00h03m44s | stage:sat:solve:done ms=3277 result=Sat assumptions=1 phase_lits=594
c 00h03m44s | stage:decode:start
c 00h03m44s | stage:decode:done int_assignments=144
c 00h03m44s | result:Sat
c 00h03m44s | objective:incumbent kind=improvement value=48450 rounds=15 improvements=14
o 48450
c 00h03m44s | stage:objective-cut:soft-result search=step bound=49649 result=sat guard=893601 hard=guard [LB,UB] = [0,48449]
c 00h03m44s | stage:objective-loop:enter encoder=log-scop mode=SoftCnf lower=0 upper=188050 has_incumbent=true soft_active=true
c objective-cut:rss-guard enabled=false
c 00h03m44s | stage:objective-cut:soft-install bound=48449 guard=947680 clauses_added=107652
c 00h03m44s | stage:objective-cut:soft-probe search=step [LB,UB] = [0,48449] next 48449 source=install guard=947680
c 00h03m44s | stage:sat:round-entry encoder=log-scop assumptions=1 phase_lits=594 sat_vars=947680 base_clauses=1882404
c 00h03m44s | stage:sat:init solver=CaDiCaL vars=947680 clauses=1882404
c 00h03m44s | stage:sat:solve:start assumptions=1 phase_lits=594
c 00h03m49s | stage:sat:solve:done ms=5613 result=Sat assumptions=1 phase_lits=594
c 00h03m49s | stage:decode:start
c 00h03m49s | stage:decode:done int_assignments=144
c 00h03m49s | result:Sat
c 00h03m49s | objective:incumbent kind=improvement value=48350 rounds=16 improvements=15
o 48350
c 00h03m49s | stage:objective-cut:soft-result search=step bound=48449 result=sat guard=947680 hard=guard [LB,UB] = [0,48349]
c 00h03m49s | stage:objective-loop:enter encoder=log-scop mode=SoftCnf lower=0 upper=188050 has_incumbent=true soft_active=true
c objective-cut:rss-guard enabled=false
c 00h03m49s | stage:objective-cut:soft-install bound=48349 guard=1001623 clauses_added=107380
c 00h03m50s | stage:objective-cut:soft-probe search=step [LB,UB] = [0,48349] next 48349 source=install guard=1001623
c 00h03m50s | stage:sat:round-entry encoder=log-scop assumptions=1 phase_lits=594 sat_vars=1001623 base_clauses=1989785
c 00h03m50s | stage:sat:init solver=CaDiCaL vars=1001623 clauses=1989785
c 00h03m50s | stage:sat:solve:start assumptions=1 phase_lits=594
c 00h03m52s | stage:sat:solve:done ms=2743 result=Sat assumptions=1 phase_lits=594
c 00h03m52s | stage:decode:start
c 00h03m52s | stage:decode:done int_assignments=144
c 00h03m52s | result:Sat
c 00h03m52s | objective:incumbent kind=improvement value=45450 rounds=17 improvements=16
o 45450
c 00h03m52s | stage:objective-cut:soft-result search=step bound=48349 result=sat guard=1001623 hard=guard [LB,UB] = [0,45449]
c 00h03m52s | stage:objective-loop:enter encoder=log-scop mode=SoftCnf lower=0 upper=188050 has_incumbent=true soft_active=true
c objective-cut:rss-guard enabled=false
c 00h03m52s | stage:objective-cut:soft-install bound=45449 guard=1053778 clauses_added=103819
c 00h03m52s | stage:objective-cut:soft-probe search=step [LB,UB] = [0,45449] next 45449 source=install guard=1053778
c 00h03m52s | stage:sat:round-entry encoder=log-scop assumptions=1 phase_lits=594 sat_vars=1053778 base_clauses=2093605
c 00h03m52s | stage:sat:init solver=CaDiCaL vars=1053778 clauses=2093605
c 00h03m52s | stage:sat:solve:start assumptions=1 phase_lits=594
c 00h04m36s | stage:sat:solve:done ms=43594 result=Sat assumptions=1 phase_lits=594
c 00h04m36s | stage:decode:start
c 00h04m36s | stage:decode:done int_assignments=144
c 00h04m36s | result:Sat
c 00h04m36s | objective:incumbent kind=improvement value=45300 rounds=18 improvements=17
o 45300
c 00h04m36s | stage:objective-cut:soft-result search=step bound=45449 result=sat guard=1053778 hard=guard [LB,UB] = [0,45299]
c 00h04m36s | stage:objective-loop:enter encoder=log-scop mode=SoftCnf lower=0 upper=188050 has_incumbent=true soft_active=true
c objective-cut:rss-guard enabled=false
c 00h04m36s | stage:objective-cut:soft-install bound=45299 guard=1105819 clauses_added=103591
c 00h04m36s | stage:objective-cut:soft-probe search=step [LB,UB] = [0,45299] next 45299 source=install guard=1105819
c 00h04m36s | stage:sat:round-entry encoder=log-scop assumptions=1 phase_lits=594 sat_vars=1105819 base_clauses=2197197
c 00h04m36s | stage:sat:init solver=CaDiCaL vars=1105819 clauses=2197197
c 00h04m36s | stage:sat:solve:start assumptions=1 phase_lits=594
c 00h04m41s | stage:sat:solve:done ms=4473 result=Sat assumptions=1 phase_lits=594
c 00h04m41s | stage:decode:start
c 00h04m41s | stage:decode:done int_assignments=144
c 00h04m41s | result:Sat
c 00h04m41s | objective:incumbent kind=improvement value=44900 rounds=19 improvements=18
o 44900
c 00h04m41s | stage:objective-cut:soft-result search=step bound=45299 result=sat guard=1105819 hard=guard [LB,UB] = [0,44899]
c 00h04m41s | stage:objective-loop:enter encoder=log-scop mode=SoftCnf lower=0 upper=188050 has_incumbent=true soft_active=true
c objective-cut:rss-guard enabled=false
c 00h04m41s | stage:objective-cut:soft-install bound=44899 guard=1157606 clauses_added=103085
c 00h04m41s | stage:objective-cut:soft-probe search=step [LB,UB] = [0,44899] next 44899 source=install guard=1157606
c 00h04m41s | stage:sat:round-entry encoder=log-scop assumptions=1 phase_lits=594 sat_vars=1157606 base_clauses=2300283
c 00h04m41s | stage:sat:init solver=CaDiCaL vars=1157606 clauses=2300283
c 00h04m41s | stage:sat:solve:start assumptions=1 phase_lits=594
c 00h04m44s | stage:sat:solve:done ms=3480 result=Sat assumptions=1 phase_lits=594
c 00h04m44s | stage:decode:start
c 00h04m44s | stage:decode:done int_assignments=144
c 00h04m44s | result:Sat
c 00h04m44s | objective:incumbent kind=improvement value=44700 rounds=20 improvements=19
o 44700
c 00h04m44s | stage:objective-cut:soft-result search=step bound=44899 result=sat guard=1157606 hard=guard [LB,UB] = [0,44699]
c 00h04m44s | stage:objective-loop:enter encoder=log-scop mode=SoftCnf lower=0 upper=188050 has_incumbent=true soft_active=true
c objective-cut:rss-guard enabled=false
c 00h04m44s | stage:objective-cut:soft-install bound=44699 guard=1209237 clauses_added=102774
c 00h04m44s | stage:objective-cut:soft-probe search=step [LB,UB] = [0,44699] next 44699 source=install guard=1209237
c 00h04m44s | stage:sat:round-entry encoder=log-scop assumptions=1 phase_lits=594 sat_vars=1209237 base_clauses=2403058
c 00h04m44s | stage:sat:init solver=CaDiCaL vars=1209237 clauses=2403058
c 00h04m44s | stage:sat:solve:start assumptions=1 phase_lits=594
c 00h04m50s | stage:sat:solve:done ms=5518 result=Sat assumptions=1 phase_lits=594
c 00h04m50s | stage:decode:start
c 00h04m50s | stage:decode:done int_assignments=144
c 00h04m50s | result:Sat
c 00h04m50s | objective:incumbent kind=improvement value=44300 rounds=21 improvements=20
o 44300
c 00h04m50s | stage:objective-cut:soft-result search=step bound=44699 result=sat guard=1209237 hard=guard [LB,UB] = [0,44299]
c 00h04m50s | stage:objective-loop:enter encoder=log-scop mode=SoftCnf lower=0 upper=188050 has_incumbent=true soft_active=true
c objective-cut:rss-guard enabled=false
c 00h04m50s | stage:objective-cut:soft-install bound=44299 guard=1260612 clauses_added=102264
c 00h04m50s | stage:objective-cut:soft-probe search=step [LB,UB] = [0,44299] next 44299 source=install guard=1260612
c 00h04m50s | stage:sat:round-entry encoder=log-scop assumptions=1 phase_lits=594 sat_vars=1260612 base_clauses=2505323
c 00h04m50s | stage:sat:init solver=CaDiCaL vars=1260612 clauses=2505323
c 00h04m50s | stage:sat:solve:start assumptions=1 phase_lits=594
c 00h12m59s | stage:sat:solve:done ms=488694 result=Sat assumptions=1 phase_lits=594
c 00h12m59s | stage:decode:start
c 00h12m59s | stage:decode:done int_assignments=144
c 00h12m59s | result:Sat
c 00h12m59s | objective:incumbent kind=improvement value=44250 rounds=22 improvements=21
o 44250
c 00h12m59s | stage:objective-cut:soft-result search=step bound=44299 result=sat guard=1260612 hard=guard [LB,UB] = [0,44249]
c 00h12m59s | stage:objective-loop:enter encoder=log-scop mode=SoftCnf lower=0 upper=188050 has_incumbent=true soft_active=true
c objective-cut:rss-guard enabled=false
c 00h12m59s | stage:objective-cut:soft-install bound=44249 guard=1311987 clauses_added=102265
c 00h12m59s | stage:objective-cut:soft-probe search=step [LB,UB] = [0,44249] next 44249 source=install guard=1311987
c 00h12m59s | stage:sat:round-entry encoder=log-scop assumptions=1 phase_lits=594 sat_vars=1311987 base_clauses=2607589
c 00h12m59s | stage:sat:init solver=CaDiCaL vars=1311987 clauses=2607589
c 00h12m59s | stage:sat:solve:start assumptions=1 phase_lits=594
c 00h13m33s | stage:sat:solve:done ms=34342 result=Sat assumptions=1 phase_lits=594
c 00h13m33s | stage:decode:start
c 00h13m33s | stage:decode:done int_assignments=144
c 00h13m33s | result:Sat
c 00h13m33s | objective:incumbent kind=improvement value=43450 rounds=23 improvements=22
o 43450
c 00h13m33s | stage:objective-cut:soft-result search=step bound=44249 result=sat guard=1311987 hard=guard [LB,UB] = [0,43449]
c 00h13m33s | stage:objective-loop:enter encoder=log-scop mode=SoftCnf lower=0 upper=188050 has_incumbent=true soft_active=true
c objective-cut:rss-guard enabled=false
c 00h13m33s | stage:objective-cut:soft-install bound=43449 guard=1362831 clauses_added=101207
c 00h13m33s | stage:objective-cut:soft-probe search=step [LB,UB] = [0,43449] next 43449 source=install guard=1362831
c 00h13m33s | stage:sat:round-entry encoder=log-scop assumptions=1 phase_lits=594 sat_vars=1362831 base_clauses=2708797
c 00h13m33s | stage:sat:init solver=CaDiCaL vars=1362831 clauses=2708797
c 00h13m33s | stage:sat:solve:start assumptions=1 phase_lits=594
c 00h18m11s | stage:sat:solve:done ms=277252 result=Sat assumptions=1 phase_lits=594
c 00h18m11s | stage:decode:start
c 00h18m11s | stage:decode:done int_assignments=144
c 00h18m11s | result:Sat
c 00h18m11s | objective:incumbent kind=improvement value=42700 rounds=24 improvements=23
o 42700
c 00h18m11s | stage:objective-cut:soft-result search=step bound=43449 result=sat guard=1362831 hard=guard [LB,UB] = [0,42699]
c 00h18m11s | stage:objective-loop:enter encoder=log-scop mode=SoftCnf lower=0 upper=188050 has_incumbent=true soft_active=true
c objective-cut:rss-guard enabled=false
c 00h18m11s | stage:objective-cut:soft-install bound=42699 guard=1413137 clauses_added=100134
c 00h18m11s | stage:objective-cut:soft-probe search=step [LB,UB] = [0,42699] next 42699 source=install guard=1413137
c 00h18m11s | stage:sat:round-entry encoder=log-scop assumptions=1 phase_lits=594 sat_vars=1413137 base_clauses=2808932
c 00h18m11s | stage:sat:init solver=CaDiCaL vars=1413137 clauses=2808932
c 00h18m11s | stage:sat:solve:start assumptions=1 phase_lits=594
c 00h23m38s | stage:sat:solve:done ms=327292 result=Sat assumptions=1 phase_lits=594
c 00h23m38s | stage:decode:start
c 00h23m38s | stage:decode:done int_assignments=144
c 00h23m38s | result:Sat
c 00h23m38s | objective:incumbent kind=improvement value=42600 rounds=25 improvements=24
o 42600
c 00h23m38s | stage:objective-cut:soft-result search=step bound=42699 result=sat guard=1413137 hard=guard [LB,UB] = [0,42599]
c 00h23m38s | stage:objective-loop:enter encoder=log-scop mode=SoftCnf lower=0 upper=188050 has_incumbent=true soft_active=true
c objective-cut:rss-guard enabled=false
c 00h23m38s | stage:objective-cut:soft-install bound=42599 guard=1463326 clauses_added=99900
c 00h23m38s | stage:objective-cut:soft-probe search=step [LB,UB] = [0,42599] next 42599 source=install guard=1463326
c 00h23m38s | stage:sat:round-entry encoder=log-scop assumptions=1 phase_lits=594 sat_vars=1463326 base_clauses=2908833
c 00h23m38s | stage:sat:init solver=CaDiCaL vars=1463326 clauses=2908833
c 00h23m38s | stage:sat:solve:start assumptions=1 phase_lits=594
c 00h29m49s | stage:sat:solve:done ms=371043 result=Sat assumptions=1 phase_lits=594
c 00h29m49s | stage:decode:start
c 00h29m49s | stage:decode:done int_assignments=144
c 00h29m49s | result:Sat
c 00h29m49s | objective:incumbent kind=improvement value=42350 rounds=26 improvements=25
o 42350
c 00h29m49s | stage:objective-cut:soft-result search=step bound=42599 result=sat guard=1463326 hard=guard [LB,UB] = [0,42349]
c 00h29m49s | stage:objective-loop:enter encoder=log-scop mode=SoftCnf lower=0 upper=188050 has_incumbent=true soft_active=true
c objective-cut:rss-guard enabled=false
c 00h29m49s | stage:objective-cut:soft-install bound=42349 guard=1513355 clauses_added=99582
c 00h29m49s | stage:objective-cut:soft-probe search=step [LB,UB] = [0,42349] next 42349 source=install guard=1513355
c 00h29m49s | stage:sat:round-entry encoder=log-scop assumptions=1 phase_lits=594 sat_vars=1513355 base_clauses=3008416
c 00h29m49s | stage:sat:init solver=CaDiCaL vars=1513355 clauses=3008416
c 00h29m49s | stage:sat:solve:start assumptions=1 phase_lits=594
s SATISFIABLE
o 42350
v <instantiation>
v   <list> x[0][0] x[0][1] x[0][2] x[0][3] x[0][4] x[0][5] x[0][6] x[0][7] x[0][8] x[0][9] x[0][10] x[0][11] x[1][0] x[1][1] x[1][2] x[1][3] x[1][4] x[1][5] x[1][6] x[1][7] x[1][8] x[1][9] x[1][10] x[1][11] x[2][0] x[2][1] x[2][2] x[2][3] x[2][4] x[2][5] x[2][6] x[2][7] x[2][8] x[2][9] x[2][10] x[2][11] x[3][0] x[3][1] x[3][2] x[3][3] x[3][4] x[3][5] x[3][6] x[3][7] x[3][8] x[3][9] x[3][10] x[3][11] x[4][0] x[4][1] x[4][2] x[4][3] x[4][4] x[4][5] x[4][6] x[4][7] x[4][8] x[4][9] x[4][10] x[4][11] x[5][0] x[5][1] x[5][2] x[5][3] x[5][4] x[5][5] x[5][6] x[5][7] x[5][8] x[5][9] x[5][10] x[5][11] y[0][0] y[0][1] y[0][2] y[0][3] y[0][4] y[0][5] y[0][6] y[0][7] y[0][8] y[0][9] y[0][10] y[0][11] y[1][0] y[1][1] y[1][2] y[1][3] y[1][4] y[1][5] y[1][6] y[1][7] y[1][8] y[1][9] y[1][10] y[1][11] y[2][0] y[2][1] y[2][2] y[2][3] y[2][4] y[2][5] y[2][6] y[2][7] y[2][8] y[2][9] y[2][10] y[2][11] y[3][0] y[3][1] y[3][2] y[3][3] y[3][4] y[3][5] y[3][6] y[3][7] y[3][8] y[3][9] y[3][10] y[3][11] y[4][0] y[4][1] y[4][2] y[4][3] y[4][4] y[4][5] y[4][6] y[4][7] y[4][8] y[4][9] y[4][10] y[4][11] y[5][0] y[5][1] y[5][2] y[5][3] y[5][4] y[5][5] y[5][6] y[5][7] y[5][8] y[5][9] y[5][10] y[5][11] </list>
v   <values> 6 0 0 6 0 0 6 0 0 6 0 0 1 6 0 0 4 5 5 5 0 4 0 4 14 0 0 0 6 0 6 0 11 0 0 0 13 0 0 15 0 0 16 0 0 14 0 0 14 0 0 0 6 0 6 0 11 0 0 0 27 0 0 21 0 0 22 0 11 14 0 0 4 2 0 4 2 0 4 2 0 4 2 0 0 2 1 0 0 0 0 3 0 1 0 0 9 8 1 0 1 0 1 0 4 2 1 0 6 0 0 9 5 0 5 0 0 4 4 0 0 0 0 0 0 0 0 0 0 0 0 0 0 0 0 6 0 0 0 0 0 0 0 0 </values>
v </instantiation>
d OBJECTIVE_VALUE 42350
d OPTIMAL 0
d OBJECTIVE_ROUNDS 26
d OBJECTIVE_IMPROVEMENTS 25
d COP_INCUMBENT_ELAPSED_MS 1789754
d SOLVE_ELAPSED_MS 1799964
d CURRENT_STAGE sat
d CURRENT_STAGE_ELAPSED_MS 10087
d LAST_COMPLETED_STAGE decode
d STAGE_PARSE_STATUS pending
d STAGE_PROPAGATE_STATUS done
d STAGE_NORMALIZE_STATUS done
d STAGE_LOWER_STATUS done
d STAGE_POST_LOWER_STATUS done
d STAGE_PREENCODE_STATUS done
d STAGE_ENCODE_STATUS done
d STAGE_SAT_STATUS running
d STAGE_DECODE_STATUS done
d STAGE_RELAXATION_STATUS pending
d STAGE_DUMP_CNF_STATUS pending
d SOURCE_CONSTRAINTS 213
d NORMALIZED_CONSTRAINTS 213
d LOWERED_CONSTRAINTS 213
d UNSUPPORTED_CONSTRAINTS 0
d SAT_VARS 22296
d SAT_CLAUSES_BASE 40238
d SAT_CLAUSES_FINAL 40238
d SAT_CLAUSES_CEGAR_DELTA 0
d MEMORY_RSS_BYTES 8499200
d MEMORY_RSS_AFTER_PROPAGATE_BYTES 5324800
d MEMORY_RSS_AFTER_LOWER_BYTES 5324800
d MEMORY_RSS_AFTER_POST_LOWER_BYTES 5595136
d MEMORY_RSS_BEFORE_PREENCODE_BYTES 5595136
d MEMORY_RSS_AFTER_PREENCODE_BYTES 5595136
d MEMORY_RSS_BEFORE_ENCODE_BYTES 5595136
d MEMORY_RSS_ENCODE_SAMPLE_INTERVAL_CLAUSES 1000000
d MEMORY_RSS_ENCODE_SAMPLE_COUNT 10
d MEMORY_RSS_ENCODE_LAST_SAMPLE_CLAUSE 40238
d MEMORY_RSS_ENCODE_LAST_SAMPLE_BYTES 8499200
d MEMORY_RSS_ENCODE_MAX_SAMPLE_BYTES 8499200
d CSP_INT_VARS 144
d CSP_CONSTRAINTS 213
d CSP_INTENTIONAL 120
d CSP_GLOBAL 93
d CSP_EXTENSIONAL 0
d CSP_ALLDIFF 0
d CSP_CUMULATIVE 0
d CSP_TABLE 0
d CSP_DOMAIN_SPAN_MEDIAN 12
d CSP_DOMAIN_SPAN_MAX 95
d N_CUMULATIVE 0
d N_TABLE 0
d SAT_CONFLICTS 831982
d LINEAR_INT_EQ_ARITY_STATS {"1":{"count":135,"max_domain_product_excluding_one_var":"1","p95_domain_product_excluding_one_var":"1"},"2":{"count":6,"max_domain_product_excluding_one_var":"12","p95_domain_product_excluding_one_var":"12"},"3":{"count":37,"max_domain_product_excluding_one_var":"399","p95_domain_product_excluding_one_var":"323"},"4":{"count":16,"max_domain_product_excluding_one_var":"101376","p95_domain_product_excluding_one_var":"101376"},"5":{"count":25,"max_domain_product_excluding_one_var":"9408960","p95_domain_product_excluding_one_var":"6809184"},"6":{"count":3,"max_domain_product_excluding_one_var":"10395","p95_domain_product_excluding_one_var":"10395"},"7":{"count":3,"max_domain_product_excluding_one_var":"135135","p95_domain_product_excluding_one_var":"135135"},"8":{"count":3,"max_domain_product_excluding_one_var":"1756755","p95_domain_product_excluding_one_var":"1756755"},"9":{"count":3,"max_domain_product_excluding_one_var":"22837815","p95_domain_product_excluding_one_var":"22837815"},"10":{"count":3,"max_domain_product_excluding_one_var":"296891595","p95_domain_product_excluding_one_var":"296891595"},"11":{"count":3,"max_domain_product_excluding_one_var":"5036784480","p95_domain_product_excluding_one_var":"5036784480"},"12":{"count":9,"max_domain_product_excluding_one_var":"185532132095557632","p95_domain_product_excluding_one_var":"185532132095557632"}}
d LINEAR_INT_NE_ARITY_STATS {}
d LINEAR_INT_GE_ARITY_STATS {"1":{"count":60,"max_domain_product_excluding_one_var":"1","p95_domain_product_excluding_one_var":"1"}}
d LINEAR_BOOL_MIXED_ARITY_STATS {}
d ROOT_LP_ENTERED 0
d ROOT_LP_STATUS skipped
d ROOT_LP_MS 0
d ROOT_LP_REASON root_lp_disabled
d OBJECTIVE_CUT_TIMING incremental-soft
d OBJECTIVE_CUT_BACKEND cnf
d OBJECTIVE_CUT_FORM direct-expr
d PROPAGATE_PRUNED_VALUES 27
d PROPAGATE_CHANGED_DOMAINS 5
d PROPAGATE_ENTAILED_TABLES 0
d POST_LOWER_ROUNDS 6
d POST_LOWER_TIGHTENED_DOMAINS 8
d POST_LOWER_REMOVED_CLAUSES 3
d POST_LOWER_REMOVED_LITS 0
d POST_LOWER_DETECTED_UNSAT 0
d PREENCODE_INT_VARS 144
d ENCODE_EXTERNAL_GE_SPECS 0
d ENCODE_RELAXED_CIRCUITS 0
d LOG_SCOP_LINEAR_PB_CONSTRAINTS 569
d LOG_SCOP_LINEAR_PB_MIXED_DISPATCH_CONSTRAINTS 0
d LOG_SCOP_LINEAR_PB_MIXED_ATTEMPT_BDD 0
d LOG_SCOP_LINEAR_PB_MIXED_ATTEMPT_SORTER 0
d LOG_SCOP_LINEAR_PB_MIXED_ATTEMPT_DADDA 0
d LOG_SCOP_LINEAR_PB_MIXED_REJECT_BDD_BUDGET 0
d LOG_SCOP_LINEAR_PB_MIXED_REJECT_SORTER_BUDGET 0
d LOG_SCOP_LINEAR_PB_MIXED_FALLBACK_BDD_TO_SORTER 0
d LOG_SCOP_LINEAR_PB_MIXED_FALLBACK_BDD_TO_DADDA 0
d LOG_SCOP_LINEAR_PB_MIXED_FALLBACK_SORTER_TO_BDD 0
d LOG_SCOP_LINEAR_PB_MIXED_FALLBACK_SORTER_TO_DADDA 0
d LOG_SCOP_LINEAR_PB_BACKEND_BDD2 569
d LOG_SCOP_LINEAR_PB_BACKEND_BDD3 0
d LOG_SCOP_LINEAR_PB_BACKEND_SORTER 0
d LOG_SCOP_LINEAR_PB_BACKEND_DADDA 0
d LOG_SCOP_LINEAR_PB_BDD_DECOMPOSITION_RAW 569
d LOG_SCOP_LINEAR_PB_BDD_DECOMPOSITION_BINARY 0
d LOG_SCOP_LINEAR_PB_BDD_DECOMPOSITION_MULTIBASE 0
d MEMORY_RSS_BYTES 8499200
d MEMORY_RSS_AFTER_PROPAGATE_BYTES 5324800
d MEMORY_RSS_AFTER_LOWER_BYTES 5324800
d MEMORY_RSS_AFTER_POST_LOWER_BYTES 5595136
d MEMORY_RSS_BEFORE_PREENCODE_BYTES 5595136
d MEMORY_RSS_AFTER_PREENCODE_BYTES 5595136
d MEMORY_RSS_BEFORE_ENCODE_BYTES 5595136
d MEMORY_RSS_ENCODE_SAMPLE_INTERVAL_CLAUSES 1000000
d MEMORY_RSS_ENCODE_SAMPLE_COUNT 10
d MEMORY_RSS_ENCODE_LAST_SAMPLE_CLAUSE 40238
d MEMORY_RSS_ENCODE_LAST_SAMPLE_BYTES 8499200
d MEMORY_RSS_ENCODE_MAX_SAMPLE_BYTES 8499200
d DECODE_INT_ASSIGNMENTS 144
d CIRCUIT_CEGAR_FAILURES 0
d CIRCUIT_CEGAR_ROUNDS 0
d CIRCUIT_CEGAR_ADDED_CLAUSES 0
d CUMULATIVE_CEGAR_FAILURES 0
d CUMULATIVE_CEGAR_ROUNDS 0
d CUMULATIVE_CEGAR_ADDED_CLAUSES 0
d COP_CEGAR_FAILURES 0
d COP_CEGAR_ROUNDS 0
d COP_CEGAR_ADDED_CLAUSES 0
d CSV /bench/competition/2022-2025/COP22to25/EchelonStock2-A05_c22.xml.lzma,sat,213,213,213,0,22296,40238,1799964,,,,,,,0,skipped,,,,,,0,,,,,,,timeout_signal,incumbent_interrupted_by_signal
signal=15; emitted incumbent csv row
c run_end_local: 2026-06-17 03:17:54 +0900
