c cmd: /host-parser-bin/kat_xcsp_2ccb88e9 /bench/competition/2022-2025/COP22to25/TankAllocation2-2000_c25.xml.lzma --encoder log-scop --log-scop-linear-pb-backend auto --log-scop-bdd-decomposition auto --log-scop-aggregate-weighted-lits --cop-pipeline guarded-basic --cop-objective-cut direct-expr --cop-objective-cut-timing incremental-hard --cop-objective-cut-backend cnf --table-encoding mdd-tl --eq-ne-encoding direct --direct-eq-ne-max-arity 2 --cumulative-mode exact --cumulative-decomposition time-rd --progress
c version: kat-cli=0.1.0 git=unknown-clean
c run_start_local: 2026-05-27 21:55:22 +0900
c 00h00m00s | solve:start
c 00h00m00s | stage:objective-cut timing=incremental-hard backend=cnf form=direct-expr
c 00h00m00s | input: constraints=190
c 00h00m00s | stage:propagate:start
c 00h00m00s | stage:propagate:done ms=693 pruned=1080 changed_domains=90 entailed_tables=2
c 00h00m00s | memory:rss checkpoint=after_propagate bytes=172724224
c 00h00m00s | stage:normalize:start
c 00h00m00s | stage:normalize:done ms=0 high_constraints=190
c 00h00m00s | stage:lower:start
c 00h00m00s | stage:lower:progress percent=10 processed=19 total=190 lowered=19 unsupported=0 ms=0
c 00h00m00s | stage:lower:progress percent=20 processed=38 total=190 lowered=38 unsupported=0 ms=0
c 00h00m00s | stage:lower:progress percent=30 processed=57 total=190 lowered=57 unsupported=0 ms=1
c 00h00m00s | stage:lower:progress percent=40 processed=76 total=190 lowered=76 unsupported=0 ms=1
c 00h00m00s | stage:lower:progress percent=50 processed=95 total=190 lowered=95 unsupported=0 ms=32
c 00h00m00s | stage:lower:progress percent=60 processed=114 total=190 lowered=114 unsupported=0 ms=106
c 00h00m00s | stage:lower:progress percent=70 processed=133 total=190 lowered=133 unsupported=0 ms=106
c 00h00m00s | stage:lower:progress percent=80 processed=152 total=190 lowered=152 unsupported=0 ms=106
c 00h00m00s | stage:lower:progress percent=90 processed=171 total=190 lowered=171 unsupported=0 ms=111
c 00h00m00s | stage:lower:progress percent=100 processed=190 total=190 lowered=190 unsupported=0 ms=116
c 00h00m00s | stage:lower:done ms=117 lowered=190 unsupported=0
c 00h00m00s | memory:rss checkpoint=after_lower bytes=173920256
c 00h00m00s | stage:post_lower:start
c 00h00m00s | stage:post_lower:done ms=1 rounds=0 tightened=0 removed_cls=511 removed_lits=1543 unsat=false precise_hits=35 precise_rounds=1 pivot_recomputes=0 pivot_exact_attempts=0 pivot_general_attempts=0 pivot_general_rest_missing=0 pivot_general_bound_missing=0 pivot_general_no_change=0 pivot_general_tightened=0 setup_ms=0 loop_ms=0 pivot_ms=0 pivot_version_ms=0 pivot_exact_ms=0 pivot_general_ms=0 pivot_general_prepare_ms=0 pivot_general_rest_ms=0 pivot_general_derive_ms=0 apply_ms=0 sat_ms=0 precise_ms=0
c 00h00m00s | memory:rss checkpoint=after_post_lower bytes=173920256
c 00h00m00s | stage:lowered-shape int_vars=275 bool_vars=70 linear_atoms=7279 table_atoms=152 table_tuples=223634 table_scope=262 alldiff_atoms=0 circuit_atoms=0 product_atoms=0 logical_clauses=6901
c 00h00m00s | stage:root-lp:skip reason=disabled ms=0
c 00h00m00s | memory:rss checkpoint=before_preencode bytes=173920256
c 00h00m00s | stage:preencode(log-scop):start
c 00h00m00s | stage:preencode(log-scop):done ms=0 int_vars=275
c 00h00m00s | memory:rss checkpoint=after_preencode bytes=173920256
c 00h00m00s | memory:rss checkpoint=before_encode bytes=173920256
c 00h00m00s | stage:encode(log-scop):start
c 00h00m00s | memory:rss checkpoint=encode_clause_sample stage=log-scop clauses=60171 bytes=174682112 progress_percent=10 processed=691 total=6901
c 00h00m00s | stage:encode(log-scop):progress percent=10 processed=691 total=6901 sat_clauses=60171 ms=19
c 00h00m00s | memory:rss checkpoint=encode_clause_sample stage=log-scop clauses=87856 bytes=174944256 progress_percent=20 processed=1381 total=6901
c 00h00m00s | stage:encode(log-scop):progress percent=20 processed=1381 total=6901 sat_clauses=87856 ms=36
c 00h00m00s | memory:rss checkpoint=encode_clause_sample stage=log-scop clauses=115872 bytes=174944256 progress_percent=30 processed=2071 total=6901
c 00h00m00s | stage:encode(log-scop):progress percent=30 processed=2071 total=6901 sat_clauses=115872 ms=40
c 00h00m00s | memory:rss checkpoint=encode_clause_sample stage=log-scop clauses=147654 bytes=176295936 progress_percent=40 processed=2761 total=6901
c 00h00m00s | stage:encode(log-scop):progress percent=40 processed=2761 total=6901 sat_clauses=147654 ms=57
c 00h00m00s | memory:rss checkpoint=encode_clause_sample stage=log-scop clauses=178219 bytes=176295936 progress_percent=50 processed=3451 total=6901
c 00h00m00s | stage:encode(log-scop):progress percent=50 processed=3451 total=6901 sat_clauses=178219 ms=62
c 00h00m02s | memory:rss checkpoint=encode_clause_sample stage=log-scop clauses=271033 bytes=177098752 progress_percent=60 processed=4141 total=6901
c 00h00m02s | stage:encode(log-scop):progress percent=60 processed=4141 total=6901 sat_clauses=271033 ms=1420
c 00h00m02s | memory:rss checkpoint=encode_clause_sample stage=log-scop clauses=275665 bytes=177098752 progress_percent=70 processed=4831 total=6901
c 00h00m02s | stage:encode(log-scop):progress percent=70 processed=4831 total=6901 sat_clauses=275665 ms=1420
c 00h00m02s | memory:rss checkpoint=encode_clause_sample stage=log-scop clauses=280075 bytes=177098752 progress_percent=80 processed=5521 total=6901
c 00h00m02s | stage:encode(log-scop):progress percent=80 processed=5521 total=6901 sat_clauses=280075 ms=1421
c 00h00m02s | memory:rss checkpoint=encode_clause_sample stage=log-scop clauses=284757 bytes=177098752 progress_percent=90 processed=6211 total=6901
c 00h00m02s | stage:encode(log-scop):progress percent=90 processed=6211 total=6901 sat_clauses=284757 ms=1422
c 00h00m02s | memory:rss checkpoint=encode_clause_sample stage=log-scop clauses=289612 bytes=177098752 progress_percent=100 processed=6901 total=6901
c 00h00m02s | stage:encode(log-scop):progress percent=100 processed=6901 total=6901 sat_clauses=289612 ms=1423
c 00h00m02s | stage:encode(log-scop):done ms=1428 sat_vars=51332 sat_clauses=289612 ext_ge_specs=0 relaxed_circuits=0 log_scop_pb_constraints=5005 log_scop_pb_mixed=0 log_scop_pb_bdd2=5005 log_scop_pb_bdd3=0 log_scop_pb_sorter=0 log_scop_pb_dadda=0 log_scop_bdd_raw=5005 log_scop_bdd_binary=0 log_scop_bdd_multibase=0
c 00h00m02s | stage:objective-cut timing=incremental-hard backend=cnf form=direct-expr
c 00h00m02s | stage:sat:init solver=CaDiCaL vars=51332 clauses=289612
c 00h00m02s | stage:sat:solve:start assumptions=0 phase_lits=0
c 00h02m37s | stage:sat:solve:done ms=155237 result=Sat assumptions=0 phase_lits=0
c 00h02m37s | stage:decode:start
c 00h02m37s | stage:decode:done int_assignments=275
c 00h02m37s | result:Sat
c 00h02m37s | objective:incumbent kind=initial value=0 rounds=1 improvements=0
o 0
s UNKNOWN
c reason: internal_error: log-scop incremental cut is missing base integer code for id=126
d CSV /bench/competition/2022-2025/COP22to25/TankAllocation2-2000_c25.xml.lzma,internal_error,,,,,,,,,,,,,,,,,,,,,,,,,,,,internal_error,log-scop incremental cut is missing base integer code for id=126
c run_end_local: 2026-05-27 21:58:00 +0900
