# WCTIME: wall clock time in seconds
WCTIME=49.8625
# CPUTIME: CPU time in seconds (USERTIME+SYSTEMTIME)
CPUTIME=49.597
# USERTIME: CPU time spent in user mode in seconds
USERTIME=47.5762
# SYSTEMTIME: CPU time spent in system mode in seconds
SYSTEMTIME=2.02077
# CPUUSAGE: CPUTIME/WCTIME in percent
CPUUSAGE=99.4676
# MAXVM: maximum virtual memory used in KiB
MAXVM=1875824
# MAXMM: maximum memory used in KiB
MAXMM=1639972
# MAXRSS: maximum Resident Segment Size in KiB
MAXRSS=1636904
# TIMEOUT: did the solver exceed the time limit?
TIMEOUT=false
# MEMOUT: did the solver exceed the memory limit?
MEMOUT=false
# EXITSTATUS: Exit status of the solver
EXITSTATUS=0
