# WCTIME: wall clock time in seconds
WCTIME=0.2883
# CPUTIME: CPU time in seconds (USERTIME+SYSTEMTIME)
CPUTIME=0.260519
# USERTIME: CPU time spent in user mode in seconds
USERTIME=0.211844
# SYSTEMTIME: CPU time spent in system mode in seconds
SYSTEMTIME=0.048675
# CPUUSAGE: CPUTIME/WCTIME in percent
CPUUSAGE=90.3639
# MAXVM: maximum virtual memory used in KiB
MAXVM=222248
# MAXMM: maximum memory used in KiB
MAXMM=50412
# MAXRSS: maximum Resident Segment Size in KiB
MAXRSS=48756
# TIMEOUT: did the solver exceed the time limit?
TIMEOUT=false
# MEMOUT: did the solver exceed the memory limit?
MEMOUT=false
# EXITSTATUS: Exit status of the solver
EXITSTATUS=0
