c cmd: /host-parser-bin/kat_xcsp_f2b89728-dirty-mznfull10609-1200-20260620 /bench/2020/minimal-decision-sets/sparse_mds.mzn --data /bench/2020/minimal-decision-sets/colic_train4.dzn --encoder portfolio --portfolio-strategy v3 --cop-pipeline guarded-basic --cop-objective-cut direct-expr --cop-objective-cut-timing incremental-soft --cop-objective-cut-backend cnf --table-encoding mdd-tl --cumulative-mode exact --cumulative-decomposition time-rd --progress --log-scop-linear-pb-backend auto --log-scop-bdd-decomposition auto --log-scop-aggregate-weighted-lits --order-ge-shorten-link-cost --direct-eq-ne-max-arity 2 --eq-ne-encoding direct --portfolio-log-scop-eq-ne-encoding ge-rewrite --cop-objective-phase auto --cop-objective-search trisection --cop-objective-search-fallback-budget 180 --root-lp-bound --root-lp-backend lpo --root-lp-time-limit-secs 60 --ignore-parse-error
c version: kat-cli=0.1.0 git=unknown-clean
c run_start_local: 2026-06-20 21:58:35 +0900
c 00h00m00s | solve:start
c 00h00m00s | input: constraints=6819
c 00h00m00s | stage:propagate:start
c 00h00m00s | stage:propagate:done ms=11 pruned=3 changed_domains=3 entailed_tables=0
c 00h00m00s | memory:rss checkpoint=after_propagate bytes=185782272 rss=177.18MiB
c 00h00m00s | stage:normalize:start
c 00h00m00s | stage:normalize:done ms=0 high_constraints=6819
c 00h00m00s | stage:lower:start
c 00h00m05s | stage:lower:progress percent=10 processed=682 total=6819 lowered=682 unsupported=0 ms=5044
c 00h00m14s | stage:lower:progress percent=20 processed=1364 total=6819 lowered=1364 unsupported=0 ms=14667
c 00h00m24s | stage:lower:progress percent=30 processed=2046 total=6819 lowered=2046 unsupported=0 ms=24278
c 00h00m33s | stage:lower:progress percent=40 processed=2728 total=6819 lowered=2728 unsupported=0 ms=33923
c 00h00m43s | stage:lower:progress percent=50 processed=3410 total=6819 lowered=3410 unsupported=0 ms=43518
c 00h00m53s | stage:lower:progress percent=60 processed=4092 total=6819 lowered=4092 unsupported=0 ms=53151
c 00h01m02s | stage:lower:progress percent=70 processed=4774 total=6819 lowered=4774 unsupported=0 ms=62744
c 00h01m06s | stage:lower:progress percent=80 processed=5456 total=6819 lowered=5456 unsupported=0 ms=66638
c 00h01m06s | stage:lower:progress percent=90 processed=6138 total=6819 lowered=6138 unsupported=0 ms=66644
c 00h01m06s | stage:lower:progress percent=100 processed=6819 total=6819 lowered=6819 unsupported=0 ms=66656
c 00h01m06s | stage:lower:done ms=66660 lowered=6819 unsupported=0
c 00h01m06s | memory:rss checkpoint=after_lower bytes=240910336 rss=229.75MiB
c 00h01m06s | stage:post_lower:start
c 00h01m06s | stage:post_lower:affine_elim eliminated_vars=1180 removed_clauses=1180 removed_lits=0 ms=17
c 00h01m06s | stage:post_lower:done ms=42 rounds=295 tightened=295 removed_cls=1184 removed_lits=887 unsat=false precise_hits=2368 precise_rounds=1 pivot_recomputes=0 pivot_exact_attempts=0 pivot_general_attempts=0 pivot_general_rest_missing=0 pivot_general_bound_missing=0 pivot_general_no_change=0 pivot_general_tightened=0 setup_ms=8 loop_ms=11 pivot_ms=0 pivot_version_ms=0 pivot_exact_ms=0 pivot_general_ms=0 pivot_general_prepare_ms=0 pivot_general_rest_ms=0 pivot_general_derive_ms=0 apply_ms=3 sat_ms=0 precise_ms=0
c 00h01m06s | memory:rss checkpoint=after_post_lower bytes=250425344 rss=238.82MiB
c 00h01m06s | stage:lowered-shape int_vars=6514 bool_vars=5015 linear_atoms=13711 table_atoms=0 table_tuples=0 table_scope=0 alldiff_atoms=0 circuit_atoms=0 product_atoms=0 logical_clauses=93555
c 00h01m06s | stage:root-lp:start backend=lpo
c 00h01m11s | stage:root-lp:bound backend=lpo status=optimal objective_value=14 naive_bounds=[14,365] lp_bounds=[14,365] improved=0 rows=1773 vars=10349 lp_rows_singleton_linear=298 lp_rows_disjunctive=1180 lp_rows_table=0 lp_rows_cumulative_energy=0 lp_rows_cumulative_pair=0 lp_rows_cumulative_timetable=0 lp_rows_cumulative_completion=0 lp_rows_cumulative_precedence=0 lp_rows_no_overlap_pair=0 lp_rows_no_overlap_completion=0 lp_rows_no_overlap_precedence=0 lp_rows_no_overlap_2d_energy=0 lp_rows_no_overlap_2d_completion=0 lp_scheduling_payloads_cumulative=0 lp_scheduling_payloads_no_overlap=0 lp_scheduling_cut_rounds=0 lp_scheduling_cut_candidates=0 lp_scheduling_cut_violated=0 lp_scheduling_rows_skipped=0 ms=5023
c 00h01m11s | memory:rss checkpoint=before_preencode bytes=252137472 rss=240.46MiB
c 00h01m11s | stage:preencode(order-ge):start
c 00h01m11s | stage:preencode(order-ge):done ms=32 int_vars=6902
c 00h01m11s | memory:rss checkpoint=after_preencode bytes=265256960 rss=252.97MiB
c 00h01m11s | memory:rss checkpoint=before_encode bytes=265256960 rss=252.97MiB
c 00h01m11s | stage:encode(order-ge):start
c 00h01m11s | memory:rss checkpoint=encode_clause_sample stage=order-ge clauses=74152 bytes=276520960 rss=263.71MiB progress_percent=10 processed=9434 total=94340
c 00h01m11s | stage:encode(order-ge):progress percent=10 processed=9434 total=94340 sat_clauses=74152 ms=27
c 00h01m11s | memory:rss checkpoint=encode_clause_sample stage=order-ge clauses=87926 bytes=276791296 rss=263.97MiB progress_percent=20 processed=18868 total=94340
c 00h01m11s | stage:encode(order-ge):progress percent=20 processed=18868 total=94340 sat_clauses=87926 ms=29
c 00h01m11s | memory:rss checkpoint=encode_clause_sample stage=order-ge clauses=101785 bytes=277061632 rss=264.23MiB progress_percent=30 processed=28302 total=94340
c 00h01m11s | stage:encode(order-ge):progress percent=30 processed=28302 total=94340 sat_clauses=101785 ms=30
c 00h01m11s | memory:rss checkpoint=encode_clause_sample stage=order-ge clauses=115563 bytes=277061632 rss=264.23MiB progress_percent=40 processed=37736 total=94340
c 00h01m11s | stage:encode(order-ge):progress percent=40 processed=37736 total=94340 sat_clauses=115563 ms=32
c 00h01m11s | memory:rss checkpoint=encode_clause_sample stage=order-ge clauses=129424 bytes=277061632 rss=264.23MiB progress_percent=50 processed=47170 total=94340
c 00h01m11s | stage:encode(order-ge):progress percent=50 processed=47170 total=94340 sat_clauses=129424 ms=33
c 00h01m11s | memory:rss checkpoint=encode_clause_sample stage=order-ge clauses=143217 bytes=288145408 rss=274.80MiB progress_percent=60 processed=56604 total=94340
c 00h01m11s | stage:encode(order-ge):progress percent=60 processed=56604 total=94340 sat_clauses=143217 ms=52
c 00h01m11s | memory:rss checkpoint=encode_clause_sample stage=order-ge clauses=156991 bytes=288145408 rss=274.80MiB progress_percent=70 processed=66038 total=94340
c 00h01m11s | stage:encode(order-ge):progress percent=70 processed=66038 total=94340 sat_clauses=156991 ms=53
c 00h01m11s | memory:rss checkpoint=encode_clause_sample stage=order-ge clauses=170852 bytes=288145408 rss=274.80MiB progress_percent=80 processed=75472 total=94340
c 00h01m11s | stage:encode(order-ge):progress percent=80 processed=75472 total=94340 sat_clauses=170852 ms=55
c 00h01m11s | memory:rss checkpoint=encode_clause_sample stage=order-ge clauses=184634 bytes=288145408 rss=274.80MiB progress_percent=90 processed=84906 total=94340
c 00h01m11s | stage:encode(order-ge):progress percent=90 processed=84906 total=94340 sat_clauses=184634 ms=56
c 00h01m11s | memory:rss checkpoint=encode_clause_sample stage=order-ge clauses=384947 bytes=307810304 rss=293.55MiB progress_percent=100 processed=94340 total=94340
c 00h01m11s | stage:encode(order-ge):progress percent=100 processed=94340 total=94340 sat_clauses=384947 ms=116
c 00h01m11s | stage:encode(order-ge):done ms=128 sat_vars=46194 sat_clauses=384947 ext_ge_specs=0 relaxed_circuits=0
c 00h01m12s | stage:objective-cut timing=incremental-soft backend=cnf form=direct-expr
c 00h01m12s | stage:sat:init solver=CaDiCaL vars=46194 clauses=384947
c 00h01m12s | stage:sat:solve:start assumptions=0 phase_lits=0
c 00h01m12s | stage:sat:solve:done ms=33 result=Sat assumptions=0 phase_lits=0
c 00h01m12s | stage:decode:start
c 00h01m12s | stage:decode:done int_assignments=5334
c 00h01m12s | result:Sat
c 00h01m12s | stage:objective-cut-surface(order-ge):start timing=after-incumbent
c 00h01m12s | stage:objective-cut-surface(order-ge):done has_surface=true ms=4
c 00h01m12s | objective:incumbent kind=initial value=365 rounds=1 improvements=0
o 365
c 00h01m12s | stage:objective-cut:soft-install bound=248 guard=46195 clauses_added=1
c 00h01m12s | stage:objective-cut:soft-probe search=trisection [LB,UB] = [14,364] next 248 source=install guard=46195
c 00h01m12s | stage:sat:init solver=CaDiCaL vars=46195 clauses=384948
c 00h01m12s | stage:sat:solve:start assumptions=1 phase_lits=0
c 00h01m12s | stage:sat:solve:done ms=16 result=Sat assumptions=1 phase_lits=0
c 00h01m12s | stage:decode:start
c 00h01m12s | stage:decode:done int_assignments=5334
c 00h01m12s | result:Sat
c 00h01m12s | objective:incumbent kind=improvement value=248 rounds=2 improvements=1
o 248
c 00h01m12s | stage:objective-cut:soft-result search=trisection bound=248 result=sat guard=46195 hard=guard [LB,UB] = [14,247]
c 00h01m12s | stage:objective-cut:soft-install bound=170 guard=46196 clauses_added=1
c 00h01m12s | stage:objective-cut:soft-probe search=trisection [LB,UB] = [14,247] next 170 source=install guard=46196
c 00h01m12s | stage:sat:init solver=CaDiCaL vars=46196 clauses=384950
c 00h01m12s | stage:sat:solve:start assumptions=1 phase_lits=0
c 00h01m12s | stage:sat:solve:done ms=10 result=Sat assumptions=1 phase_lits=0
c 00h01m12s | stage:decode:start
c 00h01m12s | stage:decode:done int_assignments=5334
c 00h01m12s | result:Sat
c 00h01m12s | objective:incumbent kind=improvement value=170 rounds=3 improvements=2
o 170
c 00h01m12s | stage:objective-cut:soft-result search=trisection bound=170 result=sat guard=46196 hard=guard [LB,UB] = [14,169]
c 00h01m12s | stage:objective-cut:soft-install bound=118 guard=46197 clauses_added=1
c 00h01m12s | stage:objective-cut:soft-probe search=trisection [LB,UB] = [14,169] next 118 source=install guard=46197
c 00h01m12s | stage:sat:init solver=CaDiCaL vars=46197 clauses=384952
c 00h01m12s | stage:sat:solve:start assumptions=1 phase_lits=0
c 00h01m13s | stage:sat:solve:done ms=956 result=Sat assumptions=1 phase_lits=0
c 00h01m13s | stage:decode:start
c 00h01m13s | stage:decode:done int_assignments=5334
c 00h01m13s | result:Sat
c 00h01m13s | objective:incumbent kind=improvement value=118 rounds=4 improvements=3
o 118
c 00h01m13s | stage:objective-cut:soft-result search=trisection bound=118 result=sat guard=46197 hard=guard [LB,UB] = [14,117]
c 00h01m13s | stage:objective-cut:soft-install bound=83 guard=46198 clauses_added=1
c 00h01m13s | stage:objective-cut:soft-probe search=trisection [LB,UB] = [14,117] next 83 source=install guard=46198
c 00h01m13s | stage:sat:init solver=CaDiCaL vars=46198 clauses=384954
c 00h01m13s | stage:sat:solve:start assumptions=1 phase_lits=0
c 00h01m13s | stage:sat:solve:done ms=731 result=Unsat assumptions=1 phase_lits=0
c 00h01m13s | result:Unsat
c 00h01m13s | stage:objective-cut:soft-result search=trisection bound=83 result=unsat guard=46198 hard=-guard [LB,UB] = [84,117]
c 00h01m13s | stage:objective-cut:soft-install bound=106 guard=46199 clauses_added=1
c 00h01m13s | stage:objective-cut:soft-probe search=trisection [LB,UB] = [84,117] next 106 source=install guard=46199
c 00h01m13s | stage:sat:init solver=CaDiCaL vars=46199 clauses=384956
c 00h01m13s | stage:sat:solve:start assumptions=1 phase_lits=0
c 00h01m16s | stage:sat:solve:done ms=2551 result=Unsat assumptions=1 phase_lits=0
c 00h01m16s | result:Unsat
c 00h01m16s | stage:objective-cut:soft-result search=trisection bound=106 result=unsat guard=46199 hard=-guard [LB,UB] = [107,117]
c 00h01m16s | stage:objective-cut:soft-install bound=114 guard=46200 clauses_added=1
c 00h01m16s | stage:objective-cut:soft-probe search=trisection [LB,UB] = [107,117] next 114 source=install guard=46200
c 00h01m16s | stage:sat:init solver=CaDiCaL vars=46200 clauses=384958
c 00h01m16s | stage:sat:solve:start assumptions=1 phase_lits=0
c 00h01m17s | stage:sat:solve:done ms=752 result=Sat assumptions=1 phase_lits=0
c 00h01m17s | stage:decode:start
c 00h01m17s | stage:decode:done int_assignments=5334
c 00h01m17s | result:Sat
c 00h01m17s | objective:incumbent kind=improvement value=114 rounds=7 improvements=4
o 114
c 00h01m17s | stage:objective-cut:soft-result search=trisection bound=114 result=sat guard=46200 hard=guard [LB,UB] = [107,113]
c 00h01m17s | stage:objective-cut:soft-install bound=111 guard=46201 clauses_added=1
c 00h01m17s | stage:objective-cut:soft-probe search=trisection [LB,UB] = [107,113] next 111 source=install guard=46201
c 00h01m17s | stage:sat:init solver=CaDiCaL vars=46201 clauses=384960
c 00h01m17s | stage:sat:solve:start assumptions=1 phase_lits=0
c 00h01m17s | stage:sat:solve:done ms=1 result=Sat assumptions=1 phase_lits=0
c 00h01m17s | stage:decode:start
c 00h01m17s | stage:decode:done int_assignments=5334
c 00h01m17s | result:Sat
c 00h01m17s | objective:incumbent kind=improvement value=111 rounds=8 improvements=5
o 111
c 00h01m17s | stage:objective-cut:soft-result search=trisection bound=111 result=sat guard=46201 hard=guard [LB,UB] = [107,110]
c 00h01m17s | stage:objective-cut:soft-install bound=109 guard=46202 clauses_added=1
c 00h01m17s | stage:objective-cut:soft-probe search=trisection [LB,UB] = [107,110] next 109 source=install guard=46202
c 00h01m17s | stage:sat:init solver=CaDiCaL vars=46202 clauses=384962
c 00h01m17s | stage:sat:solve:start assumptions=1 phase_lits=0
c 00h01m17s | stage:sat:solve:done ms=1 result=Sat assumptions=1 phase_lits=0
c 00h01m17s | stage:decode:start
c 00h01m17s | stage:decode:done int_assignments=5334
c 00h01m17s | result:Sat
c 00h01m17s | objective:incumbent kind=improvement value=109 rounds=9 improvements=6
o 109
c 00h01m17s | stage:objective-cut:soft-result search=trisection bound=109 result=sat guard=46202 hard=guard [LB,UB] = [107,108]
c 00h01m17s | stage:objective-cut:soft-install bound=108 guard=46203 clauses_added=1
c 00h01m17s | stage:objective-cut:soft-probe search=trisection [LB,UB] = [107,108] next 108 source=install guard=46203
c 00h01m17s | stage:sat:init solver=CaDiCaL vars=46203 clauses=384964
c 00h01m17s | stage:sat:solve:start assumptions=1 phase_lits=0
c 00h01m17s | stage:sat:solve:done ms=1 result=Sat assumptions=1 phase_lits=0
c 00h01m17s | stage:decode:start
c 00h01m17s | stage:decode:done int_assignments=5334
c 00h01m17s | result:Sat
c 00h01m17s | objective:incumbent kind=improvement value=108 rounds=10 improvements=7
o 108
c 00h01m17s | stage:objective-cut:soft-result search=trisection bound=108 result=sat guard=46203 hard=guard [LB,UB] = [107,107]
c 00h01m17s | stage:objective-cut:soft-install bound=107 guard=46204 clauses_added=1
c 00h01m17s | stage:objective-cut:soft-probe search=trisection [LB,UB] = [107,107] next 107 source=install guard=46204
c 00h01m17s | stage:sat:init solver=CaDiCaL vars=46204 clauses=384966
c 00h01m17s | stage:sat:solve:start assumptions=1 phase_lits=0
c 00h01m17s | stage:sat:solve:done ms=64 result=Unsat assumptions=1 phase_lits=0
c 00h01m17s | result:Unsat
c 00h01m17s | stage:objective-cut:soft-result search=trisection bound=107 result=unsat guard=46204 hard=-guard [LB,UB] = closed
s OPTIMUM FOUND
o 108
v <instantiation>
v   <list> sign[1] sign[2] sign[3] sign[4] sign[5] feat[1] feat[2] feat[3] feat[4] feat[5] valid[1,1] valid[1,2] valid[1,3] valid[1,4] valid[1,5] valid[1,6] valid[1,7] valid[1,8] valid[1,9] valid[1,10] valid[1,11] valid[1,12] valid[1,13] valid[1,14] valid[1,15] valid[1,16] valid[1,17] valid[1,18] valid[1,19] valid[1,20] valid[1,21] valid[1,22] valid[1,23] valid[1,24] valid[1,25] valid[1,26] valid[1,27] valid[1,28] valid[1,29] valid[1,30] valid[1,31] valid[1,32] valid[1,33] valid[1,34] valid[1,35] valid[1,36] valid[1,37] valid[1,38] valid[1,39] valid[1,40] valid[1,41] valid[1,42] valid[1,43] valid[1,44] valid[1,45] valid[1,46] valid[1,47] valid[1,48] valid[1,49] valid[1,50] valid[1,51] valid[1,52] valid[1,53] valid[1,54] valid[1,55] valid[1,56] valid[1,57] valid[1,58] valid[1,59] valid[1,60] valid[1,61] valid[1,62] valid[1,63] valid[1,64] valid[1,65] valid[1,66] valid[1,67] valid[1,68] valid[1,69] valid[1,70] valid[1,71] valid[1,72] valid[1,73] valid[1,74] valid[1,75] valid[1,76] valid[1,77] valid[1,78] valid[1,79] valid[1,80] valid[1,81] valid[1,82] valid[1,83] valid[1,84] valid[1,85] valid[1,86] valid[1,87] valid[1,88] valid[1,89] valid[1,90] valid[1,91] valid[1,92] valid[1,93] valid[1,94] valid[1,95] valid[1,96] valid[1,97] valid[1,98] valid[1,99] valid[1,100] valid[1,101] valid[1,102] valid[1,103] valid[1,104] valid[1,105] valid[1,106] valid[1,107] valid[1,108] valid[1,109] valid[1,110] valid[1,111] valid[1,112] valid[1,113] valid[1,114] valid[1,115] valid[1,116] valid[1,117] valid[1,118] valid[1,119] valid[1,120] valid[1,121] valid[1,122] valid[1,123] valid[1,124] valid[1,125] valid[1,126] valid[1,127] valid[1,128] valid[1,129] valid[1,130] valid[1,131] valid[1,132] valid[1,133] valid[1,134] valid[1,135] valid[1,136] valid[1,137] valid[1,138] valid[1,139] valid[1,140] valid[1,141] valid[1,142] valid[1,143] valid[1,144] valid[1,145] valid[1,146] valid[1,147] valid[1,148] valid[1,149] valid[1,150] valid[1,151] valid[1,152] valid[1,153] valid[1,154] valid[1,155] valid[1,156] valid[1,157] valid[1,158] valid[1,159] valid[1,160] valid[1,161] valid[1,162] valid[1,163] valid[1,164] valid[1,165] valid[1,166] valid[1,167] valid[1,168] valid[1,169] valid[1,170] valid[1,171] valid[1,172] valid[1,173] valid[1,174] valid[1,175] valid[1,176] valid[1,177] valid[1,178] valid[1,179] valid[1,180] valid[1,181] valid[1,182] valid[1,183] valid[1,184] valid[1,185] valid[1,186] valid[1,187] valid[1,188] valid[1,189] valid[1,190] valid[1,191] valid[1,192] valid[1,193] valid[1,194] valid[1,195] valid[1,196] valid[1,197] valid[1,198] valid[1,199] valid[1,200] valid[1,201] valid[1,202] valid[1,203] valid[1,204] valid[1,205] valid[1,206] valid[1,207] valid[1,208] valid[1,209] valid[1,210] valid[1,211] valid[1,212] valid[1,213] valid[1,214] valid[1,215] valid[1,216] valid[1,217] valid[1,218] valid[1,219] valid[1,220] valid[1,221] valid[1,222] valid[1,223] valid[1,224] valid[1,225] valid[1,226] valid[1,227] valid[1,228] valid[1,229] valid[1,230] valid[1,231] valid[1,232] valid[1,233] valid[1,234] valid[1,235] valid[1,236] valid[1,237] valid[1,238] valid[1,239] valid[1,240] valid[1,241] valid[1,242] valid[1,243] valid[1,244] valid[1,245] valid[1,246] valid[1,247] valid[1,248] valid[1,249] valid[1,250] valid[1,251] valid[1,252] valid[1,253] valid[1,254] valid[1,255] valid[1,256] valid[1,257] valid[1,258] valid[1,259] valid[1,260] valid[1,261] valid[1,262] valid[1,263] valid[1,264] valid[1,265] valid[1,266] valid[1,267] valid[1,268] valid[1,269] valid[1,270] valid[1,271] valid[1,272] valid[1,273] valid[1,274] valid[1,275] valid[1,276] valid[1,277] valid[1,278] valid[1,279] valid[1,280] valid[1,281] valid[1,282] valid[1,283] valid[1,284] valid[1,285] valid[1,286] valid[1,287] valid[1,288] valid[1,289] valid[1,290] valid[1,291] valid[1,292] valid[1,293] valid[1,294] valid[1,295] valid[2,1] valid[2,2] valid[2,3] valid[2,4] valid[2,5] valid[2,6] valid[2,7] valid[2,8] valid[2,9] valid[2,10] valid[2,11] valid[2,12] valid[2,13] valid[2,14] valid[2,15] valid[2,16] valid[2,17] valid[2,18] valid[2,19] valid[2,20] valid[2,21] valid[2,22] valid[2,23] valid[2,24] valid[2,25] valid[2,26] valid[2,27] valid[2,28] valid[2,29] valid[2,30] valid[2,31] valid[2,32] valid[2,33] valid[2,34] valid[2,35] valid[2,36] valid[2,37] valid[2,38] valid[2,39] valid[2,40] valid[2,41] valid[2,42] valid[2,43] valid[2,44] valid[2,45] valid[2,46] valid[2,47] valid[2,48] valid[2,49] valid[2,50] valid[2,51] valid[2,52] valid[2,53] valid[2,54] valid[2,55] valid[2,56] valid[2,57] valid[2,58] valid[2,59] valid[2,60] valid[2,61] valid[2,62] valid[2,63] valid[2,64] valid[2,65] valid[2,66] valid[2,67] valid[2,68] valid[2,69] valid[2,70] valid[2,71] valid[2,72] valid[2,73] valid[2,74] valid[2,75] valid[2,76] valid[2,77] valid[2,78] valid[2,79] valid[2,80] valid[2,81] valid[2,82] valid[2,83] valid[2,84] valid[2,85] valid[2,86] valid[2,87] valid[2,88] valid[2,89] valid[2,90] valid[2,91] valid[2,92] valid[2,93] valid[2,94] valid[2,95] valid[2,96] valid[2,97] valid[2,98] valid[2,99] valid[2,100] valid[2,101] valid[2,102] valid[2,103] valid[2,104] valid[2,105] valid[2,106] valid[2,107] valid[2,108] valid[2,109] valid[2,110] valid[2,111] valid[2,112] valid[2,113] valid[2,114] valid[2,115] valid[2,116] valid[2,117] valid[2,118] valid[2,119] valid[2,120] valid[2,121] valid[2,122] valid[2,123] valid[2,124] valid[2,125] valid[2,126] valid[2,127] valid[2,128] valid[2,129] valid[2,130] valid[2,131] valid[2,132] valid[2,133] valid[2,134] valid[2,135] valid[2,136] valid[2,137] valid[2,138] valid[2,139] valid[2,140] valid[2,141] valid[2,142] valid[2,143] valid[2,144] valid[2,145] valid[2,146] valid[2,147] valid[2,148] valid[2,149] valid[2,150] valid[2,151] valid[2,152] valid[2,153] valid[2,154] valid[2,155] valid[2,156] valid[2,157] valid[2,158] valid[2,159] valid[2,160] valid[2,161] valid[2,162] valid[2,163] valid[2,164] valid[2,165] valid[2,166] valid[2,167] valid[2,168] valid[2,169] valid[2,170] valid[2,171] valid[2,172] valid[2,173] valid[2,174] valid[2,175] valid[2,176] valid[2,177] valid[2,178] valid[2,179] valid[2,180] valid[2,181] valid[2,182] valid[2,183] valid[2,184] valid[2,185] valid[2,186] valid[2,187] valid[2,188] valid[2,189] valid[2,190] valid[2,191] valid[2,192] valid[2,193] valid[2,194] valid[2,195] valid[2,196] valid[2,197] valid[2,198] valid[2,199] valid[2,200] valid[2,201] valid[2,202] valid[2,203] valid[2,204] valid[2,205] valid[2,206] valid[2,207] valid[2,208] valid[2,209] valid[2,210] valid[2,211] valid[2,212] valid[2,213] valid[2,214] valid[2,215] valid[2,216] valid[2,217] valid[2,218] valid[2,219] valid[2,220] valid[2,221] valid[2,222] valid[2,223] valid[2,224] valid[2,225] valid[2,226] valid[2,227] valid[2,228] valid[2,229] valid[2,230] valid[2,231] valid[2,232] valid[2,233] valid[2,234] valid[2,235] valid[2,236] valid[2,237] valid[2,238] valid[2,239] valid[2,240] valid[2,241] valid[2,242] valid[2,243] valid[2,244] valid[2,245] valid[2,246] valid[2,247] valid[2,248] valid[2,249] valid[2,250] valid[2,251] valid[2,252] valid[2,253] valid[2,254] valid[2,255] valid[2,256] valid[2,257] valid[2,258] valid[2,259] valid[2,260] valid[2,261] valid[2,262] valid[2,263] valid[2,264] valid[2,265] valid[2,266] valid[2,267] valid[2,268] valid[2,269] valid[2,270] valid[2,271] valid[2,272] valid[2,273] valid[2,274] valid[2,275] valid[2,276] valid[2,277] valid[2,278] valid[2,279] valid[2,280] valid[2,281] valid[2,282] valid[2,283] valid[2,284] valid[2,285] valid[2,286] valid[2,287] valid[2,288] valid[2,289] valid[2,290] valid[2,291] valid[2,292] valid[2,293] valid[2,294] valid[2,295] valid[3,1] valid[3,2] valid[3,3] valid[3,4] valid[3,5] valid[3,6] valid[3,7] valid[3,8] valid[3,9] valid[3,10] valid[3,11] valid[3,12] valid[3,13] valid[3,14] valid[3,15] valid[3,16] valid[3,17] valid[3,18] valid[3,19] valid[3,20] valid[3,21] valid[3,22] valid[3,23] valid[3,24] valid[3,25] valid[3,26] valid[3,27] valid[3,28] valid[3,29] valid[3,30] valid[3,31] valid[3,32] valid[3,33] valid[3,34] valid[3,35] valid[3,36] valid[3,37] valid[3,38] valid[3,39] valid[3,40] valid[3,41] valid[3,42] valid[3,43] valid[3,44] valid[3,45] valid[3,46] valid[3,47] valid[3,48] valid[3,49] valid[3,50] valid[3,51] valid[3,52] valid[3,53] valid[3,54] valid[3,55] valid[3,56] valid[3,57] valid[3,58] valid[3,59] valid[3,60] valid[3,61] valid[3,62] valid[3,63] valid[3,64] valid[3,65] valid[3,66] valid[3,67] valid[3,68] valid[3,69] valid[3,70] valid[3,71] valid[3,72] valid[3,73] valid[3,74] valid[3,75] valid[3,76] valid[3,77] valid[3,78] valid[3,79] valid[3,80] valid[3,81] valid[3,82] valid[3,83] valid[3,84] valid[3,85] valid[3,86] valid[3,87] valid[3,88] valid[3,89] valid[3,90] valid[3,91] valid[3,92] valid[3,93] valid[3,94] valid[3,95] valid[3,96] valid[3,97] valid[3,98] valid[3,99] valid[3,100] valid[3,101] valid[3,102] valid[3,103] valid[3,104] valid[3,105] valid[3,106] valid[3,107] valid[3,108] valid[3,109] valid[3,110] valid[3,111] valid[3,112] valid[3,113] valid[3,114] valid[3,115] valid[3,116] valid[3,117] valid[3,118] valid[3,119] valid[3,120] valid[3,121] valid[3,122] valid[3,123] valid[3,124] valid[3,125] valid[3,126] valid[3,127] valid[3,128] valid[3,129] valid[3,130] valid[3,131] valid[3,132] valid[3,133] valid[3,134] valid[3,135] valid[3,136] valid[3,137] valid[3,138] valid[3,139] valid[3,140] valid[3,141] valid[3,142] valid[3,143] valid[3,144] valid[3,145] valid[3,146] valid[3,147] valid[3,148] valid[3,149] valid[3,150] valid[3,151] valid[3,152] valid[3,153] valid[3,154] valid[3,155] valid[3,156] valid[3,157] valid[3,158] valid[3,159] valid[3,160] valid[3,161] valid[3,162] valid[3,163] valid[3,164] valid[3,165] valid[3,166] valid[3,167] valid[3,168] valid[3,169] valid[3,170] valid[3,171] valid[3,172] valid[3,173] valid[3,174] valid[3,175] valid[3,176] valid[3,177] valid[3,178] valid[3,179] valid[3,180] valid[3,181] valid[3,182] valid[3,183] valid[3,184] valid[3,185] valid[3,186] valid[3,187] valid[3,188] valid[3,189] valid[3,190] valid[3,191] valid[3,192] valid[3,193] valid[3,194] valid[3,195] valid[3,196] valid[3,197] valid[3,198] valid[3,199] valid[3,200] valid[3,201] valid[3,202] valid[3,203] valid[3,204] valid[3,205] valid[3,206] valid[3,207] valid[3,208] valid[3,209] valid[3,210] valid[3,211] valid[3,212] valid[3,213] valid[3,214] valid[3,215] valid[3,216] valid[3,217] valid[3,218] valid[3,219] valid[3,220] valid[3,221] valid[3,222] valid[3,223] valid[3,224] valid[3,225] valid[3,226] valid[3,227] valid[3,228] valid[3,229] valid[3,230] valid[3,231] valid[3,232] valid[3,233] valid[3,234] valid[3,235] valid[3,236] valid[3,237] valid[3,238] valid[3,239] valid[3,240] valid[3,241] valid[3,242] valid[3,243] valid[3,244] valid[3,245] valid[3,246] valid[3,247] valid[3,248] valid[3,249] valid[3,250] valid[3,251] valid[3,252] valid[3,253] valid[3,254] valid[3,255] valid[3,256] valid[3,257] valid[3,258] valid[3,259] valid[3,260] valid[3,261] valid[3,262] valid[3,263] valid[3,264] valid[3,265] valid[3,266] valid[3,267] valid[3,268] valid[3,269] valid[3,270] valid[3,271] valid[3,272] valid[3,273] valid[3,274] valid[3,275] valid[3,276] valid[3,277] valid[3,278] valid[3,279] valid[3,280] valid[3,281] valid[3,282] valid[3,283] valid[3,284] valid[3,285] valid[3,286] valid[3,287] valid[3,288] valid[3,289] valid[3,290] valid[3,291] valid[3,292] valid[3,293] valid[3,294] valid[3,295] valid[4,1] valid[4,2] valid[4,3] valid[4,4] valid[4,5] valid[4,6] valid[4,7] valid[4,8] valid[4,9] valid[4,10] valid[4,11] valid[4,12] valid[4,13] valid[4,14] valid[4,15] valid[4,16] valid[4,17] valid[4,18] valid[4,19] valid[4,20] valid[4,21] valid[4,22] valid[4,23] valid[4,24] valid[4,25] valid[4,26] valid[4,27] valid[4,28] valid[4,29] valid[4,30] valid[4,31] valid[4,32] valid[4,33] valid[4,34] valid[4,35] valid[4,36] valid[4,37] valid[4,38] valid[4,39] valid[4,40] valid[4,41] valid[4,42] valid[4,43] valid[4,44] valid[4,45] valid[4,46] valid[4,47] valid[4,48] valid[4,49] valid[4,50] valid[4,51] valid[4,52] valid[4,53] valid[4,54] valid[4,55] valid[4,56] valid[4,57] valid[4,58] valid[4,59] valid[4,60] valid[4,61] valid[4,62] valid[4,63] valid[4,64] valid[4,65] valid[4,66] valid[4,67] valid[4,68] valid[4,69] valid[4,70] valid[4,71] valid[4,72] valid[4,73] valid[4,74] valid[4,75] valid[4,76] valid[4,77] valid[4,78] valid[4,79] valid[4,80] valid[4,81] valid[4,82] valid[4,83] valid[4,84] valid[4,85] valid[4,86] valid[4,87] valid[4,88] valid[4,89] valid[4,90] valid[4,91] valid[4,92] valid[4,93] valid[4,94] valid[4,95] valid[4,96] valid[4,97] valid[4,98] valid[4,99] valid[4,100] valid[4,101] valid[4,102] valid[4,103] valid[4,104] valid[4,105] valid[4,106] valid[4,107] valid[4,108] valid[4,109] valid[4,110] valid[4,111] valid[4,112] valid[4,113] valid[4,114] valid[4,115] valid[4,116] valid[4,117] valid[4,118] valid[4,119] valid[4,120] valid[4,121] valid[4,122] valid[4,123] valid[4,124] valid[4,125] valid[4,126] valid[4,127] valid[4,128] valid[4,129] valid[4,130] valid[4,131] valid[4,132] valid[4,133] valid[4,134] valid[4,135] valid[4,136] valid[4,137] valid[4,138] valid[4,139] valid[4,140] valid[4,141] valid[4,142] valid[4,143] valid[4,144] valid[4,145] valid[4,146] valid[4,147] valid[4,148] valid[4,149] valid[4,150] valid[4,151] valid[4,152] valid[4,153] valid[4,154] valid[4,155] valid[4,156] valid[4,157] valid[4,158] valid[4,159] valid[4,160] valid[4,161] valid[4,162] valid[4,163] valid[4,164] valid[4,165] valid[4,166] valid[4,167] valid[4,168] valid[4,169] valid[4,170] valid[4,171] valid[4,172] valid[4,173] valid[4,174] valid[4,175] valid[4,176] valid[4,177] valid[4,178] valid[4,179] valid[4,180] valid[4,181] valid[4,182] valid[4,183] valid[4,184] valid[4,185] valid[4,186] valid[4,187] valid[4,188] valid[4,189] valid[4,190] valid[4,191] valid[4,192] valid[4,193] valid[4,194] valid[4,195] valid[4,196] valid[4,197] valid[4,198] valid[4,199] valid[4,200] valid[4,201] valid[4,202] valid[4,203] valid[4,204] valid[4,205] valid[4,206] valid[4,207] valid[4,208] valid[4,209] valid[4,210] valid[4,211] valid[4,212] valid[4,213] valid[4,214] valid[4,215] valid[4,216] valid[4,217] valid[4,218] valid[4,219] valid[4,220] valid[4,221] valid[4,222] valid[4,223] valid[4,224] valid[4,225] valid[4,226] valid[4,227] valid[4,228] valid[4,229] valid[4,230] valid[4,231] valid[4,232] valid[4,233] valid[4,234] valid[4,235] valid[4,236] valid[4,237] valid[4,238] valid[4,239] valid[4,240] valid[4,241] valid[4,242] valid[4,243] valid[4,244] valid[4,245] valid[4,246] valid[4,247] valid[4,248] valid[4,249] valid[4,250] valid[4,251] valid[4,252] valid[4,253] valid[4,254] valid[4,255] valid[4,256] valid[4,257] valid[4,258] valid[4,259] valid[4,260] valid[4,261] valid[4,262] valid[4,263] valid[4,264] valid[4,265] valid[4,266] valid[4,267] valid[4,268] valid[4,269] valid[4,270] valid[4,271] valid[4,272] valid[4,273] valid[4,274] valid[4,275] valid[4,276] valid[4,277] valid[4,278] valid[4,279] valid[4,280] valid[4,281] valid[4,282] valid[4,283] valid[4,284] valid[4,285] valid[4,286] valid[4,287] valid[4,288] valid[4,289] valid[4,290] valid[4,291] valid[4,292] valid[4,293] valid[4,294] valid[4,295] valid[5,1] valid[5,2] valid[5,3] valid[5,4] valid[5,5] valid[5,6] valid[5,7] valid[5,8] valid[5,9] valid[5,10] valid[5,11] valid[5,12] valid[5,13] valid[5,14] valid[5,15] valid[5,16] valid[5,17] valid[5,18] valid[5,19] valid[5,20] valid[5,21] valid[5,22] valid[5,23] valid[5,24] valid[5,25] valid[5,26] valid[5,27] valid[5,28] valid[5,29] valid[5,30] valid[5,31] valid[5,32] valid[5,33] valid[5,34] valid[5,35] valid[5,36] valid[5,37] valid[5,38] valid[5,39] valid[5,40] valid[5,41] valid[5,42] valid[5,43] valid[5,44] valid[5,45] valid[5,46] valid[5,47] valid[5,48] valid[5,49] valid[5,50] valid[5,51] valid[5,52] valid[5,53] valid[5,54] valid[5,55] valid[5,56] valid[5,57] valid[5,58] valid[5,59] valid[5,60] valid[5,61] valid[5,62] valid[5,63] valid[5,64] valid[5,65] valid[5,66] valid[5,67] valid[5,68] valid[5,69] valid[5,70] valid[5,71] valid[5,72] valid[5,73] valid[5,74] valid[5,75] valid[5,76] valid[5,77] valid[5,78] valid[5,79] valid[5,80] valid[5,81] valid[5,82] valid[5,83] valid[5,84] valid[5,85] valid[5,86] valid[5,87] valid[5,88] valid[5,89] valid[5,90] valid[5,91] valid[5,92] valid[5,93] valid[5,94] valid[5,95] valid[5,96] valid[5,97] valid[5,98] valid[5,99] valid[5,100] valid[5,101] valid[5,102] valid[5,103] valid[5,104] valid[5,105] valid[5,106] valid[5,107] valid[5,108] valid[5,109] valid[5,110] valid[5,111] valid[5,112] valid[5,113] valid[5,114] valid[5,115] valid[5,116] valid[5,117] valid[5,118] valid[5,119] valid[5,120] valid[5,121] valid[5,122] valid[5,123] valid[5,124] valid[5,125] valid[5,126] valid[5,127] valid[5,128] valid[5,129] valid[5,130] valid[5,131] valid[5,132] valid[5,133] valid[5,134] valid[5,135] valid[5,136] valid[5,137] valid[5,138] valid[5,139] valid[5,140] valid[5,141] valid[5,142] valid[5,143] valid[5,144] valid[5,145] valid[5,146] valid[5,147] valid[5,148] valid[5,149] valid[5,150] valid[5,151] valid[5,152] valid[5,153] valid[5,154] valid[5,155] valid[5,156] valid[5,157] valid[5,158] valid[5,159] valid[5,160] valid[5,161] valid[5,162] valid[5,163] valid[5,164] valid[5,165] valid[5,166] valid[5,167] valid[5,168] valid[5,169] valid[5,170] valid[5,171] valid[5,172] valid[5,173] valid[5,174] valid[5,175] valid[5,176] valid[5,177] valid[5,178] valid[5,179] valid[5,180] valid[5,181] valid[5,182] valid[5,183] valid[5,184] valid[5,185] valid[5,186] valid[5,187] valid[5,188] valid[5,189] valid[5,190] valid[5,191] valid[5,192] valid[5,193] valid[5,194] valid[5,195] valid[5,196] valid[5,197] valid[5,198] valid[5,199] valid[5,200] valid[5,201] valid[5,202] valid[5,203] valid[5,204] valid[5,205] valid[5,206] valid[5,207] valid[5,208] valid[5,209] valid[5,210] valid[5,211] valid[5,212] valid[5,213] valid[5,214] valid[5,215] valid[5,216] valid[5,217] valid[5,218] valid[5,219] valid[5,220] valid[5,221] valid[5,222] valid[5,223] valid[5,224] valid[5,225] valid[5,226] valid[5,227] valid[5,228] valid[5,229] valid[5,230] valid[5,231] valid[5,232] valid[5,233] valid[5,234] valid[5,235] valid[5,236] valid[5,237] valid[5,238] valid[5,239] valid[5,240] valid[5,241] valid[5,242] valid[5,243] valid[5,244] valid[5,245] valid[5,246] valid[5,247] valid[5,248] valid[5,249] valid[5,250] valid[5,251] valid[5,252] valid[5,253] valid[5,254] valid[5,255] valid[5,256] valid[5,257] valid[5,258] valid[5,259] valid[5,260] valid[5,261] valid[5,262] valid[5,263] valid[5,264] valid[5,265] valid[5,266] valid[5,267] valid[5,268] valid[5,269] valid[5,270] valid[5,271] valid[5,272] valid[5,273] valid[5,274] valid[5,275] valid[5,276] valid[5,277] valid[5,278] valid[5,279] valid[5,280] valid[5,281] valid[5,282] valid[5,283] valid[5,284] valid[5,285] valid[5,286] valid[5,287] valid[5,288] valid[5,289] valid[5,290] valid[5,291] valid[5,292] valid[5,293] valid[5,294] valid[5,295] m[1] m[2] m[3] m[4] m[5] m[6] m[7] m[8] m[9] m[10] m[11] m[12] m[13] m[14] m[15] m[16] m[17] m[18] m[19] m[20] m[21] m[22] m[23] m[24] m[25] m[26] m[27] m[28] m[29] m[30] m[31] m[32] m[33] m[34] m[35] m[36] m[37] m[38] m[39] m[40] m[41] m[42] m[43] m[44] m[45] m[46] m[47] m[48] m[49] m[50] m[51] m[52] m[53] m[54] m[55] m[56] m[57] m[58] m[59] m[60] m[61] m[62] m[63] m[64] m[65] m[66] m[67] m[68] m[69] m[70] m[71] m[72] m[73] m[74] m[75] m[76] m[77] m[78] m[79] m[80] m[81] m[82] m[83] m[84] m[85] m[86] m[87] m[88] m[89] m[90] m[91] m[92] m[93] m[94] m[95] m[96] m[97] m[98] m[99] m[100] m[101] m[102] m[103] m[104] m[105] m[106] m[107] m[108] m[109] m[110] m[111] m[112] m[113] m[114] m[115] m[116] m[117] m[118] m[119] m[120] m[121] m[122] m[123] m[124] m[125] m[126] m[127] m[128] m[129] m[130] m[131] m[132] m[133] m[134] m[135] m[136] m[137] m[138] m[139] m[140] m[141] m[142] m[143] m[144] m[145] m[146] m[147] m[148] m[149] m[150] m[151] m[152] m[153] m[154] m[155] m[156] m[157] m[158] m[159] m[160] m[161] m[162] m[163] m[164] m[165] m[166] m[167] m[168] m[169] m[170] m[171] m[172] m[173] m[174] m[175] m[176] m[177] m[178] m[179] m[180] m[181] m[182] m[183] m[184] m[185] m[186] m[187] m[188] m[189] m[190] m[191] m[192] m[193] m[194] m[195] m[196] m[197] m[198] m[199] m[200] m[201] m[202] m[203] m[204] m[205] m[206] m[207] m[208] m[209] m[210] m[211] m[212] m[213] m[214] m[215] m[216] m[217] m[218] m[219] m[220] m[221] m[222] m[223] m[224] m[225] m[226] m[227] m[228] m[229] m[230] m[231] m[232] m[233] m[234] m[235] m[236] m[237] m[238] m[239] m[240] m[241] m[242] m[243] m[244] m[245] m[246] m[247] m[248] m[249] m[250] m[251] m[252] m[253] m[254] m[255] m[256] m[257] m[258] m[259] m[260] m[261] m[262] m[263] m[264] m[265] m[266] m[267] m[268] m[269] m[270] m[271] m[272] m[273] m[274] m[275] m[276] m[277] m[278] m[279] m[280] m[281] m[282] m[283] m[284] m[285] m[286] m[287] m[288] m[289] m[290] m[291] m[292] m[293] m[294] m[295] leaf[0] leaf[1] leaf[2] leaf[3] leaf[4] leaf[5] unused[1] unused[2] unused[3] unused[4] unused[5] k misclassified objective __idx0 __idx1 __idx2 __idx3 __idx4 __idx5 __idx6 __idx7 __idx8 __idx9 __idx10 __idx11 __idx12 __idx13 __idx14 __idx15 __idx16 __idx17 __idx18 __idx19 __idx20 __idx21 __idx22 __idx23 __idx24 __idx25 __idx26 __idx27 __idx28 __idx29 __idx30 __idx31 __idx32 __idx33 __idx34 __idx35 __idx36 __idx37 __idx38 __idx39 __idx40 __idx41 __idx42 __idx43 __idx44 __idx45 __idx46 __idx47 __idx48 __idx49 __idx50 __idx51 __idx52 __idx53 __idx54 __idx55 __idx56 __idx57 __idx58 __idx59 __idx60 __idx61 __idx62 __idx63 __idx64 __idx65 __idx66 __idx67 __idx68 __idx69 __idx70 __idx71 __idx72 __idx73 __idx74 __idx75 __idx76 __idx77 __idx78 __idx79 __idx80 __idx81 __idx82 __idx83 __idx84 __idx85 __idx86 __idx87 __idx88 __idx89 __idx90 __idx91 __idx92 __idx93 __idx94 __idx95 __idx96 __idx97 __idx98 __idx99 __idx100 __idx101 __idx102 __idx103 __idx104 __idx105 __idx106 __idx107 __idx108 __idx109 __idx110 __idx111 __idx112 __idx113 __idx114 __idx115 __idx116 __idx117 __idx118 __idx119 __idx120 __idx121 __idx122 __idx123 __idx124 __idx125 __idx126 __idx127 __idx128 __idx129 __idx130 __idx131 __idx132 __idx133 __idx134 __idx135 __idx136 __idx137 __idx138 __idx139 __idx140 __idx141 __idx142 __idx143 __idx144 __idx145 __idx146 __idx147 __idx148 __idx149 __idx150 __idx151 __idx152 __idx153 __idx154 __idx155 __idx156 __idx157 __idx158 __idx159 __idx160 __idx161 __idx162 __idx163 __idx164 __idx165 __idx166 __idx167 __idx168 __idx169 __idx170 __idx171 __idx172 __idx173 __idx174 __idx175 __idx176 __idx177 __idx178 __idx179 __idx180 __idx181 __idx182 __idx183 __idx184 __idx185 __idx186 __idx187 __idx188 __idx189 __idx190 __idx191 __idx192 __idx193 __idx194 __idx195 __idx196 __idx197 __idx198 __idx199 __idx200 __idx201 __idx202 __idx203 __idx204 __idx205 __idx206 __idx207 __idx208 __idx209 __idx210 __idx211 __idx212 __idx213 __idx214 __idx215 __idx216 __idx217 __idx218 __idx219 __idx220 __idx221 __idx222 __idx223 __idx224 __idx225 __idx226 __idx227 __idx228 __idx229 __idx230 __idx231 __idx232 __idx233 __idx234 __idx235 __idx236 __idx237 __idx238 __idx239 __idx240 __idx241 __idx242 __idx243 __idx244 __idx245 __idx246 __idx247 __idx248 __idx249 __idx250 __idx251 __idx252 __idx253 __idx254 __idx255 __idx256 __idx257 __idx258 __idx259 __idx260 __idx261 __idx262 __idx263 __idx264 __idx265 __idx266 __idx267 __idx268 __idx269 __idx270 __idx271 __idx272 __idx273 __idx274 __idx275 __idx276 __idx277 __idx278 __idx279 __idx280 __idx281 __idx282 __idx283 __idx284 __idx285 __idx286 __idx287 __idx288 __idx289 __idx290 __idx291 __idx292 __idx293 __idx294 __idx295 __idx296 __idx297 __idx298 __idx299 __idx300 __idx301 __idx302 __idx303 __idx304 __idx305 __idx306 __idx307 __idx308 __idx309 __idx310 __idx311 __idx312 __idx313 __idx314 __idx315 __idx316 __idx317 __idx318 __idx319 __idx320 __idx321 __idx322 __idx323 __idx324 __idx325 __idx326 __idx327 __idx328 __idx329 __idx330 __idx331 __idx332 __idx333 __idx334 __idx335 __idx336 __idx337 __idx338 __idx339 __idx340 __idx341 __idx342 __idx343 __idx344 __idx345 __idx346 __idx347 __idx348 __idx349 __idx350 __idx351 __idx352 __idx353 __idx354 __idx355 __idx356 __idx357 __idx358 __idx359 __idx360 __idx361 __idx362 __idx363 __idx364 __idx365 __idx366 __idx367 __idx368 __idx369 __idx370 __idx371 __idx372 __idx373 __idx374 __idx375 __idx376 __idx377 __idx378 __idx379 __idx380 __idx381 __idx382 __idx383 __idx384 __idx385 __idx386 __idx387 __idx388 __idx389 __idx390 __idx391 __idx392 __idx393 __idx394 __idx395 __idx396 __idx397 __idx398 __idx399 __idx400 __idx401 __idx402 __idx403 __idx404 __idx405 __idx406 __idx407 __idx408 __idx409 __idx410 __idx411 __idx412 __idx413 __idx414 __idx415 __idx416 __idx417 __idx418 __idx419 __idx420 __idx421 __idx422 __idx423 __idx424 __idx425 __idx426 __idx427 __idx428 __idx429 __idx430 __idx431 __idx432 __idx433 __idx434 __idx435 __idx436 __idx437 __idx438 __idx439 __idx440 __idx441 __idx442 __idx443 __idx444 __idx445 __idx446 __idx447 __idx448 __idx449 __idx450 __idx451 __idx452 __idx453 __idx454 __idx455 __idx456 __idx457 __idx458 __idx459 __idx460 __idx461 __idx462 __idx463 __idx464 __idx465 __idx466 __idx467 __idx468 __idx469 __idx470 __idx471 __idx472 __idx473 __idx474 __idx475 __idx476 __idx477 __idx478 __idx479 __idx480 __idx481 __idx482 __idx483 __idx484 __idx485 __idx486 __idx487 __idx488 __idx489 __idx490 __idx491 __idx492 __idx493 __idx494 __idx495 __idx496 __idx497 __idx498 __idx499 __idx500 __idx501 __idx502 __idx503 __idx504 __idx505 __idx506 __idx507 __idx508 __idx509 __idx510 __idx511 __idx512 __idx513 __idx514 __idx515 __idx516 __idx517 __idx518 __idx519 __idx520 __idx521 __idx522 __idx523 __idx524 __idx525 __idx526 __idx527 __idx528 __idx529 __idx530 __idx531 __idx532 __idx533 __idx534 __idx535 __idx536 __idx537 __idx538 __idx539 __idx540 __idx541 __idx542 __idx543 __idx544 __idx545 __idx546 __idx547 __idx548 __idx549 __idx550 __idx551 __idx552 __idx553 __idx554 __idx555 __idx556 __idx557 __idx558 __idx559 __idx560 __idx561 __idx562 __idx563 __idx564 __idx565 __idx566 __idx567 __idx568 __idx569 __idx570 __idx571 __idx572 __idx573 __idx574 __idx575 __idx576 __idx577 __idx578 __idx579 __idx580 __idx581 __idx582 __idx583 __idx584 __idx585 __idx586 __idx587 __idx588 __idx589 __idx590 __idx591 __idx592 __idx593 __idx594 __idx595 __idx596 __idx597 __idx598 __idx599 __idx600 __idx601 __idx602 __idx603 __idx604 __idx605 __idx606 __idx607 __idx608 __idx609 __idx610 __idx611 __idx612 __idx613 __idx614 __idx615 __idx616 __idx617 __idx618 __idx619 __idx620 __idx621 __idx622 __idx623 __idx624 __idx625 __idx626 __idx627 __idx628 __idx629 __idx630 __idx631 __idx632 __idx633 __idx634 __idx635 __idx636 __idx637 __idx638 __idx639 __idx640 __idx641 __idx642 __idx643 __idx644 __idx645 __idx646 __idx647 __idx648 __idx649 __idx650 __idx651 __idx652 __idx653 __idx654 __idx655 __idx656 __idx657 __idx658 __idx659 __idx660 __idx661 __idx662 __idx663 __idx664 __idx665 __idx666 __idx667 __idx668 __idx669 __idx670 __idx671 __idx672 __idx673 __idx674 __idx675 __idx676 __idx677 __idx678 __idx679 __idx680 __idx681 __idx682 __idx683 __idx684 __idx685 __idx686 __idx687 __idx688 __idx689 __idx690 __idx691 __idx692 __idx693 __idx694 __idx695 __idx696 __idx697 __idx698 __idx699 __idx700 __idx701 __idx702 __idx703 __idx704 __idx705 __idx706 __idx707 __idx708 __idx709 __idx710 __idx711 __idx712 __idx713 __idx714 __idx715 __idx716 __idx717 __idx718 __idx719 __idx720 __idx721 __idx722 __idx723 __idx724 __idx725 __idx726 __idx727 __idx728 __idx729 __idx730 __idx731 __idx732 __idx733 __idx734 __idx735 __idx736 __idx737 __idx738 __idx739 __idx740 __idx741 __idx742 __idx743 __idx744 __idx745 __idx746 __idx747 __idx748 __idx749 __idx750 __idx751 __idx752 __idx753 __idx754 __idx755 __idx756 __idx757 __idx758 __idx759 __idx760 __idx761 __idx762 __idx763 __idx764 __idx765 __idx766 __idx767 __idx768 __idx769 __idx770 __idx771 __idx772 __idx773 __idx774 __idx775 __idx776 __idx777 __idx778 __idx779 __idx780 __idx781 __idx782 __idx783 __idx784 __idx785 __idx786 __idx787 __idx788 __idx789 __idx790 __idx791 __idx792 __idx793 __idx794 __idx795 __idx796 __idx797 __idx798 __idx799 __idx800 __idx801 __idx802 __idx803 __idx804 __idx805 __idx806 __idx807 __idx808 __idx809 __idx810 __idx811 __idx812 __idx813 __idx814 __idx815 __idx816 __idx817 __idx818 __idx819 __idx820 __idx821 __idx822 __idx823 __idx824 __idx825 __idx826 __idx827 __idx828 __idx829 __idx830 __idx831 __idx832 __idx833 __idx834 __idx835 __idx836 __idx837 __idx838 __idx839 __idx840 __idx841 __idx842 __idx843 __idx844 __idx845 __idx846 __idx847 __idx848 __idx849 __idx850 __idx851 __idx852 __idx853 __idx854 __idx855 __idx856 __idx857 __idx858 __idx859 __idx860 __idx861 __idx862 __idx863 __idx864 __idx865 __idx866 __idx867 __idx868 __idx869 __idx870 __idx871 __idx872 __idx873 __idx874 __idx875 __idx876 __idx877 __idx878 __idx879 __idx880 __idx881 __idx882 __idx883 __idx884 __idx885 __idx886 __idx887 __idx888 __idx889 __idx890 __idx891 __idx892 __idx893 __idx894 __idx895 __idx896 __idx897 __idx898 __idx899 __idx900 __idx901 __idx902 __idx903 __idx904 __idx905 __idx906 __idx907 __idx908 __idx909 __idx910 __idx911 __idx912 __idx913 __idx914 __idx915 __idx916 __idx917 __idx918 __idx919 __idx920 __idx921 __idx922 __idx923 __idx924 __idx925 __idx926 __idx927 __idx928 __idx929 __idx930 __idx931 __idx932 __idx933 __idx934 __idx935 __idx936 __idx937 __idx938 __idx939 __idx940 __idx941 __idx942 __idx943 __idx944 __idx945 __idx946 __idx947 __idx948 __idx949 __idx950 __idx951 __idx952 __idx953 __idx954 __idx955 __idx956 __idx957 __idx958 __idx959 __idx960 __idx961 __idx962 __idx963 __idx964 __idx965 __idx966 __idx967 __idx968 __idx969 __idx970 __idx971 __idx972 __idx973 __idx974 __idx975 __idx976 __idx977 __idx978 __idx979 __idx980 __idx981 __idx982 __idx983 __idx984 __idx985 __idx986 __idx987 __idx988 __idx989 __idx990 __idx991 __idx992 __idx993 __idx994 __idx995 __idx996 __idx997 __idx998 __idx999 __idx1000 __idx1001 __idx1002 __idx1003 __idx1004 __idx1005 __idx1006 __idx1007 __idx1008 __idx1009 __idx1010 __idx1011 __idx1012 __idx1013 __idx1014 __idx1015 __idx1016 __idx1017 __idx1018 __idx1019 __idx1020 __idx1021 __idx1022 __idx1023 __idx1024 __idx1025 __idx1026 __idx1027 __idx1028 __idx1029 __idx1030 __idx1031 __idx1032 __idx1033 __idx1034 __idx1035 __idx1036 __idx1037 __idx1038 __idx1039 __idx1040 __idx1041 __idx1042 __idx1043 __idx1044 __idx1045 __idx1046 __idx1047 __idx1048 __idx1049 __idx1050 __idx1051 __idx1052 __idx1053 __idx1054 __idx1055 __idx1056 __idx1057 __idx1058 __idx1059 __idx1060 __idx1061 __idx1062 __idx1063 __idx1064 __idx1065 __idx1066 __idx1067 __idx1068 __idx1069 __idx1070 __idx1071 __idx1072 __idx1073 __idx1074 __idx1075 __idx1076 __idx1077 __idx1078 __idx1079 __idx1080 __idx1081 __idx1082 __idx1083 __idx1084 __idx1085 __idx1086 __idx1087 __idx1088 __idx1089 __idx1090 __idx1091 __idx1092 __idx1093 __idx1094 __idx1095 __idx1096 __idx1097 __idx1098 __idx1099 __idx1100 __idx1101 __idx1102 __idx1103 __idx1104 __idx1105 __idx1106 __idx1107 __idx1108 __idx1109 __idx1110 __idx1111 __idx1112 __idx1113 __idx1114 __idx1115 __idx1116 __idx1117 __idx1118 __idx1119 __idx1120 __idx1121 __idx1122 __idx1123 __idx1124 __idx1125 __idx1126 __idx1127 __idx1128 __idx1129 __idx1130 __idx1131 __idx1132 __idx1133 __idx1134 __idx1135 __idx1136 __idx1137 __idx1138 __idx1139 __idx1140 __idx1141 __idx1142 __idx1143 __idx1144 __idx1145 __idx1146 __idx1147 __idx1148 __idx1149 __idx1150 __idx1151 __idx1152 __idx1153 __idx1154 __idx1155 __idx1156 __idx1157 __idx1158 __idx1159 __idx1160 __idx1161 __idx1162 __idx1163 __idx1164 __idx1165 __idx1166 __idx1167 __idx1168 __idx1169 __idx1170 __idx1171 __idx1172 __idx1173 __idx1174 __idx1175 __idx1176 __idx1177 __idx1178 __idx1179 __idx1180 __idx1181 __idx1182 __idx1183 __idx1184 __idx1185 __idx1186 __idx1187 __idx1188 __idx1189 __idx1190 __idx1191 __idx1192 __idx1193 __idx1194 __idx1195 __idx1196 __idx1197 __idx1198 __idx1199 __idx1200 __idx1201 __idx1202 __idx1203 __idx1204 __idx1205 __idx1206 __idx1207 __idx1208 __idx1209 __idx1210 __idx1211 __idx1212 __idx1213 __idx1214 __idx1215 __idx1216 __idx1217 __idx1218 __idx1219 __idx1220 __idx1221 __idx1222 __idx1223 __idx1224 __idx1225 __idx1226 __idx1227 __idx1228 __idx1229 __idx1230 __idx1231 __idx1232 __idx1233 __idx1234 __idx1235 __idx1236 __idx1237 __idx1238 __idx1239 __idx1240 __idx1241 __idx1242 __idx1243 __idx1244 __idx1245 __idx1246 __idx1247 __idx1248 __idx1249 __idx1250 __idx1251 __idx1252 __idx1253 __idx1254 __idx1255 __idx1256 __idx1257 __idx1258 __idx1259 __idx1260 __idx1261 __idx1262 __idx1263 __idx1264 __idx1265 __idx1266 __idx1267 __idx1268 __idx1269 __idx1270 __idx1271 __idx1272 __idx1273 __idx1274 __idx1275 __idx1276 __idx1277 __idx1278 __idx1279 __idx1280 __idx1281 __idx1282 __idx1283 __idx1284 __idx1285 __idx1286 __idx1287 __idx1288 __idx1289 __idx1290 __idx1291 __idx1292 __idx1293 __idx1294 __idx1295 __idx1296 __idx1297 __idx1298 __idx1299 __idx1300 __idx1301 __idx1302 __idx1303 __idx1304 __idx1305 __idx1306 __idx1307 __idx1308 __idx1309 __idx1310 __idx1311 __idx1312 __idx1313 __idx1314 __idx1315 __idx1316 __idx1317 __idx1318 __idx1319 __idx1320 __idx1321 __idx1322 __idx1323 __idx1324 __idx1325 __idx1326 __idx1327 __idx1328 __idx1329 __idx1330 __idx1331 __idx1332 __idx1333 __idx1334 __idx1335 __idx1336 __idx1337 __idx1338 __idx1339 __idx1340 __idx1341 __idx1342 __idx1343 __idx1344 __idx1345 __idx1346 __idx1347 __idx1348 __idx1349 __idx1350 __idx1351 __idx1352 __idx1353 __idx1354 __idx1355 __idx1356 __idx1357 __idx1358 __idx1359 __idx1360 __idx1361 __idx1362 __idx1363 __idx1364 __idx1365 __idx1366 __idx1367 __idx1368 __idx1369 __idx1370 __idx1371 __idx1372 __idx1373 __idx1374 __idx1375 __idx1376 __idx1377 __idx1378 __idx1379 __idx1380 __idx1381 __idx1382 __idx1383 __idx1384 __idx1385 __idx1386 __idx1387 __idx1388 __idx1389 __idx1390 __idx1391 __idx1392 __idx1393 __idx1394 __idx1395 __idx1396 __idx1397 __idx1398 __idx1399 __idx1400 __idx1401 __idx1402 __idx1403 __idx1404 __idx1405 __idx1406 __idx1407 __idx1408 __idx1409 __idx1410 __idx1411 __idx1412 __idx1413 __idx1414 __idx1415 __idx1416 __idx1417 __idx1418 __idx1419 __idx1420 __idx1421 __idx1422 __idx1423 __idx1424 __idx1425 __idx1426 __idx1427 __idx1428 __idx1429 __idx1430 __idx1431 __idx1432 __idx1433 __idx1434 __idx1435 __idx1436 __idx1437 __idx1438 __idx1439 __idx1440 __idx1441 __idx1442 __idx1443 __idx1444 __idx1445 __idx1446 __idx1447 __idx1448 __idx1449 __idx1450 __idx1451 __idx1452 __idx1453 __idx1454 __idx1455 __idx1456 __idx1457 __idx1458 __idx1459 __idx1460 __idx1461 __idx1462 __idx1463 __idx1464 __idx1465 __idx1466 __idx1467 __idx1468 __idx1469 __idx1470 __idx1471 __idx1472 __idx1473 __idx1474 __idx1475 __idx1476 __idx1477 __idx1478 __idx1479 __idx1480 __idx1481 __idx1482 __idx1483 __idx1484 __idx1485 __idx1486 __idx1487 __idx1488 __idx1489 __idx1490 __idx1491 __idx1492 __idx1493 __idx1494 __idx1495 __idx1496 __idx1497 __idx1498 __idx1499 __idx1500 __idx1501 __idx1502 __idx1503 __idx1504 __idx1505 __idx1506 __idx1507 __idx1508 __idx1509 __idx1510 __idx1511 __idx1512 __idx1513 __idx1514 __idx1515 __idx1516 __idx1517 __idx1518 __idx1519 __idx1520 __idx1521 __idx1522 __idx1523 __idx1524 __idx1525 __idx1526 __idx1527 __idx1528 __idx1529 __idx1530 __idx1531 __idx1532 __idx1533 __idx1534 __idx1535 __idx1536 __idx1537 __idx1538 __idx1539 __idx1540 __idx1541 __idx1542 __idx1543 __idx1544 __idx1545 __idx1546 __idx1547 __idx1548 __idx1549 __idx1550 __idx1551 __idx1552 __idx1553 __idx1554 __idx1555 __idx1556 __idx1557 __idx1558 __idx1559 __idx1560 __idx1561 __idx1562 __idx1563 __idx1564 __idx1565 __idx1566 __idx1567 __idx1568 __idx1569 __idx1570 __idx1571 __idx1572 __idx1573 __idx1574 __idx1575 __idx1576 __idx1577 __idx1578 __idx1579 __idx1580 __idx1581 __idx1582 __idx1583 __idx1584 __idx1585 __idx1586 __idx1587 __idx1588 __idx1589 __idx1590 __idx1591 __idx1592 __idx1593 __idx1594 __idx1595 __idx1596 __idx1597 __idx1598 __idx1599 __idx1600 __idx1601 __idx1602 __idx1603 __idx1604 __idx1605 __idx1606 __idx1607 __idx1608 __idx1609 __idx1610 __idx1611 __idx1612 __idx1613 __idx1614 __idx1615 __idx1616 __idx1617 __idx1618 __idx1619 __idx1620 __idx1621 __idx1622 __idx1623 __idx1624 __idx1625 __idx1626 __idx1627 __idx1628 __idx1629 __idx1630 __idx1631 __idx1632 __idx1633 __idx1634 __idx1635 __idx1636 __idx1637 __idx1638 __idx1639 __idx1640 __idx1641 __idx1642 __idx1643 __idx1644 __idx1645 __idx1646 __idx1647 __idx1648 __idx1649 __idx1650 __idx1651 __idx1652 __idx1653 __idx1654 __idx1655 __idx1656 __idx1657 __idx1658 __idx1659 __idx1660 __idx1661 __idx1662 __idx1663 __idx1664 __idx1665 __idx1666 __idx1667 __idx1668 __idx1669 __idx1670 __idx1671 __idx1672 __idx1673 __idx1674 __idx1675 __idx1676 __idx1677 __idx1678 __idx1679 __idx1680 __idx1681 __idx1682 __idx1683 __idx1684 __idx1685 __idx1686 __idx1687 __idx1688 __idx1689 __idx1690 __idx1691 __idx1692 __idx1693 __idx1694 __idx1695 __idx1696 __idx1697 __idx1698 __idx1699 __idx1700 __idx1701 __idx1702 __idx1703 __idx1704 __idx1705 __idx1706 __idx1707 __idx1708 __idx1709 __idx1710 __idx1711 __idx1712 __idx1713 __idx1714 __idx1715 __idx1716 __idx1717 __idx1718 __idx1719 __idx1720 __idx1721 __idx1722 __idx1723 __idx1724 __idx1725 __idx1726 __idx1727 __idx1728 __idx1729 __idx1730 __idx1731 __idx1732 __idx1733 __idx1734 __idx1735 __idx1736 __idx1737 __idx1738 __idx1739 __idx1740 __idx1741 __idx1742 __idx1743 __idx1744 __idx1745 __idx1746 __idx1747 __idx1748 __idx1749 __idx1750 __idx1751 __idx1752 __idx1753 __idx1754 __idx1755 __idx1756 __idx1757 __idx1758 __idx1759 __idx1760 __idx1761 __idx1762 __idx1763 __idx1764 __idx1765 __idx1766 __idx1767 __idx1768 __idx1769 __idx1770 __idx1771 __idx1772 __idx1773 __idx1774 __idx1775 __idx1776 __idx1777 __idx1778 __idx1779 __idx1780 __idx1781 __idx1782 __idx1783 __idx1784 __idx1785 __idx1786 __idx1787 __idx1788 __idx1789 __idx1790 __idx1791 __idx1792 __idx1793 __idx1794 __idx1795 __idx1796 __idx1797 __idx1798 __idx1799 __idx1800 __idx1801 __idx1802 __idx1803 __idx1804 __idx1805 __idx1806 __idx1807 __idx1808 __idx1809 __idx1810 __idx1811 __idx1812 __idx1813 __idx1814 __idx1815 __idx1816 __idx1817 __idx1818 __idx1819 __idx1820 __idx1821 __idx1822 __idx1823 __idx1824 __idx1825 __idx1826 __idx1827 __idx1828 __idx1829 __idx1830 __idx1831 __idx1832 __idx1833 __idx1834 __idx1835 __idx1836 __idx1837 __idx1838 __idx1839 __idx1840 __idx1841 __idx1842 __idx1843 __idx1844 __idx1845 __idx1846 __idx1847 __idx1848 __idx1849 __idx1850 __idx1851 __idx1852 __idx1853 __idx1854 __idx1855 __idx1856 __idx1857 __idx1858 __idx1859 __idx1860 __idx1861 __idx1862 __idx1863 __idx1864 __idx1865 __idx1866 __idx1867 __idx1868 __idx1869 __idx1870 __idx1871 __idx1872 __idx1873 __idx1874 __idx1875 __idx1876 __idx1877 __idx1878 __idx1879 __idx1880 __idx1881 __idx1882 __idx1883 __idx1884 __idx1885 __idx1886 __idx1887 __idx1888 __idx1889 __idx1890 __idx1891 __idx1892 __idx1893 __idx1894 __idx1895 __idx1896 __idx1897 __idx1898 __idx1899 __idx1900 __idx1901 __idx1902 __idx1903 __idx1904 __idx1905 __idx1906 __idx1907 __idx1908 __idx1909 __idx1910 __idx1911 __idx1912 __idx1913 __idx1914 __idx1915 __idx1916 __idx1917 __idx1918 __idx1919 __idx1920 __idx1921 __idx1922 __idx1923 __idx1924 __idx1925 __idx1926 __idx1927 __idx1928 __idx1929 __idx1930 __idx1931 __idx1932 __idx1933 __idx1934 __idx1935 __idx1936 __idx1937 __idx1938 __idx1939 __idx1940 __idx1941 __idx1942 __idx1943 __idx1944 __idx1945 __idx1946 __idx1947 __idx1948 __idx1949 __idx1950 __idx1951 __idx1952 __idx1953 __idx1954 __idx1955 __idx1956 __idx1957 __idx1958 __idx1959 __idx1960 __idx1961 __idx1962 __idx1963 __idx1964 __idx1965 __idx1966 __idx1967 __idx1968 __idx1969 __idx1970 __idx1971 __idx1972 __idx1973 __idx1974 __idx1975 __idx1976 __idx1977 __idx1978 __idx1979 __idx1980 __idx1981 __idx1982 __idx1983 __idx1984 __idx1985 __idx1986 __idx1987 __idx1988 __idx1989 __idx1990 __idx1991 __idx1992 __idx1993 __idx1994 __idx1995 __idx1996 __idx1997 __idx1998 __idx1999 __idx2000 __idx2001 __idx2002 __idx2003 __idx2004 __idx2005 __idx2006 __idx2007 __idx2008 __idx2009 __idx2010 __idx2011 __idx2012 __idx2013 __idx2014 __idx2015 __idx2016 __idx2017 __idx2018 __idx2019 __idx2020 __idx2021 __idx2022 __idx2023 __idx2024 __idx2025 __idx2026 __idx2027 __idx2028 __idx2029 __idx2030 __idx2031 __idx2032 __idx2033 __idx2034 __idx2035 __idx2036 __idx2037 __idx2038 __idx2039 __idx2040 __idx2041 __idx2042 __idx2043 __idx2044 __idx2045 __idx2046 __idx2047 __idx2048 __idx2049 __idx2050 __idx2051 __idx2052 __idx2053 __idx2054 __idx2055 __idx2056 __idx2057 __idx2058 __idx2059 __idx2060 __idx2061 __idx2062 __idx2063 __idx2064 __idx2065 __idx2066 __idx2067 __idx2068 __idx2069 __idx2070 __idx2071 __idx2072 __idx2073 __idx2074 __idx2075 __idx2076 __idx2077 __idx2078 __idx2079 __idx2080 __idx2081 __idx2082 __idx2083 __idx2084 __idx2085 __idx2086 __idx2087 __idx2088 __idx2089 __idx2090 __idx2091 __idx2092 __idx2093 __idx2094 __idx2095 __idx2096 __idx2097 __idx2098 __idx2099 __idx2100 __idx2101 __idx2102 __idx2103 __idx2104 __idx2105 __idx2106 __idx2107 __idx2108 __idx2109 __idx2110 __idx2111 __idx2112 __idx2113 __idx2114 __idx2115 __idx2116 __idx2117 __idx2118 __idx2119 __idx2120 __idx2121 __idx2122 __idx2123 __idx2124 __idx2125 __idx2126 __idx2127 __idx2128 __idx2129 __idx2130 __idx2131 __idx2132 __idx2133 __idx2134 __idx2135 __idx2136 __idx2137 __idx2138 __idx2139 __idx2140 __idx2141 __idx2142 __idx2143 __idx2144 __idx2145 __idx2146 __idx2147 __idx2148 __idx2149 __idx2150 __idx2151 __idx2152 __idx2153 __idx2154 __idx2155 __idx2156 __idx2157 __idx2158 __idx2159 __idx2160 __idx2161 __idx2162 __idx2163 __idx2164 __idx2165 __idx2166 __idx2167 __idx2168 __idx2169 __idx2170 __idx2171 __idx2172 __idx2173 __idx2174 __idx2175 __idx2176 __idx2177 __idx2178 __idx2179 __idx2180 __idx2181 __idx2182 __idx2183 __idx2184 __idx2185 __idx2186 __idx2187 __idx2188 __idx2189 __idx2190 __idx2191 __idx2192 __idx2193 __idx2194 __idx2195 __idx2196 __idx2197 __idx2198 __idx2199 __idx2200 __idx2201 __idx2202 __idx2203 __idx2204 __idx2205 __idx2206 __idx2207 __idx2208 __idx2209 __idx2210 __idx2211 __idx2212 __idx2213 __idx2214 __idx2215 __idx2216 __idx2217 __idx2218 __idx2219 __idx2220 __idx2221 __idx2222 __idx2223 __idx2224 __idx2225 __idx2226 __idx2227 __idx2228 __idx2229 __idx2230 __idx2231 __idx2232 __idx2233 __idx2234 __idx2235 __idx2236 __idx2237 __idx2238 __idx2239 __idx2240 __idx2241 __idx2242 __idx2243 __idx2244 __idx2245 __idx2246 __idx2247 __idx2248 __idx2249 __idx2250 __idx2251 __idx2252 __idx2253 __idx2254 __idx2255 __idx2256 __idx2257 __idx2258 __idx2259 __idx2260 __idx2261 __idx2262 __idx2263 __idx2264 __idx2265 __idx2266 __idx2267 __idx2268 __idx2269 __idx2270 __idx2271 __idx2272 __idx2273 __idx2274 __idx2275 __idx2276 __idx2277 __idx2278 __idx2279 __idx2280 __idx2281 __idx2282 __idx2283 __idx2284 __idx2285 __idx2286 __idx2287 __idx2288 __idx2289 __idx2290 __idx2291 __idx2292 __idx2293 __idx2294 __idx2295 __idx2296 __idx2297 __idx2298 __idx2299 __idx2300 __idx2301 __idx2302 __idx2303 __idx2304 __idx2305 __idx2306 __idx2307 __idx2308 __idx2309 __idx2310 __idx2311 __idx2312 __idx2313 __idx2314 __idx2315 __idx2316 __idx2317 __idx2318 __idx2319 __idx2320 __idx2321 __idx2322 __idx2323 __idx2324 __idx2325 __idx2326 __idx2327 __idx2328 __idx2329 __idx2330 __idx2331 __idx2332 __idx2333 __idx2334 __idx2335 __idx2336 __idx2337 __idx2338 __idx2339 __idx2340 __idx2341 __idx2342 __idx2343 __idx2344 __idx2345 __idx2346 __idx2347 __idx2348 __idx2349 __idx2350 __idx2351 __idx2352 __idx2353 __idx2354 __idx2355 __idx2356 __idx2357 __idx2358 __idx2359 __idx2360 __idx2361 __idx2362 __idx2363 __idx2364 __idx2365 __idx2366 __idx2367 __idx2368 __idx2369 __idx2370 __idx2371 __idx2372 __idx2373 __idx2374 __idx2375 __idx2376 __idx2377 __idx2378 __idx2379 __idx2380 __idx2381 __idx2382 __idx2383 __idx2384 __idx2385 __idx2386 __idx2387 __idx2388 __idx2389 __idx2390 __idx2391 __idx2392 __idx2393 __idx2394 __idx2395 __idx2396 __idx2397 __idx2398 __idx2399 __idx2400 __idx2401 __idx2402 __idx2403 __idx2404 __idx2405 __idx2406 __idx2407 __idx2408 __idx2409 __idx2410 __idx2411 __idx2412 __idx2413 __idx2414 __idx2415 __idx2416 __idx2417 __idx2418 __idx2419 __idx2420 __idx2421 __idx2422 __idx2423 __idx2424 __idx2425 __idx2426 __idx2427 __idx2428 __idx2429 __idx2430 __idx2431 __idx2432 __idx2433 __idx2434 __idx2435 __idx2436 __idx2437 __idx2438 __idx2439 __idx2440 __idx2441 __idx2442 __idx2443 __idx2444 __idx2445 __idx2446 __idx2447 __idx2448 __idx2449 __idx2450 __idx2451 __idx2452 __idx2453 __idx2454 __idx2455 __idx2456 __idx2457 __idx2458 __idx2459 __idx2460 __idx2461 __idx2462 __idx2463 __idx2464 __idx2465 __idx2466 __idx2467 __idx2468 __idx2469 __idx2470 __idx2471 __idx2472 __idx2473 __idx2474 __idx2475 __idx2476 __idx2477 __idx2478 __idx2479 __idx2480 __idx2481 __idx2482 __idx2483 __idx2484 __idx2485 __idx2486 __idx2487 __idx2488 __idx2489 __idx2490 __idx2491 __idx2492 __idx2493 __idx2494 __idx2495 __idx2496 __idx2497 __idx2498 __idx2499 __idx2500 __idx2501 __idx2502 __idx2503 __idx2504 __idx2505 __idx2506 __idx2507 __idx2508 __idx2509 __idx2510 __idx2511 __idx2512 __idx2513 __idx2514 __idx2515 __idx2516 __idx2517 __idx2518 __idx2519 __idx2520 __idx2521 __idx2522 __idx2523 __idx2524 __idx2525 __idx2526 __idx2527 __idx2528 __idx2529 __idx2530 __idx2531 __idx2532 __idx2533 __idx2534 __idx2535 __idx2536 __idx2537 __idx2538 __idx2539 __idx2540 __idx2541 __idx2542 __idx2543 __idx2544 __idx2545 __idx2546 __idx2547 __idx2548 __idx2549 __idx2550 __idx2551 __idx2552 __idx2553 __idx2554 __idx2555 __idx2556 __idx2557 __idx2558 __idx2559 __idx2560 __idx2561 __idx2562 __idx2563 __idx2564 __idx2565 __idx2566 __idx2567 __idx2568 __idx2569 __idx2570 __idx2571 __idx2572 __idx2573 __idx2574 __idx2575 __idx2576 __idx2577 __idx2578 __idx2579 __idx2580 __idx2581 __idx2582 __idx2583 __idx2584 __idx2585 __idx2586 __idx2587 __idx2588 __idx2589 __idx2590 __idx2591 __idx2592 __idx2593 __idx2594 __idx2595 __idx2596 __idx2597 __idx2598 __idx2599 __idx2600 __idx2601 __idx2602 __idx2603 __idx2604 __idx2605 __idx2606 __idx2607 __idx2608 __idx2609 __idx2610 __idx2611 __idx2612 __idx2613 __idx2614 __idx2615 __idx2616 __idx2617 __idx2618 __idx2619 __idx2620 __idx2621 __idx2622 __idx2623 __idx2624 __idx2625 __idx2626 __idx2627 __idx2628 __idx2629 __idx2630 __idx2631 __idx2632 __idx2633 __idx2634 __idx2635 __idx2636 __idx2637 __idx2638 __idx2639 __idx2640 __idx2641 __idx2642 __idx2643 __idx2644 __idx2645 __idx2646 __idx2647 __idx2648 __idx2649 __idx2650 __idx2651 __idx2652 __idx2653 __idx2654 __idx2655 __idx2656 __idx2657 __idx2658 __idx2659 __idx2660 __idx2661 __idx2662 __idx2663 __idx2664 __idx2665 __idx2666 __idx2667 __idx2668 __idx2669 __idx2670 __idx2671 __idx2672 __idx2673 __idx2674 __idx2675 __idx2676 __idx2677 __idx2678 __idx2679 __idx2680 __idx2681 __idx2682 __idx2683 __idx2684 __idx2685 __idx2686 __idx2687 __idx2688 __idx2689 __idx2690 __idx2691 __idx2692 __idx2693 __idx2694 __idx2695 __idx2696 __idx2697 __idx2698 __idx2699 __idx2700 __idx2701 __idx2702 __idx2703 __idx2704 __idx2705 __idx2706 __idx2707 __idx2708 __idx2709 __idx2710 __idx2711 __idx2712 __idx2713 __idx2714 __idx2715 __idx2716 __idx2717 __idx2718 __idx2719 __idx2720 __idx2721 __idx2722 __idx2723 __idx2724 __idx2725 __idx2726 __idx2727 __idx2728 __idx2729 __idx2730 __idx2731 __idx2732 __idx2733 __idx2734 __idx2735 __idx2736 __idx2737 __idx2738 __idx2739 __idx2740 __idx2741 __idx2742 __idx2743 __idx2744 __idx2745 __idx2746 __idx2747 __idx2748 __idx2749 __idx2750 __idx2751 __idx2752 __idx2753 __idx2754 __idx2755 __idx2756 __idx2757 __idx2758 __idx2759 __idx2760 __idx2761 __idx2762 __idx2763 __idx2764 __idx2765 __idx2766 __idx2767 __idx2768 __idx2769 __idx2770 __idx2771 __idx2772 __idx2773 __idx2774 __idx2775 __idx2776 __idx2777 __idx2778 __idx2779 __idx2780 __idx2781 __idx2782 __idx2783 __idx2784 __idx2785 __idx2786 __idx2787 __idx2788 __idx2789 __idx2790 __idx2791 __idx2792 __idx2793 __idx2794 __idx2795 __idx2796 __idx2797 __idx2798 __idx2799 __idx2800 __idx2801 __idx2802 __idx2803 __idx2804 __idx2805 __idx2806 __idx2807 __idx2808 __idx2809 __idx2810 __idx2811 __idx2812 __idx2813 __idx2814 __idx2815 __idx2816 __idx2817 __idx2818 __idx2819 __idx2820 __idx2821 __idx2822 __idx2823 __idx2824 __idx2825 __idx2826 __idx2827 __idx2828 __idx2829 __idx2830 __idx2831 __idx2832 __idx2833 __idx2834 __idx2835 __idx2836 __idx2837 __idx2838 __idx2839 __idx2840 __idx2841 __idx2842 __idx2843 __idx2844 __idx2845 __idx2846 __idx2847 __idx2848 __idx2849 __idx2850 __idx2851 __idx2852 __idx2853 __idx2854 __idx2855 __idx2856 __idx2857 __idx2858 __idx2859 __idx2860 __idx2861 __idx2862 __idx2863 __idx2864 __idx2865 __idx2866 __idx2867 __idx2868 __idx2869 __idx2870 __idx2871 __idx2872 __idx2873 __idx2874 __idx2875 __idx2876 __idx2877 __idx2878 __idx2879 __idx2880 __idx2881 __idx2882 __idx2883 __idx2884 __idx2885 __idx2886 __idx2887 __idx2888 __idx2889 __idx2890 __idx2891 __idx2892 __idx2893 __idx2894 __idx2895 __idx2896 __idx2897 __idx2898 __idx2899 __idx2900 __idx2901 __idx2902 __idx2903 __idx2904 __idx2905 __idx2906 __idx2907 __idx2908 __idx2909 __idx2910 __idx2911 __idx2912 __idx2913 __idx2914 __idx2915 __idx2916 __idx2917 __idx2918 __idx2919 __idx2920 __idx2921 __idx2922 __idx2923 __idx2924 __idx2925 __idx2926 __idx2927 __idx2928 __idx2929 __idx2930 __idx2931 __idx2932 __idx2933 __idx2934 __idx2935 __idx2936 __idx2937 __idx2938 __idx2939 __idx2940 __idx2941 __idx2942 __idx2943 __idx2944 __idx2945 __idx2946 __idx2947 __idx2948 __idx2949 __idx2950 __idx2951 __idx2952 __idx2953 __idx2954 __idx2955 __idx2956 __idx2957 __idx2958 __idx2959 __idx2960 __idx2961 __idx2962 __idx2963 __idx2964 __idx2965 __idx2966 __idx2967 __idx2968 __idx2969 __idx2970 __idx2971 __idx2972 __idx2973 __idx2974 __idx2975 __idx2976 __idx2977 __idx2978 __idx2979 __idx2980 __idx2981 __idx2982 __idx2983 __idx2984 __idx2985 __idx2986 __idx2987 __idx2988 __idx2989 __idx2990 __idx2991 __idx2992 __idx2993 __idx2994 __idx2995 __idx2996 __idx2997 __idx2998 __idx2999 __idx3000 __idx3001 __idx3002 __idx3003 __idx3004 __idx3005 __idx3006 __idx3007 __idx3008 __idx3009 __idx3010 __idx3011 __idx3012 __idx3013 __idx3014 __idx3015 __idx3016 __idx3017 __idx3018 __idx3019 __idx3020 __idx3021 __idx3022 __idx3023 __idx3024 __idx3025 __idx3026 __idx3027 __idx3028 __idx3029 __idx3030 __idx3031 __idx3032 __idx3033 __idx3034 __idx3035 __idx3036 __idx3037 __idx3038 __idx3039 __idx3040 __idx3041 __idx3042 __idx3043 __idx3044 __idx3045 __idx3046 __idx3047 __idx3048 __idx3049 __idx3050 __idx3051 __idx3052 __idx3053 __idx3054 __idx3055 __idx3056 __idx3057 __idx3058 __idx3059 __idx3060 __idx3061 __idx3062 __idx3063 __idx3064 __idx3065 __idx3066 __idx3067 __idx3068 __idx3069 __idx3070 __idx3071 __idx3072 __idx3073 __idx3074 __idx3075 __idx3076 __idx3077 __idx3078 __idx3079 __idx3080 __idx3081 __idx3082 __idx3083 __idx3084 __idx3085 __idx3086 __idx3087 __idx3088 __idx3089 __idx3090 __idx3091 __idx3092 __idx3093 __idx3094 __idx3095 __idx3096 __idx3097 __idx3098 __idx3099 __idx3100 __idx3101 __idx3102 __idx3103 __idx3104 __idx3105 __idx3106 __idx3107 __idx3108 __idx3109 __idx3110 __idx3111 __idx3112 __idx3113 __idx3114 __idx3115 __idx3116 __idx3117 __idx3118 __idx3119 __idx3120 __idx3121 __idx3122 __idx3123 __idx3124 __idx3125 __idx3126 __idx3127 __idx3128 __idx3129 __idx3130 __idx3131 __idx3132 __idx3133 __idx3134 __idx3135 __idx3136 __idx3137 __idx3138 __idx3139 __idx3140 __idx3141 __idx3142 __idx3143 __idx3144 __idx3145 __idx3146 __idx3147 __idx3148 __idx3149 __idx3150 __idx3151 __idx3152 __idx3153 __idx3154 __idx3155 __idx3156 __idx3157 __idx3158 __idx3159 __idx3160 __idx3161 __idx3162 __idx3163 __idx3164 __idx3165 __idx3166 __idx3167 __idx3168 __idx3169 __idx3170 __idx3171 __idx3172 __idx3173 __idx3174 __idx3175 __idx3176 __idx3177 __idx3178 __idx3179 __idx3180 __idx3181 __idx3182 __idx3183 __idx3184 __idx3185 __idx3186 __idx3187 __idx3188 __idx3189 __idx3190 __idx3191 __idx3192 __idx3193 __idx3194 __idx3195 __idx3196 __idx3197 __idx3198 __idx3199 __idx3200 __idx3201 __idx3202 __idx3203 __idx3204 __idx3205 __idx3206 __idx3207 __idx3208 __idx3209 __idx3210 __idx3211 __idx3212 __idx3213 __idx3214 __idx3215 __idx3216 __idx3217 __idx3218 __idx3219 __idx3220 __idx3221 __idx3222 __idx3223 __idx3224 __idx3225 __idx3226 __idx3227 __idx3228 __idx3229 __idx3230 __idx3231 __idx3232 __idx3233 __idx3234 __idx3235 __idx3236 __idx3237 __idx3238 __idx3239 __idx3240 __idx3241 __idx3242 __idx3243 __idx3244 __idx3245 __idx3246 __idx3247 __idx3248 __idx3249 __idx3250 __idx3251 __idx3252 __idx3253 __idx3254 __idx3255 __idx3256 __idx3257 __idx3258 __idx3259 __idx3260 __idx3261 __idx3262 __idx3263 __idx3264 __idx3265 __idx3266 __idx3267 __idx3268 __idx3269 __idx3270 __idx3271 __idx3272 __idx3273 __idx3274 __idx3275 __idx3276 __idx3277 __idx3278 __idx3279 __idx3280 __idx3281 __idx3282 __idx3283 __idx3284 __idx3285 __idx3286 __idx3287 __idx3288 __idx3289 __idx3290 __idx3291 __idx3292 __idx3293 __idx3294 __idx3295 __idx3296 __idx3297 __idx3298 __idx3299 __idx3300 __idx3301 __idx3302 __idx3303 __idx3304 __idx3305 __idx3306 __idx3307 __idx3308 __idx3309 __idx3310 __idx3311 __idx3312 __idx3313 __idx3314 __idx3315 __idx3316 __idx3317 __idx3318 __idx3319 __idx3320 __idx3321 __idx3322 __idx3323 __idx3324 __idx3325 __idx3326 __idx3327 __idx3328 __idx3329 __idx3330 __idx3331 __idx3332 __idx3333 __idx3334 __idx3335 __idx3336 __idx3337 __idx3338 __idx3339 __idx3340 __idx3341 __idx3342 __idx3343 __idx3344 __idx3345 __idx3346 __idx3347 __idx3348 __idx3349 __idx3350 __idx3351 __idx3352 __idx3353 __idx3354 __idx3355 __idx3356 __idx3357 __idx3358 __idx3359 __idx3360 __idx3361 __idx3362 __idx3363 __idx3364 __idx3365 __idx3366 __idx3367 __idx3368 __idx3369 __idx3370 __idx3371 __idx3372 __idx3373 __idx3374 __idx3375 __idx3376 __idx3377 __idx3378 __idx3379 __idx3380 __idx3381 __idx3382 __idx3383 __idx3384 __idx3385 __idx3386 __idx3387 __idx3388 __idx3389 __idx3390 __idx3391 __idx3392 __idx3393 __idx3394 __idx3395 __idx3396 __idx3397 __idx3398 __idx3399 __idx3400 __idx3401 __idx3402 __idx3403 __idx3404 __idx3405 __idx3406 __idx3407 __idx3408 __idx3409 __idx3410 __idx3411 __idx3412 __idx3413 __idx3414 __idx3415 __idx3416 __idx3417 __idx3418 __idx3419 __idx3420 __idx3421 __idx3422 __idx3423 __idx3424 __idx3425 __idx3426 __idx3427 __idx3428 __idx3429 __idx3430 __idx3431 __idx3432 __idx3433 __idx3434 __idx3435 __idx3436 __idx3437 __idx3438 __idx3439 __idx3440 __idx3441 __idx3442 __idx3443 __idx3444 __idx3445 __idx3446 __idx3447 __idx3448 __idx3449 __idx3450 __idx3451 __idx3452 __idx3453 __idx3454 __idx3455 __idx3456 __idx3457 __idx3458 __idx3459 __idx3460 __idx3461 __idx3462 __idx3463 __idx3464 __idx3465 __idx3466 __idx3467 __idx3468 __idx3469 __idx3470 __idx3471 __idx3472 __idx3473 __idx3474 __idx3475 __idx3476 __idx3477 __idx3478 __idx3479 __idx3480 __idx3481 __idx3482 __idx3483 __idx3484 __idx3485 __idx3486 __idx3487 __idx3488 __idx3489 __idx3490 __idx3491 __idx3492 __idx3493 __idx3494 __idx3495 __idx3496 __idx3497 __idx3498 __idx3499 __idx3500 __idx3501 __idx3502 __idx3503 __idx3504 __idx3505 __idx3506 __idx3507 __idx3508 __idx3509 __idx3510 __idx3511 __idx3512 __idx3513 __idx3514 __idx3515 __idx3516 __idx3517 __idx3518 __idx3519 __idx3520 __idx3521 __idx3522 __idx3523 __idx3524 __idx3525 __idx3526 __idx3527 __idx3528 __idx3529 __idx3530 __idx3531 __idx3532 __idx3533 __idx3534 __idx3535 __idx3536 __idx3537 __idx3538 __idx3539 </list>
v   <values> 0 0 1 1 0 1 23 1 23 24 1 1 1 1 1 1 1 1 1 1 1 1 1 1 1 1 1 1 1 1 1 1 1 1 1 1 1 1 1 1 1 1 1 1 1 1 1 1 1 1 1 1 1 1 1 1 1 1 1 1 1 1 1 1 1 1 1 1 1 1 1 1 1 1 1 1 1 1 1 1 1 1 1 1 1 1 1 1 1 1 1 1 1 1 1 1 1 1 1 1 1 1 1 1 1 1 1 1 1 1 1 1 1 1 1 1 1 1 1 1 1 1 1 1 1 1 1 1 1 1 1 1 1 1 1 1 1 1 1 1 1 1 1 1 1 1 1 1 1 1 1 1 1 1 1 1 1 1 1 1 1 1 1 1 1 1 1 1 1 1 1 1 1 1 1 1 1 1 1 1 1 1 1 1 1 1 1 1 1 1 1 1 1 1 1 1 1 1 1 1 1 1 1 1 1 1 1 1 1 1 1 1 1 1 1 1 1 1 1 1 1 1 1 1 1 1 1 1 1 1 1 1 1 1 1 1 1 1 1 1 1 1 1 1 1 1 1 1 1 1 1 1 1 1 1 1 1 1 1 1 1 1 1 1 1 1 1 1 1 1 1 1 1 1 1 1 1 1 1 1 1 1 1 1 1 1 1 1 1 1 1 1 1 1 1 1 1 1 1 1 1 1 1 1 1 1 0 1 0 1 1 0 0 1 0 1 0 1 0 1 0 0 0 1 0 0 0 1 1 0 0 0 1 1 1 0 0 1 1 0 0 0 1 0 0 1 0 1 1 1 1 0 0 0 1 1 1 0 1 0 0 1 1 1 1 1 0 0 0 0 0 0 1 0 0 0 0 0 0 0 1 0 1 1 1 1 1 1 0 1 1 0 0 1 0 0 0 0 0 0 0 0 0 1 1 0 0 0 1 0 1 0 0 0 0 0 0 1 1 0 0 0 0 1 0 0 0 1 0 1 1 1 0 1 1 1 1 1 1 0 0 1 0 0 0 0 1 0 0 1 1 0 0 0 0 0 1 1 0 0 1 1 0 0 0 0 0 0 1 0 1 1 1 1 0 0 1 0 0 1 0 0 1 0 1 0 0 0 0 0 0 0 0 0 0 0 0 1 1 1 1 0 0 0 0 0 0 0 0 1 0 1 0 0 0 0 1 1 1 1 0 0 1 1 0 0 0 0 0 0 0 1 1 0 1 0 1 0 1 1 0 1 0 1 1 0 0 1 1 0 0 1 1 1 1 1 1 0 1 0 1 0 1 0 0 1 0 1 0 1 0 0 0 1 0 0 1 1 1 0 0 1 0 0 0 0 0 1 0 0 1 1 0 0 0 0 1 1 1 0 1 1 1 1 1 1 1 1 1 1 1 1 1 1 1 1 1 1 1 1 1 1 1 1 1 1 1 1 1 1 1 1 1 1 1 1 1 1 1 1 1 1 1 1 1 1 1 1 1 1 1 1 1 1 1 1 1 1 1 1 1 1 1 1 1 1 1 1 1 1 1 1 1 1 1 1 1 1 1 1 1 1 1 1 1 1 1 1 1 1 1 1 1 1 1 1 1 1 1 1 1 1 1 1 1 1 1 1 1 1 1 1 1 1 1 1 1 1 1 1 1 1 1 1 1 1 1 1 1 1 1 1 1 1 1 1 1 1 1 1 1 1 1 1 1 1 1 1 1 1 1 1 1 1 1 1 1 1 1 1 1 1 1 1 1 1 1 1 1 1 1 1 1 1 1 1 1 1 1 1 1 1 1 1 1 1 1 1 1 1 1 1 1 1 1 1 1 1 1 1 1 1 1 1 1 1 1 1 1 1 1 1 1 1 1 1 1 1 1 1 1 1 1 1 1 1 1 1 1 1 1 1 1 1 1 1 1 1 1 1 1 1 1 1 1 1 1 1 1 1 1 1 1 1 1 1 1 1 1 1 1 1 1 1 1 1 1 1 1 1 1 1 1 1 1 1 1 1 1 1 1 1 1 1 1 1 1 1 1 1 1 1 1 1 1 0 1 0 1 0 0 1 1 0 1 0 1 0 1 0 1 1 1 0 1 1 1 0 0 1 1 1 0 0 0 1 1 0 0 1 1 1 0 1 1 0 1 0 0 0 0 1 1 1 0 0 0 1 0 1 1 0 0 0 0 0 1 1 1 1 1 1 0 1 1 1 1 1 1 1 0 1 0 0 0 0 0 0 1 0 0 1 1 0 1 1 1 1 1 1 1 1 1 0 0 1 1 1 0 1 0 1 1 1 1 1 1 0 0 1 1 1 1 0 1 1 1 0 1 0 0 0 1 0 0 0 0 0 0 1 1 0 1 1 1 1 0 1 1 0 0 1 1 1 1 1 0 0 1 1 0 0 1 1 1 1 1 1 0 1 0 0 0 0 1 1 0 1 1 0 1 1 0 1 0 1 1 1 1 1 1 1 1 1 1 1 1 0 0 0 0 1 1 1 1 1 1 1 1 0 1 0 1 1 1 1 0 0 0 0 1 1 0 0 1 1 1 1 1 1 1 0 0 1 0 1 0 1 0 0 1 0 1 0 0 1 1 0 0 1 1 0 0 0 0 0 0 1 0 1 0 1 0 1 1 0 1 0 1 0 1 1 1 0 1 1 0 0 0 1 1 0 1 1 1 1 1 0 1 1 0 0 1 1 1 1 0 0 0 1 1 1 1 1 1 1 1 1 1 1 1 1 1 1 1 1 1 1 1 1 1 1 1 1 1 1 1 1 1 1 1 1 1 1 1 1 1 1 1 1 1 1 1 1 1 1 1 1 1 1 1 1 1 1 1 1 1 1 1 1 1 1 1 1 1 1 1 1 1 1 1 1 1 1 1 1 1 1 1 1 1 1 1 1 1 1 1 1 1 1 1 1 1 1 1 1 1 1 1 1 1 1 1 1 1 1 1 1 1 1 1 1 1 1 1 1 1 1 1 1 1 1 1 1 1 1 1 1 1 1 1 1 1 1 1 1 1 1 1 1 1 1 1 1 1 1 1 1 1 1 1 1 1 1 1 1 1 1 1 1 1 1 1 1 1 1 1 1 1 1 1 1 1 1 1 1 1 1 1 1 1 1 1 1 1 1 1 1 1 1 1 1 1 1 1 1 1 1 1 1 1 1 1 1 1 1 1 1 1 1 1 1 1 1 1 1 1 1 1 1 1 1 1 1 1 1 1 1 1 1 1 1 1 1 1 1 1 1 1 1 1 1 1 1 1 1 1 1 1 1 1 1 1 1 1 1 1 1 1 1 1 1 1 1 1 1 1 1 1 1 1 1 1 1 1 1 1 1 1 1 1 1 1 1 1 1 1 1 1 1 1 1 1 1 1 0 1 0 0 0 0 0 0 0 0 1 1 0 0 0 0 0 0 0 0 1 1 0 1 0 0 0 1 0 0 0 0 1 0 0 0 0 0 0 0 0 0 0 0 0 1 0 0 0 1 0 0 0 0 0 0 1 0 0 0 1 1 0 0 0 0 0 0 0 0 0 0 0 0 0 0 0 1 0 0 1 0 0 1 0 0 1 0 0 0 0 0 0 0 0 0 0 0 0 1 0 0 0 0 0 1 0 0 0 1 0 0 1 1 0 0 0 0 0 1 0 1 1 0 1 0 0 0 0 1 0 0 0 0 0 0 0 0 0 1 1 0 0 0 0 1 0 0 0 0 0 0 0 0 0 0 0 0 0 0 0 0 0 0 0 0 0 0 0 0 0 0 0 0 0 1 0 0 0 0 0 0 1 0 0 0 0 0 0 0 0 0 0 0 0 1 0 0 0 0 0 0 0 0 1 0 0 0 0 0 0 0 0 0 0 0 0 0 0 1 0 0 0 0 0 1 0 0 1 1 0 0 0 1 0 0 0 1 0 1 0 0 0 0 0 1 0 0 0 1 1 0 1 0 0 0 0 1 0 0 1 0 0 0 0 0 1 0 0 0 0 0 0 0 0 0 1 0 0 0 0 0 0 0 0 1 1 0 0 0 0 0 1 0 0 1 0 1 0 1 0 0 0 0 0 1 4 52 108 0 0 0 1 1 1 0 0 0 1 1 1 0 0 0 0 0 0 1 1 1 1 1 1 0 0 0 1 1 1 0 0 0 1 1 1 0 0 0 1 1 1 0 0 0 1 1 1 1 1 1 1 1 1 0 0 0 1 1 1 1 1 1 1 1 1 0 0 0 0 0 0 1 1 1 1 1 1 1 1 1 0 0 0 0 0 0 0 0 0 1 1 1 1 1 1 0 0 0 0 0 0 1 1 1 1 1 1 1 1 1 0 0 0 1 1 1 1 1 1 0 0 0 1 1 1 0 0 0 0 0 0 0 0 0 0 0 0 1 1 1 1 1 1 1 1 1 0 0 0 0 0 0 0 0 0 1 1 1 0 0 0 1 1 1 1 1 1 0 0 0 0 0 0 0 0 0 0 0 0 0 0 0 1 1 1 1 1 1 1 1 1 1 1 1 1 1 1 1 1 1 0 0 0 1 1 1 1 1 1 1 1 1 1 1 1 1 1 1 1 1 1 1 1 1 0 0 0 1 1 1 0 0 0 0 0 0 0 0 0 0 0 0 0 0 0 0 0 0 1 1 1 0 0 0 0 0 0 1 1 1 1 1 1 0 0 0 1 1 1 1 1 1 1 1 1 1 1 1 1 1 1 1 1 1 1 1 1 1 1 1 1 1 1 0 0 0 0 0 0 1 1 1 1 1 1 1 1 1 0 0 0 1 1 1 0 0 0 1 1 1 1 1 1 1 1 1 1 1 1 1 1 1 1 1 1 0 0 0 0 0 0 1 1 1 1 1 1 1 1 1 1 1 1 0 0 0 1 1 1 1 1 1 1 1 1 0 0 0 1 1 1 0 0 0 0 0 0 0 0 0 1 1 1 0 0 0 0 0 0 0 0 0 0 0 0 0 0 0 0 0 0 1 1 1 1 1 1 0 0 0 1 1 1 1 1 1 1 1 1 1 1 1 0 0 0 1 1 1 1 1 1 0 0 0 0 0 0 1 1 1 1 1 1 1 1 1 1 1 1 1 1 1 0 0 0 0 0 0 1 1 1 1 1 1 0 0 0 0 0 0 1 1 1 1 1 1 1 1 1 1 1 1 1 1 1 1 1 1 0 0 0 1 1 1 0 0 0 0 0 0 0 0 0 0 0 0 1 1 1 1 1 1 0 0 0 1 1 1 1 1 1 0 0 0 1 1 1 1 1 1 0 0 0 1 1 1 0 0 0 1 1 1 1 1 1 1 1 1 1 1 1 1 1 1 1 1 1 1 1 1 1 1 1 1 1 1 1 1 1 1 1 1 1 1 1 0 0 0 0 0 0 0 0 0 0 0 0 1 1 1 1 1 1 1 1 1 1 1 1 1 1 1 1 1 1 1 1 1 1 1 1 0 0 0 1 1 1 0 0 0 1 1 1 1 1 1 1 1 1 1 1 1 0 0 0 0 0 0 0 0 0 0 0 0 1 1 1 1 1 1 0 0 0 0 0 0 1 1 1 1 1 1 1 1 1 1 1 1 1 1 1 1 1 1 1 1 1 0 0 0 0 0 0 1 1 1 0 0 0 1 1 1 0 0 0 1 1 1 0 0 0 0 0 0 1 1 1 0 0 0 1 1 1 0 0 0 0 0 0 1 1 1 1 1 1 0 0 0 0 0 0 1 1 1 1 1 1 0 0 0 0 0 0 0 0 0 0 0 0 0 0 0 0 0 0 1 1 1 0 0 0 1 1 1 0 0 0 1 1 1 0 0 0 1 1 1 1 1 1 0 0 0 1 1 1 0 0 0 1 1 1 0 0 0 1 1 1 1 1 1 1 1 1 0 0 0 1 1 1 1 1 1 0 0 0 0 0 0 0 0 0 1 1 1 1 1 1 0 0 0 1 1 1 1 1 1 1 1 1 1 1 1 1 1 1 0 0 0 1 1 1 1 1 1 0 0 0 0 0 0 1 1 1 1 1 1 1 1 1 1 1 1 0 0 0 0 0 0 0 0 0 1 1 1 0 0 0 0 0 0 0 0 0 1 1 1 0 0 0 0 0 0 1 1 1 1 1 1 0 0 0 1 1 1 1 1 1 0 0 0 0 0 0 1 1 1 0 0 0 1 1 1 1 1 1 1 1 1 0 0 0 1 1 1 0 0 0 0 0 0 0 0 0 1 1 1 1 1 1 1 1 1 1 1 1 1 1 1 0 0 0 0 0 0 1 1 1 1 1 1 1 1 1 0 0 0 1 1 1 1 1 1 1 1 1 0 0 0 1 1 1 1 1 1 0 0 0 1 1 1 0 0 0 0 0 0 0 0 0 1 1 1 1 1 1 1 1 1 1 1 1 1 1 1 0 0 0 0 0 0 1 1 1 0 0 0 1 1 1 1 1 1 1 1 1 0 0 0 0 0 0 0 0 0 1 1 1 0 0 0 1 1 1 1 1 1 1 1 1 1 1 1 1 1 1 0 0 0 1 1 1 1 1 1 1 1 1 1 1 1 1 1 1 1 1 1 1 1 1 0 0 0 1 1 1 1 1 1 0 0 0 0 0 0 1 1 1 0 0 0 0 0 0 0 0 0 0 0 0 0 0 0 0 0 0 1 1 1 0 0 0 1 1 1 1 1 1 1 1 1 1 1 1 1 1 1 1 1 1 1 1 1 1 1 1 1 1 1 0 0 0 1 1 1 1 1 1 1 1 1 1 1 1 0 0 0 1 1 1 1 1 1 1 1 1 1 1 1 1 1 1 0 0 0 1 1 1 1 1 1 1 1 1 1 1 1 1 1 1 1 1 1 1 1 1 1 1 1 0 0 0 0 0 0 1 1 1 0 0 0 1 1 1 1 1 1 1 1 1 0 0 0 0 0 0 1 1 1 0 0 0 1 1 1 0 0 0 0 0 0 0 0 0 0 0 0 1 1 1 1 1 1 0 0 0 1 1 1 1 1 1 0 0 0 0 0 0 0 0 0 1 1 1 1 1 1 0 0 0 1 1 1 1 1 1 1 1 1 1 1 1 1 1 1 1 1 1 0 0 0 0 0 0 1 1 1 1 1 1 0 0 0 0 0 0 1 1 1 1 1 1 1 1 1 1 1 1 1 1 1 1 1 1 0 0 0 1 1 1 0 0 0 0 0 0 0 0 0 0 0 0 1 1 1 1 1 1 0 0 0 1 1 1 1 1 1 0 0 0 0 0 0 1 1 1 0 0 0 1 1 1 0 0 0 1 1 1 1 1 1 0 0 0 1 1 1 1 1 1 1 1 1 1 1 1 1 1 1 1 1 1 1 1 1 1 1 1 1 1 1 0 0 0 0 0 0 0 0 0 1 1 1 1 1 1 1 1 1 1 1 1 1 1 1 1 1 1 1 1 1 1 1 1 1 1 1 1 1 1 1 1 1 0 0 0 1 1 1 1 1 1 1 1 1 1 1 1 0 0 0 0 0 0 0 0 0 0 0 0 1 1 1 1 1 1 0 0 0 0 0 0 0 0 0 1 1 1 1 1 1 1 1 1 1 1 1 1 1 1 0 0 0 0 0 0 0 0 0 0 0 0 1 1 1 1 1 1 0 0 0 1 1 1 1 1 1 0 0 0 1 1 1 0 0 0 0 0 0 0 0 0 1 1 1 1 1 1 1 1 1 0 0 0 0 0 0 1 1 1 0 0 0 0 0 0 0 0 0 0 0 0 1 1 1 1 1 1 0 0 0 0 0 0 0 0 0 1 1 1 0 0 0 1 1 1 1 1 1 1 1 1 1 1 1 1 1 1 1 1 1 0 0 0 1 1 1 0 0 0 1 1 1 0 0 0 1 1 1 0 0 0 1 1 1 1 1 1 0 0 0 0 0 0 0 0 0 1 1 1 1 1 1 1 1 1 1 1 1 1 1 1 1 1 1 1 1 1 1 1 1 0 0 0 1 1 1 1 1 1 1 1 1 1 1 1 1 1 1 1 1 1 1 1 1 1 1 1 0 0 0 1 1 1 0 0 0 1 1 1 0 0 0 1 1 1 0 0 0 1 1 1 0 0 0 0 0 0 1 1 1 1 1 1 0 0 0 1 1 1 0 0 0 1 1 1 0 0 0 1 1 1 0 0 0 1 1 1 1 1 1 1 1 1 0 0 0 1 1 1 1 1 1 1 1 1 0 0 0 0 0 0 1 1 1 1 1 1 1 1 1 0 0 0 0 0 0 0 0 0 1 1 1 1 1 1 0 0 0 0 0 0 1 1 1 1 1 1 1 1 1 0 0 0 1 1 1 1 1 1 0 0 0 1 1 1 0 0 0 0 0 0 0 0 0 0 0 0 1 1 1 1 1 1 1 1 1 0 0 0 0 0 0 0 0 0 1 1 1 0 0 0 1 1 1 1 1 1 0 0 0 0 0 0 0 0 0 0 0 0 0 0 0 1 1 1 1 1 1 1 1 1 1 1 1 1 1 1 1 1 1 0 0 0 1 1 1 1 1 1 1 1 1 1 1 1 1 1 1 1 1 1 1 1 1 0 0 0 1 1 1 0 0 0 0 0 0 0 0 0 0 0 0 0 0 0 0 0 0 1 1 1 0 0 0 0 0 0 1 1 1 1 1 1 0 0 0 1 1 1 1 1 1 1 1 1 1 1 1 1 1 1 1 1 1 1 1 1 1 1 1 1 1 1 0 0 0 0 0 0 1 1 1 1 1 1 1 1 1 0 0 0 1 1 1 0 0 0 1 1 1 1 1 1 1 1 1 1 1 1 1 1 1 1 1 1 0 0 0 0 0 0 1 1 1 1 1 1 1 1 1 1 1 1 0 0 0 1 1 1 1 1 1 1 1 1 0 0 0 1 1 1 0 0 0 0 0 0 0 0 0 1 1 1 0 0 0 0 0 0 0 0 0 0 0 0 0 0 0 0 0 0 1 1 1 1 1 1 0 0 0 1 1 1 1 1 1 1 1 1 1 1 1 0 0 0 1 1 1 1 1 1 0 0 0 0 0 0 1 1 1 1 1 1 1 1 1 1 1 1 1 1 1 0 0 0 0 0 0 1 1 1 1 1 1 0 0 0 0 0 0 1 1 1 1 1 1 1 1 1 1 1 1 1 1 1 1 1 1 0 0 0 1 1 1 0 0 0 0 0 0 0 0 0 0 0 0 1 1 1 1 1 1 0 0 0 1 1 1 1 1 1 0 0 0 1 1 1 1 1 1 0 0 0 1 1 1 0 0 0 1 1 1 1 1 1 1 1 1 1 1 1 1 1 1 1 1 1 1 1 1 1 1 1 1 1 1 1 1 1 1 1 1 1 1 1 0 0 0 0 0 0 0 0 0 0 0 0 1 1 1 1 1 1 1 1 1 1 1 1 1 1 1 1 1 1 1 1 1 1 1 1 0 0 0 1 1 1 0 0 0 1 1 1 1 1 1 1 1 1 1 1 1 0 0 0 0 0 0 0 0 0 0 0 0 1 1 1 1 1 1 0 0 0 0 0 0 1 1 1 1 1 1 1 1 1 1 1 1 1 1 1 1 1 1 1 1 1 0 0 0 0 0 0 1 1 1 0 0 0 1 1 1 0 0 0 1 1 1 0 0 0 0 0 0 1 1 1 0 0 0 1 1 1 0 0 0 0 0 0 1 1 1 1 1 1 0 0 0 0 0 0 1 1 1 1 1 1 0 0 0 0 0 0 0 0 0 0 0 0 0 0 0 0 0 0 1 1 1 0 0 0 1 1 1 0 0 0 1 1 1 0 0 0 1 1 1 1 1 1 0 0 0 1 1 1 0 0 0 1 1 1 0 0 0 1 1 1 1 1 1 1 1 1 0 0 0 1 1 1 1 1 1 0 0 0 0 0 0 0 0 0 1 1 1 1 1 1 0 0 0 1 1 1 1 1 1 1 1 1 1 1 1 1 1 1 0 0 0 1 1 1 1 1 1 0 0 0 0 0 0 1 1 1 1 1 1 1 1 1 1 1 1 0 0 0 0 0 0 0 0 0 1 1 1 0 0 0 0 0 0 0 0 0 1 1 1 0 0 0 0 0 0 1 1 1 1 1 1 0 0 0 1 1 1 1 1 1 0 0 0 0 0 0 1 1 1 0 0 0 1 1 1 1 1 1 1 1 1 0 0 0 1 1 1 0 0 0 0 0 0 0 0 0 1 1 1 1 1 1 1 1 1 1 1 1 1 1 1 0 0 0 0 0 0 1 1 1 1 1 1 1 1 1 0 0 0 1 1 1 1 1 1 1 1 1 0 0 0 1 1 1 1 1 1 0 0 0 1 1 1 0 0 0 0 0 0 0 0 0 1 1 1 1 1 1 1 1 1 1 1 1 1 1 1 0 0 0 0 0 0 1 1 1 0 0 0 1 1 1 1 1 1 1 1 1 0 0 0 0 0 0 0 0 0 1 1 1 0 0 0 1 1 1 1 1 1 1 1 1 1 1 1 1 1 1 0 0 0 1 1 1 1 1 1 1 1 1 1 1 1 1 1 1 1 1 1 1 1 1 0 0 0 1 1 1 1 1 1 0 0 0 0 0 0 1 1 1 0 0 0 0 0 0 0 0 0 0 0 0 0 0 0 0 0 0 1 1 1 0 0 0 1 1 1 1 1 1 1 1 1 1 1 1 1 1 1 1 1 1 1 1 1 1 1 1 1 1 1 0 0 0 1 1 1 1 1 1 1 1 1 1 1 1 0 0 0 1 1 1 1 1 1 1 1 1 1 1 1 1 1 1 0 0 0 1 1 1 1 1 1 1 1 1 1 1 1 1 1 1 1 1 1 1 1 1 1 1 1 0 0 0 0 0 0 1 1 1 0 0 0 1 1 1 1 1 1 1 1 1 0 0 0 0 0 0 1 1 1 0 0 0 1 1 1 0 0 0 0 0 0 0 0 0 0 0 0 1 1 1 1 1 1 0 0 0 1 1 1 1 1 1 0 0 0 0 0 0 0 0 0 1 1 1 1 1 1 0 0 0 1 1 1 1 1 1 1 1 1 1 1 1 1 1 1 1 1 1 0 0 0 0 0 0 1 1 1 1 1 1 0 0 0 0 0 0 1 1 1 1 1 1 1 1 1 1 1 1 1 1 1 1 1 1 0 0 0 1 1 1 0 0 0 0 0 0 0 0 0 0 0 0 1 1 1 1 1 1 0 0 0 1 1 1 1 1 1 0 0 0 0 0 0 1 1 1 0 0 0 1 1 1 0 0 0 1 1 1 1 1 1 0 0 0 1 1 1 1 1 1 1 1 1 1 1 1 1 1 1 1 1 1 1 1 1 1 1 1 1 1 1 0 0 0 0 0 0 0 0 0 1 1 1 1 1 1 1 1 1 1 1 1 1 1 1 1 1 1 1 1 1 1 1 1 1 1 1 1 1 1 1 1 1 0 0 0 1 1 1 1 1 1 1 1 1 1 1 1 0 0 0 0 0 0 0 0 0 0 0 0 1 1 1 1 1 1 0 0 0 0 0 0 0 0 0 1 1 1 1 1 1 1 1 1 1 1 1 1 1 1 0 0 0 0 0 0 0 0 0 0 0 0 1 1 1 1 1 1 0 0 0 1 1 1 1 1 1 0 0 0 1 1 1 0 0 0 0 0 0 0 0 0 1 1 1 1 1 1 1 1 1 0 0 0 0 0 0 1 1 1 0 0 0 0 0 0 0 0 0 0 0 0 1 1 1 1 1 1 0 0 0 0 0 0 0 0 0 1 1 1 0 0 0 1 1 1 1 1 1 1 1 1 1 1 1 1 1 1 1 1 1 0 0 0 1 1 1 0 0 0 1 1 1 0 0 0 1 1 1 0 0 0 1 1 1 1 1 1 0 0 0 0 0 0 0 0 0 1 1 1 1 1 1 1 1 1 1 1 1 1 1 1 1 1 1 1 1 1 1 1 1 0 0 0 1 1 1 1 1 1 1 1 1 1 1 1 1 1 1 1 1 1 1 1 1 1 1 1 0 0 0 1 1 1 0 0 0 1 1 1 </values>
v </instantiation>
d OBJECTIVE_VALUE 108
d OPTIMAL 1
d SOURCE_CONSTRAINTS 6819
d NORMALIZED_CONSTRAINTS 6819
d LOWERED_CONSTRAINTS 6819
d UNSUPPORTED_CONSTRAINTS 0
d CSP_INT_VARS 5334
d CSP_CONSTRAINTS 6819
d CSP_INTENTIONAL 3279
d CSP_GLOBAL 3540
d CSP_EXTENSIONAL 0
d CSP_ALLDIFF 0
d CSP_CUMULATIVE 0
d CSP_TABLE 0
d CSP_DOMAIN_SPAN_MEDIAN 3
d CSP_DOMAIN_SPAN_MAX 351
d N_CUMULATIVE 0
d N_TABLE 0
d CIRCUIT_CEGAR_FAILURES 0
d CIRCUIT_CEGAR_ROUNDS 0
d CIRCUIT_CEGAR_ADDED_CLAUSES 0
d CUMULATIVE_CEGAR_FAILURES 0
d CUMULATIVE_CEGAR_ROUNDS 0
d CUMULATIVE_CEGAR_ADDED_CLAUSES 0
d COP_CEGAR_FAILURES 0
d COP_CEGAR_ROUNDS 0
d COP_CEGAR_ADDED_CLAUSES 0
d OBJECTIVE_CUT_TIMING incremental-soft
d OBJECTIVE_CUT_BACKEND cnf
d OBJECTIVE_CUT_FORM direct-expr
d OBJECTIVE_CUT_EAGER_CLAUSES_ADDED 0
d OBJECTIVE_RELAXATION_CLAUSES_ADDED 0
d OBJECTIVE_ROUNDS 11
d OBJECTIVE_IMPROVEMENTS 7
d OBJECTIVE_OPTIMALITY_PROOF strict_cut_unsat
d PROPAGATE_MS 11
d NORMALIZE_MS 0
d LOWER_MS 66660
d POST_LOWER_MS 42
d PREENCODE_MS 32
d ENCODE_MS 128
d SAT_SOLVE_MS 5116
d TOTAL_MS 77255
d SAT_VARS 46204
d SAT_CLAUSES_BASE 384966
d SAT_CLAUSES_FINAL 384966
d SAT_CLAUSES_CEGAR_DELTA 0
d CSP_INT_VARS 5334
d CSP_CONSTRAINTS 6819
d CSP_INTENTIONAL 3279
d CSP_GLOBAL 3540
d CSP_EXTENSIONAL 0
d CSP_ALLDIFF 0
d CSP_CUMULATIVE 0
d CSP_TABLE 0
d CSP_DOMAIN_SPAN_MEDIAN 3
d CSP_DOMAIN_SPAN_MAX 351
d N_CUMULATIVE 0
d N_TABLE 0
d SAT_CONFLICTS 11825
d LINEAR_INT_EQ_ARITY_STATS {"0":{"count":1180,"max_domain_product_excluding_one_var":"1","p95_domain_product_excluding_one_var":"1"},"1":{"count":11251,"max_domain_product_excluding_one_var":"1","p95_domain_product_excluding_one_var":"1"},"2":{"count":1180,"max_domain_product_excluding_one_var":"2","p95_domain_product_excluding_one_var":"2"},"3":{"count":1,"max_domain_product_excluding_one_var":"1480","p95_domain_product_excluding_one_var":"1480"},"6":{"count":1,"max_domain_product_excluding_one_var":"32","p95_domain_product_excluding_one_var":"32"},"296":{"count":1,"max_domain_product_excluding_one_var":"340282366920938463463374607431768211455","p95_domain_product_excluding_one_var":"340282366920938463463374607431768211455"}}
d LINEAR_INT_NE_ARITY_STATS {"1":{"count":92,"max_domain_product_excluding_one_var":"1","p95_domain_product_excluding_one_var":"1"}}
d LINEAR_INT_GE_ARITY_STATS {"1":{"count":5,"max_domain_product_excluding_one_var":"1","p95_domain_product_excluding_one_var":"1"}}
d LINEAR_BOOL_MIXED_ARITY_STATS {}
d ROOT_LP_ENTERED 1
d ROOT_LP_STATUS optimal
d OBJECTIVE_NAIVE_LOWER 14
d OBJECTIVE_NAIVE_UPPER 365
d OBJECTIVE_LP_LOWER 14
d OBJECTIVE_LP_UPPER 365
d ROOT_LP_IMPROVED 0
d ROOT_LP_MS 5023
d ROOT_LP_ROWS 1773
d ROOT_LP_VARS 10349
d ROOT_LP_STRUCTURED_OBJECTIVE_TERMS 0
d ROOT_LP_STRUCTURED_OBJECTIVE_AUX_VARS 0
d ROOT_LP_STRUCTURED_OBJECTIVE_ROWS 0
d ROOT_LP_NATIVE_GATE_GE_TOTAL 5
d ROOT_LP_NATIVE_GATE_EQ_TOTAL 13614
d ROOT_LP_NATIVE_GATE_GE_MAX_ARITY 1
d ROOT_LP_NATIVE_GATE_GE_MAX_DOMAIN_PRODUCT 1
d ROOT_LP_NATIVE_GATE_BOOL_MIXED_MAX_ARITY 0
d ROOT_LP_OBJECTIVE_VALUE 14
d OBJECTIVE_CUT_TIMING incremental-soft
d OBJECTIVE_CUT_BACKEND cnf
d OBJECTIVE_CUT_FORM direct-expr
d PROPAGATE_PRUNED_VALUES 3
d PROPAGATE_CHANGED_DOMAINS 3
d PROPAGATE_ENTAILED_TABLES 0
d POST_LOWER_ROUNDS 295
d POST_LOWER_TIGHTENED_DOMAINS 295
d POST_LOWER_REMOVED_CLAUSES 1184
d POST_LOWER_REMOVED_LITS 887
d POST_LOWER_DETECTED_UNSAT 0
d PREENCODE_INT_VARS 6902
d ENCODE_EXTERNAL_GE_SPECS 0
d ENCODE_RELAXED_CIRCUITS 0
d MEMORY_RSS_BYTES 307810304
d MEMORY_RSS_AFTER_PROPAGATE_BYTES 185782272
d MEMORY_RSS_AFTER_LOWER_BYTES 240910336
d MEMORY_RSS_AFTER_POST_LOWER_BYTES 250425344
d MEMORY_RSS_BEFORE_PREENCODE_BYTES 252137472
d MEMORY_RSS_AFTER_PREENCODE_BYTES 265256960
d MEMORY_RSS_BEFORE_ENCODE_BYTES 265256960
d MEMORY_RSS_ENCODE_SAMPLE_INTERVAL_CLAUSES 1000000
d MEMORY_RSS_ENCODE_SAMPLE_COUNT 10
d MEMORY_RSS_ENCODE_LAST_SAMPLE_CLAUSE 384947
d MEMORY_RSS_ENCODE_LAST_SAMPLE_BYTES 307810304
d MEMORY_RSS_ENCODE_MAX_SAMPLE_BYTES 307810304
d DECODE_INT_ASSIGNMENTS 5334
d CSV /bench/2020/minimal-decision-sets/sparse_mds.mzn,optimum,6819,6819,6819,0,46204,384966,77255,11,0,66660,32,128,5116,1,optimal,14,365,14,365,0,5023,1773,10349,0,0,0,14,,
c run_end_local: 2026-06-20 22:01:07 +0900
