c cmd: /host-parser-bin/kat_xcsp_1d1a452a /bench/competition/2022-2025/COP22to25/GBACP-UD03_c23.xml.lzma --encoder order-ge --cop-pipeline guarded-basic --order-ge-table mdd-tl --order-ge-eq-ne direct-order --order-ge-direct-eq-ne-max-arity 2 --progress
c 00h00m00s | solve:start
c 00h00m00s | input: constraints=1431
c 00h00m00s | stage:propagate:start
c 00h00m00s | stage:propagate:done ms=2 pruned=396 changed_domains=196 entailed_tables=0
c 00h00m00s | stage:normalize:start
c 00h00m00s | stage:normalize:done ms=0 high_constraints=1431
c 00h00m00s | stage:lower:start
c 00h00m00s | stage:lower:done ms=306 lowered=1431 unsupported=0
c 00h00m00s | stage:post_lower:start
c 00h00m00s | stage:post_lower:done ms=74 rounds=4702 tightened=6307 removed_cls=9182 removed_lits=4591 unsat=false precise_hits=0 precise_rounds=1 pivot_recomputes=145709 pivot_exact_attempts=53845 pivot_general_attempts=145709 pivot_general_rest_missing=0 pivot_general_bound_missing=0 pivot_general_no_change=144104 pivot_general_tightened=1605 setup_ms=37 loop_ms=27 pivot_ms=0 pivot_version_ms=0 pivot_exact_ms=0 pivot_general_ms=0 pivot_general_prepare_ms=0 pivot_general_rest_ms=0 pivot_general_derive_ms=0 apply_ms=0 sat_ms=0 precise_ms=2
c 00h00m00s | stage:preencode(order-ge):start
c 00h00m04s | stage:preencode(order-ge):done ms=3969 int_vars=46028
c 00h00m04s | stage:encode(order-ge):start
c 00h00m11s | stage:encode(order-ge):done ms=7060 sat_vars=1356633 sat_clauses=19653917 ext_ge_specs=0 relaxed_circuits=0
c 00h00m11s | stage:sat:init solver=CaDiCaL vars=1356633 clauses=19653917
c 00h00m11s | stage:sat:solve:start round=1 cegar_rounds=1 assumptions=0
c 00h00m17s | stage:sat:solve:done round=1 ms=6139 result=Sat assumptions=0
c 00h00m17s | stage:decode:start round=1
c 00h00m17s | stage:decode:done round=1 int_assignments=794
c 00h00m17s | stage:relaxation:done clauses_added=0 cegar_failures=0 cegar_rounds=1 cegar_added_clauses=0
c 00h00m17s | result:Sat
c 00h00m17s | objective:incumbent kind=initial value=32394 rounds=1 improvements=0
o 32394
c 00h00m17s | stage:sat:init solver=CaDiCaL vars=1356633 clauses=19653917
c 00h00m17s | stage:sat:solve:start round=1 cegar_rounds=2 assumptions=0
c 00h00m18s | stage:sat:solve:done round=1 ms=538 result=Sat assumptions=0
c 00h00m18s | stage:decode:start round=1
s UNKNOWN
c reason: internal_error: base CSP is missing int var '__kat_if_c0_0'
d CSV /bench/competition/2022-2025/COP22to25/GBACP-UD03_c23.xml.lzma,internal_error,,,,,,,,,,,,,,internal_error,base CSP is missing int var '__kat_if_c0_0'
