c cmd: /host-parser-bin/kat_xcsp_f2b89728-dirty-mznfull10609-1200-20260620 /bench/2019/rotating-workforce/rotating-workforce.mzn --data /bench/2019/rotating-workforce/Example1242.dzn --encoder portfolio --portfolio-strategy v3 --cop-pipeline guarded-basic --cop-objective-cut direct-expr --cop-objective-cut-timing incremental-soft --cop-objective-cut-backend cnf --table-encoding mdd-tl --cumulative-mode exact --cumulative-decomposition time-rd --progress --log-scop-linear-pb-backend auto --log-scop-bdd-decomposition auto --log-scop-aggregate-weighted-lits --order-ge-shorten-link-cost --direct-eq-ne-max-arity 2 --eq-ne-encoding direct --portfolio-log-scop-eq-ne-encoding ge-rewrite --cop-objective-phase auto --cop-objective-search trisection --cop-objective-search-fallback-budget 180 --root-lp-bound --root-lp-backend lpo --root-lp-time-limit-secs 60 --ignore-parse-error
c version: kat-cli=0.1.0 git=unknown-clean
c run_start_local: 2026-06-20 21:51:25 +0900
c 00h00m00s | solve:start
c 00h00m00s | input: constraints=525
c 00h00m00s | stage:propagate:start
c 00h00m00s | stage:propagate:done ms=0 pruned=2079 changed_domains=43 entailed_tables=0
c 00h00m00s | memory:rss checkpoint=after_propagate bytes=5578752 rss=5.32MiB
c 00h00m00s | stage:normalize:start
c 00h00m00s | stage:normalize:done ms=0 high_constraints=525
c 00h00m00s | stage:lower:start
c 00h00m00s | stage:lower:progress percent=10 processed=53 total=525 lowered=53 unsupported=0 ms=0
c 00h00m00s | stage:lower:progress percent=20 processed=105 total=525 lowered=105 unsupported=0 ms=0
c 00h00m00s | stage:lower:progress percent=30 processed=158 total=525 lowered=158 unsupported=0 ms=0
c 00h00m00s | stage:lower:progress percent=40 processed=210 total=525 lowered=210 unsupported=0 ms=0
c 00h00m00s | stage:lower:progress percent=50 processed=263 total=525 lowered=263 unsupported=0 ms=0
c 00h00m00s | stage:lower:progress percent=60 processed=315 total=525 lowered=315 unsupported=0 ms=1
c 00h00m00s | stage:lower:progress percent=70 processed=368 total=525 lowered=368 unsupported=0 ms=7
c 00h00m00s | stage:lower:progress percent=80 processed=420 total=525 lowered=420 unsupported=0 ms=9
c 00h00m00s | stage:lower:progress percent=90 processed=473 total=525 lowered=473 unsupported=0 ms=11
c 00h00m00s | stage:lower:progress percent=100 processed=525 total=525 lowered=525 unsupported=0 ms=11
c 00h00m00s | stage:lower:done ms=12 lowered=525 unsupported=0
c 00h00m00s | memory:rss checkpoint=after_lower bytes=5578752 rss=5.32MiB
c 00h00m00s | stage:post_lower:start
c 00h00m00s | stage:post_lower:done ms=4 rounds=207 tightened=318 removed_cls=280 removed_lits=9 unsat=false precise_hits=1756 precise_rounds=1 pivot_recomputes=1391 pivot_exact_attempts=1124 pivot_general_attempts=956 pivot_general_rest_missing=0 pivot_general_bound_missing=0 pivot_general_no_change=845 pivot_general_tightened=111 setup_ms=0 loop_ms=2 pivot_ms=0 pivot_version_ms=0 pivot_exact_ms=0 pivot_general_ms=0 pivot_general_prepare_ms=0 pivot_general_rest_ms=0 pivot_general_derive_ms=0 apply_ms=0 sat_ms=0 precise_ms=1
c 00h00m00s | memory:rss checkpoint=after_post_lower bytes=5578752 rss=5.32MiB
c 00h00m00s | memory:rss checkpoint=before_preencode bytes=5849088 rss=5.58MiB
c 00h00m00s | stage:preencode(log-scop):start
c 00h00m00s | stage:preencode(log-scop):done ms=0 int_vars=1289
c 00h00m00s | memory:rss checkpoint=after_preencode bytes=5849088 rss=5.58MiB
c 00h00m00s | memory:rss checkpoint=before_encode bytes=5849088 rss=5.58MiB
c 00h00m00s | stage:encode(log-scop):start
c 00h00m00s | stage:encode(log-scop):done ms=187 sat_vars=143638 sat_clauses=298541 relaxed_circuits=0 log_scop_pb_constraints=3734 log_scop_pb_mixed=0 log_scop_pb_bdd2=3734 log_scop_pb_bdd3=0 log_scop_pb_sorter=0 log_scop_pb_dadda=0 log_scop_bdd_raw=3734 log_scop_bdd_binary=0 log_scop_bdd_multibase=0
c 00h00m00s | stage:sat:init solver=CaDiCaL vars=143638 clauses=298541
c 00h00m00s | stage:sat:solve:start assumptions=0 phase_lits=0
c 00h00m10s | stage:sat:solve:done ms=10749 result=Sat assumptions=0 phase_lits=0
c 00h00m10s | stage:decode:start
c 00h00m10s | stage:decode:done int_assignments=609
c 00h00m10s | result:Sat
s SATISFIABLE
v <instantiation>
v   <list> plan_sort[1,1] plan_sort[1,2] plan_sort[1,3] plan_sort[1,4] plan_sort[1,5] plan_sort[1,6] plan_sort[1,7] plan_sort[2,1] plan_sort[2,2] plan_sort[2,3] plan_sort[2,4] plan_sort[2,5] plan_sort[2,6] plan_sort[2,7] plan_sort[3,1] plan_sort[3,2] plan_sort[3,3] plan_sort[3,4] plan_sort[3,5] plan_sort[3,6] plan_sort[3,7] plan_sort[4,1] plan_sort[4,2] plan_sort[4,3] plan_sort[4,4] plan_sort[4,5] plan_sort[4,6] plan_sort[4,7] plan_sort[5,1] plan_sort[5,2] plan_sort[5,3] plan_sort[5,4] plan_sort[5,5] plan_sort[5,6] plan_sort[5,7] plan_sort[6,1] plan_sort[6,2] plan_sort[6,3] plan_sort[6,4] plan_sort[6,5] plan_sort[6,6] plan_sort[6,7] plan_sort[7,1] plan_sort[7,2] plan_sort[7,3] plan_sort[7,4] plan_sort[7,5] plan_sort[7,6] plan_sort[7,7] plan_sort[8,1] plan_sort[8,2] plan_sort[8,3] plan_sort[8,4] plan_sort[8,5] plan_sort[8,6] plan_sort[8,7] plan_sort[9,1] plan_sort[9,2] plan_sort[9,3] plan_sort[9,4] plan_sort[9,5] plan_sort[9,6] plan_sort[9,7] plan_sort[10,1] plan_sort[10,2] plan_sort[10,3] plan_sort[10,4] plan_sort[10,5] plan_sort[10,6] plan_sort[10,7] plan_sort[11,1] plan_sort[11,2] plan_sort[11,3] plan_sort[11,4] plan_sort[11,5] plan_sort[11,6] plan_sort[11,7] plan_sort[12,1] plan_sort[12,2] plan_sort[12,3] plan_sort[12,4] plan_sort[12,5] plan_sort[12,6] plan_sort[12,7] plan_sort[13,1] plan_sort[13,2] plan_sort[13,3] plan_sort[13,4] plan_sort[13,5] plan_sort[13,6] plan_sort[13,7] plan_sort[14,1] plan_sort[14,2] plan_sort[14,3] plan_sort[14,4] plan_sort[14,5] plan_sort[14,6] plan_sort[14,7] plan_sort[15,1] plan_sort[15,2] plan_sort[15,3] plan_sort[15,4] plan_sort[15,5] plan_sort[15,6] plan_sort[15,7] plan_sort[16,1] plan_sort[16,2] plan_sort[16,3] plan_sort[16,4] plan_sort[16,5] plan_sort[16,6] plan_sort[16,7] plan_sort[17,1] plan_sort[17,2] plan_sort[17,3] plan_sort[17,4] plan_sort[17,5] plan_sort[17,6] plan_sort[17,7] plan_sort[18,1] plan_sort[18,2] plan_sort[18,3] plan_sort[18,4] plan_sort[18,5] plan_sort[18,6] plan_sort[18,7] plan_sort[19,1] plan_sort[19,2] plan_sort[19,3] plan_sort[19,4] plan_sort[19,5] plan_sort[19,6] plan_sort[19,7] plan_sort[20,1] plan_sort[20,2] plan_sort[20,3] plan_sort[20,4] plan_sort[20,5] plan_sort[20,6] plan_sort[20,7] plan_sort[21,1] plan_sort[21,2] plan_sort[21,3] plan_sort[21,4] plan_sort[21,5] plan_sort[21,6] plan_sort[21,7] plan_sort[22,1] plan_sort[22,2] plan_sort[22,3] plan_sort[22,4] plan_sort[22,5] plan_sort[22,6] plan_sort[22,7] plan[1,1] plan[1,2] plan[1,3] plan[1,4] plan[1,5] plan[1,6] plan[1,7] plan[2,1] plan[2,2] plan[2,3] plan[2,4] plan[2,5] plan[2,6] plan[2,7] plan[3,1] plan[3,2] plan[3,3] plan[3,4] plan[3,5] plan[3,6] plan[3,7] plan[4,1] plan[4,2] plan[4,3] plan[4,4] plan[4,5] plan[4,6] plan[4,7] plan[5,1] plan[5,2] plan[5,3] plan[5,4] plan[5,5] plan[5,6] plan[5,7] plan[6,1] plan[6,2] plan[6,3] plan[6,4] plan[6,5] plan[6,6] plan[6,7] plan[7,1] plan[7,2] plan[7,3] plan[7,4] plan[7,5] plan[7,6] plan[7,7] plan[8,1] plan[8,2] plan[8,3] plan[8,4] plan[8,5] plan[8,6] plan[8,7] plan[9,1] plan[9,2] plan[9,3] plan[9,4] plan[9,5] plan[9,6] plan[9,7] plan[10,1] plan[10,2] plan[10,3] plan[10,4] plan[10,5] plan[10,6] plan[10,7] plan[11,1] plan[11,2] plan[11,3] plan[11,4] plan[11,5] plan[11,6] plan[11,7] plan[12,1] plan[12,2] plan[12,3] plan[12,4] plan[12,5] plan[12,6] plan[12,7] plan[13,1] plan[13,2] plan[13,3] plan[13,4] plan[13,5] plan[13,6] plan[13,7] plan[14,1] plan[14,2] plan[14,3] plan[14,4] plan[14,5] plan[14,6] plan[14,7] plan[15,1] plan[15,2] plan[15,3] plan[15,4] plan[15,5] plan[15,6] plan[15,7] plan[16,1] plan[16,2] plan[16,3] plan[16,4] plan[16,5] plan[16,6] plan[16,7] plan[17,1] plan[17,2] plan[17,3] plan[17,4] plan[17,5] plan[17,6] plan[17,7] plan[18,1] plan[18,2] plan[18,3] plan[18,4] plan[18,5] plan[18,6] plan[18,7] plan[19,1] plan[19,2] plan[19,3] plan[19,4] plan[19,5] plan[19,6] plan[19,7] plan[20,1] plan[20,2] plan[20,3] plan[20,4] plan[20,5] plan[20,6] plan[20,7] plan[21,1] plan[21,2] plan[21,3] plan[21,4] plan[21,5] plan[21,6] plan[21,7] plan[22,1] plan[22,2] plan[22,3] plan[22,4] plan[22,5] plan[22,6] plan[22,7] dplan[1] dplan[2] dplan[3] dplan[4] dplan[5] dplan[6] dplan[7] dplan[8] dplan[9] dplan[10] dplan[11] dplan[12] dplan[13] dplan[14] dplan[15] dplan[16] dplan[17] dplan[18] dplan[19] dplan[20] dplan[21] dplan[22] dplan[23] dplan[24] dplan[25] dplan[26] dplan[27] dplan[28] dplan[29] dplan[30] dplan[31] dplan[32] dplan[33] dplan[34] dplan[35] dplan[36] dplan[37] dplan[38] dplan[39] dplan[40] dplan[41] dplan[42] dplan[43] dplan[44] dplan[45] dplan[46] dplan[47] dplan[48] dplan[49] dplan[50] dplan[51] dplan[52] dplan[53] dplan[54] dplan[55] dplan[56] dplan[57] dplan[58] dplan[59] dplan[60] dplan[61] dplan[62] dplan[63] dplan[64] dplan[65] dplan[66] dplan[67] dplan[68] dplan[69] dplan[70] dplan[71] dplan[72] dplan[73] dplan[74] dplan[75] dplan[76] dplan[77] dplan[78] dplan[79] dplan[80] dplan[81] dplan[82] dplan[83] dplan[84] dplan[85] dplan[86] dplan[87] dplan[88] dplan[89] dplan[90] dplan[91] dplan[92] dplan[93] dplan[94] dplan[95] dplan[96] dplan[97] dplan[98] dplan[99] dplan[100] dplan[101] dplan[102] dplan[103] dplan[104] dplan[105] dplan[106] dplan[107] dplan[108] dplan[109] dplan[110] dplan[111] dplan[112] dplan[113] dplan[114] dplan[115] dplan[116] dplan[117] dplan[118] dplan[119] dplan[120] dplan[121] dplan[122] dplan[123] dplan[124] dplan[125] dplan[126] dplan[127] dplan[128] dplan[129] dplan[130] dplan[131] dplan[132] dplan[133] dplan[134] dplan[135] dplan[136] dplan[137] dplan[138] dplan[139] dplan[140] dplan[141] dplan[142] dplan[143] dplan[144] dplan[145] dplan[146] dplan[147] dplan[148] dplan[149] dplan[150] dplan[151] dplan[152] dplan[153] dplan[154] __let0_count_off_duty[1] __let0_count_off_duty[2] __let0_count_off_duty[3] __let0_count_off_duty[4] __let0_count_off_duty[5] __let0_count_off_duty[6] __let0_count_off_duty[7] __let0_count_off_duty[8] __let0_count_off_duty[9] __let0_count_off_duty[10] __let0_count_off_duty[11] __let0_count_off_duty[12] __let0_count_off_duty[13] __let0_count_off_duty[14] __let0_count_off_duty[15] __let0_count_off_duty[16] __let0_count_off_duty[17] __let0_count_off_duty[18] __let0_count_off_duty[19] __let0_count_off_duty[20] __let0_count_off_duty[21] __let1_rem_off[1] __let1_rem_off[2] __let1_rem_off[3] __let1_rem_off[4] __let1_rem_off[5] __let1_rem_off[6] __let1_rem_off[7] __let1_rem_off[8] __let1_rem_off[9] __let1_rem_off[10] __let1_rem_off[11] __let1_rem_off[12] __let1_rem_off[13] __let1_rem_off[14] __let1_rem_off[15] __let1_rem_off[16] __let1_rem_off[17] __let1_rem_off[18] __let1_rem_off[19] __let1_rem_off[20] __let1_rem_off[21] __let2_rem_on[1] __let2_rem_on[2] __let2_rem_on[3] __let2_rem_on[4] __let2_rem_on[5] __let2_rem_on[6] __let2_rem_on[7] __let2_rem_on[8] __let2_rem_on[9] __let2_rem_on[10] __let2_rem_on[11] __let2_rem_on[12] __let2_rem_on[13] __let2_rem_on[14] __let2_rem_on[15] __let2_rem_on[16] __let2_rem_on[17] __let2_rem_on[18] __let2_rem_on[19] __let2_rem_on[20] __let2_rem_on[21] __let3_lb_off_blocks[1] __let3_lb_off_blocks[2] __let3_lb_off_blocks[3] __let3_lb_off_blocks[4] __let3_lb_off_blocks[5] __let3_lb_off_blocks[6] __let3_lb_off_blocks[7] __let3_lb_off_blocks[8] __let3_lb_off_blocks[9] __let3_lb_off_blocks[10] __let3_lb_off_blocks[11] __let3_lb_off_blocks[12] __let3_lb_off_blocks[13] __let3_lb_off_blocks[14] __let3_lb_off_blocks[15] __let3_lb_off_blocks[16] __let3_lb_off_blocks[17] __let3_lb_off_blocks[18] __let3_lb_off_blocks[19] __let3_lb_off_blocks[20] __let3_lb_off_blocks[21] __let4_ub_on_blocks[1] __let4_ub_on_blocks[2] __let4_ub_on_blocks[3] __let4_ub_on_blocks[4] __let4_ub_on_blocks[5] __let4_ub_on_blocks[6] __let4_ub_on_blocks[7] __let4_ub_on_blocks[8] __let4_ub_on_blocks[9] __let4_ub_on_blocks[10] __let4_ub_on_blocks[11] __let4_ub_on_blocks[12] __let4_ub_on_blocks[13] __let4_ub_on_blocks[14] __let4_ub_on_blocks[15] __let4_ub_on_blocks[16] __let4_ub_on_blocks[17] __let4_ub_on_blocks[18] __let4_ub_on_blocks[19] __let4_ub_on_blocks[20] __let4_ub_on_blocks[21] __let5_lb_on_blocks[1] __let5_lb_on_blocks[2] __let5_lb_on_blocks[3] __let5_lb_on_blocks[4] __let5_lb_on_blocks[5] __let5_lb_on_blocks[6] __let5_lb_on_blocks[7] __let5_lb_on_blocks[8] __let5_lb_on_blocks[9] __let5_lb_on_blocks[10] __let5_lb_on_blocks[11] __let5_lb_on_blocks[12] __let5_lb_on_blocks[13] __let5_lb_on_blocks[14] __let5_lb_on_blocks[15] __let5_lb_on_blocks[16] __let5_lb_on_blocks[17] __let5_lb_on_blocks[18] __let5_lb_on_blocks[19] __let5_lb_on_blocks[20] __let5_lb_on_blocks[21] __let6_ub_off_blocks[1] __let6_ub_off_blocks[2] __let6_ub_off_blocks[3] __let6_ub_off_blocks[4] __let6_ub_off_blocks[5] __let6_ub_off_blocks[6] __let6_ub_off_blocks[7] __let6_ub_off_blocks[8] __let6_ub_off_blocks[9] __let6_ub_off_blocks[10] __let6_ub_off_blocks[11] __let6_ub_off_blocks[12] __let6_ub_off_blocks[13] __let6_ub_off_blocks[14] __let6_ub_off_blocks[15] __let6_ub_off_blocks[16] __let6_ub_off_blocks[17] __let6_ub_off_blocks[18] __let6_ub_off_blocks[19] __let6_ub_off_blocks[20] __let6_ub_off_blocks[21] </list>
v   <values> 1 1 3 3 3 3 4 4 2 2 2 2 3 3 4 4 1 1 1 1 3 3 4 4 2 2 2 3 3 3 4 4 2 2 2 3 3 3 4 4 2 2 2 4 4 1 1 1 1 4 4 2 2 2 2 3 3 4 4 2 2 2 2 3 3 4 4 1 1 1 1 1 1 4 4 2 2 2 3 3 3 4 4 2 2 2 3 3 4 4 2 2 2 2 4 4 3 3 3 3 4 4 3 3 3 4 4 3 3 3 4 4 2 2 2 3 3 3 4 4 1 1 1 3 3 4 4 2 2 2 2 4 4 2 2 2 2 4 4 1 1 3 3 3 3 4 4 1 1 3 3 3 3 4 1 1 3 3 3 3 4 4 2 2 2 2 3 3 4 4 1 1 1 1 3 3 4 4 2 2 2 3 3 3 4 4 2 2 2 3 3 3 4 4 2 2 2 4 4 1 1 1 1 4 4 2 2 2 2 3 3 4 4 2 2 2 2 3 3 4 4 1 1 1 1 1 1 4 4 2 2 2 3 3 3 4 4 2 2 2 3 3 4 4 2 2 2 2 4 4 3 3 3 3 4 4 3 3 3 4 4 3 3 3 4 4 2 2 2 3 3 3 4 4 1 1 1 3 3 4 4 2 2 2 2 4 4 2 2 2 2 4 4 1 1 3 3 3 3 4 4 1 1 3 3 3 3 4 1 1 3 3 3 3 4 4 2 2 2 2 3 3 4 4 1 1 1 1 3 3 4 4 2 2 2 3 3 3 4 4 2 2 2 3 3 3 4 4 2 2 2 4 4 1 1 1 1 4 4 2 2 2 2 3 3 4 4 2 2 2 2 3 3 4 4 1 1 1 1 1 1 4 4 2 2 2 3 3 3 4 4 2 2 2 3 3 4 4 2 2 2 2 4 4 3 3 3 3 4 4 3 3 3 4 4 3 3 3 4 4 2 2 2 3 3 3 4 4 1 1 1 3 3 4 4 2 2 2 2 4 4 2 2 2 2 4 4 1 1 3 3 3 3 4 4 1 1 3 3 3 3 4 1 2 4 6 8 10 12 14 16 18 20 22 24 26 28 32 33 35 38 40 42 41 40 38 36 34 32 30 28 26 24 22 20 18 16 14 10 9 7 4 2 0 99 93 88 83 78 73 68 63 58 53 48 43 38 33 28 25 19 14 10 5 0 13 13 13 12 12 11 9 10 9 8 8 7 6 6 4 4 2 2 2 1 0 33 32 30 28 27 25 23 22 20 18 17 15 13 12 10 8 6 4 3 2 0 17 16 15 14 13 13 12 11 10 9 8 8 7 6 5 5 4 3 2 1 0 20 20 19 18 17 16 15 14 13 12 11 10 9 8 7 5 4 3 2 1 0 </values>
v </instantiation>
d OPTIMAL 0
d SOURCE_CONSTRAINTS 525
d NORMALIZED_CONSTRAINTS 525
d LOWERED_CONSTRAINTS 525
d UNSUPPORTED_CONSTRAINTS 0
d CSP_INT_VARS 609
d CSP_CONSTRAINTS 525
d CSP_INTENTIONAL 517
d CSP_GLOBAL 8
d CSP_EXTENSIONAL 0
d CSP_ALLDIFF 0
d CSP_CUMULATIVE 0
d CSP_TABLE 0
d CSP_DOMAIN_SPAN_MEDIAN 3
d CSP_DOMAIN_SPAN_MAX 2000000
d N_CUMULATIVE 0
d N_TABLE 0
d CIRCUIT_CEGAR_FAILURES 0
d CIRCUIT_CEGAR_ROUNDS 0
d CIRCUIT_CEGAR_ADDED_CLAUSES 0
d CUMULATIVE_CEGAR_FAILURES 0
d CUMULATIVE_CEGAR_ROUNDS 0
d CUMULATIVE_CEGAR_ADDED_CLAUSES 0
d COP_CEGAR_FAILURES 0
d COP_CEGAR_ROUNDS 0
d COP_CEGAR_ADDED_CLAUSES 0
d OBJECTIVE_CUT_EAGER_CLAUSES_ADDED 0
d OBJECTIVE_RELAXATION_CLAUSES_ADDED 0
d OBJECTIVE_ROUNDS 0
d OBJECTIVE_IMPROVEMENTS 0
d PROPAGATE_MS 0
d NORMALIZE_MS 0
d LOWER_MS 12
d POST_LOWER_MS 4
d PREENCODE_MS 0
d ENCODE_MS 187
d SAT_SOLVE_MS 10749
d TOTAL_MS 10956
d SAT_VARS 143638
d SAT_CLAUSES_BASE 298541
d SAT_CLAUSES_FINAL 298541
d SAT_CLAUSES_CEGAR_DELTA 0
d CSP_INT_VARS 609
d CSP_CONSTRAINTS 525
d CSP_INTENTIONAL 517
d CSP_GLOBAL 8
d CSP_EXTENSIONAL 0
d CSP_ALLDIFF 0
d CSP_CUMULATIVE 0
d CSP_TABLE 0
d CSP_DOMAIN_SPAN_MEDIAN 3
d CSP_DOMAIN_SPAN_MAX 2000000
d N_CUMULATIVE 0
d N_TABLE 0
d SAT_CONFLICTS 78862
d PORTFOLIO_CHOICE log-scop
d PORTFOLIO_STRATEGY v2
d PORTFOLIO_REASON v2-structured-table-logscop
d PORTFOLIO_STRUCTURED_ATOMS 154
d PORTFOLIO_TABLE_ATOMS 154
d PORTFOLIO_ALLDIFF_ATOMS 0
d PORTFOLIO_CIRCUIT_ATOMS 0
d PORTFOLIO_MAX_LINEAR_DOMAIN_PRODUCT 1048576
d LINEAR_INT_EQ_ARITY_STATS {"1":{"count":1136,"max_domain_product_excluding_one_var":"1","p95_domain_product_excluding_one_var":"1"},"2":{"count":357,"max_domain_product_excluding_one_var":"42","p95_domain_product_excluding_one_var":"31"},"3":{"count":168,"max_domain_product_excluding_one_var":"48","p95_domain_product_excluding_one_var":"45"},"4":{"count":42,"max_domain_product_excluding_one_var":"60","p95_domain_product_excluding_one_var":"60"},"8":{"count":1,"max_domain_product_excluding_one_var":"128","p95_domain_product_excluding_one_var":"128"},"9":{"count":20,"max_domain_product_excluding_one_var":"5376","p95_domain_product_excluding_one_var":"5376"}}
d LINEAR_INT_NE_ARITY_STATS {"1":{"count":43,"max_domain_product_excluding_one_var":"1","p95_domain_product_excluding_one_var":"1"}}
d LINEAR_INT_GE_ARITY_STATS {"1":{"count":294,"max_domain_product_excluding_one_var":"1","p95_domain_product_excluding_one_var":"1"},"2":{"count":42,"max_domain_product_excluding_one_var":"16","p95_domain_product_excluding_one_var":"15"}}
d LINEAR_BOOL_MIXED_ARITY_STATS {"21":{"count":28,"max_domain_product_excluding_one_var":"1048576","p95_domain_product_excluding_one_var":"1048576"}}
d PROPAGATE_PRUNED_VALUES 2079
d PROPAGATE_CHANGED_DOMAINS 43
d PROPAGATE_ENTAILED_TABLES 0
d POST_LOWER_ROUNDS 207
d POST_LOWER_TIGHTENED_DOMAINS 318
d POST_LOWER_REMOVED_CLAUSES 280
d POST_LOWER_REMOVED_LITS 9
d POST_LOWER_DETECTED_UNSAT 0
d PREENCODE_INT_VARS 1289
d ENCODE_RELAXED_CIRCUITS 0
d LOG_SCOP_LINEAR_PB_CONSTRAINTS 3734
d LOG_SCOP_LINEAR_PB_MIXED_DISPATCH_CONSTRAINTS 0
d LOG_SCOP_LINEAR_PB_MIXED_ATTEMPT_BDD 0
d LOG_SCOP_LINEAR_PB_MIXED_ATTEMPT_SORTER 0
d LOG_SCOP_LINEAR_PB_MIXED_ATTEMPT_DADDA 0
d LOG_SCOP_LINEAR_PB_MIXED_REJECT_BDD_BUDGET 0
d LOG_SCOP_LINEAR_PB_MIXED_REJECT_SORTER_BUDGET 0
d LOG_SCOP_LINEAR_PB_MIXED_FALLBACK_BDD_TO_SORTER 0
d LOG_SCOP_LINEAR_PB_MIXED_FALLBACK_BDD_TO_DADDA 0
d LOG_SCOP_LINEAR_PB_MIXED_FALLBACK_SORTER_TO_BDD 0
d LOG_SCOP_LINEAR_PB_MIXED_FALLBACK_SORTER_TO_DADDA 0
d LOG_SCOP_LINEAR_PB_BACKEND_BDD2 3734
d LOG_SCOP_LINEAR_PB_BACKEND_BDD3 0
d LOG_SCOP_LINEAR_PB_BACKEND_SORTER 0
d LOG_SCOP_LINEAR_PB_BACKEND_DADDA 0
d LOG_SCOP_LINEAR_PB_BDD_DECOMPOSITION_RAW 3734
d LOG_SCOP_LINEAR_PB_BDD_DECOMPOSITION_BINARY 0
d LOG_SCOP_LINEAR_PB_BDD_DECOMPOSITION_MULTIBASE 0
d MEMORY_RSS_BYTES 5849088
d MEMORY_RSS_AFTER_PROPAGATE_BYTES 5578752
d MEMORY_RSS_AFTER_LOWER_BYTES 5578752
d MEMORY_RSS_AFTER_POST_LOWER_BYTES 5578752
d MEMORY_RSS_BEFORE_PREENCODE_BYTES 5849088
d MEMORY_RSS_AFTER_PREENCODE_BYTES 5849088
d MEMORY_RSS_BEFORE_ENCODE_BYTES 5849088
d DECODE_INT_ASSIGNMENTS 609
d CSV /bench/2019/rotating-workforce/rotating-workforce.mzn,sat,525,525,525,0,143638,298541,10956,0,0,12,0,187,10749,,,,,,,,,,,,,,,,
c run_end_local: 2026-06-20 21:51:36 +0900
