================ Slurm Info ================
DATE      = 2026-05-27T02:36:08+09:00
PARTITION = gr10672b
JOB_ID    = 19875379_39
JOB_NAME  = xcsp-parse-cop-cumulative-165-order-ge-cumexact-taskrd-20260526-2ccb88e9-q10672
NNODES    = 1
RSC_OPT   = p=1:t=28:c=28:m=112000M
============================================
job_id=19877667 task_id=39 instance_id=39
instance_relpath=COP22to25/Cargo-04-1s-626_c24.xml.lzma
row_file=/LARGE0/gr10672/b39275/xcsp3instances/results/kat-cop-cumulative-165-order-ge-guarded-basic-directexpr-inchard-cnf-mdd-tl-linkcost-eqne2-cumexact-taskrd-1800-20260526-2ccb88e9-q10672/rows/row-19877667-39-39.csv
runsolver_values_log=/LARGE0/gr10672/b39275/xcsp3instances/slurm-logs/runsolver/runsolver-kat-cop-cumulative-165-order-ge-guarded-basic-directexpr-inchard-cnf-mdd-tl-linkcost-eqne2-cumexact-taskrd-1800-20260526-2ccb88e9-q10672-19877667-39-39/values.log
runsolver_solver_log=/LARGE0/gr10672/b39275/xcsp3instances/slurm-logs/runsolver/runsolver-kat-cop-cumulative-165-order-ge-guarded-basic-directexpr-inchard-cnf-mdd-tl-linkcost-eqne2-cumexact-taskrd-1800-20260526-2ccb88e9-q10672-19877667-39-39/output.log
runsolver version 3.4.1 (svn: 3018) Copyright (C) 2010-2013 Olivier ROUSSEL

This program is distributed in the hope that it will be useful,
but WITHOUT ANY WARRANTY; without even the implied warranty of
MERCHANTABILITY or FITNESS FOR A PARTICULAR PURPOSE.  See the
GNU General Public License for more details.

NUMA information:
  number of nodes: 8
  memory of node 0: 63700 MiB (57437 MiB free)
  memory of node 1: 64504 MiB (59598 MiB free)
  memory of node 2: 64504 MiB (58008 MiB free)
  memory of node 3: 64461 MiB (59404 MiB free)
  memory of node 4: 64504 MiB (63179 MiB free)
  memory of node 5: 64504 MiB (63712 MiB free)
  memory of node 6: 64504 MiB (63621 MiB free)
  memory of node 7: 64491 MiB (44500 MiB free)
  node distances:
     10  12  12  12  21  21  21  21
     12  10  12  12  21  21  21  21
     12  12  10  12  21  21  21  21
     12  12  12  10  21  21  21  21
     21  21  21  21  10  12  12  12
     21  21  21  21  12  10  12  12
     21  21  21  21  12  12  10  12
     21  21  21  21  12  12  12  10

command line: runsolver -W 1800 -C 1800 -v /logs/runsolver/runsolver-kat-cop-cumulative-165-order-ge-guarded-basic-directexpr-inchard-cnf-mdd-tl-linkcost-eqne2-cumexact-taskrd-1800-20260526-2ccb88e9-q10672-19877667-39-39/values.log -o /logs/runsolver/runsolver-kat-cop-cumulative-165-order-ge-guarded-basic-directexpr-inchard-cnf-mdd-tl-linkcost-eqne2-cumexact-taskrd-1800-20260526-2ccb88e9-q10672-19877667-39-39/output.log bash -lc 
set -euo pipefail
if [[ -n "${PARSER_ARGS:-}" ]]; then
  eval "set -- ${PARSER_ARGS}"
  "$PARSER_BIN" "$INSTANCE_PATH" "$@"
else
  "$PARSER_BIN" "$INSTANCE_PATH"
fi
 

running on 28 cores: 60-67,72-83,188-195

Enforcing wall clock limit (soft limit, will send SIGTERM then SIGKILL): 1800 seconds
Enforcing CPUTime limit (soft limit, will send SIGTERM then SIGKILL): 1800 seconds
Enforcing CPUTime limit (hard limit, will send SIGXCPU): 1830 seconds
Linux 4.18.0-553.111.1.el8_10.x86_64
Current StackSize limit: 18014398509481983 KiB

solver pid=1060988, runsolver pid=1060987

[startup+0.100083 s]*
/proc/loadavg: 59.02 59.21 59.37 62/2962 1060993
/proc/meminfo: memFree=480697444/527542224 swapFree=32701548/33554428
[pid=1060988] ppid=1060987 vsize=4248 memory=3100 CPUtime=0 cores=56-83,168-195
/proc/1060988/stat : 1060988 (bash) S 1060987 1060988 1060884 0 -1 4194304 282 138 0 0 0 0 0 0 20 0 1 0 222039976 4349952 775 117440512000 94746406920192 94746407902109 140720790930784 0 0 0 65536 4 65538 0 0 0 17 66 0 0 0 0 0 94746408135408 94746408183652 94746423263232 140720790936582 140720790936758 140720790936758 140720790949866 0
/proc/1060988/statm: 1062 775 679 240 0 188 0
[pid=1060991] ppid=1060988 vsize=311760 memory=128760 CPUtime=0.18 cores=56-83,168-195
/proc/1060991/stat : 1060991 (kat_xcsp_2ccb88) S 1060988 1060988 1060884 0 -1 1077936128 23623 0 2 0 13 5 0 0 20 0 3 0 222039977 319242240 32190 117440512000 22944594300928 22944602097632 140729399159904 0 0 0 0 4096 8406082 0 0 0 17 66 0 0 0 0 0 22944602211712 22944602232912 93825022754816 140729399163644 140729399164055 140729399164055 140729399177173 0
/proc/1060991/statm: 77940 32190 637 1904 0 50542 0
[pid=1060991/tid=1060992] ppid=1060988 vsize=328148 memory=3544672862814352985 CPUtime=0.19 cores=56-83,168-195
/proc/1060991/task/1060992/stat : 1060992 (kat_xcsp_2ccb88) R 1060988 1060988 1060884 0 -1 4194368 23833 0 0 0 14 5 0 0 20 0 3 0 222039978 336023552 32679 117440512000 22944594300928 22944602097632 140729399159904 0 0 0 0 4096 8406082 0 0 0 -1 66 0 0 0 0 0 22944602211712 22944602232912 93825022754816 140729399163644 140729399164055 140729399164055 140729399177173 0
[pid=1060991/tid=1060993] ppid=1060988 vsize=328148 memory=3706019817019685204 CPUtime=0 cores=56-83,168-195
/proc/1060991/task/1060993/stat : 1060993 (kat_xcsp_2ccb88) S 1060988 1060988 1060884 0 -1 1077936192 2 0 0 0 0 0 0 0 20 0 3 0 222039978 336023552 32679 117440512000 22944594300928 22944602097632 140729399159904 0 0 0 0 4096 8406082 0 0 0 -1 168 0 0 0 0 0 22944602211712 22944602232912 93825022754816 140729399163644 140729399164055 140729399164055 140729399177173 0
Current children cumulated CPU time: 0.18 s
Current children cumulated vsize: 316008 KiB
Current children cumulated memory: 131860 KiB

[startup+0.318995 s]*
/proc/loadavg: 59.02 59.21 59.37 62/2962 1060993
/proc/meminfo: memFree=480496728/527542224 swapFree=32701548/33554428
[pid=1060988] ppid=1060987 vsize=4248 memory=3100 CPUtime=0 cores=56-83,168-195
/proc/1060988/stat : 1060988 (bash) S 1060987 1060988 1060884 0 -1 4194304 282 138 0 0 0 0 0 0 20 0 1 0 222039976 4349952 775 117440512000 94746406920192 94746407902109 140720790930784 0 0 0 65536 4 65538 0 0 0 17 66 0 0 0 0 0 94746408135408 94746408183652 94746423263232 140720790936582 140720790936758 140720790936758 140720790949866 0
/proc/1060988/statm: 1062 775 679 240 0 188 0
[pid=1060991] ppid=1060988 vsize=493592 memory=285732 CPUtime=0.41 cores=56-83,168-195
/proc/1060991/stat : 1060991 (kat_xcsp_2ccb88) S 1060988 1060988 1060884 0 -1 1077936128 39321 0 2 0 32 9 0 0 20 0 3 0 222039977 505438208 71433 117440512000 22944594300928 22944602097632 140729399159904 0 0 0 0 4096 8406082 0 0 0 17 66 0 0 0 0 0 22944602211712 22944602232912 93825022754816 140729399163644 140729399164055 140729399164055 140729399177173 0
/proc/1060991/statm: 123398 71433 652 1904 0 94365 0
[pid=1060991/tid=1060992] ppid=1060988 vsize=493592 memory=3558241064773235286 CPUtime=0.4 cores=56-83,168-195
/proc/1060991/task/1060992/stat : 1060992 (kat_xcsp_2ccb88) R 1060988 1060988 1060884 0 -1 4194368 39353 0 0 0 32 8 0 0 20 0 3 0 222039978 505438208 71763 117440512000 22944594300928 22944602097632 140729399159904 0 0 0 0 4096 8406082 0 0 0 -1 66 0 0 0 0 0 22944602211712 22944602232912 93825022754816 140729399163644 140729399164055 140729399164055 140729399177173 0
[pid=1060991/tid=1060993] ppid=1060988 vsize=493592 memory=3690195425773762130 CPUtime=0 cores=56-83,168-195
/proc/1060991/task/1060993/stat : 1060993 (kat_xcsp_2ccb88) S 1060988 1060988 1060884 0 -1 1077936192 2 0 0 0 0 0 0 0 20 0 3 0 222039978 505438208 71763 117440512000 22944594300928 22944602097632 140729399159904 0 0 0 0 4096 8406082 0 0 0 -1 168 0 0 0 0 0 22944602211712 22944602232912 93825022754816 140729399163644 140729399164055 140729399164055 140729399177173 0
Current children cumulated CPU time: 0.41 s
Current children cumulated vsize: 497840 KiB
Current children cumulated memory: 288832 KiB

[startup+0.513995 s]*
/proc/loadavg: 59.02 59.21 59.37 62/2962 1060993
/proc/meminfo: memFree=480403864/527542224 swapFree=32701548/33554428
[pid=1060988] ppid=1060987 vsize=4248 memory=3100 CPUtime=0 cores=56-83,168-195
/proc/1060988/stat : 1060988 (bash) S 1060987 1060988 1060884 0 -1 4194304 282 138 0 0 0 0 0 0 20 0 1 0 222039976 4349952 775 117440512000 94746406920192 94746407902109 140720790930784 0 0 0 65536 4 65538 0 0 0 17 66 0 0 0 0 0 94746408135408 94746408183652 94746423263232 140720790936582 140720790936758 140720790936758 140720790949866 0
/proc/1060988/statm: 1062 775 679 240 0 188 0
[pid=1060991] ppid=1060988 vsize=559128 memory=351852 CPUtime=0.59 cores=56-83,168-195
/proc/1060991/stat : 1060991 (kat_xcsp_2ccb88) S 1060988 1060988 1060884 0 -1 1077936128 52747 0 2 0 48 11 0 0 20 0 3 0 222039977 572547072 87963 117440512000 22944594300928 22944602097632 140729399159904 0 0 0 0 4096 8406082 0 0 0 17 66 0 0 0 0 0 22944602211712 22944602232912 93825022754816 140729399163644 140729399164055 140729399164055 140729399177173 0
/proc/1060991/statm: 139782 87963 652 1904 0 111881 0
[pid=1060991/tid=1060992] ppid=1060988 vsize=559128 memory=7080348646348194067 CPUtime=0.59 cores=56-83,168-195
/proc/1060991/task/1060992/stat : 1060992 (kat_xcsp_2ccb88) R 1060988 1060988 1060884 0 -1 4194368 52774 0 0 0 48 11 0 0 20 0 3 0 222039978 572547072 88227 117440512000 22944594300928 22944602097632 140729399159904 0 0 0 0 4096 8406082 0 0 0 -1 66 0 0 0 0 0 22944602211712 22944602232912 93825022754816 140729399163644 140729399164055 140729399164055 140729399177173 0
[pid=1060991/tid=1060993] ppid=1060988 vsize=559128 memory=-6933350163988321985 CPUtime=0 cores=56-83,168-195
/proc/1060991/task/1060993/stat : 1060993 (kat_xcsp_2ccb88) S 1060988 1060988 1060884 0 -1 1077936192 2 0 0 0 0 0 0 0 20 0 3 0 222039978 572547072 88227 117440512000 22944594300928 22944602097632 140729399159904 0 0 0 0 4096 8406082 0 0 0 -1 168 0 0 0 0 0 22944602211712 22944602232912 93825022754816 140729399163644 140729399164055 140729399164055 140729399177173 0
Current children cumulated CPU time: 0.59 s
Current children cumulated vsize: 563376 KiB
Current children cumulated memory: 354952 KiB

[startup+0.711113 s]*
/proc/loadavg: 59.02 59.21 59.37 62/2962 1060993
/proc/meminfo: memFree=480339192/527542224 swapFree=32701548/33554428
[pid=1060988] ppid=1060987 vsize=4248 memory=3100 CPUtime=0 cores=56-83,168-195
/proc/1060988/stat : 1060988 (bash) S 1060987 1060988 1060884 0 -1 4194304 282 138 0 0 0 0 0 0 20 0 1 0 222039976 4349952 775 117440512000 94746406920192 94746407902109 140720790930784 0 0 0 65536 4 65538 0 0 0 17 66 0 0 0 0 0 94746408135408 94746408183652 94746423263232 140720790936582 140720790936758 140720790936758 140720790949866 0
/proc/1060988/statm: 1062 775 679 240 0 188 0
[pid=1060991] ppid=1060988 vsize=624664 memory=418040 CPUtime=0.79 cores=56-83,168-195
/proc/1060991/stat : 1060991 (kat_xcsp_2ccb88) S 1060988 1060988 1060884 0 -1 1077936128 66768 0 2 0 64 15 0 0 20 0 3 0 222039977 639655936 104510 117440512000 22944594300928 22944602097632 140729399159904 0 0 0 0 4096 8406082 0 0 0 17 66 0 0 0 0 0 22944602211712 22944602232912 93825022754816 140729399163644 140729399164055 140729399164055 140729399177173 0
/proc/1060991/statm: 156166 104510 652 1904 0 127433 0
[pid=1060991/tid=1060992] ppid=1060988 vsize=624664 memory=3544672862814353238 CPUtime=0.79 cores=56-83,168-195
/proc/1060991/task/1060992/stat : 1060992 (kat_xcsp_2ccb88) R 1060988 1060988 1060884 0 -1 4194368 66741 0 0 0 65 14 0 0 20 0 3 0 222039978 639655936 104774 117440512000 22944594300928 22944602097632 140729399159904 0 0 0 0 4096 8406082 0 0 0 -1 66 0 0 0 0 0 22944602211712 22944602232912 93825022754816 140729399163644 140729399164055 140729399164055 140729399177173 0
[pid=1060991/tid=1060993] ppid=1060988 vsize=624664 memory=3690195425773762386 CPUtime=0 cores=56-83,168-195
/proc/1060991/task/1060993/stat : 1060993 (kat_xcsp_2ccb88) S 1060988 1060988 1060884 0 -1 1077936192 2 0 0 0 0 0 0 0 20 0 3 0 222039978 639655936 104774 117440512000 22944594300928 22944602097632 140729399159904 0 0 0 0 4096 8406082 0 0 0 -1 168 0 0 0 0 0 22944602211712 22944602232912 93825022754816 140729399163644 140729399164055 140729399164055 140729399177173 0
Current children cumulated CPU time: 0.79 s
Current children cumulated vsize: 628912 KiB
Current children cumulated memory: 421140 KiB

[startup+1.50034 s]*
/proc/loadavg: 59.02 59.21 59.37 62/2962 1060993
/proc/meminfo: memFree=479946364/527542224 swapFree=32701548/33554428
[pid=1060988] ppid=1060987 vsize=4248 memory=3100 CPUtime=0 cores=56-83,168-195
/proc/1060988/stat : 1060988 (bash) S 1060987 1060988 1060884 0 -1 4194304 282 138 0 0 0 0 0 0 20 0 1 0 222039976 4349952 775 117440512000 94746406920192 94746407902109 140720790930784 0 0 0 65536 4 65538 0 0 0 17 66 0 0 0 0 0 94746408135408 94746408183652 94746423263232 140720790936582 140720790936758 140720790936758 140720790949866 0
/proc/1060988/statm: 1062 775 679 240 0 188 0
[pid=1060991] ppid=1060988 vsize=1105160 memory=805708 CPUtime=1.58 cores=56-83,168-195
/proc/1060991/stat : 1060991 (kat_xcsp_2ccb88) S 1060988 1060988 1060884 0 -1 1077936128 118802 0 2 0 131 27 0 0 20 0 3 0 222039977 1131683840 201427 117440512000 22944594300928 22944602097632 140729399159904 0 0 0 0 4096 8406082 0 0 0 17 66 0 0 0 0 0 22944602211712 22944602232912 93825022754816 140729399163644 140729399164055 140729399164055 140729399177173 0
/proc/1060991/statm: 276290 201427 662 1904 0 233851 0
[pid=1060991/tid=1060992] ppid=1060988 vsize=1105160 memory=7080348646348194067 CPUtime=1.57 cores=56-83,168-195
/proc/1060991/task/1060992/stat : 1060992 (kat_xcsp_2ccb88) R 1060988 1060988 1060884 0 -1 4194368 118839 0 0 0 131 26 0 0 20 0 3 0 222039978 1131683840 201757 117440512000 22944594300928 22944602097632 140729399159904 0 0 0 0 4096 8406082 0 0 0 -1 66 0 0 0 0 0 22944602211712 22944602232912 93825022754816 140729399163644 140729399164055 140729399164055 140729399177173 0
[pid=1060991/tid=1060993] ppid=1060988 vsize=1105160 memory=-6933350163988321985 CPUtime=0 cores=56-83,168-195
/proc/1060991/task/1060993/stat : 1060993 (kat_xcsp_2ccb88) S 1060988 1060988 1060884 0 -1 1077936192 2 0 0 0 0 0 0 0 20 0 3 0 222039978 1131683840 201757 117440512000 22944594300928 22944602097632 140729399159904 0 0 0 0 4096 8406082 0 0 0 -1 168 0 0 0 0 0 22944602211712 22944602232912 93825022754816 140729399163644 140729399164055 140729399164055 140729399177173 0
Current children cumulated CPU time: 1.58 s
Current children cumulated vsize: 1109408 KiB
Current children cumulated memory: 808808 KiB

[startup+3.10034 s]
/proc/loadavg: 59.02 59.21 59.37 62/2962 1060993
/proc/meminfo: memFree=479599728/527542224 swapFree=32701548/33554428
[pid=1060988] ppid=1060987 vsize=4248 memory=3100 CPUtime=0 cores=56-83,168-195
/proc/1060988/stat : 1060988 (bash) S 1060987 1060988 1060884 0 -1 4194304 282 138 0 0 0 0 0 0 20 0 1 0 222039976 4349952 775 117440512000 94746406920192 94746407902109 140720790930784 0 0 0 65536 4 65538 0 0 0 17 66 0 0 0 0 0 94746408135408 94746408183652 94746423263232 140720790936582 140720790936758 140720790936758 140720790949866 0
/proc/1060988/statm: 1062 775 679 240 0 188 0
[pid=1060991] ppid=1060988 vsize=1662216 memory=1283120 CPUtime=3.06 cores=56-83,168-195
/proc/1060991/stat : 1060991 (kat_xcsp_2ccb88) S 1060988 1060988 1060884 0 -1 1077936128 229109 0 2 0 253 53 0 0 20 0 3 0 222039977 1702109184 320780 117440512000 22944594300928 22944602097632 140729399159904 0 0 0 0 4096 8406082 0 0 0 17 66 0 0 0 0 0 22944602211712 22944602232912 93825022754816 140729399163644 140729399164055 140729399164055 140729399177173 0
/proc/1060991/statm: 415554 320780 662 1904 0 373903 0
[pid=1060991/tid=1060992] ppid=1060988 vsize=1662216 memory=376 CPUtime=3.06 cores=56-83,168-195
/proc/1060991/task/1060992/stat : 1060992 (kat_xcsp_2ccb88) R 1060988 1060988 1060884 0 -1 4194368 228831 0 0 0 253 53 0 0 20 0 3 0 222039978 1702109184 320780 117440512000 22944594300928 22944602097632 140729399159904 0 0 0 0 4096 8406082 0 0 0 -1 66 0 0 0 0 0 22944602211712 22944602232912 93825022754816 140729399163644 140729399164055 140729399164055 140729399177173 0
[pid=1060991/tid=1060993] ppid=1060988 vsize=1662216 memory=3280 CPUtime=0 cores=56-83,168-195
/proc/1060991/task/1060993/stat : 1060993 (kat_xcsp_2ccb88) S 1060988 1060988 1060884 0 -1 1077936192 2 0 0 0 0 0 0 0 20 0 3 0 222039978 1702109184 320780 117440512000 22944594300928 22944602097632 140729399159904 0 0 0 0 4096 8406082 0 0 0 -1 168 0 0 0 0 0 22944602211712 22944602232912 93825022754816 140729399163644 140729399164055 140729399164055 140729399177173 0
Current children cumulated CPU time: 3.06 s
Current children cumulated vsize: 1666464 KiB
Current children cumulated memory: 1286220 KiB

[startup+6.30032 s]
/proc/loadavg: 59.18 59.24 59.38 62/2962 1060993
/proc/meminfo: memFree=478538068/527542224 swapFree=32701548/33554428
[pid=1060988] ppid=1060987 vsize=4248 memory=3100 CPUtime=0 cores=56-83,168-195
/proc/1060988/stat : 1060988 (bash) S 1060987 1060988 1060884 0 -1 4194304 282 138 0 0 0 0 0 0 20 0 1 0 222039976 4349952 775 117440512000 94746406920192 94746407902109 140720790930784 0 0 0 65536 4 65538 0 0 0 17 66 0 0 0 0 0 94746408135408 94746408183652 94746423263232 140720790936582 140720790936758 140720790936758 140720790949866 0
/proc/1060988/statm: 1062 775 679 240 0 188 0
[pid=1060991] ppid=1060988 vsize=2776328 memory=2316052 CPUtime=6.26 cores=56-83,168-195
/proc/1060991/stat : 1060991 (kat_xcsp_2ccb88) S 1060988 1060988 1060884 0 -1 1077936128 471503 0 2 0 520 106 0 0 20 0 3 0 222039977 2842959872 579013 117440512000 22944594300928 22944602097632 140729399159904 0 0 0 0 4096 8406082 0 0 0 17 66 0 0 0 0 0 22944602211712 22944602232912 93825022754816 140729399163644 140729399164055 140729399164055 140729399177173 0
/proc/1060991/statm: 694082 579013 662 1904 0 656095 0
[pid=1060991/tid=1060992] ppid=1060988 vsize=2776328 memory=300 CPUtime=6.25 cores=56-83,168-195
/proc/1060991/task/1060992/stat : 1060992 (kat_xcsp_2ccb88) R 1060988 1060988 1060884 0 -1 4194368 471226 0 0 0 520 105 0 0 20 0 3 0 222039978 2842959872 579013 117440512000 22944594300928 22944602097632 140729399159904 0 0 0 0 4096 8406082 0 0 0 -1 66 0 0 0 0 0 22944602211712 22944602232912 93825022754816 140729399163644 140729399164055 140729399164055 140729399177173 0
[pid=1060991/tid=1060993] ppid=1060988 vsize=2776328 memory=1707052 CPUtime=0 cores=56-83,168-195
/proc/1060991/task/1060993/stat : 1060993 (kat_xcsp_2ccb88) S 1060988 1060988 1060884 0 -1 1077936192 2 0 0 0 0 0 0 0 20 0 3 0 222039978 2842959872 579013 117440512000 22944594300928 22944602097632 140729399159904 0 0 0 0 4096 8406082 0 0 0 -1 168 0 0 0 0 0 22944602211712 22944602232912 93825022754816 140729399163644 140729399164055 140729399164055 140729399177173 0
Current children cumulated CPU time: 6.26 s
Current children cumulated vsize: 2780576 KiB
Current children cumulated memory: 2319152 KiB

[startup+12.7107 s]
/proc/loadavg: 59.40 59.29 59.40 62/2960 1061004
/proc/meminfo: memFree=476569660/527542224 swapFree=32701548/33554428
[pid=1060988] ppid=1060987 vsize=4248 memory=3100 CPUtime=0 cores=56-83,168-195
/proc/1060988/stat : 1060988 (bash) S 1060987 1060988 1060884 0 -1 4194304 282 138 0 0 0 0 0 0 20 0 1 0 222039976 4349952 775 117440512000 94746406920192 94746407902109 140720790930784 0 0 0 65536 4 65538 0 0 0 17 66 0 0 0 0 0 94746408135408 94746408183652 94746423263232 140720790936582 140720790936758 140720790936758 140720790949866 0
/proc/1060988/statm: 1062 775 679 240 0 188 0
[pid=1060991] ppid=1060988 vsize=4939016 memory=4223884 CPUtime=12.65 cores=56-83,168-195
/proc/1060991/stat : 1060991 (kat_xcsp_2ccb88) S 1060988 1060988 1060884 0 -1 1077936128 919868 0 2 0 1060 205 0 0 20 0 3 0 222039977 5057552384 1055971 117440512000 22944594300928 22944602097632 140729399159904 0 0 0 0 4096 8406082 0 0 0 17 66 0 0 0 0 0 22944602211712 22944602232912 93825022754816 140729399163644 140729399164055 140729399164055 140729399177173 0
/proc/1060991/statm: 1234754 1055971 662 1904 0 1189574 0
[pid=1060991/tid=1060992] ppid=1060988 vsize=4939016 memory=5728 CPUtime=12.64 cores=56-83,168-195
/proc/1060991/task/1060992/stat : 1060992 (kat_xcsp_2ccb88) R 1060988 1060988 1060884 0 -1 4194368 919587 0 0 0 1060 204 0 0 20 0 3 0 222039978 5057552384 1055971 117440512000 22944594300928 22944602097632 140729399159904 0 0 0 0 4096 8406082 0 0 0 -1 66 0 0 0 0 0 22944602211712 22944602232912 93825022754816 140729399163644 140729399164055 140729399164055 140729399177173 0
[pid=1060991/tid=1060993] ppid=1060988 vsize=4939016 memory=3100 CPUtime=0 cores=56-83,168-195
/proc/1060991/task/1060993/stat : 1060993 (kat_xcsp_2ccb88) S 1060988 1060988 1060884 0 -1 1077936192 2 0 0 0 0 0 0 0 20 0 3 0 222039978 5057552384 1055971 117440512000 22944594300928 22944602097632 140729399159904 0 0 0 0 4096 8406082 0 0 0 -1 168 0 0 0 0 0 22944602211712 22944602232912 93825022754816 140729399163644 140729399164055 140729399164055 140729399177173 0
Current children cumulated CPU time: 12.65 s
Current children cumulated vsize: 4943264 KiB
Current children cumulated memory: 4226984 KiB

[startup+25.5003 s]
/proc/loadavg: 59.76 59.37 59.42 62/2960 1061004
/proc/meminfo: memFree=475587948/527542224 swapFree=32701548/33554428
[pid=1060988] ppid=1060987 vsize=4248 memory=3100 CPUtime=0 cores=56-83,168-195
/proc/1060988/stat : 1060988 (bash) S 1060987 1060988 1060884 0 -1 4194304 282 138 0 0 0 0 0 0 20 0 1 0 222039976 4349952 775 117440512000 94746406920192 94746407902109 140720790930784 0 0 0 65536 4 65538 0 0 0 17 66 0 0 0 0 0 94746408135408 94746408183652 94746423263232 140720790936582 140720790936758 140720790936758 140720790949866 0
/proc/1060988/statm: 1062 775 679 240 0 188 0
[pid=1060991] ppid=1060988 vsize=5884252 memory=5157364 CPUtime=25.4 cores=56-83,168-195
/proc/1060991/stat : 1060991 (kat_xcsp_2ccb88) S 1060988 1060988 1060884 0 -1 1077936128 1436252 0 2 0 2258 282 0 0 20 0 3 0 222039977 6025474048 1289341 117440512000 22944594300928 22944602097632 140729399159904 0 0 0 0 4096 8406082 0 0 0 17 66 0 0 0 0 0 22944602211712 22944602232912 93825022754816 140729399163644 140729399164055 140729399164055 140729399177173 0
/proc/1060991/statm: 1471063 1289341 755 1904 0 1426781 0
[pid=1060991/tid=1060992] ppid=1060988 vsize=5884252 memory=3100 CPUtime=25.39 cores=56-83,168-195
/proc/1060991/task/1060992/stat : 1060992 (kat_xcsp_2ccb88) R 1060988 1060988 1060884 0 -1 4194368 1435970 0 0 0 2258 281 0 0 20 0 3 0 222039978 6025474048 1289341 117440512000 22944594300928 22944602097632 140729399159904 0 0 0 0 4096 8406082 0 0 0 -1 66 0 0 0 0 0 22944602211712 22944602232912 93825022754816 140729399163644 140729399164055 140729399164055 140729399177173 0
[pid=1060991/tid=1060993] ppid=1060988 vsize=5884252 memory=3100 CPUtime=0 cores=56-83,168-195
/proc/1060991/task/1060993/stat : 1060993 (kat_xcsp_2ccb88) S 1060988 1060988 1060884 0 -1 1077936192 2 0 0 0 0 0 0 0 20 0 3 0 222039978 6025474048 1289341 117440512000 22944594300928 22944602097632 140729399159904 0 0 0 0 4096 8406082 0 0 0 -1 168 0 0 0 0 0 22944602211712 22944602232912 93825022754816 140729399163644 140729399164055 140729399164055 140729399177173 0
Current children cumulated CPU time: 25.4 s
Current children cumulated vsize: 5888500 KiB
Current children cumulated memory: 5160464 KiB

[startup+51.2106 s]
/proc/loadavg: 60.18 59.50 59.47 62/2959 1061004
/proc/meminfo: memFree=475264904/527542224 swapFree=32701548/33554428
[pid=1060988] ppid=1060987 vsize=4248 memory=3100 CPUtime=0 cores=56-83,168-195
/proc/1060988/stat : 1060988 (bash) S 1060987 1060988 1060884 0 -1 4194304 282 138 0 0 0 0 0 0 20 0 1 0 222039976 4349952 775 117440512000 94746406920192 94746407902109 140720790930784 0 0 0 65536 4 65538 0 0 0 17 66 0 0 0 0 0 94746408135408 94746408183652 94746423263232 140720790936582 140720790936758 140720790936758 140720790949866 0
/proc/1060988/statm: 1062 775 679 240 0 188 0
[pid=1060991] ppid=1060988 vsize=6109460 memory=5398156 CPUtime=51 cores=56-83,168-195
/proc/1060991/stat : 1060991 (kat_xcsp_2ccb88) S 1060988 1060988 1060884 0 -1 1077936128 2360782 0 2 0 4727 373 0 0 20 0 3 0 222039977 6256087040 1349539 117440512000 22944594300928 22944602097632 140729399159904 0 0 0 0 4096 8406082 0 0 0 17 66 0 0 0 0 0 22944602211712 22944602232912 93825022754816 140729399163644 140729399164055 140729399164055 140729399177173 0
/proc/1060991/statm: 1527365 1349539 759 1904 0 1479819 0
[pid=1060991/tid=1060992] ppid=1060988 vsize=6109460 memory=3100 CPUtime=50.99 cores=56-83,168-195
/proc/1060991/task/1060992/stat : 1060992 (kat_xcsp_2ccb88) R 1060988 1060988 1060884 0 -1 4194368 2360500 0 0 0 4727 372 0 0 20 0 3 0 222039978 6256087040 1349539 117440512000 22944594300928 22944602097632 140729399159904 0 0 0 0 4096 8406082 0 0 0 -1 66 0 0 0 0 0 22944602211712 22944602232912 93825022754816 140729399163644 140729399164055 140729399164055 140729399177173 0
[pid=1060991/tid=1060993] ppid=1060988 vsize=6109460 memory=3100 CPUtime=0 cores=56-83,168-195
/proc/1060991/task/1060993/stat : 1060993 (kat_xcsp_2ccb88) S 1060988 1060988 1060884 0 -1 1077936192 2 0 0 0 0 0 0 0 20 0 3 0 222039978 6256087040 1349539 117440512000 22944594300928 22944602097632 140729399159904 0 0 0 0 4096 8406082 0 0 0 -1 168 0 0 0 0 0 22944602211712 22944602232912 93825022754816 140729399163644 140729399164055 140729399164055 140729399177173 0
Current children cumulated CPU time: 51 s
Current children cumulated vsize: 6113708 KiB
Current children cumulated memory: 5401256 KiB

[startup+102.3 s]
/proc/loadavg: 57.09 58.96 59.30 62/2958 1061006
/proc/meminfo: memFree=473471024/527542224 swapFree=32701804/33554428
[pid=1060988] ppid=1060987 vsize=4248 memory=3100 CPUtime=0 cores=56-83,168-195
/proc/1060988/stat : 1060988 (bash) S 1060987 1060988 1060884 0 -1 4194304 282 138 0 0 0 0 0 0 20 0 1 0 222039976 4349952 775 117440512000 94746406920192 94746407902109 140720790930784 0 0 0 65536 4 65538 0 0 0 17 66 0 0 0 0 0 94746408135408 94746408183652 94746423263232 140720790936582 140720790936758 140720790936758 140720790949866 0
/proc/1060988/statm: 1062 775 679 240 0 188 0
[pid=1060991] ppid=1060988 vsize=7721336 memory=7075132 CPUtime=101.86 cores=56-83,168-195
/proc/1060991/stat : 1060991 (kat_xcsp_2ccb88) S 1060988 1060988 1060884 0 -1 1077936128 2786109 0 2 0 9753 433 0 0 20 0 3 0 222039977 7906648064 1768783 117440512000 22944594300928 22944602097632 140729399159904 0 0 0 0 4096 8406082 0 0 0 17 66 0 0 0 0 0 22944602211712 22944602232912 93825022754816 140729399163644 140729399164055 140729399164055 140729399177173 0
/proc/1060991/statm: 1930334 1768783 813 1904 0 1894304 0
[pid=1060991/tid=1060992] ppid=1060988 vsize=7721336 memory=7772 CPUtime=101.86 cores=56-83,168-195
/proc/1060991/task/1060992/stat : 1060992 (kat_xcsp_2ccb88) R 1060988 1060988 1060884 0 -1 4194368 2785827 0 0 0 9754 432 0 0 20 0 3 0 222039978 7906648064 1768783 117440512000 22944594300928 22944602097632 140729399159904 0 0 0 0 4096 8406082 0 0 0 -1 178 0 0 0 0 0 22944602211712 22944602232912 93825022754816 140729399163644 140729399164055 140729399164055 140729399177173 0
[pid=1060991/tid=1060993] ppid=1060988 vsize=7721336 memory=3280 CPUtime=0 cores=56-83,168-195
/proc/1060991/task/1060993/stat : 1060993 (kat_xcsp_2ccb88) S 1060988 1060988 1060884 0 -1 1077936192 2 0 0 0 0 0 0 0 20 0 3 0 222039978 7906648064 1768783 117440512000 22944594300928 22944602097632 140729399159904 0 0 0 0 4096 8406082 0 0 0 -1 168 0 0 0 0 0 22944602211712 22944602232912 93825022754816 140729399163644 140729399164055 140729399164055 140729399177173 0
Current children cumulated CPU time: 101.86 s
Current children cumulated vsize: 7725584 KiB
Current children cumulated memory: 7078232 KiB

[startup+155.702 s]
# the end of solver process 1060988 was just reported to runsolver
# cumulated CPU time of all completed processes:  user=150.233 s, system=4.79224 s

Solver just ended.
??? end of watcher thread
Dumping a history of the last processes samples

[startup+110.4 s]
/proc/loadavg: 57.93 59.08 59.33 62/2960 1061008
/proc/meminfo: memFree=473453440/527542224 swapFree=32701804/33554428
[pid=1060988] ppid=1060987 vsize=4248 memory=3100 CPUtime=0 cores=56-83,168-195
/proc/1060988/stat : 1060988 (bash) S 1060987 1060988 1060884 0 -1 4194304 282 138 0 0 0 0 0 0 20 0 1 0 222039976 4349952 775 117440512000 94746406920192 94746407902109 140720790930784 0 0 0 65536 4 65538 0 0 0 17 66 0 0 0 0 0 94746408135408 94746408183652 94746423263232 140720790936582 140720790936758 140720790936758 140720790949866 0
/proc/1060988/statm: 1062 775 679 240 0 188 0
[pid=1060991] ppid=1060988 vsize=7721336 memory=7075132 CPUtime=109.92 cores=56-83,168-195
/proc/1060991/stat : 1060991 (kat_xcsp_2ccb88) S 1060988 1060988 1060884 0 -1 1077936128 2790131 0 2 0 10559 433 0 0 20 0 3 0 222039977 7906648064 1768783 117440512000 22944594300928 22944602097632 140729399159904 0 0 0 0 4096 8406082 0 0 0 17 66 0 0 0 0 0 22944602211712 22944602232912 93825022754816 140729399163644 140729399164055 140729399164055 140729399177173 0
/proc/1060991/statm: 1930334 1768783 813 1904 0 1894304 0
[pid=1060991/tid=1060992] ppid=1060988 vsize=7721336 memory=7075132 CPUtime=109.92 cores=56-83,168-195
/proc/1060991/task/1060992/stat : 1060992 (kat_xcsp_2ccb88) R 1060988 1060988 1060884 0 -1 4194368 2789849 0 0 0 10559 433 0 0 20 0 3 0 222039978 7906648064 1768783 117440512000 22944594300928 22944602097632 140729399159904 0 0 0 0 4096 8406082 0 0 0 -1 178 0 0 0 0 0 22944602211712 22944602232912 93825022754816 140729399163644 140729399164055 140729399164055 140729399177173 0
[pid=1060991/tid=1060993] ppid=1060988 vsize=7721336 memory=5728 CPUtime=0 cores=56-83,168-195
/proc/1060991/task/1060993/stat : 1060993 (kat_xcsp_2ccb88) S 1060988 1060988 1060884 0 -1 1077936192 2 0 0 0 0 0 0 0 20 0 3 0 222039978 7906648064 1768783 117440512000 22944594300928 22944602097632 140729399159904 0 0 0 0 4096 8406082 0 0 0 -1 168 0 0 0 0 0 22944602211712 22944602232912 93825022754816 140729399163644 140729399164055 140729399164055 140729399177173 0
Current children cumulated CPU time: 109.92 s
Current children cumulated vsize: 7725584 KiB
Current children cumulated memory: 7078232 KiB

[startup+137 s]*
/proc/loadavg: 58.98 59.24 59.38 62/2960 1061010
/proc/meminfo: memFree=473395444/527542224 swapFree=32701804/33554428
[pid=1060988] ppid=1060987 vsize=4248 memory=3100 CPUtime=0 cores=56-83,168-195
/proc/1060988/stat : 1060988 (bash) S 1060987 1060988 1060884 0 -1 4194304 282 138 0 0 0 0 0 0 20 0 1 0 222039976 4349952 775 117440512000 94746406920192 94746407902109 140720790930784 0 0 0 65536 4 65538 0 0 0 17 66 0 0 0 0 0 94746408135408 94746408183652 94746423263232 140720790936582 140720790936758 140720790936758 140720790949866 0
/proc/1060988/statm: 1062 775 679 240 0 188 0
[pid=1060991] ppid=1060988 vsize=7721336 memory=7075132 CPUtime=136.49 cores=56-83,168-195
/proc/1060991/stat : 1060991 (kat_xcsp_2ccb88) S 1060988 1060988 1060884 0 -1 1077936128 2794480 0 2 0 13215 434 0 0 20 0 3 0 222039977 7906648064 1768783 117440512000 22944594300928 22944602097632 140729399159904 0 0 0 0 4096 8406082 0 0 0 17 66 0 0 0 0 0 22944602211712 22944602232912 93825022754816 140729399163644 140729399164055 140729399164055 140729399177173 0
/proc/1060991/statm: 1930334 1768783 813 1904 0 1894304 0
[pid=1060991/tid=1060992] ppid=1060988 vsize=7721336 memory=192 CPUtime=136.49 cores=56-83,168-195
/proc/1060991/task/1060992/stat : 1060992 (kat_xcsp_2ccb88) R 1060988 1060988 1060884 0 -1 4194368 2794198 0 0 0 13215 434 0 0 20 0 3 0 222039978 7906648064 1768783 117440512000 22944594300928 22944602097632 140729399159904 0 0 0 0 4096 8406082 0 0 0 -1 178 0 0 0 0 0 22944602211712 22944602232912 93825022754816 140729399163644 140729399164055 140729399164055 140729399177173 0
[pid=1060991/tid=1060993] ppid=1060988 vsize=7721336 memory=-6933350163988321985 CPUtime=0 cores=56-83,168-195
/proc/1060991/task/1060993/stat : 1060993 (kat_xcsp_2ccb88) S 1060988 1060988 1060884 0 -1 1077936192 2 0 0 0 0 0 0 0 20 0 3 0 222039978 7906648064 1768783 117440512000 22944594300928 22944602097632 140729399159904 0 0 0 0 4096 8406082 0 0 0 -1 168 0 0 0 0 0 22944602211712 22944602232912 93825022754816 140729399163644 140729399164055 140729399164055 140729399177173 0
Current children cumulated CPU time: 136.49 s
Current children cumulated vsize: 7725584 KiB
Current children cumulated memory: 7078232 KiB

[startup+143.9 s]
/proc/loadavg: 59.14 59.27 59.39 62/2960 1061010
/proc/meminfo: memFree=473361344/527542224 swapFree=32701804/33554428
[pid=1060988] ppid=1060987 vsize=4248 memory=3100 CPUtime=0 cores=56-83,168-195
/proc/1060988/stat : 1060988 (bash) S 1060987 1060988 1060884 0 -1 4194304 282 138 0 0 0 0 0 0 20 0 1 0 222039976 4349952 775 117440512000 94746406920192 94746407902109 140720790930784 0 0 0 65536 4 65538 0 0 0 17 66 0 0 0 0 0 94746408135408 94746408183652 94746423263232 140720790936582 140720790936758 140720790936758 140720790949866 0
/proc/1060988/statm: 1062 775 679 240 0 188 0
[pid=1060991] ppid=1060988 vsize=7721336 memory=7075132 CPUtime=143.27 cores=56-83,168-195
/proc/1060991/stat : 1060991 (kat_xcsp_2ccb88) S 1060988 1060988 1060884 0 -1 1077936128 2795756 0 2 0 13892 435 0 0 20 0 3 0 222039977 7906648064 1768783 117440512000 22944594300928 22944602097632 140729399159904 0 0 0 0 4096 8406082 0 0 0 17 66 0 0 0 0 0 22944602211712 22944602232912 93825022754816 140729399163644 140729399164055 140729399164055 140729399177173 0
/proc/1060991/statm: 1930334 1768783 813 1904 0 1894304 0
[pid=1060991/tid=1060992] ppid=1060988 vsize=7721336 memory=3100 CPUtime=143.26 cores=56-83,168-195
/proc/1060991/task/1060992/stat : 1060992 (kat_xcsp_2ccb88) R 1060988 1060988 1060884 0 -1 4194368 2795474 0 0 0 13892 434 0 0 20 0 3 0 222039978 7906648064 1768783 117440512000 22944594300928 22944602097632 140729399159904 0 0 0 0 4096 8406082 0 0 0 -1 178 0 0 0 0 0 22944602211712 22944602232912 93825022754816 140729399163644 140729399164055 140729399164055 140729399177173 0
[pid=1060991/tid=1060993] ppid=1060988 vsize=7721336 memory=7772 CPUtime=0 cores=56-83,168-195
/proc/1060991/task/1060993/stat : 1060993 (kat_xcsp_2ccb88) S 1060988 1060988 1060884 0 -1 1077936192 2 0 0 0 0 0 0 0 20 0 3 0 222039978 7906648064 1768783 117440512000 22944594300928 22944602097632 140729399159904 0 0 0 0 4096 8406082 0 0 0 -1 168 0 0 0 0 0 22944602211712 22944602232912 93825022754816 140729399163644 140729399164055 140729399164055 140729399177173 0
Current children cumulated CPU time: 143.27 s
Current children cumulated vsize: 7725584 KiB
Current children cumulated memory: 7078232 KiB

[startup+150.9 s]
/proc/loadavg: 59.43 59.32 59.40 62/2960 1061010
/proc/meminfo: memFree=473347648/527542224 swapFree=32701804/33554428
[pid=1060988] ppid=1060987 vsize=4248 memory=3100 CPUtime=0 cores=56-83,168-195
/proc/1060988/stat : 1060988 (bash) S 1060987 1060988 1060884 0 -1 4194304 282 138 0 0 0 0 0 0 20 0 1 0 222039976 4349952 775 117440512000 94746406920192 94746407902109 140720790930784 0 0 0 65536 4 65538 0 0 0 17 66 0 0 0 0 0 94746408135408 94746408183652 94746423263232 140720790936582 140720790936758 140720790936758 140720790949866 0
/proc/1060988/statm: 1062 775 679 240 0 188 0
[pid=1060991] ppid=1060988 vsize=7721336 memory=7075132 CPUtime=150.23 cores=56-83,168-195
/proc/1060991/stat : 1060991 (kat_xcsp_2ccb88) S 1060988 1060988 1060884 0 -1 1077936128 2796692 0 2 0 14588 435 0 0 20 0 3 0 222039977 7906648064 1768783 117440512000 22944594300928 22944602097632 140729399159904 0 0 0 0 4096 8406082 0 0 0 17 66 0 0 0 0 0 22944602211712 22944602232912 93825022754816 140729399163644 140729399164055 140729399164055 140729399177173 0
/proc/1060991/statm: 1930334 1768783 813 1904 0 1894304 0
[pid=1060991/tid=1060992] ppid=1060988 vsize=7721336 memory=7075132 CPUtime=150.23 cores=56-83,168-195
/proc/1060991/task/1060992/stat : 1060992 (kat_xcsp_2ccb88) R 1060988 1060988 1060884 0 -1 4194368 2796410 0 0 0 14589 434 0 0 20 0 3 0 222039978 7906648064 1768783 117440512000 22944594300928 22944602097632 140729399159904 0 0 0 0 4096 8406082 0 0 0 -1 178 0 0 0 0 0 22944602211712 22944602232912 93825022754816 140729399163644 140729399164055 140729399164055 140729399177173 0
[pid=1060991/tid=1060993] ppid=1060988 vsize=7721336 memory=7075132 CPUtime=0 cores=56-83,168-195
/proc/1060991/task/1060993/stat : 1060993 (kat_xcsp_2ccb88) S 1060988 1060988 1060884 0 -1 1077936192 2 0 0 0 0 0 0 0 20 0 3 0 222039978 7906648064 1768783 117440512000 22944594300928 22944602097632 140729399159904 0 0 0 0 4096 8406082 0 0 0 -1 168 0 0 0 0 0 22944602211712 22944602232912 93825022754816 140729399163644 140729399164055 140729399164055 140729399177173 0
Current children cumulated CPU time: 150.23 s
Current children cumulated vsize: 7725584 KiB
Current children cumulated memory: 7078232 KiB

[startup+152.7 s]
/proc/loadavg: 59.43 59.32 59.40 62/2960 1061010
/proc/meminfo: memFree=473348972/527542224 swapFree=32701804/33554428
[pid=1060988] ppid=1060987 vsize=4248 memory=3100 CPUtime=0 cores=56-83,168-195
/proc/1060988/stat : 1060988 (bash) S 1060987 1060988 1060884 0 -1 4194304 282 138 0 0 0 0 0 0 20 0 1 0 222039976 4349952 775 117440512000 94746406920192 94746407902109 140720790930784 0 0 0 65536 4 65538 0 0 0 17 66 0 0 0 0 0 94746408135408 94746408183652 94746423263232 140720790936582 140720790936758 140720790936758 140720790949866 0
/proc/1060988/statm: 1062 775 679 240 0 188 0
[pid=1060991] ppid=1060988 vsize=7721336 memory=7075132 CPUtime=152.02 cores=56-83,168-195
/proc/1060991/stat : 1060991 (kat_xcsp_2ccb88) S 1060988 1060988 1060884 0 -1 1077936128 2797169 0 2 0 14767 435 0 0 20 0 3 0 222039977 7906648064 1768783 117440512000 22944594300928 22944602097632 140729399159904 0 0 0 0 4096 8406082 0 0 0 17 66 0 0 0 0 0 22944602211712 22944602232912 93825022754816 140729399163644 140729399164055 140729399164055 140729399177173 0
/proc/1060991/statm: 1930334 1768783 813 1904 0 1894304 0
[pid=1060991/tid=1060992] ppid=1060988 vsize=7721336 memory=160400 CPUtime=152.01 cores=56-83,168-195
/proc/1060991/task/1060992/stat : 1060992 (kat_xcsp_2ccb88) R 1060988 1060988 1060884 0 -1 4194368 2796887 0 0 0 14767 434 0 0 20 0 3 0 222039978 7906648064 1768783 117440512000 22944594300928 22944602097632 140729399159904 0 0 0 0 4096 8406082 0 0 0 -1 178 0 0 0 0 0 22944602211712 22944602232912 93825022754816 140729399163644 140729399164055 140729399164055 140729399177173 0
[pid=1060991/tid=1060993] ppid=1060988 vsize=7721336 memory=5728 CPUtime=0 cores=56-83,168-195
/proc/1060991/task/1060993/stat : 1060993 (kat_xcsp_2ccb88) S 1060988 1060988 1060884 0 -1 1077936192 2 0 0 0 0 0 0 0 20 0 3 0 222039978 7906648064 1768783 117440512000 22944594300928 22944602097632 140729399159904 0 0 0 0 4096 8406082 0 0 0 -1 168 0 0 0 0 0 22944602211712 22944602232912 93825022754816 140729399163644 140729399164055 140729399164055 140729399177173 0
Current children cumulated CPU time: 152.02 s
Current children cumulated vsize: 7725584 KiB
Current children cumulated memory: 7078232 KiB

[startup+154.4 s]*
/proc/loadavg: 59.64 59.37 59.42 62/2960 1061010
/proc/meminfo: memFree=473348860/527542224 swapFree=32701804/33554428
[pid=1060988] ppid=1060987 vsize=4248 memory=3100 CPUtime=0 cores=56-83,168-195
/proc/1060988/stat : 1060988 (bash) S 1060987 1060988 1060884 0 -1 4194304 282 138 0 0 0 0 0 0 20 0 1 0 222039976 4349952 775 117440512000 94746406920192 94746407902109 140720790930784 0 0 0 65536 4 65538 0 0 0 17 66 0 0 0 0 0 94746408135408 94746408183652 94746423263232 140720790936582 140720790936758 140720790936758 140720790949866 0
/proc/1060988/statm: 1062 775 679 240 0 188 0
[pid=1060991] ppid=1060988 vsize=7721336 memory=7075132 CPUtime=153.81 cores=56-83,168-195
/proc/1060991/stat : 1060991 (kat_xcsp_2ccb88) S 1060988 1060988 1060884 0 -1 1077936128 2797877 0 2 0 14946 435 0 0 20 0 3 0 222039977 7906648064 1768783 117440512000 22944594300928 22944602097632 140729399159904 0 0 0 0 4096 8406082 0 0 0 17 66 0 0 0 0 0 22944602211712 22944602232912 93825022754816 140729399163644 140729399164055 140729399164055 140729399177173 0
/proc/1060991/statm: 1930334 1768783 813 1904 0 1894304 0
[pid=1060991/tid=1060992] ppid=1060988 vsize=7721336 memory=7080348646348194067 CPUtime=153.82 cores=56-83,168-195
/proc/1060991/task/1060992/stat : 1060992 (kat_xcsp_2ccb88) R 1060988 1060988 1060884 0 -1 4194368 2797598 0 0 0 14947 435 0 0 20 0 3 0 222039978 7906648064 1768783 117440512000 22944594300928 22944602097632 140729399159904 0 0 0 0 4096 8406082 0 0 0 -1 178 0 0 0 0 0 22944602211712 22944602232912 93825022754816 140729399163644 140729399164055 140729399164055 140729399177173 0
[pid=1060991/tid=1060993] ppid=1060988 vsize=7721336 memory=-6933350163988321985 CPUtime=0 cores=56-83,168-195
/proc/1060991/task/1060993/stat : 1060993 (kat_xcsp_2ccb88) S 1060988 1060988 1060884 0 -1 1077936192 2 0 0 0 0 0 0 0 20 0 3 0 222039978 7906648064 1768783 117440512000 22944594300928 22944602097632 140729399159904 0 0 0 0 4096 8406082 0 0 0 -1 168 0 0 0 0 0 22944602211712 22944602232912 93825022754816 140729399163644 140729399164055 140729399164055 140729399177173 0
Current children cumulated CPU time: 153.81 s
Current children cumulated vsize: 7725584 KiB
Current children cumulated memory: 7078232 KiB

[startup+155.3 s]
/proc/loadavg: 59.64 59.37 59.42 62/2960 1061010
/proc/meminfo: memFree=473348860/527542224 swapFree=32701804/33554428
[pid=1060988] ppid=1060987 vsize=4248 memory=3100 CPUtime=0 cores=56-83,168-195
/proc/1060988/stat : 1060988 (bash) S 1060987 1060988 1060884 0 -1 4194304 282 138 0 0 0 0 0 0 20 0 1 0 222039976 4349952 775 117440512000 94746406920192 94746407902109 140720790930784 0 0 0 65536 4 65538 0 0 0 17 66 0 0 0 0 0 94746408135408 94746408183652 94746423263232 140720790936582 140720790936758 140720790936758 140720790949866 0
/proc/1060988/statm: 1062 775 679 240 0 188 0
[pid=1060991] ppid=1060988 vsize=5306764 memory=5014912 CPUtime=154.61 cores=56-83,168-195
/proc/1060991/stat : 1060991 (kat_xcsp_2ccb88) S 1060988 1060988 1060884 0 -1 1077936128 3027094 0 2 0 15006 455 0 0 20 0 3 0 222039977 5434126336 1253728 117440512000 22944594300928 22944602097632 140729399159904 0 0 0 0 4096 8406082 0 0 0 17 66 0 0 0 0 0 22944602211712 22944602232912 93825022754816 140729399163644 140729399164055 140729399164055 140729399177173 0
/proc/1060991/statm: 1326691 1253728 817 1904 0 1290661 0
[pid=1060991/tid=1060992] ppid=1060988 vsize=5306764 memory=7080348646348194067 CPUtime=154.6 cores=56-83,168-195
/proc/1060991/task/1060992/stat : 1060992 (kat_xcsp_2ccb88) R 1060988 1060988 1060884 0 -1 4194368 3026842 0 0 0 15006 454 0 0 20 0 3 0 222039978 5434126336 1253728 117440512000 22944594300928 22944602097632 140729399159904 0 0 0 0 4096 8406082 0 0 0 -1 178 0 0 0 0 0 22944602211712 22944602232912 93825022754816 140729399163644 140729399164055 140729399164055 140729399177173 0
[pid=1060991/tid=1060993] ppid=1060988 vsize=5306764 memory=7075132 CPUtime=0 cores=56-83,168-195
/proc/1060991/task/1060993/stat : 1060993 (kat_xcsp_2ccb88) S 1060988 1060988 1060884 0 -1 1077936192 2 0 0 0 0 0 0 0 20 0 3 0 222039978 5434126336 1253728 117440512000 22944594300928 22944602097632 140729399159904 0 0 0 0 4096 8406082 0 0 0 -1 168 0 0 0 0 0 22944602211712 22944602232912 93825022754816 140729399163644 140729399164055 140729399164055 140729399177173 0
Current children cumulated CPU time: 154.61 s
Current children cumulated vsize: 5311012 KiB
Current children cumulated memory: 5018012 KiB

[startup+155.5 s]*
/proc/loadavg: 59.64 59.37 59.42 62/2960 1061010
/proc/meminfo: memFree=475412724/527542224 swapFree=32701804/33554428
[pid=1060988] ppid=1060987 vsize=4248 memory=3100 CPUtime=0 cores=56-83,168-195
/proc/1060988/stat : 1060988 (bash) S 1060987 1060988 1060884 0 -1 4194304 282 138 0 0 0 0 0 0 20 0 1 0 222039976 4349952 775 117440512000 94746406920192 94746407902109 140720790930784 0 0 0 65536 4 65538 0 0 0 17 66 0 0 0 0 0 94746408135408 94746408183652 94746423263232 140720790936582 140720790936758 140720790936758 140720790949866 0
/proc/1060988/statm: 1062 775 679 240 0 188 0
Current children cumulated CPU time: 0 s
Current children cumulated vsize: 4248 KiB
Current children cumulated memory: 3100 KiB

Child status: 0
Real time (s): 155.702
CPU time (s): 155.025
CPU user time (s): 150.233
CPU system time (s): 4.79224
CPU usage (%): 99.5654
Max. virtual memory (cumulated for all children) (KiB): 8153540
Max. memory (cumulated for all children) (KiB): 7443512

getrusage(RUSAGE_CHILDREN,...) data:
user time used= 150.233
system time used= 4.79224
maximum resident set size= 7440412
integral shared memory size= 0
integral unshared data size= 0
integral unshared stack size= 0
page reclaims= 3104501
page faults= 2
swaps= 0
block input operations= 16880
block output operations= 80
messages sent= 0
messages received= 0
signals received= 0
voluntary context switches= 101
involuntary context switches= 128


# summary of solver processes directly reported to runsolver:
#   pid: 1060988
#   total CPU time (s): 155.025
#   total CPU user time (s): 150.233
#   total CPU system time (s): 4.79224

??? end of timestamper thread
runsolver used 3.72169 second user time and 12.3802 second system time

The end
