================ Slurm Info ================
DATE      = 2026-05-27T11:51:32+09:00
PARTITION = gr10672b
JOB_ID    = 19875382_37
JOB_NAME  = xcsp-parse-cop-cumulative-165-log-scop-cumexact-taskrd-20260526-2ccb88e9-q10672
NNODES    = 1
RSC_OPT   = p=1:t=28:c=28:m=112000M
============================================
job_id=19888210 task_id=37 instance_id=37
instance_relpath=COP22to25/TestScheduling-t030m10r05-1_c24.xml.lzma
row_file=/LARGE0/gr10672/b39275/xcsp3instances/results/kat-cop-cumulative-165-log-scop-guarded-basic-directexpr-inchard-cnf-mdd-tl-autopb-autobdd-agg-eqne2-cumexact-taskrd-1800-20260526-2ccb88e9-q10672/rows/row-19888210-37-37.csv
runsolver_values_log=/LARGE0/gr10672/b39275/xcsp3instances/slurm-logs/runsolver/runsolver-kat-cop-cumulative-165-log-scop-guarded-basic-directexpr-inchard-cnf-mdd-tl-autopb-autobdd-agg-eqne2-cumexact-taskrd-1800-20260526-2ccb88e9-q10672-19888210-37-37/values.log
runsolver_solver_log=/LARGE0/gr10672/b39275/xcsp3instances/slurm-logs/runsolver/runsolver-kat-cop-cumulative-165-log-scop-guarded-basic-directexpr-inchard-cnf-mdd-tl-autopb-autobdd-agg-eqne2-cumexact-taskrd-1800-20260526-2ccb88e9-q10672-19888210-37-37/output.log
runsolver version 3.4.1 (svn: 3018) Copyright (C) 2010-2013 Olivier ROUSSEL

This program is distributed in the hope that it will be useful,
but WITHOUT ANY WARRANTY; without even the implied warranty of
MERCHANTABILITY or FITNESS FOR A PARTICULAR PURPOSE.  See the
GNU General Public License for more details.

NUMA information:
  number of nodes: 8
  memory of node 0: 63700 MiB (57259 MiB free)
  memory of node 1: 64504 MiB (61748 MiB free)
  memory of node 2: 64504 MiB (63608 MiB free)
  memory of node 3: 64504 MiB (63558 MiB free)
  memory of node 4: 64504 MiB (63449 MiB free)
  memory of node 5: 64504 MiB (63361 MiB free)
  memory of node 6: 64461 MiB (62767 MiB free)
  memory of node 7: 64491 MiB (57167 MiB free)
  node distances:
     10  12  12  12  21  21  21  21
     12  10  12  12  21  21  21  21
     12  12  10  12  21  21  21  21
     12  12  12  10  21  21  21  21
     21  21  21  21  10  12  12  12
     21  21  21  21  12  10  12  12
     21  21  21  21  12  12  10  12
     21  21  21  21  12  12  12  10

command line: runsolver -W 1800 -C 1800 -v /logs/runsolver/runsolver-kat-cop-cumulative-165-log-scop-guarded-basic-directexpr-inchard-cnf-mdd-tl-autopb-autobdd-agg-eqne2-cumexact-taskrd-1800-20260526-2ccb88e9-q10672-19888210-37-37/values.log -o /logs/runsolver/runsolver-kat-cop-cumulative-165-log-scop-guarded-basic-directexpr-inchard-cnf-mdd-tl-autopb-autobdd-agg-eqne2-cumexact-taskrd-1800-20260526-2ccb88e9-q10672-19888210-37-37/output.log bash -lc 
set -euo pipefail
if [[ -n "${PARSER_ARGS:-}" ]]; then
  eval "set -- ${PARSER_ARGS}"
  "$PARSER_BIN" "$INSTANCE_PATH" "$@"
else
  "$PARSER_BIN" "$INSTANCE_PATH"
fi
 

running on 48 cores: 19,131,174-175,180-187,62-67,72-82,84-85,87,91,93-94,188-194,196-197,199,203,205-206

Enforcing wall clock limit (soft limit, will send SIGTERM then SIGKILL): 1800 seconds
Enforcing CPUTime limit (soft limit, will send SIGTERM then SIGKILL): 1800 seconds
Enforcing CPUTime limit (hard limit, will send SIGXCPU): 1830 seconds
Linux 4.18.0-553.111.1.el8_10.x86_64
Current StackSize limit: 18014398509481983 KiB

solver pid=2197124, runsolver pid=2197123

[startup+0.100084 s]*
/proc/loadavg: 41.85 41.76 41.61 43/3002 2197129
/proc/meminfo: memFree=504747220/527542224 swapFree=32560508/33554428
[pid=2197124] ppid=2197123 vsize=4248 memory=2896 CPUtime=0 cores=19,62-82,84-85,87,91,93-94,131,174-194,196-197,199,203,205-206
/proc/2197124/stat : 2197124 (bash) S 2197123 2197124 2197022 0 -1 4194304 283 136 0 0 0 0 0 0 20 0 1 0 225372162 4349952 724 117440512000 94510460387328 94510461369245 140727374598896 0 0 0 65536 4 65538 0 0 0 17 179 0 0 0 0 0 94510461602544 94510461650788 94510488342528 140727374605192 140727374605368 140727374605368 140727374618602 0
/proc/2197124/statm: 1062 724 627 240 0 188 0
[pid=2197127] ppid=2197124 vsize=223024 memory=54348 CPUtime=0.14 cores=19,62-82,84-85,87,91,93-94,131,174-194,196-197,199,203,205-206
/proc/2197127/stat : 2197127 (kat_xcsp_2ccb88) S 2197124 2197124 2197022 0 -1 1077936128 13151 0 0 0 12 2 0 0 20 0 3 0 225372162 228376576 13587 117440512000 23444088635392 23444096432096 140724954732080 0 0 0 0 4096 8406082 0 0 0 17 175 0 0 0 0 0 23444096546176 23444096567376 93825024401408 140724954737192 140724954737689 140724954737689 140724954750933 0
/proc/2197127/statm: 55756 13587 642 1904 0 31273 0
[pid=2197127/tid=2197128] ppid=2197124 vsize=223024 memory=8333796347121867392 CPUtime=0.14 cores=19,62-82,84-85,87,91,93-94,131,174-194,196-197,199,203,205-206
/proc/2197127/task/2197128/stat : 2197128 (kat_xcsp_2ccb88) R 2197124 2197124 2197022 0 -1 4194368 13113 0 0 0 12 2 0 0 20 0 3 0 225372162 228376576 13851 117440512000 23444088635392 23444096432096 140724954732080 0 0 0 0 4096 8406082 0 0 0 -1 66 0 0 0 0 0 23444096546176 23444096567376 93825024401408 140724954737192 140724954737689 140724954737689 140724954750933 0
[pid=2197127/tid=2197129] ppid=2197124 vsize=223024 memory=0 CPUtime=0 cores=19,62-82,84-85,87,91,93-94,131,174-194,196-197,199,203,205-206
/proc/2197127/task/2197129/stat : 2197129 (kat_xcsp_2ccb88) S 2197124 2197124 2197022 0 -1 1077936192 2 0 0 0 0 0 0 0 20 0 3 0 225372163 228376576 13851 117440512000 23444088635392 23444096432096 140724954732080 0 0 0 0 4096 8406082 0 0 0 -1 181 0 0 0 0 0 23444096546176 23444096567376 93825024401408 140724954737192 140724954737689 140724954737689 140724954750933 0
Current children cumulated CPU time: 0.14 s
Current children cumulated vsize: 227272 KiB
Current children cumulated memory: 57244 KiB

[startup+0.309407 s]*
/proc/loadavg: 41.85 41.76 41.61 43/3002 2197129
/proc/meminfo: memFree=504645836/527542224 swapFree=32560508/33554428
[pid=2197124] ppid=2197123 vsize=4248 memory=2896 CPUtime=0 cores=19,62-82,84-85,87,91,93-94,131,174-194,196-197,199,203,205-206
/proc/2197124/stat : 2197124 (bash) S 2197123 2197124 2197022 0 -1 4194304 283 136 0 0 0 0 0 0 20 0 1 0 225372162 4349952 724 117440512000 94510460387328 94510461369245 140727374598896 0 0 0 65536 4 65538 0 0 0 17 179 0 0 0 0 0 94510461602544 94510461650788 94510488342528 140727374605192 140727374605368 140727374605368 140727374618602 0
/proc/2197124/statm: 1062 724 627 240 0 188 0
[pid=2197127] ppid=2197124 vsize=296248 memory=110460 CPUtime=0.35 cores=19,62-82,84-85,87,91,93-94,131,174-194,196-197,199,203,205-206
/proc/2197127/stat : 2197127 (kat_xcsp_2ccb88) S 2197124 2197124 2197022 0 -1 1077936128 22644 0 0 0 30 5 0 0 20 0 3 0 225372162 303357952 27615 117440512000 23444088635392 23444096432096 140724954732080 0 0 0 0 4096 8406082 0 0 0 17 175 0 0 0 0 0 23444096546176 23444096567376 93825024401408 140724954737192 140724954737689 140724954737689 140724954750933 0
/proc/2197127/statm: 74062 27615 718 1904 0 44984 0
[pid=2197127/tid=2197128] ppid=2197124 vsize=296248 memory=8333796347121867392 CPUtime=0.34 cores=19,62-82,84-85,87,91,93-94,131,174-194,196-197,199,203,205-206
/proc/2197127/task/2197128/stat : 2197128 (kat_xcsp_2ccb88) R 2197124 2197124 2197022 0 -1 4194368 22366 0 0 0 30 4 0 0 20 0 3 0 225372162 303357952 27615 117440512000 23444088635392 23444096432096 140724954732080 0 0 0 0 4096 8406082 0 0 0 -1 66 0 0 0 0 0 23444096546176 23444096567376 93825024401408 140724954737192 140724954737689 140724954737689 140724954750933 0
[pid=2197127/tid=2197129] ppid=2197124 vsize=296248 memory=0 CPUtime=0 cores=19,62-82,84-85,87,91,93-94,131,174-194,196-197,199,203,205-206
/proc/2197127/task/2197129/stat : 2197129 (kat_xcsp_2ccb88) S 2197124 2197124 2197022 0 -1 1077936192 2 0 0 0 0 0 0 0 20 0 3 0 225372163 303357952 27615 117440512000 23444088635392 23444096432096 140724954732080 0 0 0 0 4096 8406082 0 0 0 -1 181 0 0 0 0 0 23444096546176 23444096567376 93825024401408 140724954737192 140724954737689 140724954737689 140724954750933 0
Current children cumulated CPU time: 0.35 s
Current children cumulated vsize: 300496 KiB
Current children cumulated memory: 113356 KiB

[startup+0.504419 s]*
/proc/loadavg: 41.85 41.76 41.61 43/3002 2197129
/proc/meminfo: memFree=504642780/527542224 swapFree=32560508/33554428
[pid=2197124] ppid=2197123 vsize=4248 memory=2896 CPUtime=0 cores=19,62-82,84-85,87,91,93-94,131,174-194,196-197,199,203,205-206
/proc/2197124/stat : 2197124 (bash) S 2197123 2197124 2197022 0 -1 4194304 283 136 0 0 0 0 0 0 20 0 1 0 225372162 4349952 724 117440512000 94510460387328 94510461369245 140727374598896 0 0 0 65536 4 65538 0 0 0 17 179 0 0 0 0 0 94510461602544 94510461650788 94510488342528 140727374605192 140727374605368 140727374605368 140727374618602 0
/proc/2197124/statm: 1062 724 627 240 0 188 0
[pid=2197127] ppid=2197124 vsize=296248 memory=111516 CPUtime=0.55 cores=19,62-82,84-85,87,91,93-94,131,174-194,196-197,199,203,205-206
/proc/2197127/stat : 2197127 (kat_xcsp_2ccb88) S 2197124 2197124 2197022 0 -1 1077936128 22908 0 0 0 50 5 0 0 20 0 3 0 225372162 303357952 27879 117440512000 23444088635392 23444096432096 140724954732080 0 0 0 0 4096 8406082 0 0 0 17 175 0 0 0 0 0 23444096546176 23444096567376 93825024401408 140724954737192 140724954737689 140724954737689 140724954750933 0
/proc/2197127/statm: 74062 27879 718 1904 0 45195 0
[pid=2197127/tid=2197128] ppid=2197124 vsize=296248 memory=0 CPUtime=0.54 cores=19,62-82,84-85,87,91,93-94,131,174-194,196-197,199,203,205-206
/proc/2197127/task/2197128/stat : 2197128 (kat_xcsp_2ccb88) R 2197124 2197124 2197022 0 -1 4194368 22631 0 0 0 50 4 0 0 20 0 3 0 225372162 303357952 27879 117440512000 23444088635392 23444096432096 140724954732080 0 0 0 0 4096 8406082 0 0 0 -1 66 0 0 0 0 0 23444096546176 23444096567376 93825024401408 140724954737192 140724954737689 140724954737689 140724954750933 0
[pid=2197127/tid=2197129] ppid=2197124 vsize=296248 memory=0 CPUtime=0 cores=19,62-82,84-85,87,91,93-94,131,174-194,196-197,199,203,205-206
/proc/2197127/task/2197129/stat : 2197129 (kat_xcsp_2ccb88) S 2197124 2197124 2197022 0 -1 1077936192 2 0 0 0 0 0 0 0 20 0 3 0 225372163 303357952 27879 117440512000 23444088635392 23444096432096 140724954732080 0 0 0 0 4096 8406082 0 0 0 -1 181 0 0 0 0 0 23444096546176 23444096567376 93825024401408 140724954737192 140724954737689 140724954737689 140724954750933 0
Current children cumulated CPU time: 0.55 s
Current children cumulated vsize: 300496 KiB
Current children cumulated memory: 114412 KiB

[startup+0.710484 s]*
/proc/loadavg: 41.85 41.76 41.61 43/3002 2197129
/proc/meminfo: memFree=504640276/527542224 swapFree=32560508/33554428
[pid=2197124] ppid=2197123 vsize=4248 memory=2896 CPUtime=0 cores=19,62-82,84-85,87,91,93-94,131,174-194,196-197,199,203,205-206
/proc/2197124/stat : 2197124 (bash) S 2197123 2197124 2197022 0 -1 4194304 283 136 0 0 0 0 0 0 20 0 1 0 225372162 4349952 724 117440512000 94510460387328 94510461369245 140727374598896 0 0 0 65536 4 65538 0 0 0 17 179 0 0 0 0 0 94510461602544 94510461650788 94510488342528 140727374605192 140727374605368 140727374605368 140727374618602 0
/proc/2197124/statm: 1062 724 627 240 0 188 0
[pid=2197127] ppid=2197124 vsize=296248 memory=113628 CPUtime=0.75 cores=19,62-82,84-85,87,91,93-94,131,174-194,196-197,199,203,205-206
/proc/2197127/stat : 2197127 (kat_xcsp_2ccb88) S 2197124 2197124 2197022 0 -1 1077936128 23443 0 0 0 70 5 0 0 20 0 3 0 225372162 303357952 28407 117440512000 23444088635392 23444096432096 140724954732080 0 0 0 0 4096 8406082 0 0 0 17 175 0 0 0 0 0 23444096546176 23444096567376 93825024401408 140724954737192 140724954737689 140724954737689 140724954750933 0
/proc/2197127/statm: 74062 28407 718 1904 0 45740 0
[pid=2197127/tid=2197128] ppid=2197124 vsize=296248 memory=8333796347121867392 CPUtime=0.75 cores=19,62-82,84-85,87,91,93-94,131,174-194,196-197,199,203,205-206
/proc/2197127/task/2197128/stat : 2197128 (kat_xcsp_2ccb88) R 2197124 2197124 2197022 0 -1 4194368 23162 0 0 0 71 4 0 0 20 0 3 0 225372162 303357952 28407 117440512000 23444088635392 23444096432096 140724954732080 0 0 0 0 4096 8406082 0 0 0 -1 66 0 0 0 0 0 23444096546176 23444096567376 93825024401408 140724954737192 140724954737689 140724954737689 140724954750933 0
[pid=2197127/tid=2197129] ppid=2197124 vsize=296248 memory=0 CPUtime=0 cores=19,62-82,84-85,87,91,93-94,131,174-194,196-197,199,203,205-206
/proc/2197127/task/2197129/stat : 2197129 (kat_xcsp_2ccb88) S 2197124 2197124 2197022 0 -1 1077936192 2 0 0 0 0 0 0 0 20 0 3 0 225372163 303357952 28407 117440512000 23444088635392 23444096432096 140724954732080 0 0 0 0 4096 8406082 0 0 0 -1 181 0 0 0 0 0 23444096546176 23444096567376 93825024401408 140724954737192 140724954737689 140724954737689 140724954750933 0
Current children cumulated CPU time: 0.75 s
Current children cumulated vsize: 300496 KiB
Current children cumulated memory: 116524 KiB

[startup+1.50029 s]*
/proc/loadavg: 41.85 41.76 41.61 43/2999 2197130
/proc/meminfo: memFree=504632568/527542224 swapFree=32560508/33554428
[pid=2197124] ppid=2197123 vsize=4248 memory=2896 CPUtime=0 cores=19,62-82,84-85,87,91,93-94,131,174-194,196-197,199,203,205-206
/proc/2197124/stat : 2197124 (bash) S 2197123 2197124 2197022 0 -1 4194304 283 136 0 0 0 0 0 0 20 0 1 0 225372162 4349952 724 117440512000 94510460387328 94510461369245 140727374598896 0 0 0 65536 4 65538 0 0 0 17 179 0 0 0 0 0 94510461602544 94510461650788 94510488342528 140727374605192 140727374605368 140727374605368 140727374618602 0
/proc/2197124/statm: 1062 724 627 240 0 188 0
[pid=2197127] ppid=2197124 vsize=296248 memory=122012 CPUtime=1.54 cores=19,62-82,84-85,87,91,93-94,131,174-194,196-197,199,203,205-206
/proc/2197127/stat : 2197127 (kat_xcsp_2ccb88) S 2197124 2197124 2197022 0 -1 1077936128 40755 0 0 0 147 7 0 0 20 0 3 0 225372162 303357952 30503 117440512000 23444088635392 23444096432096 140724954732080 0 0 0 0 4096 8406082 0 0 0 17 175 0 0 0 0 0 23444096546176 23444096567376 93825024401408 140724954737192 140724954737689 140724954737689 140724954750933 0
/proc/2197127/statm: 74062 30503 779 1904 0 48177 0
[pid=2197127/tid=2197128] ppid=2197124 vsize=296248 memory=4638778398332698720 CPUtime=1.53 cores=19,62-82,84-85,87,91,93-94,131,174-194,196-197,199,203,205-206
/proc/2197127/task/2197128/stat : 2197128 (kat_xcsp_2ccb88) R 2197124 2197124 2197022 0 -1 4194368 40474 0 0 0 147 6 0 0 20 0 3 0 225372162 303357952 30503 117440512000 23444088635392 23444096432096 140724954732080 0 0 0 0 4096 8406082 0 0 0 -1 66 0 0 0 0 0 23444096546176 23444096567376 93825024401408 140724954737192 140724954737689 140724954737689 140724954750933 0
[pid=2197127/tid=2197129] ppid=2197124 vsize=296248 memory=0 CPUtime=0 cores=19,62-82,84-85,87,91,93-94,131,174-194,196-197,199,203,205-206
/proc/2197127/task/2197129/stat : 2197129 (kat_xcsp_2ccb88) S 2197124 2197124 2197022 0 -1 1077936192 2 0 0 0 0 0 0 0 20 0 3 0 225372163 303357952 30503 117440512000 23444088635392 23444096432096 140724954732080 0 0 0 0 4096 8406082 0 0 0 -1 181 0 0 0 0 0 23444096546176 23444096567376 93825024401408 140724954737192 140724954737689 140724954737689 140724954750933 0
Current children cumulated CPU time: 1.54 s
Current children cumulated vsize: 300496 KiB
Current children cumulated memory: 124908 KiB

[startup+3.1003 s]
/proc/loadavg: 41.85 41.76 41.61 43/2996 2197130
/proc/meminfo: memFree=504636992/527542224 swapFree=32560508/33554428
[pid=2197124] ppid=2197123 vsize=4248 memory=2896 CPUtime=0 cores=19,62-82,84-85,87,91,93-94,131,174-194,196-197,199,203,205-206
/proc/2197124/stat : 2197124 (bash) S 2197123 2197124 2197022 0 -1 4194304 283 136 0 0 0 0 0 0 20 0 1 0 225372162 4349952 724 117440512000 94510460387328 94510461369245 140727374598896 0 0 0 65536 4 65538 0 0 0 17 179 0 0 0 0 0 94510461602544 94510461650788 94510488342528 140727374605192 140727374605368 140727374605368 140727374618602 0
/proc/2197124/statm: 1062 724 627 240 0 188 0
[pid=2197127] ppid=2197124 vsize=296248 memory=122012 CPUtime=3.02 cores=19,62-82,84-85,87,91,93-94,131,174-194,196-197,199,203,205-206
/proc/2197127/stat : 2197127 (kat_xcsp_2ccb88) S 2197124 2197124 2197022 0 -1 1077936128 52564 0 0 0 294 8 0 0 20 0 3 0 225372162 303357952 30503 117440512000 23444088635392 23444096432096 140724954732080 0 0 0 0 4096 8406082 0 0 0 17 175 0 0 0 0 0 23444096546176 23444096567376 93825024401408 140724954737192 140724954737689 140724954737689 140724954750933 0
/proc/2197127/statm: 74062 30503 779 1904 0 48177 0
[pid=2197127/tid=2197128] ppid=2197124 vsize=296248 memory=5096 CPUtime=3.02 cores=19,62-82,84-85,87,91,93-94,131,174-194,196-197,199,203,205-206
/proc/2197127/task/2197128/stat : 2197128 (kat_xcsp_2ccb88) R 2197124 2197124 2197022 0 -1 4194368 52286 0 0 0 294 8 0 0 20 0 3 0 225372162 303357952 30503 117440512000 23444088635392 23444096432096 140724954732080 0 0 0 0 4096 8406082 0 0 0 -1 62 0 0 0 0 0 23444096546176 23444096567376 93825024401408 140724954737192 140724954737689 140724954737689 140724954750933 0
[pid=2197127/tid=2197129] ppid=2197124 vsize=296248 memory=122012 CPUtime=0 cores=19,62-82,84-85,87,91,93-94,131,174-194,196-197,199,203,205-206
/proc/2197127/task/2197129/stat : 2197129 (kat_xcsp_2ccb88) S 2197124 2197124 2197022 0 -1 1077936192 2 0 0 0 0 0 0 0 20 0 3 0 225372163 303357952 30503 117440512000 23444088635392 23444096432096 140724954732080 0 0 0 0 4096 8406082 0 0 0 -1 181 0 0 0 0 0 23444096546176 23444096567376 93825024401408 140724954737192 140724954737689 140724954737689 140724954750933 0
Current children cumulated CPU time: 3.02 s
Current children cumulated vsize: 300496 KiB
Current children cumulated memory: 124908 KiB

[startup+6.30032 s]
/proc/loadavg: 41.86 41.76 41.62 43/2996 2197130
/proc/meminfo: memFree=504630560/527542224 swapFree=32560508/33554428
[pid=2197124] ppid=2197123 vsize=4248 memory=2896 CPUtime=0 cores=19,62-82,84-85,87,91,93-94,131,174-194,196-197,199,203,205-206
/proc/2197124/stat : 2197124 (bash) S 2197123 2197124 2197022 0 -1 4194304 283 136 0 0 0 0 0 0 20 0 1 0 225372162 4349952 724 117440512000 94510460387328 94510461369245 140727374598896 0 0 0 65536 4 65538 0 0 0 17 179 0 0 0 0 0 94510461602544 94510461650788 94510488342528 140727374605192 140727374605368 140727374605368 140727374618602 0
/proc/2197124/statm: 1062 724 627 240 0 188 0
[pid=2197127] ppid=2197124 vsize=377492 memory=171788 CPUtime=6.21 cores=19,62-82,84-85,87,91,93-94,131,174-194,196-197,199,203,205-206
/proc/2197127/stat : 2197127 (kat_xcsp_2ccb88) S 2197124 2197124 2197022 0 -1 1077936128 83728 0 0 0 608 13 0 0 20 0 3 0 225372162 386551808 42947 117440512000 23444088635392 23444096432096 140724954732080 0 0 0 0 4096 8406082 0 0 0 17 175 0 0 0 0 0 23444096546176 23444096567376 93825024401408 140724954737192 140724954737689 140724954737689 140724954750933 0
/proc/2197127/statm: 94373 42947 779 1904 0 60636 0
[pid=2197127/tid=2197128] ppid=2197124 vsize=377492 memory=2072 CPUtime=6.21 cores=19,62-82,84-85,87,91,93-94,131,174-194,196-197,199,203,205-206
/proc/2197127/task/2197128/stat : 2197128 (kat_xcsp_2ccb88) R 2197124 2197124 2197022 0 -1 4194368 83448 0 0 0 608 13 0 0 20 0 3 0 225372162 386551808 42947 117440512000 23444088635392 23444096432096 140724954732080 0 0 0 0 4096 8406082 0 0 0 -1 62 0 0 0 0 0 23444096546176 23444096567376 93825024401408 140724954737192 140724954737689 140724954737689 140724954750933 0
[pid=2197127/tid=2197129] ppid=2197124 vsize=377492 memory=14133338134895584 CPUtime=0 cores=19,62-82,84-85,87,91,93-94,131,174-194,196-197,199,203,205-206
/proc/2197127/task/2197129/stat : 2197129 (kat_xcsp_2ccb88) S 2197124 2197124 2197022 0 -1 1077936192 2 0 0 0 0 0 0 0 20 0 3 0 225372163 386551808 42947 117440512000 23444088635392 23444096432096 140724954732080 0 0 0 0 4096 8406082 0 0 0 -1 181 0 0 0 0 0 23444096546176 23444096567376 93825024401408 140724954737192 140724954737689 140724954737689 140724954750933 0
Current children cumulated CPU time: 6.21 s
Current children cumulated vsize: 381740 KiB
Current children cumulated memory: 174684 KiB

[startup+12.7069 s]
/proc/loadavg: 41.96 41.78 41.62 43/2993 2197140
/proc/meminfo: memFree=504522724/527542224 swapFree=32560508/33554428
[pid=2197124] ppid=2197123 vsize=4248 memory=2896 CPUtime=0 cores=19,62-82,84-85,87,91,93-94,131,174-194,196-197,199,203,205-206
/proc/2197124/stat : 2197124 (bash) S 2197123 2197124 2197022 0 -1 4194304 283 136 0 0 0 0 0 0 20 0 1 0 225372162 4349952 724 117440512000 94510460387328 94510461369245 140727374598896 0 0 0 65536 4 65538 0 0 0 17 179 0 0 0 0 0 94510461602544 94510461650788 94510488342528 140727374605192 140727374605368 140727374605368 140727374618602 0
/proc/2197124/statm: 1062 724 627 240 0 188 0
[pid=2197127] ppid=2197124 vsize=390556 memory=241804 CPUtime=12.59 cores=19,62-82,84-85,87,91,93-94,131,174-194,196-197,199,203,205-206
/proc/2197127/stat : 2197127 (kat_xcsp_2ccb88) S 2197124 2197124 2197022 0 -1 1077936128 113672 0 0 0 1241 18 0 0 20 0 3 0 225372162 399929344 60451 117440512000 23444088635392 23444096432096 140724954732080 0 0 0 0 4096 8406082 0 0 0 17 175 0 0 0 0 0 23444096546176 23444096567376 93825024401408 140724954737192 140724954737689 140724954737689 140724954750933 0
/proc/2197127/statm: 97639 60451 808 1904 0 77640 0
[pid=2197127/tid=2197128] ppid=2197124 vsize=390556 memory=213168 CPUtime=12.59 cores=19,62-82,84-85,87,91,93-94,131,174-194,196-197,199,203,205-206
/proc/2197127/task/2197128/stat : 2197128 (kat_xcsp_2ccb88) R 2197124 2197124 2197022 0 -1 4194368 113391 0 0 0 1241 18 0 0 20 0 3 0 225372162 399929344 60451 117440512000 23444088635392 23444096432096 140724954732080 0 0 0 0 4096 8406082 0 0 0 -1 62 0 0 0 0 0 23444096546176 23444096567376 93825024401408 140724954737192 140724954737689 140724954737689 140724954750933 0
[pid=2197127/tid=2197129] ppid=2197124 vsize=390556 memory=5108 CPUtime=0 cores=19,62-82,84-85,87,91,93-94,131,174-194,196-197,199,203,205-206
/proc/2197127/task/2197129/stat : 2197129 (kat_xcsp_2ccb88) S 2197124 2197124 2197022 0 -1 1077936192 2 0 0 0 0 0 0 0 20 0 3 0 225372163 399929344 60451 117440512000 23444088635392 23444096432096 140724954732080 0 0 0 0 4096 8406082 0 0 0 -1 181 0 0 0 0 0 23444096546176 23444096567376 93825024401408 140724954737192 140724954737689 140724954737689 140724954750933 0
Current children cumulated CPU time: 12.59 s
Current children cumulated vsize: 394804 KiB
Current children cumulated memory: 244700 KiB

[startup+17.3599 s]
# the end of solver process 2197124 was just reported to runsolver
# cumulated CPU time of all completed processes:  user=16.9772 s, system=0.254761 s

Solver just ended.
??? end of watcher thread
Dumping a history of the last processes samples

[startup+14.5003 s]
/proc/loadavg: 41.96 41.78 41.62 43/2993 2197140
/proc/meminfo: memFree=504209828/527542224 swapFree=32560508/33554428
[pid=2197124] ppid=2197123 vsize=4248 memory=2896 CPUtime=0 cores=19,62-82,84-85,87,91,93-94,131,174-194,196-197,199,203,205-206
/proc/2197124/stat : 2197124 (bash) S 2197123 2197124 2197022 0 -1 4194304 283 136 0 0 0 0 0 0 20 0 1 0 225372162 4349952 724 117440512000 94510460387328 94510461369245 140727374598896 0 0 0 65536 4 65538 0 0 0 17 179 0 0 0 0 0 94510461602544 94510461650788 94510488342528 140727374605192 140727374605368 140727374605368 140727374618602 0
/proc/2197124/statm: 1062 724 627 240 0 188 0
[pid=2197127] ppid=2197124 vsize=390556 memory=242452 CPUtime=14.37 cores=19,62-82,84-85,87,91,93-94,131,174-194,196-197,199,203,205-206
/proc/2197127/stat : 2197127 (kat_xcsp_2ccb88) S 2197124 2197124 2197022 0 -1 1077936128 136753 0 0 0 1417 20 0 0 20 0 3 0 225372162 399929344 60613 117440512000 23444088635392 23444096432096 140724954732080 0 0 0 0 4096 8406082 0 0 0 17 175 0 0 0 0 0 23444096546176 23444096567376 93825024401408 140724954737192 140724954737689 140724954737689 140724954750933 0
/proc/2197127/statm: 97639 60613 808 1904 0 77640 0
[pid=2197127/tid=2197128] ppid=2197124 vsize=390556 memory=11780 CPUtime=14.37 cores=19,62-82,84-85,87,91,93-94,131,174-194,196-197,199,203,205-206
/proc/2197127/task/2197128/stat : 2197128 (kat_xcsp_2ccb88) R 2197124 2197124 2197022 0 -1 4194368 136472 0 0 0 1417 20 0 0 20 0 3 0 225372162 399929344 60613 117440512000 23444088635392 23444096432096 140724954732080 0 0 0 0 4096 8406082 0 0 0 -1 62 0 0 0 0 0 23444096546176 23444096567376 93825024401408 140724954737192 140724954737689 140724954737689 140724954750933 0
[pid=2197127/tid=2197129] ppid=2197124 vsize=390556 memory=0 CPUtime=0 cores=19,62-82,84-85,87,91,93-94,131,174-194,196-197,199,203,205-206
/proc/2197127/task/2197129/stat : 2197129 (kat_xcsp_2ccb88) S 2197124 2197124 2197022 0 -1 1077936192 2 0 0 0 0 0 0 0 20 0 3 0 225372163 399929344 60613 117440512000 23444088635392 23444096432096 140724954732080 0 0 0 0 4096 8406082 0 0 0 -1 181 0 0 0 0 0 23444096546176 23444096567376 93825024401408 140724954737192 140724954737689 140724954737689 140724954750933 0
Current children cumulated CPU time: 14.37 s
Current children cumulated vsize: 394804 KiB
Current children cumulated memory: 245348 KiB

[startup+16.3004 s]
/proc/loadavg: 42.04 41.80 41.63 43/2993 2197140
/proc/meminfo: memFree=504244956/527542224 swapFree=32560508/33554428
[pid=2197124] ppid=2197123 vsize=4248 memory=2896 CPUtime=0 cores=19,62-82,84-85,87,91,93-94,131,174-194,196-197,199,203,205-206
/proc/2197124/stat : 2197124 (bash) S 2197123 2197124 2197022 0 -1 4194304 283 136 0 0 0 0 0 0 20 0 1 0 225372162 4349952 724 117440512000 94510460387328 94510461369245 140727374598896 0 0 0 65536 4 65538 0 0 0 17 179 0 0 0 0 0 94510461602544 94510461650788 94510488342528 140727374605192 140727374605368 140727374605368 140727374618602 0
/proc/2197124/statm: 1062 724 627 240 0 188 0
[pid=2197127] ppid=2197124 vsize=390556 memory=242740 CPUtime=16.17 cores=19,62-82,84-85,87,91,93-94,131,174-194,196-197,199,203,205-206
/proc/2197127/stat : 2197127 (kat_xcsp_2ccb88) S 2197124 2197124 2197022 0 -1 1077936128 156302 0 0 0 1594 23 0 0 20 0 3 0 225372162 399929344 60685 117440512000 23444088635392 23444096432096 140724954732080 0 0 0 0 4096 8406082 0 0 0 17 175 0 0 0 0 0 23444096546176 23444096567376 93825024401408 140724954737192 140724954737689 140724954737689 140724954750933 0
/proc/2197127/statm: 97639 60685 808 1904 0 77640 0
[pid=2197127/tid=2197128] ppid=2197124 vsize=390556 memory=10088 CPUtime=16.16 cores=19,62-82,84-85,87,91,93-94,131,174-194,196-197,199,203,205-206
/proc/2197127/task/2197128/stat : 2197128 (kat_xcsp_2ccb88) R 2197124 2197124 2197022 0 -1 4194368 156021 0 0 0 1594 22 0 0 20 0 3 0 225372162 399929344 60685 117440512000 23444088635392 23444096432096 140724954732080 0 0 0 0 4096 8406082 0 0 0 -1 62 0 0 0 0 0 23444096546176 23444096567376 93825024401408 140724954737192 140724954737689 140724954737689 140724954750933 0
[pid=2197127/tid=2197129] ppid=2197124 vsize=390556 memory=248832 CPUtime=0 cores=19,62-82,84-85,87,91,93-94,131,174-194,196-197,199,203,205-206
/proc/2197127/task/2197129/stat : 2197129 (kat_xcsp_2ccb88) S 2197124 2197124 2197022 0 -1 1077936192 2 0 0 0 0 0 0 0 20 0 3 0 225372163 399929344 60685 117440512000 23444088635392 23444096432096 140724954732080 0 0 0 0 4096 8406082 0 0 0 -1 181 0 0 0 0 0 23444096546176 23444096567376 93825024401408 140724954737192 140724954737689 140724954737689 140724954750933 0
Current children cumulated CPU time: 16.17 s
Current children cumulated vsize: 394804 KiB
Current children cumulated memory: 245636 KiB

[startup+16.7003 s]
/proc/loadavg: 42.04 41.80 41.63 43/2993 2197140
/proc/meminfo: memFree=504244956/527542224 swapFree=32560508/33554428
[pid=2197124] ppid=2197123 vsize=4248 memory=2896 CPUtime=0 cores=19,62-82,84-85,87,91,93-94,131,174-194,196-197,199,203,205-206
/proc/2197124/stat : 2197124 (bash) S 2197123 2197124 2197022 0 -1 4194304 283 136 0 0 0 0 0 0 20 0 1 0 225372162 4349952 724 117440512000 94510460387328 94510461369245 140727374598896 0 0 0 65536 4 65538 0 0 0 17 179 0 0 0 0 0 94510461602544 94510461650788 94510488342528 140727374605192 140727374605368 140727374605368 140727374618602 0
/proc/2197124/statm: 1062 724 627 240 0 188 0
[pid=2197127] ppid=2197124 vsize=390556 memory=242780 CPUtime=16.56 cores=19,62-82,84-85,87,91,93-94,131,174-194,196-197,199,203,205-206
/proc/2197127/stat : 2197127 (kat_xcsp_2ccb88) S 2197124 2197124 2197022 0 -1 1077936128 157021 0 0 0 1633 23 0 0 20 0 3 0 225372162 399929344 60695 117440512000 23444088635392 23444096432096 140724954732080 0 0 0 0 4096 8406082 0 0 0 17 175 0 0 0 0 0 23444096546176 23444096567376 93825024401408 140724954737192 140724954737689 140724954737689 140724954750933 0
/proc/2197127/statm: 97639 60695 808 1904 0 77640 0
[pid=2197127/tid=2197128] ppid=2197124 vsize=390556 memory=7582772713798861331 CPUtime=16.56 cores=19,62-82,84-85,87,91,93-94,131,174-194,196-197,199,203,205-206
/proc/2197127/task/2197128/stat : 2197128 (kat_xcsp_2ccb88) R 2197124 2197124 2197022 0 -1 4194368 156740 0 0 0 1633 23 0 0 20 0 3 0 225372162 399929344 60695 117440512000 23444088635392 23444096432096 140724954732080 0 0 0 0 4096 8406082 0 0 0 -1 62 0 0 0 0 0 23444096546176 23444096567376 93825024401408 140724954737192 140724954737689 140724954737689 140724954750933 0
[pid=2197127/tid=2197129] ppid=2197124 vsize=390556 memory=242620 CPUtime=0 cores=19,62-82,84-85,87,91,93-94,131,174-194,196-197,199,203,205-206
/proc/2197127/task/2197129/stat : 2197129 (kat_xcsp_2ccb88) S 2197124 2197124 2197022 0 -1 1077936192 2 0 0 0 0 0 0 0 20 0 3 0 225372163 399929344 60695 117440512000 23444088635392 23444096432096 140724954732080 0 0 0 0 4096 8406082 0 0 0 -1 181 0 0 0 0 0 23444096546176 23444096567376 93825024401408 140724954737192 140724954737689 140724954737689 140724954750933 0
Current children cumulated CPU time: 16.56 s
Current children cumulated vsize: 394804 KiB
Current children cumulated memory: 245676 KiB

[startup+17.2004 s]
/proc/loadavg: 42.04 41.80 41.63 43/2993 2197140
/proc/meminfo: memFree=504522892/527542224 swapFree=32560508/33554428
[pid=2197124] ppid=2197123 vsize=4248 memory=2896 CPUtime=0 cores=19,62-82,84-85,87,91,93-94,131,174-194,196-197,199,203,205-206
/proc/2197124/stat : 2197124 (bash) S 2197123 2197124 2197022 0 -1 4194304 283 136 0 0 0 0 0 0 20 0 1 0 225372162 4349952 724 117440512000 94510460387328 94510461369245 140727374598896 0 0 0 65536 4 65538 0 0 0 17 179 0 0 0 0 0 94510461602544 94510461650788 94510488342528 140727374605192 140727374605368 140727374605368 140727374618602 0
/proc/2197124/statm: 1062 724 627 240 0 188 0
[pid=2197127] ppid=2197124 vsize=442028 memory=269788 CPUtime=17.05 cores=19,62-82,84-85,87,91,93-94,131,174-194,196-197,199,203,205-206
/proc/2197127/stat : 2197127 (kat_xcsp_2ccb88) S 2197124 2197124 2197022 0 -1 1077936128 161892 0 0 0 1682 23 0 0 20 0 3 0 225372162 452636672 67447 117440512000 23444088635392 23444096432096 140724954732080 0 0 0 0 4096 8406082 0 0 0 17 175 0 0 0 0 0 23444096546176 23444096567376 93825024401408 140724954737192 140724954737689 140724954737689 140724954750933 0
/proc/2197127/statm: 110507 67447 808 1904 0 90508 0
[pid=2197127/tid=2197128] ppid=2197124 vsize=442028 memory=242524 CPUtime=17.05 cores=19,62-82,84-85,87,91,93-94,131,174-194,196-197,199,203,205-206
/proc/2197127/task/2197128/stat : 2197128 (kat_xcsp_2ccb88) R 2197124 2197124 2197022 0 -1 4194368 161616 0 0 0 1682 23 0 0 20 0 3 0 225372162 452636672 67447 117440512000 23444088635392 23444096432096 140724954732080 0 0 0 0 4096 8406082 0 0 0 -1 62 0 0 0 0 0 23444096546176 23444096567376 93825024401408 140724954737192 140724954737689 140724954737689 140724954750933 0
[pid=2197127/tid=2197129] ppid=2197124 vsize=442028 memory=1968 CPUtime=0 cores=19,62-82,84-85,87,91,93-94,131,174-194,196-197,199,203,205-206
/proc/2197127/task/2197129/stat : 2197129 (kat_xcsp_2ccb88) S 2197124 2197124 2197022 0 -1 1077936192 2 0 0 0 0 0 0 0 20 0 3 0 225372163 452636672 67447 117440512000 23444088635392 23444096432096 140724954732080 0 0 0 0 4096 8406082 0 0 0 -1 181 0 0 0 0 0 23444096546176 23444096567376 93825024401408 140724954737192 140724954737689 140724954737689 140724954750933 0
Current children cumulated CPU time: 17.05 s
Current children cumulated vsize: 446276 KiB
Current children cumulated memory: 272684 KiB

[startup+17.3003 s]
/proc/loadavg: 42.04 41.80 41.63 43/2993 2197140
/proc/meminfo: memFree=504522892/527542224 swapFree=32560508/33554428
[pid=2197124] ppid=2197123 vsize=4248 memory=2896 CPUtime=0 cores=19,62-82,84-85,87,91,93-94,131,174-194,196-197,199,203,205-206
/proc/2197124/stat : 2197124 (bash) S 2197123 2197124 2197022 0 -1 4194304 283 136 0 0 0 0 0 0 20 0 1 0 225372162 4349952 724 117440512000 94510460387328 94510461369245 140727374598896 0 0 0 65536 4 65538 0 0 0 17 179 0 0 0 0 0 94510461602544 94510461650788 94510488342528 140727374605192 140727374605368 140727374605368 140727374618602 0
/proc/2197124/statm: 1062 724 627 240 0 188 0
[pid=2197127] ppid=2197124 vsize=442028 memory=269788 CPUtime=17.16 cores=19,62-82,84-85,87,91,93-94,131,174-194,196-197,199,203,205-206
/proc/2197127/stat : 2197127 (kat_xcsp_2ccb88) S 2197124 2197124 2197022 0 -1 1077936128 163473 0 0 0 1692 24 0 0 20 0 3 0 225372162 452636672 67447 117440512000 23444088635392 23444096432096 140724954732080 0 0 0 0 4096 8406082 0 0 0 17 175 0 0 0 0 0 23444096546176 23444096567376 93825024401408 140724954737192 140724954737689 140724954737689 140724954750933 0
/proc/2197127/statm: 110507 67447 808 1904 0 90508 0
[pid=2197127/tid=2197128] ppid=2197124 vsize=442028 memory=11780 CPUtime=17.15 cores=19,62-82,84-85,87,91,93-94,131,174-194,196-197,199,203,205-206
/proc/2197127/task/2197128/stat : 2197128 (kat_xcsp_2ccb88) R 2197124 2197124 2197022 0 -1 4194368 163192 0 0 0 1692 23 0 0 20 0 3 0 225372162 452636672 67447 117440512000 23444088635392 23444096432096 140724954732080 0 0 0 0 4096 8406082 0 0 0 -1 62 0 0 0 0 0 23444096546176 23444096567376 93825024401408 140724954737192 140724954737689 140724954737689 140724954750933 0
[pid=2197127/tid=2197129] ppid=2197124 vsize=442028 memory=0 CPUtime=0 cores=19,62-82,84-85,87,91,93-94,131,174-194,196-197,199,203,205-206
/proc/2197127/task/2197129/stat : 2197129 (kat_xcsp_2ccb88) S 2197124 2197124 2197022 0 -1 1077936192 2 0 0 0 0 0 0 0 20 0 3 0 225372163 452636672 67447 117440512000 23444088635392 23444096432096 140724954732080 0 0 0 0 4096 8406082 0 0 0 -1 181 0 0 0 0 0 23444096546176 23444096567376 93825024401408 140724954737192 140724954737689 140724954737689 140724954750933 0
Current children cumulated CPU time: 17.16 s
Current children cumulated vsize: 446276 KiB
Current children cumulated memory: 272684 KiB

Child status: 0
Real time (s): 17.36
CPU time (s): 17.2319
CPU user time (s): 16.9772
CPU system time (s): 0.254761
CPU usage (%): 99.2624
Max. virtual memory (cumulated for all children) (KiB): 446276
Max. memory (cumulated for all children) (KiB): 280712

getrusage(RUSAGE_CHILDREN,...) data:
user time used= 16.9772
system time used= 0.254761
maximum resident set size= 277816
integral shared memory size= 0
integral unshared data size= 0
integral unshared stack size= 0
page reclaims= 163978
page faults= 0
swaps= 0
block input operations= 8
block output operations= 288
messages sent= 0
messages received= 0
signals received= 0
voluntary context switches= 92
involuntary context switches= 27


# summary of solver processes directly reported to runsolver:
#   pid: 2197124
#   total CPU time (s): 17.2319
#   total CPU user time (s): 16.9772
#   total CPU system time (s): 0.254761

??? end of timestamper thread
runsolver used 0.526984 second user time and 1.86143 second system time

The end
