================ Slurm Info ================
DATE      = 2026-05-27T09:02:42+09:00
PARTITION = gr10672b
JOB_ID    = 19875381_70
JOB_NAME  = xcsp-parse-cop-cumulative-165-log-scop-cumexact-timerd-20260526-2ccb88e9-q10672
NNODES    = 1
RSC_OPT   = p=1:t=28:c=28:m=112000M
============================================
job_id=19884495 task_id=70 instance_id=70
instance_relpath=COP22to25/FlexibleJobshopScen-dh-6-18-005_c25.xml.lzma
row_file=/LARGE0/gr10672/b39275/xcsp3instances/results/kat-cop-cumulative-165-log-scop-guarded-basic-directexpr-inchard-cnf-mdd-tl-autopb-autobdd-agg-eqne2-cumexact-timerd-1800-20260526-2ccb88e9-q10672/rows/row-19884495-70-70.csv
runsolver_values_log=/LARGE0/gr10672/b39275/xcsp3instances/slurm-logs/runsolver/runsolver-kat-cop-cumulative-165-log-scop-guarded-basic-directexpr-inchard-cnf-mdd-tl-autopb-autobdd-agg-eqne2-cumexact-timerd-1800-20260526-2ccb88e9-q10672-19884495-70-70/values.log
runsolver_solver_log=/LARGE0/gr10672/b39275/xcsp3instances/slurm-logs/runsolver/runsolver-kat-cop-cumulative-165-log-scop-guarded-basic-directexpr-inchard-cnf-mdd-tl-autopb-autobdd-agg-eqne2-cumexact-timerd-1800-20260526-2ccb88e9-q10672-19884495-70-70/output.log
runsolver version 3.4.1 (svn: 3018) Copyright (C) 2010-2013 Olivier ROUSSEL

This program is distributed in the hope that it will be useful,
but WITHOUT ANY WARRANTY; without even the implied warranty of
MERCHANTABILITY or FITNESS FOR A PARTICULAR PURPOSE.  See the
GNU General Public License for more details.

NUMA information:
  number of nodes: 8
  memory of node 0: 63700 MiB (60338 MiB free)
  memory of node 1: 64504 MiB (62399 MiB free)
  memory of node 2: 64504 MiB (63615 MiB free)
  memory of node 3: 64504 MiB (63722 MiB free)
  memory of node 4: 64461 MiB (63773 MiB free)
  memory of node 5: 64504 MiB (63618 MiB free)
  memory of node 6: 64504 MiB (63709 MiB free)
  memory of node 7: 64491 MiB (60200 MiB free)
  node distances:
     10  12  12  12  21  21  21  21
     12  10  12  12  21  21  21  21
     12  12  10  12  21  21  21  21
     12  12  12  10  21  21  21  21
     21  21  21  21  10  12  12  12
     21  21  21  21  12  10  12  12
     21  21  21  21  12  12  10  12
     21  21  21  21  12  12  12  10

command line: runsolver -W 1800 -C 1800 -v /logs/runsolver/runsolver-kat-cop-cumulative-165-log-scop-guarded-basic-directexpr-inchard-cnf-mdd-tl-autopb-autobdd-agg-eqne2-cumexact-timerd-1800-20260526-2ccb88e9-q10672-19884495-70-70/values.log -o /logs/runsolver/runsolver-kat-cop-cumulative-165-log-scop-guarded-basic-directexpr-inchard-cnf-mdd-tl-autopb-autobdd-agg-eqne2-cumexact-timerd-1800-20260526-2ccb88e9-q10672-19884495-70-70/output.log bash -lc 
set -euo pipefail
if [[ -n "${PARSER_ARGS:-}" ]]; then
  eval "set -- ${PARSER_ARGS}"
  "$PARSER_BIN" "$INSTANCE_PATH" "$@"
else
  "$PARSER_BIN" "$INSTANCE_PATH"
fi
 

running on 50 cores: 36-39,44-47,52-59,148-151,156-159,164-174,180-186,60-62,66-67,72-74

Enforcing wall clock limit (soft limit, will send SIGTERM then SIGKILL): 1800 seconds
Enforcing CPUTime limit (soft limit, will send SIGTERM then SIGKILL): 1800 seconds
Enforcing CPUTime limit (hard limit, will send SIGXCPU): 1830 seconds
Linux 4.18.0-553.111.1.el8_10.x86_64
solver pid=3861427, runsolver pid=3861426
Current StackSize limit: 18014398509481983 KiB


[startup+0.100117 s]*
/proc/loadavg: 13.11 16.96 16.72 13/2954 3861432
/proc/meminfo: memFree=513392784/527542228 swapFree=32502676/33554428
[pid=3861427] ppid=3861426 vsize=4248 memory=3084 CPUtime=0 cores=36-39,44-47,52-62,66-74,148-151,156-159,164-174,178-186
/proc/3861427/stat : 3861427 (bash) S 3861426 3861427 3861325 0 -1 4194304 286 140 0 0 0 0 0 0 20 0 1 0 224359649 4349952 771 117440512000 94871806607360 94871807589277 140732572560480 0 0 0 65536 4 65538 0 0 0 17 186 0 0 0 0 0 94871807822576 94871807870820 94871834808320 140732572568452 140732572568628 140732572568628 140732572581866 0
/proc/3861427/statm: 1062 771 674 240 0 188 0
[pid=3861430] ppid=3861427 vsize=212768 memory=15124 CPUtime=0.17 cores=36-39,44-47,52-62,66-74,148-151,156-159,164-174,178-186
/proc/3861430/stat : 3861430 (kat_xcsp_2ccb88) S 3861427 3861427 3861325 0 -1 1077936128 4136 0 2 0 16 1 0 0 20 0 3 0 224359649 217874432 3781 117440512000 22507834761216 22507842557920 140726432843392 0 0 0 0 4096 8406082 0 0 0 17 186 0 0 0 0 0 22507842672000 22507842693200 93825020678144 140726432848416 140726432848917 140726432848917 140726432862165 0
/proc/3861430/statm: 53192 3781 466 1904 0 20500 0
[pid=3861430/tid=3861431] ppid=3861427 vsize=212768 memory=3703200725057419345 CPUtime=0.16 cores=36-39,44-47,52-62,66-74,148-151,156-159,164-174,178-186
/proc/3861430/task/3861431/stat : 3861431 (kat_xcsp_2ccb88) R 3861427 3861427 3861325 0 -1 4194368 3854 0 0 0 16 0 0 0 20 0 3 0 224359650 217874432 3781 117440512000 22507834761216 22507842557920 140726432843392 0 0 0 0 4096 8406082 0 0 0 -1 37 0 0 0 0 0 22507842672000 22507842693200 93825020678144 140726432848416 140726432848917 140726432848917 140726432862165 0
[pid=3861430/tid=3861432] ppid=3861427 vsize=212768 memory=3834872498684704343 CPUtime=0 cores=36-39,44-47,52-62,66-74,148-151,156-159,164-174,178-186
/proc/3861430/task/3861432/stat : 3861432 (kat_xcsp_2ccb88) S 3861427 3861427 3861325 0 -1 1077936192 2 0 0 0 0 0 0 0 20 0 3 0 224359650 217874432 3781 117440512000 22507834761216 22507842557920 140726432843392 0 0 0 0 4096 8406082 0 0 0 -1 186 0 0 0 0 0 22507842672000 22507842693200 93825020678144 140726432848416 140726432848917 140726432848917 140726432862165 0
Current children cumulated CPU time: 0.17 s
Current children cumulated vsize: 217016 KiB
Current children cumulated memory: 18208 KiB

[startup+0.306371 s]*
/proc/loadavg: 13.11 16.96 16.72 15/2954 3861432
/proc/meminfo: memFree=513381392/527542228 swapFree=32502676/33554428
[pid=3861427] ppid=3861426 vsize=4248 memory=3084 CPUtime=0 cores=36-39,44-47,52-62,66-74,148-151,156-159,164-174,178-186
/proc/3861427/stat : 3861427 (bash) S 3861426 3861427 3861325 0 -1 4194304 286 140 0 0 0 0 0 0 20 0 1 0 224359649 4349952 771 117440512000 94871806607360 94871807589277 140732572560480 0 0 0 65536 4 65538 0 0 0 17 186 0 0 0 0 0 94871807822576 94871807870820 94871834808320 140732572568452 140732572568628 140732572568628 140732572581866 0
/proc/3861427/statm: 1062 771 674 240 0 188 0
[pid=3861430] ppid=3861427 vsize=218720 memory=31408 CPUtime=0.37 cores=36-39,44-47,52-62,66-74,148-151,156-159,164-174,178-186
/proc/3861430/stat : 3861430 (kat_xcsp_2ccb88) S 3861427 3861427 3861325 0 -1 1077936128 8001 0 2 0 36 1 0 0 20 0 3 0 224359649 223969280 7852 117440512000 22507834761216 22507842557920 140726432843392 0 0 0 0 4096 8406082 0 0 0 17 186 0 0 0 0 0 22507842672000 22507842693200 93825020678144 140726432848416 140726432848917 140726432848917 140726432862165 0
/proc/3861430/statm: 54680 7852 466 1904 0 24755 0
[pid=3861430/tid=3861431] ppid=3861427 vsize=218720 memory=3703200725057419345 CPUtime=0.37 cores=36-39,44-47,52-62,66-74,148-151,156-159,164-174,178-186
/proc/3861430/task/3861431/stat : 3861431 (kat_xcsp_2ccb88) R 3861427 3861427 3861325 0 -1 4194368 7718 0 0 0 36 1 0 0 20 0 3 0 224359650 223969280 7852 117440512000 22507834761216 22507842557920 140726432843392 0 0 0 0 4096 8406082 0 0 0 -1 37 0 0 0 0 0 22507842672000 22507842693200 93825020678144 140726432848416 140726432848917 140726432848917 140726432862165 0
[pid=3861430/tid=3861432] ppid=3861427 vsize=218720 memory=3834872498684704343 CPUtime=0 cores=36-39,44-47,52-62,66-74,148-151,156-159,164-174,178-186
/proc/3861430/task/3861432/stat : 3861432 (kat_xcsp_2ccb88) S 3861427 3861427 3861325 0 -1 1077936192 2 0 0 0 0 0 0 0 20 0 3 0 224359650 223969280 7852 117440512000 22507834761216 22507842557920 140726432843392 0 0 0 0 4096 8406082 0 0 0 -1 186 0 0 0 0 0 22507842672000 22507842693200 93825020678144 140726432848416 140726432848917 140726432848917 140726432862165 0
Current children cumulated CPU time: 0.37 s
Current children cumulated vsize: 222968 KiB
Current children cumulated memory: 34492 KiB

[startup+0.505977 s]*
/proc/loadavg: 13.11 16.96 16.72 14/2954 3861432
/proc/meminfo: memFree=513362916/527542228 swapFree=32502676/33554428
[pid=3861427] ppid=3861426 vsize=4248 memory=3084 CPUtime=0 cores=36-39,44-47,52-62,66-74,148-151,156-159,164-174,178-186
/proc/3861427/stat : 3861427 (bash) S 3861426 3861427 3861325 0 -1 4194304 286 140 0 0 0 0 0 0 20 0 1 0 224359649 4349952 771 117440512000 94871806607360 94871807589277 140732572560480 0 0 0 65536 4 65538 0 0 0 17 186 0 0 0 0 0 94871807822576 94871807870820 94871834808320 140732572568452 140732572568628 140732572568628 140732572581866 0
/proc/3861427/statm: 1062 771 674 240 0 188 0
[pid=3861430] ppid=3861427 vsize=218204 memory=40768 CPUtime=0.56 cores=36-39,44-47,52-62,66-74,148-151,156-159,164-174,178-186
/proc/3861430/stat : 3861430 (kat_xcsp_2ccb88) S 3861427 3861427 3861325 0 -1 1077936128 10902 0 2 0 54 2 0 0 20 0 3 0 224359649 223440896 10192 117440512000 22507834761216 22507842557920 140726432843392 0 0 0 0 4096 8406082 0 0 0 17 186 0 0 0 0 0 22507842672000 22507842693200 93825020678144 140726432848416 140726432848917 140726432848917 140726432862165 0
/proc/3861430/statm: 54551 10192 466 1904 0 27372 0
[pid=3861430/tid=3861431] ppid=3861427 vsize=218204 memory=7150711897263211283 CPUtime=0.56 cores=36-39,44-47,52-62,66-74,148-151,156-159,164-174,178-186
/proc/3861430/task/3861431/stat : 3861431 (kat_xcsp_2ccb88) R 3861427 3861427 3861325 0 -1 4194368 10622 0 0 0 54 2 0 0 20 0 3 0 224359650 223440896 10258 117440512000 22507834761216 22507842557920 140726432843392 0 0 0 0 4096 8406082 0 0 0 -1 37 0 0 0 0 0 22507842672000 22507842693200 93825020678144 140726432848416 140726432848917 140726432848917 140726432862165 0
[pid=3861430/tid=3861432] ppid=3861427 vsize=218204 memory=7367446559782372371 CPUtime=0 cores=36-39,44-47,52-62,66-74,148-151,156-159,164-174,178-186
/proc/3861430/task/3861432/stat : 3861432 (kat_xcsp_2ccb88) S 3861427 3861427 3861325 0 -1 1077936192 2 0 0 0 0 0 0 0 20 0 3 0 224359650 223440896 10258 117440512000 22507834761216 22507842557920 140726432843392 0 0 0 0 4096 8406082 0 0 0 -1 186 0 0 0 0 0 22507842672000 22507842693200 93825020678144 140726432848416 140726432848917 140726432848917 140726432862165 0
Current children cumulated CPU time: 0.56 s
Current children cumulated vsize: 222452 KiB
Current children cumulated memory: 43852 KiB

[startup+0.798793 s]*
/proc/loadavg: 13.11 16.96 16.72 13/2954 3861432
/proc/meminfo: memFree=513338928/527542228 swapFree=32502676/33554428
[pid=3861427] ppid=3861426 vsize=4248 memory=3084 CPUtime=0 cores=36-39,44-47,52-62,66-74,148-151,156-159,164-174,178-186
/proc/3861427/stat : 3861427 (bash) S 3861426 3861427 3861325 0 -1 4194304 286 140 0 0 0 0 0 0 20 0 1 0 224359649 4349952 771 117440512000 94871806607360 94871807589277 140732572560480 0 0 0 65536 4 65538 0 0 0 17 186 0 0 0 0 0 94871807822576 94871807870820 94871834808320 140732572568452 140732572568628 140732572568628 140732572581866 0
/proc/3861427/statm: 1062 771 674 240 0 188 0
[pid=3861430] ppid=3861427 vsize=229596 memory=64512 CPUtime=0.86 cores=36-39,44-47,52-62,66-74,148-151,156-159,164-174,178-186
/proc/3861430/stat : 3861430 (kat_xcsp_2ccb88) S 3861427 3861427 3861325 0 -1 1077936128 14308 0 2 0 83 3 0 0 20 0 3 0 224359649 235106304 16128 117440512000 22507834761216 22507842557920 140726432843392 0 0 0 0 4096 8406082 0 0 0 17 186 0 0 0 0 0 22507842672000 22507842693200 93825020678144 140726432848416 140726432848917 140726432848917 140726432862165 0
/proc/3861430/statm: 57399 16128 466 1904 0 34290 0
[pid=3861430/tid=3861431] ppid=3861427 vsize=229596 memory=7150711897263211283 CPUtime=0.86 cores=36-39,44-47,52-62,66-74,148-151,156-159,164-174,178-186
/proc/3861430/task/3861431/stat : 3861431 (kat_xcsp_2ccb88) R 3861427 3861427 3861325 0 -1 4194368 14026 0 0 0 83 3 0 0 20 0 3 0 224359650 235106304 16128 117440512000 22507834761216 22507842557920 140726432843392 0 0 0 0 4096 8406082 0 0 0 -1 37 0 0 0 0 0 22507842672000 22507842693200 93825020678144 140726432848416 140726432848917 140726432848917 140726432862165 0
[pid=3861430/tid=3861432] ppid=3861427 vsize=229596 memory=7367446559782372371 CPUtime=0 cores=36-39,44-47,52-62,66-74,148-151,156-159,164-174,178-186
/proc/3861430/task/3861432/stat : 3861432 (kat_xcsp_2ccb88) S 3861427 3861427 3861325 0 -1 1077936192 2 0 0 0 0 0 0 0 20 0 3 0 224359650 235106304 16128 117440512000 22507834761216 22507842557920 140726432843392 0 0 0 0 4096 8406082 0 0 0 -1 186 0 0 0 0 0 22507842672000 22507842693200 93825020678144 140726432848416 140726432848917 140726432848917 140726432862165 0
Current children cumulated CPU time: 0.86 s
Current children cumulated vsize: 233844 KiB
Current children cumulated memory: 67596 KiB

[startup+1.50025 s]
/proc/loadavg: 13.11 16.96 16.72 13/2954 3861432
/proc/meminfo: memFree=513317836/527542228 swapFree=32502676/33554428
[pid=3861427] ppid=3861426 vsize=4248 memory=3084 CPUtime=0 cores=36-39,44-47,52-62,66-74,148-151,156-159,164-174,178-186
/proc/3861427/stat : 3861427 (bash) S 3861426 3861427 3861325 0 -1 4194304 286 140 0 0 0 0 0 0 20 0 1 0 224359649 4349952 771 117440512000 94871806607360 94871807589277 140732572560480 0 0 0 65536 4 65538 0 0 0 17 186 0 0 0 0 0 94871807822576 94871807870820 94871834808320 140732572568452 140732572568628 140732572568628 140732572581866 0
/proc/3861427/statm: 1062 771 674 240 0 188 0
[pid=3861430] ppid=3861427 vsize=319968 memory=111552 CPUtime=1.46 cores=36-39,44-47,52-62,66-74,148-151,156-159,164-174,178-186
/proc/3861430/stat : 3861430 (kat_xcsp_2ccb88) S 3861427 3861427 3861325 0 -1 1077936128 30369 0 2 0 140 6 0 0 20 0 3 0 224359649 327647232 27888 117440512000 22507834761216 22507842557920 140726432843392 0 0 0 0 4096 8406082 0 0 0 17 186 0 0 0 0 0 22507842672000 22507842693200 93825020678144 140726432848416 140726432848917 140726432848917 140726432862165 0
/proc/3861430/statm: 79992 27888 466 1904 0 45918 0
[pid=3861430/tid=3861431] ppid=3861427 vsize=319968 memory=304 CPUtime=1.46 cores=36-39,44-47,52-62,66-74,148-151,156-159,164-174,178-186
/proc/3861430/task/3861431/stat : 3861431 (kat_xcsp_2ccb88) R 3861427 3861427 3861325 0 -1 4194368 30086 0 0 0 140 6 0 0 20 0 3 0 224359650 327647232 27888 117440512000 22507834761216 22507842557920 140726432843392 0 0 0 0 4096 8406082 0 0 0 -1 37 0 0 0 0 0 22507842672000 22507842693200 93825020678144 140726432848416 140726432848917 140726432848917 140726432862165 0
[pid=3861430/tid=3861432] ppid=3861427 vsize=319968 memory=16708 CPUtime=0 cores=36-39,44-47,52-62,66-74,148-151,156-159,164-174,178-186
/proc/3861430/task/3861432/stat : 3861432 (kat_xcsp_2ccb88) S 3861427 3861427 3861325 0 -1 1077936192 2 0 0 0 0 0 0 0 20 0 3 0 224359650 327647232 27888 117440512000 22507834761216 22507842557920 140726432843392 0 0 0 0 4096 8406082 0 0 0 -1 186 0 0 0 0 0 22507842672000 22507842693200 93825020678144 140726432848416 140726432848917 140726432848917 140726432862165 0
Current children cumulated CPU time: 1.46 s
Current children cumulated vsize: 324216 KiB
Current children cumulated memory: 114636 KiB

[startup+3.10025 s]
/proc/loadavg: 13.02 16.88 16.69 13/2953 3861432
/proc/meminfo: memFree=513244652/527542228 swapFree=32502676/33554428
[pid=3861427] ppid=3861426 vsize=4248 memory=3084 CPUtime=0 cores=36-39,44-47,52-62,66-74,148-151,156-159,164-174,178-186
/proc/3861427/stat : 3861427 (bash) S 3861426 3861427 3861325 0 -1 4194304 286 140 0 0 0 0 0 0 20 0 1 0 224359649 4349952 771 117440512000 94871806607360 94871807589277 140732572560480 0 0 0 65536 4 65538 0 0 0 17 186 0 0 0 0 0 94871807822576 94871807870820 94871834808320 140732572568452 140732572568628 140732572568628 140732572581866 0
/proc/3861427/statm: 1062 771 674 240 0 188 0
[pid=3861430] ppid=3861427 vsize=395744 memory=204852 CPUtime=3.05 cores=36-39,44-47,52-62,66-74,148-151,156-159,164-174,178-186
/proc/3861430/stat : 3861430 (kat_xcsp_2ccb88) S 3861427 3861427 3861325 0 -1 1077936128 61970 0 2 0 292 13 0 0 20 0 3 0 224359649 405241856 51213 117440512000 22507834761216 22507842557920 140726432843392 0 0 0 0 4096 8406082 0 0 0 17 186 0 0 0 0 0 22507842672000 22507842693200 93825020678144 140726432848416 140726432848917 140726432848917 140726432862165 0
/proc/3861430/statm: 98936 51213 466 1904 0 68799 0
[pid=3861430/tid=3861431] ppid=3861427 vsize=395744 memory=77155287 CPUtime=3.05 cores=36-39,44-47,52-62,66-74,148-151,156-159,164-174,178-186
/proc/3861430/task/3861431/stat : 3861431 (kat_xcsp_2ccb88) R 3861427 3861427 3861325 0 -1 4194368 61702 0 0 0 292 13 0 0 20 0 3 0 224359650 405241856 51213 117440512000 22507834761216 22507842557920 140726432843392 0 0 0 0 4096 8406082 0 0 0 -1 36 0 0 0 0 0 22507842672000 22507842693200 93825020678144 140726432848416 140726432848917 140726432848917 140726432862165 0
[pid=3861430/tid=3861432] ppid=3861427 vsize=395744 memory=77197623 CPUtime=0 cores=36-39,44-47,52-62,66-74,148-151,156-159,164-174,178-186
/proc/3861430/task/3861432/stat : 3861432 (kat_xcsp_2ccb88) S 3861427 3861427 3861325 0 -1 1077936192 2 0 0 0 0 0 0 0 20 0 3 0 224359650 405241856 51213 117440512000 22507834761216 22507842557920 140726432843392 0 0 0 0 4096 8406082 0 0 0 -1 186 0 0 0 0 0 22507842672000 22507842693200 93825020678144 140726432848416 140726432848917 140726432848917 140726432862165 0
Current children cumulated CPU time: 3.05 s
Current children cumulated vsize: 399992 KiB
Current children cumulated memory: 207936 KiB

[startup+6.30025 s]
/proc/loadavg: 13.02 16.88 16.69 13/2953 3861433
/proc/meminfo: memFree=513024716/527542228 swapFree=32502676/33554428
[pid=3861427] ppid=3861426 vsize=4248 memory=3084 CPUtime=0 cores=36-39,44-47,52-62,66-74,148-151,156-159,164-174,178-186
/proc/3861427/stat : 3861427 (bash) S 3861426 3861427 3861325 0 -1 4194304 286 140 0 0 0 0 0 0 20 0 1 0 224359649 4349952 771 117440512000 94871806607360 94871807589277 140732572560480 0 0 0 65536 4 65538 0 0 0 17 186 0 0 0 0 0 94871807822576 94871807870820 94871834808320 140732572568452 140732572568628 140732572568628 140732572581866 0
/proc/3861427/statm: 1062 771 674 240 0 188 0
[pid=3861430] ppid=3861427 vsize=609248 memory=409008 CPUtime=6.25 cores=36-39,44-47,52-62,66-74,148-151,156-159,164-174,178-186
/proc/3861430/stat : 3861430 (kat_xcsp_2ccb88) S 3861427 3861427 3861325 0 -1 1077936128 124901 0 2 0 598 27 0 0 20 0 3 0 224359649 623869952 102252 117440512000 22507834761216 22507842557920 140726432843392 0 0 0 0 4096 8406082 0 0 0 17 186 0 0 0 0 0 22507842672000 22507842693200 93825020678144 140726432848416 140726432848917 140726432848917 140726432862165 0
/proc/3861430/statm: 152312 102252 466 1904 0 126578 0
[pid=3861430/tid=3861431] ppid=3861427 vsize=609248 memory=304 CPUtime=6.24 cores=36-39,44-47,52-62,66-74,148-151,156-159,164-174,178-186
/proc/3861430/task/3861431/stat : 3861431 (kat_xcsp_2ccb88) R 3861427 3861427 3861325 0 -1 4194368 124620 0 0 0 598 26 0 0 20 0 3 0 224359650 623869952 102252 117440512000 22507834761216 22507842557920 140726432843392 0 0 0 0 4096 8406082 0 0 0 -1 36 0 0 0 0 0 22507842672000 22507842693200 93825020678144 140726432848416 140726432848917 140726432848917 140726432862165 0
[pid=3861430/tid=3861432] ppid=3861427 vsize=609248 memory=261060 CPUtime=0 cores=36-39,44-47,52-62,66-74,148-151,156-159,164-174,178-186
/proc/3861430/task/3861432/stat : 3861432 (kat_xcsp_2ccb88) S 3861427 3861427 3861325 0 -1 1077936192 2 0 0 0 0 0 0 0 20 0 3 0 224359650 623869952 102252 117440512000 22507834761216 22507842557920 140726432843392 0 0 0 0 4096 8406082 0 0 0 -1 186 0 0 0 0 0 22507842672000 22507842693200 93825020678144 140726432848416 140726432848917 140726432848917 140726432862165 0
Current children cumulated CPU time: 6.25 s
Current children cumulated vsize: 613496 KiB
Current children cumulated memory: 412092 KiB

[startup+12.7051 s]
/proc/loadavg: 12.86 16.72 16.64 13/2950 3861444
/proc/meminfo: memFree=512448908/527542228 swapFree=32502676/33554428
[pid=3861427] ppid=3861426 vsize=4248 memory=3084 CPUtime=0 cores=36-39,44-47,52-62,66-74,148-151,156-159,164-174,178-186
/proc/3861427/stat : 3861427 (bash) S 3861426 3861427 3861325 0 -1 4194304 286 140 0 0 0 0 0 0 20 0 1 0 224359649 4349952 771 117440512000 94871806607360 94871807589277 140732572560480 0 0 0 65536 4 65538 0 0 0 17 186 0 0 0 0 0 94871807822576 94871807870820 94871834808320 140732572568452 140732572568628 140732572568628 140732572581866 0
/proc/3861427/statm: 1062 771 674 240 0 188 0
[pid=3861430] ppid=3861427 vsize=1055724 memory=802388 CPUtime=12.63 cores=36-39,44-47,52-62,66-74,148-151,156-159,164-174,178-186
/proc/3861430/stat : 3861430 (kat_xcsp_2ccb88) S 3861427 3861427 3861325 0 -1 1077936128 196283 0 2 0 1221 42 0 0 20 0 3 0 224359649 1081061376 200597 117440512000 22507834761216 22507842557920 140726432843392 0 0 0 0 4096 8406082 0 0 0 17 186 0 0 0 0 0 22507842672000 22507842693200 93825020678144 140726432848416 140726432848917 140726432848917 140726432862165 0
/proc/3861430/statm: 263931 200597 466 1904 0 233724 0
[pid=3861430/tid=3861431] ppid=3861427 vsize=1055724 memory=433136 CPUtime=12.62 cores=36-39,44-47,52-62,66-74,148-151,156-159,164-174,178-186
/proc/3861430/task/3861431/stat : 3861431 (kat_xcsp_2ccb88) R 3861427 3861427 3861325 0 -1 4194368 196000 0 0 0 1221 41 0 0 20 0 3 0 224359650 1081061376 200597 117440512000 22507834761216 22507842557920 140726432843392 0 0 0 0 4096 8406082 0 0 0 -1 36 0 0 0 0 0 22507842672000 22507842693200 93825020678144 140726432848416 140726432848917 140726432848917 140726432862165 0
[pid=3861430/tid=3861432] ppid=3861427 vsize=1055724 memory=512108 CPUtime=0 cores=36-39,44-47,52-62,66-74,148-151,156-159,164-174,178-186
/proc/3861430/task/3861432/stat : 3861432 (kat_xcsp_2ccb88) S 3861427 3861427 3861325 0 -1 1077936192 2 0 0 0 0 0 0 0 20 0 3 0 224359650 1081061376 200597 117440512000 22507834761216 22507842557920 140726432843392 0 0 0 0 4096 8406082 0 0 0 -1 186 0 0 0 0 0 22507842672000 22507842693200 93825020678144 140726432848416 140726432848917 140726432848917 140726432862165 0
Current children cumulated CPU time: 12.63 s
Current children cumulated vsize: 1059972 KiB
Current children cumulated memory: 805472 KiB

[startup+25.5003 s]
/proc/loadavg: 12.73 16.56 16.59 15/2951 3861450
/proc/meminfo: memFree=512011740/527542228 swapFree=32502676/33554428
[pid=3861427] ppid=3861426 vsize=4248 memory=3084 CPUtime=0 cores=36-39,44-47,52-62,66-74,148-151,156-159,164-174,178-186
/proc/3861427/stat : 3861427 (bash) S 3861426 3861427 3861325 0 -1 4194304 286 140 0 0 0 0 0 0 20 0 1 0 224359649 4349952 771 117440512000 94871806607360 94871807589277 140732572560480 0 0 0 65536 4 65538 0 0 0 17 186 0 0 0 0 0 94871807822576 94871807870820 94871834808320 140732572568452 140732572568628 140732572568628 140732572581866 0
/proc/3861427/statm: 1062 771 674 240 0 188 0
[pid=3861430] ppid=3861427 vsize=1732032 memory=1473636 CPUtime=25.38 cores=36-39,44-47,52-62,66-74,148-151,156-159,164-174,178-186
/proc/3861430/stat : 3861430 (kat_xcsp_2ccb88) S 3861427 3861427 3861325 0 -1 1077936128 355751 0 2 0 2458 80 0 0 20 0 3 0 224359649 1773600768 368409 117440512000 22507834761216 22507842557920 140726432843392 0 0 0 0 4096 8406082 0 0 0 17 186 0 0 0 0 0 22507842672000 22507842693200 93825020678144 140726432848416 140726432848917 140726432848917 140726432862165 0
/proc/3861430/statm: 433008 368409 665 1904 0 409020 0
[pid=3861430/tid=3861431] ppid=3861427 vsize=1732032 memory=3084 CPUtime=25.38 cores=36-39,44-47,52-62,66-74,148-151,156-159,164-174,178-186
/proc/3861430/task/3861431/stat : 3861431 (kat_xcsp_2ccb88) R 3861427 3861427 3861325 0 -1 4194368 355468 0 0 0 2458 80 0 0 20 0 3 0 224359650 1773600768 368409 117440512000 22507834761216 22507842557920 140726432843392 0 0 0 0 4096 8406082 0 0 0 -1 36 0 0 0 0 0 22507842672000 22507842693200 93825020678144 140726432848416 140726432848917 140726432848917 140726432862165 0
[pid=3861430/tid=3861432] ppid=3861427 vsize=1732032 memory=3084 CPUtime=0 cores=36-39,44-47,52-62,66-74,148-151,156-159,164-174,178-186
/proc/3861430/task/3861432/stat : 3861432 (kat_xcsp_2ccb88) S 3861427 3861427 3861325 0 -1 1077936192 2 0 0 0 0 0 0 0 20 0 3 0 224359650 1773600768 368409 117440512000 22507834761216 22507842557920 140726432843392 0 0 0 0 4096 8406082 0 0 0 -1 186 0 0 0 0 0 22507842672000 22507842693200 93825020678144 140726432848416 140726432848917 140726432848917 140726432862165 0
Current children cumulated CPU time: 25.38 s
Current children cumulated vsize: 1736280 KiB
Current children cumulated memory: 1476720 KiB

[startup+51.1059 s]
/proc/loadavg: 13.18 16.36 16.52 16/2951 3861455
/proc/meminfo: memFree=505128068/527542228 swapFree=32502676/33554428
[pid=3861427] ppid=3861426 vsize=4248 memory=3084 CPUtime=0 cores=36-39,44-47,52-62,66-74,148-151,156-159,164-174,178-186
/proc/3861427/stat : 3861427 (bash) S 3861426 3861427 3861325 0 -1 4194304 286 140 0 0 0 0 0 0 20 0 1 0 224359649 4349952 771 117440512000 94871806607360 94871807589277 140732572560480 0 0 0 65536 4 65538 0 0 0 17 186 0 0 0 0 0 94871807822576 94871807870820 94871834808320 140732572568452 140732572568628 140732572568628 140732572581866 0
/proc/3861427/statm: 1062 771 674 240 0 188 0
[pid=3861430] ppid=3861427 vsize=8524008 memory=7753376 CPUtime=50.9 cores=36-39,44-47,52-62,66-74,148-151,156-159,164-174,178-186
/proc/3861430/stat : 3861430 (kat_xcsp_2ccb88) S 3861427 3861427 3861325 0 -1 1077936128 1950120 0 2 0 4705 385 0 0 20 0 3 0 224359649 8728584192 1938344 117440512000 22507834761216 22507842557920 140726432843392 0 0 0 0 4096 8406082 0 0 0 17 186 0 0 0 0 0 22507842672000 22507842693200 93825020678144 140726432848416 140726432848917 140726432848917 140726432862165 0
/proc/3861430/statm: 2131002 1938344 738 1904 0 2081762 0
[pid=3861430/tid=3861431] ppid=3861427 vsize=8524008 memory=0 CPUtime=50.9 cores=36-39,44-47,52-62,66-74,148-151,156-159,164-174,178-186
/proc/3861430/task/3861431/stat : 3861431 (kat_xcsp_2ccb88) R 3861427 3861427 3861325 0 -1 4194368 1949837 0 0 0 4705 385 0 0 20 0 3 0 224359650 8728584192 1938344 117440512000 22507834761216 22507842557920 140726432843392 0 0 0 0 4096 8406082 0 0 0 -1 36 0 0 0 0 0 22507842672000 22507842693200 93825020678144 140726432848416 140726432848917 140726432848917 140726432862165 0
[pid=3861430/tid=3861432] ppid=3861427 vsize=8524008 memory=3084 CPUtime=0 cores=36-39,44-47,52-62,66-74,148-151,156-159,164-174,178-186
/proc/3861430/task/3861432/stat : 3861432 (kat_xcsp_2ccb88) S 3861427 3861427 3861325 0 -1 1077936192 2 0 0 0 0 0 0 0 20 0 3 0 224359650 8728584192 1938344 117440512000 22507834761216 22507842557920 140726432843392 0 0 0 0 4096 8406082 0 0 0 -1 186 0 0 0 0 0 22507842672000 22507842693200 93825020678144 140726432848416 140726432848917 140726432848917 140726432862165 0
Current children cumulated CPU time: 50.9 s
Current children cumulated vsize: 8528256 KiB
Current children cumulated memory: 7756460 KiB

[startup+102.3 s]
/proc/loadavg: 12.83 15.75 16.30 14/2950 3861467
/proc/meminfo: memFree=504673832/527542228 swapFree=32502676/33554428
[pid=3861427] ppid=3861426 vsize=4248 memory=3084 CPUtime=0 cores=36-39,44-47,52-62,66-74,148-151,156-159,164-174,178-186
/proc/3861427/stat : 3861427 (bash) S 3861426 3861427 3861325 0 -1 4194304 286 140 0 0 0 0 0 0 20 0 1 0 224359649 4349952 771 117440512000 94871806607360 94871807589277 140732572560480 0 0 0 65536 4 65538 0 0 0 17 186 0 0 0 0 0 94871807822576 94871807870820 94871834808320 140732572568452 140732572568628 140732572568628 140732572581866 0
/proc/3861427/statm: 1062 771 674 240 0 188 0
[pid=3861430] ppid=3861427 vsize=8524008 memory=7807988 CPUtime=101.94 cores=36-39,44-47,52-62,66-74,148-151,156-159,164-174,178-186
/proc/3861430/stat : 3861430 (kat_xcsp_2ccb88) S 3861427 3861427 3861325 0 -1 1077936128 6749682 0 2 0 9337 857 0 0 20 0 3 0 224359649 8728584192 1951997 117440512000 22507834761216 22507842557920 140726432843392 0 0 0 0 4096 8406082 0 0 0 17 186 0 0 0 0 0 22507842672000 22507842693200 93825020678144 140726432848416 140726432848917 140726432848917 140726432862165 0
/proc/3861430/statm: 2131002 1951997 784 1904 0 2093986 0
[pid=3861430/tid=3861431] ppid=3861427 vsize=8524008 memory=3084 CPUtime=101.94 cores=36-39,44-47,52-62,66-74,148-151,156-159,164-174,178-186
/proc/3861430/task/3861431/stat : 3861431 (kat_xcsp_2ccb88) R 3861427 3861427 3861325 0 -1 4194368 6749399 0 0 0 9337 857 0 0 20 0 3 0 224359650 8728584192 1951997 117440512000 22507834761216 22507842557920 140726432843392 0 0 0 0 4096 8406082 0 0 0 -1 36 0 0 0 0 0 22507842672000 22507842693200 93825020678144 140726432848416 140726432848917 140726432848917 140726432862165 0
[pid=3861430/tid=3861432] ppid=3861427 vsize=8524008 memory=3084 CPUtime=0 cores=36-39,44-47,52-62,66-74,148-151,156-159,164-174,178-186
/proc/3861430/task/3861432/stat : 3861432 (kat_xcsp_2ccb88) S 3861427 3861427 3861325 0 -1 1077936192 2 0 0 0 0 0 0 0 20 0 3 0 224359650 8728584192 1951997 117440512000 22507834761216 22507842557920 140726432843392 0 0 0 0 4096 8406082 0 0 0 -1 186 0 0 0 0 0 22507842672000 22507842693200 93825020678144 140726432848416 140726432848917 140726432848917 140726432862165 0
Current children cumulated CPU time: 101.94 s
Current children cumulated vsize: 8528256 KiB
Current children cumulated memory: 7811072 KiB

[startup+162.3 s]
/proc/loadavg: 12.66 15.15 16.06 14/2949 3861491
/proc/meminfo: memFree=504342552/527542228 swapFree=32502676/33554428
[pid=3861427] ppid=3861426 vsize=4248 memory=3084 CPUtime=0 cores=36-39,44-47,52-62,66-74,148-151,156-159,164-174,178-186
/proc/3861427/stat : 3861427 (bash) S 3861426 3861427 3861325 0 -1 4194304 286 140 0 0 0 0 0 0 20 0 1 0 224359649 4349952 771 117440512000 94871806607360 94871807589277 140732572560480 0 0 0 65536 4 65538 0 0 0 17 186 0 0 0 0 0 94871807822576 94871807870820 94871834808320 140732572568452 140732572568628 140732572568628 140732572581866 0
/proc/3861427/statm: 1062 771 674 240 0 188 0
[pid=3861430] ppid=3861427 vsize=8524008 memory=7814188 CPUtime=161.75 cores=36-39,44-47,52-62,66-74,148-151,156-159,164-174,178-186
/proc/3861430/stat : 3861430 (kat_xcsp_2ccb88) S 3861427 3861427 3861325 0 -1 1077936128 11414074 0 2 0 14849 1326 0 0 20 0 3 0 224359649 8728584192 1953547 117440512000 22507834761216 22507842557920 140726432843392 0 0 0 0 4096 8406082 0 0 0 17 186 0 0 0 0 0 22507842672000 22507842693200 93825020678144 140726432848416 140726432848917 140726432848917 140726432862165 0
/proc/3861430/statm: 2131002 1953547 784 1904 0 2093986 0
[pid=3861430/tid=3861431] ppid=3861427 vsize=8524008 memory=7150711897263211283 CPUtime=161.75 cores=36-39,44-47,52-62,66-74,148-151,156-159,164-174,178-186
/proc/3861430/task/3861431/stat : 3861431 (kat_xcsp_2ccb88) R 3861427 3861427 3861325 0 -1 4194368 11413791 0 0 0 14849 1326 0 0 20 0 3 0 224359650 8728584192 1953547 117440512000 22507834761216 22507842557920 140726432843392 0 0 0 0 4096 8406082 0 0 0 -1 36 0 0 0 0 0 22507842672000 22507842693200 93825020678144 140726432848416 140726432848917 140726432848917 140726432862165 0
[pid=3861430/tid=3861432] ppid=3861427 vsize=8524008 memory=8761640388971749472 CPUtime=0 cores=36-39,44-47,52-62,66-74,148-151,156-159,164-174,178-186
/proc/3861430/task/3861432/stat : 3861432 (kat_xcsp_2ccb88) S 3861427 3861427 3861325 0 -1 1077936192 2 0 0 0 0 0 0 0 20 0 3 0 224359650 8728584192 1953547 117440512000 22507834761216 22507842557920 140726432843392 0 0 0 0 4096 8406082 0 0 0 -1 186 0 0 0 0 0 22507842672000 22507842693200 93825020678144 140726432848416 140726432848917 140726432848917 140726432862165 0
Current children cumulated CPU time: 161.75 s
Current children cumulated vsize: 8528256 KiB
Current children cumulated memory: 7817272 KiB

[startup+222.3 s]
/proc/loadavg: 16.81 15.69 16.17 27/2968 3861553
/proc/meminfo: memFree=493295124/527542228 swapFree=32502676/33554428
[pid=3861427] ppid=3861426 vsize=4248 memory=3084 CPUtime=0 cores=36-39,44-47,52-62,66-74,148-151,156-159,164-174,178-186
/proc/3861427/stat : 3861427 (bash) S 3861426 3861427 3861325 0 -1 4194304 286 140 0 0 0 0 0 0 20 0 1 0 224359649 4349952 771 117440512000 94871806607360 94871807589277 140732572560480 0 0 0 65536 4 65538 0 0 0 17 186 0 0 0 0 0 94871807822576 94871807870820 94871834808320 140732572568452 140732572568628 140732572568628 140732572581866 0
/proc/3861427/statm: 1062 771 674 240 0 188 0
[pid=3861430] ppid=3861427 vsize=8524008 memory=7818336 CPUtime=221.56 cores=36-39,44-47,52-62,66-74,148-151,156-159,164-174,178-186
/proc/3861430/stat : 3861430 (kat_xcsp_2ccb88) S 3861427 3861427 3861325 0 -1 1077936128 12563779 0 2 0 20689 1467 0 0 20 0 3 0 224359649 8728584192 1954584 117440512000 22507834761216 22507842557920 140726432843392 0 0 0 0 4096 8406082 0 0 0 17 186 0 0 0 0 0 22507842672000 22507842693200 93825020678144 140726432848416 140726432848917 140726432848917 140726432862165 0
/proc/3861430/statm: 2131002 1954584 784 1904 0 2093986 0
[pid=3861430/tid=3861431] ppid=3861427 vsize=8524008 memory=7150711897263211283 CPUtime=221.55 cores=36-39,44-47,52-62,66-74,148-151,156-159,164-174,178-186
/proc/3861430/task/3861431/stat : 3861431 (kat_xcsp_2ccb88) R 3861427 3861427 3861325 0 -1 4194368 12563496 0 0 0 20689 1466 0 0 20 0 3 0 224359650 8728584192 1954584 117440512000 22507834761216 22507842557920 140726432843392 0 0 0 0 4096 8406082 0 0 0 -1 36 0 0 0 0 0 22507842672000 22507842693200 93825020678144 140726432848416 140726432848917 140726432848917 140726432862165 0
[pid=3861430/tid=3861432] ppid=3861427 vsize=8524008 memory=76950379 CPUtime=0 cores=36-39,44-47,52-62,66-74,148-151,156-159,164-174,178-186
/proc/3861430/task/3861432/stat : 3861432 (kat_xcsp_2ccb88) S 3861427 3861427 3861325 0 -1 1077936192 2 0 0 0 0 0 0 0 20 0 3 0 224359650 8728584192 1954584 117440512000 22507834761216 22507842557920 140726432843392 0 0 0 0 4096 8406082 0 0 0 -1 186 0 0 0 0 0 22507842672000 22507842693200 93825020678144 140726432848416 140726432848917 140726432848917 140726432862165 0
Current children cumulated CPU time: 221.56 s
Current children cumulated vsize: 8528256 KiB
Current children cumulated memory: 7821420 KiB

[startup+282.3 s]
/proc/loadavg: 21.42 17.22 16.67 26/2970 3861617
/proc/meminfo: memFree=492930088/527542228 swapFree=32502676/33554428
[pid=3861427] ppid=3861426 vsize=4248 memory=3084 CPUtime=0 cores=36-39,44-47,52-62,66-74,148-151,156-159,164-174,178-186
/proc/3861427/stat : 3861427 (bash) S 3861426 3861427 3861325 0 -1 4194304 286 140 0 0 0 0 0 0 20 0 1 0 224359649 4349952 771 117440512000 94871806607360 94871807589277 140732572560480 0 0 0 65536 4 65538 0 0 0 17 186 0 0 0 0 0 94871807822576 94871807870820 94871834808320 140732572568452 140732572568628 140732572568628 140732572581866 0
/proc/3861427/statm: 1062 771 674 240 0 188 0
[pid=3861430] ppid=3861427 vsize=8524008 memory=7822476 CPUtime=281.32 cores=36-39,44-47,52-62,66-74,148-151,156-159,164-174,178-186
/proc/3861430/stat : 3861430 (kat_xcsp_2ccb88) S 3861427 3861427 3861325 0 -1 1077936128 13462633 0 2 0 26561 1571 0 0 20 0 3 0 224359649 8728584192 1955619 117440512000 22507834761216 22507842557920 140726432843392 0 0 0 0 4096 8406082 0 0 0 17 186 0 0 0 0 0 22507842672000 22507842693200 93825020678144 140726432848416 140726432848917 140726432848917 140726432862165 0
/proc/3861430/statm: 2131002 1955619 784 1904 0 2093986 0
[pid=3861430/tid=3861431] ppid=3861427 vsize=8524008 memory=7822476 CPUtime=281.31 cores=36-39,44-47,52-62,66-74,148-151,156-159,164-174,178-186
/proc/3861430/task/3861431/stat : 3861431 (kat_xcsp_2ccb88) R 3861427 3861427 3861325 0 -1 4194368 13462350 0 0 0 26561 1570 0 0 20 0 3 0 224359650 8728584192 1955619 117440512000 22507834761216 22507842557920 140726432843392 0 0 0 0 4096 8406082 0 0 0 -1 36 0 0 0 0 0 22507842672000 22507842693200 93825020678144 140726432848416 140726432848917 140726432848917 140726432862165 0
[pid=3861430/tid=3861432] ppid=3861427 vsize=8524008 memory=3084 CPUtime=0 cores=36-39,44-47,52-62,66-74,148-151,156-159,164-174,178-186
/proc/3861430/task/3861432/stat : 3861432 (kat_xcsp_2ccb88) S 3861427 3861427 3861325 0 -1 1077936192 2 0 0 0 0 0 0 0 20 0 3 0 224359650 8728584192 1955619 117440512000 22507834761216 22507842557920 140726432843392 0 0 0 0 4096 8406082 0 0 0 -1 186 0 0 0 0 0 22507842672000 22507842693200 93825020678144 140726432848416 140726432848917 140726432848917 140726432862165 0
Current children cumulated CPU time: 281.32 s
Current children cumulated vsize: 8528256 KiB
Current children cumulated memory: 7825560 KiB

[startup+342.3 s]
/proc/loadavg: 23.33 18.53 17.16 26/2963 3861694
/proc/meminfo: memFree=492615764/527542228 swapFree=32502676/33554428
[pid=3861427] ppid=3861426 vsize=4248 memory=3084 CPUtime=0 cores=36-39,44-47,52-62,66-74,148-151,156-159,164-174,178-186
/proc/3861427/stat : 3861427 (bash) S 3861426 3861427 3861325 0 -1 4194304 286 140 0 0 0 0 0 0 20 0 1 0 224359649 4349952 771 117440512000 94871806607360 94871807589277 140732572560480 0 0 0 65536 4 65538 0 0 0 17 186 0 0 0 0 0 94871807822576 94871807870820 94871834808320 140732572568452 140732572568628 140732572568628 140732572581866 0
/proc/3861427/statm: 1062 771 674 240 0 188 0
[pid=3861430] ppid=3861427 vsize=8524008 memory=7824560 CPUtime=341.07 cores=36-39,44-47,52-62,66-74,148-151,156-159,164-174,178-186
/proc/3861430/stat : 3861430 (kat_xcsp_2ccb88) S 3861427 3861427 3861325 0 -1 1077936128 14296029 0 2 0 32433 1674 0 0 20 0 3 0 224359649 8728584192 1956140 117440512000 22507834761216 22507842557920 140726432843392 0 0 0 0 4096 8406082 0 0 0 17 186 0 0 0 0 0 22507842672000 22507842693200 93825020678144 140726432848416 140726432848917 140726432848917 140726432862165 0
/proc/3861430/statm: 2131002 1956140 784 1904 0 2093986 0
[pid=3861430/tid=3861431] ppid=3861427 vsize=8524008 memory=3084 CPUtime=341.06 cores=36-39,44-47,52-62,66-74,148-151,156-159,164-174,178-186
/proc/3861430/task/3861431/stat : 3861431 (kat_xcsp_2ccb88) R 3861427 3861427 3861325 0 -1 4194368 14295754 0 0 0 32432 1674 0 0 20 0 3 0 224359650 8728584192 1956140 117440512000 22507834761216 22507842557920 140726432843392 0 0 0 0 4096 8406082 0 0 0 -1 36 0 0 0 0 0 22507842672000 22507842693200 93825020678144 140726432848416 140726432848917 140726432848917 140726432862165 0
[pid=3861430/tid=3861432] ppid=3861427 vsize=8524008 memory=3084 CPUtime=0 cores=36-39,44-47,52-62,66-74,148-151,156-159,164-174,178-186
/proc/3861430/task/3861432/stat : 3861432 (kat_xcsp_2ccb88) S 3861427 3861427 3861325 0 -1 1077936192 2 0 0 0 0 0 0 0 20 0 3 0 224359650 8728584192 1956140 117440512000 22507834761216 22507842557920 140726432843392 0 0 0 0 4096 8406082 0 0 0 -1 186 0 0 0 0 0 22507842672000 22507842693200 93825020678144 140726432848416 140726432848917 140726432848917 140726432862165 0
Current children cumulated CPU time: 341.07 s
Current children cumulated vsize: 8528256 KiB
Current children cumulated memory: 7827644 KiB

[startup+402.3 s]
/proc/loadavg: 23.61 19.50 17.58 35/2963 3861781
/proc/meminfo: memFree=492222732/527542228 swapFree=32502676/33554428
[pid=3861427] ppid=3861426 vsize=4248 memory=3084 CPUtime=0 cores=36-39,44-47,52-62,66-74,148-151,156-159,164-174,178-186
/proc/3861427/stat : 3861427 (bash) S 3861426 3861427 3861325 0 -1 4194304 286 140 0 0 0 0 0 0 20 0 1 0 224359649 4349952 771 117440512000 94871806607360 94871807589277 140732572560480 0 0 0 65536 4 65538 0 0 0 17 186 0 0 0 0 0 94871807822576 94871807870820 94871834808320 140732572568452 140732572568628 140732572568628 140732572581866 0
/proc/3861427/statm: 1062 771 674 240 0 188 0
[pid=3861430] ppid=3861427 vsize=8470192 memory=7830420 CPUtime=400.82 cores=36-39,44-47,52-62,66-74,148-151,156-159,164-174,178-186
/proc/3861430/stat : 3861430 (kat_xcsp_2ccb88) S 3861427 3861427 3861325 0 -1 1077936128 15142053 0 2 0 38308 1774 0 0 20 0 3 0 224359649 8673476608 1957605 117440512000 22507834761216 22507842557920 140726432843392 0 0 0 0 4096 8406082 0 0 0 17 186 0 0 0 0 0 22507842672000 22507842693200 93825020678144 140726432848416 140726432848917 140726432848917 140726432862165 0
/proc/3861430/statm: 2117548 1957605 787 1904 0 2080561 0
[pid=3861430/tid=3861431] ppid=3861427 vsize=8470192 memory=7859480 CPUtime=400.81 cores=36-39,44-47,52-62,66-74,148-151,156-159,164-174,178-186
/proc/3861430/task/3861431/stat : 3861431 (kat_xcsp_2ccb88) R 3861427 3861427 3861325 0 -1 4194368 15141770 0 0 0 38308 1773 0 0 20 0 3 0 224359650 8673476608 1957605 117440512000 22507834761216 22507842557920 140726432843392 0 0 0 0 4096 8406082 0 0 0 -1 36 0 0 0 0 0 22507842672000 22507842693200 93825020678144 140726432848416 140726432848917 140726432848917 140726432862165 0
[pid=3861430/tid=3861432] ppid=3861427 vsize=8470192 memory=908 CPUtime=0 cores=36-39,44-47,52-62,66-74,148-151,156-159,164-174,178-186
/proc/3861430/task/3861432/stat : 3861432 (kat_xcsp_2ccb88) S 3861427 3861427 3861325 0 -1 1077936192 2 0 0 0 0 0 0 0 20 0 3 0 224359650 8673476608 1957605 117440512000 22507834761216 22507842557920 140726432843392 0 0 0 0 4096 8406082 0 0 0 -1 186 0 0 0 0 0 22507842672000 22507842693200 93825020678144 140726432848416 140726432848917 140726432848917 140726432862165 0
Current children cumulated CPU time: 400.82 s
Current children cumulated vsize: 8474440 KiB
Current children cumulated memory: 7833504 KiB

[startup+462.3 s]*
/proc/loadavg: 23.82 20.40 18.02 26/2963 3861843
/proc/meminfo: memFree=491883920/527542228 swapFree=32502676/33554428
[pid=3861427] ppid=3861426 vsize=4248 memory=3084 CPUtime=0 cores=36-39,44-47,52-62,66-74,148-151,156-159,164-174,178-186
/proc/3861427/stat : 3861427 (bash) S 3861426 3861427 3861325 0 -1 4194304 286 140 0 0 0 0 0 0 20 0 1 0 224359649 4349952 771 117440512000 94871806607360 94871807589277 140732572560480 0 0 0 65536 4 65538 0 0 0 17 186 0 0 0 0 0 94871807822576 94871807870820 94871834808320 140732572568452 140732572568628 140732572568628 140732572581866 0
/proc/3861427/statm: 1062 771 674 240 0 188 0
[pid=3861430] ppid=3861427 vsize=8940664 memory=7870592 CPUtime=460.69 cores=36-39,44-47,52-62,66-74,148-151,156-159,164-174,178-186
/proc/3861430/stat : 3861430 (kat_xcsp_2ccb88) S 3861427 3861427 3861325 0 -1 1077936128 15927048 0 2 0 44206 1863 0 0 20 0 3 0 224359649 9155239936 1967648 117440512000 22507834761216 22507842557920 140726432843392 0 0 0 0 4096 8406082 0 0 0 17 186 0 0 0 0 0 22507842672000 22507842693200 93825020678144 140726432848416 140726432848917 140726432848917 140726432862165 0
/proc/3861430/statm: 2235166 1967648 789 1904 0 2186128 0
[pid=3861430/tid=3861431] ppid=3861427 vsize=8940664 memory=6944656425123094137 CPUtime=460.69 cores=36-39,44-47,52-62,66-74,148-151,156-159,164-174,178-186
/proc/3861430/task/3861431/stat : 3861431 (kat_xcsp_2ccb88) R 3861427 3861427 3861325 0 -1 4194368 15926765 0 0 0 44206 1863 0 0 20 0 3 0 224359650 9155239936 1967648 117440512000 22507834761216 22507842557920 140726432843392 0 0 0 0 4096 8406082 0 0 0 -1 36 0 0 0 0 0 22507842672000 22507842693200 93825020678144 140726432848416 140726432848917 140726432848917 140726432862165 0
[pid=3861430/tid=3861432] ppid=3861427 vsize=8940664 memory=6944656592455097440 CPUtime=0 cores=36-39,44-47,52-62,66-74,148-151,156-159,164-174,178-186
/proc/3861430/task/3861432/stat : 3861432 (kat_xcsp_2ccb88) S 3861427 3861427 3861325 0 -1 1077936192 2 0 0 0 0 0 0 0 20 0 3 0 224359650 9155239936 1967648 117440512000 22507834761216 22507842557920 140726432843392 0 0 0 0 4096 8406082 0 0 0 -1 186 0 0 0 0 0 22507842672000 22507842693200 93825020678144 140726432848416 140726432848917 140726432848917 140726432862165 0
Current children cumulated CPU time: 460.69 s
Current children cumulated vsize: 8944912 KiB
Current children cumulated memory: 7873676 KiB

[startup+522.3 s]
/proc/loadavg: 23.79 21.00 18.37 24/2943 3861985
/proc/meminfo: memFree=492250392/527542228 swapFree=32502676/33554428
[pid=3861427] ppid=3861426 vsize=4248 memory=3084 CPUtime=0 cores=36-39,44-47,52-62,66-74,148-151,156-159,164-174,178-186
/proc/3861427/stat : 3861427 (bash) S 3861426 3861427 3861325 0 -1 4194304 286 140 0 0 0 0 0 0 20 0 1 0 224359649 4349952 771 117440512000 94871806607360 94871807589277 140732572560480 0 0 0 65536 4 65538 0 0 0 17 186 0 0 0 0 0 94871807822576 94871807870820 94871834808320 140732572568452 140732572568628 140732572568628 140732572581866 0
/proc/3861427/statm: 1062 771 674 240 0 188 0
[pid=3861430] ppid=3861427 vsize=8940664 memory=7911756 CPUtime=520.38 cores=36-39,44-47,52-62,66-74,148-151,156-159,164-174,178-186
/proc/3861430/stat : 3861430 (kat_xcsp_2ccb88) S 3861427 3861427 3861325 0 -1 1077936128 16716417 0 9 0 50087 1951 0 0 20 0 3 0 224359649 9155239936 1977939 117440512000 22507834761216 22507842557920 140726432843392 0 0 0 0 4096 8406082 0 0 0 17 186 0 0 0 0 0 22507842672000 22507842693200 93825020678144 140726432848416 140726432848917 140726432848917 140726432862165 0
/proc/3861430/statm: 2235166 1977939 0 1904 0 2196982 0
[pid=3861430/tid=3861431] ppid=3861427 vsize=8940664 memory=7914912 CPUtime=520.38 cores=36-39,44-47,52-62,66-74,148-151,156-159,164-174,178-186
/proc/3861430/task/3861431/stat : 3861431 (kat_xcsp_2ccb88) R 3861427 3861427 3861325 0 -1 4194368 16716134 0 7 0 50087 1951 0 0 20 0 3 0 224359650 9155239936 1977939 117440512000 22507834761216 22507842557920 140726432843392 0 0 0 0 4096 8406082 0 0 0 -1 148 0 0 0 0 0 22507842672000 22507842693200 93825020678144 140726432848416 140726432848917 140726432848917 140726432862165 0
[pid=3861430/tid=3861432] ppid=3861427 vsize=8940664 memory=96820 CPUtime=0 cores=36-39,44-47,52-62,66-74,148-151,156-159,164-174,178-186
/proc/3861430/task/3861432/stat : 3861432 (kat_xcsp_2ccb88) S 3861427 3861427 3861325 0 -1 1077936192 2 0 0 0 0 0 0 0 20 0 3 0 224359650 9155239936 1977939 117440512000 22507834761216 22507842557920 140726432843392 0 0 0 0 4096 8406082 0 0 0 -1 186 0 0 0 0 0 22507842672000 22507842693200 93825020678144 140726432848416 140726432848917 140726432848917 140726432862165 0
Current children cumulated CPU time: 520.38 s
Current children cumulated vsize: 8944912 KiB
Current children cumulated memory: 7914840 KiB

[startup+582.398 s]
/proc/loadavg: 22.87 21.32 18.65 14/2911 3862670
/proc/meminfo: memFree=505062004/527542228 swapFree=32502676/33554428
[pid=3861427] ppid=3861426 vsize=4248 memory=3084 CPUtime=0 cores=36-39,44-47,52-62,66-74,148-151,156-159,164-174,178-186
/proc/3861427/stat : 3861427 (bash) S 3861426 3861427 3861325 0 -1 4194304 286 140 0 0 0 0 0 0 20 0 1 0 224359649 4349952 771 117440512000 94871806607360 94871807589277 140732572560480 0 0 0 65536 4 65538 0 0 0 17 186 0 0 0 0 0 94871807822576 94871807870820 94871834808320 140732572568452 140732572568628 140732572568628 140732572581866 0
/proc/3861427/statm: 1062 771 674 240 0 188 0
[pid=3861430] ppid=3861427 vsize=8940664 memory=7913524 CPUtime=580.19 cores=36-39,44-47,52-62,66-74,148-151,156-159,164-174,178-186
/proc/3861430/stat : 3861430 (kat_xcsp_2ccb88) S 3861427 3861427 3861325 0 -1 1077936128 17491179 0 355 0 55964 2055 0 0 20 0 3 0 224359649 9155239936 1978381 117440512000 22507834761216 22507842557920 140726432843392 0 0 0 0 4096 8406082 0 0 0 17 186 0 0 0 0 0 22507842672000 22507842693200 93825020678144 140726432848416 140726432848917 140726432848917 140726432862165 0
/proc/3861430/statm: 2235166 1978381 303 1904 0 2197062 0
[pid=3861430/tid=3861431] ppid=3861427 vsize=8940664 memory=97064 CPUtime=580.19 cores=36-39,44-47,52-62,66-74,148-151,156-159,164-174,178-186
/proc/3861430/task/3861431/stat : 3861431 (kat_xcsp_2ccb88) R 3861427 3861427 3861325 0 -1 4194368 17490896 0 353 0 55964 2055 0 0 20 0 3 0 224359650 9155239936 1978381 117440512000 22507834761216 22507842557920 140726432843392 0 0 0 0 4096 8406082 0 0 0 -1 148 0 0 0 0 0 22507842672000 22507842693200 93825020678144 140726432848416 140726432848917 140726432848917 140726432862165 0
[pid=3861430/tid=3861432] ppid=3861427 vsize=8940664 memory=7150711897263211283 CPUtime=0 cores=36-39,44-47,52-62,66-74,148-151,156-159,164-174,178-186
/proc/3861430/task/3861432/stat : 3861432 (kat_xcsp_2ccb88) S 3861427 3861427 3861325 0 -1 1077936192 2 0 0 0 0 0 0 0 20 0 3 0 224359650 9155239936 1978381 117440512000 22507834761216 22507842557920 140726432843392 0 0 0 0 4096 8406082 0 0 0 -1 186 0 0 0 0 0 22507842672000 22507842693200 93825020678144 140726432848416 140726432848917 140726432848917 140726432862165 0
Current children cumulated CPU time: 580.19 s
Current children cumulated vsize: 8944912 KiB
Current children cumulated memory: 7916608 KiB

[startup+642.3 s]
/proc/loadavg: 16.37 19.72 18.26 15/2949 3862828
/proc/meminfo: memFree=505110280/527542228 swapFree=32502676/33554428
[pid=3861427] ppid=3861426 vsize=4248 memory=3084 CPUtime=0 cores=36-39,44-47,52-62,66-74,148-151,156-159,164-174,178-186
/proc/3861427/stat : 3861427 (bash) S 3861426 3861427 3861325 0 -1 4194304 286 140 0 0 0 0 0 0 20 0 1 0 224359649 4349952 771 117440512000 94871806607360 94871807589277 140732572560480 0 0 0 65536 4 65538 0 0 0 17 186 0 0 0 0 0 94871807822576 94871807870820 94871834808320 140732572568452 140732572568628 140732572568628 140732572581866 0
/proc/3861427/statm: 1062 771 674 240 0 188 0
[pid=3861430] ppid=3861427 vsize=8940664 memory=7913780 CPUtime=639.88 cores=36-39,44-47,52-62,66-74,148-151,156-159,164-174,178-186
/proc/3861430/stat : 3861430 (kat_xcsp_2ccb88) S 3861427 3861427 3861325 0 -1 1077936128 20756664 0 355 0 61614 2374 0 0 20 0 3 0 224359649 9155239936 1978445 117440512000 22507834761216 22507842557920 140726432843392 0 0 0 0 4096 8406082 0 0 0 17 186 0 0 0 0 0 22507842672000 22507842693200 93825020678144 140726432848416 140726432848917 140726432848917 140726432862165 0
/proc/3861430/statm: 2235166 1978445 303 1904 0 2197062 0
[pid=3861430/tid=3861431] ppid=3861427 vsize=8940664 memory=3084 CPUtime=639.88 cores=36-39,44-47,52-62,66-74,148-151,156-159,164-174,178-186
/proc/3861430/task/3861431/stat : 3861431 (kat_xcsp_2ccb88) R 3861427 3861427 3861325 0 -1 4194368 20756381 0 353 0 61614 2374 0 0 20 0 3 0 224359650 9155239936 1978445 117440512000 22507834761216 22507842557920 140726432843392 0 0 0 0 4096 8406082 0 0 0 -1 36 0 0 0 0 0 22507842672000 22507842693200 93825020678144 140726432848416 140726432848917 140726432848917 140726432862165 0
[pid=3861430/tid=3861432] ppid=3861427 vsize=8940664 memory=3084 CPUtime=0 cores=36-39,44-47,52-62,66-74,148-151,156-159,164-174,178-186
/proc/3861430/task/3861432/stat : 3861432 (kat_xcsp_2ccb88) S 3861427 3861427 3861325 0 -1 1077936192 2 0 0 0 0 0 0 0 20 0 3 0 224359650 9155239936 1978445 117440512000 22507834761216 22507842557920 140726432843392 0 0 0 0 4096 8406082 0 0 0 -1 186 0 0 0 0 0 22507842672000 22507842693200 93825020678144 140726432848416 140726432848917 140726432848917 140726432862165 0
Current children cumulated CPU time: 639.88 s
Current children cumulated vsize: 8944912 KiB
Current children cumulated memory: 7916864 KiB

[startup+702.3 s]
/proc/loadavg: 13.87 18.40 17.90 14/2949 3862844
/proc/meminfo: memFree=504324948/527542228 swapFree=32502676/33554428
[pid=3861427] ppid=3861426 vsize=4248 memory=3084 CPUtime=0 cores=36-39,44-47,52-62,66-74,148-151,156-159,164-174,178-186
/proc/3861427/stat : 3861427 (bash) S 3861426 3861427 3861325 0 -1 4194304 286 140 0 0 0 0 0 0 20 0 1 0 224359649 4349952 771 117440512000 94871806607360 94871807589277 140732572560480 0 0 0 65536 4 65538 0 0 0 17 186 0 0 0 0 0 94871807822576 94871807870820 94871834808320 140732572568452 140732572568628 140732572568628 140732572581866 0
/proc/3861427/statm: 1062 771 674 240 0 188 0
[pid=3861430] ppid=3861427 vsize=8919224 memory=7896652 CPUtime=699.68 cores=36-39,44-47,52-62,66-74,148-151,156-159,164-174,178-186
/proc/3861430/stat : 3861430 (kat_xcsp_2ccb88) S 3861427 3861427 3861325 0 -1 1077936128 23605781 0 356 0 67295 2673 0 0 20 0 3 0 224359649 9133285376 1974163 117440512000 22507834761216 22507842557920 140726432843392 0 0 0 0 4096 8406082 0 0 0 17 186 0 0 0 0 0 22507842672000 22507842693200 93825020678144 140726432848416 140726432848917 140726432848917 140726432862165 0
/proc/3861430/statm: 2229806 1974163 304 1904 0 2192378 0
[pid=3861430/tid=3861431] ppid=3861427 vsize=8919224 memory=97064 CPUtime=699.68 cores=36-39,44-47,52-62,66-74,148-151,156-159,164-174,178-186
/proc/3861430/task/3861431/stat : 3861431 (kat_xcsp_2ccb88) R 3861427 3861427 3861325 0 -1 4194368 23605510 0 354 0 67295 2673 0 0 20 0 3 0 224359650 9133285376 1974163 117440512000 22507834761216 22507842557920 140726432843392 0 0 0 0 4096 8406082 0 0 0 -1 36 0 0 0 0 0 22507842672000 22507842693200 93825020678144 140726432848416 140726432848917 140726432848917 140726432862165 0
[pid=3861430/tid=3861432] ppid=3861427 vsize=8919224 memory=1116 CPUtime=0 cores=36-39,44-47,52-62,66-74,148-151,156-159,164-174,178-186
/proc/3861430/task/3861432/stat : 3861432 (kat_xcsp_2ccb88) S 3861427 3861427 3861325 0 -1 1077936192 2 0 0 0 0 0 0 0 20 0 3 0 224359650 9133285376 1974163 117440512000 22507834761216 22507842557920 140726432843392 0 0 0 0 4096 8406082 0 0 0 -1 186 0 0 0 0 0 22507842672000 22507842693200 93825020678144 140726432848416 140726432848917 140726432848917 140726432862165 0
Current children cumulated CPU time: 699.68 s
Current children cumulated vsize: 8923472 KiB
Current children cumulated memory: 7899736 KiB

[startup+762.3 s]*
/proc/loadavg: 12.90 17.23 17.53 14/2948 3862868
/proc/meminfo: memFree=503646384/527542228 swapFree=32502676/33554428
[pid=3861427] ppid=3861426 vsize=4248 memory=3084 CPUtime=0 cores=36-39,44-47,52-62,66-74,148-151,156-159,164-174,178-186
/proc/3861427/stat : 3861427 (bash) S 3861426 3861427 3861325 0 -1 4194304 286 140 0 0 0 0 0 0 20 0 1 0 224359649 4349952 771 117440512000 94871806607360 94871807589277 140732572560480 0 0 0 65536 4 65538 0 0 0 17 186 0 0 0 0 0 94871807822576 94871807870820 94871834808320 140732572568452 140732572568628 140732572568628 140732572581866 0
/proc/3861427/statm: 1062 771 674 240 0 188 0
[pid=3861430] ppid=3861427 vsize=8944824 memory=7922336 CPUtime=759.6 cores=36-39,44-47,52-62,66-74,148-151,156-159,164-174,178-186
/proc/3861430/stat : 3861430 (kat_xcsp_2ccb88) S 3861427 3861427 3861325 0 -1 1077936128 27086927 0 356 0 72948 3012 0 0 20 0 3 0 224359649 9159499776 1980584 117440512000 22507834761216 22507842557920 140726432843392 0 0 0 0 4096 8406082 0 0 0 17 186 0 0 0 0 0 22507842672000 22507842693200 93825020678144 140726432848416 140726432848917 140726432848917 140726432862165 0
/proc/3861430/statm: 2236206 1980584 304 1904 0 2198778 0
[pid=3861430/tid=3861431] ppid=3861427 vsize=8944824 memory=-7806559961540681856 CPUtime=759.6 cores=36-39,44-47,52-62,66-74,148-151,156-159,164-174,178-186
/proc/3861430/task/3861431/stat : 3861431 (kat_xcsp_2ccb88) R 3861427 3861427 3861325 0 -1 4194368 27086644 0 354 0 72948 3012 0 0 20 0 3 0 224359650 9159499776 1980584 117440512000 22507834761216 22507842557920 140726432843392 0 0 0 0 4096 8406082 0 0 0 -1 36 0 0 0 0 0 22507842672000 22507842693200 93825020678144 140726432848416 140726432848917 140726432848917 140726432862165 0
[pid=3861430/tid=3861432] ppid=3861427 vsize=8944824 memory=7367446559782372371 CPUtime=0 cores=36-39,44-47,52-62,66-74,148-151,156-159,164-174,178-186
/proc/3861430/task/3861432/stat : 3861432 (kat_xcsp_2ccb88) S 3861427 3861427 3861325 0 -1 1077936192 2 0 0 0 0 0 0 0 20 0 3 0 224359650 9159499776 1980584 117440512000 22507834761216 22507842557920 140726432843392 0 0 0 0 4096 8406082 0 0 0 -1 186 0 0 0 0 0 22507842672000 22507842693200 93825020678144 140726432848416 140726432848917 140726432848917 140726432862165 0
Current children cumulated CPU time: 759.6 s
Current children cumulated vsize: 8949072 KiB
Current children cumulated memory: 7925420 KiB

[startup+822.3 s]
/proc/loadavg: 12.71 16.46 17.24 15/2948 3862883
/proc/meminfo: memFree=503017856/527542228 swapFree=32502676/33554428
[pid=3861427] ppid=3861426 vsize=4248 memory=3084 CPUtime=0 cores=36-39,44-47,52-62,66-74,148-151,156-159,164-174,178-186
/proc/3861427/stat : 3861427 (bash) S 3861426 3861427 3861325 0 -1 4194304 286 140 0 0 0 0 0 0 20 0 1 0 224359649 4349952 771 117440512000 94871806607360 94871807589277 140732572560480 0 0 0 65536 4 65538 0 0 0 17 186 0 0 0 0 0 94871807822576 94871807870820 94871834808320 140732572568452 140732572568628 140732572568628 140732572581866 0
/proc/3861427/statm: 1062 771 674 240 0 188 0
[pid=3861430] ppid=3861427 vsize=8944824 memory=7922452 CPUtime=819.32 cores=36-39,44-47,52-62,66-74,148-151,156-159,164-174,178-186
/proc/3861430/stat : 3861430 (kat_xcsp_2ccb88) S 3861427 3861427 3861325 0 -1 1077936128 29492263 0 356 0 78667 3265 0 0 20 0 3 0 224359649 9159499776 1980613 117440512000 22507834761216 22507842557920 140726432843392 0 0 0 0 4096 8406082 0 0 0 17 186 0 0 0 0 0 22507842672000 22507842693200 93825020678144 140726432848416 140726432848917 140726432848917 140726432862165 0
/proc/3861430/statm: 2236206 1980613 304 1904 0 2198778 0
[pid=3861430/tid=3861431] ppid=3861427 vsize=8944824 memory=7896960 CPUtime=819.32 cores=36-39,44-47,52-62,66-74,148-151,156-159,164-174,178-186
/proc/3861430/task/3861431/stat : 3861431 (kat_xcsp_2ccb88) R 3861427 3861427 3861325 0 -1 4194368 29491980 0 354 0 78667 3265 0 0 20 0 3 0 224359650 9159499776 1980613 117440512000 22507834761216 22507842557920 140726432843392 0 0 0 0 4096 8406082 0 0 0 -1 36 0 0 0 0 0 22507842672000 22507842693200 93825020678144 140726432848416 140726432848917 140726432848917 140726432862165 0
[pid=3861430/tid=3861432] ppid=3861427 vsize=8944824 memory=3084 CPUtime=0 cores=36-39,44-47,52-62,66-74,148-151,156-159,164-174,178-186
/proc/3861430/task/3861432/stat : 3861432 (kat_xcsp_2ccb88) S 3861427 3861427 3861325 0 -1 1077936192 2 0 0 0 0 0 0 0 20 0 3 0 224359650 9159499776 1980613 117440512000 22507834761216 22507842557920 140726432843392 0 0 0 0 4096 8406082 0 0 0 -1 186 0 0 0 0 0 22507842672000 22507842693200 93825020678144 140726432848416 140726432848917 140726432848917 140726432862165 0
Current children cumulated CPU time: 819.32 s
Current children cumulated vsize: 8949072 KiB
Current children cumulated memory: 7925536 KiB

[startup+882.405 s]
/proc/loadavg: 12.47 15.70 16.93 14/2940 3862897
/proc/meminfo: memFree=502589476/527542228 swapFree=32502676/33554428
[pid=3861427] ppid=3861426 vsize=4248 memory=3084 CPUtime=0 cores=36-39,44-47,52-62,66-74,148-151,156-159,164-174,178-186
/proc/3861427/stat : 3861427 (bash) S 3861426 3861427 3861325 0 -1 4194304 286 140 0 0 0 0 0 0 20 0 1 0 224359649 4349952 771 117440512000 94871806607360 94871807589277 140732572560480 0 0 0 65536 4 65538 0 0 0 17 186 0 0 0 0 0 94871807822576 94871807870820 94871834808320 140732572568452 140732572568628 140732572568628 140732572581866 0
/proc/3861427/statm: 1062 771 674 240 0 188 0
[pid=3861430] ppid=3861427 vsize=8919224 memory=7899060 CPUtime=879.23 cores=36-39,44-47,52-62,66-74,148-151,156-159,164-174,178-186
/proc/3861430/stat : 3861430 (kat_xcsp_2ccb88) S 3861427 3861427 3861325 0 -1 1077936128 32757980 0 356 0 84309 3614 0 0 20 0 3 0 224359649 9133285376 1974765 117440512000 22507834761216 22507842557920 140726432843392 0 0 0 0 4096 8406082 0 0 0 17 186 0 0 0 0 0 22507842672000 22507842693200 93825020678144 140726432848416 140726432848917 140726432848917 140726432862165 0
/proc/3861430/statm: 2229806 1974765 304 1904 0 2192378 0
[pid=3861430/tid=3861431] ppid=3861427 vsize=8919224 memory=7676 CPUtime=879.23 cores=36-39,44-47,52-62,66-74,148-151,156-159,164-174,178-186
/proc/3861430/task/3861431/stat : 3861431 (kat_xcsp_2ccb88) R 3861427 3861427 3861325 0 -1 4194368 32757697 0 354 0 84309 3614 0 0 20 0 3 0 224359650 9133285376 1974765 117440512000 22507834761216 22507842557920 140726432843392 0 0 0 0 4096 8406082 0 0 0 -1 36 0 0 0 0 0 22507842672000 22507842693200 93825020678144 140726432848416 140726432848917 140726432848917 140726432862165 0
[pid=3861430/tid=3861432] ppid=3861427 vsize=8919224 memory=7676 CPUtime=0 cores=36-39,44-47,52-62,66-74,148-151,156-159,164-174,178-186
/proc/3861430/task/3861432/stat : 3861432 (kat_xcsp_2ccb88) S 3861427 3861427 3861325 0 -1 1077936192 2 0 0 0 0 0 0 0 20 0 3 0 224359650 9133285376 1974765 117440512000 22507834761216 22507842557920 140726432843392 0 0 0 0 4096 8406082 0 0 0 -1 186 0 0 0 0 0 22507842672000 22507842693200 93825020678144 140726432848416 140726432848917 140726432848917 140726432862165 0
Current children cumulated CPU time: 879.23 s
Current children cumulated vsize: 8923472 KiB
Current children cumulated memory: 7902144 KiB

[startup+942.3 s]
/proc/loadavg: 12.41 15.09 16.64 14/2937 3862913
/proc/meminfo: memFree=502265344/527542228 swapFree=32502676/33554428
[pid=3861427] ppid=3861426 vsize=4248 memory=3084 CPUtime=0 cores=36-39,44-47,52-62,66-74,148-151,156-159,164-174,178-186
/proc/3861427/stat : 3861427 (bash) S 3861426 3861427 3861325 0 -1 4194304 286 140 0 0 0 0 0 0 20 0 1 0 224359649 4349952 771 117440512000 94871806607360 94871807589277 140732572560480 0 0 0 65536 4 65538 0 0 0 17 186 0 0 0 0 0 94871807822576 94871807870820 94871834808320 140732572568452 140732572568628 140732572568628 140732572581866 0
/proc/3861427/statm: 1062 771 674 240 0 188 0
[pid=3861430] ppid=3861427 vsize=8944824 memory=7924560 CPUtime=938.95 cores=36-39,44-47,52-62,66-74,148-151,156-159,164-174,178-186
/proc/3861430/stat : 3861430 (kat_xcsp_2ccb88) S 3861427 3861427 3861325 0 -1 1077936128 36122472 0 356 0 89913 3982 0 0 20 0 3 0 224359649 9159499776 1981140 117440512000 22507834761216 22507842557920 140726432843392 0 0 0 0 4096 8406082 0 0 0 17 186 0 0 0 0 0 22507842672000 22507842693200 93825020678144 140726432848416 140726432848917 140726432848917 140726432862165 0
/proc/3861430/statm: 2236206 1981140 304 1904 0 2198778 0
[pid=3861430/tid=3861431] ppid=3861427 vsize=8944824 memory=8046856 CPUtime=938.95 cores=36-39,44-47,52-62,66-74,148-151,156-159,164-174,178-186
/proc/3861430/task/3861431/stat : 3861431 (kat_xcsp_2ccb88) R 3861427 3861427 3861325 0 -1 4194368 36122189 0 354 0 89913 3982 0 0 20 0 3 0 224359650 9159499776 1981140 117440512000 22507834761216 22507842557920 140726432843392 0 0 0 0 4096 8406082 0 0 0 -1 36 0 0 0 0 0 22507842672000 22507842693200 93825020678144 140726432848416 140726432848917 140726432848917 140726432862165 0
[pid=3861430/tid=3861432] ppid=3861427 vsize=8944824 memory=3084 CPUtime=0 cores=36-39,44-47,52-62,66-74,148-151,156-159,164-174,178-186
/proc/3861430/task/3861432/stat : 3861432 (kat_xcsp_2ccb88) S 3861427 3861427 3861325 0 -1 1077936192 2 0 0 0 0 0 0 0 20 0 3 0 224359650 9159499776 1981140 117440512000 22507834761216 22507842557920 140726432843392 0 0 0 0 4096 8406082 0 0 0 -1 186 0 0 0 0 0 22507842672000 22507842693200 93825020678144 140726432848416 140726432848917 140726432848917 140726432862165 0
Current children cumulated CPU time: 938.95 s
Current children cumulated vsize: 8949072 KiB
Current children cumulated memory: 7927644 KiB

[startup+955.092 s]
# the end of solver process 3861427 was just reported to runsolver
# cumulated CPU time of all completed processes:  user=911.454 s, system=40.242 s

Solver just ended.
??? end of watcher thread
Dumping a history of the last processes samples

[startup+949.3 s]*
/proc/loadavg: 12.35 14.99 16.59 16/2938 3862918
/proc/meminfo: memFree=504017624/527542228 swapFree=32502676/33554428
[pid=3861427] ppid=3861426 vsize=4248 memory=3084 CPUtime=0 cores=36-39,44-47,52-62,66-74,148-151,156-159,164-174,178-186
/proc/3861427/stat : 3861427 (bash) S 3861426 3861427 3861325 0 -1 4194304 286 140 0 0 0 0 0 0 20 0 1 0 224359649 4349952 771 117440512000 94871806607360 94871807589277 140732572560480 0 0 0 65536 4 65538 0 0 0 17 186 0 0 0 0 0 94871807822576 94871807870820 94871834808320 140732572568452 140732572568628 140732572568628 140732572581866 0
/proc/3861427/statm: 1062 771 674 240 0 188 0
[pid=3861430] ppid=3861427 vsize=8835248 memory=7814204 CPUtime=946.04 cores=36-39,44-47,52-62,66-74,148-151,156-159,164-174,178-186
/proc/3861430/stat : 3861430 (kat_xcsp_2ccb88) S 3861427 3861427 3861325 0 -1 1077936128 36335297 0 359 0 90597 4007 0 0 20 0 3 0 224359649 9047293952 1953551 117440512000 22507834761216 22507842557920 140726432843392 0 0 0 0 4096 8406082 0 0 0 17 186 0 0 0 0 0 22507842672000 22507842693200 93825020678144 140726432848416 140726432848917 140726432848917 140726432862165 0
/proc/3861430/statm: 2208812 1953551 68 1904 0 2171384 0
[pid=3861430/tid=3861431] ppid=3861427 vsize=8835248 memory=-7806559961540681856 CPUtime=946.03 cores=36-39,44-47,52-62,66-74,148-151,156-159,164-174,178-186
/proc/3861430/task/3861431/stat : 3861431 (kat_xcsp_2ccb88) R 3861427 3861427 3861325 0 -1 4194368 36335014 0 357 0 90597 4006 0 0 20 0 3 0 224359650 9047293952 1953551 117440512000 22507834761216 22507842557920 140726432843392 0 0 0 0 4096 8406082 0 0 0 -1 36 0 0 0 0 0 22507842672000 22507842693200 93825020678144 140726432848416 140726432848917 140726432848917 140726432862165 0
[pid=3861430/tid=3861432] ppid=3861427 vsize=8835248 memory=7367446559782372371 CPUtime=0 cores=36-39,44-47,52-62,66-74,148-151,156-159,164-174,178-186
/proc/3861430/task/3861432/stat : 3861432 (kat_xcsp_2ccb88) S 3861427 3861427 3861325 0 -1 1077936192 2 0 0 0 0 0 0 0 20 0 3 0 224359650 9047293952 1953551 117440512000 22507834761216 22507842557920 140726432843392 0 0 0 0 4096 8406082 0 0 0 -1 186 0 0 0 0 0 22507842672000 22507842693200 93825020678144 140726432848416 140726432848917 140726432848917 140726432862165 0
Current children cumulated CPU time: 946.04 s
Current children cumulated vsize: 8839496 KiB
Current children cumulated memory: 7817288 KiB

[startup+952.9 s]
/proc/loadavg: 12.72 15.02 16.59 14/2940 3862920
/proc/meminfo: memFree=495188668/527542228 swapFree=32502676/33554428
[pid=3861427] ppid=3861426 vsize=4248 memory=3084 CPUtime=0 cores=36-39,44-47,52-62,66-74,148-151,156-159,164-174,178-186
/proc/3861427/stat : 3861427 (bash) S 3861426 3861427 3861325 0 -1 4194304 286 140 0 0 0 0 0 0 20 0 1 0 224359649 4349952 771 117440512000 94871806607360 94871807589277 140732572560480 0 0 0 65536 4 65538 0 0 0 17 186 0 0 0 0 0 94871807822576 94871807870820 94871834808320 140732572568452 140732572568628 140732572568628 140732572581866 0
/proc/3861427/statm: 1062 771 674 240 0 188 0
[pid=3861430] ppid=3861427 vsize=7981360 memory=7329740 CPUtime=949.52 cores=36-39,44-47,52-62,66-74,148-151,156-159,164-174,178-186
/proc/3861430/stat : 3861430 (kat_xcsp_2ccb88) S 3861427 3861427 3861325 0 -1 1077936128 36363913 0 359 0 90942 4010 0 0 20 0 3 0 224359649 8172912640 1832435 117440512000 22507834761216 22507842557920 140726432843392 0 0 0 0 4096 8406082 0 0 0 17 186 0 0 0 0 0 22507842672000 22507842693200 93825020678144 140726432848416 140726432848917 140726432848917 140726432862165 0
/proc/3861430/statm: 1995340 1832435 68 1904 0 1957912 0
[pid=3861430/tid=3861431] ppid=3861427 vsize=7981360 memory=3084 CPUtime=949.51 cores=36-39,44-47,52-62,66-74,148-151,156-159,164-174,178-186
/proc/3861430/task/3861431/stat : 3861431 (kat_xcsp_2ccb88) R 3861427 3861427 3861325 0 -1 4194368 36363630 0 357 0 90942 4009 0 0 20 0 3 0 224359650 8172912640 1832435 117440512000 22507834761216 22507842557920 140726432843392 0 0 0 0 4096 8406082 0 0 0 -1 36 0 0 0 0 0 22507842672000 22507842693200 93825020678144 140726432848416 140726432848917 140726432848917 140726432862165 0
[pid=3861430/tid=3861432] ppid=3861427 vsize=7981360 memory=3084 CPUtime=0 cores=36-39,44-47,52-62,66-74,148-151,156-159,164-174,178-186
/proc/3861430/task/3861432/stat : 3861432 (kat_xcsp_2ccb88) S 3861427 3861427 3861325 0 -1 1077936192 2 0 0 0 0 0 0 0 20 0 3 0 224359650 8172912640 1832435 117440512000 22507834761216 22507842557920 140726432843392 0 0 0 0 4096 8406082 0 0 0 -1 186 0 0 0 0 0 22507842672000 22507842693200 93825020678144 140726432848416 140726432848917 140726432848917 140726432862165 0
Current children cumulated CPU time: 949.52 s
Current children cumulated vsize: 7985608 KiB
Current children cumulated memory: 7332824 KiB

[startup+953.7 s]*
/proc/loadavg: 12.72 15.02 16.59 14/2940 3862921
/proc/meminfo: memFree=495062568/527542228 swapFree=32502676/33554428
[pid=3861427] ppid=3861426 vsize=4248 memory=3084 CPUtime=0 cores=36-39,44-47,52-62,66-74,148-151,156-159,164-174,178-186
/proc/3861427/stat : 3861427 (bash) S 3861426 3861427 3861325 0 -1 4194304 286 140 0 0 0 0 0 0 20 0 1 0 224359649 4349952 771 117440512000 94871806607360 94871807589277 140732572560480 0 0 0 65536 4 65538 0 0 0 17 186 0 0 0 0 0 94871807822576 94871807870820 94871834808320 140732572568452 140732572568628 140732572568628 140732572581866 0
/proc/3861427/statm: 1062 771 674 240 0 188 0
[pid=3861430] ppid=3861427 vsize=7981360 memory=7329740 CPUtime=950.42 cores=36-39,44-47,52-62,66-74,148-151,156-159,164-174,178-186
/proc/3861430/stat : 3861430 (kat_xcsp_2ccb88) S 3861427 3861427 3861325 0 -1 1077936128 36363914 0 359 0 91032 4010 0 0 20 0 3 0 224359649 8172912640 1832435 117440512000 22507834761216 22507842557920 140726432843392 0 0 0 0 4096 8406082 0 0 0 17 186 0 0 0 0 0 22507842672000 22507842693200 93825020678144 140726432848416 140726432848917 140726432848917 140726432862165 0
/proc/3861430/statm: 1995340 1832435 68 1904 0 1957912 0
[pid=3861430/tid=3861431] ppid=3861427 vsize=7981360 memory=-7806559961540681856 CPUtime=950.41 cores=36-39,44-47,52-62,66-74,148-151,156-159,164-174,178-186
/proc/3861430/task/3861431/stat : 3861431 (kat_xcsp_2ccb88) R 3861427 3861427 3861325 0 -1 4194368 36363631 0 357 0 91032 4009 0 0 20 0 3 0 224359650 8172912640 1832435 117440512000 22507834761216 22507842557920 140726432843392 0 0 0 0 4096 8406082 0 0 0 -1 36 0 0 0 0 0 22507842672000 22507842693200 93825020678144 140726432848416 140726432848917 140726432848917 140726432862165 0
[pid=3861430/tid=3861432] ppid=3861427 vsize=7981360 memory=7367446559782372371 CPUtime=0 cores=36-39,44-47,52-62,66-74,148-151,156-159,164-174,178-186
/proc/3861430/task/3861432/stat : 3861432 (kat_xcsp_2ccb88) S 3861427 3861427 3861325 0 -1 1077936192 2 0 0 0 0 0 0 0 20 0 3 0 224359650 8172912640 1832435 117440512000 22507834761216 22507842557920 140726432843392 0 0 0 0 4096 8406082 0 0 0 -1 186 0 0 0 0 0 22507842672000 22507842693200 93825020678144 140726432848416 140726432848917 140726432848917 140726432862165 0
Current children cumulated CPU time: 950.42 s
Current children cumulated vsize: 7985608 KiB
Current children cumulated memory: 7332824 KiB

[startup+954.6 s]
/proc/loadavg: 12.72 15.02 16.59 14/2940 3862921
/proc/meminfo: memFree=495062568/527542228 swapFree=32502676/33554428
[pid=3861427] ppid=3861426 vsize=4248 memory=3084 CPUtime=0 cores=36-39,44-47,52-62,66-74,148-151,156-159,164-174,178-186
/proc/3861427/stat : 3861427 (bash) S 3861426 3861427 3861325 0 -1 4194304 286 140 0 0 0 0 0 0 20 0 1 0 224359649 4349952 771 117440512000 94871806607360 94871807589277 140732572560480 0 0 0 65536 4 65538 0 0 0 17 186 0 0 0 0 0 94871807822576 94871807870820 94871834808320 140732572568452 140732572568628 140732572568628 140732572581866 0
/proc/3861427/statm: 1062 771 674 240 0 188 0
[pid=3861430] ppid=3861427 vsize=4859948 memory=4334648 CPUtime=951.2 cores=36-39,44-47,52-62,66-74,148-151,156-159,164-174,178-186
/proc/3861430/stat : 3861430 (kat_xcsp_2ccb88) S 3861427 3861427 3861325 0 -1 1077936128 36363923 0 359 0 91110 4010 0 0 20 0 3 0 224359649 4976586752 1083662 117440512000 22507834761216 22507842557920 140726432843392 0 0 0 0 4096 8406082 0 0 0 17 186 0 0 0 0 0 22507842672000 22507842693200 93825020678144 140726432848416 140726432848917 140726432848917 140726432862165 0
/proc/3861430/statm: 1214987 1083662 68 1904 0 1177559 0
[pid=3861430/tid=3861431] ppid=3861427 vsize=4859948 memory=3084 CPUtime=951.2 cores=36-39,44-47,52-62,66-74,148-151,156-159,164-174,178-186
/proc/3861430/task/3861431/stat : 3861431 (kat_xcsp_2ccb88) R 3861427 3861427 3861325 0 -1 4194368 36363640 0 357 0 91110 4010 0 0 20 0 3 0 224359650 4976586752 1083662 117440512000 22507834761216 22507842557920 140726432843392 0 0 0 0 4096 8406082 0 0 0 -1 36 0 0 0 0 0 22507842672000 22507842693200 93825020678144 140726432848416 140726432848917 140726432848917 140726432862165 0
[pid=3861430/tid=3861432] ppid=3861427 vsize=4859948 memory=7150711897263211283 CPUtime=0 cores=36-39,44-47,52-62,66-74,148-151,156-159,164-174,178-186
/proc/3861430/task/3861432/stat : 3861432 (kat_xcsp_2ccb88) S 3861427 3861427 3861325 0 -1 1077936192 2 0 0 0 0 0 0 0 20 0 3 0 224359650 4976586752 1083662 117440512000 22507834761216 22507842557920 140726432843392 0 0 0 0 4096 8406082 0 0 0 -1 186 0 0 0 0 0 22507842672000 22507842693200 93825020678144 140726432848416 140726432848917 140726432848917 140726432862165 0
Current children cumulated CPU time: 951.2 s
Current children cumulated vsize: 4864196 KiB
Current children cumulated memory: 4337732 KiB

[startup+954.8 s]*
/proc/loadavg: 12.72 15.02 16.59 15/2940 3862921
/proc/meminfo: memFree=497936804/527542228 swapFree=32502676/33554428
[pid=3861427] ppid=3861426 vsize=4248 memory=3084 CPUtime=0 cores=36-39,44-47,52-62,66-74,148-151,156-159,164-174,178-186
/proc/3861427/stat : 3861427 (bash) S 3861426 3861427 3861325 0 -1 4194304 286 140 0 0 0 0 0 0 20 0 1 0 224359649 4349952 771 117440512000 94871806607360 94871807589277 140732572560480 0 0 0 65536 4 65538 0 0 0 17 186 0 0 0 0 0 94871807822576 94871807870820 94871834808320 140732572568452 140732572568628 140732572568628 140732572581866 0
/proc/3861427/statm: 1062 771 674 240 0 188 0
[pid=3861430] ppid=3861427 vsize=4859948 memory=4334648 CPUtime=951.51 cores=36-39,44-47,52-62,66-74,148-151,156-159,164-174,178-186
/proc/3861430/stat : 3861430 (kat_xcsp_2ccb88) S 3861427 3861427 3861325 0 -1 1077936128 36363923 0 359 0 91141 4010 0 0 20 0 3 0 224359649 4976586752 1083662 117440512000 22507834761216 22507842557920 140726432843392 0 0 0 0 4096 8406082 0 0 0 17 186 0 0 0 0 0 22507842672000 22507842693200 93825020678144 140726432848416 140726432848917 140726432848917 140726432862165 0
/proc/3861430/statm: 1214987 1083662 68 1904 0 1177559 0
[pid=3861430/tid=3861431] ppid=3861427 vsize=4859948 memory=44739869481440 CPUtime=951.51 cores=36-39,44-47,52-62,66-74,148-151,156-159,164-174,178-186
/proc/3861430/task/3861431/stat : 3861431 (kat_xcsp_2ccb88) R 3861427 3861427 3861325 0 -1 4194368 36363640 0 357 0 91141 4010 0 0 20 0 3 0 224359650 4976586752 1083662 117440512000 22507834761216 22507842557920 140726432843392 0 0 0 0 4096 8406082 0 0 0 -1 36 0 0 0 0 0 22507842672000 22507842693200 93825020678144 140726432848416 140726432848917 140726432848917 140726432862165 0
[pid=3861430/tid=3861432] ppid=3861427 vsize=4859948 memory=3472328296160574577 CPUtime=0 cores=36-39,44-47,52-62,66-74,148-151,156-159,164-174,178-186
/proc/3861430/task/3861432/stat : 3861432 (kat_xcsp_2ccb88) S 3861427 3861427 3861325 0 -1 1077936192 2 0 0 0 0 0 0 0 20 0 3 0 224359650 4976586752 1083662 117440512000 22507834761216 22507842557920 140726432843392 0 0 0 0 4096 8406082 0 0 0 -1 186 0 0 0 0 0 22507842672000 22507842693200 93825020678144 140726432848416 140726432848917 140726432848917 140726432862165 0
Current children cumulated CPU time: 951.51 s
Current children cumulated vsize: 4864196 KiB
Current children cumulated memory: 4337732 KiB

[startup+955.006 s]
/proc/loadavg: 12.72 15.02 16.59 15/2940 3862921
/proc/meminfo: memFree=497936804/527542228 swapFree=32502676/33554428
[pid=3861427] ppid=3861426 vsize=4248 memory=3084 CPUtime=0 cores=36-39,44-47,52-62,66-74,148-151,156-159,164-174,178-186
/proc/3861427/stat : 3861427 (bash) S 3861426 3861427 3861325 0 -1 4194304 286 140 0 0 0 0 0 0 20 0 1 0 224359649 4349952 771 117440512000 94871806607360 94871807589277 140732572560480 0 0 0 65536 4 65538 0 0 0 17 186 0 0 0 0 0 94871807822576 94871807870820 94871834808320 140732572568452 140732572568628 140732572568628 140732572581866 0
/proc/3861427/statm: 1062 771 674 240 0 188 0
Current children cumulated CPU time: 0 s
Current children cumulated vsize: 4248 KiB
Current children cumulated memory: 3084 KiB

Child status: 0
Real time (s): 955.092
CPU time (s): 951.696
CPU user time (s): 911.454
CPU system time (s): 40.242
CPU usage (%): 99.6444
Max. virtual memory (cumulated for all children) (KiB): 9186592
Max. memory (cumulated for all children) (KiB): 8142416

getrusage(RUSAGE_CHILDREN,...) data:
user time used= 911.454
system time used= 40.242
maximum resident set size= 8139364
integral shared memory size= 0
integral unshared data size= 0
integral unshared stack size= 0
page reclaims= 36364428
page faults= 455
swaps= 0
block input operations= 21776
block output operations= 816
messages sent= 0
messages received= 0
signals received= 0
voluntary context switches= 558
involuntary context switches= 1969


# summary of solver processes directly reported to runsolver:
#   pid: 3861427
#   total CPU time (s): 951.696
#   total CPU user time (s): 911.454
#   total CPU system time (s): 40.242

??? end of timestamper thread
runsolver used 21.7587 second user time and 71.3859 second system time

The end
