================ Slurm Info ================
DATE      = 2026-05-27T02:57:17+09:00
PARTITION = gr10672b
JOB_ID    = 19875379_66
JOB_NAME  = xcsp-parse-cop-cumulative-165-order-ge-cumexact-taskrd-20260526-2ccb88e9-q10672
NNODES    = 1
RSC_OPT   = p=1:t=28:c=28:m=112000M
============================================
job_id=19877939 task_id=66 instance_id=66
instance_relpath=COP22to25/FlexibleJobshopScen-dh-5-16-005_c25.xml.lzma
row_file=/LARGE0/gr10672/b39275/xcsp3instances/results/kat-cop-cumulative-165-order-ge-guarded-basic-directexpr-inchard-cnf-mdd-tl-linkcost-eqne2-cumexact-taskrd-1800-20260526-2ccb88e9-q10672/rows/row-19877939-66-66.csv
runsolver_values_log=/LARGE0/gr10672/b39275/xcsp3instances/slurm-logs/runsolver/runsolver-kat-cop-cumulative-165-order-ge-guarded-basic-directexpr-inchard-cnf-mdd-tl-linkcost-eqne2-cumexact-taskrd-1800-20260526-2ccb88e9-q10672-19877939-66-66/values.log
runsolver_solver_log=/LARGE0/gr10672/b39275/xcsp3instances/slurm-logs/runsolver/runsolver-kat-cop-cumulative-165-order-ge-guarded-basic-directexpr-inchard-cnf-mdd-tl-linkcost-eqne2-cumexact-taskrd-1800-20260526-2ccb88e9-q10672-19877939-66-66/output.log
runsolver version 3.4.1 (svn: 3018) Copyright (C) 2010-2013 Olivier ROUSSEL

This program is distributed in the hope that it will be useful,
but WITHOUT ANY WARRANTY; without even the implied warranty of
MERCHANTABILITY or FITNESS FOR A PARTICULAR PURPOSE.  See the
GNU General Public License for more details.

NUMA information:
  number of nodes: 8
  memory of node 0: 63700 MiB (62038 MiB free)
  memory of node 1: 64504 MiB (63652 MiB free)
  memory of node 2: 64504 MiB (63166 MiB free)
  memory of node 3: 64504 MiB (63606 MiB free)
  memory of node 4: 64504 MiB (61831 MiB free)
  memory of node 5: 64504 MiB (61947 MiB free)
  memory of node 6: 64461 MiB (61202 MiB free)
  memory of node 7: 64491 MiB (61406 MiB free)
  node distances:
     10  12  12  12  21  21  21  21
     12  10  12  12  21  21  21  21
     12  12  10  12  21  21  21  21
     12  12  12  10  21  21  21  21
     21  21  21  21  10  12  12  12
     21  21  21  21  12  10  12  12
     21  21  21  21  12  12  10  12
     21  21  21  21  12  12  12  10

command line: runsolver -W 1800 -C 1800 -v /logs/runsolver/runsolver-kat-cop-cumulative-165-order-ge-guarded-basic-directexpr-inchard-cnf-mdd-tl-linkcost-eqne2-cumexact-taskrd-1800-20260526-2ccb88e9-q10672-19877939-66-66/values.log -o /logs/runsolver/runsolver-kat-cop-cumulative-165-order-ge-guarded-basic-directexpr-inchard-cnf-mdd-tl-linkcost-eqne2-cumexact-taskrd-1800-20260526-2ccb88e9-q10672-19877939-66-66/output.log bash -lc 
set -euo pipefail
if [[ -n "${PARSER_ARGS:-}" ]]; then
  eval "set -- ${PARSER_ARGS}"
  "$PARSER_BIN" "$INSTANCE_PATH" "$@"
else
  "$PARSER_BIN" "$INSTANCE_PATH"
fi
 

running on 44 cores: 0-27,124-139

Enforcing wall clock limit (soft limit, will send SIGTERM then SIGKILL): 1800 seconds
Enforcing CPUTime limit (soft limit, will send SIGTERM then SIGKILL): 1800 seconds
Enforcing CPUTime limit (hard limit, will send SIGXCPU): 1830 seconds
Linux 4.18.0-553.111.1.el8_10.x86_64
Current StackSize limit: 18014398509481983 KiB
solver pid=1983950, runsolver pid=1983949


[startup+0.100075 s]*
/proc/loadavg: 64.15 64.28 64.64 66/2936 1983956
/proc/meminfo: memFree=510820964/527542228 swapFree=32853500/33554428
[pid=1983950] ppid=1983949 vsize=4248 memory=3112 CPUtime=0 cores=0-27,112-139
/proc/1983950/stat : 1983950 (bash) S 1983949 1983950 1983849 0 -1 4194304 284 137 0 0 0 0 0 0 20 0 1 0 222168247 4349952 778 117440512000 94427459584000 94427460565917 140725643831168 0 0 0 65536 4 65538 0 0 0 17 116 0 0 0 0 0 94427460799216 94427460847460 94427487887360 140725643836406 140725643836582 140725643836582 140725643849706 0
/proc/1983950/statm: 1062 778 681 240 0 188 0
[pid=1983954] ppid=1983950 vsize=222360 memory=31936 CPUtime=0.16 cores=0-27,112-139
/proc/1983954/stat : 1983954 (kat_xcsp_2ccb88) S 1983950 1983950 1983849 0 -1 1077936128 8693 0 0 0 15 1 0 0 20 0 3 0 222168247 227696640 7984 117440512000 22514349854720 22514357651424 140724568865952 0 0 0 0 4096 8406082 0 0 0 17 118 0 0 0 0 0 22514357765504 22514357786704 93825006256128 140724568873692 140724568874119 140724568874119 140724568887253 0
/proc/1983954/statm: 55590 7984 622 1904 0 25750 0
[pid=1983954/tid=1983955] ppid=1983950 vsize=222360 memory=3761407534024635473 CPUtime=0.16 cores=0-27,112-139
/proc/1983954/task/1983955/stat : 1983955 (kat_xcsp_2ccb88) R 1983950 1983950 1983849 0 -1 4194368 8458 0 0 0 15 1 0 0 20 0 3 0 222168248 227696640 8050 117440512000 22514349854720 22514357651424 140724568865952 0 0 0 0 4096 8406082 0 0 0 -1 12 0 0 0 0 0 22514357765504 22514357786704 93825006256128 140724568873692 140724568874119 140724568874119 140724568887253 0
[pid=1983954/tid=1983956] ppid=1983950 vsize=222360 memory=112485665 CPUtime=0 cores=0-27,112-139
/proc/1983954/task/1983956/stat : 1983956 (kat_xcsp_2ccb88) S 1983950 1983950 1983849 0 -1 1077936192 2 0 0 0 0 0 0 0 20 0 3 0 222168248 227696640 8050 117440512000 22514349854720 22514357651424 140724568865952 0 0 0 0 4096 8406082 0 0 0 -1 125 0 0 0 0 0 22514357765504 22514357786704 93825006256128 140724568873692 140724568874119 140724568874119 140724568887253 0
Current children cumulated CPU time: 0.16 s
Current children cumulated vsize: 226608 KiB
Current children cumulated memory: 35048 KiB

[startup+0.307324 s]*
/proc/loadavg: 64.15 64.28 64.64 66/2936 1983956
/proc/meminfo: memFree=510753204/527542228 swapFree=32853500/33554428
[pid=1983950] ppid=1983949 vsize=4248 memory=3112 CPUtime=0 cores=0-27,112-139
/proc/1983950/stat : 1983950 (bash) S 1983949 1983950 1983849 0 -1 4194304 284 137 0 0 0 0 0 0 20 0 1 0 222168247 4349952 778 117440512000 94427459584000 94427460565917 140725643831168 0 0 0 65536 4 65538 0 0 0 17 116 0 0 0 0 0 94427460799216 94427460847460 94427487887360 140725643836406 140725643836582 140725643836582 140725643849706 0
/proc/1983950/statm: 1062 778 681 240 0 188 0
[pid=1983954] ppid=1983950 vsize=300460 memory=109644 CPUtime=0.37 cores=0-27,112-139
/proc/1983954/stat : 1983954 (kat_xcsp_2ccb88) S 1983950 1983950 1983849 0 -1 1077936128 26711 0 0 0 31 6 0 0 20 0 3 0 222168247 307671040 27411 117440512000 22514349854720 22514357651424 140724568865952 0 0 0 0 4096 8406082 0 0 0 17 118 0 0 0 0 0 22514357765504 22514357786704 93825006256128 140724568873692 140724568874119 140724568874119 140724568887253 0
/proc/1983954/statm: 75115 27411 640 1904 0 46349 0
[pid=1983954/tid=1983955] ppid=1983950 vsize=300460 memory=3761407534024635473 CPUtime=0.37 cores=0-27,112-139
/proc/1983954/task/1983955/stat : 1983955 (kat_xcsp_2ccb88) R 1983950 1983950 1983849 0 -1 4194368 26482 0 0 0 31 6 0 0 20 0 3 0 222168248 307671040 27477 117440512000 22514349854720 22514357651424 140724568865952 0 0 0 0 4096 8406082 0 0 0 -1 12 0 0 0 0 0 22514357765504 22514357786704 93825006256128 140724568873692 140724568874119 140724568874119 140724568887253 0
[pid=1983954/tid=1983956] ppid=1983950 vsize=300460 memory=112485665 CPUtime=0 cores=0-27,112-139
/proc/1983954/task/1983956/stat : 1983956 (kat_xcsp_2ccb88) S 1983950 1983950 1983849 0 -1 1077936192 2 0 0 0 0 0 0 0 20 0 3 0 222168248 307671040 27477 117440512000 22514349854720 22514357651424 140724568865952 0 0 0 0 4096 8406082 0 0 0 -1 125 0 0 0 0 0 22514357765504 22514357786704 93825006256128 140724568873692 140724568874119 140724568874119 140724568887253 0
Current children cumulated CPU time: 0.37 s
Current children cumulated vsize: 304708 KiB
Current children cumulated memory: 112756 KiB

[startup+0.504347 s]*
/proc/loadavg: 64.15 64.28 64.64 66/2936 1983956
/proc/meminfo: memFree=510690292/527542228 swapFree=32853500/33554428
[pid=1983950] ppid=1983949 vsize=4248 memory=3112 CPUtime=0 cores=0-27,112-139
/proc/1983950/stat : 1983950 (bash) S 1983949 1983950 1983849 0 -1 4194304 284 137 0 0 0 0 0 0 20 0 1 0 222168247 4349952 778 117440512000 94427459584000 94427460565917 140725643831168 0 0 0 65536 4 65538 0 0 0 17 116 0 0 0 0 0 94427460799216 94427460847460 94427487887360 140725643836406 140725643836582 140725643836582 140725643849706 0
/proc/1983950/statm: 1062 778 681 240 0 188 0
[pid=1983954] ppid=1983950 vsize=374188 memory=171516 CPUtime=0.57 cores=0-27,112-139
/proc/1983954/stat : 1983954 (kat_xcsp_2ccb88) S 1983950 1983950 1983849 0 -1 1077936128 41647 0 0 0 47 10 0 0 20 0 3 0 222168247 383168512 42879 117440512000 22514349854720 22514357651424 140724568865952 0 0 0 0 4096 8406082 0 0 0 17 118 0 0 0 0 0 22514357765504 22514357786704 93825006256128 140724568873692 140724568874119 140724568874119 140724568887253 0
/proc/1983954/statm: 93547 42879 640 1904 0 63480 0
[pid=1983954/tid=1983955] ppid=1983950 vsize=374188 memory=7295395541474181395 CPUtime=0.57 cores=0-27,112-139
/proc/1983954/task/1983955/stat : 1983955 (kat_xcsp_2ccb88) R 1983950 1983950 1983849 0 -1 4194368 41522 0 0 0 47 10 0 0 20 0 3 0 222168248 383168512 43011 117440512000 22514349854720 22514357651424 140724568865952 0 0 0 0 4096 8406082 0 0 0 -1 12 0 0 0 0 0 22514357765504 22514357786704 93825006256128 140724568873692 140724568874119 140724568874119 140724568887253 0
[pid=1983954/tid=1983956] ppid=1983950 vsize=374188 memory=-7003712468125860501 CPUtime=0 cores=0-27,112-139
/proc/1983954/task/1983956/stat : 1983956 (kat_xcsp_2ccb88) S 1983950 1983950 1983849 0 -1 1077936192 2 0 0 0 0 0 0 0 20 0 3 0 222168248 383168512 43011 117440512000 22514349854720 22514357651424 140724568865952 0 0 0 0 4096 8406082 0 0 0 -1 125 0 0 0 0 0 22514357765504 22514357786704 93825006256128 140724568873692 140724568874119 140724568874119 140724568887253 0
Current children cumulated CPU time: 0.57 s
Current children cumulated vsize: 378436 KiB
Current children cumulated memory: 174628 KiB

[startup+0.701337 s]*
/proc/loadavg: 64.15 64.28 64.64 66/2936 1983956
/proc/meminfo: memFree=510626548/527542228 swapFree=32853500/33554428
[pid=1983950] ppid=1983949 vsize=4248 memory=3112 CPUtime=0 cores=0-27,112-139
/proc/1983950/stat : 1983950 (bash) S 1983949 1983950 1983849 0 -1 4194304 284 137 0 0 0 0 0 0 20 0 1 0 222168247 4349952 778 117440512000 94427459584000 94427460565917 140725643831168 0 0 0 65536 4 65538 0 0 0 17 116 0 0 0 0 0 94427460799216 94427460847460 94427487887360 140725643836406 140725643836582 140725643836582 140725643849706 0
/proc/1983950/statm: 1062 778 681 240 0 188 0
[pid=1983954] ppid=1983950 vsize=439724 memory=238436 CPUtime=0.76 cores=0-27,112-139
/proc/1983954/stat : 1983954 (kat_xcsp_2ccb88) S 1983950 1983950 1983849 0 -1 1077936128 57398 0 0 0 63 13 0 0 20 0 3 0 222168247 450277376 59609 117440512000 22514349854720 22514357651424 140724568865952 0 0 0 0 4096 8406082 0 0 0 17 118 0 0 0 0 0 22514357765504 22514357786704 93825006256128 140724568873692 140724568874119 140724568874119 140724568887253 0
/proc/1983954/statm: 109931 59609 640 1904 0 79764 0
[pid=1983954/tid=1983955] ppid=1983950 vsize=439724 memory=3761407534024635473 CPUtime=0.76 cores=0-27,112-139
/proc/1983954/task/1983955/stat : 1983955 (kat_xcsp_2ccb88) R 1983950 1983950 1983849 0 -1 4194368 57197 0 0 0 63 13 0 0 20 0 3 0 222168248 450277376 59675 117440512000 22514349854720 22514357651424 140724568865952 0 0 0 0 4096 8406082 0 0 0 -1 12 0 0 0 0 0 22514357765504 22514357786704 93825006256128 140724568873692 140724568874119 140724568874119 140724568887253 0
[pid=1983954/tid=1983956] ppid=1983950 vsize=439724 memory=112485665 CPUtime=0 cores=0-27,112-139
/proc/1983954/task/1983956/stat : 1983956 (kat_xcsp_2ccb88) S 1983950 1983950 1983849 0 -1 1077936192 2 0 0 0 0 0 0 0 20 0 3 0 222168248 450277376 59741 117440512000 22514349854720 22514357651424 140724568865952 0 0 0 0 4096 8406082 0 0 0 -1 125 0 0 0 0 0 22514357765504 22514357786704 93825006256128 140724568873692 140724568874119 140724568874119 140724568887253 0
Current children cumulated CPU time: 0.76 s
Current children cumulated vsize: 443972 KiB
Current children cumulated memory: 241548 KiB

[startup+1.5003 s]*
/proc/loadavg: 64.15 64.28 64.64 66/2936 1983956
/proc/meminfo: memFree=510358300/527542228 swapFree=32853500/33554428
[pid=1983950] ppid=1983949 vsize=4248 memory=3112 CPUtime=0 cores=0-27,112-139
/proc/1983950/stat : 1983950 (bash) S 1983949 1983950 1983849 0 -1 4194304 284 137 0 0 0 0 0 0 20 0 1 0 222168247 4349952 778 117440512000 94427459584000 94427460565917 140725643831168 0 0 0 65536 4 65538 0 0 0 17 116 0 0 0 0 0 94427460799216 94427460847460 94427487887360 140725643836406 140725643836582 140725643836582 140725643849706 0
/proc/1983950/statm: 1062 778 681 240 0 188 0
[pid=1983954] ppid=1983950 vsize=751020 memory=508716 CPUtime=1.56 cores=0-27,112-139
/proc/1983954/stat : 1983954 (kat_xcsp_2ccb88) S 1983950 1983950 1983849 0 -1 1077936128 119845 0 0 0 126 30 0 0 20 0 3 0 222168247 769044480 127179 117440512000 22514349854720 22514357651424 140724568865952 0 0 0 0 4096 8406082 0 0 0 17 118 0 0 0 0 0 22514357765504 22514357786704 93825006256128 140724568873692 140724568874119 140724568874119 140724568887253 0
/proc/1983954/statm: 187755 127179 640 1904 0 156844 0
[pid=1983954/tid=1983955] ppid=1983950 vsize=751020 memory=3761407534024635473 CPUtime=1.56 cores=0-27,112-139
/proc/1983954/task/1983955/stat : 1983955 (kat_xcsp_2ccb88) R 1983950 1983950 1983849 0 -1 4194368 119635 0 0 0 126 30 0 0 20 0 3 0 222168248 769044480 127245 117440512000 22514349854720 22514357651424 140724568865952 0 0 0 0 4096 8406082 0 0 0 -1 12 0 0 0 0 0 22514357765504 22514357786704 93825006256128 140724568873692 140724568874119 140724568874119 140724568887253 0
[pid=1983954/tid=1983956] ppid=1983950 vsize=751020 memory=112485665 CPUtime=0 cores=0-27,112-139
/proc/1983954/task/1983956/stat : 1983956 (kat_xcsp_2ccb88) S 1983950 1983950 1983849 0 -1 1077936192 2 0 0 0 0 0 0 0 20 0 3 0 222168248 769044480 127245 117440512000 22514349854720 22514357651424 140724568865952 0 0 0 0 4096 8406082 0 0 0 -1 125 0 0 0 0 0 22514357765504 22514357786704 93825006256128 140724568873692 140724568874119 140724568874119 140724568887253 0
Current children cumulated CPU time: 1.56 s
Current children cumulated vsize: 755268 KiB
Current children cumulated memory: 511828 KiB

[startup+3.10031 s]
/proc/loadavg: 64.22 64.29 64.64 66/2936 1983956
/proc/meminfo: memFree=510015976/527542228 swapFree=32853500/33554428
[pid=1983950] ppid=1983949 vsize=4248 memory=3112 CPUtime=0 cores=0-27,112-139
/proc/1983950/stat : 1983950 (bash) S 1983949 1983950 1983849 0 -1 4194304 284 137 0 0 0 0 0 0 20 0 1 0 222168247 4349952 778 117440512000 94427459584000 94427460565917 140725643831168 0 0 0 65536 4 65538 0 0 0 17 116 0 0 0 0 0 94427460799216 94427460847460 94427487887360 140725643836406 140725643836582 140725643836582 140725643849706 0
/proc/1983950/statm: 1062 778 681 240 0 188 0
[pid=1983954] ppid=1983950 vsize=1275308 memory=970204 CPUtime=3.05 cores=0-27,112-139
/proc/1983954/stat : 1983954 (kat_xcsp_2ccb88) S 1983950 1983950 1983849 0 -1 1077936128 243312 0 0 0 248 57 0 0 20 0 3 0 222168247 1305915392 242551 117440512000 22514349854720 22514357651424 140724568865952 0 0 0 0 4096 8406082 0 0 0 17 118 0 0 0 0 0 22514357765504 22514357786704 93825006256128 140724568873692 140724568874119 140724568874119 140724568887253 0
/proc/1983954/statm: 318827 242551 653 1904 0 285292 0
[pid=1983954/tid=1983955] ppid=1983950 vsize=1275308 memory=296 CPUtime=3.05 cores=0-27,112-139
/proc/1983954/task/1983955/stat : 1983955 (kat_xcsp_2ccb88) R 1983950 1983950 1983849 0 -1 4194368 243033 0 0 0 248 57 0 0 20 0 3 0 222168248 1305915392 242551 117440512000 22514349854720 22514357651424 140724568865952 0 0 0 0 4096 8406082 0 0 0 -1 12 0 0 0 0 0 22514357765504 22514357786704 93825006256128 140724568873692 140724568874119 140724568874119 140724568887253 0
[pid=1983954/tid=1983956] ppid=1983950 vsize=1275308 memory=1136 CPUtime=0 cores=0-27,112-139
/proc/1983954/task/1983956/stat : 1983956 (kat_xcsp_2ccb88) S 1983950 1983950 1983849 0 -1 1077936192 2 0 0 0 0 0 0 0 20 0 3 0 222168248 1305915392 242551 117440512000 22514349854720 22514357651424 140724568865952 0 0 0 0 4096 8406082 0 0 0 -1 125 0 0 0 0 0 22514357765504 22514357786704 93825006256128 140724568873692 140724568874119 140724568874119 140724568887253 0
Current children cumulated CPU time: 3.05 s
Current children cumulated vsize: 1279556 KiB
Current children cumulated memory: 973316 KiB

[startup+6.30033 s]
/proc/loadavg: 64.22 64.29 64.64 66/2936 1983959
/proc/meminfo: memFree=509044376/527542228 swapFree=32853500/33554428
[pid=1983950] ppid=1983949 vsize=4248 memory=3112 CPUtime=0 cores=0-27,112-139
/proc/1983950/stat : 1983950 (bash) S 1983949 1983950 1983849 0 -1 4194304 284 137 0 0 0 0 0 0 20 0 1 0 222168247 4349952 778 117440512000 94427459584000 94427460565917 140725643831168 0 0 0 65536 4 65538 0 0 0 17 116 0 0 0 0 0 94427460799216 94427460847460 94427487887360 140725643836406 140725643836582 140725643836582 140725643849706 0
/proc/1983950/statm: 1062 778 681 240 0 188 0
[pid=1983954] ppid=1983950 vsize=2238424 memory=1850248 CPUtime=6.24 cores=0-27,112-139
/proc/1983954/stat : 1983954 (kat_xcsp_2ccb88) S 1983950 1983950 1983849 0 -1 1077936128 522457 0 0 0 513 111 0 0 20 0 3 0 222168247 2292146176 462562 117440512000 22514349854720 22514357651424 140724568865952 0 0 0 0 4096 8406082 0 0 0 17 118 0 0 0 0 0 22514357765504 22514357786704 93825006256128 140724568873692 140724568874119 140724568874119 140724568887253 0
/proc/1983954/statm: 559606 462562 744 1904 0 532304 0
[pid=1983954/tid=1983955] ppid=1983950 vsize=2238424 memory=5908 CPUtime=6.24 cores=0-27,112-139
/proc/1983954/task/1983955/stat : 1983955 (kat_xcsp_2ccb88) R 1983950 1983950 1983849 0 -1 4194368 522174 0 0 0 513 111 0 0 20 0 3 0 222168248 2292146176 462562 117440512000 22514349854720 22514357651424 140724568865952 0 0 0 0 4096 8406082 0 0 0 -1 12 0 0 0 0 0 22514357765504 22514357786704 93825006256128 140724568873692 140724568874119 140724568874119 140724568887253 0
[pid=1983954/tid=1983956] ppid=1983950 vsize=2238424 memory=1136 CPUtime=0 cores=0-27,112-139
/proc/1983954/task/1983956/stat : 1983956 (kat_xcsp_2ccb88) S 1983950 1983950 1983849 0 -1 1077936192 2 0 0 0 0 0 0 0 20 0 3 0 222168248 2292146176 462562 117440512000 22514349854720 22514357651424 140724568865952 0 0 0 0 4096 8406082 0 0 0 -1 125 0 0 0 0 0 22514357765504 22514357786704 93825006256128 140724568873692 140724568874119 140724568874119 140724568887253 0
Current children cumulated CPU time: 6.24 s
Current children cumulated vsize: 2242672 KiB
Current children cumulated memory: 1853360 KiB

[startup+8.27302 s]
# the end of solver process 1983950 was just reported to runsolver
# cumulated CPU time of all completed processes:  user=6.84407 s, system=1.38133 s

Solver just ended.
??? end of watcher thread
Dumping a history of the last processes samples

[startup+7.50029 s]
/proc/loadavg: 64.29 64.30 64.64 66/2936 1983959
/proc/meminfo: memFree=508911968/527542228 swapFree=32853500/33554428
[pid=1983950] ppid=1983949 vsize=4248 memory=3112 CPUtime=0 cores=0-27,112-139
/proc/1983950/stat : 1983950 (bash) S 1983949 1983950 1983849 0 -1 4194304 284 137 0 0 0 0 0 0 20 0 1 0 222168247 4349952 778 117440512000 94427459584000 94427460565917 140725643831168 0 0 0 65536 4 65538 0 0 0 17 116 0 0 0 0 0 94427460799216 94427460847460 94427487887360 140725643836406 140725643836582 140725643836582 140725643849706 0
/proc/1983950/statm: 1062 778 681 240 0 188 0
[pid=1983954] ppid=1983950 vsize=2303960 memory=1938604 CPUtime=7.44 cores=0-27,112-139
/proc/1983954/stat : 1983954 (kat_xcsp_2ccb88) S 1983950 1983950 1983849 0 -1 1077936128 611820 0 0 0 620 124 0 0 20 0 3 0 222168247 2359255040 484651 117440512000 22514349854720 22514357651424 140724568865952 0 0 0 0 4096 8406082 0 0 0 17 118 0 0 0 0 0 22514357765504 22514357786704 93825006256128 140724568873692 140724568874119 140724568874119 140724568887253 0
/proc/1983954/statm: 575990 484651 801 1904 0 554512 0
[pid=1983954/tid=1983955] ppid=1983950 vsize=2303960 memory=256612 CPUtime=7.44 cores=0-27,112-139
/proc/1983954/task/1983955/stat : 1983955 (kat_xcsp_2ccb88) R 1983950 1983950 1983849 0 -1 4194368 611537 0 0 0 620 124 0 0 20 0 3 0 222168248 2359255040 484651 117440512000 22514349854720 22514357651424 140724568865952 0 0 0 0 4096 8406082 0 0 0 -1 12 0 0 0 0 0 22514357765504 22514357786704 93825006256128 140724568873692 140724568874119 140724568874119 140724568887253 0
[pid=1983954/tid=1983956] ppid=1983950 vsize=2303960 memory=7808 CPUtime=0 cores=0-27,112-139
/proc/1983954/task/1983956/stat : 1983956 (kat_xcsp_2ccb88) S 1983950 1983950 1983849 0 -1 1077936192 2 0 0 0 0 0 0 0 20 0 3 0 222168248 2359255040 484651 117440512000 22514349854720 22514357651424 140724568865952 0 0 0 0 4096 8406082 0 0 0 -1 125 0 0 0 0 0 22514357765504 22514357786704 93825006256128 140724568873692 140724568874119 140724568874119 140724568887253 0
Current children cumulated CPU time: 7.44 s
Current children cumulated vsize: 2308208 KiB
Current children cumulated memory: 1941716 KiB

[startup+7.90033 s]
/proc/loadavg: 64.29 64.30 64.64 66/2936 1983959
/proc/meminfo: memFree=508911968/527542228 swapFree=32853500/33554428
[pid=1983950] ppid=1983949 vsize=4248 memory=3112 CPUtime=0 cores=0-27,112-139
/proc/1983950/stat : 1983950 (bash) S 1983949 1983950 1983849 0 -1 4194304 284 137 0 0 0 0 0 0 20 0 1 0 222168247 4349952 778 117440512000 94427459584000 94427460565917 140725643831168 0 0 0 65536 4 65538 0 0 0 17 116 0 0 0 0 0 94427460799216 94427460847460 94427487887360 140725643836406 140725643836582 140725643836582 140725643849706 0
/proc/1983950/statm: 1062 778 681 240 0 188 0
[pid=1983954] ppid=1983950 vsize=2303960 memory=1938604 CPUtime=7.84 cores=0-27,112-139
/proc/1983954/stat : 1983954 (kat_xcsp_2ccb88) S 1983950 1983950 1983849 0 -1 1077936128 680112 0 0 0 654 130 0 0 20 0 3 0 222168247 2359255040 484651 117440512000 22514349854720 22514357651424 140724568865952 0 0 0 0 4096 8406082 0 0 0 17 118 0 0 0 0 0 22514357765504 22514357786704 93825006256128 140724568873692 140724568874119 140724568874119 140724568887253 0
/proc/1983954/statm: 575990 484651 801 1904 0 554512 0
[pid=1983954/tid=1983955] ppid=1983950 vsize=2303960 memory=1136 CPUtime=7.84 cores=0-27,112-139
/proc/1983954/task/1983955/stat : 1983955 (kat_xcsp_2ccb88) R 1983950 1983950 1983849 0 -1 4194368 679829 0 0 0 654 130 0 0 20 0 3 0 222168248 2359255040 484651 117440512000 22514349854720 22514357651424 140724568865952 0 0 0 0 4096 8406082 0 0 0 -1 12 0 0 0 0 0 22514357765504 22514357786704 93825006256128 140724568873692 140724568874119 140724568874119 140724568887253 0
[pid=1983954/tid=1983956] ppid=1983950 vsize=2303960 memory=3400 CPUtime=0 cores=0-27,112-139
/proc/1983954/task/1983956/stat : 1983956 (kat_xcsp_2ccb88) S 1983950 1983950 1983849 0 -1 1077936192 2 0 0 0 0 0 0 0 20 0 3 0 222168248 2359255040 484651 117440512000 22514349854720 22514357651424 140724568865952 0 0 0 0 4096 8406082 0 0 0 -1 125 0 0 0 0 0 22514357765504 22514357786704 93825006256128 140724568873692 140724568874119 140724568874119 140724568887253 0
Current children cumulated CPU time: 7.84 s
Current children cumulated vsize: 2308208 KiB
Current children cumulated memory: 1941716 KiB

[startup+8.10032 s]*
/proc/loadavg: 64.29 64.30 64.64 70/2936 1983961
/proc/meminfo: memFree=508891208/527542228 swapFree=32853500/33554428
[pid=1983950] ppid=1983949 vsize=4248 memory=3112 CPUtime=0 cores=0-27,112-139
/proc/1983950/stat : 1983950 (bash) S 1983949 1983950 1983849 0 -1 4194304 284 137 0 0 0 0 0 0 20 0 1 0 222168247 4349952 778 117440512000 94427459584000 94427460565917 140725643831168 0 0 0 65536 4 65538 0 0 0 17 116 0 0 0 0 0 94427460799216 94427460847460 94427487887360 140725643836406 140725643836582 140725643836582 140725643849706 0
/proc/1983950/statm: 1062 778 681 240 0 188 0
[pid=1983954] ppid=1983950 vsize=2041812 memory=1799336 CPUtime=8.14 cores=0-27,112-139
/proc/1983954/stat : 1983954 (kat_xcsp_2ccb88) S 1983950 1983950 1983849 0 -1 1077936128 691711 0 0 0 683 131 0 0 20 0 3 0 222168247 2090815488 449834 117440512000 22514349854720 22514357651424 140724568865952 0 0 0 0 4096 8406082 0 0 0 17 118 0 0 0 0 0 22514357765504 22514357786704 93825006256128 140724568873692 140724568874119 140724568874119 140724568887253 0
/proc/1983954/statm: 510453 449834 801 1904 0 488975 0
[pid=1983954/tid=1983955] ppid=1983950 vsize=2041812 memory=7451035526056666467 CPUtime=8.14 cores=0-27,112-139
/proc/1983954/task/1983955/stat : 1983955 (kat_xcsp_2ccb88) R 1983950 1983950 1983849 0 -1 4194368 691428 0 0 0 683 131 0 0 20 0 3 0 222168248 2090815488 449834 117440512000 22514349854720 22514357651424 140724568865952 0 0 0 0 4096 8406082 0 0 0 -1 12 0 0 0 0 0 22514357765504 22514357786704 93825006256128 140724568873692 140724568874119 140724568874119 140724568887253 0
[pid=1983954/tid=1983956] ppid=1983950 vsize=2041812 memory=7741236222296023637 CPUtime=0 cores=0-27,112-139
/proc/1983954/task/1983956/stat : 1983956 (kat_xcsp_2ccb88) S 1983950 1983950 1983849 0 -1 1077936192 2 0 0 0 0 0 0 0 20 0 3 0 222168248 2090815488 449834 117440512000 22514349854720 22514357651424 140724568865952 0 0 0 0 4096 8406082 0 0 0 -1 125 0 0 0 0 0 22514357765504 22514357786704 93825006256128 140724568873692 140724568874119 140724568874119 140724568887253 0
Current children cumulated CPU time: 8.14 s
Current children cumulated vsize: 2046060 KiB
Current children cumulated memory: 1802448 KiB

Child status: 0
Real time (s): 8.27309
CPU time (s): 8.2254
CPU user time (s): 6.84407
CPU system time (s): 1.38133
CPU usage (%): 99.4236
Max. virtual memory (cumulated for all children) (KiB): 2332788
Max. memory (cumulated for all children) (KiB): 1964948

getrusage(RUSAGE_CHILDREN,...) data:
user time used= 6.84407
system time used= 1.38133
maximum resident set size= 1962040
integral shared memory size= 0
integral unshared data size= 0
integral unshared stack size= 0
page reclaims= 692175
page faults= 0
swaps= 0
block input operations= 8
block output operations= 40
messages sent= 0
messages received= 0
signals received= 0
voluntary context switches= 94
involuntary context switches= 14


# summary of solver processes directly reported to runsolver:
#   pid: 1983950
#   total CPU time (s): 8.2254
#   total CPU user time (s): 6.84407
#   total CPU system time (s): 1.38133

??? end of timestamper thread
runsolver used 0.348429 second user time and 1.07342 second system time

The end
