================ Slurm Info ================
DATE      = 2026-05-27T16:05:07+09:00
PARTITION = gr10672b
JOB_ID    = 19875383_94
JOB_NAME  = xcsp-parse-cop-cumulative-165-log-scop-cumext-boundprop-20260526-2ccb88e9-q10672
NNODES    = 1
RSC_OPT   = p=1:t=28:c=28:m=112000M
============================================
job_id=19903079 task_id=94 instance_id=94
instance_relpath=COP22to25/IHTC-i01_c25.xml.lzma
row_file=/LARGE0/gr10672/b39275/xcsp3instances/results/kat-cop-cumulative-165-log-scop-guarded-basic-directexpr-inchard-cnf-mdd-tl-autopb-autobdd-agg-eqne2-cumext-boundprop-1800-20260526-2ccb88e9-q10672/rows/row-19903079-94-94.csv
runsolver_values_log=/LARGE0/gr10672/b39275/xcsp3instances/slurm-logs/runsolver/runsolver-kat-cop-cumulative-165-log-scop-guarded-basic-directexpr-inchard-cnf-mdd-tl-autopb-autobdd-agg-eqne2-cumext-boundprop-1800-20260526-2ccb88e9-q10672-19903079-94-94/values.log
runsolver_solver_log=/LARGE0/gr10672/b39275/xcsp3instances/slurm-logs/runsolver/runsolver-kat-cop-cumulative-165-log-scop-guarded-basic-directexpr-inchard-cnf-mdd-tl-autopb-autobdd-agg-eqne2-cumext-boundprop-1800-20260526-2ccb88e9-q10672-19903079-94-94/output.log
runsolver version 3.4.1 (svn: 3018) Copyright (C) 2010-2013 Olivier ROUSSEL

This program is distributed in the hope that it will be useful,
but WITHOUT ANY WARRANTY; without even the implied warranty of
MERCHANTABILITY or FITNESS FOR A PARTICULAR PURPOSE.  See the
GNU General Public License for more details.

NUMA information:
  number of nodes: 8
  memory of node 0: 63700 MiB (58738 MiB free)
  memory of node 1: 64504 MiB (62583 MiB free)
  memory of node 2: 64504 MiB (62080 MiB free)
  memory of node 3: 64504 MiB (62809 MiB free)
  memory of node 4: 64504 MiB (62580 MiB free)
  memory of node 5: 64504 MiB (54211 MiB free)
  memory of node 6: 64461 MiB (58199 MiB free)
  memory of node 7: 64491 MiB (49096 MiB free)
  node distances:
     10  12  12  12  21  21  21  21
     12  10  12  12  21  21  21  21
     12  12  10  12  21  21  21  21
     12  12  12  10  21  21  21  21
     21  21  21  21  10  12  12  12
     21  21  21  21  12  10  12  12
     21  21  21  21  12  12  10  12
     21  21  21  21  12  12  12  10

command line: runsolver -W 1800 -C 1800 -v /logs/runsolver/runsolver-kat-cop-cumulative-165-log-scop-guarded-basic-directexpr-inchard-cnf-mdd-tl-autopb-autobdd-agg-eqne2-cumext-boundprop-1800-20260526-2ccb88e9-q10672-19903079-94-94/values.log -o /logs/runsolver/runsolver-kat-cop-cumulative-165-log-scop-guarded-basic-directexpr-inchard-cnf-mdd-tl-autopb-autobdd-agg-eqne2-cumext-boundprop-1800-20260526-2ccb88e9-q10672-19903079-94-94/output.log bash -lc 
set -euo pipefail
if [[ -n "${PARSER_ARGS:-}" ]]; then
  eval "set -- ${PARSER_ARGS}"
  "$PARSER_BIN" "$INSTANCE_PATH" "$@"
else
  "$PARSER_BIN" "$INSTANCE_PATH"
fi
 

running on 28 cores: 60-67,80-87,101-103,192-199,216

Enforcing wall clock limit (soft limit, will send SIGTERM then SIGKILL): 1800 seconds
Enforcing CPUTime limit (soft limit, will send SIGTERM then SIGKILL): 1800 seconds
Enforcing CPUTime limit (hard limit, will send SIGXCPU): 1830 seconds
Linux 4.18.0-553.111.1.el8_10.x86_64
Current StackSize limit: 18014398509481983 KiB

solver pid=1877785, runsolver pid=1877784

[startup+0.100092 s]*
/proc/loadavg: 71.45 74.34 76.10 79/2948 1877790
/proc/meminfo: memFree=481571212/527542244 swapFree=33054360/33554428
[pid=1877785] ppid=1877784 vsize=4248 memory=3028 CPUtime=0 cores=56-71,80-87,101-104,168-183,192-199,213-216
/proc/1877785/stat : 1877785 (bash) S 1877784 1877785 1877681 0 -1 4194304 284 142 0 0 0 0 0 0 20 0 1 0 226893128 4349952 757 117440512000 94135938445312 94135939427229 140732342775904 0 0 0 65536 4 65538 0 0 0 17 67 0 0 0 0 0 94135939660528 94135939708772 94135958609920 140732342782879 140732342783055 140732342783055 140732342796266 0
/proc/1877785/statm: 1062 757 660 240 0 188 0
[pid=1877788] ppid=1877785 vsize=212188 memory=18832 CPUtime=0.16 cores=56-71,80-87,101-104,168-183,192-199,213-216
/proc/1877788/stat : 1877788 (kat_xcsp_2ccb88) S 1877785 1877785 1877681 0 -1 1077936128 5619 0 2 0 15 1 0 0 20 0 3 0 226893129 217280512 4708 117440512000 22947640483840 22947648280544 140729706862624 0 0 0 0 4096 8406082 0 0 0 17 67 0 0 0 0 0 22947648394624 22947648415824 93824998121472 140729706867291 140729706867760 140729706867760 140729706880981 0
/proc/1877788/statm: 53047 4708 752 1904 0 22033 0
[pid=1877788/tid=1877789] ppid=1877785 vsize=212188 memory=3705176538829044052 CPUtime=0.16 cores=56-71,80-87,101-104,168-183,192-199,213-216
/proc/1877788/task/1877789/stat : 1877789 (kat_xcsp_2ccb88) R 1877785 1877785 1877681 0 -1 4194368 5652 0 0 0 16 0 0 0 20 0 3 0 226893130 217280512 5038 117440512000 22947640483840 22947648280544 140729706862624 0 0 0 0 4096 8406082 0 0 0 -1 66 0 0 0 0 0 22947648394624 22947648415824 93824998121472 140729706867291 140729706867760 140729706867760 140729706880981 0
[pid=1877788/tid=1877790] ppid=1877785 vsize=212188 memory=3688790284273202001 CPUtime=0 cores=56-71,80-87,101-104,168-183,192-199,213-216
/proc/1877788/task/1877790/stat : 1877790 (kat_xcsp_2ccb88) S 1877785 1877785 1877681 0 -1 1077936192 2 0 0 0 0 0 0 0 20 0 3 0 226893130 217280512 5038 117440512000 22947640483840 22947648280544 140729706862624 0 0 0 0 4096 8406082 0 0 0 -1 61 0 0 0 0 0 22947648394624 22947648415824 93824998121472 140729706867291 140729706867760 140729706867760 140729706880981 0
Current children cumulated CPU time: 0.16 s
Current children cumulated vsize: 216436 KiB
Current children cumulated memory: 21860 KiB

[startup+0.307534 s]*
/proc/loadavg: 71.45 74.34 76.10 79/2948 1877790
/proc/meminfo: memFree=481517708/527542244 swapFree=33054360/33554428
[pid=1877785] ppid=1877784 vsize=4248 memory=3028 CPUtime=0 cores=56-71,80-87,101-104,168-183,192-199,213-216
/proc/1877785/stat : 1877785 (bash) S 1877784 1877785 1877681 0 -1 4194304 284 142 0 0 0 0 0 0 20 0 1 0 226893128 4349952 757 117440512000 94135938445312 94135939427229 140732342775904 0 0 0 65536 4 65538 0 0 0 17 67 0 0 0 0 0 94135939660528 94135939708772 94135958609920 140732342782879 140732342783055 140732342783055 140732342796266 0
/proc/1877785/statm: 1062 757 660 240 0 188 0
[pid=1877788] ppid=1877785 vsize=295584 memory=111472 CPUtime=0.37 cores=56-71,80-87,101-104,168-183,192-199,213-216
/proc/1877788/stat : 1877788 (kat_xcsp_2ccb88) S 1877785 1877785 1877681 0 -1 1077936128 22361 0 2 0 32 5 0 0 20 0 3 0 226893129 302678016 27868 117440512000 22947640483840 22947648280544 140729706862624 0 0 0 0 4096 8406082 0 0 0 17 67 0 0 0 0 0 22947648394624 22947648415824 93824998121472 140729706867291 140729706867760 140729706867760 140729706880981 0
/proc/1877788/statm: 73896 27868 837 1904 0 45455 0
[pid=1877788/tid=1877789] ppid=1877785 vsize=295584 memory=3689352134714996820 CPUtime=0.37 cores=56-71,80-87,101-104,168-183,192-199,213-216
/proc/1877788/task/1877789/stat : 1877789 (kat_xcsp_2ccb88) R 1877785 1877785 1877681 0 -1 4194368 22267 0 0 0 32 5 0 0 20 0 3 0 226893130 302678016 28000 117440512000 22947640483840 22947648280544 140729706862624 0 0 0 0 4096 8406082 0 0 0 -1 66 0 0 0 0 0 22947648394624 22947648415824 93824998121472 140729706867291 140729706867760 140729706867760 140729706880981 0
[pid=1877788/tid=1877790] ppid=1877785 vsize=295584 memory=3631150806109271385 CPUtime=0 cores=56-71,80-87,101-104,168-183,192-199,213-216
/proc/1877788/task/1877790/stat : 1877790 (kat_xcsp_2ccb88) S 1877785 1877785 1877681 0 -1 1077936192 2 0 0 0 0 0 0 0 20 0 3 0 226893130 302678016 28000 117440512000 22947640483840 22947648280544 140729706862624 0 0 0 0 4096 8406082 0 0 0 -1 61 0 0 0 0 0 22947648394624 22947648415824 93824998121472 140729706867291 140729706867760 140729706867760 140729706880981 0
Current children cumulated CPU time: 0.37 s
Current children cumulated vsize: 299832 KiB
Current children cumulated memory: 114500 KiB

[startup+0.506979 s]*
/proc/loadavg: 71.45 74.34 76.10 24/2948 1877790
/proc/meminfo: memFree=481468044/527542244 swapFree=33054360/33554428
[pid=1877785] ppid=1877784 vsize=4248 memory=3028 CPUtime=0 cores=56-71,80-87,101-104,168-183,192-199,213-216
/proc/1877785/stat : 1877785 (bash) S 1877784 1877785 1877681 0 -1 4194304 284 142 0 0 0 0 0 0 20 0 1 0 226893128 4349952 757 117440512000 94135938445312 94135939427229 140732342775904 0 0 0 65536 4 65538 0 0 0 17 67 0 0 0 0 0 94135939660528 94135939708772 94135958609920 140732342782879 140732342783055 140732342783055 140732342796266 0
/proc/1877785/statm: 1062 757 660 240 0 188 0
[pid=1877788] ppid=1877785 vsize=295584 memory=113584 CPUtime=0.56 cores=56-71,80-87,101-104,168-183,192-199,213-216
/proc/1877788/stat : 1877788 (kat_xcsp_2ccb88) S 1877785 1877785 1877681 0 -1 1077936128 22907 0 2 0 51 5 0 0 20 0 3 0 226893129 302678016 28396 117440512000 22947640483840 22947648280544 140729706862624 0 0 0 0 4096 8406082 0 0 0 17 67 0 0 0 0 0 22947648394624 22947648415824 93824998121472 140729706867291 140729706867760 140729706867760 140729706880981 0
/proc/1877788/statm: 73896 28396 847 1904 0 46095 0
[pid=1877788/tid=1877789] ppid=1877785 vsize=295584 memory=7584468160695795987 CPUtime=0.57 cores=56-71,80-87,101-104,168-183,192-199,213-216
/proc/1877788/task/1877789/stat : 1877789 (kat_xcsp_2ccb88) R 1877785 1877785 1877681 0 -1 4194368 22627 0 0 0 52 5 0 0 20 0 3 0 226893130 302678016 28396 117440512000 22947640483840 22947648280544 140729706862624 0 0 0 0 4096 8406082 0 0 0 -1 66 0 0 0 0 0 22947648394624 22947648415824 93824998121472 140729706867291 140729706867760 140729706867760 140729706880981 0
[pid=1877788/tid=1877790] ppid=1877785 vsize=295584 memory=-9044459746194447340 CPUtime=0 cores=56-71,80-87,101-104,168-183,192-199,213-216
/proc/1877788/task/1877790/stat : 1877790 (kat_xcsp_2ccb88) S 1877785 1877785 1877681 0 -1 1077936192 2 0 0 0 0 0 0 0 20 0 3 0 226893130 302678016 28396 117440512000 22947640483840 22947648280544 140729706862624 0 0 0 0 4096 8406082 0 0 0 -1 61 0 0 0 0 0 22947648394624 22947648415824 93824998121472 140729706867291 140729706867760 140729706867760 140729706880981 0
Current children cumulated CPU time: 0.56 s
Current children cumulated vsize: 299832 KiB
Current children cumulated memory: 116612 KiB

[startup+0.706801 s]*
/proc/loadavg: 71.45 74.34 76.10 79/2948 1877790
/proc/meminfo: memFree=481463648/527542244 swapFree=33054360/33554428
[pid=1877785] ppid=1877784 vsize=4248 memory=3028 CPUtime=0 cores=56-71,80-87,101-104,168-183,192-199,213-216
/proc/1877785/stat : 1877785 (bash) S 1877784 1877785 1877681 0 -1 4194304 284 142 0 0 0 0 0 0 20 0 1 0 226893128 4349952 757 117440512000 94135938445312 94135939427229 140732342775904 0 0 0 65536 4 65538 0 0 0 17 67 0 0 0 0 0 94135939660528 94135939708772 94135958609920 140732342782879 140732342783055 140732342783055 140732342796266 0
/proc/1877785/statm: 1062 757 660 240 0 188 0
[pid=1877788] ppid=1877785 vsize=295584 memory=114112 CPUtime=0.76 cores=56-71,80-87,101-104,168-183,192-199,213-216
/proc/1877788/stat : 1877788 (kat_xcsp_2ccb88) S 1877785 1877785 1877681 0 -1 1077936128 23054 0 2 0 71 5 0 0 20 0 3 0 226893129 302678016 28528 117440512000 22947640483840 22947648280544 140729706862624 0 0 0 0 4096 8406082 0 0 0 17 67 0 0 0 0 0 22947648394624 22947648415824 93824998121472 140729706867291 140729706867760 140729706867760 140729706880981 0
/proc/1877788/statm: 73896 28528 851 1904 0 46095 0
[pid=1877788/tid=1877789] ppid=1877785 vsize=295584 memory=3689352134714996820 CPUtime=0.77 cores=56-71,80-87,101-104,168-183,192-199,213-216
/proc/1877788/task/1877789/stat : 1877789 (kat_xcsp_2ccb88) R 1877785 1877785 1877681 0 -1 4194368 22774 0 0 0 72 5 0 0 20 0 3 0 226893130 302678016 28528 117440512000 22947640483840 22947648280544 140729706862624 0 0 0 0 4096 8406082 0 0 0 -1 66 0 0 0 0 0 22947648394624 22947648415824 93824998121472 140729706867291 140729706867760 140729706867760 140729706880981 0
[pid=1877788/tid=1877790] ppid=1877785 vsize=295584 memory=3631150806109271385 CPUtime=0 cores=56-71,80-87,101-104,168-183,192-199,213-216
/proc/1877788/task/1877790/stat : 1877790 (kat_xcsp_2ccb88) S 1877785 1877785 1877681 0 -1 1077936192 2 0 0 0 0 0 0 0 20 0 3 0 226893130 302678016 28528 117440512000 22947640483840 22947648280544 140729706862624 0 0 0 0 4096 8406082 0 0 0 -1 61 0 0 0 0 0 22947648394624 22947648415824 93824998121472 140729706867291 140729706867760 140729706867760 140729706880981 0
Current children cumulated CPU time: 0.76 s
Current children cumulated vsize: 299832 KiB
Current children cumulated memory: 117140 KiB

[startup+1.03501 s]
# the end of solver process 1877785 was just reported to runsolver
# cumulated CPU time of all completed processes:  user=0.936006 s, system=0.067647 s

Solver just ended.
??? end of watcher thread
Dumping a history of the last processes samples

[startup+0.906961 s]*
/proc/loadavg: 71.45 74.34 76.10 24/2948 1877790
/proc/meminfo: memFree=481451732/527542244 swapFree=33054360/33554428
[pid=1877785] ppid=1877784 vsize=4248 memory=3028 CPUtime=0 cores=56-71,80-87,101-104,168-183,192-199,213-216
/proc/1877785/stat : 1877785 (bash) S 1877784 1877785 1877681 0 -1 4194304 284 142 0 0 0 0 0 0 20 0 1 0 226893128 4349952 757 117440512000 94135938445312 94135939427229 140732342775904 0 0 0 65536 4 65538 0 0 0 17 67 0 0 0 0 0 94135939660528 94135939708772 94135958609920 140732342782879 140732342783055 140732342783055 140732342796266 0
/proc/1877785/statm: 1062 757 660 240 0 188 0
[pid=1877788] ppid=1877785 vsize=280536 memory=100800 CPUtime=0.96 cores=56-71,80-87,101-104,168-183,192-199,213-216
/proc/1877788/stat : 1877788 (kat_xcsp_2ccb88) S 1877785 1877785 1877681 0 -1 1077936128 23446 0 2 0 91 5 0 0 20 0 3 0 226893129 287268864 25200 117440512000 22947640483840 22947648280544 140729706862624 0 0 0 0 4096 8406082 0 0 0 17 67 0 0 0 0 0 22947648394624 22947648415824 93824998121472 140729706867291 140729706867760 140729706867760 140729706880981 0
/proc/1877788/statm: 70134 25200 886 1904 0 42845 0
[pid=1877788/tid=1877789] ppid=1877785 vsize=280536 memory=7810487918915055718 CPUtime=0.96 cores=56-71,80-87,101-104,168-183,192-199,213-216
/proc/1877788/task/1877789/stat : 1877789 (kat_xcsp_2ccb88) R 1877785 1877785 1877681 0 -1 4194368 23166 0 0 0 91 5 0 0 20 0 3 0 226893130 287268864 25200 117440512000 22947640483840 22947648280544 140729706862624 0 0 0 0 4096 8406082 0 0 0 -1 66 0 0 0 0 0 22947648394624 22947648415824 93824998121472 140729706867291 140729706867760 140729706867760 140729706880981 0
[pid=1877788/tid=1877790] ppid=1877785 vsize=280536 memory=-3689349214911541841 CPUtime=0 cores=56-71,80-87,101-104,168-183,192-199,213-216
/proc/1877788/task/1877790/stat : 1877790 (kat_xcsp_2ccb88) S 1877785 1877785 1877681 0 -1 1077936192 2 0 0 0 0 0 0 0 20 0 3 0 226893130 287268864 25200 117440512000 22947640483840 22947648280544 140729706862624 0 0 0 0 4096 8406082 0 0 0 -1 61 0 0 0 0 0 22947648394624 22947648415824 93824998121472 140729706867291 140729706867760 140729706867760 140729706880981 0
Current children cumulated CPU time: 0.96 s
Current children cumulated vsize: 284784 KiB
Current children cumulated memory: 103828 KiB

Child status: 0
Real time (s): 1.03511
CPU time (s): 1.00365
CPU user time (s): 0.936006
CPU system time (s): 0.067647
CPU usage (%): 96.9609
Max. virtual memory (cumulated for all children) (KiB): 299832
Max. memory (cumulated for all children) (KiB): 117140

getrusage(RUSAGE_CHILDREN,...) data:
user time used= 0.936006
system time used= 0.067647
maximum resident set size= 115696
integral shared memory size= 0
integral unshared data size= 0
integral unshared stack size= 0
page reclaims= 23894
page faults= 2
swaps= 0
block input operations= 18160
block output operations= 72
messages sent= 0
messages received= 0
signals received= 0
voluntary context switches= 99
involuntary context switches= 2


# summary of solver processes directly reported to runsolver:
#   pid: 1877785
#   total CPU time (s): 1.00365
#   total CPU user time (s): 0.936006
#   total CPU system time (s): 0.067647

??? end of timestamper thread
runsolver used 0.150683 second user time and 0.66634 second system time

The end
