================ Slurm Info ================
DATE      = 2026-05-27T11:59:37+09:00
PARTITION = gr10672b
JOB_ID    = 19875382_51
JOB_NAME  = xcsp-parse-cop-cumulative-165-log-scop-cumexact-taskrd-20260526-2ccb88e9-q10672
NNODES    = 1
RSC_OPT   = p=1:t=28:c=28:m=112000M
============================================
job_id=19888511 task_id=51 instance_id=51
instance_relpath=COP22to25/Cargo-07-1s-133_c24.xml.lzma
row_file=/LARGE0/gr10672/b39275/xcsp3instances/results/kat-cop-cumulative-165-log-scop-guarded-basic-directexpr-inchard-cnf-mdd-tl-autopb-autobdd-agg-eqne2-cumexact-taskrd-1800-20260526-2ccb88e9-q10672/rows/row-19888511-51-51.csv
runsolver_values_log=/LARGE0/gr10672/b39275/xcsp3instances/slurm-logs/runsolver/runsolver-kat-cop-cumulative-165-log-scop-guarded-basic-directexpr-inchard-cnf-mdd-tl-autopb-autobdd-agg-eqne2-cumexact-taskrd-1800-20260526-2ccb88e9-q10672-19888511-51-51/values.log
runsolver_solver_log=/LARGE0/gr10672/b39275/xcsp3instances/slurm-logs/runsolver/runsolver-kat-cop-cumulative-165-log-scop-guarded-basic-directexpr-inchard-cnf-mdd-tl-autopb-autobdd-agg-eqne2-cumexact-taskrd-1800-20260526-2ccb88e9-q10672-19888511-51-51/output.log
runsolver version 3.4.1 (svn: 3018) Copyright (C) 2010-2013 Olivier ROUSSEL

This program is distributed in the hope that it will be useful,
but WITHOUT ANY WARRANTY; without even the implied warranty of
MERCHANTABILITY or FITNESS FOR A PARTICULAR PURPOSE.  See the
GNU General Public License for more details.

NUMA information:
  number of nodes: 8
  memory of node 0: 63700 MiB (61870 MiB free)
  memory of node 1: 64504 MiB (62725 MiB free)
  memory of node 2: 64504 MiB (63212 MiB free)
  memory of node 3: 64504 MiB (63237 MiB free)
  memory of node 4: 64461 MiB (61564 MiB free)
  memory of node 5: 64504 MiB (62582 MiB free)
  memory of node 6: 64504 MiB (60726 MiB free)
  memory of node 7: 64491 MiB (18873 MiB free)
  node distances:
     10  12  12  12  21  21  21  21
     12  10  12  12  21  21  21  21
     12  12  10  12  21  21  21  21
     12  12  12  10  21  21  21  21
     21  21  21  21  10  12  12  12
     21  21  21  21  12  10  12  12
     21  21  21  21  12  12  10  12
     21  21  21  21  12  12  12  10

command line: runsolver -W 1800 -C 1800 -v /logs/runsolver/runsolver-kat-cop-cumulative-165-log-scop-guarded-basic-directexpr-inchard-cnf-mdd-tl-autopb-autobdd-agg-eqne2-cumexact-taskrd-1800-20260526-2ccb88e9-q10672-19888511-51-51/values.log -o /logs/runsolver/runsolver-kat-cop-cumulative-165-log-scop-guarded-basic-directexpr-inchard-cnf-mdd-tl-autopb-autobdd-agg-eqne2-cumexact-taskrd-1800-20260526-2ccb88e9-q10672-19888511-51-51/output.log bash -lc 
set -euo pipefail
if [[ -n "${PARSER_ARGS:-}" ]]; then
  eval "set -- ${PARSER_ARGS}"
  "$PARSER_BIN" "$INSTANCE_PATH" "$@"
else
  "$PARSER_BIN" "$INSTANCE_PATH"
fi
 

running on 52 cores: 39-44,151-156,81-93,95-103,193-205,207-211

Enforcing wall clock limit (soft limit, will send SIGTERM then SIGKILL): 1800 seconds
Enforcing CPUTime limit (soft limit, will send SIGTERM then SIGKILL): 1800 seconds
Enforcing CPUTime limit (hard limit, will send SIGXCPU): 1830 seconds
Linux 4.18.0-553.111.1.el8_10.x86_64
Current StackSize limit: 18014398509481983 KiB

solver pid=1326507, runsolver pid=1326506

[startup+0.100094 s]*
/proc/loadavg: 29.60 29.81 28.60 32/3194 1326513
/proc/meminfo: memFree=465688580/527542264 swapFree=32765888/33554428
[pid=1326507] ppid=1326506 vsize=4248 memory=3040 CPUtime=0 cores=39-44,81-93,95-103,151-156,193-205,207-215
/proc/1326507/stat : 1326507 (bash) S 1326506 1326507 1326405 0 -1 4194304 283 133 0 0 0 0 0 0 20 0 1 0 225420311 4349952 760 117440512000 94654072897536 94654073879453 140731643441968 0 0 0 65536 4 65538 0 0 0 17 39 0 0 0 0 0 94654074112752 94654074160996 94654077456384 140731643444116 140731643444292 140731643444292 140731643457514 0
/proc/1326507/statm: 1062 760 664 240 0 188 0
[pid=1326511] ppid=1326507 vsize=220480 memory=45784 CPUtime=0.18 cores=39-44,81-93,95-103,151-156,193-205,207-215
/proc/1326511/stat : 1326511 (kat_xcsp_2ccb88) S 1326507 1326507 1326405 0 -1 1077936128 12275 0 2 0 16 2 0 0 20 0 3 0 225420312 225771520 11446 117440512000 23111587168256 23111594964960 140730913631296 0 0 0 0 4096 8406082 0 0 0 17 39 0 0 0 0 0 23111595079040 23111595100240 93824997883904 140730913638976 140730913639461 140730913639461 140730913652693 0
/proc/1326511/statm: 55120 11446 664 1904 0 29412 0
[pid=1326511/tid=1326512] ppid=1326507 vsize=222528 memory=83905402 CPUtime=0.19 cores=39-44,81-93,95-103,151-156,193-205,207-215
/proc/1326511/task/1326512/stat : 1326512 (kat_xcsp_2ccb88) R 1326507 1326507 1326405 0 -1 4194368 12603 0 0 0 17 2 0 0 20 0 3 0 225420313 227868672 12066 117440512000 23111587168256 23111594964960 140730913631296 0 0 0 0 4096 8406082 0 0 0 -1 193 0 0 0 0 0 23111595079040 23111595100240 93824997883904 140730913638976 140730913639461 140730913639461 140730913652693 0
[pid=1326511/tid=1326513] ppid=1326507 vsize=222528 memory=55197295 CPUtime=0 cores=39-44,81-93,95-103,151-156,193-205,207-215
/proc/1326511/task/1326513/stat : 1326513 (kat_xcsp_2ccb88) S 1326507 1326507 1326405 0 -1 1077936192 2 0 0 0 0 0 0 0 20 0 3 0 225420313 227868672 12066 117440512000 23111587168256 23111594964960 140730913631296 0 0 0 0 4096 8406082 0 0 0 -1 39 0 0 0 0 0 23111595079040 23111595100240 93824997883904 140730913638976 140730913639461 140730913639461 140730913652693 0
Current children cumulated CPU time: 0.18 s
Current children cumulated vsize: 224728 KiB
Current children cumulated memory: 48824 KiB

[startup+0.316054 s]*
/proc/loadavg: 29.60 29.81 28.60 32/3194 1326513
/proc/meminfo: memFree=465612536/527542264 swapFree=32765888/33554428
[pid=1326507] ppid=1326506 vsize=4248 memory=3040 CPUtime=0 cores=39-44,81-93,95-103,151-156,193-205,207-215
/proc/1326507/stat : 1326507 (bash) S 1326506 1326507 1326405 0 -1 4194304 283 133 0 0 0 0 0 0 20 0 1 0 225420311 4349952 760 117440512000 94654072897536 94654073879453 140731643441968 0 0 0 65536 4 65538 0 0 0 17 39 0 0 0 0 0 94654074112752 94654074160996 94654077456384 140731643444116 140731643444292 140731643444292 140731643457514 0
/proc/1326507/statm: 1062 760 664 240 0 188 0
[pid=1326511] ppid=1326507 vsize=293796 memory=125300 CPUtime=0.4 cores=39-44,81-93,95-103,151-156,193-205,207-215
/proc/1326511/stat : 1326511 (kat_xcsp_2ccb88) S 1326507 1326507 1326405 0 -1 1077936128 31043 0 2 0 34 6 0 0 20 0 3 0 225420312 300847104 31325 117440512000 23111587168256 23111594964960 140730913631296 0 0 0 0 4096 8406082 0 0 0 17 39 0 0 0 0 0 23111595079040 23111595100240 93824997883904 140730913638976 140730913639461 140730913639461 140730913652693 0
/proc/1326511/statm: 73449 31325 664 1904 0 50860 0
[pid=1326511/tid=1326512] ppid=1326507 vsize=293796 memory=83905402 CPUtime=0.41 cores=39-44,81-93,95-103,151-156,193-205,207-215
/proc/1326511/task/1326512/stat : 1326512 (kat_xcsp_2ccb88) R 1326507 1326507 1326405 0 -1 4194368 30909 0 0 0 35 6 0 0 20 0 3 0 225420313 300847104 31457 117440512000 23111587168256 23111594964960 140730913631296 0 0 0 0 4096 8406082 0 0 0 -1 193 0 0 0 0 0 23111595079040 23111595100240 93824997883904 140730913638976 140730913639461 140730913639461 140730913652693 0
[pid=1326511/tid=1326513] ppid=1326507 vsize=293796 memory=55197295 CPUtime=0 cores=39-44,81-93,95-103,151-156,193-205,207-215
/proc/1326511/task/1326513/stat : 1326513 (kat_xcsp_2ccb88) S 1326507 1326507 1326405 0 -1 1077936192 2 0 0 0 0 0 0 0 20 0 3 0 225420313 300847104 31457 117440512000 23111587168256 23111594964960 140730913631296 0 0 0 0 4096 8406082 0 0 0 -1 39 0 0 0 0 0 23111595079040 23111595100240 93824997883904 140730913638976 140730913639461 140730913639461 140730913652693 0
Current children cumulated CPU time: 0.4 s
Current children cumulated vsize: 298044 KiB
Current children cumulated memory: 128340 KiB

[startup+0.515585 s]*
/proc/loadavg: 29.60 29.81 28.60 30/3194 1326513
/proc/meminfo: memFree=465526836/527542264 swapFree=32765888/33554428
[pid=1326507] ppid=1326506 vsize=4248 memory=3040 CPUtime=0 cores=39-44,81-93,95-103,151-156,193-205,207-215
/proc/1326507/stat : 1326507 (bash) S 1326506 1326507 1326405 0 -1 4194304 283 133 0 0 0 0 0 0 20 0 1 0 225420311 4349952 760 117440512000 94654072897536 94654073879453 140731643441968 0 0 0 65536 4 65538 0 0 0 17 39 0 0 0 0 0 94654074112752 94654074160996 94654077456384 140731643444116 140731643444292 140731643444292 140731643457514 0
/proc/1326507/statm: 1062 760 664 240 0 188 0
[pid=1326511] ppid=1326507 vsize=367524 memory=177788 CPUtime=0.59 cores=39-44,81-93,95-103,151-156,193-205,207-215
/proc/1326511/stat : 1326511 (kat_xcsp_2ccb88) S 1326507 1326507 1326405 0 -1 1077936128 43658 0 2 0 50 9 0 0 20 0 3 0 225420312 376344576 44447 117440512000 23111587168256 23111594964960 140730913631296 0 0 0 0 4096 8406082 0 0 0 17 39 0 0 0 0 0 23111595079040 23111595100240 93824997883904 140730913638976 140730913639461 140730913639461 140730913652693 0
/proc/1326511/statm: 91881 44447 664 1904 0 66214 0
[pid=1326511/tid=1326512] ppid=1326507 vsize=367524 memory=3919088686398190420 CPUtime=0.6 cores=39-44,81-93,95-103,151-156,193-205,207-215
/proc/1326511/task/1326512/stat : 1326512 (kat_xcsp_2ccb88) R 1326507 1326507 1326405 0 -1 4194368 44639 0 0 0 51 9 0 0 20 0 3 0 225420313 376344576 45701 117440512000 23111587168256 23111594964960 140730913631296 0 0 0 0 4096 8406082 0 0 0 -1 193 0 0 0 0 0 23111595079040 23111595100240 93824997883904 140730913638976 140730913639461 140730913639461 140730913652693 0
[pid=1326511/tid=1326513] ppid=1326507 vsize=367524 memory=3473456408056574803 CPUtime=0 cores=39-44,81-93,95-103,151-156,193-205,207-215
/proc/1326511/task/1326513/stat : 1326513 (kat_xcsp_2ccb88) S 1326507 1326507 1326405 0 -1 1077936192 2 0 0 0 0 0 0 0 20 0 3 0 225420313 376344576 45701 117440512000 23111587168256 23111594964960 140730913631296 0 0 0 0 4096 8406082 0 0 0 -1 39 0 0 0 0 0 23111595079040 23111595100240 93824997883904 140730913638976 140730913639461 140730913639461 140730913652693 0
Current children cumulated CPU time: 0.59 s
Current children cumulated vsize: 371772 KiB
Current children cumulated memory: 180828 KiB

[startup+0.713668 s]*
/proc/loadavg: 29.60 29.81 28.60 32/3194 1326513
/proc/meminfo: memFree=465451656/527542264 swapFree=32765888/33554428
[pid=1326507] ppid=1326506 vsize=4248 memory=3040 CPUtime=0 cores=39-44,81-93,95-103,151-156,193-205,207-215
/proc/1326507/stat : 1326507 (bash) S 1326506 1326507 1326405 0 -1 4194304 283 133 0 0 0 0 0 0 20 0 1 0 225420311 4349952 760 117440512000 94654072897536 94654073879453 140731643441968 0 0 0 65536 4 65538 0 0 0 17 39 0 0 0 0 0 94654074112752 94654074160996 94654077456384 140731643444116 140731643444292 140731643444292 140731643457514 0
/proc/1326507/statm: 1062 760 664 240 0 188 0
[pid=1326511] ppid=1326507 vsize=433060 memory=247808 CPUtime=0.79 cores=39-44,81-93,95-103,151-156,193-205,207-215
/proc/1326511/stat : 1326511 (kat_xcsp_2ccb88) S 1326507 1326507 1326405 0 -1 1077936128 59630 0 2 0 66 13 0 0 20 0 3 0 225420312 443453440 61952 117440512000 23111587168256 23111594964960 140730913631296 0 0 0 0 4096 8406082 0 0 0 17 39 0 0 0 0 0 23111595079040 23111595100240 93824997883904 140730913638976 140730913639461 140730913639461 140730913652693 0
/proc/1326511/statm: 108265 61952 664 1904 0 83715 0
[pid=1326511/tid=1326512] ppid=1326507 vsize=433060 memory=83905402 CPUtime=0.8 cores=39-44,81-93,95-103,151-156,193-205,207-215
/proc/1326511/task/1326512/stat : 1326512 (kat_xcsp_2ccb88) R 1326507 1326507 1326405 0 -1 4194368 59726 0 0 0 67 13 0 0 20 0 3 0 225420313 443453440 62282 117440512000 23111587168256 23111594964960 140730913631296 0 0 0 0 4096 8406082 0 0 0 -1 193 0 0 0 0 0 23111595079040 23111595100240 93824997883904 140730913638976 140730913639461 140730913639461 140730913652693 0
[pid=1326511/tid=1326513] ppid=1326507 vsize=433060 memory=55197295 CPUtime=0 cores=39-44,81-93,95-103,151-156,193-205,207-215
/proc/1326511/task/1326513/stat : 1326513 (kat_xcsp_2ccb88) S 1326507 1326507 1326405 0 -1 1077936192 2 0 0 0 0 0 0 0 20 0 3 0 225420313 443453440 62282 117440512000 23111587168256 23111594964960 140730913631296 0 0 0 0 4096 8406082 0 0 0 -1 39 0 0 0 0 0 23111595079040 23111595100240 93824997883904 140730913638976 140730913639461 140730913639461 140730913652693 0
Current children cumulated CPU time: 0.79 s
Current children cumulated vsize: 437308 KiB
Current children cumulated memory: 250848 KiB

[startup+1.50036 s]*
/proc/loadavg: 29.60 29.81 28.60 28/3194 1326513
/proc/meminfo: memFree=465162180/527542264 swapFree=32765888/33554428
[pid=1326507] ppid=1326506 vsize=4248 memory=3040 CPUtime=0 cores=39-44,81-93,95-103,151-156,193-205,207-215
/proc/1326507/stat : 1326507 (bash) S 1326506 1326507 1326405 0 -1 4194304 283 133 0 0 0 0 0 0 20 0 1 0 225420311 4349952 760 117440512000 94654072897536 94654073879453 140731643441968 0 0 0 65536 4 65538 0 0 0 17 39 0 0 0 0 0 94654074112752 94654074160996 94654077456384 140731643444116 140731643444292 140731643444292 140731643457514 0
/proc/1326507/statm: 1062 760 664 240 0 188 0
[pid=1326511] ppid=1326507 vsize=718968 memory=522216 CPUtime=1.58 cores=39-44,81-93,95-103,151-156,193-205,207-215
/proc/1326511/stat : 1326511 (kat_xcsp_2ccb88) S 1326507 1326507 1326405 0 -1 1077936128 136664 0 2 0 131 27 0 0 20 0 3 0 225420312 736223232 130488 117440512000 23111587168256 23111594964960 140730913631296 0 0 0 0 4096 8406082 0 0 0 17 39 0 0 0 0 0 23111595079040 23111595100240 93824997883904 140730913638976 140730913639461 140730913639461 140730913652693 0
/proc/1326511/statm: 179742 130554 664 1904 0 156054 0
[pid=1326511/tid=1326512] ppid=1326507 vsize=718968 memory=4064329774380889168 CPUtime=1.58 cores=39-44,81-93,95-103,151-156,193-205,207-215
/proc/1326511/task/1326512/stat : 1326512 (kat_xcsp_2ccb88) R 1326507 1326507 1326405 0 -1 4194368 136611 0 0 0 131 27 0 0 20 0 3 0 225420313 736223232 130750 117440512000 23111587168256 23111594964960 140730913631296 0 0 0 0 4096 8406082 0 0 0 -1 193 0 0 0 0 0 23111595079040 23111595100240 93824997883904 140730913638976 140730913639461 140730913639461 140730913652693 0
[pid=1326511/tid=1326513] ppid=1326507 vsize=718968 memory=3473456408056575321 CPUtime=0 cores=39-44,81-93,95-103,151-156,193-205,207-215
/proc/1326511/task/1326513/stat : 1326513 (kat_xcsp_2ccb88) S 1326507 1326507 1326405 0 -1 1077936192 2 0 0 0 0 0 0 0 20 0 3 0 225420313 736223232 130750 117440512000 23111587168256 23111594964960 140730913631296 0 0 0 0 4096 8406082 0 0 0 -1 39 0 0 0 0 0 23111595079040 23111595100240 93824997883904 140730913638976 140730913639461 140730913639461 140730913652693 0
Current children cumulated CPU time: 1.58 s
Current children cumulated vsize: 723216 KiB
Current children cumulated memory: 525256 KiB

[startup+3.10036 s]
/proc/loadavg: 29.60 29.81 28.60 28/3194 1326513
/proc/meminfo: memFree=464683104/527542264 swapFree=32765888/33554428
[pid=1326507] ppid=1326506 vsize=4248 memory=3040 CPUtime=0 cores=39-44,81-93,95-103,151-156,193-205,207-215
/proc/1326507/stat : 1326507 (bash) S 1326506 1326507 1326405 0 -1 4194304 283 133 0 0 0 0 0 0 20 0 1 0 225420311 4349952 760 117440512000 94654072897536 94654073879453 140731643441968 0 0 0 65536 4 65538 0 0 0 17 39 0 0 0 0 0 94654074112752 94654074160996 94654077456384 140731643444116 140731643444292 140731643444292 140731643457514 0
/proc/1326507/statm: 1062 760 664 240 0 188 0
[pid=1326511] ppid=1326507 vsize=1403248 memory=1087840 CPUtime=3.06 cores=39-44,81-93,95-103,151-156,193-205,207-215
/proc/1326511/stat : 1326511 (kat_xcsp_2ccb88) S 1326507 1326507 1326405 0 -1 1077936128 243915 0 2 0 254 52 0 0 20 0 3 0 225420312 1436925952 271960 117440512000 23111587168256 23111594964960 140730913631296 0 0 0 0 4096 8406082 0 0 0 17 39 0 0 0 0 0 23111595079040 23111595100240 93824997883904 140730913638976 140730913639461 140730913639461 140730913652693 0
/proc/1326511/statm: 350812 271960 678 1904 0 322061 0
[pid=1326511/tid=1326512] ppid=1326507 vsize=1403248 memory=1400 CPUtime=3.06 cores=39-44,81-93,95-103,151-156,193-205,207-215
/proc/1326511/task/1326512/stat : 1326512 (kat_xcsp_2ccb88) R 1326507 1326507 1326405 0 -1 4194368 243636 0 0 0 254 52 0 0 20 0 3 0 225420313 1436925952 271960 117440512000 23111587168256 23111594964960 140730913631296 0 0 0 0 4096 8406082 0 0 0 -1 193 0 0 0 0 0 23111595079040 23111595100240 93824997883904 140730913638976 140730913639461 140730913639461 140730913652693 0
[pid=1326511/tid=1326513] ppid=1326507 vsize=1403248 memory=2952 CPUtime=0 cores=39-44,81-93,95-103,151-156,193-205,207-215
/proc/1326511/task/1326513/stat : 1326513 (kat_xcsp_2ccb88) S 1326507 1326507 1326405 0 -1 1077936192 2 0 0 0 0 0 0 0 20 0 3 0 225420313 1436925952 271960 117440512000 23111587168256 23111594964960 140730913631296 0 0 0 0 4096 8406082 0 0 0 -1 39 0 0 0 0 0 23111595079040 23111595100240 93824997883904 140730913638976 140730913639461 140730913639461 140730913652693 0
Current children cumulated CPU time: 3.06 s
Current children cumulated vsize: 1407496 KiB
Current children cumulated memory: 1090880 KiB

[startup+6.30036 s]
/proc/loadavg: 29.64 29.81 28.61 28/3194 1326513
/proc/meminfo: memFree=464119872/527542264 swapFree=32765888/33554428
[pid=1326507] ppid=1326506 vsize=4248 memory=3040 CPUtime=0 cores=39-44,81-93,95-103,151-156,193-205,207-215
/proc/1326507/stat : 1326507 (bash) S 1326506 1326507 1326405 0 -1 4194304 283 133 0 0 0 0 0 0 20 0 1 0 225420311 4349952 760 117440512000 94654072897536 94654073879453 140731643441968 0 0 0 65536 4 65538 0 0 0 17 39 0 0 0 0 0 94654074112752 94654074160996 94654077456384 140731643444116 140731643444292 140731643444292 140731643457514 0
/proc/1326507/statm: 1062 760 664 240 0 188 0
[pid=1326511] ppid=1326507 vsize=1558824 memory=1280184 CPUtime=6.25 cores=39-44,81-93,95-103,151-156,193-205,207-215
/proc/1326511/stat : 1326511 (kat_xcsp_2ccb88) S 1326507 1326507 1326405 0 -1 1077936128 425665 0 2 0 552 73 0 0 20 0 3 0 225420312 1596235776 320046 117440512000 23111587168256 23111594964960 140730913631296 0 0 0 0 4096 8406082 0 0 0 17 39 0 0 0 0 0 23111595079040 23111595100240 93824997883904 140730913638976 140730913639461 140730913639461 140730913652693 0
/proc/1326511/statm: 389706 320046 755 1904 0 365400 0
[pid=1326511/tid=1326512] ppid=1326507 vsize=1558824 memory=3040 CPUtime=6.25 cores=39-44,81-93,95-103,151-156,193-205,207-215
/proc/1326511/task/1326512/stat : 1326512 (kat_xcsp_2ccb88) R 1326507 1326507 1326405 0 -1 4194368 425386 0 0 0 552 73 0 0 20 0 3 0 225420313 1596235776 320046 117440512000 23111587168256 23111594964960 140730913631296 0 0 0 0 4096 8406082 0 0 0 -1 193 0 0 0 0 0 23111595079040 23111595100240 93824997883904 140730913638976 140730913639461 140730913639461 140730913652693 0
[pid=1326511/tid=1326513] ppid=1326507 vsize=1558824 memory=0 CPUtime=0 cores=39-44,81-93,95-103,151-156,193-205,207-215
/proc/1326511/task/1326513/stat : 1326513 (kat_xcsp_2ccb88) S 1326507 1326507 1326405 0 -1 1077936192 2 0 0 0 0 0 0 0 20 0 3 0 225420313 1596235776 320046 117440512000 23111587168256 23111594964960 140730913631296 0 0 0 0 4096 8406082 0 0 0 -1 39 0 0 0 0 0 23111595079040 23111595100240 93824997883904 140730913638976 140730913639461 140730913639461 140730913652693 0
Current children cumulated CPU time: 6.25 s
Current children cumulated vsize: 1563072 KiB
Current children cumulated memory: 1283224 KiB

[startup+12.7203 s]
/proc/loadavg: 29.74 29.83 28.62 32/3193 1326525
/proc/meminfo: memFree=463445136/527542264 swapFree=32765888/33554428
[pid=1326507] ppid=1326506 vsize=4248 memory=3040 CPUtime=0 cores=39-44,81-93,95-103,151-156,193-205,207-215
/proc/1326507/stat : 1326507 (bash) S 1326506 1326507 1326405 0 -1 4194304 283 133 0 0 0 0 0 0 20 0 1 0 225420311 4349952 760 117440512000 94654072897536 94654073879453 140731643441968 0 0 0 65536 4 65538 0 0 0 17 39 0 0 0 0 0 94654074112752 94654074160996 94654077456384 140731643444116 140731643444292 140731643444292 140731643457514 0
/proc/1326507/statm: 1062 760 664 240 0 188 0
[pid=1326511] ppid=1326507 vsize=1881664 memory=1610120 CPUtime=12.63 cores=39-44,81-93,95-103,151-156,193-205,207-215
/proc/1326511/stat : 1326511 (kat_xcsp_2ccb88) S 1326507 1326507 1326405 0 -1 1077936128 552551 0 2 0 1172 91 0 0 20 0 3 0 225420312 1926823936 402530 117440512000 23111587168256 23111594964960 140730913631296 0 0 0 0 4096 8406082 0 0 0 17 39 0 0 0 0 0 23111595079040 23111595100240 93824997883904 140730913638976 140730913639461 140730913639461 140730913652693 0
/proc/1326511/statm: 470416 402530 756 1904 0 446110 0
[pid=1326511/tid=1326512] ppid=1326507 vsize=1881664 memory=1336476 CPUtime=12.63 cores=39-44,81-93,95-103,151-156,193-205,207-215
/proc/1326511/task/1326512/stat : 1326512 (kat_xcsp_2ccb88) R 1326507 1326507 1326405 0 -1 4194368 552272 0 0 0 1172 91 0 0 20 0 3 0 225420313 1926823936 402530 117440512000 23111587168256 23111594964960 140730913631296 0 0 0 0 4096 8406082 0 0 0 -1 193 0 0 0 0 0 23111595079040 23111595100240 93824997883904 140730913638976 140730913639461 140730913639461 140730913652693 0
[pid=1326511/tid=1326513] ppid=1326507 vsize=1881664 memory=3040 CPUtime=0 cores=39-44,81-93,95-103,151-156,193-205,207-215
/proc/1326511/task/1326513/stat : 1326513 (kat_xcsp_2ccb88) S 1326507 1326507 1326405 0 -1 1077936192 2 0 0 0 0 0 0 0 20 0 3 0 225420313 1926823936 402530 117440512000 23111587168256 23111594964960 140730913631296 0 0 0 0 4096 8406082 0 0 0 -1 39 0 0 0 0 0 23111595079040 23111595100240 93824997883904 140730913638976 140730913639461 140730913639461 140730913652693 0
Current children cumulated CPU time: 12.63 s
Current children cumulated vsize: 1885912 KiB
Current children cumulated memory: 1613160 KiB

[startup+25.5004 s]
/proc/loadavg: 29.73 29.82 28.64 28/3194 1326528
/proc/meminfo: memFree=462562800/527542264 swapFree=32765888/33554428
[pid=1326507] ppid=1326506 vsize=4248 memory=3040 CPUtime=0 cores=39-44,81-93,95-103,151-156,193-205,207-215
/proc/1326507/stat : 1326507 (bash) S 1326506 1326507 1326405 0 -1 4194304 283 133 0 0 0 0 0 0 20 0 1 0 225420311 4349952 760 117440512000 94654072897536 94654073879453 140731643441968 0 0 0 65536 4 65538 0 0 0 17 39 0 0 0 0 0 94654074112752 94654074160996 94654077456384 140731643444116 140731643444292 140731643444292 140731643457514 0
/proc/1326507/statm: 1062 760 664 240 0 188 0
[pid=1326511] ppid=1326507 vsize=1911324 memory=1679588 CPUtime=25.34 cores=39-44,81-93,95-103,151-156,193-205,207-215
/proc/1326511/stat : 1326511 (kat_xcsp_2ccb88) S 1326507 1326507 1326405 0 -1 1077936128 783835 0 2 0 2405 129 0 0 20 0 3 0 225420312 1957195776 419897 117440512000 23111587168256 23111594964960 140730913631296 0 0 0 0 4096 8406082 0 0 0 17 39 0 0 0 0 0 23111595079040 23111595100240 93824997883904 140730913638976 140730913639461 140730913639461 140730913652693 0
/proc/1326511/statm: 477831 419897 765 1904 0 443459 0
[pid=1326511/tid=1326512] ppid=1326507 vsize=1911324 memory=53101771 CPUtime=25.34 cores=39-44,81-93,95-103,151-156,193-205,207-215
/proc/1326511/task/1326512/stat : 1326512 (kat_xcsp_2ccb88) R 1326507 1326507 1326405 0 -1 4194368 783558 0 0 0 2405 129 0 0 20 0 3 0 225420313 1957195776 419897 117440512000 23111587168256 23111594964960 140730913631296 0 0 0 0 4096 8406082 0 0 0 -1 193 0 0 0 0 0 23111595079040 23111595100240 93824997883904 140730913638976 140730913639461 140730913639461 140730913652693 0
[pid=1326511/tid=1326513] ppid=1326507 vsize=1911324 memory=3040 CPUtime=0 cores=39-44,81-93,95-103,151-156,193-205,207-215
/proc/1326511/task/1326513/stat : 1326513 (kat_xcsp_2ccb88) S 1326507 1326507 1326405 0 -1 1077936192 2 0 0 0 0 0 0 0 20 0 3 0 225420313 1957195776 419897 117440512000 23111587168256 23111594964960 140730913631296 0 0 0 0 4096 8406082 0 0 0 -1 39 0 0 0 0 0 23111595079040 23111595100240 93824997883904 140730913638976 140730913639461 140730913639461 140730913652693 0
Current children cumulated CPU time: 25.34 s
Current children cumulated vsize: 1915572 KiB
Current children cumulated memory: 1682628 KiB

[startup+51.2237 s]
/proc/loadavg: 29.24 29.72 28.64 28/3194 1326606
/proc/meminfo: memFree=460115112/527542264 swapFree=32765888/33554428
[pid=1326507] ppid=1326506 vsize=4248 memory=3040 CPUtime=0 cores=39-44,81-93,95-103,151-156,193-205,207-215
/proc/1326507/stat : 1326507 (bash) S 1326506 1326507 1326405 0 -1 4194304 283 133 0 0 0 0 0 0 20 0 1 0 225420311 4349952 760 117440512000 94654072897536 94654073879453 140731643441968 0 0 0 65536 4 65538 0 0 0 17 39 0 0 0 0 0 94654074112752 94654074160996 94654077456384 140731643444116 140731643444292 140731643444292 140731643457514 0
/proc/1326507/statm: 1062 760 664 240 0 188 0
[pid=1326511] ppid=1326507 vsize=3294928 memory=2914628 CPUtime=50.94 cores=39-44,81-93,95-103,151-156,193-205,207-215
/proc/1326511/stat : 1326511 (kat_xcsp_2ccb88) S 1326507 1326507 1326405 0 -1 1077936128 1327556 0 2 0 4852 242 0 0 20 0 3 0 225420312 3374006272 728657 117440512000 23111587168256 23111594964960 140730913631296 0 0 0 0 4096 8406082 0 0 0 17 39 0 0 0 0 0 23111595079040 23111595100240 93824997883904 140730913638976 140730913639461 140730913639461 140730913652693 0
/proc/1326511/statm: 823732 728657 784 1904 0 793697 0
[pid=1326511/tid=1326512] ppid=1326507 vsize=3294928 memory=8236 CPUtime=50.94 cores=39-44,81-93,95-103,151-156,193-205,207-215
/proc/1326511/task/1326512/stat : 1326512 (kat_xcsp_2ccb88) R 1326507 1326507 1326405 0 -1 4194368 1327277 0 0 0 4852 242 0 0 20 0 3 0 225420313 3374006272 728657 117440512000 23111587168256 23111594964960 140730913631296 0 0 0 0 4096 8406082 0 0 0 -1 193 0 0 0 0 0 23111595079040 23111595100240 93824997883904 140730913638976 140730913639461 140730913639461 140730913652693 0
[pid=1326511/tid=1326513] ppid=1326507 vsize=3294928 memory=3040 CPUtime=0 cores=39-44,81-93,95-103,151-156,193-205,207-215
/proc/1326511/task/1326513/stat : 1326513 (kat_xcsp_2ccb88) S 1326507 1326507 1326405 0 -1 1077936192 2 0 0 0 0 0 0 0 20 0 3 0 225420313 3374006272 728657 117440512000 23111587168256 23111594964960 140730913631296 0 0 0 0 4096 8406082 0 0 0 -1 39 0 0 0 0 0 23111595079040 23111595100240 93824997883904 140730913638976 140730913639461 140730913639461 140730913652693 0
Current children cumulated CPU time: 50.94 s
Current children cumulated vsize: 3299176 KiB
Current children cumulated memory: 2917668 KiB

[startup+102.3 s]
/proc/loadavg: 29.87 29.82 28.73 32/3195 1326643
/proc/meminfo: memFree=457287780/527542264 swapFree=32765888/33554428
[pid=1326507] ppid=1326506 vsize=4248 memory=3040 CPUtime=0 cores=39-44,81-93,95-103,151-156,193-205,207-215
/proc/1326507/stat : 1326507 (bash) S 1326506 1326507 1326405 0 -1 4194304 283 133 0 0 0 0 0 0 20 0 1 0 225420311 4349952 760 117440512000 94654072897536 94654073879453 140731643441968 0 0 0 65536 4 65538 0 0 0 17 39 0 0 0 0 0 94654074112752 94654074160996 94654077456384 140731643444116 140731643444292 140731643444292 140731643457514 0
/proc/1326507/statm: 1062 760 664 240 0 188 0
[pid=1326511] ppid=1326507 vsize=2639824 memory=2284128 CPUtime=101.78 cores=39-44,81-93,95-103,151-156,193-205,207-215
/proc/1326511/stat : 1326511 (kat_xcsp_2ccb88) S 1326507 1326507 1326405 0 -1 1077936128 2435090 0 2 0 9756 422 0 0 20 0 3 0 225420312 2703179776 571032 117440512000 23111587168256 23111594964960 140730913631296 0 0 0 0 4096 8406082 0 0 0 17 39 0 0 0 0 0 23111595079040 23111595100240 93824997883904 140730913638976 140730913639461 140730913639461 140730913652693 0
/proc/1326511/statm: 659956 571032 786 1904 0 633894 0
[pid=1326511/tid=1326512] ppid=1326507 vsize=2639824 memory=12100 CPUtime=101.78 cores=39-44,81-93,95-103,151-156,193-205,207-215
/proc/1326511/task/1326512/stat : 1326512 (kat_xcsp_2ccb88) R 1326507 1326507 1326405 0 -1 4194368 2434811 0 0 0 9756 422 0 0 20 0 3 0 225420313 2703179776 571032 117440512000 23111587168256 23111594964960 140730913631296 0 0 0 0 4096 8406082 0 0 0 -1 193 0 0 0 0 0 23111595079040 23111595100240 93824997883904 140730913638976 140730913639461 140730913639461 140730913652693 0
[pid=1326511/tid=1326513] ppid=1326507 vsize=2639824 memory=5816 CPUtime=0 cores=39-44,81-93,95-103,151-156,193-205,207-215
/proc/1326511/task/1326513/stat : 1326513 (kat_xcsp_2ccb88) S 1326507 1326507 1326405 0 -1 1077936192 2 0 0 0 0 0 0 0 20 0 3 0 225420313 2703179776 571032 117440512000 23111587168256 23111594964960 140730913631296 0 0 0 0 4096 8406082 0 0 0 -1 39 0 0 0 0 0 23111595079040 23111595100240 93824997883904 140730913638976 140730913639461 140730913639461 140730913652693 0
Current children cumulated CPU time: 101.78 s
Current children cumulated vsize: 2644072 KiB
Current children cumulated memory: 2287168 KiB

[startup+162.321 s]
/proc/loadavg: 29.19 29.67 28.74 33/3191 1326646
/proc/meminfo: memFree=454590640/527542264 swapFree=32765888/33554428
[pid=1326507] ppid=1326506 vsize=4248 memory=3040 CPUtime=0 cores=39-44,81-93,95-103,151-156,193-205,207-215
/proc/1326507/stat : 1326507 (bash) S 1326506 1326507 1326405 0 -1 4194304 283 133 0 0 0 0 0 0 20 0 1 0 225420311 4349952 760 117440512000 94654072897536 94654073879453 140731643441968 0 0 0 65536 4 65538 0 0 0 17 39 0 0 0 0 0 94654074112752 94654074160996 94654077456384 140731643444116 140731643444292 140731643444292 140731643457514 0
/proc/1326507/statm: 1062 760 664 240 0 188 0
[pid=1326511] ppid=1326507 vsize=2531348 memory=2227436 CPUtime=161.53 cores=39-44,81-93,95-103,151-156,193-205,207-215
/proc/1326511/stat : 1326511 (kat_xcsp_2ccb88) S 1326507 1326507 1326405 0 -1 1077936128 3327281 0 2 0 15559 594 0 0 20 0 3 0 225420312 2592100352 556859 117440512000 23111587168256 23111594964960 140730913631296 0 0 0 0 4096 8406082 0 0 0 17 39 0 0 0 0 0 23111595079040 23111595100240 93824997883904 140730913638976 140730913639461 140730913639461 140730913652693 0
/proc/1326511/statm: 632837 556859 833 1904 0 606776 0
[pid=1326511/tid=1326512] ppid=1326507 vsize=2531348 memory=2124 CPUtime=161.53 cores=39-44,81-93,95-103,151-156,193-205,207-215
/proc/1326511/task/1326512/stat : 1326512 (kat_xcsp_2ccb88) R 1326507 1326507 1326405 0 -1 4194368 3327002 0 0 0 15559 594 0 0 20 0 3 0 225420313 2592100352 556859 117440512000 23111587168256 23111594964960 140730913631296 0 0 0 0 4096 8406082 0 0 0 -1 193 0 0 0 0 0 23111595079040 23111595100240 93824997883904 140730913638976 140730913639461 140730913639461 140730913652693 0
[pid=1326511/tid=1326513] ppid=1326507 vsize=2531348 memory=3040 CPUtime=0 cores=39-44,81-93,95-103,151-156,193-205,207-215
/proc/1326511/task/1326513/stat : 1326513 (kat_xcsp_2ccb88) S 1326507 1326507 1326405 0 -1 1077936192 2 0 0 0 0 0 0 0 20 0 3 0 225420313 2592100352 556859 117440512000 23111587168256 23111594964960 140730913631296 0 0 0 0 4096 8406082 0 0 0 -1 39 0 0 0 0 0 23111595079040 23111595100240 93824997883904 140730913638976 140730913639461 140730913639461 140730913652693 0
Current children cumulated CPU time: 161.53 s
Current children cumulated vsize: 2535596 KiB
Current children cumulated memory: 2230476 KiB

[startup+222.3 s]
/proc/loadavg: 29.26 29.60 28.78 28/3188 1326650
/proc/meminfo: memFree=450891724/527542264 swapFree=32765888/33554428
[pid=1326507] ppid=1326506 vsize=4248 memory=3040 CPUtime=0 cores=39-44,81-93,95-103,151-156,193-205,207-215
/proc/1326507/stat : 1326507 (bash) S 1326506 1326507 1326405 0 -1 4194304 283 133 0 0 0 0 0 0 20 0 1 0 225420311 4349952 760 117440512000 94654072897536 94654073879453 140731643441968 0 0 0 65536 4 65538 0 0 0 17 39 0 0 0 0 0 94654074112752 94654074160996 94654077456384 140731643444116 140731643444292 140731643444292 140731643457514 0
/proc/1326507/statm: 1062 760 664 240 0 188 0
[pid=1326511] ppid=1326507 vsize=3058688 memory=2513832 CPUtime=221.23 cores=39-44,81-93,95-103,151-156,193-205,207-215
/proc/1326511/stat : 1326511 (kat_xcsp_2ccb88) S 1326507 1326507 1326405 0 -1 1077936128 4526557 0 2 0 21337 786 0 0 20 0 3 0 225420312 3132096512 628458 117440512000 23111587168256 23111594964960 140730913631296 0 0 0 0 4096 8406082 0 0 0 17 39 0 0 0 0 0 23111595079040 23111595100240 93824997883904 140730913638976 140730913639461 140730913639461 140730913652693 0
/proc/1326511/statm: 764672 628458 833 1904 0 741907 0
[pid=1326511/tid=1326512] ppid=1326507 vsize=3058688 memory=3040 CPUtime=221.22 cores=39-44,81-93,95-103,151-156,193-205,207-215
/proc/1326511/task/1326512/stat : 1326512 (kat_xcsp_2ccb88) R 1326507 1326507 1326405 0 -1 4194368 4526278 0 0 0 21337 785 0 0 20 0 3 0 225420313 3132096512 628458 117440512000 23111587168256 23111594964960 140730913631296 0 0 0 0 4096 8406082 0 0 0 -1 81 0 0 0 0 0 23111595079040 23111595100240 93824997883904 140730913638976 140730913639461 140730913639461 140730913652693 0
[pid=1326511/tid=1326513] ppid=1326507 vsize=3058688 memory=3040 CPUtime=0 cores=39-44,81-93,95-103,151-156,193-205,207-215
/proc/1326511/task/1326513/stat : 1326513 (kat_xcsp_2ccb88) S 1326507 1326507 1326405 0 -1 1077936192 2 0 0 0 0 0 0 0 20 0 3 0 225420313 3132096512 628458 117440512000 23111587168256 23111594964960 140730913631296 0 0 0 0 4096 8406082 0 0 0 -1 39 0 0 0 0 0 23111595079040 23111595100240 93824997883904 140730913638976 140730913639461 140730913639461 140730913652693 0
Current children cumulated CPU time: 221.23 s
Current children cumulated vsize: 3062936 KiB
Current children cumulated memory: 2516872 KiB

[startup+282.3 s]
/proc/loadavg: 29.84 29.72 28.87 28/3188 1326653
/proc/meminfo: memFree=448092700/527542264 swapFree=32765888/33554428
[pid=1326507] ppid=1326506 vsize=4248 memory=3040 CPUtime=0 cores=39-44,81-93,95-103,151-156,193-205,207-215
/proc/1326507/stat : 1326507 (bash) S 1326506 1326507 1326405 0 -1 4194304 283 133 0 0 0 0 0 0 20 0 1 0 225420311 4349952 760 117440512000 94654072897536 94654073879453 140731643441968 0 0 0 65536 4 65538 0 0 0 17 39 0 0 0 0 0 94654074112752 94654074160996 94654077456384 140731643444116 140731643444292 140731643444292 140731643457514 0
/proc/1326507/statm: 1062 760 664 240 0 188 0
[pid=1326511] ppid=1326507 vsize=2465256 memory=2039028 CPUtime=280.94 cores=39-44,81-93,95-103,151-156,193-205,207-215
/proc/1326511/stat : 1326511 (kat_xcsp_2ccb88) S 1326507 1326507 1326405 0 -1 1077936128 6227469 0 2 0 27064 1030 0 0 20 0 3 0 225420312 2524422144 509757 117440512000 23111587168256 23111594964960 140730913631296 0 0 0 0 4096 8406082 0 0 0 17 39 0 0 0 0 0 23111595079040 23111595100240 93824997883904 140730913638976 140730913639461 140730913639461 140730913652693 0
/proc/1326511/statm: 616314 509757 833 1904 0 596103 0
[pid=1326511/tid=1326512] ppid=1326507 vsize=2465256 memory=6655300316396806240 CPUtime=280.94 cores=39-44,81-93,95-103,151-156,193-205,207-215
/proc/1326511/task/1326512/stat : 1326512 (kat_xcsp_2ccb88) R 1326507 1326507 1326405 0 -1 4194368 6227190 0 0 0 27065 1029 0 0 20 0 3 0 225420313 2524422144 509757 117440512000 23111587168256 23111594964960 140730913631296 0 0 0 0 4096 8406082 0 0 0 -1 81 0 0 0 0 0 23111595079040 23111595100240 93824997883904 140730913638976 140730913639461 140730913639461 140730913652693 0
[pid=1326511/tid=1326513] ppid=1326507 vsize=2465256 memory=6943526294502006880 CPUtime=0 cores=39-44,81-93,95-103,151-156,193-205,207-215
/proc/1326511/task/1326513/stat : 1326513 (kat_xcsp_2ccb88) S 1326507 1326507 1326405 0 -1 1077936192 2 0 0 0 0 0 0 0 20 0 3 0 225420313 2524422144 509757 117440512000 23111587168256 23111594964960 140730913631296 0 0 0 0 4096 8406082 0 0 0 -1 39 0 0 0 0 0 23111595079040 23111595100240 93824997883904 140730913638976 140730913639461 140730913639461 140730913652693 0
Current children cumulated CPU time: 280.94 s
Current children cumulated vsize: 2469504 KiB
Current children cumulated memory: 2042068 KiB

[startup+342.3 s]
/proc/loadavg: 29.78 29.72 28.93 28/3183 1326665
/proc/meminfo: memFree=445336348/527542264 swapFree=32765888/33554428
[pid=1326507] ppid=1326506 vsize=4248 memory=3040 CPUtime=0 cores=39-44,81-93,95-103,151-156,193-205,207-215
/proc/1326507/stat : 1326507 (bash) S 1326506 1326507 1326405 0 -1 4194304 283 133 0 0 0 0 0 0 20 0 1 0 225420311 4349952 760 117440512000 94654072897536 94654073879453 140731643441968 0 0 0 65536 4 65538 0 0 0 17 39 0 0 0 0 0 94654074112752 94654074160996 94654077456384 140731643444116 140731643444292 140731643444292 140731643457514 0
/proc/1326507/statm: 1062 760 664 240 0 188 0
[pid=1326511] ppid=1326507 vsize=2088788 memory=1902752 CPUtime=340.65 cores=39-44,81-93,95-103,151-156,193-205,207-215
/proc/1326511/stat : 1326511 (kat_xcsp_2ccb88) S 1326507 1326507 1326405 0 -1 1077936128 7737135 0 2 0 32828 1237 0 0 20 0 3 0 225420312 2138918912 475688 117440512000 23111587168256 23111594964960 140730913631296 0 0 0 0 4096 8406082 0 0 0 17 39 0 0 0 0 0 23111595079040 23111595100240 93824997883904 140730913638976 140730913639461 140730913639461 140730913652693 0
/proc/1326511/statm: 522197 475688 341 1904 0 502315 0
[pid=1326511/tid=1326512] ppid=1326507 vsize=2088788 memory=0 CPUtime=340.65 cores=39-44,81-93,95-103,151-156,193-205,207-215
/proc/1326511/task/1326512/stat : 1326512 (kat_xcsp_2ccb88) R 1326507 1326507 1326405 0 -1 4194368 7736856 0 0 0 32828 1237 0 0 20 0 3 0 225420313 2138918912 475688 117440512000 23111587168256 23111594964960 140730913631296 0 0 0 0 4096 8406082 0 0 0 -1 193 0 0 0 0 0 23111595079040 23111595100240 93824997883904 140730913638976 140730913639461 140730913639461 140730913652693 0
[pid=1326511/tid=1326513] ppid=1326507 vsize=2088788 memory=3040 CPUtime=0 cores=39-44,81-93,95-103,151-156,193-205,207-215
/proc/1326511/task/1326513/stat : 1326513 (kat_xcsp_2ccb88) S 1326507 1326507 1326405 0 -1 1077936192 2 0 0 0 0 0 0 0 20 0 3 0 225420313 2138918912 475688 117440512000 23111587168256 23111594964960 140730913631296 0 0 0 0 4096 8406082 0 0 0 -1 39 0 0 0 0 0 23111595079040 23111595100240 93824997883904 140730913638976 140730913639461 140730913639461 140730913652693 0
Current children cumulated CPU time: 340.65 s
Current children cumulated vsize: 2093036 KiB
Current children cumulated memory: 1905792 KiB

[startup+346.181 s]
# the end of solver process 1326507 was just reported to runsolver
# cumulated CPU time of all completed processes:  user=332.007 s, system=12.4848 s

Solver just ended.
??? end of watcher thread
Dumping a history of the last processes samples

[startup+343.6 s]*
/proc/loadavg: 29.87 29.75 28.94 28/3183 1326665
/proc/meminfo: memFree=445310932/527542264 swapFree=32765888/33554428
[pid=1326507] ppid=1326506 vsize=4248 memory=3040 CPUtime=0 cores=39-44,81-93,95-103,151-156,193-205,207-215
/proc/1326507/stat : 1326507 (bash) S 1326506 1326507 1326405 0 -1 4194304 283 133 0 0 0 0 0 0 20 0 1 0 225420311 4349952 760 117440512000 94654072897536 94654073879453 140731643441968 0 0 0 65536 4 65538 0 0 0 17 39 0 0 0 0 0 94654074112752 94654074160996 94654077456384 140731643444116 140731643444292 140731643444292 140731643457514 0
/proc/1326507/statm: 1062 760 664 240 0 188 0
[pid=1326511] ppid=1326507 vsize=2088788 memory=1902752 CPUtime=342.05 cores=39-44,81-93,95-103,151-156,193-205,207-215
/proc/1326511/stat : 1326511 (kat_xcsp_2ccb88) S 1326507 1326507 1326405 0 -1 1077936128 7739687 0 2 0 32967 1238 0 0 20 0 3 0 225420312 2138918912 475688 117440512000 23111587168256 23111594964960 140730913631296 0 0 0 0 4096 8406082 0 0 0 17 39 0 0 0 0 0 23111595079040 23111595100240 93824997883904 140730913638976 140730913639461 140730913639461 140730913652693 0
/proc/1326511/statm: 522197 475688 341 1904 0 502315 0
[pid=1326511/tid=1326512] ppid=1326507 vsize=2088788 memory=-8857617730278882755 CPUtime=342.05 cores=39-44,81-93,95-103,151-156,193-205,207-215
/proc/1326511/task/1326512/stat : 1326512 (kat_xcsp_2ccb88) R 1326507 1326507 1326405 0 -1 4194368 7739408 0 0 0 32968 1237 0 0 20 0 3 0 225420313 2138918912 475688 117440512000 23111587168256 23111594964960 140730913631296 0 0 0 0 4096 8406082 0 0 0 -1 193 0 0 0 0 0 23111595079040 23111595100240 93824997883904 140730913638976 140730913639461 140730913639461 140730913652693 0
[pid=1326511/tid=1326513] ppid=1326507 vsize=2088788 memory=-7003712468125794193 CPUtime=0 cores=39-44,81-93,95-103,151-156,193-205,207-215
/proc/1326511/task/1326513/stat : 1326513 (kat_xcsp_2ccb88) S 1326507 1326507 1326405 0 -1 1077936192 2 0 0 0 0 0 0 0 20 0 3 0 225420313 2138918912 475688 117440512000 23111587168256 23111594964960 140730913631296 0 0 0 0 4096 8406082 0 0 0 -1 39 0 0 0 0 0 23111595079040 23111595100240 93824997883904 140730913638976 140730913639461 140730913639461 140730913652693 0
Current children cumulated CPU time: 342.05 s
Current children cumulated vsize: 2093036 KiB
Current children cumulated memory: 1905792 KiB

[startup+345.4 s]
/proc/loadavg: 29.87 29.75 28.94 28/3183 1326665
/proc/meminfo: memFree=445371480/527542264 swapFree=32765888/33554428
[pid=1326507] ppid=1326506 vsize=4248 memory=3040 CPUtime=0 cores=39-44,81-93,95-103,151-156,193-205,207-215
/proc/1326507/stat : 1326507 (bash) S 1326506 1326507 1326405 0 -1 4194304 283 133 0 0 0 0 0 0 20 0 1 0 225420311 4349952 760 117440512000 94654072897536 94654073879453 140731643441968 0 0 0 65536 4 65538 0 0 0 17 39 0 0 0 0 0 94654074112752 94654074160996 94654077456384 140731643444116 140731643444292 140731643444292 140731643457514 0
/proc/1326507/statm: 1062 760 664 240 0 188 0
[pid=1326511] ppid=1326507 vsize=2088788 memory=1902800 CPUtime=343.73 cores=39-44,81-93,95-103,151-156,193-205,207-215
/proc/1326511/stat : 1326511 (kat_xcsp_2ccb88) S 1326507 1326507 1326405 0 -1 1077936128 7753939 0 10 0 33133 1240 0 0 20 0 3 0 225420312 2138918912 475700 117440512000 23111587168256 23111594964960 140730913631296 0 0 0 0 4096 8406082 0 0 0 17 39 0 0 0 0 0 23111595079040 23111595100240 93824997883904 140730913638976 140730913639461 140730913639461 140730913652693 0
/proc/1326511/statm: 522197 475700 325 1904 0 502315 0
[pid=1326511/tid=1326512] ppid=1326507 vsize=2088788 memory=2424964 CPUtime=343.72 cores=39-44,81-93,95-103,151-156,193-205,207-215
/proc/1326511/task/1326512/stat : 1326512 (kat_xcsp_2ccb88) R 1326507 1326507 1326405 0 -1 4194368 7753660 0 8 0 33133 1239 0 0 20 0 3 0 225420313 2138918912 475700 117440512000 23111587168256 23111594964960 140730913631296 0 0 0 0 4096 8406082 0 0 0 -1 193 0 0 0 0 0 23111595079040 23111595100240 93824997883904 140730913638976 140730913639461 140730913639461 140730913652693 0
[pid=1326511/tid=1326513] ppid=1326507 vsize=2088788 memory=101352 CPUtime=0 cores=39-44,81-93,95-103,151-156,193-205,207-215
/proc/1326511/task/1326513/stat : 1326513 (kat_xcsp_2ccb88) S 1326507 1326507 1326405 0 -1 1077936192 2 0 0 0 0 0 0 0 20 0 3 0 225420313 2138918912 475700 117440512000 23111587168256 23111594964960 140730913631296 0 0 0 0 4096 8406082 0 0 0 -1 39 0 0 0 0 0 23111595079040 23111595100240 93824997883904 140730913638976 140730913639461 140730913639461 140730913652693 0
Current children cumulated CPU time: 343.73 s
Current children cumulated vsize: 2093036 KiB
Current children cumulated memory: 1905840 KiB

[startup+345.8 s]*
/proc/loadavg: 29.87 29.75 28.94 28/3183 1326665
/proc/meminfo: memFree=445500008/527542264 swapFree=32765888/33554428
[pid=1326507] ppid=1326506 vsize=4248 memory=3040 CPUtime=0 cores=39-44,81-93,95-103,151-156,193-205,207-215
/proc/1326507/stat : 1326507 (bash) S 1326506 1326507 1326405 0 -1 4194304 283 133 0 0 0 0 0 0 20 0 1 0 225420311 4349952 760 117440512000 94654072897536 94654073879453 140731643441968 0 0 0 65536 4 65538 0 0 0 17 39 0 0 0 0 0 94654074112752 94654074160996 94654077456384 140731643444116 140731643444292 140731643444292 140731643457514 0
/proc/1326507/statm: 1062 760 664 240 0 188 0
[pid=1326511] ppid=1326507 vsize=2088788 memory=1902964 CPUtime=344.21 cores=39-44,81-93,95-103,151-156,193-205,207-215
/proc/1326511/stat : 1326511 (kat_xcsp_2ccb88) S 1326507 1326507 1326405 0 -1 1077936128 7757151 0 133 0 33181 1240 0 0 20 0 3 0 225420312 2138918912 475741 117440512000 23111587168256 23111594964960 140730913631296 0 0 0 0 4096 8406082 0 0 0 17 39 0 0 0 0 0 23111595079040 23111595100240 93824997883904 140730913638976 140730913639461 140730913639461 140730913652693 0
/proc/1326511/statm: 522197 475741 337 1904 0 502315 0
[pid=1326511/tid=1326512] ppid=1326507 vsize=2088788 memory=-8857617730278882755 CPUtime=344.22 cores=39-44,81-93,95-103,151-156,193-205,207-215
/proc/1326511/task/1326512/stat : 1326512 (kat_xcsp_2ccb88) R 1326507 1326507 1326405 0 -1 4194368 7756877 0 132 0 33182 1240 0 0 20 0 3 0 225420313 2138918912 475741 117440512000 23111587168256 23111594964960 140730913631296 0 0 0 0 4096 8406082 0 0 0 -1 193 0 0 0 0 0 23111595079040 23111595100240 93824997883904 140730913638976 140730913639461 140730913639461 140730913652693 0
[pid=1326511/tid=1326513] ppid=1326507 vsize=2088788 memory=-7003712468125794193 CPUtime=0 cores=39-44,81-93,95-103,151-156,193-205,207-215
/proc/1326511/task/1326513/stat : 1326513 (kat_xcsp_2ccb88) S 1326507 1326507 1326405 0 -1 1077936192 2 0 0 0 0 0 0 0 20 0 3 0 225420313 2138918912 475741 117440512000 23111587168256 23111594964960 140730913631296 0 0 0 0 4096 8406082 0 0 0 -1 39 0 0 0 0 0 23111595079040 23111595100240 93824997883904 140730913638976 140730913639461 140730913639461 140730913652693 0
Current children cumulated CPU time: 344.21 s
Current children cumulated vsize: 2093036 KiB
Current children cumulated memory: 1906004 KiB

[startup+346.1 s]
/proc/loadavg: 29.87 29.75 28.94 28/3183 1326665
/proc/meminfo: memFree=445500008/527542264 swapFree=32765888/33554428
[pid=1326507] ppid=1326506 vsize=4248 memory=3040 CPUtime=0 cores=39-44,81-93,95-103,151-156,193-205,207-215
/proc/1326507/stat : 1326507 (bash) S 1326506 1326507 1326405 0 -1 4194304 283 133 0 0 0 0 0 0 20 0 1 0 225420311 4349952 760 117440512000 94654072897536 94654073879453 140731643441968 0 0 0 65536 4 65538 0 0 0 17 39 0 0 0 0 0 94654074112752 94654074160996 94654077456384 140731643444116 140731643444292 140731643444292 140731643457514 0
/proc/1326507/statm: 1062 760 664 240 0 188 0
[pid=1326511] ppid=1326507 vsize=1631260 memory=1484368 CPUtime=344.41 cores=39-44,81-93,95-103,151-156,193-205,207-215
/proc/1326511/stat : 1326511 (kat_xcsp_2ccb88) S 1326507 1326507 1326405 0 -1 1077936128 7758029 0 135 0 33200 1241 0 0 20 0 3 0 225420312 1670410240 371092 117440512000 23111587168256 23111594964960 140730913631296 0 0 0 0 4096 8406082 0 0 0 17 39 0 0 0 0 0 23111595079040 23111595100240 93824997883904 140730913638976 140730913639461 140730913639461 140730913652693 0
/proc/1326511/statm: 407815 371092 342 1904 0 387933 0
[pid=1326511/tid=1326512] ppid=1326507 vsize=1631260 memory=6788 CPUtime=344.4 cores=39-44,81-93,95-103,151-156,193-205,207-215
/proc/1326511/task/1326512/stat : 1326512 (kat_xcsp_2ccb88) R 1326507 1326507 1326405 0 -1 4194368 7757750 0 133 0 33200 1240 0 0 20 0 3 0 225420313 1670410240 371092 117440512000 23111587168256 23111594964960 140730913631296 0 0 0 0 4096 8406082 0 0 0 -1 193 0 0 0 0 0 23111595079040 23111595100240 93824997883904 140730913638976 140730913639461 140730913639461 140730913652693 0
[pid=1326511/tid=1326513] ppid=1326507 vsize=1631260 memory=3068 CPUtime=0 cores=39-44,81-93,95-103,151-156,193-205,207-215
/proc/1326511/task/1326513/stat : 1326513 (kat_xcsp_2ccb88) S 1326507 1326507 1326405 0 -1 1077936192 2 0 0 0 0 0 0 0 20 0 3 0 225420313 1670410240 371092 117440512000 23111587168256 23111594964960 140730913631296 0 0 0 0 4096 8406082 0 0 0 -1 39 0 0 0 0 0 23111595079040 23111595100240 93824997883904 140730913638976 140730913639461 140730913639461 140730913652693 0
Current children cumulated CPU time: 344.41 s
Current children cumulated vsize: 1635508 KiB
Current children cumulated memory: 1487408 KiB

Child status: 0
Real time (s): 346.181
CPU time (s): 344.492
CPU user time (s): 332.007
CPU system time (s): 12.4848
CPU usage (%): 99.512
Max. virtual memory (cumulated for all children) (KiB): 3937000
Max. memory (cumulated for all children) (KiB): 3554724

getrusage(RUSAGE_CHILDREN,...) data:
user time used= 332.007
system time used= 12.4848
maximum resident set size= 3551684
integral shared memory size= 0
integral unshared data size= 0
integral unshared stack size= 0
page reclaims= 7758545
page faults= 177
swaps= 0
block input operations= 19552
block output operations= 224
messages sent= 0
messages received= 0
signals received= 0
voluntary context switches= 310
involuntary context switches= 687


# summary of solver processes directly reported to runsolver:
#   pid: 1326507
#   total CPU time (s): 344.492
#   total CPU user time (s): 332.007
#   total CPU system time (s): 12.4848

??? end of timestamper thread
runsolver used 8.32902 second user time and 30.7164 second system time

The end
