# WCTIME: wall clock time in seconds
WCTIME=26.4283
# CPUTIME: CPU time in seconds (USERTIME+SYSTEMTIME)
CPUTIME=26.2749
# USERTIME: CPU time spent in user mode in seconds
USERTIME=26.2222
# SYSTEMTIME: CPU time spent in system mode in seconds
SYSTEMTIME=0.05262
# CPUUSAGE: CPUTIME/WCTIME in percent
CPUUSAGE=99.4192
# MAXVM: maximum virtual memory used in KiB
MAXVM=216212
# MAXMM: maximum memory used in KiB
MAXMM=31948
# MAXRSS: maximum Resident Segment Size in KiB
MAXRSS=34104
# TIMEOUT: did the solver exceed the time limit?
TIMEOUT=false
# MEMOUT: did the solver exceed the memory limit?
MEMOUT=false
# EXITSTATUS: Exit status of the solver
EXITSTATUS=0
