c cmd: /host-parser-bin/kat_xcsp_f2b89728-dirty-mznfull10609-1200-20260620 /bench/2020/pentominoes/pentominoes-int.mzn --data /bench/2020/pentominoes/07.dzn --encoder portfolio --portfolio-strategy v3 --cop-pipeline guarded-basic --cop-objective-cut direct-expr --cop-objective-cut-timing incremental-soft --cop-objective-cut-backend cnf --table-encoding mdd-tl --cumulative-mode exact --cumulative-decomposition time-rd --progress --log-scop-linear-pb-backend auto --log-scop-bdd-decomposition auto --log-scop-aggregate-weighted-lits --order-ge-shorten-link-cost --direct-eq-ne-max-arity 2 --eq-ne-encoding direct --portfolio-log-scop-eq-ne-encoding ge-rewrite --cop-objective-phase auto --cop-objective-search trisection --cop-objective-search-fallback-budget 180 --root-lp-bound --root-lp-backend lpo --root-lp-time-limit-secs 60 --ignore-parse-error
c version: kat-cli=0.1.0 git=unknown-clean
c run_start_local: 2026-06-20 21:59:35 +0900
c 00h00m00s | solve:start
c 00h00m00s | input: constraints=76
c 00h00m00s | stage:propagate:start
c 00h00m00s | stage:propagate:done ms=24 pruned=112 changed_domains=64 entailed_tables=0
c 00h00m00s | memory:rss checkpoint=after_propagate bytes=21602304 rss=20.60MiB
c 00h00m00s | stage:normalize:start
c 00h00m00s | stage:normalize:done ms=0 high_constraints=76
c 00h00m00s | stage:lower:start
c 00h00m00s | stage:lower:progress percent=10 processed=8 total=76 lowered=8 unsupported=0 ms=0
c 00h00m00s | stage:lower:progress percent=20 processed=16 total=76 lowered=16 unsupported=0 ms=0
c 00h00m00s | stage:lower:progress percent=30 processed=23 total=76 lowered=23 unsupported=0 ms=0
c 00h00m00s | stage:lower:progress percent=40 processed=31 total=76 lowered=31 unsupported=0 ms=0
c 00h00m00s | stage:lower:progress percent=50 processed=38 total=76 lowered=38 unsupported=0 ms=0
c 00h00m00s | stage:lower:progress percent=60 processed=46 total=76 lowered=46 unsupported=0 ms=0
c 00h00m00s | stage:lower:progress percent=70 processed=54 total=76 lowered=54 unsupported=0 ms=0
c 00h00m00s | stage:lower:progress percent=80 processed=61 total=76 lowered=61 unsupported=0 ms=0
c 00h00m00s | stage:lower:progress percent=90 processed=69 total=76 lowered=69 unsupported=0 ms=42
c 00h00m00s | stage:lower:progress percent=100 processed=76 total=76 lowered=76 unsupported=0 ms=83
c 00h00m00s | stage:lower:done ms=83 lowered=76 unsupported=0
c 00h00m00s | memory:rss checkpoint=after_lower bytes=22683648 rss=21.63MiB
c 00h00m00s | stage:post_lower:start
c 00h00m00s | stage:post_lower:done ms=0 rounds=0 tightened=0 removed_cls=64 removed_lits=0 unsat=false precise_hits=0 precise_rounds=1 pivot_recomputes=0 pivot_exact_attempts=0 pivot_general_attempts=0 pivot_general_rest_missing=0 pivot_general_bound_missing=0 pivot_general_no_change=0 pivot_general_tightened=0 setup_ms=0 loop_ms=0 pivot_ms=0 pivot_version_ms=0 pivot_exact_ms=0 pivot_general_ms=0 pivot_general_prepare_ms=0 pivot_general_rest_ms=0 pivot_general_derive_ms=0 apply_ms=0 sat_ms=0 precise_ms=0
c 00h00m00s | memory:rss checkpoint=after_post_lower bytes=22683648 rss=21.63MiB
c 00h00m00s | memory:rss checkpoint=before_preencode bytes=22683648 rss=21.63MiB
c 00h00m00s | stage:preencode(order-ge):start
c 00h00m00s | stage:preencode(order-ge):done ms=0 int_vars=844
c 00h00m00s | memory:rss checkpoint=after_preencode bytes=22953984 rss=21.89MiB
c 00h00m00s | memory:rss checkpoint=before_encode bytes=22953984 rss=21.89MiB
c 00h00m00s | stage:encode(order-ge):start
c 00h00m00s | memory:rss checkpoint=encode_clause_sample stage=order-ge clauses=38187 bytes=25116672 rss=23.95MiB progress_percent=10 processed=77 total=768
c 00h00m00s | stage:encode(order-ge):progress percent=10 processed=77 total=768 sat_clauses=38187 ms=43
c 00h00m00s | memory:rss checkpoint=encode_clause_sample stage=order-ge clauses=63629 bytes=27009024 rss=25.76MiB progress_percent=20 processed=154 total=768
c 00h00m00s | stage:encode(order-ge):progress percent=20 processed=154 total=768 sat_clauses=63629 ms=84
c 00h00m00s | memory:rss checkpoint=encode_clause_sample stage=order-ge clauses=94134 bytes=41607168 rss=39.68MiB progress_percent=30 processed=231 total=768
c 00h00m00s | stage:encode(order-ge):progress percent=30 processed=231 total=768 sat_clauses=94134 ms=150
c 00h00m00s | memory:rss checkpoint=encode_clause_sample stage=order-ge clauses=121752 bytes=42958848 rss=40.97MiB progress_percent=40 processed=308 total=768
c 00h00m00s | stage:encode(order-ge):progress percent=40 processed=308 total=768 sat_clauses=121752 ms=191
c 00h00m00s | memory:rss checkpoint=encode_clause_sample stage=order-ge clauses=124390 bytes=43229184 rss=41.23MiB progress_percent=50 processed=384 total=768
c 00h00m00s | stage:encode(order-ge):progress percent=50 processed=384 total=768 sat_clauses=124390 ms=195
c 00h00m00s | memory:rss checkpoint=encode_clause_sample stage=order-ge clauses=146802 bytes=56676352 rss=54.05MiB progress_percent=60 processed=461 total=768
c 00h00m00s | stage:encode(order-ge):progress percent=60 processed=461 total=768 sat_clauses=146802 ms=253
c 00h00m00s | memory:rss checkpoint=encode_clause_sample stage=order-ge clauses=176014 bytes=58028032 rss=55.34MiB progress_percent=70 processed=538 total=768
c 00h00m00s | stage:encode(order-ge):progress percent=70 processed=538 total=768 sat_clauses=176014 ms=297
c 00h00m00s | memory:rss checkpoint=encode_clause_sample stage=order-ge clauses=203557 bytes=66408448 rss=63.33MiB progress_percent=80 processed=615 total=768
c 00h00m00s | stage:encode(order-ge):progress percent=80 processed=615 total=768 sat_clauses=203557 ms=357
c 00h00m00s | memory:rss checkpoint=encode_clause_sample stage=order-ge clauses=210817 bytes=66949120 rss=63.85MiB progress_percent=90 processed=692 total=768
c 00h00m00s | stage:encode(order-ge):progress percent=90 processed=692 total=768 sat_clauses=210817 ms=376
c 00h00m00s | memory:rss checkpoint=encode_clause_sample stage=order-ge clauses=218098 bytes=68030464 rss=64.88MiB progress_percent=100 processed=768 total=768
c 00h00m00s | stage:encode(order-ge):progress percent=100 processed=768 total=768 sat_clauses=218098 ms=405
c 00h00m00s | stage:encode(order-ge):done ms=415 sat_vars=55197 sat_clauses=218098 ext_ge_specs=0 relaxed_circuits=0
c 00h00m00s | stage:sat:init solver=CaDiCaL vars=55197 clauses=218098
c 00h00m00s | stage:sat:solve:start assumptions=0 phase_lits=0
c 00h05m27s | stage:sat:solve:done ms=327050 result=Sat assumptions=0 phase_lits=0
c 00h05m27s | stage:decode:start
c 00h05m27s | stage:decode:done int_assignments=64
c 00h05m27s | result:Sat
s SATISFIABLE
v <instantiation>
v   <list> board[1] board[2] board[3] board[4] board[5] board[6] board[7] board[8] board[9] board[10] board[11] board[12] board[13] board[14] board[15] board[16] board[17] board[18] board[19] board[20] board[21] board[22] board[23] board[24] board[25] board[26] board[27] board[28] board[29] board[30] board[31] board[32] board[33] board[34] board[35] board[36] board[37] board[38] board[39] board[40] board[41] board[42] board[43] board[44] board[45] board[46] board[47] board[48] board[49] board[50] board[51] board[52] board[53] board[54] board[55] board[56] board[57] board[58] board[59] board[60] board[61] board[62] board[63] board[64] </list>
v   <values> 8 8 12 12 12 10 10 11 2 2 6 6 6 6 6 13 3 8 8 8 12 10 11 11 11 2 2 4 7 7 9 13 3 3 3 5 12 10 10 11 1 2 4 4 7 9 9 13 3 5 5 5 5 1 1 1 1 4 4 7 7 9 9 13 </values>
v </instantiation>
d OPTIMAL 0
d SOURCE_CONSTRAINTS 76
d NORMALIZED_CONSTRAINTS 76
d LOWERED_CONSTRAINTS 76
d UNSUPPORTED_CONSTRAINTS 0
d CSP_INT_VARS 64
d CSP_CONSTRAINTS 76
d CSP_INTENTIONAL 64
d CSP_GLOBAL 12
d CSP_EXTENSIONAL 0
d CSP_ALLDIFF 0
d CSP_CUMULATIVE 0
d CSP_TABLE 0
d CSP_DOMAIN_SPAN_MEDIAN 12
d CSP_DOMAIN_SPAN_MAX 12
d N_CUMULATIVE 0
d N_TABLE 0
d CIRCUIT_CEGAR_FAILURES 0
d CIRCUIT_CEGAR_ROUNDS 0
d CIRCUIT_CEGAR_ADDED_CLAUSES 0
d CUMULATIVE_CEGAR_FAILURES 0
d CUMULATIVE_CEGAR_ROUNDS 0
d CUMULATIVE_CEGAR_ADDED_CLAUSES 0
d COP_CEGAR_FAILURES 0
d COP_CEGAR_ROUNDS 0
d COP_CEGAR_ADDED_CLAUSES 0
d OBJECTIVE_CUT_EAGER_CLAUSES_ADDED 0
d OBJECTIVE_RELAXATION_CLAUSES_ADDED 0
d OBJECTIVE_ROUNDS 0
d OBJECTIVE_IMPROVEMENTS 0
d PROPAGATE_MS 24
d NORMALIZE_MS 0
d LOWER_MS 83
d POST_LOWER_MS 0
d PREENCODE_MS 0
d ENCODE_MS 415
d SAT_SOLVE_MS 327050
d TOTAL_MS 327575
d SAT_VARS 55197
d SAT_CLAUSES_BASE 218098
d SAT_CLAUSES_FINAL 218098
d SAT_CLAUSES_CEGAR_DELTA 0
d CSP_INT_VARS 64
d CSP_CONSTRAINTS 76
d CSP_INTENTIONAL 64
d CSP_GLOBAL 12
d CSP_EXTENSIONAL 0
d CSP_ALLDIFF 0
d CSP_CUMULATIVE 0
d CSP_TABLE 0
d CSP_DOMAIN_SPAN_MEDIAN 12
d CSP_DOMAIN_SPAN_MAX 12
d N_CUMULATIVE 0
d N_TABLE 0
d SAT_CONFLICTS 984719
d PORTFOLIO_CHOICE order-ge/direct-order
d PORTFOLIO_STRATEGY v2
d PORTFOLIO_REASON v2-structured-direct
d PORTFOLIO_STRUCTURED_ATOMS 768
d PORTFOLIO_TABLE_ATOMS 768
d PORTFOLIO_ALLDIFF_ATOMS 0
d PORTFOLIO_CIRCUIT_ATOMS 0
d PORTFOLIO_MAX_LINEAR_DOMAIN_PRODUCT 1
d LINEAR_INT_EQ_ARITY_STATS {"1":{"count":4,"max_domain_product_excluding_one_var":"1","p95_domain_product_excluding_one_var":"1"}}
d LINEAR_INT_NE_ARITY_STATS {"1":{"count":60,"max_domain_product_excluding_one_var":"1","p95_domain_product_excluding_one_var":"1"}}
d LINEAR_INT_GE_ARITY_STATS {}
d LINEAR_BOOL_MIXED_ARITY_STATS {}
d ORDER_GE_EXTERNAL_GE_STATS {"count":0,"terms":0,"bound_mass":0,"surface":0,"max_arity":0,"max_bound_mass":0,"max_surface":0,"arity_hist":{},"bound_mass_hist":{},"average_bound_mass_hist":{},"max_term_bound_mass_hist":{}}
d ORDER_GE_EXTERNAL_GE_SHORTEN_STATS {"shortened_constraints":0,"original_terms":0,"original_bound_mass":0,"original_surface":0,"result_terms":0,"linked_chunks":0,"singleton_chunks":0,"estimated_link_ge_atoms":0}
d PROPAGATE_PRUNED_VALUES 112
d PROPAGATE_CHANGED_DOMAINS 64
d PROPAGATE_ENTAILED_TABLES 0
d POST_LOWER_ROUNDS 0
d POST_LOWER_TIGHTENED_DOMAINS 0
d POST_LOWER_REMOVED_CLAUSES 64
d POST_LOWER_REMOVED_LITS 0
d POST_LOWER_DETECTED_UNSAT 0
d PREENCODE_INT_VARS 844
d ENCODE_EXTERNAL_GE_SPECS 0
d ENCODE_RELAXED_CIRCUITS 0
d MEMORY_RSS_BYTES 68030464
d MEMORY_RSS_AFTER_PROPAGATE_BYTES 21602304
d MEMORY_RSS_AFTER_LOWER_BYTES 22683648
d MEMORY_RSS_AFTER_POST_LOWER_BYTES 22683648
d MEMORY_RSS_BEFORE_PREENCODE_BYTES 22683648
d MEMORY_RSS_AFTER_PREENCODE_BYTES 22953984
d MEMORY_RSS_BEFORE_ENCODE_BYTES 22953984
d MEMORY_RSS_ENCODE_SAMPLE_INTERVAL_CLAUSES 1000000
d MEMORY_RSS_ENCODE_SAMPLE_COUNT 10
d MEMORY_RSS_ENCODE_LAST_SAMPLE_CLAUSE 218098
d MEMORY_RSS_ENCODE_LAST_SAMPLE_BYTES 68030464
d MEMORY_RSS_ENCODE_MAX_SAMPLE_BYTES 68030464
d DECODE_INT_ASSIGNMENTS 64
d CSV /bench/2020/pentominoes/pentominoes-int.mzn,sat,76,76,76,0,55197,218098,327575,24,0,83,0,415,327050,,,,,,,,,,,,,,,,
c run_end_local: 2026-06-20 22:05:03 +0900
