# WCTIME: wall clock time in seconds
WCTIME=1800.18
# CPUTIME: CPU time in seconds (USERTIME+SYSTEMTIME)
CPUTIME=1791.69
# USERTIME: CPU time spent in user mode in seconds
USERTIME=1775.46
# SYSTEMTIME: CPU time spent in system mode in seconds
SYSTEMTIME=16.2229
# CPUUSAGE: CPUTIME/WCTIME in percent
CPUUSAGE=99.528
# MAXVM: maximum virtual memory used in KiB
MAXVM=7806416
# MAXMM: maximum memory used in KiB
MAXMM=6772180
# MAXRSS: maximum Resident Segment Size in KiB
MAXRSS=6769236
# TIMEOUT: did the solver exceed the time limit?
TIMEOUT=true
# MEMOUT: did the solver exceed the memory limit?
MEMOUT=false
# EXITSTATUS: Exit status of the solver
EXITSTATUS=36608
