# WCTIME: wall clock time in seconds
WCTIME=1800.05
# CPUTIME: CPU time in seconds (USERTIME+SYSTEMTIME)
CPUTIME=1793.17
# USERTIME: CPU time spent in user mode in seconds
USERTIME=1787.02
# SYSTEMTIME: CPU time spent in system mode in seconds
SYSTEMTIME=6.14892
# CPUUSAGE: CPUTIME/WCTIME in percent
CPUUSAGE=99.618
# MAXVM: maximum virtual memory used in KiB
MAXVM=2613964
# MAXMM: maximum memory used in KiB
MAXMM=2368540
# MAXRSS: maximum Resident Segment Size in KiB
MAXRSS=2365644
# TIMEOUT: did the solver exceed the time limit?
TIMEOUT=true
# MEMOUT: did the solver exceed the memory limit?
MEMOUT=false
# EXITSTATUS: Exit status of the solver
EXITSTATUS=36608
