# WCTIME: wall clock time in seconds
WCTIME=739.297
# CPUTIME: CPU time in seconds (USERTIME+SYSTEMTIME)
CPUTIME=735.414
# USERTIME: CPU time spent in user mode in seconds
USERTIME=723.023
# SYSTEMTIME: CPU time spent in system mode in seconds
SYSTEMTIME=12.3912
# CPUUSAGE: CPUTIME/WCTIME in percent
CPUUSAGE=99.4747
# MAXVM: maximum virtual memory used in KiB
MAXVM=4576340
# MAXMM: maximum memory used in KiB
MAXMM=4258968
# MAXRSS: maximum Resident Segment Size in KiB
MAXRSS=4257348
# TIMEOUT: did the solver exceed the time limit?
TIMEOUT=false
# MEMOUT: did the solver exceed the memory limit?
MEMOUT=false
# EXITSTATUS: Exit status of the solver
EXITSTATUS=0
