# WCTIME: wall clock time in seconds
WCTIME=1.98372
# CPUTIME: CPU time in seconds (USERTIME+SYSTEMTIME)
CPUTIME=1.92865
# USERTIME: CPU time spent in user mode in seconds
USERTIME=1.88613
# SYSTEMTIME: CPU time spent in system mode in seconds
SYSTEMTIME=0.042521
# CPUUSAGE: CPUTIME/WCTIME in percent
CPUUSAGE=97.2242
# MAXVM: maximum virtual memory used in KiB
MAXVM=216616
# MAXMM: maximum memory used in KiB
MAXMM=35692
# MAXRSS: maximum Resident Segment Size in KiB
MAXRSS=32684
# TIMEOUT: did the solver exceed the time limit?
TIMEOUT=false
# MEMOUT: did the solver exceed the memory limit?
MEMOUT=false
# EXITSTATUS: Exit status of the solver
EXITSTATUS=0
