# WCTIME: wall clock time in seconds
WCTIME=1158.27
# CPUTIME: CPU time in seconds (USERTIME+SYSTEMTIME)
CPUTIME=1152.79
# USERTIME: CPU time spent in user mode in seconds
USERTIME=1089.66
# SYSTEMTIME: CPU time spent in system mode in seconds
SYSTEMTIME=63.1274
# CPUUSAGE: CPUTIME/WCTIME in percent
CPUUSAGE=99.5266
# MAXVM: maximum virtual memory used in KiB
MAXVM=18812680
# MAXMM: maximum memory used in KiB
MAXMM=16984028
# MAXRSS: maximum Resident Segment Size in KiB
MAXRSS=16980944
# TIMEOUT: did the solver exceed the time limit?
TIMEOUT=false
# MEMOUT: did the solver exceed the memory limit?
MEMOUT=false
# EXITSTATUS: Exit status of the solver
EXITSTATUS=0
