# WCTIME: wall clock time in seconds
WCTIME=138.947
# CPUTIME: CPU time in seconds (USERTIME+SYSTEMTIME)
CPUTIME=138.182
# USERTIME: CPU time spent in user mode in seconds
USERTIME=135.326
# SYSTEMTIME: CPU time spent in system mode in seconds
SYSTEMTIME=2.85647
# CPUUSAGE: CPUTIME/WCTIME in percent
CPUUSAGE=99.4496
# MAXVM: maximum virtual memory used in KiB
MAXVM=4386204
# MAXMM: maximum memory used in KiB
MAXMM=3763984
# MAXRSS: maximum Resident Segment Size in KiB
MAXRSS=3811768
# TIMEOUT: did the solver exceed the time limit?
TIMEOUT=false
# MEMOUT: did the solver exceed the memory limit?
MEMOUT=false
# EXITSTATUS: Exit status of the solver
EXITSTATUS=0
