# WCTIME: wall clock time in seconds
WCTIME=395.161
# CPUTIME: CPU time in seconds (USERTIME+SYSTEMTIME)
CPUTIME=347.893
# USERTIME: CPU time spent in user mode in seconds
USERTIME=282.125
# SYSTEMTIME: CPU time spent in system mode in seconds
SYSTEMTIME=65.7678
# CPUUSAGE: CPUTIME/WCTIME in percent
CPUUSAGE=88.0382
# MAXVM: maximum virtual memory used in KiB
MAXVM=134487020
# MAXMM: maximum memory used in KiB
MAXMM=124600060
# MAXRSS: maximum Resident Segment Size in KiB
MAXRSS=109805564
# TIMEOUT: did the solver exceed the time limit?
TIMEOUT=false
# MEMOUT: did the solver exceed the memory limit?
MEMOUT=false
# EXITSTATUS: Exit status of the solver
EXITSTATUS=35072
