# WCTIME: wall clock time in seconds
WCTIME=1800.32
# CPUTIME: CPU time in seconds (USERTIME+SYSTEMTIME)
CPUTIME=1792.26
# USERTIME: CPU time spent in user mode in seconds
USERTIME=1752.16
# SYSTEMTIME: CPU time spent in system mode in seconds
SYSTEMTIME=40.1056
# CPUUSAGE: CPUTIME/WCTIME in percent
CPUUSAGE=99.5523
# MAXVM: maximum virtual memory used in KiB
MAXVM=20753120
# MAXMM: maximum memory used in KiB
MAXMM=18916460
# MAXRSS: maximum Resident Segment Size in KiB
MAXRSS=18913372
# TIMEOUT: did the solver exceed the time limit?
TIMEOUT=true
# MEMOUT: did the solver exceed the memory limit?
MEMOUT=false
# EXITSTATUS: Exit status of the solver
EXITSTATUS=36608
