# WCTIME: wall clock time in seconds
WCTIME=1239.62
# CPUTIME: CPU time in seconds (USERTIME+SYSTEMTIME)
CPUTIME=1234.18
# USERTIME: CPU time spent in user mode in seconds
USERTIME=1233.53
# SYSTEMTIME: CPU time spent in system mode in seconds
SYSTEMTIME=0.657611
# CPUUSAGE: CPUTIME/WCTIME in percent
CPUUSAGE=99.5618
# MAXVM: maximum virtual memory used in KiB
MAXVM=793456
# MAXMM: maximum memory used in KiB
MAXMM=574052
# MAXRSS: maximum Resident Segment Size in KiB
MAXRSS=571028
# TIMEOUT: did the solver exceed the time limit?
TIMEOUT=false
# MEMOUT: did the solver exceed the memory limit?
MEMOUT=false
# EXITSTATUS: Exit status of the solver
EXITSTATUS=0
