# WCTIME: wall clock time in seconds
WCTIME=1800.11
# CPUTIME: CPU time in seconds (USERTIME+SYSTEMTIME)
CPUTIME=1793.02
# USERTIME: CPU time spent in user mode in seconds
USERTIME=1792.52
# SYSTEMTIME: CPU time spent in system mode in seconds
SYSTEMTIME=0.504139
# CPUUSAGE: CPUTIME/WCTIME in percent
CPUUSAGE=99.6062
# MAXVM: maximum virtual memory used in KiB
MAXVM=344196
# MAXMM: maximum memory used in KiB
MAXMM=192604
# MAXRSS: maximum Resident Segment Size in KiB
MAXRSS=189544
# TIMEOUT: did the solver exceed the time limit?
TIMEOUT=true
# MEMOUT: did the solver exceed the memory limit?
MEMOUT=false
# EXITSTATUS: Exit status of the solver
EXITSTATUS=36608
