MiniZinc to FlatZinc converter, version 2.9.3, build 1832600886
Copyright (C) 2014-2025 Monash University, NICTA, Data61
Parsing file(s) /bench/2011/grid-colouring/GridColoring.mzn', '/bench/2011/grid-colouring/10_10.dzn' ...
processing file '/usr/local/share/minizinc/std/stdlib.mzn'
processing file '/usr/local/share/minizinc/std/stdlib/stdlib_internal.mzn'
processing file '/usr/local/share/minizinc/std/output.mzn'
processing file '/usr/local/share/minizinc/std/output/array2d_bool.mzn'
processing file '/usr/local/share/minizinc/std/output/gantt.mzn'
processing file '/usr/local/share/minizinc/std/stdlib/stdlib_random.mzn'
processing file '/usr/local/share/minizinc/std/stdlib/stdlib_debug.mzn'
processing file '/usr/local/share/minizinc/std/stdlib/stdlib_reflect.mzn'
processing file '/usr/local/share/minizinc/std/stdlib/stdlib_ite.mzn'
processing file '/usr/local/share/minizinc/std/stdlib/stdlib_language.mzn'
processing file '/usr/local/share/minizinc/std/stdlib/stdlib_sort.mzn'
processing file '/usr/local/share/minizinc/std/stdlib/stdlib_opt.mzn'
processing file '/usr/local/share/minizinc/std/stdlib/stdlib_ann.mzn'
processing file '/usr/local/share/minizinc/std/stdlib/stdlib_enum.mzn'
processing file '/usr/local/share/minizinc/std/stdlib/stdlib_string.mzn'
processing file '/usr/local/share/minizinc/std/stdlib/stdlib_set.mzn'
processing file '/usr/local/share/minizinc/std/stdlib/stdlib_logic.mzn'
processing file '/usr/local/share/minizinc/std/stdlib/stdlib_array.mzn'
processing file '/usr/local/share/minizinc/std/stdlib/stdlib_coercion.mzn'
processing file '/usr/local/share/minizinc/std/stdlib/stdlib_math.mzn'
processing file '/usr/local/share/minizinc/std/stdlib/stdlib_compare.mzn'
processing file '/usr/local/share/minizinc/std/flatzinc_builtins.mzn'
processing file '/usr/local/share/minizinc/std/solver_redefinitions.mzn'
processing file '/usr/local/share/minizinc/std/table.mzn'
processing file '/usr/local/share/minizinc/std/fzn_table_int_opt.mzn'
processing file '/usr/local/share/minizinc/std/fzn_table_int_reif.mzn'
processing file '/entry_data/mzn-lib/fzn_table_int.mzn'
processing file '/usr/local/share/minizinc/std/fzn_table_bool_reif.mzn'
processing file '/entry_data/mzn-lib/fzn_table_bool.mzn'
processing file '/usr/local/share/minizinc/std/fzn_array_set_intersect.mzn'
processing file '/usr/local/share/minizinc/std/fzn_array_set_union.mzn'
processing file '/usr/local/share/minizinc/std/fzn_array_opt_int_union.mzn'
processing file '/usr/local/share/minizinc/std/fzn_array_int_union.mzn'
processing file '/usr/local/share/minizinc/std/lex_lesseq.mzn'
processing file '/usr/local/share/minizinc/std/fzn_lex_lesseq_set_reif.mzn'
processing file '/usr/local/share/minizinc/std/fzn_lex_lesseq_set.mzn'
processing file '/usr/local/share/minizinc/std/fzn_lex_lesseq_int_reif.mzn'
processing file '/entry_data/mzn-lib/fzn_lex_lesseq_int.mzn'
processing file '/usr/local/share/minizinc/std/fzn_lex_lesseq_float_reif.mzn'
processing file '/usr/local/share/minizinc/std/fzn_lex_lesseq_float.mzn'
processing file '/usr/local/share/minizinc/std/fzn_lex_lesseq_bool_reif.mzn'
processing file '/entry_data/mzn-lib/fzn_lex_lesseq_bool.mzn'
processing file '/usr/local/share/minizinc/std/lex_less.mzn'
processing file '/usr/local/share/minizinc/std/fzn_lex_less_set_reif.mzn'
processing file '/usr/local/share/minizinc/std/fzn_lex_less_set.mzn'
processing file '/usr/local/share/minizinc/std/fzn_lex_less_int_reif.mzn'
processing file '/entry_data/mzn-lib/fzn_lex_less_int.mzn'
processing file '/usr/local/share/minizinc/std/fzn_lex_less_float_reif.mzn'
processing file '/usr/local/share/minizinc/std/fzn_lex_less_float.mzn'
processing file '/usr/local/share/minizinc/std/fzn_lex_less_bool_reif.mzn'
processing file '/entry_data/mzn-lib/fzn_lex_less_bool.mzn'
processing file '/usr/local/share/minizinc/std/fzn_if_then_else_partiality.mzn'
processing file '/usr/local/share/minizinc/std/fzn_if_then_else_var_set.mzn'
processing file '/usr/local/share/minizinc/std/fzn_if_then_else_set.mzn'
processing file '/usr/local/share/minizinc/std/fzn_if_then_else_var_opt_float.mzn'
processing file '/usr/local/share/minizinc/std/fzn_if_then_else_var_float.mzn'
processing file '/usr/local/share/minizinc/std/fzn_if_then_else_opt_float.mzn'
processing file '/usr/local/share/minizinc/std/fzn_if_then_else_float.mzn'
processing file '/usr/local/share/minizinc/std/fzn_if_then_else_var_opt_bool.mzn'
processing file '/usr/local/share/minizinc/std/fzn_if_then_else_var_bool.mzn'
processing file '/usr/local/share/minizinc/std/fzn_if_then_else_opt_bool.mzn'
processing file '/usr/local/share/minizinc/std/fzn_if_then_else_bool.mzn'
processing file '/usr/local/share/minizinc/std/fzn_if_then_else_var_opt_int.mzn'
processing file '/usr/local/share/minizinc/std/fzn_if_then_else_var_int.mzn'
processing file '/usr/local/share/minizinc/std/fzn_if_then_else_opt_int.mzn'
processing file '/usr/local/share/minizinc/std/fzn_if_then_else_int.mzn'
processing file '/usr/local/share/minizinc/std/count_fn.mzn'
processing file '/usr/local/share/minizinc/std/count_lt.mzn'
processing file '/usr/local/share/minizinc/std/fzn_count_lt_par_reif.mzn'
processing file '/usr/local/share/minizinc/std/fzn_count_lt_reif.mzn'
processing file '/usr/local/share/minizinc/std/fzn_count_lt_par.mzn'
processing file '/usr/local/share/minizinc/std/fzn_count_lt.mzn'
processing file '/usr/local/share/minizinc/std/count_gt.mzn'
processing file '/usr/local/share/minizinc/std/fzn_count_gt_reif.mzn'
processing file '/usr/local/share/minizinc/std/fzn_count_gt_par_reif.mzn'
processing file '/usr/local/share/minizinc/std/fzn_count_gt.mzn'
processing file '/usr/local/share/minizinc/std/fzn_count_gt_par.mzn'
processing file '/usr/local/share/minizinc/std/count_neq.mzn'
processing file '/usr/local/share/minizinc/std/fzn_count_neq_reif.mzn'
processing file '/usr/local/share/minizinc/std/fzn_count_neq_par_reif.mzn'
processing file '/usr/local/share/minizinc/std/fzn_count_neq.mzn'
processing file '/usr/local/share/minizinc/std/fzn_count_neq_par.mzn'
processing file '/usr/local/share/minizinc/std/count_leq.mzn'
processing file '/usr/local/share/minizinc/std/fzn_count_leq_reif.mzn'
processing file '/usr/local/share/minizinc/std/fzn_count_leq_par_reif.mzn'
processing file '/usr/local/share/minizinc/std/fzn_count_leq.mzn'
processing file '/usr/local/share/minizinc/std/fzn_count_leq_par.mzn'
processing file '/usr/local/share/minizinc/std/count_geq.mzn'
processing file '/usr/local/share/minizinc/std/fzn_count_geq_reif.mzn'
processing file '/usr/local/share/minizinc/std/fzn_count_geq_par_reif.mzn'
processing file '/usr/local/share/minizinc/std/fzn_count_geq.mzn'
processing file '/usr/local/share/minizinc/std/fzn_count_geq_par.mzn'
processing file '/usr/local/share/minizinc/std/count_eq.mzn'
processing file '/usr/local/share/minizinc/std/fzn_count_eq_par_reif.mzn'
processing file '/usr/local/share/minizinc/std/fzn_count_eq_reif.mzn'
processing file '/usr/local/share/minizinc/std/fzn_count_eq_par.mzn'
processing file '/entry_data/mzn-lib/fzn_count_eq.mzn'
processing file '/usr/local/share/minizinc/std/redefinitions-2.7.1.mzn'
processing file '/usr/local/share/minizinc/std/redefinitions-2.5.2.mzn'
processing file '/usr/local/share/minizinc/std/redefinitions-2.3.3.mzn'
processing file '/usr/local/share/minizinc/std/redefinitions-2.2.1.mzn'
processing file '/usr/local/share/minizinc/std/redefinitions-2.1.1.mzn'
processing file '/usr/local/share/minizinc/std/redefinitions-2.1.mzn'
processing file '/entry_data/mzn-lib/redefinitions-2.0.2.mzn'
processing file '/entry_data/mzn-lib/redefinitions-2.0.mzn'
processing file '/usr/local/share/minizinc/std/redefinitions.mzn'
processing file '/bench/2011/grid-colouring/GridColoring.mzn'
processing data file '/bench/2011/grid-colouring/10_10.dzn'
 done parsing (0.10 s)
Flattening ...
	CompilePass: Flatten with '/entry_data/mzn-lib' library ...
MIP domains ...
 done (0.18 s)
Optimizing ... done (0.18 s)
Converting to old FlatZinc ... done (0.18 s)
 done (0.18 s)
 done (0.28 s), max stack depth 11
Maximum memory 8 Mbytes.
      % SOLVING PHASE
FZN solver plugin, compiled  May 23 2025  06:18:37
Using FZN solver /entry_data/fzn-exec for solving, parameters: -p 14 -v 
%% File /tmp/mznfileA4r88B.fzn parsed in 39 ms
%% Model mznfileA4r88B
%%   - boolean variables:1201
%%   - integer variables:101
%%   - bool_clause: 2025
%%   - int_lin_le: 100
%%   - int_lin_ne_imp: 1201
%%   - Minimization problem
%%   - #var_op_value_reif cached: 0
%%   - #var_op_var_reif cached: 0
%%   - #var_op_var_imp cached: 0
%%   - #full domain encodings: 0
%% Starting CP-SAT solver v9.15.9999
%% Parameters: log_search_progress: true log_to_stdout: false max_domain_size_when_encoding_eq_neq_constraints: 32 num_workers: 14
%% Initial optimization model 'mznfileA4r88B': (model_fingerprint: 0x4958a565e9a26cbd)
%% Search strategy: on 100 variables, CHOOSE_MIN_DOMAIN_SIZE, SELECT_MIN_VALUE
%% #Variables: 1'302 (#ints: 1 in objective) (1'301 primary variables)
%%   - 1'201 Booleans in [0,1]
%%   - 101 in [1,10]
%% #kBoolOr: 2'025 (#literals: 8'100)
%% #kLinear2: 1'301 (#enforced: 1'201) (#complex_domain: 1'201)
%% Starting presolve at 0.01s
%%   5.40e-04s  0.00e+00d  [DetectDominanceRelations] 
%%   1.73e-02s  0.00e+00d  [PresolveToFixPoint] #num_loops=3 #num_dual_strengthening=2 
%%   1.10e-05s  0.00e+00d  [ExtractEncodingFromLinear] 
%%   4.68e-04s  0.00e+00d  [DetectDuplicateColumns] 
%%   8.79e-05s  0.00e+00d  [DetectDuplicateConstraints] 
%% [Symmetry] Graph for symmetry has 4'427 nodes and 11'100 arcs.
%% [Symmetry] Symmetry computation done. time: 0.00451763 dtime: 0.00339177
%% [Symmetry] #generators: 1, average support size: 990
%% [Symmetry] 495 orbits on 990 variables with sizes: 2,2,2,2,2,2,2,2,2,2,...
%% [SAT presolve] num removable Booleans: 0 / 900
%% [SAT presolve] num trivial clauses: 0
%% [SAT presolve] [0s] clauses:2'025 literals:8'100 vars:900 one_side_vars:900 simple_definition:0 singleton_clauses:0
%% [SAT presolve] [0.00017937s] clauses:2'025 literals:8'100 vars:900 one_side_vars:900 simple_definition:0 singleton_clauses:0
%% [SAT presolve] [0.000202124s] clauses:2'025 literals:8'100 vars:900 one_side_vars:900 simple_definition:0 singleton_clauses:0
%%   1.37e-04s  0.00e+00d  [DetectDuplicateConstraintsWithDifferentEnforcements] 
%%   2.09e-02s  2.49e-03d  [Probe] #probed=6'002 
%%   1.34e-05s  0.00e+00d  [MaxClique] 
%%   5.35e-04s  0.00e+00d  [DetectDominanceRelations] 
%%   4.03e-03s  0.00e+00d  [PresolveToFixPoint] #num_loops=1 #num_dual_strengthening=1 
%%   1.96e-04s  0.00e+00d  [ProcessAtMostOneAndLinear] 
%%   8.02e-05s  0.00e+00d  [DetectDuplicateConstraints] 
%%   8.10e-05s  0.00e+00d  [DetectDuplicateConstraintsWithDifferentEnforcements] 
%%   5.22e-05s  6.00e-07d  [DetectDominatedLinearConstraints] #relevant_constraints=100 
%%   1.15e-04s  0.00e+00d  [DetectDifferentVariables] 
%%   6.71e-04s  3.67e-05d  [ProcessSetPPC] #relevant_constraints=2'025 
%%   3.15e-04s  4.92e-05d  [TransformClausesToExactlyOne] #num_clauses=2'025 #num_checked=2'025 
%%   2.68e-05s  0.00e+00d  [DetectEncodedComplexDomains] 
%%   2.19e-05s  0.00e+00d  [FindAlmostIdenticalLinearConstraints] 
%%   5.26e-06s  0.00e+00d  [FindBigAtMostOneAndLinearOverlap] 
%%   4.04e-04s  1.18e-04d  [FindBigVerticalLinearOverlap] 
%%   1.34e-05s  0.00e+00d  [FindBigHorizontalLinearOverlap] 
%%   4.85e-04s  4.05e-05d  [MergeClauses] 
%%   5.38e-04s  0.00e+00d  [DetectDominanceRelations] 
%%   3.97e-03s  0.00e+00d  [PresolveToFixPoint] #num_loops=1 #num_dual_strengthening=1 
%%   5.28e-04s  0.00e+00d  [DetectDominanceRelations] 
%%   3.96e-03s  0.00e+00d  [PresolveToFixPoint] #num_loops=1 #num_dual_strengthening=1 
%%   4.31e-04s  0.00e+00d  [DetectDuplicateColumns] 
%%   8.58e-05s  0.00e+00d  [DetectDuplicateConstraints] 
%% [Symmetry] Graph for symmetry has 4'427 nodes and 11'100 arcs.
%% [Symmetry] Symmetry computation done. time: 0.00286783 dtime: 0.00339177
%% [Symmetry] #generators: 1, average support size: 990
%% [Symmetry] 495 orbits on 990 variables with sizes: 2,2,2,2,2,2,2,2,2,2,...
%% [SAT presolve] num removable Booleans: 0 / 900
%% [SAT presolve] num trivial clauses: 0
%% [SAT presolve] [0s] clauses:2'025 literals:8'100 vars:900 one_side_vars:900 simple_definition:0 singleton_clauses:0
%% [SAT presolve] [0.000148641s] clauses:2'025 literals:8'100 vars:900 one_side_vars:900 simple_definition:0 singleton_clauses:0
%% [SAT presolve] [0.000171903s] clauses:2'025 literals:8'100 vars:900 one_side_vars:900 simple_definition:0 singleton_clauses:0
%%   1.34e-04s  0.00e+00d  [DetectDuplicateConstraintsWithDifferentEnforcements] 
%%   1.48e-02s  2.49e-03d  [Probe] #probed=6'002 
%%   1.81e-05s  0.00e+00d  [MaxClique] 
%%   5.44e-04s  0.00e+00d  [DetectDominanceRelations] 
%%   4.05e-03s  0.00e+00d  [PresolveToFixPoint] #num_loops=1 #num_dual_strengthening=1 
%%   1.94e-04s  0.00e+00d  [ProcessAtMostOneAndLinear] 
%%   8.57e-05s  0.00e+00d  [DetectDuplicateConstraints] 
%%   8.38e-05s  0.00e+00d  [DetectDuplicateConstraintsWithDifferentEnforcements] 
%%   4.29e-05s  6.00e-07d  [DetectDominatedLinearConstraints] #relevant_constraints=100 
%%   1.19e-04s  0.00e+00d  [DetectDifferentVariables] 
%%   6.87e-04s  3.67e-05d  [ProcessSetPPC] #relevant_constraints=2'025 
%%   3.27e-04s  4.92e-05d  [TransformClausesToExactlyOne] #num_clauses=2'025 #num_checked=2'025 
%%   3.43e-05s  0.00e+00d  [DetectEncodedComplexDomains] 
%%   2.96e-05s  0.00e+00d  [FindAlmostIdenticalLinearConstraints] 
%%   4.21e-06s  0.00e+00d  [FindBigAtMostOneAndLinearOverlap] 
%%   3.80e-04s  1.18e-04d  [FindBigVerticalLinearOverlap] 
%%   1.92e-05s  0.00e+00d  [FindBigHorizontalLinearOverlap] 
%%   4.96e-04s  4.05e-05d  [MergeClauses] 
%%   5.43e-04s  0.00e+00d  [DetectDominanceRelations] 
%%   3.97e-03s  0.00e+00d  [PresolveToFixPoint] #num_loops=1 #num_dual_strengthening=1 
%%   1.10e-05s  0.00e+00d  [MergeNoOverlap] 
%%   1.40e-05s  0.00e+00d  [MergeNoOverlap2D] 
%%   7.10e-05s  0.00e+00d  [ExpandObjective] 
%% Presolve summary:
%%   - 301 affine relations were detected.
%%   - rule 'TODO dual: only one blocking constraint?' was applied 249 times.
%%   - rule 'TODO dual: only one blocking enforced constraint?' was applied 6'300 times.
%%   - rule 'TODO dual: only one unspecified blocking constraint?' was applied 7 times.
%%   - rule 'TODO linear2: convert ax + by != cte to clauses for large domains' was applied 13'804 times.
%%   - rule 'affine: new relation' was applied 301 times.
%%   - rule 'dual: equivalent Boolean in near-duplicate constraints' was applied 301 times.
%%   - rule 'linear: expanded complex rhs' was applied 900 times.
%%   - rule 'new_bool: complex linear expansion' was applied 1'800 times.
%%   - rule 'presolve: 0 unused variables removed.' was applied 1 time.
%%   - rule 'presolve: iteration' was applied 2 times.
%% Presolved optimization model 'mznfileA4r88B': (model_fingerprint: 0x2442899bd2868459)
%% Search strategy: on 100 variables, CHOOSE_MIN_DOMAIN_SIZE, SELECT_MIN_VALUE
%% #Variables: 2'801 (#ints: 1 in objective) (2'800 primary variables)
%%   - 2'700 Booleans in [0,1]
%%   - 101 in [1,10]
%% #kBoolOr: 2'925 (#literals: 10'800)
%% #kLinear2: 1'900 (#enforced: 1'800)
%% [Symmetry] Graph for symmetry has 8'626 nodes and 17'400 arcs.
%% [Symmetry] Symmetry computation done. time: 0.00576246 dtime: 0.00629607
%% [Symmetry] #generators: 1, average support size: 2790
%% [Symmetry] 1395 orbits on 2790 variables with sizes: 2,2,2,2,2,2,2,2,2,2,...
%% Preloading model.
%% #Bound   0.14s best:inf   next:[1,10]     initial_domain
%% #Model   0.15s var:2801/2801 constraints:4825/4825
%% Starting search at 0.15s with 14 workers.
%% 10 full problem subsolvers: [default_lp, fixed, lb_tree_search, max_lp_sym, no_lp, probing, pseudo_costs, quick_restart, quick_restart_no_lp, reduced_costs]
%% 4 first solution subsolvers: [fj(2), fs_random, fs_random_no_lp]
%% 10 interleaved subsolvers: [feasibility_pump, graph_arc_lns, graph_cst_lns, graph_dec_lns, graph_var_lns, ls, ls_lin, rins/rens, rnd_cst_lns, rnd_var_lns]
%% 3 helper subsolvers: [neighborhood_helper, synchronization_agent, update_gap_integral]
%% #1       0.17s best:8     next:[1,7]      fj_restart(batch:1 lin{mvs:1'311 evals:3'839} #w_updates:44 #perturb:0)
%% #Bound   0.19s best:8     next:[2,7]      probing
%% #2       0.20s best:7     next:[2,6]      ls_restart_decay(batch:1 lin{mvs:29 evals:103} #w_updates:14 #perturb:0)
%% #3       0.20s best:6     next:[2,5]      ls_lin_restart_perturb(batch:1 lin{mvs:621 evals:2'057} #w_updates:245 #perturb:0)
%% #4       0.24s best:5     next:[2,4]      quick_restart_no_lp
%% #5       0.26s best:4     next:[2,3]      ls_restart_decay_compound_perturb(batch:1 lin{mvs:0 evals:18'764} gen{mvs:6'663 evals:0} comp{mvs:691 btracks:2'986} #w_updates:43 #perturb:0)
%% #6      64.91s best:3     next:[2,2]      rins_pump_lns (d=7.13e-01 s=1665 t=0.10 p=0.49 stall=0 h=base)
%% #Model  65.01s var:2762/2801 constraints:4689/4825
%% #Done   65.02s probing
%% Task timing                      n [     min,      max]      avg      dev     time         n [     min,      max]      avg      dev    dtime
%%            'default_lp':         1 [   1.08m,    1.08m]    1.08m   0.00ns    1.08m         2 [  2.02ms,   21.20s]   10.60s   10.60s   21.20s
%%      'feasibility_pump':       281 [ 51.92us,  12.41ms] 159.56us 735.64us  44.84ms       280 [ 13.90us,  78.32us]  14.13us   3.84us   3.96ms
%%                 'fixed':         1 [   1.08m,    1.08m]    1.08m   0.00ns    1.08m         2 [  2.02ms,   35.26s]   17.63s   17.63s   35.26s
%%                    'fj':         0 [  0.00ns,   0.00ns]   0.00ns   0.00ns   0.00ns         0 [  0.00ns,   0.00ns]   0.00ns   0.00ns   0.00ns
%%                    'fj':         1 [ 10.50ms,  10.50ms]  10.50ms   0.00ns  10.50ms         1 [  3.33ms,   3.33ms]   3.33ms   0.00ns   3.33ms
%%             'fs_random':         1 [ 17.52ms,  17.52ms]  17.52ms   0.00ns  17.52ms         1 [223.13us, 223.13us] 223.13us   0.00ns 223.13us
%%       'fs_random_no_lp':         1 [ 11.62ms,  11.62ms]  11.62ms   0.00ns  11.62ms         1 [200.76us, 200.76us] 200.76us   0.00ns 200.76us
%%         'graph_arc_lns':       131 [  4.30ms, 567.65ms] 223.12ms 215.75ms   29.23s        73 [ 41.81us, 100.17ms]  89.63ms  29.60ms    6.54s
%%         'graph_cst_lns':       133 [  3.97ms, 560.07ms] 216.59ms 205.41ms   28.81s        77 [ 17.92us, 100.13ms]  86.81ms  32.77ms    6.68s
%%         'graph_dec_lns':       131 [  3.25ms, 647.13ms] 222.78ms 221.14ms   29.18s        73 [624.48us, 100.18ms]  83.03ms  35.31ms    6.06s
%%         'graph_var_lns':       102 [ 24.05ms, 715.96ms] 291.22ms 270.78ms   29.70s       102 [  3.38us, 100.21ms]  48.12ms  49.90ms    4.91s
%%        'lb_tree_search':         1 [   1.08m,    1.08m]    1.08m   0.00ns    1.08m         2 [749.77ms,   32.20s]   16.48s   15.73s   32.95s
%%                    'ls':       186 [  1.89ms, 215.53ms] 151.08ms  39.64ms   28.10s       186 [ 93.94us, 100.03ms]  98.50ms  11.82ms   18.32s
%%                'ls_lin':       182 [  3.66ms, 222.48ms] 154.37ms  41.69ms   28.10s       182 [  1.94ms, 100.03ms]  98.98ms   9.74ms   18.02s
%%            'max_lp_sym':         1 [   1.08m,    1.08m]    1.08m   0.00ns    1.08m         2 [151.11ms,   11.92s]    6.04s    5.89s   12.08s
%%                 'no_lp':         1 [   1.08m,    1.08m]    1.08m   0.00ns    1.08m         2 [  2.02ms,   29.80s]   14.90s   14.90s   29.80s
%%               'probing':         1 [   1.08m,    1.08m]    1.08m   0.00ns    1.08m         2 [  2.02ms,   26.04s]   13.02s   13.02s   26.05s
%%          'pseudo_costs':         1 [   1.08m,    1.08m]    1.08m   0.00ns    1.08m         2 [  3.94ms,   16.64s]    8.32s    8.32s   16.64s
%%         'quick_restart':         1 [   1.08m,    1.08m]    1.08m   0.00ns    1.08m         2 [  2.02ms,   36.16s]   18.08s   18.08s   36.16s
%%   'quick_restart_no_lp':         1 [   1.08m,    1.08m]    1.08m   0.00ns    1.08m         2 [  2.02ms,   50.93s]   25.46s   25.46s   50.93s
%%         'reduced_costs':         1 [   1.08m,    1.08m]    1.08m   0.00ns    1.08m         2 [  3.27ms,   17.12s]    8.56s    8.56s   17.13s
%%             'rins/rens':       156 [117.75us, 633.83ms] 186.08ms 202.18ms   29.03s        84 [ 86.46us, 100.20ms]  78.68ms  36.55ms    6.61s
%%           'rnd_cst_lns':       127 [  3.65ms, 605.25ms] 223.08ms 214.18ms   28.33s        72 [ 32.77us, 100.14ms]  88.75ms  28.78ms    6.39s
%%           'rnd_var_lns':       236 [567.58us, 566.76ms] 121.13ms 186.52ms   28.59s        82 [  1.68us, 100.14ms]  75.54ms  39.64ms    6.19s
%% 
%% Search stats              Bools  Conflicts   Branches  Restarts  BacktrackToRoot  Backtrack  BoolPropag  IntegerPropag
%%            'default_lp':  2'700    361'515  4'815'456     1'909          201'841    582'596  31'879'007      3'194'101
%%                 'fixed':  3'084    565'837    835'404         0           17'511    582'958  44'383'810      4'990'757
%%             'fs_random':  2'700          0        510         0              510        510           0              0
%%       'fs_random_no_lp':  2'700          0        458         0              458        458           0              0
%%        'lb_tree_search':  2'700         16    453'455         0          159'551    188'397     935'348      1'650'781
%%            'max_lp_sym':  2'700      3'429    638'323        13          188'180    221'866   2'370'816      6'725'758
%%                 'no_lp':  2'700    473'093  6'078'706     2'621          251'637    749'393  41'988'231      4'141'643
%%               'probing':  3'003    122'852  3'007'955        89          768'173    903'562  26'226'767      2'838'871
%%          'pseudo_costs':  2'700        892    203'859         5           68'157     80'490     633'621        973'959
%%         'quick_restart':  2'856    157'144  4'162'495    14'872          334'113    525'010  36'045'903      3'900'291
%%   'quick_restart_no_lp':  2'915    198'419  4'955'346    18'743          387'453    623'070  47'360'943      4'841'643
%%         'reduced_costs':  2'701      8'139     62'629         2           23'396     36'003     724'127        819'032
%% 
%% SAT formula               Fixed  Equiv  Total  VarLeft  BinaryClauses  PermanentClauses  TemporaryClauses
%%            'default_lp':      0      0  2'700    2'700          1'800            71'013            13'445
%%                 'fixed':     68      0  3'084    3'016          5'808             5'482            13'180
%%             'fs_random':      0      0  2'700    2'700              0             2'925                 0
%%       'fs_random_no_lp':      0      0  2'700    2'700              0             2'925                 0
%%        'lb_tree_search':      0      0  2'700    2'700          1'800             6'032                 7
%%            'max_lp_sym':      0      0  2'700    2'700          1'800             7'033             2'258
%%                 'no_lp':      0      0  2'700    2'700          1'800            82'970            13'914
%%               'probing':    420      0  3'003    2'583          5'312            17'032             1'159
%%          'pseudo_costs':      0      0  2'700    2'700          1'800             6'109               563
%%         'quick_restart':    115      0  2'856    2'741          4'680            24'783             5'475
%%   'quick_restart_no_lp':    168      0  2'915    2'747          4'896            23'839             5'489
%%         'reduced_costs':      0      0  2'701    2'701          1'800             4'198             6'084
%% 
%% SAT stats                 ClassicMinim  LitRemoved  LitRemovedBinary  LitLearned  LitForgotten  Subsumed
%%            'default_lp':        89'309     569'040            27'899   6'922'368     6'013'489     4'703
%%                 'fixed':       501'175   4'234'134            67'199  47'772'802    44'800'303    20'375
%%             'fs_random':             0           0                 0           0             0         0
%%       'fs_random_no_lp':             0           0                 0           0             0         0
%%        'lb_tree_search':             0           0                 0         159             0         1
%%            'max_lp_sym':           429         929                73      45'520             0        20
%%                 'no_lp':       119'573     695'828            42'077   9'707'531     8'621'598     5'614
%%               'probing':        42'780     173'539            24'424   2'327'071     1'793'594       729
%%          'pseudo_costs':            74         123                 4      10'192             0         3
%%         'quick_restart':        72'801     526'911           252'906   4'089'293     3'147'391     7'952
%%   'quick_restart_no_lp':        99'916     821'501           461'757   5'880'090     4'847'121     8'644
%%         'reduced_costs':         4'536      26'584               344     204'751             0       664
%% 
%% Vivification              Clauses  Decisions  LitTrue  Subsumed  LitRemoved  DecisionReused  Conflicts
%%            'default_lp':  177'300    860'741        0       124       2'276          16'312         16
%%                 'fixed':    6'919     21'063        0        31         164             409          0
%%             'fs_random':        0          0        0         0           0               0          0
%%       'fs_random_no_lp':        0          0        0         0           0               0          0
%%        'lb_tree_search':  112'834    366'306        0         4          25           6'091          0
%%            'max_lp_sym':  143'024    514'828        0         4          37           8'388          1
%%                 'no_lp':  221'363  1'099'256        0       211       3'604          21'092         28
%%               'probing':   64'711    279'434        0     3'229      15'795           2'353          0
%%          'pseudo_costs':   47'269    158'450        0        12         133           2'881          0
%%         'quick_restart':  275'052  1'243'631        0     6'253      35'958          16'674         46
%%   'quick_restart_no_lp':  315'922  1'421'478        0     8'401      46'719          16'800         26
%%         'reduced_costs':   11'781     30'828        0         0           0           1'002          0
%% 
%% Clause deletion           at_true  l_and_not(l)  to_binary  sub_conflict  sub_extra  sub_decisions  sub_eager  sub_vivify  sub_probing  sub_inpro  blocked  eliminated  forgotten   promoted  conflicts
%%            'default_lp':        0             0          0         3'482        981              0      1'221         124            0        228        0           0    276'386    609'678    361'515
%%                 'fixed':      145            35          0        10'761      1'189              0      9'614          31            0          0        0           0    528'325  2'274'109    565'837
%%             'fs_random':        0             0          0             0          0              0          0           0            0          0        0           0          0          0          0
%%       'fs_random_no_lp':        0             0          0             0          0              0          0           0            0          0        0           0          0          0          0
%%        'lb_tree_search':        0             0          0             1          0              0          0           4            0          0        0           0          0         11         16
%%            'max_lp_sym':        0             0          0            18          9              0          2           4            0          2        0           0          0      4'175      3'429
%%                 'no_lp':        0             0          0         3'953      1'190              0      1'661         211            0        185        0           0    373'703    803'314    473'093
%%               'probing':   20'406             0         37           678        123              0         51       3'229            0          5        0           0     86'500    196'096    122'852
%%          'pseudo_costs':        0             0          0             2          2              0          1          12            0          1        0           0          0        950        892
%%         'quick_restart':   18'512             0          0         6'696        722              2      1'256       6'253            5        529        0           0     98'840    345'333    157'144
%%   'quick_restart_no_lp':   19'605             0          0         7'324        766              2      1'320       8'401            6        529        0           0    137'320    476'647    198'419
%%         'reduced_costs':        0             0          0           632        118              0         32           0            0          0        0           0          0     22'899      8'139
%% 
%% Lp stats             Component  Iterations  AddedCuts    OPTIMAL  DUAL_F.  DUAL_U.
%%       'default_lp':          1           0          0    690'664        0        0
%%            'fixed':          1           0          0    520'079        0        0
%%        'fs_random':          1           0          0          0        0        0
%%   'lb_tree_search':          1      98'747      6'088        102    6'618        0
%%       'max_lp_sym':          1     208'640      4'944      9'645   16'450        0
%%          'probing':          1           0          0  1'218'204        0        0
%%     'pseudo_costs':          1     100'770      3'931        149    9'481        0
%%    'quick_restart':          1           0          0    560'844        0        0
%%    'reduced_costs':          1     125'152      1'576         24   12'367        0
%% 
%% Lp dimension             Final dimension of first component
%%       'default_lp':          0 rows, 101 columns, 0 entries
%%            'fixed':          0 rows, 101 columns, 0 entries
%%        'fs_random':          0 rows, 101 columns, 0 entries
%%   'lb_tree_search':  6932 rows, 2801 columns, 23057 entries
%%       'max_lp_sym':    997 rows, 1406 columns, 3127 entries
%%          'probing':          0 rows, 101 columns, 0 entries
%%     'pseudo_costs':  4592 rows, 2801 columns, 15247 entries
%%    'quick_restart':          0 rows, 101 columns, 0 entries
%%    'reduced_costs':   2000 rows, 2801 columns, 6926 entries
%% 
%% Lp debug             CutPropag  CutEqPropag  Adjust  Overflow      Bad  BadScaling
%%       'default_lp':          0            0       0         0        0           0
%%            'fixed':          0            0       0         0        0           0
%%        'fs_random':          0            0       0         0        0           0
%%   'lb_tree_search':          0            0       0         0  126'143           0
%%       'max_lp_sym':          0            0       0         0   78'054           0
%%          'probing':          0            0       0         0        0           0
%%     'pseudo_costs':          0            0       0         0   50'493           0
%%    'quick_restart':          0            0       0         0        0           0
%%    'reduced_costs':          0            0       0         0    4'714           0
%% 
%% Lp pool              Constraints  Updates  Simplif  Merged  Shortened  Split  Strengthened      Cuts/Call
%%       'default_lp':          100        0      100       0        100      0             0            0/0
%%            'fixed':          100        0        0       0          0      0             0            0/0
%%        'fs_random':          100        0        0       0          0      0             0            0/0
%%   'lb_tree_search':       10'872      127    1'845      41          0      0         2'125   6'088/37'450
%%       'max_lp_sym':        7'383       15      913       1          0      0         1'046  4'944/389'677
%%          'probing':          100        0        0       0          0      0             0            0/0
%%     'pseudo_costs':        8'731        8    3'600      25          0      0         3'753   3'931/11'383
%%    'quick_restart':          100        0      200       0        100      0             0            0/0
%%    'reduced_costs':        6'375       14    3'600      26          0      0         3'600    1'576/2'128
%% 
%% Lp Cut            max_lp_sym  reduced_costs  pseudo_costs  lb_tree_search
%%           CG_FF:         103              -            12               -
%%            CG_K:          78              -            10             105
%%           CG_KL:           -              -             3               1
%%            CG_R:         148              -             9              45
%%           CG_RB:          37              -             9               3
%%          CG_RBP:           8              -             -               1
%%          Clique:          11              -             -               9
%%              IB:         867            536         1'119             360
%%        MIR_1_FF:         245              -            65             101
%%         MIR_1_K:           3              -             -             135
%%         MIR_1_R:          10              -             -               -
%%        MIR_1_RB:          19              -           178             375
%%       MIR_1_RBP:           -              -            35              61
%%       MIR_1_RLT:           -            945           991             262
%%        MIR_2_FF:         431              -            48             195
%%         MIR_2_K:          54              -            15             112
%%        MIR_2_KL:           -              -            16              85
%%         MIR_2_R:         151              -            54              34
%%        MIR_2_RB:          68              -            98             154
%%       MIR_2_RBP:           3              -            11              24
%%        MIR_3_FF:         789              -            57             300
%%         MIR_3_K:          79              -             7              72
%%        MIR_3_KL:           -              -             5              22
%%         MIR_3_R:         114              -            37              12
%%        MIR_3_RB:          51              -            79             226
%%       MIR_3_RBP:           3              -             5              35
%%        MIR_4_FF:         462              -            57             359
%%         MIR_4_K:          25              -             5              72
%%        MIR_4_KL:           -              -             1              17
%%         MIR_4_R:         105              -            50              22
%%        MIR_4_RB:          37              -           120             266
%%       MIR_4_RBP:           1              -            22              42
%%        MIR_5_FF:         206              -            79             239
%%         MIR_5_K:          27              -             9              50
%%        MIR_5_KL:           -              -             2              11
%%         MIR_5_R:         103              -            70              36
%%        MIR_5_RB:          28              -           136             196
%%       MIR_5_RBP:           1              -             9              26
%%        MIR_6_FF:         149              -            56              95
%%         MIR_6_K:          12              -             9              19
%%        MIR_6_KL:           -              -             1               2
%%         MIR_6_R:          48              -            71              25
%%        MIR_6_RB:          18              -            93             157
%%       MIR_6_RBP:           -              -            15              25
%%    ZERO_HALF_FF:          82             29            54             387
%%     ZERO_HALF_K:           -              -            10             407
%%    ZERO_HALF_KL:           -              -             2               2
%%     ZERO_HALF_R:         367             66           176             877
%%    ZERO_HALF_RB:           1              -            19              21
%%   ZERO_HALF_RBP:           -              -             2               6
%% 
%% LNS stats           Improv/Calls  Closed  Difficulty  TimeLimit
%%   'graph_arc_lns':       130/131     51%    9.38e-01       0.10
%%   'graph_cst_lns':       132/133     51%    9.36e-01       0.10
%%   'graph_dec_lns':       124/124     52%    9.50e-01       0.10
%%   'graph_var_lns':       102/102     52%    9.69e-01       0.10
%%       'rins/rens':       121/121     49%    7.14e-01       0.10
%%     'rnd_cst_lns':       124/127     51%    9.41e-01       0.10
%%     'rnd_var_lns':       118/119     52%    9.45e-01       0.10
%% 
%% LS stats                                    Batches  Restarts/Perturbs   LinMoves   GenMoves  CompoundMoves  Bactracks  WeightUpdates  ScoreComputed
%%                              'fj_restart':        1                  1      1'311          0              0          0             44          5'760
%%                          'ls_lin_restart':       28                 13  1'586'354          0              0          0        101'666      4'333'355
%%                 'ls_lin_restart_compound':       30                  9          0  1'576'401        140'867    717'753          2'767      9'556'843
%%         'ls_lin_restart_compound_perturb':       14                  8          0    649'810         87'384    281'199          1'205      4'386'589
%%                    'ls_lin_restart_decay':       47                 17  3'494'014          0              0          0         25'626      6'008'349
%%           'ls_lin_restart_decay_compound':       21                 11          0    986'750        218'702    384'007            699      6'596'531
%%   'ls_lin_restart_decay_compound_perturb':       18                  7          0    886'532        194'835    345'835            574      5'916'475
%%            'ls_lin_restart_decay_perturb':        8                  6    591'285          0              0          0          4'462      1'025'314
%%                  'ls_lin_restart_perturb':       16                 13    856'566          0              0          0         48'881      2'317'541
%%                              'ls_restart':       20                 15  1'141'026          0              0          0         67'062      3'085'394
%%                     'ls_restart_compound':       21                  8          0  1'047'138        109'979    468'564          1'965      6'631'916
%%             'ls_restart_compound_perturb':       33                 11          0  1'622'121        166'514    727'768          2'964     10'367'098
%%                        'ls_restart_decay':       45                 12  3'276'070          0              0          0         23'907      5'626'387
%%               'ls_restart_decay_compound':        7                  4          0    294'497         66'861    113'816            210      1'974'005
%%       'ls_restart_decay_compound_perturb':       25                 14          0  1'169'120        268'215    450'430            905      7'911'066
%%                'ls_restart_decay_perturb':       21                 13  1'555'088          0              0          0         11'634      2'688'440
%%                      'ls_restart_perturb':       14                 10    799'545          0              0          0         47'693      2'157'191
%% 
%% Solutions (6)                           Num   Rank
%%                          'fj_restart':    2  [0,1]
%%              'ls_lin_restart_perturb':    2  [2,3]
%%                    'ls_restart_decay':    2  [1,2]
%%   'ls_restart_decay_compound_perturb':    2  [4,5]
%%                 'quick_restart_no_lp':    2  [3,4]
%%                       'rins_pump_lns':    2  [5,6]
%% 
%% Objective bounds     Num
%%   'initial_domain':    1
%%          'probing':    1
%% 
%% Solution repositories    Added  Queried  Synchro
%%     'alternative_path':      7      612        7
%%       'best_solutions':     20      690       19
%%    'fj solution hints':      0        0        0
%%         'lp solutions':    763       78      589
%%                 'pump':    280       78
%% 
%% Improving bounds shared    Num  Sym
%%                'probing':  264  202
%%          'quick_restart':   56   45
%%    'quick_restart_no_lp':   56   45
%% 
%% Clauses shared            #Exported  #Imported  #BinaryRead  #BinaryTotal
%%            'default_lp':      1'965      2'501          900           936
%%                 'fixed':          0          0            6           936
%%             'fs_random':          0          0            0           936
%%       'fs_random_no_lp':          0          0            0           936
%%        'lb_tree_search':          0      3'103          900           936
%%            'max_lp_sym':        759      2'972          900           936
%%                 'no_lp':      3'246      1'783          900           936
%%               'probing':        292      3'480          936           936
%%          'pseudo_costs':        175      2'873          900           936
%%         'quick_restart':      1'307      3'037          936           936
%%   'quick_restart_no_lp':      1'213      3'295          936           936
%%         'reduced_costs':          0          0          900           936
%% 
%% LRAT_status: NA
%% CpSolverResponse summary:
%% status: OPTIMAL
%% objective: 3
%% best_bound: 3
%% integers: 101
%% booleans: 2700
%% conflicts: 0
%% branches: 458
%% propagations: 0
%% integer_propagations: 0
%% restarts: 0
%% lp_iterations: 0
%% walltime: 65.0846
%% usertime: 65.0846
%% deterministic_time: 357.925
%% gap_integral: 55.8243
%% solution_fingerprint: 0x6f1cf86691509d31
%% 
2 1 2 3 2 3 1 3 2 1
3 2 3 1 1 2 3 2 1 2
1 3 2 2 1 2 3 3 3 1
3 2 1 1 2 3 2 1 3 1
3 3 2 3 3 1 2 2 1 1
3 2 1 2 1 1 1 3 2 3
1 3 3 2 2 3 1 1 1 2
1 1 3 1 3 1 2 3 2 2
2 1 1 2 3 3 3 2 1 3
2 1 3 3 1 2 2 1 3 3
objective = 3
----------
==========
   Done (overall time 65.52 s).
