# WCTIME: wall clock time in seconds
WCTIME=2.70646
# CPUTIME: CPU time in seconds (USERTIME+SYSTEMTIME)
CPUTIME=4.86306
# USERTIME: CPU time spent in user mode in seconds
USERTIME=4.71208
# SYSTEMTIME: CPU time spent in system mode in seconds
SYSTEMTIME=0.150982
# CPUUSAGE: CPUTIME/WCTIME in percent
CPUUSAGE=179.683
# MAXVM: maximum virtual memory used in KiB
MAXVM=1181720
# MAXMM: maximum memory used in KiB
MAXMM=112276
# MAXRSS: maximum Resident Segment Size in KiB
MAXRSS=114692
# TIMEOUT: did the solver exceed the time limit?
TIMEOUT=false
# MEMOUT: did the solver exceed the memory limit?
MEMOUT=false
# EXITSTATUS: Exit status of the solver
EXITSTATUS=0
