# WCTIME: wall clock time in seconds
WCTIME=3.76573
# CPUTIME: CPU time in seconds (USERTIME+SYSTEMTIME)
CPUTIME=3.71292
# USERTIME: CPU time spent in user mode in seconds
USERTIME=3.67481
# SYSTEMTIME: CPU time spent in system mode in seconds
SYSTEMTIME=0.03811
# CPUUSAGE: CPUTIME/WCTIME in percent
CPUUSAGE=98.5975
# MAXVM: maximum virtual memory used in KiB
MAXVM=211396
# MAXMM: maximum memory used in KiB
MAXMM=19080
# MAXRSS: maximum Resident Segment Size in KiB
MAXRSS=16264
# TIMEOUT: did the solver exceed the time limit?
TIMEOUT=false
# MEMOUT: did the solver exceed the memory limit?
MEMOUT=false
# EXITSTATUS: Exit status of the solver
EXITSTATUS=0
