# WCTIME: wall clock time in seconds
WCTIME=48.0947
# CPUTIME: CPU time in seconds (USERTIME+SYSTEMTIME)
CPUTIME=47.7893
# USERTIME: CPU time spent in user mode in seconds
USERTIME=46.6997
# SYSTEMTIME: CPU time spent in system mode in seconds
SYSTEMTIME=1.08964
# CPUUSAGE: CPUTIME/WCTIME in percent
CPUUSAGE=99.3651
# MAXVM: maximum virtual memory used in KiB
MAXVM=1947428
# MAXMM: maximum memory used in KiB
MAXMM=1674500
# MAXRSS: maximum Resident Segment Size in KiB
MAXRSS=1685020
# TIMEOUT: did the solver exceed the time limit?
TIMEOUT=false
# MEMOUT: did the solver exceed the memory limit?
MEMOUT=false
# EXITSTATUS: Exit status of the solver
EXITSTATUS=0
