# WCTIME: wall clock time in seconds
WCTIME=1432.88
# CPUTIME: CPU time in seconds (USERTIME+SYSTEMTIME)
CPUTIME=1422.84
# USERTIME: CPU time spent in user mode in seconds
USERTIME=1286.65
# SYSTEMTIME: CPU time spent in system mode in seconds
SYSTEMTIME=136.183
# CPUUSAGE: CPUTIME/WCTIME in percent
CPUUSAGE=99.2991
# MAXVM: maximum virtual memory used in KiB
MAXVM=152348068
# MAXMM: maximum memory used in KiB
MAXMM=124531980
# MAXRSS: maximum Resident Segment Size in KiB
MAXRSS=121214012
# TIMEOUT: did the solver exceed the time limit?
TIMEOUT=false
# MEMOUT: did the solver exceed the memory limit?
MEMOUT=false
# EXITSTATUS: Exit status of the solver
EXITSTATUS=35072
