# WCTIME: wall clock time in seconds
WCTIME=1.87766
# CPUTIME: CPU time in seconds (USERTIME+SYSTEMTIME)
CPUTIME=1.81241
# USERTIME: CPU time spent in user mode in seconds
USERTIME=1.65483
# SYSTEMTIME: CPU time spent in system mode in seconds
SYSTEMTIME=0.15758
# CPUUSAGE: CPUTIME/WCTIME in percent
CPUUSAGE=96.5251
# MAXVM: maximum virtual memory used in KiB
MAXVM=458892
# MAXMM: maximum memory used in KiB
MAXMM=254184
# MAXRSS: maximum Resident Segment Size in KiB
MAXRSS=251084
# TIMEOUT: did the solver exceed the time limit?
TIMEOUT=false
# MEMOUT: did the solver exceed the memory limit?
MEMOUT=false
# EXITSTATUS: Exit status of the solver
EXITSTATUS=0
