# WCTIME: wall clock time in seconds
WCTIME=536.569
# CPUTIME: CPU time in seconds (USERTIME+SYSTEMTIME)
CPUTIME=534.203
# USERTIME: CPU time spent in user mode in seconds
USERTIME=527.299
# SYSTEMTIME: CPU time spent in system mode in seconds
SYSTEMTIME=6.90483
# CPUUSAGE: CPUTIME/WCTIME in percent
CPUUSAGE=99.5592
# MAXVM: maximum virtual memory used in KiB
MAXVM=4160708
# MAXMM: maximum memory used in KiB
MAXMM=3830584
# MAXRSS: maximum Resident Segment Size in KiB
MAXRSS=3827480
# TIMEOUT: did the solver exceed the time limit?
TIMEOUT=false
# MEMOUT: did the solver exceed the memory limit?
MEMOUT=false
# EXITSTATUS: Exit status of the solver
EXITSTATUS=0
