# WCTIME: wall clock time in seconds
WCTIME=427.66
# CPUTIME: CPU time in seconds (USERTIME+SYSTEMTIME)
CPUTIME=413.602
# USERTIME: CPU time spent in user mode in seconds
USERTIME=357.07
# SYSTEMTIME: CPU time spent in system mode in seconds
SYSTEMTIME=56.5322
# CPUUSAGE: CPUTIME/WCTIME in percent
CPUUSAGE=96.713
# MAXVM: maximum virtual memory used in KiB
MAXVM=159734004
# MAXMM: maximum memory used in KiB
MAXMM=124595916
# MAXRSS: maximum Resident Segment Size in KiB
MAXRSS=123495276
# TIMEOUT: did the solver exceed the time limit?
TIMEOUT=false
# MEMOUT: did the solver exceed the memory limit?
MEMOUT=false
# EXITSTATUS: Exit status of the solver
EXITSTATUS=35072
