# WCTIME: wall clock time in seconds
WCTIME=468.493
# CPUTIME: CPU time in seconds (USERTIME+SYSTEMTIME)
CPUTIME=455.816
# USERTIME: CPU time spent in user mode in seconds
USERTIME=383.913
# SYSTEMTIME: CPU time spent in system mode in seconds
SYSTEMTIME=71.9022
# CPUUSAGE: CPUTIME/WCTIME in percent
CPUUSAGE=97.294
# MAXVM: maximum virtual memory used in KiB
MAXVM=151812660
# MAXMM: maximum memory used in KiB
MAXMM=124428180
# MAXRSS: maximum Resident Segment Size in KiB
MAXRSS=111572852
# TIMEOUT: did the solver exceed the time limit?
TIMEOUT=false
# MEMOUT: did the solver exceed the memory limit?
MEMOUT=false
# EXITSTATUS: Exit status of the solver
EXITSTATUS=35072
