# WCTIME: wall clock time in seconds
WCTIME=402.585
# CPUTIME: CPU time in seconds (USERTIME+SYSTEMTIME)
CPUTIME=400.747
# USERTIME: CPU time spent in user mode in seconds
USERTIME=334.734
# SYSTEMTIME: CPU time spent in system mode in seconds
SYSTEMTIME=66.0133
# CPUUSAGE: CPUTIME/WCTIME in percent
CPUUSAGE=99.5436
# MAXVM: maximum virtual memory used in KiB
MAXVM=63189336
# MAXMM: maximum memory used in KiB
MAXMM=56896896
# MAXRSS: maximum Resident Segment Size in KiB
MAXRSS=56897336
# TIMEOUT: did the solver exceed the time limit?
TIMEOUT=false
# MEMOUT: did the solver exceed the memory limit?
MEMOUT=false
# EXITSTATUS: Exit status of the solver
EXITSTATUS=0
