# WCTIME: wall clock time in seconds
WCTIME=38.5179
# CPUTIME: CPU time in seconds (USERTIME+SYSTEMTIME)
CPUTIME=38.3238
# USERTIME: CPU time spent in user mode in seconds
USERTIME=37.4048
# SYSTEMTIME: CPU time spent in system mode in seconds
SYSTEMTIME=0.918931
# CPUUSAGE: CPUTIME/WCTIME in percent
CPUUSAGE=99.4959
# MAXVM: maximum virtual memory used in KiB
MAXVM=1686460
# MAXMM: maximum memory used in KiB
MAXMM=1319232
# MAXRSS: maximum Resident Segment Size in KiB
MAXRSS=1319232
# TIMEOUT: did the solver exceed the time limit?
TIMEOUT=false
# MEMOUT: did the solver exceed the memory limit?
MEMOUT=false
# EXITSTATUS: Exit status of the solver
EXITSTATUS=0
