# WCTIME: wall clock time in seconds
WCTIME=1800.37
# CPUTIME: CPU time in seconds (USERTIME+SYSTEMTIME)
CPUTIME=1791.3
# USERTIME: CPU time spent in user mode in seconds
USERTIME=1669.76
# SYSTEMTIME: CPU time spent in system mode in seconds
SYSTEMTIME=121.538
# CPUUSAGE: CPUTIME/WCTIME in percent
CPUUSAGE=99.4958
# MAXVM: maximum virtual memory used in KiB
MAXVM=10021040
# MAXMM: maximum memory used in KiB
MAXMM=9351468
# MAXRSS: maximum Resident Segment Size in KiB
MAXRSS=9348428
# TIMEOUT: did the solver exceed the time limit?
TIMEOUT=true
# MEMOUT: did the solver exceed the memory limit?
MEMOUT=false
# EXITSTATUS: Exit status of the solver
EXITSTATUS=36608
