
  [93mWarning: [0mAuto-adjustment of array indexing from a slice slice(None, 5, None)
	   Other possible similar cases are not displayed

o 1783.0
o 1765.0
o 1648.0
o 1636.0
o 1596.0
o 1589.0
o 1573.0
o 1569.0
o 1546.0
o 1437.0
o 1429.0
o 1428.0
o 1372.0
o 1354.0
o 1353.0
o 1344.0
o 1338.0
o 1331.0
o 1328.0
o 1327.0
o 1325.0
o 1222.0
o 1211.0
o 1210.0
o 1190.0
o 1187.0
o 1181.0
o 1178.0
o 1171.0
o 1160.0
o 1157.0
o 1154.0
o 1126.0
o 1122.0
s OPTIMUM FOUND
v <instantiation>
v <list>
v z x[0] x[1] x[2] x[3] x[4] x[5] x[6] x[7] x[8] x[9] x[10] x[11] y[0] y[1] y[2] y[3] y[4] y[5] y[6] y[7] y[8] y[9] y[10] y[11] r[0] r[1] r[2] r[3] r[4] r[5] r[6] r[7] r[8] r[9] r[10] r[11] r0or180[0] r0or180[1] r0or180[2] r0or180[3] r0or180[4] r0or180[5] r0or180[6] r0or180[7] r0or180[8] r0or180[9] r0or180[10] r0or180[11] r0or90[0] r0or90[1] r0or90[2] r0or90[3] r0or90[4] r0or90[5] r0or90[6] r0or90[7] r0or90[8] r0or90[9] r0or90[10] r0or90[11] xr[0] xr[1] xr[2] xr[3] xr[4] xr[5] xr[6] xr[7] xr[8] xr[9] xr[10] xr[11] xr[12] xr[13] xr[14] yr[0] yr[1] yr[2] yr[3]
v yr[4] yr[5] yr[6] yr[7] yr[8] yr[9] yr[10] yr[11] yr[12] yr[13] yr[14] lr[0] lr[1] lr[2] lr[3] lr[4] lr[5] lr[6] lr[7] lr[8] lr[9] lr[10] lr[11] lr[12] lr[13] lr[14] wr[0] wr[1] wr[2] wr[3] wr[4] wr[5] wr[6] wr[7] wr[8] wr[9] wr[10] wr[11] wr[12] wr[13] wr[14] xs[0] xs[1] xs[2] xs[3] xs[4] xs[5] xs[6] xs[7] ys[0] ys[1] ys[2] ys[3] ys[4] ys[5] ys[6] ys[7] lp[0][0] lp[0][1] lp[0][2] lp[0][3] lp[0][4] lp[0][5] lp[0][6] lp[0][7] aux_gb[0] aux_gb[1] aux_gb[2] aux_gb[3] aux_gb[4] aux_gb[5] aux_gb[6] aux_gb[7] aux_gb[8] aux_gb[9] aux_gb[10] aux_gb[11] aux_gb[12] aux_gb[13] aux_gb[14]
v aux_gb[15] aux_gb[16] aux_gb[17] aux_gb[18] aux_gb[19] aux_gb[20] aux_gb[21] aux_gb[22] aux_gb[23] aux_gb[24] aux_gb[25] aux_gb[26] aux_gb[27] aux_gb[28] aux_gb[29] aux_gb[30] aux_gb[31] aux_gb[32] aux_gb[33] aux_gb[34] aux_gb[35] aux_gb[36] aux_gb[37] aux_gb[38] aux_gb[39] aux_gb[40] aux_gb[41] aux_gb[42] aux_gb[43] aux_gb[44] aux_gb[45] aux_gb[46] aux_gb[47] aux_gb[48] aux_gb[49] aux_gb[50] aux_gb[51] aux_gb[52] aux_gb[53] aux_gb[54] aux_gb[55] aux_gb[56] aux_gb[57] aux_gb[58] aux_gb[59] aux_gb[60] aux_gb[61] aux_gb[62] aux_gb[63] aux_gb[64] aux_gb[65] aux_gb[66] aux_gb[67]
v </list>
v <values>
v 1122 333 952 536 199 733 268 789 879 1002 0 3 657 1 1 0 3 204 32 234 1 232 32 0 204 0 0 2 0 0 0 0 0 0 2 0 0 1 1 1 1 1 1 1 1 1 1 1 1 1 1 0 1 1 1 1 1 1 0 1 1 333 952 805 608 536 199 733 268 789 879 1002 0 0 3 657 1 1 0 0
v 0 3 204 32 234 1 232 32 162 0 204 181 170 74 197 72 127 56 65 213 72 112 268 510 196 76 131 231 147 204 138 29 100 121 75 145 75 130 142 26 108 510 559 805 854 903 510 559 608 138 138 147 147 147 225 225 225 0 1 0 0 1 0 0 1 0 0 269 72 0 0 0 0 0 0 0 0 0 0 0
v 0 0 0 0 130 49 49 49 49 49 49 49 49 87 87 87 87 87 87 87 87 87 87 87 87 87 87 87 87 49 49 49 49 49 49 49 49 49 87 49 87 49 87 49 87 49 87 49 87 49 87 49 87
v </values>
v </instantiation>
