# WCTIME: wall clock time in seconds
WCTIME=8.46816
# CPUTIME: CPU time in seconds (USERTIME+SYSTEMTIME)
CPUTIME=8.39216
# USERTIME: CPU time spent in user mode in seconds
USERTIME=8.27003
# SYSTEMTIME: CPU time spent in system mode in seconds
SYSTEMTIME=0.12213
# CPUUSAGE: CPUTIME/WCTIME in percent
CPUUSAGE=99.1026
# MAXVM: maximum virtual memory used in KiB
MAXVM=310700
# MAXMM: maximum memory used in KiB
MAXMM=133124
# MAXRSS: maximum Resident Segment Size in KiB
MAXRSS=137168
# TIMEOUT: did the solver exceed the time limit?
TIMEOUT=false
# MEMOUT: did the solver exceed the memory limit?
MEMOUT=false
# EXITSTATUS: Exit status of the solver
EXITSTATUS=0
