# WCTIME: wall clock time in seconds
WCTIME=3.21147
# CPUTIME: CPU time in seconds (USERTIME+SYSTEMTIME)
CPUTIME=4.68138
# USERTIME: CPU time spent in user mode in seconds
USERTIME=4.53609
# SYSTEMTIME: CPU time spent in system mode in seconds
SYSTEMTIME=0.14529
# CPUUSAGE: CPUTIME/WCTIME in percent
CPUUSAGE=145.771
# MAXVM: maximum virtual memory used in KiB
MAXVM=1190892
# MAXMM: maximum memory used in KiB
MAXMM=113940
# MAXRSS: maximum Resident Segment Size in KiB
MAXRSS=113940
# TIMEOUT: did the solver exceed the time limit?
TIMEOUT=false
# MEMOUT: did the solver exceed the memory limit?
MEMOUT=false
# EXITSTATUS: Exit status of the solver
EXITSTATUS=0
