# WCTIME: wall clock time in seconds
WCTIME=1800.15
# CPUTIME: CPU time in seconds (USERTIME+SYSTEMTIME)
CPUTIME=1788.94
# USERTIME: CPU time spent in user mode in seconds
USERTIME=1786.68
# SYSTEMTIME: CPU time spent in system mode in seconds
SYSTEMTIME=2.25788
# CPUUSAGE: CPUTIME/WCTIME in percent
CPUUSAGE=99.3771
# MAXVM: maximum virtual memory used in KiB
MAXVM=363552
# MAXMM: maximum memory used in KiB
MAXMM=178344
# MAXRSS: maximum Resident Segment Size in KiB
MAXRSS=192208
# TIMEOUT: did the solver exceed the time limit?
TIMEOUT=true
# MEMOUT: did the solver exceed the memory limit?
MEMOUT=false
# EXITSTATUS: Exit status of the solver
EXITSTATUS=36608
