# WCTIME: wall clock time in seconds
WCTIME=1800.27
# CPUTIME: CPU time in seconds (USERTIME+SYSTEMTIME)
CPUTIME=1792.45
# USERTIME: CPU time spent in user mode in seconds
USERTIME=1724.28
# SYSTEMTIME: CPU time spent in system mode in seconds
SYSTEMTIME=68.1732
# CPUUSAGE: CPUTIME/WCTIME in percent
CPUUSAGE=99.5656
# MAXVM: maximum virtual memory used in KiB
MAXVM=35929492
# MAXMM: maximum memory used in KiB
MAXMM=29909852
# MAXRSS: maximum Resident Segment Size in KiB
MAXRSS=30184716
# TIMEOUT: did the solver exceed the time limit?
TIMEOUT=true
# MEMOUT: did the solver exceed the memory limit?
MEMOUT=false
# EXITSTATUS: Exit status of the solver
EXITSTATUS=36608
