# WCTIME: wall clock time in seconds
WCTIME=2.19653
# CPUTIME: CPU time in seconds (USERTIME+SYSTEMTIME)
CPUTIME=4.8016
# USERTIME: CPU time spent in user mode in seconds
USERTIME=4.64522
# SYSTEMTIME: CPU time spent in system mode in seconds
SYSTEMTIME=0.156382
# CPUUSAGE: CPUTIME/WCTIME in percent
CPUUSAGE=218.599
# MAXVM: maximum virtual memory used in KiB
MAXVM=1180008
# MAXMM: maximum memory used in KiB
MAXMM=109556
# MAXRSS: maximum Resident Segment Size in KiB
MAXRSS=111480
# TIMEOUT: did the solver exceed the time limit?
TIMEOUT=false
# MEMOUT: did the solver exceed the memory limit?
MEMOUT=false
# EXITSTATUS: Exit status of the solver
EXITSTATUS=0
