================ Slurm Info ================
DATE      = 2026-05-24T18:56:40+09:00
PARTITION = gr10609b
JOB_ID    = 19786741_153
JOB_NAME  = xcsp-parse-cop165-logscop-boundprop-20260524-4a162509-q10609
NNODES    = 1
RSC_OPT   = p=1:t=28:c=28:m=112000M
============================================
job_id=19792354 task_id=153 instance_id=153
instance_relpath=COP22to25/FlexibleJobshopScen-dh-5-20-080_c25.xml.lzma
row_file=/LARGE0/gr10609/b39275/xcsp3instances/results/kat-cop-cumulative-165-log-scop-directexpr-cumext-boundprop-binary-1800-20260524-4a162509-q10609/rows/row-19792354-153-153.csv
runsolver_values_log=/LARGE0/gr10609/b39275/xcsp3instances/slurm-logs/runsolver/runsolver-kat-cop-cumulative-165-log-scop-directexpr-cumext-boundprop-binary-1800-20260524-4a162509-q10609-19792354-153-153/values.log
runsolver_solver_log=/LARGE0/gr10609/b39275/xcsp3instances/slurm-logs/runsolver/runsolver-kat-cop-cumulative-165-log-scop-directexpr-cumext-boundprop-binary-1800-20260524-4a162509-q10609-19792354-153-153/output.log
runsolver version 3.4.1 (svn: 3018) Copyright (C) 2010-2013 Olivier ROUSSEL

This program is distributed in the hope that it will be useful,
but WITHOUT ANY WARRANTY; without even the implied warranty of
MERCHANTABILITY or FITNESS FOR A PARTICULAR PURPOSE.  See the
GNU General Public License for more details.

NUMA information:
  number of nodes: 8
  memory of node 0: 63700 MiB (60699 MiB free)
  memory of node 1: 64504 MiB (63285 MiB free)
  memory of node 2: 64504 MiB (63746 MiB free)
  memory of node 3: 64461 MiB (63666 MiB free)
  memory of node 4: 64504 MiB (63086 MiB free)
  memory of node 5: 64504 MiB (63407 MiB free)
  memory of node 6: 64504 MiB (46534 MiB free)
  memory of node 7: 64491 MiB (53815 MiB free)
  node distances:
     10  12  12  12  21  21  21  21
     12  10  12  12  21  21  21  21
     12  12  10  12  21  21  21  21
     12  12  12  10  21  21  21  21
     21  21  21  21  10  12  12  12
     21  21  21  21  12  10  12  12
     21  21  21  21  12  12  10  12
     21  21  21  21  12  12  12  10

command line: runsolver -W 1800 -C 1800 -v /logs/runsolver/runsolver-kat-cop-cumulative-165-log-scop-directexpr-cumext-boundprop-binary-1800-20260524-4a162509-q10609-19792354-153-153/values.log -o /logs/runsolver/runsolver-kat-cop-cumulative-165-log-scop-directexpr-cumext-boundprop-binary-1800-20260524-4a162509-q10609-19792354-153-153/output.log bash -lc 
set -euo pipefail
if [[ -n "${PARSER_ARGS:-}" ]]; then
  eval "set -- ${PARSER_ARGS}"
  "$PARSER_BIN" "$INSTANCE_PATH" "$@"
else
  "$PARSER_BIN" "$INSTANCE_PATH"
fi
 

running on 33 cores: 60-67,73-86,188-198

Enforcing wall clock limit (soft limit, will send SIGTERM then SIGKILL): 1800 seconds
Enforcing CPUTime limit (soft limit, will send SIGTERM then SIGKILL): 1800 seconds
Enforcing CPUTime limit (hard limit, will send SIGXCPU): 1830 seconds
Linux 4.18.0-553.111.1.el8_10.x86_64
Current StackSize limit: 18014398509481983 KiB

solver pid=1020964, runsolver pid=1020963

[startup+0.100091 s]*
/proc/loadavg: 141.36 137.25 133.84 138/3394 1020968
/proc/meminfo: memFree=490004176/527542244 swapFree=32976212/33554428
[pid=1020964] ppid=1020963 vsize=4244 memory=2972 CPUtime=0 cores=56,58-70,73-86,168,170-182,185-198
/proc/1020964/stat : 1020964 (bash) S 1020963 1020964 1020860 0 -1 4194304 272 137 0 0 0 0 0 0 20 0 1 0 202001270 4345856 743 117440512000 93845782609920 93845783591837 140726973586128 0 0 0 65536 4 65538 0 0 0 17 64 0 0 0 0 0 93845783825136 93845783873380 93845791408128 140726973590750 140726973590926 140726973590926 140726973603818 0
/proc/1020964/statm: 1061 743 648 240 0 187 0
[pid=1020967] ppid=1020964 vsize=206844 memory=1036 CPUtime=0.13 cores=56,58-70,73-86,168,170-182,185-198
/proc/1020967/stat : 1020967 (kat_xcsp_4a1625) S 1020964 1020964 1020860 0 -1 1077936128 396 0 2 0 0 13 0 0 20 0 3 0 202001272 211808256 259 117440512000 22810012442624 22810020150208 140726970908704 0 0 0 0 4096 8406082 0 0 0 17 178 0 0 0 0 0 22810020262704 22810020283920 93825019621376 140726970911780 140726970912111 140726970912111 140726970925013 0
/proc/1020967/statm: 51711 259 184 1882 0 17099 0
[pid=1020967/tid=1020968] ppid=1020964 vsize=208636 memory=86255004 CPUtime=0.13 cores=56,58-70,73-86,168,170-182,185-198
/proc/1020967/task/1020968/stat : 1020968 (kat_xcsp_4a1625) R 1020964 1020964 1020860 0 -1 4194368 405 0 0 0 0 13 0 0 20 0 3 0 202001273 213643264 464 117440512000 22810012442624 22810020150208 140726970908704 0 0 0 0 4096 8406082 0 0 0 -1 68 0 0 0 0 0 22810020262704 22810020283920 93825019621376 140726970911780 140726970912111 140726970912111 140726970925013 0
[pid=1020967/tid=1020969] ppid=1020964 vsize=208636 memory=86328698 CPUtime=0 cores=56,58-70,73-86,168,170-182,185-198
/proc/1020967/task/1020969/stat : 1020969 (kat_xcsp_4a1625) S 1020964 1020964 1020860 0 -1 1077936192 2 0 0 0 0 0 0 0 20 0 3 0 202001288 213643264 464 117440512000 22810012442624 22810020150208 140726970908704 0 0 0 0 4096 8406082 0 0 0 -1 56 0 0 0 0 0 22810020262704 22810020283920 93825019621376 140726970911780 140726970912111 140726970912111 140726970925013 0
Current children cumulated CPU time: 0.13 s
Current children cumulated vsize: 211088 KiB
Current children cumulated memory: 4008 KiB

[startup+0.314804 s]*
/proc/loadavg: 141.36 137.25 133.84 139/3395 1020969
/proc/meminfo: memFree=490292032/527542244 swapFree=32976212/33554428
[pid=1020964] ppid=1020963 vsize=4244 memory=2972 CPUtime=0 cores=56,58-70,73-86,168,170-182,185-198
/proc/1020964/stat : 1020964 (bash) S 1020963 1020964 1020860 0 -1 4194304 272 137 0 0 0 0 0 0 20 0 1 0 202001270 4345856 743 117440512000 93845782609920 93845783591837 140726973586128 0 0 0 65536 4 65538 0 0 0 17 64 0 0 0 0 0 93845783825136 93845783873380 93845791408128 140726973590750 140726973590926 140726973590926 140726973603818 0
/proc/1020964/statm: 1061 743 648 240 0 187 0
[pid=1020967] ppid=1020964 vsize=222620 memory=66860 CPUtime=0.34 cores=56,58-70,73-86,168,170-182,185-198
/proc/1020967/stat : 1020967 (kat_xcsp_4a1625) S 1020964 1020964 1020860 0 -1 1077936128 15364 0 2 0 18 16 0 0 20 0 3 0 202001272 227962880 16715 117440512000 22810012442624 22810020150208 140726970908704 0 0 0 0 4096 8406082 0 0 0 17 178 0 0 0 0 0 22810020262704 22810020283920 93825019621376 140726970911780 140726970912111 140726970912111 140726970925013 0
/proc/1020967/statm: 55655 16715 628 1882 0 34210 0
[pid=1020967/tid=1020968] ppid=1020964 vsize=222620 memory=86255004 CPUtime=0.34 cores=56,58-70,73-86,168,170-182,185-198
/proc/1020967/task/1020968/stat : 1020968 (kat_xcsp_4a1625) R 1020964 1020964 1020860 0 -1 4194368 15518 0 0 0 18 16 0 0 20 0 3 0 202001273 227962880 17111 117440512000 22810012442624 22810020150208 140726970908704 0 0 0 0 4096 8406082 0 0 0 -1 68 0 0 0 0 0 22810020262704 22810020283920 93825019621376 140726970911780 140726970912111 140726970912111 140726970925013 0
[pid=1020967/tid=1020969] ppid=1020964 vsize=222620 memory=86328698 CPUtime=0 cores=56,58-70,73-86,168,170-182,185-198
/proc/1020967/task/1020969/stat : 1020969 (kat_xcsp_4a1625) S 1020964 1020964 1020860 0 -1 1077936192 2 0 0 0 0 0 0 0 20 0 3 0 202001288 227962880 17111 117440512000 22810012442624 22810020150208 140726970908704 0 0 0 0 4096 8406082 0 0 0 -1 56 0 0 0 0 0 22810020262704 22810020283920 93825019621376 140726970911780 140726970912111 140726970912111 140726970925013 0
Current children cumulated CPU time: 0.34 s
Current children cumulated vsize: 226864 KiB
Current children cumulated memory: 69832 KiB

[startup+0.512037 s]*
/proc/loadavg: 141.36 137.25 133.84 138/3395 1020969
/proc/meminfo: memFree=490202004/527542244 swapFree=32976212/33554428
[pid=1020964] ppid=1020963 vsize=4244 memory=2972 CPUtime=0 cores=56,58-70,73-86,168,170-182,185-198
/proc/1020964/stat : 1020964 (bash) S 1020963 1020964 1020860 0 -1 4194304 272 137 0 0 0 0 0 0 20 0 1 0 202001270 4345856 743 117440512000 93845782609920 93845783591837 140726973586128 0 0 0 65536 4 65538 0 0 0 17 64 0 0 0 0 0 93845783825136 93845783873380 93845791408128 140726973590750 140726973590926 140726973590926 140726973603818 0
/proc/1020964/statm: 1061 743 648 240 0 187 0
[pid=1020967] ppid=1020964 vsize=288228 memory=94152 CPUtime=0.53 cores=56,58-70,73-86,168,170-182,185-198
/proc/1020967/stat : 1020967 (kat_xcsp_4a1625) S 1020964 1020964 1020860 0 -1 1077936128 21880 0 2 0 36 17 0 0 20 0 3 0 202001272 295145472 23538 117440512000 22810012442624 22810020150208 140726970908704 0 0 0 0 4096 8406082 0 0 0 17 178 0 0 0 0 0 22810020262704 22810020283920 93825019621376 140726970911780 140726970912111 140726970912111 140726970925013 0
/proc/1020967/statm: 72057 23538 722 1882 0 40497 0
[pid=1020967/tid=1020968] ppid=1020964 vsize=288228 memory=3633103504400463185 CPUtime=0.54 cores=56,58-70,73-86,168,170-182,185-198
/proc/1020967/task/1020968/stat : 1020968 (kat_xcsp_4a1625) R 1020964 1020964 1020860 0 -1 4194368 21604 0 0 0 37 17 0 0 20 0 3 0 202001273 295145472 23538 117440512000 22810012442624 22810020150208 140726970908704 0 0 0 0 4096 8406082 0 0 0 -1 68 0 0 0 0 0 22810020262704 22810020283920 93825019621376 140726970911780 140726970912111 140726970912111 140726970925013 0
[pid=1020967/tid=1020969] ppid=1020964 vsize=288228 memory=3689909552750539863 CPUtime=0 cores=56,58-70,73-86,168,170-182,185-198
/proc/1020967/task/1020969/stat : 1020969 (kat_xcsp_4a1625) S 1020964 1020964 1020860 0 -1 1077936192 2 0 0 0 0 0 0 0 20 0 3 0 202001288 295145472 23538 117440512000 22810012442624 22810020150208 140726970908704 0 0 0 0 4096 8406082 0 0 0 -1 56 0 0 0 0 0 22810020262704 22810020283920 93825019621376 140726970911780 140726970912111 140726970912111 140726970925013 0
Current children cumulated CPU time: 0.53 s
Current children cumulated vsize: 292472 KiB
Current children cumulated memory: 97124 KiB

[startup+0.710768 s]*
/proc/loadavg: 141.36 137.25 133.84 138/3395 1020969
/proc/meminfo: memFree=490182256/527542244 swapFree=32976212/33554428
[pid=1020964] ppid=1020963 vsize=4244 memory=2972 CPUtime=0 cores=56,58-70,73-86,168,170-182,185-198
/proc/1020964/stat : 1020964 (bash) S 1020963 1020964 1020860 0 -1 4194304 272 137 0 0 0 0 0 0 20 0 1 0 202001270 4345856 743 117440512000 93845782609920 93845783591837 140726973586128 0 0 0 65536 4 65538 0 0 0 17 64 0 0 0 0 0 93845783825136 93845783873380 93845791408128 140726973590750 140726973590926 140726973590926 140726973603818 0
/proc/1020964/statm: 1061 743 648 240 0 187 0
[pid=1020967] ppid=1020964 vsize=288228 memory=94152 CPUtime=0.73 cores=56,58-70,73-86,168,170-182,185-198
/proc/1020967/stat : 1020967 (kat_xcsp_4a1625) S 1020964 1020964 1020860 0 -1 1077936128 21890 0 2 0 56 17 0 0 20 0 3 0 202001272 295145472 23538 117440512000 22810012442624 22810020150208 140726970908704 0 0 0 0 4096 8406082 0 0 0 17 178 0 0 0 0 0 22810020262704 22810020283920 93825019621376 140726970911780 140726970912111 140726970912111 140726970925013 0
/proc/1020967/statm: 72057 23538 722 1882 0 40497 0
[pid=1020967/tid=1020968] ppid=1020964 vsize=288228 memory=86255004 CPUtime=0.73 cores=56,58-70,73-86,168,170-182,185-198
/proc/1020967/task/1020968/stat : 1020968 (kat_xcsp_4a1625) R 1020964 1020964 1020860 0 -1 4194368 21612 0 0 0 56 17 0 0 20 0 3 0 202001273 295145472 23538 117440512000 22810012442624 22810020150208 140726970908704 0 0 0 0 4096 8406082 0 0 0 -1 68 0 0 0 0 0 22810020262704 22810020283920 93825019621376 140726970911780 140726970912111 140726970912111 140726970925013 0
[pid=1020967/tid=1020969] ppid=1020964 vsize=288228 memory=86328698 CPUtime=0 cores=56,58-70,73-86,168,170-182,185-198
/proc/1020967/task/1020969/stat : 1020969 (kat_xcsp_4a1625) S 1020964 1020964 1020860 0 -1 1077936192 2 0 0 0 0 0 0 0 20 0 3 0 202001288 295145472 23538 117440512000 22810012442624 22810020150208 140726970908704 0 0 0 0 4096 8406082 0 0 0 -1 56 0 0 0 0 0 22810020262704 22810020283920 93825019621376 140726970911780 140726970912111 140726970912111 140726970925013 0
Current children cumulated CPU time: 0.73 s
Current children cumulated vsize: 292472 KiB
Current children cumulated memory: 97124 KiB

[startup+1.50032 s]*
/proc/loadavg: 141.17 137.28 133.86 138/3395 1020969
/proc/meminfo: memFree=490182488/527542244 swapFree=32976212/33554428
[pid=1020964] ppid=1020963 vsize=4244 memory=2972 CPUtime=0 cores=56,58-70,73-86,168,170-182,185-198
/proc/1020964/stat : 1020964 (bash) S 1020963 1020964 1020860 0 -1 4194304 272 137 0 0 0 0 0 0 20 0 1 0 202001270 4345856 743 117440512000 93845782609920 93845783591837 140726973586128 0 0 0 65536 4 65538 0 0 0 17 64 0 0 0 0 0 93845783825136 93845783873380 93845791408128 140726973590750 140726973590926 140726973590926 140726973603818 0
/proc/1020964/statm: 1061 743 648 240 0 187 0
[pid=1020967] ppid=1020964 vsize=288228 memory=94484 CPUtime=1.51 cores=56,58-70,73-86,168,170-182,185-198
/proc/1020967/stat : 1020967 (kat_xcsp_4a1625) S 1020964 1020964 1020860 0 -1 1077936128 35107 0 2 0 133 18 0 0 20 0 3 0 202001272 295145472 23621 117440512000 22810012442624 22810020150208 140726970908704 0 0 0 0 4096 8406082 0 0 0 17 178 0 0 0 0 0 22810020262704 22810020283920 93825019621376 140726970911780 140726970912111 140726970912111 140726970925013 0
/proc/1020967/statm: 72057 23621 726 1882 0 40497 0
[pid=1020967/tid=1020968] ppid=1020964 vsize=288228 memory=3921343780451790930 CPUtime=1.52 cores=56,58-70,73-86,168,170-182,185-198
/proc/1020967/task/1020968/stat : 1020968 (kat_xcsp_4a1625) R 1020964 1020964 1020860 0 -1 4194368 34829 0 0 0 134 18 0 0 20 0 3 0 202001273 295145472 23621 117440512000 22810012442624 22810020150208 140726970908704 0 0 0 0 4096 8406082 0 0 0 -1 68 0 0 0 0 0 22810020262704 22810020283920 93825019621376 140726970911780 140726970912111 140726970912111 140726970925013 0
[pid=1020967/tid=1020969] ppid=1020964 vsize=288228 memory=4051041947887088724 CPUtime=0 cores=56,58-70,73-86,168,170-182,185-198
/proc/1020967/task/1020969/stat : 1020969 (kat_xcsp_4a1625) S 1020964 1020964 1020860 0 -1 1077936192 2 0 0 0 0 0 0 0 20 0 3 0 202001288 295145472 23621 117440512000 22810012442624 22810020150208 140726970908704 0 0 0 0 4096 8406082 0 0 0 -1 56 0 0 0 0 0 22810020262704 22810020283920 93825019621376 140726970911780 140726970912111 140726970912111 140726970925013 0
Current children cumulated CPU time: 1.51 s
Current children cumulated vsize: 292472 KiB
Current children cumulated memory: 97456 KiB

[startup+3.10032 s]
/proc/loadavg: 141.17 137.28 133.86 139/3395 1020969
/proc/meminfo: memFree=490177852/527542244 swapFree=32976212/33554428
[pid=1020964] ppid=1020963 vsize=4244 memory=2972 CPUtime=0 cores=56,58-70,73-86,168,170-182,185-198
/proc/1020964/stat : 1020964 (bash) S 1020963 1020964 1020860 0 -1 4194304 272 137 0 0 0 0 0 0 20 0 1 0 202001270 4345856 743 117440512000 93845782609920 93845783591837 140726973586128 0 0 0 65536 4 65538 0 0 0 17 64 0 0 0 0 0 93845783825136 93845783873380 93845791408128 140726973590750 140726973590926 140726973590926 140726973603818 0
/proc/1020964/statm: 1061 743 648 240 0 187 0
[pid=1020967] ppid=1020964 vsize=288228 memory=100700 CPUtime=3.01 cores=56,58-70,73-86,168,170-182,185-198
/proc/1020967/stat : 1020967 (kat_xcsp_4a1625) S 1020964 1020964 1020860 0 -1 1077936128 40373 0 2 0 282 19 0 0 20 0 3 0 202001272 295145472 25175 117440512000 22810012442624 22810020150208 140726970908704 0 0 0 0 4096 8406082 0 0 0 17 178 0 0 0 0 0 22810020262704 22810020283920 93825019621376 140726970911780 140726970912111 140726970912111 140726970925013 0
/proc/1020967/statm: 72057 25175 728 1882 0 42362 0
[pid=1020967/tid=1020968] ppid=1020964 vsize=288228 memory=5688 CPUtime=3.01 cores=56,58-70,73-86,168,170-182,185-198
/proc/1020967/task/1020968/stat : 1020968 (kat_xcsp_4a1625) R 1020964 1020964 1020860 0 -1 4194368 40125 0 0 0 282 19 0 0 20 0 3 0 202001273 295145472 25175 117440512000 22810012442624 22810020150208 140726970908704 0 0 0 0 4096 8406082 0 0 0 -1 68 0 0 0 0 0 22810020262704 22810020283920 93825019621376 140726970911780 140726970912111 140726970912111 140726970925013 0
[pid=1020967/tid=1020969] ppid=1020964 vsize=288228 memory=948 CPUtime=0 cores=56,58-70,73-86,168,170-182,185-198
/proc/1020967/task/1020969/stat : 1020969 (kat_xcsp_4a1625) S 1020964 1020964 1020860 0 -1 1077936192 2 0 0 0 0 0 0 0 20 0 3 0 202001288 295145472 25175 117440512000 22810012442624 22810020150208 140726970908704 0 0 0 0 4096 8406082 0 0 0 -1 56 0 0 0 0 0 22810020262704 22810020283920 93825019621376 140726970911780 140726970912111 140726970912111 140726970925013 0
Current children cumulated CPU time: 3.01 s
Current children cumulated vsize: 292472 KiB
Current children cumulated memory: 103672 KiB

[startup+6.30031 s]
/proc/loadavg: 141.17 137.28 133.86 139/3395 1020969
/proc/meminfo: memFree=490118876/527542244 swapFree=32976212/33554428
[pid=1020964] ppid=1020963 vsize=4244 memory=2972 CPUtime=0 cores=56,58-70,73-86,168,170-182,185-198
/proc/1020964/stat : 1020964 (bash) S 1020963 1020964 1020860 0 -1 4194304 272 137 0 0 0 0 0 0 20 0 1 0 202001270 4345856 743 117440512000 93845782609920 93845783591837 140726973586128 0 0 0 65536 4 65538 0 0 0 17 64 0 0 0 0 0 93845783825136 93845783873380 93845791408128 140726973590750 140726973590926 140726973590926 140726973603818 0
/proc/1020964/statm: 1061 743 648 240 0 187 0
[pid=1020967] ppid=1020964 vsize=320188 memory=151308 CPUtime=6.18 cores=56,58-70,73-86,168,170-182,185-198
/proc/1020967/stat : 1020967 (kat_xcsp_4a1625) S 1020964 1020964 1020860 0 -1 1077936128 73552 0 2 0 595 23 0 0 20 0 3 0 202001272 327872512 37827 117440512000 22810012442624 22810020150208 140726970908704 0 0 0 0 4096 8406082 0 0 0 17 178 0 0 0 0 0 22810020262704 22810020283920 93825019621376 140726970911780 140726970912111 140726970912111 140726970925013 0
/proc/1020967/statm: 80047 37827 748 1882 0 58492 0
[pid=1020967/tid=1020968] ppid=1020964 vsize=320188 memory=100788 CPUtime=6.18 cores=56,58-70,73-86,168,170-182,185-198
/proc/1020967/task/1020968/stat : 1020968 (kat_xcsp_4a1625) R 1020964 1020964 1020860 0 -1 4194368 73274 0 0 0 595 23 0 0 20 0 3 0 202001273 327872512 37827 117440512000 22810012442624 22810020150208 140726970908704 0 0 0 0 4096 8406082 0 0 0 -1 68 0 0 0 0 0 22810020262704 22810020283920 93825019621376 140726970911780 140726970912111 140726970912111 140726970925013 0
[pid=1020967/tid=1020969] ppid=1020964 vsize=320188 memory=64001267 CPUtime=0 cores=56,58-70,73-86,168,170-182,185-198
/proc/1020967/task/1020969/stat : 1020969 (kat_xcsp_4a1625) S 1020964 1020964 1020860 0 -1 1077936192 2 0 0 0 0 0 0 0 20 0 3 0 202001288 327872512 37827 117440512000 22810012442624 22810020150208 140726970908704 0 0 0 0 4096 8406082 0 0 0 -1 56 0 0 0 0 0 22810020262704 22810020283920 93825019621376 140726970911780 140726970912111 140726970912111 140726970925013 0
Current children cumulated CPU time: 6.18 s
Current children cumulated vsize: 324432 KiB
Current children cumulated memory: 154280 KiB

[startup+12.7124 s]
/proc/loadavg: 140.76 137.32 133.91 139/3393 1020980
/proc/meminfo: memFree=489971720/527542244 swapFree=32976212/33554428
[pid=1020964] ppid=1020963 vsize=4244 memory=2972 CPUtime=0 cores=56,58-70,73-86,168,170-182,185-198
/proc/1020964/stat : 1020964 (bash) S 1020963 1020964 1020860 0 -1 4194304 272 137 0 0 0 0 0 0 20 0 1 0 202001270 4345856 743 117440512000 93845782609920 93845783591837 140726973586128 0 0 0 65536 4 65538 0 0 0 17 64 0 0 0 0 0 93845783825136 93845783873380 93845791408128 140726973590750 140726973590926 140726973590926 140726973603818 0
/proc/1020964/statm: 1061 743 648 240 0 187 0
[pid=1020967] ppid=1020964 vsize=390700 memory=226296 CPUtime=12.57 cores=56,58-70,73-86,168,170-182,185-198
/proc/1020967/stat : 1020967 (kat_xcsp_4a1625) S 1020964 1020964 1020860 0 -1 1077936128 112417 0 2 0 1229 28 0 0 20 0 3 0 202001272 400076800 56574 117440512000 22810012442624 22810020150208 140726970908704 0 0 0 0 4096 8406082 0 0 0 17 178 0 0 0 0 0 22810020262704 22810020283920 93825019621376 140726970911780 140726970912111 140726970912111 140726970925013 0
/proc/1020967/statm: 97675 56574 804 1882 0 73987 0
[pid=1020967/tid=1020968] ppid=1020964 vsize=390700 memory=2972 CPUtime=12.57 cores=56,58-70,73-86,168,170-182,185-198
/proc/1020967/task/1020968/stat : 1020968 (kat_xcsp_4a1625) R 1020964 1020964 1020860 0 -1 4194368 112139 0 0 0 1229 28 0 0 20 0 3 0 202001273 400076800 56574 117440512000 22810012442624 22810020150208 140726970908704 0 0 0 0 4096 8406082 0 0 0 -1 68 0 0 0 0 0 22810020262704 22810020283920 93825019621376 140726970911780 140726970912111 140726970912111 140726970925013 0
[pid=1020967/tid=1020969] ppid=1020964 vsize=390700 memory=7552 CPUtime=0 cores=56,58-70,73-86,168,170-182,185-198
/proc/1020967/task/1020969/stat : 1020969 (kat_xcsp_4a1625) S 1020964 1020964 1020860 0 -1 1077936192 2 0 0 0 0 0 0 0 20 0 3 0 202001288 400076800 56574 117440512000 22810012442624 22810020150208 140726970908704 0 0 0 0 4096 8406082 0 0 0 -1 56 0 0 0 0 0 22810020262704 22810020283920 93825019621376 140726970911780 140726970912111 140726970912111 140726970925013 0
Current children cumulated CPU time: 12.57 s
Current children cumulated vsize: 394944 KiB
Current children cumulated memory: 229268 KiB

[startup+25.5003 s]
/proc/loadavg: 140.49 137.38 133.97 139/3396 1021009
/proc/meminfo: memFree=489657000/527542244 swapFree=32976212/33554428
[pid=1020964] ppid=1020963 vsize=4244 memory=2972 CPUtime=0 cores=56,58-70,73-86,168,170-182,185-198
/proc/1020964/stat : 1020964 (bash) S 1020963 1020964 1020860 0 -1 4194304 272 137 0 0 0 0 0 0 20 0 1 0 202001270 4345856 743 117440512000 93845782609920 93845783591837 140726973586128 0 0 0 65536 4 65538 0 0 0 17 64 0 0 0 0 0 93845783825136 93845783873380 93845791408128 140726973590750 140726973590926 140726973590926 140726973603818 0
/proc/1020964/statm: 1061 743 648 240 0 187 0
[pid=1020967] ppid=1020964 vsize=420080 memory=257164 CPUtime=25.28 cores=56,58-70,73-86,168,170-182,185-198
/proc/1020967/stat : 1020967 (kat_xcsp_4a1625) S 1020964 1020964 1020860 0 -1 1077936128 150127 0 2 0 2495 33 0 0 20 0 3 0 202001272 430161920 64291 117440512000 22810012442624 22810020150208 140726970908704 0 0 0 0 4096 8406082 0 0 0 17 178 0 0 0 0 0 22810020262704 22810020283920 93825019621376 140726970911780 140726970912111 140726970912111 140726970925013 0
/proc/1020967/statm: 105020 64291 807 1882 0 85005 0
[pid=1020967/tid=1020968] ppid=1020964 vsize=420080 memory=2972 CPUtime=25.28 cores=56,58-70,73-86,168,170-182,185-198
/proc/1020967/task/1020968/stat : 1020968 (kat_xcsp_4a1625) R 1020964 1020964 1020860 0 -1 4194368 149849 0 0 0 2495 33 0 0 20 0 3 0 202001273 430161920 64291 117440512000 22810012442624 22810020150208 140726970908704 0 0 0 0 4096 8406082 0 0 0 -1 68 0 0 0 0 0 22810020262704 22810020283920 93825019621376 140726970911780 140726970912111 140726970912111 140726970925013 0
[pid=1020967/tid=1020969] ppid=1020964 vsize=420080 memory=7552 CPUtime=0 cores=56,58-70,73-86,168,170-182,185-198
/proc/1020967/task/1020969/stat : 1020969 (kat_xcsp_4a1625) S 1020964 1020964 1020860 0 -1 1077936192 2 0 0 0 0 0 0 0 20 0 3 0 202001288 430161920 64291 117440512000 22810012442624 22810020150208 140726970908704 0 0 0 0 4096 8406082 0 0 0 -1 56 0 0 0 0 0 22810020262704 22810020283920 93825019621376 140726970911780 140726970912111 140726970912111 140726970925013 0
Current children cumulated CPU time: 25.28 s
Current children cumulated vsize: 424324 KiB
Current children cumulated memory: 260136 KiB

[startup+51.2125 s]
/proc/loadavg: 140.05 137.52 134.11 141/3396 1021033
/proc/meminfo: memFree=489353464/527542244 swapFree=32976212/33554428
[pid=1020964] ppid=1020963 vsize=4244 memory=2972 CPUtime=0 cores=56,58-70,73-86,168,170-182,185-198
/proc/1020964/stat : 1020964 (bash) S 1020963 1020964 1020860 0 -1 4194304 272 137 0 0 0 0 0 0 20 0 1 0 202001270 4345856 743 117440512000 93845782609920 93845783591837 140726973586128 0 0 0 65536 4 65538 0 0 0 17 64 0 0 0 0 0 93845783825136 93845783873380 93845791408128 140726973590750 140726973590926 140726973590926 140726973603818 0
/proc/1020964/statm: 1061 743 648 240 0 187 0
[pid=1020967] ppid=1020964 vsize=407492 memory=230720 CPUtime=50.84 cores=56,58-70,73-86,168,170-182,185-198
/proc/1020967/stat : 1020967 (kat_xcsp_4a1625) S 1020964 1020964 1020860 0 -1 1077936128 276746 0 2 0 5039 45 0 0 20 0 3 0 202001272 417271808 57680 117440512000 22810012442624 22810020150208 140726970908704 0 0 0 0 4096 8406082 0 0 0 17 178 0 0 0 0 0 22810020262704 22810020283920 93825019621376 140726970911780 140726970912111 140726970912111 140726970925013 0
/proc/1020967/statm: 101873 57680 810 1882 0 74448 0
[pid=1020967/tid=1020968] ppid=1020964 vsize=407492 memory=7552 CPUtime=50.84 cores=56,58-70,73-86,168,170-182,185-198
/proc/1020967/task/1020968/stat : 1020968 (kat_xcsp_4a1625) R 1020964 1020964 1020860 0 -1 4194368 276468 0 0 0 5039 45 0 0 20 0 3 0 202001273 417271808 57680 117440512000 22810012442624 22810020150208 140726970908704 0 0 0 0 4096 8406082 0 0 0 -1 168 0 0 0 0 0 22810020262704 22810020283920 93825019621376 140726970911780 140726970912111 140726970912111 140726970925013 0
[pid=1020967/tid=1020969] ppid=1020964 vsize=407492 memory=2972 CPUtime=0 cores=56,58-70,73-86,168,170-182,185-198
/proc/1020967/task/1020969/stat : 1020969 (kat_xcsp_4a1625) S 1020964 1020964 1020860 0 -1 1077936192 2 0 0 0 0 0 0 0 20 0 3 0 202001288 417271808 57680 117440512000 22810012442624 22810020150208 140726970908704 0 0 0 0 4096 8406082 0 0 0 -1 56 0 0 0 0 0 22810020262704 22810020283920 93825019621376 140726970911780 140726970912111 140726970912111 140726970925013 0
Current children cumulated CPU time: 50.84 s
Current children cumulated vsize: 411736 KiB
Current children cumulated memory: 233692 KiB

[startup+102.3 s]
/proc/loadavg: 139.44 137.82 134.41 138/3396 1021084
/proc/meminfo: memFree=488667276/527542244 swapFree=32976212/33554428
[pid=1020964] ppid=1020963 vsize=4244 memory=2972 CPUtime=0 cores=56,58-70,73-86,168,170-182,185-198
/proc/1020964/stat : 1020964 (bash) S 1020963 1020964 1020860 0 -1 4194304 272 137 0 0 0 0 0 0 20 0 1 0 202001270 4345856 743 117440512000 93845782609920 93845783591837 140726973586128 0 0 0 65536 4 65538 0 0 0 17 64 0 0 0 0 0 93845783825136 93845783873380 93845791408128 140726973590750 140726973590926 140726973590926 140726973603818 0
/proc/1020964/statm: 1061 743 648 240 0 187 0
[pid=1020967] ppid=1020964 vsize=407492 memory=247376 CPUtime=101.62 cores=56,58-70,73-86,168,170-182,185-198
/proc/1020967/stat : 1020967 (kat_xcsp_4a1625) S 1020964 1020964 1020860 0 -1 1077936128 349717 0 2 0 10109 53 0 0 20 0 3 0 202001272 417271808 61844 117440512000 22810012442624 22810020150208 140726970908704 0 0 0 0 4096 8406082 0 0 0 17 178 0 0 0 0 0 22810020262704 22810020283920 93825019621376 140726970911780 140726970912111 140726970912111 140726970925013 0
/proc/1020967/statm: 101873 61844 810 1882 0 78450 0
[pid=1020967/tid=1020968] ppid=1020964 vsize=407492 memory=4425516307706639914 CPUtime=101.61 cores=56,58-70,73-86,168,170-182,185-198
/proc/1020967/task/1020968/stat : 1020968 (kat_xcsp_4a1625) R 1020964 1020964 1020860 0 -1 4194368 349439 0 0 0 10109 52 0 0 20 0 3 0 202001273 417271808 61844 117440512000 22810012442624 22810020150208 140726970908704 0 0 0 0 4096 8406082 0 0 0 -1 168 0 0 1 0 0 22810020262704 22810020283920 93825019621376 140726970911780 140726970912111 140726970912111 140726970925013 0
[pid=1020967/tid=1020969] ppid=1020964 vsize=407492 memory=4425516307706639914 CPUtime=0 cores=56,58-70,73-86,168,170-182,185-198
/proc/1020967/task/1020969/stat : 1020969 (kat_xcsp_4a1625) S 1020964 1020964 1020860 0 -1 1077936192 2 0 0 0 0 0 0 0 20 0 3 0 202001288 417271808 61844 117440512000 22810012442624 22810020150208 140726970908704 0 0 0 0 4096 8406082 0 0 0 -1 56 0 0 0 0 0 22810020262704 22810020283920 93825019621376 140726970911780 140726970912111 140726970912111 140726970925013 0
Current children cumulated CPU time: 101.62 s
Current children cumulated vsize: 411736 KiB
Current children cumulated memory: 250348 KiB

[startup+162.312 s]
/proc/loadavg: 138.95 137.98 134.68 138/3397 1021136
/proc/meminfo: memFree=487829140/527542244 swapFree=32976212/33554428
[pid=1020964] ppid=1020963 vsize=4244 memory=2972 CPUtime=0 cores=56,58-70,73-86,168,170-182,185-198
/proc/1020964/stat : 1020964 (bash) S 1020963 1020964 1020860 0 -1 4194304 272 137 0 0 0 0 0 0 20 0 1 0 202001270 4345856 743 117440512000 93845782609920 93845783591837 140726973586128 0 0 0 65536 4 65538 0 0 0 17 64 0 0 0 0 0 93845783825136 93845783873380 93845791408128 140726973590750 140726973590926 140726973590926 140726973603818 0
/proc/1020964/statm: 1061 743 648 240 0 187 0
[pid=1020967] ppid=1020964 vsize=341956 memory=197364 CPUtime=161.29 cores=56,58-70,73-86,168,170-182,185-198
/proc/1020967/stat : 1020967 (kat_xcsp_4a1625) S 1020964 1020964 1020860 0 -1 1077936128 440335 0 2 0 16066 63 0 0 20 0 3 0 202001272 350162944 49341 117440512000 22810012442624 22810020150208 140726970908704 0 0 0 0 4096 8406082 0 0 0 17 178 0 0 0 0 0 22810020262704 22810020283920 93825019621376 140726970911780 140726970912111 140726970912111 140726970925013 0
/proc/1020967/statm: 85489 49341 810 1882 0 65947 0
[pid=1020967/tid=1020968] ppid=1020964 vsize=341956 memory=247376 CPUtime=161.29 cores=56,58-70,73-86,168,170-182,185-198
/proc/1020967/task/1020968/stat : 1020968 (kat_xcsp_4a1625) R 1020964 1020964 1020860 0 -1 4194368 440057 0 0 0 16066 63 0 0 20 0 3 0 202001273 350162944 49341 117440512000 22810012442624 22810020150208 140726970908704 0 0 0 0 4096 8406082 0 0 0 -1 168 0 0 1 0 0 22810020262704 22810020283920 93825019621376 140726970911780 140726970912111 140726970912111 140726970925013 0
[pid=1020967/tid=1020969] ppid=1020964 vsize=341956 memory=197364 CPUtime=0 cores=56,58-70,73-86,168,170-182,185-198
/proc/1020967/task/1020969/stat : 1020969 (kat_xcsp_4a1625) S 1020964 1020964 1020860 0 -1 1077936192 2 0 0 0 0 0 0 0 20 0 3 0 202001288 350162944 49341 117440512000 22810012442624 22810020150208 140726970908704 0 0 0 0 4096 8406082 0 0 0 -1 56 0 0 0 0 0 22810020262704 22810020283920 93825019621376 140726970911780 140726970912111 140726970912111 140726970925013 0
Current children cumulated CPU time: 161.29 s
Current children cumulated vsize: 346200 KiB
Current children cumulated memory: 200336 KiB

[startup+222.3 s]
/proc/loadavg: 138.68 138.08 134.92 139/3396 1021198
/proc/meminfo: memFree=487023112/527542244 swapFree=32976212/33554428
[pid=1020964] ppid=1020963 vsize=4244 memory=2972 CPUtime=0 cores=56,58-70,73-86,168,170-182,185-198
/proc/1020964/stat : 1020964 (bash) S 1020963 1020964 1020860 0 -1 4194304 272 137 0 0 0 0 0 0 20 0 1 0 202001270 4345856 743 117440512000 93845782609920 93845783591837 140726973586128 0 0 0 65536 4 65538 0 0 0 17 64 0 0 0 0 0 93845783825136 93845783873380 93845791408128 140726973590750 140726973590926 140726973590926 140726973603818 0
/proc/1020964/statm: 1061 743 648 240 0 187 0
[pid=1020967] ppid=1020964 vsize=362008 memory=218984 CPUtime=220.92 cores=56,58-70,73-86,168,170-182,185-198
/proc/1020967/stat : 1020967 (kat_xcsp_4a1625) S 1020964 1020964 1020860 0 -1 1077936128 474749 0 2 0 22025 67 0 0 20 0 3 0 202001272 370696192 54746 117440512000 22810012442624 22810020150208 140726970908704 0 0 0 0 4096 8406082 0 0 0 17 178 0 0 0 0 0 22810020262704 22810020283920 93825019621376 140726970911780 140726970912111 140726970912111 140726970925013 0
/proc/1020967/statm: 90502 54746 810 1882 0 70960 0
[pid=1020967/tid=1020968] ppid=1020964 vsize=362008 memory=247376 CPUtime=220.91 cores=56,58-70,73-86,168,170-182,185-198
/proc/1020967/task/1020968/stat : 1020968 (kat_xcsp_4a1625) R 1020964 1020964 1020860 0 -1 4194368 474471 0 0 0 22024 67 0 0 20 0 3 0 202001273 370696192 54746 117440512000 22810012442624 22810020150208 140726970908704 0 0 0 0 4096 8406082 0 0 0 -1 168 0 0 1 0 0 22810020262704 22810020283920 93825019621376 140726970911780 140726970912111 140726970912111 140726970925013 0
[pid=1020967/tid=1020969] ppid=1020964 vsize=362008 memory=2972 CPUtime=0 cores=56,58-70,73-86,168,170-182,185-198
/proc/1020967/task/1020969/stat : 1020969 (kat_xcsp_4a1625) S 1020964 1020964 1020860 0 -1 1077936192 2 0 0 0 0 0 0 0 20 0 3 0 202001288 370696192 54746 117440512000 22810012442624 22810020150208 140726970908704 0 0 0 0 4096 8406082 0 0 0 -1 56 0 0 0 0 0 22810020262704 22810020283920 93825019621376 140726970911780 140726970912111 140726970912111 140726970925013 0
Current children cumulated CPU time: 220.92 s
Current children cumulated vsize: 366252 KiB
Current children cumulated memory: 221956 KiB

[startup+282.3 s]
/proc/loadavg: 139.47 138.45 135.25 139/3392 1021272
/proc/meminfo: memFree=486118484/527542244 swapFree=32976212/33554428
[pid=1020964] ppid=1020963 vsize=4244 memory=2972 CPUtime=0 cores=56,58-70,73-86,168,170-182,185-198
/proc/1020964/stat : 1020964 (bash) S 1020963 1020964 1020860 0 -1 4194304 272 137 0 0 0 0 0 0 20 0 1 0 202001270 4345856 743 117440512000 93845782609920 93845783591837 140726973586128 0 0 0 65536 4 65538 0 0 0 17 64 0 0 0 0 0 93845783825136 93845783873380 93845791408128 140726973590750 140726973590926 140726973590926 140726973603818 0
/proc/1020964/statm: 1061 743 648 240 0 187 0
[pid=1020967] ppid=1020964 vsize=362152 memory=219124 CPUtime=280.56 cores=56,58-70,73-86,168,170-182,185-198
/proc/1020967/stat : 1020967 (kat_xcsp_4a1625) S 1020964 1020964 1020860 0 -1 1077936128 525332 0 2 0 27984 72 0 0 20 0 3 0 202001272 370843648 54781 117440512000 22810012442624 22810020150208 140726970908704 0 0 0 0 4096 8406082 0 0 0 17 178 0 0 0 0 0 22810020262704 22810020283920 93825019621376 140726970911780 140726970912111 140726970912111 140726970925013 0
/proc/1020967/statm: 90538 54781 810 1882 0 70996 0
[pid=1020967/tid=1020968] ppid=1020964 vsize=362152 memory=7511849785578520851 CPUtime=280.55 cores=56,58-70,73-86,168,170-182,185-198
/proc/1020967/task/1020968/stat : 1020968 (kat_xcsp_4a1625) R 1020964 1020964 1020860 0 -1 4194368 525054 0 0 0 27983 72 0 0 20 0 3 0 202001273 370843648 54781 117440512000 22810012442624 22810020150208 140726970908704 0 0 0 0 4096 8406082 0 0 0 -1 168 0 0 1 0 0 22810020262704 22810020283920 93825019621376 140726970911780 140726970912111 140726970912111 140726970925013 0
[pid=1020967/tid=1020969] ppid=1020964 vsize=362152 memory=10352 CPUtime=0 cores=56,58-70,73-86,168,170-182,185-198
/proc/1020967/task/1020969/stat : 1020969 (kat_xcsp_4a1625) S 1020964 1020964 1020860 0 -1 1077936192 2 0 0 0 0 0 0 0 20 0 3 0 202001288 370843648 54781 117440512000 22810012442624 22810020150208 140726970908704 0 0 0 0 4096 8406082 0 0 0 -1 56 0 0 0 0 0 22810020262704 22810020283920 93825019621376 140726970911780 140726970912111 140726970912111 140726970925013 0
Current children cumulated CPU time: 280.56 s
Current children cumulated vsize: 366396 KiB
Current children cumulated memory: 222096 KiB

[startup+342.3 s]
/proc/loadavg: 133.20 136.94 134.94 130/3333 1021612
/proc/meminfo: memFree=504494808/527542244 swapFree=32976212/33554428
[pid=1020964] ppid=1020963 vsize=4244 memory=2972 CPUtime=0 cores=56,58-70,73-86,168,170-182,185-198
/proc/1020964/stat : 1020964 (bash) S 1020963 1020964 1020860 0 -1 4194304 272 137 0 0 0 0 0 0 20 0 1 0 202001270 4345856 743 117440512000 93845782609920 93845783591837 140726973586128 0 0 0 65536 4 65538 0 0 0 17 64 0 0 0 0 0 93845783825136 93845783873380 93845791408128 140726973590750 140726973590926 140726973590926 140726973603818 0
/proc/1020964/statm: 1061 743 648 240 0 187 0
[pid=1020967] ppid=1020964 vsize=410744 memory=242120 CPUtime=339.73 cores=56,58-70,73-86,168,170-182,185-198
/proc/1020967/stat : 1020967 (kat_xcsp_4a1625) S 1020964 1020964 1020860 0 -1 1077936128 571935 0 99 0 33895 78 0 0 20 0 3 0 202001272 420601856 60530 117440512000 22810012442624 22810020150208 140726970908704 0 0 0 0 4096 8406082 0 0 0 17 178 0 0 0 0 0 22810020262704 22810020283920 93825019621376 140726970911780 140726970912111 140726970912111 140726970925013 0
/proc/1020967/statm: 102686 60530 43 1882 0 83144 0
[pid=1020967/tid=1020968] ppid=1020964 vsize=410744 memory=5688 CPUtime=339.72 cores=56,58-70,73-86,168,170-182,185-198
/proc/1020967/task/1020968/stat : 1020968 (kat_xcsp_4a1625) R 1020964 1020964 1020860 0 -1 4194368 571657 0 97 0 33895 77 0 0 20 0 3 0 202001273 420601856 60530 117440512000 22810012442624 22810020150208 140726970908704 0 0 0 0 4096 8406082 0 0 0 -1 69 0 0 1 0 0 22810020262704 22810020283920 93825019621376 140726970911780 140726970912111 140726970912111 140726970925013 0
[pid=1020967/tid=1020969] ppid=1020964 vsize=410744 memory=308 CPUtime=0 cores=56,58-70,73-86,168,170-182,185-198
/proc/1020967/task/1020969/stat : 1020969 (kat_xcsp_4a1625) S 1020964 1020964 1020860 0 -1 1077936192 2 0 0 0 0 0 0 0 20 0 3 0 202001288 420601856 60530 117440512000 22810012442624 22810020150208 140726970908704 0 0 0 0 4096 8406082 0 0 0 -1 56 0 0 0 0 0 22810020262704 22810020283920 93825019621376 140726970911780 140726970912111 140726970912111 140726970925013 0
Current children cumulated CPU time: 339.73 s
Current children cumulated vsize: 414988 KiB
Current children cumulated memory: 245092 KiB

[startup+402.3 s]
/proc/loadavg: 131.24 135.76 134.66 130/3387 1021809
/proc/meminfo: memFree=503456292/527542244 swapFree=32976212/33554428
[pid=1020964] ppid=1020963 vsize=4244 memory=2972 CPUtime=0 cores=56,58-70,73-86,168,170-182,185-198
/proc/1020964/stat : 1020964 (bash) S 1020963 1020964 1020860 0 -1 4194304 272 137 0 0 0 0 0 0 20 0 1 0 202001270 4345856 743 117440512000 93845782609920 93845783591837 140726973586128 0 0 0 65536 4 65538 0 0 0 17 64 0 0 0 0 0 93845783825136 93845783873380 93845791408128 140726973590750 140726973590926 140726973590926 140726973603818 0
/proc/1020964/statm: 1061 743 648 240 0 187 0
[pid=1020967] ppid=1020964 vsize=410804 memory=242904 CPUtime=398.48 cores=56,58-70,73-86,168,170-182,185-198
/proc/1020967/stat : 1020967 (kat_xcsp_4a1625) S 1020964 1020964 1020860 0 -1 1077936128 574132 0 279 0 39769 79 0 0 20 0 3 0 202001272 420663296 60726 117440512000 22810012442624 22810020150208 140726970908704 0 0 0 0 4096 8406082 0 0 0 17 178 0 0 0 0 0 22810020262704 22810020283920 93825019621376 140726970911780 140726970912111 140726970912111 140726970925013 0
/proc/1020967/statm: 102701 60726 228 1882 0 83159 0
[pid=1020967/tid=1020968] ppid=1020964 vsize=410804 memory=2972 CPUtime=398.47 cores=56,58-70,73-86,168,170-182,185-198
/proc/1020967/task/1020968/stat : 1020968 (kat_xcsp_4a1625) R 1020964 1020964 1020860 0 -1 4194368 573854 0 277 0 39769 78 0 0 20 0 3 0 202001273 420663296 60726 117440512000 22810012442624 22810020150208 140726970908704 0 0 0 0 4096 8406082 0 0 0 -1 69 0 0 1 0 0 22810020262704 22810020283920 93825019621376 140726970911780 140726970912111 140726970912111 140726970925013 0
[pid=1020967/tid=1020969] ppid=1020964 vsize=410804 memory=2972 CPUtime=0 cores=56,58-70,73-86,168,170-182,185-198
/proc/1020967/task/1020969/stat : 1020969 (kat_xcsp_4a1625) S 1020964 1020964 1020860 0 -1 1077936192 2 0 0 0 0 0 0 0 20 0 3 0 202001288 420663296 60726 117440512000 22810012442624 22810020150208 140726970908704 0 0 0 0 4096 8406082 0 0 0 -1 56 0 0 0 0 0 22810020262704 22810020283920 93825019621376 140726970911780 140726970912111 140726970912111 140726970925013 0
Current children cumulated CPU time: 398.48 s
Current children cumulated vsize: 415048 KiB
Current children cumulated memory: 245876 KiB

[startup+462.3 s]
/proc/loadavg: 131.24 134.91 134.43 127/3377 1022300
/proc/meminfo: memFree=501988788/527542244 swapFree=32976212/33554428
[pid=1020964] ppid=1020963 vsize=4244 memory=2972 CPUtime=0 cores=56,58-70,73-86,168,170-182,185-198
/proc/1020964/stat : 1020964 (bash) S 1020963 1020964 1020860 0 -1 4194304 272 137 0 0 0 0 0 0 20 0 1 0 202001270 4345856 743 117440512000 93845782609920 93845783591837 140726973586128 0 0 0 65536 4 65538 0 0 0 17 64 0 0 0 0 0 93845783825136 93845783873380 93845791408128 140726973590750 140726973590926 140726973590926 140726973603818 0
/proc/1020964/statm: 1061 743 648 240 0 187 0
[pid=1020967] ppid=1020964 vsize=362152 memory=216976 CPUtime=458.04 cores=56,58-70,73-86,168,170-182,185-198
/proc/1020967/stat : 1020967 (kat_xcsp_4a1625) S 1020964 1020964 1020860 0 -1 1077936128 606472 0 305 0 45722 82 0 0 20 0 3 0 202001272 370843648 54244 117440512000 22810012442624 22810020150208 140726970908704 0 0 0 0 4096 8406082 0 0 0 17 178 0 0 0 0 0 22810020262704 22810020283920 93825019621376 140726970911780 140726970912111 140726970912111 140726970925013 0
/proc/1020967/statm: 90538 54244 254 1882 0 70996 0
[pid=1020967/tid=1020968] ppid=1020964 vsize=362152 memory=5688 CPUtime=458.04 cores=56,58-70,73-86,168,170-182,185-198
/proc/1020967/task/1020968/stat : 1020968 (kat_xcsp_4a1625) R 1020964 1020964 1020860 0 -1 4194368 606194 0 303 0 45722 82 0 0 20 0 3 0 202001273 370843648 54244 117440512000 22810012442624 22810020150208 140726970908704 0 0 0 0 4096 8406082 0 0 0 -1 168 0 0 1 0 0 22810020262704 22810020283920 93825019621376 140726970911780 140726970912111 140726970912111 140726970925013 0
[pid=1020967/tid=1020969] ppid=1020964 vsize=362152 memory=245144 CPUtime=0 cores=56,58-70,73-86,168,170-182,185-198
/proc/1020967/task/1020969/stat : 1020969 (kat_xcsp_4a1625) S 1020964 1020964 1020860 0 -1 1077936192 2 0 0 0 0 0 0 0 20 0 3 0 202001288 370843648 54244 117440512000 22810012442624 22810020150208 140726970908704 0 0 0 0 4096 8406082 0 0 0 -1 56 0 0 0 0 0 22810020262704 22810020283920 93825019621376 140726970911780 140726970912111 140726970912111 140726970925013 0
Current children cumulated CPU time: 458.04 s
Current children cumulated vsize: 366396 KiB
Current children cumulated memory: 219948 KiB

[startup+522.3 s]
/proc/loadavg: 128.71 133.47 133.96 129/3363 1022703
/proc/meminfo: memFree=501166024/527542244 swapFree=32976212/33554428
[pid=1020964] ppid=1020963 vsize=4244 memory=2972 CPUtime=0 cores=56,58-70,73-86,168,170-182,185-198
/proc/1020964/stat : 1020964 (bash) S 1020963 1020964 1020860 0 -1 4194304 272 137 0 0 0 0 0 0 20 0 1 0 202001270 4345856 743 117440512000 93845782609920 93845783591837 140726973586128 0 0 0 65536 4 65538 0 0 0 17 64 0 0 0 0 0 93845783825136 93845783873380 93845791408128 140726973590750 140726973590926 140726973590926 140726973603818 0
/proc/1020964/statm: 1061 743 648 240 0 187 0
[pid=1020967] ppid=1020964 vsize=362696 memory=217852 CPUtime=517.67 cores=56,58-70,73-86,168,170-182,185-198
/proc/1020967/stat : 1020967 (kat_xcsp_4a1625) S 1020964 1020964 1020860 0 -1 1077936128 676182 0 305 0 51678 89 0 0 20 0 3 0 202001272 371400704 54463 117440512000 22810012442624 22810020150208 140726970908704 0 0 0 0 4096 8406082 0 0 0 17 178 0 0 0 0 0 22810020262704 22810020283920 93825019621376 140726970911780 140726970912111 140726970912111 140726970925013 0
/proc/1020967/statm: 90674 54463 254 1882 0 71132 0
[pid=1020967/tid=1020968] ppid=1020964 vsize=362696 memory=217852 CPUtime=517.67 cores=56,58-70,73-86,168,170-182,185-198
/proc/1020967/task/1020968/stat : 1020968 (kat_xcsp_4a1625) R 1020964 1020964 1020860 0 -1 4194368 675904 0 303 0 51678 89 0 0 20 0 3 0 202001273 371400704 54463 117440512000 22810012442624 22810020150208 140726970908704 0 0 0 0 4096 8406082 0 0 0 -1 168 0 0 1 0 0 22810020262704 22810020283920 93825019621376 140726970911780 140726970912111 140726970912111 140726970925013 0
[pid=1020967/tid=1020969] ppid=1020964 vsize=362696 memory=2972 CPUtime=0 cores=56,58-70,73-86,168,170-182,185-198
/proc/1020967/task/1020969/stat : 1020969 (kat_xcsp_4a1625) S 1020964 1020964 1020860 0 -1 1077936192 2 0 0 0 0 0 0 0 20 0 3 0 202001288 371400704 54463 117440512000 22810012442624 22810020150208 140726970908704 0 0 0 0 4096 8406082 0 0 0 -1 56 0 0 0 0 0 22810020262704 22810020283920 93825019621376 140726970911780 140726970912111 140726970912111 140726970925013 0
Current children cumulated CPU time: 517.67 s
Current children cumulated vsize: 366940 KiB
Current children cumulated memory: 220824 KiB

[startup+582.3 s]*
/proc/loadavg: 128.58 132.53 133.61 127/3362 1022706
/proc/meminfo: memFree=500361504/527542244 swapFree=32976212/33554428
[pid=1020964] ppid=1020963 vsize=4244 memory=2972 CPUtime=0 cores=56,58-70,73-86,168,170-182,185-198
/proc/1020964/stat : 1020964 (bash) S 1020963 1020964 1020860 0 -1 4194304 272 137 0 0 0 0 0 0 20 0 1 0 202001270 4345856 743 117440512000 93845782609920 93845783591837 140726973586128 0 0 0 65536 4 65538 0 0 0 17 64 0 0 0 0 0 93845783825136 93845783873380 93845791408128 140726973590750 140726973590926 140726973590926 140726973603818 0
/proc/1020964/statm: 1061 743 648 240 0 187 0
[pid=1020967] ppid=1020964 vsize=412392 memory=245024 CPUtime=577.42 cores=56,58-70,73-86,168,170-182,185-198
/proc/1020967/stat : 1020967 (kat_xcsp_4a1625) S 1020964 1020964 1020860 0 -1 1077936128 683151 0 305 0 57650 92 0 0 20 0 3 0 202001272 422289408 61256 117440512000 22810012442624 22810020150208 140726970908704 0 0 0 0 4096 8406082 0 0 0 17 178 0 0 0 0 0 22810020262704 22810020283920 93825019621376 140726970911780 140726970912111 140726970912111 140726970925013 0
/proc/1020967/statm: 103098 61256 254 1882 0 83556 0
[pid=1020967/tid=1020968] ppid=1020964 vsize=412392 memory=-2546404450263329401 CPUtime=577.43 cores=56,58-70,73-86,168,170-182,185-198
/proc/1020967/task/1020968/stat : 1020968 (kat_xcsp_4a1625) R 1020964 1020964 1020860 0 -1 4194368 682873 0 303 0 57651 92 0 0 20 0 3 0 202001273 422289408 61256 117440512000 22810012442624 22810020150208 140726970908704 0 0 0 0 4096 8406082 0 0 0 -1 168 0 0 1 0 0 22810020262704 22810020283920 93825019621376 140726970911780 140726970912111 140726970912111 140726970925013 0
[pid=1020967/tid=1020969] ppid=1020964 vsize=412392 memory=-4289778367234187860 CPUtime=0 cores=56,58-70,73-86,168,170-182,185-198
/proc/1020967/task/1020969/stat : 1020969 (kat_xcsp_4a1625) S 1020964 1020964 1020860 0 -1 1077936192 2 0 0 0 0 0 0 0 20 0 3 0 202001288 422289408 61256 117440512000 22810012442624 22810020150208 140726970908704 0 0 0 0 4096 8406082 0 0 0 -1 56 0 0 0 0 0 22810020262704 22810020283920 93825019621376 140726970911780 140726970912111 140726970912111 140726970925013 0
Current children cumulated CPU time: 577.42 s
Current children cumulated vsize: 416636 KiB
Current children cumulated memory: 247996 KiB

[startup+642.3 s]
/proc/loadavg: 137.46 134.27 134.14 141/3406 1022880
/proc/meminfo: memFree=488385128/527542244 swapFree=32976212/33554428
[pid=1020964] ppid=1020963 vsize=4244 memory=2972 CPUtime=0 cores=56,58-70,73-86,168,170-182,185-198
/proc/1020964/stat : 1020964 (bash) S 1020963 1020964 1020860 0 -1 4194304 272 137 0 0 0 0 0 0 20 0 1 0 202001270 4345856 743 117440512000 93845782609920 93845783591837 140726973586128 0 0 0 65536 4 65538 0 0 0 17 64 0 0 0 0 0 93845783825136 93845783873380 93845791408128 140726973590750 140726973590926 140726973590926 140726973603818 0
/proc/1020964/statm: 1061 743 648 240 0 187 0
[pid=1020967] ppid=1020964 vsize=412404 memory=244936 CPUtime=636.98 cores=56,58-70,73-86,168,170-182,185-198
/proc/1020967/stat : 1020967 (kat_xcsp_4a1625) S 1020964 1020964 1020860 0 -1 1077936128 684733 0 305 0 63606 92 0 0 20 0 3 0 202001272 422301696 61234 117440512000 22810012442624 22810020150208 140726970908704 0 0 0 0 4096 8406082 0 0 0 17 178 0 0 0 0 0 22810020262704 22810020283920 93825019621376 140726970911780 140726970912111 140726970912111 140726970925013 0
/proc/1020967/statm: 103101 61234 254 1882 0 83559 0
[pid=1020967/tid=1020968] ppid=1020964 vsize=412404 memory=2972 CPUtime=636.98 cores=56,58-70,73-86,168,170-182,185-198
/proc/1020967/task/1020968/stat : 1020968 (kat_xcsp_4a1625) R 1020964 1020964 1020860 0 -1 4194368 684455 0 303 0 63606 92 0 0 20 0 3 0 202001273 422301696 61234 117440512000 22810012442624 22810020150208 140726970908704 0 0 0 0 4096 8406082 0 0 0 -1 59 0 0 1 0 0 22810020262704 22810020283920 93825019621376 140726970911780 140726970912111 140726970912111 140726970925013 0
[pid=1020967/tid=1020969] ppid=1020964 vsize=412404 memory=7552 CPUtime=0 cores=56,58-70,73-86,168,170-182,185-198
/proc/1020967/task/1020969/stat : 1020969 (kat_xcsp_4a1625) S 1020964 1020964 1020860 0 -1 1077936192 2 0 0 0 0 0 0 0 20 0 3 0 202001288 422301696 61234 117440512000 22810012442624 22810020150208 140726970908704 0 0 0 0 4096 8406082 0 0 0 -1 56 0 0 0 0 0 22810020262704 22810020283920 93825019621376 140726970911780 140726970912111 140726970912111 140726970925013 0
Current children cumulated CPU time: 636.98 s
Current children cumulated vsize: 416648 KiB
Current children cumulated memory: 247908 KiB

[startup+702.412 s]
/proc/loadavg: 139.23 135.34 134.51 141/3406 1023005
/proc/meminfo: memFree=487392688/527542244 swapFree=32976212/33554428
[pid=1020964] ppid=1020963 vsize=4244 memory=2972 CPUtime=0 cores=56,58-70,73-86,168,170-182,185-198
/proc/1020964/stat : 1020964 (bash) S 1020963 1020964 1020860 0 -1 4194304 272 137 0 0 0 0 0 0 20 0 1 0 202001270 4345856 743 117440512000 93845782609920 93845783591837 140726973586128 0 0 0 65536 4 65538 0 0 0 17 64 0 0 0 0 0 93845783825136 93845783873380 93845791408128 140726973590750 140726973590926 140726973590926 140726973603818 0
/proc/1020964/statm: 1061 743 648 240 0 187 0
[pid=1020967] ppid=1020964 vsize=412428 memory=245080 CPUtime=696.73 cores=56,58-70,73-86,168,170-182,185-198
/proc/1020967/stat : 1020967 (kat_xcsp_4a1625) S 1020964 1020964 1020860 0 -1 1077936128 685759 0 305 0 69580 93 0 0 20 0 3 0 202001272 422326272 61270 117440512000 22810012442624 22810020150208 140726970908704 0 0 0 0 4096 8406082 0 0 0 17 178 0 0 0 0 0 22810020262704 22810020283920 93825019621376 140726970911780 140726970912111 140726970912111 140726970925013 0
/proc/1020967/statm: 103107 61270 254 1882 0 83565 0
[pid=1020967/tid=1020968] ppid=1020964 vsize=412428 memory=2972 CPUtime=696.73 cores=56,58-70,73-86,168,170-182,185-198
/proc/1020967/task/1020968/stat : 1020968 (kat_xcsp_4a1625) R 1020964 1020964 1020860 0 -1 4194368 685481 0 303 0 69580 93 0 0 20 0 3 0 202001273 422326272 61270 117440512000 22810012442624 22810020150208 140726970908704 0 0 0 0 4096 8406082 0 0 0 -1 59 0 0 1 0 0 22810020262704 22810020283920 93825019621376 140726970911780 140726970912111 140726970912111 140726970925013 0
[pid=1020967/tid=1020969] ppid=1020964 vsize=412428 memory=245080 CPUtime=0 cores=56,58-70,73-86,168,170-182,185-198
/proc/1020967/task/1020969/stat : 1020969 (kat_xcsp_4a1625) S 1020964 1020964 1020860 0 -1 1077936192 2 0 0 0 0 0 0 0 20 0 3 0 202001288 422326272 61270 117440512000 22810012442624 22810020150208 140726970908704 0 0 0 0 4096 8406082 0 0 0 -1 56 0 0 0 0 0 22810020262704 22810020283920 93825019621376 140726970911780 140726970912111 140726970912111 140726970925013 0
Current children cumulated CPU time: 696.73 s
Current children cumulated vsize: 416672 KiB
Current children cumulated memory: 248052 KiB

[startup+762.3 s]
/proc/loadavg: 139.80 136.19 134.86 141/3406 1023057
/proc/meminfo: memFree=486717544/527542244 swapFree=32976212/33554428
[pid=1020964] ppid=1020963 vsize=4244 memory=2972 CPUtime=0 cores=56,58-70,73-86,168,170-182,185-198
/proc/1020964/stat : 1020964 (bash) S 1020963 1020964 1020860 0 -1 4194304 272 137 0 0 0 0 0 0 20 0 1 0 202001270 4345856 743 117440512000 93845782609920 93845783591837 140726973586128 0 0 0 65536 4 65538 0 0 0 17 64 0 0 0 0 0 93845783825136 93845783873380 93845791408128 140726973590750 140726973590926 140726973590926 140726973603818 0
/proc/1020964/statm: 1061 743 648 240 0 187 0
[pid=1020967] ppid=1020964 vsize=362696 memory=217892 CPUtime=756.23 cores=56,58-70,73-86,168,170-182,185-198
/proc/1020967/stat : 1020967 (kat_xcsp_4a1625) S 1020964 1020964 1020860 0 -1 1077936128 688815 0 306 0 75530 93 0 0 20 0 3 0 202001272 371400704 54473 117440512000 22810012442624 22810020150208 140726970908704 0 0 0 0 4096 8406082 0 0 0 17 178 0 0 0 0 0 22810020262704 22810020283920 93825019621376 140726970911780 140726970912111 140726970912111 140726970925013 0
/proc/1020967/statm: 90674 54473 255 1882 0 71132 0
[pid=1020967/tid=1020968] ppid=1020964 vsize=362696 memory=29810145 CPUtime=756.23 cores=56,58-70,73-86,168,170-182,185-198
/proc/1020967/task/1020968/stat : 1020968 (kat_xcsp_4a1625) R 1020964 1020964 1020860 0 -1 4194368 688537 0 304 0 75530 93 0 0 20 0 3 0 202001273 371400704 54473 117440512000 22810012442624 22810020150208 140726970908704 0 0 0 0 4096 8406082 0 0 0 -1 168 0 0 1 0 0 22810020262704 22810020283920 93825019621376 140726970911780 140726970912111 140726970912111 140726970925013 0
[pid=1020967/tid=1020969] ppid=1020964 vsize=362696 memory=15538531174981370 CPUtime=0 cores=56,58-70,73-86,168,170-182,185-198
/proc/1020967/task/1020969/stat : 1020969 (kat_xcsp_4a1625) S 1020964 1020964 1020860 0 -1 1077936192 2 0 0 0 0 0 0 0 20 0 3 0 202001288 371400704 54473 117440512000 22810012442624 22810020150208 140726970908704 0 0 0 0 4096 8406082 0 0 0 -1 56 0 0 0 0 0 22810020262704 22810020283920 93825019621376 140726970911780 140726970912111 140726970912111 140726970925013 0
Current children cumulated CPU time: 756.23 s
Current children cumulated vsize: 366940 KiB
Current children cumulated memory: 220864 KiB

[startup+822.311 s]
/proc/loadavg: 90.66 124.61 131.08 28/3281 1023333
/proc/meminfo: memFree=486733252/527542244 swapFree=32976212/33554428
[pid=1020964] ppid=1020963 vsize=4244 memory=2972 CPUtime=0 cores=56,58-70,73-86,168,170-182,185-198
/proc/1020964/stat : 1020964 (bash) S 1020963 1020964 1020860 0 -1 4194304 272 137 0 0 0 0 0 0 20 0 1 0 202001270 4345856 743 117440512000 93845782609920 93845783591837 140726973586128 0 0 0 65536 4 65538 0 0 0 17 64 0 0 0 0 0 93845783825136 93845783873380 93845791408128 140726973590750 140726973590926 140726973590926 140726973603818 0
/proc/1020964/statm: 1061 743 648 240 0 187 0
[pid=1020967] ppid=1020964 vsize=412456 memory=247232 CPUtime=815.96 cores=56,58-70,73-86,168,170-182,185-198
/proc/1020967/stat : 1020967 (kat_xcsp_4a1625) S 1020964 1020964 1020860 0 -1 1077936128 689592 0 306 0 81501 95 0 0 20 0 3 0 202001272 422354944 61808 117440512000 22810012442624 22810020150208 140726970908704 0 0 0 0 4096 8406082 0 0 0 17 178 0 0 0 0 0 22810020262704 22810020283920 93825019621376 140726970911780 140726970912111 140726970912111 140726970925013 0
/proc/1020967/statm: 103114 61808 255 1882 0 83572 0
[pid=1020967/tid=1020968] ppid=1020964 vsize=412456 memory=217952 CPUtime=815.95 cores=56,58-70,73-86,168,170-182,185-198
/proc/1020967/task/1020968/stat : 1020968 (kat_xcsp_4a1625) R 1020964 1020964 1020860 0 -1 4194368 689314 0 304 0 81501 94 0 0 20 0 3 0 202001273 422354944 61808 117440512000 22810012442624 22810020150208 140726970908704 0 0 0 0 4096 8406082 0 0 0 -1 66 0 0 1 0 0 22810020262704 22810020283920 93825019621376 140726970911780 140726970912111 140726970912111 140726970925013 0
[pid=1020967/tid=1020969] ppid=1020964 vsize=412456 memory=2972 CPUtime=0 cores=56,58-70,73-86,168,170-182,185-198
/proc/1020967/task/1020969/stat : 1020969 (kat_xcsp_4a1625) S 1020964 1020964 1020860 0 -1 1077936192 2 0 0 0 0 0 0 0 20 0 3 0 202001288 422354944 61808 117440512000 22810012442624 22810020150208 140726970908704 0 0 0 0 4096 8406082 0 0 0 -1 56 0 0 0 0 0 22810020262704 22810020283920 93825019621376 140726970911780 140726970912111 140726970912111 140726970925013 0
Current children cumulated CPU time: 815.96 s
Current children cumulated vsize: 416700 KiB
Current children cumulated memory: 250204 KiB

[startup+882.3 s]
/proc/loadavg: 45.15 105.56 124.13 16/3224 1023599
/proc/meminfo: memFree=494655348/527542244 swapFree=32976212/33554428
[pid=1020964] ppid=1020963 vsize=4244 memory=2972 CPUtime=0 cores=56,58-70,73-86,168,170-182,185-198
/proc/1020964/stat : 1020964 (bash) S 1020963 1020964 1020860 0 -1 4194304 272 137 0 0 0 0 0 0 20 0 1 0 202001270 4345856 743 117440512000 93845782609920 93845783591837 140726973586128 0 0 0 65536 4 65538 0 0 0 17 64 0 0 0 0 0 93845783825136 93845783873380 93845791408128 140726973590750 140726973590926 140726973590926 140726973603818 0
/proc/1020964/statm: 1061 743 648 240 0 187 0
[pid=1020967] ppid=1020964 vsize=362696 memory=217640 CPUtime=875.73 cores=56,58-70,73-86,168,170-182,185-198
/proc/1020967/stat : 1020967 (kat_xcsp_4a1625) S 1020964 1020964 1020860 0 -1 1077936128 690519 0 306 0 87478 95 0 0 20 0 3 0 202001272 371400704 54410 117440512000 22810012442624 22810020150208 140726970908704 0 0 0 0 4096 8406082 0 0 0 17 178 0 0 0 0 0 22810020262704 22810020283920 93825019621376 140726970911780 140726970912111 140726970912111 140726970925013 0
/proc/1020967/statm: 90674 54410 177 1882 0 71132 0
[pid=1020967/tid=1020968] ppid=1020964 vsize=362696 memory=2972 CPUtime=875.72 cores=56,58-70,73-86,168,170-182,185-198
/proc/1020967/task/1020968/stat : 1020968 (kat_xcsp_4a1625) R 1020964 1020964 1020860 0 -1 4194368 690241 0 304 0 87477 95 0 0 20 0 3 0 202001273 371400704 54410 117440512000 22810012442624 22810020150208 140726970908704 0 0 0 0 4096 8406082 0 0 0 -1 178 0 0 1 0 0 22810020262704 22810020283920 93825019621376 140726970911780 140726970912111 140726970912111 140726970925013 0
[pid=1020967/tid=1020969] ppid=1020964 vsize=362696 memory=2972 CPUtime=0 cores=56,58-70,73-86,168,170-182,185-198
/proc/1020967/task/1020969/stat : 1020969 (kat_xcsp_4a1625) S 1020964 1020964 1020860 0 -1 1077936192 2 0 0 0 0 0 0 0 20 0 3 0 202001288 371400704 54410 117440512000 22810012442624 22810020150208 140726970908704 0 0 0 0 4096 8406082 0 0 0 -1 56 0 0 0 0 0 22810020262704 22810020283920 93825019621376 140726970911780 140726970912111 140726970912111 140726970925013 0
Current children cumulated CPU time: 875.73 s
Current children cumulated vsize: 366940 KiB
Current children cumulated memory: 220612 KiB

[startup+942.3 s]
/proc/loadavg: 25.97 89.03 117.28 16/3225 1023933
/proc/meminfo: memFree=500353248/527542244 swapFree=32976212/33554428
[pid=1020964] ppid=1020963 vsize=4244 memory=2972 CPUtime=0 cores=56,58-70,73-86,168,170-182,185-198
/proc/1020964/stat : 1020964 (bash) S 1020963 1020964 1020860 0 -1 4194304 272 137 0 0 0 0 0 0 20 0 1 0 202001270 4345856 743 117440512000 93845782609920 93845783591837 140726973586128 0 0 0 65536 4 65538 0 0 0 17 64 0 0 0 0 0 93845783825136 93845783873380 93845791408128 140726973590750 140726973590926 140726973590926 140726973603818 0
/proc/1020964/statm: 1061 743 648 240 0 187 0
[pid=1020967] ppid=1020964 vsize=414684 memory=245328 CPUtime=935.5 cores=56,58-70,73-86,168,170-182,185-198
/proc/1020967/stat : 1020967 (kat_xcsp_4a1625) S 1020964 1020964 1020860 0 -1 1077936128 691861 0 306 0 93454 96 0 0 20 0 3 0 202001272 424636416 61332 117440512000 22810012442624 22810020150208 140726970908704 0 0 0 0 4096 8406082 0 0 0 17 178 0 0 0 0 0 22810020262704 22810020283920 93825019621376 140726970911780 140726970912111 140726970912111 140726970925013 0
/proc/1020967/statm: 103671 61332 247 1882 0 84129 0
[pid=1020967/tid=1020968] ppid=1020964 vsize=414684 memory=-7737605721172012182 CPUtime=935.5 cores=56,58-70,73-86,168,170-182,185-198
/proc/1020967/task/1020968/stat : 1020968 (kat_xcsp_4a1625) R 1020964 1020964 1020860 0 -1 4194368 691583 0 304 0 93454 96 0 0 20 0 3 0 202001273 424636416 61332 117440512000 22810012442624 22810020150208 140726970908704 0 0 0 0 4096 8406082 0 0 0 -1 178 0 0 1 0 0 22810020262704 22810020283920 93825019621376 140726970911780 140726970912111 140726970912111 140726970925013 0
[pid=1020967/tid=1020969] ppid=1020964 vsize=414684 memory=7755038689795620972 CPUtime=0 cores=56,58-70,73-86,168,170-182,185-198
/proc/1020967/task/1020969/stat : 1020969 (kat_xcsp_4a1625) S 1020964 1020964 1020860 0 -1 1077936192 2 0 0 0 0 0 0 0 20 0 3 0 202001288 424636416 61332 117440512000 22810012442624 22810020150208 140726970908704 0 0 0 0 4096 8406082 0 0 0 -1 56 0 0 0 0 0 22810020262704 22810020283920 93825019621376 140726970911780 140726970912111 140726970912111 140726970925013 0
Current children cumulated CPU time: 935.5 s
Current children cumulated vsize: 418928 KiB
Current children cumulated memory: 248300 KiB

[startup+1002.3 s]
/proc/loadavg: 19.40 76.57 111.39 16/3225 1024572
/proc/meminfo: memFree=500154480/527542244 swapFree=32976212/33554428
[pid=1020964] ppid=1020963 vsize=4244 memory=2972 CPUtime=0 cores=56,58-70,73-86,168,170-182,185-198
/proc/1020964/stat : 1020964 (bash) S 1020963 1020964 1020860 0 -1 4194304 272 137 0 0 0 0 0 0 20 0 1 0 202001270 4345856 743 117440512000 93845782609920 93845783591837 140726973586128 0 0 0 65536 4 65538 0 0 0 17 64 0 0 0 0 0 93845783825136 93845783873380 93845791408128 140726973590750 140726973590926 140726973590926 140726973603818 0
/proc/1020964/statm: 1061 743 648 240 0 187 0
[pid=1020967] ppid=1020964 vsize=414692 memory=247368 CPUtime=995.27 cores=56,58-70,73-86,168,170-182,185-198
/proc/1020967/stat : 1020967 (kat_xcsp_4a1625) S 1020964 1020964 1020860 0 -1 1077936128 692083 0 306 0 99431 96 0 0 20 0 3 0 202001272 424644608 61842 117440512000 22810012442624 22810020150208 140726970908704 0 0 0 0 4096 8406082 0 0 0 17 178 0 0 0 0 0 22810020262704 22810020283920 93825019621376 140726970911780 140726970912111 140726970912111 140726970925013 0
/proc/1020967/statm: 103673 61842 248 1882 0 84131 0
[pid=1020967/tid=1020968] ppid=1020964 vsize=414692 memory=948 CPUtime=995.27 cores=56,58-70,73-86,168,170-182,185-198
/proc/1020967/task/1020968/stat : 1020968 (kat_xcsp_4a1625) R 1020964 1020964 1020860 0 -1 4194368 691805 0 304 0 99431 96 0 0 20 0 3 0 202001273 424644608 61842 117440512000 22810012442624 22810020150208 140726970908704 0 0 0 0 4096 8406082 0 0 0 -1 178 0 0 1 0 0 22810020262704 22810020283920 93825019621376 140726970911780 140726970912111 140726970912111 140726970925013 0
[pid=1020967/tid=1020969] ppid=1020964 vsize=414692 memory=3712 CPUtime=0 cores=56,58-70,73-86,168,170-182,185-198
/proc/1020967/task/1020969/stat : 1020969 (kat_xcsp_4a1625) S 1020964 1020964 1020860 0 -1 1077936192 2 0 0 0 0 0 0 0 20 0 3 0 202001288 424644608 61842 117440512000 22810012442624 22810020150208 140726970908704 0 0 0 0 4096 8406082 0 0 0 -1 56 0 0 0 0 0 22810020262704 22810020283920 93825019621376 140726970911780 140726970912111 140726970912111 140726970925013 0
Current children cumulated CPU time: 995.27 s
Current children cumulated vsize: 418936 KiB
Current children cumulated memory: 250340 KiB

[startup+1062.3 s]
/proc/loadavg: 16.58 64.50 104.86 15/3225 1025741
/proc/meminfo: memFree=500106036/527542244 swapFree=32976212/33554428
[pid=1020964] ppid=1020963 vsize=4244 memory=2972 CPUtime=0 cores=56,58-70,73-86,168,170-182,185-198
/proc/1020964/stat : 1020964 (bash) S 1020963 1020964 1020860 0 -1 4194304 272 137 0 0 0 0 0 0 20 0 1 0 202001270 4345856 743 117440512000 93845782609920 93845783591837 140726973586128 0 0 0 65536 4 65538 0 0 0 17 64 0 0 0 0 0 93845783825136 93845783873380 93845791408128 140726973590750 140726973590926 140726973590926 140726973603818 0
/proc/1020964/statm: 1061 743 648 240 0 187 0
[pid=1020967] ppid=1020964 vsize=416696 memory=246632 CPUtime=1055.02 cores=56,58-70,73-86,168,170-182,185-198
/proc/1020967/stat : 1020967 (kat_xcsp_4a1625) S 1020964 1020964 1020860 0 -1 1077936128 692446 0 425 0 105405 97 0 0 20 0 3 0 202001272 426696704 61658 117440512000 22810012442624 22810020150208 140726970908704 0 0 0 0 4096 8406082 0 0 0 17 178 0 0 0 0 0 22810020262704 22810020283920 93825019621376 140726970911780 140726970912111 140726970912111 140726970925013 0
/proc/1020967/statm: 104174 61658 69 1882 0 84632 0
[pid=1020967/tid=1020968] ppid=1020964 vsize=416696 memory=2972 CPUtime=1055.02 cores=56,58-70,73-86,168,170-182,185-198
/proc/1020967/task/1020968/stat : 1020968 (kat_xcsp_4a1625) R 1020964 1020964 1020860 0 -1 4194368 692168 0 423 0 105405 97 0 0 20 0 3 0 202001273 426696704 61658 117440512000 22810012442624 22810020150208 140726970908704 0 0 0 0 4096 8406082 0 0 0 -1 168 0 0 1 0 0 22810020262704 22810020283920 93825019621376 140726970911780 140726970912111 140726970912111 140726970925013 0
[pid=1020967/tid=1020969] ppid=1020964 vsize=416696 memory=217948 CPUtime=0 cores=56,58-70,73-86,168,170-182,185-198
/proc/1020967/task/1020969/stat : 1020969 (kat_xcsp_4a1625) S 1020964 1020964 1020860 0 -1 1077936192 2 0 0 0 0 0 0 0 20 0 3 0 202001288 426696704 61658 117440512000 22810012442624 22810020150208 140726970908704 0 0 0 0 4096 8406082 0 0 0 -1 56 0 0 0 0 0 22810020262704 22810020283920 93825019621376 140726970911780 140726970912111 140726970912111 140726970925013 0
Current children cumulated CPU time: 1055.02 s
Current children cumulated vsize: 420940 KiB
Current children cumulated memory: 249604 KiB

[startup+1122.3 s]
/proc/loadavg: 16.72 56.43 99.78 17/3227 1027289
/proc/meminfo: memFree=499986892/527542244 swapFree=32976212/33554428
[pid=1020964] ppid=1020963 vsize=4244 memory=2972 CPUtime=0 cores=56,58-70,73-86,168,170-182,185-198
/proc/1020964/stat : 1020964 (bash) S 1020963 1020964 1020860 0 -1 4194304 272 137 0 0 0 0 0 0 20 0 1 0 202001270 4345856 743 117440512000 93845782609920 93845783591837 140726973586128 0 0 0 65536 4 65538 0 0 0 17 64 0 0 0 0 0 93845783825136 93845783873380 93845791408128 140726973590750 140726973590926 140726973590926 140726973603818 0
/proc/1020964/statm: 1061 743 648 240 0 187 0
[pid=1020967] ppid=1020964 vsize=416700 memory=245032 CPUtime=1114.76 cores=56,58-70,73-86,168,170-182,185-198
/proc/1020967/stat : 1020967 (kat_xcsp_4a1625) S 1020964 1020964 1020860 0 -1 1077936128 693441 0 535 0 111379 97 0 0 20 0 3 0 202001272 426700800 61258 117440512000 22810012442624 22810020150208 140726970908704 0 0 0 0 4096 8406082 0 0 0 17 178 0 0 0 0 0 22810020262704 22810020283920 93825019621376 140726970911780 140726970912111 140726970912111 140726970925013 0
/proc/1020967/statm: 104175 61258 180 1882 0 84633 0
[pid=1020967/tid=1020968] ppid=1020964 vsize=416700 memory=251384 CPUtime=1114.76 cores=56,58-70,73-86,168,170-182,185-198
/proc/1020967/task/1020968/stat : 1020968 (kat_xcsp_4a1625) R 1020964 1020964 1020860 0 -1 4194368 693163 0 533 0 111379 97 0 0 20 0 3 0 202001273 426700800 61258 117440512000 22810012442624 22810020150208 140726970908704 0 0 0 0 4096 8406082 0 0 0 -1 168 0 0 1 0 0 22810020262704 22810020283920 93825019621376 140726970911780 140726970912111 140726970912111 140726970925013 0
[pid=1020967/tid=1020969] ppid=1020964 vsize=416700 memory=2972 CPUtime=0 cores=56,58-70,73-86,168,170-182,185-198
/proc/1020967/task/1020969/stat : 1020969 (kat_xcsp_4a1625) S 1020964 1020964 1020860 0 -1 1077936192 2 0 0 0 0 0 0 0 20 0 3 0 202001288 426700800 61258 117440512000 22810012442624 22810020150208 140726970908704 0 0 0 0 4096 8406082 0 0 0 -1 56 0 0 0 0 0 22810020262704 22810020283920 93825019621376 140726970911780 140726970912111 140726970912111 140726970925013 0
Current children cumulated CPU time: 1114.76 s
Current children cumulated vsize: 420944 KiB
Current children cumulated memory: 248004 KiB

[startup+1182.3 s]
/proc/loadavg: 15.64 48.33 94.04 15/3218 1028854
/proc/meminfo: memFree=500066260/527542244 swapFree=32976212/33554428
[pid=1020964] ppid=1020963 vsize=4244 memory=2972 CPUtime=0 cores=56,58-70,73-86,168,170-182,185-198
/proc/1020964/stat : 1020964 (bash) S 1020963 1020964 1020860 0 -1 4194304 272 137 0 0 0 0 0 0 20 0 1 0 202001270 4345856 743 117440512000 93845782609920 93845783591837 140726973586128 0 0 0 65536 4 65538 0 0 0 17 64 0 0 0 0 0 93845783825136 93845783873380 93845791408128 140726973590750 140726973590926 140726973590926 140726973603818 0
/proc/1020964/statm: 1061 743 648 240 0 187 0
[pid=1020967] ppid=1020964 vsize=416700 memory=247332 CPUtime=1174.52 cores=56,58-70,73-86,168,170-182,185-198
/proc/1020967/stat : 1020967 (kat_xcsp_4a1625) S 1020964 1020964 1020860 0 -1 1077936128 693682 0 603 0 117354 98 0 0 20 0 3 0 202001272 426700800 61833 117440512000 22810012442624 22810020150208 140726970908704 0 0 0 0 4096 8406082 0 0 0 17 178 0 0 0 0 0 22810020262704 22810020283920 93825019621376 140726970911780 140726970912111 140726970912111 140726970925013 0
/proc/1020967/statm: 104175 61833 248 1882 0 84633 0
[pid=1020967/tid=1020968] ppid=1020964 vsize=416700 memory=2972 CPUtime=1174.51 cores=56,58-70,73-86,168,170-182,185-198
/proc/1020967/task/1020968/stat : 1020968 (kat_xcsp_4a1625) R 1020964 1020964 1020860 0 -1 4194368 693404 0 601 0 117354 97 0 0 20 0 3 0 202001273 426700800 61833 117440512000 22810012442624 22810020150208 140726970908704 0 0 0 0 4096 8406082 0 0 0 -1 168 0 0 1 0 0 22810020262704 22810020283920 93825019621376 140726970911780 140726970912111 140726970912111 140726970925013 0
[pid=1020967/tid=1020969] ppid=1020964 vsize=416700 memory=247332 CPUtime=0 cores=56,58-70,73-86,168,170-182,185-198
/proc/1020967/task/1020969/stat : 1020969 (kat_xcsp_4a1625) S 1020964 1020964 1020860 0 -1 1077936192 2 0 0 0 0 0 0 0 20 0 3 0 202001288 426700800 61833 117440512000 22810012442624 22810020150208 140726970908704 0 0 0 0 4096 8406082 0 0 0 -1 56 0 0 0 0 0 22810020262704 22810020283920 93825019621376 140726970911780 140726970912111 140726970912111 140726970925013 0
Current children cumulated CPU time: 1174.52 s
Current children cumulated vsize: 420944 KiB
Current children cumulated memory: 250304 KiB

[startup+1242.3 s]*
/proc/loadavg: 15.18 42.22 89.08 15/3217 1030328
/proc/meminfo: memFree=502379180/527542244 swapFree=32976212/33554428
[pid=1020964] ppid=1020963 vsize=4244 memory=2972 CPUtime=0 cores=56,58-70,73-86,168,170-182,185-198
/proc/1020964/stat : 1020964 (bash) S 1020963 1020964 1020860 0 -1 4194304 272 137 0 0 0 0 0 0 20 0 1 0 202001270 4345856 743 117440512000 93845782609920 93845783591837 140726973586128 0 0 0 65536 4 65538 0 0 0 17 64 0 0 0 0 0 93845783825136 93845783873380 93845791408128 140726973590750 140726973590926 140726973590926 140726973603818 0
/proc/1020964/statm: 1061 743 648 240 0 187 0
[pid=1020967] ppid=1020964 vsize=418876 memory=249528 CPUtime=1234.37 cores=56,58-70,73-86,168,170-182,185-198
/proc/1020967/stat : 1020967 (kat_xcsp_4a1625) S 1020964 1020964 1020860 0 -1 1077936128 694845 0 603 0 123339 98 0 0 20 0 3 0 202001272 428929024 62382 117440512000 22810012442624 22810020150208 140726970908704 0 0 0 0 4096 8406082 0 0 0 17 178 0 0 0 0 0 22810020262704 22810020283920 93825019621376 140726970911780 140726970912111 140726970912111 140726970925013 0
/proc/1020967/statm: 104719 62382 248 1882 0 85177 0
[pid=1020967/tid=1020968] ppid=1020964 vsize=418876 memory=0 CPUtime=1234.38 cores=56,58-70,73-86,168,170-182,185-198
/proc/1020967/task/1020968/stat : 1020968 (kat_xcsp_4a1625) R 1020964 1020964 1020860 0 -1 4194368 694567 0 601 0 123340 98 0 0 20 0 3 0 202001273 428929024 62382 117440512000 22810012442624 22810020150208 140726970908704 0 0 0 0 4096 8406082 0 0 0 -1 168 0 0 1 0 0 22810020262704 22810020283920 93825019621376 140726970911780 140726970912111 140726970912111 140726970925013 0
[pid=1020967/tid=1020969] ppid=1020964 vsize=418876 memory=47851467606196388 CPUtime=0 cores=56,58-70,73-86,168,170-182,185-198
/proc/1020967/task/1020969/stat : 1020969 (kat_xcsp_4a1625) S 1020964 1020964 1020860 0 -1 1077936192 2 0 0 0 0 0 0 0 20 0 3 0 202001288 428929024 62382 117440512000 22810012442624 22810020150208 140726970908704 0 0 0 0 4096 8406082 0 0 0 -1 56 0 0 0 0 0 22810020262704 22810020283920 93825019621376 140726970911780 140726970912111 140726970912111 140726970925013 0
Current children cumulated CPU time: 1234.37 s
Current children cumulated vsize: 423120 KiB
Current children cumulated memory: 252500 KiB

[startup+1302.3 s]
/proc/loadavg: 14.97 37.25 84.43 15/3220 1031902
/proc/meminfo: memFree=503979272/527542244 swapFree=32976212/33554428
[pid=1020964] ppid=1020963 vsize=4244 memory=2972 CPUtime=0 cores=56,58-70,73-86,168,170-182,185-198
/proc/1020964/stat : 1020964 (bash) S 1020963 1020964 1020860 0 -1 4194304 272 137 0 0 0 0 0 0 20 0 1 0 202001270 4345856 743 117440512000 93845782609920 93845783591837 140726973586128 0 0 0 65536 4 65538 0 0 0 17 64 0 0 0 0 0 93845783825136 93845783873380 93845791408128 140726973590750 140726973590926 140726973590926 140726973603818 0
/proc/1020964/statm: 1061 743 648 240 0 187 0
[pid=1020967] ppid=1020964 vsize=418876 memory=249528 CPUtime=1294.02 cores=56,58-70,73-86,168,170-182,185-198
/proc/1020967/stat : 1020967 (kat_xcsp_4a1625) S 1020964 1020964 1020860 0 -1 1077936128 695122 0 603 0 129304 98 0 0 20 0 3 0 202001272 428929024 62382 117440512000 22810012442624 22810020150208 140726970908704 0 0 0 0 4096 8406082 0 0 0 17 178 0 0 0 0 0 22810020262704 22810020283920 93825019621376 140726970911780 140726970912111 140726970912111 140726970925013 0
/proc/1020967/statm: 104719 62382 248 1882 0 85177 0
[pid=1020967/tid=1020968] ppid=1020964 vsize=418876 memory=2972 CPUtime=1294.02 cores=56,58-70,73-86,168,170-182,185-198
/proc/1020967/task/1020968/stat : 1020968 (kat_xcsp_4a1625) R 1020964 1020964 1020860 0 -1 4194368 694844 0 601 0 129304 98 0 0 20 0 3 0 202001273 428929024 62382 117440512000 22810012442624 22810020150208 140726970908704 0 0 0 0 4096 8406082 0 0 0 -1 70 0 0 1 0 0 22810020262704 22810020283920 93825019621376 140726970911780 140726970912111 140726970912111 140726970925013 0
[pid=1020967/tid=1020969] ppid=1020964 vsize=418876 memory=2972 CPUtime=0 cores=56,58-70,73-86,168,170-182,185-198
/proc/1020967/task/1020969/stat : 1020969 (kat_xcsp_4a1625) S 1020964 1020964 1020860 0 -1 1077936192 2 0 0 0 0 0 0 0 20 0 3 0 202001288 428929024 62382 117440512000 22810012442624 22810020150208 140726970908704 0 0 0 0 4096 8406082 0 0 0 -1 56 0 0 0 0 0 22810020262704 22810020283920 93825019621376 140726970911780 140726970912111 140726970912111 140726970925013 0
Current children cumulated CPU time: 1294.02 s
Current children cumulated vsize: 423120 KiB
Current children cumulated memory: 252500 KiB

[startup+1362.41 s]
/proc/loadavg: 15.66 33.42 80.16 16/3218 1033595
/proc/meminfo: memFree=504016684/527542244 swapFree=32976212/33554428
[pid=1020964] ppid=1020963 vsize=4244 memory=2972 CPUtime=0 cores=56,58-70,73-86,168,170-182,185-198
/proc/1020964/stat : 1020964 (bash) S 1020963 1020964 1020860 0 -1 4194304 272 137 0 0 0 0 0 0 20 0 1 0 202001270 4345856 743 117440512000 93845782609920 93845783591837 140726973586128 0 0 0 65536 4 65538 0 0 0 17 64 0 0 0 0 0 93845783825136 93845783873380 93845791408128 140726973590750 140726973590926 140726973590926 140726973603818 0
/proc/1020964/statm: 1061 743 648 240 0 187 0
[pid=1020967] ppid=1020964 vsize=365052 memory=220160 CPUtime=1353.89 cores=56,58-70,73-86,168,170-182,185-198
/proc/1020967/stat : 1020967 (kat_xcsp_4a1625) S 1020964 1020964 1020860 0 -1 1077936128 696665 0 604 0 135291 98 0 0 20 0 3 0 202001272 373813248 55040 117440512000 22810012442624 22810020150208 140726970908704 0 0 0 0 4096 8406082 0 0 0 17 178 0 0 0 0 0 22810020262704 22810020283920 93825019621376 140726970911780 140726970912111 140726970912111 140726970925013 0
/proc/1020967/statm: 91263 55040 243 1882 0 71721 0
[pid=1020967/tid=1020968] ppid=1020964 vsize=365052 memory=2972 CPUtime=1353.89 cores=56,58-70,73-86,168,170-182,185-198
/proc/1020967/task/1020968/stat : 1020968 (kat_xcsp_4a1625) R 1020964 1020964 1020860 0 -1 4194368 696387 0 602 0 135291 98 0 0 20 0 3 0 202001273 373813248 55040 117440512000 22810012442624 22810020150208 140726970908704 0 0 0 0 4096 8406082 0 0 0 -1 168 0 0 1 0 0 22810020262704 22810020283920 93825019621376 140726970911780 140726970912111 140726970912111 140726970925013 0
[pid=1020967/tid=1020969] ppid=1020964 vsize=365052 memory=2972 CPUtime=0 cores=56,58-70,73-86,168,170-182,185-198
/proc/1020967/task/1020969/stat : 1020969 (kat_xcsp_4a1625) S 1020964 1020964 1020860 0 -1 1077936192 2 0 0 0 0 0 0 0 20 0 3 0 202001288 373813248 55040 117440512000 22810012442624 22810020150208 140726970908704 0 0 0 0 4096 8406082 0 0 0 -1 56 0 0 0 0 0 22810020262704 22810020283920 93825019621376 140726970911780 140726970912111 140726970912111 140726970925013 0
Current children cumulated CPU time: 1353.89 s
Current children cumulated vsize: 369296 KiB
Current children cumulated memory: 223132 KiB

[startup+1422.3 s]
/proc/loadavg: 15.83 30.20 76.13 15/3221 1034665
/proc/meminfo: memFree=501446812/527542244 swapFree=32976212/33554428
[pid=1020964] ppid=1020963 vsize=4244 memory=2972 CPUtime=0 cores=56,58-70,73-86,168,170-182,185-198
/proc/1020964/stat : 1020964 (bash) S 1020963 1020964 1020860 0 -1 4194304 272 137 0 0 0 0 0 0 20 0 1 0 202001270 4345856 743 117440512000 93845782609920 93845783591837 140726973586128 0 0 0 65536 4 65538 0 0 0 17 64 0 0 0 0 0 93845783825136 93845783873380 93845791408128 140726973590750 140726973590926 140726973590926 140726973603818 0
/proc/1020964/statm: 1061 743 648 240 0 187 0
[pid=1020967] ppid=1020964 vsize=419088 memory=249644 CPUtime=1413.55 cores=56,58-70,73-86,168,170-182,185-198
/proc/1020967/stat : 1020967 (kat_xcsp_4a1625) S 1020964 1020964 1020860 0 -1 1077936128 697787 0 604 0 141256 99 0 0 20 0 3 0 202001272 429146112 62411 117440512000 22810012442624 22810020150208 140726970908704 0 0 0 0 4096 8406082 0 0 0 17 178 0 0 0 0 0 22810020262704 22810020283920 93825019621376 140726970911780 140726970912111 140726970912111 140726970925013 0
/proc/1020967/statm: 104772 62411 249 1882 0 85230 0
[pid=1020967/tid=1020968] ppid=1020964 vsize=419088 memory=186137 CPUtime=1413.55 cores=56,58-70,73-86,168,170-182,185-198
/proc/1020967/task/1020968/stat : 1020968 (kat_xcsp_4a1625) R 1020964 1020964 1020860 0 -1 4194368 697509 0 602 0 141256 99 0 0 20 0 3 0 202001273 429146112 62411 117440512000 22810012442624 22810020150208 140726970908704 0 0 0 0 4096 8406082 0 0 0 -1 168 0 0 1 0 0 22810020262704 22810020283920 93825019621376 140726970911780 140726970912111 140726970912111 140726970925013 0
[pid=1020967/tid=1020969] ppid=1020964 vsize=419088 memory=1349865 CPUtime=0 cores=56,58-70,73-86,168,170-182,185-198
/proc/1020967/task/1020969/stat : 1020969 (kat_xcsp_4a1625) S 1020964 1020964 1020860 0 -1 1077936192 2 0 0 0 0 0 0 0 20 0 3 0 202001288 429146112 62411 117440512000 22810012442624 22810020150208 140726970908704 0 0 0 0 4096 8406082 0 0 0 -1 56 0 0 0 0 0 22810020262704 22810020283920 93825019621376 140726970911780 140726970912111 140726970912111 140726970925013 0
Current children cumulated CPU time: 1413.55 s
Current children cumulated vsize: 423332 KiB
Current children cumulated memory: 252616 KiB

[startup+1482.31 s]
/proc/loadavg: 14.84 27.31 72.26 15/3221 1035632
/proc/meminfo: memFree=494216344/527542244 swapFree=32976212/33554428
[pid=1020964] ppid=1020963 vsize=4244 memory=2972 CPUtime=0 cores=56,58-70,73-86,168,170-182,185-198
/proc/1020964/stat : 1020964 (bash) S 1020963 1020964 1020860 0 -1 4194304 272 137 0 0 0 0 0 0 20 0 1 0 202001270 4345856 743 117440512000 93845782609920 93845783591837 140726973586128 0 0 0 65536 4 65538 0 0 0 17 64 0 0 0 0 0 93845783825136 93845783873380 93845791408128 140726973590750 140726973590926 140726973590926 140726973603818 0
/proc/1020964/statm: 1061 743 648 240 0 187 0
[pid=1020967] ppid=1020964 vsize=419112 memory=249612 CPUtime=1473.32 cores=56,58-70,73-86,168,170-182,185-198
/proc/1020967/stat : 1020967 (kat_xcsp_4a1625) S 1020964 1020964 1020860 0 -1 1077936128 698477 0 604 0 147233 99 0 0 20 0 3 0 202001272 429170688 62403 117440512000 22810012442624 22810020150208 140726970908704 0 0 0 0 4096 8406082 0 0 0 17 178 0 0 0 0 0 22810020262704 22810020283920 93825019621376 140726970911780 140726970912111 140726970912111 140726970925013 0
/proc/1020967/statm: 104778 62403 249 1882 0 85236 0
[pid=1020967/tid=1020968] ppid=1020964 vsize=419112 memory=249612 CPUtime=1473.32 cores=56,58-70,73-86,168,170-182,185-198
/proc/1020967/task/1020968/stat : 1020968 (kat_xcsp_4a1625) R 1020964 1020964 1020860 0 -1 4194368 698199 0 602 0 147233 99 0 0 20 0 3 0 202001273 429170688 62403 117440512000 22810012442624 22810020150208 140726970908704 0 0 0 0 4096 8406082 0 0 0 -1 168 0 0 1 0 0 22810020262704 22810020283920 93825019621376 140726970911780 140726970912111 140726970912111 140726970925013 0
[pid=1020967/tid=1020969] ppid=1020964 vsize=419112 memory=7552 CPUtime=0 cores=56,58-70,73-86,168,170-182,185-198
/proc/1020967/task/1020969/stat : 1020969 (kat_xcsp_4a1625) S 1020964 1020964 1020860 0 -1 1077936192 2 0 0 0 0 0 0 0 20 0 3 0 202001288 429170688 62403 117440512000 22810012442624 22810020150208 140726970908704 0 0 0 0 4096 8406082 0 0 0 -1 56 0 0 0 0 0 22810020262704 22810020283920 93825019621376 140726970911780 140726970912111 140726970912111 140726970925013 0
Current children cumulated CPU time: 1473.32 s
Current children cumulated vsize: 423356 KiB
Current children cumulated memory: 252584 KiB

[startup+1542.3 s]
/proc/loadavg: 14.49 25.13 68.92 15/3227 1035749
/proc/meminfo: memFree=489409148/527542244 swapFree=32976212/33554428
[pid=1020964] ppid=1020963 vsize=4244 memory=2972 CPUtime=0 cores=56,58-70,73-86,168,170-182,185-198
/proc/1020964/stat : 1020964 (bash) S 1020963 1020964 1020860 0 -1 4194304 272 137 0 0 0 0 0 0 20 0 1 0 202001270 4345856 743 117440512000 93845782609920 93845783591837 140726973586128 0 0 0 65536 4 65538 0 0 0 17 64 0 0 0 0 0 93845783825136 93845783873380 93845791408128 140726973590750 140726973590926 140726973590926 140726973603818 0
/proc/1020964/statm: 1061 743 648 240 0 187 0
[pid=1020967] ppid=1020964 vsize=365052 memory=220184 CPUtime=1533.08 cores=56,58-70,73-86,168,170-182,185-198
/proc/1020967/stat : 1020967 (kat_xcsp_4a1625) S 1020964 1020964 1020860 0 -1 1077936128 699445 0 604 0 153209 99 0 0 20 0 3 0 202001272 373813248 55046 117440512000 22810012442624 22810020150208 140726970908704 0 0 0 0 4096 8406082 0 0 0 17 178 0 0 0 0 0 22810020262704 22810020283920 93825019621376 140726970911780 140726970912111 140726970912111 140726970925013 0
/proc/1020967/statm: 91263 55046 249 1882 0 71721 0
[pid=1020967/tid=1020968] ppid=1020964 vsize=365052 memory=249668 CPUtime=1533.08 cores=56,58-70,73-86,168,170-182,185-198
/proc/1020967/task/1020968/stat : 1020968 (kat_xcsp_4a1625) R 1020964 1020964 1020860 0 -1 4194368 699167 0 602 0 153209 99 0 0 20 0 3 0 202001273 373813248 55046 117440512000 22810012442624 22810020150208 140726970908704 0 0 0 0 4096 8406082 0 0 0 -1 84 0 0 1 0 0 22810020262704 22810020283920 93825019621376 140726970911780 140726970912111 140726970912111 140726970925013 0
[pid=1020967/tid=1020969] ppid=1020964 vsize=365052 memory=2972 CPUtime=0 cores=56,58-70,73-86,168,170-182,185-198
/proc/1020967/task/1020969/stat : 1020969 (kat_xcsp_4a1625) S 1020964 1020964 1020860 0 -1 1077936192 2 0 0 0 0 0 0 0 20 0 3 0 202001288 373813248 55046 117440512000 22810012442624 22810020150208 140726970908704 0 0 0 0 4096 8406082 0 0 0 -1 56 0 0 0 0 0 22810020262704 22810020283920 93825019621376 140726970911780 140726970912111 140726970912111 140726970925013 0
Current children cumulated CPU time: 1533.08 s
Current children cumulated vsize: 369296 KiB
Current children cumulated memory: 223156 KiB

[startup+1602.3 s]
/proc/loadavg: 14.34 23.00 65.22 15/3229 1035755
/proc/meminfo: memFree=475968856/527542244 swapFree=32976212/33554428
[pid=1020964] ppid=1020963 vsize=4244 memory=2972 CPUtime=0 cores=56,58-70,73-86,168,170-182,185-198
/proc/1020964/stat : 1020964 (bash) S 1020963 1020964 1020860 0 -1 4194304 272 137 0 0 0 0 0 0 20 0 1 0 202001270 4345856 743 117440512000 93845782609920 93845783591837 140726973586128 0 0 0 65536 4 65538 0 0 0 17 64 0 0 0 0 0 93845783825136 93845783873380 93845791408128 140726973590750 140726973590926 140726973590926 140726973603818 0
/proc/1020964/statm: 1061 743 648 240 0 187 0
[pid=1020967] ppid=1020964 vsize=419116 memory=249692 CPUtime=1592.85 cores=56,58-70,73-86,168,170-182,185-198
/proc/1020967/stat : 1020967 (kat_xcsp_4a1625) S 1020964 1020964 1020860 0 -1 1077936128 701684 0 609 0 159185 100 0 0 20 0 3 0 202001272 429174784 62423 117440512000 22810012442624 22810020150208 140726970908704 0 0 0 0 4096 8406082 0 0 0 17 178 0 0 0 0 0 22810020262704 22810020283920 93825019621376 140726970911780 140726970912111 140726970912111 140726970925013 0
/proc/1020967/statm: 104779 62423 254 1882 0 85237 0
[pid=1020967/tid=1020968] ppid=1020964 vsize=419116 memory=86162849 CPUtime=1592.85 cores=56,58-70,73-86,168,170-182,185-198
/proc/1020967/task/1020968/stat : 1020968 (kat_xcsp_4a1625) R 1020964 1020964 1020860 0 -1 4194368 701406 0 607 0 159185 100 0 0 20 0 3 0 202001273 429174784 62423 117440512000 22810012442624 22810020150208 140726970908704 0 0 0 0 4096 8406082 0 0 0 -1 168 0 0 1 0 0 22810020262704 22810020283920 93825019621376 140726970911780 140726970912111 140726970912111 140726970925013 0
[pid=1020967/tid=1020969] ppid=1020964 vsize=419116 memory=85232623 CPUtime=0 cores=56,58-70,73-86,168,170-182,185-198
/proc/1020967/task/1020969/stat : 1020969 (kat_xcsp_4a1625) S 1020964 1020964 1020860 0 -1 1077936192 2 0 0 0 0 0 0 0 20 0 3 0 202001288 429174784 62423 117440512000 22810012442624 22810020150208 140726970908704 0 0 0 0 4096 8406082 0 0 0 -1 56 0 0 0 0 0 22810020262704 22810020283920 93825019621376 140726970911780 140726970912111 140726970912111 140726970925013 0
Current children cumulated CPU time: 1592.85 s
Current children cumulated vsize: 423360 KiB
Current children cumulated memory: 252664 KiB

[startup+1662.3 s]
/proc/loadavg: 14.41 21.56 62.30 15/3232 1035760
/proc/meminfo: memFree=471000440/527542244 swapFree=32976212/33554428
[pid=1020964] ppid=1020963 vsize=4244 memory=2972 CPUtime=0 cores=56,58-70,73-86,168,170-182,185-198
/proc/1020964/stat : 1020964 (bash) S 1020963 1020964 1020860 0 -1 4194304 272 137 0 0 0 0 0 0 20 0 1 0 202001270 4345856 743 117440512000 93845782609920 93845783591837 140726973586128 0 0 0 65536 4 65538 0 0 0 17 64 0 0 0 0 0 93845783825136 93845783873380 93845791408128 140726973590750 140726973590926 140726973590926 140726973603818 0
/proc/1020964/statm: 1061 743 648 240 0 187 0
[pid=1020967] ppid=1020964 vsize=420368 memory=250928 CPUtime=1652.62 cores=56,58-70,73-86,168,170-182,185-198
/proc/1020967/stat : 1020967 (kat_xcsp_4a1625) S 1020964 1020964 1020860 0 -1 1077936128 702167 0 610 0 165162 100 0 0 20 0 3 0 202001272 430456832 62732 117440512000 22810012442624 22810020150208 140726970908704 0 0 0 0 4096 8406082 0 0 0 17 178 0 0 0 0 0 22810020262704 22810020283920 93825019621376 140726970911780 140726970912111 140726970912111 140726970925013 0
/proc/1020967/statm: 105092 62732 255 1882 0 85550 0
[pid=1020967/tid=1020968] ppid=1020964 vsize=420368 memory=33 CPUtime=1652.62 cores=56,58-70,73-86,168,170-182,185-198
/proc/1020967/task/1020968/stat : 1020968 (kat_xcsp_4a1625) R 1020964 1020964 1020860 0 -1 4194368 701889 0 608 0 165162 100 0 0 20 0 3 0 202001273 430456832 62732 117440512000 22810012442624 22810020150208 140726970908704 0 0 0 0 4096 8406082 0 0 0 -1 168 0 0 1 0 0 22810020262704 22810020283920 93825019621376 140726970911780 140726970912111 140726970912111 140726970925013 0
[pid=1020967/tid=1020969] ppid=1020964 vsize=420368 memory=129 CPUtime=0 cores=56,58-70,73-86,168,170-182,185-198
/proc/1020967/task/1020969/stat : 1020969 (kat_xcsp_4a1625) S 1020964 1020964 1020860 0 -1 1077936192 2 0 0 0 0 0 0 0 20 0 3 0 202001288 430456832 62732 117440512000 22810012442624 22810020150208 140726970908704 0 0 0 0 4096 8406082 0 0 0 -1 56 0 0 0 0 0 22810020262704 22810020283920 93825019621376 140726970911780 140726970912111 140726970912111 140726970925013 0
Current children cumulated CPU time: 1652.62 s
Current children cumulated vsize: 424612 KiB
Current children cumulated memory: 253900 KiB

[startup+1722.3 s]
/proc/loadavg: 14.53 20.21 59.08 15/3233 1036003
/proc/meminfo: memFree=466473344/527542244 swapFree=32976212/33554428
[pid=1020964] ppid=1020963 vsize=4244 memory=2972 CPUtime=0 cores=56,58-70,73-86,168,170-182,185-198
/proc/1020964/stat : 1020964 (bash) S 1020963 1020964 1020860 0 -1 4194304 272 137 0 0 0 0 0 0 20 0 1 0 202001270 4345856 743 117440512000 93845782609920 93845783591837 140726973586128 0 0 0 65536 4 65538 0 0 0 17 64 0 0 0 0 0 93845783825136 93845783873380 93845791408128 140726973590750 140726973590926 140726973590926 140726973603818 0
/proc/1020964/statm: 1061 743 648 240 0 187 0
[pid=1020967] ppid=1020964 vsize=420368 memory=250084 CPUtime=1712.39 cores=56,58-70,73-86,168,170-182,185-198
/proc/1020967/stat : 1020967 (kat_xcsp_4a1625) S 1020964 1020964 1020860 0 -1 1077936128 702349 0 610 0 171139 100 0 0 20 0 3 0 202001272 430456832 62521 117440512000 22810012442624 22810020150208 140726970908704 0 0 0 0 4096 8406082 0 0 0 17 178 0 0 0 0 0 22810020262704 22810020283920 93825019621376 140726970911780 140726970912111 140726970912111 140726970925013 0
/proc/1020967/statm: 105092 62521 39 1882 0 85550 0
[pid=1020967/tid=1020968] ppid=1020964 vsize=420368 memory=0 CPUtime=1712.38 cores=56,58-70,73-86,168,170-182,185-198
/proc/1020967/task/1020968/stat : 1020968 (kat_xcsp_4a1625) R 1020964 1020964 1020860 0 -1 4194368 702071 0 608 0 171138 100 0 0 20 0 3 0 202001273 430456832 62521 117440512000 22810012442624 22810020150208 140726970908704 0 0 0 0 4096 8406082 0 0 0 -1 168 0 0 1 0 0 22810020262704 22810020283920 93825019621376 140726970911780 140726970912111 140726970912111 140726970925013 0
[pid=1020967/tid=1020969] ppid=1020964 vsize=420368 memory=4380 CPUtime=0 cores=56,58-70,73-86,168,170-182,185-198
/proc/1020967/task/1020969/stat : 1020969 (kat_xcsp_4a1625) S 1020964 1020964 1020860 0 -1 1077936192 2 0 0 0 0 0 0 0 20 0 3 0 202001288 430456832 62521 117440512000 22810012442624 22810020150208 140726970908704 0 0 0 0 4096 8406082 0 0 0 -1 56 0 0 0 0 0 22810020262704 22810020283920 93825019621376 140726970911780 140726970912111 140726970912111 140726970925013 0
Current children cumulated CPU time: 1712.39 s
Current children cumulated vsize: 424612 KiB
Current children cumulated memory: 253056 KiB

[startup+1782.3 s]
/proc/loadavg: 14.04 19.13 56.47 14/3214 1036222
/proc/meminfo: memFree=463647388/527542244 swapFree=32976212/33554428
[pid=1020964] ppid=1020963 vsize=4244 memory=2972 CPUtime=0 cores=56,58-70,73-86,168,170-182,185-198
/proc/1020964/stat : 1020964 (bash) S 1020963 1020964 1020860 0 -1 4194304 272 137 0 0 0 0 0 0 20 0 1 0 202001270 4345856 743 117440512000 93845782609920 93845783591837 140726973586128 0 0 0 65536 4 65538 0 0 0 17 64 0 0 0 0 0 93845783825136 93845783873380 93845791408128 140726973590750 140726973590926 140726973590926 140726973603818 0
/proc/1020964/statm: 1061 743 648 240 0 187 0
[pid=1020967] ppid=1020964 vsize=365052 memory=220044 CPUtime=1772.17 cores=56,58-70,73-86,168,170-182,185-198
/proc/1020967/stat : 1020967 (kat_xcsp_4a1625) S 1020964 1020964 1020860 0 -1 1077936128 702777 0 610 0 177116 101 0 0 20 0 3 0 202001272 373813248 55011 117440512000 22810012442624 22810020150208 140726970908704 0 0 0 0 4096 8406082 0 0 0 17 178 0 0 0 0 0 22810020262704 22810020283920 93825019621376 140726970911780 140726970912111 140726970912111 140726970925013 0
/proc/1020967/statm: 91263 55011 214 1882 0 71721 0
[pid=1020967/tid=1020968] ppid=1020964 vsize=365052 memory=2972 CPUtime=1772.16 cores=56,58-70,73-86,168,170-182,185-198
/proc/1020967/task/1020968/stat : 1020968 (kat_xcsp_4a1625) R 1020964 1020964 1020860 0 -1 4194368 702499 0 608 0 177116 100 0 0 20 0 3 0 202001273 373813248 55011 117440512000 22810012442624 22810020150208 140726970908704 0 0 0 0 4096 8406082 0 0 0 -1 168 0 0 1 0 0 22810020262704 22810020283920 93825019621376 140726970911780 140726970912111 140726970912111 140726970925013 0
[pid=1020967/tid=1020969] ppid=1020964 vsize=365052 memory=7552 CPUtime=0 cores=56,58-70,73-86,168,170-182,185-198
/proc/1020967/task/1020969/stat : 1020969 (kat_xcsp_4a1625) S 1020964 1020964 1020860 0 -1 1077936192 2 0 0 0 0 0 0 0 20 0 3 0 202001288 373813248 55011 117440512000 22810012442624 22810020150208 140726970908704 0 0 0 0 4096 8406082 0 0 0 -1 56 0 0 0 0 0 22810020262704 22810020283920 93825019621376 140726970911780 140726970912111 140726970912111 140726970925013 0
Current children cumulated CPU time: 1772.17 s
Current children cumulated vsize: 369296 KiB
Current children cumulated memory: 223016 KiB



Maximum wall clock time exceeded: sending SIGTERM then SIGKILL

[startup+1800 s]*
/proc/loadavg: 13.83 18.75 55.55 14/3217 1036445
/proc/meminfo: memFree=463866088/527542244 swapFree=32976212/33554428
[pid=1020964] ppid=1020963 vsize=4244 memory=2972 CPUtime=0 cores=56,58-70,73-86,168,170-182,185-198
/proc/1020964/stat : 1020964 (bash) S 1020963 1020964 1020860 0 -1 4194304 272 137 0 0 0 0 0 0 20 0 1 0 202001270 4345856 743 117440512000 93845782609920 93845783591837 140726973586128 0 0 0 65536 4 65538 0 0 0 17 64 0 0 0 0 0 93845783825136 93845783873380 93845791408128 140726973590750 140726973590926 140726973590926 140726973603818 0
/proc/1020964/statm: 1061 743 648 240 0 187 0
[pid=1020967] ppid=1020964 vsize=420372 memory=250768 CPUtime=1789.89 cores=56,58-70,73-86,168,170-182,185-198
/proc/1020967/stat : 1020967 (kat_xcsp_4a1625) S 1020964 1020964 1020860 0 -1 1077936128 703016 0 610 0 178888 101 0 0 20 0 3 0 202001272 430460928 62692 117440512000 22810012442624 22810020150208 140726970908704 0 0 0 0 4096 8406082 0 0 0 17 178 0 0 0 0 0 22810020262704 22810020283920 93825019621376 140726970911780 140726970912111 140726970912111 140726970925013 0
/proc/1020967/statm: 105093 62692 214 1882 0 85551 0
[pid=1020967/tid=1020968] ppid=1020964 vsize=420372 memory=-7668315677460163174 CPUtime=1789.9 cores=56,58-70,73-86,168,170-182,185-198
/proc/1020967/task/1020968/stat : 1020968 (kat_xcsp_4a1625) R 1020964 1020964 1020860 0 -1 4194368 702738 0 608 0 178889 101 0 0 20 0 3 0 202001273 430460928 62692 117440512000 22810012442624 22810020150208 140726970908704 0 0 0 0 4096 8406082 0 0 0 -1 168 0 0 1 0 0 22810020262704 22810020283920 93825019621376 140726970911780 140726970912111 140726970912111 140726970925013 0
[pid=1020967/tid=1020969] ppid=1020964 vsize=420372 memory=4210469417261470578 CPUtime=0 cores=56,58-70,73-86,168,170-182,185-198
/proc/1020967/task/1020969/stat : 1020969 (kat_xcsp_4a1625) S 1020964 1020964 1020860 0 -1 1077936192 2 0 0 0 0 0 0 0 20 0 3 0 202001288 430460928 62692 117440512000 22810012442624 22810020150208 140726970908704 0 0 0 0 4096 8406082 0 0 0 -1 56 0 0 0 0 0 22810020262704 22810020283920 93825019621376 140726970911780 140726970912111 140726970912111 140726970925013 0
Current children cumulated CPU time: 1789.89 s
Current children cumulated vsize: 424616 KiB
Current children cumulated memory: 253740 KiB

Sending SIGTERM to process tree (bottom up)
Sleeping 2 seconds

[startup+1800.12 s]
# the end of solver process 1020964 was just reported to runsolver
# cumulated CPU time of all completed processes:  user=0.001745 s, system=0.003907 s

[startup+1800.12 s]
# the end of solver process 1020967 was just reported to runsolver
# cumulated CPU time of all completed processes:  user=1788.92 s, system=1.01918 s
# this solver process was not waited by its parent and was adopted by runsolver

Solver just ended.
??? end of watcher thread
Dumping a history of the last processes samples

Child status: 143
Real time (s): 1800.12
CPU time (s): 1789.94
CPU user time (s): 1788.92
CPU system time (s): 1.01918
CPU usage (%): 99.4342
Max. virtual memory (cumulated for all children) (KiB): 458588
Max. memory (cumulated for all children) (KiB): 260136

getrusage(RUSAGE_CHILDREN,...) data:
user time used= 1788.92
system time used= 1.01918
maximum resident set size= 273220
integral shared memory size= 0
integral unshared data size= 0
integral unshared stack size= 0
page reclaims= 703551
page faults= 666
swaps= 0
block input operations= 20488
block output operations= 976
messages sent= 0
messages received= 0
signals received= 0
voluntary context switches= 804
involuntary context switches= 3599


# summary of solver processes directly reported to runsolver:
#   pid: 1020964,1020967
#   total CPU time (s): 1789.94
#   total CPU user time (s): 1788.92
#   total CPU system time (s): 1.01918

??? end of timestamper thread
runsolver used 43.5416 second user time and 138.353 second system time

The end
