================ Slurm Info ================
DATE      = 2026-05-26T13:54:24+09:00
PARTITION = gr10609b
JOB_ID    = 19856579_124
JOB_NAME  = xcsp-parse-cop165-order-ge-time-rd-20260526-c609ccd4-dirty-q10609-rerun1
NNODES    = 1
RSC_OPT   = p=1:t=28:c=28:m=128000M
============================================
job_id=19861659 task_id=124 instance_id=124
instance_relpath=COP22to25/IHTC-i07_c25.xml.lzma
row_file=/LARGE0/gr10609/b39275/xcsp3instances/results/kat-cop165-order-ge-time-rd-20260526-c609ccd4-dirty-q10609-rerun1/rows/row-19861659-124-124.csv
runsolver_values_log=/LARGE0/gr10609/b39275/xcsp3instances/slurm-logs/runsolver/runsolver-cop165-order-ge-time-rd-20260526-c609ccd4-dirty-q10609-rerun1-19861659-124-124/values.log
runsolver_solver_log=/LARGE0/gr10609/b39275/xcsp3instances/slurm-logs/runsolver/runsolver-cop165-order-ge-time-rd-20260526-c609ccd4-dirty-q10609-rerun1-19861659-124-124/output.log
runsolver version 3.4.1 (svn: 3018) Copyright (C) 2010-2013 Olivier ROUSSEL

This program is distributed in the hope that it will be useful,
but WITHOUT ANY WARRANTY; without even the implied warranty of
MERCHANTABILITY or FITNESS FOR A PARTICULAR PURPOSE.  See the
GNU General Public License for more details.

NUMA information:
  number of nodes: 8
  memory of node 0: 63657 MiB (61105 MiB free)
  memory of node 1: 64504 MiB (63308 MiB free)
  memory of node 2: 64504 MiB (37819 MiB free)
  memory of node 3: 64504 MiB (38807 MiB free)
  memory of node 4: 64504 MiB (58287 MiB free)
  memory of node 5: 64504 MiB (58733 MiB free)
  memory of node 6: 64504 MiB (59111 MiB free)
  memory of node 7: 64491 MiB (57769 MiB free)
  node distances:
     10  12  12  12  21  21  21  21
     12  10  12  12  21  21  21  21
     12  12  10  12  21  21  21  21
     12  12  12  10  21  21  21  21
     21  21  21  21  10  12  12  12
     21  21  21  21  12  10  12  12
     21  21  21  21  12  12  10  12
     21  21  21  21  12  12  12  10

command line: runsolver -W 1800 -C 1800 -v /logs/runsolver/runsolver-cop165-order-ge-time-rd-20260526-c609ccd4-dirty-q10609-rerun1-19861659-124-124/values.log -o /logs/runsolver/runsolver-cop165-order-ge-time-rd-20260526-c609ccd4-dirty-q10609-rerun1-19861659-124-124/output.log bash -lc 
set -euo pipefail
if [[ -n "${PARSER_ARGS:-}" ]]; then
  eval "set -- ${PARSER_ARGS}"
  "$PARSER_BIN" "$INSTANCE_PATH" "$@"
else
  "$PARSER_BIN" "$INSTANCE_PATH"
fi
 

running on 44 cores: 0-27,124-139

Enforcing wall clock limit (soft limit, will send SIGTERM then SIGKILL): 1800 seconds
Enforcing CPUTime limit (soft limit, will send SIGTERM then SIGKILL): 1800 seconds
Enforcing CPUTime limit (hard limit, will send SIGXCPU): 1830 seconds
Linux 4.18.0-553.111.1.el8_10.x86_64
solver pid=1216853, runsolver pid=1216852
Current StackSize limit: 18014398509481983 KiB


[startup+0.100078 s]*
/proc/loadavg: 24.20 27.73 29.17 24/3041 1216859
/proc/meminfo: memFree=445549656/527542252 swapFree=33389524/33554428
[pid=1216853] ppid=1216852 vsize=4244 memory=2896 CPUtime=0 cores=0-27,112-139
/proc/1216853/stat : 1216853 (bash) S 1216852 1216853 1216754 0 -1 4194304 275 138 0 0 0 0 0 0 20 0 1 0 217469720 4345856 724 134175784960 94757680652288 94757681634205 140723635748272 0 0 0 65536 4 65538 0 0 0 17 16 0 0 0 0 0 94757681867504 94757681915748 94757709078528 140723635756469 140723635756645 140723635756645 140723635769322 0
/proc/1216853/statm: 1061 724 628 240 0 187 0
[pid=1216857] ppid=1216853 vsize=209628 memory=21036 CPUtime=0.17 cores=0-27,112-139
/proc/1216857/stat : 1216857 (kat_xcsp_c609cc) S 1216853 1216853 1216754 0 -1 1077936128 5861 0 2 0 16 1 0 0 20 0 3 0 217469721 214659072 5259 134175784960 23094511181824 23094518949248 140732703493792 0 0 0 0 4096 8406082 0 0 0 17 20 0 0 0 0 0 23094519063176 23094519084400 93824995549184 140732703501567 140732703501882 140732703501882 140732703514575 0
/proc/1216857/statm: 52407 5259 495 1897 0 22050 0
[pid=1216857/tid=1216858] ppid=1216853 vsize=209628 memory=3847026707181876312 CPUtime=0.18 cores=0-27,112-139
/proc/1216857/task/1216858/stat : 1216858 (kat_xcsp_c609cc) R 1216853 1216853 1216754 0 -1 4194368 5577 0 0 0 17 1 0 0 20 0 3 0 217469722 214659072 5259 134175784960 23094511181824 23094518949248 140732703493792 0 0 0 0 4096 8406082 0 0 0 -1 137 0 0 0 0 0 23094519063176 23094519084400 93824995549184 140732703501567 140732703501882 140732703501882 140732703514575 0
[pid=1216857/tid=1216859] ppid=1216853 vsize=209628 memory=59469411 CPUtime=0 cores=0-27,112-139
/proc/1216857/task/1216859/stat : 1216859 (kat_xcsp_c609cc) S 1216853 1216853 1216754 0 -1 1077936192 2 0 0 0 0 0 0 0 20 0 3 0 217469722 214659072 5259 134175784960 23094511181824 23094518949248 140732703493792 0 0 0 0 4096 8406082 0 0 0 -1 17 0 0 0 0 0 23094519063176 23094519084400 93824995549184 140732703501567 140732703501882 140732703501882 140732703514575 0
Current children cumulated CPU time: 0.17 s
Current children cumulated vsize: 213872 KiB
Current children cumulated memory: 23932 KiB

[startup+0.307304 s]*
/proc/loadavg: 24.20 27.73 29.17 28/3041 1216859
/proc/meminfo: memFree=445673276/527542252 swapFree=33389524/33554428
[pid=1216853] ppid=1216852 vsize=4244 memory=2896 CPUtime=0 cores=0-27,112-139
/proc/1216853/stat : 1216853 (bash) S 1216852 1216853 1216754 0 -1 4194304 275 138 0 0 0 0 0 0 20 0 1 0 217469720 4345856 724 134175784960 94757680652288 94757681634205 140723635748272 0 0 0 65536 4 65538 0 0 0 17 16 0 0 0 0 0 94757681867504 94757681915748 94757709078528 140723635756469 140723635756645 140723635756645 140723635769322 0
/proc/1216853/statm: 1061 724 628 240 0 187 0
[pid=1216857] ppid=1216853 vsize=212736 memory=33320 CPUtime=0.38 cores=0-27,112-139
/proc/1216857/stat : 1216857 (kat_xcsp_c609cc) S 1216853 1216853 1216754 0 -1 1077936128 9299 0 2 0 36 2 0 0 20 0 3 0 217469721 217841664 8330 134175784960 23094511181824 23094518949248 140732703493792 0 0 0 0 4096 8406082 0 0 0 17 20 0 0 0 0 0 23094519063176 23094519084400 93824995549184 140732703501567 140732703501882 140732703501882 140732703514575 0
/proc/1216857/statm: 53184 8330 504 1897 0 25014 0
[pid=1216857/tid=1216858] ppid=1216853 vsize=212736 memory=3847026707181876312 CPUtime=0.38 cores=0-27,112-139
/proc/1216857/task/1216858/stat : 1216858 (kat_xcsp_c609cc) R 1216853 1216853 1216754 0 -1 4194368 9016 0 0 0 37 1 0 0 20 0 3 0 217469722 217841664 8330 134175784960 23094511181824 23094518949248 140732703493792 0 0 0 0 4096 8406082 0 0 0 -1 137 0 0 0 0 0 23094519063176 23094519084400 93824995549184 140732703501567 140732703501882 140732703501882 140732703514575 0
[pid=1216857/tid=1216859] ppid=1216853 vsize=212736 memory=59469411 CPUtime=0 cores=0-27,112-139
/proc/1216857/task/1216859/stat : 1216859 (kat_xcsp_c609cc) S 1216853 1216853 1216754 0 -1 1077936192 2 0 0 0 0 0 0 0 20 0 3 0 217469722 217841664 8330 134175784960 23094511181824 23094518949248 140732703493792 0 0 0 0 4096 8406082 0 0 0 -1 17 0 0 0 0 0 23094519063176 23094519084400 93824995549184 140732703501567 140732703501882 140732703501882 140732703514575 0
Current children cumulated CPU time: 0.38 s
Current children cumulated vsize: 216980 KiB
Current children cumulated memory: 36216 KiB

[startup+0.504854 s]*
/proc/loadavg: 24.20 27.73 29.17 26/3041 1216859
/proc/meminfo: memFree=445617020/527542252 swapFree=33389524/33554428
[pid=1216853] ppid=1216852 vsize=4244 memory=2896 CPUtime=0 cores=0-27,112-139
/proc/1216853/stat : 1216853 (bash) S 1216852 1216853 1216754 0 -1 4194304 275 138 0 0 0 0 0 0 20 0 1 0 217469720 4345856 724 134175784960 94757680652288 94757681634205 140723635748272 0 0 0 65536 4 65538 0 0 0 17 16 0 0 0 0 0 94757681867504 94757681915748 94757709078528 140723635756469 140723635756645 140723635756645 140723635769322 0
/proc/1216853/statm: 1061 724 628 240 0 187 0
[pid=1216857] ppid=1216853 vsize=218688 memory=45268 CPUtime=0.57 cores=0-27,112-139
/proc/1216857/stat : 1216857 (kat_xcsp_c609cc) S 1216853 1216853 1216754 0 -1 1077936128 12064 0 2 0 55 2 0 0 20 0 3 0 217469721 223936512 11317 134175784960 23094511181824 23094518949248 140732703493792 0 0 0 0 4096 8406082 0 0 0 17 20 0 0 0 0 0 23094519063176 23094519084400 93824995549184 140732703501567 140732703501882 140732703501882 140732703514575 0
/proc/1216857/statm: 54672 11317 509 1897 0 28194 0
[pid=1216857/tid=1216858] ppid=1216853 vsize=218688 memory=7511567236843340051 CPUtime=0.57 cores=0-27,112-139
/proc/1216857/task/1216858/stat : 1216858 (kat_xcsp_c609cc) R 1216853 1216853 1216754 0 -1 4194368 11806 0 0 0 55 2 0 0 20 0 3 0 217469722 223936512 11317 134175784960 23094511181824 23094518949248 140732703493792 0 0 0 0 4096 8406082 0 0 0 -1 137 0 0 0 0 0 23094519063176 23094519084400 93824995549184 140732703501567 140732703501882 140732703501882 140732703514575 0
[pid=1216857/tid=1216859] ppid=1216853 vsize=218688 memory=-3616216690326869093 CPUtime=0 cores=0-27,112-139
/proc/1216857/task/1216859/stat : 1216859 (kat_xcsp_c609cc) S 1216853 1216853 1216754 0 -1 1077936192 2 0 0 0 0 0 0 0 20 0 3 0 217469722 223936512 11317 134175784960 23094511181824 23094518949248 140732703493792 0 0 0 0 4096 8406082 0 0 0 -1 17 0 0 0 0 0 23094519063176 23094519084400 93824995549184 140732703501567 140732703501882 140732703501882 140732703514575 0
Current children cumulated CPU time: 0.57 s
Current children cumulated vsize: 222932 KiB
Current children cumulated memory: 48164 KiB

[startup+0.703762 s]*
/proc/loadavg: 24.20 27.73 29.17 24/3041 1216859
/proc/meminfo: memFree=445605716/527542252 swapFree=33389524/33554428
[pid=1216853] ppid=1216852 vsize=4244 memory=2896 CPUtime=0 cores=0-27,112-139
/proc/1216853/stat : 1216853 (bash) S 1216852 1216853 1216754 0 -1 4194304 275 138 0 0 0 0 0 0 20 0 1 0 217469720 4345856 724 134175784960 94757680652288 94757681634205 140723635748272 0 0 0 65536 4 65538 0 0 0 17 16 0 0 0 0 0 94757681867504 94757681915748 94757709078528 140723635756469 140723635756645 140723635756645 140723635769322 0
/proc/1216853/statm: 1061 724 628 240 0 187 0
[pid=1216857] ppid=1216853 vsize=221248 memory=54772 CPUtime=0.77 cores=0-27,112-139
/proc/1216857/stat : 1216857 (kat_xcsp_c609cc) S 1216853 1216853 1216754 0 -1 1077936128 14442 0 2 0 74 3 0 0 20 0 3 0 217469721 226557952 13693 134175784960 23094511181824 23094518949248 140732703493792 0 0 0 0 4096 8406082 0 0 0 17 20 0 0 0 0 0 23094519063176 23094519084400 93824995549184 140732703501567 140732703501882 140732703501882 140732703514575 0
/proc/1216857/statm: 55312 13693 509 1897 0 30588 0
[pid=1216857/tid=1216858] ppid=1216853 vsize=221248 memory=3847026707181876312 CPUtime=0.77 cores=0-27,112-139
/proc/1216857/task/1216858/stat : 1216858 (kat_xcsp_c609cc) R 1216853 1216853 1216754 0 -1 4194368 14182 0 0 0 74 3 0 0 20 0 3 0 217469722 226557952 13693 134175784960 23094511181824 23094518949248 140732703493792 0 0 0 0 4096 8406082 0 0 0 -1 137 0 0 0 0 0 23094519063176 23094519084400 93824995549184 140732703501567 140732703501882 140732703501882 140732703514575 0
[pid=1216857/tid=1216859] ppid=1216853 vsize=221248 memory=59469411 CPUtime=0 cores=0-27,112-139
/proc/1216857/task/1216859/stat : 1216859 (kat_xcsp_c609cc) S 1216853 1216853 1216754 0 -1 1077936192 2 0 0 0 0 0 0 0 20 0 3 0 217469722 226557952 13693 134175784960 23094511181824 23094518949248 140732703493792 0 0 0 0 4096 8406082 0 0 0 -1 17 0 0 0 0 0 23094519063176 23094519084400 93824995549184 140732703501567 140732703501882 140732703501882 140732703514575 0
Current children cumulated CPU time: 0.77 s
Current children cumulated vsize: 225492 KiB
Current children cumulated memory: 57668 KiB

[startup+1.5003 s]*
/proc/loadavg: 24.20 27.73 29.17 24/3041 1216859
/proc/meminfo: memFree=445591712/527542252 swapFree=33389524/33554428
[pid=1216853] ppid=1216852 vsize=4244 memory=2896 CPUtime=0 cores=0-27,112-139
/proc/1216853/stat : 1216853 (bash) S 1216852 1216853 1216754 0 -1 4194304 275 138 0 0 0 0 0 0 20 0 1 0 217469720 4345856 724 134175784960 94757680652288 94757681634205 140723635748272 0 0 0 65536 4 65538 0 0 0 17 16 0 0 0 0 0 94757681867504 94757681915748 94757709078528 140723635756469 140723635756645 140723635756645 140723635769322 0
/proc/1216853/statm: 1061 724 628 240 0 187 0
[pid=1216857] ppid=1216853 vsize=385056 memory=204676 CPUtime=1.57 cores=0-27,112-139
/proc/1216857/stat : 1216857 (kat_xcsp_c609cc) S 1216853 1216853 1216754 0 -1 1077936128 47889 0 2 0 146 11 0 0 20 0 3 0 217469721 394297344 51169 134175784960 23094511181824 23094518949248 140732703493792 0 0 0 0 4096 8406082 0 0 0 17 20 0 0 0 0 0 23094519063176 23094519084400 93824995549184 140732703501567 140732703501882 140732703501882 140732703514575 0
/proc/1216857/statm: 96264 51169 674 1897 0 70399 0
[pid=1216857/tid=1216858] ppid=1216853 vsize=385056 memory=7511567236843340051 CPUtime=1.56 cores=0-27,112-139
/proc/1216857/task/1216858/stat : 1216858 (kat_xcsp_c609cc) R 1216853 1216853 1216754 0 -1 4194368 47861 0 0 0 146 10 0 0 20 0 3 0 217469722 394297344 52456 134175784960 23094511181824 23094518949248 140732703493792 0 0 0 0 4096 8406082 0 0 0 -1 137 0 0 0 0 0 23094519063176 23094519084400 93824995549184 140732703501567 140732703501882 140732703501882 140732703514575 0
[pid=1216857/tid=1216859] ppid=1216853 vsize=385056 memory=-3616216690326869093 CPUtime=0 cores=0-27,112-139
/proc/1216857/task/1216859/stat : 1216859 (kat_xcsp_c609cc) S 1216853 1216853 1216754 0 -1 1077936192 2 0 0 0 0 0 0 0 20 0 3 0 217469722 394297344 52456 134175784960 23094511181824 23094518949248 140732703493792 0 0 0 0 4096 8406082 0 0 0 -1 17 0 0 0 0 0 23094519063176 23094519084400 93824995549184 140732703501567 140732703501882 140732703501882 140732703514575 0
Current children cumulated CPU time: 1.57 s
Current children cumulated vsize: 389300 KiB
Current children cumulated memory: 207572 KiB

[startup+3.1003 s]
/proc/loadavg: 24.20 27.73 29.17 24/3041 1216859
/proc/meminfo: memFree=444550432/527542252 swapFree=33389524/33554428
[pid=1216853] ppid=1216852 vsize=4244 memory=2896 CPUtime=0 cores=0-27,112-139
/proc/1216853/stat : 1216853 (bash) S 1216852 1216853 1216754 0 -1 4194304 275 138 0 0 0 0 0 0 20 0 1 0 217469720 4345856 724 134175784960 94757680652288 94757681634205 140723635748272 0 0 0 65536 4 65538 0 0 0 17 16 0 0 0 0 0 94757681867504 94757681915748 94757709078528 140723635756469 140723635756645 140723635756645 140723635769322 0
/proc/1216853/statm: 1061 724 628 240 0 187 0
[pid=1216857] ppid=1216853 vsize=1305036 memory=1007716 CPUtime=3.06 cores=0-27,112-139
/proc/1216857/stat : 1216857 (kat_xcsp_c609cc) S 1216853 1216853 1216754 0 -1 1077936128 150867 0 2 0 269 37 0 0 20 0 3 0 217469721 1336356864 251929 134175784960 23094511181824 23094518949248 140732703493792 0 0 0 0 4096 8406082 0 0 0 17 20 0 0 0 0 0 23094519063176 23094519084400 93824995549184 140732703501567 140732703501882 140732703501882 140732703514575 0
/proc/1216857/statm: 326259 251929 701 1897 0 288484 0
[pid=1216857/tid=1216858] ppid=1216853 vsize=1305036 memory=10300 CPUtime=3.06 cores=0-27,112-139
/proc/1216857/task/1216858/stat : 1216858 (kat_xcsp_c609cc) R 1216853 1216853 1216754 0 -1 4194368 150581 0 0 0 269 37 0 0 20 0 3 0 217469722 1336356864 251929 134175784960 23094511181824 23094518949248 140732703493792 0 0 0 0 4096 8406082 0 0 0 -1 25 0 0 0 0 0 23094519063176 23094519084400 93824995549184 140732703501567 140732703501882 140732703501882 140732703514575 0
[pid=1216857/tid=1216859] ppid=1216853 vsize=1305036 memory=2032 CPUtime=0 cores=0-27,112-139
/proc/1216857/task/1216859/stat : 1216859 (kat_xcsp_c609cc) S 1216853 1216853 1216754 0 -1 1077936192 2 0 0 0 0 0 0 0 20 0 3 0 217469722 1336356864 251929 134175784960 23094511181824 23094518949248 140732703493792 0 0 0 0 4096 8406082 0 0 0 -1 17 0 0 0 0 0 23094519063176 23094519084400 93824995549184 140732703501567 140732703501882 140732703501882 140732703514575 0
Current children cumulated CPU time: 3.06 s
Current children cumulated vsize: 1309280 KiB
Current children cumulated memory: 1010612 KiB

[startup+6.30026 s]
/proc/loadavg: 24.26 27.69 29.15 24/3041 1216859
/proc/meminfo: memFree=443572780/527542252 swapFree=33389524/33554428
[pid=1216853] ppid=1216852 vsize=4244 memory=2896 CPUtime=0 cores=0-27,112-139
/proc/1216853/stat : 1216853 (bash) S 1216852 1216853 1216754 0 -1 4194304 275 138 0 0 0 0 0 0 20 0 1 0 217469720 4345856 724 134175784960 94757680652288 94757681634205 140723635748272 0 0 0 65536 4 65538 0 0 0 17 16 0 0 0 0 0 94757681867504 94757681915748 94757709078528 140723635756469 140723635756645 140723635756645 140723635769322 0
/proc/1216853/statm: 1061 724 628 240 0 187 0
[pid=1216857] ppid=1216853 vsize=2288076 memory=2043356 CPUtime=6.25 cores=0-27,112-139
/proc/1216857/stat : 1216857 (kat_xcsp_c609cc) S 1216853 1216853 1216754 0 -1 1077936128 399851 0 2 0 520 105 0 0 20 0 3 0 217469721 2342989824 510839 134175784960 23094511181824 23094518949248 140732703493792 0 0 0 0 4096 8406082 0 0 0 17 20 0 0 0 0 0 23094519063176 23094519084400 93824995549184 140732703501567 140732703501882 140732703501882 140732703514575 0
/proc/1216857/statm: 572019 510839 734 1897 0 547847 0
[pid=1216857/tid=1216858] ppid=1216853 vsize=2288076 memory=2136 CPUtime=6.25 cores=0-27,112-139
/proc/1216857/task/1216858/stat : 1216858 (kat_xcsp_c609cc) R 1216853 1216853 1216754 0 -1 4194368 399565 0 0 0 520 105 0 0 20 0 3 0 217469722 2342989824 510839 134175784960 23094511181824 23094518949248 140732703493792 0 0 0 0 4096 8406082 0 0 0 -1 112 0 0 0 0 0 23094519063176 23094519084400 93824995549184 140732703501567 140732703501882 140732703501882 140732703514575 0
[pid=1216857/tid=1216859] ppid=1216853 vsize=2288076 memory=2896 CPUtime=0 cores=0-27,112-139
/proc/1216857/task/1216859/stat : 1216859 (kat_xcsp_c609cc) S 1216853 1216853 1216754 0 -1 1077936192 2 0 0 0 0 0 0 0 20 0 3 0 217469722 2342989824 510839 134175784960 23094511181824 23094518949248 140732703493792 0 0 0 0 4096 8406082 0 0 0 -1 17 0 0 0 0 0 23094519063176 23094519084400 93824995549184 140732703501567 140732703501882 140732703501882 140732703514575 0
Current children cumulated CPU time: 6.25 s
Current children cumulated vsize: 2292320 KiB
Current children cumulated memory: 2046252 KiB

[startup+12.7041 s]
/proc/loadavg: 24.16 27.61 29.12 24/3037 1216868
/proc/meminfo: memFree=441541320/527542252 swapFree=33389524/33554428
[pid=1216853] ppid=1216852 vsize=4244 memory=2896 CPUtime=0 cores=0-27,112-139
/proc/1216853/stat : 1216853 (bash) S 1216852 1216853 1216754 0 -1 4194304 275 138 0 0 0 0 0 0 20 0 1 0 217469720 4345856 724 134175784960 94757680652288 94757681634205 140723635748272 0 0 0 65536 4 65538 0 0 0 17 16 0 0 0 0 0 94757681867504 94757681915748 94757709078528 140723635756469 140723635756645 140723635756645 140723635769322 0
/proc/1216853/statm: 1061 724 628 240 0 187 0
[pid=1216857] ppid=1216853 vsize=4712908 memory=4185632 CPUtime=12.63 cores=0-27,112-139
/proc/1216857/stat : 1216857 (kat_xcsp_c609cc) S 1216853 1216853 1216754 0 -1 1077936128 906910 0 2 0 1033 230 0 0 20 0 3 0 217469721 4826017792 1046408 134175784960 23094511181824 23094518949248 140732703493792 0 0 0 0 4096 8406082 0 0 0 17 20 0 0 0 0 0 23094519063176 23094519084400 93824995549184 140732703501567 140732703501882 140732703501882 140732703514575 0
/proc/1216857/statm: 1178227 1046408 734 1897 0 1146917 0
[pid=1216857/tid=1216858] ppid=1216853 vsize=4712908 memory=2896 CPUtime=12.62 cores=0-27,112-139
/proc/1216857/task/1216858/stat : 1216858 (kat_xcsp_c609cc) R 1216853 1216853 1216754 0 -1 4194368 906624 0 0 0 1033 229 0 0 20 0 3 0 217469722 4826017792 1046408 134175784960 23094511181824 23094518949248 140732703493792 0 0 0 0 4096 8406082 0 0 0 -1 112 0 0 0 0 0 23094519063176 23094519084400 93824995549184 140732703501567 140732703501882 140732703501882 140732703514575 0
[pid=1216857/tid=1216859] ppid=1216853 vsize=4712908 memory=2143280 CPUtime=0 cores=0-27,112-139
/proc/1216857/task/1216859/stat : 1216859 (kat_xcsp_c609cc) S 1216853 1216853 1216754 0 -1 1077936192 2 0 0 0 0 0 0 0 20 0 3 0 217469722 4826017792 1046408 134175784960 23094511181824 23094518949248 140732703493792 0 0 0 0 4096 8406082 0 0 0 -1 17 0 0 0 0 0 23094519063176 23094519084400 93824995549184 140732703501567 140732703501882 140732703501882 140732703514575 0
Current children cumulated CPU time: 12.63 s
Current children cumulated vsize: 4717152 KiB
Current children cumulated memory: 4188528 KiB

[startup+25.5003 s]
/proc/loadavg: 24.37 27.48 29.05 26/3096 1217131
/proc/meminfo: memFree=435150072/527542252 swapFree=33389780/33554428
[pid=1216853] ppid=1216852 vsize=4244 memory=2896 CPUtime=0 cores=0-27,112-139
/proc/1216853/stat : 1216853 (bash) S 1216852 1216853 1216754 0 -1 4194304 275 138 0 0 0 0 0 0 20 0 1 0 217469720 4345856 724 134175784960 94757680652288 94757681634205 140723635748272 0 0 0 65536 4 65538 0 0 0 17 16 0 0 0 0 0 94757681867504 94757681915748 94757709078528 140723635756469 140723635756645 140723635756645 140723635769322 0
/proc/1216853/statm: 1061 724 628 240 0 187 0
[pid=1216857] ppid=1216853 vsize=9300428 memory=8315288 CPUtime=25.38 cores=0-27,112-139
/proc/1216857/stat : 1216857 (kat_xcsp_c609cc) S 1216853 1216853 1216754 0 -1 1077936128 1873659 0 2 0 2081 457 0 0 20 0 3 0 217469721 9523638272 2078822 134175784960 23094511181824 23094518949248 140732703493792 0 0 0 0 4096 8406082 0 0 0 17 20 0 0 0 0 0 23094519063176 23094519084400 93824995549184 140732703501567 140732703501882 140732703501882 140732703514575 0
/proc/1216857/statm: 2325107 2078822 734 1897 0 2291631 0
[pid=1216857/tid=1216858] ppid=1216853 vsize=9300428 memory=0 CPUtime=25.37 cores=0-27,112-139
/proc/1216857/task/1216858/stat : 1216858 (kat_xcsp_c609cc) R 1216853 1216853 1216754 0 -1 4194368 1873379 0 0 0 2081 456 0 0 20 0 3 0 217469722 9523638272 2078822 134175784960 23094511181824 23094518949248 140732703493792 0 0 0 0 4096 8406082 0 0 0 -1 112 0 0 0 0 0 23094519063176 23094519084400 93824995549184 140732703501567 140732703501882 140732703501882 140732703514575 0
[pid=1216857/tid=1216859] ppid=1216853 vsize=9300428 memory=7318452475133972 CPUtime=0 cores=0-27,112-139
/proc/1216857/task/1216859/stat : 1216859 (kat_xcsp_c609cc) S 1216853 1216853 1216754 0 -1 1077936192 2 0 0 0 0 0 0 0 20 0 3 0 217469722 9523638272 2078822 134175784960 23094511181824 23094518949248 140732703493792 0 0 0 0 4096 8406082 0 0 0 -1 17 0 0 0 0 0 23094519063176 23094519084400 93824995549184 140732703501567 140732703501882 140732703501882 140732703514575 0
Current children cumulated CPU time: 25.38 s
Current children cumulated vsize: 9304672 KiB
Current children cumulated memory: 8318184 KiB

[startup+51.2065 s]
/proc/loadavg: 24.86 27.35 28.96 26/3096 1217143
/proc/meminfo: memFree=426247556/527542252 swapFree=33389780/33554428
[pid=1216853] ppid=1216852 vsize=4244 memory=2896 CPUtime=0 cores=0-27,112-139
/proc/1216853/stat : 1216853 (bash) S 1216852 1216853 1216754 0 -1 4194304 275 138 0 0 0 0 0 0 20 0 1 0 217469720 4345856 724 134175784960 94757680652288 94757681634205 140723635748272 0 0 0 65536 4 65538 0 0 0 17 16 0 0 0 0 0 94757681867504 94757681915748 94757709078528 140723635756469 140723635756645 140723635756645 140723635769322 0
/proc/1216853/statm: 1061 724 628 240 0 187 0
[pid=1216857] ppid=1216853 vsize=18606540 memory=16583324 CPUtime=50.99 cores=0-27,112-139
/proc/1216857/stat : 1216857 (kat_xcsp_c609cc) S 1216853 1216853 1216754 0 -1 1077936128 3797457 0 2 0 4226 873 0 0 20 0 3 0 217469721 19053096960 4145831 134175784960 23094511181824 23094518949248 140732703493792 0 0 0 0 4096 8406082 0 0 0 17 20 0 0 0 0 0 23094519063176 23094519084400 93824995549184 140732703501567 140732703501882 140732703501882 140732703514575 0
/proc/1216857/statm: 4651635 4145831 734 1897 0 4611036 0
[pid=1216857/tid=1216858] ppid=1216853 vsize=18606540 memory=9628564 CPUtime=50.98 cores=0-27,112-139
/proc/1216857/task/1216858/stat : 1216858 (kat_xcsp_c609cc) R 1216853 1216853 1216754 0 -1 4194368 3797170 0 0 0 4226 872 0 0 20 0 3 0 217469722 19053096960 4145831 134175784960 23094511181824 23094518949248 140732703493792 0 0 0 0 4096 8406082 0 0 0 -1 112 0 0 0 0 0 23094519063176 23094519084400 93824995549184 140732703501567 140732703501882 140732703501882 140732703514575 0
[pid=1216857/tid=1216859] ppid=1216853 vsize=18606540 memory=11357488 CPUtime=0 cores=0-27,112-139
/proc/1216857/task/1216859/stat : 1216859 (kat_xcsp_c609cc) S 1216853 1216853 1216754 0 -1 1077936192 2 0 0 0 0 0 0 0 20 0 3 0 217469722 19053096960 4145831 134175784960 23094511181824 23094518949248 140732703493792 0 0 0 0 4096 8406082 0 0 0 -1 17 0 0 0 0 0 23094519063176 23094519084400 93824995549184 140732703501567 140732703501882 140732703501882 140732703514575 0
Current children cumulated CPU time: 50.99 s
Current children cumulated vsize: 18610784 KiB
Current children cumulated memory: 16586220 KiB

[startup+102.3 s]
/proc/loadavg: 25.57 27.14 28.80 28/3088 1217145
/proc/meminfo: memFree=409522352/527542252 swapFree=33389780/33554428
[pid=1216853] ppid=1216852 vsize=4244 memory=2896 CPUtime=0 cores=0-27,112-139
/proc/1216853/stat : 1216853 (bash) S 1216852 1216853 1216754 0 -1 4194304 275 138 0 0 0 0 0 0 20 0 1 0 217469720 4345856 724 134175784960 94757680652288 94757681634205 140723635748272 0 0 0 65536 4 65538 0 0 0 17 16 0 0 0 0 0 94757681867504 94757681915748 94757709078528 140723635756469 140723635756645 140723635756645 140723635769322 0
/proc/1216853/statm: 1061 724 628 240 0 187 0
[pid=1216857] ppid=1216853 vsize=37153228 memory=32831120 CPUtime=101.89 cores=0-27,112-139
/proc/1216857/stat : 1216857 (kat_xcsp_c609cc) S 1216853 1216853 1216754 0 -1 1077936128 7543525 0 2 0 8528 1661 0 0 20 0 3 0 217469721 38044905472 8207780 134175784960 23094511181824 23094518949248 140732703493792 0 0 0 0 4096 8406082 0 0 0 17 20 0 0 0 0 0 23094519063176 23094519084400 93824995549184 140732703501567 140732703501882 140732703501882 140732703514575 0
/proc/1216857/statm: 9288307 8207780 734 1897 0 9258405 0
[pid=1216857/tid=1216858] ppid=1216853 vsize=37153228 memory=32124840 CPUtime=101.88 cores=0-27,112-139
/proc/1216857/task/1216858/stat : 1216858 (kat_xcsp_c609cc) R 1216853 1216853 1216754 0 -1 4194368 7543238 0 0 0 8528 1660 0 0 20 0 3 0 217469722 38044905472 8207780 134175784960 23094511181824 23094518949248 140732703493792 0 0 0 0 4096 8406082 0 0 0 -1 112 0 0 0 0 0 23094519063176 23094519084400 93824995549184 140732703501567 140732703501882 140732703501882 140732703514575 0
[pid=1216857/tid=1216859] ppid=1216853 vsize=37153228 memory=17164 CPUtime=0 cores=0-27,112-139
/proc/1216857/task/1216859/stat : 1216859 (kat_xcsp_c609cc) S 1216853 1216853 1216754 0 -1 1077936192 2 0 0 0 0 0 0 0 20 0 3 0 217469722 38044905472 8207780 134175784960 23094511181824 23094518949248 140732703493792 0 0 0 0 4096 8406082 0 0 0 -1 17 0 0 0 0 0 23094519063176 23094519084400 93824995549184 140732703501567 140732703501882 140732703501882 140732703514575 0
Current children cumulated CPU time: 101.89 s
Current children cumulated vsize: 37157472 KiB
Current children cumulated memory: 32834016 KiB

[startup+162.306 s]
/proc/loadavg: 25.61 26.87 28.60 27/3090 1217153
/proc/meminfo: memFree=390311996/527542252 swapFree=33389780/33554428
[pid=1216853] ppid=1216852 vsize=4244 memory=2896 CPUtime=0 cores=0-27,112-139
/proc/1216853/stat : 1216853 (bash) S 1216852 1216853 1216754 0 -1 4194304 275 138 0 0 0 0 0 0 20 0 1 0 217469720 4345856 724 134175784960 94757680652288 94757681634205 140723635748272 0 0 0 65536 4 65538 0 0 0 17 16 0 0 0 0 0 94757681867504 94757681915748 94757709078528 140723635756469 140723635756645 140723635756645 140723635769322 0
/proc/1216853/statm: 1061 724 628 240 0 187 0
[pid=1216857] ppid=1216853 vsize=60221900 memory=51565656 CPUtime=161.66 cores=0-27,112-139
/proc/1216857/stat : 1216857 (kat_xcsp_c609cc) S 1216853 1216853 1216754 0 -1 1077936128 11872278 0 2 0 13584 2582 0 0 20 0 3 0 217469721 61667225600 12891414 134175784960 23094511181824 23094518949248 140732703493792 0 0 0 0 4096 8406082 0 0 0 17 20 0 0 0 0 0 23094519063176 23094519084400 93824995549184 140732703501567 140732703501882 140732703501882 140732703514575 0
/proc/1216857/statm: 15055475 12891414 734 1897 0 15023827 0
[pid=1216857/tid=1216858] ppid=1216853 vsize=60221900 memory=2896 CPUtime=161.66 cores=0-27,112-139
/proc/1216857/task/1216858/stat : 1216858 (kat_xcsp_c609cc) R 1216853 1216853 1216754 0 -1 4194368 11871988 0 0 0 13584 2582 0 0 20 0 3 0 217469722 61667225600 12891414 134175784960 23094511181824 23094518949248 140732703493792 0 0 0 0 4096 8406082 0 0 0 -1 112 0 0 0 0 0 23094519063176 23094519084400 93824995549184 140732703501567 140732703501882 140732703501882 140732703514575 0
[pid=1216857/tid=1216859] ppid=1216853 vsize=60221900 memory=2896 CPUtime=0 cores=0-27,112-139
/proc/1216857/task/1216859/stat : 1216859 (kat_xcsp_c609cc) S 1216853 1216853 1216754 0 -1 1077936192 2 0 0 0 0 0 0 0 20 0 3 0 217469722 61667225600 12891414 134175784960 23094511181824 23094518949248 140732703493792 0 0 0 0 4096 8406082 0 0 0 -1 17 0 0 0 0 0 23094519063176 23094519084400 93824995549184 140732703501567 140732703501882 140732703501882 140732703514575 0
Current children cumulated CPU time: 161.66 s
Current children cumulated vsize: 60226144 KiB
Current children cumulated memory: 51568552 KiB

[startup+222.3 s]
/proc/loadavg: 26.22 26.86 28.50 27/3092 1217159
/proc/meminfo: memFree=392059336/527542252 swapFree=33389780/33554428
[pid=1216853] ppid=1216852 vsize=4244 memory=2896 CPUtime=0 cores=0-27,112-139
/proc/1216853/stat : 1216853 (bash) S 1216852 1216853 1216754 0 -1 4194304 275 138 0 0 0 0 0 0 20 0 1 0 217469720 4345856 724 134175784960 94757680652288 94757681634205 140723635748272 0 0 0 65536 4 65538 0 0 0 17 16 0 0 0 0 0 94757681867504 94757681915748 94757709078528 140723635756469 140723635756645 140723635756645 140723635769322 0
/proc/1216853/statm: 1061 724 628 240 0 187 0
[pid=1216857] ppid=1216853 vsize=76540364 memory=67749000 CPUtime=214.16 cores=0-27,112-139
/proc/1216857/stat : 1216857 (kat_xcsp_c609cc) S 1216853 1216853 1216754 0 -1 1077936128 15782811 0 56407 0 17931 3485 0 0 20 0 3 0 217469721 78377332736 16937250 134175784960 23094511181824 23094518949248 140732703493792 0 0 0 0 4096 8406082 0 0 0 17 20 0 0 0 0 0 23094519063176 23094519084400 93824995549184 140732703501567 140732703501882 140732703501882 140732703514575 0
/proc/1216857/statm: 19135091 16937250 14 1897 0 19094146 0
[pid=1216857/tid=1216858] ppid=1216853 vsize=76540364 memory=2896 CPUtime=214.16 cores=0-27,112-139
/proc/1216857/task/1216858/stat : 1216858 (kat_xcsp_c609cc) R 1216853 1216853 1216754 0 -1 4194368 15782523 0 56405 0 17931 3485 0 0 20 0 3 0 217469722 78377332736 16937250 134175784960 23094511181824 23094518949248 140732703493792 0 0 0 0 4096 8406082 0 0 0 -1 118 0 0 0 0 0 23094519063176 23094519084400 93824995549184 140732703501567 140732703501882 140732703501882 140732703514575 0
[pid=1216857/tid=1216859] ppid=1216853 vsize=76540364 memory=2896 CPUtime=0 cores=0-27,112-139
/proc/1216857/task/1216859/stat : 1216859 (kat_xcsp_c609cc) S 1216853 1216853 1216754 0 -1 1077936192 2 0 0 0 0 0 0 0 20 0 3 0 217469722 78377332736 16937250 134175784960 23094511181824 23094518949248 140732703493792 0 0 0 0 4096 8406082 0 0 0 -1 17 0 0 0 0 0 23094519063176 23094519084400 93824995549184 140732703501567 140732703501882 140732703501882 140732703514575 0
Current children cumulated CPU time: 214.16 s
Current children cumulated vsize: 76544608 KiB
Current children cumulated memory: 67751896 KiB

[startup+282.3 s]
/proc/loadavg: 26.77 26.89 28.40 28/3087 1217163
/proc/meminfo: memFree=372554984/527542252 swapFree=33389780/33554428
[pid=1216853] ppid=1216852 vsize=4244 memory=2896 CPUtime=0 cores=0-27,112-139
/proc/1216853/stat : 1216853 (bash) S 1216852 1216853 1216754 0 -1 4194304 275 138 0 0 0 0 0 0 20 0 1 0 217469720 4345856 724 134175784960 94757680652288 94757681634205 140723635748272 0 0 0 65536 4 65538 0 0 0 17 16 0 0 0 0 0 94757681867504 94757681915748 94757709078528 140723635756469 140723635756645 140723635756645 140723635769322 0
/proc/1216853/statm: 1061 724 628 240 0 187 0
[pid=1216857] ppid=1216853 vsize=95939020 memory=86939848 CPUtime=273.94 cores=0-27,112-139
/proc/1216857/stat : 1216857 (kat_xcsp_c609cc) S 1216853 1216853 1216754 0 -1 1077936128 20610579 0 56407 0 22919 4475 0 0 20 0 3 0 217469721 98241556480 21734962 134175784960 23094511181824 23094518949248 140732703493792 0 0 0 0 4096 8406082 0 0 0 17 20 0 0 0 0 0 23094519063176 23094519084400 93824995549184 140732703501567 140732703501882 140732703501882 140732703514575 0
/proc/1216857/statm: 23984755 21734962 14 1897 0 23946298 0
[pid=1216857/tid=1216858] ppid=1216853 vsize=95939020 memory=9764 CPUtime=273.94 cores=0-27,112-139
/proc/1216857/task/1216858/stat : 1216858 (kat_xcsp_c609cc) R 1216853 1216853 1216754 0 -1 4194368 20610293 0 56405 0 22919 4475 0 0 20 0 3 0 217469722 98241556480 21734962 134175784960 23094511181824 23094518949248 140732703493792 0 0 0 0 4096 8406082 0 0 0 -1 118 0 0 0 0 0 23094519063176 23094519084400 93824995549184 140732703501567 140732703501882 140732703501882 140732703514575 0
[pid=1216857/tid=1216859] ppid=1216853 vsize=95939020 memory=15780 CPUtime=0 cores=0-27,112-139
/proc/1216857/task/1216859/stat : 1216859 (kat_xcsp_c609cc) S 1216853 1216853 1216754 0 -1 1077936192 2 0 0 0 0 0 0 0 20 0 3 0 217469722 98241556480 21734962 134175784960 23094511181824 23094518949248 140732703493792 0 0 0 0 4096 8406082 0 0 0 -1 17 0 0 0 0 0 23094519063176 23094519084400 93824995549184 140732703501567 140732703501882 140732703501882 140732703514575 0
Current children cumulated CPU time: 273.94 s
Current children cumulated vsize: 95943264 KiB
Current children cumulated memory: 86942744 KiB

[startup+342.3 s]
/proc/loadavg: 26.51 26.79 28.27 28/3076 1217166
/proc/meminfo: memFree=360230180/527542252 swapFree=33389780/33554428
[pid=1216853] ppid=1216852 vsize=4244 memory=2896 CPUtime=0 cores=0-27,112-139
/proc/1216853/stat : 1216853 (bash) S 1216852 1216853 1216754 0 -1 4194304 275 138 0 0 0 0 0 0 20 0 1 0 217469720 4345856 724 134175784960 94757680652288 94757681634205 140723635748272 0 0 0 65536 4 65538 0 0 0 17 16 0 0 0 0 0 94757681867504 94757681915748 94757709078528 140723635756469 140723635756645 140723635756645 140723635769322 0
/proc/1216853/statm: 1061 724 628 240 0 187 0
[pid=1216857] ppid=1216853 vsize=108964292 memory=99485948 CPUtime=333.68 cores=0-27,112-139
/proc/1216857/stat : 1216857 (kat_xcsp_c609cc) S 1216853 1216853 1216754 0 -1 1077936128 30572570 0 56566 0 26638 6730 0 0 20 0 3 0 217469721 111579435008 24871487 134175784960 23094511181824 23094518949248 140732703493792 0 0 0 0 4096 8406082 0 0 0 17 20 0 0 0 0 0 23094519063176 23094519084400 93824995549184 140732703501567 140732703501882 140732703501882 140732703514575 0
/proc/1216857/statm: 27241073 24871487 173 1897 0 27192820 0
[pid=1216857/tid=1216858] ppid=1216853 vsize=108964292 memory=2032 CPUtime=333.68 cores=0-27,112-139
/proc/1216857/task/1216858/stat : 1216858 (kat_xcsp_c609cc) R 1216853 1216853 1216754 0 -1 4194368 30572286 0 56564 0 26638 6730 0 0 20 0 3 0 217469722 111579435008 24871487 134175784960 23094511181824 23094518949248 140732703493792 0 0 0 0 4096 8406082 0 0 0 -1 14 0 0 0 0 0 23094519063176 23094519084400 93824995549184 140732703501567 140732703501882 140732703501882 140732703514575 0
[pid=1216857/tid=1216859] ppid=1216853 vsize=108964292 memory=98755724 CPUtime=0 cores=0-27,112-139
/proc/1216857/task/1216859/stat : 1216859 (kat_xcsp_c609cc) S 1216853 1216853 1216754 0 -1 1077936192 2 0 0 0 0 0 0 0 20 0 3 0 217469722 111579435008 24871487 134175784960 23094511181824 23094518949248 140732703493792 0 0 0 0 4096 8406082 0 0 0 -1 17 0 0 0 0 0 23094519063176 23094519084400 93824995549184 140732703501567 140732703501882 140732703501882 140732703514575 0
Current children cumulated CPU time: 333.68 s
Current children cumulated vsize: 108968536 KiB
Current children cumulated memory: 99488844 KiB

[startup+402.3 s]
/proc/loadavg: 26.52 26.76 28.17 26/3079 1217183
/proc/meminfo: memFree=358847556/527542252 swapFree=31011540/33554428
[pid=1216853] ppid=1216852 vsize=4244 memory=640 CPUtime=0 cores=0-27,112-139
/proc/1216853/stat : 1216853 (bash) S 1216852 1216853 1216754 0 -1 4194304 275 138 0 0 0 0 0 0 20 0 1 0 217469720 4345856 57 134175784960 94757680652288 94757681634205 140723635748272 0 0 0 65536 4 65538 0 0 0 17 16 0 0 0 0 0 94757681867504 94757681915748 94757709078528 140723635756469 140723635756645 140723635756645 140723635769322 0
/proc/1216853/statm: 1061 57 57 240 0 187 0
[pid=1216857] ppid=1216853 vsize=114862532 memory=104625496 CPUtime=378.33 cores=0-27,112-139
/proc/1216857/stat : 1216857 (kat_xcsp_c609cc) S 1216853 1216853 1216754 0 -1 1077936128 42464506 0 143762 0 29219 8614 0 0 20 0 3 0 217469721 117619232768 25591167 134175784960 23094511181824 23094518949248 140732703493792 0 0 0 0 4096 8406082 0 0 0 17 20 0 0 0 0 0 23094519063176 23094519084400 93824995549184 140732703501567 140732703501882 140732703501882 140732703514575 0
/proc/1216857/statm: 28715633 25591167 4 1897 0 28668032 0
[pid=1216857/tid=1216858] ppid=1216853 vsize=114862532 memory=85722896 CPUtime=378.33 cores=0-27,112-139
/proc/1216857/task/1216858/stat : 1216858 (kat_xcsp_c609cc) R 1216853 1216853 1216754 0 -1 4194368 42464216 0 143760 0 29219 8614 0 0 20 0 3 0 217469722 117619232768 25591167 134175784960 23094511181824 23094518949248 140732703493792 0 0 0 0 4096 8406082 0 0 0 -1 127 0 0 1147 0 0 23094519063176 23094519084400 93824995549184 140732703501567 140732703501882 140732703501882 140732703514575 0
[pid=1216857/tid=1216859] ppid=1216853 vsize=114862532 memory=640 CPUtime=0 cores=0-27,112-139
/proc/1216857/task/1216859/stat : 1216859 (kat_xcsp_c609cc) S 1216853 1216853 1216754 0 -1 1077936192 2 0 0 0 0 0 0 0 20 0 3 0 217469722 117619232768 25591167 134175784960 23094511181824 23094518949248 140732703493792 0 0 0 0 4096 8406082 0 0 0 -1 17 0 0 0 0 0 23094519063176 23094519084400 93824995549184 140732703501567 140732703501882 140732703501882 140732703514575 0
Current children cumulated CPU time: 378.33 s
Current children cumulated vsize: 114866776 KiB
Current children cumulated memory: 104626136 KiB

[startup+462.3 s]
/proc/loadavg: 26.87 26.79 28.09 8/3084 1217192
/proc/meminfo: memFree=356699644/527542252 swapFree=30811092/33554428
[pid=1216853] ppid=1216852 vsize=4244 memory=584 CPUtime=0 cores=0-27,112-139
/proc/1216853/stat : 1216853 (bash) S 1216852 1216853 1216754 0 -1 4194304 275 138 0 0 0 0 0 0 20 0 1 0 217469720 4345856 43 134175784960 94757680652288 94757681634205 140723635748272 0 0 0 65536 4 65538 0 0 0 17 16 0 0 0 0 0 94757681867504 94757681915748 94757709078528 140723635756469 140723635756645 140723635756645 140723635769322 0
/proc/1216853/statm: 1061 43 43 240 0 187 0
[pid=1216857] ppid=1216853 vsize=118532548 memory=107828980 CPUtime=418.92 cores=0-27,112-139
/proc/1216857/stat : 1216857 (kat_xcsp_c609cc) S 1216853 1216853 1216754 0 -1 1077936128 51124903 0 267842 0 32273 9619 0 0 20 0 3 0 217469721 121377329152 26361393 134175784960 23094511181824 23094518949248 140732703493792 0 0 0 0 4096 8406082 0 0 0 17 20 0 0 0 0 0 23094519063176 23094519084400 93824995549184 140732703501567 140732703501882 140732703501882 140732703514575 0
/proc/1216857/statm: 29633137 26361393 0 1897 0 29586788 0
[pid=1216857/tid=1216858] ppid=1216853 vsize=118532548 memory=10576 CPUtime=418.92 cores=0-27,112-139
/proc/1216857/task/1216858/stat : 1216858 (kat_xcsp_c609cc) R 1216853 1216853 1216754 0 -1 4194368 51124613 0 267840 0 32273 9619 0 0 20 0 3 0 217469722 121377329152 26361393 134175784960 23094511181824 23094518949248 140732703493792 0 0 0 0 4096 8406082 0 0 0 -1 14 0 0 2955 0 0 23094519063176 23094519084400 93824995549184 140732703501567 140732703501882 140732703501882 140732703514575 0
[pid=1216857/tid=1216859] ppid=1216853 vsize=118532548 memory=584 CPUtime=0 cores=0-27,112-139
/proc/1216857/task/1216859/stat : 1216859 (kat_xcsp_c609cc) S 1216853 1216853 1216754 0 -1 1077936192 2 0 0 0 0 0 0 0 20 0 3 0 217469722 121377329152 26361393 134175784960 23094511181824 23094518949248 140732703493792 0 0 0 0 4096 8406082 0 0 0 -1 17 0 0 0 0 0 23094519063176 23094519084400 93824995549184 140732703501567 140732703501882 140732703501882 140732703514575 0
Current children cumulated CPU time: 418.92 s
Current children cumulated vsize: 118536792 KiB
Current children cumulated memory: 107829564 KiB

[startup+522.3 s]
/proc/loadavg: 27.46 26.97 28.07 29/3134 1217448
/proc/meminfo: memFree=351259496/527542252 swapFree=30422228/33554428
[pid=1216853] ppid=1216852 vsize=4244 memory=584 CPUtime=0 cores=0-27,112-139
/proc/1216853/stat : 1216853 (bash) S 1216852 1216853 1216754 0 -1 4194304 275 138 0 0 0 0 0 0 20 0 1 0 217469720 4345856 43 134175784960 94757680652288 94757681634205 140723635748272 0 0 0 65536 4 65538 0 0 0 17 16 0 0 0 0 0 94757681867504 94757681915748 94757709078528 140723635756469 140723635756645 140723635756645 140723635769322 0
/proc/1216853/statm: 1061 43 43 240 0 187 0
[pid=1216857] ppid=1216853 vsize=121874884 memory=110697800 CPUtime=469.91 cores=0-27,112-139
/proc/1216857/stat : 1216857 (kat_xcsp_c609cc) S 1216853 1216853 1216754 0 -1 1077936128 63587461 0 321532 0 36084 10907 0 0 20 0 3 0 217469721 124799881216 26989579 134175784960 23094511181824 23094518949248 140732703493792 0 0 0 0 4096 8406082 0 0 0 17 20 0 0 0 0 0 23094519063176 23094519084400 93824995549184 140732703501567 140732703501882 140732703501882 140732703514575 0
/proc/1216857/statm: 30468721 26989579 7 1897 0 30420876 0
[pid=1216857/tid=1216858] ppid=1216853 vsize=121874884 memory=1689640 CPUtime=469.91 cores=0-27,112-139
/proc/1216857/task/1216858/stat : 1216858 (kat_xcsp_c609cc) R 1216853 1216853 1216754 0 -1 4194368 63587171 0 321530 0 36084 10907 0 0 20 0 3 0 217469722 124799881216 26989579 134175784960 23094511181824 23094518949248 140732703493792 0 0 0 0 4096 8406082 0 0 0 -1 14 0 0 3761 0 0 23094519063176 23094519084400 93824995549184 140732703501567 140732703501882 140732703501882 140732703514575 0
[pid=1216857/tid=1216859] ppid=1216853 vsize=121874884 memory=1688596 CPUtime=0 cores=0-27,112-139
/proc/1216857/task/1216859/stat : 1216859 (kat_xcsp_c609cc) S 1216853 1216853 1216754 0 -1 1077936192 2 0 0 0 0 0 0 0 20 0 3 0 217469722 124799881216 26989579 134175784960 23094511181824 23094518949248 140732703493792 0 0 0 0 4096 8406082 0 0 0 -1 17 0 0 0 0 0 23094519063176 23094519084400 93824995549184 140732703501567 140732703501882 140732703501882 140732703514575 0
Current children cumulated CPU time: 469.91 s
Current children cumulated vsize: 121879128 KiB
Current children cumulated memory: 110698384 KiB

[startup+582.3 s]
/proc/loadavg: 28.11 27.26 28.10 29/3134 1217452
/proc/meminfo: memFree=347760864/527542252 swapFree=30705364/33554428
[pid=1216853] ppid=1216852 vsize=4244 memory=584 CPUtime=0 cores=0-27,112-139
/proc/1216853/stat : 1216853 (bash) S 1216852 1216853 1216754 0 -1 4194304 275 138 0 0 0 0 0 0 20 0 1 0 217469720 4345856 43 134175784960 94757680652288 94757681634205 140723635748272 0 0 0 65536 4 65538 0 0 0 17 16 0 0 0 0 0 94757681867504 94757681915748 94757709078528 140723635756469 140723635756645 140723635756645 140723635769322 0
/proc/1216853/statm: 1061 43 43 240 0 187 0
[pid=1216857] ppid=1216853 vsize=122333636 memory=111123236 CPUtime=512 cores=0-27,112-139
/proc/1216857/stat : 1216857 (kat_xcsp_c609cc) S 1216853 1216853 1216754 0 -1 1077936128 77381399 0 447195 0 38952 12248 0 0 20 0 3 0 217469721 125269643264 27422048 134175784960 23094511181824 23094518949248 140732703493792 0 0 0 0 4096 8406082 0 0 0 17 20 0 0 0 0 0 23094519063176 23094519084400 93824995549184 140732703501567 140732703501882 140732703501882 140732703514575 0
/proc/1216857/statm: 30583409 27422048 0 1897 0 30531434 0
[pid=1216857/tid=1216858] ppid=1216853 vsize=122333636 memory=584 CPUtime=511.99 cores=0-27,112-139
/proc/1216857/task/1216858/stat : 1216858 (kat_xcsp_c609cc) R 1216853 1216853 1216754 0 -1 4194368 77381138 0 447193 0 38952 12247 0 0 20 0 3 0 217469722 125269643264 27422048 134175784960 23094511181824 23094518949248 140732703493792 0 0 0 0 4096 8406082 0 0 0 -1 14 0 0 5474 0 0 23094519063176 23094519084400 93824995549184 140732703501567 140732703501882 140732703501882 140732703514575 0
[pid=1216857/tid=1216859] ppid=1216853 vsize=122333636 memory=584 CPUtime=0 cores=0-27,112-139
/proc/1216857/task/1216859/stat : 1216859 (kat_xcsp_c609cc) S 1216853 1216853 1216754 0 -1 1077936192 2 0 0 0 0 0 0 0 20 0 3 0 217469722 125269643264 27422048 134175784960 23094511181824 23094518949248 140732703493792 0 0 0 0 4096 8406082 0 0 0 -1 17 0 0 0 0 0 23094519063176 23094519084400 93824995549184 140732703501567 140732703501882 140732703501882 140732703514575 0
Current children cumulated CPU time: 512 s
Current children cumulated vsize: 122337880 KiB
Current children cumulated memory: 111123820 KiB

[startup+642.3 s]
/proc/loadavg: 28.19 27.43 28.10 28/3134 1217516
/proc/meminfo: memFree=340723396/527542252 swapFree=31448532/33554428
[pid=1216853] ppid=1216852 vsize=4244 memory=584 CPUtime=0 cores=0-27,112-139
/proc/1216853/stat : 1216853 (bash) S 1216852 1216853 1216754 0 -1 4194304 275 138 0 0 0 0 0 0 20 0 1 0 217469720 4345856 43 134175784960 94757680652288 94757681634205 140723635748272 0 0 0 65536 4 65538 0 0 0 17 16 0 0 0 0 0 94757681867504 94757681915748 94757709078528 140723635756469 140723635756645 140723635756645 140723635769322 0
/proc/1216853/statm: 1061 43 43 240 0 187 0
[pid=1216857] ppid=1216853 vsize=122333636 memory=114148432 CPUtime=566.68 cores=0-27,112-139
/proc/1216857/stat : 1216857 (kat_xcsp_c609cc) S 1216853 1216853 1216754 0 -1 1077936128 94170210 0 483566 0 42826 13842 0 0 20 0 3 0 217469721 125269643264 28325393 134175784960 23094511181824 23094518949248 140732703493792 0 0 0 0 4096 8406082 0 0 0 17 20 0 0 0 0 0 23094519063176 23094519084400 93824995549184 140732703501567 140732703501882 140732703501882 140732703514575 0
/proc/1216857/statm: 30583409 28325393 0 1897 0 30531434 0
[pid=1216857/tid=1216858] ppid=1216853 vsize=122333636 memory=10576 CPUtime=566.68 cores=0-27,112-139
/proc/1216857/task/1216858/stat : 1216858 (kat_xcsp_c609cc) R 1216853 1216853 1216754 0 -1 4194368 94169959 0 483564 0 42826 13842 0 0 20 0 3 0 217469722 125269643264 28325405 134175784960 23094511181824 23094518949248 140732703493792 0 0 0 0 4096 8406082 0 0 0 -1 14 0 0 5968 0 0 23094519063176 23094519084400 93824995549184 140732703501567 140732703501882 140732703501882 140732703514575 0
[pid=1216857/tid=1216859] ppid=1216853 vsize=122333636 memory=584 CPUtime=0 cores=0-27,112-139
/proc/1216857/task/1216859/stat : 1216859 (kat_xcsp_c609cc) S 1216853 1216853 1216754 0 -1 1077936192 2 0 0 0 0 0 0 0 20 0 3 0 217469722 125269643264 28325405 134175784960 23094511181824 23094518949248 140732703493792 0 0 0 0 4096 8406082 0 0 0 -1 17 0 0 0 0 0 23094519063176 23094519084400 93824995549184 140732703501567 140732703501882 140732703501882 140732703514575 0
Current children cumulated CPU time: 566.68 s
Current children cumulated vsize: 122337880 KiB
Current children cumulated memory: 114149016 KiB

[startup+702.3 s]
/proc/loadavg: 28.23 27.57 28.10 30/3135 1217520
/proc/meminfo: memFree=345456700/527542252 swapFree=32036564/33554428
[pid=1216853] ppid=1216852 vsize=4244 memory=584 CPUtime=0 cores=0-27,112-139
/proc/1216853/stat : 1216853 (bash) S 1216852 1216853 1216754 0 -1 4194304 275 138 0 0 0 0 0 0 20 0 1 0 217469720 4345856 43 134175784960 94757680652288 94757681634205 140723635748272 0 0 0 65536 4 65538 0 0 0 17 16 0 0 0 0 0 94757681867504 94757681915748 94757709078528 140723635756469 140723635756645 140723635756645 140723635769322 0
/proc/1216853/statm: 1061 43 43 240 0 187 0
[pid=1216857] ppid=1216853 vsize=122333636 memory=114905900 CPUtime=619.01 cores=0-27,112-139
/proc/1216857/stat : 1216857 (kat_xcsp_c609cc) S 1216853 1216853 1216754 0 -1 1077936128 112994123 0 528615 0 46350 15551 0 0 20 0 3 0 217469721 125269643264 28613254 134175784960 23094511181824 23094518949248 140732703493792 0 0 0 0 4096 8406082 0 0 0 17 20 0 0 0 0 0 23094519063176 23094519084400 93824995549184 140732703501567 140732703501882 140732703501882 140732703514575 0
/proc/1216857/statm: 30583409 28613254 0 1897 0 30531434 0
[pid=1216857/tid=1216858] ppid=1216853 vsize=122333636 memory=584 CPUtime=619.01 cores=0-27,112-139
/proc/1216857/task/1216858/stat : 1216858 (kat_xcsp_c609cc) R 1216853 1216853 1216754 0 -1 4194368 112993840 0 528613 0 46350 15551 0 0 20 0 3 0 217469722 125269643264 28613254 134175784960 23094511181824 23094518949248 140732703493792 0 0 0 0 4096 8406082 0 0 0 -1 126 0 0 6694 0 0 23094519063176 23094519084400 93824995549184 140732703501567 140732703501882 140732703501882 140732703514575 0
[pid=1216857/tid=1216859] ppid=1216853 vsize=122333636 memory=114905900 CPUtime=0 cores=0-27,112-139
/proc/1216857/task/1216859/stat : 1216859 (kat_xcsp_c609cc) S 1216853 1216853 1216754 0 -1 1077936192 2 0 0 0 0 0 0 0 20 0 3 0 217469722 125269643264 28613254 134175784960 23094511181824 23094518949248 140732703493792 0 0 0 0 4096 8406082 0 0 0 -1 17 0 0 0 0 0 23094519063176 23094519084400 93824995549184 140732703501567 140732703501882 140732703501882 140732703514575 0
Current children cumulated CPU time: 619.01 s
Current children cumulated vsize: 122337880 KiB
Current children cumulated memory: 114906484 KiB

[startup+762.3 s]
/proc/loadavg: 28.30 27.71 28.11 30/3134 1217525
/proc/meminfo: memFree=341659688/527542252 swapFree=32416468/33554428
[pid=1216853] ppid=1216852 vsize=4244 memory=584 CPUtime=0 cores=0-27,112-139
/proc/1216853/stat : 1216853 (bash) S 1216852 1216853 1216754 0 -1 4194304 275 138 0 0 0 0 0 0 20 0 1 0 217469720 4345856 43 134175784960 94757680652288 94757681634205 140723635748272 0 0 0 65536 4 65538 0 0 0 17 16 0 0 0 0 0 94757681867504 94757681915748 94757709078528 140723635756469 140723635756645 140723635756645 140723635769322 0
/proc/1216853/statm: 1061 43 43 240 0 187 0
[pid=1216857] ppid=1216853 vsize=127613320 memory=114456684 CPUtime=678.25 cores=0-27,112-139
/proc/1216857/stat : 1216857 (kat_xcsp_c609cc) S 1216853 1216853 1216754 0 -1 1077936128 126368414 0 531409 0 50675 17150 0 0 20 0 3 0 217469721 130676039680 28507749 134175784960 23094511181824 23094518949248 140732703493792 0 0 0 0 4096 8406082 0 0 0 17 20 0 0 0 0 0 23094519063176 23094519084400 93824995549184 140732703501567 140732703501882 140732703501882 140732703514575 0
/proc/1216857/statm: 31903330 28507749 13 1897 0 31851355 0
[pid=1216857/tid=1216858] ppid=1216853 vsize=127613320 memory=584 CPUtime=678.24 cores=0-27,112-139
/proc/1216857/task/1216858/stat : 1216858 (kat_xcsp_c609cc) R 1216853 1216853 1216754 0 -1 4194368 126368142 0 531407 0 50675 17149 0 0 20 0 3 0 217469722 130676039680 28507749 134175784960 23094511181824 23094518949248 140732703493792 0 0 0 0 4096 8406082 0 0 0 -1 14 0 0 6742 0 0 23094519063176 23094519084400 93824995549184 140732703501567 140732703501882 140732703501882 140732703514575 0
[pid=1216857/tid=1216859] ppid=1216853 vsize=127613320 memory=114452544 CPUtime=0 cores=0-27,112-139
/proc/1216857/task/1216859/stat : 1216859 (kat_xcsp_c609cc) S 1216853 1216853 1216754 0 -1 1077936192 2 0 0 0 0 0 0 0 20 0 3 0 217469722 130676039680 28507749 134175784960 23094511181824 23094518949248 140732703493792 0 0 0 0 4096 8406082 0 0 0 -1 17 0 0 0 0 0 23094519063176 23094519084400 93824995549184 140732703501567 140732703501882 140732703501882 140732703514575 0
Current children cumulated CPU time: 678.25 s
Current children cumulated vsize: 127617564 KiB
Current children cumulated memory: 114457268 KiB

[startup+822.3 s]*
/proc/loadavg: 28.35 27.86 28.14 28/3134 1217528
/proc/meminfo: memFree=344783864/527542252 swapFree=32275668/33554428
[pid=1216853] ppid=1216852 vsize=4244 memory=584 CPUtime=0 cores=0-27,112-139
/proc/1216853/stat : 1216853 (bash) S 1216852 1216853 1216754 0 -1 4194304 275 138 0 0 0 0 0 0 20 0 1 0 217469720 4345856 43 134175784960 94757680652288 94757681634205 140723635748272 0 0 0 65536 4 65538 0 0 0 17 16 0 0 0 0 0 94757681867504 94757681915748 94757709078528 140723635756469 140723635756645 140723635756645 140723635769322 0
/proc/1216853/statm: 1061 43 43 240 0 187 0
[pid=1216857] ppid=1216853 vsize=127613320 memory=114608356 CPUtime=736.16 cores=0-27,112-139
/proc/1216857/stat : 1216857 (kat_xcsp_c609cc) S 1216853 1216853 1216754 0 -1 1077936128 134857206 0 544458 0 55611 18005 0 0 20 0 3 0 217469721 130676039680 28502996 134175784960 23094511181824 23094518949248 140732703493792 0 0 0 0 4096 8406082 0 0 0 17 20 0 0 0 0 0 23094519063176 23094519084400 93824995549184 140732703501567 140732703501882 140732703501882 140732703514575 0
/proc/1216857/statm: 31903330 28502996 273 1897 0 31851355 0
[pid=1216857/tid=1216858] ppid=1216853 vsize=127613320 memory=40965398078749 CPUtime=736.17 cores=0-27,112-139
/proc/1216857/task/1216858/stat : 1216858 (kat_xcsp_c609cc) R 1216853 1216853 1216754 0 -1 4194368 134857255 0 544456 0 55612 18005 0 0 20 0 3 0 217469722 130676039680 28502996 134175784960 23094511181824 23094518949248 140732703493792 0 0 0 0 4096 8406082 0 0 0 -1 14 0 0 6782 0 0 23094519063176 23094519084400 93824995549184 140732703501567 140732703501882 140732703501882 140732703514575 0
[pid=1216857/tid=1216859] ppid=1216853 vsize=127613320 memory=-3616216690326869093 CPUtime=0 cores=0-27,112-139
/proc/1216857/task/1216859/stat : 1216859 (kat_xcsp_c609cc) S 1216853 1216853 1216754 0 -1 1077936192 2 0 0 0 0 0 0 0 20 0 3 0 217469722 130676039680 28502996 134175784960 23094511181824 23094518949248 140732703493792 0 0 0 0 4096 8406082 0 0 0 -1 17 0 0 0 0 0 23094519063176 23094519084400 93824995549184 140732703501567 140732703501882 140732703501882 140732703514575 0
Current children cumulated CPU time: 736.16 s
Current children cumulated vsize: 127617564 KiB
Current children cumulated memory: 114608940 KiB

[startup+882.3 s]
/proc/loadavg: 28.36 27.95 28.15 29/3136 1217535
/proc/meminfo: memFree=341527624/527542252 swapFree=32276692/33554428
[pid=1216853] ppid=1216852 vsize=4244 memory=584 CPUtime=0 cores=0-27,112-139
/proc/1216853/stat : 1216853 (bash) S 1216852 1216853 1216754 0 -1 4194304 275 138 0 0 0 0 0 0 20 0 1 0 217469720 4345856 43 134175784960 94757680652288 94757681634205 140723635748272 0 0 0 65536 4 65538 0 0 0 17 16 0 0 0 0 0 94757681867504 94757681915748 94757709078528 140723635756469 140723635756645 140723635756645 140723635769322 0
/proc/1216853/statm: 1061 43 43 240 0 187 0
[pid=1216857] ppid=1216853 vsize=127613320 memory=114608424 CPUtime=795.81 cores=0-27,112-139
/proc/1216857/stat : 1216857 (kat_xcsp_c609cc) S 1216853 1216853 1216754 0 -1 1077936128 140688124 0 544459 0 61010 18571 0 0 20 0 3 0 217469721 130676039680 28503013 134175784960 23094511181824 23094518949248 140732703493792 0 0 0 0 4096 8406082 0 0 0 17 20 0 0 0 0 0 23094519063176 23094519084400 93824995549184 140732703501567 140732703501882 140732703501882 140732703514575 0
/proc/1216857/statm: 31903330 28503013 274 1897 0 31851355 0
[pid=1216857/tid=1216858] ppid=1216853 vsize=127613320 memory=584 CPUtime=795.81 cores=0-27,112-139
/proc/1216857/task/1216858/stat : 1216858 (kat_xcsp_c609cc) R 1216853 1216853 1216754 0 -1 4194368 140687834 0 544457 0 61010 18571 0 0 20 0 3 0 217469722 130676039680 28503013 134175784960 23094511181824 23094518949248 140732703493792 0 0 0 0 4096 8406082 0 0 0 -1 14 0 0 6782 0 0 23094519063176 23094519084400 93824995549184 140732703501567 140732703501882 140732703501882 140732703514575 0
[pid=1216857/tid=1216859] ppid=1216853 vsize=127613320 memory=2136 CPUtime=0 cores=0-27,112-139
/proc/1216857/task/1216859/stat : 1216859 (kat_xcsp_c609cc) S 1216853 1216853 1216754 0 -1 1077936192 2 0 0 0 0 0 0 0 20 0 3 0 217469722 130676039680 28503013 134175784960 23094511181824 23094518949248 140732703493792 0 0 0 0 4096 8406082 0 0 0 -1 17 0 0 0 0 0 23094519063176 23094519084400 93824995549184 140732703501567 140732703501882 140732703501882 140732703514575 0
Current children cumulated CPU time: 795.81 s
Current children cumulated vsize: 127617564 KiB
Current children cumulated memory: 114609008 KiB

[startup+942.409 s]
/proc/loadavg: 28.47 28.04 28.17 29/3133 1217538
/proc/meminfo: memFree=338222964/527542252 swapFree=32277204/33554428
[pid=1216853] ppid=1216852 vsize=4244 memory=584 CPUtime=0 cores=0-27,112-139
/proc/1216853/stat : 1216853 (bash) S 1216852 1216853 1216754 0 -1 4194304 275 138 0 0 0 0 0 0 20 0 1 0 217469720 4345856 43 134175784960 94757680652288 94757681634205 140723635748272 0 0 0 65536 4 65538 0 0 0 17 16 0 0 0 0 0 94757681867504 94757681915748 94757709078528 140723635756469 140723635756645 140723635756645 140723635769322 0
/proc/1216853/statm: 1061 43 43 240 0 187 0
[pid=1216857] ppid=1216853 vsize=127613320 memory=114608424 CPUtime=855.68 cores=0-27,112-139
/proc/1216857/stat : 1216857 (kat_xcsp_c609cc) S 1216853 1216853 1216754 0 -1 1077936128 146262871 0 544459 0 66471 19097 0 0 20 0 3 0 217469721 130676039680 28503013 134175784960 23094511181824 23094518949248 140732703493792 0 0 0 0 4096 8406082 0 0 0 17 20 0 0 0 0 0 23094519063176 23094519084400 93824995549184 140732703501567 140732703501882 140732703501882 140732703514575 0
/proc/1216857/statm: 31903330 28503013 274 1897 0 31851355 0
[pid=1216857/tid=1216858] ppid=1216853 vsize=127613320 memory=584 CPUtime=855.68 cores=0-27,112-139
/proc/1216857/task/1216858/stat : 1216858 (kat_xcsp_c609cc) R 1216853 1216853 1216754 0 -1 4194368 146262586 0 544457 0 66471 19097 0 0 20 0 3 0 217469722 130676039680 28503013 134175784960 23094511181824 23094518949248 140732703493792 0 0 0 0 4096 8406082 0 0 0 -1 14 0 0 6782 0 0 23094519063176 23094519084400 93824995549184 140732703501567 140732703501882 140732703501882 140732703514575 0
[pid=1216857/tid=1216859] ppid=1216853 vsize=127613320 memory=584 CPUtime=0 cores=0-27,112-139
/proc/1216857/task/1216859/stat : 1216859 (kat_xcsp_c609cc) S 1216853 1216853 1216754 0 -1 1077936192 2 0 0 0 0 0 0 0 20 0 3 0 217469722 130676039680 28503013 134175784960 23094511181824 23094518949248 140732703493792 0 0 0 0 4096 8406082 0 0 0 -1 17 0 0 0 0 0 23094519063176 23094519084400 93824995549184 140732703501567 140732703501882 140732703501882 140732703514575 0
Current children cumulated CPU time: 855.68 s
Current children cumulated vsize: 127617564 KiB
Current children cumulated memory: 114609008 KiB

[startup+1002.3 s]
/proc/loadavg: 28.62 28.14 28.20 31/3131 1217540
/proc/meminfo: memFree=334559156/527542252 swapFree=32278228/33554428
[pid=1216853] ppid=1216852 vsize=4244 memory=584 CPUtime=0 cores=0-27,112-139
/proc/1216853/stat : 1216853 (bash) S 1216852 1216853 1216754 0 -1 4194304 275 138 0 0 0 0 0 0 20 0 1 0 217469720 4345856 43 134175784960 94757680652288 94757681634205 140723635748272 0 0 0 65536 4 65538 0 0 0 17 16 0 0 0 0 0 94757681867504 94757681915748 94757709078528 140723635756469 140723635756645 140723635756645 140723635769322 0
/proc/1216853/statm: 1061 43 43 240 0 187 0
[pid=1216857] ppid=1216853 vsize=127613320 memory=114608432 CPUtime=915.33 cores=0-27,112-139
/proc/1216857/stat : 1216857 (kat_xcsp_c609cc) S 1216853 1216853 1216754 0 -1 1077936128 151737926 0 544459 0 71914 19619 0 0 20 0 3 0 217469721 130676039680 28503016 134175784960 23094511181824 23094518949248 140732703493792 0 0 0 0 4096 8406082 0 0 0 17 20 0 0 0 0 0 23094519063176 23094519084400 93824995549184 140732703501567 140732703501882 140732703501882 140732703514575 0
/proc/1216857/statm: 31903330 28503016 274 1897 0 31851355 0
[pid=1216857/tid=1216858] ppid=1216853 vsize=127613320 memory=114608432 CPUtime=915.33 cores=0-27,112-139
/proc/1216857/task/1216858/stat : 1216858 (kat_xcsp_c609cc) R 1216853 1216853 1216754 0 -1 4194368 151737636 0 544457 0 71914 19619 0 0 20 0 3 0 217469722 130676039680 28503016 134175784960 23094511181824 23094518949248 140732703493792 0 0 0 0 4096 8406082 0 0 0 -1 14 0 0 6782 0 0 23094519063176 23094519084400 93824995549184 140732703501567 140732703501882 140732703501882 140732703514575 0
[pid=1216857/tid=1216859] ppid=1216853 vsize=127613320 memory=14372 CPUtime=0 cores=0-27,112-139
/proc/1216857/task/1216859/stat : 1216859 (kat_xcsp_c609cc) S 1216853 1216853 1216754 0 -1 1077936192 2 0 0 0 0 0 0 0 20 0 3 0 217469722 130676039680 28503016 134175784960 23094511181824 23094518949248 140732703493792 0 0 0 0 4096 8406082 0 0 0 -1 17 0 0 0 0 0 23094519063176 23094519084400 93824995549184 140732703501567 140732703501882 140732703501882 140732703514575 0
Current children cumulated CPU time: 915.33 s
Current children cumulated vsize: 127617564 KiB
Current children cumulated memory: 114609016 KiB

[startup+1062.31 s]
/proc/loadavg: 28.60 28.22 28.22 29/3132 1217567
/proc/meminfo: memFree=331179272/527542252 swapFree=32278740/33554428
[pid=1216853] ppid=1216852 vsize=4244 memory=584 CPUtime=0 cores=0-27,112-139
/proc/1216853/stat : 1216853 (bash) S 1216852 1216853 1216754 0 -1 4194304 275 138 0 0 0 0 0 0 20 0 1 0 217469720 4345856 43 134175784960 94757680652288 94757681634205 140723635748272 0 0 0 65536 4 65538 0 0 0 17 16 0 0 0 0 0 94757681867504 94757681915748 94757709078528 140723635756469 140723635756645 140723635756645 140723635769322 0
/proc/1216853/statm: 1061 43 43 240 0 187 0
[pid=1216857] ppid=1216853 vsize=127613320 memory=114608460 CPUtime=975.1 cores=0-27,112-139
/proc/1216857/stat : 1216857 (kat_xcsp_c609cc) S 1216853 1216853 1216754 0 -1 1077936128 157350139 0 544459 0 77356 20154 0 0 20 0 3 0 217469721 130676039680 28503023 134175784960 23094511181824 23094518949248 140732703493792 0 0 0 0 4096 8406082 0 0 0 17 20 0 0 0 0 0 23094519063176 23094519084400 93824995549184 140732703501567 140732703501882 140732703501882 140732703514575 0
/proc/1216857/statm: 31903330 28503023 274 1897 0 31851355 0
[pid=1216857/tid=1216858] ppid=1216853 vsize=127613320 memory=114608460 CPUtime=975.1 cores=0-27,112-139
/proc/1216857/task/1216858/stat : 1216858 (kat_xcsp_c609cc) R 1216853 1216853 1216754 0 -1 4194368 157349865 0 544457 0 77356 20154 0 0 20 0 3 0 217469722 130676039680 28503023 134175784960 23094511181824 23094518949248 140732703493792 0 0 0 0 4096 8406082 0 0 0 -1 14 0 0 6782 0 0 23094519063176 23094519084400 93824995549184 140732703501567 140732703501882 140732703501882 140732703514575 0
[pid=1216857/tid=1216859] ppid=1216853 vsize=127613320 memory=114608460 CPUtime=0 cores=0-27,112-139
/proc/1216857/task/1216859/stat : 1216859 (kat_xcsp_c609cc) S 1216853 1216853 1216754 0 -1 1077936192 2 0 0 0 0 0 0 0 20 0 3 0 217469722 130676039680 28503023 134175784960 23094511181824 23094518949248 140732703493792 0 0 0 0 4096 8406082 0 0 0 -1 17 0 0 0 0 0 23094519063176 23094519084400 93824995549184 140732703501567 140732703501882 140732703501882 140732703514575 0
Current children cumulated CPU time: 975.1 s
Current children cumulated vsize: 127617564 KiB
Current children cumulated memory: 114609044 KiB

[startup+1122.3 s]
/proc/loadavg: 28.46 28.25 28.23 29/3130 1217570
/proc/meminfo: memFree=325942008/527542252 swapFree=32279764/33554428
[pid=1216853] ppid=1216852 vsize=4244 memory=584 CPUtime=0 cores=0-27,112-139
/proc/1216853/stat : 1216853 (bash) S 1216852 1216853 1216754 0 -1 4194304 275 138 0 0 0 0 0 0 20 0 1 0 217469720 4345856 43 134175784960 94757680652288 94757681634205 140723635748272 0 0 0 65536 4 65538 0 0 0 17 16 0 0 0 0 0 94757681867504 94757681915748 94757709078528 140723635756469 140723635756645 140723635756645 140723635769322 0
/proc/1216853/statm: 1061 43 43 240 0 187 0
[pid=1216857] ppid=1216853 vsize=127613320 memory=114608460 CPUtime=1034.85 cores=0-27,112-139
/proc/1216857/stat : 1216857 (kat_xcsp_c609cc) S 1216853 1216853 1216754 0 -1 1077936128 163188241 0 544459 0 82771 20714 0 0 20 0 3 0 217469721 130676039680 28503023 134175784960 23094511181824 23094518949248 140732703493792 0 0 0 0 4096 8406082 0 0 0 17 20 0 0 0 0 0 23094519063176 23094519084400 93824995549184 140732703501567 140732703501882 140732703501882 140732703514575 0
/proc/1216857/statm: 31903330 28503023 274 1897 0 31851355 0
[pid=1216857/tid=1216858] ppid=1216853 vsize=127613320 memory=584 CPUtime=1034.84 cores=0-27,112-139
/proc/1216857/task/1216858/stat : 1216858 (kat_xcsp_c609cc) R 1216853 1216853 1216754 0 -1 4194368 163187951 0 544457 0 82771 20713 0 0 20 0 3 0 217469722 130676039680 28503023 134175784960 23094511181824 23094518949248 140732703493792 0 0 0 0 4096 8406082 0 0 0 -1 14 0 0 6782 0 0 23094519063176 23094519084400 93824995549184 140732703501567 140732703501882 140732703501882 140732703514575 0
[pid=1216857/tid=1216859] ppid=1216853 vsize=127613320 memory=256616 CPUtime=0 cores=0-27,112-139
/proc/1216857/task/1216859/stat : 1216859 (kat_xcsp_c609cc) S 1216853 1216853 1216754 0 -1 1077936192 2 0 0 0 0 0 0 0 20 0 3 0 217469722 130676039680 28503023 134175784960 23094511181824 23094518949248 140732703493792 0 0 0 0 4096 8406082 0 0 0 -1 17 0 0 0 0 0 23094519063176 23094519084400 93824995549184 140732703501567 140732703501882 140732703501882 140732703514575 0
Current children cumulated CPU time: 1034.85 s
Current children cumulated vsize: 127617564 KiB
Current children cumulated memory: 114609044 KiB

[startup+1182.3 s]
/proc/loadavg: 28.62 28.25 28.22 42/3168 1218365
/proc/meminfo: memFree=319147608/527542252 swapFree=32281300/33554428
[pid=1216853] ppid=1216852 vsize=4244 memory=584 CPUtime=0 cores=0-27,112-139
/proc/1216853/stat : 1216853 (bash) S 1216852 1216853 1216754 0 -1 4194304 275 138 0 0 0 0 0 0 20 0 1 0 217469720 4345856 43 134175784960 94757680652288 94757681634205 140723635748272 0 0 0 65536 4 65538 0 0 0 17 16 0 0 0 0 0 94757681867504 94757681915748 94757709078528 140723635756469 140723635756645 140723635756645 140723635769322 0
/proc/1216853/statm: 1061 43 43 240 0 187 0
[pid=1216857] ppid=1216853 vsize=127613320 memory=114608456 CPUtime=1094.54 cores=0-27,112-139
/proc/1216857/stat : 1216857 (kat_xcsp_c609cc) S 1216853 1216853 1216754 0 -1 1077936128 168734221 0 544791 0 88203 21251 0 0 20 0 3 0 217469721 130676039680 28503022 134175784960 23094511181824 23094518949248 140732703493792 0 0 0 0 4096 8406082 0 0 0 17 20 0 0 0 0 0 23094519063176 23094519084400 93824995549184 140732703501567 140732703501882 140732703501882 140732703514575 0
/proc/1216857/statm: 31903330 28503022 273 1897 0 31851355 0
[pid=1216857/tid=1216858] ppid=1216853 vsize=127613320 memory=7379237395202663793 CPUtime=1094.54 cores=0-27,112-139
/proc/1216857/task/1216858/stat : 1216858 (kat_xcsp_c609cc) R 1216853 1216853 1216754 0 -1 4194368 168733931 0 544789 0 88203 21251 0 0 20 0 3 0 217469722 130676039680 28503022 134175784960 23094511181824 23094518949248 140732703493792 0 0 0 0 4096 8406082 0 0 0 -1 14 0 0 6782 0 0 23094519063176 23094519084400 93824995549184 140732703501567 140732703501882 140732703501882 140732703514575 0
[pid=1216857/tid=1216859] ppid=1216853 vsize=127613320 memory=32393285989231504 CPUtime=0 cores=0-27,112-139
/proc/1216857/task/1216859/stat : 1216859 (kat_xcsp_c609cc) S 1216853 1216853 1216754 0 -1 1077936192 2 0 0 0 0 0 0 0 20 0 3 0 217469722 130676039680 28503022 134175784960 23094511181824 23094518949248 140732703493792 0 0 0 0 4096 8406082 0 0 0 -1 17 0 0 0 0 0 23094519063176 23094519084400 93824995549184 140732703501567 140732703501882 140732703501882 140732703514575 0
Current children cumulated CPU time: 1094.54 s
Current children cumulated vsize: 127617564 KiB
Current children cumulated memory: 114609040 KiB

[startup+1242.3 s]
/proc/loadavg: 34.88 30.10 28.86 39/3164 1218413
/proc/meminfo: memFree=303031112/527542252 swapFree=32281812/33554428
[pid=1216853] ppid=1216852 vsize=4244 memory=584 CPUtime=0 cores=0-27,112-139
/proc/1216853/stat : 1216853 (bash) S 1216852 1216853 1216754 0 -1 4194304 275 138 0 0 0 0 0 0 20 0 1 0 217469720 4345856 43 134175784960 94757680652288 94757681634205 140723635748272 0 0 0 65536 4 65538 0 0 0 17 16 0 0 0 0 0 94757681867504 94757681915748 94757709078528 140723635756469 140723635756645 140723635756645 140723635769322 0
/proc/1216853/statm: 1061 43 43 240 0 187 0
[pid=1216857] ppid=1216853 vsize=127613320 memory=114608472 CPUtime=1154.26 cores=0-27,112-139
/proc/1216857/stat : 1216857 (kat_xcsp_c609cc) S 1216853 1216853 1216754 0 -1 1077936128 174380161 0 544797 0 93631 21795 0 0 20 0 3 0 217469721 130676039680 28503046 134175784960 23094511181824 23094518949248 140732703493792 0 0 0 0 4096 8406082 0 0 0 17 20 0 0 0 0 0 23094519063176 23094519084400 93824995549184 140732703501567 140732703501882 140732703501882 140732703514575 0
/proc/1216857/statm: 31903330 28503046 274 1897 0 31851355 0
[pid=1216857/tid=1216858] ppid=1216853 vsize=127613320 memory=114608472 CPUtime=1154.25 cores=0-27,112-139
/proc/1216857/task/1216858/stat : 1216858 (kat_xcsp_c609cc) R 1216853 1216853 1216754 0 -1 4194368 174379875 0 544795 0 93631 21794 0 0 20 0 3 0 217469722 130676039680 28503046 134175784960 23094511181824 23094518949248 140732703493792 0 0 0 0 4096 8406082 0 0 0 -1 14 0 0 6782 0 0 23094519063176 23094519084400 93824995549184 140732703501567 140732703501882 140732703501882 140732703514575 0
[pid=1216857/tid=1216859] ppid=1216853 vsize=127613320 memory=584 CPUtime=0 cores=0-27,112-139
/proc/1216857/task/1216859/stat : 1216859 (kat_xcsp_c609cc) S 1216853 1216853 1216754 0 -1 1077936192 2 0 0 0 0 0 0 0 20 0 3 0 217469722 130676039680 28503046 134175784960 23094511181824 23094518949248 140732703493792 0 0 0 0 4096 8406082 0 0 0 -1 17 0 0 0 0 0 23094519063176 23094519084400 93824995549184 140732703501567 140732703501882 140732703501882 140732703514575 0
Current children cumulated CPU time: 1154.26 s
Current children cumulated vsize: 127617564 KiB
Current children cumulated memory: 114609056 KiB

[startup+1302.3 s]
/proc/loadavg: 31.00 29.98 28.91 29/3154 1218680
/proc/meminfo: memFree=303914816/527542252 swapFree=32282324/33554428
[pid=1216853] ppid=1216852 vsize=4244 memory=584 CPUtime=0 cores=0-27,112-139
/proc/1216853/stat : 1216853 (bash) S 1216852 1216853 1216754 0 -1 4194304 275 138 0 0 0 0 0 0 20 0 1 0 217469720 4345856 43 134175784960 94757680652288 94757681634205 140723635748272 0 0 0 65536 4 65538 0 0 0 17 16 0 0 0 0 0 94757681867504 94757681915748 94757709078528 140723635756469 140723635756645 140723635756645 140723635769322 0
/proc/1216853/statm: 1061 43 43 240 0 187 0
[pid=1216857] ppid=1216853 vsize=127613320 memory=114608472 CPUtime=1214 cores=0-27,112-139
/proc/1216857/stat : 1216857 (kat_xcsp_c609cc) S 1216853 1216853 1216754 0 -1 1077936128 180410536 0 544797 0 99022 22378 0 0 20 0 3 0 217469721 130676039680 28503046 134175784960 23094511181824 23094518949248 140732703493792 0 0 0 0 4096 8406082 0 0 0 17 20 0 0 0 0 0 23094519063176 23094519084400 93824995549184 140732703501567 140732703501882 140732703501882 140732703514575 0
/proc/1216857/statm: 31903330 28503046 274 1897 0 31851355 0
[pid=1216857/tid=1216858] ppid=1216853 vsize=127613320 memory=584 CPUtime=1213.99 cores=0-27,112-139
/proc/1216857/task/1216858/stat : 1216858 (kat_xcsp_c609cc) R 1216853 1216853 1216754 0 -1 4194368 180410246 0 544795 0 99022 22377 0 0 20 0 3 0 217469722 130676039680 28503046 134175784960 23094511181824 23094518949248 140732703493792 0 0 0 0 4096 8406082 0 0 0 -1 14 0 0 6782 0 0 23094519063176 23094519084400 93824995549184 140732703501567 140732703501882 140732703501882 140732703514575 0
[pid=1216857/tid=1216859] ppid=1216853 vsize=127613320 memory=10576 CPUtime=0 cores=0-27,112-139
/proc/1216857/task/1216859/stat : 1216859 (kat_xcsp_c609cc) S 1216853 1216853 1216754 0 -1 1077936192 2 0 0 0 0 0 0 0 20 0 3 0 217469722 130676039680 28503046 134175784960 23094511181824 23094518949248 140732703493792 0 0 0 0 4096 8406082 0 0 0 -1 17 0 0 0 0 0 23094519063176 23094519084400 93824995549184 140732703501567 140732703501882 140732703501882 140732703514575 0
Current children cumulated CPU time: 1214 s
Current children cumulated vsize: 127617564 KiB
Current children cumulated memory: 114609056 KiB

[startup+1362.3 s]
/proc/loadavg: 34.28 31.06 29.34 36/3177 1219586
/proc/meminfo: memFree=295482276/527542252 swapFree=32282836/33554428
[pid=1216853] ppid=1216852 vsize=4244 memory=584 CPUtime=0 cores=0-27,112-139
/proc/1216853/stat : 1216853 (bash) S 1216852 1216853 1216754 0 -1 4194304 275 138 0 0 0 0 0 0 20 0 1 0 217469720 4345856 43 134175784960 94757680652288 94757681634205 140723635748272 0 0 0 65536 4 65538 0 0 0 17 16 0 0 0 0 0 94757681867504 94757681915748 94757709078528 140723635756469 140723635756645 140723635756645 140723635769322 0
/proc/1216853/statm: 1061 43 43 240 0 187 0
[pid=1216857] ppid=1216853 vsize=127613320 memory=114608472 CPUtime=1273.74 cores=0-27,112-139
/proc/1216857/stat : 1216857 (kat_xcsp_c609cc) S 1216853 1216853 1216754 0 -1 1077936128 185875595 0 544797 0 104467 22907 0 0 20 0 3 0 217469721 130676039680 28503046 134175784960 23094511181824 23094518949248 140732703493792 0 0 0 0 4096 8406082 0 0 0 17 20 0 0 0 0 0 23094519063176 23094519084400 93824995549184 140732703501567 140732703501882 140732703501882 140732703514575 0
/proc/1216857/statm: 31903330 28503046 274 1897 0 31851355 0
[pid=1216857/tid=1216858] ppid=1216853 vsize=127613320 memory=584 CPUtime=1273.74 cores=0-27,112-139
/proc/1216857/task/1216858/stat : 1216858 (kat_xcsp_c609cc) R 1216853 1216853 1216754 0 -1 4194368 185875305 0 544795 0 104467 22907 0 0 20 0 3 0 217469722 130676039680 28503046 134175784960 23094511181824 23094518949248 140732703493792 0 0 0 0 4096 8406082 0 0 0 -1 14 0 0 6782 0 0 23094519063176 23094519084400 93824995549184 140732703501567 140732703501882 140732703501882 140732703514575 0
[pid=1216857/tid=1216859] ppid=1216853 vsize=127613320 memory=584 CPUtime=0 cores=0-27,112-139
/proc/1216857/task/1216859/stat : 1216859 (kat_xcsp_c609cc) S 1216853 1216853 1216754 0 -1 1077936192 2 0 0 0 0 0 0 0 20 0 3 0 217469722 130676039680 28503046 134175784960 23094511181824 23094518949248 140732703493792 0 0 0 0 4096 8406082 0 0 0 -1 17 0 0 0 0 0 23094519063176 23094519084400 93824995549184 140732703501567 140732703501882 140732703501882 140732703514575 0
Current children cumulated CPU time: 1273.74 s
Current children cumulated vsize: 127617564 KiB
Current children cumulated memory: 114609056 KiB

[startup+1422.3 s]
/proc/loadavg: 34.99 31.85 29.72 36/3156 1219599
/proc/meminfo: memFree=288049156/527542252 swapFree=32283348/33554428
[pid=1216853] ppid=1216852 vsize=4244 memory=584 CPUtime=0 cores=0-27,112-139
/proc/1216853/stat : 1216853 (bash) S 1216852 1216853 1216754 0 -1 4194304 275 138 0 0 0 0 0 0 20 0 1 0 217469720 4345856 43 134175784960 94757680652288 94757681634205 140723635748272 0 0 0 65536 4 65538 0 0 0 17 16 0 0 0 0 0 94757681867504 94757681915748 94757709078528 140723635756469 140723635756645 140723635756645 140723635769322 0
/proc/1216853/statm: 1061 43 43 240 0 187 0
[pid=1216857] ppid=1216853 vsize=127613320 memory=114608472 CPUtime=1333.48 cores=0-27,112-139
/proc/1216857/stat : 1216857 (kat_xcsp_c609cc) S 1216853 1216853 1216754 0 -1 1077936128 191534843 0 544797 0 109898 23450 0 0 20 0 3 0 217469721 130676039680 28503046 134175784960 23094511181824 23094518949248 140732703493792 0 0 0 0 4096 8406082 0 0 0 17 20 0 0 0 0 0 23094519063176 23094519084400 93824995549184 140732703501567 140732703501882 140732703501882 140732703514575 0
/proc/1216857/statm: 31903330 28503046 274 1897 0 31851355 0
[pid=1216857/tid=1216858] ppid=1216853 vsize=127613320 memory=114608472 CPUtime=1333.48 cores=0-27,112-139
/proc/1216857/task/1216858/stat : 1216858 (kat_xcsp_c609cc) R 1216853 1216853 1216754 0 -1 4194368 191534564 0 544795 0 109898 23450 0 0 20 0 3 0 217469722 130676039680 28503046 134175784960 23094511181824 23094518949248 140732703493792 0 0 0 0 4096 8406082 0 0 0 -1 126 0 0 6782 0 0 23094519063176 23094519084400 93824995549184 140732703501567 140732703501882 140732703501882 140732703514575 0
[pid=1216857/tid=1216859] ppid=1216853 vsize=127613320 memory=2032 CPUtime=0 cores=0-27,112-139
/proc/1216857/task/1216859/stat : 1216859 (kat_xcsp_c609cc) S 1216853 1216853 1216754 0 -1 1077936192 2 0 0 0 0 0 0 0 20 0 3 0 217469722 130676039680 28503046 134175784960 23094511181824 23094518949248 140732703493792 0 0 0 0 4096 8406082 0 0 0 -1 17 0 0 0 0 0 23094519063176 23094519084400 93824995549184 140732703501567 140732703501882 140732703501882 140732703514575 0
Current children cumulated CPU time: 1333.48 s
Current children cumulated vsize: 127617564 KiB
Current children cumulated memory: 114609056 KiB

[startup+1482.3 s]*
/proc/loadavg: 35.64 32.63 30.13 36/3149 1219615
/proc/meminfo: memFree=282271928/527542252 swapFree=32284372/33554428
[pid=1216853] ppid=1216852 vsize=4244 memory=584 CPUtime=0 cores=0-27,112-139
/proc/1216853/stat : 1216853 (bash) S 1216852 1216853 1216754 0 -1 4194304 275 138 0 0 0 0 0 0 20 0 1 0 217469720 4345856 43 134175784960 94757680652288 94757681634205 140723635748272 0 0 0 65536 4 65538 0 0 0 17 16 0 0 0 0 0 94757681867504 94757681915748 94757709078528 140723635756469 140723635756645 140723635756645 140723635769322 0
/proc/1216853/statm: 1061 43 43 240 0 187 0
[pid=1216857] ppid=1216853 vsize=127613320 memory=114608476 CPUtime=1393.32 cores=0-27,112-139
/proc/1216857/stat : 1216857 (kat_xcsp_c609cc) S 1216853 1216853 1216754 0 -1 1077936128 197388860 0 544797 0 115326 24006 0 0 20 0 3 0 217469721 130676039680 28503047 134175784960 23094511181824 23094518949248 140732703493792 0 0 0 0 4096 8406082 0 0 0 17 20 0 0 0 0 0 23094519063176 23094519084400 93824995549184 140732703501567 140732703501882 140732703501882 140732703514575 0
/proc/1216857/statm: 31903330 28503047 274 1897 0 31851355 0
[pid=1216857/tid=1216858] ppid=1216853 vsize=127613320 memory=7380652560804238953 CPUtime=1393.33 cores=0-27,112-139
/proc/1216857/task/1216858/stat : 1216858 (kat_xcsp_c609cc) R 1216853 1216853 1216754 0 -1 4194368 197388570 0 544795 0 115327 24006 0 0 20 0 3 0 217469722 130676039680 28503047 134175784960 23094511181824 23094518949248 140732703493792 0 0 0 0 4096 8406082 0 0 0 -1 14 0 0 6782 0 0 23094519063176 23094519084400 93824995549184 140732703501567 140732703501882 140732703501882 140732703514575 0
[pid=1216857/tid=1216859] ppid=1216853 vsize=127613320 memory=7374203921250472552 CPUtime=0 cores=0-27,112-139
/proc/1216857/task/1216859/stat : 1216859 (kat_xcsp_c609cc) S 1216853 1216853 1216754 0 -1 1077936192 2 0 0 0 0 0 0 0 20 0 3 0 217469722 130676039680 28503047 134175784960 23094511181824 23094518949248 140732703493792 0 0 0 0 4096 8406082 0 0 0 -1 17 0 0 0 0 0 23094519063176 23094519084400 93824995549184 140732703501567 140732703501882 140732703501882 140732703514575 0
Current children cumulated CPU time: 1393.32 s
Current children cumulated vsize: 127617564 KiB
Current children cumulated memory: 114609060 KiB

[startup+1542.3 s]
/proc/loadavg: 35.24 33.06 30.43 36/3146 1219626
/proc/meminfo: memFree=276977224/527542252 swapFree=32284884/33554428
[pid=1216853] ppid=1216852 vsize=4244 memory=584 CPUtime=0 cores=0-27,112-139
/proc/1216853/stat : 1216853 (bash) S 1216852 1216853 1216754 0 -1 4194304 275 138 0 0 0 0 0 0 20 0 1 0 217469720 4345856 43 134175784960 94757680652288 94757681634205 140723635748272 0 0 0 65536 4 65538 0 0 0 17 16 0 0 0 0 0 94757681867504 94757681915748 94757709078528 140723635756469 140723635756645 140723635756645 140723635769322 0
/proc/1216853/statm: 1061 43 43 240 0 187 0
[pid=1216857] ppid=1216853 vsize=127613320 memory=114608476 CPUtime=1452.89 cores=0-27,112-139
/proc/1216857/stat : 1216857 (kat_xcsp_c609cc) S 1216853 1216853 1216754 0 -1 1077936128 202912334 0 545130 0 120748 24541 0 0 20 0 3 0 217469721 130676039680 28503047 134175784960 23094511181824 23094518949248 140732703493792 0 0 0 0 4096 8406082 0 0 0 17 20 0 0 0 0 0 23094519063176 23094519084400 93824995549184 140732703501567 140732703501882 140732703501882 140732703514575 0
/proc/1216857/statm: 31903330 28503047 274 1897 0 31851355 0
[pid=1216857/tid=1216858] ppid=1216853 vsize=127613320 memory=11852 CPUtime=1452.88 cores=0-27,112-139
/proc/1216857/task/1216858/stat : 1216858 (kat_xcsp_c609cc) R 1216853 1216853 1216754 0 -1 4194368 202912044 0 545128 0 120748 24540 0 0 20 0 3 0 217469722 130676039680 28503047 134175784960 23094511181824 23094518949248 140732703493792 0 0 0 0 4096 8406082 0 0 0 -1 14 0 0 6782 0 0 23094519063176 23094519084400 93824995549184 140732703501567 140732703501882 140732703501882 140732703514575 0
[pid=1216857/tid=1216859] ppid=1216853 vsize=127613320 memory=2136 CPUtime=0 cores=0-27,112-139
/proc/1216857/task/1216859/stat : 1216859 (kat_xcsp_c609cc) S 1216853 1216853 1216754 0 -1 1077936192 2 0 0 0 0 0 0 0 20 0 3 0 217469722 130676039680 28503047 134175784960 23094511181824 23094518949248 140732703493792 0 0 0 0 4096 8406082 0 0 0 -1 17 0 0 0 0 0 23094519063176 23094519084400 93824995549184 140732703501567 140732703501882 140732703501882 140732703514575 0
Current children cumulated CPU time: 1452.89 s
Current children cumulated vsize: 127617564 KiB
Current children cumulated memory: 114609060 KiB

[startup+1602.41 s]
/proc/loadavg: 34.66 33.32 30.69 34/3153 1219646
/proc/meminfo: memFree=302121004/527542252 swapFree=32279508/33554428
[pid=1216853] ppid=1216852 vsize=4244 memory=584 CPUtime=0 cores=0-27,112-139
/proc/1216853/stat : 1216853 (bash) S 1216852 1216853 1216754 0 -1 4194304 275 138 0 0 0 0 0 0 20 0 1 0 217469720 4345856 43 134175784960 94757680652288 94757681634205 140723635748272 0 0 0 65536 4 65538 0 0 0 17 16 0 0 0 0 0 94757681867504 94757681915748 94757709078528 140723635756469 140723635756645 140723635756645 140723635769322 0
/proc/1216853/statm: 1061 43 43 240 0 187 0
[pid=1216857] ppid=1216853 vsize=127613320 memory=114608472 CPUtime=1511.13 cores=0-27,112-139
/proc/1216857/stat : 1216857 (kat_xcsp_c609cc) S 1216853 1216853 1216754 0 -1 1077936128 208261812 0 557116 0 126039 25074 0 0 20 0 3 0 217469721 130676039680 28500803 134175784960 23094511181824 23094518949248 140732703493792 0 0 0 0 4096 8406082 0 0 0 17 20 0 0 0 0 0 23094519063176 23094519084400 93824995549184 140732703501567 140732703501882 140732703501882 140732703514575 0
/proc/1216857/statm: 31903330 28500803 273 1897 0 31851355 0
[pid=1216857/tid=1216858] ppid=1216853 vsize=127613320 memory=114608472 CPUtime=1511.12 cores=0-27,112-139
/proc/1216857/task/1216858/stat : 1216858 (kat_xcsp_c609cc) R 1216853 1216853 1216754 0 -1 4194368 208261522 0 557114 0 126039 25073 0 0 20 0 3 0 217469722 130676039680 28500803 134175784960 23094511181824 23094518949248 140732703493792 0 0 0 0 4096 8406082 0 0 0 -1 14 0 0 6782 0 0 23094519063176 23094519084400 93824995549184 140732703501567 140732703501882 140732703501882 140732703514575 0
[pid=1216857/tid=1216859] ppid=1216853 vsize=127613320 memory=584 CPUtime=0 cores=0-27,112-139
/proc/1216857/task/1216859/stat : 1216859 (kat_xcsp_c609cc) S 1216853 1216853 1216754 0 -1 1077936192 2 0 0 0 0 0 0 0 20 0 3 0 217469722 130676039680 28500803 134175784960 23094511181824 23094518949248 140732703493792 0 0 0 0 4096 8406082 0 0 0 -1 17 0 0 0 0 0 23094519063176 23094519084400 93824995549184 140732703501567 140732703501882 140732703501882 140732703514575 0
Current children cumulated CPU time: 1511.13 s
Current children cumulated vsize: 127617564 KiB
Current children cumulated memory: 114609056 KiB

[startup+1662.3 s]
/proc/loadavg: 34.47 33.48 30.91 34/3152 1219652
/proc/meminfo: memFree=308803112/527542252 swapFree=32279508/33554428
[pid=1216853] ppid=1216852 vsize=4244 memory=584 CPUtime=0 cores=0-27,112-139
/proc/1216853/stat : 1216853 (bash) S 1216852 1216853 1216754 0 -1 4194304 275 138 0 0 0 0 0 0 20 0 1 0 217469720 4345856 43 134175784960 94757680652288 94757681634205 140723635748272 0 0 0 65536 4 65538 0 0 0 17 16 0 0 0 0 0 94757681867504 94757681915748 94757709078528 140723635756469 140723635756645 140723635756645 140723635769322 0
/proc/1216853/statm: 1061 43 43 240 0 187 0
[pid=1216857] ppid=1216853 vsize=127613320 memory=114608476 CPUtime=1570.76 cores=0-27,112-139
/proc/1216857/stat : 1216857 (kat_xcsp_c609cc) S 1216853 1216853 1216754 0 -1 1077936128 213865270 0 557117 0 131466 25610 0 0 20 0 3 0 217469721 130676039680 28500804 134175784960 23094511181824 23094518949248 140732703493792 0 0 0 0 4096 8406082 0 0 0 17 20 0 0 0 0 0 23094519063176 23094519084400 93824995549184 140732703501567 140732703501882 140732703501882 140732703514575 0
/proc/1216857/statm: 31903330 28500804 274 1897 0 31851355 0
[pid=1216857/tid=1216858] ppid=1216853 vsize=127613320 memory=114608476 CPUtime=1570.77 cores=0-27,112-139
/proc/1216857/task/1216858/stat : 1216858 (kat_xcsp_c609cc) R 1216853 1216853 1216754 0 -1 4194368 213864981 0 557115 0 131467 25610 0 0 20 0 3 0 217469722 130676039680 28500804 134175784960 23094511181824 23094518949248 140732703493792 0 0 0 0 4096 8406082 0 0 0 -1 14 0 0 6782 0 0 23094519063176 23094519084400 93824995549184 140732703501567 140732703501882 140732703501882 140732703514575 0
[pid=1216857/tid=1216859] ppid=1216853 vsize=127613320 memory=5148 CPUtime=0 cores=0-27,112-139
/proc/1216857/task/1216859/stat : 1216859 (kat_xcsp_c609cc) S 1216853 1216853 1216754 0 -1 1077936192 2 0 0 0 0 0 0 0 20 0 3 0 217469722 130676039680 28500804 134175784960 23094511181824 23094518949248 140732703493792 0 0 0 0 4096 8406082 0 0 0 -1 17 0 0 0 0 0 23094519063176 23094519084400 93824995549184 140732703501567 140732703501882 140732703501882 140732703514575 0
Current children cumulated CPU time: 1570.76 s
Current children cumulated vsize: 127617564 KiB
Current children cumulated memory: 114609060 KiB

[startup+1722.31 s]
/proc/loadavg: 33.22 33.32 31.02 32/3151 1219769
/proc/meminfo: memFree=324179700/527542252 swapFree=32279508/33554428
[pid=1216853] ppid=1216852 vsize=4244 memory=584 CPUtime=0 cores=0-27,112-139
/proc/1216853/stat : 1216853 (bash) S 1216852 1216853 1216754 0 -1 4194304 275 138 0 0 0 0 0 0 20 0 1 0 217469720 4345856 43 134175784960 94757680652288 94757681634205 140723635748272 0 0 0 65536 4 65538 0 0 0 17 16 0 0 0 0 0 94757681867504 94757681915748 94757709078528 140723635756469 140723635756645 140723635756645 140723635769322 0
/proc/1216853/statm: 1061 43 43 240 0 187 0
[pid=1216857] ppid=1216853 vsize=127613320 memory=114607636 CPUtime=1630.52 cores=0-27,112-139
/proc/1216857/stat : 1216857 (kat_xcsp_c609cc) S 1216853 1216853 1216754 0 -1 1077936128 219859115 0 557117 0 136868 26184 0 0 20 0 3 0 217469721 130676039680 28500594 134175784960 23094511181824 23094518949248 140732703493792 0 0 0 0 4096 8406082 0 0 0 17 20 0 0 0 0 0 23094519063176 23094519084400 93824995549184 140732703501567 140732703501882 140732703501882 140732703514575 0
/proc/1216857/statm: 31903330 28500594 63 1897 0 31851355 0
[pid=1216857/tid=1216858] ppid=1216853 vsize=127613320 memory=584 CPUtime=1630.52 cores=0-27,112-139
/proc/1216857/task/1216858/stat : 1216858 (kat_xcsp_c609cc) R 1216853 1216853 1216754 0 -1 4194368 219858825 0 557115 0 136868 26184 0 0 20 0 3 0 217469722 130676039680 28500594 134175784960 23094511181824 23094518949248 140732703493792 0 0 0 0 4096 8406082 0 0 0 -1 14 0 0 6782 0 0 23094519063176 23094519084400 93824995549184 140732703501567 140732703501882 140732703501882 140732703514575 0
[pid=1216857/tid=1216859] ppid=1216853 vsize=127613320 memory=114608480 CPUtime=0 cores=0-27,112-139
/proc/1216857/task/1216859/stat : 1216859 (kat_xcsp_c609cc) S 1216853 1216853 1216754 0 -1 1077936192 2 0 0 0 0 0 0 0 20 0 3 0 217469722 130676039680 28500594 134175784960 23094511181824 23094518949248 140732703493792 0 0 0 0 4096 8406082 0 0 0 -1 17 0 0 0 0 0 23094519063176 23094519084400 93824995549184 140732703501567 140732703501882 140732703501882 140732703514575 0
Current children cumulated CPU time: 1630.52 s
Current children cumulated vsize: 127617564 KiB
Current children cumulated memory: 114608220 KiB

[startup+1782.3 s]
/proc/loadavg: 31.77 32.92 31.03 30/3150 1219777
/proc/meminfo: memFree=300584156/527542252 swapFree=32279508/33554428
[pid=1216853] ppid=1216852 vsize=4244 memory=584 CPUtime=0 cores=0-27,112-139
/proc/1216853/stat : 1216853 (bash) S 1216852 1216853 1216754 0 -1 4194304 275 138 0 0 0 0 0 0 20 0 1 0 217469720 4345856 43 134175784960 94757680652288 94757681634205 140723635748272 0 0 0 65536 4 65538 0 0 0 17 16 0 0 0 0 0 94757681867504 94757681915748 94757709078528 140723635756469 140723635756645 140723635756645 140723635769322 0
/proc/1216853/statm: 1061 43 43 240 0 187 0
[pid=1216857] ppid=1216853 vsize=127613320 memory=114608480 CPUtime=1690.27 cores=0-27,112-139
/proc/1216857/stat : 1216857 (kat_xcsp_c609cc) S 1216853 1216853 1216754 0 -1 1077936128 225332388 0 557117 0 142317 26710 0 0 20 0 3 0 217469721 130676039680 28500805 134175784960 23094511181824 23094518949248 140732703493792 0 0 0 0 4096 8406082 0 0 0 17 20 0 0 0 0 0 23094519063176 23094519084400 93824995549184 140732703501567 140732703501882 140732703501882 140732703514575 0
/proc/1216857/statm: 31903330 28500805 274 1897 0 31851355 0
[pid=1216857/tid=1216858] ppid=1216853 vsize=127613320 memory=584 CPUtime=1690.26 cores=0-27,112-139
/proc/1216857/task/1216858/stat : 1216858 (kat_xcsp_c609cc) R 1216853 1216853 1216754 0 -1 4194368 225332098 0 557115 0 142317 26709 0 0 20 0 3 0 217469722 130676039680 28500805 134175784960 23094511181824 23094518949248 140732703493792 0 0 0 0 4096 8406082 0 0 0 -1 14 0 0 6782 0 0 23094519063176 23094519084400 93824995549184 140732703501567 140732703501882 140732703501882 140732703514575 0
[pid=1216857/tid=1216859] ppid=1216853 vsize=127613320 memory=114608480 CPUtime=0 cores=0-27,112-139
/proc/1216857/task/1216859/stat : 1216859 (kat_xcsp_c609cc) S 1216853 1216853 1216754 0 -1 1077936192 2 0 0 0 0 0 0 0 20 0 3 0 217469722 130676039680 28500805 134175784960 23094511181824 23094518949248 140732703493792 0 0 0 0 4096 8406082 0 0 0 -1 17 0 0 0 0 0 23094519063176 23094519084400 93824995549184 140732703501567 140732703501882 140732703501882 140732703514575 0
Current children cumulated CPU time: 1690.27 s
Current children cumulated vsize: 127617564 KiB
Current children cumulated memory: 114609064 KiB



Maximum wall clock time exceeded: sending SIGTERM then SIGKILL

[startup+1800 s]
/proc/loadavg: 30.77 32.62 30.97 29/3149 1219778
/proc/meminfo: memFree=299271200/527542252 swapFree=32279508/33554428
[pid=1216853] ppid=1216852 vsize=4244 memory=584 CPUtime=0 cores=0-27,112-139
/proc/1216853/stat : 1216853 (bash) S 1216852 1216853 1216754 0 -1 4194304 275 138 0 0 0 0 0 0 20 0 1 0 217469720 4345856 43 134175784960 94757680652288 94757681634205 140723635748272 0 0 0 65536 4 65538 0 0 0 17 16 0 0 0 0 0 94757681867504 94757681915748 94757709078528 140723635756469 140723635756645 140723635756645 140723635769322 0
/proc/1216853/statm: 1061 43 43 240 0 187 0
[pid=1216857] ppid=1216853 vsize=127613320 memory=114608480 CPUtime=1707.88 cores=0-27,112-139
/proc/1216857/stat : 1216857 (kat_xcsp_c609cc) S 1216853 1216853 1216754 0 -1 1077936128 226899482 0 557117 0 143936 26852 0 0 20 0 3 0 217469721 130676039680 28500805 134175784960 23094511181824 23094518949248 140732703493792 0 0 0 0 4096 8406082 0 0 0 17 20 0 0 0 0 0 23094519063176 23094519084400 93824995549184 140732703501567 140732703501882 140732703501882 140732703514575 0
/proc/1216857/statm: 31903330 28500805 274 1897 0 31851355 0
[pid=1216857/tid=1216858] ppid=1216853 vsize=127613320 memory=7511567236843340051 CPUtime=1707.88 cores=0-27,112-139
/proc/1216857/task/1216858/stat : 1216858 (kat_xcsp_c609cc) R 1216853 1216853 1216754 0 -1 4194368 226899194 0 557115 0 143936 26852 0 0 20 0 3 0 217469722 130676039680 28500805 134175784960 23094511181824 23094518949248 140732703493792 0 0 0 0 4096 8406082 0 0 0 -1 14 0 0 6782 0 0 23094519063176 23094519084400 93824995549184 140732703501567 140732703501882 140732703501882 140732703514575 0
[pid=1216857/tid=1216859] ppid=1216853 vsize=127613320 memory=1564872 CPUtime=0 cores=0-27,112-139
/proc/1216857/task/1216859/stat : 1216859 (kat_xcsp_c609cc) S 1216853 1216853 1216754 0 -1 1077936192 2 0 0 0 0 0 0 0 20 0 3 0 217469722 130676039680 28500805 134175784960 23094511181824 23094518949248 140732703493792 0 0 0 0 4096 8406082 0 0 0 -1 17 0 0 0 0 0 23094519063176 23094519084400 93824995549184 140732703501567 140732703501882 140732703501882 140732703514575 0
Current children cumulated CPU time: 1707.88 s
Current children cumulated vsize: 127617564 KiB
Current children cumulated memory: 114609064 KiB

Sending SIGTERM to process tree (bottom up)
Sleeping 2 seconds

[startup+1800.05 s]
# the end of solver process 1216853 was just reported to runsolver
# cumulated CPU time of all completed processes:  user=0.002018 s, system=0.003755 s

Sending SIGKILL to process tree (bottom up)
??? end of watcher thread

[startup+1805 s]
# the end of solver process 1216857 was just reported to runsolver
# cumulated CPU time of all completed processes:  user=1439.43 s, system=273.458 s
# this solver process was not waited by its parent and was adopted by runsolver

Solver just ended.
Dumping a history of the last processes samples

[startup+1801.2 s]
/proc/loadavg: 30.77 32.62 30.97 28/3146 1219778
/proc/meminfo: memFree=309421068/527542252 swapFree=32280532/33554428
Current cumulated CPU time of completed processes: 0.005773 s
Current children cumulated CPU time: 0 s
Current children cumulated vsize: 0 KiB
Current children cumulated memory: 0 KiB

[startup+1802.1 s]
/proc/loadavg: 30.77 32.62 30.97 30/3146 1219778
/proc/meminfo: memFree=334340504/527542252 swapFree=32280532/33554428
Current cumulated CPU time of completed processes: 0.005773 s
Current children cumulated CPU time: 0 s
Current children cumulated vsize: 0 KiB
Current children cumulated memory: 0 KiB

[startup+1802.3 s]
/proc/loadavg: 30.77 32.62 30.97 30/3146 1219778
/proc/meminfo: memFree=334340504/527542252 swapFree=32280532/33554428
Current cumulated CPU time of completed processes: 0.005773 s
Current children cumulated CPU time: 0 s
Current children cumulated vsize: 0 KiB
Current children cumulated memory: 0 KiB

Child status: 143
Real time (s): 1805
CPU time (s): 1712.89
CPU user time (s): 1439.43
CPU system time (s): 273.458
CPU usage (%): 94.8964
Max. virtual memory (cumulated for all children) (KiB): 134451712
Max. memory (cumulated for all children) (KiB): 121739384

getrusage(RUSAGE_CHILDREN,...) data:
user time used= 1439.43
system time used= 273.458
maximum resident set size= 121286976
integral shared memory size= 0
integral unshared data size= 0
integral unshared stack size= 0
page reclaims= 226907883
page faults= 557196
swaps= 0
block input operations= 9269752
block output operations= 960
messages sent= 0
messages received= 0
signals received= 0
voluntary context switches= 556729
involuntary context switches= 7497


# summary of solver processes directly reported to runsolver:
#   pid: 1216853,1216857
#   total CPU time (s): 1712.89
#   total CPU user time (s): 1439.43
#   total CPU system time (s): 273.458

??? end of timestamper thread
runsolver used 41.8509 second user time and 136.811 second system time

The end
