================ Slurm Info ================
DATE      = 2026-05-26T16:22:25+09:00
PARTITION = gr10609b
JOB_ID    = 19856583_37
JOB_NAME  = xcsp-parse-cop165-order-ge-cumext-20260526-c609ccd4-dirty-q10609-rerun1
NNODES    = 1
RSC_OPT   = p=1:t=28:c=28:m=128000M
============================================
job_id=19867571 task_id=37 instance_id=37
instance_relpath=COP22to25/TestScheduling-t030m10r05-1_c24.xml.lzma
row_file=/LARGE0/gr10609/b39275/xcsp3instances/results/kat-cop165-order-ge-cumext-20260526-c609ccd4-dirty-q10609-rerun1/rows/row-19867571-37-37.csv
runsolver_values_log=/LARGE0/gr10609/b39275/xcsp3instances/slurm-logs/runsolver/runsolver-cop165-order-ge-cumext-20260526-c609ccd4-dirty-q10609-rerun1-19867571-37-37/values.log
runsolver_solver_log=/LARGE0/gr10609/b39275/xcsp3instances/slurm-logs/runsolver/runsolver-cop165-order-ge-cumext-20260526-c609ccd4-dirty-q10609-rerun1-19867571-37-37/output.log
runsolver version 3.4.1 (svn: 3018) Copyright (C) 2010-2013 Olivier ROUSSEL

This program is distributed in the hope that it will be useful,
but WITHOUT ANY WARRANTY; without even the implied warranty of
MERCHANTABILITY or FITNESS FOR A PARTICULAR PURPOSE.  See the
GNU General Public License for more details.

NUMA information:
  number of nodes: 8
  memory of node 0: 63700 MiB (49720 MiB free)
  memory of node 1: 64504 MiB (63589 MiB free)
  memory of node 2: 64461 MiB (63955 MiB free)
  memory of node 3: 64504 MiB (63469 MiB free)
  memory of node 4: 64504 MiB (63421 MiB free)
  memory of node 5: 64504 MiB (63566 MiB free)
  memory of node 6: 64504 MiB (63686 MiB free)
  memory of node 7: 64491 MiB (31377 MiB free)
  node distances:
     10  12  12  12  21  21  21  21
     12  10  12  12  21  21  21  21
     12  12  10  12  21  21  21  21
     12  12  12  10  21  21  21  21
     21  21  21  21  10  12  12  12
     21  21  21  21  12  10  12  12
     21  21  21  21  12  12  10  12
     21  21  21  21  12  12  12  10

command line: runsolver -W 1800 -C 1800 -v /logs/runsolver/runsolver-cop165-order-ge-cumext-20260526-c609ccd4-dirty-q10609-rerun1-19867571-37-37/values.log -o /logs/runsolver/runsolver-cop165-order-ge-cumext-20260526-c609ccd4-dirty-q10609-rerun1-19867571-37-37/output.log bash -lc 
set -euo pipefail
if [[ -n "${PARSER_ARGS:-}" ]]; then
  eval "set -- ${PARSER_ARGS}"
  "$PARSER_BIN" "$INSTANCE_PATH" "$@"
else
  "$PARSER_BIN" "$INSTANCE_PATH"
fi
 

running on 28 cores: 60-67,72-83,188-195

Enforcing wall clock limit (soft limit, will send SIGTERM then SIGKILL): 1800 seconds
Enforcing CPUTime limit (soft limit, will send SIGTERM then SIGKILL): 1800 seconds
Enforcing CPUTime limit (hard limit, will send SIGXCPU): 1830 seconds
Linux 4.18.0-553.111.1.el8_10.x86_64
Current StackSize limit: 18014398509481983 KiB

solver pid=795775, runsolver pid=795774

[startup+0.100086 s]*
/proc/loadavg: 2.15 2.69 8.11 4/2826 795780
/proc/meminfo: memFree=473881452/527542252 swapFree=32797104/33554428
[pid=795775] ppid=795774 vsize=4244 memory=3028 CPUtime=0 cores=56-83,168-195
/proc/795775/stat : 795775 (bash) S 795774 795775 795673 0 -1 4194304 276 142 0 0 0 0 0 0 20 0 1 0 218358502 4345856 757 134175784960 94292633042944 94292634024861 140720919681488 0 0 0 65536 4 65538 0 0 0 17 186 0 0 0 0 0 94292634258160 94292634306404 94292642054144 140720919690679 140720919690855 140720919690855 140720919703530 0
/proc/795775/statm: 1061 757 661 240 0 187 0
[pid=795778] ppid=795775 vsize=318116 memory=136004 CPUtime=0.18 cores=56-83,168-195
/proc/795778/stat : 795778 (kat_xcsp_c609cc) S 795775 795775 795673 0 -1 1077936128 24754 0 2 0 12 6 0 0 20 0 3 0 218358502 325750784 34001 134175784960 23332596801536 23332604568960 140732503007088 0 0 0 0 4096 8406082 0 0 0 17 80 0 0 0 0 0 23332604682888 23332604704112 93824995430400 140732503014646 140732503014972 140732503014972 140732503027663 0
/proc/795778/statm: 79529 34001 608 1897 0 53250 0
[pid=795778/tid=795779] ppid=795775 vsize=318116 memory=4064330908336390230 CPUtime=0.17 cores=56-83,168-195
/proc/795778/task/795779/stat : 795779 (kat_xcsp_c609cc) R 795775 795775 795673 0 -1 4194368 24470 0 0 0 12 5 0 0 20 0 3 0 218358503 325750784 34001 134175784960 23332596801536 23332604568960 140732503007088 0 0 0 0 4096 8406082 0 0 0 -1 194 0 0 0 0 0 23332604682888 23332604704112 93824995430400 140732503014646 140732503014972 140732503014972 140732503027663 0
[pid=795778/tid=795780] ppid=795775 vsize=318116 memory=3473174954655416405 CPUtime=0 cores=56-83,168-195
/proc/795778/task/795780/stat : 795780 (kat_xcsp_c609cc) S 795775 795775 795673 0 -1 1077936192 2 0 0 0 0 0 0 0 20 0 3 0 218358504 325750784 34001 134175784960 23332596801536 23332604568960 140732503007088 0 0 0 0 4096 8406082 0 0 0 -1 182 0 0 0 0 0 23332604682888 23332604704112 93824995430400 140732503014646 140732503014972 140732503014972 140732503027663 0
Current children cumulated CPU time: 0.18 s
Current children cumulated vsize: 322360 KiB
Current children cumulated memory: 139032 KiB

[startup+0.305574 s]*
/proc/loadavg: 2.15 2.69 8.11 4/2826 795780
/proc/meminfo: memFree=473753160/527542252 swapFree=32797104/33554428
[pid=795775] ppid=795774 vsize=4244 memory=3028 CPUtime=0 cores=56-83,168-195
/proc/795775/stat : 795775 (bash) S 795774 795775 795673 0 -1 4194304 276 142 0 0 0 0 0 0 20 0 1 0 218358502 4345856 757 134175784960 94292633042944 94292634024861 140720919681488 0 0 0 65536 4 65538 0 0 0 17 186 0 0 0 0 0 94292634258160 94292634306404 94292642054144 140720919690679 140720919690855 140720919690855 140720919703530 0
/proc/795775/statm: 1061 757 661 240 0 187 0
[pid=795778] ppid=795775 vsize=383652 memory=201204 CPUtime=0.38 cores=56-83,168-195
/proc/795778/stat : 795778 (kat_xcsp_c609cc) S 795775 795775 795673 0 -1 1077936128 39036 0 2 0 29 9 0 0 20 0 3 0 218358502 392859648 50301 134175784960 23332596801536 23332604568960 140732503007088 0 0 0 0 4096 8406082 0 0 0 17 80 0 0 0 0 0 23332604682888 23332604704112 93824995430400 140732503014646 140732503014972 140732503014972 140732503027663 0
/proc/795778/statm: 95913 50301 608 1897 0 70656 0
[pid=795778/tid=795779] ppid=795775 vsize=383652 memory=4064330908336390230 CPUtime=0.38 cores=56-83,168-195
/proc/795778/task/795779/stat : 795779 (kat_xcsp_c609cc) R 795775 795775 795673 0 -1 4194368 38927 0 0 0 29 9 0 0 20 0 3 0 218358503 392859648 50499 134175784960 23332596801536 23332604568960 140732503007088 0 0 0 0 4096 8406082 0 0 0 -1 194 0 0 0 0 0 23332604682888 23332604704112 93824995430400 140732503014646 140732503014972 140732503014972 140732503027663 0
[pid=795778/tid=795780] ppid=795775 vsize=383652 memory=3473174954655416405 CPUtime=0 cores=56-83,168-195
/proc/795778/task/795780/stat : 795780 (kat_xcsp_c609cc) S 795775 795775 795673 0 -1 1077936192 2 0 0 0 0 0 0 0 20 0 3 0 218358504 392859648 50499 134175784960 23332596801536 23332604568960 140732503007088 0 0 0 0 4096 8406082 0 0 0 -1 182 0 0 0 0 0 23332604682888 23332604704112 93824995430400 140732503014646 140732503014972 140732503014972 140732503027663 0
Current children cumulated CPU time: 0.38 s
Current children cumulated vsize: 387896 KiB
Current children cumulated memory: 204232 KiB

[startup+0.501934 s]*
/proc/loadavg: 2.15 2.69 8.11 4/2826 795780
/proc/meminfo: memFree=473689716/527542252 swapFree=32797104/33554428
[pid=795775] ppid=795774 vsize=4244 memory=3028 CPUtime=0 cores=56-83,168-195
/proc/795775/stat : 795775 (bash) S 795774 795775 795673 0 -1 4194304 276 142 0 0 0 0 0 0 20 0 1 0 218358502 4345856 757 134175784960 94292633042944 94292634024861 140720919681488 0 0 0 65536 4 65538 0 0 0 17 186 0 0 0 0 0 94292634258160 94292634306404 94292642054144 140720919690679 140720919690855 140720919690855 140720919703530 0
/proc/795775/statm: 1061 757 661 240 0 187 0
[pid=795778] ppid=795775 vsize=465576 memory=263100 CPUtime=0.58 cores=56-83,168-195
/proc/795778/stat : 795778 (kat_xcsp_c609cc) S 795775 795775 795673 0 -1 1077936128 51396 0 2 0 46 12 0 0 20 0 3 0 218358502 476749824 65775 134175784960 23332596801536 23332604568960 140732503007088 0 0 0 0 4096 8406082 0 0 0 17 80 0 0 0 0 0 23332604682888 23332604704112 93824995430400 140732503014646 140732503014972 140732503014972 140732503027663 0
/proc/795778/statm: 116394 65775 608 1897 0 88147 0
[pid=795778/tid=795779] ppid=795775 vsize=465576 memory=4121691097699713108 CPUtime=0.57 cores=56-83,168-195
/proc/795778/task/795779/stat : 795779 (kat_xcsp_c609cc) R 795775 795775 795673 0 -1 4194368 51194 0 0 0 46 11 0 0 20 0 3 0 218358503 476749824 65841 134175784960 23332596801536 23332604568960 140732503007088 0 0 0 0 4096 8406082 0 0 0 -1 194 0 0 0 0 0 23332604682888 23332604704112 93824995430400 140732503014646 140732503014972 140732503014972 140732503027663 0
[pid=795778/tid=795780] ppid=795775 vsize=465576 memory=3473454230608805968 CPUtime=0 cores=56-83,168-195
/proc/795778/task/795780/stat : 795780 (kat_xcsp_c609cc) S 795775 795775 795673 0 -1 1077936192 2 0 0 0 0 0 0 0 20 0 3 0 218358504 476749824 65841 134175784960 23332596801536 23332604568960 140732503007088 0 0 0 0 4096 8406082 0 0 0 -1 182 0 0 0 0 0 23332604682888 23332604704112 93824995430400 140732503014646 140732503014972 140732503014972 140732503027663 0
Current children cumulated CPU time: 0.58 s
Current children cumulated vsize: 469820 KiB
Current children cumulated memory: 266128 KiB

[startup+0.700342 s]*
/proc/loadavg: 2.15 2.69 8.11 4/2826 795780
/proc/meminfo: memFree=473629164/527542252 swapFree=32797104/33554428
[pid=795775] ppid=795774 vsize=4244 memory=3028 CPUtime=0 cores=56-83,168-195
/proc/795775/stat : 795775 (bash) S 795774 795775 795673 0 -1 4194304 276 142 0 0 0 0 0 0 20 0 1 0 218358502 4345856 757 134175784960 94292633042944 94292634024861 140720919681488 0 0 0 65536 4 65538 0 0 0 17 186 0 0 0 0 0 94292634258160 94292634306404 94292642054144 140720919690679 140720919690855 140720919690855 140720919703530 0
/proc/795775/statm: 1061 757 661 240 0 187 0
[pid=795778] ppid=795775 vsize=547496 memory=322524 CPUtime=0.77 cores=56-83,168-195
/proc/795778/stat : 795778 (kat_xcsp_c609cc) S 795775 795775 795673 0 -1 1077936128 65279 0 2 0 63 14 0 0 20 0 3 0 218358502 560635904 80631 134175784960 23332596801536 23332604568960 140732503007088 0 0 0 0 4096 8406082 0 0 0 17 80 0 0 0 0 0 23332604682888 23332604704112 93824995430400 140732503014646 140732503014972 140732503014972 140732503027663 0
/proc/795778/statm: 136874 80631 608 1897 0 106999 0
[pid=795778/tid=795779] ppid=795775 vsize=547496 memory=4064330908336390230 CPUtime=0.77 cores=56-83,168-195
/proc/795778/task/795779/stat : 795779 (kat_xcsp_c609cc) R 795775 795775 795673 0 -1 4194368 65109 0 0 0 63 14 0 0 20 0 3 0 218358503 560635904 80763 134175784960 23332596801536 23332604568960 140732503007088 0 0 0 0 4096 8406082 0 0 0 -1 194 0 0 0 0 0 23332604682888 23332604704112 93824995430400 140732503014646 140732503014972 140732503014972 140732503027663 0
[pid=795778/tid=795780] ppid=795775 vsize=547496 memory=3473174954655416405 CPUtime=0 cores=56-83,168-195
/proc/795778/task/795780/stat : 795780 (kat_xcsp_c609cc) S 795775 795775 795673 0 -1 1077936192 2 0 0 0 0 0 0 0 20 0 3 0 218358504 560635904 80763 134175784960 23332596801536 23332604568960 140732503007088 0 0 0 0 4096 8406082 0 0 0 -1 182 0 0 0 0 0 23332604682888 23332604704112 93824995430400 140732503014646 140732503014972 140732503014972 140732503027663 0
Current children cumulated CPU time: 0.77 s
Current children cumulated vsize: 551740 KiB
Current children cumulated memory: 325552 KiB

[startup+1.60036 s]
/proc/loadavg: 2.15 2.69 8.11 4/2826 795780
/proc/meminfo: memFree=473426896/527542252 swapFree=32797104/33554428
[pid=795775] ppid=795774 vsize=4244 memory=3028 CPUtime=0 cores=56-83,168-195
/proc/795775/stat : 795775 (bash) S 795774 795775 795673 0 -1 4194304 276 142 0 0 0 0 0 0 20 0 1 0 218358502 4345856 757 134175784960 94292633042944 94292634024861 140720919681488 0 0 0 65536 4 65538 0 0 0 17 186 0 0 0 0 0 94292634258160 94292634306404 94292642054144 140720919690679 140720919690855 140720919690855 140720919703530 0
/proc/795775/statm: 1061 757 661 240 0 187 0
[pid=795778] ppid=795775 vsize=842408 memory=553628 CPUtime=1.56 cores=56-83,168-195
/proc/795778/stat : 795778 (kat_xcsp_c609cc) S 795775 795775 795673 0 -1 1077936128 130475 0 2 0 129 27 0 0 20 0 3 0 218358502 862625792 138407 134175784960 23332596801536 23332604568960 140732503007088 0 0 0 0 4096 8406082 0 0 0 17 80 0 0 0 0 0 23332604682888 23332604704112 93824995430400 140732503014646 140732503014972 140732503014972 140732503027663 0
/proc/795778/statm: 210602 138407 608 1897 0 173194 0
[pid=795778/tid=795779] ppid=795775 vsize=842408 memory=2736 CPUtime=1.57 cores=56-83,168-195
/proc/795778/task/795779/stat : 795779 (kat_xcsp_c609cc) R 795775 795775 795673 0 -1 4194368 130183 0 0 0 130 27 0 0 20 0 3 0 218358503 862625792 138407 134175784960 23332596801536 23332604568960 140732503007088 0 0 0 0 4096 8406082 0 0 0 -1 194 0 0 0 0 0 23332604682888 23332604704112 93824995430400 140732503014646 140732503014972 140732503014972 140732503027663 0
[pid=795778/tid=795780] ppid=795775 vsize=842408 memory=156 CPUtime=0 cores=56-83,168-195
/proc/795778/task/795780/stat : 795780 (kat_xcsp_c609cc) S 795775 795775 795673 0 -1 1077936192 2 0 0 0 0 0 0 0 20 0 3 0 218358504 862625792 138407 134175784960 23332596801536 23332604568960 140732503007088 0 0 0 0 4096 8406082 0 0 0 -1 182 0 0 0 0 0 23332604682888 23332604704112 93824995430400 140732503014646 140732503014972 140732503014972 140732503027663 0
Current children cumulated CPU time: 1.56 s
Current children cumulated vsize: 846652 KiB
Current children cumulated memory: 556656 KiB

[startup+3.1003 s]
/proc/loadavg: 2.22 2.70 8.08 4/2826 795780
/proc/meminfo: memFree=473097392/527542252 swapFree=32797104/33554428
[pid=795775] ppid=795774 vsize=4244 memory=3028 CPUtime=0 cores=56-83,168-195
/proc/795775/stat : 795775 (bash) S 795774 795775 795673 0 -1 4194304 276 142 0 0 0 0 0 0 20 0 1 0 218358502 4345856 757 134175784960 94292633042944 94292634024861 140720919681488 0 0 0 65536 4 65538 0 0 0 17 186 0 0 0 0 0 94292634258160 94292634306404 94292642054144 140720919690679 140720919690855 140720919690855 140720919703530 0
/proc/795775/statm: 1061 757 661 240 0 187 0
[pid=795778] ppid=795775 vsize=1313700 memory=960924 CPUtime=3.06 cores=56-83,168-195
/proc/795778/stat : 795778 (kat_xcsp_c609cc) S 795775 795775 795673 0 -1 1077936128 221158 0 2 0 259 47 0 0 20 0 3 0 218358502 1345228800 240231 134175784960 23332596801536 23332604568960 140732503007088 0 0 0 0 4096 8406082 0 0 0 17 80 0 0 0 0 0 23332604682888 23332604704112 93824995430400 140732503014646 140732503014972 140732503014972 140732503027663 0
/proc/795778/statm: 328425 240231 647 1897 0 291047 0
[pid=795778/tid=795779] ppid=795775 vsize=1313700 memory=7496 CPUtime=3.06 cores=56-83,168-195
/proc/795778/task/795779/stat : 795779 (kat_xcsp_c609cc) R 795775 795775 795673 0 -1 4194368 220866 0 0 0 259 47 0 0 20 0 3 0 218358503 1345228800 240231 134175784960 23332596801536 23332604568960 140732503007088 0 0 0 0 4096 8406082 0 0 0 -1 194 0 0 0 0 0 23332604682888 23332604704112 93824995430400 140732503014646 140732503014972 140732503014972 140732503027663 0
[pid=795778/tid=795780] ppid=795775 vsize=1313700 memory=3028 CPUtime=0 cores=56-83,168-195
/proc/795778/task/795780/stat : 795780 (kat_xcsp_c609cc) S 795775 795775 795673 0 -1 1077936192 2 0 0 0 0 0 0 0 20 0 3 0 218358504 1345228800 240231 134175784960 23332596801536 23332604568960 140732503007088 0 0 0 0 4096 8406082 0 0 0 -1 182 0 0 0 0 0 23332604682888 23332604704112 93824995430400 140732503014646 140732503014972 140732503014972 140732503027663 0
Current children cumulated CPU time: 3.06 s
Current children cumulated vsize: 1317944 KiB
Current children cumulated memory: 963952 KiB

[startup+6.3003 s]
/proc/loadavg: 2.22 2.70 8.08 4/2826 795780
/proc/meminfo: memFree=472476196/527542252 swapFree=32797104/33554428
[pid=795775] ppid=795774 vsize=4244 memory=3028 CPUtime=0 cores=56-83,168-195
/proc/795775/stat : 795775 (bash) S 795774 795775 795673 0 -1 4194304 276 142 0 0 0 0 0 0 20 0 1 0 218358502 4345856 757 134175784960 94292633042944 94292634024861 140720919681488 0 0 0 65536 4 65538 0 0 0 17 186 0 0 0 0 0 94292634258160 94292634306404 94292642054144 140720919690679 140720919690855 140720919690855 140720919703530 0
/proc/795775/statm: 1061 757 661 240 0 187 0
[pid=795778] ppid=795775 vsize=1510308 memory=1151316 CPUtime=6.25 cores=56-83,168-195
/proc/795778/stat : 795778 (kat_xcsp_c609cc) S 795775 795775 795673 0 -1 1077936128 375224 0 2 0 558 67 0 0 20 0 3 0 218358502 1546555392 287829 134175784960 23332596801536 23332604568960 140732503007088 0 0 0 0 4096 8406082 0 0 0 17 80 0 0 0 0 0 23332604682888 23332604704112 93824995430400 140732503014646 140732503014972 140732503014972 140732503027663 0
/proc/795778/statm: 377577 287829 777 1897 0 338023 0
[pid=795778/tid=795779] ppid=795775 vsize=1510308 memory=61675337 CPUtime=6.25 cores=56-83,168-195
/proc/795778/task/795779/stat : 795779 (kat_xcsp_c609cc) R 795775 795775 795673 0 -1 4194368 374932 0 0 0 558 67 0 0 20 0 3 0 218358503 1546555392 287829 134175784960 23332596801536 23332604568960 140732503007088 0 0 0 0 4096 8406082 0 0 0 -1 194 0 0 0 0 0 23332604682888 23332604704112 93824995430400 140732503014646 140732503014972 140732503014972 140732503027663 0
[pid=795778/tid=795780] ppid=795775 vsize=1510308 memory=18046263 CPUtime=0 cores=56-83,168-195
/proc/795778/task/795780/stat : 795780 (kat_xcsp_c609cc) S 795775 795775 795673 0 -1 1077936192 2 0 0 0 0 0 0 0 20 0 3 0 218358504 1546555392 287829 134175784960 23332596801536 23332604568960 140732503007088 0 0 0 0 4096 8406082 0 0 0 -1 182 0 0 0 0 0 23332604682888 23332604704112 93824995430400 140732503014646 140732503014972 140732503014972 140732503027663 0
Current children cumulated CPU time: 6.25 s
Current children cumulated vsize: 1514552 KiB
Current children cumulated memory: 1154344 KiB

[startup+12.7003 s]
/proc/loadavg: 2.34 2.71 8.03 4/2824 795791
/proc/meminfo: memFree=472433592/527542252 swapFree=32797104/33554428
[pid=795775] ppid=795774 vsize=4244 memory=3028 CPUtime=0 cores=56-83,168-195
/proc/795775/stat : 795775 (bash) S 795774 795775 795673 0 -1 4194304 276 142 0 0 0 0 0 0 20 0 1 0 218358502 4345856 757 134175784960 94292633042944 94292634024861 140720919681488 0 0 0 65536 4 65538 0 0 0 17 186 0 0 0 0 0 94292634258160 94292634306404 94292642054144 140720919690679 140720919690855 140720919690855 140720919703530 0
/proc/795775/statm: 1061 757 661 240 0 187 0
[pid=795778] ppid=795775 vsize=1792460 memory=1461420 CPUtime=12.63 cores=56-83,168-195
/proc/795778/stat : 795778 (kat_xcsp_c609cc) S 795775 795775 795673 0 -1 1077936128 490602 0 2 0 1180 83 0 0 20 0 3 0 218358502 1835479040 365355 134175784960 23332596801536 23332604568960 140732503007088 0 0 0 0 4096 8406082 0 0 0 17 80 0 0 0 0 0 23332604682888 23332604704112 93824995430400 140732503014646 140732503014972 140732503014972 140732503027663 0
/proc/795778/statm: 448115 365355 777 1897 0 410041 0
[pid=795778/tid=795779] ppid=795775 vsize=1792460 memory=1269236 CPUtime=12.63 cores=56-83,168-195
/proc/795778/task/795779/stat : 795779 (kat_xcsp_c609cc) R 795775 795775 795673 0 -1 4194368 490310 0 0 0 1180 83 0 0 20 0 3 0 218358503 1835479040 365355 134175784960 23332596801536 23332604568960 140732503007088 0 0 0 0 4096 8406082 0 0 0 -1 194 0 0 0 0 0 23332604682888 23332604704112 93824995430400 140732503014646 140732503014972 140732503014972 140732503027663 0
[pid=795778/tid=795780] ppid=795775 vsize=1792460 memory=7496 CPUtime=0 cores=56-83,168-195
/proc/795778/task/795780/stat : 795780 (kat_xcsp_c609cc) S 795775 795775 795673 0 -1 1077936192 2 0 0 0 0 0 0 0 20 0 3 0 218358504 1835479040 365355 134175784960 23332596801536 23332604568960 140732503007088 0 0 0 0 4096 8406082 0 0 0 -1 182 0 0 0 0 0 23332604682888 23332604704112 93824995430400 140732503014646 140732503014972 140732503014972 140732503027663 0
Current children cumulated CPU time: 12.63 s
Current children cumulated vsize: 1796704 KiB
Current children cumulated memory: 1464448 KiB

[startup+25.5003 s]
/proc/loadavg: 2.44 2.72 7.97 4/2823 795791
/proc/meminfo: memFree=471763016/527542252 swapFree=32797104/33554428
[pid=795775] ppid=795774 vsize=4244 memory=3028 CPUtime=0 cores=56-83,168-195
/proc/795775/stat : 795775 (bash) S 795774 795775 795673 0 -1 4194304 276 142 0 0 0 0 0 0 20 0 1 0 218358502 4345856 757 134175784960 94292633042944 94292634024861 140720919681488 0 0 0 65536 4 65538 0 0 0 17 186 0 0 0 0 0 94292634258160 94292634306404 94292642054144 140720919690679 140720919690855 140720919690855 140720919703530 0
/proc/795775/statm: 1061 757 661 240 0 187 0
[pid=795778] ppid=795775 vsize=2316748 memory=1930860 CPUtime=25.4 cores=56-83,168-195
/proc/795778/stat : 795778 (kat_xcsp_c609cc) S 795775 795775 795673 0 -1 1077936128 683378 0 2 0 2427 113 0 0 20 0 3 0 218358502 2372349952 482715 134175784960 23332596801536 23332604568960 140732503007088 0 0 0 0 4096 8406082 0 0 0 17 80 0 0 0 0 0 23332604682888 23332604704112 93824995430400 140732503014646 140732503014972 140732503014972 140732503027663 0
/proc/795778/statm: 579187 482715 777 1897 0 549962 0
[pid=795778/tid=795779] ppid=795775 vsize=2316748 memory=1896796 CPUtime=25.39 cores=56-83,168-195
/proc/795778/task/795779/stat : 795779 (kat_xcsp_c609cc) R 795775 795775 795673 0 -1 4194368 683086 0 0 0 2427 112 0 0 20 0 3 0 218358503 2372349952 482715 134175784960 23332596801536 23332604568960 140732503007088 0 0 0 0 4096 8406082 0 0 0 -1 194 0 0 0 0 0 23332604682888 23332604704112 93824995430400 140732503014646 140732503014972 140732503014972 140732503027663 0
[pid=795778/tid=795780] ppid=795775 vsize=2316748 memory=3028 CPUtime=0 cores=56-83,168-195
/proc/795778/task/795780/stat : 795780 (kat_xcsp_c609cc) S 795775 795775 795673 0 -1 1077936192 2 0 0 0 0 0 0 0 20 0 3 0 218358504 2372349952 482715 134175784960 23332596801536 23332604568960 140732503007088 0 0 0 0 4096 8406082 0 0 0 -1 182 0 0 0 0 0 23332604682888 23332604704112 93824995430400 140732503014646 140732503014972 140732503014972 140732503027663 0
Current children cumulated CPU time: 25.4 s
Current children cumulated vsize: 2320992 KiB
Current children cumulated memory: 1933888 KiB

[startup+51.1003 s]
/proc/loadavg: 3.29 2.89 7.89 5/2883 796133
/proc/meminfo: memFree=502814112/527542252 swapFree=32797104/33554428
[pid=795775] ppid=795774 vsize=4244 memory=3028 CPUtime=0 cores=56-83,168-195
/proc/795775/stat : 795775 (bash) S 795774 795775 795673 0 -1 4194304 276 142 0 0 0 0 0 0 20 0 1 0 218358502 4345856 757 134175784960 94292633042944 94292634024861 140720919681488 0 0 0 65536 4 65538 0 0 0 17 186 0 0 0 0 0 94292634258160 94292634306404 94292642054144 140720919690679 140720919690855 140720919690855 140720919703530 0
/proc/795775/statm: 1061 757 661 240 0 187 0
[pid=795778] ppid=795775 vsize=3299788 memory=2953700 CPUtime=50.9 cores=56-83,168-195
/proc/795778/stat : 795778 (kat_xcsp_c609cc) S 795775 795775 795673 0 -1 1077936128 1004106 0 2 0 4923 167 0 0 20 0 3 0 218358502 3378982912 738425 134175784960 23332596801536 23332604568960 140732503007088 0 0 0 0 4096 8406082 0 0 0 17 80 0 0 0 0 0 23332604682888 23332604704112 93824995430400 140732503014646 140732503014972 140732503014972 140732503027663 0
/proc/795778/statm: 824947 738425 777 1897 0 788461 0
[pid=795778/tid=795779] ppid=795775 vsize=3299788 memory=7496 CPUtime=50.91 cores=56-83,168-195
/proc/795778/task/795779/stat : 795779 (kat_xcsp_c609cc) R 795775 795775 795673 0 -1 4194368 1003814 0 0 0 4924 167 0 0 20 0 3 0 218358503 3378982912 738425 134175784960 23332596801536 23332604568960 140732503007088 0 0 0 0 4096 8406082 0 0 0 -1 79 0 0 0 0 0 23332604682888 23332604704112 93824995430400 140732503014646 140732503014972 140732503014972 140732503027663 0
[pid=795778/tid=795780] ppid=795775 vsize=3299788 memory=2923236 CPUtime=0 cores=56-83,168-195
/proc/795778/task/795780/stat : 795780 (kat_xcsp_c609cc) S 795775 795775 795673 0 -1 1077936192 2 0 0 0 0 0 0 0 20 0 3 0 218358504 3378982912 738425 134175784960 23332596801536 23332604568960 140732503007088 0 0 0 0 4096 8406082 0 0 0 -1 182 0 0 0 0 0 23332604682888 23332604704112 93824995430400 140732503014646 140732503014972 140732503014972 140732503027663 0
Current children cumulated CPU time: 50.9 s
Current children cumulated vsize: 3304032 KiB
Current children cumulated memory: 2956728 KiB

[startup+102.304 s]
/proc/loadavg: 5.30 3.45 7.78 17/2913 796211
/proc/meminfo: memFree=488314576/527542252 swapFree=32797104/33554428
[pid=795775] ppid=795774 vsize=4244 memory=3028 CPUtime=0 cores=56-83,168-195
/proc/795775/stat : 795775 (bash) S 795774 795775 795673 0 -1 4194304 276 142 0 0 0 0 0 0 20 0 1 0 218358502 4345856 757 134175784960 94292633042944 94292634024861 140720919681488 0 0 0 65536 4 65538 0 0 0 17 186 0 0 0 0 0 94292634258160 94292634306404 94292642054144 140720919690679 140720919690855 140720919690855 140720919703530 0
/proc/795775/statm: 1061 757 661 240 0 187 0
[pid=795778] ppid=795775 vsize=4807116 memory=4331820 CPUtime=101.95 cores=56-83,168-195
/proc/795778/stat : 795778 (kat_xcsp_c609cc) S 795775 795775 795673 0 -1 1077936128 1466098 0 2 0 9946 249 0 0 20 0 3 0 218358502 4922486784 1082955 134175784960 23332596801536 23332604568960 140732503007088 0 0 0 0 4096 8406082 0 0 0 17 80 0 0 0 0 0 23332604682888 23332604704112 93824995430400 140732503014646 140732503014972 140732503014972 140732503027663 0
/proc/795778/statm: 1201779 1082955 777 1897 0 1166041 0
[pid=795778/tid=795779] ppid=795775 vsize=4807116 memory=5508 CPUtime=101.94 cores=56-83,168-195
/proc/795778/task/795779/stat : 795779 (kat_xcsp_c609cc) R 795775 795775 795673 0 -1 4194368 1465806 0 0 0 9946 248 0 0 20 0 3 0 218358503 4922486784 1082955 134175784960 23332596801536 23332604568960 140732503007088 0 0 0 0 4096 8406082 0 0 0 -1 79 0 0 0 0 0 23332604682888 23332604704112 93824995430400 140732503014646 140732503014972 140732503014972 140732503027663 0
[pid=795778/tid=795780] ppid=795775 vsize=4807116 memory=3028 CPUtime=0 cores=56-83,168-195
/proc/795778/task/795780/stat : 795780 (kat_xcsp_c609cc) S 795775 795775 795673 0 -1 1077936192 2 0 0 0 0 0 0 0 20 0 3 0 218358504 4922486784 1082955 134175784960 23332596801536 23332604568960 140732503007088 0 0 0 0 4096 8406082 0 0 0 -1 182 0 0 0 0 0 23332604682888 23332604704112 93824995430400 140732503014646 140732503014972 140732503014972 140732503027663 0
Current children cumulated CPU time: 101.95 s
Current children cumulated vsize: 4811360 KiB
Current children cumulated memory: 4334848 KiB

[startup+162.3 s]
/proc/loadavg: 9.30 5.06 8.10 6/2936 796971
/proc/meminfo: memFree=484780764/527542252 swapFree=32797104/33554428
[pid=795775] ppid=795774 vsize=4244 memory=3028 CPUtime=0 cores=56-83,168-195
/proc/795775/stat : 795775 (bash) S 795774 795775 795673 0 -1 4194304 276 142 0 0 0 0 0 0 20 0 1 0 218358502 4345856 757 134175784960 94292633042944 94292634024861 140720919681488 0 0 0 65536 4 65538 0 0 0 17 186 0 0 0 0 0 94292634258160 94292634306404 94292642054144 140720919690679 140720919690855 140720919690855 140720919703530 0
/proc/795775/statm: 1061 757 661 240 0 187 0
[pid=795778] ppid=795775 vsize=6445516 memory=6089000 CPUtime=161.73 cores=56-83,168-195
/proc/795778/stat : 795778 (kat_xcsp_c609cc) S 795775 795775 795673 0 -1 1077936128 6007907 0 2 0 15514 659 0 0 20 0 3 0 218358502 6600208384 1522250 134175784960 23332596801536 23332604568960 140732503007088 0 0 0 0 4096 8406082 0 0 0 17 80 0 0 0 0 0 23332604682888 23332604704112 93824995430400 140732503014646 140732503014972 140732503014972 140732503027663 0
/proc/795778/statm: 1611379 1522250 777 1897 0 1579404 0
[pid=795778/tid=795779] ppid=795775 vsize=6445516 memory=5508 CPUtime=161.72 cores=56-83,168-195
/proc/795778/task/795779/stat : 795779 (kat_xcsp_c609cc) R 795775 795775 795673 0 -1 4194368 6007615 0 0 0 15514 658 0 0 20 0 3 0 218358503 6600208384 1522250 134175784960 23332596801536 23332604568960 140732503007088 0 0 0 0 4096 8406082 0 0 0 -1 182 0 0 0 0 0 23332604682888 23332604704112 93824995430400 140732503014646 140732503014972 140732503014972 140732503027663 0
[pid=795778/tid=795780] ppid=795775 vsize=6445516 memory=304 CPUtime=0 cores=56-83,168-195
/proc/795778/task/795780/stat : 795780 (kat_xcsp_c609cc) S 795775 795775 795673 0 -1 1077936192 2 0 0 0 0 0 0 0 20 0 3 0 218358504 6600208384 1522250 134175784960 23332596801536 23332604568960 140732503007088 0 0 0 0 4096 8406082 0 0 0 -1 182 0 0 0 0 0 23332604682888 23332604704112 93824995430400 140732503014646 140732503014972 140732503014972 140732503027663 0
Current children cumulated CPU time: 161.73 s
Current children cumulated vsize: 6449760 KiB
Current children cumulated memory: 6092028 KiB

[startup+222.3 s]
/proc/loadavg: 13.37 6.93 8.53 25/2996 798221
/proc/meminfo: memFree=463694240/527542252 swapFree=32797104/33554428
[pid=795775] ppid=795774 vsize=4244 memory=3028 CPUtime=0 cores=56-83,168-195
/proc/795775/stat : 795775 (bash) S 795774 795775 795673 0 -1 4194304 276 142 0 0 0 0 0 0 20 0 1 0 218358502 4345856 757 134175784960 94292633042944 94292634024861 140720919681488 0 0 0 65536 4 65538 0 0 0 17 186 0 0 0 0 0 94292634258160 94292634306404 94292642054144 140720919690679 140720919690855 140720919690855 140720919703530 0
/proc/795775/statm: 1061 757 661 240 0 187 0
[pid=795778] ppid=795775 vsize=7494092 memory=6709560 CPUtime=221.51 cores=56-83,168-195
/proc/795778/stat : 795778 (kat_xcsp_c609cc) S 795775 795775 795673 0 -1 1077936128 8837462 0 2 0 21247 904 0 0 20 0 3 0 218358502 7673950208 1677390 134175784960 23332596801536 23332604568960 140732503007088 0 0 0 0 4096 8406082 0 0 0 17 80 0 0 0 0 0 23332604682888 23332604704112 93824995430400 140732503014646 140732503014972 140732503014972 140732503027663 0
/proc/795778/statm: 1873523 1677390 777 1897 0 1842913 0
[pid=795778/tid=795779] ppid=795775 vsize=7494092 memory=6212 CPUtime=221.5 cores=56-83,168-195
/proc/795778/task/795779/stat : 795779 (kat_xcsp_c609cc) R 795775 795775 795673 0 -1 4194368 8837170 0 0 0 21247 903 0 0 20 0 3 0 218358503 7673950208 1677390 134175784960 23332596801536 23332604568960 140732503007088 0 0 0 0 4096 8406082 0 0 0 -1 182 0 0 0 0 0 23332604682888 23332604704112 93824995430400 140732503014646 140732503014972 140732503014972 140732503027663 0
[pid=795778/tid=795780] ppid=795775 vsize=7494092 memory=6864 CPUtime=0 cores=56-83,168-195
/proc/795778/task/795780/stat : 795780 (kat_xcsp_c609cc) S 795775 795775 795673 0 -1 1077936192 2 0 0 0 0 0 0 0 20 0 3 0 218358504 7673950208 1677390 134175784960 23332596801536 23332604568960 140732503007088 0 0 0 0 4096 8406082 0 0 0 -1 182 0 0 0 0 0 23332604682888 23332604704112 93824995430400 140732503014646 140732503014972 140732503014972 140732503027663 0
Current children cumulated CPU time: 221.51 s
Current children cumulated vsize: 7498336 KiB
Current children cumulated memory: 6712588 KiB

[startup+282.3 s]
/proc/loadavg: 16.34 9.02 9.17 14/2979 798796
/proc/meminfo: memFree=466427308/527542252 swapFree=32797104/33554428
[pid=795775] ppid=795774 vsize=4244 memory=3028 CPUtime=0 cores=56-83,168-195
/proc/795775/stat : 795775 (bash) S 795774 795775 795673 0 -1 4194304 276 142 0 0 0 0 0 0 20 0 1 0 218358502 4345856 757 134175784960 94292633042944 94292634024861 140720919681488 0 0 0 65536 4 65538 0 0 0 17 186 0 0 0 0 0 94292634258160 94292634306404 94292642054144 140720919690679 140720919690855 140720919690855 140720919703530 0
/proc/795775/statm: 1061 757 661 240 0 187 0
[pid=795778] ppid=795775 vsize=8149452 memory=7422248 CPUtime=281.26 cores=56-83,168-195
/proc/795778/stat : 795778 (kat_xcsp_c609cc) S 795775 795775 795673 0 -1 1077936128 13981767 0 2 0 26806 1320 0 0 20 0 3 0 218358502 8345038848 1855562 134175784960 23332596801536 23332604568960 140732503007088 0 0 0 0 4096 8406082 0 0 0 17 80 0 0 0 0 0 23332604682888 23332604704112 93824995430400 140732503014646 140732503014972 140732503014972 140732503027663 0
/proc/795778/statm: 2037363 1855562 777 1897 0 1996529 0
[pid=795778/tid=795779] ppid=795775 vsize=8149452 memory=6760 CPUtime=281.26 cores=56-83,168-195
/proc/795778/task/795779/stat : 795779 (kat_xcsp_c609cc) R 795775 795775 795673 0 -1 4194368 13981475 0 0 0 26806 1320 0 0 20 0 3 0 218358503 8345038848 1855562 134175784960 23332596801536 23332604568960 140732503007088 0 0 0 0 4096 8406082 0 0 0 -1 70 0 0 0 0 0 23332604682888 23332604704112 93824995430400 140732503014646 140732503014972 140732503014972 140732503027663 0
[pid=795778/tid=795780] ppid=795775 vsize=8149452 memory=3028 CPUtime=0 cores=56-83,168-195
/proc/795778/task/795780/stat : 795780 (kat_xcsp_c609cc) S 795775 795775 795673 0 -1 1077936192 2 0 0 0 0 0 0 0 20 0 3 0 218358504 8345038848 1855562 134175784960 23332596801536 23332604568960 140732503007088 0 0 0 0 4096 8406082 0 0 0 -1 182 0 0 0 0 0 23332604682888 23332604704112 93824995430400 140732503014646 140732503014972 140732503014972 140732503027663 0
Current children cumulated CPU time: 281.26 s
Current children cumulated vsize: 8153696 KiB
Current children cumulated memory: 7425276 KiB

[startup+342.3 s]
/proc/loadavg: 13.98 9.78 9.42 8/2969 798912
/proc/meminfo: memFree=460568028/527542252 swapFree=32797104/33554428
[pid=795775] ppid=795774 vsize=4244 memory=3028 CPUtime=0 cores=56-83,168-195
/proc/795775/stat : 795775 (bash) S 795774 795775 795673 0 -1 4194304 276 142 0 0 0 0 0 0 20 0 1 0 218358502 4345856 757 134175784960 94292633042944 94292634024861 140720919681488 0 0 0 65536 4 65538 0 0 0 17 186 0 0 0 0 0 94292634258160 94292634306404 94292642054144 140720919690679 140720919690855 140720919690855 140720919703530 0
/proc/795775/statm: 1061 757 661 240 0 187 0
[pid=795778] ppid=795775 vsize=11426252 memory=10807060 CPUtime=341.05 cores=56-83,168-195
/proc/795778/stat : 795778 (kat_xcsp_c609cc) S 795775 795775 795673 0 -1 1077936128 17178526 0 2 0 32432 1673 0 0 20 0 3 0 218358502 11700482048 2701765 134175784960 23332596801536 23332604568960 140732503007088 0 0 0 0 4096 8406082 0 0 0 17 80 0 0 0 0 0 23332604682888 23332604704112 93824995430400 140732503014646 140732503014972 140732503014972 140732503027663 0
/proc/795778/statm: 2856563 2701765 304 1897 0 2814333 0
[pid=795778/tid=795779] ppid=795775 vsize=11426252 memory=3028 CPUtime=341.04 cores=56-83,168-195
/proc/795778/task/795779/stat : 795779 (kat_xcsp_c609cc) R 795775 795775 795673 0 -1 4194368 17178234 0 0 0 32432 1672 0 0 20 0 3 0 218358503 11700482048 2701765 134175784960 23332596801536 23332604568960 140732503007088 0 0 0 0 4096 8406082 0 0 0 -1 70 0 0 0 0 0 23332604682888 23332604704112 93824995430400 140732503014646 140732503014972 140732503014972 140732503027663 0
[pid=795778/tid=795780] ppid=795775 vsize=11426252 memory=3028 CPUtime=0 cores=56-83,168-195
/proc/795778/task/795780/stat : 795780 (kat_xcsp_c609cc) S 795775 795775 795673 0 -1 1077936192 2 0 0 0 0 0 0 0 20 0 3 0 218358504 11700482048 2701765 134175784960 23332596801536 23332604568960 140732503007088 0 0 0 0 4096 8406082 0 0 0 -1 182 0 0 0 0 0 23332604682888 23332604704112 93824995430400 140732503014646 140732503014972 140732503014972 140732503027663 0
Current children cumulated CPU time: 341.05 s
Current children cumulated vsize: 11430496 KiB
Current children cumulated memory: 10810088 KiB

[startup+402.3 s]
/proc/loadavg: 10.05 9.36 9.30 8/2980 799043
/proc/meminfo: memFree=457262328/527542252 swapFree=32797104/33554428
[pid=795775] ppid=795774 vsize=4244 memory=3028 CPUtime=0 cores=56-83,168-195
/proc/795775/stat : 795775 (bash) S 795774 795775 795673 0 -1 4194304 276 142 0 0 0 0 0 0 20 0 1 0 218358502 4345856 757 134175784960 94292633042944 94292634024861 140720919681488 0 0 0 65536 4 65538 0 0 0 17 186 0 0 0 0 0 94292634258160 94292634306404 94292642054144 140720919690679 140720919690855 140720919690855 140720919703530 0
/proc/795775/statm: 1061 757 661 240 0 187 0
[pid=795778] ppid=795775 vsize=12147148 memory=11655336 CPUtime=400.82 cores=56-83,168-195
/proc/795778/stat : 795778 (kat_xcsp_c609cc) S 795775 795775 795673 0 -1 1077936128 20282943 0 2 0 38149 1933 0 0 20 0 3 0 218358502 12438679552 2913834 134175784960 23332596801536 23332604568960 140732503007088 0 0 0 0 4096 8406082 0 0 0 17 80 0 0 0 0 0 23332604682888 23332604704112 93824995430400 140732503014646 140732503014972 140732503014972 140732503027663 0
/proc/795778/statm: 3036787 2913834 305 1897 0 2995884 0
[pid=795778/tid=795779] ppid=795775 vsize=12147148 memory=3028 CPUtime=400.82 cores=56-83,168-195
/proc/795778/task/795779/stat : 795779 (kat_xcsp_c609cc) R 795775 795775 795673 0 -1 4194368 20282651 0 0 0 38149 1933 0 0 20 0 3 0 218358503 12438679552 2913834 134175784960 23332596801536 23332604568960 140732503007088 0 0 0 0 4096 8406082 0 0 0 -1 70 0 0 0 0 0 23332604682888 23332604704112 93824995430400 140732503014646 140732503014972 140732503014972 140732503027663 0
[pid=795778/tid=795780] ppid=795775 vsize=12147148 memory=3028 CPUtime=0 cores=56-83,168-195
/proc/795778/task/795780/stat : 795780 (kat_xcsp_c609cc) S 795775 795775 795673 0 -1 1077936192 2 0 0 0 0 0 0 0 20 0 3 0 218358504 12438679552 2913834 134175784960 23332596801536 23332604568960 140732503007088 0 0 0 0 4096 8406082 0 0 0 -1 182 0 0 0 0 0 23332604682888 23332604704112 93824995430400 140732503014646 140732503014972 140732503014972 140732503027663 0
Current children cumulated CPU time: 400.82 s
Current children cumulated vsize: 12151392 KiB
Current children cumulated memory: 11658364 KiB

[startup+462.3 s]
/proc/loadavg: 7.66 8.82 9.11 8/2940 799444
/proc/meminfo: memFree=443267800/527542252 swapFree=32797104/33554428
[pid=795775] ppid=795774 vsize=4244 memory=3028 CPUtime=0 cores=56-83,168-195
/proc/795775/stat : 795775 (bash) S 795774 795775 795673 0 -1 4194304 276 142 0 0 0 0 0 0 20 0 1 0 218358502 4345856 757 134175784960 94292633042944 94292634024861 140720919681488 0 0 0 65536 4 65538 0 0 0 17 186 0 0 0 0 0 94292634258160 94292634306404 94292642054144 140720919690679 140720919690855 140720919690855 140720919703530 0
/proc/795775/statm: 1061 757 661 240 0 187 0
[pid=795778] ppid=795775 vsize=12736972 memory=12365484 CPUtime=460.56 cores=56-83,168-195
/proc/795778/stat : 795778 (kat_xcsp_c609cc) S 795775 795775 795673 0 -1 1077936128 22968842 0 365 0 43893 2163 0 0 20 0 3 0 218358502 13042659328 3091371 134175784960 23332596801536 23332604568960 140732503007088 0 0 0 0 4096 8406082 0 0 0 17 80 0 0 0 0 0 23332604682888 23332604704112 93824995430400 140732503014646 140732503014972 140732503014972 140732503027663 0
/proc/795778/statm: 3184243 3091371 304 1897 0 3149051 0
[pid=795778/tid=795779] ppid=795775 vsize=12736972 memory=2736 CPUtime=460.55 cores=56-83,168-195
/proc/795778/task/795779/stat : 795779 (kat_xcsp_c609cc) R 795775 795775 795673 0 -1 4194368 22968550 0 363 0 43893 2162 0 0 20 0 3 0 218358503 13042659328 3091371 134175784960 23332596801536 23332604568960 140732503007088 0 0 0 0 4096 8406082 0 0 0 -1 182 0 0 0 0 0 23332604682888 23332604704112 93824995430400 140732503014646 140732503014972 140732503014972 140732503027663 0
[pid=795778/tid=795780] ppid=795775 vsize=12736972 memory=3028 CPUtime=0 cores=56-83,168-195
/proc/795778/task/795780/stat : 795780 (kat_xcsp_c609cc) S 795775 795775 795673 0 -1 1077936192 2 0 0 0 0 0 0 0 20 0 3 0 218358504 13042659328 3091371 134175784960 23332596801536 23332604568960 140732503007088 0 0 0 0 4096 8406082 0 0 0 -1 182 0 0 0 0 0 23332604682888 23332604704112 93824995430400 140732503014646 140732503014972 140732503014972 140732503027663 0
Current children cumulated CPU time: 460.56 s
Current children cumulated vsize: 12741216 KiB
Current children cumulated memory: 12368512 KiB

[startup+522.3 s]*
/proc/loadavg: 21.12 11.86 10.10 37/3051 805161
/proc/meminfo: memFree=437827528/527542252 swapFree=32796336/33554428
[pid=795775] ppid=795774 vsize=4244 memory=3028 CPUtime=0 cores=56-83,168-195
/proc/795775/stat : 795775 (bash) S 795774 795775 795673 0 -1 4194304 276 142 0 0 0 0 0 0 20 0 1 0 218358502 4345856 757 134175784960 94292633042944 94292634024861 140720919681488 0 0 0 65536 4 65538 0 0 0 17 186 0 0 0 0 0 94292634258160 94292634306404 94292642054144 140720919690679 140720919690855 140720919690855 140720919703530 0
/proc/795775/statm: 1061 757 661 240 0 187 0
[pid=795778] ppid=795775 vsize=14244300 memory=12914672 CPUtime=520.26 cores=56-83,168-195
/proc/795778/stat : 795778 (kat_xcsp_c609cc) S 795775 795775 795673 0 -1 1077936128 25796051 0 1099 0 49605 2421 0 0 20 0 3 0 218358502 14586163200 3228668 134175784960 23332596801536 23332604568960 140732503007088 0 0 0 0 4096 8406082 0 0 0 17 80 0 0 0 0 0 23332604682888 23332604704112 93824995430400 140732503014646 140732503014972 140732503014972 140732503027663 0
/proc/795778/statm: 3561075 3228668 304 1897 0 3527773 0
[pid=795778/tid=795779] ppid=795775 vsize=14244300 memory=3905805292394578004 CPUtime=520.26 cores=56-83,168-195
/proc/795778/task/795779/stat : 795779 (kat_xcsp_c609cc) R 795775 795775 795673 0 -1 4194368 25797506 0 1097 0 49606 2420 0 0 20 0 3 0 218358503 14586163200 3228668 134175784960 23332596801536 23332604568960 140732503007088 0 0 0 0 4096 8406082 0 0 0 -1 182 0 0 0 0 0 23332604682888 23332604704112 93824995430400 140732503014646 140732503014972 140732503014972 140732503027663 0
[pid=795778/tid=795780] ppid=795775 vsize=14244300 memory=3546643226406682712 CPUtime=0 cores=56-83,168-195
/proc/795778/task/795780/stat : 795780 (kat_xcsp_c609cc) S 795775 795775 795673 0 -1 1077936192 2 0 0 0 0 0 0 0 20 0 3 0 218358504 14586163200 3228668 134175784960 23332596801536 23332604568960 140732503007088 0 0 0 0 4096 8406082 0 0 0 -1 182 0 0 0 0 0 23332604682888 23332604704112 93824995430400 140732503014646 140732503014972 140732503014972 140732503027663 0
Current children cumulated CPU time: 520.26 s
Current children cumulated vsize: 14248544 KiB
Current children cumulated memory: 12917700 KiB

[startup+582.3 s]
/proc/loadavg: 33.81 16.91 11.93 42/3110 814766
/proc/meminfo: memFree=436913032/527542252 swapFree=32796336/33554428
[pid=795775] ppid=795774 vsize=4244 memory=3028 CPUtime=0 cores=56-83,168-195
/proc/795775/stat : 795775 (bash) S 795774 795775 795673 0 -1 4194304 276 142 0 0 0 0 0 0 20 0 1 0 218358502 4345856 757 134175784960 94292633042944 94292634024861 140720919681488 0 0 0 65536 4 65538 0 0 0 17 186 0 0 0 0 0 94292634258160 94292634306404 94292642054144 140720919690679 140720919690855 140720919690855 140720919703530 0
/proc/795775/statm: 1061 757 661 240 0 187 0
[pid=795778] ppid=795775 vsize=14637516 memory=13361980 CPUtime=579.83 cores=56-83,168-195
/proc/795778/stat : 795778 (kat_xcsp_c609cc) S 795775 795775 795673 0 -1 1077936128 26753441 0 1266 0 55474 2509 0 0 20 0 3 0 218358502 14988816384 3340495 134175784960 23332596801536 23332604568960 140732503007088 0 0 0 0 4096 8406082 0 0 0 17 80 0 0 0 0 0 23332604682888 23332604704112 93824995430400 140732503014646 140732503014972 140732503014972 140732503027663 0
/proc/795778/statm: 3659379 3340495 305 1897 0 3623726 0
[pid=795778/tid=795779] ppid=795775 vsize=14637516 memory=3028 CPUtime=579.82 cores=56-83,168-195
/proc/795778/task/795779/stat : 795779 (kat_xcsp_c609cc) R 795775 795775 795673 0 -1 4194368 26753149 0 1264 0 55474 2508 0 0 20 0 3 0 218358503 14988816384 3340495 134175784960 23332596801536 23332604568960 140732503007088 0 0 0 0 4096 8406082 0 0 0 -1 182 0 0 0 0 0 23332604682888 23332604704112 93824995430400 140732503014646 140732503014972 140732503014972 140732503027663 0
[pid=795778/tid=795780] ppid=795775 vsize=14637516 memory=3028 CPUtime=0 cores=56-83,168-195
/proc/795778/task/795780/stat : 795780 (kat_xcsp_c609cc) S 795775 795775 795673 0 -1 1077936192 2 0 0 0 0 0 0 0 20 0 3 0 218358504 14988816384 3340495 134175784960 23332596801536 23332604568960 140732503007088 0 0 0 0 4096 8406082 0 0 0 -1 182 0 0 0 0 0 23332604682888 23332604704112 93824995430400 140732503014646 140732503014972 140732503014972 140732503027663 0
Current children cumulated CPU time: 579.83 s
Current children cumulated vsize: 14641760 KiB
Current children cumulated memory: 13365008 KiB

[startup+642.414 s]
/proc/loadavg: 46.09 23.44 14.50 55/3119 823271
/proc/meminfo: memFree=423882096/527542252 swapFree=32796336/33554428
[pid=795775] ppid=795774 vsize=4244 memory=3028 CPUtime=0 cores=56-83,168-195
/proc/795775/stat : 795775 (bash) S 795774 795775 795673 0 -1 4194304 276 142 0 0 0 0 0 0 20 0 1 0 218358502 4345856 757 134175784960 94292633042944 94292634024861 140720919681488 0 0 0 65536 4 65538 0 0 0 17 186 0 0 0 0 0 94292634258160 94292634306404 94292642054144 140720919690679 140720919690855 140720919690855 140720919703530 0
/proc/795775/statm: 1061 757 661 240 0 187 0
[pid=795778] ppid=795775 vsize=15030732 memory=13821612 CPUtime=639.66 cores=56-83,168-195
/proc/795778/stat : 795778 (kat_xcsp_c609cc) S 795775 795775 795673 0 -1 1077936128 27700970 0 1266 0 61372 2594 0 0 20 0 3 0 218358502 15391469568 3455403 134175784960 23332596801536 23332604568960 140732503007088 0 0 0 0 4096 8406082 0 0 0 17 80 0 0 0 0 0 23332604682888 23332604704112 93824995430400 140732503014646 140732503014972 140732503014972 140732503027663 0
/proc/795778/statm: 3757683 3455403 305 1897 0 3722252 0
[pid=795778/tid=795779] ppid=795775 vsize=15030732 memory=3028 CPUtime=639.65 cores=56-83,168-195
/proc/795778/task/795779/stat : 795779 (kat_xcsp_c609cc) R 795775 795775 795673 0 -1 4194368 27700678 0 1264 0 61372 2593 0 0 20 0 3 0 218358503 15391469568 3455403 134175784960 23332596801536 23332604568960 140732503007088 0 0 0 0 4096 8406082 0 0 0 -1 70 0 0 0 0 0 23332604682888 23332604704112 93824995430400 140732503014646 140732503014972 140732503014972 140732503027663 0
[pid=795778/tid=795780] ppid=795775 vsize=15030732 memory=3028 CPUtime=0 cores=56-83,168-195
/proc/795778/task/795780/stat : 795780 (kat_xcsp_c609cc) S 795775 795775 795673 0 -1 1077936192 2 0 0 0 0 0 0 0 20 0 3 0 218358504 15391469568 3455403 134175784960 23332596801536 23332604568960 140732503007088 0 0 0 0 4096 8406082 0 0 0 -1 182 0 0 0 0 0 23332604682888 23332604704112 93824995430400 140732503014646 140732503014972 140732503014972 140732503027663 0
Current children cumulated CPU time: 639.66 s
Current children cumulated vsize: 15034976 KiB
Current children cumulated memory: 13824640 KiB

[startup+702.3 s]
/proc/loadavg: 38.70 25.45 15.72 26/3022 824476
/proc/meminfo: memFree=425648468/527542252 swapFree=32796336/33554428
[pid=795775] ppid=795774 vsize=4244 memory=3028 CPUtime=0 cores=56-83,168-195
/proc/795775/stat : 795775 (bash) S 795774 795775 795673 0 -1 4194304 276 142 0 0 0 0 0 0 20 0 1 0 218358502 4345856 757 134175784960 94292633042944 94292634024861 140720919681488 0 0 0 65536 4 65538 0 0 0 17 186 0 0 0 0 0 94292634258160 94292634306404 94292642054144 140720919690679 140720919690855 140720919690855 140720919703530 0
/proc/795775/statm: 1061 757 661 240 0 187 0
[pid=795778] ppid=795775 vsize=15423948 memory=14278320 CPUtime=699.28 cores=56-83,168-195
/proc/795778/stat : 795778 (kat_xcsp_c609cc) S 795775 795775 795673 0 -1 1077936128 32870199 0 1266 0 66901 3027 0 0 20 0 3 0 218358502 15794122752 3569580 134175784960 23332596801536 23332604568960 140732503007088 0 0 0 0 4096 8406082 0 0 0 17 80 0 0 0 0 0 23332604682888 23332604704112 93824995430400 140732503014646 140732503014972 140732503014972 140732503027663 0
/proc/795778/statm: 3855987 3569580 305 1897 0 3820674 0
[pid=795778/tid=795779] ppid=795775 vsize=15423948 memory=14259068 CPUtime=699.28 cores=56-83,168-195
/proc/795778/task/795779/stat : 795779 (kat_xcsp_c609cc) R 795775 795775 795673 0 -1 4194368 32869907 0 1264 0 66901 3027 0 0 20 0 3 0 218358503 15794122752 3569580 134175784960 23332596801536 23332604568960 140732503007088 0 0 0 0 4096 8406082 0 0 0 -1 70 0 0 0 0 0 23332604682888 23332604704112 93824995430400 140732503014646 140732503014972 140732503014972 140732503027663 0
[pid=795778/tid=795780] ppid=795775 vsize=15423948 memory=3028 CPUtime=0 cores=56-83,168-195
/proc/795778/task/795780/stat : 795780 (kat_xcsp_c609cc) S 795775 795775 795673 0 -1 1077936192 2 0 0 0 0 0 0 0 20 0 3 0 218358504 15794122752 3569580 134175784960 23332596801536 23332604568960 140732503007088 0 0 0 0 4096 8406082 0 0 0 -1 182 0 0 0 0 0 23332604682888 23332604704112 93824995430400 140732503014646 140732503014972 140732503014972 140732503027663 0
Current children cumulated CPU time: 699.28 s
Current children cumulated vsize: 15428192 KiB
Current children cumulated memory: 14281348 KiB

[startup+762.306 s]
/proc/loadavg: 30.40 25.70 16.48 23/2988 825220
/proc/meminfo: memFree=421682600/527542252 swapFree=32796336/33554428
[pid=795775] ppid=795774 vsize=4244 memory=3028 CPUtime=0 cores=56-83,168-195
/proc/795775/stat : 795775 (bash) S 795774 795775 795673 0 -1 4194304 276 142 0 0 0 0 0 0 20 0 1 0 218358502 4345856 757 134175784960 94292633042944 94292634024861 140720919681488 0 0 0 65536 4 65538 0 0 0 17 186 0 0 0 0 0 94292634258160 94292634306404 94292642054144 140720919690679 140720919690855 140720919690855 140720919703530 0
/proc/795775/statm: 1061 757 661 240 0 187 0
[pid=795778] ppid=795775 vsize=16472524 memory=15216876 CPUtime=759.04 cores=56-83,168-195
/proc/795778/stat : 795778 (kat_xcsp_c609cc) S 795775 795775 795673 0 -1 1077936128 38329796 0 1266 0 72423 3481 0 0 20 0 3 0 218358502 16867864576 3804219 134175784960 23332596801536 23332604568960 140732503007088 0 0 0 0 4096 8406082 0 0 0 17 80 0 0 0 0 0 23332604682888 23332604704112 93824995430400 140732503014646 140732503014972 140732503014972 140732503027663 0
/proc/795778/statm: 4118131 3804219 305 1897 0 4082750 0
[pid=795778/tid=795779] ppid=795775 vsize=16472524 memory=3028 CPUtime=759.04 cores=56-83,168-195
/proc/795778/task/795779/stat : 795779 (kat_xcsp_c609cc) R 795775 795775 795673 0 -1 4194368 38329532 0 1264 0 72424 3480 0 0 20 0 3 0 218358503 16867864576 3804219 134175784960 23332596801536 23332604568960 140732503007088 0 0 0 0 4096 8406082 0 0 0 -1 70 0 0 0 0 0 23332604682888 23332604704112 93824995430400 140732503014646 140732503014972 140732503014972 140732503027663 0
[pid=795778/tid=795780] ppid=795775 vsize=16472524 memory=3028 CPUtime=0 cores=56-83,168-195
/proc/795778/task/795780/stat : 795780 (kat_xcsp_c609cc) S 795775 795775 795673 0 -1 1077936192 2 0 0 0 0 0 0 0 20 0 3 0 218358504 16867864576 3804219 134175784960 23332596801536 23332604568960 140732503007088 0 0 0 0 4096 8406082 0 0 0 -1 182 0 0 0 0 0 23332604682888 23332604704112 93824995430400 140732503014646 140732503014972 140732503014972 140732503027663 0
Current children cumulated CPU time: 759.04 s
Current children cumulated vsize: 16476768 KiB
Current children cumulated memory: 15219904 KiB

[startup+822.3 s]
/proc/loadavg: 26.91 25.50 16.94 22/2999 827026
/proc/meminfo: memFree=457532872/527542252 swapFree=32796336/33554428
[pid=795775] ppid=795774 vsize=4244 memory=3028 CPUtime=0 cores=56-83,168-195
/proc/795775/stat : 795775 (bash) S 795774 795775 795673 0 -1 4194304 276 142 0 0 0 0 0 0 20 0 1 0 218358502 4345856 757 134175784960 94292633042944 94292634024861 140720919681488 0 0 0 65536 4 65538 0 0 0 17 186 0 0 0 0 0 94292634258160 94292634306404 94292642054144 140720919690679 140720919690855 140720919690855 140720919703530 0
/proc/795775/statm: 1061 757 661 240 0 187 0
[pid=795778] ppid=795775 vsize=20339148 memory=18278168 CPUtime=818.78 cores=56-83,168-195
/proc/795778/stat : 795778 (kat_xcsp_c609cc) S 795775 795775 795673 0 -1 1077936128 45146177 0 1266 0 77776 4102 0 0 20 0 3 0 218358502 20827287552 4569542 134175784960 23332596801536 23332604568960 140732503007088 0 0 0 0 4096 8406082 0 0 0 17 80 0 0 0 0 0 23332604682888 23332604704112 93824995430400 140732503014646 140732503014972 140732503014972 140732503027663 0
/proc/795778/statm: 5084787 4569542 305 1897 0 5041462 0
[pid=795778/tid=795779] ppid=795775 vsize=20339148 memory=3028 CPUtime=818.78 cores=56-83,168-195
/proc/795778/task/795779/stat : 795779 (kat_xcsp_c609cc) R 795775 795775 795673 0 -1 4194368 45145885 0 1264 0 77776 4102 0 0 20 0 3 0 218358503 20827287552 4569542 134175784960 23332596801536 23332604568960 140732503007088 0 0 0 0 4096 8406082 0 0 0 -1 70 0 0 0 0 0 23332604682888 23332604704112 93824995430400 140732503014646 140732503014972 140732503014972 140732503027663 0
[pid=795778/tid=795780] ppid=795775 vsize=20339148 memory=3028 CPUtime=0 cores=56-83,168-195
/proc/795778/task/795780/stat : 795780 (kat_xcsp_c609cc) S 795775 795775 795673 0 -1 1077936192 2 0 0 0 0 0 0 0 20 0 3 0 218358504 20827287552 4569542 134175784960 23332596801536 23332604568960 140732503007088 0 0 0 0 4096 8406082 0 0 0 -1 182 0 0 0 0 0 23332604682888 23332604704112 93824995430400 140732503014646 140732503014972 140732503014972 140732503027663 0
Current children cumulated CPU time: 818.78 s
Current children cumulated vsize: 20343392 KiB
Current children cumulated memory: 18281196 KiB

[startup+882.3 s]
/proc/loadavg: 23.82 24.90 17.32 19/3000 827404
/proc/meminfo: memFree=455556000/527542252 swapFree=32796336/33554428
[pid=795775] ppid=795774 vsize=4244 memory=3028 CPUtime=0 cores=56-83,168-195
/proc/795775/stat : 795775 (bash) S 795774 795775 795673 0 -1 4194304 276 142 0 0 0 0 0 0 20 0 1 0 218358502 4345856 757 134175784960 94292633042944 94292634024861 140720919681488 0 0 0 65536 4 65538 0 0 0 17 186 0 0 0 0 0 94292634258160 94292634306404 94292642054144 140720919690679 140720919690855 140720919690855 140720919703530 0
/proc/795775/statm: 1061 757 661 240 0 187 0
[pid=795778] ppid=795775 vsize=21715404 memory=19511396 CPUtime=878.49 cores=56-83,168-195
/proc/795778/stat : 795778 (kat_xcsp_c609cc) S 795775 795775 795673 0 -1 1077936128 51486648 0 1629 0 83209 4640 0 0 20 0 3 0 218358502 22236573696 4877849 134175784960 23332596801536 23332604568960 140732503007088 0 0 0 0 4096 8406082 0 0 0 17 80 0 0 0 0 0 23332604682888 23332604704112 93824995430400 140732503014646 140732503014972 140732503014972 140732503027663 0
/proc/795778/statm: 5428851 4877849 304 1897 0 5385796 0
[pid=795778/tid=795779] ppid=795775 vsize=21715404 memory=16992 CPUtime=878.48 cores=56-83,168-195
/proc/795778/task/795779/stat : 795779 (kat_xcsp_c609cc) R 795775 795775 795673 0 -1 4194368 51486379 0 1627 0 83209 4639 0 0 20 0 3 0 218358503 22236573696 4877849 134175784960 23332596801536 23332604568960 140732503007088 0 0 0 0 4096 8406082 0 0 0 -1 70 0 0 0 0 0 23332604682888 23332604704112 93824995430400 140732503014646 140732503014972 140732503014972 140732503027663 0
[pid=795778/tid=795780] ppid=795775 vsize=21715404 memory=6216 CPUtime=0 cores=56-83,168-195
/proc/795778/task/795780/stat : 795780 (kat_xcsp_c609cc) S 795775 795775 795673 0 -1 1077936192 2 0 0 0 0 0 0 0 20 0 3 0 218358504 22236573696 4877849 134175784960 23332596801536 23332604568960 140732503007088 0 0 0 0 4096 8406082 0 0 0 -1 182 0 0 0 0 0 23332604682888 23332604704112 93824995430400 140732503014646 140732503014972 140732503014972 140732503027663 0
Current children cumulated CPU time: 878.49 s
Current children cumulated vsize: 21719648 KiB
Current children cumulated memory: 19514424 KiB

[startup+942.3 s]
/proc/loadavg: 21.72 24.14 17.50 19/2991 827760
/proc/meminfo: memFree=453030864/527542252 swapFree=32796336/33554428
[pid=795775] ppid=795774 vsize=4244 memory=3028 CPUtime=0 cores=56-83,168-195
/proc/795775/stat : 795775 (bash) S 795774 795775 795673 0 -1 4194304 276 142 0 0 0 0 0 0 20 0 1 0 218358502 4345856 757 134175784960 94292633042944 94292634024861 140720919681488 0 0 0 65536 4 65538 0 0 0 17 186 0 0 0 0 0 94292634258160 94292634306404 94292642054144 140720919690679 140720919690855 140720919690855 140720919703530 0
/proc/795775/statm: 1061 757 661 240 0 187 0
[pid=795778] ppid=795775 vsize=21977548 memory=19896704 CPUtime=938.28 cores=56-83,168-195
/proc/795778/stat : 795778 (kat_xcsp_c609cc) S 795775 795775 795673 0 -1 1077936128 56934881 0 1630 0 88747 5081 0 0 20 0 3 0 218358502 22505009152 4974176 134175784960 23332596801536 23332604568960 140732503007088 0 0 0 0 4096 8406082 0 0 0 17 80 0 0 0 0 0 23332604682888 23332604704112 93824995430400 140732503014646 140732503014972 140732503014972 140732503027663 0
/proc/795778/statm: 5494387 4974176 305 1897 0 5444006 0
[pid=795778/tid=795779] ppid=795775 vsize=21977548 memory=19896704 CPUtime=938.27 cores=56-83,168-195
/proc/795778/task/795779/stat : 795779 (kat_xcsp_c609cc) R 795775 795775 795673 0 -1 4194368 56934589 0 1628 0 88747 5080 0 0 20 0 3 0 218358503 22505009152 4974176 134175784960 23332596801536 23332604568960 140732503007088 0 0 0 0 4096 8406082 0 0 0 -1 70 0 0 0 0 0 23332604682888 23332604704112 93824995430400 140732503014646 140732503014972 140732503014972 140732503027663 0
[pid=795778/tid=795780] ppid=795775 vsize=21977548 memory=3028 CPUtime=0 cores=56-83,168-195
/proc/795778/task/795780/stat : 795780 (kat_xcsp_c609cc) S 795775 795775 795673 0 -1 1077936192 2 0 0 0 0 0 0 0 20 0 3 0 218358504 22505009152 4974176 134175784960 23332596801536 23332604568960 140732503007088 0 0 0 0 4096 8406082 0 0 0 -1 182 0 0 0 0 0 23332604682888 23332604704112 93824995430400 140732503014646 140732503014972 140732503014972 140732503027663 0
Current children cumulated CPU time: 938.28 s
Current children cumulated vsize: 21981792 KiB
Current children cumulated memory: 19899732 KiB

[startup+1002.3 s]
/proc/loadavg: 21.81 23.61 17.76 23/3021 827954
/proc/meminfo: memFree=430395252/527542252 swapFree=32796336/33554428
[pid=795775] ppid=795774 vsize=4244 memory=3028 CPUtime=0 cores=56-83,168-195
/proc/795775/stat : 795775 (bash) S 795774 795775 795673 0 -1 4194304 276 142 0 0 0 0 0 0 20 0 1 0 218358502 4345856 757 134175784960 94292633042944 94292634024861 140720919681488 0 0 0 65536 4 65538 0 0 0 17 186 0 0 0 0 0 94292634258160 94292634306404 94292642054144 140720919690679 140720919690855 140720919690855 140720919703530 0
/proc/795775/statm: 1061 757 661 240 0 187 0
[pid=795778] ppid=795775 vsize=22239692 memory=20294608 CPUtime=998.05 cores=56-83,168-195
/proc/795778/stat : 795778 (kat_xcsp_c609cc) S 795775 795775 795673 0 -1 1077936128 61664613 0 1630 0 94346 5459 0 0 20 0 3 0 218358502 22773444608 5073652 134175784960 23332596801536 23332604568960 140732503007088 0 0 0 0 4096 8406082 0 0 0 17 80 0 0 0 0 0 23332604682888 23332604704112 93824995430400 140732503014646 140732503014972 140732503014972 140732503027663 0
/proc/795778/statm: 5559923 5073652 305 1897 0 5510685 0
[pid=795778/tid=795779] ppid=795775 vsize=22239692 memory=3028 CPUtime=998.04 cores=56-83,168-195
/proc/795778/task/795779/stat : 795779 (kat_xcsp_c609cc) R 795775 795775 795673 0 -1 4194368 61664321 0 1628 0 94346 5458 0 0 20 0 3 0 218358503 22773444608 5073652 134175784960 23332596801536 23332604568960 140732503007088 0 0 0 0 4096 8406082 0 0 0 -1 182 0 0 0 0 0 23332604682888 23332604704112 93824995430400 140732503014646 140732503014972 140732503014972 140732503027663 0
[pid=795778/tid=795780] ppid=795775 vsize=22239692 memory=3028 CPUtime=0 cores=56-83,168-195
/proc/795778/task/795780/stat : 795780 (kat_xcsp_c609cc) S 795775 795775 795673 0 -1 1077936192 2 0 0 0 0 0 0 0 20 0 3 0 218358504 22773444608 5073652 134175784960 23332596801536 23332604568960 140732503007088 0 0 0 0 4096 8406082 0 0 0 -1 182 0 0 0 0 0 23332604682888 23332604704112 93824995430400 140732503014646 140732503014972 140732503014972 140732503027663 0
Current children cumulated CPU time: 998.05 s
Current children cumulated vsize: 22243936 KiB
Current children cumulated memory: 20297636 KiB

[startup+1062.3 s]
/proc/loadavg: 14.17 21.27 17.30 9/2976 828564
/proc/meminfo: memFree=428122072/527542252 swapFree=32796336/33554428
[pid=795775] ppid=795774 vsize=4244 memory=3028 CPUtime=0 cores=56-83,168-195
/proc/795775/stat : 795775 (bash) S 795774 795775 795673 0 -1 4194304 276 142 0 0 0 0 0 0 20 0 1 0 218358502 4345856 757 134175784960 94292633042944 94292634024861 140720919681488 0 0 0 65536 4 65538 0 0 0 17 186 0 0 0 0 0 94292634258160 94292634306404 94292642054144 140720919690679 140720919690855 140720919690855 140720919703530 0
/proc/795775/statm: 1061 757 661 240 0 187 0
[pid=795778] ppid=795775 vsize=22436300 memory=20658756 CPUtime=1057.82 cores=56-83,168-195
/proc/795778/stat : 795778 (kat_xcsp_c609cc) S 795775 795775 795673 0 -1 1077936128 65955052 0 1630 0 99970 5812 0 0 20 0 3 0 218358502 22974771200 5164685 134175784960 23332596801536 23332604568960 140732503007088 0 0 0 0 4096 8406082 0 0 0 17 80 0 0 0 0 0 23332604682888 23332604704112 93824995430400 140732503014646 140732503014972 140732503014972 140732503027663 0
/proc/795778/statm: 5609075 5164685 305 1897 0 5568149 0
[pid=795778/tid=795779] ppid=795775 vsize=22436300 memory=3028 CPUtime=1057.82 cores=56-83,168-195
/proc/795778/task/795779/stat : 795779 (kat_xcsp_c609cc) R 795775 795775 795673 0 -1 4194368 65954781 0 1628 0 99971 5811 0 0 20 0 3 0 218358503 22974771200 5164689 134175784960 23332596801536 23332604568960 140732503007088 0 0 0 0 4096 8406082 0 0 0 -1 182 0 0 0 0 0 23332604682888 23332604704112 93824995430400 140732503014646 140732503014972 140732503014972 140732503027663 0
[pid=795778/tid=795780] ppid=795775 vsize=22436300 memory=3028 CPUtime=0 cores=56-83,168-195
/proc/795778/task/795780/stat : 795780 (kat_xcsp_c609cc) S 795775 795775 795673 0 -1 1077936192 2 0 0 0 0 0 0 0 20 0 3 0 218358504 22974771200 5164689 134175784960 23332596801536 23332604568960 140732503007088 0 0 0 0 4096 8406082 0 0 0 -1 182 0 0 0 0 0 23332604682888 23332604704112 93824995430400 140732503014646 140732503014972 140732503014972 140732503027663 0
Current children cumulated CPU time: 1057.82 s
Current children cumulated vsize: 22440544 KiB
Current children cumulated memory: 20661784 KiB

[startup+1122.3 s]
/proc/loadavg: 10.76 19.00 16.77 9/2968 828567
/proc/meminfo: memFree=429003112/527542252 swapFree=32796080/33554428
[pid=795775] ppid=795774 vsize=4244 memory=3028 CPUtime=0 cores=56-83,168-195
/proc/795775/stat : 795775 (bash) S 795774 795775 795673 0 -1 4194304 276 142 0 0 0 0 0 0 20 0 1 0 218358502 4345856 757 134175784960 94292633042944 94292634024861 140720919681488 0 0 0 65536 4 65538 0 0 0 17 186 0 0 0 0 0 94292634258160 94292634306404 94292642054144 140720919690679 140720919690855 140720919690855 140720919703530 0
/proc/795775/statm: 1061 757 661 240 0 187 0
[pid=795778] ppid=795775 vsize=22698444 memory=21044820 CPUtime=1113.03 cores=56-83,168-195
/proc/795778/stat : 795778 (kat_xcsp_c609cc) S 795775 795775 795673 0 -1 1077936128 69479292 0 34132 0 105144 6159 0 0 20 0 3 0 218358502 23243206656 5261205 134175784960 23332596801536 23332604568960 140732503007088 0 0 0 0 4096 8406082 0 0 0 17 80 0 0 0 0 0 23332604682888 23332604704112 93824995430400 140732503014646 140732503014972 140732503014972 140732503027663 0
/proc/795778/statm: 5674611 5261205 0 1897 0 5631935 0
[pid=795778/tid=795779] ppid=795775 vsize=22698444 memory=25333125866717268 CPUtime=1113.03 cores=56-83,168-195
/proc/795778/task/795779/stat : 795779 (kat_xcsp_c609cc) R 795775 795775 795673 0 -1 4194368 69479000 0 34130 0 105144 6159 0 0 20 0 3 0 218358503 23243206656 5261205 134175784960 23332596801536 23332604568960 140732503007088 0 0 0 0 4096 8406082 0 0 0 -1 182 0 0 0 0 0 23332604682888 23332604704112 93824995430400 140732503014646 140732503014972 140732503014972 140732503027663 0
[pid=795778/tid=795780] ppid=795775 vsize=22698444 memory=4572150275158930986 CPUtime=0 cores=56-83,168-195
/proc/795778/task/795780/stat : 795780 (kat_xcsp_c609cc) S 795775 795775 795673 0 -1 1077936192 2 0 0 0 0 0 0 0 20 0 3 0 218358504 23243206656 5261205 134175784960 23332596801536 23332604568960 140732503007088 0 0 0 0 4096 8406082 0 0 0 -1 182 0 0 0 0 0 23332604682888 23332604704112 93824995430400 140732503014646 140732503014972 140732503014972 140732503027663 0
Current children cumulated CPU time: 1113.03 s
Current children cumulated vsize: 22702688 KiB
Current children cumulated memory: 21047848 KiB

[startup+1182.3 s]*
/proc/loadavg: 8.68 16.80 16.16 8/2935 828827
/proc/meminfo: memFree=431349920/527542252 swapFree=32796080/33554428
[pid=795775] ppid=795774 vsize=4244 memory=3028 CPUtime=0 cores=56-83,168-195
/proc/795775/stat : 795775 (bash) S 795774 795775 795673 0 -1 4194304 276 142 0 0 0 0 0 0 20 0 1 0 218358502 4345856 757 134175784960 94292633042944 94292634024861 140720919681488 0 0 0 65536 4 65538 0 0 0 17 186 0 0 0 0 0 94292634258160 94292634306404 94292642054144 140720919690679 140720919690855 140720919690855 140720919703530 0
/proc/795775/statm: 1061 757 661 240 0 187 0
[pid=795778] ppid=795775 vsize=22960588 memory=21414868 CPUtime=1172.39 cores=56-83,168-195
/proc/795778/stat : 795778 (kat_xcsp_c609cc) S 795775 795775 795673 0 -1 1077936128 75253839 0 37844 0 110605 6634 0 0 20 0 3 0 218358502 23511642112 5353717 134175784960 23332596801536 23332604568960 140732503007088 0 0 0 0 4096 8406082 0 0 0 17 80 0 0 0 0 0 23332604682888 23332604704112 93824995430400 140732503014646 140732503014972 140732503014972 140732503027663 0
/proc/795778/statm: 5740147 5353717 304 1897 0 5692027 0
[pid=795778/tid=795779] ppid=795775 vsize=22960588 memory=-7003712468125533328 CPUtime=1172.39 cores=56-83,168-195
/proc/795778/task/795779/stat : 795779 (kat_xcsp_c609cc) R 795775 795775 795673 0 -1 4194368 75254769 0 37842 0 110606 6633 0 0 20 0 3 0 218358503 23511642112 5353717 134175784960 23332596801536 23332604568960 140732503007088 0 0 0 0 4096 8406082 0 0 0 -1 70 0 0 0 0 0 23332604682888 23332604704112 93824995430400 140732503014646 140732503014972 140732503014972 140732503027663 0
[pid=795778/tid=795780] ppid=795775 vsize=22960588 memory=61506873 CPUtime=0 cores=56-83,168-195
/proc/795778/task/795780/stat : 795780 (kat_xcsp_c609cc) S 795775 795775 795673 0 -1 1077936192 2 0 0 0 0 0 0 0 20 0 3 0 218358504 23511642112 5353717 134175784960 23332596801536 23332604568960 140732503007088 0 0 0 0 4096 8406082 0 0 0 -1 182 0 0 0 0 0 23332604682888 23332604704112 93824995430400 140732503014646 140732503014972 140732503014972 140732503027663 0
Current children cumulated CPU time: 1172.39 s
Current children cumulated vsize: 22964832 KiB
Current children cumulated memory: 21417896 KiB

[startup+1242.3 s]
/proc/loadavg: 18.93 18.66 16.85 8/2935 829022
/proc/meminfo: memFree=433108684/527542252 swapFree=32796080/33554428
[pid=795775] ppid=795774 vsize=4244 memory=3028 CPUtime=0 cores=56-83,168-195
/proc/795775/stat : 795775 (bash) S 795774 795775 795673 0 -1 4194304 276 142 0 0 0 0 0 0 20 0 1 0 218358502 4345856 757 134175784960 94292633042944 94292634024861 140720919681488 0 0 0 65536 4 65538 0 0 0 17 186 0 0 0 0 0 94292634258160 94292634306404 94292642054144 140720919690679 140720919690855 140720919690855 140720919703530 0
/proc/795775/statm: 1061 757 661 240 0 187 0
[pid=795778] ppid=795775 vsize=23157196 memory=21735772 CPUtime=1232.08 cores=56-83,168-195
/proc/795778/stat : 795778 (kat_xcsp_c609cc) S 795775 795775 795673 0 -1 1077936128 81500507 0 37844 0 116060 7148 0 0 20 0 3 0 218358502 23712968704 5433943 134175784960 23332596801536 23332604568960 140732503007088 0 0 0 0 4096 8406082 0 0 0 17 80 0 0 0 0 0 23332604682888 23332604704112 93824995430400 140732503014646 140732503014972 140732503014972 140732503027663 0
/proc/795778/statm: 5789299 5433943 304 1897 0 5745670 0
[pid=795778/tid=795779] ppid=795775 vsize=23157196 memory=3028 CPUtime=1232.08 cores=56-83,168-195
/proc/795778/task/795779/stat : 795779 (kat_xcsp_c609cc) R 795775 795775 795673 0 -1 4194368 81500244 0 37842 0 116061 7147 0 0 20 0 3 0 218358503 23712968704 5433943 134175784960 23332596801536 23332604568960 140732503007088 0 0 0 0 4096 8406082 0 0 0 -1 70 0 0 0 0 0 23332604682888 23332604704112 93824995430400 140732503014646 140732503014972 140732503014972 140732503027663 0
[pid=795778/tid=795780] ppid=795775 vsize=23157196 memory=21713092 CPUtime=0 cores=56-83,168-195
/proc/795778/task/795780/stat : 795780 (kat_xcsp_c609cc) S 795775 795775 795673 0 -1 1077936192 2 0 0 0 0 0 0 0 20 0 3 0 218358504 23712968704 5433943 134175784960 23332596801536 23332604568960 140732503007088 0 0 0 0 4096 8406082 0 0 0 -1 182 0 0 0 0 0 23332604682888 23332604704112 93824995430400 140732503014646 140732503014972 140732503014972 140732503027663 0
Current children cumulated CPU time: 1232.08 s
Current children cumulated vsize: 23161440 KiB
Current children cumulated memory: 21738800 KiB

[startup+1302.4 s]
/proc/loadavg: 29.60 21.30 17.85 44/2967 829068
/proc/meminfo: memFree=431255444/527542252 swapFree=32796080/33554428
[pid=795775] ppid=795774 vsize=4244 memory=3028 CPUtime=0 cores=56-83,168-195
/proc/795775/stat : 795775 (bash) S 795774 795775 795673 0 -1 4194304 276 142 0 0 0 0 0 0 20 0 1 0 218358502 4345856 757 134175784960 94292633042944 94292634024861 140720919681488 0 0 0 65536 4 65538 0 0 0 17 186 0 0 0 0 0 94292634258160 94292634306404 94292642054144 140720919690679 140720919690855 140720919690855 140720919703530 0
/proc/795775/statm: 1061 757 661 240 0 187 0
[pid=795778] ppid=795775 vsize=23353804 memory=22033300 CPUtime=1291.97 cores=56-83,168-195
/proc/795778/stat : 795778 (kat_xcsp_c609cc) S 795775 795775 795673 0 -1 1077936128 86157942 0 37844 0 121666 7531 0 0 20 0 3 0 218358502 23914295296 5508325 134175784960 23332596801536 23332604568960 140732503007088 0 0 0 0 4096 8406082 0 0 0 17 80 0 0 0 0 0 23332604682888 23332604704112 93824995430400 140732503014646 140732503014972 140732503014972 140732503027663 0
/proc/795778/statm: 5838451 5508325 304 1897 0 5794348 0
[pid=795778/tid=795779] ppid=795775 vsize=23353804 memory=22010796 CPUtime=1291.96 cores=56-83,168-195
/proc/795778/task/795779/stat : 795779 (kat_xcsp_c609cc) R 795775 795775 795673 0 -1 4194368 86157650 0 37842 0 121666 7530 0 0 20 0 3 0 218358503 23914295296 5508325 134175784960 23332596801536 23332604568960 140732503007088 0 0 0 0 4096 8406082 0 0 0 -1 70 0 0 0 0 0 23332604682888 23332604704112 93824995430400 140732503014646 140732503014972 140732503014972 140732503027663 0
[pid=795778/tid=795780] ppid=795775 vsize=23353804 memory=22010796 CPUtime=0 cores=56-83,168-195
/proc/795778/task/795780/stat : 795780 (kat_xcsp_c609cc) S 795775 795775 795673 0 -1 1077936192 2 0 0 0 0 0 0 0 20 0 3 0 218358504 23914295296 5508325 134175784960 23332596801536 23332604568960 140732503007088 0 0 0 0 4096 8406082 0 0 0 -1 182 0 0 0 0 0 23332604682888 23332604704112 93824995430400 140732503014646 140732503014972 140732503014972 140732503027663 0
Current children cumulated CPU time: 1291.97 s
Current children cumulated vsize: 23358048 KiB
Current children cumulated memory: 22036328 KiB

[startup+1362.3 s]
/proc/loadavg: 37.65 24.94 19.30 42/2959 829082
/proc/meminfo: memFree=429931708/527542252 swapFree=32796080/33554428
[pid=795775] ppid=795774 vsize=4244 memory=3028 CPUtime=0 cores=56-83,168-195
/proc/795775/stat : 795775 (bash) S 795774 795775 795673 0 -1 4194304 276 142 0 0 0 0 0 0 20 0 1 0 218358502 4345856 757 134175784960 94292633042944 94292634024861 140720919681488 0 0 0 65536 4 65538 0 0 0 17 186 0 0 0 0 0 94292634258160 94292634306404 94292642054144 140720919690679 140720919690855 140720919690855 140720919703530 0
/proc/795775/statm: 1061 757 661 240 0 187 0
[pid=795778] ppid=795775 vsize=23550412 memory=22276236 CPUtime=1351.65 cores=56-83,168-195
/proc/795778/stat : 795778 (kat_xcsp_c609cc) S 795775 795775 795673 0 -1 1077936128 92664580 0 37844 0 127099 8066 0 0 20 0 3 0 218358502 24115621888 5569059 134175784960 23332596801536 23332604568960 140732503007088 0 0 0 0 4096 8406082 0 0 0 17 80 0 0 0 0 0 23332604682888 23332604704112 93824995430400 140732503014646 140732503014972 140732503014972 140732503027663 0
/proc/795778/statm: 5887603 5569059 304 1897 0 5832408 0
[pid=795778/tid=795779] ppid=795775 vsize=23550412 memory=260092 CPUtime=1351.65 cores=56-83,168-195
/proc/795778/task/795779/stat : 795779 (kat_xcsp_c609cc) R 795775 795775 795673 0 -1 4194368 92664288 0 37842 0 127100 8065 0 0 20 0 3 0 218358503 24115621888 5569059 134175784960 23332596801536 23332604568960 140732503007088 0 0 0 0 4096 8406082 0 0 0 -1 70 0 0 0 0 0 23332604682888 23332604704112 93824995430400 140732503014646 140732503014972 140732503014972 140732503027663 0
[pid=795778/tid=795780] ppid=795775 vsize=23550412 memory=7496 CPUtime=0 cores=56-83,168-195
/proc/795778/task/795780/stat : 795780 (kat_xcsp_c609cc) S 795775 795775 795673 0 -1 1077936192 2 0 0 0 0 0 0 0 20 0 3 0 218358504 24115621888 5569059 134175784960 23332596801536 23332604568960 140732503007088 0 0 0 0 4096 8406082 0 0 0 -1 182 0 0 0 0 0 23332604682888 23332604704112 93824995430400 140732503014646 140732503014972 140732503014972 140732503027663 0
Current children cumulated CPU time: 1351.65 s
Current children cumulated vsize: 23554656 KiB
Current children cumulated memory: 22279264 KiB

[startup+1422.3 s]
/proc/loadavg: 41.48 28.57 20.93 43/2975 829531
/proc/meminfo: memFree=441870468/527542252 swapFree=32796080/33554428
[pid=795775] ppid=795774 vsize=4244 memory=3028 CPUtime=0 cores=56-83,168-195
/proc/795775/stat : 795775 (bash) S 795774 795775 795673 0 -1 4194304 276 142 0 0 0 0 0 0 20 0 1 0 218358502 4345856 757 134175784960 94292633042944 94292634024861 140720919681488 0 0 0 65536 4 65538 0 0 0 17 186 0 0 0 0 0 94292634258160 94292634306404 94292642054144 140720919690679 140720919690855 140720919690855 140720919703530 0
/proc/795775/statm: 1061 757 661 240 0 187 0
[pid=795778] ppid=795775 vsize=23681484 memory=22558808 CPUtime=1411.41 cores=56-83,168-195
/proc/795778/stat : 795778 (kat_xcsp_c609cc) S 795775 795775 795673 0 -1 1077936128 97747417 0 37973 0 132652 8489 0 0 20 0 3 0 218358502 24249839616 5639702 134175784960 23332596801536 23332604568960 140732503007088 0 0 0 0 4096 8406082 0 0 0 17 80 0 0 0 0 0 23332604682888 23332604704112 93824995430400 140732503014646 140732503014972 140732503014972 140732503027663 0
/proc/795778/statm: 5920371 5639702 305 1897 0 5879170 0
[pid=795778/tid=795779] ppid=795775 vsize=23681484 memory=22467212 CPUtime=1411.41 cores=56-83,168-195
/proc/795778/task/795779/stat : 795779 (kat_xcsp_c609cc) R 795775 795775 795673 0 -1 4194368 97747125 0 37971 0 132652 8489 0 0 20 0 3 0 218358503 24249839616 5639702 134175784960 23332596801536 23332604568960 140732503007088 0 0 0 0 4096 8406082 0 0 0 -1 70 0 0 0 0 0 23332604682888 23332604704112 93824995430400 140732503014646 140732503014972 140732503014972 140732503027663 0
[pid=795778/tid=795780] ppid=795775 vsize=23681484 memory=5508 CPUtime=0 cores=56-83,168-195
/proc/795778/task/795780/stat : 795780 (kat_xcsp_c609cc) S 795775 795775 795673 0 -1 1077936192 2 0 0 0 0 0 0 0 20 0 3 0 218358504 24249839616 5639702 134175784960 23332596801536 23332604568960 140732503007088 0 0 0 0 4096 8406082 0 0 0 -1 182 0 0 0 0 0 23332604682888 23332604704112 93824995430400 140732503014646 140732503014972 140732503014972 140732503027663 0
Current children cumulated CPU time: 1411.41 s
Current children cumulated vsize: 23685728 KiB
Current children cumulated memory: 22561836 KiB

[startup+1482.3 s]
/proc/loadavg: 44.86 31.66 22.43 49/3001 829622
/proc/meminfo: memFree=436961964/527542252 swapFree=32796080/33554428
[pid=795775] ppid=795774 vsize=4244 memory=3028 CPUtime=0 cores=56-83,168-195
/proc/795775/stat : 795775 (bash) S 795774 795775 795673 0 -1 4194304 276 142 0 0 0 0 0 0 20 0 1 0 218358502 4345856 757 134175784960 94292633042944 94292634024861 140720919681488 0 0 0 65536 4 65538 0 0 0 17 186 0 0 0 0 0 94292634258160 94292634306404 94292642054144 140720919690679 140720919690855 140720919690855 140720919703530 0
/proc/795775/statm: 1061 757 661 240 0 187 0
[pid=795778] ppid=795775 vsize=23878092 memory=22808940 CPUtime=1471.17 cores=56-83,168-195
/proc/795778/stat : 795778 (kat_xcsp_c609cc) S 795775 795775 795673 0 -1 1077936128 106038542 0 37973 0 137933 9184 0 0 20 0 3 0 218358502 24451166208 5702235 134175784960 23332596801536 23332604568960 140732503007088 0 0 0 0 4096 8406082 0 0 0 17 80 0 0 0 0 0 23332604682888 23332604704112 93824995430400 140732503014646 140732503014972 140732503014972 140732503027663 0
/proc/795778/statm: 5969523 5702235 305 1897 0 5920244 0
[pid=795778/tid=795779] ppid=795775 vsize=23878092 memory=-8844102920651038073 CPUtime=1471.16 cores=56-83,168-195
/proc/795778/task/795779/stat : 795779 (kat_xcsp_c609cc) R 795775 795775 795673 0 -1 4194368 106038250 0 37971 0 137933 9183 0 0 20 0 3 0 218358503 24451166208 5702235 134175784960 23332596801536 23332604568960 140732503007088 0 0 0 0 4096 8406082 0 0 0 -1 70 0 0 0 0 0 23332604682888 23332604704112 93824995430400 140732503014646 140732503014972 140732503014972 140732503027663 0
[pid=795778/tid=795780] ppid=795775 vsize=23878092 memory=3028 CPUtime=0 cores=56-83,168-195
/proc/795778/task/795780/stat : 795780 (kat_xcsp_c609cc) S 795775 795775 795673 0 -1 1077936192 2 0 0 0 0 0 0 0 20 0 3 0 218358504 24451166208 5702235 134175784960 23332596801536 23332604568960 140732503007088 0 0 0 0 4096 8406082 0 0 0 -1 182 0 0 0 0 0 23332604682888 23332604704112 93824995430400 140732503014646 140732503014972 140732503014972 140732503027663 0
Current children cumulated CPU time: 1471.17 s
Current children cumulated vsize: 23882336 KiB
Current children cumulated memory: 22811968 KiB

[startup+1542.3 s]
/proc/loadavg: 46.05 34.59 24.07 46/3000 829633
/proc/meminfo: memFree=432030556/527542252 swapFree=32796080/33554428
[pid=795775] ppid=795774 vsize=4244 memory=3028 CPUtime=0 cores=56-83,168-195
/proc/795775/stat : 795775 (bash) S 795774 795775 795673 0 -1 4194304 276 142 0 0 0 0 0 0 20 0 1 0 218358502 4345856 757 134175784960 94292633042944 94292634024861 140720919681488 0 0 0 65536 4 65538 0 0 0 17 186 0 0 0 0 0 94292634258160 94292634306404 94292642054144 140720919690679 140720919690855 140720919690855 140720919703530 0
/proc/795775/statm: 1061 757 661 240 0 187 0
[pid=795778] ppid=795775 vsize=24009164 memory=23060800 CPUtime=1530.93 cores=56-83,168-195
/proc/795778/stat : 795778 (kat_xcsp_c609cc) S 795775 795775 795673 0 -1 1077936128 113861463 0 37973 0 143242 9851 0 0 20 0 3 0 218358502 24585383936 5765200 134175784960 23332596801536 23332604568960 140732503007088 0 0 0 0 4096 8406082 0 0 0 17 80 0 0 0 0 0 23332604682888 23332604704112 93824995430400 140732503014646 140732503014972 140732503014972 140732503027663 0
/proc/795778/statm: 6002291 5765200 305 1897 0 5961279 0
[pid=795778/tid=795779] ppid=795775 vsize=24009164 memory=43668 CPUtime=1530.94 cores=56-83,168-195
/proc/795778/task/795779/stat : 795779 (kat_xcsp_c609cc) R 795775 795775 795673 0 -1 4194368 113861171 0 37971 0 143243 9851 0 0 20 0 3 0 218358503 24585383936 5765200 134175784960 23332596801536 23332604568960 140732503007088 0 0 0 0 4096 8406082 0 0 0 -1 70 0 0 0 0 0 23332604682888 23332604704112 93824995430400 140732503014646 140732503014972 140732503014972 140732503027663 0
[pid=795778/tid=795780] ppid=795775 vsize=24009164 memory=217976 CPUtime=0 cores=56-83,168-195
/proc/795778/task/795780/stat : 795780 (kat_xcsp_c609cc) S 795775 795775 795673 0 -1 1077936192 2 0 0 0 0 0 0 0 20 0 3 0 218358504 24585383936 5765200 134175784960 23332596801536 23332604568960 140732503007088 0 0 0 0 4096 8406082 0 0 0 -1 182 0 0 0 0 0 23332604682888 23332604704112 93824995430400 140732503014646 140732503014972 140732503014972 140732503027663 0
Current children cumulated CPU time: 1530.93 s
Current children cumulated vsize: 24013408 KiB
Current children cumulated memory: 23063828 KiB

[startup+1602.3 s]
/proc/loadavg: 45.52 36.40 25.30 41/2965 830410
/proc/meminfo: memFree=426013664/527542252 swapFree=32796080/33554428
[pid=795775] ppid=795774 vsize=4244 memory=3028 CPUtime=0 cores=56-83,168-195
/proc/795775/stat : 795775 (bash) S 795774 795775 795673 0 -1 4194304 276 142 0 0 0 0 0 0 20 0 1 0 218358502 4345856 757 134175784960 94292633042944 94292634024861 140720919681488 0 0 0 65536 4 65538 0 0 0 17 186 0 0 0 0 0 94292634258160 94292634306404 94292642054144 140720919690679 140720919690855 140720919690855 140720919703530 0
/proc/795775/statm: 1061 757 661 240 0 187 0
[pid=795778] ppid=795775 vsize=24205772 memory=23335820 CPUtime=1590.68 cores=56-83,168-195
/proc/795778/stat : 795778 (kat_xcsp_c609cc) S 795775 795775 795673 0 -1 1077936128 121021060 0 38208 0 148632 10436 0 0 20 0 3 0 218358502 24786710528 5833955 134175784960 23332596801536 23332604568960 140732503007088 0 0 0 0 4096 8406082 0 0 0 17 80 0 0 0 0 0 23332604682888 23332604704112 93824995430400 140732503014646 140732503014972 140732503014972 140732503027663 0
/proc/795778/statm: 6051443 5833955 305 1897 0 6007197 0
[pid=795778/tid=795779] ppid=795775 vsize=24205772 memory=23333332 CPUtime=1590.67 cores=56-83,168-195
/proc/795778/task/795779/stat : 795779 (kat_xcsp_c609cc) R 795775 795775 795673 0 -1 4194368 121020768 0 38206 0 148632 10435 0 0 20 0 3 0 218358503 24786710528 5833955 134175784960 23332596801536 23332604568960 140732503007088 0 0 0 0 4096 8406082 0 0 0 -1 70 0 0 0 0 0 23332604682888 23332604704112 93824995430400 140732503014646 140732503014972 140732503014972 140732503027663 0
[pid=795778/tid=795780] ppid=795775 vsize=24205772 memory=260352 CPUtime=0 cores=56-83,168-195
/proc/795778/task/795780/stat : 795780 (kat_xcsp_c609cc) S 795775 795775 795673 0 -1 1077936192 2 0 0 0 0 0 0 0 20 0 3 0 218358504 24786710528 5833955 134175784960 23332596801536 23332604568960 140732503007088 0 0 0 0 4096 8406082 0 0 0 -1 182 0 0 0 0 0 23332604682888 23332604704112 93824995430400 140732503014646 140732503014972 140732503014972 140732503027663 0
Current children cumulated CPU time: 1590.68 s
Current children cumulated vsize: 24210016 KiB
Current children cumulated memory: 23338848 KiB

[startup+1662.3 s]
/proc/loadavg: 34.16 35.18 25.60 13/2938 831023
/proc/meminfo: memFree=428212244/527542252 swapFree=32796080/33554428
[pid=795775] ppid=795774 vsize=4244 memory=3028 CPUtime=0 cores=56-83,168-195
/proc/795775/stat : 795775 (bash) S 795774 795775 795673 0 -1 4194304 276 142 0 0 0 0 0 0 20 0 1 0 218358502 4345856 757 134175784960 94292633042944 94292634024861 140720919681488 0 0 0 65536 4 65538 0 0 0 17 186 0 0 0 0 0 94292634258160 94292634306404 94292642054144 140720919690679 140720919690855 140720919690855 140720919703530 0
/proc/795775/statm: 1061 757 661 240 0 187 0
[pid=795778] ppid=795775 vsize=24402380 memory=23632592 CPUtime=1650.46 cores=56-83,168-195
/proc/795778/stat : 795778 (kat_xcsp_c609cc) S 795775 795775 795673 0 -1 1077936128 123694467 0 38208 0 154384 10662 0 0 20 0 3 0 218358502 24988037120 5908148 134175784960 23332596801536 23332604568960 140732503007088 0 0 0 0 4096 8406082 0 0 0 17 80 0 0 0 0 0 23332604682888 23332604704112 93824995430400 140732503014646 140732503014972 140732503014972 140732503027663 0
/proc/795778/statm: 6100595 5908148 305 1897 0 6055600 0
[pid=795778/tid=795779] ppid=795775 vsize=24402380 memory=23372832 CPUtime=1650.45 cores=56-83,168-195
/proc/795778/task/795779/stat : 795779 (kat_xcsp_c609cc) R 795775 795775 795673 0 -1 4194368 123694175 0 38206 0 154384 10661 0 0 20 0 3 0 218358503 24988037120 5908148 134175784960 23332596801536 23332604568960 140732503007088 0 0 0 0 4096 8406082 0 0 0 -1 70 0 0 0 0 0 23332604682888 23332604704112 93824995430400 140732503014646 140732503014972 140732503014972 140732503027663 0
[pid=795778/tid=795780] ppid=795775 vsize=24402380 memory=3028 CPUtime=0 cores=56-83,168-195
/proc/795778/task/795780/stat : 795780 (kat_xcsp_c609cc) S 795775 795775 795673 0 -1 1077936192 2 0 0 0 0 0 0 0 20 0 3 0 218358504 24988037120 5908148 134175784960 23332596801536 23332604568960 140732503007088 0 0 0 0 4096 8406082 0 0 0 -1 182 0 0 0 0 0 23332604682888 23332604704112 93824995430400 140732503014646 140732503014972 140732503014972 140732503027663 0
Current children cumulated CPU time: 1650.46 s
Current children cumulated vsize: 24406624 KiB
Current children cumulated memory: 23635620 KiB

[startup+1722.3 s]
/proc/loadavg: 37.17 35.55 26.31 43/2966 832015
/proc/meminfo: memFree=426746456/527542252 swapFree=32796080/33554428
[pid=795775] ppid=795774 vsize=4244 memory=3028 CPUtime=0 cores=56-83,168-195
/proc/795775/stat : 795775 (bash) S 795774 795775 795673 0 -1 4194304 276 142 0 0 0 0 0 0 20 0 1 0 218358502 4345856 757 134175784960 94292633042944 94292634024861 140720919681488 0 0 0 65536 4 65538 0 0 0 17 186 0 0 0 0 0 94292634258160 94292634306404 94292642054144 140720919690679 140720919690855 140720919690855 140720919703530 0
/proc/795775/statm: 1061 757 661 240 0 187 0
[pid=795778] ppid=795775 vsize=24598988 memory=23927788 CPUtime=1710.23 cores=56-83,168-195
/proc/795778/stat : 795778 (kat_xcsp_c609cc) S 795775 795775 795673 0 -1 1077936128 127939192 0 38208 0 159998 11025 0 0 20 0 3 0 218358502 25189363712 5981947 134175784960 23332596801536 23332604568960 140732503007088 0 0 0 0 4096 8406082 0 0 0 17 80 0 0 0 0 0 23332604682888 23332604704112 93824995430400 140732503014646 140732503014972 140732503014972 140732503027663 0
/proc/795778/statm: 6149747 5981947 305 1897 0 6103949 0
[pid=795778/tid=795779] ppid=795775 vsize=24598988 memory=304 CPUtime=1710.22 cores=56-83,168-195
/proc/795778/task/795779/stat : 795779 (kat_xcsp_c609cc) R 795775 795775 795673 0 -1 4194368 127938900 0 38206 0 159998 11024 0 0 20 0 3 0 218358503 25189363712 5981947 134175784960 23332596801536 23332604568960 140732503007088 0 0 0 0 4096 8406082 0 0 0 -1 70 0 0 0 0 0 23332604682888 23332604704112 93824995430400 140732503014646 140732503014972 140732503014972 140732503027663 0
[pid=795778/tid=795780] ppid=795775 vsize=24598988 memory=-8844102920651038073 CPUtime=0 cores=56-83,168-195
/proc/795778/task/795780/stat : 795780 (kat_xcsp_c609cc) S 795775 795775 795673 0 -1 1077936192 2 0 0 0 0 0 0 0 20 0 3 0 218358504 25189363712 5981947 134175784960 23332596801536 23332604568960 140732503007088 0 0 0 0 4096 8406082 0 0 0 -1 182 0 0 0 0 0 23332604682888 23332604704112 93824995430400 140732503014646 140732503014972 140732503014972 140732503027663 0
Current children cumulated CPU time: 1710.23 s
Current children cumulated vsize: 24603232 KiB
Current children cumulated memory: 23930816 KiB

[startup+1782.3 s]
/proc/loadavg: 39.65 36.63 27.26 42/2966 832984
/proc/meminfo: memFree=425067796/527542252 swapFree=32796080/33554428
[pid=795775] ppid=795774 vsize=4244 memory=3028 CPUtime=0 cores=56-83,168-195
/proc/795775/stat : 795775 (bash) S 795774 795775 795673 0 -1 4194304 276 142 0 0 0 0 0 0 20 0 1 0 218358502 4345856 757 134175784960 94292633042944 94292634024861 140720919681488 0 0 0 65536 4 65538 0 0 0 17 186 0 0 0 0 0 94292634258160 94292634306404 94292642054144 140720919690679 140720919690855 140720919690855 140720919703530 0
/proc/795775/statm: 1061 757 661 240 0 187 0
[pid=795778] ppid=795775 vsize=24795596 memory=24217764 CPUtime=1770 cores=56-83,168-195
/proc/795778/stat : 795778 (kat_xcsp_c609cc) S 795775 795775 795673 0 -1 1077936128 133246425 0 38208 0 165539 11461 0 0 20 0 3 0 218358502 25390690304 6054441 134175784960 23332596801536 23332604568960 140732503007088 0 0 0 0 4096 8406082 0 0 0 17 80 0 0 0 0 0 23332604682888 23332604704112 93824995430400 140732503014646 140732503014972 140732503014972 140732503027663 0
/proc/795778/statm: 6198899 6054441 305 1897 0 6151035 0
[pid=795778/tid=795779] ppid=795775 vsize=24795596 memory=260352 CPUtime=1769.99 cores=56-83,168-195
/proc/795778/task/795779/stat : 795779 (kat_xcsp_c609cc) R 795775 795775 795673 0 -1 4194368 133246133 0 38206 0 165539 11460 0 0 20 0 3 0 218358503 25390690304 6054441 134175784960 23332596801536 23332604568960 140732503007088 0 0 0 0 4096 8406082 0 0 0 -1 70 0 0 0 0 0 23332604682888 23332604704112 93824995430400 140732503014646 140732503014972 140732503014972 140732503027663 0
[pid=795778/tid=795780] ppid=795775 vsize=24795596 memory=5508 CPUtime=0 cores=56-83,168-195
/proc/795778/task/795780/stat : 795780 (kat_xcsp_c609cc) S 795775 795775 795673 0 -1 1077936192 2 0 0 0 0 0 0 0 20 0 3 0 218358504 25390690304 6054441 134175784960 23332596801536 23332604568960 140732503007088 0 0 0 0 4096 8406082 0 0 0 -1 182 0 0 0 0 0 23332604682888 23332604704112 93824995430400 140732503014646 140732503014972 140732503014972 140732503027663 0
Current children cumulated CPU time: 1770 s
Current children cumulated vsize: 24799840 KiB
Current children cumulated memory: 24220792 KiB



Maximum wall clock time exceeded: sending SIGTERM then SIGKILL

[startup+1800 s]
/proc/loadavg: 40.31 36.98 27.58 45/2966 833312
/proc/meminfo: memFree=424617076/527542252 swapFree=32796080/33554428
[pid=795775] ppid=795774 vsize=4244 memory=3028 CPUtime=0 cores=56-83,168-195
/proc/795775/stat : 795775 (bash) S 795774 795775 795673 0 -1 4194304 276 142 0 0 0 0 0 0 20 0 1 0 218358502 4345856 757 134175784960 94292633042944 94292634024861 140720919681488 0 0 0 65536 4 65538 0 0 0 17 186 0 0 0 0 0 94292634258160 94292634306404 94292642054144 140720919690679 140720919690855 140720919690855 140720919703530 0
/proc/795775/statm: 1061 757 661 240 0 187 0
[pid=795778] ppid=795775 vsize=24861132 memory=24305888 CPUtime=1787.64 cores=56-83,168-195
/proc/795778/stat : 795778 (kat_xcsp_c609cc) S 795775 795775 795673 0 -1 1077936128 134183567 0 38208 0 167227 11537 0 0 20 0 3 0 218358502 25457799168 6076472 134175784960 23332596801536 23332604568960 140732503007088 0 0 0 0 4096 8406082 0 0 0 17 80 0 0 0 0 0 23332604682888 23332604704112 93824995430400 140732503014646 140732503014972 140732503014972 140732503027663 0
/proc/795778/statm: 6215283 6076472 305 1897 0 6165882 0
[pid=795778/tid=795779] ppid=795775 vsize=24861132 memory=304 CPUtime=1787.64 cores=56-83,168-195
/proc/795778/task/795779/stat : 795779 (kat_xcsp_c609cc) R 795775 795775 795673 0 -1 4194368 134183275 0 38206 0 167227 11537 0 0 20 0 3 0 218358503 25457799168 6076472 134175784960 23332596801536 23332604568960 140732503007088 0 0 0 0 4096 8406082 0 0 0 -1 182 0 0 0 0 0 23332604682888 23332604704112 93824995430400 140732503014646 140732503014972 140732503014972 140732503027663 0
[pid=795778/tid=795780] ppid=795775 vsize=24861132 memory=3028 CPUtime=0 cores=56-83,168-195
/proc/795778/task/795780/stat : 795780 (kat_xcsp_c609cc) S 795775 795775 795673 0 -1 1077936192 2 0 0 0 0 0 0 0 20 0 3 0 218358504 25457799168 6076472 134175784960 23332596801536 23332604568960 140732503007088 0 0 0 0 4096 8406082 0 0 0 -1 182 0 0 0 0 0 23332604682888 23332604704112 93824995430400 140732503014646 140732503014972 140732503014972 140732503027663 0
Current children cumulated CPU time: 1787.64 s
Current children cumulated vsize: 24865376 KiB
Current children cumulated memory: 24308916 KiB

Sending SIGTERM to process tree (bottom up)
Sleeping 2 seconds

[startup+1800.01 s]
# the end of solver process 795775 was just reported to runsolver
# cumulated CPU time of all completed processes:  user=0.003528 s, system=0.002194 s

[startup+1800.55 s]
# the end of solver process 795778 was just reported to runsolver
# cumulated CPU time of all completed processes:  user=1672.29 s, system=115.917 s
# this solver process was not waited by its parent and was adopted by runsolver

Solver just ended.
??? end of watcher thread
Dumping a history of the last processes samples

[startup+1800.4 s]
/proc/loadavg: 40.31 36.98 27.58 43/2962 833321
/proc/meminfo: memFree=428911008/527542252 swapFree=32796080/33554428
Current cumulated CPU time of completed processes: 0.005722 s
Current children cumulated CPU time: 0 s
Current children cumulated vsize: 0 KiB
Current children cumulated memory: 0 KiB

[startup+1800.5 s]
/proc/loadavg: 40.31 36.98 27.58 43/2962 833321
/proc/meminfo: memFree=428911008/527542252 swapFree=32796080/33554428
Current cumulated CPU time of completed processes: 0.005722 s
Current children cumulated CPU time: 0 s
Current children cumulated vsize: 0 KiB
Current children cumulated memory: 0 KiB

Child status: 143
Real time (s): 1800.55
CPU time (s): 1788.21
CPU user time (s): 1672.29
CPU system time (s): 115.917
CPU usage (%): 99.3142
Max. virtual memory (cumulated for all children) (KiB): 24865376
Max. memory (cumulated for all children) (KiB): 24308916

getrusage(RUSAGE_CHILDREN,...) data:
user time used= 1672.29
system time used= 115.917
maximum resident set size= 24306396
integral shared memory size= 0
integral unshared data size= 0
integral unshared stack size= 0
page reclaims= 134184005
page faults= 38266
swaps= 0
block input operations= 324416
block output operations= 3744
messages sent= 0
messages received= 0
signals received= 0
voluntary context switches= 38686
involuntary context switches= 19464


# summary of solver processes directly reported to runsolver:
#   pid: 795775,795778
#   total CPU time (s): 1788.21
#   total CPU user time (s): 1672.29
#   total CPU system time (s): 115.917

??? end of timestamper thread
runsolver used 41.161 second user time and 133.919 second system time

The end
