================ Slurm Info ================
DATE      = 2026-05-26T15:39:45+09:00
PARTITION = gr10609b
JOB_ID    = 19856581_114
JOB_NAME  = xcsp-parse-cop165-order-ge-task-rd-20260526-c609ccd4-dirty-q10609-rerun1
NNODES    = 1
RSC_OPT   = p=1:t=28:c=28:m=128000M
============================================
job_id=19865801 task_id=114 instance_id=114
instance_relpath=COP22to25/IHTC-i04_c25.xml.lzma
row_file=/LARGE0/gr10609/b39275/xcsp3instances/results/kat-cop165-order-ge-task-rd-20260526-c609ccd4-dirty-q10609-rerun1/rows/row-19865801-114-114.csv
runsolver_values_log=/LARGE0/gr10609/b39275/xcsp3instances/slurm-logs/runsolver/runsolver-cop165-order-ge-task-rd-20260526-c609ccd4-dirty-q10609-rerun1-19865801-114-114/values.log
runsolver_solver_log=/LARGE0/gr10609/b39275/xcsp3instances/slurm-logs/runsolver/runsolver-cop165-order-ge-task-rd-20260526-c609ccd4-dirty-q10609-rerun1-19865801-114-114/output.log
runsolver version 3.4.1 (svn: 3018) Copyright (C) 2010-2013 Olivier ROUSSEL

This program is distributed in the hope that it will be useful,
but WITHOUT ANY WARRANTY; without even the implied warranty of
MERCHANTABILITY or FITNESS FOR A PARTICULAR PURPOSE.  See the
GNU General Public License for more details.

NUMA information:
  number of nodes: 8
  memory of node 0: 63700 MiB (34571 MiB free)
  memory of node 1: 64461 MiB (62094 MiB free)
  memory of node 2: 64504 MiB (40517 MiB free)
  memory of node 3: 64504 MiB (55558 MiB free)
  memory of node 4: 64504 MiB (63482 MiB free)
  memory of node 5: 64504 MiB (28360 MiB free)
  memory of node 6: 64504 MiB (37707 MiB free)
  memory of node 7: 64491 MiB (52370 MiB free)
  node distances:
     10  12  12  12  21  21  21  21
     12  10  12  12  21  21  21  21
     12  12  10  12  21  21  21  21
     12  12  12  10  21  21  21  21
     21  21  21  21  10  12  12  12
     21  21  21  21  12  10  12  12
     21  21  21  21  12  12  10  12
     21  21  21  21  12  12  12  10

command line: runsolver -W 1800 -C 1800 -v /logs/runsolver/runsolver-cop165-order-ge-task-rd-20260526-c609ccd4-dirty-q10609-rerun1-19865801-114-114/values.log -o /logs/runsolver/runsolver-cop165-order-ge-task-rd-20260526-c609ccd4-dirty-q10609-rerun1-19865801-114-114/output.log bash -lc 
set -euo pipefail
if [[ -n "${PARSER_ARGS:-}" ]]; then
  eval "set -- ${PARSER_ARGS}"
  "$PARSER_BIN" "$INSTANCE_PATH" "$@"
else
  "$PARSER_BIN" "$INSTANCE_PATH"
fi
 

running on 49 cores: 44-59,156-175,180-182,184,60-67,72

Enforcing wall clock limit (soft limit, will send SIGTERM then SIGKILL): 1800 seconds
Enforcing CPUTime limit (soft limit, will send SIGTERM then SIGKILL): 1800 seconds
Enforcing CPUTime limit (hard limit, will send SIGXCPU): 1830 seconds
Linux 4.18.0-553.111.1.el8_10.x86_64
Current StackSize limit: 18014398509481983 KiB

solver pid=146937, runsolver pid=146936

[startup+0.10009 s]*
/proc/loadavg: 39.11 46.81 56.21 41/3317 146943
/proc/meminfo: memFree=383638032/527542212 swapFree=32815100/33554428
[pid=146937] ppid=146936 vsize=4244 memory=2988 CPUtime=0 cores=44-70,72,156-182,184
/proc/146937/stat : 146937 (bash) S 146936 146937 146834 0 -1 4194304 279 141 0 0 0 0 0 0 20 0 1 0 218101575 4345856 747 134175784960 94560500477952 94560501459869 140723097988912 0 0 0 65536 4 65538 0 0 0 17 54 0 0 0 0 0 94560501693168 94560501741412 94560516599808 140723097992630 140723097992806 140723097992806 140723098005482 0
/proc/146937/statm: 1061 747 652 240 0 187 0
[pid=146941] ppid=146937 vsize=210688 memory=22820 CPUtime=0.16 cores=44-70,72,156-182,184
/proc/146941/stat : 146941 (kat_xcsp_c609cc) S 146937 146937 146834 0 -1 1077936128 5285 0 0 0 15 1 0 0 20 0 3 0 218101576 215744512 5705 134175784960 23020353667072 23020361434496 140721993055888 0 0 0 0 4096 8406082 0 0 0 17 167 0 0 0 0 0 23020361548424 23020361569648 93825016311808 140721993063680 140721993063995 140721993063995 140721993076687 0
/proc/146941/statm: 52672 5705 507 1897 0 21225 0
[pid=146941/tid=146942] ppid=146937 vsize=211456 memory=3688503303181971801 CPUtime=0.19 cores=44-70,72,156-182,184
/proc/146941/task/146942/stat : 146942 (kat_xcsp_c609cc) R 146937 146937 146834 0 -1 4194368 5629 0 0 0 18 1 0 0 20 0 3 0 218101576 216530944 6139 134175784960 23020353667072 23020361434496 140721993055888 0 0 0 0 4096 8406082 0 0 0 -1 54 0 0 0 0 0 23020361548424 23020361569648 93825016311808 140721993063680 140721993063995 140721993063995 140721993076687 0
[pid=146941/tid=146943] ppid=146937 vsize=211456 memory=3978989881488846935 CPUtime=0 cores=44-70,72,156-182,184
/proc/146941/task/146943/stat : 146943 (kat_xcsp_c609cc) S 146937 146937 146834 0 -1 1077936192 1 0 0 0 0 0 0 0 20 0 3 0 218101576 216530944 6139 134175784960 23020353667072 23020361434496 140721993055888 0 0 0 0 4096 8406082 0 0 0 -1 164 0 0 0 0 0 23020361548424 23020361569648 93825016311808 140721993063680 140721993063995 140721993063995 140721993076687 0
Current children cumulated CPU time: 0.16 s
Current children cumulated vsize: 214932 KiB
Current children cumulated memory: 25808 KiB

[startup+0.321909 s]*
/proc/loadavg: 39.11 46.81 56.21 42/3317 146943
/proc/meminfo: memFree=383626512/527542212 swapFree=32815100/33554428
[pid=146937] ppid=146936 vsize=4244 memory=2988 CPUtime=0 cores=44-70,72,156-182,184
/proc/146937/stat : 146937 (bash) S 146936 146937 146834 0 -1 4194304 279 141 0 0 0 0 0 0 20 0 1 0 218101575 4345856 747 134175784960 94560500477952 94560501459869 140723097988912 0 0 0 65536 4 65538 0 0 0 17 54 0 0 0 0 0 94560501693168 94560501741412 94560516599808 140723097992630 140723097992806 140723097992806 140723098005482 0
/proc/146937/statm: 1061 747 652 240 0 187 0
[pid=146941] ppid=146937 vsize=215216 memory=33056 CPUtime=0.38 cores=44-70,72,156-182,184
/proc/146941/stat : 146941 (kat_xcsp_c609cc) S 146937 146937 146834 0 -1 1077936128 8423 0 0 0 36 2 0 0 20 0 3 0 218101576 220381184 8264 134175784960 23020353667072 23020361434496 140721993055888 0 0 0 0 4096 8406082 0 0 0 17 167 0 0 0 0 0 23020361548424 23020361569648 93825016311808 140721993063680 140721993063995 140721993063995 140721993076687 0
/proc/146941/statm: 53804 8264 507 1897 0 24125 0
[pid=146941/tid=146942] ppid=146937 vsize=215216 memory=3688503303181971801 CPUtime=0.4 cores=44-70,72,156-182,184
/proc/146941/task/146942/stat : 146942 (kat_xcsp_c609cc) R 146937 146937 146834 0 -1 4194368 8442 0 0 0 38 2 0 0 20 0 3 0 218101576 220381184 8593 134175784960 23020353667072 23020361434496 140721993055888 0 0 0 0 4096 8406082 0 0 0 -1 54 0 0 0 0 0 23020361548424 23020361569648 93825016311808 140721993063680 140721993063995 140721993063995 140721993076687 0
[pid=146941/tid=146943] ppid=146937 vsize=215216 memory=3978989881488846935 CPUtime=0 cores=44-70,72,156-182,184
/proc/146941/task/146943/stat : 146943 (kat_xcsp_c609cc) S 146937 146937 146834 0 -1 1077936192 1 0 0 0 0 0 0 0 20 0 3 0 218101576 220381184 8593 134175784960 23020353667072 23020361434496 140721993055888 0 0 0 0 4096 8406082 0 0 0 -1 164 0 0 0 0 0 23020361548424 23020361569648 93825016311808 140721993063680 140721993063995 140721993063995 140721993076687 0
Current children cumulated CPU time: 0.38 s
Current children cumulated vsize: 219460 KiB
Current children cumulated memory: 36044 KiB

[startup+0.511817 s]*
/proc/loadavg: 39.18 46.70 56.12 41/3317 146943
/proc/meminfo: memFree=383617816/527542212 swapFree=32815100/33554428
[pid=146937] ppid=146936 vsize=4244 memory=2988 CPUtime=0 cores=44-70,72,156-182,184
/proc/146937/stat : 146937 (bash) S 146936 146937 146834 0 -1 4194304 279 141 0 0 0 0 0 0 20 0 1 0 218101575 4345856 747 134175784960 94560500477952 94560501459869 140723097988912 0 0 0 65536 4 65538 0 0 0 17 54 0 0 0 0 0 94560501693168 94560501741412 94560516599808 140723097992630 140723097992806 140723097992806 140723098005482 0
/proc/146937/statm: 1061 747 652 240 0 187 0
[pid=146941] ppid=146937 vsize=218288 memory=41068 CPUtime=0.57 cores=44-70,72,156-182,184
/proc/146941/stat : 146941 (kat_xcsp_c609cc) S 146937 146937 146834 0 -1 1077936128 10431 0 0 0 55 2 0 0 20 0 3 0 218101576 223526912 10267 134175784960 23020353667072 23020361434496 140721993055888 0 0 0 0 4096 8406082 0 0 0 17 167 0 0 0 0 0 23020361548424 23020361569648 93825016311808 140721993063680 140721993063995 140721993063995 140721993076687 0
/proc/146941/statm: 54572 10267 507 1897 0 26512 0
[pid=146941/tid=146942] ppid=146937 vsize=219856 memory=3688503303181971801 CPUtime=0.6 cores=44-70,72,156-182,184
/proc/146941/task/146942/stat : 146942 (kat_xcsp_c609cc) R 146937 146937 146834 0 -1 4194368 10652 0 0 0 57 3 0 0 20 0 3 0 218101576 225132544 10885 134175784960 23020353667072 23020361434496 140721993055888 0 0 0 0 4096 8406082 0 0 0 -1 54 0 0 0 0 0 23020361548424 23020361569648 93825016311808 140721993063680 140721993063995 140721993063995 140721993076687 0
[pid=146941/tid=146943] ppid=146937 vsize=219856 memory=3978989881488846935 CPUtime=0 cores=44-70,72,156-182,184
/proc/146941/task/146943/stat : 146943 (kat_xcsp_c609cc) S 146937 146937 146834 0 -1 1077936192 1 0 0 0 0 0 0 0 20 0 3 0 218101576 225132544 10885 134175784960 23020353667072 23020361434496 140721993055888 0 0 0 0 4096 8406082 0 0 0 -1 164 0 0 0 0 0 23020361548424 23020361569648 93825016311808 140721993063680 140721993063995 140721993063995 140721993076687 0
Current children cumulated CPU time: 0.57 s
Current children cumulated vsize: 222532 KiB
Current children cumulated memory: 44056 KiB

[startup+0.716422 s]*
/proc/loadavg: 39.18 46.70 56.12 40/3317 146943
/proc/meminfo: memFree=383605468/527542212 swapFree=32815100/33554428
[pid=146937] ppid=146936 vsize=4244 memory=2988 CPUtime=0 cores=44-70,72,156-182,184
/proc/146937/stat : 146937 (bash) S 146936 146937 146834 0 -1 4194304 279 141 0 0 0 0 0 0 20 0 1 0 218101575 4345856 747 134175784960 94560500477952 94560501459869 140723097988912 0 0 0 65536 4 65538 0 0 0 17 54 0 0 0 0 0 94560501693168 94560501741412 94560516599808 140723097992630 140723097992806 140723097992806 140723098005482 0
/proc/146937/statm: 1061 747 652 240 0 187 0
[pid=146941] ppid=146937 vsize=223248 memory=52664 CPUtime=0.77 cores=44-70,72,156-182,184
/proc/146941/stat : 146941 (kat_xcsp_c609cc) S 146937 146937 146834 0 -1 1077936128 13188 0 0 0 74 3 0 0 20 0 3 0 218101576 228605952 13166 134175784960 23020353667072 23020361434496 140721993055888 0 0 0 0 4096 8406082 0 0 0 17 167 0 0 0 0 0 23020361548424 23020361569648 93825016311808 140721993063680 140721993063995 140721993063995 140721993076687 0
/proc/146941/statm: 55812 13166 507 1897 0 29392 0
[pid=146941/tid=146942] ppid=146937 vsize=223248 memory=3688503303181971801 CPUtime=0.8 cores=44-70,72,156-182,184
/proc/146941/task/146942/stat : 146942 (kat_xcsp_c609cc) R 146937 146937 146834 0 -1 4194368 13362 0 0 0 77 3 0 0 20 0 3 0 218101576 228605952 13628 134175784960 23020353667072 23020361434496 140721993055888 0 0 0 0 4096 8406082 0 0 0 -1 44 0 0 0 0 0 23020361548424 23020361569648 93825016311808 140721993063680 140721993063995 140721993063995 140721993076687 0
[pid=146941/tid=146943] ppid=146937 vsize=223248 memory=3978989881488846935 CPUtime=0 cores=44-70,72,156-182,184
/proc/146941/task/146943/stat : 146943 (kat_xcsp_c609cc) S 146937 146937 146834 0 -1 1077936192 1 0 0 0 0 0 0 0 20 0 3 0 218101576 228605952 13628 134175784960 23020353667072 23020361434496 140721993055888 0 0 0 0 4096 8406082 0 0 0 -1 164 0 0 0 0 0 23020361548424 23020361569648 93825016311808 140721993063680 140721993063995 140721993063995 140721993076687 0
Current children cumulated CPU time: 0.77 s
Current children cumulated vsize: 227492 KiB
Current children cumulated memory: 55652 KiB

[startup+1.50034 s]*
/proc/loadavg: 39.18 46.70 56.12 46/3318 147756
/proc/meminfo: memFree=383546488/527542212 swapFree=32815100/33554428
[pid=146937] ppid=146936 vsize=4244 memory=2988 CPUtime=0 cores=44-70,72,156-182,184
/proc/146937/stat : 146937 (bash) S 146936 146937 146834 0 -1 4194304 279 141 0 0 0 0 0 0 20 0 1 0 218101575 4345856 747 134175784960 94560500477952 94560501459869 140723097988912 0 0 0 65536 4 65538 0 0 0 17 54 0 0 0 0 0 94560501693168 94560501741412 94560516599808 140723097992630 140723097992806 140723097992806 140723098005482 0
/proc/146937/statm: 1061 747 652 240 0 187 0
[pid=146941] ppid=146937 vsize=310212 memory=137528 CPUtime=1.55 cores=44-70,72,156-182,184
/proc/146941/stat : 146941 (kat_xcsp_c609cc) S 146937 146937 146834 0 -1 1077936128 41007 0 0 0 148 7 0 0 20 0 3 0 218101576 317657088 34382 134175784960 23020353667072 23020361434496 140721993055888 0 0 0 0 4096 8406082 0 0 0 17 167 0 0 0 0 0 23020361548424 23020361569648 93825016311808 140721993063680 140721993063995 140721993063995 140721993076687 0
/proc/146941/statm: 77553 34382 614 1897 0 52900 0
[pid=146941/tid=146942] ppid=146937 vsize=310212 memory=46455440506788 CPUtime=1.57 cores=44-70,72,156-182,184
/proc/146941/task/146942/stat : 146942 (kat_xcsp_c609cc) R 146937 146937 146834 0 -1 4194368 41551 0 0 0 150 7 0 0 20 0 3 0 218101576 317657088 35172 134175784960 23020353667072 23020361434496 140721993055888 0 0 0 0 4096 8406082 0 0 0 -1 46 0 0 0 0 0 23020361548424 23020361569648 93825016311808 140721993063680 140721993063995 140721993063995 140721993076687 0
[pid=146941/tid=146943] ppid=146937 vsize=310212 memory=5869129695243113875 CPUtime=0 cores=44-70,72,156-182,184
/proc/146941/task/146943/stat : 146943 (kat_xcsp_c609cc) S 146937 146937 146834 0 -1 1077936192 1 0 0 0 0 0 0 0 20 0 3 0 218101576 317657088 35172 134175784960 23020353667072 23020361434496 140721993055888 0 0 0 0 4096 8406082 0 0 0 -1 164 0 0 0 0 0 23020361548424 23020361569648 93825016311808 140721993063680 140721993063995 140721993063995 140721993076687 0
Current children cumulated CPU time: 1.55 s
Current children cumulated vsize: 314456 KiB
Current children cumulated memory: 140516 KiB

[startup+3.10034 s]
/proc/loadavg: 39.18 46.70 56.12 40/3317 149840
/proc/meminfo: memFree=383058128/527542212 swapFree=32815100/33554428
[pid=146937] ppid=146936 vsize=4244 memory=2988 CPUtime=0 cores=44-70,72,156-182,184
/proc/146937/stat : 146937 (bash) S 146936 146937 146834 0 -1 4194304 279 141 0 0 0 0 0 0 20 0 1 0 218101575 4345856 747 134175784960 94560500477952 94560501459869 140723097988912 0 0 0 65536 4 65538 0 0 0 17 54 0 0 0 0 0 94560501693168 94560501741412 94560516599808 140723097992630 140723097992806 140723097992806 140723098005482 0
/proc/146937/statm: 1061 747 652 240 0 187 0
[pid=146941] ppid=146937 vsize=986568 memory=760800 CPUtime=3.07 cores=44-70,72,156-182,184
/proc/146941/stat : 146941 (kat_xcsp_c609cc) S 146937 146937 146834 0 -1 1077936128 147410 0 0 0 272 35 0 0 20 0 3 0 218101576 1010245632 190134 134175784960 23020353667072 23020361434496 140721993055888 0 0 0 0 4096 8406082 0 0 0 17 167 0 0 0 0 0 23020361548424 23020361569648 93825016311808 140721993063680 140721993063995 140721993063995 140721993076687 0
/proc/146941/statm: 246642 190200 699 1897 0 223460 0
[pid=146941/tid=146942] ppid=146937 vsize=986568 memory=176 CPUtime=3.06 cores=44-70,72,156-182,184
/proc/146941/task/146942/stat : 146942 (kat_xcsp_c609cc) R 146937 146937 146834 0 -1 4194368 147127 0 0 0 271 35 0 0 20 0 3 0 218101576 1010245632 190200 134175784960 23020353667072 23020361434496 140721993055888 0 0 0 0 4096 8406082 0 0 0 -1 46 0 0 0 0 0 23020361548424 23020361569648 93825016311808 140721993063680 140721993063995 140721993063995 140721993076687 0
[pid=146941/tid=146943] ppid=146937 vsize=986568 memory=517588 CPUtime=0 cores=44-70,72,156-182,184
/proc/146941/task/146943/stat : 146943 (kat_xcsp_c609cc) S 146937 146937 146834 0 -1 1077936192 1 0 0 0 0 0 0 0 20 0 3 0 218101576 1010245632 190200 134175784960 23020353667072 23020361434496 140721993055888 0 0 0 0 4096 8406082 0 0 0 -1 164 0 0 0 0 0 23020361548424 23020361569648 93825016311808 140721993063680 140721993063995 140721993063995 140721993076687 0
Current children cumulated CPU time: 3.07 s
Current children cumulated vsize: 990812 KiB
Current children cumulated memory: 763788 KiB

[startup+6.30035 s]
/proc/loadavg: 39.17 46.57 56.03 40/3317 152618
/proc/meminfo: memFree=382145004/527542212 swapFree=32815100/33554428
[pid=146937] ppid=146936 vsize=4244 memory=2988 CPUtime=0 cores=44-70,72,156-182,184
/proc/146937/stat : 146937 (bash) S 146936 146937 146834 0 -1 4194304 279 141 0 0 0 0 0 0 20 0 1 0 218101575 4345856 747 134175784960 94560500477952 94560501459869 140723097988912 0 0 0 65536 4 65538 0 0 0 17 54 0 0 0 0 0 94560501693168 94560501741412 94560516599808 140723097992630 140723097992806 140723097992806 140723098005482 0
/proc/146937/statm: 1061 747 652 240 0 187 0
[pid=146941] ppid=146937 vsize=1904072 memory=1639624 CPUtime=6.25 cores=44-70,72,156-182,184
/proc/146941/stat : 146941 (kat_xcsp_c609cc) S 146937 146937 146834 0 -1 1077936128 359101 0 0 0 542 83 0 0 20 0 3 0 218101576 1949769728 409906 134175784960 23020353667072 23020361434496 140721993055888 0 0 0 0 4096 8406082 0 0 0 17 167 0 0 0 0 0 23020361548424 23020361569648 93825016311808 140721993063680 140721993063995 140721993063995 140721993076687 0
/proc/146941/statm: 476018 409906 730 1897 0 446966 0
[pid=146941/tid=146942] ppid=146937 vsize=1904072 memory=2988 CPUtime=6.25 cores=44-70,72,156-182,184
/proc/146941/task/146942/stat : 146942 (kat_xcsp_c609cc) R 146937 146937 146834 0 -1 4194368 358811 0 0 0 542 83 0 0 20 0 3 0 218101576 1949769728 409906 134175784960 23020353667072 23020361434496 140721993055888 0 0 0 0 4096 8406082 0 0 0 -1 52 0 0 0 0 0 23020361548424 23020361569648 93825016311808 140721993063680 140721993063995 140721993063995 140721993076687 0
[pid=146941/tid=146943] ppid=146937 vsize=1904072 memory=97391819433050452 CPUtime=0 cores=44-70,72,156-182,184
/proc/146941/task/146943/stat : 146943 (kat_xcsp_c609cc) S 146937 146937 146834 0 -1 1077936192 1 0 0 0 0 0 0 0 20 0 3 0 218101576 1949769728 409906 134175784960 23020353667072 23020361434496 140721993055888 0 0 0 0 4096 8406082 0 0 0 -1 164 0 0 0 0 0 23020361548424 23020361569648 93825016311808 140721993063680 140721993063995 140721993063995 140721993076687 0
Current children cumulated CPU time: 6.25 s
Current children cumulated vsize: 1908316 KiB
Current children cumulated memory: 1642612 KiB

[startup+12.7163 s]
/proc/loadavg: 39.15 46.44 55.93 39/3257 152789
/proc/meminfo: memFree=394710424/527542212 swapFree=32815356/33554428
[pid=146937] ppid=146936 vsize=4244 memory=2988 CPUtime=0 cores=44-70,72,156-182,184
/proc/146937/stat : 146937 (bash) S 146936 146937 146834 0 -1 4194304 279 141 0 0 0 0 0 0 20 0 1 0 218101575 4345856 747 134175784960 94560500477952 94560501459869 140723097988912 0 0 0 65536 4 65538 0 0 0 17 54 0 0 0 0 0 94560501693168 94560501741412 94560516599808 140723097992630 140723097992806 140723097992806 140723098005482 0
/proc/146937/statm: 1061 747 652 240 0 187 0
[pid=146941] ppid=146937 vsize=4328904 memory=3804376 CPUtime=12.64 cores=44-70,72,156-182,184
/proc/146941/stat : 146941 (kat_xcsp_c609cc) S 146937 146937 146834 0 -1 1077936128 868111 0 0 0 1063 201 0 0 20 0 3 0 218101576 4432797696 951094 134175784960 23020353667072 23020361434496 140721993055888 0 0 0 0 4096 8406082 0 0 0 17 167 0 0 0 0 0 23020361548424 23020361569648 93825016311808 140721993063680 140721993063995 140721993063995 140721993076687 0
/proc/146941/statm: 1082226 951094 730 1897 0 1052447 0
[pid=146941/tid=146942] ppid=146937 vsize=4328904 memory=2988 CPUtime=12.64 cores=44-70,72,156-182,184
/proc/146941/task/146942/stat : 146942 (kat_xcsp_c609cc) R 146937 146937 146834 0 -1 4194368 867821 0 0 0 1063 201 0 0 20 0 3 0 218101576 4432797696 951094 134175784960 23020353667072 23020361434496 140721993055888 0 0 0 0 4096 8406082 0 0 0 -1 55 0 0 0 0 0 23020361548424 23020361569648 93825016311808 140721993063680 140721993063995 140721993063995 140721993076687 0
[pid=146941/tid=146943] ppid=146937 vsize=4328904 memory=2352704 CPUtime=0 cores=44-70,72,156-182,184
/proc/146941/task/146943/stat : 146943 (kat_xcsp_c609cc) S 146937 146937 146834 0 -1 1077936192 1 0 0 0 0 0 0 0 20 0 3 0 218101576 4432797696 951094 134175784960 23020353667072 23020361434496 140721993055888 0 0 0 0 4096 8406082 0 0 0 -1 164 0 0 0 0 0 23020361548424 23020361569648 93825016311808 140721993063680 140721993063995 140721993063995 140721993076687 0
Current children cumulated CPU time: 12.64 s
Current children cumulated vsize: 4333148 KiB
Current children cumulated memory: 3807364 KiB

[startup+25.5004 s]
/proc/loadavg: 39.52 46.28 55.78 72/3350 153291
/proc/meminfo: memFree=390276700/527542212 swapFree=32815356/33554428
[pid=146937] ppid=146936 vsize=4244 memory=2988 CPUtime=0 cores=44-70,72,156-182,184
/proc/146937/stat : 146937 (bash) S 146936 146937 146834 0 -1 4194304 279 141 0 0 0 0 0 0 20 0 1 0 218101575 4345856 747 134175784960 94560500477952 94560501459869 140723097988912 0 0 0 65536 4 65538 0 0 0 17 54 0 0 0 0 0 94560501693168 94560501741412 94560516599808 140723097992630 140723097992806 140723097992806 140723098005482 0
/proc/146937/statm: 1061 747 652 240 0 187 0
[pid=146941] ppid=146937 vsize=8850888 memory=8072692 CPUtime=25.37 cores=44-70,72,156-182,184
/proc/146941/stat : 146941 (kat_xcsp_c609cc) S 146937 146937 146834 0 -1 1077936128 1856436 0 0 0 2102 435 0 0 20 0 3 0 218101576 9063309312 2018173 134175784960 23020353667072 23020361434496 140721993055888 0 0 0 0 4096 8406082 0 0 0 17 167 0 0 0 0 0 23020361548424 23020361569648 93825016311808 140721993063680 140721993063995 140721993063995 140721993076687 0
/proc/146941/statm: 2212722 2018173 730 1897 0 2191578 0
[pid=146941/tid=146942] ppid=146937 vsize=8850888 memory=0 CPUtime=25.37 cores=44-70,72,156-182,184
/proc/146941/task/146942/stat : 146942 (kat_xcsp_c609cc) R 146937 146937 146834 0 -1 4194368 1856153 0 0 0 2102 435 0 0 20 0 3 0 218101576 9063309312 2018239 134175784960 23020353667072 23020361434496 140721993055888 0 0 0 0 4096 8406082 0 0 0 -1 167 0 0 0 0 0 23020361548424 23020361569648 93825016311808 140721993063680 140721993063995 140721993063995 140721993076687 0
[pid=146941/tid=146943] ppid=146937 vsize=8850888 memory=0 CPUtime=0 cores=44-70,72,156-182,184
/proc/146941/task/146943/stat : 146943 (kat_xcsp_c609cc) S 146937 146937 146834 0 -1 1077936192 1 0 0 0 0 0 0 0 20 0 3 0 218101576 9063309312 2018239 134175784960 23020353667072 23020361434496 140721993055888 0 0 0 0 4096 8406082 0 0 0 -1 164 0 0 0 0 0 23020361548424 23020361569648 93825016311808 140721993063680 140721993063995 140721993063995 140721993076687 0
Current children cumulated CPU time: 25.37 s
Current children cumulated vsize: 8855132 KiB
Current children cumulated memory: 8075680 KiB

[startup+41.9561 s]
# the end of solver process 146937 was just reported to runsolver
# cumulated CPU time of all completed processes:  user=34.5685 s, system=7.20093 s

Solver just ended.
??? end of watcher thread
Dumping a history of the last processes samples

[startup+28.6004 s]
/proc/loadavg: 41.64 46.61 55.83 50/3337 153292
/proc/meminfo: memFree=382638996/527542212 swapFree=32815356/33554428
[pid=146937] ppid=146936 vsize=4244 memory=2988 CPUtime=0 cores=44-70,72,156-182,184
/proc/146937/stat : 146937 (bash) S 146936 146937 146834 0 -1 4194304 279 141 0 0 0 0 0 0 20 0 1 0 218101575 4345856 747 134175784960 94560500477952 94560501459869 140723097988912 0 0 0 65536 4 65538 0 0 0 17 54 0 0 0 0 0 94560501693168 94560501741412 94560516599808 140723097992630 140723097992806 140723097992806 140723098005482 0
/proc/146937/statm: 1061 747 652 240 0 187 0
[pid=146941] ppid=146937 vsize=9899464 memory=9117400 CPUtime=28.46 cores=44-70,72,156-182,184
/proc/146941/stat : 146941 (kat_xcsp_c609cc) S 146937 146937 146834 0 -1 1077936128 2097762 0 0 0 2354 492 0 0 20 0 3 0 218101576 10137051136 2279350 134175784960 23020353667072 23020361434496 140721993055888 0 0 0 0 4096 8406082 0 0 0 17 167 0 0 0 0 0 23020361548424 23020361569648 93825016311808 140721993063680 140721993063995 140721993063995 140721993076687 0
/proc/146941/statm: 2474866 2279350 730 1897 0 2439105 0
[pid=146941/tid=146942] ppid=146937 vsize=9899464 memory=6494448 CPUtime=28.46 cores=44-70,72,156-182,184
/proc/146941/task/146942/stat : 146942 (kat_xcsp_c609cc) R 146937 146937 146834 0 -1 4194368 2097478 0 0 0 2354 492 0 0 20 0 3 0 218101576 10137051136 2279350 134175784960 23020353667072 23020361434496 140721993055888 0 0 0 0 4096 8406082 0 0 0 -1 49 0 0 0 0 0 23020361548424 23020361569648 93825016311808 140721993063680 140721993063995 140721993063995 140721993076687 0
[pid=146941/tid=146943] ppid=146937 vsize=9899464 memory=7329960 CPUtime=0 cores=44-70,72,156-182,184
/proc/146941/task/146943/stat : 146943 (kat_xcsp_c609cc) S 146937 146937 146834 0 -1 1077936192 1 0 0 0 0 0 0 0 20 0 3 0 218101576 10137051136 2279350 134175784960 23020353667072 23020361434496 140721993055888 0 0 0 0 4096 8406082 0 0 0 -1 164 0 0 0 0 0 23020361548424 23020361569648 93825016311808 140721993063680 140721993063995 140721993063995 140721993076687 0
Current children cumulated CPU time: 28.46 s
Current children cumulated vsize: 9903708 KiB
Current children cumulated memory: 9120388 KiB

[startup+35.6004 s]*
/proc/loadavg: 42.30 46.59 55.73 52/3335 153303
/proc/meminfo: memFree=375169188/527542212 swapFree=32815356/33554428
[pid=146937] ppid=146936 vsize=4244 memory=2988 CPUtime=0 cores=44-70,72,156-182,184
/proc/146937/stat : 146937 (bash) S 146936 146937 146834 0 -1 4194304 279 141 0 0 0 0 0 0 20 0 1 0 218101575 4345856 747 134175784960 94560500477952 94560501459869 140723097988912 0 0 0 65536 4 65538 0 0 0 17 54 0 0 0 0 0 94560501693168 94560501741412 94560516599808 140723097992630 140723097992806 140723097992806 140723098005482 0
/proc/146937/statm: 1061 747 652 240 0 187 0
[pid=146941] ppid=146937 vsize=12127688 memory=11525140 CPUtime=35.53 cores=44-70,72,156-182,184
/proc/146941/stat : 146941 (kat_xcsp_c609cc) S 146937 146937 146834 0 -1 1077936128 2653787 0 0 0 2936 617 0 0 20 0 3 0 218101576 12418752512 2881219 134175784960 23020353667072 23020361434496 140721993055888 0 0 0 0 4096 8406082 0 0 0 17 167 0 0 0 0 0 23020361548424 23020361569648 93825016311808 140721993063680 140721993063995 140721993063995 140721993076687 0
/proc/146941/statm: 3031922 2881219 730 1897 0 3008014 0
[pid=146941/tid=146942] ppid=146937 vsize=12127688 memory=-7162857917271276926 CPUtime=35.55 cores=44-70,72,156-182,184
/proc/146941/task/146942/stat : 146942 (kat_xcsp_c609cc) R 146937 146937 146834 0 -1 4194368 2655947 0 0 0 2938 617 0 0 20 0 3 0 218101576 12418752512 2883702 134175784960 23020353667072 23020361434496 140721993055888 0 0 0 0 4096 8406082 0 0 0 -1 47 0 0 0 0 0 23020361548424 23020361569648 93825016311808 140721993063680 140721993063995 140721993063995 140721993076687 0
[pid=146941/tid=146943] ppid=146937 vsize=12127688 memory=-9204406297659781680 CPUtime=0 cores=44-70,72,156-182,184
/proc/146941/task/146943/stat : 146943 (kat_xcsp_c609cc) S 146937 146937 146834 0 -1 1077936192 1 0 0 0 0 0 0 0 20 0 3 0 218101576 12418752512 2883702 134175784960 23020353667072 23020361434496 140721993055888 0 0 0 0 4096 8406082 0 0 0 -1 164 0 0 0 0 0 23020361548424 23020361569648 93825016311808 140721993063680 140721993063995 140721993063995 140721993076687 0
Current children cumulated CPU time: 35.53 s
Current children cumulated vsize: 12131932 KiB
Current children cumulated memory: 11528128 KiB

[startup+39.2004 s]
/proc/loadavg: 42.30 46.59 55.73 48/3337 153307
/proc/meminfo: memFree=374723808/527542212 swapFree=32815356/33554428
[pid=146937] ppid=146936 vsize=4244 memory=2988 CPUtime=0 cores=44-70,72,156-182,184
/proc/146937/stat : 146937 (bash) S 146936 146937 146834 0 -1 4194304 279 141 0 0 0 0 0 0 20 0 1 0 218101575 4345856 747 134175784960 94560500477952 94560501459869 140723097988912 0 0 0 65536 4 65538 0 0 0 17 54 0 0 0 0 0 94560501693168 94560501741412 94560516599808 140723097992630 140723097992806 140723097992806 140723098005482 0
/proc/146937/statm: 1061 747 652 240 0 187 0
[pid=146941] ppid=146937 vsize=12351928 memory=11736040 CPUtime=39.01 cores=44-70,72,156-182,184
/proc/146941/stat : 146941 (kat_xcsp_c609cc) S 146937 146937 146834 0 -1 1077936128 3190576 0 0 0 3233 668 0 0 20 0 3 0 218101576 12648374272 2934010 134175784960 23020353667072 23020361434496 140721993055888 0 0 0 0 4096 8406082 0 0 0 17 167 0 0 0 0 0 23020361548424 23020361569648 93825016311808 140721993063680 140721993063995 140721993063995 140721993076687 0
/proc/146941/statm: 3087982 2934010 803 1897 0 3054343 0
[pid=146941/tid=146942] ppid=146937 vsize=12351928 memory=11762060 CPUtime=39.01 cores=44-70,72,156-182,184
/proc/146941/task/146942/stat : 146942 (kat_xcsp_c609cc) R 146937 146937 146834 0 -1 4194368 3190286 0 0 0 3233 668 0 0 20 0 3 0 218101576 12648374272 2934010 134175784960 23020353667072 23020361434496 140721993055888 0 0 0 0 4096 8406082 0 0 0 -1 47 0 0 0 0 0 23020361548424 23020361569648 93825016311808 140721993063680 140721993063995 140721993063995 140721993076687 0
[pid=146941/tid=146943] ppid=146937 vsize=12351928 memory=10679368 CPUtime=0 cores=44-70,72,156-182,184
/proc/146941/task/146943/stat : 146943 (kat_xcsp_c609cc) S 146937 146937 146834 0 -1 1077936192 1 0 0 0 0 0 0 0 20 0 3 0 218101576 12648374272 2934010 134175784960 23020353667072 23020361434496 140721993055888 0 0 0 0 4096 8406082 0 0 0 -1 164 0 0 0 0 0 23020361548424 23020361569648 93825016311808 140721993063680 140721993063995 140721993063995 140721993076687 0
Current children cumulated CPU time: 39.01 s
Current children cumulated vsize: 12356172 KiB
Current children cumulated memory: 11739028 KiB

[startup+40.9004 s]
/proc/loadavg: 42.30 46.59 55.73 49/3337 153307
/proc/meminfo: memFree=374690116/527542212 swapFree=32815356/33554428
[pid=146937] ppid=146936 vsize=4244 memory=2988 CPUtime=0 cores=44-70,72,156-182,184
/proc/146937/stat : 146937 (bash) S 146936 146937 146834 0 -1 4194304 279 141 0 0 0 0 0 0 20 0 1 0 218101575 4345856 747 134175784960 94560500477952 94560501459869 140723097988912 0 0 0 65536 4 65538 0 0 0 17 54 0 0 0 0 0 94560501693168 94560501741412 94560516599808 140723097992630 140723097992806 140723097992806 140723098005482 0
/proc/146937/statm: 1061 747 652 240 0 187 0
[pid=146941] ppid=146937 vsize=12351928 memory=11736040 CPUtime=40.7 cores=44-70,72,156-182,184
/proc/146941/stat : 146941 (kat_xcsp_c609cc) S 146937 146937 146834 0 -1 1077936128 3196116 0 0 0 3402 668 0 0 20 0 3 0 218101576 12648374272 2934010 134175784960 23020353667072 23020361434496 140721993055888 0 0 0 0 4096 8406082 0 0 0 17 167 0 0 0 0 0 23020361548424 23020361569648 93825016311808 140721993063680 140721993063995 140721993063995 140721993076687 0
/proc/146941/statm: 3087982 2934010 803 1897 0 3054343 0
[pid=146941/tid=146942] ppid=146937 vsize=12351928 memory=188888 CPUtime=40.7 cores=44-70,72,156-182,184
/proc/146941/task/146942/stat : 146942 (kat_xcsp_c609cc) R 146937 146937 146834 0 -1 4194368 3195826 0 0 0 3402 668 0 0 20 0 3 0 218101576 12648374272 2934010 134175784960 23020353667072 23020361434496 140721993055888 0 0 0 0 4096 8406082 0 0 0 -1 48 0 0 0 0 0 23020361548424 23020361569648 93825016311808 140721993063680 140721993063995 140721993063995 140721993076687 0
[pid=146941/tid=146943] ppid=146937 vsize=12351928 memory=6164 CPUtime=0 cores=44-70,72,156-182,184
/proc/146941/task/146943/stat : 146943 (kat_xcsp_c609cc) S 146937 146937 146834 0 -1 1077936192 1 0 0 0 0 0 0 0 20 0 3 0 218101576 12648374272 2934010 134175784960 23020353667072 23020361434496 140721993055888 0 0 0 0 4096 8406082 0 0 0 -1 164 0 0 0 0 0 23020361548424 23020361569648 93825016311808 140721993063680 140721993063995 140721993063995 140721993076687 0
Current children cumulated CPU time: 40.7 s
Current children cumulated vsize: 12356172 KiB
Current children cumulated memory: 11739028 KiB

[startup+41.4004 s]
/proc/loadavg: 42.92 46.64 55.70 47/3337 153307
/proc/meminfo: memFree=374673584/527542212 swapFree=32815356/33554428
[pid=146937] ppid=146936 vsize=4244 memory=2988 CPUtime=0 cores=44-70,72,156-182,184
/proc/146937/stat : 146937 (bash) S 146936 146937 146834 0 -1 4194304 279 141 0 0 0 0 0 0 20 0 1 0 218101575 4345856 747 134175784960 94560500477952 94560501459869 140723097988912 0 0 0 65536 4 65538 0 0 0 17 54 0 0 0 0 0 94560501693168 94560501741412 94560516599808 140723097992630 140723097992806 140723097992806 140723098005482 0
/proc/146937/statm: 1061 747 652 240 0 187 0
[pid=146941] ppid=146937 vsize=11303348 memory=10820580 CPUtime=41.2 cores=44-70,72,156-182,184
/proc/146941/stat : 146941 (kat_xcsp_c609cc) S 146937 146937 146834 0 -1 1077936128 3302492 0 0 0 3442 678 0 0 20 0 3 0 218101576 11574628352 2705145 134175784960 23020353667072 23020361434496 140721993055888 0 0 0 0 4096 8406082 0 0 0 17 167 0 0 0 0 0 23020361548424 23020361569648 93825016311808 140721993063680 140721993063995 140721993063995 140721993076687 0
/proc/146941/statm: 2825837 2705145 803 1897 0 2792198 0
[pid=146941/tid=146942] ppid=146937 vsize=11303348 memory=108958128 CPUtime=41.2 cores=44-70,72,156-182,184
/proc/146941/task/146942/stat : 146942 (kat_xcsp_c609cc) R 146937 146937 146834 0 -1 4194368 3302202 0 0 0 3442 678 0 0 20 0 3 0 218101576 11574628352 2705145 134175784960 23020353667072 23020361434496 140721993055888 0 0 0 0 4096 8406082 0 0 0 -1 48 0 0 0 0 0 23020361548424 23020361569648 93825016311808 140721993063680 140721993063995 140721993063995 140721993076687 0
[pid=146941/tid=146943] ppid=146937 vsize=11303348 memory=15252636676922589 CPUtime=0 cores=44-70,72,156-182,184
/proc/146941/task/146943/stat : 146943 (kat_xcsp_c609cc) S 146937 146937 146834 0 -1 1077936192 1 0 0 0 0 0 0 0 20 0 3 0 218101576 11574628352 2705145 134175784960 23020353667072 23020361434496 140721993055888 0 0 0 0 4096 8406082 0 0 0 -1 164 0 0 0 0 0 23020361548424 23020361569648 93825016311808 140721993063680 140721993063995 140721993063995 140721993076687 0
Current children cumulated CPU time: 41.2 s
Current children cumulated vsize: 11307592 KiB
Current children cumulated memory: 10823568 KiB

[startup+41.8002 s]
/proc/loadavg: 42.92 46.64 55.70 47/3337 153307
/proc/meminfo: memFree=374673584/527542212 swapFree=32815356/33554428
[pid=146937] ppid=146936 vsize=4244 memory=2988 CPUtime=0 cores=44-70,72,156-182,184
/proc/146937/stat : 146937 (bash) S 146936 146937 146834 0 -1 4194304 279 141 0 0 0 0 0 0 20 0 1 0 218101575 4345856 747 134175784960 94560500477952 94560501459869 140723097988912 0 0 0 65536 4 65538 0 0 0 17 54 0 0 0 0 0 94560501693168 94560501741412 94560516599808 140723097992630 140723097992806 140723097992806 140723098005482 0
/proc/146937/statm: 1061 747 652 240 0 187 0
Current children cumulated CPU time: 0 s
Current children cumulated vsize: 4244 KiB
Current children cumulated memory: 2988 KiB

[startup+41.9001 s]
/proc/loadavg: 42.92 46.64 55.70 47/3337 153307
/proc/meminfo: memFree=374673584/527542212 swapFree=32815356/33554428
[pid=146937] ppid=146936 vsize=4244 memory=2988 CPUtime=0 cores=44-70,72,156-182,184
/proc/146937/stat : 146937 (bash) S 146936 146937 146834 0 -1 4194304 279 141 0 0 0 0 0 0 20 0 1 0 218101575 4345856 747 134175784960 94560500477952 94560501459869 140723097988912 0 0 0 65536 4 65538 0 0 0 17 54 0 0 0 0 0 94560501693168 94560501741412 94560516599808 140723097992630 140723097992806 140723097992806 140723098005482 0
/proc/146937/statm: 1061 747 652 240 0 187 0
Current children cumulated CPU time: 0 s
Current children cumulated vsize: 4244 KiB
Current children cumulated memory: 2988 KiB

Child status: 0
Real time (s): 41.9562
CPU time (s): 41.7695
CPU user time (s): 34.5685
CPU system time (s): 7.20093
CPU usage (%): 99.5548
Max. virtual memory (cumulated for all children) (KiB): 12394076
Max. memory (cumulated for all children) (KiB): 11765048

getrusage(RUSAGE_CHILDREN,...) data:
user time used= 34.5685
system time used= 7.20093
maximum resident set size= 11762060
integral shared memory size= 0
integral unshared data size= 0
integral unshared stack size= 0
page reclaims= 3367652
page faults= 0
swaps= 0
block input operations= 16
block output operations= 64
messages sent= 0
messages received= 0
signals received= 0
voluntary context switches= 96
involuntary context switches= 88


# summary of solver processes directly reported to runsolver:
#   pid: 146937
#   total CPU time (s): 41.7695
#   total CPU user time (s): 34.5685
#   total CPU system time (s): 7.20093

??? end of timestamper thread
runsolver used 1.11372 second user time and 4.01963 second system time

The end
