c cmd: /host-parser-bin/kat_xcsp_4415b637_dirty_incsoftfix /bench/competition/2022-2025/COP22to25/Filters-dct-1-2_c22.xml.lzma --encoder portfolio --portfolio-strategy v3 --cop-pipeline guarded-basic --cop-objective-cut direct-expr --cop-objective-cut-timing incremental-soft --cop-objective-cut-backend cnf --table-encoding mdd-tl --cumulative-mode exact --cumulative-decomposition time-rd --progress --log-scop-linear-pb-backend auto --log-scop-bdd-decomposition auto --log-scop-aggregate-weighted-lits --order-ge-shorten-link-cost --direct-eq-ne-max-arity 2 --eq-ne-encoding direct --portfolio-log-scop-eq-ne-encoding ge-rewrite --cop-objective-phase auto --cop-objective-search trisection --cop-objective-search-fallback-budget 180
c version: kat-cli=0.1.0 git=unknown-clean
c run_start_local: 2026-06-17 03:07:53 +0900
c 00h00m00s | solve:start
c 00h00m00s | stage:objective-cut timing=incremental-soft backend=cnf form=direct-expr
c 00h00m00s | input: constraints=66
c 00h00m00s | stage:propagate:start
c 00h00m00s | stage:propagate:done ms=0 pruned=240 changed_domains=48 entailed_tables=0
c 00h00m00s | memory:rss checkpoint=after_propagate bytes=3809280 rss=3.63MiB
c 00h00m00s | stage:normalize:start
c 00h00m00s | stage:normalize:done ms=0 high_constraints=66
c 00h00m00s | stage:lower:start
c 00h00m00s | stage:lower:progress percent=10 processed=7 total=66 lowered=7 unsupported=0 ms=0
c 00h00m00s | stage:lower:progress percent=20 processed=14 total=66 lowered=14 unsupported=0 ms=0
c 00h00m00s | stage:lower:progress percent=30 processed=20 total=66 lowered=20 unsupported=0 ms=0
c 00h00m00s | stage:lower:progress percent=40 processed=27 total=66 lowered=27 unsupported=0 ms=0
c 00h00m00s | stage:lower:progress percent=50 processed=33 total=66 lowered=33 unsupported=0 ms=0
c 00h00m00s | stage:lower:progress percent=60 processed=40 total=66 lowered=40 unsupported=0 ms=0
c 00h00m00s | stage:lower:progress percent=70 processed=47 total=66 lowered=47 unsupported=0 ms=0
c 00h00m00s | stage:lower:progress percent=80 processed=53 total=66 lowered=53 unsupported=0 ms=0
c 00h00m00s | stage:lower:progress percent=90 processed=60 total=66 lowered=60 unsupported=0 ms=0
c 00h00m00s | stage:lower:progress percent=100 processed=66 total=66 lowered=66 unsupported=0 ms=8
c 00h00m00s | stage:lower:done ms=8 lowered=66 unsupported=0
c 00h00m00s | memory:rss checkpoint=after_lower bytes=4345856 rss=4.14MiB
c 00h00m00s | stage:post_lower:start
c 00h00m00s | stage:post_lower:done ms=0 rounds=0 tightened=0 removed_cls=0 removed_lits=992 unsat=false precise_hits=0 precise_rounds=0 pivot_recomputes=0 pivot_exact_attempts=0 pivot_general_attempts=0 pivot_general_rest_missing=0 pivot_general_bound_missing=0 pivot_general_no_change=0 pivot_general_tightened=0 setup_ms=0 loop_ms=0 pivot_ms=0 pivot_version_ms=0 pivot_exact_ms=0 pivot_general_ms=0 pivot_general_prepare_ms=0 pivot_general_rest_ms=0 pivot_general_derive_ms=0 apply_ms=0 sat_ms=0 precise_ms=0
c 00h00m00s | memory:rss checkpoint=after_post_lower bytes=4345856 rss=4.14MiB
c 00h00m00s | stage:lowered-shape int_vars=96 bool_vars=2464 linear_atoms=2504 table_atoms=0 table_tuples=0 table_scope=0 alldiff_atoms=0 circuit_atoms=0 product_atoms=0 logical_clauses=3144
c 00h00m00s | stage:root-lp:skip reason=disabled ms=0
c 00h00m00s | memory:rss checkpoint=before_preencode bytes=4345856 rss=4.14MiB
c 00h00m00s | stage:preencode(log-scop):start
c 00h00m00s | stage:preencode(log-scop):done ms=0 int_vars=96
c 00h00m00s | memory:rss checkpoint=after_preencode bytes=4616192 rss=4.40MiB
c 00h00m00s | memory:rss checkpoint=before_encode bytes=4616192 rss=4.40MiB
c 00h00m00s | stage:encode(log-scop):start
c 00h00m00s | memory:rss checkpoint=encode_clause_sample stage=log-scop clauses=7240 bytes=5181440 rss=4.94MiB progress_percent=10 processed=316 total=3152
c 00h00m00s | stage:encode(log-scop):progress percent=10 processed=316 total=3152 sat_clauses=7240 ms=1
c 00h00m00s | memory:rss checkpoint=encode_clause_sample stage=log-scop clauses=12999 bytes=5181440 rss=4.94MiB progress_percent=20 processed=631 total=3152
c 00h00m00s | stage:encode(log-scop):progress percent=20 processed=631 total=3152 sat_clauses=12999 ms=2
c 00h00m00s | memory:rss checkpoint=encode_clause_sample stage=log-scop clauses=18750 bytes=5181440 rss=4.94MiB progress_percent=30 processed=946 total=3152
c 00h00m00s | stage:encode(log-scop):progress percent=30 processed=946 total=3152 sat_clauses=18750 ms=4
c 00h00m00s | memory:rss checkpoint=encode_clause_sample stage=log-scop clauses=24636 bytes=5181440 rss=4.94MiB progress_percent=40 processed=1261 total=3152
c 00h00m00s | stage:encode(log-scop):progress percent=40 processed=1261 total=3152 sat_clauses=24636 ms=5
c 00h00m00s | memory:rss checkpoint=encode_clause_sample stage=log-scop clauses=30393 bytes=5451776 rss=5.20MiB progress_percent=50 processed=1576 total=3152
c 00h00m00s | stage:encode(log-scop):progress percent=50 processed=1576 total=3152 sat_clauses=30393 ms=6
c 00h00m00s | memory:rss checkpoint=encode_clause_sample stage=log-scop clauses=36449 bytes=5451776 rss=5.20MiB progress_percent=60 processed=1892 total=3152
c 00h00m00s | stage:encode(log-scop):progress percent=60 processed=1892 total=3152 sat_clauses=36449 ms=7
c 00h00m00s | memory:rss checkpoint=encode_clause_sample stage=log-scop clauses=41773 bytes=5451776 rss=5.20MiB progress_percent=70 processed=2207 total=3152
c 00h00m00s | stage:encode(log-scop):progress percent=70 processed=2207 total=3152 sat_clauses=41773 ms=8
c 00h00m00s | memory:rss checkpoint=encode_clause_sample stage=log-scop clauses=47090 bytes=5451776 rss=5.20MiB progress_percent=80 processed=2522 total=3152
c 00h00m00s | stage:encode(log-scop):progress percent=80 processed=2522 total=3152 sat_clauses=47090 ms=9
c 00h00m00s | memory:rss checkpoint=encode_clause_sample stage=log-scop clauses=53050 bytes=5722112 rss=5.46MiB progress_percent=90 processed=2837 total=3152
c 00h00m00s | stage:encode(log-scop):progress percent=90 processed=2837 total=3152 sat_clauses=53050 ms=10
c 00h00m00s | memory:rss checkpoint=encode_clause_sample stage=log-scop clauses=58780 bytes=5722112 rss=5.46MiB progress_percent=100 processed=3152 total=3152
c 00h00m00s | stage:encode(log-scop):progress percent=100 processed=3152 total=3152 sat_clauses=58780 ms=11
c 00h00m00s | stage:encode(log-scop):done ms=30 sat_vars=36842 sat_clauses=58780 ext_ge_specs=0 relaxed_circuits=0 log_scop_pb_constraints=1544 log_scop_pb_mixed=0 log_scop_pb_bdd2=1544 log_scop_pb_bdd3=0 log_scop_pb_sorter=0 log_scop_pb_dadda=0 log_scop_bdd_raw=1544 log_scop_bdd_binary=0 log_scop_bdd_multibase=0
c 00h00m00s | stage:post-encode(log-scop):start sat_vars=36842 sat_clauses=58780 has_relaxations=false external_tables=0
c 00h00m00s | stage:post-encode(log-scop):after-finish-check ms=0
c 00h00m00s | stage:post-encode(log-scop):decode-layout-ready int_symbols=96 ms=0
c 00h00m00s | stage:post-encode(log-scop):cumulative-external-ready has_prop=false ms=0
c 00h00m00s | stage:post-encode(log-scop):log-scop-external-ready has_prop=false ms=0
c 00h00m00s | stage:post-encode(log-scop):external-prop-connected has_prop=false ms=0
c 00h00m00s | stage:post-encode(log-scop):done sat_vars=36842 sat_clauses=58780 ms=0
c 00h00m00s | stage:post-encode(log-scop):reusable-ready mode=SoftCnf sat_vars=36842
c 00h00m00s | stage:objective-external-ge-template(log-scop):start cut=DirectExpr wants_ext_ge=false
c 00h00m00s | stage:objective-external-ge-template(log-scop):done has_template=false ms=0
c 00h00m00s | stage:objective-mode(log-scop):resolved mode=SoftCnf wants_ext_ge=false has_ext_ge_template=false
c 00h00m00s | stage:objective-cut-surface(log-scop):skip mode=SoftCnf cut=DirectExpr has_ext_ge_template=false
c 00h00m00s | stage:objective-cut timing=incremental-soft backend=cnf form=direct-expr
c 00h00m00s | stage:objective-encoder(log-scop):ready mode=SoftCnf soft=true sat_vars=36842
c 00h00m00s | stage:objective-loop:enter encoder=log-scop mode=SoftCnf lower=1 upper=101 has_incumbent=false soft_active=true
c 00h00m00s | stage:sat:round-entry encoder=log-scop assumptions=0 phase_lits=0 sat_vars=36842 base_clauses=58780
c 00h00m00s | stage:sat:init solver=CaDiCaL vars=36842 clauses=58780
c 00h00m00s | stage:sat:solve:start assumptions=0 phase_lits=0
c 00h00m00s | stage:sat:solve:done ms=12 result=Sat assumptions=0 phase_lits=0
c 00h00m00s | stage:decode:start
c 00h00m00s | stage:decode:done int_assignments=96
c 00h00m00s | result:Sat
c 00h00m00s | objective:incumbent kind=initial value=94 rounds=1 improvements=0
o 94
c 00h00m00s | stage:objective-loop:enter encoder=log-scop mode=SoftCnf lower=1 upper=101 has_incumbent=true soft_active=true
c objective-cut:rss-guard enabled=false
c 00h00m00s | stage:objective-cut:soft-install bound=63 guard=37153 clauses_added=546
c 00h00m00s | stage:objective-cut:soft-probe search=trisection [LB,UB] = [1,93] next 63 source=install guard=37153
c 00h00m00s | stage:sat:round-entry encoder=log-scop assumptions=1 phase_lits=0 sat_vars=37153 base_clauses=59326
c 00h00m00s | stage:sat:init solver=CaDiCaL vars=37153 clauses=59326
c 00h00m00s | stage:sat:solve:start assumptions=1 phase_lits=0
c 00h00m00s | stage:sat:solve:done ms=14 result=Sat assumptions=1 phase_lits=0
c 00h00m00s | stage:decode:start
c 00h00m00s | stage:decode:done int_assignments=96
c 00h00m00s | result:Sat
c 00h00m00s | objective:incumbent kind=improvement value=63 rounds=2 improvements=1
o 63
c 00h00m00s | stage:objective-cut:soft-result search=trisection bound=63 result=sat guard=37153 hard=guard [LB,UB] = [1,62]
c 00h00m00s | stage:objective-loop:enter encoder=log-scop mode=SoftCnf lower=1 upper=101 has_incumbent=true soft_active=true
c objective-cut:rss-guard enabled=false
c 00h00m00s | stage:objective-cut:soft-install bound=42 guard=37456 clauses_added=544
c 00h00m00s | stage:objective-cut:soft-probe search=trisection [LB,UB] = [1,62] next 42 source=install guard=37456
c 00h00m00s | stage:sat:round-entry encoder=log-scop assumptions=1 phase_lits=0 sat_vars=37456 base_clauses=59871
c 00h00m00s | stage:sat:init solver=CaDiCaL vars=37456 clauses=59871
c 00h00m00s | stage:sat:solve:start assumptions=1 phase_lits=0
c 00h00m00s | stage:sat:solve:done ms=42 result=Sat assumptions=1 phase_lits=0
c 00h00m00s | stage:decode:start
c 00h00m00s | stage:decode:done int_assignments=96
c 00h00m00s | result:Sat
c 00h00m00s | objective:incumbent kind=improvement value=42 rounds=3 improvements=2
o 42
c 00h00m00s | stage:objective-cut:soft-result search=trisection bound=42 result=sat guard=37456 hard=guard [LB,UB] = [1,41]
c 00h00m00s | stage:objective-loop:enter encoder=log-scop mode=SoftCnf lower=1 upper=101 has_incumbent=true soft_active=true
c objective-cut:rss-guard enabled=false
c 00h00m00s | stage:objective-cut:soft-install bound=28 guard=37759 clauses_added=540
c 00h00m00s | stage:objective-cut:soft-probe search=trisection [LB,UB] = [1,41] next 28 source=install guard=37759
c 00h00m00s | stage:sat:round-entry encoder=log-scop assumptions=1 phase_lits=0 sat_vars=37759 base_clauses=60412
c 00h00m00s | stage:sat:init solver=CaDiCaL vars=37759 clauses=60412
c 00h00m00s | stage:sat:solve:start assumptions=1 phase_lits=0
c 00h03m00s | stage:sat:solve:done ms=180000 result=Unknown assumptions=1 phase_lits=0
c 00h03m00s | result:unknown reason=sat_solver_returned_unknown
c 00h03m00s | result:Unknown
c 00h03m00s | stage:objective-cut:soft-fallback search=trisection reason=budget-exhausted budget_s=180 mode=step incumbent=42 [LB,UB]=[1,41]
c 00h03m00s | stage:objective-loop:enter encoder=log-scop mode=SoftCnf lower=1 upper=101 has_incumbent=true soft_active=true
c objective-cut:rss-guard enabled=false
c 00h03m00s | stage:objective-cut:soft-install bound=41 guard=38068 clauses_added=554
c 00h03m00s | stage:objective-cut:soft-probe search=step [LB,UB] = [1,41] next 41 source=install guard=38068
c 00h03m00s | stage:sat:round-entry encoder=log-scop assumptions=1 phase_lits=0 sat_vars=38068 base_clauses=60966
c 00h03m00s | stage:sat:init solver=CaDiCaL vars=38068 clauses=60966
c 00h03m00s | stage:sat:solve:start assumptions=1 phase_lits=0
c 00h03m00s | stage:sat:solve:done ms=39 result=Sat assumptions=1 phase_lits=0
c 00h03m00s | stage:decode:start
c 00h03m00s | stage:decode:done int_assignments=96
c 00h03m00s | result:Sat
c 00h03m00s | objective:incumbent kind=improvement value=41 rounds=4 improvements=3
o 41
c 00h03m00s | stage:objective-cut:soft-result search=step bound=41 result=sat guard=38068 hard=guard [LB,UB] = [1,40]
c 00h03m00s | stage:objective-loop:enter encoder=log-scop mode=SoftCnf lower=1 upper=101 has_incumbent=true soft_active=true
c objective-cut:rss-guard enabled=false
c 00h03m00s | stage:objective-cut:soft-install bound=40 guard=38373 clauses_added=550
c 00h03m00s | stage:objective-cut:soft-probe search=step [LB,UB] = [1,40] next 40 source=install guard=38373
c 00h03m00s | stage:sat:round-entry encoder=log-scop assumptions=1 phase_lits=0 sat_vars=38373 base_clauses=61517
c 00h03m00s | stage:sat:init solver=CaDiCaL vars=38373 clauses=61517
c 00h03m00s | stage:sat:solve:start assumptions=1 phase_lits=0
c 00h03m00s | stage:sat:solve:done ms=363 result=Sat assumptions=1 phase_lits=0
c 00h03m00s | stage:decode:start
c 00h03m00s | stage:decode:done int_assignments=96
c 00h03m00s | result:Sat
c 00h03m00s | objective:incumbent kind=improvement value=40 rounds=5 improvements=4
o 40
c 00h03m00s | stage:objective-cut:soft-result search=step bound=40 result=sat guard=38373 hard=guard [LB,UB] = [1,39]
c 00h03m00s | stage:objective-loop:enter encoder=log-scop mode=SoftCnf lower=1 upper=101 has_incumbent=true soft_active=true
c objective-cut:rss-guard enabled=false
c 00h03m00s | stage:objective-cut:soft-install bound=39 guard=38684 clauses_added=562
c 00h03m00s | stage:objective-cut:soft-probe search=step [LB,UB] = [1,39] next 39 source=install guard=38684
c 00h03m00s | stage:sat:round-entry encoder=log-scop assumptions=1 phase_lits=0 sat_vars=38684 base_clauses=62080
c 00h03m00s | stage:sat:init solver=CaDiCaL vars=38684 clauses=62080
c 00h03m00s | stage:sat:solve:start assumptions=1 phase_lits=0
c 00h03m00s | stage:sat:solve:done ms=8 result=Sat assumptions=1 phase_lits=0
c 00h03m00s | stage:decode:start
c 00h03m00s | stage:decode:done int_assignments=96
c 00h03m00s | result:Sat
c 00h03m00s | objective:incumbent kind=improvement value=39 rounds=6 improvements=5
o 39
c 00h03m00s | stage:objective-cut:soft-result search=step bound=39 result=sat guard=38684 hard=guard [LB,UB] = [1,38]
c 00h03m00s | stage:objective-loop:enter encoder=log-scop mode=SoftCnf lower=1 upper=101 has_incumbent=true soft_active=true
c objective-cut:rss-guard enabled=false
c 00h03m00s | stage:objective-cut:soft-install bound=38 guard=38975 clauses_added=528
c 00h03m00s | stage:objective-cut:soft-probe search=step [LB,UB] = [1,38] next 38 source=install guard=38975
c 00h03m00s | stage:sat:round-entry encoder=log-scop assumptions=1 phase_lits=0 sat_vars=38975 base_clauses=62609
c 00h03m00s | stage:sat:init solver=CaDiCaL vars=38975 clauses=62609
c 00h03m00s | stage:sat:solve:start assumptions=1 phase_lits=0
c 00h03m00s | stage:sat:solve:done ms=5 result=Sat assumptions=1 phase_lits=0
c 00h03m00s | stage:decode:start
c 00h03m00s | stage:decode:done int_assignments=96
c 00h03m00s | result:Sat
c 00h03m00s | objective:incumbent kind=improvement value=38 rounds=7 improvements=6
o 38
c 00h03m00s | stage:objective-cut:soft-result search=step bound=38 result=sat guard=38975 hard=guard [LB,UB] = [1,37]
c 00h03m00s | stage:objective-loop:enter encoder=log-scop mode=SoftCnf lower=1 upper=101 has_incumbent=true soft_active=true
c objective-cut:rss-guard enabled=false
c 00h03m00s | stage:objective-cut:soft-install bound=37 guard=39278 clauses_added=538
c 00h03m00s | stage:objective-cut:soft-probe search=step [LB,UB] = [1,37] next 37 source=install guard=39278
c 00h03m00s | stage:sat:round-entry encoder=log-scop assumptions=1 phase_lits=0 sat_vars=39278 base_clauses=63148
c 00h03m00s | stage:sat:init solver=CaDiCaL vars=39278 clauses=63148
c 00h03m00s | stage:sat:solve:start assumptions=1 phase_lits=0
c 00h03m00s | stage:sat:solve:done ms=7 result=Sat assumptions=1 phase_lits=0
c 00h03m00s | stage:decode:start
c 00h03m00s | stage:decode:done int_assignments=96
c 00h03m00s | result:Sat
c 00h03m00s | objective:incumbent kind=improvement value=37 rounds=8 improvements=7
o 37
c 00h03m00s | stage:objective-cut:soft-result search=step bound=37 result=sat guard=39278 hard=guard [LB,UB] = [1,36]
c 00h03m00s | stage:objective-loop:enter encoder=log-scop mode=SoftCnf lower=1 upper=101 has_incumbent=true soft_active=true
c objective-cut:rss-guard enabled=false
c 00h03m00s | stage:objective-cut:soft-install bound=36 guard=39577 clauses_added=528
c 00h03m00s | stage:objective-cut:soft-probe search=step [LB,UB] = [1,36] next 36 source=install guard=39577
c 00h03m00s | stage:sat:round-entry encoder=log-scop assumptions=1 phase_lits=0 sat_vars=39577 base_clauses=63677
c 00h03m00s | stage:sat:init solver=CaDiCaL vars=39577 clauses=63677
c 00h03m00s | stage:sat:solve:start assumptions=1 phase_lits=0
c 00h03m00s | stage:sat:solve:done ms=3 result=Sat assumptions=1 phase_lits=0
c 00h03m00s | stage:decode:start
c 00h03m00s | stage:decode:done int_assignments=96
c 00h03m00s | result:Sat
c 00h03m00s | objective:incumbent kind=improvement value=36 rounds=9 improvements=8
o 36
c 00h03m00s | stage:objective-cut:soft-result search=step bound=36 result=sat guard=39577 hard=guard [LB,UB] = [1,35]
c 00h03m00s | stage:objective-loop:enter encoder=log-scop mode=SoftCnf lower=1 upper=101 has_incumbent=true soft_active=true
c objective-cut:rss-guard enabled=false
c 00h03m00s | stage:objective-cut:soft-install bound=35 guard=39888 clauses_added=546
c 00h03m00s | stage:objective-cut:soft-probe search=step [LB,UB] = [1,35] next 35 source=install guard=39888
c 00h03m00s | stage:sat:round-entry encoder=log-scop assumptions=1 phase_lits=0 sat_vars=39888 base_clauses=64224
c 00h03m00s | stage:sat:init solver=CaDiCaL vars=39888 clauses=64224
c 00h03m00s | stage:sat:solve:start assumptions=1 phase_lits=0
c 00h03m00s | stage:sat:solve:done ms=7 result=Sat assumptions=1 phase_lits=0
c 00h03m00s | stage:decode:start
c 00h03m00s | stage:decode:done int_assignments=96
c 00h03m00s | result:Sat
c 00h03m00s | objective:incumbent kind=improvement value=35 rounds=10 improvements=9
o 35
c 00h03m00s | stage:objective-cut:soft-result search=step bound=35 result=sat guard=39888 hard=guard [LB,UB] = [1,34]
c 00h03m00s | stage:objective-loop:enter encoder=log-scop mode=SoftCnf lower=1 upper=101 has_incumbent=true soft_active=true
c objective-cut:rss-guard enabled=false
c 00h03m00s | stage:objective-cut:soft-install bound=34 guard=40191 clauses_added=536
c 00h03m00s | stage:objective-cut:soft-probe search=step [LB,UB] = [1,34] next 34 source=install guard=40191
c 00h03m00s | stage:sat:round-entry encoder=log-scop assumptions=1 phase_lits=0 sat_vars=40191 base_clauses=64761
c 00h03m00s | stage:sat:init solver=CaDiCaL vars=40191 clauses=64761
c 00h03m00s | stage:sat:solve:start assumptions=1 phase_lits=0
c 00h03m00s | stage:sat:solve:done ms=5 result=Sat assumptions=1 phase_lits=0
c 00h03m00s | stage:decode:start
c 00h03m00s | stage:decode:done int_assignments=96
c 00h03m00s | result:Sat
c 00h03m00s | objective:incumbent kind=improvement value=34 rounds=11 improvements=10
o 34
c 00h03m00s | stage:objective-cut:soft-result search=step bound=34 result=sat guard=40191 hard=guard [LB,UB] = [1,33]
c 00h03m00s | stage:objective-loop:enter encoder=log-scop mode=SoftCnf lower=1 upper=101 has_incumbent=true soft_active=true
c objective-cut:rss-guard enabled=false
c 00h03m00s | stage:objective-cut:soft-install bound=33 guard=40500 clauses_added=546
c 00h03m00s | stage:objective-cut:soft-probe search=step [LB,UB] = [1,33] next 33 source=install guard=40500
c 00h03m00s | stage:sat:round-entry encoder=log-scop assumptions=1 phase_lits=0 sat_vars=40500 base_clauses=65308
c 00h03m00s | stage:sat:init solver=CaDiCaL vars=40500 clauses=65308
c 00h03m00s | stage:sat:solve:start assumptions=1 phase_lits=0
c 00h03m00s | stage:sat:solve:done ms=7 result=Sat assumptions=1 phase_lits=0
c 00h03m00s | stage:decode:start
c 00h03m00s | stage:decode:done int_assignments=96
c 00h03m00s | result:Sat
c 00h03m00s | objective:incumbent kind=improvement value=33 rounds=12 improvements=11
o 33
c 00h03m00s | stage:objective-cut:soft-result search=step bound=33 result=sat guard=40500 hard=guard [LB,UB] = [1,32]
c 00h03m00s | stage:objective-loop:enter encoder=log-scop mode=SoftCnf lower=1 upper=101 has_incumbent=true soft_active=true
c objective-cut:rss-guard enabled=false
c 00h03m00s | stage:objective-cut:soft-install bound=32 guard=40805 clauses_added=542
c 00h03m00s | stage:objective-cut:soft-probe search=step [LB,UB] = [1,32] next 32 source=install guard=40805
c 00h03m00s | stage:sat:round-entry encoder=log-scop assumptions=1 phase_lits=0 sat_vars=40805 base_clauses=65851
c 00h03m00s | stage:sat:init solver=CaDiCaL vars=40805 clauses=65851
c 00h03m00s | stage:sat:solve:start assumptions=1 phase_lits=0
c 00h03m00s | stage:sat:solve:done ms=25 result=Sat assumptions=1 phase_lits=0
c 00h03m00s | stage:decode:start
c 00h03m00s | stage:decode:done int_assignments=96
c 00h03m00s | result:Sat
c 00h03m00s | objective:incumbent kind=improvement value=32 rounds=13 improvements=12
o 32
c 00h03m00s | stage:objective-cut:soft-result search=step bound=32 result=sat guard=40805 hard=guard [LB,UB] = [1,31]
c 00h03m00s | stage:objective-loop:enter encoder=log-scop mode=SoftCnf lower=1 upper=101 has_incumbent=true soft_active=true
c objective-cut:rss-guard enabled=false
c 00h03m00s | stage:objective-cut:soft-install bound=31 guard=41116 clauses_added=554
c 00h03m00s | stage:objective-cut:soft-probe search=step [LB,UB] = [1,31] next 31 source=install guard=41116
c 00h03m00s | stage:sat:round-entry encoder=log-scop assumptions=1 phase_lits=0 sat_vars=41116 base_clauses=66406
c 00h03m00s | stage:sat:init solver=CaDiCaL vars=41116 clauses=66406
c 00h03m00s | stage:sat:solve:start assumptions=1 phase_lits=0
s SATISFIABLE
o 32
v <instantiation>
v   <list> t[0] t[1] t[2] t[3] t[4] t[5] t[6] t[7] t[8] t[9] t[10] t[11] t[12] t[13] t[14] t[15] t[16] t[17] t[18] t[19] t[20] t[21] t[22] t[23] t[24] t[25] t[26] t[27] t[28] t[29] t[30] t[31] t[32] t[33] t[34] t[35] t[36] t[37] t[38] t[39] t[40] t[41] t[42] t[43] t[44] t[45] t[46] t[47] r[0] r[1] r[2] r[3] r[4] r[5] r[6] r[7] r[8] r[9] r[10] r[11] r[12] r[13] r[14] r[15] r[16] r[17] r[18] r[19] r[20] r[21] r[22] r[23] r[24] r[25] r[26] r[27] r[28] r[29] r[30] r[31] r[32] r[33] r[34] r[35] r[36] r[37] r[38] r[39] r[40] r[41] r[42] r[43] r[44] r[45] r[46] r[47] </list>
v   <values> 3 0 2 1 7 10 8 11 5 4 14 13 12 17 6 19 17 8 13 3 6 7 10 9 5 2 4 16 13 15 20 23 23 9 28 24 21 15 20 16 26 29 30 27 18 22 31 25 1 1 1 1 1 1 1 1 1 1 1 1 1 1 1 1 2 1 2 2 1 2 1 2 2 1 1 1 1 2 1 2 1 1 1 1 1 1 1 1 1 1 1 1 1 1 1 1 </values>
v </instantiation>
d OBJECTIVE_VALUE 32
d OPTIMAL 0
d OBJECTIVE_ROUNDS 13
d OBJECTIVE_IMPROVEMENTS 12
d COP_INCUMBENT_ELAPSED_MS 180628
d SOLVE_ELAPSED_MS 1800074
d CURRENT_STAGE sat
d CURRENT_STAGE_ELAPSED_MS 1619445
d LAST_COMPLETED_STAGE decode
d STAGE_PARSE_STATUS pending
d STAGE_PROPAGATE_STATUS done
d STAGE_NORMALIZE_STATUS done
d STAGE_LOWER_STATUS done
d STAGE_POST_LOWER_STATUS done
d STAGE_PREENCODE_STATUS done
d STAGE_ENCODE_STATUS done
d STAGE_SAT_STATUS running
d STAGE_DECODE_STATUS done
d STAGE_RELAXATION_STATUS pending
d STAGE_DUMP_CNF_STATUS pending
d SOURCE_CONSTRAINTS 66
d NORMALIZED_CONSTRAINTS 66
d LOWERED_CONSTRAINTS 66
d UNSUPPORTED_CONSTRAINTS 0
d SAT_VARS 36842
d SAT_CLAUSES_BASE 58780
d SAT_CLAUSES_FINAL 58780
d SAT_CLAUSES_CEGAR_DELTA 0
d MEMORY_RSS_BYTES 5722112
d MEMORY_RSS_AFTER_PROPAGATE_BYTES 3809280
d MEMORY_RSS_AFTER_LOWER_BYTES 4345856
d MEMORY_RSS_AFTER_POST_LOWER_BYTES 4345856
d MEMORY_RSS_BEFORE_PREENCODE_BYTES 4345856
d MEMORY_RSS_AFTER_PREENCODE_BYTES 4616192
d MEMORY_RSS_BEFORE_ENCODE_BYTES 4616192
d MEMORY_RSS_ENCODE_SAMPLE_INTERVAL_CLAUSES 1000000
d MEMORY_RSS_ENCODE_SAMPLE_COUNT 10
d MEMORY_RSS_ENCODE_LAST_SAMPLE_CLAUSE 58780
d MEMORY_RSS_ENCODE_LAST_SAMPLE_BYTES 5722112
d MEMORY_RSS_ENCODE_MAX_SAMPLE_BYTES 5722112
d CSP_INT_VARS 96
d CSP_CONSTRAINTS 66
d CSP_INTENTIONAL 64
d CSP_GLOBAL 2
d CSP_EXTENSIONAL 0
d CSP_ALLDIFF 0
d CSP_CUMULATIVE 0
d CSP_TABLE 0
d CSP_DOMAIN_SPAN_MEDIAN 50.5
d CSP_DOMAIN_SPAN_MAX 100
d N_CUMULATIVE 0
d N_TABLE 0
d SAT_CONFLICTS 3026184
d LINEAR_INT_EQ_ARITY_STATS {}
d LINEAR_INT_NE_ARITY_STATS {}
d LINEAR_INT_GE_ARITY_STATS {"2":{"count":2504,"max_domain_product_excluding_one_var":"97","p95_domain_product_excluding_one_var":"97"}}
d LINEAR_BOOL_MIXED_ARITY_STATS {}
d ROOT_LP_ENTERED 0
d ROOT_LP_STATUS skipped
d ROOT_LP_MS 0
d ROOT_LP_REASON root_lp_disabled
d OBJECTIVE_CUT_TIMING incremental-soft
d OBJECTIVE_CUT_BACKEND cnf
d OBJECTIVE_CUT_FORM direct-expr
d PROPAGATE_PRUNED_VALUES 240
d PROPAGATE_CHANGED_DOMAINS 48
d PROPAGATE_ENTAILED_TABLES 0
d POST_LOWER_ROUNDS 0
d POST_LOWER_TIGHTENED_DOMAINS 0
d POST_LOWER_REMOVED_CLAUSES 0
d POST_LOWER_REMOVED_LITS 992
d POST_LOWER_DETECTED_UNSAT 0
d PREENCODE_INT_VARS 96
d ENCODE_EXTERNAL_GE_SPECS 0
d ENCODE_RELAXED_CIRCUITS 0
d LOG_SCOP_LINEAR_PB_CONSTRAINTS 1544
d LOG_SCOP_LINEAR_PB_MIXED_DISPATCH_CONSTRAINTS 0
d LOG_SCOP_LINEAR_PB_MIXED_ATTEMPT_BDD 0
d LOG_SCOP_LINEAR_PB_MIXED_ATTEMPT_SORTER 0
d LOG_SCOP_LINEAR_PB_MIXED_ATTEMPT_DADDA 0
d LOG_SCOP_LINEAR_PB_MIXED_REJECT_BDD_BUDGET 0
d LOG_SCOP_LINEAR_PB_MIXED_REJECT_SORTER_BUDGET 0
d LOG_SCOP_LINEAR_PB_MIXED_FALLBACK_BDD_TO_SORTER 0
d LOG_SCOP_LINEAR_PB_MIXED_FALLBACK_BDD_TO_DADDA 0
d LOG_SCOP_LINEAR_PB_MIXED_FALLBACK_SORTER_TO_BDD 0
d LOG_SCOP_LINEAR_PB_MIXED_FALLBACK_SORTER_TO_DADDA 0
d LOG_SCOP_LINEAR_PB_BACKEND_BDD2 1544
d LOG_SCOP_LINEAR_PB_BACKEND_BDD3 0
d LOG_SCOP_LINEAR_PB_BACKEND_SORTER 0
d LOG_SCOP_LINEAR_PB_BACKEND_DADDA 0
d LOG_SCOP_LINEAR_PB_BDD_DECOMPOSITION_RAW 1544
d LOG_SCOP_LINEAR_PB_BDD_DECOMPOSITION_BINARY 0
d LOG_SCOP_LINEAR_PB_BDD_DECOMPOSITION_MULTIBASE 0
d MEMORY_RSS_BYTES 5722112
d MEMORY_RSS_AFTER_PROPAGATE_BYTES 3809280
d MEMORY_RSS_AFTER_LOWER_BYTES 4345856
d MEMORY_RSS_AFTER_POST_LOWER_BYTES 4345856
d MEMORY_RSS_BEFORE_PREENCODE_BYTES 4345856
d MEMORY_RSS_AFTER_PREENCODE_BYTES 4616192
d MEMORY_RSS_BEFORE_ENCODE_BYTES 4616192
d MEMORY_RSS_ENCODE_SAMPLE_INTERVAL_CLAUSES 1000000
d MEMORY_RSS_ENCODE_SAMPLE_COUNT 10
d MEMORY_RSS_ENCODE_LAST_SAMPLE_CLAUSE 58780
d MEMORY_RSS_ENCODE_LAST_SAMPLE_BYTES 5722112
d MEMORY_RSS_ENCODE_MAX_SAMPLE_BYTES 5722112
d DECODE_INT_ASSIGNMENTS 96
d CIRCUIT_CEGAR_FAILURES 0
d CIRCUIT_CEGAR_ROUNDS 0
d CIRCUIT_CEGAR_ADDED_CLAUSES 0
d CUMULATIVE_CEGAR_FAILURES 0
d CUMULATIVE_CEGAR_ROUNDS 0
d CUMULATIVE_CEGAR_ADDED_CLAUSES 0
d COP_CEGAR_FAILURES 0
d COP_CEGAR_ROUNDS 0
d COP_CEGAR_ADDED_CLAUSES 0
d CSV /bench/competition/2022-2025/COP22to25/Filters-dct-1-2_c22.xml.lzma,sat,66,66,66,0,36842,58780,1800069,,,,,,,0,skipped,,,,,,0,,,,,,,timeout_signal,incumbent_interrupted_by_signal
signal=15; emitted incumbent csv row
c run_end_local: 2026-06-17 03:37:54 +0900
