c cmd: /host-parser-bin/kat_xcsp_630ede96_portfolio_v3_cop1000_nophase_20260531_static /bench/competition/2022-2025/COP22to25/VRP_LC-09-05-10-s1_c24.xml.lzma --encoder portfolio --portfolio-strategy v3 --cop-pipeline guarded-basic --cop-objective-cut direct-expr --cop-objective-cut-timing incremental-hard --cop-objective-cut-backend cnf --table-encoding mdd-tl --cumulative-mode exact --cumulative-decomposition time-rd --progress --log-scop-linear-pb-backend auto --log-scop-bdd-decomposition auto --log-scop-aggregate-weighted-lits --order-ge-shorten-link-cost --direct-eq-ne-max-arity 2 --eq-ne-encoding direct --portfolio-log-scop-eq-ne-encoding ge-rewrite
c version: kat-cli=0.1.0 git=unknown-clean
c run_start_local: 2026-06-01 12:20:41 +0900
c 00h00m00s | solve:start
c 00h00m00s | stage:objective-cut timing=incremental-hard backend=cnf form=direct-expr
c 00h00m00s | input: constraints=369
c 00h00m00s | stage:propagate:start
c 00h00m00s | stage:propagate:done ms=3 pruned=7766 changed_domains=154 entailed_tables=0
c 00h00m00s | memory:rss checkpoint=after_propagate bytes=6021120 rss=5.74MiB
c 00h00m00s | stage:normalize:start
c 00h00m00s | stage:normalize:done ms=0 high_constraints=369
c 00h00m00s | stage:lower:start
c 00h00m00s | stage:lower:progress percent=10 processed=37 total=369 lowered=37 unsupported=0 ms=5
c 00h00m00s | stage:lower:progress percent=20 processed=74 total=369 lowered=74 unsupported=0 ms=5
c 00h00m00s | stage:lower:progress percent=30 processed=111 total=369 lowered=111 unsupported=0 ms=5
c 00h00m00s | stage:lower:progress percent=40 processed=148 total=369 lowered=148 unsupported=0 ms=5
c 00h00m00s | stage:lower:progress percent=50 processed=185 total=369 lowered=185 unsupported=0 ms=5
c 00h00m00s | stage:lower:progress percent=60 processed=222 total=369 lowered=222 unsupported=0 ms=5
c 00h00m00s | stage:lower:progress percent=70 processed=259 total=369 lowered=259 unsupported=0 ms=23
c 00h00m00s | stage:lower:progress percent=80 processed=296 total=369 lowered=296 unsupported=0 ms=28
c 00h00m00s | stage:lower:progress percent=90 processed=333 total=369 lowered=333 unsupported=0 ms=34
c 00h00m00s | stage:lower:progress percent=100 processed=369 total=369 lowered=369 unsupported=0 ms=40
c 00h00m00s | stage:lower:done ms=41 lowered=369 unsupported=0
c 00h00m00s | memory:rss checkpoint=after_lower bytes=6828032 rss=6.51MiB
c 00h00m00s | stage:post_lower:start
c 00h00m00s | stage:post_lower:done ms=6 rounds=30 tightened=40 removed_cls=1243 removed_lits=980 unsat=false precise_hits=329 precise_rounds=1 pivot_recomputes=70 pivot_exact_attempts=70 pivot_general_attempts=9 pivot_general_rest_missing=0 pivot_general_bound_missing=0 pivot_general_no_change=9 pivot_general_tightened=0 setup_ms=0 loop_ms=2 pivot_ms=0 pivot_version_ms=0 pivot_exact_ms=0 pivot_general_ms=0 pivot_general_prepare_ms=0 pivot_general_rest_ms=0 pivot_general_derive_ms=0 apply_ms=0 sat_ms=0 precise_ms=2
c 00h00m00s | memory:rss checkpoint=after_post_lower bytes=6828032 rss=6.51MiB
c 00h00m00s | stage:lowered-shape int_vars=360 bool_vars=1050 linear_atoms=7554 table_atoms=0 table_tuples=0 table_scope=0 alldiff_atoms=0 circuit_atoms=1 product_atoms=0 logical_clauses=8613
c 00h00m00s | stage:root-lp:skip reason=disabled ms=0
c 00h00m00s | memory:rss checkpoint=before_preencode bytes=6828032 rss=6.51MiB
c 00h00m00s | stage:preencode(log-scop):start
c 00h00m00s | stage:preencode(log-scop):done ms=0 int_vars=360
c 00h00m00s | memory:rss checkpoint=after_preencode bytes=6828032 rss=6.51MiB
c 00h00m00s | memory:rss checkpoint=before_encode bytes=6828032 rss=6.51MiB
c 00h00m00s | stage:encode(log-scop):start
c 00h00m00s | memory:rss checkpoint=encode_clause_sample stage=log-scop clauses=66042 bytes=17510400 rss=16.70MiB progress_percent=10 processed=867 total=8663
c 00h00m00s | stage:encode(log-scop):progress percent=10 processed=867 total=8663 sat_clauses=66042 ms=28
c 00h00m00s | memory:rss checkpoint=encode_clause_sample stage=log-scop clauses=85913 bytes=17510400 rss=16.70MiB progress_percent=20 processed=1733 total=8663
c 00h00m00s | stage:encode(log-scop):progress percent=20 processed=1733 total=8663 sat_clauses=85913 ms=32
c 00h00m00s | memory:rss checkpoint=encode_clause_sample stage=log-scop clauses=93459 bytes=17510400 rss=16.70MiB progress_percent=30 processed=2599 total=8663
c 00h00m00s | stage:encode(log-scop):progress percent=30 processed=2599 total=8663 sat_clauses=93459 ms=34
c 00h00m00s | memory:rss checkpoint=encode_clause_sample stage=log-scop clauses=101181 bytes=17510400 rss=16.70MiB progress_percent=40 processed=3466 total=8663
c 00h00m00s | stage:encode(log-scop):progress percent=40 processed=3466 total=8663 sat_clauses=101181 ms=36
c 00h00m00s | memory:rss checkpoint=encode_clause_sample stage=log-scop clauses=118381 bytes=17510400 rss=16.70MiB progress_percent=50 processed=4332 total=8663
c 00h00m00s | stage:encode(log-scop):progress percent=50 processed=4332 total=8663 sat_clauses=118381 ms=40
c 00h00m00s | memory:rss checkpoint=encode_clause_sample stage=log-scop clauses=160097 bytes=36835328 rss=35.13MiB progress_percent=60 processed=5198 total=8663
c 00h00m00s | stage:encode(log-scop):progress percent=60 processed=5198 total=8663 sat_clauses=160097 ms=71
c 00h00m00s | memory:rss checkpoint=encode_clause_sample stage=log-scop clauses=201169 bytes=61255680 rss=58.42MiB progress_percent=70 processed=6065 total=8663
c 00h00m00s | stage:encode(log-scop):progress percent=70 processed=6065 total=8663 sat_clauses=201169 ms=108
c 00h00m00s | memory:rss checkpoint=encode_clause_sample stage=log-scop clauses=239378 bytes=61255680 rss=58.42MiB progress_percent=80 processed=6931 total=8663
c 00h00m00s | stage:encode(log-scop):progress percent=80 processed=6931 total=8663 sat_clauses=239378 ms=116
c 00h00m00s | memory:rss checkpoint=encode_clause_sample stage=log-scop clauses=277279 bytes=100311040 rss=95.66MiB progress_percent=90 processed=7797 total=8663
c 00h00m00s | stage:encode(log-scop):progress percent=90 processed=7797 total=8663 sat_clauses=277279 ms=158
c 00h00m00s | memory:rss checkpoint=encode_clause_sample stage=log-scop clauses=311501 bytes=100311040 rss=95.66MiB progress_percent=100 processed=8663 total=8663
c 00h00m00s | stage:encode(log-scop):progress percent=100 processed=8663 total=8663 sat_clauses=311501 ms=165
c 00h00m00s | stage:encode(log-scop):done ms=177 sat_vars=187407 sat_clauses=311501 ext_ge_specs=0 relaxed_circuits=1 log_scop_pb_constraints=23141 log_scop_pb_mixed=0 log_scop_pb_bdd2=23141 log_scop_pb_bdd3=0 log_scop_pb_sorter=0 log_scop_pb_dadda=0 log_scop_bdd_raw=23141 log_scop_bdd_binary=0 log_scop_bdd_multibase=0
c 00h00m00s | stage:objective-cut timing=incremental-hard backend=cnf form=direct-expr
c 00h00m00s | stage:sat:init solver=CaDiCaL vars=187407 clauses=311501
c 00h00m00s | stage:sat:solve:start round=1 circuit_cegar_rounds=1 cumulative_cegar_rounds=- cop_cegar_rounds=- assumptions=0 phase_lits=0
c 00h00m02s | stage:sat:solve:done round=1 ms=2682 result=Sat assumptions=0 phase_lits=0
c 00h00m02s | stage:decode:start round=1 requested_int_ids=40
c 00h00m02s | stage:decode:final:start round=1 requested_int_ids=360
c 00h00m02s | stage:decode:done round=1 int_assignments=360
c 00h00m02s | stage:relaxation:done clauses_added=0 circuit_cegar_failures=0 circuit_cegar_rounds=1 circuit_cegar_added_clauses=0 cumulative_cegar_failures=0 cumulative_cegar_rounds=0 cumulative_cegar_added_clauses=0 cop_cegar_failures=0 cop_cegar_rounds=0 cop_cegar_added_clauses=0
c 00h00m02s | result:Sat
c 00h00m02s | objective:incumbent kind=initial value=458 rounds=1 improvements=0
o 458
c 00h00m02s | stage:objective-cut:add timing=incremental-hard backend=cnf form=direct-expr clauses_added=14177
c 00h00m02s | stage:sat:init solver=CaDiCaL vars=194570 clauses=325678
c 00h00m02s | stage:sat:solve:start round=1 circuit_cegar_rounds=2 cumulative_cegar_rounds=- cop_cegar_rounds=- assumptions=0 phase_lits=1815
c 00h00m35s | stage:sat:solve:done round=1 ms=32486 result=Sat assumptions=0 phase_lits=1815
c 00h00m35s | stage:decode:start round=1 requested_int_ids=40
c 00h00m35s | stage:decode:final:start round=1 requested_int_ids=360
c 00h00m35s | stage:decode:done round=1 int_assignments=360
c 00h00m35s | stage:relaxation:done clauses_added=0 circuit_cegar_failures=0 circuit_cegar_rounds=2 circuit_cegar_added_clauses=0 cumulative_cegar_failures=0 cumulative_cegar_rounds=0 cumulative_cegar_added_clauses=0 cop_cegar_failures=0 cop_cegar_rounds=0 cop_cegar_added_clauses=0
c 00h00m35s | result:Sat
c 00h00m35s | objective:incumbent kind=improvement value=444 rounds=2 improvements=1
o 444
c 00h00m35s | stage:objective-cut:add timing=incremental-hard backend=cnf form=direct-expr clauses_added=14031
c 00h00m35s | stage:sat:init solver=CaDiCaL vars=201659 clauses=339709
c 00h00m35s | stage:sat:solve:start round=1 circuit_cegar_rounds=3 cumulative_cegar_rounds=- cop_cegar_rounds=- assumptions=0 phase_lits=1815
c 00h00m35s | stage:sat:solve:done round=1 ms=118 result=Sat assumptions=0 phase_lits=1815
c 00h00m35s | stage:decode:start round=1 requested_int_ids=40
c 00h00m35s | stage:decode:final:start round=1 requested_int_ids=360
c 00h00m35s | stage:decode:done round=1 int_assignments=360
c 00h00m35s | stage:relaxation:done clauses_added=0 circuit_cegar_failures=0 circuit_cegar_rounds=3 circuit_cegar_added_clauses=0 cumulative_cegar_failures=0 cumulative_cegar_rounds=0 cumulative_cegar_added_clauses=0 cop_cegar_failures=0 cop_cegar_rounds=0 cop_cegar_added_clauses=0
c 00h00m35s | result:Sat
c 00h00m35s | objective:incumbent kind=improvement value=436 rounds=3 improvements=2
o 436
c 00h00m35s | stage:objective-cut:add timing=incremental-hard backend=cnf form=direct-expr clauses_added=14032
c 00h00m35s | stage:sat:init solver=CaDiCaL vars=208748 clauses=353741
c 00h00m35s | stage:sat:solve:start round=1 circuit_cegar_rounds=4 cumulative_cegar_rounds=- cop_cegar_rounds=- assumptions=0 phase_lits=1815
c 00h00m35s | stage:sat:solve:done round=1 ms=130 result=Sat assumptions=0 phase_lits=1815
c 00h00m35s | stage:decode:start round=1 requested_int_ids=40
c 00h00m35s | stage:decode:final:start round=1 requested_int_ids=360
c 00h00m35s | stage:decode:done round=1 int_assignments=360
c 00h00m35s | stage:relaxation:done clauses_added=0 circuit_cegar_failures=0 circuit_cegar_rounds=4 circuit_cegar_added_clauses=0 cumulative_cegar_failures=0 cumulative_cegar_rounds=0 cumulative_cegar_added_clauses=0 cop_cegar_failures=0 cop_cegar_rounds=0 cop_cegar_added_clauses=0
c 00h00m35s | result:Sat
c 00h00m35s | objective:incumbent kind=improvement value=422 rounds=4 improvements=3
o 422
c 00h00m35s | stage:objective-cut:add timing=incremental-hard backend=cnf form=direct-expr clauses_added=14055
c 00h00m35s | stage:sat:init solver=CaDiCaL vars=215848 clauses=367796
c 00h00m35s | stage:sat:solve:start round=1 circuit_cegar_rounds=5 cumulative_cegar_rounds=- cop_cegar_rounds=- assumptions=0 phase_lits=1815
c 00h00m35s | stage:sat:solve:done round=1 ms=164 result=Sat assumptions=0 phase_lits=1815
c 00h00m35s | stage:decode:start round=1 requested_int_ids=40
c 00h00m35s | stage:decode:final:start round=1 requested_int_ids=360
c 00h00m35s | stage:decode:done round=1 int_assignments=360
c 00h00m35s | stage:relaxation:done clauses_added=0 circuit_cegar_failures=0 circuit_cegar_rounds=5 circuit_cegar_added_clauses=0 cumulative_cegar_failures=0 cumulative_cegar_rounds=0 cumulative_cegar_added_clauses=0 cop_cegar_failures=0 cop_cegar_rounds=0 cop_cegar_added_clauses=0
c 00h00m35s | result:Sat
c 00h00m35s | objective:incumbent kind=improvement value=419 rounds=5 improvements=4
o 419
c 00h00m35s | stage:objective-cut:add timing=incremental-hard backend=cnf form=direct-expr clauses_added=13997
c 00h00m35s | stage:sat:init solver=CaDiCaL vars=222918 clauses=381793
c 00h00m35s | stage:sat:solve:start round=1 circuit_cegar_rounds=6 cumulative_cegar_rounds=- cop_cegar_rounds=- assumptions=0 phase_lits=1815
c 00h00m36s | stage:sat:solve:done round=1 ms=673 result=Sat assumptions=0 phase_lits=1815
c 00h00m36s | stage:decode:start round=1 requested_int_ids=40
c 00h00m36s | stage:decode:final:start round=1 requested_int_ids=360
c 00h00m36s | stage:decode:done round=1 int_assignments=360
c 00h00m36s | stage:relaxation:done clauses_added=0 circuit_cegar_failures=0 circuit_cegar_rounds=6 circuit_cegar_added_clauses=0 cumulative_cegar_failures=0 cumulative_cegar_rounds=0 cumulative_cegar_added_clauses=0 cop_cegar_failures=0 cop_cegar_rounds=0 cop_cegar_added_clauses=0
c 00h00m36s | result:Sat
c 00h00m36s | objective:incumbent kind=improvement value=391 rounds=6 improvements=5
o 391
c 00h00m36s | stage:objective-cut:add timing=incremental-hard backend=cnf form=direct-expr clauses_added=13894
c 00h00m36s | stage:sat:init solver=CaDiCaL vars=229935 clauses=395687
c 00h00m36s | stage:sat:solve:start round=1 circuit_cegar_rounds=7 cumulative_cegar_rounds=- cop_cegar_rounds=- assumptions=0 phase_lits=1815
c 00h00m37s | stage:sat:solve:done round=1 ms=808 result=Sat assumptions=0 phase_lits=1815
c 00h00m37s | stage:decode:start round=1 requested_int_ids=40
c 00h00m37s | stage:decode:final:start round=1 requested_int_ids=360
c 00h00m37s | stage:decode:done round=1 int_assignments=360
c 00h00m37s | stage:relaxation:done clauses_added=0 circuit_cegar_failures=0 circuit_cegar_rounds=7 circuit_cegar_added_clauses=0 cumulative_cegar_failures=0 cumulative_cegar_rounds=0 cumulative_cegar_added_clauses=0 cop_cegar_failures=0 cop_cegar_rounds=0 cop_cegar_added_clauses=0
c 00h00m37s | result:Sat
c 00h00m37s | objective:incumbent kind=improvement value=387 rounds=7 improvements=6
o 387
c 00h00m37s | stage:objective-cut:add timing=incremental-hard backend=cnf form=direct-expr clauses_added=13895
c 00h00m37s | stage:sat:init solver=CaDiCaL vars=236952 clauses=409582
c 00h00m37s | stage:sat:solve:start round=1 circuit_cegar_rounds=8 cumulative_cegar_rounds=- cop_cegar_rounds=- assumptions=0 phase_lits=1815
c 00h00m45s | stage:sat:solve:done round=1 ms=8083 result=Sat assumptions=0 phase_lits=1815
c 00h00m45s | stage:decode:start round=1 requested_int_ids=40
c 00h00m45s | stage:decode:final:start round=1 requested_int_ids=360
c 00h00m45s | stage:decode:done round=1 int_assignments=360
c 00h00m45s | stage:relaxation:done clauses_added=0 circuit_cegar_failures=0 circuit_cegar_rounds=8 circuit_cegar_added_clauses=0 cumulative_cegar_failures=0 cumulative_cegar_rounds=0 cumulative_cegar_added_clauses=0 cop_cegar_failures=0 cop_cegar_rounds=0 cop_cegar_added_clauses=0
c 00h00m45s | result:Sat
c 00h00m45s | objective:incumbent kind=improvement value=383 rounds=8 improvements=7
o 383
c 00h00m45s | stage:objective-cut:add timing=incremental-hard backend=cnf form=direct-expr clauses_added=13843
c 00h00m45s | stage:sat:init solver=CaDiCaL vars=243943 clauses=423425
c 00h00m45s | stage:sat:solve:start round=1 circuit_cegar_rounds=9 cumulative_cegar_rounds=- cop_cegar_rounds=- assumptions=0 phase_lits=1815
c 00h00m47s | stage:sat:solve:done round=1 ms=2060 result=Sat assumptions=0 phase_lits=1815
c 00h00m47s | stage:decode:start round=1 requested_int_ids=40
c 00h00m47s | stage:decode:final:start round=1 requested_int_ids=360
c 00h00m47s | stage:decode:done round=1 int_assignments=360
c 00h00m47s | stage:relaxation:done clauses_added=0 circuit_cegar_failures=0 circuit_cegar_rounds=9 circuit_cegar_added_clauses=0 cumulative_cegar_failures=0 cumulative_cegar_rounds=0 cumulative_cegar_added_clauses=0 cop_cegar_failures=0 cop_cegar_rounds=0 cop_cegar_added_clauses=0
c 00h00m47s | result:Sat
c 00h00m47s | objective:incumbent kind=improvement value=351 rounds=9 improvements=8
o 351
c 00h00m47s | stage:objective-cut:add timing=incremental-hard backend=cnf form=direct-expr clauses_added=13689
c 00h00m47s | stage:sat:init solver=CaDiCaL vars=250855 clauses=437114
c 00h00m47s | stage:sat:solve:start round=1 circuit_cegar_rounds=10 cumulative_cegar_rounds=- cop_cegar_rounds=- assumptions=0 phase_lits=1815
c 00h03m43s | stage:sat:solve:done round=1 ms=176330 result=Unsat assumptions=0 phase_lits=1815
c 00h03m43s | result:Unsat
s OPTIMUM FOUND
o 351
v <instantiation>
v   <list> veh[0] veh[1] veh[2] veh[3] veh[4] veh[5] veh[6] veh[7] veh[8] veh[9] veh[10] veh[11] veh[12] veh[13] veh[14] veh[15] veh[16] veh[17] veh[18] veh[19] veh[20] veh[21] veh[22] veh[23] veh[24] veh[25] veh[26] veh[27] veh[28] veh[29] veh[30] veh[31] veh[32] veh[33] veh[34] veh[35] veh[36] veh[37] veh[38] veh[39] succ[0] succ[1] succ[2] succ[3] succ[4] succ[5] succ[6] succ[7] succ[8] succ[9] succ[10] succ[11] succ[12] succ[13] succ[14] succ[15] succ[16] succ[17] succ[18] succ[19] succ[20] succ[21] succ[22] succ[23] succ[24] succ[25] succ[26] succ[27] succ[28] succ[29] succ[30] succ[31] succ[32] succ[33] succ[34] succ[35] succ[36] succ[37] succ[38] succ[39] load[0] load[1] load[2] load[3] load[4] load[5] load[6] load[7] load[8] load[9] load[10] load[11] load[12] load[13] load[14] load[15] load[16] load[17] load[18] load[19] load[20] load[21] load[22] load[23] load[24] load[25] load[26] load[27] load[28] load[29] load[30] load[31] load[32] load[33] load[34] load[35] load[36] load[37] load[38] load[39] arr[0] arr[1] arr[2] arr[3] arr[4] arr[5] arr[6] arr[7] arr[8] arr[9] arr[10] arr[11] arr[12] arr[13] arr[14] arr[15] arr[16] arr[17] arr[18] arr[19] arr[20] arr[21] arr[22] arr[23] arr[24] arr[25] arr[26] arr[27] arr[28] arr[29] arr[30] arr[31] arr[32] arr[33] arr[34] arr[35] arr[36] arr[37] arr[38] arr[39] ser[0] ser[1] ser[2] ser[3] ser[4] ser[5] ser[6] ser[7] ser[8] ser[9] ser[10] ser[11] ser[12] ser[13] ser[14] ser[15] ser[16] ser[17] ser[18] ser[19] ser[20] ser[21] ser[22] ser[23] ser[24] ser[25] ser[26] ser[27] ser[28] ser[29] ser[30] ser[31] ser[32] ser[33] ser[34] ser[35] ser[36] ser[37] ser[38] ser[39] dep[0] dep[1] dep[2] dep[3] dep[4] dep[5] dep[6] dep[7] dep[8] dep[9] dep[10] dep[11] dep[12] dep[13] dep[14] dep[15] dep[16] dep[17] dep[18] dep[19] dep[20] dep[21] dep[22] dep[23] dep[24] dep[25] dep[26] dep[27] dep[28] dep[29] dep[30] dep[31] dep[32] dep[33] dep[34] dep[35] dep[36] dep[37] dep[38] dep[39] aux_gb[0] aux_gb[1] aux_gb[2] aux_gb[3] aux_gb[4] aux_gb[5] aux_gb[6] aux_gb[7] aux_gb[8] aux_gb[9] aux_gb[10] aux_gb[11] aux_gb[12] aux_gb[13] aux_gb[14] aux_gb[15] aux_gb[16] aux_gb[17] aux_gb[18] aux_gb[19] aux_gb[20] aux_gb[21] aux_gb[22] aux_gb[23] aux_gb[24] aux_gb[25] aux_gb[26] aux_gb[27] aux_gb[28] aux_gb[29] aux_gb[30] aux_gb[31] aux_gb[32] aux_gb[33] aux_gb[34] aux_gb[35] aux_gb[36] aux_gb[37] aux_gb[38] aux_gb[39] aux_gb[40] aux_gb[41] aux_gb[42] aux_gb[43] aux_gb[44] aux_gb[45] aux_gb[46] aux_gb[47] aux_gb[48] aux_gb[49] aux_gb[50] aux_gb[51] aux_gb[52] aux_gb[53] aux_gb[54] aux_gb[55] aux_gb[56] aux_gb[57] aux_gb[58] aux_gb[59] aux_gb[60] aux_gb[61] aux_gb[62] aux_gb[63] aux_gb[64] aux_gb[65] aux_gb[66] aux_gb[67] aux_gb[68] aux_gb[69] aux_gb[70] aux_gb[71] aux_gb[72] aux_gb[73] aux_gb[74] aux_gb[75] aux_gb[76] aux_gb[77] aux_gb[78] aux_gb[79] aux_gb[80] aux_gb[81] aux_gb[82] aux_gb[83] aux_gb[84] aux_gb[85] aux_gb[86] aux_gb[87] aux_gb[88] aux_gb[89] aux_gb[90] aux_gb[91] aux_gb[92] aux_gb[93] aux_gb[94] aux_gb[95] aux_gb[96] aux_gb[97] aux_gb[98] aux_gb[99] aux_gb[100] aux_gb[101] aux_gb[102] aux_gb[103] aux_gb[104] aux_gb[105] aux_gb[106] aux_gb[107] aux_gb[108] aux_gb[109] aux_gb[110] aux_gb[111] aux_gb[112] aux_gb[113] aux_gb[114] aux_gb[115] aux_gb[116] aux_gb[117] aux_gb[118] aux_gb[119] </list>
v   <values> 0 2 0 2 1 4 3 4 3 5 0 2 0 2 1 4 3 4 3 5 0 1 2 3 4 5 6 7 8 9 0 1 2 3 4 5 6 7 8 9 2 3 10 11 14 7 8 15 18 19 12 13 30 32 31 17 33 34 16 35 0 4 1 6 5 9 36 37 38 39 21 22 23 24 25 26 27 28 29 20 1 3 4 7 4 2 1 4 3 1 3 4 0 0 0 2 0 0 1 0 0 0 0 0 0 0 0 0 0 0 0 0 0 0 0 0 0 0 0 0 18 23 32 40 18 18 18 62 37 36 71 70 114 94 96 92 110 110 76 79 0 1 6 6 0 14 22 22 2 17 142 142 147 150 146 143 22 22 2 17 18 24 32 40 33 48 22 63 37 36 72 81 114 99 96 94 112 110 76 81 0 1 6 6 0 14 22 22 2 17 142 142 147 150 146 143 22 22 2 17 32 40 64 66 68 62 37 85 47 52 86 94 130 129 130 110 128 129 86 131 0 1 6 6 0 14 22 22 2 17 142 142 147 150 146 143 22 22 2 17 0 32 0 40 7 71 4 70 28 96 0 62 0 37 7 92 29 76 27 79 28 114 0 94 12 142 18 147 12 142 0 110 22 150 17 146 24 110 12 143 18 18 17 18 17 23 12 18 18 18 22 36 0 22 0 22 0 2 0 17 3 4 4 7 -1 3 -3 4 -4 0 2 4 2 3 -2 2 -2 1 -1 0 -3 0 -4 0 0 0 0 0 0 0 -2 0 0 0 0 0 -1 0 0 0 1 1 4 4 3 3 1 1 2 2 1 1 0 0 0 0 0 0 0 0 </values>
v </instantiation>
d OBJECTIVE_VALUE 351
d OPTIMAL 1
d SOURCE_CONSTRAINTS 369
d NORMALIZED_CONSTRAINTS 369
d LOWERED_CONSTRAINTS 369
d UNSUPPORTED_CONSTRAINTS 0
d CIRCUIT_CEGAR_FAILURES 0
d CIRCUIT_CEGAR_ROUNDS 10
d CIRCUIT_CEGAR_ADDED_CLAUSES 0
d CUMULATIVE_CEGAR_FAILURES 0
d CUMULATIVE_CEGAR_ROUNDS 0
d CUMULATIVE_CEGAR_ADDED_CLAUSES 0
d COP_CEGAR_FAILURES 0
d COP_CEGAR_ROUNDS 0
d COP_CEGAR_ADDED_CLAUSES 0
d OBJECTIVE_CUT_TIMING incremental-hard
d OBJECTIVE_CUT_BACKEND cnf
d OBJECTIVE_CUT_FORM direct-expr
d OBJECTIVE_CUT_EAGER_CLAUSES_ADDED 125613
d OBJECTIVE_RELAXATION_CLAUSES_ADDED 0
d OBJECTIVE_ROUNDS 10
d OBJECTIVE_IMPROVEMENTS 8
d OBJECTIVE_OPTIMALITY_PROOF strict_cut_unsat
d PROPAGATE_MS 3
d NORMALIZE_MS 0
d LOWER_MS 41
d POST_LOWER_MS 6
d PREENCODE_MS 0
d ENCODE_MS 177
d SAT_SOLVE_MS 223534
d TOTAL_MS 223879
d SAT_VARS 250855
d SAT_CLAUSES_BASE 437114
d SAT_CLAUSES_FINAL 437114
d SAT_CLAUSES_CEGAR_DELTA 0
d SAT_CONFLICTS 1085521
d CUMULATIVE_EXTPROP_CONSTRAINTS 5
d CUMULATIVE_EXTPROP_OBSERVED_VARS 111
d CUMULATIVE_EXTPROP_OBSERVED_LITS 111
d CUMULATIVE_EXTPROP_OBSERVED_LIT_OCCURRENCES 111
d CUMULATIVE_EXTPROP_NOTIFY_ASSIGNMENT_CALLS 232028
d CUMULATIVE_EXTPROP_NOTIFY_ASSIGNMENT_LITS 717159
d CUMULATIVE_EXTPROP_NOTIFY_NEW_DECISION_LEVEL_CALLS 2904542
d CUMULATIVE_EXTPROP_NOTIFY_BACKTRACK_CALLS 1181406
d CUMULATIVE_EXTPROP_CB_CHECK_FOUND_MODEL_CALLS 9
d CUMULATIVE_EXTPROP_CB_CHECK_FOUND_MODEL_REJECTS 0
d CUMULATIVE_EXTPROP_CB_PROPAGATE_CALLS 218443
d CUMULATIVE_EXTPROP_CB_PROPAGATE_CONFLICTS 0
d CUMULATIVE_EXTPROP_PROPAGATED_LITS 0
d CUMULATIVE_EXTPROP_REASON_CLAUSES 0
d CUMULATIVE_EXTPROP_REASON_CLAUSE_LITS 0
d CUMULATIVE_EXTPROP_REASON_CLAUSE_MAX_LEN 0
d CUMULATIVE_EXTPROP_CB_HAS_EXTERNAL_CLAUSE_CALLS 2927655
d CUMULATIVE_EXTPROP_CB_ADD_EXTERNAL_CLAUSE_LIT_CALLS 0
d CUMULATIVE_EXTPROP_EXTERNAL_CLAUSES 0
d CUMULATIVE_EXTPROP_EXTERNAL_CLAUSE_LITS 0
d CUMULATIVE_EXTPROP_EXTERNAL_CLAUSE_MAX_LEN 0
d CUMULATIVE_EXTPROP_PARTIAL_VIOLATION_CALLS 484784
d CUMULATIVE_EXTPROP_COMPULSORY_VIOLATION_CALLS 484784
d CUMULATIVE_EXTPROP_BOUND_PROPAGATION_CALLS 0
d CUMULATIVE_EXTPROP_BOUND_REASON_CALLS 0
d CUMULATIVE_EXTPROP_PARTIAL_SUMMARY_TASK_EVALS 1941700
d CUMULATIVE_EXTPROP_BOUND_SUMMARY_TASK_EVALS 1941700
d CUMULATIVE_EXTPROP_BOUND_EVENT_PAIRS 0
d CUMULATIVE_EXTPROP_LOWER_BOUND_LIT_CALLS 0
d CUMULATIVE_EXTPROP_UPPER_BOUND_LIT_CALLS 0
d CUMULATIVE_EXTPROP_LOG_WITNESS_CHECKS 0
d LINEAR_INT_EQ_ARITY_STATS {"1":{"count":444,"max_domain_product_excluding_one_var":"1","p95_domain_product_excluding_one_var":"1"},"2":{"count":3175,"max_domain_product_excluding_one_var":"151","p95_domain_product_excluding_one_var":"151"},"3":{"count":60,"max_domain_product_excluding_one_var":"755","p95_domain_product_excluding_one_var":"755"}}
d LINEAR_INT_NE_ARITY_STATS {"1":{"count":1200,"max_domain_product_excluding_one_var":"1","p95_domain_product_excluding_one_var":"1"}}
d LINEAR_INT_GE_ARITY_STATS {"1":{"count":2100,"max_domain_product_excluding_one_var":"1","p95_domain_product_excluding_one_var":"1"},"2":{"count":50,"max_domain_product_excluding_one_var":"64","p95_domain_product_excluding_one_var":"64"}}
d LINEAR_BOOL_MIXED_ARITY_STATS {"1":{"count":223,"max_domain_product_excluding_one_var":"1","p95_domain_product_excluding_one_var":"1"},"2":{"count":138,"max_domain_product_excluding_one_var":"2","p95_domain_product_excluding_one_var":"2"},"3":{"count":132,"max_domain_product_excluding_one_var":"4","p95_domain_product_excluding_one_var":"4"},"4":{"count":7,"max_domain_product_excluding_one_var":"8","p95_domain_product_excluding_one_var":"8"},"5":{"count":23,"max_domain_product_excluding_one_var":"16","p95_domain_product_excluding_one_var":"16"},"6":{"count":2,"max_domain_product_excluding_one_var":"32","p95_domain_product_excluding_one_var":"32"}}
d ROOT_LP_ENTERED 0
d ROOT_LP_STATUS skipped
d ROOT_LP_MS 0
d ROOT_LP_REASON root_lp_disabled
d OBJECTIVE_CUT_TIMING incremental-hard
d OBJECTIVE_CUT_BACKEND cnf
d OBJECTIVE_CUT_FORM direct-expr
d OBJECTIVE_CUT_EAGER_CLAUSES_ADDED 125613
d PROPAGATE_PRUNED_VALUES 7766
d PROPAGATE_CHANGED_DOMAINS 154
d PROPAGATE_ENTAILED_TABLES 0
d POST_LOWER_ROUNDS 30
d POST_LOWER_TIGHTENED_DOMAINS 40
d POST_LOWER_REMOVED_CLAUSES 1243
d POST_LOWER_REMOVED_LITS 980
d POST_LOWER_DETECTED_UNSAT 0
d PREENCODE_INT_VARS 360
d ENCODE_EXTERNAL_GE_SPECS 0
d ENCODE_RELAXED_CIRCUITS 1
d LOG_SCOP_LINEAR_PB_CONSTRAINTS 23141
d LOG_SCOP_LINEAR_PB_MIXED_DISPATCH_CONSTRAINTS 0
d LOG_SCOP_LINEAR_PB_MIXED_ATTEMPT_BDD 0
d LOG_SCOP_LINEAR_PB_MIXED_ATTEMPT_SORTER 0
d LOG_SCOP_LINEAR_PB_MIXED_ATTEMPT_DADDA 0
d LOG_SCOP_LINEAR_PB_MIXED_REJECT_BDD_BUDGET 0
d LOG_SCOP_LINEAR_PB_MIXED_REJECT_SORTER_BUDGET 0
d LOG_SCOP_LINEAR_PB_MIXED_FALLBACK_BDD_TO_SORTER 0
d LOG_SCOP_LINEAR_PB_MIXED_FALLBACK_BDD_TO_DADDA 0
d LOG_SCOP_LINEAR_PB_MIXED_FALLBACK_SORTER_TO_BDD 0
d LOG_SCOP_LINEAR_PB_MIXED_FALLBACK_SORTER_TO_DADDA 0
d LOG_SCOP_LINEAR_PB_BACKEND_BDD2 23141
d LOG_SCOP_LINEAR_PB_BACKEND_BDD3 0
d LOG_SCOP_LINEAR_PB_BACKEND_SORTER 0
d LOG_SCOP_LINEAR_PB_BACKEND_DADDA 0
d LOG_SCOP_LINEAR_PB_BDD_DECOMPOSITION_RAW 23141
d LOG_SCOP_LINEAR_PB_BDD_DECOMPOSITION_BINARY 0
d LOG_SCOP_LINEAR_PB_BDD_DECOMPOSITION_MULTIBASE 0
d MEMORY_RSS_BYTES 100311040
d MEMORY_RSS_AFTER_PROPAGATE_BYTES 6021120
d MEMORY_RSS_AFTER_LOWER_BYTES 6828032
d MEMORY_RSS_AFTER_POST_LOWER_BYTES 6828032
d MEMORY_RSS_BEFORE_PREENCODE_BYTES 6828032
d MEMORY_RSS_AFTER_PREENCODE_BYTES 6828032
d MEMORY_RSS_BEFORE_ENCODE_BYTES 6828032
d MEMORY_RSS_ENCODE_SAMPLE_INTERVAL_CLAUSES 1000000
d MEMORY_RSS_ENCODE_SAMPLE_COUNT 10
d MEMORY_RSS_ENCODE_LAST_SAMPLE_CLAUSE 311501
d MEMORY_RSS_ENCODE_LAST_SAMPLE_BYTES 100311040
d MEMORY_RSS_ENCODE_MAX_SAMPLE_BYTES 100311040
d DECODE_INT_ASSIGNMENTS 360
d CSV /bench/competition/2022-2025/COP22to25/VRP_LC-09-05-10-s1_c24.xml.lzma,optimum,369,369,369,0,250855,437114,223879,3,0,41,0,177,223534,0,skipped,,,,,,0,,,,,,,,
c run_end_local: 2026-06-01 12:24:25 +0900
