# WCTIME: wall clock time in seconds
WCTIME=0.692334
# CPUTIME: CPU time in seconds (USERTIME+SYSTEMTIME)
CPUTIME=0.649644
# USERTIME: CPU time spent in user mode in seconds
USERTIME=0.624195
# SYSTEMTIME: CPU time spent in system mode in seconds
SYSTEMTIME=0.025449
# CPUUSAGE: CPUTIME/WCTIME in percent
CPUUSAGE=93.8339
# MAXVM: maximum virtual memory used in KiB
MAXVM=218724
# MAXMM: maximum memory used in KiB
MAXMM=32604
# MAXRSS: maximum Resident Segment Size in KiB
MAXRSS=32108
# TIMEOUT: did the solver exceed the time limit?
TIMEOUT=false
# MEMOUT: did the solver exceed the memory limit?
MEMOUT=false
# EXITSTATUS: Exit status of the solver
EXITSTATUS=0
