# WCTIME: wall clock time in seconds
WCTIME=709.149
# CPUTIME: CPU time in seconds (USERTIME+SYSTEMTIME)
CPUTIME=705.393
# USERTIME: CPU time spent in user mode in seconds
USERTIME=611.173
# SYSTEMTIME: CPU time spent in system mode in seconds
SYSTEMTIME=94.22
# CPUUSAGE: CPUTIME/WCTIME in percent
CPUUSAGE=99.4705
# MAXVM: maximum virtual memory used in KiB
MAXVM=149947812
# MAXMM: maximum memory used in KiB
MAXMM=124579136
# MAXRSS: maximum Resident Segment Size in KiB
MAXRSS=124621212
# TIMEOUT: did the solver exceed the time limit?
TIMEOUT=false
# MEMOUT: did the solver exceed the memory limit?
MEMOUT=false
# EXITSTATUS: Exit status of the solver
EXITSTATUS=35072
