# WCTIME: wall clock time in seconds
WCTIME=613.804
# CPUTIME: CPU time in seconds (USERTIME+SYSTEMTIME)
CPUTIME=611.236
# USERTIME: CPU time spent in user mode in seconds
USERTIME=610.818
# SYSTEMTIME: CPU time spent in system mode in seconds
SYSTEMTIME=0.418183
# CPUUSAGE: CPUTIME/WCTIME in percent
CPUUSAGE=99.5817
# MAXVM: maximum virtual memory used in KiB
MAXVM=414980
# MAXMM: maximum memory used in KiB
MAXMM=238544
# MAXRSS: maximum Resident Segment Size in KiB
MAXRSS=236388
# TIMEOUT: did the solver exceed the time limit?
TIMEOUT=false
# MEMOUT: did the solver exceed the memory limit?
MEMOUT=false
# EXITSTATUS: Exit status of the solver
EXITSTATUS=0
