# WCTIME: wall clock time in seconds
WCTIME=1584.31
# CPUTIME: CPU time in seconds (USERTIME+SYSTEMTIME)
CPUTIME=1572.23
# USERTIME: CPU time spent in user mode in seconds
USERTIME=1570.7
# SYSTEMTIME: CPU time spent in system mode in seconds
SYSTEMTIME=1.53077
# CPUUSAGE: CPUTIME/WCTIME in percent
CPUUSAGE=99.2376
# MAXVM: maximum virtual memory used in KiB
MAXVM=417072
# MAXMM: maximum memory used in KiB
MAXMM=241152
# MAXRSS: maximum Resident Segment Size in KiB
MAXRSS=238040
# TIMEOUT: did the solver exceed the time limit?
TIMEOUT=false
# MEMOUT: did the solver exceed the memory limit?
MEMOUT=false
# EXITSTATUS: Exit status of the solver
EXITSTATUS=0
