# WCTIME: wall clock time in seconds
WCTIME=3.03188
# CPUTIME: CPU time in seconds (USERTIME+SYSTEMTIME)
CPUTIME=2.66934
# USERTIME: CPU time spent in user mode in seconds
USERTIME=2.59532
# SYSTEMTIME: CPU time spent in system mode in seconds
SYSTEMTIME=0.074018
# CPUUSAGE: CPUTIME/WCTIME in percent
CPUUSAGE=88.0422
# MAXVM: maximum virtual memory used in KiB
MAXVM=243304
# MAXMM: maximum memory used in KiB
MAXMM=88788
# MAXRSS: maximum Resident Segment Size in KiB
MAXRSS=85712
# TIMEOUT: did the solver exceed the time limit?
TIMEOUT=false
# MEMOUT: did the solver exceed the memory limit?
MEMOUT=false
# EXITSTATUS: Exit status of the solver
EXITSTATUS=0
