# WCTIME: wall clock time in seconds
WCTIME=28.994
# CPUTIME: CPU time in seconds (USERTIME+SYSTEMTIME)
CPUTIME=28.8353
# USERTIME: CPU time spent in user mode in seconds
USERTIME=22.7977
# SYSTEMTIME: CPU time spent in system mode in seconds
SYSTEMTIME=6.03757
# CPUUSAGE: CPUTIME/WCTIME in percent
CPUUSAGE=99.4525
# MAXVM: maximum virtual memory used in KiB
MAXVM=5157516
# MAXMM: maximum memory used in KiB
MAXMM=4608796
# MAXRSS: maximum Resident Segment Size in KiB
MAXRSS=4605756
# TIMEOUT: did the solver exceed the time limit?
TIMEOUT=false
# MEMOUT: did the solver exceed the memory limit?
MEMOUT=false
# EXITSTATUS: Exit status of the solver
EXITSTATUS=0
