# WCTIME: wall clock time in seconds
WCTIME=1200.03
# CPUTIME: CPU time in seconds (USERTIME+SYSTEMTIME)
CPUTIME=1193.98
# USERTIME: CPU time spent in user mode in seconds
USERTIME=1190.32
# SYSTEMTIME: CPU time spent in system mode in seconds
SYSTEMTIME=3.65467
# CPUUSAGE: CPUTIME/WCTIME in percent
CPUUSAGE=99.4959
# MAXVM: maximum virtual memory used in KiB
MAXVM=932324
# MAXMM: maximum memory used in KiB
MAXMM=786732
# MAXRSS: maximum Resident Segment Size in KiB
MAXRSS=786732
# TIMEOUT: did the solver exceed the time limit?
TIMEOUT=true
# MEMOUT: did the solver exceed the memory limit?
MEMOUT=false
# EXITSTATUS: Exit status of the solver
EXITSTATUS=36608
