# WCTIME: wall clock time in seconds
WCTIME=152.372
# CPUTIME: CPU time in seconds (USERTIME+SYSTEMTIME)
CPUTIME=152.575
# USERTIME: CPU time spent in user mode in seconds
USERTIME=102.995
# SYSTEMTIME: CPU time spent in system mode in seconds
SYSTEMTIME=49.5804
# CPUUSAGE: CPUTIME/WCTIME in percent
CPUUSAGE=100.133
# MAXVM: maximum virtual memory used in KiB
MAXVM=127411312
# MAXMM: maximum memory used in KiB
MAXMM=124601184
# MAXRSS: maximum Resident Segment Size in KiB
MAXRSS=124605064
# TIMEOUT: did the solver exceed the time limit?
TIMEOUT=false
# MEMOUT: did the solver exceed the memory limit?
MEMOUT=false
# EXITSTATUS: Exit status of the solver
EXITSTATUS=9
