# WCTIME: wall clock time in seconds
WCTIME=13.3882
# CPUTIME: CPU time in seconds (USERTIME+SYSTEMTIME)
CPUTIME=13.3042
# USERTIME: CPU time spent in user mode in seconds
USERTIME=13.1582
# SYSTEMTIME: CPU time spent in system mode in seconds
SYSTEMTIME=0.146
# CPUUSAGE: CPUTIME/WCTIME in percent
CPUUSAGE=99.3726
# MAXVM: maximum virtual memory used in KiB
MAXVM=209464
# MAXMM: maximum memory used in KiB
MAXMM=52416
# MAXRSS: maximum Resident Segment Size in KiB
MAXRSS=52708
# TIMEOUT: did the solver exceed the time limit?
TIMEOUT=false
# MEMOUT: did the solver exceed the memory limit?
MEMOUT=false
# EXITSTATUS: Exit status of the solver
EXITSTATUS=0
