# WCTIME: wall clock time in seconds
WCTIME=106.849
# CPUTIME: CPU time in seconds (USERTIME+SYSTEMTIME)
CPUTIME=106.277
# USERTIME: CPU time spent in user mode in seconds
USERTIME=105.313
# SYSTEMTIME: CPU time spent in system mode in seconds
SYSTEMTIME=0.964161
# CPUUSAGE: CPUTIME/WCTIME in percent
CPUUSAGE=99.4645
# MAXVM: maximum virtual memory used in KiB
MAXVM=1096348
# MAXMM: maximum memory used in KiB
MAXMM=898804
# MAXRSS: maximum Resident Segment Size in KiB
MAXRSS=895684
# TIMEOUT: did the solver exceed the time limit?
TIMEOUT=false
# MEMOUT: did the solver exceed the memory limit?
MEMOUT=false
# EXITSTATUS: Exit status of the solver
EXITSTATUS=0
