# WCTIME: wall clock time in seconds
WCTIME=88.5105
# CPUTIME: CPU time in seconds (USERTIME+SYSTEMTIME)
CPUTIME=88.0687
# USERTIME: CPU time spent in user mode in seconds
USERTIME=86.9827
# SYSTEMTIME: CPU time spent in system mode in seconds
SYSTEMTIME=1.08604
# CPUUSAGE: CPUTIME/WCTIME in percent
CPUUSAGE=99.5009
# MAXVM: maximum virtual memory used in KiB
MAXVM=1333712
# MAXMM: maximum memory used in KiB
MAXMM=1065112
# MAXRSS: maximum Resident Segment Size in KiB
MAXRSS=1065112
# TIMEOUT: did the solver exceed the time limit?
TIMEOUT=false
# MEMOUT: did the solver exceed the memory limit?
MEMOUT=false
# EXITSTATUS: Exit status of the solver
EXITSTATUS=0
