c cmd: /host-parser-bin/kat_xcsp_ee83b5a8 /bench/competition/2022-2025/COP22to25/CarpetCutting-test02_c23.xml.lzma --encoder portfolio --portfolio-strategy v3 --cop-pipeline guarded-basic --cop-objective-cut direct-expr --cop-objective-cut-timing incremental-hard --cop-objective-cut-backend cnf --table-encoding mdd-tl --cumulative-mode exact --cumulative-decomposition time-rd --progress --log-scop-linear-pb-backend auto --log-scop-bdd-decomposition auto --log-scop-aggregate-weighted-lits --order-ge-shorten-link-cost --direct-eq-ne-max-arity 2 --eq-ne-encoding direct --portfolio-log-scop-eq-ne-encoding ge-rewrite --cop-objective-phase objective-guided --cop-phase-saving
c version: kat-cli=0.1.0 git=unknown-clean
c run_start_local: 2026-06-02 16:06:00 +0900
c 00h00m00s | solve:start
c 00h00m00s | stage:objective-cut timing=incremental-hard backend=cnf form=direct-expr
c 00h00m00s | input: constraints=99
c 00h00m00s | stage:propagate:start
c 00h00m00s | stage:propagate:done ms=0 pruned=30 changed_domains=16 entailed_tables=8
c 00h00m00s | memory:rss checkpoint=after_propagate bytes=38772736 rss=36.98MiB
c 00h00m00s | stage:normalize:start
c 00h00m00s | stage:normalize:done ms=0 high_constraints=99
c 00h00m00s | stage:lower:start
c 00h00m00s | stage:lower:progress percent=10 processed=10 total=99 lowered=10 unsupported=0 ms=0
c 00h00m00s | stage:lower:progress percent=20 processed=20 total=99 lowered=20 unsupported=0 ms=0
c 00h00m00s | stage:lower:progress percent=30 processed=30 total=99 lowered=30 unsupported=0 ms=0
c 00h00m00s | stage:lower:progress percent=40 processed=40 total=99 lowered=40 unsupported=0 ms=0
c 00h00m00s | stage:lower:progress percent=50 processed=50 total=99 lowered=50 unsupported=0 ms=0
c 00h00m00s | stage:lower:progress percent=60 processed=60 total=99 lowered=60 unsupported=0 ms=0
c 00h00m00s | stage:lower:progress percent=70 processed=70 total=99 lowered=70 unsupported=0 ms=0
c 00h00m00s | stage:lower:progress percent=80 processed=80 total=99 lowered=80 unsupported=0 ms=0
c 00h00m00s | stage:lower:progress percent=90 processed=90 total=99 lowered=90 unsupported=0 ms=682
c 00h00m00s | stage:lower:progress percent=100 processed=99 total=99 lowered=99 unsupported=0 ms=682
c 00h00m00s | stage:lower:done ms=712 lowered=99 unsupported=0
c 00h00m00s | memory:rss checkpoint=after_lower bytes=60530688 rss=57.73MiB
c 00h00m00s | stage:post_lower:start
c 00h00m00s | stage:post_lower:done ms=116 rounds=2475 tightened=19292 removed_cls=23306 removed_lits=23272 unsat=false precise_hits=183 precise_rounds=2 pivot_recomputes=19471 pivot_exact_attempts=114 pivot_general_attempts=19414 pivot_general_rest_missing=0 pivot_general_bound_missing=0 pivot_general_no_change=19413 pivot_general_tightened=1 setup_ms=29 loop_ms=70 pivot_ms=0 pivot_version_ms=0 pivot_exact_ms=0 pivot_general_ms=0 pivot_general_prepare_ms=0 pivot_general_rest_ms=0 pivot_general_derive_ms=0 apply_ms=5 sat_ms=0 precise_ms=1
c 00h00m00s | memory:rss checkpoint=after_post_lower bytes=65925120 rss=62.87MiB
c 00h00m00s | stage:lowered-shape int_vars=27761 bool_vars=27824 linear_atoms=114444 table_atoms=0 table_tuples=0 table_scope=0 alldiff_atoms=0 circuit_atoms=0 product_atoms=0 logical_clauses=118870
c 00h00m00s | stage:root-lp:skip reason=disabled ms=0
c 00h00m00s | memory:rss checkpoint=before_preencode bytes=65925120 rss=62.87MiB
c 00h00m00s | stage:preencode(log-scop):start
c 00h00m00s | stage:preencode(log-scop):done ms=9 int_vars=27761
c 00h00m00s | memory:rss checkpoint=after_preencode bytes=65925120 rss=62.87MiB
c 00h00m00s | memory:rss checkpoint=before_encode bytes=65925120 rss=62.87MiB
c 00h00m00s | stage:encode(log-scop):start
c 00h00m01s | memory:rss checkpoint=encode_clause_sample stage=log-scop clauses=1062988 bytes=399691776 rss=381.18MiB progress_percent=10 processed=11891 total=118903
c 00h00m01s | stage:encode(log-scop):progress percent=10 processed=11891 total=118903 sat_clauses=1062988 ms=548
c 00h00m01s | memory:rss checkpoint=encode_clause_sample stage=log-scop clauses=1694061 bytes=462802944 rss=441.36MiB progress_percent=20 processed=23781 total=118903
c 00h00m01s | stage:encode(log-scop):progress percent=20 processed=23781 total=118903 sat_clauses=1694061 ms=798
c 00h00m02s | memory:rss checkpoint=encode_clause_sample stage=log-scop clauses=2321510 bytes=733536256 rss=699.55MiB progress_percent=30 processed=35671 total=118903
c 00h00m02s | stage:encode(log-scop):progress percent=30 processed=35671 total=118903 sat_clauses=2321510 ms=1154
c 00h00m02s | memory:rss checkpoint=encode_clause_sample stage=log-scop clauses=2950023 bytes=796487680 rss=759.59MiB progress_percent=40 processed=47562 total=118903
c 00h00m02s | stage:encode(log-scop):progress percent=40 processed=47562 total=118903 sat_clauses=2950023 ms=1420
c 00h00m02s | memory:rss checkpoint=encode_clause_sample stage=log-scop clauses=3583184 bytes=857481216 rss=817.76MiB progress_percent=50 processed=59452 total=118903
c 00h00m02s | stage:encode(log-scop):progress percent=50 processed=59452 total=118903 sat_clauses=3583184 ms=1672
c 00h00m03s | memory:rss checkpoint=encode_clause_sample stage=log-scop clauses=4232811 bytes=1379860480 rss=1.29GiB progress_percent=60 processed=71342 total=118903
c 00h00m03s | stage:encode(log-scop):progress percent=60 processed=71342 total=118903 sat_clauses=4232811 ms=2158
c 00h00m03s | memory:rss checkpoint=encode_clause_sample stage=log-scop clauses=4952262 bytes=1422528512 rss=1.32GiB progress_percent=70 processed=83233 total=118903
c 00h00m03s | stage:encode(log-scop):progress percent=70 processed=83233 total=118903 sat_clauses=4952262 ms=2435
c 00h00m03s | memory:rss checkpoint=encode_clause_sample stage=log-scop clauses=5752073 bytes=1507958784 rss=1.40GiB progress_percent=80 processed=95123 total=118903
c 00h00m03s | stage:encode(log-scop):progress percent=80 processed=95123 total=118903 sat_clauses=5752073 ms=2755
c 00h00m03s | memory:rss checkpoint=encode_clause_sample stage=log-scop clauses=6660250 bytes=1604530176 rss=1.49GiB progress_percent=90 processed=107013 total=118903
c 00h00m03s | stage:encode(log-scop):progress percent=90 processed=107013 total=118903 sat_clauses=6660250 ms=3121
c 00h00m04s | memory:rss checkpoint=encode_clause_sample stage=log-scop clauses=7709861 bytes=1717104640 rss=1.60GiB progress_percent=100 processed=118903 total=118903
c 00h00m04s | stage:encode(log-scop):progress percent=100 processed=118903 total=118903 sat_clauses=7709861 ms=3535
c 00h00m04s | stage:encode(log-scop):done ms=3542 sat_vars=4604333 sat_clauses=7709861 ext_ge_specs=0 relaxed_circuits=0 log_scop_pb_constraints=149909 log_scop_pb_mixed=0 log_scop_pb_bdd2=149909 log_scop_pb_bdd3=0 log_scop_pb_sorter=0 log_scop_pb_dadda=0 log_scop_bdd_raw=149909 log_scop_bdd_binary=0 log_scop_bdd_multibase=0
c 00h00m04s | stage:objective-cut timing=incremental-hard backend=cnf form=direct-expr
c 00h00m04s | stage:sat:init solver=CaDiCaL vars=4604333 clauses=7709861
c 00h00m04s | stage:sat:solve:start assumptions=0 phase_lits=0
c 00h00m05s | stage:sat:solve:done ms=927 result=Sat assumptions=0 phase_lits=0
c 00h00m05s | stage:decode:start
c 00h00m05s | stage:decode:done int_assignments=81
c 00h00m05s | result:Sat
c 00h00m05s | objective:incumbent kind=initial value=1798 rounds=1 improvements=0
o 1798
c 00h00m05s | stage:objective-cut:add timing=incremental-hard backend=cnf form=direct-expr clauses_added=13
c 00h00m05s | stage:sat:init solver=CaDiCaL vars=4604343 clauses=7709874
c 00h00m05s | stage:sat:solve:start assumptions=0 phase_lits=366
c 00h00m05s | stage:sat:solve:done ms=521 result=Sat assumptions=0 phase_lits=366
c 00h00m05s | stage:decode:start
c 00h00m06s | stage:decode:done int_assignments=81
c 00h00m06s | result:Sat
c 00h00m06s | objective:incumbent kind=improvement value=1797 rounds=2 improvements=1
o 1797
c 00h00m06s | stage:objective-cut:add timing=incremental-hard backend=cnf form=direct-expr clauses_added=12
c 00h00m06s | stage:sat:init solver=CaDiCaL vars=4604352 clauses=7709886
c 00h00m06s | stage:sat:solve:start assumptions=0 phase_lits=366
c 00h00m06s | stage:sat:solve:done ms=538 result=Sat assumptions=0 phase_lits=366
c 00h00m06s | stage:decode:start
c 00h00m06s | stage:decode:done int_assignments=81
c 00h00m06s | result:Sat
c 00h00m06s | objective:incumbent kind=improvement value=1795 rounds=3 improvements=2
o 1795
c 00h00m06s | stage:objective-cut:add timing=incremental-hard backend=cnf form=direct-expr clauses_added=11
c 00h00m06s | stage:sat:init solver=CaDiCaL vars=4604360 clauses=7709897
c 00h00m06s | stage:sat:solve:start assumptions=0 phase_lits=366
c 00h00m07s | stage:sat:solve:done ms=514 result=Sat assumptions=0 phase_lits=366
c 00h00m07s | stage:decode:start
c 00h00m07s | stage:decode:done int_assignments=81
c 00h00m07s | result:Sat
c 00h00m07s | objective:incumbent kind=improvement value=1791 rounds=4 improvements=3
o 1791
c 00h00m07s | stage:objective-cut:add timing=incremental-hard backend=cnf form=direct-expr clauses_added=8
c 00h00m07s | stage:sat:init solver=CaDiCaL vars=4604366 clauses=7709905
c 00h00m07s | stage:sat:solve:start assumptions=0 phase_lits=366
c 00h00m07s | stage:sat:solve:done ms=515 result=Sat assumptions=0 phase_lits=366
c 00h00m07s | stage:decode:start
c 00h00m07s | stage:decode:done int_assignments=81
c 00h00m07s | result:Sat
c 00h00m07s | objective:incumbent kind=improvement value=1790 rounds=5 improvements=4
o 1790
c 00h00m07s | stage:objective-cut:add timing=incremental-hard backend=cnf form=direct-expr clauses_added=13
c 00h00m07s | stage:sat:init solver=CaDiCaL vars=4604376 clauses=7709918
c 00h00m07s | stage:sat:solve:start assumptions=0 phase_lits=366
c 00h00m08s | stage:sat:solve:done ms=522 result=Sat assumptions=0 phase_lits=366
c 00h00m08s | stage:decode:start
c 00h00m08s | stage:decode:done int_assignments=81
c 00h00m08s | result:Sat
c 00h00m08s | objective:incumbent kind=improvement value=1788 rounds=6 improvements=5
o 1788
c 00h00m08s | stage:objective-cut:add timing=incremental-hard backend=cnf form=direct-expr clauses_added=14
c 00h00m08s | stage:sat:init solver=CaDiCaL vars=4604386 clauses=7709932
c 00h00m08s | stage:sat:solve:start assumptions=0 phase_lits=366
c 00h00m08s | stage:sat:solve:done ms=533 result=Sat assumptions=0 phase_lits=366
c 00h00m08s | stage:decode:start
c 00h00m08s | stage:decode:done int_assignments=81
c 00h00m08s | result:Sat
c 00h00m08s | objective:incumbent kind=improvement value=1584 rounds=7 improvements=6
o 1584
c 00h00m08s | stage:objective-cut:add timing=incremental-hard backend=cnf form=direct-expr clauses_added=18
c 00h00m08s | stage:sat:init solver=CaDiCaL vars=4604396 clauses=7709950
c 00h00m08s | stage:sat:solve:start assumptions=0 phase_lits=366
c 00h00m09s | stage:sat:solve:done ms=517 result=Sat assumptions=0 phase_lits=366
c 00h00m09s | stage:decode:start
c 00h00m09s | stage:decode:done int_assignments=81
c 00h00m09s | result:Sat
c 00h00m09s | objective:incumbent kind=improvement value=1583 rounds=8 improvements=7
o 1583
c 00h00m09s | stage:objective-cut:add timing=incremental-hard backend=cnf form=direct-expr clauses_added=3
c 00h00m09s | stage:sat:init solver=CaDiCaL vars=4604398 clauses=7709953
c 00h00m09s | stage:sat:solve:start assumptions=0 phase_lits=366
c 00h00m10s | stage:sat:solve:done ms=538 result=Sat assumptions=0 phase_lits=366
c 00h00m10s | stage:decode:start
c 00h00m10s | stage:decode:done int_assignments=81
c 00h00m10s | result:Sat
c 00h00m10s | objective:incumbent kind=improvement value=1391 rounds=9 improvements=8
o 1391
c 00h00m10s | stage:objective-cut:add timing=incremental-hard backend=cnf form=direct-expr clauses_added=7
c 00h00m10s | stage:sat:init solver=CaDiCaL vars=4604402 clauses=7709960
c 00h00m10s | stage:sat:solve:start assumptions=0 phase_lits=366
c 00h00m10s | stage:sat:solve:done ms=564 result=Sat assumptions=0 phase_lits=366
c 00h00m10s | stage:decode:start
c 00h00m10s | stage:decode:done int_assignments=81
c 00h00m10s | result:Sat
c 00h00m10s | objective:incumbent kind=improvement value=1359 rounds=10 improvements=9
o 1359
c 00h00m10s | stage:objective-cut:add timing=incremental-hard backend=cnf form=direct-expr clauses_added=9
c 00h00m10s | stage:sat:init solver=CaDiCaL vars=4604407 clauses=7709969
c 00h00m10s | stage:sat:solve:start assumptions=0 phase_lits=366
c 00h00m11s | stage:sat:solve:done ms=558 result=Sat assumptions=0 phase_lits=366
c 00h00m11s | stage:decode:start
c 00h00m11s | stage:decode:done int_assignments=81
c 00h00m11s | result:Sat
c 00h00m11s | objective:incumbent kind=improvement value=1335 rounds=11 improvements=10
o 1335
c 00h00m11s | stage:objective-cut:add timing=incremental-hard backend=cnf form=direct-expr clauses_added=13
c 00h00m11s | stage:sat:init solver=CaDiCaL vars=4604414 clauses=7709982
c 00h00m11s | stage:sat:solve:start assumptions=0 phase_lits=366
c 00h00m11s | stage:sat:solve:done ms=569 result=Sat assumptions=0 phase_lits=366
c 00h00m11s | stage:decode:start
c 00h00m11s | stage:decode:done int_assignments=81
c 00h00m11s | result:Sat
c 00h00m11s | objective:incumbent kind=improvement value=1327 rounds=12 improvements=11
o 1327
c 00h00m12s | stage:objective-cut:add timing=incremental-hard backend=cnf form=direct-expr clauses_added=2
c 00h00m12s | stage:sat:init solver=CaDiCaL vars=4604415 clauses=7709984
c 00h00m12s | stage:sat:solve:start assumptions=0 phase_lits=366
c 00h00m12s | stage:sat:solve:done ms=830 result=Sat assumptions=0 phase_lits=366
c 00h00m12s | stage:decode:start
c 00h00m12s | stage:decode:done int_assignments=81
c 00h00m12s | result:Sat
c 00h00m12s | objective:incumbent kind=improvement value=1199 rounds=13 improvements=12
o 1199
c 00h00m12s | stage:objective-cut:add timing=incremental-hard backend=cnf form=direct-expr clauses_added=5
c 00h00m12s | stage:sat:init solver=CaDiCaL vars=4604418 clauses=7709989
c 00h00m12s | stage:sat:solve:start assumptions=0 phase_lits=366
c 00h00m13s | stage:sat:solve:done ms=535 result=Sat assumptions=0 phase_lits=366
c 00h00m13s | stage:decode:start
c 00h00m13s | stage:decode:done int_assignments=81
c 00h00m13s | result:Sat
c 00h00m13s | objective:incumbent kind=improvement value=1175 rounds=14 improvements=13
o 1175
c 00h00m13s | stage:objective-cut:add timing=incremental-hard backend=cnf form=direct-expr clauses_added=11
c 00h00m13s | stage:sat:init solver=CaDiCaL vars=4604425 clauses=7710000
c 00h00m13s | stage:sat:solve:start assumptions=0 phase_lits=366
c 00h00m14s | stage:sat:solve:done ms=833 result=Sat assumptions=0 phase_lits=366
c 00h00m14s | stage:decode:start
c 00h00m14s | stage:decode:done int_assignments=81
c 00h00m14s | result:Sat
c 00h00m14s | objective:incumbent kind=improvement value=1072 rounds=15 improvements=14
o 1072
c 00h00m14s | stage:objective-cut:add timing=incremental-hard backend=cnf form=direct-expr clauses_added=19
c 00h00m14s | stage:sat:init solver=CaDiCaL vars=4604435 clauses=7710019
c 00h00m14s | stage:sat:solve:start assumptions=0 phase_lits=366
c 00h00m14s | stage:sat:solve:done ms=524 result=Sat assumptions=0 phase_lits=366
c 00h00m14s | stage:decode:start
c 00h00m14s | stage:decode:done int_assignments=81
c 00h00m14s | result:Sat
c 00h00m14s | objective:incumbent kind=improvement value=1071 rounds=16 improvements=15
o 1071
c 00h00m15s | stage:objective-cut:add timing=incremental-hard backend=cnf form=direct-expr clauses_added=4
c 00h00m15s | stage:sat:init solver=CaDiCaL vars=4604437 clauses=7710023
c 00h00m15s | stage:sat:solve:start assumptions=0 phase_lits=366
c 00h00m15s | stage:sat:solve:done ms=517 result=Sat assumptions=0 phase_lits=366
c 00h00m15s | stage:decode:start
c 00h00m15s | stage:decode:done int_assignments=81
c 00h00m15s | result:Sat
c 00h00m15s | objective:incumbent kind=improvement value=1033 rounds=17 improvements=16
o 1033
c 00h00m15s | stage:objective-cut:add timing=incremental-hard backend=cnf form=direct-expr clauses_added=14
c 00h00m15s | stage:sat:init solver=CaDiCaL vars=4604446 clauses=7710037
c 00h00m15s | stage:sat:solve:start assumptions=0 phase_lits=366
c 00h00m16s | stage:sat:solve:done ms=566 result=Sat assumptions=0 phase_lits=366
c 00h00m16s | stage:decode:start
c 00h00m16s | stage:decode:done int_assignments=81
c 00h00m16s | result:Sat
c 00h00m16s | objective:incumbent kind=improvement value=1017 rounds=18 improvements=17
o 1017
c 00h00m16s | stage:objective-cut:add timing=incremental-hard backend=cnf form=direct-expr clauses_added=15
c 00h00m16s | stage:sat:init solver=CaDiCaL vars=4604455 clauses=7710052
c 00h00m16s | stage:sat:solve:start assumptions=0 phase_lits=366
c 00h00m16s | stage:sat:solve:done ms=610 result=Sat assumptions=0 phase_lits=366
c 00h00m16s | stage:decode:start
c 00h00m16s | stage:decode:done int_assignments=81
c 00h00m16s | result:Sat
c 00h00m16s | objective:incumbent kind=improvement value=1010 rounds=19 improvements=18
o 1010
c 00h00m16s | stage:objective-cut:add timing=incremental-hard backend=cnf form=direct-expr clauses_added=17
c 00h00m16s | stage:sat:init solver=CaDiCaL vars=4604465 clauses=7710069
c 00h00m16s | stage:sat:solve:start assumptions=0 phase_lits=366
c 00h00m17s | stage:sat:solve:done ms=509 result=Sat assumptions=0 phase_lits=366
c 00h00m17s | stage:decode:start
c 00h00m17s | stage:decode:done int_assignments=81
c 00h00m17s | result:Sat
c 00h00m17s | objective:incumbent kind=improvement value=994 rounds=20 improvements=19
o 994
c 00h00m17s | stage:objective-cut:add timing=incremental-hard backend=cnf form=direct-expr clauses_added=16
c 00h00m17s | stage:sat:init solver=CaDiCaL vars=4604475 clauses=7710085
c 00h00m17s | stage:sat:solve:start assumptions=0 phase_lits=366
c 00h00m17s | stage:sat:solve:done ms=505 result=Sat assumptions=0 phase_lits=366
c 00h00m17s | stage:decode:start
c 00h00m17s | stage:decode:done int_assignments=81
c 00h00m17s | result:Sat
c 00h00m17s | objective:incumbent kind=improvement value=991 rounds=21 improvements=20
o 991
c 00h00m18s | stage:objective-cut:add timing=incremental-hard backend=cnf form=direct-expr clauses_added=10
c 00h00m18s | stage:sat:init solver=CaDiCaL vars=4604481 clauses=7710095
c 00h00m18s | stage:sat:solve:start assumptions=0 phase_lits=366
c 00h00m19s | stage:sat:solve:done ms=1083 result=Sat assumptions=0 phase_lits=366
c 00h00m19s | stage:decode:start
c 00h00m19s | stage:decode:done int_assignments=81
c 00h00m19s | result:Sat
c 00h00m19s | objective:incumbent kind=improvement value=988 rounds=22 improvements=21
o 988
c 00h00m19s | stage:objective-cut:add timing=incremental-hard backend=cnf form=direct-expr clauses_added=16
c 00h00m19s | stage:sat:init solver=CaDiCaL vars=4604491 clauses=7710111
c 00h00m19s | stage:sat:solve:start assumptions=0 phase_lits=366
c 00h00m19s | stage:sat:solve:done ms=503 result=Sat assumptions=0 phase_lits=366
c 00h00m19s | stage:decode:start
c 00h00m19s | stage:decode:done int_assignments=81
c 00h00m19s | result:Sat
c 00h00m19s | objective:incumbent kind=improvement value=987 rounds=23 improvements=22
o 987
c 00h00m19s | stage:objective-cut:add timing=incremental-hard backend=cnf form=direct-expr clauses_added=13
c 00h00m19s | stage:sat:init solver=CaDiCaL vars=4604499 clauses=7710124
c 00h00m19s | stage:sat:solve:start assumptions=0 phase_lits=366
c 00h00m20s | stage:sat:solve:done ms=500 result=Sat assumptions=0 phase_lits=366
c 00h00m20s | stage:decode:start
c 00h00m20s | stage:decode:done int_assignments=81
c 00h00m20s | result:Sat
c 00h00m20s | objective:incumbent kind=improvement value=985 rounds=24 improvements=23
o 985
c 00h00m20s | stage:objective-cut:add timing=incremental-hard backend=cnf form=direct-expr clauses_added=15
c 00h00m20s | stage:sat:init solver=CaDiCaL vars=4604508 clauses=7710139
c 00h00m20s | stage:sat:solve:start assumptions=0 phase_lits=366
c 00h00m20s | stage:sat:solve:done ms=550 result=Sat assumptions=0 phase_lits=366
c 00h00m20s | stage:decode:start
c 00h00m20s | stage:decode:done int_assignments=81
c 00h00m20s | result:Sat
c 00h00m20s | objective:incumbent kind=improvement value=953 rounds=25 improvements=24
o 953
c 00h00m20s | stage:objective-cut:add timing=incremental-hard backend=cnf form=direct-expr clauses_added=16
c 00h00m20s | stage:sat:init solver=CaDiCaL vars=4604517 clauses=7710155
c 00h00m20s | stage:sat:solve:start assumptions=0 phase_lits=366
c 00h00m25s | stage:sat:solve:done ms=4438 result=Sat assumptions=0 phase_lits=366
c 00h00m25s | stage:decode:start
c 00h00m25s | stage:decode:done int_assignments=81
c 00h00m25s | result:Sat
c 00h00m25s | objective:incumbent kind=improvement value=944 rounds=26 improvements=25
o 944
c 00h00m25s | stage:objective-cut:add timing=incremental-hard backend=cnf form=direct-expr clauses_added=19
c 00h00m25s | stage:sat:init solver=CaDiCaL vars=4604527 clauses=7710174
c 00h00m25s | stage:sat:solve:start assumptions=0 phase_lits=366
c 00h00m26s | stage:sat:solve:done ms=1372 result=Sat assumptions=0 phase_lits=366
c 00h00m26s | stage:decode:start
c 00h00m26s | stage:decode:done int_assignments=81
c 00h00m26s | result:Sat
c 00h00m26s | objective:incumbent kind=improvement value=943 rounds=27 improvements=26
o 943
c 00h00m26s | stage:objective-cut:add timing=incremental-hard backend=cnf form=direct-expr clauses_added=6
c 00h00m26s | stage:sat:init solver=CaDiCaL vars=4604530 clauses=7710180
c 00h00m26s | stage:sat:solve:start assumptions=0 phase_lits=366
c 00h00m30s | stage:sat:solve:done ms=4082 result=Sat assumptions=0 phase_lits=366
c 00h00m30s | stage:decode:start
c 00h00m30s | stage:decode:done int_assignments=81
c 00h00m30s | result:Sat
c 00h00m30s | objective:incumbent kind=improvement value=942 rounds=28 improvements=27
o 942
c 00h00m30s | stage:objective-cut:add timing=incremental-hard backend=cnf form=direct-expr clauses_added=14
c 00h00m30s | stage:sat:init solver=CaDiCaL vars=4604540 clauses=7710194
c 00h00m30s | stage:sat:solve:start assumptions=0 phase_lits=366
c 00h00m31s | stage:sat:solve:done ms=516 result=Sat assumptions=0 phase_lits=366
c 00h00m31s | stage:decode:start
c 00h00m31s | stage:decode:done int_assignments=81
c 00h00m31s | result:Sat
c 00h00m31s | objective:incumbent kind=improvement value=941 rounds=29 improvements=28
o 941
c 00h00m31s | stage:objective-cut:add timing=incremental-hard backend=cnf form=direct-expr clauses_added=13
c 00h00m31s | stage:sat:init solver=CaDiCaL vars=4604549 clauses=7710207
c 00h00m31s | stage:sat:solve:start assumptions=0 phase_lits=366
c 00h00m32s | stage:sat:solve:done ms=523 result=Sat assumptions=0 phase_lits=366
c 00h00m32s | stage:decode:start
c 00h00m32s | stage:decode:done int_assignments=81
c 00h00m32s | result:Sat
c 00h00m32s | objective:incumbent kind=improvement value=940 rounds=30 improvements=29
o 940
c 00h00m32s | stage:objective-cut:add timing=incremental-hard backend=cnf form=direct-expr clauses_added=15
c 00h00m32s | stage:sat:init solver=CaDiCaL vars=4604559 clauses=7710222
c 00h00m32s | stage:sat:solve:start assumptions=0 phase_lits=366
c 00h00m35s | stage:sat:solve:done ms=3545 result=Sat assumptions=0 phase_lits=366
c 00h00m35s | stage:decode:start
c 00h00m35s | stage:decode:done int_assignments=81
c 00h00m35s | result:Sat
c 00h00m35s | objective:incumbent kind=improvement value=939 rounds=31 improvements=30
o 939
c 00h00m35s | stage:objective-cut:add timing=incremental-hard backend=cnf form=direct-expr clauses_added=12
c 00h00m35s | stage:sat:init solver=CaDiCaL vars=4604567 clauses=7710234
c 00h00m35s | stage:sat:solve:start assumptions=0 phase_lits=366
c 00h00m36s | stage:sat:solve:done ms=538 result=Sat assumptions=0 phase_lits=366
c 00h00m36s | stage:decode:start
c 00h00m36s | stage:decode:done int_assignments=81
c 00h00m36s | result:Sat
c 00h00m36s | objective:incumbent kind=improvement value=937 rounds=32 improvements=31
o 937
c 00h00m36s | stage:objective-cut:add timing=incremental-hard backend=cnf form=direct-expr clauses_added=14
c 00h00m36s | stage:sat:init solver=CaDiCaL vars=4604576 clauses=7710248
c 00h00m36s | stage:sat:solve:start assumptions=0 phase_lits=366
c 00h00m36s | stage:sat:solve:done ms=544 result=Sat assumptions=0 phase_lits=366
c 00h00m36s | stage:decode:start
c 00h00m36s | stage:decode:done int_assignments=81
c 00h00m36s | result:Sat
c 00h00m36s | objective:incumbent kind=improvement value=936 rounds=33 improvements=32
o 936
c 00h00m36s | stage:objective-cut:add timing=incremental-hard backend=cnf form=direct-expr clauses_added=16
c 00h00m36s | stage:sat:init solver=CaDiCaL vars=4604586 clauses=7710264
c 00h00m36s | stage:sat:solve:start assumptions=0 phase_lits=366
c 00h00m42s | stage:sat:solve:done ms=5291 result=Sat assumptions=0 phase_lits=366
c 00h00m42s | stage:decode:start
c 00h00m42s | stage:decode:done int_assignments=81
c 00h00m42s | result:Sat
c 00h00m42s | objective:incumbent kind=improvement value=935 rounds=34 improvements=33
o 935
c 00h00m42s | stage:objective-cut:add timing=incremental-hard backend=cnf form=direct-expr clauses_added=11
c 00h00m42s | stage:sat:init solver=CaDiCaL vars=4604593 clauses=7710275
c 00h00m42s | stage:sat:solve:start assumptions=0 phase_lits=366
c 00h00m42s | stage:sat:solve:done ms=697 result=Sat assumptions=0 phase_lits=366
c 00h00m42s | stage:decode:start
c 00h00m42s | stage:decode:done int_assignments=81
c 00h00m42s | result:Sat
c 00h00m42s | objective:incumbent kind=improvement value=930 rounds=35 improvements=34
o 930
c 00h00m42s | stage:objective-cut:add timing=incremental-hard backend=cnf form=direct-expr clauses_added=16
c 00h00m42s | stage:sat:init solver=CaDiCaL vars=4604603 clauses=7710291
c 00h00m42s | stage:sat:solve:start assumptions=0 phase_lits=366
c 00h00m43s | stage:sat:solve:done ms=935 result=Sat assumptions=0 phase_lits=366
c 00h00m43s | stage:decode:start
c 00h00m43s | stage:decode:done int_assignments=81
c 00h00m43s | result:Sat
c 00h00m43s | objective:incumbent kind=improvement value=926 rounds=36 improvements=35
o 926
c 00h00m43s | stage:objective-cut:add timing=incremental-hard backend=cnf form=direct-expr clauses_added=15
c 00h00m43s | stage:sat:init solver=CaDiCaL vars=4604613 clauses=7710306
c 00h00m43s | stage:sat:solve:start assumptions=0 phase_lits=366
c 00h00m46s | stage:sat:solve:done ms=2861 result=Sat assumptions=0 phase_lits=366
c 00h00m46s | stage:decode:start
c 00h00m46s | stage:decode:done int_assignments=81
c 00h00m46s | result:Sat
c 00h00m46s | objective:incumbent kind=improvement value=925 rounds=37 improvements=36
o 925
c 00h00m46s | stage:objective-cut:add timing=incremental-hard backend=cnf form=direct-expr clauses_added=14
c 00h00m46s | stage:sat:init solver=CaDiCaL vars=4604622 clauses=7710320
c 00h00m46s | stage:sat:solve:start assumptions=0 phase_lits=366
c 00h01m16s | stage:sat:solve:done ms=29547 result=Sat assumptions=0 phase_lits=366
c 00h01m16s | stage:decode:start
c 00h01m16s | stage:decode:done int_assignments=81
c 00h01m16s | result:Sat
c 00h01m16s | objective:incumbent kind=improvement value=924 rounds=38 improvements=37
o 924
c 00h01m16s | stage:objective-cut:add timing=incremental-hard backend=cnf form=direct-expr clauses_added=16
c 00h01m16s | stage:sat:init solver=CaDiCaL vars=4604632 clauses=7710336
c 00h01m16s | stage:sat:solve:start assumptions=0 phase_lits=366
c 00h01m17s | stage:sat:solve:done ms=955 result=Sat assumptions=0 phase_lits=366
c 00h01m17s | stage:decode:start
c 00h01m17s | stage:decode:done int_assignments=81
c 00h01m17s | result:Sat
c 00h01m17s | objective:incumbent kind=improvement value=922 rounds=39 improvements=38
o 922
c 00h01m17s | stage:objective-cut:add timing=incremental-hard backend=cnf form=direct-expr clauses_added=16
c 00h01m17s | stage:sat:init solver=CaDiCaL vars=4604642 clauses=7710352
c 00h01m17s | stage:sat:solve:start assumptions=0 phase_lits=366
c 00h01m18s | stage:sat:solve:done ms=779 result=Sat assumptions=0 phase_lits=366
c 00h01m18s | stage:decode:start
c 00h01m18s | stage:decode:done int_assignments=81
c 00h01m18s | result:Sat
c 00h01m18s | objective:incumbent kind=improvement value=921 rounds=40 improvements=39
o 921
c 00h01m18s | stage:objective-cut:add timing=incremental-hard backend=cnf form=direct-expr clauses_added=15
c 00h01m18s | stage:sat:init solver=CaDiCaL vars=4604651 clauses=7710367
c 00h01m18s | stage:sat:solve:start assumptions=0 phase_lits=366
c 00h01m18s | stage:sat:solve:done ms=528 result=Sat assumptions=0 phase_lits=366
c 00h01m18s | stage:decode:start
c 00h01m18s | stage:decode:done int_assignments=81
c 00h01m18s | result:Sat
c 00h01m18s | objective:incumbent kind=improvement value=919 rounds=41 improvements=40
o 919
c 00h01m19s | stage:objective-cut:add timing=incremental-hard backend=cnf form=direct-expr clauses_added=12
c 00h01m19s | stage:sat:init solver=CaDiCaL vars=4604658 clauses=7710379
c 00h01m19s | stage:sat:solve:start assumptions=0 phase_lits=366
c 00h01m19s | stage:sat:solve:done ms=126 result=Unsat assumptions=0 phase_lits=366
c 00h01m19s | result:Unsat
s OPTIMUM FOUND
o 919
v <instantiation>
v   <list> z x[0] x[1] x[2] x[3] x[4] x[5] x[6] x[7] y[0] y[1] y[2] y[3] y[4] y[5] y[6] y[7] r[0] r[1] r[2] r[3] r[4] r[5] r[6] r[7] r0or180[0] r0or180[1] r0or180[2] r0or180[3] r0or180[4] r0or180[5] r0or180[6] r0or180[7] r0or90[0] r0or90[1] r0or90[2] r0or90[3] r0or90[4] r0or90[5] r0or90[6] r0or90[7] xr[0] xr[1] xr[2] xr[3] xr[4] xr[5] xr[6] xr[7] yr[0] yr[1] yr[2] yr[3] yr[4] yr[5] yr[6] yr[7] lr[0] lr[1] lr[2] lr[3] lr[4] lr[5] lr[6] lr[7] wr[0] wr[1] wr[2] wr[3] wr[4] wr[5] wr[6] wr[7] aux_gb[0] aux_gb[1] aux_gb[2] aux_gb[3] aux_gb[4] aux_gb[5] aux_gb[6] aux_gb[7] </list>
v   <values> 919 612 0 601 788 851 601 690 793 347 0 2 251 251 196 353 1 0 0 1 0 0 0 0 0 1 1 0 1 1 1 1 1 1 1 1 1 1 1 1 1 612 0 601 788 851 601 690 793 347 0 2 251 251 196 353 1 77 601 192 63 68 187 67 120 110 397 190 203 154 151 104 250 0 0 0 0 0 0 0 0 </values>
v </instantiation>
d OBJECTIVE_VALUE 919
d OPTIMAL 1
d SOURCE_CONSTRAINTS 99
d NORMALIZED_CONSTRAINTS 99
d LOWERED_CONSTRAINTS 99
d UNSUPPORTED_CONSTRAINTS 0
d CIRCUIT_CEGAR_FAILURES 0
d CIRCUIT_CEGAR_ROUNDS 0
d CIRCUIT_CEGAR_ADDED_CLAUSES 0
d CUMULATIVE_CEGAR_FAILURES 0
d CUMULATIVE_CEGAR_ROUNDS 0
d CUMULATIVE_CEGAR_ADDED_CLAUSES 0
d COP_CEGAR_FAILURES 0
d COP_CEGAR_ROUNDS 0
d COP_CEGAR_ADDED_CLAUSES 0
d OBJECTIVE_CUT_TIMING incremental-hard
d OBJECTIVE_CUT_BACKEND cnf
d OBJECTIVE_CUT_FORM direct-expr
d OBJECTIVE_CUT_EAGER_CLAUSES_ADDED 518
d OBJECTIVE_RELAXATION_CLAUSES_ADDED 0
d OBJECTIVE_ROUNDS 42
d OBJECTIVE_IMPROVEMENTS 40
d OBJECTIVE_OPTIMALITY_PROOF strict_cut_unsat
d PROPAGATE_MS 0
d NORMALIZE_MS 0
d LOWER_MS 712
d POST_LOWER_MS 116
d PREENCODE_MS 9
d ENCODE_MS 3542
d SAT_SOLVE_MS 72158
d TOTAL_MS 79132
d SAT_VARS 4604658
d SAT_CLAUSES_BASE 7710379
d SAT_CLAUSES_FINAL 7710379
d SAT_CLAUSES_CEGAR_DELTA 0
d SAT_CONFLICTS 2428
d CUMULATIVE_EXTPROP_CONSTRAINTS 2
d CUMULATIVE_EXTPROP_OBSERVED_VARS 181
d CUMULATIVE_EXTPROP_OBSERVED_LITS 181
d CUMULATIVE_EXTPROP_OBSERVED_LIT_OCCURRENCES 195
d CUMULATIVE_EXTPROP_NOTIFY_ASSIGNMENT_CALLS 8955
d CUMULATIVE_EXTPROP_NOTIFY_ASSIGNMENT_LITS 23986
d CUMULATIVE_EXTPROP_NOTIFY_NEW_DECISION_LEVEL_CALLS 63557586
d CUMULATIVE_EXTPROP_NOTIFY_BACKTRACK_CALLS 3202
d CUMULATIVE_EXTPROP_CB_CHECK_FOUND_MODEL_CALLS 41
d CUMULATIVE_EXTPROP_CB_CHECK_FOUND_MODEL_REJECTS 0
d CUMULATIVE_EXTPROP_CB_PROPAGATE_CALLS 7371
d CUMULATIVE_EXTPROP_CB_PROPAGATE_CONFLICTS 0
d CUMULATIVE_EXTPROP_PROPAGATED_LITS 0
d CUMULATIVE_EXTPROP_REASON_CLAUSES 0
d CUMULATIVE_EXTPROP_REASON_CLAUSE_LITS 0
d CUMULATIVE_EXTPROP_REASON_CLAUSE_MAX_LEN 0
d CUMULATIVE_EXTPROP_CB_HAS_EXTERNAL_CLAUSE_CALLS 63557782
d CUMULATIVE_EXTPROP_CB_ADD_EXTERNAL_CLAUSE_LIT_CALLS 0
d CUMULATIVE_EXTPROP_EXTERNAL_CLAUSES 0
d CUMULATIVE_EXTPROP_EXTERNAL_CLAUSE_LITS 0
d CUMULATIVE_EXTPROP_EXTERNAL_CLAUSE_MAX_LEN 0
d CUMULATIVE_EXTPROP_PARTIAL_VIOLATION_CALLS 8523
d CUMULATIVE_EXTPROP_COMPULSORY_VIOLATION_CALLS 8523
d CUMULATIVE_EXTPROP_BOUND_PROPAGATION_CALLS 0
d CUMULATIVE_EXTPROP_BOUND_REASON_CALLS 0
d CUMULATIVE_EXTPROP_PARTIAL_SUMMARY_TASK_EVALS 49760
d CUMULATIVE_EXTPROP_BOUND_SUMMARY_TASK_EVALS 68184
d CUMULATIVE_EXTPROP_BOUND_EVENT_PAIRS 0
d CUMULATIVE_EXTPROP_LOWER_BOUND_LIT_CALLS 0
d CUMULATIVE_EXTPROP_UPPER_BOUND_LIT_CALLS 0
d CUMULATIVE_EXTPROP_LOG_WITNESS_CHECKS 0
d LINEAR_INT_EQ_ARITY_STATS {"1":{"count":27720,"max_domain_product_excluding_one_var":"1","p95_domain_product_excluding_one_var":"1"},"2":{"count":27696,"max_domain_product_excluding_one_var":"2","p95_domain_product_excluding_one_var":"2"},"3":{"count":16,"max_domain_product_excluding_one_var":"1739","p95_domain_product_excluding_one_var":"1739"}}
d LINEAR_INT_NE_ARITY_STATS {"1":{"count":32,"max_domain_product_excluding_one_var":"1","p95_domain_product_excluding_one_var":"1"}}
d LINEAR_INT_GE_ARITY_STATS {"1":{"count":27680,"max_domain_product_excluding_one_var":"1","p95_domain_product_excluding_one_var":"1"},"2":{"count":27696,"max_domain_product_excluding_one_var":"2","p95_domain_product_excluding_one_var":"2"},"3":{"count":128,"max_domain_product_excluding_one_var":"3470","p95_domain_product_excluding_one_var":"3450"},"8":{"count":2402,"max_domain_product_excluding_one_var":"4227254022103770752","p95_domain_product_excluding_one_var":"4227254022103770752"},"9":{"count":1058,"max_domain_product_excluding_one_var":"17249318054019717734656","p95_domain_product_excluding_one_var":"17249318054019717734656"}}
d LINEAR_BOOL_MIXED_ARITY_STATS {"2":{"count":16,"max_domain_product_excluding_one_var":"2","p95_domain_product_excluding_one_var":"2"}}
d ROOT_LP_ENTERED 0
d ROOT_LP_STATUS skipped
d ROOT_LP_MS 0
d ROOT_LP_REASON root_lp_disabled
d OBJECTIVE_CUT_TIMING incremental-hard
d OBJECTIVE_CUT_BACKEND cnf
d OBJECTIVE_CUT_FORM direct-expr
d OBJECTIVE_CUT_EAGER_CLAUSES_ADDED 518
d PROPAGATE_PRUNED_VALUES 30
d PROPAGATE_CHANGED_DOMAINS 16
d PROPAGATE_ENTAILED_TABLES 8
d POST_LOWER_ROUNDS 2475
d POST_LOWER_TIGHTENED_DOMAINS 19292
d POST_LOWER_REMOVED_CLAUSES 23306
d POST_LOWER_REMOVED_LITS 23272
d POST_LOWER_DETECTED_UNSAT 0
d PREENCODE_INT_VARS 27761
d ENCODE_EXTERNAL_GE_SPECS 0
d ENCODE_RELAXED_CIRCUITS 0
d LOG_SCOP_LINEAR_PB_CONSTRAINTS 149909
d LOG_SCOP_LINEAR_PB_MIXED_DISPATCH_CONSTRAINTS 0
d LOG_SCOP_LINEAR_PB_MIXED_ATTEMPT_BDD 0
d LOG_SCOP_LINEAR_PB_MIXED_ATTEMPT_SORTER 0
d LOG_SCOP_LINEAR_PB_MIXED_ATTEMPT_DADDA 0
d LOG_SCOP_LINEAR_PB_MIXED_REJECT_BDD_BUDGET 0
d LOG_SCOP_LINEAR_PB_MIXED_REJECT_SORTER_BUDGET 0
d LOG_SCOP_LINEAR_PB_MIXED_FALLBACK_BDD_TO_SORTER 0
d LOG_SCOP_LINEAR_PB_MIXED_FALLBACK_BDD_TO_DADDA 0
d LOG_SCOP_LINEAR_PB_MIXED_FALLBACK_SORTER_TO_BDD 0
d LOG_SCOP_LINEAR_PB_MIXED_FALLBACK_SORTER_TO_DADDA 0
d LOG_SCOP_LINEAR_PB_BACKEND_BDD2 149909
d LOG_SCOP_LINEAR_PB_BACKEND_BDD3 0
d LOG_SCOP_LINEAR_PB_BACKEND_SORTER 0
d LOG_SCOP_LINEAR_PB_BACKEND_DADDA 0
d LOG_SCOP_LINEAR_PB_BDD_DECOMPOSITION_RAW 149909
d LOG_SCOP_LINEAR_PB_BDD_DECOMPOSITION_BINARY 0
d LOG_SCOP_LINEAR_PB_BDD_DECOMPOSITION_MULTIBASE 0
d MEMORY_RSS_BYTES 1717104640
d MEMORY_RSS_AFTER_PROPAGATE_BYTES 38772736
d MEMORY_RSS_AFTER_LOWER_BYTES 60530688
d MEMORY_RSS_AFTER_POST_LOWER_BYTES 65925120
d MEMORY_RSS_BEFORE_PREENCODE_BYTES 65925120
d MEMORY_RSS_AFTER_PREENCODE_BYTES 65925120
d MEMORY_RSS_BEFORE_ENCODE_BYTES 65925120
d MEMORY_RSS_ENCODE_SAMPLE_INTERVAL_CLAUSES 1000000
d MEMORY_RSS_ENCODE_SAMPLE_COUNT 17
d MEMORY_RSS_ENCODE_LAST_SAMPLE_CLAUSE 7709861
d MEMORY_RSS_ENCODE_LAST_SAMPLE_BYTES 1717104640
d MEMORY_RSS_ENCODE_MAX_SAMPLE_BYTES 1717104640
d DECODE_INT_ASSIGNMENTS 81
d CSV /bench/competition/2022-2025/COP22to25/CarpetCutting-test02_c23.xml.lzma,optimum,99,99,99,0,4604658,7710379,79132,0,0,712,9,3542,72158,0,skipped,,,,,,0,,,,,,,,
c run_end_local: 2026-06-02 16:07:20 +0900
