# WCTIME: wall clock time in seconds
WCTIME=1800.27
# CPUTIME: CPU time in seconds (USERTIME+SYSTEMTIME)
CPUTIME=1790.23
# USERTIME: CPU time spent in user mode in seconds
USERTIME=1787.34
# SYSTEMTIME: CPU time spent in system mode in seconds
SYSTEMTIME=2.88846
# CPUUSAGE: CPUTIME/WCTIME in percent
CPUUSAGE=99.4425
# MAXVM: maximum virtual memory used in KiB
MAXVM=542936
# MAXMM: maximum memory used in KiB
MAXMM=369580
# MAXRSS: maximum Resident Segment Size in KiB
MAXRSS=372196
# TIMEOUT: did the solver exceed the time limit?
TIMEOUT=true
# MEMOUT: did the solver exceed the memory limit?
MEMOUT=false
# EXITSTATUS: Exit status of the solver
EXITSTATUS=36608
