# WCTIME: wall clock time in seconds
WCTIME=926.741
# CPUTIME: CPU time in seconds (USERTIME+SYSTEMTIME)
CPUTIME=922.851
# USERTIME: CPU time spent in user mode in seconds
USERTIME=922.55
# SYSTEMTIME: CPU time spent in system mode in seconds
SYSTEMTIME=0.30076
# CPUUSAGE: CPUTIME/WCTIME in percent
CPUUSAGE=99.5803
# MAXVM: maximum virtual memory used in KiB
MAXVM=288808
# MAXMM: maximum memory used in KiB
MAXMM=95432
# MAXRSS: maximum Resident Segment Size in KiB
MAXRSS=92420
# TIMEOUT: did the solver exceed the time limit?
TIMEOUT=false
# MEMOUT: did the solver exceed the memory limit?
MEMOUT=false
# EXITSTATUS: Exit status of the solver
EXITSTATUS=0
