# WCTIME: wall clock time in seconds
WCTIME=117.299
# CPUTIME: CPU time in seconds (USERTIME+SYSTEMTIME)
CPUTIME=116.616
# USERTIME: CPU time spent in user mode in seconds
USERTIME=114.768
# SYSTEMTIME: CPU time spent in system mode in seconds
SYSTEMTIME=1.8481
# CPUUSAGE: CPUTIME/WCTIME in percent
CPUUSAGE=99.4175
# MAXVM: maximum virtual memory used in KiB
MAXVM=1811448
# MAXMM: maximum memory used in KiB
MAXMM=1532608
# MAXRSS: maximum Resident Segment Size in KiB
MAXRSS=1579164
# TIMEOUT: did the solver exceed the time limit?
TIMEOUT=false
# MEMOUT: did the solver exceed the memory limit?
MEMOUT=false
# EXITSTATUS: Exit status of the solver
EXITSTATUS=0
