# WCTIME: wall clock time in seconds
WCTIME=1800.14
# CPUTIME: CPU time in seconds (USERTIME+SYSTEMTIME)
CPUTIME=1786.88
# USERTIME: CPU time spent in user mode in seconds
USERTIME=1784.43
# SYSTEMTIME: CPU time spent in system mode in seconds
SYSTEMTIME=2.44663
# CPUUSAGE: CPUTIME/WCTIME in percent
CPUUSAGE=99.2633
# MAXVM: maximum virtual memory used in KiB
MAXVM=919140
# MAXMM: maximum memory used in KiB
MAXMM=719392
# MAXRSS: maximum Resident Segment Size in KiB
MAXRSS=718416
# TIMEOUT: did the solver exceed the time limit?
TIMEOUT=true
# MEMOUT: did the solver exceed the memory limit?
MEMOUT=false
# EXITSTATUS: Exit status of the solver
EXITSTATUS=36608
