# WCTIME: wall clock time in seconds
WCTIME=1800.15
# CPUTIME: CPU time in seconds (USERTIME+SYSTEMTIME)
CPUTIME=1790.1
# USERTIME: CPU time spent in user mode in seconds
USERTIME=1769.87
# SYSTEMTIME: CPU time spent in system mode in seconds
SYSTEMTIME=20.2291
# CPUUSAGE: CPUTIME/WCTIME in percent
CPUUSAGE=99.4415
# MAXVM: maximum virtual memory used in KiB
MAXVM=6817852
# MAXMM: maximum memory used in KiB
MAXMM=6199084
# MAXRSS: maximum Resident Segment Size in KiB
MAXRSS=6195924
# TIMEOUT: did the solver exceed the time limit?
TIMEOUT=true
# MEMOUT: did the solver exceed the memory limit?
MEMOUT=false
# EXITSTATUS: Exit status of the solver
EXITSTATUS=36608
