# WCTIME: wall clock time in seconds
WCTIME=27.4898
# CPUTIME: CPU time in seconds (USERTIME+SYSTEMTIME)
CPUTIME=27.1986
# USERTIME: CPU time spent in user mode in seconds
USERTIME=26.2637
# SYSTEMTIME: CPU time spent in system mode in seconds
SYSTEMTIME=0.934829
# CPUUSAGE: CPUTIME/WCTIME in percent
CPUUSAGE=98.9407
# MAXVM: maximum virtual memory used in KiB
MAXVM=1393996
# MAXMM: maximum memory used in KiB
MAXMM=1143792
# MAXRSS: maximum Resident Segment Size in KiB
MAXRSS=1140704
# TIMEOUT: did the solver exceed the time limit?
TIMEOUT=false
# MEMOUT: did the solver exceed the memory limit?
MEMOUT=false
# EXITSTATUS: Exit status of the solver
EXITSTATUS=35584
