# WCTIME: wall clock time in seconds
WCTIME=412.492
# CPUTIME: CPU time in seconds (USERTIME+SYSTEMTIME)
CPUTIME=407.86
# USERTIME: CPU time spent in user mode in seconds
USERTIME=339.659
# SYSTEMTIME: CPU time spent in system mode in seconds
SYSTEMTIME=68.201
# CPUUSAGE: CPUTIME/WCTIME in percent
CPUUSAGE=98.8771
# MAXVM: maximum virtual memory used in KiB
MAXVM=142882548
# MAXMM: maximum memory used in KiB
MAXMM=124621408
# MAXRSS: maximum Resident Segment Size in KiB
MAXRSS=113868676
# TIMEOUT: did the solver exceed the time limit?
TIMEOUT=false
# MEMOUT: did the solver exceed the memory limit?
MEMOUT=false
# EXITSTATUS: Exit status of the solver
EXITSTATUS=35072
