c cmd: /host-parser-bin/kat_xcsp_1173b3f4_local_cop1000_extprop8196_s40 /bench/competition/2022-2025/COP22to25/HSP-aux-11406_c23.xml.lzma --encoder order-ge --order-ge-table mdd-tl --order-ge-eq-ne direct-order --order-ge-direct-eq-ne-max-arity all --order-ge-extprop --order-ge-extprop-min-domain-product 8196 --order-ge-extprop-shorten-strategy balanced-chunks --order-ge-extprop-shorten-max-arity 40 --progress
c 00h00m00s | solve:start
c 00h00m00s | input: constraints=95
c 00h00m00s | stage:propagate:start
c 00h00m00s | stage:propagate:done ms=0 pruned=849 changed_domains=19 entailed_tables=0
c 00h00m00s | stage:normalize:start
c 00h00m00s | stage:normalize:done ms=0 high_constraints=95
c 00h00m00s | stage:lower:start
c 00h00m00s | stage:lower:done ms=1 lowered=95 unsupported=0
c 00h00m00s | stage:post_lower:start
c 00h00m00s | stage:post_lower:done ms=0 rounds=20 tightened=14 removed_cls=43 removed_lits=25 unsat=false precise_hits=11 precise_rounds=1 pivot_recomputes=57 pivot_exact_attempts=51 pivot_general_attempts=51 pivot_general_rest_missing=0 pivot_general_bound_missing=0 pivot_general_no_change=48 pivot_general_tightened=3 setup_ms=0 loop_ms=0 pivot_ms=0 pivot_version_ms=0 pivot_exact_ms=0 pivot_general_ms=0 pivot_general_prepare_ms=0 pivot_general_rest_ms=0 pivot_general_derive_ms=0 apply_ms=0 sat_ms=0 precise_ms=0
c 00h00m00s | stage:preencode(order-ge):start
c 00h00m00s | stage:preencode(order-ge):done ms=0 int_vars=28
c 00h00m00s | stage:encode(order-ge):start
c 00h00m00s | stage:encode(order-ge):done ms=17 sat_vars=8511 sat_clauses=40588 ext_ge_specs=20 relaxed_circuits=0
c 00h00m00s | stage:sat:init solver=CaDiCaL vars=8511 clauses=40588
c 00h00m00s | stage:sat:solve:start assumptions=0 phase_lits=0
c 00h00m00s | stage:sat:solve:done ms=27 result=Sat assumptions=0 phase_lits=0
c 00h00m00s | stage:decode:start
c 00h00m00s | stage:decode:done int_assignments=28
c 00h00m00s | result:Sat
c 00h00m00s | objective:incumbent kind=initial value=315 rounds=1 improvements=0
o 315
c 00h00m00s | solve:start
c 00h00m00s | input: constraints=96
c 00h00m00s | stage:propagate:start
c 00h00m00s | stage:propagate:done ms=0 pruned=888 changed_domains=20 entailed_tables=0
c 00h00m00s | stage:normalize:start
c 00h00m00s | stage:normalize:done ms=0 high_constraints=96
c 00h00m00s | stage:lower:start
c 00h00m00s | stage:lower:done ms=0 lowered=96 unsupported=0
c 00h00m00s | stage:post_lower:start
c 00h00m00s | stage:post_lower:done ms=0 rounds=20 tightened=14 removed_cls=44 removed_lits=25 unsat=false precise_hits=11 precise_rounds=1 pivot_recomputes=57 pivot_exact_attempts=51 pivot_general_attempts=51 pivot_general_rest_missing=0 pivot_general_bound_missing=0 pivot_general_no_change=48 pivot_general_tightened=3 setup_ms=0 loop_ms=0 pivot_ms=0 pivot_version_ms=0 pivot_exact_ms=0 pivot_general_ms=0 pivot_general_prepare_ms=0 pivot_general_rest_ms=0 pivot_general_derive_ms=0 apply_ms=0 sat_ms=0 precise_ms=0
c 00h00m00s | stage:preencode(order-ge):start
c 00h00m00s | stage:preencode(order-ge):done ms=0 int_vars=28
c 00h00m00s | stage:encode(order-ge):start
c 00h00m00s | stage:encode(order-ge):done ms=12 sat_vars=7887 sat_clauses=37351 ext_ge_specs=20 relaxed_circuits=0
c 00h00m00s | stage:sat:init solver=CaDiCaL vars=7887 clauses=37351
c 00h00m00s | stage:sat:solve:start assumptions=0 phase_lits=0
c 00h00m00s | stage:sat:solve:done ms=17 result=Sat assumptions=0 phase_lits=0
c 00h00m00s | stage:decode:start
c 00h00m00s | stage:decode:done int_assignments=28
c 00h00m00s | result:Sat
c 00h00m00s | objective:incumbent kind=improvement value=313 rounds=2 improvements=1
o 313
c 00h00m00s | solve:start
c 00h00m00s | input: constraints=97
c 00h00m00s | stage:propagate:start
c 00h00m00s | stage:propagate:done ms=0 pruned=890 changed_domains=20 entailed_tables=0
c 00h00m00s | stage:normalize:start
c 00h00m00s | stage:normalize:done ms=0 high_constraints=97
c 00h00m00s | stage:lower:start
c 00h00m00s | stage:lower:done ms=0 lowered=97 unsupported=0
c 00h00m00s | stage:post_lower:start
c 00h00m00s | stage:post_lower:done ms=0 rounds=20 tightened=14 removed_cls=45 removed_lits=25 unsat=false precise_hits=11 precise_rounds=1 pivot_recomputes=57 pivot_exact_attempts=51 pivot_general_attempts=51 pivot_general_rest_missing=0 pivot_general_bound_missing=0 pivot_general_no_change=48 pivot_general_tightened=3 setup_ms=0 loop_ms=0 pivot_ms=0 pivot_version_ms=0 pivot_exact_ms=0 pivot_general_ms=0 pivot_general_prepare_ms=0 pivot_general_rest_ms=0 pivot_general_derive_ms=0 apply_ms=0 sat_ms=0 precise_ms=0
c 00h00m00s | stage:preencode(order-ge):start
c 00h00m00s | stage:preencode(order-ge):done ms=0 int_vars=28
c 00h00m00s | stage:encode(order-ge):start
c 00h00m00s | stage:encode(order-ge):done ms=11 sat_vars=7855 sat_clauses=37185 ext_ge_specs=20 relaxed_circuits=0
c 00h00m00s | stage:sat:init solver=CaDiCaL vars=7855 clauses=37185
c 00h00m00s | stage:sat:solve:start assumptions=0 phase_lits=0
c 00h00m00s | stage:sat:solve:done ms=17 result=Sat assumptions=0 phase_lits=0
c 00h00m00s | stage:decode:start
c 00h00m00s | stage:decode:done int_assignments=28
c 00h00m00s | result:Sat
c 00h00m00s | objective:incumbent kind=improvement value=312 rounds=3 improvements=2
o 312
c 00h00m00s | solve:start
c 00h00m00s | input: constraints=98
c 00h00m00s | stage:propagate:start
c 00h00m00s | stage:propagate:done ms=0 pruned=891 changed_domains=20 entailed_tables=0
c 00h00m00s | stage:normalize:start
c 00h00m00s | stage:normalize:done ms=0 high_constraints=98
c 00h00m00s | stage:lower:start
c 00h00m00s | stage:lower:done ms=0 lowered=98 unsupported=0
c 00h00m00s | stage:post_lower:start
c 00h00m00s | stage:post_lower:done ms=0 rounds=20 tightened=14 removed_cls=46 removed_lits=25 unsat=false precise_hits=11 precise_rounds=1 pivot_recomputes=57 pivot_exact_attempts=51 pivot_general_attempts=51 pivot_general_rest_missing=0 pivot_general_bound_missing=0 pivot_general_no_change=48 pivot_general_tightened=3 setup_ms=0 loop_ms=0 pivot_ms=0 pivot_version_ms=0 pivot_exact_ms=0 pivot_general_ms=0 pivot_general_prepare_ms=0 pivot_general_rest_ms=0 pivot_general_derive_ms=0 apply_ms=0 sat_ms=0 precise_ms=0
c 00h00m00s | stage:preencode(order-ge):start
c 00h00m00s | stage:preencode(order-ge):done ms=0 int_vars=28
c 00h00m00s | stage:encode(order-ge):start
c 00h00m00s | stage:encode(order-ge):done ms=12 sat_vars=7839 sat_clauses=37102 ext_ge_specs=20 relaxed_circuits=0
c 00h00m00s | stage:sat:init solver=CaDiCaL vars=7839 clauses=37102
c 00h00m00s | stage:sat:solve:start assumptions=0 phase_lits=0
c 00h00m00s | stage:sat:solve:done ms=40 result=Sat assumptions=0 phase_lits=0
c 00h00m00s | stage:decode:start
c 00h00m00s | stage:decode:done int_assignments=28
c 00h00m00s | result:Sat
c 00h00m00s | objective:incumbent kind=improvement value=275 rounds=4 improvements=3
o 275
c 00h00m00s | solve:start
c 00h00m00s | input: constraints=99
c 00h00m00s | stage:propagate:start
c 00h00m00s | stage:propagate:done ms=0 pruned=928 changed_domains=20 entailed_tables=0
c 00h00m00s | stage:normalize:start
c 00h00m00s | stage:normalize:done ms=0 high_constraints=99
c 00h00m00s | stage:lower:start
c 00h00m00s | stage:lower:done ms=0 lowered=99 unsupported=0
c 00h00m00s | stage:post_lower:start
c 00h00m00s | stage:post_lower:done ms=0 rounds=20 tightened=14 removed_cls=47 removed_lits=25 unsat=false precise_hits=11 precise_rounds=1 pivot_recomputes=57 pivot_exact_attempts=51 pivot_general_attempts=51 pivot_general_rest_missing=0 pivot_general_bound_missing=0 pivot_general_no_change=48 pivot_general_tightened=3 setup_ms=0 loop_ms=0 pivot_ms=0 pivot_version_ms=0 pivot_exact_ms=0 pivot_general_ms=0 pivot_general_prepare_ms=0 pivot_general_rest_ms=0 pivot_general_derive_ms=0 apply_ms=0 sat_ms=0 precise_ms=0
c 00h00m00s | stage:preencode(order-ge):start
c 00h00m00s | stage:preencode(order-ge):done ms=0 int_vars=28
c 00h00m00s | stage:encode(order-ge):start
c 00h00m00s | stage:encode(order-ge):done ms=22 sat_vars=7475 sat_clauses=48465 ext_ge_specs=18 relaxed_circuits=0
c 00h00m00s | stage:sat:init solver=CaDiCaL vars=7475 clauses=48465
c 00h00m00s | stage:sat:solve:start assumptions=0 phase_lits=0
c 00h00m00s | stage:sat:solve:done ms=20 result=Sat assumptions=0 phase_lits=0
c 00h00m00s | stage:decode:start
c 00h00m00s | stage:decode:done int_assignments=28
c 00h00m00s | result:Sat
c 00h00m00s | objective:incumbent kind=improvement value=263 rounds=5 improvements=4
o 263
c 00h00m00s | solve:start
c 00h00m00s | input: constraints=100
c 00h00m00s | stage:propagate:start
c 00h00m00s | stage:propagate:done ms=0 pruned=940 changed_domains=20 entailed_tables=0
c 00h00m00s | stage:normalize:start
c 00h00m00s | stage:normalize:done ms=0 high_constraints=100
c 00h00m00s | stage:lower:start
c 00h00m00s | stage:lower:done ms=0 lowered=100 unsupported=0
c 00h00m00s | stage:post_lower:start
c 00h00m00s | stage:post_lower:done ms=0 rounds=19 tightened=14 removed_cls=48 removed_lits=25 unsat=false precise_hits=11 precise_rounds=1 pivot_recomputes=55 pivot_exact_attempts=49 pivot_general_attempts=49 pivot_general_rest_missing=0 pivot_general_bound_missing=0 pivot_general_no_change=46 pivot_general_tightened=3 setup_ms=0 loop_ms=0 pivot_ms=0 pivot_version_ms=0 pivot_exact_ms=0 pivot_general_ms=0 pivot_general_prepare_ms=0 pivot_general_rest_ms=0 pivot_general_derive_ms=0 apply_ms=0 sat_ms=0 precise_ms=0
c 00h00m00s | stage:preencode(order-ge):start
c 00h00m00s | stage:preencode(order-ge):done ms=0 int_vars=28
c 00h00m00s | stage:encode(order-ge):start
c 00h00m00s | stage:encode(order-ge):done ms=20 sat_vars=7263 sat_clauses=46429 ext_ge_specs=18 relaxed_circuits=0
c 00h00m00s | stage:sat:init solver=CaDiCaL vars=7263 clauses=46429
c 00h00m00s | stage:sat:solve:start assumptions=0 phase_lits=0
c 00h00m00s | stage:sat:solve:done ms=15 result=Sat assumptions=0 phase_lits=0
c 00h00m00s | stage:decode:start
c 00h00m00s | stage:decode:done int_assignments=28
c 00h00m00s | result:Sat
c 00h00m00s | objective:incumbent kind=improvement value=262 rounds=6 improvements=5
o 262
c 00h00m00s | solve:start
c 00h00m00s | input: constraints=101
c 00h00m00s | stage:propagate:start
c 00h00m00s | stage:propagate:done ms=0 pruned=941 changed_domains=20 entailed_tables=0
c 00h00m00s | stage:normalize:start
c 00h00m00s | stage:normalize:done ms=0 high_constraints=101
c 00h00m00s | stage:lower:start
c 00h00m00s | stage:lower:done ms=0 lowered=101 unsupported=0
c 00h00m00s | stage:post_lower:start
c 00h00m00s | stage:post_lower:done ms=0 rounds=19 tightened=14 removed_cls=49 removed_lits=25 unsat=false precise_hits=11 precise_rounds=1 pivot_recomputes=55 pivot_exact_attempts=49 pivot_general_attempts=49 pivot_general_rest_missing=0 pivot_general_bound_missing=0 pivot_general_no_change=46 pivot_general_tightened=3 setup_ms=0 loop_ms=0 pivot_ms=0 pivot_version_ms=0 pivot_exact_ms=0 pivot_general_ms=0 pivot_general_prepare_ms=0 pivot_general_rest_ms=0 pivot_general_derive_ms=0 apply_ms=0 sat_ms=0 precise_ms=0
c 00h00m00s | stage:preencode(order-ge):start
c 00h00m00s | stage:preencode(order-ge):done ms=0 int_vars=28
c 00h00m00s | stage:encode(order-ge):start
c 00h00m00s | stage:encode(order-ge):done ms=20 sat_vars=7244 sat_clauses=46251 ext_ge_specs=18 relaxed_circuits=0
c 00h00m00s | stage:sat:init solver=CaDiCaL vars=7244 clauses=46251
c 00h00m00s | stage:sat:solve:start assumptions=0 phase_lits=0
c 00h00m00s | stage:sat:solve:done ms=67 result=Sat assumptions=0 phase_lits=0
c 00h00m00s | stage:decode:start
c 00h00m00s | stage:decode:done int_assignments=28
c 00h00m00s | result:Sat
c 00h00m00s | objective:incumbent kind=improvement value=218 rounds=7 improvements=6
o 218
c 00h00m00s | solve:start
c 00h00m00s | input: constraints=102
c 00h00m00s | stage:propagate:start
c 00h00m00s | stage:propagate:done ms=0 pruned=985 changed_domains=20 entailed_tables=0
c 00h00m00s | stage:normalize:start
c 00h00m00s | stage:normalize:done ms=0 high_constraints=102
c 00h00m00s | stage:lower:start
c 00h00m00s | stage:lower:done ms=0 lowered=102 unsupported=0
c 00h00m00s | stage:post_lower:start
c 00h00m00s | stage:post_lower:done ms=0 rounds=20 tightened=16 removed_cls=50 removed_lits=25 unsat=false precise_hits=11 precise_rounds=1 pivot_recomputes=60 pivot_exact_attempts=53 pivot_general_attempts=54 pivot_general_rest_missing=0 pivot_general_bound_missing=0 pivot_general_no_change=50 pivot_general_tightened=4 setup_ms=0 loop_ms=0 pivot_ms=0 pivot_version_ms=0 pivot_exact_ms=0 pivot_general_ms=0 pivot_general_prepare_ms=0 pivot_general_rest_ms=0 pivot_general_derive_ms=0 apply_ms=0 sat_ms=0 precise_ms=0
c 00h00m00s | stage:preencode(order-ge):start
c 00h00m00s | stage:preencode(order-ge):done ms=0 int_vars=28
c 00h00m00s | stage:encode(order-ge):start
c 00h00m00s | stage:encode(order-ge):done ms=32 sat_vars=6714 sat_clauses=65065 ext_ge_specs=14 relaxed_circuits=0
c 00h00m00s | stage:sat:init solver=CaDiCaL vars=6714 clauses=65065
c 00h00m00s | stage:sat:solve:start assumptions=0 phase_lits=0
c 00h00m00s | stage:sat:solve:done ms=49 result=Sat assumptions=0 phase_lits=0
c 00h00m00s | stage:decode:start
c 00h00m00s | stage:decode:done int_assignments=28
c 00h00m00s | result:Sat
c 00h00m00s | objective:incumbent kind=improvement value=214 rounds=8 improvements=7
o 214
c 00h00m00s | solve:start
c 00h00m00s | input: constraints=103
c 00h00m00s | stage:propagate:start
c 00h00m00s | stage:propagate:done ms=0 pruned=989 changed_domains=20 entailed_tables=0
c 00h00m00s | stage:normalize:start
c 00h00m00s | stage:normalize:done ms=0 high_constraints=103
c 00h00m00s | stage:lower:start
c 00h00m00s | stage:lower:done ms=0 lowered=103 unsupported=0
c 00h00m00s | stage:post_lower:start
c 00h00m00s | stage:post_lower:done ms=0 rounds=20 tightened=19 removed_cls=51 removed_lits=25 unsat=false precise_hits=11 precise_rounds=1 pivot_recomputes=60 pivot_exact_attempts=53 pivot_general_attempts=54 pivot_general_rest_missing=0 pivot_general_bound_missing=0 pivot_general_no_change=47 pivot_general_tightened=7 setup_ms=0 loop_ms=0 pivot_ms=0 pivot_version_ms=0 pivot_exact_ms=0 pivot_general_ms=0 pivot_general_prepare_ms=0 pivot_general_rest_ms=0 pivot_general_derive_ms=0 apply_ms=0 sat_ms=0 precise_ms=0
c 00h00m00s | stage:preencode(order-ge):start
c 00h00m00s | stage:preencode(order-ge):done ms=0 int_vars=28
c 00h00m00s | stage:encode(order-ge):start
c 00h00m00s | stage:encode(order-ge):done ms=31 sat_vars=6622 sat_clauses=63829 ext_ge_specs=14 relaxed_circuits=0
c 00h00m00s | stage:sat:init solver=CaDiCaL vars=6622 clauses=63829
c 00h00m00s | stage:sat:solve:start assumptions=0 phase_lits=0
c 00h00m00s | stage:sat:solve:done ms=120 result=Sat assumptions=0 phase_lits=0
c 00h00m00s | stage:decode:start
c 00h00m00s | stage:decode:done int_assignments=28
c 00h00m00s | result:Sat
c 00h00m00s | objective:incumbent kind=improvement value=202 rounds=9 improvements=8
o 202
c 00h00m00s | solve:start
c 00h00m00s | input: constraints=104
c 00h00m00s | stage:propagate:start
c 00h00m00s | stage:propagate:done ms=0 pruned=1001 changed_domains=20 entailed_tables=0
c 00h00m00s | stage:normalize:start
c 00h00m00s | stage:normalize:done ms=0 high_constraints=104
c 00h00m00s | stage:lower:start
c 00h00m00s | stage:lower:done ms=0 lowered=104 unsupported=0
c 00h00m00s | stage:post_lower:start
c 00h00m00s | stage:post_lower:done ms=0 rounds=20 tightened=19 removed_cls=52 removed_lits=25 unsat=false precise_hits=11 precise_rounds=1 pivot_recomputes=60 pivot_exact_attempts=53 pivot_general_attempts=54 pivot_general_rest_missing=0 pivot_general_bound_missing=0 pivot_general_no_change=47 pivot_general_tightened=7 setup_ms=0 loop_ms=0 pivot_ms=0 pivot_version_ms=0 pivot_exact_ms=0 pivot_general_ms=0 pivot_general_prepare_ms=0 pivot_general_rest_ms=0 pivot_general_derive_ms=0 apply_ms=0 sat_ms=0 precise_ms=0
c 00h00m00s | stage:preencode(order-ge):start
c 00h00m00s | stage:preencode(order-ge):done ms=0 int_vars=28
c 00h00m00s | stage:encode(order-ge):start
c 00h00m00s | stage:encode(order-ge):done ms=29 sat_vars=6346 sat_clauses=59929 ext_ge_specs=14 relaxed_circuits=0
c 00h00m00s | stage:sat:init solver=CaDiCaL vars=6346 clauses=59929
c 00h00m00s | stage:sat:solve:start assumptions=0 phase_lits=0
c 00h00m00s | stage:sat:solve:done ms=119 result=Sat assumptions=0 phase_lits=0
c 00h00m00s | stage:decode:start
c 00h00m00s | stage:decode:done int_assignments=28
c 00h00m00s | result:Sat
c 00h00m00s | objective:incumbent kind=improvement value=188 rounds=10 improvements=9
o 188
c 00h00m00s | solve:start
c 00h00m00s | input: constraints=105
c 00h00m00s | stage:propagate:start
c 00h00m00s | stage:propagate:done ms=0 pruned=1015 changed_domains=20 entailed_tables=0
c 00h00m00s | stage:normalize:start
c 00h00m00s | stage:normalize:done ms=0 high_constraints=105
c 00h00m00s | stage:lower:start
c 00h00m00s | stage:lower:done ms=1 lowered=105 unsupported=0
c 00h00m00s | stage:post_lower:start
c 00h00m00s | stage:post_lower:done ms=0 rounds=20 tightened=20 removed_cls=53 removed_lits=25 unsat=false precise_hits=11 precise_rounds=1 pivot_recomputes=60 pivot_exact_attempts=53 pivot_general_attempts=54 pivot_general_rest_missing=0 pivot_general_bound_missing=0 pivot_general_no_change=46 pivot_general_tightened=8 setup_ms=0 loop_ms=0 pivot_ms=0 pivot_version_ms=0 pivot_exact_ms=0 pivot_general_ms=0 pivot_general_prepare_ms=0 pivot_general_rest_ms=0 pivot_general_derive_ms=0 apply_ms=0 sat_ms=0 precise_ms=0
c 00h00m00s | stage:preencode(order-ge):start
c 00h00m00s | stage:preencode(order-ge):done ms=0 int_vars=28
c 00h00m00s | stage:encode(order-ge):start
c 00h00m00s | stage:encode(order-ge):done ms=44 sat_vars=6378 sat_clauses=87059 ext_ge_specs=10 relaxed_circuits=0
c 00h00m00s | stage:sat:init solver=CaDiCaL vars=6378 clauses=87059
c 00h00m00s | stage:sat:solve:start assumptions=0 phase_lits=0
c 00h00m00s | stage:sat:solve:done ms=128 result=Sat assumptions=0 phase_lits=0
c 00h00m00s | stage:decode:start
c 00h00m00s | stage:decode:done int_assignments=28
c 00h00m00s | result:Sat
c 00h00m00s | objective:incumbent kind=improvement value=170 rounds=11 improvements=10
o 170
c 00h00m00s | solve:start
c 00h00m00s | input: constraints=106
c 00h00m00s | stage:propagate:start
c 00h00m00s | stage:propagate:done ms=0 pruned=1033 changed_domains=20 entailed_tables=0
c 00h00m00s | stage:normalize:start
c 00h00m00s | stage:normalize:done ms=0 high_constraints=106
c 00h00m00s | stage:lower:start
c 00h00m00s | stage:lower:done ms=1 lowered=106 unsupported=0
c 00h00m00s | stage:post_lower:start
c 00h00m00s | stage:post_lower:done ms=0 rounds=20 tightened=20 removed_cls=54 removed_lits=25 unsat=false precise_hits=12 precise_rounds=1 pivot_recomputes=60 pivot_exact_attempts=53 pivot_general_attempts=54 pivot_general_rest_missing=0 pivot_general_bound_missing=0 pivot_general_no_change=44 pivot_general_tightened=10 setup_ms=0 loop_ms=0 pivot_ms=0 pivot_version_ms=0 pivot_exact_ms=0 pivot_general_ms=0 pivot_general_prepare_ms=0 pivot_general_rest_ms=0 pivot_general_derive_ms=0 apply_ms=0 sat_ms=0 precise_ms=0
c 00h00m00s | stage:preencode(order-ge):start
c 00h00m00s | stage:preencode(order-ge):done ms=0 int_vars=28
c 00h00m00s | stage:encode(order-ge):start
c 00h00m00s | stage:encode(order-ge):done ms=36 sat_vars=5838 sat_clauses=74435 ext_ge_specs=10 relaxed_circuits=0
c 00h00m00s | stage:sat:init solver=CaDiCaL vars=5838 clauses=74435
c 00h00m00s | stage:sat:solve:start assumptions=0 phase_lits=0
c 00h00m00s | stage:sat:solve:done ms=73 result=Sat assumptions=0 phase_lits=0
c 00h00m00s | stage:decode:start
c 00h00m00s | stage:decode:done int_assignments=28
c 00h00m00s | result:Sat
c 00h00m01s | objective:incumbent kind=improvement value=162 rounds=12 improvements=11
o 162
c 00h00m00s | solve:start
c 00h00m00s | input: constraints=107
c 00h00m00s | stage:propagate:start
c 00h00m00s | stage:propagate:done ms=0 pruned=1041 changed_domains=20 entailed_tables=0
c 00h00m00s | stage:normalize:start
c 00h00m00s | stage:normalize:done ms=0 high_constraints=107
c 00h00m00s | stage:lower:start
c 00h00m00s | stage:lower:done ms=0 lowered=107 unsupported=0
c 00h00m00s | stage:post_lower:start
c 00h00m00s | stage:post_lower:done ms=0 rounds=20 tightened=19 removed_cls=55 removed_lits=25 unsat=false precise_hits=12 precise_rounds=1 pivot_recomputes=60 pivot_exact_attempts=53 pivot_general_attempts=54 pivot_general_rest_missing=0 pivot_general_bound_missing=0 pivot_general_no_change=45 pivot_general_tightened=9 setup_ms=0 loop_ms=0 pivot_ms=0 pivot_version_ms=0 pivot_exact_ms=0 pivot_general_ms=0 pivot_general_prepare_ms=0 pivot_general_rest_ms=0 pivot_general_derive_ms=0 apply_ms=0 sat_ms=0 precise_ms=0
c 00h00m00s | stage:preencode(order-ge):start
c 00h00m00s | stage:preencode(order-ge):done ms=0 int_vars=28
c 00h00m00s | stage:encode(order-ge):start
c 00h00m00s | stage:encode(order-ge):done ms=33 sat_vars=5588 sat_clauses=68557 ext_ge_specs=10 relaxed_circuits=0
c 00h00m00s | stage:sat:init solver=CaDiCaL vars=5588 clauses=68557
c 00h00m00s | stage:sat:solve:start assumptions=0 phase_lits=0
c 00h00m00s | stage:sat:solve:done ms=86 result=Sat assumptions=0 phase_lits=0
c 00h00m00s | stage:decode:start
c 00h00m00s | stage:decode:done int_assignments=28
c 00h00m00s | result:Sat
c 00h00m01s | objective:incumbent kind=improvement value=146 rounds=13 improvements=12
o 146
c 00h00m00s | solve:start
c 00h00m00s | input: constraints=108
c 00h00m00s | stage:propagate:start
c 00h00m00s | stage:propagate:done ms=0 pruned=1057 changed_domains=20 entailed_tables=0
c 00h00m00s | stage:normalize:start
c 00h00m00s | stage:normalize:done ms=0 high_constraints=108
c 00h00m00s | stage:lower:start
c 00h00m00s | stage:lower:done ms=0 lowered=108 unsupported=0
c 00h00m00s | stage:post_lower:start
c 00h00m00s | stage:post_lower:done ms=0 rounds=20 tightened=19 removed_cls=56 removed_lits=25 unsat=false precise_hits=14 precise_rounds=1 pivot_recomputes=60 pivot_exact_attempts=53 pivot_general_attempts=54 pivot_general_rest_missing=0 pivot_general_bound_missing=0 pivot_general_no_change=45 pivot_general_tightened=9 setup_ms=0 loop_ms=0 pivot_ms=0 pivot_version_ms=0 pivot_exact_ms=0 pivot_general_ms=0 pivot_general_prepare_ms=0 pivot_general_rest_ms=0 pivot_general_derive_ms=0 apply_ms=0 sat_ms=0 precise_ms=0
c 00h00m00s | stage:preencode(order-ge):start
c 00h00m00s | stage:preencode(order-ge):done ms=0 int_vars=28
c 00h00m00s | stage:encode(order-ge):start
c 00h00m00s | stage:encode(order-ge):done ms=35 sat_vars=5284 sat_clauses=71362 ext_ge_specs=8 relaxed_circuits=0
c 00h00m00s | stage:sat:init solver=CaDiCaL vars=5284 clauses=71362
c 00h00m00s | stage:sat:solve:start assumptions=0 phase_lits=0
c 00h00m00s | stage:sat:solve:done ms=202 result=Sat assumptions=0 phase_lits=0
c 00h00m00s | stage:decode:start
c 00h00m00s | stage:decode:done int_assignments=28
c 00h00m00s | result:Sat
c 00h00m01s | objective:incumbent kind=improvement value=145 rounds=14 improvements=13
o 145
c 00h00m00s | solve:start
c 00h00m00s | input: constraints=109
c 00h00m00s | stage:propagate:start
c 00h00m00s | stage:propagate:done ms=0 pruned=1058 changed_domains=20 entailed_tables=0
c 00h00m00s | stage:normalize:start
c 00h00m00s | stage:normalize:done ms=0 high_constraints=109
c 00h00m00s | stage:lower:start
c 00h00m00s | stage:lower:done ms=0 lowered=109 unsupported=0
c 00h00m00s | stage:post_lower:start
c 00h00m00s | stage:post_lower:done ms=0 rounds=20 tightened=19 removed_cls=57 removed_lits=25 unsat=false precise_hits=14 precise_rounds=1 pivot_recomputes=60 pivot_exact_attempts=53 pivot_general_attempts=54 pivot_general_rest_missing=0 pivot_general_bound_missing=0 pivot_general_no_change=45 pivot_general_tightened=9 setup_ms=0 loop_ms=0 pivot_ms=0 pivot_version_ms=0 pivot_exact_ms=0 pivot_general_ms=0 pivot_general_prepare_ms=0 pivot_general_rest_ms=0 pivot_general_derive_ms=0 apply_ms=0 sat_ms=0 precise_ms=0
c 00h00m00s | stage:preencode(order-ge):start
c 00h00m00s | stage:preencode(order-ge):done ms=0 int_vars=28
c 00h00m00s | stage:encode(order-ge):start
c 00h00m00s | stage:encode(order-ge):done ms=34 sat_vars=5249 sat_clauses=70431 ext_ge_specs=8 relaxed_circuits=0
c 00h00m00s | stage:sat:init solver=CaDiCaL vars=5249 clauses=70431
c 00h00m00s | stage:sat:solve:start assumptions=0 phase_lits=0
c 00h00m00s | stage:sat:solve:done ms=138 result=Sat assumptions=0 phase_lits=0
c 00h00m00s | stage:decode:start
c 00h00m00s | stage:decode:done int_assignments=28
c 00h00m00s | result:Sat
c 00h00m01s | objective:incumbent kind=improvement value=144 rounds=15 improvements=14
o 144
c 00h00m00s | solve:start
c 00h00m00s | input: constraints=110
c 00h00m00s | stage:propagate:start
c 00h00m00s | stage:propagate:done ms=0 pruned=1059 changed_domains=20 entailed_tables=0
c 00h00m00s | stage:normalize:start
c 00h00m00s | stage:normalize:done ms=0 high_constraints=110
c 00h00m00s | stage:lower:start
c 00h00m00s | stage:lower:done ms=0 lowered=110 unsupported=0
c 00h00m00s | stage:post_lower:start
c 00h00m00s | stage:post_lower:done ms=0 rounds=21 tightened=19 removed_cls=58 removed_lits=25 unsat=false precise_hits=14 precise_rounds=1 pivot_recomputes=63 pivot_exact_attempts=55 pivot_general_attempts=57 pivot_general_rest_missing=0 pivot_general_bound_missing=0 pivot_general_no_change=48 pivot_general_tightened=9 setup_ms=0 loop_ms=0 pivot_ms=0 pivot_version_ms=0 pivot_exact_ms=0 pivot_general_ms=0 pivot_general_prepare_ms=0 pivot_general_rest_ms=0 pivot_general_derive_ms=0 apply_ms=0 sat_ms=0 precise_ms=0
c 00h00m00s | stage:preencode(order-ge):start
c 00h00m00s | stage:preencode(order-ge):done ms=0 int_vars=28
c 00h00m00s | stage:encode(order-ge):start
c 00h00m00s | stage:encode(order-ge):done ms=34 sat_vars=5214 sat_clauses=69497 ext_ge_specs=8 relaxed_circuits=0
c 00h00m00s | stage:sat:init solver=CaDiCaL vars=5214 clauses=69497
c 00h00m00s | stage:sat:solve:start assumptions=0 phase_lits=0
c 00h00m00s | stage:sat:solve:done ms=300 result=Sat assumptions=0 phase_lits=0
c 00h00m00s | stage:decode:start
c 00h00m00s | stage:decode:done int_assignments=28
c 00h00m00s | result:Sat
c 00h00m01s | objective:incumbent kind=improvement value=139 rounds=16 improvements=15
o 139
c 00h00m00s | solve:start
c 00h00m00s | input: constraints=111
c 00h00m00s | stage:propagate:start
c 00h00m00s | stage:propagate:done ms=0 pruned=1064 changed_domains=20 entailed_tables=0
c 00h00m00s | stage:normalize:start
c 00h00m00s | stage:normalize:done ms=0 high_constraints=111
c 00h00m00s | stage:lower:start
c 00h00m00s | stage:lower:done ms=0 lowered=111 unsupported=0
c 00h00m00s | stage:post_lower:start
c 00h00m00s | stage:post_lower:done ms=0 rounds=21 tightened=20 removed_cls=59 removed_lits=25 unsat=false precise_hits=16 precise_rounds=1 pivot_recomputes=65 pivot_exact_attempts=57 pivot_general_attempts=59 pivot_general_rest_missing=0 pivot_general_bound_missing=0 pivot_general_no_change=49 pivot_general_tightened=10 setup_ms=0 loop_ms=0 pivot_ms=0 pivot_version_ms=0 pivot_exact_ms=0 pivot_general_ms=0 pivot_general_prepare_ms=0 pivot_general_rest_ms=0 pivot_general_derive_ms=0 apply_ms=0 sat_ms=0 precise_ms=0
c 00h00m00s | stage:preencode(order-ge):start
c 00h00m00s | stage:preencode(order-ge):done ms=0 int_vars=28
c 00h00m00s | stage:encode(order-ge):start
c 00h00m00s | stage:encode(order-ge):done ms=40 sat_vars=5291 sat_clauses=80608 ext_ge_specs=6 relaxed_circuits=0
c 00h00m00s | stage:sat:init solver=CaDiCaL vars=5291 clauses=80608
c 00h00m00s | stage:sat:solve:start assumptions=0 phase_lits=0
c 00h00m00s | stage:sat:solve:done ms=220 result=Sat assumptions=0 phase_lits=0
c 00h00m00s | stage:decode:start
c 00h00m00s | stage:decode:done int_assignments=28
c 00h00m00s | result:Sat
c 00h00m02s | objective:incumbent kind=improvement value=137 rounds=17 improvements=16
o 137
c 00h00m00s | solve:start
c 00h00m00s | input: constraints=112
c 00h00m00s | stage:propagate:start
c 00h00m00s | stage:propagate:done ms=0 pruned=1066 changed_domains=20 entailed_tables=0
c 00h00m00s | stage:normalize:start
c 00h00m00s | stage:normalize:done ms=0 high_constraints=112
c 00h00m00s | stage:lower:start
c 00h00m00s | stage:lower:done ms=1 lowered=112 unsupported=0
c 00h00m00s | stage:post_lower:start
c 00h00m00s | stage:post_lower:done ms=0 rounds=24 tightened=23 removed_cls=60 removed_lits=25 unsat=false precise_hits=18 precise_rounds=1 pivot_recomputes=77 pivot_exact_attempts=67 pivot_general_attempts=69 pivot_general_rest_missing=0 pivot_general_bound_missing=0 pivot_general_no_change=58 pivot_general_tightened=11 setup_ms=0 loop_ms=0 pivot_ms=0 pivot_version_ms=0 pivot_exact_ms=0 pivot_general_ms=0 pivot_general_prepare_ms=0 pivot_general_rest_ms=0 pivot_general_derive_ms=0 apply_ms=0 sat_ms=0 precise_ms=0
c 00h00m00s | stage:preencode(order-ge):start
c 00h00m00s | stage:preencode(order-ge):done ms=0 int_vars=28
c 00h00m00s | stage:encode(order-ge):start
c 00h00m00s | stage:encode(order-ge):done ms=47 sat_vars=5451 sat_clauses=94300 ext_ge_specs=4 relaxed_circuits=0
c 00h00m00s | stage:sat:init solver=CaDiCaL vars=5451 clauses=94300
c 00h00m00s | stage:sat:solve:start assumptions=0 phase_lits=0
c 00h00m00s | stage:sat:solve:done ms=279 result=Unsat assumptions=0 phase_lits=0
c 00h00m00s | result:Unsat
s OPTIMUM FOUND
o 137
v <instantiation>
v   <list> t[0] t[1] t[2] t[3] t[4] t[5] t[6] o[0] o[1] o[2] o[3] o[4] o[5] o[6] d[0] d[1] d[2] d[3] d[4] d[5] d[6] z g[0] g[1] g[2] g[3] g[4] g[5] </list>
v   <values> 0 98 21 110 33 66 45 0 5 1 6 2 4 3 0 98 60 89 60 33 116 137 98 -77 89 -77 33 -21 </values>
v </instantiation>
d OBJECTIVE_VALUE 137
d OPTIMAL 1
d SOURCE_CONSTRAINTS 112
d NORMALIZED_CONSTRAINTS 112
d LOWERED_CONSTRAINTS 112
d UNSUPPORTED_CONSTRAINTS 0
d CIRCUIT_CEGAR_FAILURES 0
d CIRCUIT_CEGAR_ROUNDS 0
d CIRCUIT_CEGAR_ADDED_CLAUSES 0
d COP_CEGAR_FAILURES 0
d COP_CEGAR_ROUNDS 0
d COP_CEGAR_ADDED_CLAUSES 0
d OBJECTIVE_ROUNDS 18
d OBJECTIVE_IMPROVEMENTS 16
d PROPAGATE_MS 0
d NORMALIZE_MS 0
d LOWER_MS 4
d POST_LOWER_MS 0
d PREENCODE_MS 0
d ENCODE_MS 509
d SAT_SOLVE_MS 1917
d TOTAL_MS 2576
d SAT_VARS 5451
d SAT_CLAUSES_BASE 94300
d SAT_CLAUSES_FINAL 94300
d SAT_CLAUSES_CEGAR_DELTA 0
d SAT_CONFLICTS 1714
d EXTPROP_CONSTRAINTS 4
d EXTPROP_OBSERVED_VARS 646
d EXTPROP_OBSERVED_LITS 646
d EXTPROP_OBSERVED_LIT_OCCURRENCES 1486
d EXTPROP_CALLBACK_CALLS 27063
d EXTPROP_CALLBACK_NS 115564522
d EXTPROP_NOTIFY_ASSIGNMENT_CALLS 6300
d EXTPROP_NOTIFY_ASSIGNMENT_NS 30416221
d EXTPROP_NOTIFY_ASSIGNMENT_LITS 100263
d EXTPROP_NOTIFY_NEW_DECISION_LEVEL_CALLS 6795
d EXTPROP_NOTIFY_NEW_DECISION_LEVEL_NS 1934576
d EXTPROP_NOTIFY_BACKTRACK_CALLS 1956
d EXTPROP_NOTIFY_BACKTRACK_NS 8902402
d EXTPROP_CB_CHECK_FOUND_MODEL_CALLS 0
d EXTPROP_CB_CHECK_FOUND_MODEL_NS 0
d EXTPROP_CB_CHECK_FOUND_MODEL_REJECTS 0
d EXTPROP_CB_DECIDE_CALLS 0
d EXTPROP_CB_DECIDE_NS 0
d EXTPROP_CB_PROPAGATE_CALLS 4140
d EXTPROP_CB_PROPAGATE_NS 72989627
d EXTPROP_PROPAGATED_LITS 2577
d EXTPROP_CB_ADD_REASON_CLAUSE_LIT_CALLS 952
d EXTPROP_CB_ADD_REASON_CLAUSE_LIT_NS 222929
d EXTPROP_REASON_CLAUSES 2602
d EXTPROP_REASON_CLAUSE_LITS 9431
d EXTPROP_REASON_CLAUSE_MAX_LEN 4
d EXTPROP_CB_HAS_EXTERNAL_CLAUSE_CALLS 6904
d EXTPROP_CB_HAS_EXTERNAL_CLAUSE_NS 1096033
d EXTPROP_CB_ADD_EXTERNAL_CLAUSE_LIT_CALLS 16
d EXTPROP_CB_ADD_EXTERNAL_CLAUSE_LIT_NS 2734
d EXTPROP_EXTERNAL_CLAUSES 4
d EXTPROP_EXTERNAL_CLAUSE_LITS 12
d EXTPROP_EXTERNAL_CLAUSE_MAX_LEN 3
d EXTPROP_STRONG_REASON_ATTEMPTS 4
d EXTPROP_STRONG_REASON_NS 41842
d EXTPROP_STRONG_REASON_LIFTS 1
d EXTPROP_STRONG_REASON_DROPPED_TERMS 1
d LINEAR_INT_EQ_ARITY_STATS {"2":{"count":54,"max_domain_product_excluding_one_var":"76","p95_domain_product_excluding_one_var":"63"},"3":{"count":12,"max_domain_product_excluding_one_var":"10094","p95_domain_product_excluding_one_var":"10094"}}
d LINEAR_INT_NE_ARITY_STATS {}
d LINEAR_INT_GE_ARITY_STATS {"1":{"count":39,"max_domain_product_excluding_one_var":"1","p95_domain_product_excluding_one_var":"1"},"2":{"count":127,"max_domain_product_excluding_one_var":"98","p95_domain_product_excluding_one_var":"93"}}
d LINEAR_BOOL_MIXED_ARITY_STATS {}
d PROPAGATE_PRUNED_VALUES 1066
d PROPAGATE_CHANGED_DOMAINS 20
d PROPAGATE_ENTAILED_TABLES 0
d POST_LOWER_ROUNDS 24
d POST_LOWER_TIGHTENED_DOMAINS 23
d POST_LOWER_REMOVED_CLAUSES 60
d POST_LOWER_REMOVED_LITS 25
d POST_LOWER_DETECTED_UNSAT 0
d PREENCODE_INT_VARS 28
d ENCODE_EXTERNAL_GE_SPECS 4
d ENCODE_RELAXED_CIRCUITS 0
d CSV /bench/competition/2022-2025/COP22to25/HSP-aux-11406_c23.xml.lzma,optimum,112,112,112,0,5451,94300,2576,0,0,4,0,509,1917,,,,,,,,,,,,,,,,
