c cmd: /host-parser-bin/kat_xcsp_b85de3f1_dirty_memoryguard_20260521 /bench/competition/2022-2025/COP22to25/Wordpress-08-20-500_c24.xml.lzma --encoder order-ge --order-ge-eq-ne direct-order --order-ge-table mdd-tl --memory-guard-gib 64 --memory-guard-fallback extprop --cop-pipeline guarded-basic --cop-objective-cut direct-expr --progress
c 00h00m00s | solve:start
c 00h00m00s | input: constraints=375
c 00h00m00s | stage:propagate:start
c 00h00m00s | stage:propagate:done ms=4 pruned=20311440 changed_domains=100 entailed_tables=0
c 00h00m00s | memory:rss checkpoint=after_propagate bytes=3526656
c 00h00m00s | stage:normalize:start
c 00h00m00s | stage:normalize:done ms=0 high_constraints=375
c 00h00m00s | stage:lower:start
c 00h00m00s | stage:lower:done ms=147 lowered=375 unsupported=0
c 00h00m00s | memory:rss checkpoint=after_lower bytes=10256384
c 00h00m00s | stage:post_lower:start
c 00h00m00s | stage:post_lower:done ms=10 rounds=0 tightened=2 removed_cls=0 removed_lits=40 unsat=false precise_hits=284 precise_rounds=2 pivot_recomputes=0 pivot_exact_attempts=0 pivot_general_attempts=0 pivot_general_rest_missing=0 pivot_general_bound_missing=0 pivot_general_no_change=0 pivot_general_tightened=0 setup_ms=4 loop_ms=4 pivot_ms=0 pivot_version_ms=0 pivot_exact_ms=0 pivot_general_ms=0 pivot_general_prepare_ms=0 pivot_general_rest_ms=0 pivot_general_derive_ms=0 apply_ms=1 sat_ms=0 precise_ms=0
c 00h00m00s | memory:rss checkpoint=after_post_lower bytes=14036992
c 00h00m00s | stage:lowered-shape int_vars=246 bool_vars=22 linear_atoms=20316 table_atoms=0 table_tuples=0 table_scope=0 alldiff_atoms=0 circuit_atoms=0 product_atoms=0 logical_clauses=40437
c 00h00m00s | stage:root-lp:start backend=native-simplex
c 00h00m00s | stage:root-lp:bound backend=native-simplex status=optimal objective_value=0 naive_bounds=[0,320000] lp_bounds=[0,320000] improved=0 rows=356 vars=268 ms=72
c 00h00m00s | memory:rss checkpoint=before_preencode bytes=17010688
c 00h00m00s | stage:preencode(order-ge):start
c 00h00m00s | stage:preencode(order-ge):done ms=30 int_vars=582
c 00h00m00s | memory:rss checkpoint=after_preencode bytes=21336064
c 00h00m00s | memory:guard limit_bytes=68719476736 rss_bytes=21336064 reserve_bytes=10737418240 available_bytes=57960722432 fallback=extprop
c 00h00m00s | memory:rss checkpoint=before_encode bytes=21336064
c 00h00m00s | stage:encode(order-ge):start
c 00h00m00s | memory:rss checkpoint=encode_clause_sample stage=order-ge clauses=1000000 bytes=313556992 interval_clauses=1000000
c 00h00m01s | memory:rss checkpoint=encode_clause_sample stage=order-ge clauses=2000000 bytes=602537984 interval_clauses=1000000
c 00h00m01s | memory:rss checkpoint=encode_clause_sample stage=order-ge clauses=3000000 bytes=1072345088 interval_clauses=1000000
c 00h00m01s | memory:rss checkpoint=encode_clause_sample stage=order-ge clauses=4000000 bytes=1198264320 interval_clauses=1000000
c 00h00m02s | memory:rss checkpoint=encode_clause_sample stage=order-ge clauses=5000000 bytes=1953931264 interval_clauses=1000000
c 00h00m03s | memory:rss checkpoint=encode_clause_sample stage=order-ge clauses=6000000 bytes=2065289216 interval_clauses=1000000
c 00h00m03s | memory:rss checkpoint=encode_clause_sample stage=order-ge clauses=7000000 bytes=2183909376 interval_clauses=1000000
c 00h00m03s | memory:rss checkpoint=encode_clause_sample stage=order-ge clauses=8000000 bytes=2309599232 interval_clauses=1000000
c 00h00m05s | memory:rss checkpoint=encode_clause_sample stage=order-ge clauses=9000000 bytes=3754934272 interval_clauses=1000000
c 00h00m05s | memory:rss checkpoint=encode_clause_sample stage=order-ge clauses=10000000 bytes=3871424512 interval_clauses=1000000
c 00h00m05s | memory:rss checkpoint=encode_clause_sample stage=order-ge clauses=11000000 bytes=3989823488 interval_clauses=1000000
c 00h00m06s | memory:rss checkpoint=encode_clause_sample stage=order-ge clauses=12000000 bytes=4115746816 interval_clauses=1000000
c 00h00m06s | memory:rss checkpoint=encode_clause_sample stage=order-ge clauses=13000000 bytes=4234145792 interval_clauses=1000000
c 00h00m06s | memory:rss checkpoint=encode_clause_sample stage=order-ge clauses=14000000 bytes=4352544768 interval_clauses=1000000
c 00h00m06s | memory:rss checkpoint=encode_clause_sample stage=order-ge clauses=15000000 bytes=4469121024 interval_clauses=1000000
c 00h00m07s | memory:rss checkpoint=encode_clause_sample stage=order-ge clauses=16000000 bytes=4594819072 interval_clauses=1000000
c 00h00m09s | memory:rss checkpoint=encode_clause_sample stage=order-ge clauses=17000000 bytes=7431737344 interval_clauses=1000000
c 00h00m10s | memory:rss checkpoint=encode_clause_sample stage=order-ge clauses=18000000 bytes=7486849024 interval_clauses=1000000
c 00h00m10s | memory:rss checkpoint=encode_clause_sample stage=order-ge clauses=19000000 bytes=7605325824 interval_clauses=1000000
c 00h00m10s | memory:rss checkpoint=encode_clause_sample stage=order-ge clauses=20000000 bytes=7731023872 interval_clauses=1000000
c 00h00m10s | stage:encode(order-ge):done ms=10502 sat_vars=20116590 sat_clauses=20245934 ext_ge_specs=0 relaxed_circuits=0
c 00h00m10s | stage:sat:init solver=CaDiCaL vars=20116590 clauses=20245934
c 00h00m10s | stage:sat:solve:start assumptions=0 phase_lits=0
c 00h00m18s | stage:sat:solve:done ms=7711 result=Sat assumptions=0 phase_lits=0
c 00h00m18s | stage:decode:start
c 00h00m18s | stage:decode:done int_assignments=246
c 00h00m18s | result:Sat
c 00h00m18s | objective:incumbent kind=initial value=40766 rounds=1 improvements=0
o 40766
c 00h00m18s | stage:sat:init solver=CaDiCaL vars=20116591 clauses=20245934
c 00h00m18s | stage:sat:solve:start assumptions=1 phase_lits=20180
c 00h00m25s | stage:sat:solve:done ms=6480 result=Sat assumptions=1 phase_lits=20180
c 00h00m25s | stage:decode:start
c 00h00m25s | stage:decode:done int_assignments=246
c 00h00m25s | result:Sat
c 00h00m25s | objective:incumbent kind=improvement value=39032 rounds=2 improvements=1
o 39032
c 00h00m25s | stage:sat:init solver=CaDiCaL vars=20116592 clauses=20245935
c 00h00m25s | stage:sat:solve:start assumptions=1 phase_lits=20180
c 00h00m32s | stage:sat:solve:done ms=6485 result=Sat assumptions=1 phase_lits=20180
c 00h00m32s | stage:decode:start
c 00h00m32s | stage:decode:done int_assignments=246
c 00h00m32s | result:Sat
c 00h00m32s | objective:incumbent kind=improvement value=33845 rounds=3 improvements=2
o 33845
c 00h00m32s | stage:sat:init solver=CaDiCaL vars=20116593 clauses=20245936
c 00h00m32s | stage:sat:solve:start assumptions=1 phase_lits=20180
c 00h00m38s | stage:sat:solve:done ms=6427 result=Sat assumptions=1 phase_lits=20180
c 00h00m38s | stage:decode:start
c 00h00m38s | stage:decode:done int_assignments=246
c 00h00m38s | result:Sat
c 00h00m38s | objective:incumbent kind=improvement value=33693 rounds=4 improvements=3
o 33693
c 00h00m39s | stage:sat:init solver=CaDiCaL vars=20116594 clauses=20245937
c 00h00m39s | stage:sat:solve:start assumptions=1 phase_lits=20180
c 00h00m46s | stage:sat:solve:done ms=6836 result=Sat assumptions=1 phase_lits=20180
c 00h00m46s | stage:decode:start
c 00h00m46s | stage:decode:done int_assignments=246
c 00h00m46s | result:Sat
c 00h00m46s | objective:incumbent kind=improvement value=33095 rounds=5 improvements=4
o 33095
c 00h00m46s | stage:sat:init solver=CaDiCaL vars=20116595 clauses=20245938
c 00h00m46s | stage:sat:solve:start assumptions=1 phase_lits=20180
c 00h00m53s | stage:sat:solve:done ms=7127 result=Sat assumptions=1 phase_lits=20180
c 00h00m53s | stage:decode:start
c 00h00m53s | stage:decode:done int_assignments=246
c 00h00m53s | result:Sat
c 00h00m53s | objective:incumbent kind=improvement value=33013 rounds=6 improvements=5
o 33013
c 00h00m53s | stage:sat:init solver=CaDiCaL vars=20116596 clauses=20245939
c 00h00m53s | stage:sat:solve:start assumptions=1 phase_lits=20180
c 00h01m00s | stage:sat:solve:done ms=6984 result=Sat assumptions=1 phase_lits=20180
c 00h01m00s | stage:decode:start
c 00h01m00s | stage:decode:done int_assignments=246
c 00h01m00s | result:Sat
c 00h01m00s | objective:incumbent kind=improvement value=32913 rounds=7 improvements=6
o 32913
c 00h01m01s | stage:sat:init solver=CaDiCaL vars=20116597 clauses=20245940
c 00h01m01s | stage:sat:solve:start assumptions=1 phase_lits=20180
c 00h01m07s | stage:sat:solve:done ms=6882 result=Sat assumptions=1 phase_lits=20180
c 00h01m07s | stage:decode:start
c 00h01m07s | stage:decode:done int_assignments=246
c 00h01m07s | result:Sat
c 00h01m07s | objective:incumbent kind=improvement value=32717 rounds=8 improvements=7
o 32717
c 00h01m08s | stage:sat:init solver=CaDiCaL vars=20116598 clauses=20245941
c 00h01m08s | stage:sat:solve:start assumptions=1 phase_lits=20180
c 00h01m15s | stage:sat:solve:done ms=7152 result=Sat assumptions=1 phase_lits=20180
c 00h01m15s | stage:decode:start
c 00h01m15s | stage:decode:done int_assignments=246
c 00h01m15s | result:Sat
c 00h01m15s | objective:incumbent kind=improvement value=32707 rounds=9 improvements=8
o 32707
c 00h01m15s | stage:sat:init solver=CaDiCaL vars=20116599 clauses=20245942
c 00h01m15s | stage:sat:solve:start assumptions=1 phase_lits=20180
c 00h01m22s | stage:sat:solve:done ms=6605 result=Sat assumptions=1 phase_lits=20180
c 00h01m22s | stage:decode:start
c 00h01m22s | stage:decode:done int_assignments=246
c 00h01m22s | result:Sat
c 00h01m22s | objective:incumbent kind=improvement value=32706 rounds=10 improvements=9
o 32706
c 00h01m22s | stage:sat:init solver=CaDiCaL vars=20116600 clauses=20245943
c 00h01m22s | stage:sat:solve:start assumptions=1 phase_lits=20180
c 00h01m29s | stage:sat:solve:done ms=6750 result=Sat assumptions=1 phase_lits=20180
c 00h01m29s | stage:decode:start
c 00h01m29s | stage:decode:done int_assignments=246
c 00h01m29s | result:Sat
c 00h01m29s | objective:incumbent kind=improvement value=32696 rounds=11 improvements=10
o 32696
c 00h01m29s | stage:sat:init solver=CaDiCaL vars=20116601 clauses=20245944
c 00h01m29s | stage:sat:solve:start assumptions=1 phase_lits=20180
c 00h01m36s | stage:sat:solve:done ms=6559 result=Sat assumptions=1 phase_lits=20180
c 00h01m36s | stage:decode:start
c 00h01m36s | stage:decode:done int_assignments=246
c 00h01m36s | result:Sat
c 00h01m36s | objective:incumbent kind=improvement value=32678 rounds=12 improvements=11
o 32678
c 00h01m36s | stage:sat:init solver=CaDiCaL vars=20116602 clauses=20245945
c 00h01m36s | stage:sat:solve:start assumptions=1 phase_lits=20180
c 00h01m43s | stage:sat:solve:done ms=6574 result=Sat assumptions=1 phase_lits=20180
c 00h01m43s | stage:decode:start
c 00h01m43s | stage:decode:done int_assignments=246
c 00h01m43s | result:Sat
c 00h01m43s | objective:incumbent kind=improvement value=29542 rounds=13 improvements=12
o 29542
c 00h01m43s | stage:sat:init solver=CaDiCaL vars=20116603 clauses=20245946
c 00h01m43s | stage:sat:solve:start assumptions=1 phase_lits=20180
c 00h01m50s | stage:sat:solve:done ms=6748 result=Sat assumptions=1 phase_lits=20180
c 00h01m50s | stage:decode:start
c 00h01m50s | stage:decode:done int_assignments=246
c 00h01m50s | result:Sat
c 00h01m50s | objective:incumbent kind=improvement value=29318 rounds=14 improvements=13
o 29318
c 00h01m50s | stage:sat:init solver=CaDiCaL vars=20116604 clauses=20245947
c 00h01m50s | stage:sat:solve:start assumptions=1 phase_lits=20180
c 00h01m57s | stage:sat:solve:done ms=7019 result=Sat assumptions=1 phase_lits=20180
c 00h01m57s | stage:decode:start
c 00h01m57s | stage:decode:done int_assignments=246
c 00h01m57s | result:Sat
c 00h01m57s | objective:incumbent kind=improvement value=27926 rounds=15 improvements=14
o 27926
c 00h01m57s | stage:sat:init solver=CaDiCaL vars=20116605 clauses=20245948
c 00h01m57s | stage:sat:solve:start assumptions=1 phase_lits=20180
c 00h02m06s | stage:sat:solve:done ms=8413 result=Sat assumptions=1 phase_lits=20180
c 00h02m06s | stage:decode:start
c 00h02m06s | stage:decode:done int_assignments=246
c 00h02m06s | result:Sat
c 00h02m06s | objective:incumbent kind=improvement value=27027 rounds=16 improvements=15
o 27027
c 00h02m06s | stage:sat:init solver=CaDiCaL vars=20116606 clauses=20245949
c 00h02m06s | stage:sat:solve:start assumptions=1 phase_lits=20180
c 00h02m23s | stage:sat:solve:done ms=16372 result=Sat assumptions=1 phase_lits=20180
c 00h02m23s | stage:decode:start
c 00h02m23s | stage:decode:done int_assignments=246
c 00h02m23s | result:Sat
c 00h02m23s | objective:incumbent kind=improvement value=25195 rounds=17 improvements=16
o 25195
c 00h02m23s | stage:sat:init solver=CaDiCaL vars=20116607 clauses=20245950
c 00h02m23s | stage:sat:solve:start assumptions=1 phase_lits=20180
c 00h02m30s | stage:sat:solve:done ms=7021 result=Sat assumptions=1 phase_lits=20180
c 00h02m30s | stage:decode:start
c 00h02m30s | stage:decode:done int_assignments=246
c 00h02m30s | result:Sat
c 00h02m30s | objective:incumbent kind=improvement value=24802 rounds=18 improvements=17
o 24802
c 00h02m30s | stage:sat:init solver=CaDiCaL vars=20116608 clauses=20245951
c 00h02m30s | stage:sat:solve:start assumptions=1 phase_lits=20180
c 00h02m37s | stage:sat:solve:done ms=6781 result=Sat assumptions=1 phase_lits=20180
c 00h02m37s | stage:decode:start
c 00h02m37s | stage:decode:done int_assignments=246
c 00h02m37s | result:Sat
c 00h02m37s | objective:incumbent kind=improvement value=24798 rounds=19 improvements=18
o 24798
c 00h02m37s | stage:sat:init solver=CaDiCaL vars=20116609 clauses=20245952
c 00h02m37s | stage:sat:solve:start assumptions=1 phase_lits=20180
c 00h02m44s | stage:sat:solve:done ms=6744 result=Sat assumptions=1 phase_lits=20180
c 00h02m44s | stage:decode:start
c 00h02m44s | stage:decode:done int_assignments=246
c 00h02m44s | result:Sat
c 00h02m44s | objective:incumbent kind=improvement value=24794 rounds=20 improvements=19
o 24794
c 00h02m45s | stage:sat:init solver=CaDiCaL vars=20116610 clauses=20245953
c 00h02m45s | stage:sat:solve:start assumptions=1 phase_lits=20180
c 00h02m51s | stage:sat:solve:done ms=6302 result=Sat assumptions=1 phase_lits=20180
c 00h02m51s | stage:decode:start
c 00h02m51s | stage:decode:done int_assignments=246
c 00h02m51s | result:Sat
c 00h02m51s | objective:incumbent kind=improvement value=24720 rounds=21 improvements=20
o 24720
c 00h02m51s | stage:sat:init solver=CaDiCaL vars=20116611 clauses=20245954
c 00h02m51s | stage:sat:solve:start assumptions=1 phase_lits=20180
c 00h02m58s | stage:sat:solve:done ms=6887 result=Sat assumptions=1 phase_lits=20180
c 00h02m58s | stage:decode:start
c 00h02m58s | stage:decode:done int_assignments=246
c 00h02m58s | result:Sat
c 00h02m58s | objective:incumbent kind=improvement value=24562 rounds=22 improvements=21
o 24562
c 00h02m58s | stage:sat:init solver=CaDiCaL vars=20116612 clauses=20245955
c 00h02m58s | stage:sat:solve:start assumptions=1 phase_lits=20180
c 00h03m05s | stage:sat:solve:done ms=6910 result=Sat assumptions=1 phase_lits=20180
c 00h03m05s | stage:decode:start
c 00h03m05s | stage:decode:done int_assignments=246
c 00h03m05s | result:Sat
c 00h03m05s | objective:incumbent kind=improvement value=24519 rounds=23 improvements=22
o 24519
c 00h03m06s | stage:sat:init solver=CaDiCaL vars=20116613 clauses=20245956
c 00h03m06s | stage:sat:solve:start assumptions=1 phase_lits=20180
c 00h03m12s | stage:sat:solve:done ms=6247 result=Sat assumptions=1 phase_lits=20180
c 00h03m12s | stage:decode:start
c 00h03m12s | stage:decode:done int_assignments=246
c 00h03m12s | result:Sat
c 00h03m12s | objective:incumbent kind=improvement value=24500 rounds=24 improvements=23
o 24500
c 00h03m12s | stage:sat:init solver=CaDiCaL vars=20116614 clauses=20245957
c 00h03m12s | stage:sat:solve:start assumptions=1 phase_lits=20180
c 00h03m19s | stage:sat:solve:done ms=6861 result=Sat assumptions=1 phase_lits=20180
c 00h03m19s | stage:decode:start
c 00h03m19s | stage:decode:done int_assignments=246
c 00h03m19s | result:Sat
c 00h03m19s | objective:incumbent kind=improvement value=24476 rounds=25 improvements=24
o 24476
c 00h03m20s | stage:sat:init solver=CaDiCaL vars=20116615 clauses=20245958
c 00h03m20s | stage:sat:solve:start assumptions=1 phase_lits=20180
c 00h03m26s | stage:sat:solve:done ms=6770 result=Sat assumptions=1 phase_lits=20180
c 00h03m26s | stage:decode:start
c 00h03m26s | stage:decode:done int_assignments=246
c 00h03m26s | result:Sat
c 00h03m26s | objective:incumbent kind=improvement value=24371 rounds=26 improvements=25
o 24371
c 00h03m27s | stage:sat:init solver=CaDiCaL vars=20116616 clauses=20245959
c 00h03m27s | stage:sat:solve:start assumptions=1 phase_lits=20180
c 00h03m46s | stage:sat:solve:done ms=19078 result=Sat assumptions=1 phase_lits=20180
c 00h03m46s | stage:decode:start
c 00h03m46s | stage:decode:done int_assignments=246
c 00h03m46s | result:Sat
c 00h03m46s | objective:incumbent kind=improvement value=24340 rounds=27 improvements=26
o 24340
c 00h03m46s | stage:sat:init solver=CaDiCaL vars=20116617 clauses=20245960
c 00h03m46s | stage:sat:solve:start assumptions=1 phase_lits=20180
c 00h03m53s | stage:sat:solve:done ms=6788 result=Sat assumptions=1 phase_lits=20180
c 00h03m53s | stage:decode:start
c 00h03m53s | stage:decode:done int_assignments=246
c 00h03m53s | result:Sat
c 00h03m53s | objective:incumbent kind=improvement value=24321 rounds=28 improvements=27
o 24321
c 00h03m53s | stage:sat:init solver=CaDiCaL vars=20116618 clauses=20245961
c 00h03m53s | stage:sat:solve:start assumptions=1 phase_lits=20180
c 00h04m01s | stage:sat:solve:done ms=7338 result=Sat assumptions=1 phase_lits=20180
c 00h04m01s | stage:decode:start
c 00h04m01s | stage:decode:done int_assignments=246
c 00h04m01s | result:Sat
c 00h04m01s | objective:incumbent kind=improvement value=24277 rounds=29 improvements=28
o 24277
c 00h04m01s | stage:sat:init solver=CaDiCaL vars=20116619 clauses=20245962
c 00h04m01s | stage:sat:solve:start assumptions=1 phase_lits=20180
c 00h04m08s | stage:sat:solve:done ms=7427 result=Sat assumptions=1 phase_lits=20180
c 00h04m08s | stage:decode:start
c 00h04m08s | stage:decode:done int_assignments=246
c 00h04m08s | result:Sat
c 00h04m08s | objective:incumbent kind=improvement value=24263 rounds=30 improvements=29
o 24263
c 00h04m09s | stage:sat:init solver=CaDiCaL vars=20116620 clauses=20245963
c 00h04m09s | stage:sat:solve:start assumptions=1 phase_lits=20180
c 00h04m15s | stage:sat:solve:done ms=6875 result=Sat assumptions=1 phase_lits=20180
c 00h04m15s | stage:decode:start
c 00h04m15s | stage:decode:done int_assignments=246
c 00h04m15s | result:Sat
c 00h04m15s | objective:incumbent kind=improvement value=24257 rounds=31 improvements=30
o 24257
c 00h04m16s | stage:sat:init solver=CaDiCaL vars=20116621 clauses=20245964
c 00h04m16s | stage:sat:solve:start assumptions=1 phase_lits=20180
c 00h04m23s | stage:sat:solve:done ms=7247 result=Sat assumptions=1 phase_lits=20180
c 00h04m23s | stage:decode:start
c 00h04m23s | stage:decode:done int_assignments=246
c 00h04m23s | result:Sat
c 00h04m23s | objective:incumbent kind=improvement value=24256 rounds=32 improvements=31
o 24256
c 00h04m23s | stage:sat:init solver=CaDiCaL vars=20116622 clauses=20245965
c 00h04m23s | stage:sat:solve:start assumptions=1 phase_lits=20180
c 00h04m31s | stage:sat:solve:done ms=7223 result=Sat assumptions=1 phase_lits=20180
c 00h04m31s | stage:decode:start
c 00h04m31s | stage:decode:done int_assignments=246
c 00h04m31s | result:Sat
c 00h04m31s | objective:incumbent kind=improvement value=24208 rounds=33 improvements=32
o 24208
c 00h04m31s | stage:sat:init solver=CaDiCaL vars=20116623 clauses=20245966
c 00h04m31s | stage:sat:solve:start assumptions=1 phase_lits=20180
c 00h04m38s | stage:sat:solve:done ms=7163 result=Sat assumptions=1 phase_lits=20180
c 00h04m38s | stage:decode:start
c 00h04m38s | stage:decode:done int_assignments=246
c 00h04m38s | result:Sat
c 00h04m38s | objective:incumbent kind=improvement value=24198 rounds=34 improvements=33
o 24198
c 00h04m38s | stage:sat:init solver=CaDiCaL vars=20116624 clauses=20245967
c 00h04m38s | stage:sat:solve:start assumptions=1 phase_lits=20180
c 00h04m46s | stage:sat:solve:done ms=7189 result=Sat assumptions=1 phase_lits=20180
c 00h04m46s | stage:decode:start
c 00h04m46s | stage:decode:done int_assignments=246
c 00h04m46s | result:Sat
c 00h04m46s | objective:incumbent kind=improvement value=24197 rounds=35 improvements=34
o 24197
c 00h04m46s | stage:sat:init solver=CaDiCaL vars=20116625 clauses=20245968
c 00h04m46s | stage:sat:solve:start assumptions=1 phase_lits=20180
c 00h04m53s | stage:sat:solve:done ms=6905 result=Sat assumptions=1 phase_lits=20180
c 00h04m53s | stage:decode:start
c 00h04m53s | stage:decode:done int_assignments=246
c 00h04m53s | result:Sat
c 00h04m53s | objective:incumbent kind=improvement value=24187 rounds=36 improvements=35
o 24187
c 00h04m53s | stage:sat:init solver=CaDiCaL vars=20116626 clauses=20245969
c 00h04m53s | stage:sat:solve:start assumptions=1 phase_lits=20180
c 00h05m00s | stage:sat:solve:done ms=7170 result=Sat assumptions=1 phase_lits=20180
c 00h05m00s | stage:decode:start
c 00h05m00s | stage:decode:done int_assignments=246
c 00h05m00s | result:Sat
c 00h05m00s | objective:incumbent kind=improvement value=24061 rounds=37 improvements=36
o 24061
c 00h05m01s | stage:sat:init solver=CaDiCaL vars=20116627 clauses=20245970
c 00h05m01s | stage:sat:solve:start assumptions=1 phase_lits=20180
c 00h05m07s | stage:sat:solve:done ms=6296 result=Sat assumptions=1 phase_lits=20180
c 00h05m07s | stage:decode:start
c 00h05m07s | stage:decode:done int_assignments=246
c 00h05m07s | result:Sat
c 00h05m07s | objective:incumbent kind=improvement value=24043 rounds=38 improvements=37
o 24043
c 00h05m07s | stage:sat:init solver=CaDiCaL vars=20116628 clauses=20245971
c 00h05m07s | stage:sat:solve:start assumptions=1 phase_lits=20180
c 00h05m15s | stage:sat:solve:done ms=7502 result=Sat assumptions=1 phase_lits=20180
c 00h05m15s | stage:decode:start
c 00h05m15s | stage:decode:done int_assignments=246
c 00h05m15s | result:Sat
c 00h05m15s | objective:incumbent kind=improvement value=23994 rounds=39 improvements=38
o 23994
c 00h05m16s | stage:sat:init solver=CaDiCaL vars=20116629 clauses=20245972
c 00h05m16s | stage:sat:solve:start assumptions=1 phase_lits=20180
c 00h05m22s | stage:sat:solve:done ms=6528 result=Sat assumptions=1 phase_lits=20180
c 00h05m22s | stage:decode:start
c 00h05m22s | stage:decode:done int_assignments=246
c 00h05m22s | result:Sat
c 00h05m22s | objective:incumbent kind=improvement value=23953 rounds=40 improvements=39
o 23953
c 00h05m23s | stage:sat:init solver=CaDiCaL vars=20116630 clauses=20245973
c 00h05m23s | stage:sat:solve:start assumptions=1 phase_lits=20180
c 00h05m30s | stage:sat:solve:done ms=7742 result=Sat assumptions=1 phase_lits=20180
c 00h05m30s | stage:decode:start
c 00h05m30s | stage:decode:done int_assignments=246
c 00h05m30s | result:Sat
c 00h05m30s | objective:incumbent kind=improvement value=23943 rounds=41 improvements=40
o 23943
c 00h05m31s | stage:sat:init solver=CaDiCaL vars=20116631 clauses=20245974
c 00h05m31s | stage:sat:solve:start assumptions=1 phase_lits=20180
c 00h05m38s | stage:sat:solve:done ms=7721 result=Sat assumptions=1 phase_lits=20180
c 00h05m38s | stage:decode:start
c 00h05m38s | stage:decode:done int_assignments=246
c 00h05m38s | result:Sat
c 00h05m38s | objective:incumbent kind=improvement value=23933 rounds=42 improvements=41
o 23933
c 00h05m39s | stage:sat:init solver=CaDiCaL vars=20116632 clauses=20245975
c 00h05m39s | stage:sat:solve:start assumptions=1 phase_lits=20180
c 00h05m46s | stage:sat:solve:done ms=6780 result=Sat assumptions=1 phase_lits=20180
c 00h05m46s | stage:decode:start
c 00h05m46s | stage:decode:done int_assignments=246
c 00h05m46s | result:Sat
c 00h05m46s | objective:incumbent kind=improvement value=23923 rounds=43 improvements=42
o 23923
c 00h05m46s | stage:sat:init solver=CaDiCaL vars=20116633 clauses=20245976
c 00h05m46s | stage:sat:solve:start assumptions=1 phase_lits=20180
c 00h05m53s | stage:sat:solve:done ms=7170 result=Sat assumptions=1 phase_lits=20180
c 00h05m53s | stage:decode:start
c 00h05m53s | stage:decode:done int_assignments=246
c 00h05m53s | result:Sat
c 00h05m53s | objective:incumbent kind=improvement value=23807 rounds=44 improvements=43
o 23807
c 00h05m54s | stage:sat:init solver=CaDiCaL vars=20116634 clauses=20245977
c 00h05m54s | stage:sat:solve:start assumptions=1 phase_lits=20180
c 00h06m00s | stage:sat:solve:done ms=6733 result=Sat assumptions=1 phase_lits=20180
c 00h06m00s | stage:decode:start
c 00h06m00s | stage:decode:done int_assignments=246
c 00h06m00s | result:Sat
c 00h06m00s | objective:incumbent kind=improvement value=23804 rounds=45 improvements=44
o 23804
c 00h06m01s | stage:sat:init solver=CaDiCaL vars=20116635 clauses=20245978
c 00h06m01s | stage:sat:solve:start assumptions=1 phase_lits=20180
c 00h06m12s | stage:sat:solve:done ms=10875 result=Sat assumptions=1 phase_lits=20180
c 00h06m12s | stage:decode:start
c 00h06m12s | stage:decode:done int_assignments=246
c 00h06m12s | result:Sat
c 00h06m12s | objective:incumbent kind=improvement value=23801 rounds=46 improvements=45
o 23801
c 00h06m12s | stage:sat:init solver=CaDiCaL vars=20116636 clauses=20245979
c 00h06m12s | stage:sat:solve:start assumptions=1 phase_lits=20180
c 00h06m19s | stage:sat:solve:done ms=7270 result=Sat assumptions=1 phase_lits=20180
c 00h06m19s | stage:decode:start
c 00h06m19s | stage:decode:done int_assignments=246
c 00h06m19s | result:Sat
c 00h06m19s | objective:incumbent kind=improvement value=23783 rounds=47 improvements=46
o 23783
c 00h06m19s | stage:sat:init solver=CaDiCaL vars=20116637 clauses=20245980
c 00h06m19s | stage:sat:solve:start assumptions=1 phase_lits=20180
c 00h06m26s | stage:sat:solve:done ms=6704 result=Sat assumptions=1 phase_lits=20180
c 00h06m26s | stage:decode:start
c 00h06m26s | stage:decode:done int_assignments=246
c 00h06m26s | result:Sat
c 00h06m26s | objective:incumbent kind=improvement value=23751 rounds=48 improvements=47
o 23751
c 00h06m26s | stage:sat:init solver=CaDiCaL vars=20116638 clauses=20245981
c 00h06m26s | stage:sat:solve:start assumptions=1 phase_lits=20180
c 00h06m33s | stage:sat:solve:done ms=6597 result=Sat assumptions=1 phase_lits=20180
c 00h06m33s | stage:decode:start
c 00h06m33s | stage:decode:done int_assignments=246
c 00h06m33s | result:Sat
c 00h06m33s | objective:incumbent kind=improvement value=23720 rounds=49 improvements=48
o 23720
c 00h06m33s | stage:sat:init solver=CaDiCaL vars=20116639 clauses=20245982
c 00h06m33s | stage:sat:solve:start assumptions=1 phase_lits=20180
c 00h06m40s | stage:sat:solve:done ms=6705 result=Sat assumptions=1 phase_lits=20180
c 00h06m40s | stage:decode:start
c 00h06m40s | stage:decode:done int_assignments=246
c 00h06m40s | result:Sat
c 00h06m40s | objective:incumbent kind=improvement value=23696 rounds=50 improvements=49
o 23696
c 00h06m40s | stage:sat:init solver=CaDiCaL vars=20116640 clauses=20245983
c 00h06m40s | stage:sat:solve:start assumptions=1 phase_lits=20180
c 00h06m47s | stage:sat:solve:done ms=6940 result=Sat assumptions=1 phase_lits=20180
c 00h06m47s | stage:decode:start
c 00h06m47s | stage:decode:done int_assignments=246
c 00h06m47s | result:Sat
c 00h06m47s | objective:incumbent kind=improvement value=23591 rounds=51 improvements=50
o 23591
c 00h06m48s | stage:sat:init solver=CaDiCaL vars=20116641 clauses=20245984
c 00h06m48s | stage:sat:solve:start assumptions=1 phase_lits=20180
c 00h06m55s | stage:sat:solve:done ms=7142 result=Sat assumptions=1 phase_lits=20180
c 00h06m55s | stage:decode:start
c 00h06m55s | stage:decode:done int_assignments=246
c 00h06m55s | result:Sat
c 00h06m55s | objective:incumbent kind=improvement value=23526 rounds=52 improvements=51
o 23526
c 00h06m55s | stage:sat:init solver=CaDiCaL vars=20116642 clauses=20245985
c 00h06m55s | stage:sat:solve:start assumptions=1 phase_lits=20180
c 00h07m02s | stage:sat:solve:done ms=7186 result=Sat assumptions=1 phase_lits=20180
c 00h07m02s | stage:decode:start
c 00h07m02s | stage:decode:done int_assignments=246
c 00h07m02s | result:Sat
c 00h07m02s | objective:incumbent kind=improvement value=23516 rounds=53 improvements=52
o 23516
c 00h07m03s | stage:sat:init solver=CaDiCaL vars=20116643 clauses=20245986
c 00h07m03s | stage:sat:solve:start assumptions=1 phase_lits=20180
c 00h07m09s | stage:sat:solve:done ms=6708 result=Sat assumptions=1 phase_lits=20180
c 00h07m09s | stage:decode:start
c 00h07m09s | stage:decode:done int_assignments=246
c 00h07m09s | result:Sat
c 00h07m09s | objective:incumbent kind=improvement value=23500 rounds=54 improvements=53
o 23500
c 00h07m10s | stage:sat:init solver=CaDiCaL vars=20116644 clauses=20245987
c 00h07m10s | stage:sat:solve:start assumptions=1 phase_lits=20180
c 00h07m16s | stage:sat:solve:done ms=6698 result=Sat assumptions=1 phase_lits=20180
c 00h07m16s | stage:decode:start
c 00h07m16s | stage:decode:done int_assignments=246
c 00h07m16s | result:Sat
c 00h07m16s | objective:incumbent kind=improvement value=23498 rounds=55 improvements=54
o 23498
c 00h07m17s | stage:sat:init solver=CaDiCaL vars=20116645 clauses=20245988
c 00h07m17s | stage:sat:solve:start assumptions=1 phase_lits=20180
c 00h07m24s | stage:sat:solve:done ms=6883 result=Sat assumptions=1 phase_lits=20180
c 00h07m24s | stage:decode:start
c 00h07m24s | stage:decode:done int_assignments=246
c 00h07m24s | result:Sat
c 00h07m24s | objective:incumbent kind=improvement value=23458 rounds=56 improvements=55
o 23458
c 00h07m24s | stage:sat:init solver=CaDiCaL vars=20116646 clauses=20245989
c 00h07m24s | stage:sat:solve:start assumptions=1 phase_lits=20180
c 00h07m30s | stage:sat:solve:done ms=6175 result=Sat assumptions=1 phase_lits=20180
c 00h07m30s | stage:decode:start
c 00h07m30s | stage:decode:done int_assignments=246
c 00h07m30s | result:Sat
c 00h07m30s | objective:incumbent kind=improvement value=23457 rounds=57 improvements=56
o 23457
c 00h07m30s | stage:sat:init solver=CaDiCaL vars=20116647 clauses=20245990
c 00h07m30s | stage:sat:solve:start assumptions=1 phase_lits=20180
c 00h07m37s | stage:sat:solve:done ms=6876 result=Sat assumptions=1 phase_lits=20180
c 00h07m37s | stage:decode:start
c 00h07m37s | stage:decode:done int_assignments=246
c 00h07m37s | result:Sat
c 00h07m37s | objective:incumbent kind=improvement value=23440 rounds=58 improvements=57
o 23440
c 00h07m38s | stage:sat:init solver=CaDiCaL vars=20116648 clauses=20245991
c 00h07m38s | stage:sat:solve:start assumptions=1 phase_lits=20180
c 00h07m44s | stage:sat:solve:done ms=6779 result=Sat assumptions=1 phase_lits=20180
c 00h07m44s | stage:decode:start
c 00h07m44s | stage:decode:done int_assignments=246
c 00h07m44s | result:Sat
c 00h07m44s | objective:incumbent kind=improvement value=23408 rounds=59 improvements=58
o 23408
c 00h07m45s | stage:sat:init solver=CaDiCaL vars=20116649 clauses=20245992
c 00h07m45s | stage:sat:solve:start assumptions=1 phase_lits=20180
c 00h07m52s | stage:sat:solve:done ms=7147 result=Sat assumptions=1 phase_lits=20180
c 00h07m52s | stage:decode:start
c 00h07m52s | stage:decode:done int_assignments=246
c 00h07m52s | result:Sat
c 00h07m52s | objective:incumbent kind=improvement value=23377 rounds=60 improvements=59
o 23377
c 00h07m52s | stage:sat:init solver=CaDiCaL vars=20116650 clauses=20245993
c 00h07m52s | stage:sat:solve:start assumptions=1 phase_lits=20180
c 00h08m00s | stage:sat:solve:done ms=7610 result=Sat assumptions=1 phase_lits=20180
c 00h08m00s | stage:decode:start
c 00h08m00s | stage:decode:done int_assignments=246
c 00h08m00s | result:Sat
c 00h08m00s | objective:incumbent kind=improvement value=23254 rounds=61 improvements=60
o 23254
c 00h08m00s | stage:sat:init solver=CaDiCaL vars=20116651 clauses=20245994
c 00h08m00s | stage:sat:solve:start assumptions=1 phase_lits=20180
c 00h08m07s | stage:sat:solve:done ms=6954 result=Sat assumptions=1 phase_lits=20180
c 00h08m07s | stage:decode:start
c 00h08m07s | stage:decode:done int_assignments=246
c 00h08m07s | result:Sat
c 00h08m07s | objective:incumbent kind=improvement value=23241 rounds=62 improvements=61
o 23241
c 00h08m07s | stage:sat:init solver=CaDiCaL vars=20116652 clauses=20245995
c 00h08m07s | stage:sat:solve:start assumptions=1 phase_lits=20180
c 00h08m15s | stage:sat:solve:done ms=7505 result=Sat assumptions=1 phase_lits=20180
c 00h08m15s | stage:decode:start
c 00h08m15s | stage:decode:done int_assignments=246
c 00h08m15s | result:Sat
c 00h08m15s | objective:incumbent kind=improvement value=23225 rounds=63 improvements=62
o 23225
c 00h08m15s | stage:sat:init solver=CaDiCaL vars=20116653 clauses=20245996
c 00h08m15s | stage:sat:solve:start assumptions=1 phase_lits=20180
c 00h08m28s | stage:sat:solve:done ms=13017 result=Sat assumptions=1 phase_lits=20180
c 00h08m28s | stage:decode:start
c 00h08m28s | stage:decode:done int_assignments=246
c 00h08m28s | result:Sat
c 00h08m28s | objective:incumbent kind=improvement value=22680 rounds=64 improvements=63
o 22680
c 00h08m29s | stage:sat:init solver=CaDiCaL vars=20116654 clauses=20245997
c 00h08m29s | stage:sat:solve:start assumptions=1 phase_lits=20180
c 00h08m36s | stage:sat:solve:done ms=7545 result=Sat assumptions=1 phase_lits=20180
c 00h08m36s | stage:decode:start
c 00h08m36s | stage:decode:done int_assignments=246
c 00h08m36s | result:Sat
c 00h08m36s | objective:incumbent kind=improvement value=22672 rounds=65 improvements=64
o 22672
c 00h08m36s | stage:sat:init solver=CaDiCaL vars=20116655 clauses=20245998
c 00h08m36s | stage:sat:solve:start assumptions=1 phase_lits=20180
c 00h08m43s | stage:sat:solve:done ms=6138 result=Sat assumptions=1 phase_lits=20180
c 00h08m43s | stage:decode:start
c 00h08m43s | stage:decode:done int_assignments=246
c 00h08m43s | result:Sat
c 00h08m43s | objective:incumbent kind=improvement value=22640 rounds=66 improvements=65
o 22640
c 00h08m43s | stage:sat:init solver=CaDiCaL vars=20116656 clauses=20245999
c 00h08m43s | stage:sat:solve:start assumptions=1 phase_lits=20180
c 00h08m50s | stage:sat:solve:done ms=6821 result=Sat assumptions=1 phase_lits=20180
c 00h08m50s | stage:decode:start
c 00h08m50s | stage:decode:done int_assignments=246
c 00h08m50s | result:Sat
c 00h08m50s | objective:incumbent kind=improvement value=22627 rounds=67 improvements=66
o 22627
c 00h08m50s | stage:sat:init solver=CaDiCaL vars=20116657 clauses=20246000
c 00h08m50s | stage:sat:solve:start assumptions=1 phase_lits=20180
c 00h08m56s | stage:sat:solve:done ms=6263 result=Sat assumptions=1 phase_lits=20180
c 00h08m56s | stage:decode:start
c 00h08m56s | stage:decode:done int_assignments=246
c 00h08m56s | result:Sat
c 00h08m56s | objective:incumbent kind=improvement value=22614 rounds=68 improvements=67
o 22614
c 00h08m57s | stage:sat:init solver=CaDiCaL vars=20116658 clauses=20246001
c 00h08m57s | stage:sat:solve:start assumptions=1 phase_lits=20180
c 00h09m03s | stage:sat:solve:done ms=6771 result=Sat assumptions=1 phase_lits=20180
c 00h09m03s | stage:decode:start
c 00h09m03s | stage:decode:done int_assignments=246
c 00h09m03s | result:Sat
c 00h09m03s | objective:incumbent kind=improvement value=22610 rounds=69 improvements=68
o 22610
c 00h09m04s | stage:sat:init solver=CaDiCaL vars=20116659 clauses=20246002
c 00h09m04s | stage:sat:solve:start assumptions=1 phase_lits=20180
c 00h09m10s | stage:sat:solve:done ms=6548 result=Sat assumptions=1 phase_lits=20180
c 00h09m10s | stage:decode:start
c 00h09m10s | stage:decode:done int_assignments=246
c 00h09m10s | result:Sat
c 00h09m10s | objective:incumbent kind=improvement value=22446 rounds=70 improvements=69
o 22446
c 00h09m11s | stage:sat:init solver=CaDiCaL vars=20116660 clauses=20246003
c 00h09m11s | stage:sat:solve:start assumptions=1 phase_lits=20180
c 00h09m17s | stage:sat:solve:done ms=6617 result=Sat assumptions=1 phase_lits=20180
c 00h09m17s | stage:decode:start
c 00h09m17s | stage:decode:done int_assignments=246
c 00h09m17s | result:Sat
c 00h09m17s | objective:incumbent kind=improvement value=22337 rounds=71 improvements=70
o 22337
c 00h09m18s | stage:sat:init solver=CaDiCaL vars=20116661 clauses=20246004
c 00h09m18s | stage:sat:solve:start assumptions=1 phase_lits=20180
c 00h09m25s | stage:sat:solve:done ms=6971 result=Sat assumptions=1 phase_lits=20180
c 00h09m25s | stage:decode:start
c 00h09m25s | stage:decode:done int_assignments=246
c 00h09m25s | result:Sat
c 00h09m25s | objective:incumbent kind=improvement value=22071 rounds=72 improvements=71
o 22071
c 00h09m25s | stage:sat:init solver=CaDiCaL vars=20116662 clauses=20246005
c 00h09m25s | stage:sat:solve:start assumptions=1 phase_lits=20180
c 00h09m37s | stage:sat:solve:done ms=12198 result=Sat assumptions=1 phase_lits=20180
c 00h09m37s | stage:decode:start
c 00h09m37s | stage:decode:done int_assignments=246
c 00h09m37s | result:Sat
c 00h09m37s | objective:incumbent kind=improvement value=22065 rounds=73 improvements=72
o 22065
c 00h09m38s | stage:sat:init solver=CaDiCaL vars=20116663 clauses=20246006
c 00h09m38s | stage:sat:solve:start assumptions=1 phase_lits=20180
c 00h09m46s | stage:sat:solve:done ms=7731 result=Sat assumptions=1 phase_lits=20180
c 00h09m46s | stage:decode:start
c 00h09m46s | stage:decode:done int_assignments=246
c 00h09m46s | result:Sat
c 00h09m46s | objective:incumbent kind=improvement value=22007 rounds=74 improvements=73
o 22007
c 00h09m46s | stage:sat:init solver=CaDiCaL vars=20116664 clauses=20246007
c 00h09m46s | stage:sat:solve:start assumptions=1 phase_lits=20180
c 00h09m56s | stage:sat:solve:done ms=10511 result=Sat assumptions=1 phase_lits=20180
c 00h09m56s | stage:decode:start
c 00h09m56s | stage:decode:done int_assignments=246
c 00h09m56s | result:Sat
c 00h09m56s | objective:incumbent kind=improvement value=21836 rounds=75 improvements=74
o 21836
c 00h09m57s | stage:sat:init solver=CaDiCaL vars=20116665 clauses=20246008
c 00h09m57s | stage:sat:solve:start assumptions=1 phase_lits=20180
c 00h10m03s | stage:sat:solve:done ms=6343 result=Sat assumptions=1 phase_lits=20180
c 00h10m03s | stage:decode:start
c 00h10m03s | stage:decode:done int_assignments=246
c 00h10m03s | result:Sat
c 00h10m03s | objective:incumbent kind=improvement value=21541 rounds=76 improvements=75
o 21541
c 00h10m03s | stage:sat:init solver=CaDiCaL vars=20116666 clauses=20246009
c 00h10m03s | stage:sat:solve:start assumptions=1 phase_lits=20180
c 00h10m11s | stage:sat:solve:done ms=7087 result=Sat assumptions=1 phase_lits=20180
c 00h10m11s | stage:decode:start
c 00h10m11s | stage:decode:done int_assignments=246
c 00h10m11s | result:Sat
c 00h10m11s | objective:incumbent kind=improvement value=21443 rounds=77 improvements=76
o 21443
c 00h10m11s | stage:sat:init solver=CaDiCaL vars=20116667 clauses=20246010
c 00h10m11s | stage:sat:solve:start assumptions=1 phase_lits=20180
c 00h10m18s | stage:sat:solve:done ms=6709 result=Sat assumptions=1 phase_lits=20180
c 00h10m18s | stage:decode:start
c 00h10m18s | stage:decode:done int_assignments=246
c 00h10m18s | result:Sat
c 00h10m18s | objective:incumbent kind=improvement value=21300 rounds=78 improvements=77
o 21300
c 00h10m18s | stage:sat:init solver=CaDiCaL vars=20116668 clauses=20246011
c 00h10m18s | stage:sat:solve:start assumptions=1 phase_lits=20180
c 00h10m27s | stage:sat:solve:done ms=8948 result=Sat assumptions=1 phase_lits=20180
c 00h10m27s | stage:decode:start
c 00h10m27s | stage:decode:done int_assignments=246
c 00h10m27s | result:Sat
c 00h10m27s | objective:incumbent kind=improvement value=21299 rounds=79 improvements=78
o 21299
c 00h10m27s | stage:sat:init solver=CaDiCaL vars=20116669 clauses=20246012
c 00h10m27s | stage:sat:solve:start assumptions=1 phase_lits=20180
c 00h10m35s | stage:sat:solve:done ms=7549 result=Sat assumptions=1 phase_lits=20180
c 00h10m35s | stage:decode:start
c 00h10m35s | stage:decode:done int_assignments=246
c 00h10m35s | result:Sat
c 00h10m35s | objective:incumbent kind=improvement value=21203 rounds=80 improvements=79
o 21203
c 00h10m35s | stage:sat:init solver=CaDiCaL vars=20116670 clauses=20246013
c 00h10m35s | stage:sat:solve:start assumptions=1 phase_lits=20180
c 00h10m42s | stage:sat:solve:done ms=6821 result=Sat assumptions=1 phase_lits=20180
c 00h10m42s | stage:decode:start
c 00h10m42s | stage:decode:done int_assignments=246
c 00h10m42s | result:Sat
c 00h10m42s | objective:incumbent kind=improvement value=21171 rounds=81 improvements=80
o 21171
c 00h10m43s | stage:sat:init solver=CaDiCaL vars=20116671 clauses=20246014
c 00h10m43s | stage:sat:solve:start assumptions=1 phase_lits=20180
c 00h10m49s | stage:sat:solve:done ms=6672 result=Sat assumptions=1 phase_lits=20180
c 00h10m49s | stage:decode:start
c 00h10m49s | stage:decode:done int_assignments=246
c 00h10m49s | result:Sat
c 00h10m49s | objective:incumbent kind=improvement value=21141 rounds=82 improvements=81
o 21141
c 00h10m50s | stage:sat:init solver=CaDiCaL vars=20116672 clauses=20246015
c 00h10m50s | stage:sat:solve:start assumptions=1 phase_lits=20180
c 00h10m56s | stage:sat:solve:done ms=6699 result=Sat assumptions=1 phase_lits=20180
c 00h10m56s | stage:decode:start
c 00h10m56s | stage:decode:done int_assignments=246
c 00h10m56s | result:Sat
c 00h10m56s | objective:incumbent kind=improvement value=21126 rounds=83 improvements=82
o 21126
c 00h10m57s | stage:sat:init solver=CaDiCaL vars=20116673 clauses=20246016
c 00h10m57s | stage:sat:solve:start assumptions=1 phase_lits=20180
c 00h11m04s | stage:sat:solve:done ms=7269 result=Sat assumptions=1 phase_lits=20180
c 00h11m04s | stage:decode:start
c 00h11m04s | stage:decode:done int_assignments=246
c 00h11m04s | result:Sat
c 00h11m04s | objective:incumbent kind=improvement value=20854 rounds=84 improvements=83
o 20854
c 00h11m05s | stage:sat:init solver=CaDiCaL vars=20116674 clauses=20246017
c 00h11m05s | stage:sat:solve:start assumptions=1 phase_lits=20180
c 00h11m12s | stage:sat:solve:done ms=6953 result=Sat assumptions=1 phase_lits=20180
c 00h11m12s | stage:decode:start
c 00h11m12s | stage:decode:done int_assignments=246
c 00h11m12s | result:Sat
c 00h11m12s | objective:incumbent kind=improvement value=20689 rounds=85 improvements=84
o 20689
c 00h11m12s | stage:sat:init solver=CaDiCaL vars=20116675 clauses=20246018
c 00h11m12s | stage:sat:solve:start assumptions=1 phase_lits=20180
c 00h11m18s | stage:sat:solve:done ms=6164 result=Sat assumptions=1 phase_lits=20180
c 00h11m18s | stage:decode:start
c 00h11m18s | stage:decode:done int_assignments=246
c 00h11m18s | result:Sat
c 00h11m18s | objective:incumbent kind=improvement value=20602 rounds=86 improvements=85
o 20602
c 00h11m19s | stage:sat:init solver=CaDiCaL vars=20116676 clauses=20246019
c 00h11m19s | stage:sat:solve:start assumptions=1 phase_lits=20180
c 00h11m50s | stage:sat:solve:done ms=31126 result=Sat assumptions=1 phase_lits=20180
c 00h11m50s | stage:decode:start
c 00h11m50s | stage:decode:done int_assignments=246
c 00h11m50s | result:Sat
c 00h11m50s | objective:incumbent kind=improvement value=20601 rounds=87 improvements=86
o 20601
c 00h11m50s | stage:sat:init solver=CaDiCaL vars=20116677 clauses=20246020
c 00h11m50s | stage:sat:solve:start assumptions=1 phase_lits=20180
c 00h12m05s | stage:sat:solve:done ms=14413 result=Sat assumptions=1 phase_lits=20180
c 00h12m05s | stage:decode:start
c 00h12m05s | stage:decode:done int_assignments=246
c 00h12m05s | result:Sat
c 00h12m05s | objective:incumbent kind=improvement value=20600 rounds=88 improvements=87
o 20600
c 00h12m05s | stage:sat:init solver=CaDiCaL vars=20116678 clauses=20246021
c 00h12m05s | stage:sat:solve:start assumptions=1 phase_lits=20180
c 00h12m09s | stage:sat:solve:done ms=4295 result=Sat assumptions=1 phase_lits=20180
c 00h12m09s | stage:decode:start
c 00h12m09s | stage:decode:done int_assignments=246
c 00h12m09s | result:Sat
c 00h12m09s | objective:incumbent kind=improvement value=20555 rounds=89 improvements=88
o 20555
c 00h12m10s | stage:sat:init solver=CaDiCaL vars=20116679 clauses=20246022
c 00h12m10s | stage:sat:solve:start assumptions=1 phase_lits=20180
c 00h12m19s | stage:sat:solve:done ms=9885 result=Sat assumptions=1 phase_lits=20180
c 00h12m19s | stage:decode:start
c 00h12m19s | stage:decode:done int_assignments=246
c 00h12m19s | result:Sat
c 00h12m19s | objective:incumbent kind=improvement value=20549 rounds=90 improvements=89
o 20549
c 00h12m20s | stage:sat:init solver=CaDiCaL vars=20116680 clauses=20246023
c 00h12m20s | stage:sat:solve:start assumptions=1 phase_lits=20180
c 00h12m26s | stage:sat:solve:done ms=6016 result=Sat assumptions=1 phase_lits=20180
c 00h12m26s | stage:decode:start
c 00h12m26s | stage:decode:done int_assignments=246
c 00h12m26s | result:Sat
c 00h12m26s | objective:incumbent kind=improvement value=20548 rounds=91 improvements=90
o 20548
c 00h12m26s | stage:sat:init solver=CaDiCaL vars=20116681 clauses=20246024
c 00h12m26s | stage:sat:solve:start assumptions=1 phase_lits=20180
c 00h12m33s | stage:sat:solve:done ms=6603 result=Sat assumptions=1 phase_lits=20180
c 00h12m33s | stage:decode:start
c 00h12m33s | stage:decode:done int_assignments=246
c 00h12m33s | result:Sat
c 00h12m33s | objective:incumbent kind=improvement value=20543 rounds=92 improvements=91
o 20543
c 00h12m33s | stage:sat:init solver=CaDiCaL vars=20116682 clauses=20246025
c 00h12m33s | stage:sat:solve:start assumptions=1 phase_lits=20180
c 00h12m40s | stage:sat:solve:done ms=7005 result=Sat assumptions=1 phase_lits=20180
c 00h12m40s | stage:decode:start
c 00h12m40s | stage:decode:done int_assignments=246
c 00h12m40s | result:Sat
c 00h12m40s | objective:incumbent kind=improvement value=20542 rounds=93 improvements=92
o 20542
c 00h12m41s | stage:sat:init solver=CaDiCaL vars=20116683 clauses=20246026
c 00h12m41s | stage:sat:solve:start assumptions=1 phase_lits=20180
c 00h12m48s | stage:sat:solve:done ms=7097 result=Sat assumptions=1 phase_lits=20180
c 00h12m48s | stage:decode:start
c 00h12m48s | stage:decode:done int_assignments=246
c 00h12m48s | result:Sat
c 00h12m48s | objective:incumbent kind=improvement value=20530 rounds=94 improvements=93
o 20530
c 00h12m48s | stage:sat:init solver=CaDiCaL vars=20116684 clauses=20246027
c 00h12m48s | stage:sat:solve:start assumptions=1 phase_lits=20180
c 00h12m55s | stage:sat:solve:done ms=6793 result=Sat assumptions=1 phase_lits=20180
c 00h12m55s | stage:decode:start
c 00h12m55s | stage:decode:done int_assignments=246
c 00h12m55s | result:Sat
c 00h12m55s | objective:incumbent kind=improvement value=20529 rounds=95 improvements=94
o 20529
c 00h12m55s | stage:sat:init solver=CaDiCaL vars=20116685 clauses=20246028
c 00h12m55s | stage:sat:solve:start assumptions=1 phase_lits=20180
c 00h13m02s | stage:sat:solve:done ms=7022 result=Sat assumptions=1 phase_lits=20180
c 00h13m02s | stage:decode:start
c 00h13m02s | stage:decode:done int_assignments=246
c 00h13m02s | result:Sat
c 00h13m02s | objective:incumbent kind=improvement value=20524 rounds=96 improvements=95
o 20524
c 00h13m02s | stage:sat:init solver=CaDiCaL vars=20116686 clauses=20246029
c 00h13m02s | stage:sat:solve:start assumptions=1 phase_lits=20180
c 00h13m09s | stage:sat:solve:done ms=6482 result=Sat assumptions=1 phase_lits=20180
c 00h13m09s | stage:decode:start
c 00h13m09s | stage:decode:done int_assignments=246
c 00h13m09s | result:Sat
c 00h13m09s | objective:incumbent kind=improvement value=20523 rounds=97 improvements=96
o 20523
c 00h13m09s | stage:sat:init solver=CaDiCaL vars=20116687 clauses=20246030
c 00h13m09s | stage:sat:solve:start assumptions=1 phase_lits=20180
c 00h13m16s | stage:sat:solve:done ms=6818 result=Sat assumptions=1 phase_lits=20180
c 00h13m16s | stage:decode:start
c 00h13m16s | stage:decode:done int_assignments=246
c 00h13m16s | result:Sat
c 00h13m16s | objective:incumbent kind=improvement value=20519 rounds=98 improvements=97
o 20519
c 00h13m16s | stage:sat:init solver=CaDiCaL vars=20116688 clauses=20246031
c 00h13m16s | stage:sat:solve:start assumptions=1 phase_lits=20180
c 00h13m23s | stage:sat:solve:done ms=7018 result=Sat assumptions=1 phase_lits=20180
c 00h13m23s | stage:decode:start
c 00h13m23s | stage:decode:done int_assignments=246
c 00h13m23s | result:Sat
c 00h13m23s | objective:incumbent kind=improvement value=20487 rounds=99 improvements=98
o 20487
c 00h13m24s | stage:sat:init solver=CaDiCaL vars=20116689 clauses=20246032
c 00h13m24s | stage:sat:solve:start assumptions=1 phase_lits=20180
c 00h13m30s | stage:sat:solve:done ms=6091 result=Sat assumptions=1 phase_lits=20180
c 00h13m30s | stage:decode:start
c 00h13m30s | stage:decode:done int_assignments=246
c 00h13m30s | result:Sat
c 00h13m30s | objective:incumbent kind=improvement value=20402 rounds=100 improvements=99
o 20402
c 00h13m30s | stage:sat:init solver=CaDiCaL vars=20116690 clauses=20246033
c 00h13m30s | stage:sat:solve:start assumptions=1 phase_lits=20180
c 00h13m36s | stage:sat:solve:done ms=5777 result=Sat assumptions=1 phase_lits=20180
c 00h13m36s | stage:decode:start
c 00h13m36s | stage:decode:done int_assignments=246
c 00h13m36s | result:Sat
c 00h13m36s | objective:incumbent kind=improvement value=20352 rounds=101 improvements=100
o 20352
c 00h13m36s | stage:sat:init solver=CaDiCaL vars=20116691 clauses=20246034
c 00h13m36s | stage:sat:solve:start assumptions=1 phase_lits=20180
c 00h13m43s | stage:sat:solve:done ms=6427 result=Sat assumptions=1 phase_lits=20180
c 00h13m43s | stage:decode:start
c 00h13m43s | stage:decode:done int_assignments=246
c 00h13m43s | result:Sat
c 00h13m43s | objective:incumbent kind=improvement value=20321 rounds=102 improvements=101
o 20321
c 00h13m43s | stage:sat:init solver=CaDiCaL vars=20116692 clauses=20246035
c 00h13m43s | stage:sat:solve:start assumptions=1 phase_lits=20180
c 00h13m49s | stage:sat:solve:done ms=6372 result=Sat assumptions=1 phase_lits=20180
c 00h13m49s | stage:decode:start
c 00h13m49s | stage:decode:done int_assignments=246
c 00h13m49s | result:Sat
c 00h13m49s | objective:incumbent kind=improvement value=20297 rounds=103 improvements=102
o 20297
c 00h13m50s | stage:sat:init solver=CaDiCaL vars=20116693 clauses=20246036
c 00h13m50s | stage:sat:solve:start assumptions=1 phase_lits=20180
c 00h13m56s | stage:sat:solve:done ms=6567 result=Sat assumptions=1 phase_lits=20180
c 00h13m56s | stage:decode:start
c 00h13m56s | stage:decode:done int_assignments=246
c 00h13m56s | result:Sat
c 00h13m56s | objective:incumbent kind=improvement value=20248 rounds=104 improvements=103
o 20248
c 00h13m57s | stage:sat:init solver=CaDiCaL vars=20116694 clauses=20246037
c 00h13m57s | stage:sat:solve:start assumptions=1 phase_lits=20180
c 00h14m03s | stage:sat:solve:done ms=6670 result=Sat assumptions=1 phase_lits=20180
c 00h14m03s | stage:decode:start
c 00h14m03s | stage:decode:done int_assignments=246
c 00h14m03s | result:Sat
c 00h14m03s | objective:incumbent kind=improvement value=20215 rounds=105 improvements=104
o 20215
c 00h14m04s | stage:sat:init solver=CaDiCaL vars=20116695 clauses=20246038
c 00h14m04s | stage:sat:solve:start assumptions=1 phase_lits=20180
c 00h14m10s | stage:sat:solve:done ms=6523 result=Sat assumptions=1 phase_lits=20180
c 00h14m10s | stage:decode:start
c 00h14m10s | stage:decode:done int_assignments=246
c 00h14m10s | result:Sat
c 00h14m10s | objective:incumbent kind=improvement value=20208 rounds=106 improvements=105
o 20208
c 00h14m11s | stage:sat:init solver=CaDiCaL vars=20116696 clauses=20246039
c 00h14m11s | stage:sat:solve:start assumptions=1 phase_lits=20180
c 00h14m17s | stage:sat:solve:done ms=6600 result=Sat assumptions=1 phase_lits=20180
c 00h14m17s | stage:decode:start
c 00h14m17s | stage:decode:done int_assignments=246
c 00h14m17s | result:Sat
c 00h14m17s | objective:incumbent kind=improvement value=20192 rounds=107 improvements=106
o 20192
c 00h14m18s | stage:sat:init solver=CaDiCaL vars=20116697 clauses=20246040
c 00h14m18s | stage:sat:solve:start assumptions=1 phase_lits=20180
c 00h14m24s | stage:sat:solve:done ms=6470 result=Sat assumptions=1 phase_lits=20180
c 00h14m24s | stage:decode:start
c 00h14m24s | stage:decode:done int_assignments=246
c 00h14m24s | result:Sat
c 00h14m24s | objective:incumbent kind=improvement value=20183 rounds=108 improvements=107
o 20183
c 00h14m24s | stage:sat:init solver=CaDiCaL vars=20116698 clauses=20246041
c 00h14m24s | stage:sat:solve:start assumptions=1 phase_lits=20180
c 00h14m31s | stage:sat:solve:done ms=6416 result=Sat assumptions=1 phase_lits=20180
c 00h14m31s | stage:decode:start
c 00h14m31s | stage:decode:done int_assignments=246
c 00h14m31s | result:Sat
c 00h14m31s | objective:incumbent kind=improvement value=20177 rounds=109 improvements=108
o 20177
c 00h14m31s | stage:sat:init solver=CaDiCaL vars=20116699 clauses=20246042
c 00h14m31s | stage:sat:solve:start assumptions=1 phase_lits=20180
c 00h14m38s | stage:sat:solve:done ms=6528 result=Sat assumptions=1 phase_lits=20180
c 00h14m38s | stage:decode:start
c 00h14m38s | stage:decode:done int_assignments=246
c 00h14m38s | result:Sat
c 00h14m38s | objective:incumbent kind=improvement value=20166 rounds=110 improvements=109
o 20166
c 00h14m38s | stage:sat:init solver=CaDiCaL vars=20116700 clauses=20246043
c 00h14m38s | stage:sat:solve:start assumptions=1 phase_lits=20180
c 00h14m45s | stage:sat:solve:done ms=7193 result=Sat assumptions=1 phase_lits=20180
c 00h14m45s | stage:decode:start
c 00h14m45s | stage:decode:done int_assignments=246
c 00h14m45s | result:Sat
c 00h14m45s | objective:incumbent kind=improvement value=20165 rounds=111 improvements=110
o 20165
c 00h14m45s | stage:sat:init solver=CaDiCaL vars=20116701 clauses=20246044
c 00h14m45s | stage:sat:solve:start assumptions=1 phase_lits=20180
c 00h14m53s | stage:sat:solve:done ms=7132 result=Sat assumptions=1 phase_lits=20180
c 00h14m53s | stage:decode:start
c 00h14m53s | stage:decode:done int_assignments=246
c 00h14m53s | result:Sat
c 00h14m53s | objective:incumbent kind=improvement value=20158 rounds=112 improvements=111
o 20158
c 00h14m53s | stage:sat:init solver=CaDiCaL vars=20116702 clauses=20246045
c 00h14m53s | stage:sat:solve:start assumptions=1 phase_lits=20180
c 00h15m00s | stage:sat:solve:done ms=6923 result=Sat assumptions=1 phase_lits=20180
c 00h15m00s | stage:decode:start
c 00h15m00s | stage:decode:done int_assignments=246
c 00h15m00s | result:Sat
c 00h15m00s | objective:incumbent kind=improvement value=20155 rounds=113 improvements=112
o 20155
c 00h15m00s | stage:sat:init solver=CaDiCaL vars=20116703 clauses=20246046
c 00h15m00s | stage:sat:solve:start assumptions=1 phase_lits=20180
c 00h15m07s | stage:sat:solve:done ms=6767 result=Sat assumptions=1 phase_lits=20180
c 00h15m07s | stage:decode:start
c 00h15m07s | stage:decode:done int_assignments=246
c 00h15m07s | result:Sat
c 00h15m07s | objective:incumbent kind=improvement value=20152 rounds=114 improvements=113
o 20152
c 00h15m07s | stage:sat:init solver=CaDiCaL vars=20116704 clauses=20246047
c 00h15m07s | stage:sat:solve:start assumptions=1 phase_lits=20180
c 00h15m14s | stage:sat:solve:done ms=6796 result=Sat assumptions=1 phase_lits=20180
c 00h15m14s | stage:decode:start
c 00h15m14s | stage:decode:done int_assignments=246
c 00h15m14s | result:Sat
c 00h15m14s | objective:incumbent kind=improvement value=20139 rounds=115 improvements=114
o 20139
c 00h15m14s | stage:sat:init solver=CaDiCaL vars=20116705 clauses=20246048
c 00h15m14s | stage:sat:solve:start assumptions=1 phase_lits=20180
c 00h15m21s | stage:sat:solve:done ms=6459 result=Sat assumptions=1 phase_lits=20180
c 00h15m21s | stage:decode:start
c 00h15m21s | stage:decode:done int_assignments=246
c 00h15m21s | result:Sat
c 00h15m21s | objective:incumbent kind=improvement value=20131 rounds=116 improvements=115
o 20131
c 00h15m21s | stage:sat:init solver=CaDiCaL vars=20116706 clauses=20246049
c 00h15m21s | stage:sat:solve:start assumptions=1 phase_lits=20180
c 00h15m28s | stage:sat:solve:done ms=6780 result=Sat assumptions=1 phase_lits=20180
c 00h15m28s | stage:decode:start
c 00h15m28s | stage:decode:done int_assignments=246
c 00h15m28s | result:Sat
c 00h15m28s | objective:incumbent kind=improvement value=20130 rounds=117 improvements=116
o 20130
c 00h15m28s | stage:sat:init solver=CaDiCaL vars=20116707 clauses=20246050
c 00h15m28s | stage:sat:solve:start assumptions=1 phase_lits=20180
c 00h15m35s | stage:sat:solve:done ms=7151 result=Sat assumptions=1 phase_lits=20180
c 00h15m35s | stage:decode:start
c 00h15m35s | stage:decode:done int_assignments=246
c 00h15m35s | result:Sat
c 00h15m35s | objective:incumbent kind=improvement value=20120 rounds=118 improvements=117
o 20120
c 00h15m36s | stage:sat:init solver=CaDiCaL vars=20116708 clauses=20246051
c 00h15m36s | stage:sat:solve:start assumptions=1 phase_lits=20180
c 00h15m43s | stage:sat:solve:done ms=6865 result=Sat assumptions=1 phase_lits=20180
c 00h15m43s | stage:decode:start
c 00h15m43s | stage:decode:done int_assignments=246
c 00h15m43s | result:Sat
c 00h15m43s | objective:incumbent kind=improvement value=20116 rounds=119 improvements=118
o 20116
c 00h15m43s | stage:sat:init solver=CaDiCaL vars=20116709 clauses=20246052
c 00h15m43s | stage:sat:solve:start assumptions=1 phase_lits=20180
c 00h15m50s | stage:sat:solve:done ms=6888 result=Sat assumptions=1 phase_lits=20180
c 00h15m50s | stage:decode:start
c 00h15m50s | stage:decode:done int_assignments=246
c 00h15m50s | result:Sat
c 00h15m50s | objective:incumbent kind=improvement value=20110 rounds=120 improvements=119
o 20110
c 00h15m50s | stage:sat:init solver=CaDiCaL vars=20116710 clauses=20246053
c 00h15m50s | stage:sat:solve:start assumptions=1 phase_lits=20180
c 00h15m57s | stage:sat:solve:done ms=6903 result=Sat assumptions=1 phase_lits=20180
c 00h15m57s | stage:decode:start
c 00h15m57s | stage:decode:done int_assignments=246
c 00h15m57s | result:Sat
c 00h15m57s | objective:incumbent kind=improvement value=20107 rounds=121 improvements=120
o 20107
c 00h15m57s | stage:sat:init solver=CaDiCaL vars=20116711 clauses=20246054
c 00h15m57s | stage:sat:solve:start assumptions=1 phase_lits=20180
c 00h16m04s | stage:sat:solve:done ms=6588 result=Sat assumptions=1 phase_lits=20180
c 00h16m04s | stage:decode:start
c 00h16m04s | stage:decode:done int_assignments=246
c 00h16m04s | result:Sat
c 00h16m04s | objective:incumbent kind=improvement value=20106 rounds=122 improvements=121
o 20106
c 00h16m04s | stage:sat:init solver=CaDiCaL vars=20116712 clauses=20246055
c 00h16m04s | stage:sat:solve:start assumptions=1 phase_lits=20180
c 00h16m11s | stage:sat:solve:done ms=6496 result=Sat assumptions=1 phase_lits=20180
c 00h16m11s | stage:decode:start
c 00h16m11s | stage:decode:done int_assignments=246
c 00h16m11s | result:Sat
c 00h16m11s | objective:incumbent kind=improvement value=20105 rounds=123 improvements=122
o 20105
c 00h16m11s | stage:sat:init solver=CaDiCaL vars=20116713 clauses=20246056
c 00h16m11s | stage:sat:solve:start assumptions=1 phase_lits=20180
c 00h16m18s | stage:sat:solve:done ms=6573 result=Sat assumptions=1 phase_lits=20180
c 00h16m18s | stage:decode:start
c 00h16m18s | stage:decode:done int_assignments=246
c 00h16m18s | result:Sat
c 00h16m18s | objective:incumbent kind=improvement value=20104 rounds=124 improvements=123
o 20104
c 00h16m18s | stage:sat:init solver=CaDiCaL vars=20116714 clauses=20246057
c 00h16m18s | stage:sat:solve:start assumptions=1 phase_lits=20180
c 00h16m25s | stage:sat:solve:done ms=7051 result=Sat assumptions=1 phase_lits=20180
c 00h16m25s | stage:decode:start
c 00h16m25s | stage:decode:done int_assignments=246
c 00h16m25s | result:Sat
c 00h16m25s | objective:incumbent kind=improvement value=20096 rounds=125 improvements=124
o 20096
c 00h16m26s | stage:sat:init solver=CaDiCaL vars=20116715 clauses=20246058
c 00h16m26s | stage:sat:solve:start assumptions=1 phase_lits=20180
c 00h16m33s | stage:sat:solve:done ms=7037 result=Sat assumptions=1 phase_lits=20180
c 00h16m33s | stage:decode:start
c 00h16m33s | stage:decode:done int_assignments=246
c 00h16m33s | result:Sat
c 00h16m33s | objective:incumbent kind=improvement value=20086 rounds=126 improvements=125
o 20086
c 00h16m33s | stage:sat:init solver=CaDiCaL vars=20116716 clauses=20246059
c 00h16m33s | stage:sat:solve:start assumptions=1 phase_lits=20180
c 00h16m40s | stage:sat:solve:done ms=6806 result=Sat assumptions=1 phase_lits=20180
c 00h16m40s | stage:decode:start
c 00h16m40s | stage:decode:done int_assignments=246
c 00h16m40s | result:Sat
c 00h16m40s | objective:incumbent kind=improvement value=20057 rounds=127 improvements=126
o 20057
c 00h16m40s | stage:sat:init solver=CaDiCaL vars=20116717 clauses=20246060
c 00h16m40s | stage:sat:solve:start assumptions=1 phase_lits=20180
c 00h16m48s | stage:sat:solve:done ms=7519 result=Sat assumptions=1 phase_lits=20180
c 00h16m48s | stage:decode:start
c 00h16m48s | stage:decode:done int_assignments=246
c 00h16m48s | result:Sat
c 00h16m48s | objective:incumbent kind=improvement value=20046 rounds=128 improvements=127
o 20046
c 00h16m49s | stage:sat:init solver=CaDiCaL vars=20116718 clauses=20246061
c 00h16m49s | stage:sat:solve:start assumptions=1 phase_lits=20180
c 00h16m56s | stage:sat:solve:done ms=7324 result=Sat assumptions=1 phase_lits=20180
c 00h16m56s | stage:decode:start
c 00h16m56s | stage:decode:done int_assignments=246
c 00h16m56s | result:Sat
c 00h16m56s | objective:incumbent kind=improvement value=20045 rounds=129 improvements=128
o 20045
c 00h16m56s | stage:sat:init solver=CaDiCaL vars=20116719 clauses=20246062
c 00h16m56s | stage:sat:solve:start assumptions=1 phase_lits=20180
c 00h17m03s | stage:sat:solve:done ms=7234 result=Sat assumptions=1 phase_lits=20180
c 00h17m03s | stage:decode:start
c 00h17m03s | stage:decode:done int_assignments=246
c 00h17m03s | result:Sat
c 00h17m03s | objective:incumbent kind=improvement value=20032 rounds=130 improvements=129
o 20032
c 00h17m04s | stage:sat:init solver=CaDiCaL vars=20116720 clauses=20246063
c 00h17m04s | stage:sat:solve:start assumptions=1 phase_lits=20180
c 00h17m11s | stage:sat:solve:done ms=7149 result=Sat assumptions=1 phase_lits=20180
c 00h17m11s | stage:decode:start
c 00h17m11s | stage:decode:done int_assignments=246
c 00h17m11s | result:Sat
c 00h17m11s | objective:incumbent kind=improvement value=20016 rounds=131 improvements=130
o 20016
c 00h17m11s | stage:sat:init solver=CaDiCaL vars=20116721 clauses=20246064
c 00h17m11s | stage:sat:solve:start assumptions=1 phase_lits=20180
c 00h17m20s | stage:sat:solve:done ms=8415 result=Sat assumptions=1 phase_lits=20180
c 00h17m20s | stage:decode:start
c 00h17m20s | stage:decode:done int_assignments=246
c 00h17m20s | result:Sat
c 00h17m20s | objective:incumbent kind=improvement value=19945 rounds=132 improvements=131
o 19945
c 00h17m20s | stage:sat:init solver=CaDiCaL vars=20116722 clauses=20246065
c 00h17m20s | stage:sat:solve:start assumptions=1 phase_lits=20180
c 00h17m26s | stage:sat:solve:done ms=5994 result=Sat assumptions=1 phase_lits=20180
c 00h17m26s | stage:decode:start
c 00h17m26s | stage:decode:done int_assignments=246
c 00h17m26s | result:Sat
c 00h17m26s | objective:incumbent kind=improvement value=19929 rounds=133 improvements=132
o 19929
c 00h17m26s | stage:sat:init solver=CaDiCaL vars=20116723 clauses=20246066
c 00h17m26s | stage:sat:solve:start assumptions=1 phase_lits=20180
c 00h17m33s | stage:sat:solve:done ms=6715 result=Sat assumptions=1 phase_lits=20180
c 00h17m33s | stage:decode:start
c 00h17m33s | stage:decode:done int_assignments=246
c 00h17m33s | result:Sat
c 00h17m33s | objective:incumbent kind=improvement value=19927 rounds=134 improvements=133
o 19927
c 00h17m33s | stage:sat:init solver=CaDiCaL vars=20116724 clauses=20246067
c 00h17m33s | stage:sat:solve:start assumptions=1 phase_lits=20180
c 00h17m41s | stage:sat:solve:done ms=7335 result=Sat assumptions=1 phase_lits=20180
c 00h17m41s | stage:decode:start
c 00h17m41s | stage:decode:done int_assignments=246
c 00h17m41s | result:Sat
c 00h17m41s | objective:incumbent kind=improvement value=19925 rounds=135 improvements=134
o 19925
c 00h17m41s | stage:sat:init solver=CaDiCaL vars=20116725 clauses=20246068
c 00h17m41s | stage:sat:solve:start assumptions=1 phase_lits=20180
c 00h17m48s | stage:sat:solve:done ms=7071 result=Sat assumptions=1 phase_lits=20180
c 00h17m48s | stage:decode:start
c 00h17m48s | stage:decode:done int_assignments=246
c 00h17m48s | result:Sat
c 00h17m48s | objective:incumbent kind=improvement value=19915 rounds=136 improvements=135
o 19915
c 00h17m48s | stage:sat:init solver=CaDiCaL vars=20116726 clauses=20246069
c 00h17m48s | stage:sat:solve:start assumptions=1 phase_lits=20180
c 00h17m55s | stage:sat:solve:done ms=6868 result=Sat assumptions=1 phase_lits=20180
c 00h17m55s | stage:decode:start
c 00h17m55s | stage:decode:done int_assignments=246
c 00h17m55s | result:Sat
c 00h17m55s | objective:incumbent kind=improvement value=19843 rounds=137 improvements=136
o 19843
c 00h17m56s | stage:sat:init solver=CaDiCaL vars=20116727 clauses=20246070
c 00h17m56s | stage:sat:solve:start assumptions=1 phase_lits=20180
c 00h18m03s | stage:sat:solve:done ms=7112 result=Sat assumptions=1 phase_lits=20180
c 00h18m03s | stage:decode:start
c 00h18m03s | stage:decode:done int_assignments=246
c 00h18m03s | result:Sat
c 00h18m03s | objective:incumbent kind=improvement value=19827 rounds=138 improvements=137
o 19827
c 00h18m03s | stage:sat:init solver=CaDiCaL vars=20116728 clauses=20246071
c 00h18m03s | stage:sat:solve:start assumptions=1 phase_lits=20180
c 00h18m12s | stage:sat:solve:done ms=8698 result=Sat assumptions=1 phase_lits=20180
c 00h18m12s | stage:decode:start
c 00h18m12s | stage:decode:done int_assignments=246
c 00h18m12s | result:Sat
c 00h18m12s | objective:incumbent kind=improvement value=19798 rounds=139 improvements=138
o 19798
c 00h18m12s | stage:sat:init solver=CaDiCaL vars=20116729 clauses=20246072
c 00h18m12s | stage:sat:solve:start assumptions=1 phase_lits=20180
c 00h18m23s | stage:sat:solve:done ms=10849 result=Sat assumptions=1 phase_lits=20180
c 00h18m23s | stage:decode:start
c 00h18m23s | stage:decode:done int_assignments=246
c 00h18m23s | result:Sat
c 00h18m23s | objective:incumbent kind=improvement value=19790 rounds=140 improvements=139
o 19790
c 00h18m23s | stage:sat:init solver=CaDiCaL vars=20116730 clauses=20246073
c 00h18m23s | stage:sat:solve:start assumptions=1 phase_lits=20180
c 00h18m31s | stage:sat:solve:done ms=7243 result=Sat assumptions=1 phase_lits=20180
c 00h18m31s | stage:decode:start
c 00h18m31s | stage:decode:done int_assignments=246
c 00h18m31s | result:Sat
c 00h18m31s | objective:incumbent kind=improvement value=19784 rounds=141 improvements=140
o 19784
c 00h18m31s | stage:sat:init solver=CaDiCaL vars=20116731 clauses=20246074
c 00h18m31s | stage:sat:solve:start assumptions=1 phase_lits=20180
c 00h18m38s | stage:sat:solve:done ms=6886 result=Sat assumptions=1 phase_lits=20180
c 00h18m38s | stage:decode:start
c 00h18m38s | stage:decode:done int_assignments=246
c 00h18m38s | result:Sat
c 00h18m38s | objective:incumbent kind=improvement value=19778 rounds=142 improvements=141
o 19778
c 00h18m38s | stage:sat:init solver=CaDiCaL vars=20116732 clauses=20246075
c 00h18m38s | stage:sat:solve:start assumptions=1 phase_lits=20180
c 00h18m46s | stage:sat:solve:done ms=7251 result=Sat assumptions=1 phase_lits=20180
c 00h18m46s | stage:decode:start
c 00h18m46s | stage:decode:done int_assignments=246
c 00h18m46s | result:Sat
c 00h18m46s | objective:incumbent kind=improvement value=19726 rounds=143 improvements=142
o 19726
c 00h18m46s | stage:sat:init solver=CaDiCaL vars=20116733 clauses=20246076
c 00h18m46s | stage:sat:solve:start assumptions=1 phase_lits=20180
c 00h18m53s | stage:sat:solve:done ms=6985 result=Sat assumptions=1 phase_lits=20180
c 00h18m53s | stage:decode:start
c 00h18m53s | stage:decode:done int_assignments=246
c 00h18m53s | result:Sat
c 00h18m53s | objective:incumbent kind=improvement value=19590 rounds=144 improvements=143
o 19590
c 00h18m53s | stage:sat:init solver=CaDiCaL vars=20116734 clauses=20246077
c 00h18m53s | stage:sat:solve:start assumptions=1 phase_lits=20180
c 00h19m01s | stage:sat:solve:done ms=7525 result=Sat assumptions=1 phase_lits=20180
c 00h19m01s | stage:decode:start
c 00h19m01s | stage:decode:done int_assignments=246
c 00h19m01s | result:Sat
c 00h19m01s | objective:incumbent kind=improvement value=19447 rounds=145 improvements=144
o 19447
c 00h19m01s | stage:sat:init solver=CaDiCaL vars=20116735 clauses=20246078
c 00h19m01s | stage:sat:solve:start assumptions=1 phase_lits=20180
c 00h19m08s | stage:sat:solve:done ms=6580 result=Sat assumptions=1 phase_lits=20180
c 00h19m08s | stage:decode:start
c 00h19m08s | stage:decode:done int_assignments=246
c 00h19m08s | result:Sat
c 00h19m08s | objective:incumbent kind=improvement value=19437 rounds=146 improvements=145
o 19437
c 00h19m08s | stage:sat:init solver=CaDiCaL vars=20116736 clauses=20246079
c 00h19m08s | stage:sat:solve:start assumptions=1 phase_lits=20180
c 00h19m49s | stage:sat:solve:done ms=40529 result=Sat assumptions=1 phase_lits=20180
c 00h19m49s | stage:decode:start
c 00h19m49s | stage:decode:done int_assignments=246
c 00h19m49s | result:Sat
c 00h19m49s | objective:incumbent kind=improvement value=19000 rounds=147 improvements=146
o 19000
c 00h19m49s | stage:sat:init solver=CaDiCaL vars=20116737 clauses=20246080
c 00h19m49s | stage:sat:solve:start assumptions=1 phase_lits=20180
c 00h19m59s | stage:sat:solve:done ms=10491 result=Sat assumptions=1 phase_lits=20180
c 00h19m59s | stage:decode:start
c 00h19m59s | stage:decode:done int_assignments=246
c 00h19m59s | result:Sat
c 00h19m59s | objective:incumbent kind=improvement value=18971 rounds=148 improvements=147
o 18971
c 00h20m00s | stage:sat:init solver=CaDiCaL vars=20116738 clauses=20246081
c 00h20m00s | stage:sat:solve:start assumptions=1 phase_lits=20180
c 00h20m06s | stage:sat:solve:done ms=6570 result=Sat assumptions=1 phase_lits=20180
c 00h20m06s | stage:decode:start
c 00h20m06s | stage:decode:done int_assignments=246
c 00h20m06s | result:Sat
c 00h20m06s | objective:incumbent kind=improvement value=18924 rounds=149 improvements=148
o 18924
c 00h20m07s | stage:sat:init solver=CaDiCaL vars=20116739 clauses=20246082
c 00h20m07s | stage:sat:solve:start assumptions=1 phase_lits=20180
c 00h20m13s | stage:sat:solve:done ms=6516 result=Sat assumptions=1 phase_lits=20180
c 00h20m13s | stage:decode:start
c 00h20m13s | stage:decode:done int_assignments=246
c 00h20m13s | result:Sat
c 00h20m13s | objective:incumbent kind=improvement value=18914 rounds=150 improvements=149
o 18914
c 00h20m13s | stage:sat:init solver=CaDiCaL vars=20116740 clauses=20246083
c 00h20m13s | stage:sat:solve:start assumptions=1 phase_lits=20180
c 00h20m20s | stage:sat:solve:done ms=6754 result=Sat assumptions=1 phase_lits=20180
c 00h20m20s | stage:decode:start
c 00h20m20s | stage:decode:done int_assignments=246
c 00h20m20s | result:Sat
c 00h20m20s | objective:incumbent kind=improvement value=18909 rounds=151 improvements=150
o 18909
c 00h20m20s | stage:sat:init solver=CaDiCaL vars=20116741 clauses=20246084
c 00h20m20s | stage:sat:solve:start assumptions=1 phase_lits=20180
c 00h20m27s | stage:sat:solve:done ms=6948 result=Sat assumptions=1 phase_lits=20180
c 00h20m27s | stage:decode:start
c 00h20m27s | stage:decode:done int_assignments=246
c 00h20m27s | result:Sat
c 00h20m27s | objective:incumbent kind=improvement value=18905 rounds=152 improvements=151
o 18905
c 00h20m28s | stage:sat:init solver=CaDiCaL vars=20116742 clauses=20246085
c 00h20m28s | stage:sat:solve:start assumptions=1 phase_lits=20180
c 00h20m35s | stage:sat:solve:done ms=7154 result=Sat assumptions=1 phase_lits=20180
c 00h20m35s | stage:decode:start
c 00h20m35s | stage:decode:done int_assignments=246
c 00h20m35s | result:Sat
c 00h20m35s | objective:incumbent kind=improvement value=18904 rounds=153 improvements=152
o 18904
c 00h20m35s | stage:sat:init solver=CaDiCaL vars=20116743 clauses=20246086
c 00h20m35s | stage:sat:solve:start assumptions=1 phase_lits=20180
c 00h20m42s | stage:sat:solve:done ms=7092 result=Sat assumptions=1 phase_lits=20180
c 00h20m42s | stage:decode:start
c 00h20m42s | stage:decode:done int_assignments=246
c 00h20m42s | result:Sat
c 00h20m42s | objective:incumbent kind=improvement value=18886 rounds=154 improvements=153
o 18886
c 00h20m43s | stage:sat:init solver=CaDiCaL vars=20116744 clauses=20246087
c 00h20m43s | stage:sat:solve:start assumptions=1 phase_lits=20180
c 00h20m50s | stage:sat:solve:done ms=7186 result=Sat assumptions=1 phase_lits=20180
c 00h20m50s | stage:decode:start
c 00h20m50s | stage:decode:done int_assignments=246
c 00h20m50s | result:Sat
c 00h20m50s | objective:incumbent kind=improvement value=18725 rounds=155 improvements=154
o 18725
c 00h20m50s | stage:sat:init solver=CaDiCaL vars=20116745 clauses=20246088
c 00h20m50s | stage:sat:solve:start assumptions=1 phase_lits=20180
c 00h20m57s | stage:sat:solve:done ms=6641 result=Sat assumptions=1 phase_lits=20180
c 00h20m57s | stage:decode:start
c 00h20m57s | stage:decode:done int_assignments=246
c 00h20m57s | result:Sat
c 00h20m57s | objective:incumbent kind=improvement value=18616 rounds=156 improvements=155
o 18616
c 00h20m57s | stage:sat:init solver=CaDiCaL vars=20116746 clauses=20246089
c 00h20m57s | stage:sat:solve:start assumptions=1 phase_lits=20180
c 00h21m04s | stage:sat:solve:done ms=6831 result=Sat assumptions=1 phase_lits=20180
c 00h21m04s | stage:decode:start
c 00h21m04s | stage:decode:done int_assignments=246
c 00h21m04s | result:Sat
c 00h21m04s | objective:incumbent kind=improvement value=18584 rounds=157 improvements=156
o 18584
c 00h21m04s | stage:sat:init solver=CaDiCaL vars=20116747 clauses=20246090
c 00h21m04s | stage:sat:solve:start assumptions=1 phase_lits=20180
c 00h21m11s | stage:sat:solve:done ms=6498 result=Sat assumptions=1 phase_lits=20180
c 00h21m11s | stage:decode:start
c 00h21m11s | stage:decode:done int_assignments=246
c 00h21m11s | result:Sat
c 00h21m11s | objective:incumbent kind=improvement value=18553 rounds=158 improvements=157
o 18553
c 00h21m11s | stage:sat:init solver=CaDiCaL vars=20116748 clauses=20246091
c 00h21m11s | stage:sat:solve:start assumptions=1 phase_lits=20180
c 00h21m18s | stage:sat:solve:done ms=7261 result=Sat assumptions=1 phase_lits=20180
c 00h21m18s | stage:decode:start
c 00h21m18s | stage:decode:done int_assignments=246
c 00h21m18s | result:Sat
c 00h21m18s | objective:incumbent kind=improvement value=18529 rounds=159 improvements=158
o 18529
c 00h21m19s | stage:sat:init solver=CaDiCaL vars=20116749 clauses=20246092
c 00h21m19s | stage:sat:solve:start assumptions=1 phase_lits=20180
c 00h21m26s | stage:sat:solve:done ms=7064 result=Sat assumptions=1 phase_lits=20180
c 00h21m26s | stage:decode:start
c 00h21m26s | stage:decode:done int_assignments=246
c 00h21m26s | result:Sat
c 00h21m26s | objective:incumbent kind=improvement value=18424 rounds=160 improvements=159
o 18424
c 00h21m26s | stage:sat:init solver=CaDiCaL vars=20116750 clauses=20246093
c 00h21m26s | stage:sat:solve:start assumptions=1 phase_lits=20180
c 00h21m34s | stage:sat:solve:done ms=7385 result=Sat assumptions=1 phase_lits=20180
c 00h21m34s | stage:decode:start
c 00h21m34s | stage:decode:done int_assignments=246
c 00h21m34s | result:Sat
c 00h21m34s | objective:incumbent kind=improvement value=18360 rounds=161 improvements=160
o 18360
c 00h21m34s | stage:sat:init solver=CaDiCaL vars=20116751 clauses=20246094
c 00h21m34s | stage:sat:solve:start assumptions=1 phase_lits=20180
c 00h21m40s | stage:sat:solve:done ms=6274 result=Sat assumptions=1 phase_lits=20180
c 00h21m40s | stage:decode:start
c 00h21m40s | stage:decode:done int_assignments=246
c 00h21m40s | result:Sat
c 00h21m40s | objective:incumbent kind=improvement value=18359 rounds=162 improvements=161
o 18359
c 00h21m40s | stage:sat:init solver=CaDiCaL vars=20116752 clauses=20246095
c 00h21m40s | stage:sat:solve:start assumptions=1 phase_lits=20180
c 00h21m47s | stage:sat:solve:done ms=6448 result=Sat assumptions=1 phase_lits=20180
c 00h21m47s | stage:decode:start
c 00h21m47s | stage:decode:done int_assignments=246
c 00h21m47s | result:Sat
c 00h21m47s | objective:incumbent kind=improvement value=18330 rounds=163 improvements=162
o 18330
c 00h21m47s | stage:sat:init solver=CaDiCaL vars=20116753 clauses=20246096
c 00h21m47s | stage:sat:solve:start assumptions=1 phase_lits=20180
c 00h21m54s | stage:sat:solve:done ms=6739 result=Sat assumptions=1 phase_lits=20180
c 00h21m54s | stage:decode:start
c 00h21m54s | stage:decode:done int_assignments=246
c 00h21m54s | result:Sat
c 00h21m54s | objective:incumbent kind=improvement value=18327 rounds=164 improvements=163
o 18327
c 00h21m54s | stage:sat:init solver=CaDiCaL vars=20116754 clauses=20246097
c 00h21m54s | stage:sat:solve:start assumptions=1 phase_lits=20180
c 00h22m01s | stage:sat:solve:done ms=6559 result=Sat assumptions=1 phase_lits=20180
c 00h22m01s | stage:decode:start
c 00h22m01s | stage:decode:done int_assignments=246
c 00h22m01s | result:Sat
c 00h22m01s | objective:incumbent kind=improvement value=18317 rounds=165 improvements=164
o 18317
c 00h22m01s | stage:sat:init solver=CaDiCaL vars=20116755 clauses=20246098
c 00h22m01s | stage:sat:solve:start assumptions=1 phase_lits=20180
c 00h22m08s | stage:sat:solve:done ms=6861 result=Sat assumptions=1 phase_lits=20180
c 00h22m08s | stage:decode:start
c 00h22m08s | stage:decode:done int_assignments=246
c 00h22m08s | result:Sat
c 00h22m08s | objective:incumbent kind=improvement value=18316 rounds=166 improvements=165
o 18316
c 00h22m08s | stage:sat:init solver=CaDiCaL vars=20116756 clauses=20246099
c 00h22m08s | stage:sat:solve:start assumptions=1 phase_lits=20180
c 00h22m15s | stage:sat:solve:done ms=6505 result=Sat assumptions=1 phase_lits=20180
c 00h22m15s | stage:decode:start
c 00h22m15s | stage:decode:done int_assignments=246
c 00h22m15s | result:Sat
c 00h22m15s | objective:incumbent kind=improvement value=18287 rounds=167 improvements=166
o 18287
c 00h22m15s | stage:sat:init solver=CaDiCaL vars=20116757 clauses=20246100
c 00h22m15s | stage:sat:solve:start assumptions=1 phase_lits=20180
c 00h22m21s | stage:sat:solve:done ms=5975 result=Sat assumptions=1 phase_lits=20180
c 00h22m21s | stage:decode:start
c 00h22m21s | stage:decode:done int_assignments=246
c 00h22m21s | result:Sat
c 00h22m21s | objective:incumbent kind=improvement value=18286 rounds=168 improvements=167
o 18286
c 00h22m22s | stage:sat:init solver=CaDiCaL vars=20116758 clauses=20246101
c 00h22m22s | stage:sat:solve:start assumptions=1 phase_lits=20180
c 00h22m28s | stage:sat:solve:done ms=6462 result=Sat assumptions=1 phase_lits=20180
c 00h22m28s | stage:decode:start
c 00h22m28s | stage:decode:done int_assignments=246
c 00h22m28s | result:Sat
c 00h22m28s | objective:incumbent kind=improvement value=18273 rounds=169 improvements=168
o 18273
c 00h22m28s | stage:sat:init solver=CaDiCaL vars=20116759 clauses=20246102
c 00h22m28s | stage:sat:solve:start assumptions=1 phase_lits=20180
c 00h22m35s | stage:sat:solve:done ms=6745 result=Sat assumptions=1 phase_lits=20180
c 00h22m35s | stage:decode:start
c 00h22m35s | stage:decode:done int_assignments=246
c 00h22m35s | result:Sat
c 00h22m35s | objective:incumbent kind=improvement value=18257 rounds=170 improvements=169
o 18257
c 00h22m36s | stage:sat:init solver=CaDiCaL vars=20116760 clauses=20246103
c 00h22m36s | stage:sat:solve:start assumptions=1 phase_lits=20180
c 00h22m43s | stage:sat:solve:done ms=7861 result=Sat assumptions=1 phase_lits=20180
c 00h22m43s | stage:decode:start
c 00h22m43s | stage:decode:done int_assignments=246
c 00h22m43s | result:Sat
c 00h22m43s | objective:incumbent kind=improvement value=18229 rounds=171 improvements=170
o 18229
c 00h22m44s | stage:sat:init solver=CaDiCaL vars=20116761 clauses=20246104
c 00h22m44s | stage:sat:solve:start assumptions=1 phase_lits=20180
c 00h23m18s | stage:sat:solve:done ms=34201 result=Sat assumptions=1 phase_lits=20180
c 00h23m18s | stage:decode:start
c 00h23m18s | stage:decode:done int_assignments=246
c 00h23m18s | result:Sat
c 00h23m18s | objective:incumbent kind=improvement value=18219 rounds=172 improvements=171
o 18219
c 00h23m18s | stage:sat:init solver=CaDiCaL vars=20116762 clauses=20246105
c 00h23m18s | stage:sat:solve:start assumptions=1 phase_lits=20180
c 00h23m52s | stage:sat:solve:done ms=33336 result=Sat assumptions=1 phase_lits=20180
c 00h23m52s | stage:decode:start
c 00h23m52s | stage:decode:done int_assignments=246
c 00h23m52s | result:Sat
c 00h23m52s | objective:incumbent kind=improvement value=18213 rounds=173 improvements=172
o 18213
c 00h23m52s | stage:sat:init solver=CaDiCaL vars=20116763 clauses=20246106
c 00h23m52s | stage:sat:solve:start assumptions=1 phase_lits=20180
c 00h24m52s | stage:sat:solve:done ms=59733 result=Sat assumptions=1 phase_lits=20180
c 00h24m52s | stage:decode:start
c 00h24m52s | stage:decode:done int_assignments=246
c 00h24m52s | result:Sat
c 00h24m52s | objective:incumbent kind=improvement value=18183 rounds=174 improvements=173
o 18183
c 00h24m53s | stage:sat:init solver=CaDiCaL vars=20116764 clauses=20246107
c 00h24m53s | stage:sat:solve:start assumptions=1 phase_lits=20180
c 00h25m00s | stage:sat:solve:done ms=6739 result=Sat assumptions=1 phase_lits=20180
c 00h25m00s | stage:decode:start
c 00h25m00s | stage:decode:done int_assignments=246
c 00h25m00s | result:Sat
c 00h25m00s | objective:incumbent kind=improvement value=18177 rounds=175 improvements=174
o 18177
c 00h25m00s | stage:sat:init solver=CaDiCaL vars=20116765 clauses=20246108
c 00h25m00s | stage:sat:solve:start assumptions=1 phase_lits=20180
c 00h25m07s | stage:sat:solve:done ms=7180 result=Sat assumptions=1 phase_lits=20180
c 00h25m07s | stage:decode:start
c 00h25m07s | stage:decode:done int_assignments=246
c 00h25m07s | result:Sat
c 00h25m07s | objective:incumbent kind=improvement value=18174 rounds=176 improvements=175
o 18174
c 00h25m08s | stage:sat:init solver=CaDiCaL vars=20116766 clauses=20246109
c 00h25m08s | stage:sat:solve:start assumptions=1 phase_lits=20180
c 00h25m15s | stage:sat:solve:done ms=7099 result=Sat assumptions=1 phase_lits=20180
c 00h25m15s | stage:decode:start
c 00h25m15s | stage:decode:done int_assignments=246
c 00h25m15s | result:Sat
c 00h25m15s | objective:incumbent kind=improvement value=18168 rounds=177 improvements=176
o 18168
c 00h25m15s | stage:sat:init solver=CaDiCaL vars=20116767 clauses=20246110
c 00h25m15s | stage:sat:solve:start assumptions=1 phase_lits=20180
c 00h25m22s | stage:sat:solve:done ms=6778 result=Sat assumptions=1 phase_lits=20180
c 00h25m22s | stage:decode:start
c 00h25m22s | stage:decode:done int_assignments=246
c 00h25m22s | result:Sat
c 00h25m22s | objective:incumbent kind=improvement value=18017 rounds=178 improvements=177
o 18017
c 00h25m22s | stage:sat:init solver=CaDiCaL vars=20116768 clauses=20246111
c 00h25m22s | stage:sat:solve:start assumptions=1 phase_lits=20180
c 00h25m29s | stage:sat:solve:done ms=6897 result=Sat assumptions=1 phase_lits=20180
c 00h25m29s | stage:decode:start
c 00h25m29s | stage:decode:done int_assignments=246
c 00h25m29s | result:Sat
c 00h25m29s | objective:incumbent kind=improvement value=18002 rounds=179 improvements=178
o 18002
c 00h25m29s | stage:sat:init solver=CaDiCaL vars=20116769 clauses=20246112
c 00h25m29s | stage:sat:solve:start assumptions=1 phase_lits=20180
c 00h25m36s | stage:sat:solve:done ms=6505 result=Sat assumptions=1 phase_lits=20180
c 00h25m36s | stage:decode:start
c 00h25m36s | stage:decode:done int_assignments=246
c 00h25m36s | result:Sat
c 00h25m36s | objective:incumbent kind=improvement value=17978 rounds=180 improvements=179
o 17978
c 00h25m36s | stage:sat:init solver=CaDiCaL vars=20116770 clauses=20246113
c 00h25m36s | stage:sat:solve:start assumptions=1 phase_lits=20180
c 00h25m43s | stage:sat:solve:done ms=6635 result=Sat assumptions=1 phase_lits=20180
c 00h25m43s | stage:decode:start
c 00h25m43s | stage:decode:done int_assignments=246
c 00h25m43s | result:Sat
c 00h25m43s | objective:incumbent kind=improvement value=17873 rounds=181 improvements=180
o 17873
c 00h25m43s | stage:sat:init solver=CaDiCaL vars=20116771 clauses=20246114
c 00h25m43s | stage:sat:solve:start assumptions=1 phase_lits=20180
c 00h25m51s | stage:sat:solve:done ms=7443 result=Sat assumptions=1 phase_lits=20180
c 00h25m51s | stage:decode:start
c 00h25m51s | stage:decode:done int_assignments=246
c 00h25m51s | result:Sat
c 00h25m51s | objective:incumbent kind=improvement value=17870 rounds=182 improvements=181
o 17870
c 00h25m51s | stage:sat:init solver=CaDiCaL vars=20116772 clauses=20246115
c 00h25m51s | stage:sat:solve:start assumptions=1 phase_lits=20180
c 00h26m45s | stage:sat:solve:done ms=54092 result=Sat assumptions=1 phase_lits=20180
c 00h26m45s | stage:decode:start
c 00h26m45s | stage:decode:done int_assignments=246
c 00h26m45s | result:Sat
c 00h26m45s | objective:incumbent kind=improvement value=17811 rounds=183 improvements=182
o 17811
c 00h26m45s | stage:sat:init solver=CaDiCaL vars=20116773 clauses=20246116
c 00h26m45s | stage:sat:solve:start assumptions=1 phase_lits=20180
c 00h26m53s | stage:sat:solve:done ms=7443 result=Sat assumptions=1 phase_lits=20180
c 00h26m53s | stage:decode:start
c 00h26m53s | stage:decode:done int_assignments=246
c 00h26m53s | result:Sat
c 00h26m53s | objective:incumbent kind=improvement value=17789 rounds=184 improvements=183
o 17789
c 00h26m53s | stage:sat:init solver=CaDiCaL vars=20116774 clauses=20246117
c 00h26m53s | stage:sat:solve:start assumptions=1 phase_lits=20180
c 00h27m54s | stage:sat:solve:done ms=60753 result=Sat assumptions=1 phase_lits=20180
c 00h27m54s | stage:decode:start
c 00h27m54s | stage:decode:done int_assignments=246
c 00h27m54s | result:Sat
c 00h27m54s | objective:incumbent kind=improvement value=17788 rounds=185 improvements=184
o 17788
c 00h27m55s | stage:sat:init solver=CaDiCaL vars=20116775 clauses=20246118
c 00h27m55s | stage:sat:solve:start assumptions=1 phase_lits=20180
c 00h28m01s | stage:sat:solve:done ms=6757 result=Sat assumptions=1 phase_lits=20180
c 00h28m01s | stage:decode:start
c 00h28m01s | stage:decode:done int_assignments=246
c 00h28m01s | result:Sat
c 00h28m01s | objective:incumbent kind=improvement value=17727 rounds=186 improvements=185
o 17727
c 00h28m02s | stage:sat:init solver=CaDiCaL vars=20116776 clauses=20246119
c 00h28m02s | stage:sat:solve:start assumptions=1 phase_lits=20180
c 00h28m09s | stage:sat:solve:done ms=6950 result=Sat assumptions=1 phase_lits=20180
c 00h28m09s | stage:decode:start
c 00h28m09s | stage:decode:done int_assignments=246
c 00h28m09s | result:Sat
c 00h28m09s | objective:incumbent kind=improvement value=17714 rounds=187 improvements=186
o 17714
c 00h28m09s | stage:sat:init solver=CaDiCaL vars=20116777 clauses=20246120
c 00h28m09s | stage:sat:solve:start assumptions=1 phase_lits=20180
c 00h28m16s | stage:sat:solve:done ms=6850 result=Sat assumptions=1 phase_lits=20180
c 00h28m16s | stage:decode:start
c 00h28m16s | stage:decode:done int_assignments=246
c 00h28m16s | result:Sat
c 00h28m16s | objective:incumbent kind=improvement value=17698 rounds=188 improvements=187
o 17698
c 00h28m16s | stage:sat:init solver=CaDiCaL vars=20116778 clauses=20246121
c 00h28m16s | stage:sat:solve:start assumptions=1 phase_lits=20180
s SATISFIABLE
o 17698
v <instantiation>
v   <list> x[0][0] x[0][1] x[0][2] x[0][3] x[0][4] x[0][5] x[0][6] x[0][7] x[0][8] x[0][9] x[0][10] x[0][11] x[0][12] x[0][13] x[0][14] x[0][15] x[0][16] x[0][17] x[0][18] x[0][19] x[1][0] x[1][1] x[1][2] x[1][3] x[1][4] x[1][5] x[1][6] x[1][7] x[1][8] x[1][9] x[1][10] x[1][11] x[1][12] x[1][13] x[1][14] x[1][15] x[1][16] x[1][17] x[1][18] x[1][19] x[2][0] x[2][1] x[2][2] x[2][3] x[2][4] x[2][5] x[2][6] x[2][7] x[2][8] x[2][9] x[2][10] x[2][11] x[2][12] x[2][13] x[2][14] x[2][15] x[2][16] x[2][17] x[2][18] x[2][19] x[3][0] x[3][1] x[3][2] x[3][3] x[3][4] x[3][5] x[3][6] x[3][7] x[3][8] x[3][9] x[3][10] x[3][11] x[3][12] x[3][13] x[3][14] x[3][15] x[3][16] x[3][17] x[3][18] x[3][19] x[4][0] x[4][1] x[4][2] x[4][3] x[4][4] x[4][5] x[4][6] x[4][7] x[4][8] x[4][9] x[4][10] x[4][11] x[4][12] x[4][13] x[4][14] x[4][15] x[4][16] x[4][17] x[4][18] x[4][19] oc[0] oc[1] oc[2] oc[3] oc[4] oc[5] oc[6] oc[7] oc[8] oc[9] oc[10] oc[11] oc[12] oc[13] oc[14] oc[15] oc[16] oc[17] oc[18] oc[19] tp[0] tp[1] tp[2] tp[3] tp[4] tp[5] tp[6] tp[7] tp[8] tp[9] tp[10] tp[11] tp[12] tp[13] tp[14] tp[15] tp[16] tp[17] tp[18] tp[19] pr[0] pr[1] pr[2] pr[3] pr[4] pr[5] pr[6] pr[7] pr[8] pr[9] pr[10] pr[11] pr[12] pr[13] pr[14] pr[15] pr[16] pr[17] pr[18] pr[19] aux_gb[0] aux_gb[1] aux_gb[2] aux_gb[3] aux_gb[4] aux_gb[5] aux_gb[6] aux_gb[7] aux_gb[8] aux_gb[9] aux_gb[10] aux_gb[11] aux_gb[12] aux_gb[13] aux_gb[14] aux_gb[15] aux_gb[16] aux_gb[17] aux_gb[18] aux_gb[19] aux_gb[20] aux_gb[21] aux_gb[22] aux_gb[23] aux_gb[24] aux_gb[25] aux_gb[26] aux_gb[27] aux_gb[28] aux_gb[29] aux_gb[30] aux_gb[31] aux_gb[32] aux_gb[33] aux_gb[34] aux_gb[35] aux_gb[36] aux_gb[37] aux_gb[38] aux_gb[39] aux_gb[40] aux_gb[41] aux_gb[42] aux_gb[43] aux_gb[44] aux_gb[45] aux_gb[46] aux_gb[47] aux_gb[48] aux_gb[49] aux_gb[50] aux_gb[51] aux_gb[52] aux_gb[53] aux_gb[54] aux_gb[55] aux_gb[56] aux_gb[57] aux_gb[58] aux_gb[59] aux_gb[60] aux_gb[61] aux_gb[62] aux_gb[63] aux_gb[64] aux_gb[65] aux_gb[66] aux_gb[67] aux_gb[68] aux_gb[69] aux_gb[70] aux_gb[71] aux_gb[72] aux_gb[73] aux_gb[74] aux_gb[75] aux_gb[76] aux_gb[77] aux_gb[78] aux_gb[79] aux_gb[80] aux_gb[81] aux_gb[82] aux_gb[83] aux_gb[84] aux_gb[85] </list>
v   <values> 0 1 0 1 0 0 0 1 1 0 0 1 1 1 1 0 0 0 0 0 0 0 0 0 0 1 1 0 0 1 0 0 1 1 1 0 0 0 0 0 0 0 0 0 0 0 0 0 0 0 0 0 0 0 0 0 0 0 0 0 1 0 1 0 1 0 0 0 0 0 0 0 0 0 0 0 0 0 0 0 0 1 0 0 0 0 0 0 0 0 1 0 0 0 0 0 0 0 0 0 1 1 1 1 1 1 1 1 1 1 1 1 1 1 1 0 0 0 0 0 1 35 309 432 186 432 432 456 463 386 195 432 304 304 304 500 500 500 272 412 9152 2000 873 116 520 116 116 130 126 308 672 116 827 827 827 0 0 0 827 145 1 2 1 1 1 1 1 1 1 1 1 1 2 2 2 0 0 0 0 0 64 488000 8000 32 60500 4000 4 30500 3000 2 3750 2000 8 7000 4000 2 3750 2000 2 3750 2000 2 1700 1000 2 3750 2000 4 15000 2000 8 30000 2000 2 3750 2000 4 30500 3000 4 30500 3000 4 30500 3000 0 0 0 0 0 0 0 0 0 8 61000 1000 2 3750 2000 0 3 0 9 8 6 </values>
v </instantiation>
d OBJECTIVE_VALUE 17698
d OPTIMAL 0
d OBJECTIVE_ROUNDS 188
d OBJECTIVE_IMPROVEMENTS 187
d COP_INCUMBENT_ELAPSED_MS 1696423
d SOLVE_ELAPSED_MS 1800169
d CURRENT_STAGE sat
d CURRENT_STAGE_ELAPSED_MS 103412
d LAST_COMPLETED_STAGE decode
d STAGE_PROPAGATE_STATUS done
d STAGE_NORMALIZE_STATUS done
d STAGE_LOWER_STATUS done
d STAGE_POST_LOWER_STATUS done
d STAGE_PREENCODE_STATUS done
d STAGE_ENCODE_STATUS done
d STAGE_SAT_STATUS running
d STAGE_DECODE_STATUS done
d STAGE_RELAXATION_STATUS pending
d STAGE_DUMP_CNF_STATUS pending
d SOURCE_CONSTRAINTS 375
d NORMALIZED_CONSTRAINTS 375
d LOWERED_CONSTRAINTS 375
d UNSUPPORTED_CONSTRAINTS 0
d SAT_VARS 20116590
d SAT_CLAUSES_BASE 20245934
d SAT_CLAUSES_FINAL 20245934
d SAT_CLAUSES_CEGAR_DELTA 0
d MEMORY_RSS_BYTES 7731023872
d MEMORY_RSS_AFTER_PROPAGATE_BYTES 3526656
d MEMORY_RSS_AFTER_LOWER_BYTES 10256384
d MEMORY_RSS_AFTER_POST_LOWER_BYTES 14036992
d MEMORY_RSS_BEFORE_PREENCODE_BYTES 17010688
d MEMORY_RSS_AFTER_PREENCODE_BYTES 21336064
d MEMORY_RSS_BEFORE_ENCODE_BYTES 21336064
d MEMORY_RSS_ENCODE_SAMPLE_INTERVAL_CLAUSES 1000000
d MEMORY_RSS_ENCODE_SAMPLE_COUNT 20
d MEMORY_RSS_ENCODE_LAST_SAMPLE_CLAUSE 20000000
d MEMORY_RSS_ENCODE_LAST_SAMPLE_BYTES 7731023872
d MEMORY_RSS_ENCODE_MAX_SAMPLE_BYTES 7731023872
d MEMORY_GUARD_LIMIT_BYTES 68719476736
d MEMORY_GUARD_RESERVE_BYTES 10737418240
d MEMORY_GUARD_AVAILABLE_BYTES 57960722432
d MEMORY_GUARD_DECISION rss-monitor
d MEMORY_GUARD_REASON rss_available
d SAT_CONFLICTS 1029
d EXTPROP_CONSTRAINTS 1
d EXTPROP_OBSERVED_VARS 9061
d EXTPROP_OBSERVED_LITS 9061
d EXTPROP_OBSERVED_LIT_OCCURRENCES 9061
d EXTPROP_CALLBACK_CALLS 15390869499
d EXTPROP_CALLBACK_NS 0
d EXTPROP_NOTIFY_ASSIGNMENT_CALLS 14566
d EXTPROP_NOTIFY_ASSIGNMENT_NS 0
d EXTPROP_NOTIFY_ASSIGNMENT_LITS 2776689
d EXTPROP_NOTIFY_NEW_DECISION_LEVEL_CALLS 6712341324
d EXTPROP_NOTIFY_NEW_DECISION_LEVEL_NS 0
d EXTPROP_NOTIFY_BACKTRACK_CALLS 3164
d EXTPROP_NOTIFY_BACKTRACK_NS 0
d EXTPROP_CB_CHECK_FOUND_MODEL_CALLS 475
d EXTPROP_CB_CHECK_FOUND_MODEL_NS 0
d EXTPROP_CB_CHECK_FOUND_MODEL_REJECTS 287
d EXTPROP_CB_DECIDE_CALLS 0
d EXTPROP_CB_DECIDE_NS 0
d EXTPROP_CB_PROPAGATE_CALLS 1966141676
d EXTPROP_CB_PROPAGATE_NS 0
d EXTPROP_PROPAGATED_LITS 971
d EXTPROP_CB_ADD_REASON_CLAUSE_LIT_CALLS 8277
d EXTPROP_CB_ADD_REASON_CLAUSE_LIT_NS 0
d EXTPROP_REASON_CLAUSES 7678
d EXTPROP_REASON_CLAUSE_LITS 97028
d EXTPROP_REASON_CLAUSE_MAX_LEN 21
d EXTPROP_CB_HAS_EXTERNAL_CLAUSE_CALLS 6712342470
d EXTPROP_CB_HAS_EXTERNAL_CLAUSE_NS 0
d EXTPROP_CB_ADD_EXTERNAL_CLAUSE_LIT_CALLS 17547
d EXTPROP_CB_ADD_EXTERNAL_CLAUSE_LIT_NS 0
d EXTPROP_EXTERNAL_CLAUSES 587
d EXTPROP_EXTERNAL_CLAUSE_LITS 16960
d EXTPROP_EXTERNAL_CLAUSE_MAX_LEN 41
d EXTPROP_STRONG_REASON_ATTEMPTS 305
d EXTPROP_STRONG_REASON_NS 0
d EXTPROP_STRONG_REASON_LIFTS 434
d EXTPROP_STRONG_REASON_DROPPED_TERMS 197
d LINEAR_INT_EQ_ARITY_STATS {"1":{"count":10000,"max_domain_product_excluding_one_var":"1","p95_domain_product_excluding_one_var":"1"},"2":{"count":2,"max_domain_product_excluding_one_var":"21","p95_domain_product_excluding_one_var":"21"},"6":{"count":20,"max_domain_product_excluding_one_var":"32","p95_domain_product_excluding_one_var":"32"},"21":{"count":4,"max_domain_product_excluding_one_var":"1048576","p95_domain_product_excluding_one_var":"1048576"}}
d LINEAR_INT_NE_ARITY_STATS {"1":{"count":10020,"max_domain_product_excluding_one_var":"1","p95_domain_product_excluding_one_var":"1"}}
d LINEAR_INT_GE_ARITY_STATS {"1":{"count":23,"max_domain_product_excluding_one_var":"1","p95_domain_product_excluding_one_var":"1"},"2":{"count":162,"max_domain_product_excluding_one_var":"21","p95_domain_product_excluding_one_var":"2"},"6":{"count":60,"max_domain_product_excluding_one_var":"32","p95_domain_product_excluding_one_var":"32"},"20":{"count":4,"max_domain_product_excluding_one_var":"524288","p95_domain_product_excluding_one_var":"524288"}}
d LINEAR_BOOL_MIXED_ARITY_STATS {"2":{"count":21,"max_domain_product_excluding_one_var":"2","p95_domain_product_excluding_one_var":"2"}}
d ROOT_LP_ENTERED 1
d ROOT_LP_STATUS optimal
d OBJECTIVE_NAIVE_LOWER 0
d OBJECTIVE_NAIVE_UPPER 320000
d OBJECTIVE_LP_LOWER 0
d OBJECTIVE_LP_UPPER 320000
d ROOT_LP_IMPROVED 0
d ROOT_LP_MS 72
d ROOT_LP_ROWS 356
d ROOT_LP_VARS 268
d ROOT_LP_STRUCTURED_OBJECTIVE_TERMS 0
d ROOT_LP_STRUCTURED_OBJECTIVE_AUX_VARS 0
d ROOT_LP_STRUCTURED_OBJECTIVE_ROWS 0
d ROOT_LP_NATIVE_GATE_GE_TOTAL 249
d ROOT_LP_NATIVE_GATE_EQ_TOTAL 10026
d ROOT_LP_NATIVE_GATE_GE_MAX_ARITY 20
d ROOT_LP_NATIVE_GATE_GE_MAX_DOMAIN_PRODUCT 524288
d ROOT_LP_NATIVE_GATE_BOOL_MIXED_MAX_ARITY 2
d ROOT_LP_OBJECTIVE_VALUE 0
d PROPAGATE_PRUNED_VALUES 20311440
d PROPAGATE_CHANGED_DOMAINS 100
d PROPAGATE_ENTAILED_TABLES 0
d POST_LOWER_ROUNDS 0
d POST_LOWER_TIGHTENED_DOMAINS 2
d POST_LOWER_REMOVED_CLAUSES 0
d POST_LOWER_REMOVED_LITS 40
d POST_LOWER_DETECTED_UNSAT 0
d PREENCODE_INT_VARS 582
d ENCODE_EXTERNAL_GE_SPECS 0
d ENCODE_RELAXED_CIRCUITS 0
d MEMORY_RSS_BYTES 7731023872
d MEMORY_RSS_AFTER_PROPAGATE_BYTES 3526656
d MEMORY_RSS_AFTER_LOWER_BYTES 10256384
d MEMORY_RSS_AFTER_POST_LOWER_BYTES 14036992
d MEMORY_RSS_BEFORE_PREENCODE_BYTES 17010688
d MEMORY_RSS_AFTER_PREENCODE_BYTES 21336064
d MEMORY_RSS_BEFORE_ENCODE_BYTES 21336064
d MEMORY_RSS_ENCODE_SAMPLE_INTERVAL_CLAUSES 1000000
d MEMORY_RSS_ENCODE_SAMPLE_COUNT 20
d MEMORY_RSS_ENCODE_LAST_SAMPLE_CLAUSE 20000000
d MEMORY_RSS_ENCODE_LAST_SAMPLE_BYTES 7731023872
d MEMORY_RSS_ENCODE_MAX_SAMPLE_BYTES 7731023872
d MEMORY_GUARD_LIMIT_BYTES 68719476736
d MEMORY_GUARD_RESERVE_BYTES 10737418240
d MEMORY_GUARD_AVAILABLE_BYTES 57960722432
d MEMORY_GUARD_DECISION rss-monitor
d MEMORY_GUARD_REASON rss_available
d DECODE_INT_ASSIGNMENTS 246
d CIRCUIT_CEGAR_FAILURES 0
d CIRCUIT_CEGAR_ROUNDS 0
d CIRCUIT_CEGAR_ADDED_CLAUSES 0
d CUMULATIVE_CEGAR_FAILURES 0
d CUMULATIVE_CEGAR_ROUNDS 0
d CUMULATIVE_CEGAR_ADDED_CLAUSES 0
d COP_CEGAR_FAILURES 0
d COP_CEGAR_ROUNDS 0
d COP_CEGAR_ADDED_CLAUSES 0
d CSV /bench/competition/2022-2025/COP22to25/Wordpress-08-20-500_c24.xml.lzma,sat,375,375,375,0,20116590,20245934,1800072,,,,,,,1,optimal,0,320000,0,320000,0,72,356,268,0,0,0,0,timeout_signal,incumbent_interrupted_by_signal
signal=15; emitted incumbent csv row
