# WCTIME: wall clock time in seconds
WCTIME=1800.17
# CPUTIME: CPU time in seconds (USERTIME+SYSTEMTIME)
CPUTIME=1790.72
# USERTIME: CPU time spent in user mode in seconds
USERTIME=1739.3
# SYSTEMTIME: CPU time spent in system mode in seconds
SYSTEMTIME=51.4194
# CPUUSAGE: CPUTIME/WCTIME in percent
CPUUSAGE=99.4749
# MAXVM: maximum virtual memory used in KiB
MAXVM=3925252
# MAXMM: maximum memory used in KiB
MAXMM=3379120
# MAXRSS: maximum Resident Segment Size in KiB
MAXRSS=3418764
# TIMEOUT: did the solver exceed the time limit?
TIMEOUT=true
# MEMOUT: did the solver exceed the memory limit?
MEMOUT=false
# EXITSTATUS: Exit status of the solver
EXITSTATUS=36608
