# WCTIME: wall clock time in seconds
WCTIME=0.418366
# CPUTIME: CPU time in seconds (USERTIME+SYSTEMTIME)
CPUTIME=0.396937
# USERTIME: CPU time spent in user mode in seconds
USERTIME=0.362942
# SYSTEMTIME: CPU time spent in system mode in seconds
SYSTEMTIME=0.033995
# CPUUSAGE: CPUTIME/WCTIME in percent
CPUUSAGE=94.878
# MAXVM: maximum virtual memory used in KiB
MAXVM=218680
# MAXMM: maximum memory used in KiB
MAXMM=30020
# MAXRSS: maximum Resident Segment Size in KiB
MAXRSS=38600
# TIMEOUT: did the solver exceed the time limit?
TIMEOUT=false
# MEMOUT: did the solver exceed the memory limit?
MEMOUT=false
# EXITSTATUS: Exit status of the solver
EXITSTATUS=0
