# WCTIME: wall clock time in seconds
WCTIME=46.1491
# CPUTIME: CPU time in seconds (USERTIME+SYSTEMTIME)
CPUTIME=45.9055
# USERTIME: CPU time spent in user mode in seconds
USERTIME=45.8624
# SYSTEMTIME: CPU time spent in system mode in seconds
SYSTEMTIME=0.043119
# CPUUSAGE: CPUTIME/WCTIME in percent
CPUUSAGE=99.4722
# MAXVM: maximum virtual memory used in KiB
MAXVM=214796
# MAXMM: maximum memory used in KiB
MAXMM=24688
# MAXRSS: maximum Resident Segment Size in KiB
MAXRSS=21708
# TIMEOUT: did the solver exceed the time limit?
TIMEOUT=false
# MEMOUT: did the solver exceed the memory limit?
MEMOUT=false
# EXITSTATUS: Exit status of the solver
EXITSTATUS=0
