# WCTIME: wall clock time in seconds
WCTIME=1800.15
# CPUTIME: CPU time in seconds (USERTIME+SYSTEMTIME)
CPUTIME=1789.66
# USERTIME: CPU time spent in user mode in seconds
USERTIME=1780.88
# SYSTEMTIME: CPU time spent in system mode in seconds
SYSTEMTIME=8.77758
# CPUUSAGE: CPUTIME/WCTIME in percent
CPUUSAGE=99.4172
# MAXVM: maximum virtual memory used in KiB
MAXVM=1681060
# MAXMM: maximum memory used in KiB
MAXMM=1489716
# MAXRSS: maximum Resident Segment Size in KiB
MAXRSS=1486636
# TIMEOUT: did the solver exceed the time limit?
TIMEOUT=true
# MEMOUT: did the solver exceed the memory limit?
MEMOUT=false
# EXITSTATUS: Exit status of the solver
EXITSTATUS=36608
