c cmd: /host-parser-bin/kat_xcsp_b85de3f1_dirty_logscop_directexpr_norootlp_20260521 /bench/competition/2022-2025/COP22to25/IHTC-i12_c25.xml.lzma --encoder log-scop --cop-objective-cut direct-expr --order-ge-table mdd-tl --no-root-lp-bound --progress
c 00h00m00s | solve:start
c 00h00m00s | input: constraints=3761
c 00h00m00s | stage:propagate:start
c 00h00m00s | stage:propagate:done ms=34 pruned=12828 changed_domains=1545 entailed_tables=148
c 00h00m00s | memory:rss checkpoint=after_propagate bytes=24903680
c 00h00m00s | stage:normalize:start
c 00h00m00s | stage:normalize:done ms=0 high_constraints=3761
c 00h00m00s | stage:lower:start
c 00h00m02s | stage:lower:done ms=2620 lowered=3761 unsupported=0
c 00h00m02s | memory:rss checkpoint=after_lower bytes=124968960
c 00h00m02s | stage:post_lower:start
c 00h00m02s | stage:post_lower:done ms=247 rounds=4252 tightened=8025 removed_cls=205762 removed_lits=37748 unsat=false precise_hits=8135 precise_rounds=2 pivot_recomputes=488609 pivot_exact_attempts=115 pivot_general_attempts=488494 pivot_general_rest_missing=0 pivot_general_bound_missing=0 pivot_general_no_change=488494 pivot_general_tightened=0 setup_ms=127 loop_ms=74 pivot_ms=0 pivot_version_ms=0 pivot_exact_ms=0 pivot_general_ms=0 pivot_general_prepare_ms=0 pivot_general_rest_ms=0 pivot_general_derive_ms=0 apply_ms=35 sat_ms=0 precise_ms=4
c 00h00m02s | memory:rss checkpoint=after_post_lower bytes=200736768
c 00h00m02s | stage:lowered-shape int_vars=18176 bool_vars=79910 linear_atoms=307712 table_atoms=136 table_tuples=25235 table_scope=230 alldiff_atoms=0 circuit_atoms=0 product_atoms=0 logical_clauses=188491
c 00h00m02s | stage:root-lp:skip reason=disabled_by_option ms=0
c 00h00m02s | stage:preencode(log-scop):linear-extprop constraints=103
c 00h00m02s | memory:rss checkpoint=before_preencode bytes=201420800
c 00h00m02s | stage:preencode(log-scop):start
c 00h00m03s | stage:preencode(log-scop):done ms=51 int_vars=18176
c 00h00m03s | memory:rss checkpoint=after_preencode bytes=153653248
c 00h00m03s | memory:rss checkpoint=before_encode bytes=155774976
c 00h00m03s | stage:encode(log-scop):start
c 00h00m03s | memory:rss checkpoint=encode_clause_sample stage=log-scop clauses=1000000 bytes=444178432 interval_clauses=1000000
c 00h00m04s | memory:rss checkpoint=encode_clause_sample stage=log-scop clauses=2000000 bytes=758173696 interval_clauses=1000000
c 00h00m04s | memory:rss checkpoint=encode_clause_sample stage=log-scop clauses=3000000 bytes=849223680 interval_clauses=1000000
c 00h00m04s | stage:encode(log-scop):done ms=1541 sat_vars=2125317 sat_clauses=3057582 ext_ge_specs=0 relaxed_circuits=0 log_scop_pb_constraints=414236 log_scop_pb_mixed=0 log_scop_pb_bdd2=414236 log_scop_pb_bdd3=0 log_scop_pb_sorter=0 log_scop_pb_dadda=0 log_scop_bdd_raw=414236 log_scop_bdd_binary=0 log_scop_bdd_multibase=0
c 00h00m04s | result:unknown reason=encode_failed detail=failed to build cumulative relaxations: missing log SAT code for relaxed cumulative integer id=12095
s UNKNOWN
c reason_code: encode_failed
c reason: failed to build cumulative relaxations: missing log SAT code for relaxed cumulative integer id=12095
d UNKNOWN_REASON encode_failed
d OPTIMAL 0
d SOURCE_CONSTRAINTS 3761
d NORMALIZED_CONSTRAINTS 3761
d LOWERED_CONSTRAINTS 3761
d UNSUPPORTED_CONSTRAINTS 0
d CIRCUIT_CEGAR_FAILURES 0
d CIRCUIT_CEGAR_ROUNDS 0
d CIRCUIT_CEGAR_ADDED_CLAUSES 0
d CUMULATIVE_CEGAR_FAILURES 0
d CUMULATIVE_CEGAR_ROUNDS 0
d CUMULATIVE_CEGAR_ADDED_CLAUSES 0
d COP_CEGAR_FAILURES 0
d COP_CEGAR_ROUNDS 0
d COP_CEGAR_ADDED_CLAUSES 0
d OBJECTIVE_ROUNDS 0
d OBJECTIVE_IMPROVEMENTS 0
d PROPAGATE_MS 34
d NORMALIZE_MS 0
d LOWER_MS 2620
d POST_LOWER_MS 247
d PREENCODE_MS 51
d ENCODE_MS 1541
d SAT_SOLVE_MS 0
d TOTAL_MS 4615
d SAT_VARS 0
d SAT_CLAUSES_BASE 0
d SAT_CLAUSES_FINAL 0
d SAT_CLAUSES_CEGAR_DELTA 0
d LINEAR_INT_EQ_ARITY_STATS {"1":{"count":41739,"max_domain_product_excluding_one_var":"1","p95_domain_product_excluding_one_var":"1"},"2":{"count":205965,"max_domain_product_excluding_one_var":"15","p95_domain_product_excluding_one_var":"2"},"3":{"count":121,"max_domain_product_excluding_one_var":"90","p95_domain_product_excluding_one_var":"84"}}
d LINEAR_INT_NE_ARITY_STATS {"1":{"count":17147,"max_domain_product_excluding_one_var":"1","p95_domain_product_excluding_one_var":"1"}}
d LINEAR_INT_GE_ARITY_STATS {"1":{"count":3860,"max_domain_product_excluding_one_var":"1","p95_domain_product_excluding_one_var":"1"},"2":{"count":38419,"max_domain_product_excluding_one_var":"12","p95_domain_product_excluding_one_var":"9"},"121":{"count":105,"max_domain_product_excluding_one_var":"340282366920938463463374607431768211455","p95_domain_product_excluding_one_var":"340282366920938463463374607431768211455"}}
d LINEAR_BOOL_MIXED_ARITY_STATS {"35":{"count":14,"max_domain_product_excluding_one_var":"17179869184","p95_domain_product_excluding_one_var":"17179869184"},"37":{"count":14,"max_domain_product_excluding_one_var":"68719476736","p95_domain_product_excluding_one_var":"68719476736"},"48":{"count":1,"max_domain_product_excluding_one_var":"140737488355328","p95_domain_product_excluding_one_var":"140737488355328"},"49":{"count":14,"max_domain_product_excluding_one_var":"281474976710656","p95_domain_product_excluding_one_var":"281474976710656"},"121":{"count":27,"max_domain_product_excluding_one_var":"1329227995784915872903807060280344576","p95_domain_product_excluding_one_var":"1329227995784915872903807060280344576"},"122":{"count":104,"max_domain_product_excluding_one_var":"2658455991569831745807614120560689152","p95_domain_product_excluding_one_var":"2658455991569831745807614120560689152"},"123":{"count":104,"max_domain_product_excluding_one_var":"5316911983139663491615228241121378304","p95_domain_product_excluding_one_var":"5316911983139663491615228241121378304"},"124":{"count":78,"max_domain_product_excluding_one_var":"10633823966279326983230456482242756608","p95_domain_product_excluding_one_var":"10633823966279326983230456482242756608"}}
d ROOT_LP_ENTERED 0
d ROOT_LP_STATUS skipped
d ROOT_LP_MS 0
d ROOT_LP_REASON --no-root-lp-bound
d PROPAGATE_PRUNED_VALUES 12828
d PROPAGATE_CHANGED_DOMAINS 1545
d PROPAGATE_ENTAILED_TABLES 148
d POST_LOWER_ROUNDS 4252
d POST_LOWER_TIGHTENED_DOMAINS 8025
d POST_LOWER_REMOVED_CLAUSES 205762
d POST_LOWER_REMOVED_LITS 37748
d POST_LOWER_DETECTED_UNSAT 0
d PREENCODE_INT_VARS 18176
d ENCODE_EXTERNAL_GE_SPECS 0
d ENCODE_RELAXED_CIRCUITS 0
d LOG_SCOP_LINEAR_PB_CONSTRAINTS 414236
d LOG_SCOP_LINEAR_PB_MIXED_DISPATCH_CONSTRAINTS 0
d LOG_SCOP_LINEAR_PB_MIXED_ATTEMPT_BDD 0
d LOG_SCOP_LINEAR_PB_MIXED_ATTEMPT_SORTER 0
d LOG_SCOP_LINEAR_PB_MIXED_ATTEMPT_DADDA 0
d LOG_SCOP_LINEAR_PB_MIXED_REJECT_BDD_BUDGET 0
d LOG_SCOP_LINEAR_PB_MIXED_REJECT_SORTER_BUDGET 0
d LOG_SCOP_LINEAR_PB_MIXED_FALLBACK_BDD_TO_SORTER 0
d LOG_SCOP_LINEAR_PB_MIXED_FALLBACK_BDD_TO_DADDA 0
d LOG_SCOP_LINEAR_PB_MIXED_FALLBACK_SORTER_TO_BDD 0
d LOG_SCOP_LINEAR_PB_MIXED_FALLBACK_SORTER_TO_DADDA 0
d LOG_SCOP_LINEAR_PB_BACKEND_BDD2 414236
d LOG_SCOP_LINEAR_PB_BACKEND_BDD3 0
d LOG_SCOP_LINEAR_PB_BACKEND_SORTER 0
d LOG_SCOP_LINEAR_PB_BACKEND_DADDA 0
d LOG_SCOP_LINEAR_PB_BDD_DECOMPOSITION_RAW 414236
d LOG_SCOP_LINEAR_PB_BDD_DECOMPOSITION_BINARY 0
d LOG_SCOP_LINEAR_PB_BDD_DECOMPOSITION_MULTIBASE 0
d MEMORY_RSS_BYTES 849223680
d MEMORY_RSS_AFTER_PROPAGATE_BYTES 24903680
d MEMORY_RSS_AFTER_LOWER_BYTES 124968960
d MEMORY_RSS_AFTER_POST_LOWER_BYTES 200736768
d MEMORY_RSS_BEFORE_PREENCODE_BYTES 201420800
d MEMORY_RSS_AFTER_PREENCODE_BYTES 153653248
d MEMORY_RSS_BEFORE_ENCODE_BYTES 155774976
d MEMORY_RSS_ENCODE_SAMPLE_INTERVAL_CLAUSES 1000000
d MEMORY_RSS_ENCODE_SAMPLE_COUNT 3
d MEMORY_RSS_ENCODE_LAST_SAMPLE_CLAUSE 3000000
d MEMORY_RSS_ENCODE_LAST_SAMPLE_BYTES 849223680
d MEMORY_RSS_ENCODE_MAX_SAMPLE_BYTES 849223680
d CSV /bench/competition/2022-2025/COP22to25/IHTC-i12_c25.xml.lzma,unknown,3761,3761,3761,0,0,0,4615,34,0,2620,51,1541,0,0,skipped,,,,,,0,,,,,,,encode_failed,failed to build cumulative relaxations: missing log SAT code for relaxed cumulative integer id=12095
