
ACE v2.6 

  instance
    name:HSP-aux-12407_c23
    args:/work/19331804_458/HSP-aux-12407_c23.xml -rr=true -rlog=false -npc=true

 ...Parsing /work/19331804_458/HSP-aux-12407_c23.xml

 ...Loading variables

 ...Loading constraints

  domains
    types:22  values:37,771  sizes:[2:119,8:8,30:1,37:1...294:1,399:58,828:7,1121:7]
  variables
    count:207  omitted:1  auxiliary:176  arrays:[t:8,o:8,d:7,g:7,_ax_:176]  degrees:[1:35,2:137,3:9,4:3...23:1,29:2,30:4,31:2]
  constraints
    count:299  specific:243  generic:56  backtrackable:4  groups:7  arities:[1:23,2:57,3:210,4:7,8:2]
    unary:[Extension1:21]  objective:[ObjVarGE,ObjVarLE]
    non_unary:[Add3EQ:14,AllDifferentComplete:1,CT-Table*:3,DisjonctiveReified:28,Intension:56,Maximum:1,Reif2LE:7,Reif3LE:56,Reif3LT:56,STR0a-Table*:4,Sub2EQ:50]
    tables:[60:1,74:1,86:1,98:1,102:1,158:1,202:1]  tuples:780
    extStructures:(7,shared:0)  intStructures:(1,shared:55)
    wck:0.41  cpu:0.823  mem:201M326
  objective
    way:min  type:ObjVarLE  arity:1  bounds:120..413

 ...Building solver

  solver
    nNotAC:64  reviser:Reviser3  decoder:Decoder1
    wck:0.45  cpu:0.853  mem:226M103

  preprocessing
    effs:135  revisions:(411,useless=411)  entailed:39  values:26,508  removedByAC:11,263  singletons:34  unsat:false
    wck:0.01  cpu:0.863  mem:226M103

  search
 ...Discarding 35 singleton variables
o 413   0.53  ham=0 (0 0 0 0 0 0)  opth=0
    run1  dpts:2..8  robin:PickOnDom-First  effs:6,557  asgs:(73,noefs=0,fails=50)  fails:50  wrgs:61  wck:0.09  ngds:31  sols:1  bounds:120..412
    run2  dpts:1..1  robin:WdegOnDom-Last  effs:8,239  asgs:(51,noefs=0,fails=50)  fails:100  wrgs:111  wck:0.10  ngds:81  sols:1  bounds:120..412
    run3  dpts:8..33  robin:FrbaOnDom-Rand  effs:11,174  asgs:(121,noefs=12,fails=52)  fails:152  wrgs:193  wck:0.12  ngds:85  sols:1  bounds:120..412
    run4  dpts:3..7  robin:Wdeg-First  effs:16,156  asgs:(72,noefs=0,fails=55)  fails:207  wrgs:254  wck:0.14  ngds:98  sols:1  bounds:120..412
    run5  dpts:11..30  robin:PickOnDom-Last  effs:28,301  asgs:(87,noefs=10,fails=57)  fails:264  wrgs:311  wck:0.16  ngds:155  sols:1  bounds:120..412
    run6  dpts:3..6  robin:WdegOnDom-Rand  effs:31,301  asgs:(68,noefs=0,fails=60)  fails:324  wrgs:375  wck:0.17  ngds:174  sols:1  bounds:120..412
    run7  dpts:4..36  robin:FrbaOnDom-First  effs:73,680  asgs:(179,noefs=31,fails=63)  fails:387  wrgs:492  wck:0.21  ngds:176  sols:1  bounds:120..412
    run8  dpts:0..6  robin:Wdeg-Last  effs:83,772  asgs:(91,noefs=0,fails=67)  fails:454  wrgs:575  wck:0.23  ngds:197  sols:1  bounds:120..412
    run9  dpts:3..19  robin:PickOnDom-Rand  effs:95,195  asgs:(105,noefs=7,fails=70)  fails:524  wrgs:655  wck:0.26  ngds:254  sols:1  bounds:120..412
    run10  dpts:1..14  robin:WdegOnDom-First  effs:115,343  asgs:(154,noefs=10,fails=73)  fails:597  wrgs:791  wck:0.29  ngds:261  sols:1  bounds:120..412
    run11  dpts:1..37  robin:FrbaOnDom-Last  effs:129,396  asgs:(199,noefs=22,fails=77)  fails:674  wrgs:907  wck:0.31  ngds:279  sols:1  bounds:120..412
    run12  dpts:4..8  robin:Wdeg-Rand  effs:136,695  asgs:(93,noefs=2,fails=81)  fails:755  wrgs:992  wck:0.33  ngds:358  sols:1  bounds:120..412
    run13  dpts:4..10  robin:PickOnDom-First  effs:147,195  asgs:(108,noefs=8,fails=85)  fails:840  wrgs:1,090  wck:0.34  ngds:391  sols:1  bounds:120..412
 ...Starting SOS
    run14  dpts:1..27  robin:WdegOnDom-Last  effs:196,636  asgs:(281,noefs=63,fails=89)  fails:929  wrgs:1,314  wck:0.41  ngds:406  sols:1  bounds:120..412
    run15  dpts:11..56  robin:FrbaOnDom-Rand  effs:208,429  asgs:(164,noefs=26,fails=94)  fails:1,023  wrgs:1,418  wck:0.43  ngds:489  sols:1  bounds:120..412
    run16  dpts:2..8  robin:Wdeg-First  effs:221,000  asgs:(106,noefs=1,fails=98)  fails:1,121  wrgs:1,519  wck:0.46  ngds:573  sols:1  bounds:120..412
    run17  dpts:3..13  robin:PickOnDom-Last  effs:249,398  asgs:(178,noefs=7,fails=103)  fails:1,224  wrgs:1,671  wck:0.51  ngds:616  sols:1  bounds:120..412
o 403   0.99  ham=100 (6 6 5 5 1 77)  opth=1
o 379   0.99  ham=27 (2 0 2 3 1 19)  opth=1
o 377   0.99  ham=18 (1 0 1 2 1 13)  opth=1
o 374   0.99  ham=18 (1 0 1 2 1 13)  opth=1
o 373   0.99  ham=18 (1 0 1 2 1 13)  opth=1
o 371   0.99  ham=18 (1 0 1 2 1 13)  opth=1
o 366   0.99  ham=35 (3 0 3 4 1 24)  opth=1
o 364   0.99  ham=18 (1 0 1 2 1 13)  opth=1
o 351   0.99  ham=18 (1 0 1 2 1 13)  opth=1
o 328   0.99  ham=51 (5 0 4 5 1 36)  opth=1
o 326   0.99  ham=27 (2 0 2 3 1 19)  opth=1
    run18  dpts:4..17  robin:WdegOnDom-Rand  effs:266,220  asgs:(174,noefs=9,fails=90)  fails:1,314  wrgs:1,786  wck:0.54  ngds:624  sols:12  bounds:120..325
o 321   1.00  ham=55 (6 0 2 2 1 44)  opth=1
    run19  dpts:12..34  robin:FrbaOnDom-First  effs:277,088  asgs:(121,noefs=19,fails=50)  fails:1,364  wrgs:1,883  wck:0.55  ngds:633  sols:13  bounds:120..320
o 320   1.01  ham=94 (5 5 5 5 1 73)  opth=1
o 319   1.01  ham=41 (4 0 2 3 1 31)  opth=1
o 318   1.01  ham=41 (4 0 2 3 1 31)  opth=1
o 317   1.01  ham=41 (4 0 2 3 1 31)  opth=1
o 316   1.01  ham=41 (4 0 2 3 1 31)  opth=1
o 315   1.02  ham=41 (4 0 2 3 1 31)  opth=1
o 314   1.02  ham=41 (4 0 2 3 1 31)  opth=1
o 313   1.02  ham=41 (4 0 2 3 1 31)  opth=1
o 312   1.02  ham=41 (4 0 2 3 1 31)  opth=1
o 311   1.02  ham=41 (4 0 2 3 1 31)  opth=1
o 310   1.02  ham=41 (4 0 2 3 1 31)  opth=1
    run20  dpts:4..13  robin:Wdeg-Last  effs:280,717  asgs:(48,noefs=0,fails=14)  fails:1,378  wrgs:1,901  wck:0.56  ngds:648  sols:24  bounds:120..309
o 286   1.02  ham=53 (5 0 5 6 1 36)  opth=1
o 284   1.02  ham=17 (1 0 1 2 1 12)  opth=1
o 280   1.02  ham=53 (5 0 5 6 1 36)  opth=1
o 275   1.02  ham=43 (4 0 3 4 1 31)  opth=1
o 274   1.02  ham=17 (1 0 1 2 1 12)  opth=1
    run21  dpts:6..15  robin:PickOnDom-Rand  effs:287,390  asgs:(75,noefs=0,fails=50)  fails:1,428  wrgs:1,956  wck:0.57  ngds:689  sols:29  bounds:120..273
    run22  dpts:2..8  robin:WdegOnDom-First  effs:299,590  asgs:(94,noefs=1,fails=50)  fails:1,478  wrgs:2,037  wck:0.59  ngds:695  sols:29  bounds:120..273
    run23  dpts:4..16  robin:FrbaOnDom-Last  effs:315,687  asgs:(115,noefs=7,fails=52)  fails:1,530  wrgs:2,139  wck:0.61  ngds:698  sols:29  bounds:120..273
o 226   1.07  ham=112 (7 5 7 7 1 85)  opth=1
o 224   1.07  ham=19 (1 0 2 2 1 13)  opth=1
o 221   1.07  ham=37 (3 0 4 4 1 25)  opth=1
o 220   1.07  ham=29 (2 0 3 3 1 20)  opth=1
o 219   1.07  ham=29 (2 0 3 3 1 20)  opth=1
o 218   1.07  ham=29 (2 0 3 3 1 20)  opth=1
o 217   1.07  ham=46 (4 0 5 4 1 32)  opth=1
o 216   1.07  ham=29 (2 0 3 3 1 20)  opth=1
o 214   1.08  ham=43 (4 0 3 1 1 34)  opth=1
o 206   1.08  ham=59 (6 0 4 3 1 45)  opth=1
    run24  dpts:2..17  robin:Wdeg-Rand  effs:323,673  asgs:(143,noefs=4,fails=55)  fails:1,585  wrgs:2,232  wck:0.62  ngds:720  sols:39  bounds:120..205
    run25  dpts:4..9  robin:PickOnDom-First  effs:335,868  asgs:(100,noefs=0,fails=50)  fails:1,635  wrgs:2,318  wck:0.64  ngds:727  sols:39  bounds:120..205
    run26  dpts:2..7  robin:WdegOnDom-Last  effs:342,116  asgs:(90,noefs=0,fails=52)  fails:1,687  wrgs:2,405  wck:0.65  ngds:736  sols:39  bounds:120..205
    run27  dpts:2..14  robin:FrbaOnDom-Rand  effs:349,972  asgs:(113,noefs=5,fails=55)  fails:1,742  wrgs:2,493  wck:0.67  ngds:742  sols:39  bounds:120..205
    run28  dpts:1..6  robin:Wdeg-First  effs:357,603  asgs:(92,noefs=0,fails=57)  fails:1,799  wrgs:2,576  wck:0.68  ngds:757  sols:39  bounds:120..205
o 205   1.15  ham=98 (7 7 4 3 1 76)  opth=1
o 204   1.15  ham=55 (6 0 3 1 1 44)  opth=1
o 203   1.15  ham=55 (6 0 3 1 1 44)  opth=1
o 202   1.15  ham=55 (6 0 3 1 1 44)  opth=1
o 201   1.15  ham=55 (6 0 3 1 1 44)  opth=1
o 200   1.15  ham=55 (6 0 3 1 1 44)  opth=1
    run29  dpts:1..10  robin:PickOnDom-Last  effs:368,335  asgs:(125,noefs=1,fails=60)  fails:1,859  wrgs:2,673  wck:0.70  ngds:765  sols:45  bounds:120..199
    run30  dpts:0..4  robin:WdegOnDom-Rand  effs:374,335  asgs:(83,noefs=0,fails=50)  fails:1,909  wrgs:2,748  wck:0.71  ngds:772  sols:45  bounds:120..199
 ...Discarding 3 singleton variables
    run31  dpts:0..6  robin:FrbaOnDom-First  effs:378,104  asgs:(68,noefs=0,fails=43)  fails:1,952  wrgs:2,812  wck:0.72  ngds:772  sols:45  bounds:200..199

  global
    effs:378,104  revisions:(329971,useless=324036)  noefs:245  ngds:772
    stop:FULL_EXPLORATION  wrgs:2,812  bound:200  boundWck:1.147  sols:45  sol1Cpu:0.938
    wck:1.18  cpu:1.575  mem:226M103


  Solution 45 in JSON-like format:
   {
    t: [0, 29, 173, 44, 92, 140, 65, 113],
    o: [0, 1, 7, 2, 4, 6, 3, 5],
    d: [*, 29, 144, 71, 48, 48, 125, 48],
    z: 200,
    g: [29, 144, -129, 48, 48, -75, 48]
   }

s OPTIMUM FOUND

v  <instantiation id='sol45' type='solution' cost='200'> <list> t[] o[] d[] z g[] </list> <values> 0 29 173 44 92 140 65 113   0 1 7 2 4 6 3 5   * 29 144 71 48 48 125 48   200   29 144 -129 48 48 -75 48 </values> </instantiation>

d BOUND  200  (45 sols)

d WRONG DECISIONS  2,812  (3867.95 wrg/s)

d WCK SOL 1  0.53 (413)
d WCK SOL-1  1.15 (200)
d CPU        1.581

d COMPLETE EXPLORATION
