# WCTIME: wall clock time in seconds
WCTIME=0.508047
# CPUTIME: CPU time in seconds (USERTIME+SYSTEMTIME)
CPUTIME=0.089927
# USERTIME: CPU time spent in user mode in seconds
USERTIME=0.07813
# SYSTEMTIME: CPU time spent in system mode in seconds
SYSTEMTIME=0.011797
# CPUUSAGE: CPUTIME/WCTIME in percent
CPUUSAGE=17.7005
# MAXVM: maximum virtual memory used in KiB
MAXVM=211052
# MAXMM: maximum memory used in KiB
MAXMM=6204
# MAXRSS: maximum Resident Segment Size in KiB
MAXRSS=7516
# TIMEOUT: did the solver exceed the time limit?
TIMEOUT=false
# MEMOUT: did the solver exceed the memory limit?
MEMOUT=false
# EXITSTATUS: Exit status of the solver
EXITSTATUS=0
