# WCTIME: wall clock time in seconds
WCTIME=1800.05
# CPUTIME: CPU time in seconds (USERTIME+SYSTEMTIME)
CPUTIME=1793.23
# USERTIME: CPU time spent in user mode in seconds
USERTIME=1792.78
# SYSTEMTIME: CPU time spent in system mode in seconds
SYSTEMTIME=0.457282
# CPUUSAGE: CPUTIME/WCTIME in percent
CPUUSAGE=99.6213
# MAXVM: maximum virtual memory used in KiB
MAXVM=326376
# MAXMM: maximum memory used in KiB
MAXMM=141428
# MAXRSS: maximum Resident Segment Size in KiB
MAXRSS=138288
# TIMEOUT: did the solver exceed the time limit?
TIMEOUT=true
# MEMOUT: did the solver exceed the memory limit?
MEMOUT=false
# EXITSTATUS: Exit status of the solver
EXITSTATUS=36608
