c cmd: /host-parser-bin/kat_xcsp_1173b3f4_local_cop1000_extprop8196_s40 /bench/competition/2022-2025/COP22to25/GeneralizedMKP-0-OR10x250-75-1_c23.xml.lzma --encoder order-ge --order-ge-table mdd-tl --order-ge-eq-ne direct-order --order-ge-direct-eq-ne-max-arity all --order-ge-extprop --order-ge-extprop-min-domain-product 8196 --order-ge-extprop-shorten-strategy balanced-chunks --order-ge-extprop-shorten-max-arity 40 --progress
c 00h00m00s | solve:start
c 00h00m00s | input: constraints=11
c 00h00m00s | stage:propagate:start
c 00h00m00s | stage:propagate:done ms=0 pruned=0 changed_domains=0 entailed_tables=0
c 00h00m00s | stage:normalize:start
c 00h00m00s | stage:normalize:done ms=0 high_constraints=11
c 00h00m00s | stage:lower:start
c 00h00m00s | stage:lower:done ms=134 lowered=11 unsupported=0
c 00h00m00s | stage:post_lower:start
c 00h00m00s | stage:post_lower:done ms=29 rounds=0 tightened=0 removed_cls=0 removed_lits=0 unsat=false precise_hits=0 precise_rounds=1 pivot_recomputes=0 pivot_exact_attempts=0 pivot_general_attempts=0 pivot_general_rest_missing=0 pivot_general_bound_missing=0 pivot_general_no_change=0 pivot_general_tightened=0 setup_ms=28 loop_ms=0 pivot_ms=0 pivot_version_ms=0 pivot_exact_ms=0 pivot_general_ms=0 pivot_general_prepare_ms=0 pivot_general_rest_ms=0 pivot_general_derive_ms=0 apply_ms=0 sat_ms=0 precise_ms=0
c 00h00m00s | stage:preencode(order-ge):start
c 00h00m00s | stage:preencode(order-ge):done ms=10 int_vars=408
c 00h00m00s | stage:encode(order-ge):start
c 00h00m03s | stage:encode(order-ge):done ms=3778 sat_vars=7432582 sat_clauses=7432174 ext_ge_specs=176 relaxed_circuits=0
c 00h00m13s | stage:sat:init solver=CaDiCaL vars=7432582 clauses=7432174
c 00h00m13s | stage:sat:solve:start assumptions=0 phase_lits=0
s UNKNOWN
d SOLVE_ELAPSED_MS 1800054
d CURRENT_STAGE sat
d CURRENT_STAGE_ELAPSED_MS 1786151
d LAST_COMPLETED_STAGE encode(order-ge)
d STAGE_PROPAGATE_STATUS done
d STAGE_NORMALIZE_STATUS done
d STAGE_LOWER_STATUS done
d STAGE_POST_LOWER_STATUS done
d STAGE_PREENCODE_STATUS done
d STAGE_ENCODE_STATUS done
d STAGE_SAT_STATUS running
d STAGE_DECODE_STATUS pending
d STAGE_RELAXATION_STATUS pending
d STAGE_DUMP_CNF_STATUS pending
d SOURCE_CONSTRAINTS 11
d NORMALIZED_CONSTRAINTS 11
d LOWERED_CONSTRAINTS 11
d UNSUPPORTED_CONSTRAINTS 0
d SAT_VARS 7432582
d SAT_CLAUSES_BASE 7432174
d SAT_CLAUSES_FINAL 7432174
d SAT_CLAUSES_CEGAR_DELTA 0
d EXTPROP_CONSTRAINTS 176
d EXTPROP_OBSERVED_VARS 7432582
d EXTPROP_OBSERVED_LITS 7432582
d EXTPROP_OBSERVED_LIT_OCCURRENCES 16557483
d EXTPROP_CALLBACK_CALLS 2446996
d EXTPROP_CALLBACK_NS 1784747159526
d EXTPROP_NOTIFY_ASSIGNMENT_CALLS 151743
d EXTPROP_NOTIFY_ASSIGNMENT_NS 9719276536
d EXTPROP_NOTIFY_ASSIGNMENT_LITS 13444405
d EXTPROP_NOTIFY_NEW_DECISION_LEVEL_CALLS 1070729
d EXTPROP_NOTIFY_NEW_DECISION_LEVEL_NS 310023835
d EXTPROP_NOTIFY_BACKTRACK_CALLS 13
d EXTPROP_NOTIFY_BACKTRACK_NS 1527200075
d EXTPROP_CB_CHECK_FOUND_MODEL_CALLS 0
d EXTPROP_CB_CHECK_FOUND_MODEL_NS 0
d EXTPROP_CB_CHECK_FOUND_MODEL_REJECTS 0
d EXTPROP_CB_DECIDE_CALLS 0
d EXTPROP_CB_DECIDE_NS 0
d EXTPROP_CB_PROPAGATE_CALLS 148868
d EXTPROP_CB_PROPAGATE_NS 1773024289190
d EXTPROP_PROPAGATED_LITS 50281
d EXTPROP_CB_ADD_REASON_CLAUSE_LIT_CALLS 4681
d EXTPROP_CB_ADD_REASON_CLAUSE_LIT_NS 1025745
d EXTPROP_REASON_CLAUSES 50281
d EXTPROP_REASON_CLAUSE_LITS 424246
d EXTPROP_REASON_CLAUSE_MAX_LEN 38
d EXTPROP_CB_HAS_EXTERNAL_CLAUSE_CALLS 1070741
d EXTPROP_CB_HAS_EXTERNAL_CLAUSE_NS 165307223
d EXTPROP_CB_ADD_EXTERNAL_CLAUSE_LIT_CALLS 221
d EXTPROP_CB_ADD_EXTERNAL_CLAUSE_LIT_NS 36922
d EXTPROP_EXTERNAL_CLAUSES 12
d EXTPROP_EXTERNAL_CLAUSE_LITS 209
d EXTPROP_EXTERNAL_CLAUSE_MAX_LEN 32
d EXTPROP_STRONG_REASON_ATTEMPTS 12
d EXTPROP_STRONG_REASON_NS 367997926
d EXTPROP_STRONG_REASON_LIFTS 4
d EXTPROP_STRONG_REASON_DROPPED_TERMS 5
d LINEAR_INT_EQ_ARITY_STATS {"251":{"count":1,"max_domain_product_excluding_one_var":"340282366920938463463374607431768211455","p95_domain_product_excluding_one_var":"340282366920938463463374607431768211455"}}
d LINEAR_INT_NE_ARITY_STATS {}
d LINEAR_INT_GE_ARITY_STATS {"251":{"count":20,"max_domain_product_excluding_one_var":"340282366920938463463374607431768211455","p95_domain_product_excluding_one_var":"340282366920938463463374607431768211455"}}
d LINEAR_BOOL_MIXED_ARITY_STATS {}
d PROPAGATE_PRUNED_VALUES 0
d PROPAGATE_CHANGED_DOMAINS 0
d PROPAGATE_ENTAILED_TABLES 0
d POST_LOWER_ROUNDS 0
d POST_LOWER_TIGHTENED_DOMAINS 0
d POST_LOWER_REMOVED_CLAUSES 0
d POST_LOWER_REMOVED_LITS 0
d POST_LOWER_DETECTED_UNSAT 0
d PREENCODE_INT_VARS 408
d ENCODE_EXTERNAL_GE_SPECS 176
d ENCODE_RELAXED_CIRCUITS 0
d CIRCUIT_CEGAR_FAILURES 0
d CIRCUIT_CEGAR_ROUNDS 0
d CIRCUIT_CEGAR_ADDED_CLAUSES 0
d COP_CEGAR_FAILURES 0
d COP_CEGAR_ROUNDS 0
d COP_CEGAR_ADDED_CLAUSES 0
d CSV /bench/competition/2022-2025/COP22to25/GeneralizedMKP-0-OR10x250-75-1_c23.xml.lzma,unknown,11,11,11,0,7432582,7432174,1800051,,,,,,,,,,,,,,,,,,,,,timeout_signal,terminated_by_signal
signal=15; emitted fallback csv row
