# WCTIME: wall clock time in seconds
WCTIME=0.325047
# CPUTIME: CPU time in seconds (USERTIME+SYSTEMTIME)
CPUTIME=0.269266
# USERTIME: CPU time spent in user mode in seconds
USERTIME=0.248166
# SYSTEMTIME: CPU time spent in system mode in seconds
SYSTEMTIME=0.0211
# CPUUSAGE: CPUTIME/WCTIME in percent
CPUUSAGE=82.8391
# MAXVM: maximum virtual memory used in KiB
MAXVM=216808
# MAXMM: maximum memory used in KiB
MAXMM=30944
# MAXRSS: maximum Resident Segment Size in KiB
MAXRSS=34024
# TIMEOUT: did the solver exceed the time limit?
TIMEOUT=false
# MEMOUT: did the solver exceed the memory limit?
MEMOUT=false
# EXITSTATUS: Exit status of the solver
EXITSTATUS=0
