# WCTIME: wall clock time in seconds
WCTIME=80.8404
# CPUTIME: CPU time in seconds (USERTIME+SYSTEMTIME)
CPUTIME=80.3672
# USERTIME: CPU time spent in user mode in seconds
USERTIME=80.2882
# SYSTEMTIME: CPU time spent in system mode in seconds
SYSTEMTIME=0.078989
# CPUUSAGE: CPUTIME/WCTIME in percent
CPUUSAGE=99.4147
# MAXVM: maximum virtual memory used in KiB
MAXVM=221004
# MAXMM: maximum memory used in KiB
MAXMM=50308
# MAXRSS: maximum Resident Segment Size in KiB
MAXRSS=55180
# TIMEOUT: did the solver exceed the time limit?
TIMEOUT=false
# MEMOUT: did the solver exceed the memory limit?
MEMOUT=false
# EXITSTATUS: Exit status of the solver
EXITSTATUS=0
