# WCTIME: wall clock time in seconds
WCTIME=1800.4
# CPUTIME: CPU time in seconds (USERTIME+SYSTEMTIME)
CPUTIME=1792.33
# USERTIME: CPU time spent in user mode in seconds
USERTIME=1755.31
# SYSTEMTIME: CPU time spent in system mode in seconds
SYSTEMTIME=37.0182
# CPUUSAGE: CPUTIME/WCTIME in percent
CPUUSAGE=99.5519
# MAXVM: maximum virtual memory used in KiB
MAXVM=16622212
# MAXMM: maximum memory used in KiB
MAXMM=15658972
# MAXRSS: maximum Resident Segment Size in KiB
MAXRSS=15656000
# TIMEOUT: did the solver exceed the time limit?
TIMEOUT=true
# MEMOUT: did the solver exceed the memory limit?
MEMOUT=false
# EXITSTATUS: Exit status of the solver
EXITSTATUS=36608
