# WCTIME: wall clock time in seconds
WCTIME=64.5525
# CPUTIME: CPU time in seconds (USERTIME+SYSTEMTIME)
CPUTIME=64.3305
# USERTIME: CPU time spent in user mode in seconds
USERTIME=64.1283
# SYSTEMTIME: CPU time spent in system mode in seconds
SYSTEMTIME=0.202214
# CPUUSAGE: CPUTIME/WCTIME in percent
CPUUSAGE=99.6562
# MAXVM: maximum virtual memory used in KiB
MAXVM=687608
# MAXMM: maximum memory used in KiB
MAXMM=436980
# MAXRSS: maximum Resident Segment Size in KiB
MAXRSS=436980
# TIMEOUT: did the solver exceed the time limit?
TIMEOUT=false
# MEMOUT: did the solver exceed the memory limit?
MEMOUT=false
# EXITSTATUS: Exit status of the solver
EXITSTATUS=0
