# WCTIME: wall clock time in seconds
WCTIME=171.726
# CPUTIME: CPU time in seconds (USERTIME+SYSTEMTIME)
CPUTIME=170.723
# USERTIME: CPU time spent in user mode in seconds
USERTIME=168.568
# SYSTEMTIME: CPU time spent in system mode in seconds
SYSTEMTIME=2.1544
# CPUUSAGE: CPUTIME/WCTIME in percent
CPUUSAGE=99.4159
# MAXVM: maximum virtual memory used in KiB
MAXVM=3175268
# MAXMM: maximum memory used in KiB
MAXMM=2673112
# MAXRSS: maximum Resident Segment Size in KiB
MAXRSS=2670012
# TIMEOUT: did the solver exceed the time limit?
TIMEOUT=false
# MEMOUT: did the solver exceed the memory limit?
MEMOUT=false
# EXITSTATUS: Exit status of the solver
EXITSTATUS=0
