# WCTIME: wall clock time in seconds
WCTIME=83.1473
# CPUTIME: CPU time in seconds (USERTIME+SYSTEMTIME)
CPUTIME=82.76
# USERTIME: CPU time spent in user mode in seconds
USERTIME=82.1149
# SYSTEMTIME: CPU time spent in system mode in seconds
SYSTEMTIME=0.645155
# CPUUSAGE: CPUTIME/WCTIME in percent
CPUUSAGE=99.5343
# MAXVM: maximum virtual memory used in KiB
MAXVM=694704
# MAXMM: maximum memory used in KiB
MAXMM=492748
# MAXRSS: maximum Resident Segment Size in KiB
MAXRSS=492060
# TIMEOUT: did the solver exceed the time limit?
TIMEOUT=false
# MEMOUT: did the solver exceed the memory limit?
MEMOUT=false
# EXITSTATUS: Exit status of the solver
EXITSTATUS=0
