c cmd: /host-parser-bin/kat_xcsp_f2b89728-dirty-mznfull10609-1200-20260620 /bench/2024/hoist-benchmark/hoist-benchmark.mzn --data /bench/2024/hoist-benchmark/PU_2_8_4.dzn --encoder portfolio --portfolio-strategy v3 --cop-pipeline guarded-basic --cop-objective-cut direct-expr --cop-objective-cut-timing incremental-soft --cop-objective-cut-backend cnf --table-encoding mdd-tl --cumulative-mode exact --cumulative-decomposition time-rd --progress --log-scop-linear-pb-backend auto --log-scop-bdd-decomposition auto --log-scop-aggregate-weighted-lits --order-ge-shorten-link-cost --direct-eq-ne-max-arity 2 --eq-ne-encoding direct --portfolio-log-scop-eq-ne-encoding ge-rewrite --cop-objective-phase auto --cop-objective-search trisection --cop-objective-search-fallback-budget 180 --root-lp-bound --root-lp-backend lpo --root-lp-time-limit-secs 60 --ignore-parse-error
c version: kat-cli=0.1.0 git=unknown-clean
c run_start_local: 2026-06-20 22:43:11 +0900
c 00h00m00s | solve:start
c 00h00m00s | stage:objective-cut timing=incremental-soft backend=cnf form=direct-expr
c 00h00m00s | input: constraints=701
c 00h00m00s | stage:propagate:start
c 00h00m00s | stage:propagate:done ms=3 pruned=563 changed_domains=3 entailed_tables=0
c 00h00m00s | memory:rss checkpoint=after_propagate bytes=12562432 rss=11.98MiB
c 00h00m00s | stage:normalize:start
c 00h00m00s | stage:normalize:done ms=0 high_constraints=701
c 00h00m00s | stage:lower:start
c 00h00m00s | stage:lower:progress percent=10 processed=71 total=701 lowered=71 unsupported=0 ms=54
c 00h00m00s | stage:lower:progress percent=20 processed=141 total=701 lowered=141 unsupported=0 ms=59
c 00h00m00s | stage:lower:progress percent=30 processed=211 total=701 lowered=211 unsupported=0 ms=60
c 00h00m00s | stage:lower:progress percent=40 processed=281 total=701 lowered=281 unsupported=0 ms=60
c 00h00m00s | stage:lower:progress percent=50 processed=351 total=701 lowered=351 unsupported=0 ms=61
c 00h00m00s | stage:lower:progress percent=60 processed=421 total=701 lowered=421 unsupported=0 ms=62
c 00h00m00s | stage:lower:progress percent=70 processed=491 total=701 lowered=491 unsupported=0 ms=62
c 00h00m00s | stage:lower:progress percent=80 processed=561 total=701 lowered=561 unsupported=0 ms=63
c 00h00m00s | stage:lower:progress percent=90 processed=631 total=701 lowered=631 unsupported=0 ms=64
c 00h00m00s | stage:lower:progress percent=100 processed=701 total=701 lowered=701 unsupported=0 ms=65
c 00h00m00s | stage:lower:done ms=66 lowered=701 unsupported=0
c 00h00m00s | memory:rss checkpoint=after_lower bytes=13099008 rss=12.49MiB
c 00h00m00s | stage:post_lower:start
c 00h00m00s | stage:post_lower:done ms=5 rounds=21 tightened=22 removed_cls=31 removed_lits=24 unsat=false precise_hits=0 precise_rounds=1 pivot_recomputes=54 pivot_exact_attempts=0 pivot_general_attempts=54 pivot_general_rest_missing=0 pivot_general_bound_missing=0 pivot_general_no_change=52 pivot_general_tightened=2 setup_ms=2 loop_ms=2 pivot_ms=0 pivot_version_ms=0 pivot_exact_ms=0 pivot_general_ms=0 pivot_general_prepare_ms=0 pivot_general_rest_ms=0 pivot_general_derive_ms=0 apply_ms=0 sat_ms=0 precise_ms=0
c 00h00m00s | memory:rss checkpoint=after_post_lower bytes=13910016 rss=13.27MiB
c 00h00m00s | stage:lowered-shape int_vars=123 bool_vars=1200 linear_atoms=23455 table_atoms=0 table_tuples=0 table_scope=0 alldiff_atoms=0 circuit_atoms=0 product_atoms=0 logical_clauses=23578
c 00h00m00s | stage:root-lp:start backend=lpo
c 00h00m09s | stage:root-lp:bound backend=lpo status=optimal objective_value=81 naive_bounds=[81,526] lp_bounds=[81,526] improved=0 rows=2170 vars=1323 lp_rows_singleton_linear=94 lp_rows_disjunctive=2052 lp_rows_table=0 lp_rows_cumulative_energy=0 lp_rows_cumulative_pair=0 lp_rows_cumulative_timetable=0 lp_rows_cumulative_completion=0 lp_rows_cumulative_precedence=0 lp_rows_no_overlap_pair=0 lp_rows_no_overlap_completion=0 lp_rows_no_overlap_precedence=0 lp_rows_no_overlap_2d_energy=0 lp_rows_no_overlap_2d_completion=0 lp_scheduling_payloads_cumulative=0 lp_scheduling_payloads_no_overlap=0 lp_scheduling_cut_rounds=0 lp_scheduling_cut_candidates=0 lp_scheduling_cut_violated=0 lp_scheduling_rows_skipped=0 ms=9493
c 00h00m09s | memory:rss checkpoint=before_preencode bytes=405716992 rss=386.92MiB
c 00h00m09s | stage:preencode(log-scop):start
c 00h00m09s | stage:preencode(log-scop):done ms=1 int_vars=123
c 00h00m09s | memory:rss checkpoint=after_preencode bytes=405786624 rss=386.99MiB
c 00h00m09s | memory:rss checkpoint=before_encode bytes=405786624 rss=386.99MiB
c 00h00m09s | stage:encode(log-scop):start
c 00h00m09s | memory:rss checkpoint=encode_clause_sample stage=log-scop clauses=552825 bytes=406249472 rss=387.43MiB progress_percent=10 processed=2358 total=23579
c 00h00m09s | stage:encode(log-scop):progress percent=10 processed=2358 total=23579 sat_clauses=552825 ms=209
c 00h00m09s | memory:rss checkpoint=encode_clause_sample stage=log-scop clauses=1109100 bytes=406249472 rss=387.43MiB progress_percent=20 processed=4716 total=23579
c 00h00m09s | stage:encode(log-scop):progress percent=20 processed=4716 total=23579 sat_clauses=1109100 ms=416
c 00h00m10s | memory:rss checkpoint=encode_clause_sample stage=log-scop clauses=1667261 bytes=474312704 rss=452.34MiB progress_percent=30 processed=7074 total=23579
c 00h00m10s | stage:encode(log-scop):progress percent=30 processed=7074 total=23579 sat_clauses=1667261 ms=663
c 00h00m10s | memory:rss checkpoint=encode_clause_sample stage=log-scop clauses=2225427 bytes=508542976 rss=484.98MiB progress_percent=40 processed=9432 total=23579
c 00h00m10s | stage:encode(log-scop):progress percent=40 processed=9432 total=23579 sat_clauses=2225427 ms=855
c 00h00m10s | memory:rss checkpoint=encode_clause_sample stage=log-scop clauses=2632499 bytes=773701632 rss=737.86MiB progress_percent=50 processed=11790 total=23579
c 00h00m10s | stage:encode(log-scop):progress percent=50 processed=11790 total=23579 sat_clauses=2632499 ms=1129
c 00h00m10s | memory:rss checkpoint=encode_clause_sample stage=log-scop clauses=2957837 bytes=801406976 rss=764.28MiB progress_percent=60 processed=14148 total=23579
c 00h00m10s | stage:encode(log-scop):progress percent=60 processed=14148 total=23579 sat_clauses=2957837 ms=1253
c 00h00m10s | memory:rss checkpoint=encode_clause_sample stage=log-scop clauses=3367216 bytes=841629696 rss=802.64MiB progress_percent=70 processed=16506 total=23579
c 00h00m10s | stage:encode(log-scop):progress percent=70 processed=16506 total=23579 sat_clauses=3367216 ms=1409
c 00h00m11s | memory:rss checkpoint=encode_clause_sample stage=log-scop clauses=3695241 bytes=875622400 rss=835.06MiB progress_percent=80 processed=18864 total=23579
c 00h00m11s | stage:encode(log-scop):progress percent=80 processed=18864 total=23579 sat_clauses=3695241 ms=1543
c 00h00m11s | memory:rss checkpoint=encode_clause_sample stage=log-scop clauses=4111666 bytes=917925888 rss=875.40MiB progress_percent=90 processed=21222 total=23579
c 00h00m11s | stage:encode(log-scop):progress percent=90 processed=21222 total=23579 sat_clauses=4111666 ms=1707
c 00h00m11s | memory:rss checkpoint=encode_clause_sample stage=log-scop clauses=4282913 bytes=939118592 rss=895.61MiB progress_percent=100 processed=23579 total=23579
c 00h00m11s | stage:encode(log-scop):progress percent=100 processed=23579 total=23579 sat_clauses=4282913 ms=1789
c 00h00m11s | stage:encode(log-scop):done ms=1794 sat_vars=2783023 sat_clauses=4282913 ext_ge_specs=0 relaxed_circuits=0 log_scop_pb_constraints=87383 log_scop_pb_mixed=0 log_scop_pb_bdd2=87383 log_scop_pb_bdd3=0 log_scop_pb_sorter=0 log_scop_pb_dadda=0 log_scop_bdd_raw=87383 log_scop_bdd_binary=0 log_scop_bdd_multibase=0
c 00h00m11s | stage:post-encode(log-scop):start sat_vars=2783023 sat_clauses=4282913 has_relaxations=false external_tables=0
c 00h00m11s | stage:post-encode(log-scop):after-finish-check ms=0
c 00h00m11s | stage:post-encode(log-scop):decode-layout-ready int_symbols=123 ms=2
c 00h00m11s | stage:post-encode(log-scop):cumulative-external-ready has_prop=false ms=2
c 00h00m11s | stage:post-encode(log-scop):log-scop-external-ready has_prop=false ms=2
c 00h00m11s | stage:post-encode(log-scop):external-prop-connected has_prop=false ms=2
c 00h00m11s | stage:post-encode(log-scop):done sat_vars=2783023 sat_clauses=4282913 ms=2
c 00h00m11s | stage:post-encode(log-scop):reusable-ready mode=SoftCnf sat_vars=2783023
c 00h00m11s | stage:objective-external-ge-template(log-scop):start cut=DirectExpr wants_ext_ge=false
c 00h00m11s | stage:objective-external-ge-template(log-scop):done has_template=true ms=0
c 00h00m11s | stage:objective-mode(log-scop):resolved mode=SoftCnf wants_ext_ge=false has_ext_ge_template=true
c 00h00m11s | stage:objective-cut timing=incremental-soft backend=cnf form=direct-expr
c 00h00m11s | stage:objective-encoder(log-scop):ready mode=SoftCnf soft=true sat_vars=2783023
c 00h00m11s | stage:objective-loop:enter encoder=log-scop mode=SoftCnf lower=81 upper=526 has_incumbent=false soft_active=true
c 00h00m11s | stage:sat:round-entry encoder=log-scop assumptions=0 phase_lits=0 sat_vars=2783023 base_clauses=4282913
c 00h00m11s | stage:sat:init solver=CaDiCaL vars=2783023 clauses=4282913
c 00h00m11s | stage:sat:solve:start assumptions=0 phase_lits=0
c 00h00m15s | stage:sat:solve:done ms=3959 result=Sat assumptions=0 phase_lits=0
c 00h00m15s | stage:decode:start
c 00h00m15s | stage:decode:done int_assignments=75
c 00h00m15s | result:Sat
c 00h00m15s | stage:objective-cut-surface(log-scop):start timing=after-incumbent
c 00h00m15s | stage:objective-cut-surface(log-scop):done has_surface=true ms=0
c 00h00m15s | objective:incumbent kind=initial value=437 rounds=1 improvements=0
o 437
c 00h00m15s | stage:objective-loop:enter encoder=log-scop mode=SoftCnf lower=81 upper=526 has_incumbent=true soft_active=true
c 00h00m15s | stage:objective-cut:soft-install bound=318 guard=2783032 clauses_added=11
c 00h00m15s | stage:objective-cut:soft-probe search=trisection [LB,UB] = [81,436] next 318 source=install guard=2783032
c 00h00m15s | stage:sat:round-entry encoder=log-scop assumptions=1 phase_lits=0 sat_vars=2783032 base_clauses=4282924
c 00h00m15s | stage:sat:init solver=CaDiCaL vars=2783032 clauses=4282924
c 00h00m15s | stage:sat:solve:start assumptions=1 phase_lits=0
c 00h00m56s | stage:sat:solve:done ms=41207 result=Sat assumptions=1 phase_lits=0
c 00h00m56s | stage:decode:start
c 00h00m56s | stage:decode:done int_assignments=75
c 00h00m56s | result:Sat
c 00h00m56s | objective:incumbent kind=improvement value=309 rounds=2 improvements=1
o 309
c 00h00m56s | stage:objective-cut:soft-result search=trisection bound=318 result=sat guard=2783032 hard=guard [LB,UB] = [81,308]
c 00h00m56s | stage:objective-loop:enter encoder=log-scop mode=SoftCnf lower=81 upper=526 has_incumbent=true soft_active=true
c 00h00m56s | stage:objective-cut:soft-install bound=233 guard=2783042 clauses_added=15
c 00h00m56s | stage:objective-cut:soft-probe search=trisection [LB,UB] = [81,308] next 233 source=install guard=2783042
c 00h00m56s | stage:sat:round-entry encoder=log-scop assumptions=1 phase_lits=0 sat_vars=2783042 base_clauses=4282940
c 00h00m56s | stage:sat:init solver=CaDiCaL vars=2783042 clauses=4282940
c 00h00m56s | stage:sat:solve:start assumptions=1 phase_lits=0
c 00h01m10s | stage:sat:solve:done ms=13403 result=Unsat assumptions=1 phase_lits=0
c 00h01m10s | result:Unsat
c 00h01m10s | stage:objective-cut:soft-result search=trisection bound=233 result=unsat guard=2783042 hard=-guard [LB,UB] = [234,308]
c 00h01m10s | stage:objective-loop:enter encoder=log-scop mode=SoftCnf lower=234 upper=526 has_incumbent=true soft_active=true
c 00h01m10s | stage:objective-cut:soft-install bound=284 guard=2783050 clauses_added=11
c 00h01m10s | stage:objective-cut:soft-probe search=trisection [LB,UB] = [234,308] next 284 source=install guard=2783050
c 00h01m10s | stage:sat:round-entry encoder=log-scop assumptions=1 phase_lits=0 sat_vars=2783050 base_clauses=4282952
c 00h01m10s | stage:sat:init solver=CaDiCaL vars=2783050 clauses=4282952
c 00h01m10s | stage:sat:solve:start assumptions=1 phase_lits=0
c 00h01m10s | stage:sat:solve:done ms=263 result=Sat assumptions=1 phase_lits=0
c 00h01m10s | stage:decode:start
c 00h01m10s | stage:decode:done int_assignments=75
c 00h01m10s | result:Sat
c 00h01m10s | objective:incumbent kind=improvement value=272 rounds=4 improvements=2
o 272
c 00h01m10s | stage:objective-cut:soft-result search=trisection bound=284 result=sat guard=2783050 hard=guard [LB,UB] = [234,271]
c 00h01m10s | stage:objective-loop:enter encoder=log-scop mode=SoftCnf lower=234 upper=526 has_incumbent=true soft_active=true
c 00h01m10s | stage:objective-cut:soft-install bound=259 guard=2783060 clauses_added=14
c 00h01m10s | stage:objective-cut:soft-probe search=trisection [LB,UB] = [234,271] next 259 source=install guard=2783060
c 00h01m10s | stage:sat:round-entry encoder=log-scop assumptions=1 phase_lits=0 sat_vars=2783060 base_clauses=4282967
c 00h01m10s | stage:sat:init solver=CaDiCaL vars=2783060 clauses=4282967
c 00h01m10s | stage:sat:solve:start assumptions=1 phase_lits=0
c 00h01m12s | stage:sat:solve:done ms=2100 result=Unsat assumptions=1 phase_lits=0
c 00h01m12s | result:Unsat
c 00h01m12s | stage:objective-cut:soft-result search=trisection bound=259 result=unsat guard=2783060 hard=-guard [LB,UB] = [260,271]
c 00h01m12s | stage:objective-loop:enter encoder=log-scop mode=SoftCnf lower=260 upper=526 has_incumbent=true soft_active=true
c 00h01m12s | stage:objective-cut:soft-install bound=268 guard=2783068 clauses_added=10
c 00h01m12s | stage:objective-cut:soft-probe search=trisection [LB,UB] = [260,271] next 268 source=install guard=2783068
c 00h01m12s | stage:sat:round-entry encoder=log-scop assumptions=1 phase_lits=0 sat_vars=2783068 base_clauses=4282978
c 00h01m12s | stage:sat:init solver=CaDiCaL vars=2783068 clauses=4282978
c 00h01m12s | stage:sat:solve:start assumptions=1 phase_lits=0
c 00h01m16s | stage:sat:solve:done ms=3808 result=Unsat assumptions=1 phase_lits=0
c 00h01m16s | result:Unsat
c 00h01m16s | stage:objective-cut:soft-result search=trisection bound=268 result=unsat guard=2783068 hard=-guard [LB,UB] = [269,271]
c 00h01m16s | stage:objective-loop:enter encoder=log-scop mode=SoftCnf lower=269 upper=526 has_incumbent=true soft_active=true
c 00h01m16s | stage:objective-cut:soft-install bound=271 guard=2783078 clauses_added=12
c 00h01m16s | stage:objective-cut:soft-probe search=trisection [LB,UB] = [269,271] next 271 source=install guard=2783078
c 00h01m16s | stage:sat:round-entry encoder=log-scop assumptions=1 phase_lits=0 sat_vars=2783078 base_clauses=4282991
c 00h01m16s | stage:sat:init solver=CaDiCaL vars=2783078 clauses=4282991
c 00h01m16s | stage:sat:solve:start assumptions=1 phase_lits=0
c 00h01m16s | stage:sat:solve:done ms=219 result=Sat assumptions=1 phase_lits=0
c 00h01m16s | stage:decode:start
c 00h01m16s | stage:decode:done int_assignments=75
c 00h01m16s | result:Sat
c 00h01m16s | objective:incumbent kind=improvement value=271 rounds=7 improvements=3
o 271
c 00h01m16s | stage:objective-cut:soft-result search=trisection bound=271 result=sat guard=2783078 hard=guard [LB,UB] = [269,270]
c 00h01m16s | stage:objective-loop:enter encoder=log-scop mode=SoftCnf lower=269 upper=526 has_incumbent=true soft_active=true
c 00h01m16s | stage:objective-cut:soft-install bound=270 guard=2783087 clauses_added=11
c 00h01m16s | stage:objective-cut:soft-probe search=trisection [LB,UB] = [269,270] next 270 source=install guard=2783087
c 00h01m16s | stage:sat:round-entry encoder=log-scop assumptions=1 phase_lits=0 sat_vars=2783087 base_clauses=4283003
c 00h01m16s | stage:sat:init solver=CaDiCaL vars=2783087 clauses=4283003
c 00h01m16s | stage:sat:solve:start assumptions=1 phase_lits=0
c 00h01m17s | stage:sat:solve:done ms=39 result=Sat assumptions=1 phase_lits=0
c 00h01m17s | stage:decode:start
c 00h01m17s | stage:decode:done int_assignments=75
c 00h01m17s | result:Sat
c 00h01m17s | objective:incumbent kind=improvement value=270 rounds=8 improvements=4
o 270
c 00h01m17s | stage:objective-cut:soft-result search=trisection bound=270 result=sat guard=2783087 hard=guard [LB,UB] = [269,269]
c 00h01m17s | stage:objective-loop:enter encoder=log-scop mode=SoftCnf lower=269 upper=526 has_incumbent=true soft_active=true
c 00h01m17s | stage:objective-cut:soft-install bound=269 guard=2783097 clauses_added=13
c 00h01m17s | stage:objective-cut:soft-probe search=trisection [LB,UB] = [269,269] next 269 source=install guard=2783097
c 00h01m17s | stage:sat:round-entry encoder=log-scop assumptions=1 phase_lits=0 sat_vars=2783097 base_clauses=4283017
c 00h01m17s | stage:sat:init solver=CaDiCaL vars=2783097 clauses=4283017
c 00h01m17s | stage:sat:solve:start assumptions=1 phase_lits=0
c 00h01m17s | stage:sat:solve:done ms=76 result=Sat assumptions=1 phase_lits=0
c 00h01m17s | stage:decode:start
c 00h01m17s | stage:decode:done int_assignments=75
c 00h01m17s | result:Sat
c 00h01m17s | objective:incumbent kind=improvement value=269 rounds=9 improvements=5
o 269
c 00h01m17s | stage:objective-cut:soft-result search=trisection bound=269 result=sat guard=2783097 hard=guard [LB,UB] = [268,269]
s OPTIMUM FOUND
o 269
v <instantiation>
v   <list> hoist[0] hoist[1] hoist[2] hoist[3] hoist[4] hoist[5] hoist[6] hoist[7] hoist[8] hoist[9] hoist[10] hoist[11] hoist[12] hoist[13] hoist[14] hoist[15] hoist[16] hoist[17] hoist[18] hoist[19] hoist[20] hoist[21] hoist[22] hoist[23] hoist[24] B[1] B[2] B[3] B[4] B[5] B[6] B[7] B[8] B[9] B[10] B[11] B[12] B[13] B[14] B[15] B[16] B[17] B[18] B[19] B[20] B[21] B[22] B[23] B[24] r[0] r[1] r[2] r[3] r[4] r[5] r[6] r[7] r[8] r[9] r[10] r[11] r[12] r[13] r[14] r[15] r[16] r[17] r[18] r[19] r[20] r[21] r[22] r[23] r[24] objective </list>
v   <values> 1 1 2 2 3 4 3 2 4 3 5 4 4 4 5 5 6 6 6 6 7 7 8 8 8 0 1 0 1 0 0 0 1 0 1 0 0 1 0 1 0 1 0 0 1 0 1 0 0 0 181 24 166 9 64 147 229 27 179 77 194 246 157 269 142 254 40 123 206 20 172 70 187 239 269 </values>
v </instantiation>
d OBJECTIVE_VALUE 269
d OPTIMAL 1
d SOURCE_CONSTRAINTS 701
d NORMALIZED_CONSTRAINTS 701
d LOWERED_CONSTRAINTS 701
d UNSUPPORTED_CONSTRAINTS 0
d CSP_INT_VARS 75
d CSP_CONSTRAINTS 701
d CSP_INTENTIONAL 701
d CSP_GLOBAL 0
d CSP_EXTENSIONAL 0
d CSP_ALLDIFF 0
d CSP_CUMULATIVE 0
d CSP_TABLE 0
d CSP_DOMAIN_SPAN_MEDIAN 7
d CSP_DOMAIN_SPAN_MAX 526
d N_CUMULATIVE 0
d N_TABLE 0
d CIRCUIT_CEGAR_FAILURES 0
d CIRCUIT_CEGAR_ROUNDS 0
d CIRCUIT_CEGAR_ADDED_CLAUSES 0
d CUMULATIVE_CEGAR_FAILURES 0
d CUMULATIVE_CEGAR_ROUNDS 0
d CUMULATIVE_CEGAR_ADDED_CLAUSES 0
d COP_CEGAR_FAILURES 0
d COP_CEGAR_ROUNDS 0
d COP_CEGAR_ADDED_CLAUSES 0
d OBJECTIVE_CUT_TIMING incremental-soft
d OBJECTIVE_CUT_BACKEND cnf
d OBJECTIVE_CUT_FORM direct-expr
d OBJECTIVE_CUT_EAGER_CLAUSES_ADDED 0
d OBJECTIVE_RELAXATION_CLAUSES_ADDED 0
d OBJECTIVE_ROUNDS 9
d OBJECTIVE_IMPROVEMENTS 5
d OBJECTIVE_OPTIMALITY_PROOF domain_bound_reached
d OBJECTIVE_OPTIMALITY_BOUND_SIDE lower
d OBJECTIVE_OPTIMALITY_BOUND_VALUE 269
d PROPAGATE_MS 3
d NORMALIZE_MS 0
d LOWER_MS 66
d POST_LOWER_MS 5
d PREENCODE_MS 1
d ENCODE_MS 1794
d SAT_SOLVE_MS 65074
d TOTAL_MS 77477
d SAT_VARS 2783097
d SAT_CLAUSES_BASE 4283017
d SAT_CLAUSES_FINAL 4283017
d SAT_CLAUSES_CEGAR_DELTA 0
d CSP_INT_VARS 75
d CSP_CONSTRAINTS 701
d CSP_INTENTIONAL 701
d CSP_GLOBAL 0
d CSP_EXTENSIONAL 0
d CSP_ALLDIFF 0
d CSP_CUMULATIVE 0
d CSP_TABLE 0
d CSP_DOMAIN_SPAN_MEDIAN 7
d CSP_DOMAIN_SPAN_MAX 526
d N_CUMULATIVE 0
d N_TABLE 0
d SAT_CONFLICTS 53737
d LINEAR_INT_EQ_ARITY_STATS {"1":{"count":448,"max_domain_product_excluding_one_var":"1","p95_domain_product_excluding_one_var":"1"},"2":{"count":21408,"max_domain_product_excluding_one_var":"5","p95_domain_product_excluding_one_var":"5"}}
d LINEAR_INT_NE_ARITY_STATS {}
d LINEAR_INT_GE_ARITY_STATS {"2":{"count":926,"max_domain_product_excluding_one_var":"527","p95_domain_product_excluding_one_var":"527"},"3":{"count":672,"max_domain_product_excluding_one_var":"277729","p95_domain_product_excluding_one_var":"277729"},"24":{"count":1,"max_domain_product_excluding_one_var":"11920928955078125","p95_domain_product_excluding_one_var":"11920928955078125"}}
d LINEAR_BOOL_MIXED_ARITY_STATS {}
d ROOT_LP_ENTERED 1
d ROOT_LP_STATUS optimal
d OBJECTIVE_NAIVE_LOWER 81
d OBJECTIVE_NAIVE_UPPER 526
d OBJECTIVE_LP_LOWER 81
d OBJECTIVE_LP_UPPER 526
d ROOT_LP_IMPROVED 0
d ROOT_LP_MS 9493
d ROOT_LP_ROWS 2170
d ROOT_LP_VARS 1323
d ROOT_LP_STRUCTURED_OBJECTIVE_TERMS 0
d ROOT_LP_STRUCTURED_OBJECTIVE_AUX_VARS 0
d ROOT_LP_STRUCTURED_OBJECTIVE_ROWS 0
d ROOT_LP_NATIVE_GATE_GE_TOTAL 1599
d ROOT_LP_NATIVE_GATE_EQ_TOTAL 21856
d ROOT_LP_NATIVE_GATE_GE_MAX_ARITY 24
d ROOT_LP_NATIVE_GATE_GE_MAX_DOMAIN_PRODUCT 11920928955078125
d ROOT_LP_NATIVE_GATE_BOOL_MIXED_MAX_ARITY 0
d ROOT_LP_OBJECTIVE_VALUE 81
d OBJECTIVE_CUT_TIMING incremental-soft
d OBJECTIVE_CUT_BACKEND cnf
d OBJECTIVE_CUT_FORM direct-expr
d PROPAGATE_PRUNED_VALUES 563
d PROPAGATE_CHANGED_DOMAINS 3
d PROPAGATE_ENTAILED_TABLES 0
d POST_LOWER_ROUNDS 21
d POST_LOWER_TIGHTENED_DOMAINS 22
d POST_LOWER_REMOVED_CLAUSES 31
d POST_LOWER_REMOVED_LITS 24
d POST_LOWER_DETECTED_UNSAT 0
d PREENCODE_INT_VARS 123
d ENCODE_EXTERNAL_GE_SPECS 0
d ENCODE_RELAXED_CIRCUITS 0
d LOG_SCOP_LINEAR_PB_CONSTRAINTS 87383
d LOG_SCOP_LINEAR_PB_MIXED_DISPATCH_CONSTRAINTS 0
d LOG_SCOP_LINEAR_PB_MIXED_ATTEMPT_BDD 0
d LOG_SCOP_LINEAR_PB_MIXED_ATTEMPT_SORTER 0
d LOG_SCOP_LINEAR_PB_MIXED_ATTEMPT_DADDA 0
d LOG_SCOP_LINEAR_PB_MIXED_REJECT_BDD_BUDGET 0
d LOG_SCOP_LINEAR_PB_MIXED_REJECT_SORTER_BUDGET 0
d LOG_SCOP_LINEAR_PB_MIXED_FALLBACK_BDD_TO_SORTER 0
d LOG_SCOP_LINEAR_PB_MIXED_FALLBACK_BDD_TO_DADDA 0
d LOG_SCOP_LINEAR_PB_MIXED_FALLBACK_SORTER_TO_BDD 0
d LOG_SCOP_LINEAR_PB_MIXED_FALLBACK_SORTER_TO_DADDA 0
d LOG_SCOP_LINEAR_PB_BACKEND_BDD2 87383
d LOG_SCOP_LINEAR_PB_BACKEND_BDD3 0
d LOG_SCOP_LINEAR_PB_BACKEND_SORTER 0
d LOG_SCOP_LINEAR_PB_BACKEND_DADDA 0
d LOG_SCOP_LINEAR_PB_BDD_DECOMPOSITION_RAW 87383
d LOG_SCOP_LINEAR_PB_BDD_DECOMPOSITION_BINARY 0
d LOG_SCOP_LINEAR_PB_BDD_DECOMPOSITION_MULTIBASE 0
d MEMORY_RSS_BYTES 939118592
d MEMORY_RSS_AFTER_PROPAGATE_BYTES 12562432
d MEMORY_RSS_AFTER_LOWER_BYTES 13099008
d MEMORY_RSS_AFTER_POST_LOWER_BYTES 13910016
d MEMORY_RSS_BEFORE_PREENCODE_BYTES 405716992
d MEMORY_RSS_AFTER_PREENCODE_BYTES 405786624
d MEMORY_RSS_BEFORE_ENCODE_BYTES 405786624
d MEMORY_RSS_ENCODE_SAMPLE_INTERVAL_CLAUSES 1000000
d MEMORY_RSS_ENCODE_SAMPLE_COUNT 14
d MEMORY_RSS_ENCODE_LAST_SAMPLE_CLAUSE 4282913
d MEMORY_RSS_ENCODE_LAST_SAMPLE_BYTES 939118592
d MEMORY_RSS_ENCODE_MAX_SAMPLE_BYTES 939118592
d DECODE_INT_ASSIGNMENTS 75
d CSV /bench/2024/hoist-benchmark/hoist-benchmark.mzn,optimum,701,701,701,0,2783097,4283017,77477,3,0,66,1,1794,65074,1,optimal,81,526,81,526,0,9493,2170,1323,0,0,0,81,,
c run_end_local: 2026-06-20 22:44:29 +0900
