
ACE v2.6 

  instance
    name:SolitairePattern-dec2-3-3-2_c24
    args:/work/17416793_7/SolitairePattern-dec2-3-3-2_c24.xml -rr=true -rlog=false -npc=true

 ...Parsing /work/17416793_7/SolitairePattern-dec2-3-3-2_c24.xml

 ...Loading variables

 ...Loading constraints

  domains
    types:2  values:1,770  sizes:[2:429,76:12]
  variables
    count:441  omitted:208  arrays:[x:429,y:12]  degrees:[4:33,5:33,7:363,101:2,102:2,103:8]
  constraints
    count:1,287  converted:1,188  specific:474  generic:813  backtrackable:396  groups:14  arities:[1:66,2:21,3:1188,33:12]
    unary:[Extension1:66]
    non_unary:[CT-Table:396,ExtensionV-Bits:21,ExtensionV-Matrix3D:792,SumSimpleEQBoolean:12]
    tables:[152:396]  tuples:60,192
    extStructures:(167,shared:1042)
    wck:1.10  cpu:1.494  mem:771M751

 ...Building solver

  solver
    nBinary:12  reviser:Reviser3  decoder:Decoder1
    wck:1.19  cpu:1.583  mem:822M83

  preprocessing
    effs:201  revisions:(7610,useless=7496)  entailed:153  values:1,428  removedByAC:342  singletons:109  unsat:false
    wck:0.025  cpu:1.608  mem:822M83

  search
 ...Discarding 109 singleton variables
    run1  dpts:12..19  robin:PickOnDom-First  effs:1,538  asgs:(31,noefs=0,fails=5)  fails:5  wrgs:13  wck:0.04  ngds:3
    run2  dpts:17..20  robin:WdegOnDom-Last  effs:2,462  asgs:(25,noefs=0,fails=5)  fails:10  wrgs:20  wck:0.05  ngds:5
    run3  dpts:12..16  robin:FrbaOnDom-Rand  effs:3,495  asgs:(24,noefs=0,fails=5)  fails:15  wrgs:27  wck:0.07  ngds:9
    run4  dpts:13..17  robin:Wdeg-First  effs:4,622  asgs:(25,noefs=0,fails=5)  fails:20  wrgs:36  wck:0.09  ngds:11
    run5  dpts:21..37  robin:PickOnDom-Last  effs:6,043  asgs:(46,noefs=0,fails=6)  fails:26  wrgs:53  wck:0.11  ngds:15
    run6  dpts:3..11  robin:WdegOnDom-Rand  effs:7,041  asgs:(19,noefs=0,fails=6)  fails:32  wrgs:61  wck:0.12  ngds:21
    run7  dpts:4..9  robin:FrbaOnDom-First  effs:7,816  asgs:(20,noefs=0,fails=6)  fails:38  wrgs:71  wck:0.13  ngds:24
    run8  dpts:2..3  robin:Wdeg-Last  effs:8,156  asgs:(10,noefs=0,fails=7)  fails:45  wrgs:79  wck:0.13  ngds:31
    run9  dpts:15..27  robin:PickOnDom-Rand  effs:9,476  asgs:(36,noefs=0,fails=7)  fails:52  wrgs:91  wck:0.14  ngds:35
    run10  dpts:2..11  robin:WdegOnDom-First  effs:11,316  asgs:(27,noefs=0,fails=7)  fails:59  wrgs:110  wck:0.16  ngds:36
    run11  dpts:27..37  robin:FrbaOnDom-Last  effs:12,858  asgs:(56,noefs=0,fails=8)  fails:67  wrgs:126  wck:0.18  ngds:39
    run12  dpts:2..7  robin:Wdeg-Rand  effs:13,596  asgs:(15,noefs=0,fails=8)  fails:75  wrgs:135  wck:0.19  ngds:46
    run13  dpts:7..11  robin:PickOnDom-First  effs:14,795  asgs:(22,noefs=0,fails=8)  fails:83  wrgs:147  wck:0.20  ngds:49
    run14  dpts:35..44  robin:WdegOnDom-Last  effs:15,993  asgs:(60,noefs=0,fails=9)  fails:92  wrgs:165  wck:0.21  ngds:51
    run15  dpts:11..19  robin:FrbaOnDom-Rand  effs:17,455  asgs:(37,noefs=0,fails=9)  fails:101  wrgs:182  wck:0.22  ngds:54
    run16  dpts:2..4  robin:Wdeg-First  effs:18,366  asgs:(15,noefs=0,fails=10)  fails:111  wrgs:194  wck:0.22  ngds:64
    run17  dpts:43..51  robin:PickOnDom-Last  effs:20,110  asgs:(71,noefs=0,fails=10)  fails:121  wrgs:216  wck:0.24  ngds:65
    run18  dpts:4..6  robin:WdegOnDom-Rand  effs:21,654  asgs:(20,noefs=0,fails=11)  fails:132  wrgs:230  wck:0.24  ngds:74
    run19  dpts:4..22  robin:FrbaOnDom-First  effs:22,334  asgs:(34,noefs=0,fails=12)  fails:144  wrgs:243  wck:0.25  ngds:84
    run20  dpts:2..4  robin:Wdeg-Last  effs:23,087  asgs:(16,noefs=0,fails=12)  fails:156  wrgs:256  wck:0.26  ngds:92
    run21  dpts:2..10  robin:PickOnDom-Rand  effs:24,670  asgs:(23,noefs=0,fails=11)  fails:167  wrgs:269  wck:0.26  ngds:101  sols:1

  global
    effs:24,670  revisions:(357013,useless=347221)  ngds:101
    stop:REACHED_GOAL  wrgs:269  sols:1  sol1Cpu:1.861
    wck:1.48  cpu:1.862  mem:822M83


  Solution 1 in JSON-like format:
   {
    x: [
     [
     [*, *, 1, 1, 1, *, *],
     [*, *, 1, 1, 1, *, *],
     [1, 1, 1, 1, 1, 1, 1],
     [1, 1, 1, 0, 1, 1, 1],
     [1, 1, 1, 1, 1, 1, 1],
     [*, *, 1, 1, 1, *, *],
     [*, *, 1, 1, 1, *, *]
    ],
     [
     [*, *, 1, 1, 1, *, *],
     [*, *, 1, 1, 1, *, *],
     [1, 1, 1, 1, 1, 1, 1],
     [1, 1, 1, 1, 0, 0, 1],
     [1, 1, 1, 1, 1, 1, 1],
     [*, *, 1, 1, 1, *, *],
     [*, *, 1, 1, 1, *, *]
    ],
     [
     [*, *, 1, 1, 1, *, *],
     [*, *, 1, 1, 1, *, *],
     [1, 1, 1, 1, 1, 1, 1],
     [1, 1, 0, 0, 1, 0, 1],
     [1, 1, 1, 1, 1, 1, 1],
     [*, *, 1, 1, 1, *, *],
     [*, *, 1, 1, 1, *, *]
    ],
     [
     [*, *, 1, 1, 1, *, *],
     [*, *, 0, 1, 1, *, *],
     [1, 1, 0, 1, 1, 1, 1],
     [1, 1, 1, 0, 1, 0, 1],
     [1, 1, 1, 1, 1, 1, 1],
     [*, *, 1, 1, 1, *, *],
     [*, *, 1, 1, 1, *, *]
    ],
     [
     [*, *, 1, 1, 1, *, *],
     [*, *, 1, 0, 0, *, *],
     [1, 1, 0, 1, 1, 1, 1],
     [1, 1, 1, 0, 1, 0, 1],
     [1, 1, 1, 1, 1, 1, 1],
     [*, *, 1, 1, 1, *, *],
     [*, *, 1, 1, 1, *, *]
    ],
     [
     [*, *, 1, 1, 1, *, *],
     [*, *, 1, 0, 0, *, *],
     [1, 1, 0, 1, 1, 1, 1],
     [1, 1, 1, 1, 1, 0, 1],
     [1, 1, 1, 0, 1, 1, 1],
     [*, *, 1, 0, 1, *, *],
     [*, *, 1, 1, 1, *, *]
    ],
     [
     [*, *, 1, 1, 1, *, *],
     [*, *, 1, 0, 0, *, *],
     [1, 1, 0, 1, 1, 1, 1],
     [1, 1, 1, 1, 1, 0, 1],
     [1, 0, 0, 1, 1, 1, 1],
     [*, *, 1, 0, 1, *, *],
     [*, *, 1, 1, 1, *, *]
    ],
     [
     [*, *, 1, 1, 1, *, *],
     [*, *, 1, 0, 0, *, *],
     [1, 0, 0, 1, 1, 1, 1],
     [1, 0, 1, 1, 1, 0, 1],
     [1, 1, 0, 1, 1, 1, 1],
     [*, *, 1, 0, 1, *, *],
     [*, *, 1, 1, 1, *, *]
    ],
     [
     [*, *, 1, 1, 1, *, *],
     [*, *, 1, 0, 0, *, *],
     [1, 0, 0, 1, 1, 1, 1],
     [1, 0, 1, 1, 1, 0, 1],
     [1, 1, 1, 0, 0, 1, 1],
     [*, *, 1, 0, 1, *, *],
     [*, *, 1, 1, 1, *, *]
    ],
     [
     [*, *, 1, 1, 1, *, *],
     [*, *, 1, 0, 0, *, *],
     [1, 0, 0, 1, 0, 1, 1],
     [1, 0, 1, 1, 0, 0, 1],
     [1, 1, 1, 0, 1, 1, 1],
     [*, *, 1, 0, 1, *, *],
     [*, *, 1, 1, 1, *, *]
    ],
     [
     [*, *, 1, 1, 1, *, *],
     [*, *, 1, 0, 0, *, *],
     [1, 0, 0, 1, 0, 1, 1],
     [1, 0, 0, 0, 1, 0, 1],
     [1, 1, 1, 0, 1, 1, 1],
     [*, *, 1, 0, 1, *, *],
     [*, *, 1, 1, 1, *, *]
    ],
     [
     [*, *, 1, 1, 1, *, *],
     [*, *, 1, 0, 0, *, *],
     [1, 0, 0, 1, 0, 1, 1],
     [1, 0, 0, 0, 1, 0, 1],
     [1, 1, 1, 1, 0, 0, 1],
     [*, *, 1, 0, 1, *, *],
     [*, *, 1, 1, 1, *, *]
    ],
     [
     [*, *, 1, 1, 1, *, *],
     [*, *, 1, 0, 0, *, *],
     [1, 0, 0, 1, 0, 1, 1],
     [1, 0, 1, 0, 1, 0, 1],
     [1, 1, 0, 1, 0, 0, 1],
     [*, *, 0, 0, 1, *, *],
     [*, *, 1, 1, 1, *, *]
    ]
    ],
    y: [44, 34, 6, 8, 68, 49, 13, 59, 25, 34, 63, 66]
   }

s SATISFIABLE

v  <instantiation id='sol1' type='solution'> <list> x[][][] y[] </list> <values> * * 1x3 *x4 1x3 * * 1x10 0 1x10 * * 1x3 *x4 1x3 *x4 1x3 *x4 1x3 * * 1x11 0 0 1x8 * * 1x3 *x4 1x3 *x4 1x3 *x4 1x3 * * 1x9 0 0 1 0 1x8 * * 1x3 *x4 1x3 *x4 1x3 *x4 0 1 1 * * 1 1 0 1x7 0 1 0 1x8 * * 1x3 *x4 1x3 *x4 1x3 *x4 1 0 0 * * 1 1 0 1x7 0 1 0 1x8 * * 1x3 *x4 1x3 *x4 1x3 *x4 1 0 0 * * 1 1 0 1x9 0 1x4 0 1x3 * * 1 0 1 *x4 1x3 *x4 1x3 *x4 1 0 0 * * 1 1 0 1x9 0 1 1 0 0 1x4 * * 1 0 1 *x4 1x3 *x4 1x3 *x4 1 0 0 * * 1 0 0 1x5 0 1x3 0 1x3 0 1x4 * * 1 0 1 *x4 1x3 *x4 1x3 *x4 1 0 0 * * 1 0 0 1x5 0 1x3 0 1x4 0 0 1 1 * * 1 0 1 *x4 1x3 *x4 1x3 *x4 1 0 0 * * 1 0 0 1 0 1x3 0 1 1 0 0 1x4 0 1x3 * * 1 0 1 *x4 1x3 *x4 1x3 *x4 1 0 0 * * 1 0 0 1 0 1x3 0x3 1 0 1x4 0 1x3 * * 1 0 1 *x4 1x3 *x4 1x3 *x4 1 0 0 * * 1 0 0 1 0 1x3 0x3 1 0 1x5 0 0 1 * * 1 0 1 *x4 1x3 *x4 1x3 *x4 1 0 0 * * 1 0 0 1 0 1x3 0 1 0 1 0 1x3 0 1 0 0 1 * * 0 0 1 *x4 1x3 * *   44 34 6 8 68 49 13 59 25 34 63 66 </values> </instantiation>

d FOUND SOLUTIONS  1

d WRONG DECISIONS  269  (978.18 wrg/s)

d WCK SOL 1  1.48
d WCK SOL-1  1.48
d CPU        1.874

d INCOMPLETE EXPLORATION
