
ACE v2.6 

  instance
    name:Heterosquare-easy-20_c25
    args:/work/17417801_82/Heterosquare-easy-20_c25.xml -rr=true -rlog=false -npc=true

 ...Parsing /work/17417801_82/Heterosquare-easy-20_c25.xml

 ...Loading variables

 ...Loading constraints

  domains
    types:2  values:408,682  sizes:[400:400,5921:42]
  variables
    count:442  arrays:[x:400,rs:20,cs:20,ds:2]  degrees:[2:42,3:358,4:38,5:3,7:1]
  constraints
    count:48  specific:48  backtrackable:1  postponable:1  groups:4  arities:[2:4,21:42,42:1,400:1]
    non_unary:[AllDifferentComplete:1,AllDifferentWeak:1,Sub2LE:4,SumWeightedEQ:42]
    wck:0.41  cpu:0.87  mem:184M549

 ...Building solver

  solver
    nNotAC:43  decoder:Decoder1
    wck:0.47  cpu:0.911  mem:192M549

  preprocessing
    effs:51  values:407,831  removedByAC:851  unsat:false
    wck:0.031  cpu:0.942  mem:192M549

  search
    run1  dpts:15..17  robin:PickOnDom-First  effs:159  asgs:(22,noefs=0,fails=5)  fails:5  wrgs:5  wck:0.17  ngds:5
    run2  dpts:0..291  robin:WdegOnDom-Last  effs:11,450  asgs:(296,noefs=0,fails=5)  fails:10  wrgs:10  wck:0.90  ngds:8
    run3  dpts:-1..399  robin:FrbaOnDom-Rand  effs:12,828  asgs:(399,noefs=0,fails=0)  fails:10  wrgs:10  wck:1.58  ngds:8  sols:1

  global
    effs:12,828  ngds:8
    stop:REACHED_GOAL  wrgs:10  sols:1  sol1Cpu:2.505
    wck:2.09  cpu:2.506  mem:201M326


  Solution 1 in JSON-like format:
   {
    x: [
     [153,  78, 354, 292, 363,  25, 357, 284, 373, 190, 104,   8, 343, 253, 320, 122, 119,  67, 188, 367],
     [233, 195, 340, 358,  97,  69,  74,  87, 171, 389, 115,  15,  30, 372, 176, 283, 255, 165, 267, 377],
     [111, 243,  60,  21,  93,  92,  33, 221,  73, 370, 239, 121, 383, 305, 184,   9, 378, 279, 240,  71],
     [385, 346, 264, 350, 158, 179, 290, 128,  24, 308, 315, 248, 134, 351, 347,  39, 155, 276, 325, 397],
     [241, 278, 110, 150,  84, 349, 391,  88, 376, 257,   7, 300,  27, 235, 227, 164,  81, 130,  65,   2],
     [275, 141, 232,  55, 123,  77, 317, 371,  80, 318,  64,  13, 208, 258, 265, 169, 369, 175, 365, 146],
     [344, 191,  35, 266,  37, 359, 147, 286, 139, 174,  41, 375, 332,  14, 348, 387, 356, 185, 274,   6],
     [168,  49, 366, 220, 395, 398, 204, 303, 327, 137, 172, 107, 250, 234, 336, 133,  61, 116, 131,  26],
     [388, 335,  28, 319, 157, 156, 209, 151, 251, 396, 238, 254, 260,  44, 299, 256,  32, 261, 361, 100],
     [355, 162, 145, 217, 353, 226, 167,  91, 247, 331, 207, 223, 163, 384, 180, 244, 288,  57,   4, 215],
     [310, 338,  66, 231,  46, 272, 200, 198, 202,  79, 211,  51, 143, 323, 259, 144, 102, 212, 316, 218],
     [326, 127,  98, 392, 196, 301,  76, 400,  95, 103,  34, 271, 230, 229, 330, 382, 285, 193, 136,  85],
     [291, 362, 394, 177, 189, 249, 228, 186, 206,  19, 306, 270, 173, 108, 132,  75, 114,  58,  59, 245],
     [ 50, 126, 170, 205, 277,  99, 109, 294,  43,  20, 307, 368, 293,  45, 181, 106, 203, 399, 313, 379],
     [ 16, 152,   1,  38, 341, 321, 210, 197, 304, 194,  47,  40, 380,   5,  17, 160, 295, 342, 298,  42],
     [183, 178, 246,  12, 333, 242, 117, 334,  83,  72, 390,  11, 339, 262, 113, 236,  70, 166, 225, 281],
     [149, 101, 161, 118, 324,  90,  94,  96, 329, 312, 187, 140,  63, 138, 328, 297,  36,  86,  89, 302],
     [237,  56,  52, 148,  31, 124, 192, 269, 159, 135, 129,  48, 287,  82,  53,   3, 142, 199,  68,  10],
     [ 23, 201, 374, 263,  62, 289, 273, 154, 252, 222, 280, 360, 214, 393, 219, 105, 224, 352,  22, 337],
     [182, 282, 322, 216, 345, 386, 120, 309, 213, 112,  29, 381, 311,  18, 125, 296,  54, 314, 364, 268]
    ],
    rs: [4360, 4068, 3526, 5019, 3562, 4021, 4296, 4133, 4495, 4259, 3921, 4289, 3841, 3987, 3400, 3893, 3440, 2424, 4619, 4647],
    cs: [4420, 3941, 3818, 4048, 4004, 4303, 3808, 4447, 3947, 4138, 3422, 3604, 4563, 4053, 4439, 3610, 3619, 4032, 4110, 3874],
    ds: [3429, 3898]
   }

s SATISFIABLE

v  <instantiation id='sol1' type='solution'> <list> x[][] rs[] cs[] ds[] </list> <values> 153 78 354 292 363 25 357 284 373 190 104 8 343 253 320 122 119 67 188 367 233 195 340 358 97 69 74 87 171 389 115 15 30 372 176 283 255 165 267 377 111 243 60 21 93 92 33 221 73 370 239 121 383 305 184 9 378 279 240 71 385 346 264 350 158 179 290 128 24 308 315 248 134 351 347 39 155 276 325 397 241 278 110 150 84 349 391 88 376 257 7 300 27 235 227 164 81 130 65 2 275 141 232 55 123 77 317 371 80 318 64 13 208 258 265 169 369 175 365 146 344 191 35 266 37 359 147 286 139 174 41 375 332 14 348 387 356 185 274 6 168 49 366 220 395 398 204 303 327 137 172 107 250 234 336 133 61 116 131 26 388 335 28 319 157 156 209 151 251 396 238 254 260 44 299 256 32 261 361 100 355 162 145 217 353 226 167 91 247 331 207 223 163 384 180 244 288 57 4 215 310 338 66 231 46 272 200 198 202 79 211 51 143 323 259 144 102 212 316 218 326 127 98 392 196 301 76 400 95 103 34 271 230 229 330 382 285 193 136 85 291 362 394 177 189 249 228 186 206 19 306 270 173 108 132 75 114 58 59 245 50 126 170 205 277 99 109 294 43 20 307 368 293 45 181 106 203 399 313 379 16 152 1 38 341 321 210 197 304 194 47 40 380 5 17 160 295 342 298 42 183 178 246 12 333 242 117 334 83 72 390 11 339 262 113 236 70 166 225 281 149 101 161 118 324 90 94 96 329 312 187 140 63 138 328 297 36 86 89 302 237 56 52 148 31 124 192 269 159 135 129 48 287 82 53 3 142 199 68 10 23 201 374 263 62 289 273 154 252 222 280 360 214 393 219 105 224 352 22 337 182 282 322 216 345 386 120 309 213 112 29 381 311 18 125 296 54 314 364 268   4360 4068 3526 5019 3562 4021 4296 4133 4495 4259 3921 4289 3841 3987 3400 3893 3440 2424 4619 4647   4420 3941 3818 4048 4004 4303 3808 4447 3947 4138 3422 3604 4563 4053 4439 3610 3619 4032 4110 3874   3429 3898 </values> </instantiation>

d FOUND SOLUTIONS  1

d WRONG DECISIONS  10  (6.25 wrg/s)

d WCK SOL 1  2.09
d WCK SOL-1  2.09
d CPU        2.521

d INCOMPLETE EXPLORATION
