
ACE v2.6 

  instance
    name:Subisomorphism-g34-g36_c24
    args:/work/17417139_45/Subisomorphism-g34-g36_c24.xml -rr=true -rlog=false -npc=true

 ...Parsing /work/17417139_45/Subisomorphism-g34-g36_c24.xml

 ...Loading variables

 ...Loading constraints

  domains
    types:1  values:14,400  sizes:[120:120]
  variables
    count:120  arrays:[x:120]  degrees:[9:120]
  constraints
    count:481  specific:481  backtrackable:481  postponable:1  groups:1  arities:[2:480,120:1]
    non_unary:[AllDifferentComplete:1,CT-Table:480]
    tables:[642:480]  tuples:308,160
    extStructures:(1,shared:479)
    wck:0.33  cpu:0.741  mem:184M549

 ...Building solver

  solver
    decoder:Decoder1
    wck:0.38  cpu:0.787  mem:201M326

  preprocessing
    values:14,400  unsat:false
    wck:0.012  cpu:0.8  mem:201M326

  search
    run1  dpts:0..1  robin:PickOnDom-First  effs:944  asgs:(7,noefs=0,fails=5)  fails:5  wrgs:6  wck:0.05  ngds:2
    run2  dpts:1..2  robin:WdegOnDom-Last  effs:2,159  asgs:(8,noefs=0,fails=5)  fails:10  wrgs:13  wck:0.09  ngds:7
    run3  dpts:0..1  robin:FrbaOnDom-Rand  effs:3,249  asgs:(7,noefs=0,fails=5)  fails:15  wrgs:19  wck:0.12  ngds:10
    run4  dpts:0..1  robin:Wdeg-First  effs:4,004  asgs:(6,noefs=0,fails=5)  fails:20  wrgs:25  wck:0.14  ngds:10
    run5  dpts:1..2  robin:PickOnDom-Last  effs:5,135  asgs:(8,noefs=0,fails=6)  fails:26  wrgs:32  wck:0.17  ngds:14
    run6  dpts:1..2  robin:WdegOnDom-Rand  effs:6,927  asgs:(8,noefs=0,fails=6)  fails:32  wrgs:39  wck:0.20  ngds:19
    run7  dpts:0..1  robin:FrbaOnDom-First  effs:8,027  asgs:(8,noefs=0,fails=6)  fails:38  wrgs:47  wck:0.22  ngds:19
    run8  dpts:1..2  robin:Wdeg-Last  effs:9,143  asgs:(9,noefs=0,fails=7)  fails:45  wrgs:54  wck:0.24  ngds:26
    run9  dpts:0..1  robin:PickOnDom-Rand  effs:10,542  asgs:(10,noefs=0,fails=7)  fails:52  wrgs:63  wck:0.26  ngds:28
    run10  dpts:0..1  robin:WdegOnDom-First  effs:11,725  asgs:(9,noefs=0,fails=7)  fails:59  wrgs:72  wck:0.28  ngds:28
    run11  dpts:1..2  robin:FrbaOnDom-Last  effs:13,216  asgs:(11,noefs=0,fails=8)  fails:67  wrgs:82  wck:0.30  ngds:36
    run12  dpts:0..2  robin:Wdeg-Rand  effs:14,603  asgs:(11,noefs=0,fails=8)  fails:75  wrgs:91  wck:0.33  ngds:40
    run13  dpts:0..1  robin:PickOnDom-First  effs:15,993  asgs:(11,noefs=0,fails=8)  fails:83  wrgs:101  wck:0.35  ngds:41
    run14  dpts:1..2  robin:WdegOnDom-Last  effs:17,821  asgs:(12,noefs=0,fails=9)  fails:92  wrgs:112  wck:0.38  ngds:49
    run15  dpts:1..2  robin:FrbaOnDom-Rand  effs:20,149  asgs:(13,noefs=0,fails=9)  fails:101  wrgs:123  wck:0.41  ngds:55
    run16  dpts:0..1  robin:Wdeg-First  effs:21,938  asgs:(13,noefs=0,fails=10)  fails:111  wrgs:136  wck:0.44  ngds:55
    run17  dpts:1..2  robin:PickOnDom-Last  effs:23,634  asgs:(13,noefs=0,fails=10)  fails:121  wrgs:148  wck:0.47  ngds:65
    run18  dpts:0..2  robin:WdegOnDom-Rand  effs:26,316  asgs:(15,noefs=0,fails=11)  fails:132  wrgs:162  wck:0.51  ngds:71
    run19  dpts:0..1  robin:FrbaOnDom-First  effs:28,508  asgs:(16,noefs=0,fails=12)  fails:144  wrgs:178  wck:0.54  ngds:71
    run20  dpts:1..2  robin:Wdeg-Last  effs:30,841  asgs:(15,noefs=0,fails=12)  fails:156  wrgs:192  wck:0.58  ngds:82
    run21  dpts:0..2  robin:PickOnDom-Rand  effs:33,067  asgs:(16,noefs=0,fails=13)  fails:169  wrgs:207  wck:0.61  ngds:88
    run22  dpts:0..1  robin:WdegOnDom-First  effs:35,342  asgs:(17,noefs=0,fails=13)  fails:182  wrgs:224  wck:0.65  ngds:88
    run23  dpts:0..2  robin:FrbaOnDom-Last  effs:37,979  asgs:(18,noefs=0,fails=14)  fails:196  wrgs:242  wck:0.69  ngds:88
    run24  dpts:0..2  robin:Wdeg-Rand  effs:41,113  asgs:(19,noefs=0,fails=15)  fails:211  wrgs:260  wck:0.73  ngds:93
    run25  dpts:0..2  robin:PickOnDom-First  effs:44,149  asgs:(22,noefs=0,fails=16)  fails:227  wrgs:281  wck:0.79  ngds:95
    run26  dpts:0..3  robin:WdegOnDom-Last  effs:48,039  asgs:(23,noefs=0,fails=16)  fails:243  wrgs:302  wck:0.84  ngds:99
    run27  dpts:0..2  robin:FrbaOnDom-Rand  effs:51,018  asgs:(22,noefs=0,fails=17)  fails:260  wrgs:323  wck:0.89  ngds:106
    run28  dpts:0..2  robin:Wdeg-First  effs:54,282  asgs:(21,noefs=0,fails=18)  fails:278  wrgs:343  wck:0.93  ngds:119
    run29  dpts:0..2  robin:PickOnDom-Last  effs:58,268  asgs:(26,noefs=0,fails=19)  fails:297  wrgs:368  wck:0.99  ngds:125
 ...resetting heuristics data (nValues:14,350 - nSingletons:0 - nEntailed:0)
    run30  dpts:0..3  robin:WdegOnDom-Rand  effs:61,649  asgs:(27,noefs=0,fails=20)  fails:317  wrgs:393  wck:1.04  ngds:137
    run31  dpts:0..3  robin:FrbaOnDom-First  effs:65,874  asgs:(29,noefs=0,fails=21)  fails:338  wrgs:421  wck:1.11  ngds:143
    run32  dpts:0..2  robin:Wdeg-Last  effs:70,842  asgs:(29,noefs=0,fails=22)  fails:360  wrgs:449  wck:1.18  ngds:143
    run33  dpts:0..1  robin:PickOnDom-Rand  effs:75,766  asgs:(31,noefs=0,fails=23)  fails:383  wrgs:480  wck:1.26  ngds:143
    run34  dpts:0..3  robin:WdegOnDom-First  effs:81,339  asgs:(35,noefs=0,fails=25)  fails:408  wrgs:513  wck:1.34  ngds:152
    run35  dpts:0..3  robin:FrbaOnDom-Last  effs:87,226  asgs:(34,noefs=0,fails=26)  fails:434  wrgs:545  wck:1.42  ngds:155
    run36  dpts:1..1  robin:Wdeg-Rand  effs:90,343  asgs:(28,noefs=0,fails=27)  fails:461  wrgs:572  wck:1.46  ngds:182
    run37  dpts:0..3  robin:PickOnDom-First  effs:95,764  asgs:(36,noefs=0,fails=28)  fails:489  wrgs:606  wck:1.54  ngds:186
    run38  dpts:0..2  robin:WdegOnDom-Last  effs:101,586  asgs:(39,noefs=0,fails=30)  fails:519  wrgs:644  wck:1.62  ngds:187
    run39  dpts:0..2  robin:FrbaOnDom-Rand  effs:108,156  asgs:(37,noefs=0,fails=31)  fails:550  wrgs:680  wck:1.71  ngds:199
    run40  dpts:0..2  robin:Wdeg-First  effs:113,218  asgs:(38,noefs=0,fails=33)  fails:583  wrgs:717  wck:1.78  ngds:209
    run41  dpts:0..2  robin:PickOnDom-Last  effs:118,767  asgs:(39,noefs=0,fails=35)  fails:618  wrgs:755  wck:1.86  ngds:218
    run42  dpts:0..2  robin:WdegOnDom-Rand  effs:124,285  asgs:(39,noefs=0,fails=36)  fails:654  wrgs:793  wck:1.93  ngds:236
    run43  dpts:0..3  robin:FrbaOnDom-First  effs:131,575  asgs:(48,noefs=0,fails=38)  fails:692  wrgs:840  wck:2.03  ngds:236
    run44  dpts:0..2  robin:Wdeg-Last  effs:139,288  asgs:(52,noefs=0,fails=40)  fails:732  wrgs:891  wck:2.14  ngds:237
    run45  dpts:0..3  robin:PickOnDom-Rand  effs:145,986  asgs:(51,noefs=0,fails=42)  fails:774  wrgs:940  wck:2.24  ngds:253
    run46  dpts:0..2  robin:WdegOnDom-First  effs:154,460  asgs:(56,noefs=0,fails=44)  fails:818  wrgs:995  wck:2.36  ngds:260
    run47  dpts:0..2  robin:FrbaOnDom-Last  effs:164,351  asgs:(60,noefs=0,fails=47)  fails:865  wrgs:1,054  wck:2.50  ngds:269
    run48  dpts:0..2  robin:Wdeg-Rand  effs:173,201  asgs:(59,noefs=0,fails=49)  fails:914  wrgs:1,112  wck:2.62  ngds:277
    run49  dpts:0..2  robin:PickOnDom-First  effs:183,957  asgs:(67,noefs=0,fails=52)  fails:966  wrgs:1,179  wck:2.77  ngds:277
    run50  dpts:0..2  robin:WdegOnDom-Last  effs:194,599  asgs:(66,noefs=0,fails=54)  fails:1,020  wrgs:1,244  wck:2.91  ngds:281
    run51  dpts:0..2  robin:FrbaOnDom-Rand  effs:203,877  asgs:(64,noefs=0,fails=57)  fails:1,077  wrgs:1,307  wck:3.03  ngds:281
    run52  dpts:0..1  robin:Wdeg-First  effs:212,760  asgs:(65,noefs=0,fails=60)  fails:1,137  wrgs:1,371  wck:3.14  ngds:285
    run53  dpts:0..2  robin:PickOnDom-Last  effs:226,452  asgs:(81,noefs=0,fails=63)  fails:1,200  wrgs:1,452  wck:3.33  ngds:285
    run54  dpts:0..2  robin:WdegOnDom-Rand  effs:240,383  asgs:(84,noefs=0,fails=66)  fails:1,266  wrgs:1,535  wck:3.53  ngds:287
    run55  dpts:0..2  robin:FrbaOnDom-First  effs:252,407  asgs:(84,noefs=0,fails=69)  fails:1,335  wrgs:1,617  wck:3.69  ngds:296
    run56  dpts:0..3  robin:Wdeg-Last  effs:262,352  asgs:(79,noefs=0,fails=73)  fails:1,408  wrgs:1,694  wck:3.81  ngds:308
    run57  dpts:0..2  robin:PickOnDom-Rand  effs:278,887  asgs:(100,noefs=0,fails=76)  fails:1,484  wrgs:1,793  wck:4.04  ngds:308
    run58  dpts:0..3  robin:WdegOnDom-First  effs:292,266  asgs:(92,noefs=0,fails=80)  fails:1,564  wrgs:1,882  wck:4.22  ngds:313
    run59  dpts:0..1  robin:FrbaOnDom-Last  effs:307,293  asgs:(84,noefs=0,fails=62)  fails:1,626  wrgs:1,966  wck:4.42  ngds:313

  global
    effs:307,293  ngds:313
    stop:FULL_EXPLORATION  wrgs:1,966
    wck:4.82  cpu:5.203  mem:218M103

s UNSATISFIABLE

d FOUND SOLUTIONS  0

d WRONG DECISIONS  1,966  (444.19 wrg/s)

d CPU        5.205

d COMPLETE EXPLORATION
