# WCTIME: wall clock time in seconds
WCTIME=146.139
# CPUTIME: CPU time in seconds (USERTIME+SYSTEMTIME)
CPUTIME=144.517
# USERTIME: CPU time spent in user mode in seconds
USERTIME=140.091
# SYSTEMTIME: CPU time spent in system mode in seconds
SYSTEMTIME=4.42638
# CPUUSAGE: CPUTIME/WCTIME in percent
CPUUSAGE=98.89
# MAXVM: maximum virtual memory used in KiB
MAXVM=7497184
# MAXMM: maximum memory used in KiB
MAXMM=6442732
# MAXRSS: maximum Resident Segment Size in KiB
MAXRSS=6487536
# TIMEOUT: did the solver exceed the time limit?
TIMEOUT=false
# MEMOUT: did the solver exceed the memory limit?
MEMOUT=false
# EXITSTATUS: Exit status of the solver
EXITSTATUS=0
