# WCTIME: wall clock time in seconds
WCTIME=2.74421
# CPUTIME: CPU time in seconds (USERTIME+SYSTEMTIME)
CPUTIME=7.36968
# USERTIME: CPU time spent in user mode in seconds
USERTIME=7.14488
# SYSTEMTIME: CPU time spent in system mode in seconds
SYSTEMTIME=0.224803
# CPUUSAGE: CPUTIME/WCTIME in percent
CPUUSAGE=268.554
# MAXVM: maximum virtual memory used in KiB
MAXVM=3103492
# MAXMM: maximum memory used in KiB
MAXMM=186148
# MAXRSS: maximum Resident Segment Size in KiB
MAXRSS=188392
# TIMEOUT: did the solver exceed the time limit?
TIMEOUT=false
# MEMOUT: did the solver exceed the memory limit?
MEMOUT=false
# EXITSTATUS: Exit status of the solver
EXITSTATUS=0
