# WCTIME: wall clock time in seconds
WCTIME=1800.19
# CPUTIME: CPU time in seconds (USERTIME+SYSTEMTIME)
CPUTIME=1761.93
# USERTIME: CPU time spent in user mode in seconds
USERTIME=1755.45
# SYSTEMTIME: CPU time spent in system mode in seconds
SYSTEMTIME=6.47813
# CPUUSAGE: CPUTIME/WCTIME in percent
CPUUSAGE=97.8746
# MAXVM: maximum virtual memory used in KiB
MAXVM=3577716
# MAXMM: maximum memory used in KiB
MAXMM=2933308
# MAXRSS: maximum Resident Segment Size in KiB
MAXRSS=2931120
# TIMEOUT: did the solver exceed the time limit?
TIMEOUT=true
# MEMOUT: did the solver exceed the memory limit?
MEMOUT=false
# EXITSTATUS: Exit status of the solver
EXITSTATUS=36608
