# WCTIME: wall clock time in seconds
WCTIME=2.53751
# CPUTIME: CPU time in seconds (USERTIME+SYSTEMTIME)
CPUTIME=2.51111
# USERTIME: CPU time spent in user mode in seconds
USERTIME=2.49353
# SYSTEMTIME: CPU time spent in system mode in seconds
SYSTEMTIME=0.017581
# CPUUSAGE: CPUTIME/WCTIME in percent
CPUUSAGE=98.9599
# MAXVM: maximum virtual memory used in KiB
MAXVM=211044
# MAXMM: maximum memory used in KiB
MAXMM=16060
# MAXRSS: maximum Resident Segment Size in KiB
MAXRSS=13516
# TIMEOUT: did the solver exceed the time limit?
TIMEOUT=false
# MEMOUT: did the solver exceed the memory limit?
MEMOUT=false
# EXITSTATUS: Exit status of the solver
EXITSTATUS=0
