c cmd: /host-parser-bin/kat_xcsp_1173b3f4_local_cop1000_extprop8196_s40 /bench/competition/2022-2025/COP22to25/StillLife-12-18_c24.xml.lzma --encoder order-ge --order-ge-table mdd-tl --order-ge-eq-ne direct-order --order-ge-direct-eq-ne-max-arity all --order-ge-extprop --order-ge-extprop-min-domain-product 8196 --order-ge-extprop-shorten-strategy balanced-chunks --order-ge-extprop-shorten-max-arity 40 --progress
c 00h00m00s | solve:start
c 00h00m00s | input: constraints=484
c 00h00m00s | stage:propagate:start
c 00h00m00s | stage:propagate:done ms=2 pruned=0 changed_domains=0 entailed_tables=0
c 00h00m00s | stage:normalize:start
c 00h00m00s | stage:normalize:done ms=0 high_constraints=484
c 00h00m00s | stage:lower:start
c 00h00m00s | stage:lower:done ms=4 lowered=484 unsupported=0
c 00h00m00s | stage:post_lower:start
c 00h00m00s | stage:post_lower:done ms=3 rounds=56 tightened=56 removed_cls=0 removed_lits=0 unsat=false precise_hits=2040 precise_rounds=1 pivot_recomputes=272 pivot_exact_attempts=272 pivot_general_attempts=0 pivot_general_rest_missing=0 pivot_general_bound_missing=0 pivot_general_no_change=0 pivot_general_tightened=0 setup_ms=0 loop_ms=0 pivot_ms=0 pivot_version_ms=0 pivot_exact_ms=0 pivot_general_ms=0 pivot_general_prepare_ms=0 pivot_general_rest_ms=0 pivot_general_derive_ms=0 apply_ms=0 sat_ms=0 precise_ms=2
c 00h00m00s | stage:preencode(order-ge):start
c 00h00m00s | stage:preencode(order-ge):done ms=1 int_vars=432
c 00h00m00s | stage:encode(order-ge):start
c 00h00m00s | stage:encode(order-ge):done ms=26 sat_vars=11168 sat_clauses=41140 ext_ge_specs=0 relaxed_circuits=0
c 00h00m00s | stage:sat:init solver=CaDiCaL vars=11168 clauses=41140
c 00h00m00s | stage:sat:solve:start assumptions=0 phase_lits=0
c 00h00m00s | stage:sat:solve:done ms=4 result=Sat assumptions=0 phase_lits=0
c 00h00m00s | stage:decode:start
c 00h00m00s | stage:decode:done int_assignments=432
c 00h00m00s | result:Sat
c 00h00m00s | objective:incumbent kind=initial value=0 rounds=1 improvements=0
o 0
c 00h00m00s | solve:start
c 00h00m00s | input: constraints=485
c 00h00m00s | stage:propagate:start
c 00h00m00s | stage:propagate:done ms=1 pruned=0 changed_domains=0 entailed_tables=0
c 00h00m00s | stage:normalize:start
c 00h00m00s | stage:normalize:done ms=0 high_constraints=485
c 00h00m00s | stage:lower:start
c 00h00m00s | stage:lower:done ms=9 lowered=485 unsupported=0
c 00h00m00s | stage:post_lower:start
c 00h00m00s | stage:post_lower:done ms=3 rounds=56 tightened=56 removed_cls=0 removed_lits=0 unsat=false precise_hits=2040 precise_rounds=1 pivot_recomputes=272 pivot_exact_attempts=272 pivot_general_attempts=0 pivot_general_rest_missing=0 pivot_general_bound_missing=0 pivot_general_no_change=0 pivot_general_tightened=0 setup_ms=0 loop_ms=0 pivot_ms=0 pivot_version_ms=0 pivot_exact_ms=0 pivot_general_ms=0 pivot_general_prepare_ms=0 pivot_general_rest_ms=0 pivot_general_derive_ms=0 apply_ms=0 sat_ms=0 precise_ms=2
c 00h00m00s | stage:preencode(order-ge):start
c 00h00m00s | stage:preencode(order-ge):done ms=1 int_vars=438
c 00h00m00s | stage:encode(order-ge):start
c 00h00m00s | stage:encode(order-ge):done ms=24 sat_vars=11391 sat_clauses=41357 ext_ge_specs=7 relaxed_circuits=0
c 00h00m00s | stage:sat:init solver=CaDiCaL vars=11391 clauses=41357
c 00h00m00s | stage:sat:solve:start assumptions=0 phase_lits=0
c 00h00m00s | stage:sat:solve:done ms=166 result=Sat assumptions=0 phase_lits=0
c 00h00m00s | stage:decode:start
c 00h00m00s | stage:decode:done int_assignments=432
c 00h00m00s | result:Sat
c 00h00m00s | objective:incumbent kind=improvement value=92 rounds=2 improvements=1
o 92
c 00h00m00s | solve:start
c 00h00m00s | input: constraints=486
c 00h00m00s | stage:propagate:start
c 00h00m00s | stage:propagate:done ms=1 pruned=0 changed_domains=0 entailed_tables=0
c 00h00m00s | stage:normalize:start
c 00h00m00s | stage:normalize:done ms=0 high_constraints=486
c 00h00m00s | stage:lower:start
c 00h00m00s | stage:lower:done ms=14 lowered=486 unsupported=0
c 00h00m00s | stage:post_lower:start
c 00h00m00s | stage:post_lower:done ms=4 rounds=56 tightened=56 removed_cls=0 removed_lits=0 unsat=false precise_hits=2040 precise_rounds=1 pivot_recomputes=272 pivot_exact_attempts=272 pivot_general_attempts=0 pivot_general_rest_missing=0 pivot_general_bound_missing=0 pivot_general_no_change=0 pivot_general_tightened=0 setup_ms=1 loop_ms=0 pivot_ms=0 pivot_version_ms=0 pivot_exact_ms=0 pivot_general_ms=0 pivot_general_prepare_ms=0 pivot_general_rest_ms=0 pivot_general_derive_ms=0 apply_ms=0 sat_ms=0 precise_ms=2
c 00h00m00s | stage:preencode(order-ge):start
c 00h00m00s | stage:preencode(order-ge):done ms=2 int_vars=438
c 00h00m00s | stage:encode(order-ge):start
c 00h00m00s | stage:encode(order-ge):done ms=22 sat_vars=11392 sat_clauses=41358 ext_ge_specs=8 relaxed_circuits=0
c 00h00m00s | stage:sat:init solver=CaDiCaL vars=11392 clauses=41358
c 00h00m00s | stage:sat:solve:start assumptions=0 phase_lits=0
c 00h00m00s | stage:sat:solve:done ms=190 result=Sat assumptions=0 phase_lits=0
c 00h00m00s | stage:decode:start
c 00h00m00s | stage:decode:done int_assignments=432
c 00h00m00s | result:Sat
c 00h00m00s | objective:incumbent kind=improvement value=96 rounds=3 improvements=2
o 96
c 00h00m00s | solve:start
c 00h00m00s | input: constraints=487
c 00h00m00s | stage:propagate:start
c 00h00m00s | stage:propagate:done ms=2 pruned=0 changed_domains=0 entailed_tables=0
c 00h00m00s | stage:normalize:start
c 00h00m00s | stage:normalize:done ms=0 high_constraints=487
c 00h00m00s | stage:lower:start
c 00h00m00s | stage:lower:done ms=18 lowered=487 unsupported=0
c 00h00m00s | stage:post_lower:start
c 00h00m00s | stage:post_lower:done ms=4 rounds=56 tightened=56 removed_cls=0 removed_lits=0 unsat=false precise_hits=2040 precise_rounds=1 pivot_recomputes=272 pivot_exact_attempts=272 pivot_general_attempts=0 pivot_general_rest_missing=0 pivot_general_bound_missing=0 pivot_general_no_change=0 pivot_general_tightened=0 setup_ms=2 loop_ms=0 pivot_ms=0 pivot_version_ms=0 pivot_exact_ms=0 pivot_general_ms=0 pivot_general_prepare_ms=0 pivot_general_rest_ms=0 pivot_general_derive_ms=0 apply_ms=0 sat_ms=0 precise_ms=2
c 00h00m00s | stage:preencode(order-ge):start
c 00h00m00s | stage:preencode(order-ge):done ms=2 int_vars=438
c 00h00m00s | stage:encode(order-ge):start
c 00h00m00s | stage:encode(order-ge):done ms=22 sat_vars=11393 sat_clauses=41359 ext_ge_specs=9 relaxed_circuits=0
c 00h00m00s | stage:sat:init solver=CaDiCaL vars=11393 clauses=41359
c 00h00m00s | stage:sat:solve:start assumptions=0 phase_lits=0
c 00h00m00s | stage:sat:solve:done ms=203 result=Sat assumptions=0 phase_lits=0
c 00h00m00s | stage:decode:start
c 00h00m00s | stage:decode:done int_assignments=432
c 00h00m00s | result:Sat
c 00h00m00s | objective:incumbent kind=improvement value=98 rounds=4 improvements=3
o 98
c 00h00m00s | solve:start
c 00h00m00s | input: constraints=488
c 00h00m00s | stage:propagate:start
c 00h00m00s | stage:propagate:done ms=2 pruned=0 changed_domains=0 entailed_tables=0
c 00h00m00s | stage:normalize:start
c 00h00m00s | stage:normalize:done ms=0 high_constraints=488
c 00h00m00s | stage:lower:start
c 00h00m00s | stage:lower:done ms=23 lowered=488 unsupported=0
c 00h00m00s | stage:post_lower:start
c 00h00m00s | stage:post_lower:done ms=4 rounds=56 tightened=56 removed_cls=0 removed_lits=0 unsat=false precise_hits=2040 precise_rounds=1 pivot_recomputes=272 pivot_exact_attempts=272 pivot_general_attempts=0 pivot_general_rest_missing=0 pivot_general_bound_missing=0 pivot_general_no_change=0 pivot_general_tightened=0 setup_ms=2 loop_ms=0 pivot_ms=0 pivot_version_ms=0 pivot_exact_ms=0 pivot_general_ms=0 pivot_general_prepare_ms=0 pivot_general_rest_ms=0 pivot_general_derive_ms=0 apply_ms=0 sat_ms=0 precise_ms=2
c 00h00m00s | stage:preencode(order-ge):start
c 00h00m00s | stage:preencode(order-ge):done ms=2 int_vars=438
c 00h00m00s | stage:encode(order-ge):start
c 00h00m00s | stage:encode(order-ge):done ms=22 sat_vars=11394 sat_clauses=41360 ext_ge_specs=10 relaxed_circuits=0
c 00h00m00s | stage:sat:init solver=CaDiCaL vars=11394 clauses=41360
c 00h00m00s | stage:sat:solve:start assumptions=0 phase_lits=0
c 00h00m12s | stage:sat:solve:done ms=12823 result=Sat assumptions=0 phase_lits=0
c 00h00m12s | stage:decode:start
c 00h00m12s | stage:decode:done int_assignments=432
c 00h00m12s | result:Sat
c 00h00m13s | objective:incumbent kind=improvement value=99 rounds=5 improvements=4
o 99
c 00h00m00s | solve:start
c 00h00m00s | input: constraints=489
c 00h00m00s | stage:propagate:start
c 00h00m00s | stage:propagate:done ms=2 pruned=0 changed_domains=0 entailed_tables=0
c 00h00m00s | stage:normalize:start
c 00h00m00s | stage:normalize:done ms=0 high_constraints=489
c 00h00m00s | stage:lower:start
c 00h00m00s | stage:lower:done ms=28 lowered=489 unsupported=0
c 00h00m00s | stage:post_lower:start
c 00h00m00s | stage:post_lower:done ms=5 rounds=56 tightened=56 removed_cls=0 removed_lits=0 unsat=false precise_hits=2040 precise_rounds=1 pivot_recomputes=272 pivot_exact_attempts=272 pivot_general_attempts=0 pivot_general_rest_missing=0 pivot_general_bound_missing=0 pivot_general_no_change=0 pivot_general_tightened=0 setup_ms=3 loop_ms=0 pivot_ms=0 pivot_version_ms=0 pivot_exact_ms=0 pivot_general_ms=0 pivot_general_prepare_ms=0 pivot_general_rest_ms=0 pivot_general_derive_ms=0 apply_ms=0 sat_ms=0 precise_ms=2
c 00h00m00s | stage:preencode(order-ge):start
c 00h00m00s | stage:preencode(order-ge):done ms=2 int_vars=438
c 00h00m00s | stage:encode(order-ge):start
c 00h00m00s | stage:encode(order-ge):done ms=22 sat_vars=11395 sat_clauses=41361 ext_ge_specs=11 relaxed_circuits=0
c 00h00m00s | stage:sat:init solver=CaDiCaL vars=11395 clauses=41361
c 00h00m00s | stage:sat:solve:start assumptions=0 phase_lits=0
c 00h00m00s | stage:sat:solve:done ms=460 result=Sat assumptions=0 phase_lits=0
c 00h00m00s | stage:decode:start
c 00h00m00s | stage:decode:done int_assignments=432
c 00h00m00s | result:Sat
c 00h00m14s | objective:incumbent kind=improvement value=100 rounds=6 improvements=5
o 100
c 00h00m00s | solve:start
c 00h00m00s | input: constraints=490
c 00h00m00s | stage:propagate:start
c 00h00m00s | stage:propagate:done ms=2 pruned=0 changed_domains=0 entailed_tables=0
c 00h00m00s | stage:normalize:start
c 00h00m00s | stage:normalize:done ms=0 high_constraints=490
c 00h00m00s | stage:lower:start
c 00h00m00s | stage:lower:done ms=33 lowered=490 unsupported=0
c 00h00m00s | stage:post_lower:start
c 00h00m00s | stage:post_lower:done ms=6 rounds=56 tightened=56 removed_cls=0 removed_lits=0 unsat=false precise_hits=2040 precise_rounds=1 pivot_recomputes=272 pivot_exact_attempts=272 pivot_general_attempts=0 pivot_general_rest_missing=0 pivot_general_bound_missing=0 pivot_general_no_change=0 pivot_general_tightened=0 setup_ms=3 loop_ms=0 pivot_ms=0 pivot_version_ms=0 pivot_exact_ms=0 pivot_general_ms=0 pivot_general_prepare_ms=0 pivot_general_rest_ms=0 pivot_general_derive_ms=0 apply_ms=0 sat_ms=0 precise_ms=2
c 00h00m00s | stage:preencode(order-ge):start
c 00h00m00s | stage:preencode(order-ge):done ms=2 int_vars=438
c 00h00m00s | stage:encode(order-ge):start
c 00h00m00s | stage:encode(order-ge):done ms=22 sat_vars=11396 sat_clauses=41362 ext_ge_specs=12 relaxed_circuits=0
c 00h00m00s | stage:sat:init solver=CaDiCaL vars=11396 clauses=41362
c 00h00m00s | stage:sat:solve:start assumptions=0 phase_lits=0
c 00h00m07s | stage:sat:solve:done ms=7408 result=Sat assumptions=0 phase_lits=0
c 00h00m07s | stage:decode:start
c 00h00m07s | stage:decode:done int_assignments=432
c 00h00m07s | result:Sat
c 00h00m21s | objective:incumbent kind=improvement value=102 rounds=7 improvements=6
o 102
c 00h00m00s | solve:start
c 00h00m00s | input: constraints=491
c 00h00m00s | stage:propagate:start
c 00h00m00s | stage:propagate:done ms=2 pruned=0 changed_domains=0 entailed_tables=0
c 00h00m00s | stage:normalize:start
c 00h00m00s | stage:normalize:done ms=0 high_constraints=491
c 00h00m00s | stage:lower:start
c 00h00m00s | stage:lower:done ms=37 lowered=491 unsupported=0
c 00h00m00s | stage:post_lower:start
c 00h00m00s | stage:post_lower:done ms=6 rounds=56 tightened=56 removed_cls=0 removed_lits=0 unsat=false precise_hits=2040 precise_rounds=1 pivot_recomputes=272 pivot_exact_attempts=272 pivot_general_attempts=0 pivot_general_rest_missing=0 pivot_general_bound_missing=0 pivot_general_no_change=0 pivot_general_tightened=0 setup_ms=4 loop_ms=0 pivot_ms=0 pivot_version_ms=0 pivot_exact_ms=0 pivot_general_ms=0 pivot_general_prepare_ms=0 pivot_general_rest_ms=0 pivot_general_derive_ms=0 apply_ms=0 sat_ms=0 precise_ms=2
c 00h00m00s | stage:preencode(order-ge):start
c 00h00m00s | stage:preencode(order-ge):done ms=3 int_vars=438
c 00h00m00s | stage:encode(order-ge):start
c 00h00m00s | stage:encode(order-ge):done ms=22 sat_vars=11397 sat_clauses=41363 ext_ge_specs=13 relaxed_circuits=0
c 00h00m00s | stage:sat:init solver=CaDiCaL vars=11397 clauses=41363
c 00h00m00s | stage:sat:solve:start assumptions=0 phase_lits=0
c 00h23m54s | stage:sat:solve:done ms=1434203 result=Sat assumptions=0 phase_lits=0
c 00h23m54s | stage:decode:start
c 00h23m54s | stage:decode:done int_assignments=432
c 00h23m54s | result:Sat
c 00h24m15s | objective:incumbent kind=improvement value=103 rounds=8 improvements=7
o 103
c 00h00m00s | solve:start
c 00h00m00s | input: constraints=492
c 00h00m00s | stage:propagate:start
c 00h00m00s | stage:propagate:done ms=2 pruned=0 changed_domains=0 entailed_tables=0
c 00h00m00s | stage:normalize:start
c 00h00m00s | stage:normalize:done ms=0 high_constraints=492
c 00h00m00s | stage:lower:start
c 00h00m00s | stage:lower:done ms=42 lowered=492 unsupported=0
c 00h00m00s | stage:post_lower:start
c 00h00m00s | stage:post_lower:done ms=7 rounds=56 tightened=56 removed_cls=0 removed_lits=0 unsat=false precise_hits=2040 precise_rounds=1 pivot_recomputes=272 pivot_exact_attempts=272 pivot_general_attempts=0 pivot_general_rest_missing=0 pivot_general_bound_missing=0 pivot_general_no_change=0 pivot_general_tightened=0 setup_ms=5 loop_ms=0 pivot_ms=0 pivot_version_ms=0 pivot_exact_ms=0 pivot_general_ms=0 pivot_general_prepare_ms=0 pivot_general_rest_ms=0 pivot_general_derive_ms=0 apply_ms=0 sat_ms=0 precise_ms=2
c 00h00m00s | stage:preencode(order-ge):start
c 00h00m00s | stage:preencode(order-ge):done ms=3 int_vars=438
c 00h00m00s | stage:encode(order-ge):start
c 00h00m00s | stage:encode(order-ge):done ms=22 sat_vars=11398 sat_clauses=41364 ext_ge_specs=14 relaxed_circuits=0
c 00h00m00s | stage:sat:init solver=CaDiCaL vars=11398 clauses=41364
c 00h00m00s | stage:sat:solve:start assumptions=0 phase_lits=0
c 00h02m21s | stage:sat:solve:done ms=141907 result=Sat assumptions=0 phase_lits=0
c 00h02m21s | stage:decode:start
c 00h02m21s | stage:decode:done int_assignments=432
c 00h02m21s | result:Sat
c 00h26m37s | objective:incumbent kind=improvement value=104 rounds=9 improvements=8
o 104
c 00h00m00s | solve:start
c 00h00m00s | input: constraints=493
c 00h00m00s | stage:propagate:start
c 00h00m00s | stage:propagate:done ms=2 pruned=0 changed_domains=0 entailed_tables=0
c 00h00m00s | stage:normalize:start
c 00h00m00s | stage:normalize:done ms=0 high_constraints=493
c 00h00m00s | stage:lower:start
c 00h00m00s | stage:lower:done ms=46 lowered=493 unsupported=0
c 00h00m00s | stage:post_lower:start
c 00h00m00s | stage:post_lower:done ms=7 rounds=56 tightened=56 removed_cls=0 removed_lits=0 unsat=false precise_hits=2040 precise_rounds=1 pivot_recomputes=272 pivot_exact_attempts=272 pivot_general_attempts=0 pivot_general_rest_missing=0 pivot_general_bound_missing=0 pivot_general_no_change=0 pivot_general_tightened=0 setup_ms=5 loop_ms=0 pivot_ms=0 pivot_version_ms=0 pivot_exact_ms=0 pivot_general_ms=0 pivot_general_prepare_ms=0 pivot_general_rest_ms=0 pivot_general_derive_ms=0 apply_ms=0 sat_ms=0 precise_ms=2
c 00h00m00s | stage:preencode(order-ge):start
c 00h00m00s | stage:preencode(order-ge):done ms=3 int_vars=438
c 00h00m00s | stage:encode(order-ge):start
c 00h00m00s | stage:encode(order-ge):done ms=22 sat_vars=11399 sat_clauses=41365 ext_ge_specs=15 relaxed_circuits=0
c 00h00m00s | stage:sat:init solver=CaDiCaL vars=11399 clauses=41365
c 00h00m00s | stage:sat:solve:start assumptions=0 phase_lits=0
s SATISFIABLE
o 104
v <instantiation>
v   <list> x[0][0] x[0][1] x[0][2] x[0][3] x[0][4] x[0][5] x[0][6] x[0][7] x[0][8] x[0][9] x[0][10] x[0][11] x[0][12] x[0][13] x[0][14] x[0][15] x[0][16] x[0][17] x[1][0] x[1][1] x[1][2] x[1][3] x[1][4] x[1][5] x[1][6] x[1][7] x[1][8] x[1][9] x[1][10] x[1][11] x[1][12] x[1][13] x[1][14] x[1][15] x[1][16] x[1][17] x[2][0] x[2][1] x[2][2] x[2][3] x[2][4] x[2][5] x[2][6] x[2][7] x[2][8] x[2][9] x[2][10] x[2][11] x[2][12] x[2][13] x[2][14] x[2][15] x[2][16] x[2][17] x[3][0] x[3][1] x[3][2] x[3][3] x[3][4] x[3][5] x[3][6] x[3][7] x[3][8] x[3][9] x[3][10] x[3][11] x[3][12] x[3][13] x[3][14] x[3][15] x[3][16] x[3][17] x[4][0] x[4][1] x[4][2] x[4][3] x[4][4] x[4][5] x[4][6] x[4][7] x[4][8] x[4][9] x[4][10] x[4][11] x[4][12] x[4][13] x[4][14] x[4][15] x[4][16] x[4][17] x[5][0] x[5][1] x[5][2] x[5][3] x[5][4] x[5][5] x[5][6] x[5][7] x[5][8] x[5][9] x[5][10] x[5][11] x[5][12] x[5][13] x[5][14] x[5][15] x[5][16] x[5][17] x[6][0] x[6][1] x[6][2] x[6][3] x[6][4] x[6][5] x[6][6] x[6][7] x[6][8] x[6][9] x[6][10] x[6][11] x[6][12] x[6][13] x[6][14] x[6][15] x[6][16] x[6][17] x[7][0] x[7][1] x[7][2] x[7][3] x[7][4] x[7][5] x[7][6] x[7][7] x[7][8] x[7][9] x[7][10] x[7][11] x[7][12] x[7][13] x[7][14] x[7][15] x[7][16] x[7][17] x[8][0] x[8][1] x[8][2] x[8][3] x[8][4] x[8][5] x[8][6] x[8][7] x[8][8] x[8][9] x[8][10] x[8][11] x[8][12] x[8][13] x[8][14] x[8][15] x[8][16] x[8][17] x[9][0] x[9][1] x[9][2] x[9][3] x[9][4] x[9][5] x[9][6] x[9][7] x[9][8] x[9][9] x[9][10] x[9][11] x[9][12] x[9][13] x[9][14] x[9][15] x[9][16] x[9][17] x[10][0] x[10][1] x[10][2] x[10][3] x[10][4] x[10][5] x[10][6] x[10][7] x[10][8] x[10][9] x[10][10] x[10][11] x[10][12] x[10][13] x[10][14] x[10][15] x[10][16] x[10][17] x[11][0] x[11][1] x[11][2] x[11][3] x[11][4] x[11][5] x[11][6] x[11][7] x[11][8] x[11][9] x[11][10] x[11][11] x[11][12] x[11][13] x[11][14] x[11][15] x[11][16] x[11][17] a[0][0] a[0][1] a[0][2] a[0][3] a[0][4] a[0][5] a[0][6] a[0][7] a[0][8] a[0][9] a[0][10] a[0][11] a[0][12] a[0][13] a[0][14] a[0][15] a[0][16] a[0][17] a[1][0] a[1][1] a[1][2] a[1][3] a[1][4] a[1][5] a[1][6] a[1][7] a[1][8] a[1][9] a[1][10] a[1][11] a[1][12] a[1][13] a[1][14] a[1][15] a[1][16] a[1][17] a[2][0] a[2][1] a[2][2] a[2][3] a[2][4] a[2][5] a[2][6] a[2][7] a[2][8] a[2][9] a[2][10] a[2][11] a[2][12] a[2][13] a[2][14] a[2][15] a[2][16] a[2][17] a[3][0] a[3][1] a[3][2] a[3][3] a[3][4] a[3][5] a[3][6] a[3][7] a[3][8] a[3][9] a[3][10] a[3][11] a[3][12] a[3][13] a[3][14] a[3][15] a[3][16] a[3][17] a[4][0] a[4][1] a[4][2] a[4][3] a[4][4] a[4][5] a[4][6] a[4][7] a[4][8] a[4][9] a[4][10] a[4][11] a[4][12] a[4][13] a[4][14] a[4][15] a[4][16] a[4][17] a[5][0] a[5][1] a[5][2] a[5][3] a[5][4] a[5][5] a[5][6] a[5][7] a[5][8] a[5][9] a[5][10] a[5][11] a[5][12] a[5][13] a[5][14] a[5][15] a[5][16] a[5][17] a[6][0] a[6][1] a[6][2] a[6][3] a[6][4] a[6][5] a[6][6] a[6][7] a[6][8] a[6][9] a[6][10] a[6][11] a[6][12] a[6][13] a[6][14] a[6][15] a[6][16] a[6][17] a[7][0] a[7][1] a[7][2] a[7][3] a[7][4] a[7][5] a[7][6] a[7][7] a[7][8] a[7][9] a[7][10] a[7][11] a[7][12] a[7][13] a[7][14] a[7][15] a[7][16] a[7][17] a[8][0] a[8][1] a[8][2] a[8][3] a[8][4] a[8][5] a[8][6] a[8][7] a[8][8] a[8][9] a[8][10] a[8][11] a[8][12] a[8][13] a[8][14] a[8][15] a[8][16] a[8][17] a[9][0] a[9][1] a[9][2] a[9][3] a[9][4] a[9][5] a[9][6] a[9][7] a[9][8] a[9][9] a[9][10] a[9][11] a[9][12] a[9][13] a[9][14] a[9][15] a[9][16] a[9][17] a[10][0] a[10][1] a[10][2] a[10][3] a[10][4] a[10][5] a[10][6] a[10][7] a[10][8] a[10][9] a[10][10] a[10][11] a[10][12] a[10][13] a[10][14] a[10][15] a[10][16] a[10][17] a[11][0] a[11][1] a[11][2] a[11][3] a[11][4] a[11][5] a[11][6] a[11][7] a[11][8] a[11][9] a[11][10] a[11][11] a[11][12] a[11][13] a[11][14] a[11][15] a[11][16] a[11][17] </list>
v   <values> 1 1 0 0 1 1 0 1 1 0 1 1 0 1 1 0 1 1 1 0 0 1 0 1 0 1 0 0 0 1 1 0 1 0 1 0 0 1 0 1 0 1 0 0 1 1 0 0 0 0 1 0 0 1 1 1 0 1 0 1 1 0 1 0 1 1 1 0 1 1 1 1 0 1 0 1 0 0 0 0 1 0 0 0 0 1 0 0 0 0 1 0 0 1 1 1 1 0 1 0 1 1 0 1 0 0 1 1 1 0 1 0 0 0 0 1 0 1 0 1 0 1 0 1 0 1 0 1 0 1 1 0 1 0 0 1 0 1 0 1 0 1 0 0 0 0 0 1 0 1 1 0 1 0 0 1 0 0 1 0 1 0 0 0 0 1 0 0 0 0 1 1 0 1 0 0 0 1 0 1 1 1 0 1 0 1 1 0 0 1 0 1 0 1 0 1 0 1 1 1 0 1 1 0 1 1 0 0 0 0 1 1 0 1 1 0 2 2 2 2 3 2 4 2 2 2 2 3 4 3 2 4 2 2 3 4 4 2 6 3 5 3 5 4 4 3 3 5 3 5 3 4 4 3 5 2 6 3 5 4 3 3 4 5 4 5 3 6 5 3 3 3 6 2 5 2 2 4 3 5 2 2 2 4 3 3 3 2 4 3 5 3 6 5 4 5 2 5 4 5 5 3 4 4 5 4 2 4 4 3 3 2 2 4 3 4 3 2 5 2 4 2 3 2 2 4 3 5 5 5 4 3 4 3 6 3 6 2 5 2 5 2 2 2 4 3 3 4 3 4 4 2 5 2 5 2 5 3 4 2 1 1 4 3 5 3 2 4 3 4 5 2 4 2 3 4 3 2 2 2 4 2 5 4 4 4 3 3 5 2 4 2 4 3 5 2 3 3 5 3 5 3 3 4 4 2 4 2 5 2 5 3 6 2 3 3 4 2 3 4 3 2 2 1 2 2 3 2 4 2 3 2 </values>
v </instantiation>
d OBJECTIVE_VALUE 104
d OPTIMAL 0
d OBJECTIVE_ROUNDS 9
d OBJECTIVE_IMPROVEMENTS 8
d COP_INCUMBENT_ELAPSED_MS 1597940
d SOLVE_ELAPSED_MS 202133
d CURRENT_STAGE sat
d CURRENT_STAGE_ELAPSED_MS 202048
d LAST_COMPLETED_STAGE encode(order-ge)
d STAGE_PROPAGATE_STATUS done
d STAGE_NORMALIZE_STATUS done
d STAGE_LOWER_STATUS done
d STAGE_POST_LOWER_STATUS done
d STAGE_PREENCODE_STATUS done
d STAGE_ENCODE_STATUS done
d STAGE_SAT_STATUS running
d STAGE_DECODE_STATUS pending
d STAGE_RELAXATION_STATUS pending
d STAGE_DUMP_CNF_STATUS pending
d SOURCE_CONSTRAINTS 493
d NORMALIZED_CONSTRAINTS 493
d LOWERED_CONSTRAINTS 493
d UNSUPPORTED_CONSTRAINTS 0
d SAT_VARS 11399
d SAT_CLAUSES_BASE 41365
d SAT_CLAUSES_FINAL 41365
d SAT_CLAUSES_CEGAR_DELTA 0
d EXTPROP_CONSTRAINTS 15
d EXTPROP_OBSERVED_VARS 447
d EXTPROP_OBSERVED_LITS 447
d EXTPROP_OBSERVED_LIT_OCCURRENCES 2391
d EXTPROP_CALLBACK_CALLS 21275779
d EXTPROP_CALLBACK_NS 111026569820
d EXTPROP_NOTIFY_ASSIGNMENT_CALLS 6120619
d EXTPROP_NOTIFY_ASSIGNMENT_NS 7253706421
d EXTPROP_NOTIFY_ASSIGNMENT_LITS 11187557
d EXTPROP_NOTIFY_NEW_DECISION_LEVEL_CALLS 1365632
d EXTPROP_NOTIFY_NEW_DECISION_LEVEL_NS 386647884
d EXTPROP_NOTIFY_BACKTRACK_CALLS 418400
d EXTPROP_NOTIFY_BACKTRACK_NS 11358137141
d EXTPROP_CB_CHECK_FOUND_MODEL_CALLS 0
d EXTPROP_CB_CHECK_FOUND_MODEL_NS 0
d EXTPROP_CB_CHECK_FOUND_MODEL_REJECTS 0
d EXTPROP_CB_DECIDE_CALLS 0
d EXTPROP_CB_DECIDE_NS 0
d EXTPROP_CB_PROPAGATE_CALLS 5167300
d EXTPROP_CB_PROPAGATE_NS 90606256007
d EXTPROP_PROPAGATED_LITS 3799305
d EXTPROP_CB_ADD_REASON_CLAUSE_LIT_CALLS 5785700
d EXTPROP_CB_ADD_REASON_CLAUSE_LIT_NS 1049838911
d EXTPROP_REASON_CLAUSES 4321600
d EXTPROP_REASON_CLAUSE_LITS 46950011
d EXTPROP_REASON_CLAUSE_MAX_LEN 37
d EXTPROP_CB_HAS_EXTERNAL_CLAUSE_CALLS 1433819
d EXTPROP_CB_HAS_EXTERNAL_CLAUSE_NS 225720735
d EXTPROP_CB_ADD_EXTERNAL_CLAUSE_LIT_CALLS 984309
d EXTPROP_CB_ADD_EXTERNAL_CLAUSE_LIT_NS 146262721
d EXTPROP_EXTERNAL_CLAUSES 49570
d EXTPROP_EXTERNAL_CLAUSE_LITS 934739
d EXTPROP_EXTERNAL_CLAUSE_MAX_LEN 37
d EXTPROP_STRONG_REASON_ATTEMPTS 25427
d EXTPROP_STRONG_REASON_NS 110076844
d EXTPROP_STRONG_REASON_LIFTS 59
d EXTPROP_STRONG_REASON_DROPPED_TERMS 11378
d LINEAR_INT_EQ_ARITY_STATS {"4":{"count":4,"max_domain_product_excluding_one_var":"8","p95_domain_product_excluding_one_var":"8"},"6":{"count":52,"max_domain_product_excluding_one_var":"32","p95_domain_product_excluding_one_var":"32"},"9":{"count":160,"max_domain_product_excluding_one_var":"256","p95_domain_product_excluding_one_var":"256"}}
d LINEAR_INT_NE_ARITY_STATS {}
d LINEAR_INT_GE_ARITY_STATS {"216":{"count":9,"max_domain_product_excluding_one_var":"340282366920938463463374607431768211455","p95_domain_product_excluding_one_var":"340282366920938463463374607431768211455"}}
d LINEAR_BOOL_MIXED_ARITY_STATS {}
d PROPAGATE_PRUNED_VALUES 0
d PROPAGATE_CHANGED_DOMAINS 0
d PROPAGATE_ENTAILED_TABLES 0
d POST_LOWER_ROUNDS 56
d POST_LOWER_TIGHTENED_DOMAINS 56
d POST_LOWER_REMOVED_CLAUSES 0
d POST_LOWER_REMOVED_LITS 0
d POST_LOWER_DETECTED_UNSAT 0
d PREENCODE_INT_VARS 438
d ENCODE_EXTERNAL_GE_SPECS 15
d ENCODE_RELAXED_CIRCUITS 0
d CIRCUIT_CEGAR_FAILURES 0
d CIRCUIT_CEGAR_ROUNDS 0
d CIRCUIT_CEGAR_ADDED_CLAUSES 0
d COP_CEGAR_FAILURES 0
d COP_CEGAR_ROUNDS 0
d COP_CEGAR_ADDED_CLAUSES 0
d CSV /bench/competition/2022-2025/COP22to25/StillLife-12-18_c24.xml.lzma,sat,493,493,493,0,11399,41365,202133,,,,,,,,,,,,,,,,,,,,,timeout_signal,incumbent_interrupted_by_signal
signal=15; emitted incumbent csv row
