# WCTIME: wall clock time in seconds
WCTIME=1803.41
# CPUTIME: CPU time in seconds (USERTIME+SYSTEMTIME)
CPUTIME=1782.47
# USERTIME: CPU time spent in user mode in seconds
USERTIME=1447.68
# SYSTEMTIME: CPU time spent in system mode in seconds
SYSTEMTIME=334.792
# CPUUSAGE: CPUTIME/WCTIME in percent
CPUUSAGE=98.8389
# MAXVM: maximum virtual memory used in KiB
MAXVM=128648444
# MAXMM: maximum memory used in KiB
MAXMM=110221492
# MAXRSS: maximum Resident Segment Size in KiB
MAXRSS=105969208
# TIMEOUT: did the solver exceed the time limit?
TIMEOUT=true
# MEMOUT: did the solver exceed the memory limit?
MEMOUT=false
# EXITSTATUS: Exit status of the solver
EXITSTATUS=36608
