MiniZinc to FlatZinc converter, version 2.9.3, build 1832600886
Copyright (C) 2014-2025 Monash University, NICTA, Data61
Parsing file(s) /bench/2017/steelmillslab/steelmillslab.mzn', '/bench/2017/steelmillslab/bench_16_10.dzn' ...
processing file '/usr/local/share/minizinc/std/stdlib.mzn'
processing file '/usr/local/share/minizinc/std/stdlib/stdlib_internal.mzn'
processing file '/usr/local/share/minizinc/std/output.mzn'
processing file '/usr/local/share/minizinc/std/output/array2d_bool.mzn'
processing file '/usr/local/share/minizinc/std/output/gantt.mzn'
processing file '/usr/local/share/minizinc/std/stdlib/stdlib_random.mzn'
processing file '/usr/local/share/minizinc/std/stdlib/stdlib_debug.mzn'
processing file '/usr/local/share/minizinc/std/stdlib/stdlib_reflect.mzn'
processing file '/usr/local/share/minizinc/std/stdlib/stdlib_ite.mzn'
processing file '/usr/local/share/minizinc/std/stdlib/stdlib_language.mzn'
processing file '/usr/local/share/minizinc/std/stdlib/stdlib_sort.mzn'
processing file '/usr/local/share/minizinc/std/stdlib/stdlib_opt.mzn'
processing file '/usr/local/share/minizinc/std/stdlib/stdlib_ann.mzn'
processing file '/usr/local/share/minizinc/std/stdlib/stdlib_enum.mzn'
processing file '/usr/local/share/minizinc/std/stdlib/stdlib_string.mzn'
processing file '/usr/local/share/minizinc/std/stdlib/stdlib_set.mzn'
processing file '/usr/local/share/minizinc/std/stdlib/stdlib_logic.mzn'
processing file '/usr/local/share/minizinc/std/stdlib/stdlib_array.mzn'
processing file '/usr/local/share/minizinc/std/stdlib/stdlib_coercion.mzn'
processing file '/usr/local/share/minizinc/std/stdlib/stdlib_math.mzn'
processing file '/usr/local/share/minizinc/std/stdlib/stdlib_compare.mzn'
processing file '/usr/local/share/minizinc/std/flatzinc_builtins.mzn'
processing file '/usr/local/share/minizinc/std/solver_redefinitions.mzn'
processing file '/usr/local/share/minizinc/std/table.mzn'
processing file '/usr/local/share/minizinc/std/fzn_table_int_opt.mzn'
processing file '/usr/local/share/minizinc/std/fzn_table_int_reif.mzn'
processing file '/entry_data/mzn-lib/fzn_table_int.mzn'
processing file '/usr/local/share/minizinc/std/fzn_table_bool_reif.mzn'
processing file '/entry_data/mzn-lib/fzn_table_bool.mzn'
processing file '/usr/local/share/minizinc/std/fzn_array_set_intersect.mzn'
processing file '/usr/local/share/minizinc/std/fzn_array_set_union.mzn'
processing file '/usr/local/share/minizinc/std/fzn_array_opt_int_union.mzn'
processing file '/usr/local/share/minizinc/std/fzn_array_int_union.mzn'
processing file '/usr/local/share/minizinc/std/lex_lesseq.mzn'
processing file '/usr/local/share/minizinc/std/fzn_lex_lesseq_set_reif.mzn'
processing file '/usr/local/share/minizinc/std/fzn_lex_lesseq_set.mzn'
processing file '/usr/local/share/minizinc/std/fzn_lex_lesseq_int_reif.mzn'
processing file '/entry_data/mzn-lib/fzn_lex_lesseq_int.mzn'
processing file '/usr/local/share/minizinc/std/fzn_lex_lesseq_float_reif.mzn'
processing file '/usr/local/share/minizinc/std/fzn_lex_lesseq_float.mzn'
processing file '/usr/local/share/minizinc/std/fzn_lex_lesseq_bool_reif.mzn'
processing file '/entry_data/mzn-lib/fzn_lex_lesseq_bool.mzn'
processing file '/usr/local/share/minizinc/std/lex_less.mzn'
processing file '/usr/local/share/minizinc/std/fzn_lex_less_set_reif.mzn'
processing file '/usr/local/share/minizinc/std/fzn_lex_less_set.mzn'
processing file '/usr/local/share/minizinc/std/fzn_lex_less_int_reif.mzn'
processing file '/entry_data/mzn-lib/fzn_lex_less_int.mzn'
processing file '/usr/local/share/minizinc/std/fzn_lex_less_float_reif.mzn'
processing file '/usr/local/share/minizinc/std/fzn_lex_less_float.mzn'
processing file '/usr/local/share/minizinc/std/fzn_lex_less_bool_reif.mzn'
processing file '/entry_data/mzn-lib/fzn_lex_less_bool.mzn'
processing file '/usr/local/share/minizinc/std/fzn_if_then_else_partiality.mzn'
processing file '/usr/local/share/minizinc/std/fzn_if_then_else_var_set.mzn'
processing file '/usr/local/share/minizinc/std/fzn_if_then_else_set.mzn'
processing file '/usr/local/share/minizinc/std/fzn_if_then_else_var_opt_float.mzn'
processing file '/usr/local/share/minizinc/std/fzn_if_then_else_var_float.mzn'
processing file '/usr/local/share/minizinc/std/fzn_if_then_else_opt_float.mzn'
processing file '/usr/local/share/minizinc/std/fzn_if_then_else_float.mzn'
processing file '/usr/local/share/minizinc/std/fzn_if_then_else_var_opt_bool.mzn'
processing file '/usr/local/share/minizinc/std/fzn_if_then_else_var_bool.mzn'
processing file '/usr/local/share/minizinc/std/fzn_if_then_else_opt_bool.mzn'
processing file '/usr/local/share/minizinc/std/fzn_if_then_else_bool.mzn'
processing file '/usr/local/share/minizinc/std/fzn_if_then_else_var_opt_int.mzn'
processing file '/usr/local/share/minizinc/std/fzn_if_then_else_var_int.mzn'
processing file '/usr/local/share/minizinc/std/fzn_if_then_else_opt_int.mzn'
processing file '/usr/local/share/minizinc/std/fzn_if_then_else_int.mzn'
processing file '/usr/local/share/minizinc/std/count_fn.mzn'
processing file '/usr/local/share/minizinc/std/count_lt.mzn'
processing file '/usr/local/share/minizinc/std/fzn_count_lt_par_reif.mzn'
processing file '/usr/local/share/minizinc/std/fzn_count_lt_reif.mzn'
processing file '/usr/local/share/minizinc/std/fzn_count_lt_par.mzn'
processing file '/usr/local/share/minizinc/std/fzn_count_lt.mzn'
processing file '/usr/local/share/minizinc/std/count_gt.mzn'
processing file '/usr/local/share/minizinc/std/fzn_count_gt_reif.mzn'
processing file '/usr/local/share/minizinc/std/fzn_count_gt_par_reif.mzn'
processing file '/usr/local/share/minizinc/std/fzn_count_gt.mzn'
processing file '/usr/local/share/minizinc/std/fzn_count_gt_par.mzn'
processing file '/usr/local/share/minizinc/std/count_neq.mzn'
processing file '/usr/local/share/minizinc/std/fzn_count_neq_reif.mzn'
processing file '/usr/local/share/minizinc/std/fzn_count_neq_par_reif.mzn'
processing file '/usr/local/share/minizinc/std/fzn_count_neq.mzn'
processing file '/usr/local/share/minizinc/std/fzn_count_neq_par.mzn'
processing file '/usr/local/share/minizinc/std/count_leq.mzn'
processing file '/usr/local/share/minizinc/std/fzn_count_leq_reif.mzn'
processing file '/usr/local/share/minizinc/std/fzn_count_leq_par_reif.mzn'
processing file '/usr/local/share/minizinc/std/fzn_count_leq.mzn'
processing file '/usr/local/share/minizinc/std/fzn_count_leq_par.mzn'
processing file '/usr/local/share/minizinc/std/count_geq.mzn'
processing file '/usr/local/share/minizinc/std/fzn_count_geq_reif.mzn'
processing file '/usr/local/share/minizinc/std/fzn_count_geq_par_reif.mzn'
processing file '/usr/local/share/minizinc/std/fzn_count_geq.mzn'
processing file '/usr/local/share/minizinc/std/fzn_count_geq_par.mzn'
processing file '/usr/local/share/minizinc/std/count_eq.mzn'
processing file '/usr/local/share/minizinc/std/fzn_count_eq_par_reif.mzn'
processing file '/usr/local/share/minizinc/std/fzn_count_eq_reif.mzn'
processing file '/usr/local/share/minizinc/std/fzn_count_eq_par.mzn'
processing file '/entry_data/mzn-lib/fzn_count_eq.mzn'
processing file '/usr/local/share/minizinc/std/redefinitions-2.7.1.mzn'
processing file '/usr/local/share/minizinc/std/redefinitions-2.5.2.mzn'
processing file '/usr/local/share/minizinc/std/redefinitions-2.3.3.mzn'
processing file '/usr/local/share/minizinc/std/redefinitions-2.2.1.mzn'
processing file '/usr/local/share/minizinc/std/redefinitions-2.1.1.mzn'
processing file '/usr/local/share/minizinc/std/redefinitions-2.1.mzn'
processing file '/entry_data/mzn-lib/redefinitions-2.0.2.mzn'
processing file '/entry_data/mzn-lib/redefinitions-2.0.mzn'
processing file '/usr/local/share/minizinc/std/redefinitions.mzn'
processing file '/bench/2017/steelmillslab/steelmillslab.mzn'
processing file '/usr/local/share/minizinc/std/globals.mzn'
processing file '/usr/local/share/minizinc/std/writes_seq.mzn'
processing file '/usr/local/share/minizinc/std/fzn_writes_seq_reif.mzn'
processing file '/usr/local/share/minizinc/std/fzn_writes_seq.mzn'
processing file '/usr/local/share/minizinc/std/writes.mzn'
processing file '/usr/local/share/minizinc/std/fzn_writes_reif.mzn'
processing file '/usr/local/share/minizinc/std/fzn_writes.mzn'
processing file '/usr/local/share/minizinc/std/write.mzn'
processing file '/usr/local/share/minizinc/std/fzn_write_reif.mzn'
processing file '/usr/local/share/minizinc/std/fzn_write.mzn'
processing file '/usr/local/share/minizinc/std/weighted_spanning_tree.mzn'
processing file '/usr/local/share/minizinc/std/fzn_dwst_reif.mzn'
processing file '/usr/local/share/minizinc/std/fzn_dwst.mzn'
processing file '/usr/local/share/minizinc/std/fzn_wst_reif.mzn'
processing file '/usr/local/share/minizinc/std/fzn_wst.mzn'
processing file '/usr/local/share/minizinc/std/var_perm_sym.mzn'
processing file '/usr/local/share/minizinc/std/fzn_var_perm_sym.mzn'
processing file '/usr/local/share/minizinc/std/var_sqr_sym.mzn'
processing file '/usr/local/share/minizinc/std/fzn_var_sqr_sym.mzn'
processing file '/usr/local/share/minizinc/std/value_precede_chain.mzn'
processing file '/usr/local/share/minizinc/std/fzn_value_precede_chain_set_reif.mzn'
processing file '/usr/local/share/minizinc/std/fzn_value_precede_chain_set.mzn'
processing file '/usr/local/share/minizinc/std/fzn_value_precede_chain_int_opt.mzn'
processing file '/usr/local/share/minizinc/std/fzn_value_precede_chain_int_reif.mzn'
processing file '/entry_data/mzn-lib/fzn_value_precede_chain_int.mzn'
processing file '/usr/local/share/minizinc/std/value_precede.mzn'
processing file '/usr/local/share/minizinc/std/fzn_value_precede_set_reif.mzn'
processing file '/usr/local/share/minizinc/std/fzn_value_precede_set.mzn'
processing file '/usr/local/share/minizinc/std/fzn_value_precede_int_opt.mzn'
processing file '/usr/local/share/minizinc/std/fzn_value_precede_int_reif.mzn'
processing file '/entry_data/mzn-lib/fzn_value_precede_int.mzn'
processing file '/usr/local/share/minizinc/std/tree.mzn'
processing file '/usr/local/share/minizinc/std/fzn_dtree_enum_reif.mzn'
processing file '/usr/local/share/minizinc/std/fzn_dtree_enum.mzn'
processing file '/usr/local/share/minizinc/std/fzn_dtree_int_reif.mzn'
processing file '/usr/local/share/minizinc/std/fzn_dtree_int.mzn'
processing file '/usr/local/share/minizinc/std/fzn_tree_enum_reif.mzn'
processing file '/usr/local/share/minizinc/std/fzn_tree_enum.mzn'
processing file '/usr/local/share/minizinc/std/fzn_tree_int_reif.mzn'
processing file '/usr/local/share/minizinc/std/fzn_tree_int.mzn'
processing file '/usr/local/share/minizinc/std/symmetric_all_different.mzn'
processing file '/usr/local/share/minizinc/std/fzn_symmetric_all_different_reif.mzn'
processing file '/usr/local/share/minizinc/std/fzn_symmetric_all_different.mzn'
processing file '/usr/local/share/minizinc/std/analyse_all_different.mzn'
processing file '/usr/local/share/minizinc/std/sum_set.mzn'
processing file '/usr/local/share/minizinc/std/fzn_sum_set_reif.mzn'
processing file '/usr/local/share/minizinc/std/fzn_sum_set.mzn'
processing file '/usr/local/share/minizinc/std/sum_pred.mzn'
processing file '/usr/local/share/minizinc/std/fzn_sum_pred_reif.mzn'
processing file '/usr/local/share/minizinc/std/fzn_sum_pred.mzn'
processing file '/usr/local/share/minizinc/std/subgraph.mzn'
processing file '/usr/local/share/minizinc/std/fzn_subgraph_enum_reif.mzn'
processing file '/usr/local/share/minizinc/std/fzn_subgraph_enum.mzn'
processing file '/usr/local/share/minizinc/std/fzn_subgraph_int_reif.mzn'
processing file '/usr/local/share/minizinc/std/fzn_subgraph_int.mzn'
processing file '/usr/local/share/minizinc/std/subcircuit.mzn'
processing file '/usr/local/share/minizinc/std/fzn_subcircuit_reif.mzn'
processing file '/usr/local/share/minizinc/std/alldifferent.mzn'
processing file '/entry_data/mzn-lib/fzn_subcircuit.mzn'
processing file '/usr/local/share/minizinc/std/strict_lex2.mzn'
processing file '/usr/local/share/minizinc/std/fzn_strict_lex2_reif.mzn'
processing file '/usr/local/share/minizinc/std/fzn_strict_lex2.mzn'
processing file '/usr/local/share/minizinc/std/strictly_increasing.mzn'
processing file '/usr/local/share/minizinc/std/fzn_strictly_increasing_set_reif.mzn'
processing file '/usr/local/share/minizinc/std/fzn_strictly_increasing_set.mzn'
processing file '/usr/local/share/minizinc/std/fzn_strictly_increasing_float_opt_reif.mzn'
processing file '/usr/local/share/minizinc/std/fzn_strictly_increasing_float_reif.mzn'
processing file '/usr/local/share/minizinc/std/fzn_strictly_increasing_float_opt.mzn'
processing file '/usr/local/share/minizinc/std/fzn_strictly_increasing_float.mzn'
processing file '/usr/local/share/minizinc/std/fzn_strictly_increasing_int_opt_reif.mzn'
processing file '/usr/local/share/minizinc/std/fzn_strictly_increasing_int_reif.mzn'
processing file '/usr/local/share/minizinc/std/fzn_strictly_increasing_int_opt.mzn'
processing file '/usr/local/share/minizinc/std/fzn_strictly_increasing_int.mzn'
processing file '/usr/local/share/minizinc/std/strictly_decreasing.mzn'
processing file '/usr/local/share/minizinc/std/steiner.mzn'
processing file '/usr/local/share/minizinc/std/fzn_dsteiner_reif.mzn'
processing file '/usr/local/share/minizinc/std/fzn_dsteiner.mzn'
processing file '/usr/local/share/minizinc/std/fzn_steiner_reif.mzn'
processing file '/usr/local/share/minizinc/std/fzn_steiner.mzn'
processing file '/usr/local/share/minizinc/std/span.mzn'
processing file '/usr/local/share/minizinc/std/fzn_span_reif.mzn'
processing file '/usr/local/share/minizinc/std/fzn_span.mzn'
processing file '/usr/local/share/minizinc/std/sort_fn.mzn'
processing file '/usr/local/share/minizinc/std/sort.mzn'
processing file '/usr/local/share/minizinc/std/fzn_sort_reif.mzn'
processing file '/usr/local/share/minizinc/std/fzn_sort.mzn'
processing file '/usr/local/share/minizinc/std/sliding_sum.mzn'
processing file '/usr/local/share/minizinc/std/fzn_sliding_sum_reif.mzn'
processing file '/usr/local/share/minizinc/std/fzn_sliding_sum.mzn'
processing file '/usr/local/share/minizinc/std/seq_precede_chain.mzn'
processing file '/usr/local/share/minizinc/std/fzn_seq_precede_chain_set_reif.mzn'
processing file '/usr/local/share/minizinc/std/fzn_seq_precede_chain_set.mzn'
processing file '/usr/local/share/minizinc/std/fzn_seq_precede_chain_int_reif.mzn'
processing file '/entry_data/mzn-lib/fzn_seq_precede_chain_int.mzn'
processing file '/usr/local/share/minizinc/std/roots_fn.mzn'
processing file '/usr/local/share/minizinc/std/roots.mzn'
processing file '/usr/local/share/minizinc/std/fzn_roots_reif.mzn'
processing file '/usr/local/share/minizinc/std/fzn_roots.mzn'
processing file '/usr/local/share/minizinc/std/regular_regexp.mzn'
processing file '/usr/local/share/minizinc/std/fzn_regular_regexp.mzn'
processing file '/usr/local/share/minizinc/std/regular_nfa.mzn'
processing file '/usr/local/share/minizinc/std/fzn_regular_nfa_set_reif.mzn'
processing file '/usr/local/share/minizinc/std/fzn_regular_nfa_set.mzn'
processing file '/usr/local/share/minizinc/std/fzn_regular_nfa_reif.mzn'
processing file '/usr/local/share/minizinc/std/fzn_regular_nfa.mzn'
processing file '/usr/local/share/minizinc/std/regular.mzn'
processing file '/usr/local/share/minizinc/std/fzn_regular_set_reif.mzn'
processing file '/usr/local/share/minizinc/std/fzn_regular_set.mzn'
processing file '/usr/local/share/minizinc/std/fzn_regular_set.mzn.deprecated.mzn'
processing file '/usr/local/share/minizinc/std/fzn_regular_set.mzn.deprecated.mzn'
processing file '/usr/local/share/minizinc/std/fzn_regular_reif.mzn'
processing file '/entry_data/mzn-lib/fzn_regular.mzn'
processing file '/usr/local/share/minizinc/std/reachable.mzn'
processing file '/usr/local/share/minizinc/std/fzn_dreachable_enum_reif.mzn'
processing file '/usr/local/share/minizinc/std/fzn_dreachable_enum.mzn'
processing file '/usr/local/share/minizinc/std/fzn_dreachable_int_reif.mzn'
processing file '/usr/local/share/minizinc/std/fzn_dreachable_int.mzn'
processing file '/usr/local/share/minizinc/std/fzn_reachable_enum_reif.mzn'
processing file '/usr/local/share/minizinc/std/fzn_reachable_enum.mzn'
processing file '/usr/local/share/minizinc/std/fzn_reachable_int_reif.mzn'
processing file '/usr/local/share/minizinc/std/fzn_reachable_int.mzn'
processing file '/usr/local/share/minizinc/std/range_fn.mzn'
processing file '/usr/local/share/minizinc/std/range.mzn'
processing file '/usr/local/share/minizinc/std/fzn_range_reif.mzn'
processing file '/usr/local/share/minizinc/std/fzn_range.mzn'
processing file '/usr/local/share/minizinc/std/piecewise_linear_non_continuous.mzn'
processing file '/usr/local/share/minizinc/std/fzn_piecewise_linear_non_continuous_reif.mzn'
processing file '/usr/local/share/minizinc/std/fzn_piecewise_linear_non_continuous.mzn'
processing file '/usr/local/share/minizinc/std/piecewise_linear.mzn'
processing file '/usr/local/share/minizinc/std/fzn_piecewise_linear_reif.mzn'
processing file '/usr/local/share/minizinc/std/fzn_piecewise_linear.mzn'
processing file '/usr/local/share/minizinc/std/partition_set.mzn'
processing file '/usr/local/share/minizinc/std/fzn_partition_set_reif.mzn'
processing file '/entry_data/mzn-lib/fzn_partition_set.mzn'
processing file '/usr/local/share/minizinc/std/nvalue_fn.mzn'
processing file '/usr/local/share/minizinc/std/nvalue.mzn'
processing file '/entry_data/mzn-lib/fzn_nvalue_reif.mzn'
processing file '/entry_data/mzn-lib/fzn_nvalue.mzn'
processing file '/usr/local/share/minizinc/std/neural_net.mzn'
processing file '/usr/local/share/minizinc/std/fzn_neural_net_reif.mzn'
processing file '/usr/local/share/minizinc/std/fzn_neural_net.mzn'
processing file '/usr/local/share/minizinc/std/network_flow.mzn'
processing file '/usr/local/share/minizinc/std/fzn_network_flow_cost_reif.mzn'
processing file '/entry_data/mzn-lib/fzn_network_flow_cost.mzn'
processing file '/usr/local/share/minizinc/std/fzn_network_flow_reif.mzn'
processing file '/entry_data/mzn-lib/fzn_network_flow.mzn'
processing file '/usr/local/share/minizinc/std/minimum.mzn'
processing file '/usr/local/share/minizinc/std/member.mzn'
processing file '/usr/local/share/minizinc/std/fzn_set_member_reif.mzn'
processing file '/usr/local/share/minizinc/std/fzn_set_member.mzn'
processing file '/usr/local/share/minizinc/std/fzn_member_set_reif.mzn'
processing file '/usr/local/share/minizinc/std/fzn_member_set.mzn'
processing file '/usr/local/share/minizinc/std/fzn_member_int_reif.mzn'
processing file '/usr/local/share/minizinc/std/fzn_member_int.mzn'
processing file '/usr/local/share/minizinc/std/fzn_member_float_reif.mzn'
processing file '/usr/local/share/minizinc/std/fzn_member_float.mzn'
processing file '/usr/local/share/minizinc/std/fzn_member_bool_reif.mzn'
processing file '/usr/local/share/minizinc/std/fzn_member_bool.mzn'
processing file '/usr/local/share/minizinc/std/mdd_nondet.mzn'
processing file '/usr/local/share/minizinc/std/fzn_mdd_nondet_reif.mzn'
processing file '/usr/local/share/minizinc/std/fzn_mdd_nondet.mzn'
processing file '/usr/local/share/minizinc/std/mdd.mzn'
processing file '/usr/local/share/minizinc/std/fzn_mdd_reif.mzn'
processing file '/usr/local/share/minizinc/std/fzn_mdd.mzn'
processing file '/usr/local/share/minizinc/std/maximum.mzn'
processing file '/usr/local/share/minizinc/std/link_set_to_booleans.mzn'
processing file '/usr/local/share/minizinc/std/fzn_link_set_to_booleans_reif.mzn'
processing file '/usr/local/share/minizinc/std/fzn_link_set_to_booleans.mzn'
processing file '/usr/local/share/minizinc/std/lex2_strict.mzn'
processing file '/usr/local/share/minizinc/std/lex2.mzn'
processing file '/usr/local/share/minizinc/std/fzn_lex2_reif.mzn'
processing file '/usr/local/share/minizinc/std/fzn_lex2.mzn'
processing file '/usr/local/share/minizinc/std/lex_chain_greater.mzn'
processing file '/usr/local/share/minizinc/std/lex_chain_less.mzn'
processing file '/usr/local/share/minizinc/std/fzn_lex_chain_less_int_reif.mzn'
processing file '/usr/local/share/minizinc/std/fzn_lex_chain_less_int.mzn'
processing file '/usr/local/share/minizinc/std/fzn_lex_chain_less_bool_reif.mzn'
processing file '/usr/local/share/minizinc/std/fzn_lex_chain_less_bool.mzn'
processing file '/usr/local/share/minizinc/std/lex_chain_greatereq_orbitope.mzn'
processing file '/usr/local/share/minizinc/std/lex_chain_lesseq_orbitope.mzn'
processing file '/usr/local/share/minizinc/std/fzn_lex_chain_lesseq_orbitope_reif.mzn'
processing file '/usr/local/share/minizinc/std/fzn_lex_chain_lesseq_orbitope.mzn'
processing file '/usr/local/share/minizinc/std/lex_chain_greatereq.mzn'
processing file '/usr/local/share/minizinc/std/lex_chain_lesseq.mzn'
processing file '/usr/local/share/minizinc/std/fzn_lex_chain_lesseq_int_reif.mzn'
processing file '/usr/local/share/minizinc/std/fzn_lex_chain_lesseq_int.mzn'
processing file '/usr/local/share/minizinc/std/fzn_lex_chain_lesseq_bool_reif.mzn'
processing file '/usr/local/share/minizinc/std/fzn_lex_chain_lesseq_bool.mzn'
processing file '/usr/local/share/minizinc/std/lex_greater.mzn'
processing file '/usr/local/share/minizinc/std/lex_greatereq.mzn'
processing file '/usr/local/share/minizinc/std/knapsack.mzn'
processing file '/usr/local/share/minizinc/std/fzn_knapsack_reif.mzn'
processing file '/usr/local/share/minizinc/std/fzn_knapsack.mzn'
processing file '/usr/local/share/minizinc/std/inverse_set.mzn'
processing file '/usr/local/share/minizinc/std/fzn_inverse_set_reif.mzn'
processing file '/usr/local/share/minizinc/std/fzn_inverse_set.mzn'
processing file '/usr/local/share/minizinc/std/inverse_in_range.mzn'
processing file '/usr/local/share/minizinc/std/fzn_inverse_in_range_reif.mzn'
processing file '/usr/local/share/minizinc/std/fzn_inverse_in_range.mzn'
processing file '/usr/local/share/minizinc/std/inverse_fn.mzn'
processing file '/usr/local/share/minizinc/std/inverse.mzn'
processing file '/usr/local/share/minizinc/std/fzn_inverse_reif.mzn'
processing file '/usr/local/share/minizinc/std/fzn_inverse_opt.mzn'
processing file '/entry_data/mzn-lib/fzn_inverse.mzn'
processing file '/usr/local/share/minizinc/std/int_set_channel.mzn'
processing file '/usr/local/share/minizinc/std/fzn_int_set_channel_reif.mzn'
processing file '/usr/local/share/minizinc/std/fzn_int_set_channel.mzn'
processing file '/usr/local/share/minizinc/std/increasing.mzn'
processing file '/usr/local/share/minizinc/std/fzn_increasing_set_reif.mzn'
processing file '/usr/local/share/minizinc/std/fzn_increasing_set.mzn'
processing file '/usr/local/share/minizinc/std/fzn_increasing_int_opt_reif.mzn'
processing file '/usr/local/share/minizinc/std/fzn_increasing_int_opt.mzn'
processing file '/usr/local/share/minizinc/std/fzn_increasing_int_reif.mzn'
processing file '/usr/local/share/minizinc/std/fzn_increasing_int.mzn'
processing file '/usr/local/share/minizinc/std/fzn_increasing_float_opt_reif.mzn'
processing file '/usr/local/share/minizinc/std/fzn_increasing_float_opt.mzn'
processing file '/usr/local/share/minizinc/std/fzn_increasing_float_reif.mzn'
processing file '/usr/local/share/minizinc/std/fzn_increasing_float.mzn'
processing file '/usr/local/share/minizinc/std/fzn_increasing_bool_reif.mzn'
processing file '/usr/local/share/minizinc/std/fzn_increasing_bool.mzn'
processing file '/usr/local/share/minizinc/std/global_cardinality_low_up_closed.mzn'
processing file '/usr/local/share/minizinc/std/global_cardinality_low_up.mzn'
processing file '/usr/local/share/minizinc/std/global_cardinality_closed_fn.mzn'
processing file '/usr/local/share/minizinc/std/global_cardinality_closed.mzn'
processing file '/usr/local/share/minizinc/std/fzn_global_cardinality_low_up_closed_set.mzn'
processing file '/usr/local/share/minizinc/std/fzn_global_cardinality_low_up_closed_opt.mzn'
processing file '/usr/local/share/minizinc/std/fzn_global_cardinality_low_up_closed_reif.mzn'
processing file '/entry_data/mzn-lib/fzn_global_cardinality_low_up_closed.mzn'
processing file '/usr/local/share/minizinc/std/fzn_global_cardinality_closed_set.mzn'
processing file '/usr/local/share/minizinc/std/fzn_global_cardinality_closed_opt.mzn'
processing file '/usr/local/share/minizinc/std/fzn_global_cardinality_closed_reif.mzn'
processing file '/entry_data/mzn-lib/fzn_global_cardinality_closed.mzn'
processing file '/usr/local/share/minizinc/std/global_cardinality_fn.mzn'
processing file '/usr/local/share/minizinc/std/global_cardinality.mzn'
processing file '/usr/local/share/minizinc/std/fzn_global_cardinality_low_up_set.mzn'
processing file '/usr/local/share/minizinc/std/fzn_global_cardinality_low_up_opt.mzn'
processing file '/usr/local/share/minizinc/std/fzn_global_cardinality_low_up_reif.mzn'
processing file '/entry_data/mzn-lib/fzn_global_cardinality_low_up.mzn'
processing file '/usr/local/share/minizinc/std/fzn_global_cardinality_set.mzn'
processing file '/usr/local/share/minizinc/std/fzn_global_cardinality_opt.mzn'
processing file '/usr/local/share/minizinc/std/fzn_global_cardinality_reif.mzn'
processing file '/entry_data/mzn-lib/fzn_global_cardinality.mzn'
processing file '/usr/local/share/minizinc/std/geost.mzn'
processing file '/usr/local/share/minizinc/std/fzn_geost_nonoverlap_k_reif.mzn'
processing file '/usr/local/share/minizinc/std/fzn_geost_nonoverlap_k.mzn'
processing file '/usr/local/share/minizinc/std/fzn_geost_smallest_bb_reif.mzn'
processing file '/usr/local/share/minizinc/std/fzn_geost_smallest_bb.mzn'
processing file '/usr/local/share/minizinc/std/fzn_geost_bb_reif.mzn'
processing file '/usr/local/share/minizinc/std/fzn_geost_bb.mzn'
processing file '/usr/local/share/minizinc/std/fzn_geost_reif.mzn'
processing file '/usr/local/share/minizinc/std/fzn_geost.mzn'
processing file '/usr/local/share/minizinc/std/exactly.mzn'
processing file '/usr/local/share/minizinc/std/fzn_exactly_set_reif.mzn'
processing file '/usr/local/share/minizinc/std/fzn_exactly_set.mzn'
processing file '/usr/local/share/minizinc/std/fzn_exactly_int_reif.mzn'
processing file '/usr/local/share/minizinc/std/fzn_exactly_int.mzn'
processing file '/usr/local/share/minizinc/std/exactly.mzn.deprecated.mzn'
processing file '/usr/local/share/minizinc/std/exactly.mzn.deprecated.mzn'
processing file '/usr/local/share/minizinc/std/element.mzn'
processing file '/usr/local/share/minizinc/std/distribute_fn.mzn'
processing file '/usr/local/share/minizinc/std/distribute.mzn'
processing file '/usr/local/share/minizinc/std/fzn_distribute_reif.mzn'
processing file '/usr/local/share/minizinc/std/fzn_distribute.mzn'
processing file '/usr/local/share/minizinc/std/disjunctive_strict_opt.mzn'
processing file '/usr/local/share/minizinc/std/fzn_disjunctive_strict_opt_reif.mzn'
processing file '/entry_data/mzn-lib/fzn_disjunctive_strict_opt.mzn'
processing file '/usr/local/share/minizinc/std/disjunctive_opt.mzn'
processing file '/usr/local/share/minizinc/std/fzn_disjunctive_opt_reif.mzn'
processing file '/entry_data/mzn-lib/fzn_disjunctive_opt.mzn'
processing file '/entry_data/mzn-lib/fzn_cumulative_opt.mzn'
processing file '/usr/local/share/minizinc/std/disjunctive_strict.mzn'
processing file '/usr/local/share/minizinc/std/fzn_disjunctive_strict_reif.mzn'
processing file '/entry_data/mzn-lib/fzn_disjunctive_strict.mzn'
processing file '/usr/local/share/minizinc/std/disjunctive.mzn'
processing file '/usr/local/share/minizinc/std/fzn_disjunctive_reif.mzn'
processing file '/entry_data/mzn-lib/fzn_disjunctive.mzn'
processing file '/usr/local/share/minizinc/std/disjoint.mzn'
processing file '/usr/local/share/minizinc/std/fzn_disjoint_reif.mzn'
processing file '/entry_data/mzn-lib/fzn_disjoint.mzn'
processing file '/usr/local/share/minizinc/std/diffn_nonstrict_k.mzn'
processing file '/usr/local/share/minizinc/std/fzn_diffn_nonstrict_k_reif.mzn'
processing file '/usr/local/share/minizinc/std/fzn_diffn_nonstrict_k.mzn'
processing file '/usr/local/share/minizinc/std/diffn_k.mzn'
processing file '/usr/local/share/minizinc/std/fzn_diffn_k_reif.mzn'
processing file '/usr/local/share/minizinc/std/fzn_diffn_k.mzn'
processing file '/usr/local/share/minizinc/std/diffn_nonstrict.mzn'
processing file '/usr/local/share/minizinc/std/fzn_diffn_nonstrict_reif.mzn'
processing file '/entry_data/mzn-lib/fzn_diffn_nonstrict.mzn'
processing file '/usr/local/share/minizinc/std/diffn.mzn'
processing file '/usr/local/share/minizinc/std/fzn_diffn_reif.mzn'
processing file '/entry_data/mzn-lib/fzn_diffn.mzn'
processing file '/usr/local/share/minizinc/std/decreasing.mzn'
processing file '/usr/local/share/minizinc/std/dag.mzn'
processing file '/usr/local/share/minizinc/std/fzn_dag_reif.mzn'
processing file '/usr/local/share/minizinc/std/fzn_dag.mzn'
processing file '/usr/local/share/minizinc/std/cumulatives.mzn'
processing file '/usr/local/share/minizinc/std/fzn_cumulatives.mzn'
processing file '/usr/local/share/minizinc/std/fzn_cumulatives_decomp.mzn'
processing file '/usr/local/share/minizinc/std/cumulative_opt.mzn'
processing file '/usr/local/share/minizinc/std/fzn_cumulative_opt_reif.mzn'
processing file '/usr/local/share/minizinc/std/cumulative.mzn'
processing file '/usr/local/share/minizinc/std/fzn_cumulative_reif.mzn'
processing file '/entry_data/mzn-lib/fzn_cumulative.mzn'
processing file '/usr/local/share/minizinc/std/count.mzn'
processing file '/usr/local/share/minizinc/std/cost_regular.mzn'
processing file '/usr/local/share/minizinc/std/fzn_cost_regular_reif.mzn'
processing file '/usr/local/share/minizinc/std/fzn_cost_regular.mzn'
processing file '/usr/local/share/minizinc/std/cost_mdd.mzn'
processing file '/usr/local/share/minizinc/std/fzn_cost_mdd_reif.mzn'
processing file '/usr/local/share/minizinc/std/fzn_cost_mdd.mzn'
processing file '/usr/local/share/minizinc/std/connected.mzn'
processing file '/usr/local/share/minizinc/std/fzn_dconnected_reif.mzn'
processing file '/usr/local/share/minizinc/std/fzn_dconnected.mzn'
processing file '/usr/local/share/minizinc/std/fzn_connected_reif.mzn'
processing file '/usr/local/share/minizinc/std/fzn_connected.mzn'
processing file '/usr/local/share/minizinc/std/circuit_opt.mzn'
processing file '/usr/local/share/minizinc/std/fzn_circuit_opt_reif.mzn'
processing file '/usr/local/share/minizinc/std/fzn_circuit_opt.mzn'
processing file '/usr/local/share/minizinc/std/circuit.mzn'
processing file '/usr/local/share/minizinc/std/fzn_circuit_reif.mzn'
processing file '/entry_data/mzn-lib/fzn_circuit.mzn'
processing file '/usr/local/share/minizinc/std/bounded_path.mzn'
processing file '/usr/local/share/minizinc/std/fzn_bounded_dpath_enum_reif.mzn'
processing file '/usr/local/share/minizinc/std/path.mzn'
processing file '/usr/local/share/minizinc/std/fzn_dpath_enum_reif.mzn'
processing file '/usr/local/share/minizinc/std/fzn_dpath_enum.mzn'
processing file '/usr/local/share/minizinc/std/fzn_dpath_int_reif.mzn'
processing file '/usr/local/share/minizinc/std/fzn_dpath_int.mzn'
processing file '/usr/local/share/minizinc/std/fzn_path_enum_reif.mzn'
processing file '/usr/local/share/minizinc/std/fzn_path_enum.mzn'
processing file '/usr/local/share/minizinc/std/fzn_path_int_reif.mzn'
processing file '/usr/local/share/minizinc/std/fzn_path_int.mzn'
processing file '/usr/local/share/minizinc/std/fzn_bounded_dpath_enum.mzn'
processing file '/usr/local/share/minizinc/std/fzn_bounded_dpath_int_reif.mzn'
processing file '/usr/local/share/minizinc/std/fzn_bounded_dpath_int.mzn'
processing file '/usr/local/share/minizinc/std/fzn_bounded_path_enum_reif.mzn'
processing file '/usr/local/share/minizinc/std/fzn_bounded_path_enum.mzn'
processing file '/usr/local/share/minizinc/std/fzn_bounded_path_int_reif.mzn'
processing file '/usr/local/share/minizinc/std/fzn_bounded_path_int.mzn'
processing file '/usr/local/share/minizinc/std/bin_packing_load_fn.mzn'
processing file '/entry_data/mzn-lib/fzn_bin_packing_load.mzn'
processing file '/usr/local/share/minizinc/std/bin_packing_load.mzn'
processing file '/usr/local/share/minizinc/std/fzn_bin_packing_load_reif.mzn'
processing file '/usr/local/share/minizinc/std/bin_packing_capa.mzn'
processing file '/usr/local/share/minizinc/std/fzn_bin_packing_capa_reif.mzn'
processing file '/entry_data/mzn-lib/fzn_bin_packing_capa.mzn'
processing file '/usr/local/share/minizinc/std/bin_packing.mzn'
processing file '/usr/local/share/minizinc/std/fzn_bin_packing_reif.mzn'
processing file '/entry_data/mzn-lib/fzn_bin_packing.mzn'
processing file '/usr/local/share/minizinc/std/at_most1.mzn'
processing file '/usr/local/share/minizinc/std/fzn_at_most1_reif.mzn'
processing file '/usr/local/share/minizinc/std/fzn_at_most1.mzn'
processing file '/usr/local/share/minizinc/std/at_most.mzn'
processing file '/usr/local/share/minizinc/std/fzn_at_most_set_reif.mzn'
processing file '/usr/local/share/minizinc/std/fzn_at_most_set.mzn'
processing file '/usr/local/share/minizinc/std/fzn_at_most_int_reif.mzn'
processing file '/usr/local/share/minizinc/std/fzn_at_most_int.mzn'
processing file '/usr/local/share/minizinc/std/at_most.mzn.deprecated.mzn'
processing file '/usr/local/share/minizinc/std/at_most.mzn.deprecated.mzn'
processing file '/usr/local/share/minizinc/std/at_least.mzn'
processing file '/usr/local/share/minizinc/std/fzn_at_least_set_reif.mzn'
processing file '/usr/local/share/minizinc/std/fzn_at_least_set.mzn'
processing file '/usr/local/share/minizinc/std/fzn_at_least_int_reif.mzn'
processing file '/usr/local/share/minizinc/std/fzn_at_least_int.mzn'
processing file '/usr/local/share/minizinc/std/at_least.mzn.deprecated.mzn'
processing file '/usr/local/share/minizinc/std/at_least.mzn.deprecated.mzn'
processing file '/usr/local/share/minizinc/std/arg_val.mzn'
processing file '/usr/local/share/minizinc/std/fzn_arg_val_int_opt.mzn'
processing file '/usr/local/share/minizinc/std/fzn_arg_val_int.mzn'
processing file '/entry_data/mzn-lib/fzn_arg_max_bool.mzn'
processing file '/usr/local/share/minizinc/std/fzn_arg_val_float_opt.mzn'
processing file '/usr/local/share/minizinc/std/fzn_arg_val_float.mzn'
processing file '/usr/local/share/minizinc/std/fzn_arg_val_bool_opt.mzn'
processing file '/usr/local/share/minizinc/std/fzn_arg_val_bool.mzn'
processing file '/entry_data/mzn-lib/fzn_arg_min_bool.mzn'
processing file '/usr/local/share/minizinc/std/arg_max.mzn'
processing file '/usr/local/share/minizinc/std/fzn_arg_max_float_opt.mzn'
processing file '/usr/local/share/minizinc/std/fzn_arg_max_float.mzn'
processing file '/usr/local/share/minizinc/std/fzn_arg_max_bool_opt.mzn'
processing file '/usr/local/share/minizinc/std/fzn_arg_max_int_opt.mzn'
processing file '/entry_data/mzn-lib/fzn_arg_max_int.mzn'
processing file '/usr/local/share/minizinc/std/arg_min.mzn'
processing file '/usr/local/share/minizinc/std/fzn_arg_min_float_opt.mzn'
processing file '/usr/local/share/minizinc/std/fzn_arg_min_float.mzn'
processing file '/usr/local/share/minizinc/std/fzn_arg_min_bool_opt.mzn'
processing file '/usr/local/share/minizinc/std/fzn_arg_min_int_opt.mzn'
processing file '/entry_data/mzn-lib/fzn_arg_min_int.mzn'
processing file '/usr/local/share/minizinc/std/arg_sort.mzn'
processing file '/usr/local/share/minizinc/std/fzn_arg_sort_float.mzn'
processing file '/usr/local/share/minizinc/std/fzn_arg_sort_int.mzn'
processing file '/usr/local/share/minizinc/std/among_fn.mzn'
processing file '/usr/local/share/minizinc/std/fzn_among.mzn'
processing file '/usr/local/share/minizinc/std/among.mzn'
processing file '/usr/local/share/minizinc/std/fzn_among_reif.mzn'
processing file '/usr/local/share/minizinc/std/alternative.mzn'
processing file '/usr/local/share/minizinc/std/fzn_alternative_reif.mzn'
processing file '/usr/local/share/minizinc/std/fzn_alternative.mzn'
processing file '/usr/local/share/minizinc/std/all_equal.mzn'
processing file '/usr/local/share/minizinc/std/fzn_all_equal_set_reif.mzn'
processing file '/entry_data/mzn-lib/fzn_all_equal_set.mzn'
processing file '/usr/local/share/minizinc/std/fzn_all_equal_int_reif.mzn'
processing file '/entry_data/mzn-lib/fzn_all_equal_int.mzn'
processing file '/usr/local/share/minizinc/std/all_disjoint.mzn'
processing file '/usr/local/share/minizinc/std/fzn_all_disjoint_reif.mzn'
processing file '/entry_data/mzn-lib/fzn_all_disjoint.mzn'
processing file '/usr/local/share/minizinc/std/all_different_except_0.mzn'
processing file '/usr/local/share/minizinc/std/fzn_alldifferent_except_0_reif.mzn'
processing file '/usr/local/share/minizinc/std/fzn_alldifferent_except_reif.mzn'
processing file '/usr/local/share/minizinc/std/fzn_alldifferent_except_0.mzn'
processing file '/usr/local/share/minizinc/std/alldifferent_except.mzn'
processing file '/usr/local/share/minizinc/std/all_different_except.mzn'
processing file '/usr/local/share/minizinc/std/fzn_alldifferent_except.mzn'
processing file '/usr/local/share/minizinc/std/all_different.mzn'
processing file '/usr/local/share/minizinc/std/fzn_all_different_set_reif.mzn'
processing file '/entry_data/mzn-lib/fzn_all_different_set.mzn'
processing file '/usr/local/share/minizinc/std/fzn_all_different_int_reif.mzn'
processing file '/usr/local/share/minizinc/std/fzn_all_different_int_opt.mzn'
processing file '/usr/local/share/minizinc/std/alldifferent_except_0.mzn'
processing file '/entry_data/mzn-lib/fzn_all_different_int.mzn'
processing data file '/bench/2017/steelmillslab/bench_16_10.dzn'
 done parsing (0.39 s)
Flattening ...
	CompilePass: Flatten with '/entry_data/mzn-lib' library ...
MIP domains ...
 done (0.83 s)
Optimizing ... done (0.84 s)
Converting to old FlatZinc ... done (0.92 s)
 done (0.92 s)
 done (1.31 s), max stack depth 17
Maximum memory 24 Mbytes.
      % SOLVING PHASE
FZN solver plugin, compiled  May 23 2025  06:18:37
Using FZN solver /entry_data/fzn-exec for solving, parameters: -p 14 -v 
%% File /tmp/mznfileBuHyhu.fzn parsed in 270 ms
%% Model mznfileBuHyhu
%%   - boolean variables:14428
%%   - integer variables:10102
%%   - bool2int: 9768
%%   - bool_clause: 6437
%%   - int_eq_imp: 110
%%   - int_eq_reif: 12321
%%   - int_lin_eq: 1
%%   - int_lin_le: 132
%%   - int_ne_imp: 110
%%   - ortools_array_int_element: 111
%%   - ortools_bin_packing_load: 1
%%   - symmetry breaking constraints: 131
%%   - Minimization problem
%%   - #var_op_value_reif cached: 12321
%%   - #var_op_var_reif cached: 0
%%   - #var_op_var_imp cached: 0
%%   - #full domain encodings: 111
%% Starting CP-SAT solver v9.15.9999
%% Parameters: log_search_progress: true log_to_stdout: false max_domain_size_when_encoding_eq_neq_constraints: 32 num_workers: 14
%% Initial optimization model 'mznfileBuHyhu': (model_fingerprint: 0x90f60bf5597222fa)
%% Search strategy: on 111 variables, CHOOSE_MIN_DOMAIN_SIZE, SELECT_MIN_VALUE
%% #Variables: 36'851 (#ints: 1 in objective) (14'649 primary variables)
%%   - 36'517 Booleans in [0,1]
%%   - 111 in [0,12]
%%   - 111 in [0,50]
%%   - 1 in [0,1332]
%%   - 111 in [1,111]
%% #kBoolOr: 6'437 (#literals: 15'427)
%% #kElement: 111
%% #kEmpty: 1
%% #kLinear1: 24'862 (#enforced: 24'862)
%% #kLinear2: 22'110
%% #kLinearN: 224 (#terms: 22'423)
%% Starting presolve at 0.05s
%%   8.18e-03s  0.00e+00d  [DetectDominanceRelations] 
%%   2.33e-01s  0.00e+00d  [PresolveToFixPoint] #num_loops=4 #num_dual_strengthening=2 
%%   7.30e-04s  0.00e+00d  [ExtractEncodingFromLinear] #potential_supersets=78 #potential_subsets=111 
%%   3.76e-03s  0.00e+00d  [DetectDuplicateColumns] 
%%   1.26e-03s  0.00e+00d  [DetectDuplicateConstraints] 
%% [Symmetry] Graph for symmetry has 101'238 nodes and 128'707 arcs.
%% [Symmetry] Symmetry computation done. time: 0.0356471 dtime: 0.0364333
%% [Symmetry] #generators: 49, average support size: 231.143
%% [Symmetry] 2000 orbits on 7663 variables with sizes: 10,10,10,10,10,10,10,10,10,10,...
%% [Symmetry] Found orbitope of size 111 x 8
%% [SAT presolve] num removable Booleans: 0 / 21'312
%% [SAT presolve] num trivial clauses: 0
%% [SAT presolve] [0s] clauses:6'327 literals:15'207 vars:6'327 one_side_vars:0 simple_definition:6'327 singleton_clauses:0
%% [SAT presolve] [0.000483906s] clauses:6'327 literals:15'207 vars:6'327 one_side_vars:0 simple_definition:6'327 singleton_clauses:0
%% [SAT presolve] [0.00209119s] clauses:6'327 literals:15'207 vars:6'327 one_side_vars:0 simple_definition:6'327 singleton_clauses:0
%%   4.66e-03s  0.00e+00d  [DetectDuplicateConstraintsWithDifferentEnforcements] #without_enforcements=110 
%%   1.69e+00s  1.00e+00d *[Probe] #probed=88'352 #fixed_bools=159 #new_bounds=45 #equiv=28 #new_binary_clauses=760'580 
%%   6.24e-02s  2.11e-01d  [MaxClique] Merged 4'551 constraints with 11'322 literals into 4'008 constraints with 10'779 literals
%%   9.84e-03s  0.00e+00d  [DetectDominanceRelations] 
%%   1.16e-01s  0.00e+00d  [PresolveToFixPoint] #num_loops=2 #num_dual_strengthening=1 
%%   8.44e-03s  0.00e+00d  [ProcessAtMostOneAndLinear] 
%%   1.87e-03s  0.00e+00d  [DetectDuplicateConstraints] 
%%   1.66e-03s  0.00e+00d  [DetectDuplicateConstraintsWithDifferentEnforcements] 
%%   1.03e-03s  6.75e-05d  [DetectDominatedLinearConstraints] #relevant_constraints=244 
%%   5.44e-04s  0.00e+00d  [DetectDifferentVariables] 
%%   5.10e-03s  1.99e-04d  [ProcessSetPPC] #relevant_constraints=6'904 #num_inclusions=3'944 
%%   5.76e-03s  5.24e-05d  [TransformClausesToExactlyOne] #num_amos=3'606 #num_clauses=1'423 #num_checked=1'423 
%%   1.30e-02s  0.00e+00d  [DetectEncodedComplexDomains] 
%%   7.83e-04s  0.00e+00d  [FindAlmostIdenticalLinearConstraints] 
%%   5.79e-02s  4.69e-02d  [FindBigAtMostOneAndLinearOverlap] 
%%   5.34e-03s  1.18e-02d  [FindBigVerticalLinearOverlap] 
%%   6.31e-03s  1.40e-02d  [FindBigHorizontalLinearOverlap] #linears=223 
%%   1.63e-03s  2.41e-05d  [MergeClauses] 
%%   1.01e-02s  0.00e+00d  [DetectDominanceRelations] 
%%   7.06e-02s  0.00e+00d  [PresolveToFixPoint] #num_loops=1 #num_dual_strengthening=1 
%%   9.82e-03s  0.00e+00d  [DetectDominanceRelations] 
%%   6.64e-02s  0.00e+00d  [PresolveToFixPoint] #num_loops=1 #num_dual_strengthening=1 
%%   2.53e-03s  0.00e+00d  [DetectDuplicateColumns] 
%%   2.25e-03s  0.00e+00d  [DetectDuplicateConstraints] 
%% [Symmetry] Graph for symmetry has 93'645 nodes and 117'893 arcs.
%% [Symmetry] Symmetry computation done. time: 0.0275712 dtime: 0.0338051
%% [Symmetry] #generators: 49, average support size: 230.98
%% [Symmetry] 1996 orbits on 7655 variables with sizes: 10,10,10,10,10,10,10,10,10,10,...
%% [Symmetry] Num fixable by intersecting at_most_one with orbits: 12 largest_orbit: 10
%% [Symmetry] Found orbitope of size 111 x 8
%% [SAT presolve] num removable Booleans: 0 / 19'904
%% [SAT presolve] num trivial clauses: 0
%% [SAT presolve] [0s] clauses:4'918 literals:11'808 vars:4'939 one_side_vars:48 simple_definition:4'891 singleton_clauses:0
%% [SAT presolve] [0.000421713s] clauses:4'918 literals:11'808 vars:4'939 one_side_vars:48 simple_definition:4'891 singleton_clauses:0
%% [SAT presolve] [0.00181309s] clauses:4'918 literals:11'808 vars:4'939 one_side_vars:48 simple_definition:4'891 singleton_clauses:0
%%   3.47e-03s  0.00e+00d  [DetectDuplicateConstraintsWithDifferentEnforcements] 
%%   1.68e+00s  1.00e+00d *[Probe] #probed=99'432 #new_binary_clauses=582'105 
%%   7.21e-02s  2.62e-01d  [MaxClique] 
%%   1.03e-02s  0.00e+00d  [DetectDominanceRelations] 
%%   6.95e-02s  0.00e+00d  [PresolveToFixPoint] #num_loops=1 #num_dual_strengthening=1 
%%   9.44e-03s  0.00e+00d  [ProcessAtMostOneAndLinear] 
%%   2.76e-03s  0.00e+00d  [DetectDuplicateConstraints] 
%%   2.39e-03s  0.00e+00d  [DetectDuplicateConstraintsWithDifferentEnforcements] 
%%   1.09e-03s  6.76e-05d  [DetectDominatedLinearConstraints] #relevant_constraints=244 
%%   5.99e-04s  0.00e+00d  [DetectDifferentVariables] 
%%   4.98e-03s  1.87e-04d  [ProcessSetPPC] #relevant_constraints=5'876 #num_inclusions=3'508 
%%   5.88e-03s  5.24e-05d  [TransformClausesToExactlyOne] #num_amos=3'606 #num_clauses=1'423 #num_checked=1'423 
%%   1.90e-02s  0.00e+00d  [DetectEncodedComplexDomains] 
%%   9.12e-04s  0.00e+00d  [FindAlmostIdenticalLinearConstraints] 
%%   6.14e-02s  4.95e-02d  [FindBigAtMostOneAndLinearOverlap] 
%%   5.39e-03s  1.17e-02d  [FindBigVerticalLinearOverlap] 
%%   6.31e-03s  1.39e-02d  [FindBigHorizontalLinearOverlap] #linears=223 
%%   1.85e-03s  2.41e-05d  [MergeClauses] 
%%   1.13e-02s  0.00e+00d  [DetectDominanceRelations] 
%%   7.07e-02s  0.00e+00d  [PresolveToFixPoint] #num_loops=2 #num_dual_strengthening=1 
%%   1.02e-02s  0.00e+00d  [DetectDominanceRelations] 
%%   6.40e-02s  0.00e+00d  [PresolveToFixPoint] #num_loops=1 #num_dual_strengthening=1 
%%   2.54e-03s  0.00e+00d  [DetectDuplicateColumns] 
%%   2.36e-03s  0.00e+00d  [DetectDuplicateConstraints] 
%% [Symmetry] Graph for symmetry has 91'841 nodes and 112'425 arcs.
%% [Symmetry] Symmetry computation done. time: 0.0256268 dtime: 0.0313127
%% [Symmetry] #generators: 42, average support size: 232.476
%% [Symmetry] 1885 orbits on 6767 variables with sizes: 10,10,10,10,10,10,10,10,10,10,...
%% [Symmetry] Num fixable by intersecting at_most_one with orbits: 5 largest_orbit: 10
%% [Symmetry] Found orbitope of size 111 x 5
%% [SAT presolve] num removable Booleans: 0 / 18'988
%% [SAT presolve] num trivial clauses: 0
%% [SAT presolve] [0s] clauses:4'918 literals:11'808 vars:4'939 one_side_vars:48 simple_definition:4'891 singleton_clauses:0
%% [SAT presolve] [0.000416264s] clauses:4'918 literals:11'808 vars:4'939 one_side_vars:48 simple_definition:4'891 singleton_clauses:0
%% [SAT presolve] [0.00178927s] clauses:4'918 literals:11'808 vars:4'939 one_side_vars:48 simple_definition:4'891 singleton_clauses:0
%%   3.23e-03s  0.00e+00d  [DetectDuplicateConstraintsWithDifferentEnforcements] 
%%   1.70e+00s  1.00e+00d *[Probe] #probed=102'142 #new_binary_clauses=607'303 
%%   7.47e-02s  2.67e-01d  [MaxClique] 
%%   1.08e-02s  0.00e+00d  [DetectDominanceRelations] 
%%   6.72e-02s  0.00e+00d  [PresolveToFixPoint] #num_loops=1 #num_dual_strengthening=1 
%%   9.42e-03s  0.00e+00d  [ProcessAtMostOneAndLinear] 
%%   2.77e-03s  0.00e+00d  [DetectDuplicateConstraints] 
%%   2.53e-03s  0.00e+00d  [DetectDuplicateConstraintsWithDifferentEnforcements] 
%%   1.18e-03s  6.76e-05d  [DetectDominatedLinearConstraints] #relevant_constraints=244 
%%   6.40e-04s  0.00e+00d  [DetectDifferentVariables] 
%%   5.13e-03s  1.84e-04d  [ProcessSetPPC] #relevant_constraints=5'876 #num_inclusions=3'508 
%%   6.29e-03s  5.24e-05d  [TransformClausesToExactlyOne] #num_amos=3'606 #num_clauses=1'423 #num_checked=1'423 
%%   1.61e-02s  0.00e+00d  [DetectEncodedComplexDomains] 
%%   9.87e-04s  0.00e+00d  [FindAlmostIdenticalLinearConstraints] 
%%   6.74e-02s  4.86e-02d  [FindBigAtMostOneAndLinearOverlap] 
%%   5.40e-03s  1.17e-02d  [FindBigVerticalLinearOverlap] 
%%   6.31e-03s  1.39e-02d  [FindBigHorizontalLinearOverlap] #linears=223 
%%   1.92e-03s  2.41e-05d  [MergeClauses] 
%%   1.04e-02s  0.00e+00d  [DetectDominanceRelations] 
%%   6.76e-02s  0.00e+00d  [PresolveToFixPoint] #num_loops=2 #num_dual_strengthening=1 
%%   5.06e-04s  0.00e+00d  [MergeNoOverlap] 
%%   5.30e-04s  0.00e+00d  [MergeNoOverlap2D] 
%%   1.53e-02s  0.00e+00d  [ExpandObjective] #entries=1'111'301 #tight_variables=14'302 #tight_constraints=700 
%% Presolve summary:
%%   - 23004 affine relations were detected.
%%   - rule 'TODO dual: only one blocking constraint?' was applied 3'274 times.
%%   - rule 'TODO dual: tighten at most one' was applied 436 times.
%%   - rule 'TODO duplicate: skipped identical encoding constraints' was applied 74 times.
%%   - rule 'affine: new relation' was applied 23'004 times.
%%   - rule 'at_most_one: removed literals' was applied 23 times.
%%   - rule 'at_most_one: resolved two constraints with opposite literal' was applied 666 times.
%%   - rule 'at_most_one: size one' was applied 12 times.
%%   - rule 'at_most_one: transformed into max clique' was applied 1 time.
%%   - rule 'bool_and: x => x' was applied 110 times.
%%   - rule 'bool_or: always true' was applied 28 times.
%%   - rule 'bool_or: implications' was applied 4'550 times.
%%   - rule 'deductions: 41254 stored' was applied 1 time.
%%   - rule 'dual: enforced equivalence' was applied 110 times.
%%   - rule 'dual: make encoding equiv' was applied 110 times.
%%   - rule 'element: expanded value element' was applied 111 times.
%%   - rule 'enforcement: false literal' was applied 306 times.
%%   - rule 'enforcement: true literal' was applied 270 times.
%%   - rule 'exactly_one: removed literals' was applied 43 times.
%%   - rule 'linear1: always true' was applied 186 times.
%%   - rule 'linear1: transformed to implication' was applied 74 times.
%%   - rule 'linear: always true' was applied 84 times.
%%   - rule 'linear: extracted at most one (min)' was applied 111 times.
%%   - rule 'linear: fixed or dup variables' was applied 18 times.
%%   - rule 'linear: reduced variable domains' was applied 186 times.
%%   - rule 'linear: remapped using affine relations' was applied 224 times.
%%   - rule 'linear: simplified rhs' was applied 9'450 times.
%%   - rule 'linear: variable substitution 0' was applied 1 time.
%%   - rule 'new_bool: integer encoding' was applied 6'994 times.
%%   - rule 'new_bool: with clause' was applied 1'332 times.
%%   - rule 'presolve: 298 unused variables removed.' was applied 1 time.
%%   - rule 'presolve: iteration' was applied 3 times.
%%   - rule 'probing: bool_or reduced to implication' was applied 28 times.
%%   - rule 'probing: simplified clauses' was applied 6 times.
%%   - rule 'setppc: bool_or in at_most_one' was applied 436 times.
%%   - rule 'symmetry: fixed all but one to false in orbitope row' was applied 7 times.
%%   - rule 'variables: add encoding constraint' was applied 6'994 times.
%%   - rule 'variables: detect fully reified value encoding' was applied 12'431 times.
%%   - rule 'variables: detect half reified value encoding' was applied 25'082 times.
%%   - rule 'variables: detected encoding of a complex domain with multiple linear1' was applied 1'332 times.
%%   - rule 'variables: detected fully encoded domain' was applied 222 times.
%%   - rule 'variables: only used in objective and in encodings' was applied 111 times.
%%   - rule 'variables: only used in value and order encodings' was applied 78 times.
%% Presolved optimization model 'mznfileBuHyhu': (model_fingerprint: 0xc9356089f840cfbd)
%% Search strategy: on 33 variables, CHOOSE_MIN_DOMAIN_SIZE, SELECT_MIN_VALUE
%% #Variables: 18'466 (#bools: 3'663 in objective) (17'730 primary variables)
%%   - 18'322 Booleans in [0,1]
%%   - 75 in [0][2,50]
%%   - 1 in [1,109]
%%   - 3 in [1,110]
%%   - 24 in [1,111]
%%   - 36 in [2,50]
%%   - 1 in [2,110]
%%   - 3 in [2,111]
%%   - 1 in [3,111]
%% #kAtMostOne: 111 (#literals: 2'402)
%% #kBoolAnd: 1'517 (#enforced: 1'517) (#literals: 5'012)
%% #kBoolOr: 1'423 (#literals: 4'818)
%% #kExactlyOne: 625 (#literals: 14'227)
%% #kLinear1: 15'666 (#enforced: 15'666)
%% #kLinear2: 21
%% #kLinearN: 223 (#terms: 22'243)
%% [Symmetry] Graph for symmetry has 64'242 nodes and 109'761 arcs.
%% [Symmetry] Symmetry computation done. time: 0.023157 dtime: 0.0290589
%% [Symmetry] #generators: 42, average support size: 232.476
%% [Symmetry] 1885 orbits on 6767 variables with sizes: 10,10,10,10,10,10,10,10,10,10,...
%% [Symmetry] Found orbitope of size 111 x 5
%% Preloading model.
%% #Bound   7.09s best:inf   next:[0,1221]   initial_domain
%% #Model   7.10s var:18466/18466 constraints:19586/19586
%% Starting search at 7.11s with 14 workers.
%% 10 full problem subsolvers: [core, default_lp, fixed, lb_tree_search, max_lp_sym, no_lp, pseudo_costs, quick_restart, quick_restart_no_lp, reduced_costs]
%% 4 first solution subsolvers: [fj(2), fs_random, fs_random_no_lp]
%% 10 interleaved subsolvers: [feasibility_pump, graph_arc_lns, graph_cst_lns, graph_dec_lns, graph_var_lns, ls, ls_lin, rins/rens, rnd_cst_lns, rnd_var_lns]
%% 3 helper subsolvers: [neighborhood_helper, synchronization_agent, update_gap_integral]
%% #1      12.90s best:49    next:[0,48]     quick_restart_no_lp
%% #2      13.02s best:45    next:[0,44]     rnd_var_lns (d=5.00e-01 s=198 t=0.10 p=0.00 stall=0 h=base)
%% #3      13.20s best:42    next:[0,41]     rnd_cst_lns (d=5.00e-01 s=199 t=0.10 p=0.00 stall=0 h=base)
%% #4      13.24s best:41    next:[0,40]     graph_cst_lns (d=5.00e-01 s=202 t=0.10 p=0.00 stall=0 h=base)
%% #5      13.33s best:40    next:[0,39]     graph_dec_lns (d=5.00e-01 s=203 t=0.10 p=0.00 stall=0 h=base)
%% #6      13.39s best:38    next:[0,37]     ls_lin_restart_decay_compound(batch:1 lin{mvs:0 evals:35'447} gen{mvs:1'223 evals:0} comp{mvs:49 btracks:587} #w_updates:10 #perturb:0)
%% #7      13.78s best:31    next:[0,30]     rnd_var_lns (d=7.07e-01 s=206 t=0.10 p=1.00 stall=0 h=base)
%% #8      14.13s best:21    next:[0,20]     graph_var_lns (d=2.93e-01 s=217 t=0.10 p=0.00 stall=0 h=base)
%% #9      14.37s best:20    next:[0,19]     rnd_var_lns (d=5.38e-01 s=223 t=0.10 p=0.50 stall=0 h=base)
%% #10     14.41s best:13    next:[0,12]     graph_var_lns (d=4.62e-01 s=220 t=0.10 p=0.50 stall=0 h=base)
%% #11     14.86s best:9     next:[0,8]      graph_cst_lns (d=5.38e-01 s=233 t=0.10 p=0.50 stall=0 h=base)
%% #Model  14.97s var:18133/18466 constraints:19145/19586
%% #12     15.03s best:6     next:[0,5]      graph_dec_lns (d=6.92e-01 s=234 t=0.10 p=0.67 stall=0 h=base)
%% #Model  15.07s var:17800/18466 constraints:18704/19586
%% #13     15.15s best:3     next:[0,2]      rnd_cst_lns (d=5.38e-01 s=236 t=0.10 p=0.50 stall=0 h=base)
%% #Model  15.18s var:16801/18466 constraints:17597/19586
%% #14     15.38s best:2     next:[0,1]      graph_var_lns (d=4.81e-01 s=247 t=0.10 p=0.50 stall=0 h=base)
%% #15     15.41s best:1     next:[0,0]      rnd_var_lns (d=6.83e-01 s=245 t=0.10 p=0.60 stall=1 h=base)
%% #16     15.41s best:0     next:[]         rnd_var_lns (d=6.83e-01 s=245 t=0.10 p=0.60 stall=1 h=base) [combined with: graph_var_lns (d=4.8...]
%% #Done   15.42s lb_tree_search
%% Task timing                      n [     min,      max]      avg      dev     time         n [     min,      max]      avg      dev    dtime
%%                  'core':         1 [   8.31s,    8.31s]    8.31s   0.00ns    8.31s         2 [   1.17s,    4.26s]    2.72s    1.55s    5.43s
%%            'default_lp':         1 [   8.38s,    8.38s]    8.38s   0.00ns    8.38s         2 [   1.19s,    2.09s]    1.64s 447.26ms    3.28s
%%      'feasibility_pump':        46 [ 12.32ms, 612.47ms]  51.79ms 122.26ms    2.38s        45 [978.99us, 349.12ms]  20.81ms  73.64ms 936.55ms
%%                 'fixed':         1 [   8.31s,    8.31s]    8.31s   0.00ns    8.31s         2 [   1.19s,    1.45s]    1.32s 127.25ms    2.64s
%%                    'fj':        46 [ 85.05ms, 112.38ms]  96.07ms   5.06ms    4.42s        46 [100.10ms, 100.84ms] 100.47ms 192.84us    4.62s
%%                    'fj':        47 [ 87.55ms, 122.74ms]  94.53ms   5.42ms    4.44s        47 [100.13ms, 100.64ms] 100.34ms 171.15us    4.72s
%%             'fs_random':         1 [   5.79s,    5.79s]    5.79s   0.00ns    5.79s         2 [   1.11s,    1.19s]    1.15s  40.73ms    2.30s
%%       'fs_random_no_lp':         1 [   5.80s,    5.80s]    5.80s   0.00ns    5.80s         2 [   1.17s,    1.61s]    1.39s 223.38ms    2.78s
%%         'graph_arc_lns':         3 [226.40ms, 635.73ms] 418.78ms 168.01ms    1.26s         3 [ 29.79ms, 100.02ms]  76.61ms  33.11ms 229.83ms
%%         'graph_cst_lns':         4 [173.43ms, 639.11ms] 316.48ms 189.60ms    1.27s         4 [993.98us, 100.01ms]  42.72ms  37.57ms 170.88ms
%%         'graph_dec_lns':         4 [126.46ms, 562.54ms] 309.98ms 184.21ms    1.24s         4 [  1.51ms, 100.05ms]  42.49ms  40.26ms 169.94ms
%%         'graph_var_lns':         5 [103.66ms, 453.68ms] 257.09ms 131.97ms    1.29s         5 [  8.01ms, 100.09ms]  61.10ms  39.19ms 305.49ms
%%        'lb_tree_search':         1 [   8.31s,    8.31s]    8.31s   0.00ns    8.31s         2 [   1.49s,    2.40s]    1.95s 455.35ms    3.90s
%%                    'ls':        13 [ 73.47ms,  94.25ms]  80.50ms   5.79ms    1.05s        13 [ 96.59ms, 100.30ms]  99.82ms 936.33us    1.30s
%%                'ls_lin':        13 [ 39.00ms,  86.93ms]  73.24ms  15.57ms 952.15ms        13 [ 37.44ms, 100.22ms]  88.63ms  21.38ms    1.15s
%%            'max_lp_sym':         1 [   8.38s,    8.38s]    8.38s   0.00ns    8.38s         2 [   1.42s,    2.89s]    2.15s 732.10ms    4.31s
%%                 'no_lp':         1 [   8.38s,    8.38s]    8.38s   0.00ns    8.38s         2 [   1.17s,    2.82s]    1.99s 826.72ms    3.99s
%%          'pseudo_costs':         1 [   8.38s,    8.38s]    8.38s   0.00ns    8.38s         2 [   1.19s,    2.33s]    1.76s 570.53ms    3.53s
%%         'quick_restart':         1 [   8.31s,    8.31s]    8.31s   0.00ns    8.31s         2 [   1.19s,    1.99s]    1.59s 400.73ms    3.18s
%%   'quick_restart_no_lp':         1 [   8.31s,    8.31s]    8.31s   0.00ns    8.31s         2 [   1.17s,    2.42s]    1.79s 625.68ms    3.59s
%%         'reduced_costs':         1 [   8.31s,    8.31s]    8.31s   0.00ns    8.31s         2 [   1.21s,    2.24s]    1.73s 512.27ms    3.45s
%%             'rins/rens':        47 [  3.02ms, 284.90ms]  11.25ms  40.36ms 528.52ms         1 [100.01ms, 100.01ms] 100.01ms   0.00ns 100.01ms
%%           'rnd_cst_lns':         4 [236.54ms, 610.20ms] 349.60ms 151.39ms    1.40s         3 [ 43.01ms, 100.01ms]  65.19ms  24.93ms 195.56ms
%%           'rnd_var_lns':         6 [ 74.58ms, 485.93ms] 216.92ms 158.10ms    1.30s         6 [211.23us, 100.01ms]  37.19ms  44.78ms 223.15ms
%% 
%% Search stats               Bools  Conflicts  Branches  Restarts  BacktrackToRoot  Backtrack  BoolPropag  IntegerPropag
%%                  'core':  28'831     16'606   145'645        10           50'415     66'807  16'223'561     12'646'119
%%            'default_lp':  28'831         12    51'133         0           50'412     50'424   6'724'056      5'403'779
%%                 'fixed':  28'831         58    50'734         0           50'412     50'470   6'770'682      5'436'213
%%             'fs_random':  28'831         11    50'517         0           50'412     50'423   6'725'139      5'403'149
%%       'fs_random_no_lp':  28'831        879   189'992         5           90'695    131'614  17'116'639     14'143'117
%%        'lb_tree_search':  28'831          0   181'798         0           90'570    130'592  16'352'168     14'631'433
%%            'max_lp_sym':  28'831         55    52'066         1           50'656     51'475   7'115'380      6'570'631
%%                 'no_lp':  28'831      9'029   243'696         5           90'597    139'626  21'768'065     17'443'965
%%          'pseudo_costs':  28'832        218   189'324         4           90'577    130'817  16'557'415     14'844'884
%%         'quick_restart':  28'831          7    51'264         0           50'412     50'419   6'743'132      5'423'674
%%   'quick_restart_no_lp':  28'863      2'741   347'879       169           90'791    133'542  22'013'273     18'932'458
%%         'reduced_costs':  28'833        236   207'706         3           90'615    130'873  16'631'862     14'860'531
%% 
%% SAT formula               Fixed  Equiv   Total  VarLeft  BinaryClauses  PermanentClauses  TemporaryClauses
%%                  'core':      0      0  28'831   28'831        135'444            11'346             9'330
%%            'default_lp':      0      0  28'831   28'831        135'444            11'264                 6
%%                 'fixed':      0      0  28'831   28'831        135'444            11'261                55
%%             'fs_random':      0      0  28'831   28'831        135'444            11'258                11
%%       'fs_random_no_lp':      0      0  28'831   28'831        123'978            11'374               476
%%        'lb_tree_search':      0      0  28'831   28'831        123'978            11'258                 0
%%            'max_lp_sym':    846    486  28'831   27'499        466'764            10'592                36
%%                 'no_lp':      0      0  28'831   28'831        123'978            11'528             7'238
%%          'pseudo_costs':  1'953      0  28'832   26'879        117'038             9'594                75
%%         'quick_restart':      0      0  28'831   28'831        135'444            11'258                 7
%%   'quick_restart_no_lp':  2'766      0  28'863   26'097        176'606            11'093             1'173
%%         'reduced_costs':    846      0  28'833   27'987        120'788            10'606               109
%% 
%% SAT stats                 ClassicMinim  LitRemoved  LitRemovedBinary  LitLearned  LitForgotten  Subsumed
%%                  'core':        12'515     710'814           732'275   8'712'224     2'847'386     2'821
%%            'default_lp':             7          13                49       2'869             0         0
%%                 'fixed':             3           3             1'227      43'810             0         0
%%             'fs_random':            10          93               237         450             0         0
%%       'fs_random_no_lp':           591      28'193            11'212     123'756             0       282
%%        'lb_tree_search':             0           0                 0           0             0         0
%%            'max_lp_sym':            30       5'208               221       5'088             0        19
%%                 'no_lp':         7'220     364'230           266'114   1'605'658             0     1'499
%%          'pseudo_costs':           164      33'011             2'150      50'013             0       138
%%         'quick_restart':             6          12               241       7'066             0         0
%%   'quick_restart_no_lp':         1'718      38'274            29'821     340'796             0     1'228
%%         'reduced_costs':           199       2'183             2'434     197'357             0       112
%% 
%% Vivification              Clauses  Decisions  LitTrue  Subsumed  LitRemoved  DecisionReused  Conflicts
%%                  'core':        0          0        0         0           0               0          0
%%            'default_lp':        0          0        0         0           0               0          0
%%                 'fixed':        0          0        0         0           0               0          0
%%             'fs_random':        0          0        0         0           0               0          0
%%       'fs_random_no_lp':   22'648     74'612        0         2          50             134          0
%%        'lb_tree_search':   22'517     73'722        0         0           0               0          0
%%            'max_lp_sym':        0          0        0         0           0               0          0
%%                 'no_lp':   22'520     73'731        0         0           0               0          0
%%          'pseudo_costs':   22'521     73'730        0         0           1               0          0
%%         'quick_restart':        0          0        0         0           0               0          0
%%   'quick_restart_no_lp':   22'549     74'257        0         3         127               2          0
%%         'reduced_costs':   22'560     73'937        0         1           6               0          0
%% 
%% Clause deletion           at_true  l_and_not(l)  to_binary  sub_conflict  sub_extra  sub_decisions  sub_eager  sub_vivify  sub_probing  sub_inpro  blocked  eliminated  forgotten  promoted  conflicts
%%                  'core':        0             0          0         2'715        222              0        106           0            0          0        0           0      4'145    47'642     16'606
%%            'default_lp':        0             0          0             0          0              0          0           0            0          0        0           0          0         6         12
%%                 'fixed':        0             0          0             0          0              0          0           0            0          0        0           0          0        55         58
%%             'fs_random':        0             0          0             0          0              0          0           0            0          0        0           0          0        11         11
%%       'fs_random_no_lp':        0             0          0           276          3              0          6           2            0          0        0           0          0     1'568        879
%%        'lb_tree_search':        0             0          0             0          0              0          0           0            0          0        0           0          0         0          0
%%            'max_lp_sym':      144            36        486            17          0              0          2           0            0          0        0           0          0       105         55
%%                 'no_lp':        0             0          0         1'447         22              0         52           0            0          0        0           0          0    24'446      9'029
%%          'pseudo_costs':      292             0      1'377           135          0              0          3           0            0          0        0           0          0       397        218
%%         'quick_restart':        0             0          0             0          0              0          0           0            0          0        0           0          0         7          7
%%   'quick_restart_no_lp':      218             0        262         1'214         14              0         14           3            0          0        0           0          0     4'499      2'741
%%         'reduced_costs':      180             0        486           104          0              0          8           1            0          0        0           0          0       399        236
%% 
%% Lp stats             Component  Iterations  AddedCuts  OPTIMAL  DUAL_F.  DUAL_U.
%%       'default_lp':          1       8'427        754      202        0        9
%%            'fixed':          1       9'369      1'378      405        2       55
%%        'fs_random':          1       5'705        844      147        0        0
%%   'lb_tree_search':          1       4'387      1'302        3        1        0
%%       'max_lp_sym':          1      11'702          0        0      553        6
%%     'pseudo_costs':          1      11'255      2'490       26      547       48
%%    'quick_restart':          1       9'823        880      240        0        7
%%    'reduced_costs':          1       9'541      2'661       23      552       91
%% 
%% Lp dimension              Final dimension of first component
%%       'default_lp':  1017 rows, 17947 columns, 38080 entries
%%            'fixed':   572 rows, 17947 columns, 30125 entries
%%        'fs_random':  1243 rows, 17947 columns, 35143 entries
%%   'lb_tree_search':  6640 rows, 18466 columns, 72223 entries
%%       'max_lp_sym':  6426 rows, 13584 columns, 56795 entries
%%     'pseudo_costs':  1528 rows, 18466 columns, 30649 entries
%%    'quick_restart':  1039 rows, 17947 columns, 37842 entries
%%    'reduced_costs':  1378 rows, 18466 columns, 30765 entries
%% 
%% Lp debug             CutPropag  CutEqPropag  Adjust  Overflow    Bad  BadScaling
%%       'default_lp':          0            0      48         0      0           0
%%            'fixed':          0            0      49         0      0           0
%%        'fs_random':          0            0       0         0      0           0
%%   'lb_tree_search':          0            0       0         0  4'168           0
%%       'max_lp_sym':          0            0     263         0      0           0
%%     'pseudo_costs':          0           31     131         0    930           0
%%    'quick_restart':          0            0     100         0      0           0
%%    'reduced_costs':          0           37      76         0  1'485           0
%% 
%% Lp pool              Constraints  Updates  Simplif  Merged  Shortened  Split  Strengthened    Cuts/Call
%%       'default_lp':        2'160        0        0      33          0      0             0      754/810
%%            'fixed':        2'784        0        0      33          0      0             0  1'378/1'495
%%        'fs_random':        2'250        0        0      33          0      0             0      844/875
%%   'lb_tree_search':        7'887      106        0      33          0     33         2'816  1'302/1'994
%%       'max_lp_sym':        6'426        0        0      31          0      0             0          0/0
%%     'pseudo_costs':        9'075       11    1'643      33      1'619      6         3'604  2'490/3'218
%%    'quick_restart':        2'286        0        0      33          0      0             0      880/930
%%    'reduced_costs':        9'246       15    1'214      33      1'186     12         6'857  2'661/3'555
%% 
%% Lp Cut            fs_random  fixed  quick_restart  reduced_costs  lb_tree_search  default_lp  pseudo_costs
%%           CG_FF:          -      -              -             28               6           -            27
%%            CG_K:          -      -              -              9               4           -            18
%%           CG_KL:          -      -              -              1               -           -             6
%%            CG_R:          -      -              -             17               4           -            24
%%           CG_RB:          -      -              -             26               5           -            12
%%          CG_RBP:          -      -              -             11               -           -             2
%%          Clique:          -      -              -              9              17           -             7
%%              IB:        844  1'378            880            864             100         754           829
%%        MIR_1_FF:          -      -              -            223             135           -           215
%%         MIR_1_K:          -      -              -            120              69           -           112
%%        MIR_1_KL:          -      -              -             96              28           -            94
%%         MIR_1_R:          -      -              -             76              18           -           127
%%        MIR_1_RB:          -      -              -             87             125           -            50
%%       MIR_1_RBP:          -      -              -             21              19           -            11
%%       MIR_1_RLT:          -      -              -              5               -           -             4
%%        MIR_2_FF:          -      -              -            223             141           -           212
%%         MIR_2_K:          -      -              -            145              72           -           133
%%        MIR_2_KL:          -      -              -             96              35           -            85
%%         MIR_2_R:          -      -              -            152              67           -           182
%%        MIR_2_RB:          -      -              -             82              85           -            41
%%       MIR_2_RBP:          -      -              -             12              21           -             9
%%        MIR_3_FF:          -      -              -             40              54           -            33
%%         MIR_3_K:          -      -              -             26              30           -            16
%%        MIR_3_KL:          -      -              -             16              26           -            10
%%         MIR_3_R:          -      -              -             27              52           -            35
%%        MIR_3_RB:          -      -              -              9              29           -             8
%%       MIR_3_RBP:          -      -              -              7               3           -             4
%%        MIR_4_FF:          -      -              -              4              21           -            11
%%         MIR_4_K:          -      -              -              4               8           -             3
%%        MIR_4_KL:          -      -              -              3              10           -             5
%%         MIR_4_R:          -      -              -              2              15           -            18
%%        MIR_4_RB:          -      -              -              4              30           -             4
%%       MIR_4_RBP:          -      -              -              1               5           -             -
%%        MIR_5_FF:          -      -              -              2               6           -             2
%%         MIR_5_K:          -      -              -              1               3           -             2
%%        MIR_5_KL:          -      -              -              1               3           -             1
%%         MIR_5_R:          -      -              -              2               8           -             8
%%        MIR_5_RB:          -      -              -              2              18           -             2
%%       MIR_5_RBP:          -      -              -              1               2           -             -
%%        MIR_6_FF:          -      -              -              1               4           -             2
%%         MIR_6_K:          -      -              -              1               5           -             -
%%        MIR_6_KL:          -      -              -              1               3           -             1
%%         MIR_6_R:          -      -              -              1               8           -             3
%%        MIR_6_RB:          -      -              -              2               8           -             2
%%       MIR_6_RBP:          -      -              -              -               -           -             1
%%    ZERO_HALF_FF:          -      -              -             62               -           -            39
%%     ZERO_HALF_K:          -      -              -             20               -           -            18
%%    ZERO_HALF_KL:          -      -              -              8               -           -             -
%%     ZERO_HALF_R:          -      -              -             62               -           -            31
%%    ZERO_HALF_RB:          -      -              -             41               -           -            30
%%   ZERO_HALF_RBP:          -      -              -              7               -           -             1
%% 
%% LNS stats           Improv/Calls  Closed  Difficulty  TimeLimit
%%   'graph_arc_lns':           2/3     33%    3.59e-01       0.10
%%   'graph_cst_lns':           3/4     75%    7.87e-01       0.10
%%   'graph_dec_lns':           4/4     75%    7.87e-01       0.10
%%   'graph_var_lns':           5/5     60%    6.31e-01       0.10
%%       'rins/rens':           1/1      0%    2.93e-01       0.10
%%     'rnd_cst_lns':           3/3     67%    6.92e-01       0.10
%%     'rnd_var_lns':           5/6     67%    7.70e-01       0.10
%% 
%% LS stats                                    Batches  Restarts/Perturbs  LinMoves  GenMoves  CompoundMoves  Bactracks  WeightUpdates  ScoreComputed
%%                              'fj_restart':        9                  4    55'380         0              0          0          1'196        563'463
%%                     'fj_restart_compound':        6                  3         0    38'682          6'797     15'936             21      1'398'624
%%                 'fj_restart_compound_obj':        4                  4         0    26'673          4'651     10'999              9      1'166'855
%%             'fj_restart_compound_perturb':        4                  4         0    21'195          6'587      7'301             10        939'737
%%         'fj_restart_compound_perturb_obj':        4                  3         0    21'632          5'688      7'968             12        887'931
%%                        'fj_restart_decay':       11                  3    92'277         0              0          0            762        790'775
%%               'fj_restart_decay_compound':       18                  6         0    94'578         15'696     39'429             40      3'569'930
%%           'fj_restart_decay_compound_obj':        4                  3         0    24'940          6'074      9'422             13        916'458
%%       'fj_restart_decay_compound_perturb':        3                  2         0    16'732          4'467      6'129              8        662'596
%%   'fj_restart_decay_compound_perturb_obj':        3                  2         0    18'479          4'760      6'856             10        619'028
%%                    'fj_restart_decay_obj':        2                  2    15'264         0              0          0            140        137'578
%%                'fj_restart_decay_perturb':        3                  2    24'581         0              0          0            227        227'257
%%            'fj_restart_decay_perturb_obj':        4                  2    32'188         0              0          0            294        301'353
%%                          'fj_restart_obj':        4                  3    25'442         0              0          0            461        252'505
%%                      'fj_restart_perturb':       11                  3    62'601         0              0          0          2'443        742'595
%%                  'fj_restart_perturb_obj':        3                  2    19'337         0              0          0            550        203'032
%%                          'ls_lin_restart':        3                  3     5'854         0              0          0          3'432        151'218
%%                 'ls_lin_restart_compound':        2                  2         0     4'488            148      2'170             46        225'295
%%         'ls_lin_restart_compound_perturb':        1                  1         0     2'106             79      1'012             27        110'276
%%           'ls_lin_restart_decay_compound':        3                  3         0     4'923            456      2'232             40        213'582
%%   'ls_lin_restart_decay_compound_perturb':        1                  1         0       769             17        376              7         52'778
%%            'ls_lin_restart_decay_perturb':        2                  2     6'877         0              0          0            264        119'771
%%                  'ls_lin_restart_perturb':        1                  1     1'898         0              0          0          1'051         44'811
%%                              'ls_restart':        4                  4     7'614         0              0          0          4'703        191'845
%%                     'ls_restart_compound':        1                  1         0     2'280             80      1'100             29        122'584
%%                        'ls_restart_decay':        3                  3    10'545         0              0          0            343        169'214
%%               'ls_restart_decay_compound':        1                  1         0     2'279            148      1'065             20         95'269
%%       'ls_restart_decay_compound_perturb':        2                  2         0     4'119            213      1'953             39        186'175
%%                      'ls_restart_perturb':        2                  2     3'836         0              0          0          2'246         99'355
%% 
%% Solutions (16)                      Num    Rank
%%                   'graph_cst_lns':    4  [3,11]
%%                   'graph_dec_lns':    4  [4,12]
%%                   'graph_var_lns':    6  [7,14]
%%   'ls_lin_restart_decay_compound':    2   [5,6]
%%             'quick_restart_no_lp':    2   [0,1]
%%                     'rnd_cst_lns':    4  [2,13]
%%                     'rnd_var_lns':   10  [1,16]
%% 
%% Objective bounds     Num
%%   'initial_domain':    1
%% 
%% Solution repositories    Added  Queried  Synchro
%%     'alternative_path':      1        0        1
%%       'best_solutions':     29       52       27
%%    'fj solution hints':     40        0       40
%%         'lp solutions':    337       37       65
%%                 'pump':     22       10
%% 
%% Improving bounds shared      Num  Sym
%%    'quick_restart_no_lp':  2'586    0
%% 
%% Clauses shared            #Exported  #Imported  #BinaryRead  #BinaryTotal
%%                  'core':          0          0            0       138'189
%%            'default_lp':          0          0            0       138'189
%%                 'fixed':          0          0            0       138'189
%%             'fs_random':          0          0            0       138'189
%%       'fs_random_no_lp':          0          0            0       138'189
%%        'lb_tree_search':          0          0            0       138'189
%%            'max_lp_sym':    138'187          0       65'746       138'189
%%                 'no_lp':          3          0            0       138'189
%%          'pseudo_costs':          0          3       73'766       138'189
%%         'quick_restart':          0          0            0       138'189
%%   'quick_restart_no_lp':          2          2      131'123       138'189
%%         'reduced_costs':          0          0            0       138'189
%% 
%% LRAT_status: NA
%% CpSolverResponse summary:
%% status: OPTIMAL
%% objective: 0
%% best_bound: 0
%% integers: 19229
%% booleans: 28831
%% conflicts: 11
%% branches: 50517
%% propagations: 6725139
%% integer_propagations: 5403149
%% restarts: 0
%% lp_iterations: 5705
%% walltime: 15.5569
%% usertime: 15.5569
%% deterministic_time: 60.4512
%% gap_integral: 208.252
%% solution_fingerprint: 0xafcf06c2f2a7ae04
%% 
assign = [1, 40, 24, 8, 34, 4, 1, 4, 1, 38, 4, 16, 5, 5, 12, 12, 4, 14, 12, 37, 5, 1, 8, 38, 4, 13, 7, 10, 44, 46, 13, 57, 46, 41, 29, 34, 15, 20, 21, 11, 21, 37, 26, 54, 49, 28, 22, 24, 25, 45, 27, 19, 16, 7, 11, 47, 3, 26, 28, 23, 17, 44, 30, 33, 30, 35, 6, 23, 31, 51, 11, 18, 33, 55, 36, 41, 32, 39, 2, 29, 9, 10, 53, 57, 40, 27, 47, 42, 45, 19, 42, 43, 35, 9, 51, 14, 56, 48, 43, 25, 50, 31, 53, 36, 55, 48, 52, 49, 54, 50, 52];
objective = 0;
----------
==========
   Done (overall time 17.50 s).
