# WCTIME: wall clock time in seconds
WCTIME=4.51497
# CPUTIME: CPU time in seconds (USERTIME+SYSTEMTIME)
CPUTIME=4.49705
# USERTIME: CPU time spent in user mode in seconds
USERTIME=4.29405
# SYSTEMTIME: CPU time spent in system mode in seconds
SYSTEMTIME=0.203005
# CPUUSAGE: CPUTIME/WCTIME in percent
CPUUSAGE=99.6031
# MAXVM: maximum virtual memory used in KiB
MAXVM=487048
# MAXMM: maximum memory used in KiB
MAXMM=275740
# MAXRSS: maximum Resident Segment Size in KiB
MAXRSS=288784
# TIMEOUT: did the solver exceed the time limit?
TIMEOUT=false
# MEMOUT: did the solver exceed the memory limit?
MEMOUT=false
# EXITSTATUS: Exit status of the solver
EXITSTATUS=0
