# WCTIME: wall clock time in seconds
WCTIME=136.597
# CPUTIME: CPU time in seconds (USERTIME+SYSTEMTIME)
CPUTIME=135.959
# USERTIME: CPU time spent in user mode in seconds
USERTIME=135.404
# SYSTEMTIME: CPU time spent in system mode in seconds
SYSTEMTIME=0.554739
# CPUUSAGE: CPUTIME/WCTIME in percent
CPUUSAGE=99.5331
# MAXVM: maximum virtual memory used in KiB
MAXVM=407696
# MAXMM: maximum memory used in KiB
MAXMM=230320
# MAXRSS: maximum Resident Segment Size in KiB
MAXRSS=244176
# TIMEOUT: did the solver exceed the time limit?
TIMEOUT=false
# MEMOUT: did the solver exceed the memory limit?
MEMOUT=false
# EXITSTATUS: Exit status of the solver
EXITSTATUS=0
