# WCTIME: wall clock time in seconds
WCTIME=9.6094
# CPUTIME: CPU time in seconds (USERTIME+SYSTEMTIME)
CPUTIME=9.5284
# USERTIME: CPU time spent in user mode in seconds
USERTIME=9.3591
# SYSTEMTIME: CPU time spent in system mode in seconds
SYSTEMTIME=0.169305
# CPUUSAGE: CPUTIME/WCTIME in percent
CPUUSAGE=99.1571
# MAXVM: maximum virtual memory used in KiB
MAXVM=373280
# MAXMM: maximum memory used in KiB
MAXMM=180324
# MAXRSS: maximum Resident Segment Size in KiB
MAXRSS=185612
# TIMEOUT: did the solver exceed the time limit?
TIMEOUT=false
# MEMOUT: did the solver exceed the memory limit?
MEMOUT=false
# EXITSTATUS: Exit status of the solver
EXITSTATUS=0
