# WCTIME: wall clock time in seconds
WCTIME=152.579
# CPUTIME: CPU time in seconds (USERTIME+SYSTEMTIME)
CPUTIME=151.631
# USERTIME: CPU time spent in user mode in seconds
USERTIME=150.812
# SYSTEMTIME: CPU time spent in system mode in seconds
SYSTEMTIME=0.818752
# CPUUSAGE: CPUTIME/WCTIME in percent
CPUUSAGE=99.3788
# MAXVM: maximum virtual memory used in KiB
MAXVM=320696
# MAXMM: maximum memory used in KiB
MAXMM=145644
# MAXRSS: maximum Resident Segment Size in KiB
MAXRSS=147184
# TIMEOUT: did the solver exceed the time limit?
TIMEOUT=false
# MEMOUT: did the solver exceed the memory limit?
MEMOUT=false
# EXITSTATUS: Exit status of the solver
EXITSTATUS=0
