# WCTIME: wall clock time in seconds
WCTIME=1.54488
# CPUTIME: CPU time in seconds (USERTIME+SYSTEMTIME)
CPUTIME=4.24585
# USERTIME: CPU time spent in user mode in seconds
USERTIME=4.11213
# SYSTEMTIME: CPU time spent in system mode in seconds
SYSTEMTIME=0.133721
# CPUUSAGE: CPUTIME/WCTIME in percent
CPUUSAGE=274.834
# MAXVM: maximum virtual memory used in KiB
MAXVM=1176756
# MAXMM: maximum memory used in KiB
MAXMM=100272
# MAXRSS: maximum Resident Segment Size in KiB
MAXRSS=101880
# TIMEOUT: did the solver exceed the time limit?
TIMEOUT=false
# MEMOUT: did the solver exceed the memory limit?
MEMOUT=false
# EXITSTATUS: Exit status of the solver
EXITSTATUS=0
