# WCTIME: wall clock time in seconds
WCTIME=680.031
# CPUTIME: CPU time in seconds (USERTIME+SYSTEMTIME)
CPUTIME=677.556
# USERTIME: CPU time spent in user mode in seconds
USERTIME=646.535
# SYSTEMTIME: CPU time spent in system mode in seconds
SYSTEMTIME=31.0212
# CPUUSAGE: CPUTIME/WCTIME in percent
CPUUSAGE=99.6361
# MAXVM: maximum virtual memory used in KiB
MAXVM=58624524
# MAXMM: maximum memory used in KiB
MAXMM=54653000
# MAXRSS: maximum Resident Segment Size in KiB
MAXRSS=54649992
# TIMEOUT: did the solver exceed the time limit?
TIMEOUT=false
# MEMOUT: did the solver exceed the memory limit?
MEMOUT=false
# EXITSTATUS: Exit status of the solver
EXITSTATUS=0
