# WCTIME: wall clock time in seconds
WCTIME=1801.14
# CPUTIME: CPU time in seconds (USERTIME+SYSTEMTIME)
CPUTIME=1790.62
# USERTIME: CPU time spent in user mode in seconds
USERTIME=1740.62
# SYSTEMTIME: CPU time spent in system mode in seconds
SYSTEMTIME=50.0034
# CPUUSAGE: CPUTIME/WCTIME in percent
CPUUSAGE=99.4161
# MAXVM: maximum virtual memory used in KiB
MAXVM=28011220
# MAXMM: maximum memory used in KiB
MAXMM=27509228
# MAXRSS: maximum Resident Segment Size in KiB
MAXRSS=27506564
# TIMEOUT: did the solver exceed the time limit?
TIMEOUT=true
# MEMOUT: did the solver exceed the memory limit?
MEMOUT=false
# EXITSTATUS: Exit status of the solver
EXITSTATUS=36608
