# WCTIME: wall clock time in seconds
WCTIME=1800.55
# CPUTIME: CPU time in seconds (USERTIME+SYSTEMTIME)
CPUTIME=1793.31
# USERTIME: CPU time spent in user mode in seconds
USERTIME=1643.66
# SYSTEMTIME: CPU time spent in system mode in seconds
SYSTEMTIME=149.648
# CPUUSAGE: CPUTIME/WCTIME in percent
CPUUSAGE=99.598
# MAXVM: maximum virtual memory used in KiB
MAXVM=21436920
# MAXMM: maximum memory used in KiB
MAXMM=20281484
# MAXRSS: maximum Resident Segment Size in KiB
MAXRSS=20278376
# TIMEOUT: did the solver exceed the time limit?
TIMEOUT=true
# MEMOUT: did the solver exceed the memory limit?
MEMOUT=false
# EXITSTATUS: Exit status of the solver
EXITSTATUS=36608
