# WCTIME: wall clock time in seconds
WCTIME=81.0959
# CPUTIME: CPU time in seconds (USERTIME+SYSTEMTIME)
CPUTIME=1804.54
# USERTIME: CPU time spent in user mode in seconds
USERTIME=1790.33
# SYSTEMTIME: CPU time spent in system mode in seconds
SYSTEMTIME=14.2054
# CPUUSAGE: CPUTIME/WCTIME in percent
CPUUSAGE=2225.19
# MAXVM: maximum virtual memory used in KiB
MAXVM=9531828
# MAXMM: maximum memory used in KiB
MAXMM=6768752
# MAXRSS: maximum Resident Segment Size in KiB
MAXRSS=6771844
# TIMEOUT: did the solver exceed the time limit?
TIMEOUT=true
# MEMOUT: did the solver exceed the memory limit?
MEMOUT=false
# EXITSTATUS: Exit status of the solver
EXITSTATUS=15
