# WCTIME: wall clock time in seconds
WCTIME=1800.15
# CPUTIME: CPU time in seconds (USERTIME+SYSTEMTIME)
CPUTIME=1780.51
# USERTIME: CPU time spent in user mode in seconds
USERTIME=1776.86
# SYSTEMTIME: CPU time spent in system mode in seconds
SYSTEMTIME=3.65031
# CPUUSAGE: CPUTIME/WCTIME in percent
CPUUSAGE=98.9091
# MAXVM: maximum virtual memory used in KiB
MAXVM=1444300
# MAXMM: maximum memory used in KiB
MAXMM=1148980
# MAXRSS: maximum Resident Segment Size in KiB
MAXRSS=1146016
# TIMEOUT: did the solver exceed the time limit?
TIMEOUT=true
# MEMOUT: did the solver exceed the memory limit?
MEMOUT=false
# EXITSTATUS: Exit status of the solver
EXITSTATUS=36608
