  * Generating the file /tmp/tmp3lkj7iap.xml completed in [92m1.86[0m seconds.
Parsing XCSP3 file: /tmp/tmp3lkj7iap.xml

  [93mWarning: [0mAuto-adjustment of array indexing from a slice slice(None, 5, None)
	   Other possible similar cases are not displayed

Set sum minimization objective
Now the file is parsed, starting solving with ortools...
Starting OR-Tools solver...
o 8866.0
o 8767.0
o 8766.0
o 8765.0
o 8764.0
o 8763.0
o 8762.0
o 8761.0
o 8667.0
o 8665.0
o 8664.0
o 8663.0
o 8662.0
o 8661.0
