# WCTIME: wall clock time in seconds
WCTIME=321.399
# CPUTIME: CPU time in seconds (USERTIME+SYSTEMTIME)
CPUTIME=315.64
# USERTIME: CPU time spent in user mode in seconds
USERTIME=257.534
# SYSTEMTIME: CPU time spent in system mode in seconds
SYSTEMTIME=58.1052
# CPUUSAGE: CPUTIME/WCTIME in percent
CPUUSAGE=98.2081
# MAXVM: maximum virtual memory used in KiB
MAXVM=72704024
# MAXMM: maximum memory used in KiB
MAXMM=69598588
# MAXRSS: maximum Resident Segment Size in KiB
MAXRSS=69595476
# TIMEOUT: did the solver exceed the time limit?
TIMEOUT=false
# MEMOUT: did the solver exceed the memory limit?
MEMOUT=false
# EXITSTATUS: Exit status of the solver
EXITSTATUS=0
