# WCTIME: wall clock time in seconds
WCTIME=0.625292
# CPUTIME: CPU time in seconds (USERTIME+SYSTEMTIME)
CPUTIME=0.59214
# USERTIME: CPU time spent in user mode in seconds
USERTIME=0.561919
# SYSTEMTIME: CPU time spent in system mode in seconds
SYSTEMTIME=0.030221
# CPUUSAGE: CPUTIME/WCTIME in percent
CPUUSAGE=94.6981
# MAXVM: maximum virtual memory used in KiB
MAXVM=215884
# MAXMM: maximum memory used in KiB
MAXMM=20756
# MAXRSS: maximum Resident Segment Size in KiB
MAXRSS=20036
# TIMEOUT: did the solver exceed the time limit?
TIMEOUT=false
# MEMOUT: did the solver exceed the memory limit?
MEMOUT=false
# EXITSTATUS: Exit status of the solver
EXITSTATUS=0
