# WCTIME: wall clock time in seconds
WCTIME=180.597
# CPUTIME: CPU time in seconds (USERTIME+SYSTEMTIME)
CPUTIME=179.71
# USERTIME: CPU time spent in user mode in seconds
USERTIME=123.024
# SYSTEMTIME: CPU time spent in system mode in seconds
SYSTEMTIME=56.6856
# CPUUSAGE: CPUTIME/WCTIME in percent
CPUUSAGE=99.5085
# MAXVM: maximum virtual memory used in KiB
MAXVM=134216364
# MAXMM: maximum memory used in KiB
MAXMM=124508328
# MAXRSS: maximum Resident Segment Size in KiB
MAXRSS=124625044
# TIMEOUT: did the solver exceed the time limit?
TIMEOUT=false
# MEMOUT: did the solver exceed the memory limit?
MEMOUT=false
# EXITSTATUS: Exit status of the solver
EXITSTATUS=35072
