c cmd: /host-parser-bin/kat_xcsp_dbb61f6f_dirty_portfolio_v3_cop1000_20260529 /bench/competition/2022-2025/COP22to25/RLFAP-scen-11-opt_c22.xml.lzma --encoder portfolio --portfolio-strategy v3 --cop-pipeline guarded-basic --cop-objective-cut direct-expr --cop-objective-cut-timing incremental-hard --cop-objective-cut-backend cnf --table-encoding mdd-tl --cumulative-mode exact --cumulative-decomposition time-rd --progress --log-scop-linear-pb-backend auto --log-scop-bdd-decomposition auto --log-scop-aggregate-weighted-lits --order-ge-shorten-link-cost --direct-eq-ne-max-arity 2 --eq-ne-encoding direct --portfolio-log-scop-eq-ne-encoding ge-rewrite
c version: kat-cli=0.1.0 git=dbb61f6f42fd-dirty
c run_start_local: 2026-05-29 20:13:20 +0900
c 00h00m00s | solve:start
c 00h00m00s | input: constraints=4150
c 00h00m00s | stage:propagate:start
c 00h00m00s | stage:propagate:done ms=33 pruned=0 changed_domains=0 entailed_tables=0
c 00h00m00s | memory:rss checkpoint=after_propagate bytes=251592704 rss=239.94MiB
c 00h00m00s | stage:normalize:start
c 00h00m00s | stage:normalize:done ms=0 high_constraints=4150
c 00h00m00s | stage:lower:start
c 00h00m00s | stage:lower:progress percent=10 processed=415 total=4150 lowered=415 unsupported=0 ms=4
c 00h00m00s | stage:lower:progress percent=20 processed=830 total=4150 lowered=830 unsupported=0 ms=8
c 00h00m00s | stage:lower:progress percent=30 processed=1245 total=4150 lowered=1245 unsupported=0 ms=12
c 00h00m00s | stage:lower:progress percent=40 processed=1660 total=4150 lowered=1660 unsupported=0 ms=16
c 00h00m00s | stage:lower:progress percent=50 processed=2075 total=4150 lowered=2075 unsupported=0 ms=20
c 00h00m00s | stage:lower:progress percent=60 processed=2490 total=4150 lowered=2490 unsupported=0 ms=24
c 00h00m00s | stage:lower:progress percent=70 processed=2905 total=4150 lowered=2905 unsupported=0 ms=27
c 00h00m00s | stage:lower:progress percent=80 processed=3320 total=4150 lowered=3320 unsupported=0 ms=31
c 00h00m00s | stage:lower:progress percent=90 processed=3735 total=4150 lowered=3735 unsupported=0 ms=36
c 00h00m08s | stage:lower:progress percent=100 processed=4150 total=4150 lowered=4150 unsupported=0 ms=8669
c 00h00m08s | stage:lower:done ms=8681 lowered=4150 unsupported=0
c 00h00m08s | memory:rss checkpoint=after_lower bytes=323997696 rss=308.99MiB
c 00h00m08s | stage:post_lower:start
c 00h00m09s | stage:post_lower:done ms=353 rounds=0 tightened=0 removed_cls=45308 removed_lits=45308 unsat=false precise_hits=0 precise_rounds=0 pivot_recomputes=0 pivot_exact_attempts=0 pivot_general_attempts=0 pivot_general_rest_missing=0 pivot_general_bound_missing=0 pivot_general_no_change=0 pivot_general_tightened=0 setup_ms=150 loop_ms=171 pivot_ms=0 pivot_version_ms=0 pivot_exact_ms=0 pivot_general_ms=0 pivot_general_prepare_ms=0 pivot_general_rest_ms=0 pivot_general_derive_ms=0 apply_ms=30 sat_ms=0 precise_ms=0
c 00h00m09s | memory:rss checkpoint=after_post_lower bytes=423149568 rss=403.55MiB
c 00h00m09s | memory:rss checkpoint=before_preencode bytes=423170048 rss=403.57MiB
c 00h00m09s | stage:preencode(order-ge):start
c 00h00m09s | stage:preencode(order-ge):done ms=469 int_vars=3923
c 00h00m09s | memory:rss checkpoint=after_preencode bytes=512745472 rss=488.99MiB
c 00h00m09s | memory:rss checkpoint=before_encode bytes=512745472 rss=488.99MiB
c 00h00m09s | stage:encode(order-ge):start
c 00h00m09s | memory:rss checkpoint=encode_clause_sample stage=order-ge clauses=630264 bytes=522772480 rss=498.55MiB progress_percent=10 processed=150590 total=1505897
c 00h00m09s | stage:encode(order-ge):progress percent=10 processed=150590 total=1505897 sat_clauses=630264 ms=285
c 00h00m09s | memory:rss checkpoint=encode_clause_sample stage=order-ge clauses=781540 bytes=524869632 rss=500.55MiB progress_percent=20 processed=301180 total=1505897
c 00h00m09s | stage:encode(order-ge):progress percent=20 processed=301180 total=1505897 sat_clauses=781540 ms=332
c 00h00m09s | memory:rss checkpoint=encode_clause_sample stage=order-ge clauses=932978 bytes=525168640 rss=500.84MiB progress_percent=30 processed=451770 total=1505897
c 00h00m09s | stage:encode(order-ge):progress percent=30 processed=451770 total=1505897 sat_clauses=932978 ms=395
c 00h00m09s | memory:rss checkpoint=encode_clause_sample stage=order-ge clauses=1084853 bytes=526553088 rss=502.16MiB progress_percent=40 processed=602359 total=1505897
c 00h00m09s | stage:encode(order-ge):progress percent=40 processed=602359 total=1505897 sat_clauses=1084853 ms=447
c 00h00m10s | memory:rss checkpoint=encode_clause_sample stage=order-ge clauses=1236954 bytes=537321472 rss=512.43MiB progress_percent=50 processed=752949 total=1505897
c 00h00m10s | stage:encode(order-ge):progress percent=50 processed=752949 total=1505897 sat_clauses=1236954 ms=502
c 00h00m10s | memory:rss checkpoint=encode_clause_sample stage=order-ge clauses=1389030 bytes=539537408 rss=514.54MiB progress_percent=60 processed=903539 total=1505897
c 00h00m10s | stage:encode(order-ge):progress percent=60 processed=903539 total=1505897 sat_clauses=1389030 ms=571
c 00h00m10s | memory:rss checkpoint=encode_clause_sample stage=order-ge clauses=1540711 bytes=539701248 rss=514.70MiB progress_percent=70 processed=1054128 total=1505897
c 00h00m10s | stage:encode(order-ge):progress percent=70 processed=1054128 total=1505897 sat_clauses=1540711 ms=626
c 00h00m10s | memory:rss checkpoint=encode_clause_sample stage=order-ge clauses=1692217 bytes=542449664 rss=517.32MiB progress_percent=80 processed=1204718 total=1505897
c 00h00m10s | stage:encode(order-ge):progress percent=80 processed=1204718 total=1505897 sat_clauses=1692217 ms=688
c 00h00m10s | memory:rss checkpoint=encode_clause_sample stage=order-ge clauses=1843450 bytes=542539776 rss=517.41MiB progress_percent=90 processed=1355308 total=1505897
c 00h00m10s | stage:encode(order-ge):progress percent=90 processed=1355308 total=1505897 sat_clauses=1843450 ms=759
c 00h00m10s | memory:rss checkpoint=encode_clause_sample stage=order-ge clauses=2034426 bytes=544739328 rss=519.50MiB progress_percent=100 processed=1505897 total=1505897
c 00h00m10s | stage:encode(order-ge):progress percent=100 processed=1505897 total=1505897 sat_clauses=2034426 ms=831
c 00h00m10s | stage:encode(order-ge):done ms=831 sat_vars=145066 sat_clauses=2034426 ext_ge_specs=0 relaxed_circuits=0
c 00h00m10s | stage:sat:init solver=CaDiCaL vars=145066 clauses=2034426
c 00h00m10s | stage:sat:solve:start assumptions=0 phase_lits=0
c 00h00m10s | stage:sat:solve:done ms=110 result=Sat assumptions=0 phase_lits=0
c 00h00m10s | stage:decode:start
c 00h00m10s | stage:decode:done int_assignments=680
c 00h00m10s | result:Sat
c 00h00m20s | objective:incumbent kind=initial value=42 rounds=1 improvements=0
o 42
c 00h00m00s | solve:start
c 00h00m00s | input: constraints=4150
c 00h00m00s | stage:propagate:start
c 00h00m00s | stage:propagate:done ms=33 pruned=0 changed_domains=0 entailed_tables=0
c 00h00m00s | memory:rss checkpoint=after_propagate bytes=466489344 rss=444.88MiB
c 00h00m00s | stage:normalize:start
c 00h00m00s | stage:normalize:done ms=0 high_constraints=4150
c 00h00m00s | stage:lower:start
c 00h00m00s | stage:lower:progress percent=10 processed=415 total=4150 lowered=415 unsupported=0 ms=4
c 00h00m00s | stage:lower:progress percent=20 processed=830 total=4150 lowered=830 unsupported=0 ms=8
c 00h00m00s | stage:lower:progress percent=30 processed=1245 total=4150 lowered=1245 unsupported=0 ms=12
c 00h00m00s | stage:lower:progress percent=40 processed=1660 total=4150 lowered=1660 unsupported=0 ms=16
c 00h00m00s | stage:lower:progress percent=50 processed=2075 total=4150 lowered=2075 unsupported=0 ms=20
c 00h00m00s | stage:lower:progress percent=60 processed=2490 total=4150 lowered=2490 unsupported=0 ms=24
c 00h00m00s | stage:lower:progress percent=70 processed=2905 total=4150 lowered=2905 unsupported=0 ms=28
c 00h00m00s | stage:lower:progress percent=80 processed=3320 total=4150 lowered=3320 unsupported=0 ms=31
c 00h00m00s | stage:lower:progress percent=90 processed=3735 total=4150 lowered=3735 unsupported=0 ms=36
c 00h00m08s | stage:lower:progress percent=100 processed=4150 total=4150 lowered=4150 unsupported=0 ms=8682
c 00h00m08s | stage:lower:done ms=8692 lowered=4150 unsupported=0
c 00h00m08s | memory:rss checkpoint=after_lower bytes=504270848 rss=480.91MiB
c 00h00m08s | stage:post_lower:start
c 00h00m09s | stage:post_lower:done ms=298 rounds=0 tightened=0 removed_cls=45308 removed_lits=45308 unsat=false precise_hits=0 precise_rounds=0 pivot_recomputes=0 pivot_exact_attempts=0 pivot_general_attempts=0 pivot_general_rest_missing=0 pivot_general_bound_missing=0 pivot_general_no_change=0 pivot_general_tightened=0 setup_ms=101 loop_ms=171 pivot_ms=0 pivot_version_ms=0 pivot_exact_ms=0 pivot_general_ms=0 pivot_general_prepare_ms=0 pivot_general_rest_ms=0 pivot_general_derive_ms=0 apply_ms=24 sat_ms=0 precise_ms=0
c 00h00m09s | memory:rss checkpoint=after_post_lower bytes=504270848 rss=480.91MiB
c 00h00m09s | memory:rss checkpoint=before_preencode bytes=504270848 rss=480.91MiB
c 00h00m09s | stage:preencode(order-ge):start
c 00h00m09s | stage:preencode(order-ge):done ms=460 int_vars=3923
c 00h00m09s | memory:rss checkpoint=after_preencode bytes=529444864 rss=504.92MiB
c 00h00m09s | memory:rss checkpoint=before_encode bytes=529444864 rss=504.92MiB
c 00h00m09s | stage:encode(order-ge):start
c 00h00m09s | memory:rss checkpoint=encode_clause_sample stage=order-ge clauses=630264 bytes=536129536 rss=511.29MiB progress_percent=10 processed=150590 total=1505897
c 00h00m09s | stage:encode(order-ge):progress percent=10 processed=150590 total=1505897 sat_clauses=630264 ms=285
c 00h00m09s | memory:rss checkpoint=encode_clause_sample stage=order-ge clauses=781540 bytes=536129536 rss=511.29MiB progress_percent=20 processed=301180 total=1505897
c 00h00m09s | stage:encode(order-ge):progress percent=20 processed=301180 total=1505897 sat_clauses=781540 ms=331
c 00h00m09s | memory:rss checkpoint=encode_clause_sample stage=order-ge clauses=932978 bytes=536870912 rss=512.00MiB progress_percent=30 processed=451770 total=1505897
c 00h00m09s | stage:encode(order-ge):progress percent=30 processed=451770 total=1505897 sat_clauses=932978 ms=395
c 00h00m09s | memory:rss checkpoint=encode_clause_sample stage=order-ge clauses=1084853 bytes=537939968 rss=513.02MiB progress_percent=40 processed=602359 total=1505897
c 00h00m09s | stage:encode(order-ge):progress percent=40 processed=602359 total=1505897 sat_clauses=1084853 ms=443
c 00h00m09s | memory:rss checkpoint=encode_clause_sample stage=order-ge clauses=1236954 bytes=548843520 rss=523.42MiB progress_percent=50 processed=752949 total=1505897
c 00h00m09s | stage:encode(order-ge):progress percent=50 processed=752949 total=1505897 sat_clauses=1236954 ms=499
c 00h00m10s | memory:rss checkpoint=encode_clause_sample stage=order-ge clauses=1389030 bytes=550940672 rss=525.42MiB progress_percent=60 processed=903539 total=1505897
c 00h00m10s | stage:encode(order-ge):progress percent=60 processed=903539 total=1505897 sat_clauses=1389030 ms=564
c 00h00m10s | memory:rss checkpoint=encode_clause_sample stage=order-ge clauses=1540711 bytes=550940672 rss=525.42MiB progress_percent=70 processed=1054128 total=1505897
c 00h00m10s | stage:encode(order-ge):progress percent=70 processed=1054128 total=1505897 sat_clauses=1540711 ms=619
c 00h00m10s | memory:rss checkpoint=encode_clause_sample stage=order-ge clauses=1692217 bytes=553037824 rss=527.42MiB progress_percent=80 processed=1204718 total=1505897
c 00h00m10s | stage:encode(order-ge):progress percent=80 processed=1204718 total=1505897 sat_clauses=1692217 ms=679
c 00h00m10s | memory:rss checkpoint=encode_clause_sample stage=order-ge clauses=1843450 bytes=553037824 rss=527.42MiB progress_percent=90 processed=1355308 total=1505897
c 00h00m10s | stage:encode(order-ge):progress percent=90 processed=1355308 total=1505897 sat_clauses=1843450 ms=752
c 00h00m10s | memory:rss checkpoint=encode_clause_sample stage=order-ge clauses=2034426 bytes=554106880 rss=528.44MiB progress_percent=100 processed=1505897 total=1505897
c 00h00m10s | stage:encode(order-ge):progress percent=100 processed=1505897 total=1505897 sat_clauses=2034426 ms=828
c 00h00m10s | stage:encode(order-ge):done ms=829 sat_vars=145066 sat_clauses=2034426 ext_ge_specs=0 relaxed_circuits=0
c 00h00m10s | stage:sat:init solver=CaDiCaL vars=145066 clauses=2034426
c 00h00m10s | stage:sat:solve:start assumptions=1 phase_lits=0
c 00h00m11s | stage:sat:solve:done ms=1112 result=Sat assumptions=1 phase_lits=0
c 00h00m11s | stage:decode:start
c 00h00m11s | stage:decode:done int_assignments=680
c 00h00m11s | result:Sat
c 00h00m40s | objective:incumbent kind=improvement value=40 rounds=2 improvements=1
o 40
c 00h00m00s | solve:start
c 00h00m00s | input: constraints=4150
c 00h00m00s | stage:propagate:start
c 00h00m00s | stage:propagate:done ms=33 pruned=0 changed_domains=0 entailed_tables=0
c 00h00m00s | memory:rss checkpoint=after_propagate bytes=507736064 rss=484.21MiB
c 00h00m00s | stage:normalize:start
c 00h00m00s | stage:normalize:done ms=0 high_constraints=4150
c 00h00m00s | stage:lower:start
c 00h00m00s | stage:lower:progress percent=10 processed=415 total=4150 lowered=415 unsupported=0 ms=4
c 00h00m00s | stage:lower:progress percent=20 processed=830 total=4150 lowered=830 unsupported=0 ms=8
c 00h00m00s | stage:lower:progress percent=30 processed=1245 total=4150 lowered=1245 unsupported=0 ms=12
c 00h00m00s | stage:lower:progress percent=40 processed=1660 total=4150 lowered=1660 unsupported=0 ms=16
c 00h00m00s | stage:lower:progress percent=50 processed=2075 total=4150 lowered=2075 unsupported=0 ms=20
c 00h00m00s | stage:lower:progress percent=60 processed=2490 total=4150 lowered=2490 unsupported=0 ms=24
c 00h00m00s | stage:lower:progress percent=70 processed=2905 total=4150 lowered=2905 unsupported=0 ms=27
c 00h00m00s | stage:lower:progress percent=80 processed=3320 total=4150 lowered=3320 unsupported=0 ms=31
c 00h00m00s | stage:lower:progress percent=90 processed=3735 total=4150 lowered=3735 unsupported=0 ms=36
c 00h00m08s | stage:lower:progress percent=100 processed=4150 total=4150 lowered=4150 unsupported=0 ms=8616
c 00h00m08s | stage:lower:done ms=8625 lowered=4150 unsupported=0
c 00h00m08s | memory:rss checkpoint=after_lower bytes=507736064 rss=484.21MiB
c 00h00m08s | stage:post_lower:start
c 00h00m08s | stage:post_lower:done ms=285 rounds=0 tightened=0 removed_cls=45308 removed_lits=45308 unsat=false precise_hits=0 precise_rounds=0 pivot_recomputes=0 pivot_exact_attempts=0 pivot_general_attempts=0 pivot_general_rest_missing=0 pivot_general_bound_missing=0 pivot_general_no_change=0 pivot_general_tightened=0 setup_ms=88 loop_ms=172 pivot_ms=0 pivot_version_ms=0 pivot_exact_ms=0 pivot_general_ms=0 pivot_general_prepare_ms=0 pivot_general_rest_ms=0 pivot_general_derive_ms=0 apply_ms=24 sat_ms=0 precise_ms=0
c 00h00m08s | memory:rss checkpoint=after_post_lower bytes=507736064 rss=484.21MiB
c 00h00m08s | memory:rss checkpoint=before_preencode bytes=507736064 rss=484.21MiB
c 00h00m08s | stage:preencode(order-ge):start
c 00h00m09s | stage:preencode(order-ge):done ms=486 int_vars=3923
c 00h00m09s | memory:rss checkpoint=after_preencode bytes=608485376 rss=580.30MiB
c 00h00m09s | memory:rss checkpoint=before_encode bytes=608485376 rss=580.30MiB
c 00h00m09s | stage:encode(order-ge):start
c 00h00m09s | memory:rss checkpoint=encode_clause_sample stage=order-ge clauses=630264 bytes=608657408 rss=580.46MiB progress_percent=10 processed=150590 total=1505897
c 00h00m09s | stage:encode(order-ge):progress percent=10 processed=150590 total=1505897 sat_clauses=630264 ms=279
c 00h00m09s | memory:rss checkpoint=encode_clause_sample stage=order-ge clauses=781540 bytes=608657408 rss=580.46MiB progress_percent=20 processed=301180 total=1505897
c 00h00m09s | stage:encode(order-ge):progress percent=20 processed=301180 total=1505897 sat_clauses=781540 ms=326
c 00h00m09s | memory:rss checkpoint=encode_clause_sample stage=order-ge clauses=932978 bytes=608657408 rss=580.46MiB progress_percent=30 processed=451770 total=1505897
c 00h00m09s | stage:encode(order-ge):progress percent=30 processed=451770 total=1505897 sat_clauses=932978 ms=391
c 00h00m09s | memory:rss checkpoint=encode_clause_sample stage=order-ge clauses=1084853 bytes=608657408 rss=580.46MiB progress_percent=40 processed=602359 total=1505897
c 00h00m09s | stage:encode(order-ge):progress percent=40 processed=602359 total=1505897 sat_clauses=1084853 ms=438
c 00h00m09s | memory:rss checkpoint=encode_clause_sample stage=order-ge clauses=1236954 bytes=608657408 rss=580.46MiB progress_percent=50 processed=752949 total=1505897
c 00h00m09s | stage:encode(order-ge):progress percent=50 processed=752949 total=1505897 sat_clauses=1236954 ms=490
c 00h00m09s | memory:rss checkpoint=encode_clause_sample stage=order-ge clauses=1389030 bytes=608657408 rss=580.46MiB progress_percent=60 processed=903539 total=1505897
c 00h00m09s | stage:encode(order-ge):progress percent=60 processed=903539 total=1505897 sat_clauses=1389030 ms=553
c 00h00m10s | memory:rss checkpoint=encode_clause_sample stage=order-ge clauses=1540711 bytes=608657408 rss=580.46MiB progress_percent=70 processed=1054128 total=1505897
c 00h00m10s | stage:encode(order-ge):progress percent=70 processed=1054128 total=1505897 sat_clauses=1540711 ms=602
c 00h00m10s | memory:rss checkpoint=encode_clause_sample stage=order-ge clauses=1692217 bytes=608657408 rss=580.46MiB progress_percent=80 processed=1204718 total=1505897
c 00h00m10s | stage:encode(order-ge):progress percent=80 processed=1204718 total=1505897 sat_clauses=1692217 ms=663
c 00h00m10s | memory:rss checkpoint=encode_clause_sample stage=order-ge clauses=1843450 bytes=608657408 rss=580.46MiB progress_percent=90 processed=1355308 total=1505897
c 00h00m10s | stage:encode(order-ge):progress percent=90 processed=1355308 total=1505897 sat_clauses=1843450 ms=734
c 00h00m10s | memory:rss checkpoint=encode_clause_sample stage=order-ge clauses=2034426 bytes=608657408 rss=580.46MiB progress_percent=100 processed=1505897 total=1505897
c 00h00m10s | stage:encode(order-ge):progress percent=100 processed=1505897 total=1505897 sat_clauses=2034426 ms=813
c 00h00m10s | stage:encode(order-ge):done ms=814 sat_vars=145066 sat_clauses=2034426 ext_ge_specs=0 relaxed_circuits=0
c 00h00m10s | stage:sat:init solver=CaDiCaL vars=145066 clauses=2034426
c 00h00m10s | stage:sat:solve:start assumptions=1 phase_lits=0
c 00h00m11s | stage:sat:solve:done ms=1122 result=Sat assumptions=1 phase_lits=0
c 00h00m11s | stage:decode:start
c 00h00m11s | stage:decode:done int_assignments=680
c 00h00m11s | result:Sat
c 00h01m01s | objective:incumbent kind=improvement value=38 rounds=3 improvements=2
o 38
c 00h00m00s | solve:start
c 00h00m00s | input: constraints=4150
c 00h00m00s | stage:propagate:start
c 00h00m00s | stage:propagate:done ms=33 pruned=0 changed_domains=0 entailed_tables=0
c 00h00m00s | memory:rss checkpoint=after_propagate bytes=562245632 rss=536.20MiB
c 00h00m00s | stage:normalize:start
c 00h00m00s | stage:normalize:done ms=0 high_constraints=4150
c 00h00m00s | stage:lower:start
c 00h00m00s | stage:lower:progress percent=10 processed=415 total=4150 lowered=415 unsupported=0 ms=4
c 00h00m00s | stage:lower:progress percent=20 processed=830 total=4150 lowered=830 unsupported=0 ms=8
c 00h00m00s | stage:lower:progress percent=30 processed=1245 total=4150 lowered=1245 unsupported=0 ms=12
c 00h00m00s | stage:lower:progress percent=40 processed=1660 total=4150 lowered=1660 unsupported=0 ms=16
c 00h00m00s | stage:lower:progress percent=50 processed=2075 total=4150 lowered=2075 unsupported=0 ms=20
c 00h00m00s | stage:lower:progress percent=60 processed=2490 total=4150 lowered=2490 unsupported=0 ms=24
c 00h00m00s | stage:lower:progress percent=70 processed=2905 total=4150 lowered=2905 unsupported=0 ms=28
c 00h00m00s | stage:lower:progress percent=80 processed=3320 total=4150 lowered=3320 unsupported=0 ms=31
c 00h00m00s | stage:lower:progress percent=90 processed=3735 total=4150 lowered=3735 unsupported=0 ms=36
c 00h00m08s | stage:lower:progress percent=100 processed=4150 total=4150 lowered=4150 unsupported=0 ms=8581
c 00h00m08s | stage:lower:done ms=8590 lowered=4150 unsupported=0
c 00h00m08s | memory:rss checkpoint=after_lower bytes=562245632 rss=536.20MiB
c 00h00m08s | stage:post_lower:start
c 00h00m08s | stage:post_lower:done ms=311 rounds=0 tightened=0 removed_cls=45308 removed_lits=45308 unsat=false precise_hits=0 precise_rounds=0 pivot_recomputes=0 pivot_exact_attempts=0 pivot_general_attempts=0 pivot_general_rest_missing=0 pivot_general_bound_missing=0 pivot_general_no_change=0 pivot_general_tightened=0 setup_ms=112 loop_ms=173 pivot_ms=0 pivot_version_ms=0 pivot_exact_ms=0 pivot_general_ms=0 pivot_general_prepare_ms=0 pivot_general_rest_ms=0 pivot_general_derive_ms=0 apply_ms=24 sat_ms=0 precise_ms=0
c 00h00m08s | memory:rss checkpoint=after_post_lower bytes=562245632 rss=536.20MiB
c 00h00m08s | memory:rss checkpoint=before_preencode bytes=562245632 rss=536.20MiB
c 00h00m08s | stage:preencode(order-ge):start
c 00h00m09s | stage:preencode(order-ge):done ms=455 int_vars=3923
c 00h00m09s | memory:rss checkpoint=after_preencode bytes=625168384 rss=596.21MiB
c 00h00m09s | memory:rss checkpoint=before_encode bytes=625168384 rss=596.21MiB
c 00h00m09s | stage:encode(order-ge):start
c 00h00m09s | memory:rss checkpoint=encode_clause_sample stage=order-ge clauses=630264 bytes=625168384 rss=596.21MiB progress_percent=10 processed=150590 total=1505897
c 00h00m09s | stage:encode(order-ge):progress percent=10 processed=150590 total=1505897 sat_clauses=630264 ms=273
c 00h00m09s | memory:rss checkpoint=encode_clause_sample stage=order-ge clauses=781540 bytes=625168384 rss=596.21MiB progress_percent=20 processed=301180 total=1505897
c 00h00m09s | stage:encode(order-ge):progress percent=20 processed=301180 total=1505897 sat_clauses=781540 ms=320
c 00h00m09s | memory:rss checkpoint=encode_clause_sample stage=order-ge clauses=932978 bytes=625168384 rss=596.21MiB progress_percent=30 processed=451770 total=1505897
c 00h00m09s | stage:encode(order-ge):progress percent=30 processed=451770 total=1505897 sat_clauses=932978 ms=385
c 00h00m09s | memory:rss checkpoint=encode_clause_sample stage=order-ge clauses=1084853 bytes=625168384 rss=596.21MiB progress_percent=40 processed=602359 total=1505897
c 00h00m09s | stage:encode(order-ge):progress percent=40 processed=602359 total=1505897 sat_clauses=1084853 ms=439
c 00h00m09s | memory:rss checkpoint=encode_clause_sample stage=order-ge clauses=1236954 bytes=625168384 rss=596.21MiB progress_percent=50 processed=752949 total=1505897
c 00h00m09s | stage:encode(order-ge):progress percent=50 processed=752949 total=1505897 sat_clauses=1236954 ms=497
c 00h00m09s | memory:rss checkpoint=encode_clause_sample stage=order-ge clauses=1389030 bytes=625168384 rss=596.21MiB progress_percent=60 processed=903539 total=1505897
c 00h00m09s | stage:encode(order-ge):progress percent=60 processed=903539 total=1505897 sat_clauses=1389030 ms=562
c 00h00m10s | memory:rss checkpoint=encode_clause_sample stage=order-ge clauses=1540711 bytes=625168384 rss=596.21MiB progress_percent=70 processed=1054128 total=1505897
c 00h00m10s | stage:encode(order-ge):progress percent=70 processed=1054128 total=1505897 sat_clauses=1540711 ms=616
c 00h00m10s | memory:rss checkpoint=encode_clause_sample stage=order-ge clauses=1692217 bytes=625168384 rss=596.21MiB progress_percent=80 processed=1204718 total=1505897
c 00h00m10s | stage:encode(order-ge):progress percent=80 processed=1204718 total=1505897 sat_clauses=1692217 ms=676
c 00h00m10s | memory:rss checkpoint=encode_clause_sample stage=order-ge clauses=1843450 bytes=625168384 rss=596.21MiB progress_percent=90 processed=1355308 total=1505897
c 00h00m10s | stage:encode(order-ge):progress percent=90 processed=1355308 total=1505897 sat_clauses=1843450 ms=738
c 00h00m10s | memory:rss checkpoint=encode_clause_sample stage=order-ge clauses=2034426 bytes=625168384 rss=596.21MiB progress_percent=100 processed=1505897 total=1505897
c 00h00m10s | stage:encode(order-ge):progress percent=100 processed=1505897 total=1505897 sat_clauses=2034426 ms=807
c 00h00m10s | stage:encode(order-ge):done ms=807 sat_vars=145066 sat_clauses=2034426 ext_ge_specs=0 relaxed_circuits=0
c 00h00m10s | stage:sat:init solver=CaDiCaL vars=145066 clauses=2034426
c 00h00m10s | stage:sat:solve:start assumptions=1 phase_lits=0
c 00h00m11s | stage:sat:solve:done ms=1016 result=Sat assumptions=1 phase_lits=0
c 00h00m11s | stage:decode:start
c 00h00m11s | stage:decode:done int_assignments=680
c 00h00m11s | result:Sat
c 00h01m21s | objective:incumbent kind=improvement value=36 rounds=4 improvements=3
o 36
c 00h00m00s | solve:start
c 00h00m00s | input: constraints=4150
c 00h00m00s | stage:propagate:start
c 00h00m00s | stage:propagate:done ms=33 pruned=0 changed_domains=0 entailed_tables=0
c 00h00m00s | memory:rss checkpoint=after_propagate bytes=562253824 rss=536.21MiB
c 00h00m00s | stage:normalize:start
c 00h00m00s | stage:normalize:done ms=0 high_constraints=4150
c 00h00m00s | stage:lower:start
c 00h00m00s | stage:lower:progress percent=10 processed=415 total=4150 lowered=415 unsupported=0 ms=4
c 00h00m00s | stage:lower:progress percent=20 processed=830 total=4150 lowered=830 unsupported=0 ms=8
c 00h00m00s | stage:lower:progress percent=30 processed=1245 total=4150 lowered=1245 unsupported=0 ms=12
c 00h00m00s | stage:lower:progress percent=40 processed=1660 total=4150 lowered=1660 unsupported=0 ms=16
c 00h00m00s | stage:lower:progress percent=50 processed=2075 total=4150 lowered=2075 unsupported=0 ms=20
c 00h00m00s | stage:lower:progress percent=60 processed=2490 total=4150 lowered=2490 unsupported=0 ms=24
c 00h00m00s | stage:lower:progress percent=70 processed=2905 total=4150 lowered=2905 unsupported=0 ms=28
c 00h00m00s | stage:lower:progress percent=80 processed=3320 total=4150 lowered=3320 unsupported=0 ms=31
c 00h00m00s | stage:lower:progress percent=90 processed=3735 total=4150 lowered=3735 unsupported=0 ms=36
c 00h00m08s | stage:lower:progress percent=100 processed=4150 total=4150 lowered=4150 unsupported=0 ms=8621
c 00h00m08s | stage:lower:done ms=8630 lowered=4150 unsupported=0
c 00h00m08s | memory:rss checkpoint=after_lower bytes=562253824 rss=536.21MiB
c 00h00m08s | stage:post_lower:start
c 00h00m08s | stage:post_lower:done ms=306 rounds=0 tightened=0 removed_cls=45308 removed_lits=45308 unsat=false precise_hits=0 precise_rounds=0 pivot_recomputes=0 pivot_exact_attempts=0 pivot_general_attempts=0 pivot_general_rest_missing=0 pivot_general_bound_missing=0 pivot_general_no_change=0 pivot_general_tightened=0 setup_ms=100 loop_ms=171 pivot_ms=0 pivot_version_ms=0 pivot_exact_ms=0 pivot_general_ms=0 pivot_general_prepare_ms=0 pivot_general_rest_ms=0 pivot_general_derive_ms=0 apply_ms=33 sat_ms=0 precise_ms=0
c 00h00m08s | memory:rss checkpoint=after_post_lower bytes=562253824 rss=536.21MiB
c 00h00m08s | memory:rss checkpoint=before_preencode bytes=562253824 rss=536.21MiB
c 00h00m08s | stage:preencode(order-ge):start
c 00h00m09s | stage:preencode(order-ge):done ms=474 int_vars=3923
c 00h00m09s | memory:rss checkpoint=after_preencode bytes=625176576 rss=596.21MiB
c 00h00m09s | memory:rss checkpoint=before_encode bytes=625176576 rss=596.21MiB
c 00h00m09s | stage:encode(order-ge):start
c 00h00m09s | memory:rss checkpoint=encode_clause_sample stage=order-ge clauses=630264 bytes=625176576 rss=596.21MiB progress_percent=10 processed=150590 total=1505897
c 00h00m09s | stage:encode(order-ge):progress percent=10 processed=150590 total=1505897 sat_clauses=630264 ms=283
c 00h00m09s | memory:rss checkpoint=encode_clause_sample stage=order-ge clauses=781540 bytes=625176576 rss=596.21MiB progress_percent=20 processed=301180 total=1505897
c 00h00m09s | stage:encode(order-ge):progress percent=20 processed=301180 total=1505897 sat_clauses=781540 ms=332
c 00h00m09s | memory:rss checkpoint=encode_clause_sample stage=order-ge clauses=932978 bytes=625176576 rss=596.21MiB progress_percent=30 processed=451770 total=1505897
c 00h00m09s | stage:encode(order-ge):progress percent=30 processed=451770 total=1505897 sat_clauses=932978 ms=396
c 00h00m09s | memory:rss checkpoint=encode_clause_sample stage=order-ge clauses=1084853 bytes=625176576 rss=596.21MiB progress_percent=40 processed=602359 total=1505897
c 00h00m09s | stage:encode(order-ge):progress percent=40 processed=602359 total=1505897 sat_clauses=1084853 ms=444
c 00h00m09s | memory:rss checkpoint=encode_clause_sample stage=order-ge clauses=1236954 bytes=625176576 rss=596.21MiB progress_percent=50 processed=752949 total=1505897
c 00h00m09s | stage:encode(order-ge):progress percent=50 processed=752949 total=1505897 sat_clauses=1236954 ms=496
c 00h00m10s | memory:rss checkpoint=encode_clause_sample stage=order-ge clauses=1389030 bytes=625176576 rss=596.21MiB progress_percent=60 processed=903539 total=1505897
c 00h00m10s | stage:encode(order-ge):progress percent=60 processed=903539 total=1505897 sat_clauses=1389030 ms=559
c 00h00m10s | memory:rss checkpoint=encode_clause_sample stage=order-ge clauses=1540711 bytes=625176576 rss=596.21MiB progress_percent=70 processed=1054128 total=1505897
c 00h00m10s | stage:encode(order-ge):progress percent=70 processed=1054128 total=1505897 sat_clauses=1540711 ms=609
c 00h00m10s | memory:rss checkpoint=encode_clause_sample stage=order-ge clauses=1692217 bytes=625176576 rss=596.21MiB progress_percent=80 processed=1204718 total=1505897
c 00h00m10s | stage:encode(order-ge):progress percent=80 processed=1204718 total=1505897 sat_clauses=1692217 ms=672
c 00h00m10s | memory:rss checkpoint=encode_clause_sample stage=order-ge clauses=1843450 bytes=625176576 rss=596.21MiB progress_percent=90 processed=1355308 total=1505897
c 00h00m10s | stage:encode(order-ge):progress percent=90 processed=1355308 total=1505897 sat_clauses=1843450 ms=744
c 00h00m10s | memory:rss checkpoint=encode_clause_sample stage=order-ge clauses=2034426 bytes=625176576 rss=596.21MiB progress_percent=100 processed=1505897 total=1505897
c 00h00m10s | stage:encode(order-ge):progress percent=100 processed=1505897 total=1505897 sat_clauses=2034426 ms=823
c 00h00m10s | stage:encode(order-ge):done ms=824 sat_vars=145066 sat_clauses=2034426 ext_ge_specs=0 relaxed_circuits=0
c 00h00m10s | stage:sat:init solver=CaDiCaL vars=145066 clauses=2034426
c 00h00m10s | stage:sat:solve:start assumptions=1 phase_lits=0
c 00h00m11s | stage:sat:solve:done ms=1063 result=Sat assumptions=1 phase_lits=0
c 00h00m11s | stage:decode:start
c 00h00m11s | stage:decode:done int_assignments=680
c 00h00m11s | result:Sat
c 00h01m42s | objective:incumbent kind=improvement value=34 rounds=5 improvements=4
o 34
c 00h00m00s | solve:start
c 00h00m00s | input: constraints=4150
c 00h00m00s | stage:propagate:start
c 00h00m00s | stage:propagate:done ms=33 pruned=0 changed_domains=0 entailed_tables=0
c 00h00m00s | memory:rss checkpoint=after_propagate bytes=576937984 rss=550.21MiB
c 00h00m00s | stage:normalize:start
c 00h00m00s | stage:normalize:done ms=0 high_constraints=4150
c 00h00m00s | stage:lower:start
c 00h00m00s | stage:lower:progress percent=10 processed=415 total=4150 lowered=415 unsupported=0 ms=4
c 00h00m00s | stage:lower:progress percent=20 processed=830 total=4150 lowered=830 unsupported=0 ms=8
c 00h00m00s | stage:lower:progress percent=30 processed=1245 total=4150 lowered=1245 unsupported=0 ms=12
c 00h00m00s | stage:lower:progress percent=40 processed=1660 total=4150 lowered=1660 unsupported=0 ms=16
c 00h00m00s | stage:lower:progress percent=50 processed=2075 total=4150 lowered=2075 unsupported=0 ms=20
c 00h00m00s | stage:lower:progress percent=60 processed=2490 total=4150 lowered=2490 unsupported=0 ms=24
c 00h00m00s | stage:lower:progress percent=70 processed=2905 total=4150 lowered=2905 unsupported=0 ms=27
c 00h00m00s | stage:lower:progress percent=80 processed=3320 total=4150 lowered=3320 unsupported=0 ms=31
c 00h00m00s | stage:lower:progress percent=90 processed=3735 total=4150 lowered=3735 unsupported=0 ms=36
c 00h00m08s | stage:lower:progress percent=100 processed=4150 total=4150 lowered=4150 unsupported=0 ms=8644
c 00h00m08s | stage:lower:done ms=8655 lowered=4150 unsupported=0
c 00h00m08s | memory:rss checkpoint=after_lower bytes=576937984 rss=550.21MiB
c 00h00m08s | stage:post_lower:start
c 00h00m08s | stage:post_lower:done ms=276 rounds=0 tightened=0 removed_cls=45308 removed_lits=45308 unsat=false precise_hits=0 precise_rounds=0 pivot_recomputes=0 pivot_exact_attempts=0 pivot_general_attempts=0 pivot_general_rest_missing=0 pivot_general_bound_missing=0 pivot_general_no_change=0 pivot_general_tightened=0 setup_ms=80 loop_ms=172 pivot_ms=0 pivot_version_ms=0 pivot_exact_ms=0 pivot_general_ms=0 pivot_general_prepare_ms=0 pivot_general_rest_ms=0 pivot_general_derive_ms=0 apply_ms=22 sat_ms=0 precise_ms=0
c 00h00m08s | memory:rss checkpoint=after_post_lower bytes=576937984 rss=550.21MiB
c 00h00m08s | memory:rss checkpoint=before_preencode bytes=576937984 rss=550.21MiB
c 00h00m08s | stage:preencode(order-ge):start
c 00h00m09s | stage:preencode(order-ge):done ms=447 int_vars=3923
c 00h00m09s | memory:rss checkpoint=after_preencode bytes=616943616 rss=588.36MiB
c 00h00m09s | memory:rss checkpoint=before_encode bytes=616943616 rss=588.36MiB
c 00h00m09s | stage:encode(order-ge):start
c 00h00m09s | memory:rss checkpoint=encode_clause_sample stage=order-ge clauses=630264 bytes=617132032 rss=588.54MiB progress_percent=10 processed=150590 total=1505897
c 00h00m09s | stage:encode(order-ge):progress percent=10 processed=150590 total=1505897 sat_clauses=630264 ms=273
c 00h00m09s | memory:rss checkpoint=encode_clause_sample stage=order-ge clauses=781540 bytes=617132032 rss=588.54MiB progress_percent=20 processed=301180 total=1505897
c 00h00m09s | stage:encode(order-ge):progress percent=20 processed=301180 total=1505897 sat_clauses=781540 ms=322
c 00h00m09s | memory:rss checkpoint=encode_clause_sample stage=order-ge clauses=932978 bytes=617132032 rss=588.54MiB progress_percent=30 processed=451770 total=1505897
c 00h00m09s | stage:encode(order-ge):progress percent=30 processed=451770 total=1505897 sat_clauses=932978 ms=391
c 00h00m09s | memory:rss checkpoint=encode_clause_sample stage=order-ge clauses=1084853 bytes=617132032 rss=588.54MiB progress_percent=40 processed=602359 total=1505897
c 00h00m09s | stage:encode(order-ge):progress percent=40 processed=602359 total=1505897 sat_clauses=1084853 ms=442
c 00h00m09s | memory:rss checkpoint=encode_clause_sample stage=order-ge clauses=1236954 bytes=617132032 rss=588.54MiB progress_percent=50 processed=752949 total=1505897
c 00h00m09s | stage:encode(order-ge):progress percent=50 processed=752949 total=1505897 sat_clauses=1236954 ms=496
c 00h00m09s | memory:rss checkpoint=encode_clause_sample stage=order-ge clauses=1389030 bytes=617132032 rss=588.54MiB progress_percent=60 processed=903539 total=1505897
c 00h00m09s | stage:encode(order-ge):progress percent=60 processed=903539 total=1505897 sat_clauses=1389030 ms=553
c 00h00m10s | memory:rss checkpoint=encode_clause_sample stage=order-ge clauses=1540711 bytes=617132032 rss=588.54MiB progress_percent=70 processed=1054128 total=1505897
c 00h00m10s | stage:encode(order-ge):progress percent=70 processed=1054128 total=1505897 sat_clauses=1540711 ms=598
c 00h00m10s | memory:rss checkpoint=encode_clause_sample stage=order-ge clauses=1692217 bytes=617132032 rss=588.54MiB progress_percent=80 processed=1204718 total=1505897
c 00h00m10s | stage:encode(order-ge):progress percent=80 processed=1204718 total=1505897 sat_clauses=1692217 ms=656
c 00h00m10s | memory:rss checkpoint=encode_clause_sample stage=order-ge clauses=1843450 bytes=617132032 rss=588.54MiB progress_percent=90 processed=1355308 total=1505897
c 00h00m10s | stage:encode(order-ge):progress percent=90 processed=1355308 total=1505897 sat_clauses=1843450 ms=723
c 00h00m10s | memory:rss checkpoint=encode_clause_sample stage=order-ge clauses=2034426 bytes=617132032 rss=588.54MiB progress_percent=100 processed=1505897 total=1505897
c 00h00m10s | stage:encode(order-ge):progress percent=100 processed=1505897 total=1505897 sat_clauses=2034426 ms=804
c 00h00m10s | stage:encode(order-ge):done ms=805 sat_vars=145066 sat_clauses=2034426 ext_ge_specs=0 relaxed_circuits=0
c 00h00m10s | stage:sat:init solver=CaDiCaL vars=145066 clauses=2034426
c 00h00m10s | stage:sat:solve:start assumptions=1 phase_lits=0
c 00h00m13s | stage:sat:solve:done ms=3305 result=Sat assumptions=1 phase_lits=0
c 00h00m13s | stage:decode:start
c 00h00m13s | stage:decode:done int_assignments=680
c 00h00m13s | result:Sat
c 00h02m04s | objective:incumbent kind=improvement value=32 rounds=6 improvements=5
o 32
c 00h00m00s | solve:start
c 00h00m00s | input: constraints=4150
c 00h00m00s | stage:propagate:start
c 00h00m00s | stage:propagate:done ms=33 pruned=0 changed_domains=0 entailed_tables=0
c 00h00m00s | memory:rss checkpoint=after_propagate bytes=579411968 rss=552.57MiB
c 00h00m00s | stage:normalize:start
c 00h00m00s | stage:normalize:done ms=0 high_constraints=4150
c 00h00m00s | stage:lower:start
c 00h00m00s | stage:lower:progress percent=10 processed=415 total=4150 lowered=415 unsupported=0 ms=4
c 00h00m00s | stage:lower:progress percent=20 processed=830 total=4150 lowered=830 unsupported=0 ms=8
c 00h00m00s | stage:lower:progress percent=30 processed=1245 total=4150 lowered=1245 unsupported=0 ms=12
c 00h00m00s | stage:lower:progress percent=40 processed=1660 total=4150 lowered=1660 unsupported=0 ms=16
c 00h00m00s | stage:lower:progress percent=50 processed=2075 total=4150 lowered=2075 unsupported=0 ms=20
c 00h00m00s | stage:lower:progress percent=60 processed=2490 total=4150 lowered=2490 unsupported=0 ms=24
c 00h00m00s | stage:lower:progress percent=70 processed=2905 total=4150 lowered=2905 unsupported=0 ms=28
c 00h00m00s | stage:lower:progress percent=80 processed=3320 total=4150 lowered=3320 unsupported=0 ms=31
c 00h00m00s | stage:lower:progress percent=90 processed=3735 total=4150 lowered=3735 unsupported=0 ms=36
c 00h00m08s | stage:lower:progress percent=100 processed=4150 total=4150 lowered=4150 unsupported=0 ms=8649
c 00h00m08s | stage:lower:done ms=8659 lowered=4150 unsupported=0
c 00h00m08s | memory:rss checkpoint=after_lower bytes=579411968 rss=552.57MiB
c 00h00m08s | stage:post_lower:start
c 00h00m09s | stage:post_lower:done ms=313 rounds=0 tightened=0 removed_cls=45308 removed_lits=45308 unsat=false precise_hits=0 precise_rounds=0 pivot_recomputes=0 pivot_exact_attempts=0 pivot_general_attempts=0 pivot_general_rest_missing=0 pivot_general_bound_missing=0 pivot_general_no_change=0 pivot_general_tightened=0 setup_ms=80 loop_ms=199 pivot_ms=0 pivot_version_ms=0 pivot_exact_ms=0 pivot_general_ms=0 pivot_general_prepare_ms=0 pivot_general_rest_ms=0 pivot_general_derive_ms=0 apply_ms=30 sat_ms=0 precise_ms=0
c 00h00m09s | memory:rss checkpoint=after_post_lower bytes=579411968 rss=552.57MiB
c 00h00m09s | memory:rss checkpoint=before_preencode bytes=579411968 rss=552.57MiB
c 00h00m09s | stage:preencode(order-ge):start
c 00h00m09s | stage:preencode(order-ge):done ms=505 int_vars=3923
c 00h00m09s | memory:rss checkpoint=after_preencode bytes=621187072 rss=592.41MiB
c 00h00m09s | memory:rss checkpoint=before_encode bytes=621187072 rss=592.41MiB
c 00h00m09s | stage:encode(order-ge):start
c 00h00m09s | memory:rss checkpoint=encode_clause_sample stage=order-ge clauses=630264 bytes=621350912 rss=592.57MiB progress_percent=10 processed=150590 total=1505897
c 00h00m09s | stage:encode(order-ge):progress percent=10 processed=150590 total=1505897 sat_clauses=630264 ms=275
c 00h00m09s | memory:rss checkpoint=encode_clause_sample stage=order-ge clauses=781540 bytes=621350912 rss=592.57MiB progress_percent=20 processed=301180 total=1505897
c 00h00m09s | stage:encode(order-ge):progress percent=20 processed=301180 total=1505897 sat_clauses=781540 ms=323
c 00h00m09s | memory:rss checkpoint=encode_clause_sample stage=order-ge clauses=932978 bytes=621350912 rss=592.57MiB progress_percent=30 processed=451770 total=1505897
c 00h00m09s | stage:encode(order-ge):progress percent=30 processed=451770 total=1505897 sat_clauses=932978 ms=388
c 00h00m09s | memory:rss checkpoint=encode_clause_sample stage=order-ge clauses=1084853 bytes=621350912 rss=592.57MiB progress_percent=40 processed=602359 total=1505897
c 00h00m09s | stage:encode(order-ge):progress percent=40 processed=602359 total=1505897 sat_clauses=1084853 ms=441
c 00h00m10s | memory:rss checkpoint=encode_clause_sample stage=order-ge clauses=1236954 bytes=621350912 rss=592.57MiB progress_percent=50 processed=752949 total=1505897
c 00h00m10s | stage:encode(order-ge):progress percent=50 processed=752949 total=1505897 sat_clauses=1236954 ms=500
c 00h00m10s | memory:rss checkpoint=encode_clause_sample stage=order-ge clauses=1389030 bytes=621350912 rss=592.57MiB progress_percent=60 processed=903539 total=1505897
c 00h00m10s | stage:encode(order-ge):progress percent=60 processed=903539 total=1505897 sat_clauses=1389030 ms=567
c 00h00m10s | memory:rss checkpoint=encode_clause_sample stage=order-ge clauses=1540711 bytes=621350912 rss=592.57MiB progress_percent=70 processed=1054128 total=1505897
c 00h00m10s | stage:encode(order-ge):progress percent=70 processed=1054128 total=1505897 sat_clauses=1540711 ms=621
c 00h00m10s | memory:rss checkpoint=encode_clause_sample stage=order-ge clauses=1692217 bytes=621350912 rss=592.57MiB progress_percent=80 processed=1204718 total=1505897
c 00h00m10s | stage:encode(order-ge):progress percent=80 processed=1204718 total=1505897 sat_clauses=1692217 ms=681
c 00h00m10s | memory:rss checkpoint=encode_clause_sample stage=order-ge clauses=1843450 bytes=621350912 rss=592.57MiB progress_percent=90 processed=1355308 total=1505897
c 00h00m10s | stage:encode(order-ge):progress percent=90 processed=1355308 total=1505897 sat_clauses=1843450 ms=744
c 00h00m10s | memory:rss checkpoint=encode_clause_sample stage=order-ge clauses=2034426 bytes=621350912 rss=592.57MiB progress_percent=100 processed=1505897 total=1505897
c 00h00m10s | stage:encode(order-ge):progress percent=100 processed=1505897 total=1505897 sat_clauses=2034426 ms=812
c 00h00m10s | stage:encode(order-ge):done ms=814 sat_vars=145066 sat_clauses=2034426 ext_ge_specs=0 relaxed_circuits=0
c 00h00m10s | stage:sat:init solver=CaDiCaL vars=145066 clauses=2034426
c 00h00m10s | stage:sat:solve:start assumptions=1 phase_lits=0
c 00h00m17s | stage:sat:solve:done ms=7168 result=Sat assumptions=1 phase_lits=0
c 00h00m17s | stage:decode:start
c 00h00m17s | stage:decode:done int_assignments=680
c 00h00m17s | result:Sat
c 00h02m31s | objective:incumbent kind=improvement value=30 rounds=7 improvements=6
o 30
c 00h00m00s | solve:start
c 00h00m00s | input: constraints=4150
c 00h00m00s | stage:propagate:start
c 00h00m00s | stage:propagate:done ms=33 pruned=0 changed_domains=0 entailed_tables=0
c 00h00m00s | memory:rss checkpoint=after_propagate bytes=596307968 rss=568.68MiB
c 00h00m00s | stage:normalize:start
c 00h00m00s | stage:normalize:done ms=0 high_constraints=4150
c 00h00m00s | stage:lower:start
c 00h00m00s | stage:lower:progress percent=10 processed=415 total=4150 lowered=415 unsupported=0 ms=4
c 00h00m00s | stage:lower:progress percent=20 processed=830 total=4150 lowered=830 unsupported=0 ms=8
c 00h00m00s | stage:lower:progress percent=30 processed=1245 total=4150 lowered=1245 unsupported=0 ms=12
c 00h00m00s | stage:lower:progress percent=40 processed=1660 total=4150 lowered=1660 unsupported=0 ms=16
c 00h00m00s | stage:lower:progress percent=50 processed=2075 total=4150 lowered=2075 unsupported=0 ms=20
c 00h00m00s | stage:lower:progress percent=60 processed=2490 total=4150 lowered=2490 unsupported=0 ms=24
c 00h00m00s | stage:lower:progress percent=70 processed=2905 total=4150 lowered=2905 unsupported=0 ms=28
c 00h00m00s | stage:lower:progress percent=80 processed=3320 total=4150 lowered=3320 unsupported=0 ms=31
c 00h00m00s | stage:lower:progress percent=90 processed=3735 total=4150 lowered=3735 unsupported=0 ms=36
c 00h00m08s | stage:lower:progress percent=100 processed=4150 total=4150 lowered=4150 unsupported=0 ms=8595
c 00h00m08s | stage:lower:done ms=8606 lowered=4150 unsupported=0
c 00h00m08s | memory:rss checkpoint=after_lower bytes=596307968 rss=568.68MiB
c 00h00m08s | stage:post_lower:start
c 00h00m08s | stage:post_lower:done ms=275 rounds=0 tightened=0 removed_cls=45308 removed_lits=45308 unsat=false precise_hits=0 precise_rounds=0 pivot_recomputes=0 pivot_exact_attempts=0 pivot_general_attempts=0 pivot_general_rest_missing=0 pivot_general_bound_missing=0 pivot_general_no_change=0 pivot_general_tightened=0 setup_ms=80 loop_ms=172 pivot_ms=0 pivot_version_ms=0 pivot_exact_ms=0 pivot_general_ms=0 pivot_general_prepare_ms=0 pivot_general_rest_ms=0 pivot_general_derive_ms=0 apply_ms=22 sat_ms=0 precise_ms=0
c 00h00m08s | memory:rss checkpoint=after_post_lower bytes=596307968 rss=568.68MiB
c 00h00m08s | memory:rss checkpoint=before_preencode bytes=596307968 rss=568.68MiB
c 00h00m08s | stage:preencode(order-ge):start
c 00h00m09s | stage:preencode(order-ge):done ms=452 int_vars=3923
c 00h00m09s | memory:rss checkpoint=after_preencode bytes=621490176 rss=592.70MiB
c 00h00m09s | memory:rss checkpoint=before_encode bytes=621490176 rss=592.70MiB
c 00h00m09s | stage:encode(order-ge):start
c 00h00m09s | memory:rss checkpoint=encode_clause_sample stage=order-ge clauses=630264 bytes=621490176 rss=592.70MiB progress_percent=10 processed=150590 total=1505897
c 00h00m09s | stage:encode(order-ge):progress percent=10 processed=150590 total=1505897 sat_clauses=630264 ms=279
c 00h00m09s | memory:rss checkpoint=encode_clause_sample stage=order-ge clauses=781540 bytes=621490176 rss=592.70MiB progress_percent=20 processed=301180 total=1505897
c 00h00m09s | stage:encode(order-ge):progress percent=20 processed=301180 total=1505897 sat_clauses=781540 ms=327
c 00h00m09s | memory:rss checkpoint=encode_clause_sample stage=order-ge clauses=932978 bytes=621490176 rss=592.70MiB progress_percent=30 processed=451770 total=1505897
c 00h00m09s | stage:encode(order-ge):progress percent=30 processed=451770 total=1505897 sat_clauses=932978 ms=391
c 00h00m09s | memory:rss checkpoint=encode_clause_sample stage=order-ge clauses=1084853 bytes=621490176 rss=592.70MiB progress_percent=40 processed=602359 total=1505897
c 00h00m09s | stage:encode(order-ge):progress percent=40 processed=602359 total=1505897 sat_clauses=1084853 ms=438
c 00h00m09s | memory:rss checkpoint=encode_clause_sample stage=order-ge clauses=1236954 bytes=621490176 rss=592.70MiB progress_percent=50 processed=752949 total=1505897
c 00h00m09s | stage:encode(order-ge):progress percent=50 processed=752949 total=1505897 sat_clauses=1236954 ms=489
c 00h00m09s | memory:rss checkpoint=encode_clause_sample stage=order-ge clauses=1389030 bytes=621490176 rss=592.70MiB progress_percent=60 processed=903539 total=1505897
c 00h00m09s | stage:encode(order-ge):progress percent=60 processed=903539 total=1505897 sat_clauses=1389030 ms=552
c 00h00m09s | memory:rss checkpoint=encode_clause_sample stage=order-ge clauses=1540711 bytes=621490176 rss=592.70MiB progress_percent=70 processed=1054128 total=1505897
c 00h00m09s | stage:encode(order-ge):progress percent=70 processed=1054128 total=1505897 sat_clauses=1540711 ms=601
c 00h00m10s | memory:rss checkpoint=encode_clause_sample stage=order-ge clauses=1692217 bytes=621490176 rss=592.70MiB progress_percent=80 processed=1204718 total=1505897
c 00h00m10s | stage:encode(order-ge):progress percent=80 processed=1204718 total=1505897 sat_clauses=1692217 ms=662
c 00h00m10s | memory:rss checkpoint=encode_clause_sample stage=order-ge clauses=1843450 bytes=621490176 rss=592.70MiB progress_percent=90 processed=1355308 total=1505897
c 00h00m10s | stage:encode(order-ge):progress percent=90 processed=1355308 total=1505897 sat_clauses=1843450 ms=733
c 00h00m10s | memory:rss checkpoint=encode_clause_sample stage=order-ge clauses=2034426 bytes=621490176 rss=592.70MiB progress_percent=100 processed=1505897 total=1505897
c 00h00m10s | stage:encode(order-ge):progress percent=100 processed=1505897 total=1505897 sat_clauses=2034426 ms=812
c 00h00m10s | stage:encode(order-ge):done ms=813 sat_vars=145066 sat_clauses=2034426 ext_ge_specs=0 relaxed_circuits=0
c 00h00m10s | stage:sat:init solver=CaDiCaL vars=145066 clauses=2034426
c 00h00m10s | stage:sat:solve:start assumptions=1 phase_lits=0
c 00h00m14s | stage:sat:solve:done ms=3954 result=Sat assumptions=1 phase_lits=0
c 00h00m14s | stage:decode:start
c 00h00m14s | stage:decode:done int_assignments=680
c 00h00m14s | result:Sat
c 00h02m54s | objective:incumbent kind=improvement value=28 rounds=8 improvements=7
o 28
c 00h00m00s | solve:start
c 00h00m00s | input: constraints=4150
c 00h00m00s | stage:propagate:start
c 00h00m00s | stage:propagate:done ms=33 pruned=0 changed_domains=0 entailed_tables=0
c 00h00m00s | memory:rss checkpoint=after_propagate bytes=596320256 rss=568.70MiB
c 00h00m00s | stage:normalize:start
c 00h00m00s | stage:normalize:done ms=0 high_constraints=4150
c 00h00m00s | stage:lower:start
c 00h00m00s | stage:lower:progress percent=10 processed=415 total=4150 lowered=415 unsupported=0 ms=4
c 00h00m00s | stage:lower:progress percent=20 processed=830 total=4150 lowered=830 unsupported=0 ms=8
c 00h00m00s | stage:lower:progress percent=30 processed=1245 total=4150 lowered=1245 unsupported=0 ms=12
c 00h00m00s | stage:lower:progress percent=40 processed=1660 total=4150 lowered=1660 unsupported=0 ms=16
c 00h00m00s | stage:lower:progress percent=50 processed=2075 total=4150 lowered=2075 unsupported=0 ms=20
c 00h00m00s | stage:lower:progress percent=60 processed=2490 total=4150 lowered=2490 unsupported=0 ms=24
c 00h00m00s | stage:lower:progress percent=70 processed=2905 total=4150 lowered=2905 unsupported=0 ms=27
c 00h00m00s | stage:lower:progress percent=80 processed=3320 total=4150 lowered=3320 unsupported=0 ms=31
c 00h00m00s | stage:lower:progress percent=90 processed=3735 total=4150 lowered=3735 unsupported=0 ms=36
c 00h00m08s | stage:lower:progress percent=100 processed=4150 total=4150 lowered=4150 unsupported=0 ms=8598
c 00h00m08s | stage:lower:done ms=8608 lowered=4150 unsupported=0
c 00h00m08s | memory:rss checkpoint=after_lower bytes=596320256 rss=568.70MiB
c 00h00m08s | stage:post_lower:start
c 00h00m08s | stage:post_lower:done ms=275 rounds=0 tightened=0 removed_cls=45308 removed_lits=45308 unsat=false precise_hits=0 precise_rounds=0 pivot_recomputes=0 pivot_exact_attempts=0 pivot_general_attempts=0 pivot_general_rest_missing=0 pivot_general_bound_missing=0 pivot_general_no_change=0 pivot_general_tightened=0 setup_ms=80 loop_ms=172 pivot_ms=0 pivot_version_ms=0 pivot_exact_ms=0 pivot_general_ms=0 pivot_general_prepare_ms=0 pivot_general_rest_ms=0 pivot_general_derive_ms=0 apply_ms=22 sat_ms=0 precise_ms=0
c 00h00m08s | memory:rss checkpoint=after_post_lower bytes=596320256 rss=568.70MiB
c 00h00m08s | memory:rss checkpoint=before_preencode bytes=596320256 rss=568.70MiB
c 00h00m08s | stage:preencode(order-ge):start
c 00h00m09s | stage:preencode(order-ge):done ms=452 int_vars=3923
c 00h00m09s | memory:rss checkpoint=after_preencode bytes=621490176 rss=592.70MiB
c 00h00m09s | memory:rss checkpoint=before_encode bytes=621490176 rss=592.70MiB
c 00h00m09s | stage:encode(order-ge):start
c 00h00m09s | memory:rss checkpoint=encode_clause_sample stage=order-ge clauses=630264 bytes=621490176 rss=592.70MiB progress_percent=10 processed=150590 total=1505897
c 00h00m09s | stage:encode(order-ge):progress percent=10 processed=150590 total=1505897 sat_clauses=630264 ms=275
c 00h00m09s | memory:rss checkpoint=encode_clause_sample stage=order-ge clauses=781540 bytes=621490176 rss=592.70MiB progress_percent=20 processed=301180 total=1505897
c 00h00m09s | stage:encode(order-ge):progress percent=20 processed=301180 total=1505897 sat_clauses=781540 ms=323
c 00h00m09s | memory:rss checkpoint=encode_clause_sample stage=order-ge clauses=932978 bytes=621490176 rss=592.70MiB progress_percent=30 processed=451770 total=1505897
c 00h00m09s | stage:encode(order-ge):progress percent=30 processed=451770 total=1505897 sat_clauses=932978 ms=391
c 00h00m09s | memory:rss checkpoint=encode_clause_sample stage=order-ge clauses=1084853 bytes=621490176 rss=592.70MiB progress_percent=40 processed=602359 total=1505897
c 00h00m09s | stage:encode(order-ge):progress percent=40 processed=602359 total=1505897 sat_clauses=1084853 ms=443
c 00h00m09s | memory:rss checkpoint=encode_clause_sample stage=order-ge clauses=1236954 bytes=621490176 rss=592.70MiB progress_percent=50 processed=752949 total=1505897
c 00h00m09s | stage:encode(order-ge):progress percent=50 processed=752949 total=1505897 sat_clauses=1236954 ms=494
c 00h00m09s | memory:rss checkpoint=encode_clause_sample stage=order-ge clauses=1389030 bytes=621490176 rss=592.70MiB progress_percent=60 processed=903539 total=1505897
c 00h00m09s | stage:encode(order-ge):progress percent=60 processed=903539 total=1505897 sat_clauses=1389030 ms=551
c 00h00m09s | memory:rss checkpoint=encode_clause_sample stage=order-ge clauses=1540711 bytes=621490176 rss=592.70MiB progress_percent=70 processed=1054128 total=1505897
c 00h00m09s | stage:encode(order-ge):progress percent=70 processed=1054128 total=1505897 sat_clauses=1540711 ms=598
c 00h00m10s | memory:rss checkpoint=encode_clause_sample stage=order-ge clauses=1692217 bytes=621490176 rss=592.70MiB progress_percent=80 processed=1204718 total=1505897
c 00h00m10s | stage:encode(order-ge):progress percent=80 processed=1204718 total=1505897 sat_clauses=1692217 ms=655
c 00h00m10s | memory:rss checkpoint=encode_clause_sample stage=order-ge clauses=1843450 bytes=621490176 rss=592.70MiB progress_percent=90 processed=1355308 total=1505897
c 00h00m10s | stage:encode(order-ge):progress percent=90 processed=1355308 total=1505897 sat_clauses=1843450 ms=727
c 00h00m10s | memory:rss checkpoint=encode_clause_sample stage=order-ge clauses=2034426 bytes=621490176 rss=592.70MiB progress_percent=100 processed=1505897 total=1505897
c 00h00m10s | stage:encode(order-ge):progress percent=100 processed=1505897 total=1505897 sat_clauses=2034426 ms=808
c 00h00m10s | stage:encode(order-ge):done ms=809 sat_vars=145066 sat_clauses=2034426 ext_ge_specs=0 relaxed_circuits=0
c 00h00m10s | stage:sat:init solver=CaDiCaL vars=145066 clauses=2034426
c 00h00m10s | stage:sat:solve:start assumptions=1 phase_lits=0
c 00h00m14s | stage:sat:solve:done ms=4006 result=Sat assumptions=1 phase_lits=0
c 00h00m14s | stage:decode:start
c 00h00m14s | stage:decode:done int_assignments=680
c 00h00m14s | result:Sat
c 00h03m18s | objective:incumbent kind=improvement value=26 rounds=9 improvements=8
o 26
c 00h00m00s | solve:start
c 00h00m00s | input: constraints=4150
c 00h00m00s | stage:propagate:start
c 00h00m00s | stage:propagate:done ms=33 pruned=0 changed_domains=0 entailed_tables=0
c 00h00m00s | memory:rss checkpoint=after_propagate bytes=602865664 rss=574.94MiB
c 00h00m00s | stage:normalize:start
c 00h00m00s | stage:normalize:done ms=0 high_constraints=4150
c 00h00m00s | stage:lower:start
c 00h00m00s | stage:lower:progress percent=10 processed=415 total=4150 lowered=415 unsupported=0 ms=4
c 00h00m00s | stage:lower:progress percent=20 processed=830 total=4150 lowered=830 unsupported=0 ms=8
c 00h00m00s | stage:lower:progress percent=30 processed=1245 total=4150 lowered=1245 unsupported=0 ms=12
c 00h00m00s | stage:lower:progress percent=40 processed=1660 total=4150 lowered=1660 unsupported=0 ms=16
c 00h00m00s | stage:lower:progress percent=50 processed=2075 total=4150 lowered=2075 unsupported=0 ms=20
c 00h00m00s | stage:lower:progress percent=60 processed=2490 total=4150 lowered=2490 unsupported=0 ms=24
c 00h00m00s | stage:lower:progress percent=70 processed=2905 total=4150 lowered=2905 unsupported=0 ms=27
c 00h00m00s | stage:lower:progress percent=80 processed=3320 total=4150 lowered=3320 unsupported=0 ms=31
c 00h00m00s | stage:lower:progress percent=90 processed=3735 total=4150 lowered=3735 unsupported=0 ms=36
c 00h00m08s | stage:lower:progress percent=100 processed=4150 total=4150 lowered=4150 unsupported=0 ms=8597
c 00h00m08s | stage:lower:done ms=8605 lowered=4150 unsupported=0
c 00h00m08s | memory:rss checkpoint=after_lower bytes=602865664 rss=574.94MiB
c 00h00m08s | stage:post_lower:start
c 00h00m08s | stage:post_lower:done ms=274 rounds=0 tightened=0 removed_cls=45308 removed_lits=45308 unsat=false precise_hits=0 precise_rounds=0 pivot_recomputes=0 pivot_exact_attempts=0 pivot_general_attempts=0 pivot_general_rest_missing=0 pivot_general_bound_missing=0 pivot_general_no_change=0 pivot_general_tightened=0 setup_ms=78 loop_ms=173 pivot_ms=0 pivot_version_ms=0 pivot_exact_ms=0 pivot_general_ms=0 pivot_general_prepare_ms=0 pivot_general_rest_ms=0 pivot_general_derive_ms=0 apply_ms=22 sat_ms=0 precise_ms=0
c 00h00m08s | memory:rss checkpoint=after_post_lower bytes=602865664 rss=574.94MiB
c 00h00m08s | memory:rss checkpoint=before_preencode bytes=602865664 rss=574.94MiB
c 00h00m08s | stage:preencode(order-ge):start
c 00h00m09s | stage:preencode(order-ge):done ms=452 int_vars=3923
c 00h00m09s | memory:rss checkpoint=after_preencode bytes=628031488 rss=598.94MiB
c 00h00m09s | memory:rss checkpoint=before_encode bytes=628031488 rss=598.94MiB
c 00h00m09s | stage:encode(order-ge):start
c 00h00m09s | memory:rss checkpoint=encode_clause_sample stage=order-ge clauses=630264 bytes=628035584 rss=598.94MiB progress_percent=10 processed=150590 total=1505897
c 00h00m09s | stage:encode(order-ge):progress percent=10 processed=150590 total=1505897 sat_clauses=630264 ms=273
c 00h00m09s | memory:rss checkpoint=encode_clause_sample stage=order-ge clauses=781540 bytes=628035584 rss=598.94MiB progress_percent=20 processed=301180 total=1505897
c 00h00m09s | stage:encode(order-ge):progress percent=20 processed=301180 total=1505897 sat_clauses=781540 ms=320
c 00h00m09s | memory:rss checkpoint=encode_clause_sample stage=order-ge clauses=932978 bytes=628035584 rss=598.94MiB progress_percent=30 processed=451770 total=1505897
c 00h00m09s | stage:encode(order-ge):progress percent=30 processed=451770 total=1505897 sat_clauses=932978 ms=386
c 00h00m09s | memory:rss checkpoint=encode_clause_sample stage=order-ge clauses=1084853 bytes=628035584 rss=598.94MiB progress_percent=40 processed=602359 total=1505897
c 00h00m09s | stage:encode(order-ge):progress percent=40 processed=602359 total=1505897 sat_clauses=1084853 ms=440
c 00h00m09s | memory:rss checkpoint=encode_clause_sample stage=order-ge clauses=1236954 bytes=628035584 rss=598.94MiB progress_percent=50 processed=752949 total=1505897
c 00h00m09s | stage:encode(order-ge):progress percent=50 processed=752949 total=1505897 sat_clauses=1236954 ms=498
c 00h00m09s | memory:rss checkpoint=encode_clause_sample stage=order-ge clauses=1389030 bytes=628035584 rss=598.94MiB progress_percent=60 processed=903539 total=1505897
c 00h00m09s | stage:encode(order-ge):progress percent=60 processed=903539 total=1505897 sat_clauses=1389030 ms=563
c 00h00m09s | memory:rss checkpoint=encode_clause_sample stage=order-ge clauses=1540711 bytes=628035584 rss=598.94MiB progress_percent=70 processed=1054128 total=1505897
c 00h00m09s | stage:encode(order-ge):progress percent=70 processed=1054128 total=1505897 sat_clauses=1540711 ms=615
c 00h00m10s | memory:rss checkpoint=encode_clause_sample stage=order-ge clauses=1692217 bytes=628035584 rss=598.94MiB progress_percent=80 processed=1204718 total=1505897
c 00h00m10s | stage:encode(order-ge):progress percent=80 processed=1204718 total=1505897 sat_clauses=1692217 ms=673
c 00h00m10s | memory:rss checkpoint=encode_clause_sample stage=order-ge clauses=1843450 bytes=628035584 rss=598.94MiB progress_percent=90 processed=1355308 total=1505897
c 00h00m10s | stage:encode(order-ge):progress percent=90 processed=1355308 total=1505897 sat_clauses=1843450 ms=734
c 00h00m10s | memory:rss checkpoint=encode_clause_sample stage=order-ge clauses=2034426 bytes=628035584 rss=598.94MiB progress_percent=100 processed=1505897 total=1505897
c 00h00m10s | stage:encode(order-ge):progress percent=100 processed=1505897 total=1505897 sat_clauses=2034426 ms=802
c 00h00m10s | stage:encode(order-ge):done ms=803 sat_vars=145066 sat_clauses=2034426 ext_ge_specs=0 relaxed_circuits=0
c 00h00m10s | stage:sat:init solver=CaDiCaL vars=145066 clauses=2034426
c 00h00m10s | stage:sat:solve:start assumptions=1 phase_lits=0
c 00h00m18s | stage:sat:solve:done ms=7873 result=Sat assumptions=1 phase_lits=0
c 00h00m18s | stage:decode:start
c 00h00m18s | stage:decode:done int_assignments=680
c 00h00m18s | result:Sat
c 00h03m45s | objective:incumbent kind=improvement value=24 rounds=10 improvements=9
o 24
c 00h00m00s | solve:start
c 00h00m00s | input: constraints=4150
c 00h00m00s | stage:propagate:start
c 00h00m00s | stage:propagate:done ms=33 pruned=0 changed_domains=0 entailed_tables=0
c 00h00m00s | memory:rss checkpoint=after_propagate bytes=628682752 rss=599.56MiB
c 00h00m00s | stage:normalize:start
c 00h00m00s | stage:normalize:done ms=0 high_constraints=4150
c 00h00m00s | stage:lower:start
c 00h00m00s | stage:lower:progress percent=10 processed=415 total=4150 lowered=415 unsupported=0 ms=4
c 00h00m00s | stage:lower:progress percent=20 processed=830 total=4150 lowered=830 unsupported=0 ms=8
c 00h00m00s | stage:lower:progress percent=30 processed=1245 total=4150 lowered=1245 unsupported=0 ms=12
c 00h00m00s | stage:lower:progress percent=40 processed=1660 total=4150 lowered=1660 unsupported=0 ms=16
c 00h00m00s | stage:lower:progress percent=50 processed=2075 total=4150 lowered=2075 unsupported=0 ms=20
c 00h00m00s | stage:lower:progress percent=60 processed=2490 total=4150 lowered=2490 unsupported=0 ms=24
c 00h00m00s | stage:lower:progress percent=70 processed=2905 total=4150 lowered=2905 unsupported=0 ms=28
c 00h00m00s | stage:lower:progress percent=80 processed=3320 total=4150 lowered=3320 unsupported=0 ms=32
c 00h00m00s | stage:lower:progress percent=90 processed=3735 total=4150 lowered=3735 unsupported=0 ms=36
c 00h00m08s | stage:lower:progress percent=100 processed=4150 total=4150 lowered=4150 unsupported=0 ms=8654
c 00h00m08s | stage:lower:done ms=8664 lowered=4150 unsupported=0
c 00h00m08s | memory:rss checkpoint=after_lower bytes=628682752 rss=599.56MiB
c 00h00m08s | stage:post_lower:start
c 00h00m08s | stage:post_lower:done ms=295 rounds=0 tightened=0 removed_cls=45308 removed_lits=45308 unsat=false precise_hits=0 precise_rounds=0 pivot_recomputes=0 pivot_exact_attempts=0 pivot_general_attempts=0 pivot_general_rest_missing=0 pivot_general_bound_missing=0 pivot_general_no_change=0 pivot_general_tightened=0 setup_ms=93 loop_ms=171 pivot_ms=0 pivot_version_ms=0 pivot_exact_ms=0 pivot_general_ms=0 pivot_general_prepare_ms=0 pivot_general_rest_ms=0 pivot_general_derive_ms=0 apply_ms=30 sat_ms=0 precise_ms=0
c 00h00m08s | memory:rss checkpoint=after_post_lower bytes=628682752 rss=599.56MiB
c 00h00m09s | memory:rss checkpoint=before_preencode bytes=628682752 rss=599.56MiB
c 00h00m09s | stage:preencode(order-ge):start
c 00h00m09s | stage:preencode(order-ge):done ms=453 int_vars=3923
c 00h00m09s | memory:rss checkpoint=after_preencode bytes=653852672 rss=623.56MiB
c 00h00m09s | memory:rss checkpoint=before_encode bytes=653852672 rss=623.56MiB
c 00h00m09s | stage:encode(order-ge):start
c 00h00m09s | memory:rss checkpoint=encode_clause_sample stage=order-ge clauses=630264 bytes=653852672 rss=623.56MiB progress_percent=10 processed=150590 total=1505897
c 00h00m09s | stage:encode(order-ge):progress percent=10 processed=150590 total=1505897 sat_clauses=630264 ms=280
c 00h00m09s | memory:rss checkpoint=encode_clause_sample stage=order-ge clauses=781540 bytes=653852672 rss=623.56MiB progress_percent=20 processed=301180 total=1505897
c 00h00m09s | stage:encode(order-ge):progress percent=20 processed=301180 total=1505897 sat_clauses=781540 ms=326
c 00h00m09s | memory:rss checkpoint=encode_clause_sample stage=order-ge clauses=932978 bytes=653852672 rss=623.56MiB progress_percent=30 processed=451770 total=1505897
c 00h00m09s | stage:encode(order-ge):progress percent=30 processed=451770 total=1505897 sat_clauses=932978 ms=389
c 00h00m09s | memory:rss checkpoint=encode_clause_sample stage=order-ge clauses=1084853 bytes=653852672 rss=623.56MiB progress_percent=40 processed=602359 total=1505897
c 00h00m09s | stage:encode(order-ge):progress percent=40 processed=602359 total=1505897 sat_clauses=1084853 ms=440
c 00h00m09s | memory:rss checkpoint=encode_clause_sample stage=order-ge clauses=1236954 bytes=653852672 rss=623.56MiB progress_percent=50 processed=752949 total=1505897
c 00h00m09s | stage:encode(order-ge):progress percent=50 processed=752949 total=1505897 sat_clauses=1236954 ms=492
c 00h00m10s | memory:rss checkpoint=encode_clause_sample stage=order-ge clauses=1389030 bytes=653852672 rss=623.56MiB progress_percent=60 processed=903539 total=1505897
c 00h00m10s | stage:encode(order-ge):progress percent=60 processed=903539 total=1505897 sat_clauses=1389030 ms=558
c 00h00m10s | memory:rss checkpoint=encode_clause_sample stage=order-ge clauses=1540711 bytes=653852672 rss=623.56MiB progress_percent=70 processed=1054128 total=1505897
c 00h00m10s | stage:encode(order-ge):progress percent=70 processed=1054128 total=1505897 sat_clauses=1540711 ms=613
c 00h00m10s | memory:rss checkpoint=encode_clause_sample stage=order-ge clauses=1692217 bytes=653852672 rss=623.56MiB progress_percent=80 processed=1204718 total=1505897
c 00h00m10s | stage:encode(order-ge):progress percent=80 processed=1204718 total=1505897 sat_clauses=1692217 ms=673
c 00h00m10s | memory:rss checkpoint=encode_clause_sample stage=order-ge clauses=1843450 bytes=653852672 rss=623.56MiB progress_percent=90 processed=1355308 total=1505897
c 00h00m10s | stage:encode(order-ge):progress percent=90 processed=1355308 total=1505897 sat_clauses=1843450 ms=745
c 00h00m10s | memory:rss checkpoint=encode_clause_sample stage=order-ge clauses=2034426 bytes=653852672 rss=623.56MiB progress_percent=100 processed=1505897 total=1505897
c 00h00m10s | stage:encode(order-ge):progress percent=100 processed=1505897 total=1505897 sat_clauses=2034426 ms=817
c 00h00m10s | stage:encode(order-ge):done ms=819 sat_vars=145066 sat_clauses=2034426 ext_ge_specs=0 relaxed_circuits=0
c 00h00m10s | stage:sat:init solver=CaDiCaL vars=145066 clauses=2034426
c 00h00m10s | stage:sat:solve:start assumptions=1 phase_lits=0
c 00h00m23s | stage:sat:solve:done ms=13233 result=Sat assumptions=1 phase_lits=0
c 00h00m23s | stage:decode:start
c 00h00m23s | stage:decode:done int_assignments=680
c 00h00m23s | result:Sat
c 00h04m17s | objective:incumbent kind=improvement value=22 rounds=11 improvements=10
o 22
c 00h00m00s | solve:start
c 00h00m00s | input: constraints=4150
c 00h00m00s | stage:propagate:start
c 00h00m00s | stage:propagate:done ms=34 pruned=0 changed_domains=0 entailed_tables=0
c 00h00m00s | memory:rss checkpoint=after_propagate bytes=628686848 rss=599.56MiB
c 00h00m00s | stage:normalize:start
c 00h00m00s | stage:normalize:done ms=0 high_constraints=4150
c 00h00m00s | stage:lower:start
c 00h00m00s | stage:lower:progress percent=10 processed=415 total=4150 lowered=415 unsupported=0 ms=4
c 00h00m00s | stage:lower:progress percent=20 processed=830 total=4150 lowered=830 unsupported=0 ms=8
c 00h00m00s | stage:lower:progress percent=30 processed=1245 total=4150 lowered=1245 unsupported=0 ms=12
c 00h00m00s | stage:lower:progress percent=40 processed=1660 total=4150 lowered=1660 unsupported=0 ms=16
c 00h00m00s | stage:lower:progress percent=50 processed=2075 total=4150 lowered=2075 unsupported=0 ms=20
c 00h00m00s | stage:lower:progress percent=60 processed=2490 total=4150 lowered=2490 unsupported=0 ms=24
c 00h00m00s | stage:lower:progress percent=70 processed=2905 total=4150 lowered=2905 unsupported=0 ms=27
c 00h00m00s | stage:lower:progress percent=80 processed=3320 total=4150 lowered=3320 unsupported=0 ms=31
c 00h00m00s | stage:lower:progress percent=90 processed=3735 total=4150 lowered=3735 unsupported=0 ms=36
c 00h00m08s | stage:lower:progress percent=100 processed=4150 total=4150 lowered=4150 unsupported=0 ms=8613
c 00h00m08s | stage:lower:done ms=8623 lowered=4150 unsupported=0
c 00h00m08s | memory:rss checkpoint=after_lower bytes=628686848 rss=599.56MiB
c 00h00m08s | stage:post_lower:start
c 00h00m08s | stage:post_lower:done ms=273 rounds=0 tightened=0 removed_cls=45308 removed_lits=45308 unsat=false precise_hits=0 precise_rounds=0 pivot_recomputes=0 pivot_exact_attempts=0 pivot_general_attempts=0 pivot_general_rest_missing=0 pivot_general_bound_missing=0 pivot_general_no_change=0 pivot_general_tightened=0 setup_ms=78 loop_ms=171 pivot_ms=0 pivot_version_ms=0 pivot_exact_ms=0 pivot_general_ms=0 pivot_general_prepare_ms=0 pivot_general_rest_ms=0 pivot_general_derive_ms=0 apply_ms=22 sat_ms=0 precise_ms=0
c 00h00m08s | memory:rss checkpoint=after_post_lower bytes=628686848 rss=599.56MiB
c 00h00m08s | memory:rss checkpoint=before_preencode bytes=628686848 rss=599.56MiB
c 00h00m08s | stage:preencode(order-ge):start
c 00h00m09s | stage:preencode(order-ge):done ms=454 int_vars=3923
c 00h00m09s | memory:rss checkpoint=after_preencode bytes=653856768 rss=623.57MiB
c 00h00m09s | memory:rss checkpoint=before_encode bytes=653856768 rss=623.57MiB
c 00h00m09s | stage:encode(order-ge):start
c 00h00m09s | memory:rss checkpoint=encode_clause_sample stage=order-ge clauses=630264 bytes=653856768 rss=623.57MiB progress_percent=10 processed=150590 total=1505897
c 00h00m09s | stage:encode(order-ge):progress percent=10 processed=150590 total=1505897 sat_clauses=630264 ms=280
c 00h00m09s | memory:rss checkpoint=encode_clause_sample stage=order-ge clauses=781540 bytes=653856768 rss=623.57MiB progress_percent=20 processed=301180 total=1505897
c 00h00m09s | stage:encode(order-ge):progress percent=20 processed=301180 total=1505897 sat_clauses=781540 ms=326
c 00h00m09s | memory:rss checkpoint=encode_clause_sample stage=order-ge clauses=932978 bytes=653856768 rss=623.57MiB progress_percent=30 processed=451770 total=1505897
c 00h00m09s | stage:encode(order-ge):progress percent=30 processed=451770 total=1505897 sat_clauses=932978 ms=389
c 00h00m09s | memory:rss checkpoint=encode_clause_sample stage=order-ge clauses=1084853 bytes=653856768 rss=623.57MiB progress_percent=40 processed=602359 total=1505897
c 00h00m09s | stage:encode(order-ge):progress percent=40 processed=602359 total=1505897 sat_clauses=1084853 ms=436
c 00h00m09s | memory:rss checkpoint=encode_clause_sample stage=order-ge clauses=1236954 bytes=653856768 rss=623.57MiB progress_percent=50 processed=752949 total=1505897
c 00h00m09s | stage:encode(order-ge):progress percent=50 processed=752949 total=1505897 sat_clauses=1236954 ms=490
c 00h00m09s | memory:rss checkpoint=encode_clause_sample stage=order-ge clauses=1389030 bytes=653856768 rss=623.57MiB progress_percent=60 processed=903539 total=1505897
c 00h00m09s | stage:encode(order-ge):progress percent=60 processed=903539 total=1505897 sat_clauses=1389030 ms=553
c 00h00m10s | memory:rss checkpoint=encode_clause_sample stage=order-ge clauses=1540711 bytes=653856768 rss=623.57MiB progress_percent=70 processed=1054128 total=1505897
c 00h00m10s | stage:encode(order-ge):progress percent=70 processed=1054128 total=1505897 sat_clauses=1540711 ms=607
c 00h00m10s | memory:rss checkpoint=encode_clause_sample stage=order-ge clauses=1692217 bytes=653856768 rss=623.57MiB progress_percent=80 processed=1204718 total=1505897
c 00h00m10s | stage:encode(order-ge):progress percent=80 processed=1204718 total=1505897 sat_clauses=1692217 ms=666
c 00h00m10s | memory:rss checkpoint=encode_clause_sample stage=order-ge clauses=1843450 bytes=653856768 rss=623.57MiB progress_percent=90 processed=1355308 total=1505897
c 00h00m10s | stage:encode(order-ge):progress percent=90 processed=1355308 total=1505897 sat_clauses=1843450 ms=738
c 00h00m10s | memory:rss checkpoint=encode_clause_sample stage=order-ge clauses=2034426 bytes=653856768 rss=623.57MiB progress_percent=100 processed=1505897 total=1505897
c 00h00m10s | stage:encode(order-ge):progress percent=100 processed=1505897 total=1505897 sat_clauses=2034426 ms=813
c 00h00m10s | stage:encode(order-ge):done ms=814 sat_vars=145066 sat_clauses=2034426 ext_ge_specs=0 relaxed_circuits=0
c 00h00m10s | stage:sat:init solver=CaDiCaL vars=145066 clauses=2034426
c 00h00m10s | stage:sat:solve:start assumptions=1 phase_lits=0
c 00h01m02s | stage:sat:solve:done ms=52428 result=Unsat assumptions=1 phase_lits=0
c 00h01m02s | result:Unsat
s OPTIMUM FOUND
o 22
v <instantiation>
v   <list> x[0] x[1] x[2] x[3] x[4] x[5] x[6] x[7] x[8] x[9] x[10] x[11] x[12] x[13] x[14] x[15] x[16] x[17] x[18] x[19] x[20] x[21] x[22] x[23] x[24] x[25] x[26] x[27] x[28] x[29] x[30] x[31] x[32] x[33] x[34] x[35] x[36] x[37] x[38] x[39] x[40] x[41] x[42] x[43] x[44] x[45] x[46] x[47] x[48] x[49] x[50] x[51] x[52] x[53] x[54] x[55] x[56] x[57] x[58] x[59] x[60] x[61] x[62] x[63] x[64] x[65] x[66] x[67] x[68] x[69] x[70] x[71] x[72] x[73] x[74] x[75] x[76] x[77] x[78] x[79] x[80] x[81] x[82] x[83] x[84] x[85] x[86] x[87] x[88] x[89] x[90] x[91] x[92] x[93] x[94] x[95] x[96] x[97] x[98] x[99] x[100] x[101] x[102] x[103] x[104] x[105] x[106] x[107] x[108] x[109] x[110] x[111] x[112] x[113] x[114] x[115] x[116] x[117] x[118] x[119] x[120] x[121] x[122] x[123] x[124] x[125] x[126] x[127] x[128] x[129] x[130] x[131] x[132] x[133] x[134] x[135] x[136] x[137] x[138] x[139] x[140] x[141] x[142] x[143] x[144] x[145] x[146] x[147] x[148] x[149] x[150] x[151] x[152] x[153] x[154] x[155] x[156] x[157] x[158] x[159] x[160] x[161] x[162] x[163] x[164] x[165] x[166] x[167] x[168] x[169] x[170] x[171] x[172] x[173] x[174] x[175] x[176] x[177] x[178] x[179] x[180] x[181] x[182] x[183] x[184] x[185] x[186] x[187] x[188] x[189] x[190] x[191] x[192] x[193] x[194] x[195] x[196] x[197] x[198] x[199] x[200] x[201] x[202] x[203] x[204] x[205] x[206] x[207] x[208] x[209] x[210] x[211] x[212] x[213] x[214] x[215] x[216] x[217] x[218] x[219] x[220] x[221] x[222] x[223] x[224] x[225] x[226] x[227] x[228] x[229] x[230] x[231] x[232] x[233] x[234] x[235] x[236] x[237] x[238] x[239] x[240] x[241] x[242] x[243] x[244] x[245] x[246] x[247] x[248] x[249] x[250] x[251] x[252] x[253] x[254] x[255] x[256] x[257] x[258] x[259] x[260] x[261] x[262] x[263] x[264] x[265] x[266] x[267] x[268] x[269] x[270] x[271] x[272] x[273] x[274] x[275] x[276] x[277] x[278] x[279] x[280] x[281] x[282] x[283] x[284] x[285] x[286] x[287] x[288] x[289] x[290] x[291] x[292] x[293] x[294] x[295] x[296] x[297] x[298] x[299] x[300] x[301] x[302] x[303] x[304] x[305] x[306] x[307] x[308] x[309] x[310] x[311] x[312] x[313] x[314] x[315] x[316] x[317] x[318] x[319] x[320] x[321] x[322] x[323] x[324] x[325] x[326] x[327] x[328] x[329] x[330] x[331] x[332] x[333] x[334] x[335] x[336] x[337] x[338] x[339] x[340] x[341] x[342] x[343] x[344] x[345] x[346] x[347] x[348] x[349] x[350] x[351] x[352] x[353] x[354] x[355] x[356] x[357] x[358] x[359] x[360] x[361] x[362] x[363] x[364] x[365] x[366] x[367] x[368] x[369] x[370] x[371] x[372] x[373] x[374] x[375] x[376] x[377] x[378] x[379] x[380] x[381] x[382] x[383] x[384] x[385] x[386] x[387] x[388] x[389] x[390] x[391] x[392] x[393] x[394] x[395] x[396] x[397] x[398] x[399] x[400] x[401] x[402] x[403] x[404] x[405] x[406] x[407] x[408] x[409] x[410] x[411] x[412] x[413] x[414] x[415] x[416] x[417] x[418] x[419] x[420] x[421] x[422] x[423] x[424] x[425] x[426] x[427] x[428] x[429] x[430] x[431] x[432] x[433] x[434] x[435] x[436] x[437] x[438] x[439] x[440] x[441] x[442] x[443] x[444] x[445] x[446] x[447] x[448] x[449] x[450] x[451] x[452] x[453] x[454] x[455] x[456] x[457] x[458] x[459] x[460] x[461] x[462] x[463] x[464] x[465] x[466] x[467] x[468] x[469] x[470] x[471] x[472] x[473] x[474] x[475] x[476] x[477] x[478] x[479] x[480] x[481] x[482] x[483] x[484] x[485] x[486] x[487] x[488] x[489] x[490] x[491] x[492] x[493] x[494] x[495] x[496] x[497] x[498] x[499] x[500] x[501] x[502] x[503] x[504] x[505] x[506] x[507] x[508] x[509] x[510] x[511] x[512] x[513] x[514] x[515] x[516] x[517] x[518] x[519] x[520] x[521] x[522] x[523] x[524] x[525] x[526] x[527] x[528] x[529] x[530] x[531] x[532] x[533] x[534] x[535] x[536] x[537] x[538] x[539] x[540] x[541] x[542] x[543] x[544] x[545] x[546] x[547] x[548] x[549] x[550] x[551] x[552] x[553] x[554] x[555] x[556] x[557] x[558] x[559] x[560] x[561] x[562] x[563] x[564] x[565] x[566] x[567] x[568] x[569] x[570] x[571] x[572] x[573] x[574] x[575] x[576] x[577] x[578] x[579] x[580] x[581] x[582] x[583] x[584] x[585] x[586] x[587] x[588] x[589] x[590] x[591] x[592] x[593] x[594] x[595] x[596] x[597] x[598] x[599] x[600] x[601] x[602] x[603] x[604] x[605] x[606] x[607] x[608] x[609] x[610] x[611] x[612] x[613] x[614] x[615] x[616] x[617] x[618] x[619] x[620] x[621] x[622] x[623] x[624] x[625] x[626] x[627] x[628] x[629] x[630] x[631] x[632] x[633] x[634] x[635] x[636] x[637] x[638] x[639] x[640] x[641] x[642] x[643] x[644] x[645] x[646] x[647] x[648] x[649] x[650] x[651] x[652] x[653] x[654] x[655] x[656] x[657] x[658] x[659] x[660] x[661] x[662] x[663] x[664] x[665] x[666] x[667] x[668] x[669] x[670] x[671] x[672] x[673] x[674] x[675] x[676] x[677] x[678] x[679] </list>
v   <values> 764 526 456 694 526 764 16 254 86 324 142 380 456 694 792 554 554 792 526 764 414 652 554 792 414 652 526 764 142 380 456 694 526 764 44 282 456 694 44 282 44 282 484 722 554 792 456 694 456 694 554 792 526 764 156 394 114 352 484 722 156 394 792 554 394 156 792 554 456 694 484 722 142 380 16 254 414 652 16 254 380 142 142 380 484 722 414 652 526 764 554 792 380 142 414 652 526 764 484 722 324 86 44 282 156 394 554 792 114 352 526 764 554 792 554 792 456 694 44 282 114 352 484 722 554 792 526 764 86 324 414 652 554 792 156 394 792 554 652 414 114 352 282 44 414 652 380 142 254 16 44 282 526 764 554 792 44 282 142 380 484 722 764 526 526 764 456 694 554 792 414 652 456 694 16 254 156 394 554 792 484 722 554 792 554 792 414 652 414 652 554 792 414 652 484 722 114 352 456 694 554 792 156 394 652 414 114 352 764 526 254 16 142 380 484 722 86 324 142 380 142 380 484 722 456 694 526 764 86 324 456 694 352 114 414 652 44 282 456 694 282 44 114 352 142 380 114 352 484 722 282 44 484 722 114 352 456 694 526 764 414 652 484 722 282 44 456 694 324 86 456 694 484 722 86 324 142 380 484 722 114 352 142 380 554 792 86 324 526 764 282 44 526 764 414 652 484 722 86 324 142 380 456 694 456 694 484 722 86 324 526 764 526 764 86 324 526 764 142 380 114 352 554 792 484 722 44 282 484 722 484 722 526 764 484 722 44 282 142 380 456 694 484 722 554 792 792 554 456 694 484 722 554 792 554 792 414 652 526 764 526 764 554 792 652 414 554 792 380 142 114 352 694 456 114 352 694 456 142 380 114 352 44 282 86 324 484 722 526 764 554 792 526 764 554 792 456 694 484 722 554 792 554 792 44 282 86 324 456 694 484 722 526 764 44 282 484 722 484 722 764 526 526 764 142 380 142 380 352 114 484 722 380 142 86 324 114 352 456 694 114 352 86 324 484 722 86 324 484 722 526 764 484 722 44 282 86 324 156 394 792 554 694 456 764 526 554 792 282 44 254 16 282 44 456 694 86 324 484 722 86 324 484 722 86 324 484 722 86 324 484 722 414 652 526 764 526 764 764 526 414 652 254 16 722 484 324 86 456 694 324 86 554 792 694 456 44 282 456 694 86 324 484 722 484 722 414 652 44 282 44 282 484 722 484 722 114 352 484 722 484 722 86 324 484 722 484 722 484 722 554 792 456 694 282 44 554 792 554 792 86 324 484 722 526 764 324 86 484 722 86 324 484 722 86 324 484 722 86 324 484 722 484 722 86 324 456 694 526 764 44 282 484 722 86 324 484 722 484 722 86 324 526 764 764 526 86 324 652 414 484 722 694 456 142 380 414 652 484 722 16 254 114 352 414 652 456 694 694 456 554 792 554 792 484 722 86 324 526 764 414 652 86 324 456 694 484 722 484 722 456 694 142 380 86 324 44 282 456 694 484 722 484 722 484 722 86 324 484 722 554 792 484 722 456 694 484 722 142 380 </values>
v </instantiation>
d OBJECTIVE_VALUE 22
d OPTIMAL 1
d SOURCE_CONSTRAINTS 4150
d NORMALIZED_CONSTRAINTS 4150
d LOWERED_CONSTRAINTS 4150
d UNSUPPORTED_CONSTRAINTS 0
d CIRCUIT_CEGAR_FAILURES 0
d CIRCUIT_CEGAR_ROUNDS 0
d CIRCUIT_CEGAR_ADDED_CLAUSES 0
d CUMULATIVE_CEGAR_FAILURES 0
d CUMULATIVE_CEGAR_ROUNDS 0
d CUMULATIVE_CEGAR_ADDED_CLAUSES 0
d COP_CEGAR_FAILURES 0
d COP_CEGAR_ROUNDS 0
d COP_CEGAR_ADDED_CLAUSES 0
d OBJECTIVE_CUT_TIMING guarded-selector
d OBJECTIVE_CUT_BACKEND cnf
d OBJECTIVE_CUT_FORM direct-expr
d OBJECTIVE_CUT_EAGER_CLAUSES_ADDED 0
d OBJECTIVE_RELAXATION_CLAUSES_ADDED 0
d OBJECTIVE_ROUNDS 12
d OBJECTIVE_IMPROVEMENTS 10
d OBJECTIVE_OPTIMALITY_PROOF strict_cut_unsat
d PROPAGATE_MS 397
d NORMALIZE_MS 0
d LOWER_MS 103638
d POST_LOWER_MS 3534
d PREENCODE_MS 5559
d ENCODE_MS 9782
d SAT_SOLVE_MS 96390
d TOTAL_MS 329593
d SAT_VARS 145066
d SAT_CLAUSES_BASE 2034426
d SAT_CLAUSES_FINAL 2034426
d SAT_CLAUSES_CEGAR_DELTA 0
d SAT_CONFLICTS 257906
d PORTFOLIO_CHOICE order-ge/direct-order
d PORTFOLIO_STRATEGY v2
d PORTFOLIO_REASON v2-linear-direct
d PORTFOLIO_STRUCTURED_ATOMS 0
d PORTFOLIO_TABLE_ATOMS 0
d PORTFOLIO_ALLDIFF_ATOMS 0
d PORTFOLIO_CIRCUIT_ATOMS 0
d PORTFOLIO_MAX_LINEAR_DOMAIN_PRODUCT 140737488355328
d LINEAR_INT_EQ_ARITY_STATS {"1":{"count":34896,"max_domain_product_excluding_one_var":"1","p95_domain_product_excluding_one_var":"1"}}
d LINEAR_INT_NE_ARITY_STATS {"1":{"count":34896,"max_domain_product_excluding_one_var":"1","p95_domain_product_excluding_one_var":"1"}}
d LINEAR_INT_GE_ARITY_STATS {"2":{"count":8886,"max_domain_product_excluding_one_var":"44","p95_domain_product_excluding_one_var":"44"},"48":{"count":47,"max_domain_product_excluding_one_var":"140737488355328","p95_domain_product_excluding_one_var":"140737488355328"}}
d LINEAR_BOOL_MIXED_ARITY_STATS {}
d ORDER_GE_EXTERNAL_GE_STATS {"count":0,"terms":0,"bound_mass":0,"surface":0,"max_arity":0,"max_bound_mass":0,"max_surface":0,"arity_hist":{},"bound_mass_hist":{},"average_bound_mass_hist":{},"max_term_bound_mass_hist":{}}
d ORDER_GE_EXTERNAL_GE_SHORTEN_STATS {"shortened_constraints":0,"original_terms":0,"original_bound_mass":0,"original_surface":0,"result_terms":0,"linked_chunks":0,"singleton_chunks":0,"estimated_link_ge_atoms":0}
d OBJECTIVE_CUT_TIMING guarded-selector
d OBJECTIVE_CUT_BACKEND cnf
d OBJECTIVE_CUT_FORM direct-expr
d PROPAGATE_PRUNED_VALUES 0
d PROPAGATE_CHANGED_DOMAINS 0
d PROPAGATE_ENTAILED_TABLES 0
d POST_LOWER_ROUNDS 0
d POST_LOWER_TIGHTENED_DOMAINS 0
d POST_LOWER_REMOVED_CLAUSES 45308
d POST_LOWER_REMOVED_LITS 45308
d POST_LOWER_DETECTED_UNSAT 0
d PREENCODE_INT_VARS 3923
d ENCODE_EXTERNAL_GE_SPECS 0
d ENCODE_RELAXED_CIRCUITS 0
d MEMORY_RSS_BYTES 653856768
d MEMORY_RSS_AFTER_PROPAGATE_BYTES 628686848
d MEMORY_RSS_AFTER_LOWER_BYTES 628686848
d MEMORY_RSS_AFTER_POST_LOWER_BYTES 628686848
d MEMORY_RSS_BEFORE_PREENCODE_BYTES 628686848
d MEMORY_RSS_AFTER_PREENCODE_BYTES 653856768
d MEMORY_RSS_BEFORE_ENCODE_BYTES 653856768
d MEMORY_RSS_ENCODE_SAMPLE_INTERVAL_CLAUSES 1000000
d MEMORY_RSS_ENCODE_SAMPLE_COUNT 12
d MEMORY_RSS_ENCODE_LAST_SAMPLE_CLAUSE 2034426
d MEMORY_RSS_ENCODE_LAST_SAMPLE_BYTES 653856768
d MEMORY_RSS_ENCODE_MAX_SAMPLE_BYTES 653856768
d CSV /bench/competition/2022-2025/COP22to25/RLFAP-scen-11-opt_c22.xml.lzma,optimum,4150,4150,4150,0,145066,2034426,329593,397,0,103638,5559,9782,96390,,,,,,,,,,,,,,,,
c run_end_local: 2026-05-29 20:18:50 +0900
