# WCTIME: wall clock time in seconds
WCTIME=2.73692
# CPUTIME: CPU time in seconds (USERTIME+SYSTEMTIME)
CPUTIME=2.66152
# USERTIME: CPU time spent in user mode in seconds
USERTIME=1.8929
# SYSTEMTIME: CPU time spent in system mode in seconds
SYSTEMTIME=0.768621
# CPUUSAGE: CPUTIME/WCTIME in percent
CPUUSAGE=97.2451
# MAXVM: maximum virtual memory used in KiB
MAXVM=211696
# MAXMM: maximum memory used in KiB
MAXMM=29832
# MAXRSS: maximum Resident Segment Size in KiB
MAXRSS=27016
# TIMEOUT: did the solver exceed the time limit?
TIMEOUT=false
# MEMOUT: did the solver exceed the memory limit?
MEMOUT=false
# EXITSTATUS: Exit status of the solver
EXITSTATUS=0
