# WCTIME: wall clock time in seconds
WCTIME=1310.78
# CPUTIME: CPU time in seconds (USERTIME+SYSTEMTIME)
CPUTIME=1304.59
# USERTIME: CPU time spent in user mode in seconds
USERTIME=1303.31
# SYSTEMTIME: CPU time spent in system mode in seconds
SYSTEMTIME=1.27555
# CPUUSAGE: CPUTIME/WCTIME in percent
CPUUSAGE=99.5275
# MAXVM: maximum virtual memory used in KiB
MAXVM=288592
# MAXMM: maximum memory used in KiB
MAXMM=104712
# MAXRSS: maximum Resident Segment Size in KiB
MAXRSS=104712
# TIMEOUT: did the solver exceed the time limit?
TIMEOUT=false
# MEMOUT: did the solver exceed the memory limit?
MEMOUT=false
# EXITSTATUS: Exit status of the solver
EXITSTATUS=0
