# WCTIME: wall clock time in seconds
WCTIME=529.077
# CPUTIME: CPU time in seconds (USERTIME+SYSTEMTIME)
CPUTIME=526.312
# USERTIME: CPU time spent in user mode in seconds
USERTIME=512.533
# SYSTEMTIME: CPU time spent in system mode in seconds
SYSTEMTIME=13.7789
# CPUUSAGE: CPUTIME/WCTIME in percent
CPUUSAGE=99.4775
# MAXVM: maximum virtual memory used in KiB
MAXVM=11517624
# MAXMM: maximum memory used in KiB
MAXMM=10741084
# MAXRSS: maximum Resident Segment Size in KiB
MAXRSS=10738100
# TIMEOUT: did the solver exceed the time limit?
TIMEOUT=false
# MEMOUT: did the solver exceed the memory limit?
MEMOUT=false
# EXITSTATUS: Exit status of the solver
EXITSTATUS=0
