c cmd: /host-parser-bin/kat_xcsp_f85951b8_logscop_autobdd_norootlp_20260517 /bench/competition/2022-2025/COP22to25/ButtonsScissors-08_c25.xml.lzma --encoder log-scop --order-ge-table mdd-tl --log-scop-linear-pb-backend auto --no-root-lp-bound --progress
c 00h00m00s | solve:start
c 00h00m00s | input: constraints=1397
c 00h00m00s | stage:propagate:start
c 00h00m00s | stage:propagate:done ms=3 pruned=0 changed_domains=0 entailed_tables=0
c 00h00m00s | stage:normalize:start
c 00h00m00s | stage:normalize:done ms=0 high_constraints=1397
c 00h00m00s | stage:lower:start
c 00h00m00s | stage:lower:done ms=38 lowered=1397 unsupported=0
c 00h00m00s | stage:post_lower:start
c 00h00m00s | stage:post_lower:done ms=2 rounds=0 tightened=0 removed_cls=0 removed_lits=0 unsat=false precise_hits=0 precise_rounds=0 pivot_recomputes=0 pivot_exact_attempts=0 pivot_general_attempts=0 pivot_general_rest_missing=0 pivot_general_bound_missing=0 pivot_general_no_change=0 pivot_general_tightened=0 setup_ms=0 loop_ms=0 pivot_ms=0 pivot_version_ms=0 pivot_exact_ms=0 pivot_general_ms=0 pivot_general_prepare_ms=0 pivot_general_rest_ms=0 pivot_general_derive_ms=0 apply_ms=0 sat_ms=0 precise_ms=0
c 00h00m00s | stage:lowered-shape int_vars=98 bool_vars=5146 linear_atoms=6335 table_atoms=0 table_tuples=0 table_scope=0 alldiff_atoms=0 circuit_atoms=0 product_atoms=0 logical_clauses=11443
c 00h00m00s | stage:root-lp:skip reason=disabled_by_option ms=0
c 00h00m00s | stage:preencode(log-scop):start
c 00h00m00s | stage:preencode(log-scop):done ms=0 int_vars=98
c 00h00m00s | stage:encode(log-scop):start
c 00h00m00s | stage:encode(log-scop):done ms=79 sat_vars=33541 sat_clauses=201471 ext_ge_specs=0 relaxed_circuits=0 log_scop_pb_constraints=718 log_scop_pb_mixed=0 log_scop_pb_bdd2=718 log_scop_pb_bdd3=0 log_scop_pb_sorter=0 log_scop_pb_dadda=0 log_scop_bdd_raw=718 log_scop_bdd_binary=0 log_scop_bdd_multibase=0
c 00h00m00s | stage:sat:init solver=CaDiCaL vars=33541 clauses=201471
c 00h00m00s | stage:sat:solve:start round=1 circuit_cegar_rounds=- cumulative_cegar_rounds=- cop_cegar_rounds=1 assumptions=0 phase_lits=0
c 00h00m04s | stage:sat:solve:done round=1 ms=4587 result=Sat assumptions=0 phase_lits=0
c 00h00m04s | stage:decode:start round=1 requested_int_ids=98
c 00h00m04s | stage:decode:final:start round=1 requested_int_ids=98
c 00h00m04s | stage:decode:done round=1 int_assignments=98
c 00h00m04s | stage:relaxation:done clauses_added=0 circuit_cegar_failures=0 circuit_cegar_rounds=0 circuit_cegar_added_clauses=0 cumulative_cegar_failures=0 cumulative_cegar_rounds=0 cumulative_cegar_added_clauses=0 cop_cegar_failures=0 cop_cegar_rounds=1 cop_cegar_added_clauses=0
c 00h00m04s | result:Sat
c 00h00m04s | objective:incumbent kind=initial value=96 rounds=1 improvements=0
o 96
c 00h00m04s | stage:sat:init solver=CaDiCaL vars=33541 clauses=201471
c 00h00m04s | stage:sat:solve:start round=1 circuit_cegar_rounds=- cumulative_cegar_rounds=- cop_cegar_rounds=2 assumptions=0 phase_lits=637
c 00h00m04s | stage:sat:solve:done round=1 ms=244 result=Sat assumptions=0 phase_lits=637
c 00h00m04s | stage:decode:start round=1 requested_int_ids=98
c 00h00m04s | stage:relaxation:done round=1 clauses_added=2711 circuit_clauses_added=0 cumulative_clauses_added=0 cop_clauses_added=2711 circuit_cegar_failures=0 circuit_cegar_rounds=0 circuit_cegar_added_clauses=0 cumulative_cegar_failures=0 cumulative_cegar_rounds=0 cumulative_cegar_added_clauses=0 cop_cegar_failures=1 cop_cegar_rounds=2 cop_cegar_added_clauses=2711
c 00h00m04s | stage:sat:solve:start round=2 circuit_cegar_rounds=- cumulative_cegar_rounds=- cop_cegar_rounds=3 assumptions=0 phase_lits=637
c 00h00m05s | stage:sat:solve:done round=2 ms=1011 result=Sat assumptions=0 phase_lits=637
c 00h00m05s | stage:decode:start round=2 requested_int_ids=98
c 00h00m05s | stage:decode:final:start round=2 requested_int_ids=98
c 00h00m05s | stage:decode:done round=2 int_assignments=98
c 00h00m05s | stage:relaxation:done clauses_added=0 circuit_cegar_failures=0 circuit_cegar_rounds=0 circuit_cegar_added_clauses=0 cumulative_cegar_failures=0 cumulative_cegar_rounds=0 cumulative_cegar_added_clauses=0 cop_cegar_failures=1 cop_cegar_rounds=3 cop_cegar_added_clauses=2711
c 00h00m05s | result:Sat
c 00h00m05s | objective:incumbent kind=improvement value=95 rounds=2 improvements=1
o 95
c 00h00m05s | stage:sat:init solver=CaDiCaL vars=33541 clauses=201471
c 00h00m05s | stage:sat:solve:start round=1 circuit_cegar_rounds=- cumulative_cegar_rounds=- cop_cegar_rounds=4 assumptions=0 phase_lits=637
c 00h00m07s | stage:sat:solve:done round=1 ms=1063 result=Sat assumptions=0 phase_lits=637
c 00h00m07s | stage:decode:start round=1 requested_int_ids=98
c 00h00m07s | stage:decode:final:start round=1 requested_int_ids=98
c 00h00m07s | stage:decode:done round=1 int_assignments=98
c 00h00m07s | stage:relaxation:done clauses_added=0 circuit_cegar_failures=0 circuit_cegar_rounds=0 circuit_cegar_added_clauses=0 cumulative_cegar_failures=0 cumulative_cegar_rounds=0 cumulative_cegar_added_clauses=0 cop_cegar_failures=1 cop_cegar_rounds=4 cop_cegar_added_clauses=2711
c 00h00m07s | result:Sat
c 00h00m07s | objective:incumbent kind=improvement value=90 rounds=3 improvements=2
o 90
c 00h00m07s | stage:sat:init solver=CaDiCaL vars=33541 clauses=201471
c 00h00m07s | stage:sat:solve:start round=1 circuit_cegar_rounds=- cumulative_cegar_rounds=- cop_cegar_rounds=5 assumptions=0 phase_lits=637
c 00h00m07s | stage:sat:solve:done round=1 ms=11 result=Sat assumptions=0 phase_lits=637
c 00h00m07s | stage:decode:start round=1 requested_int_ids=98
c 00h00m07s | stage:relaxation:done round=1 clauses_added=2717 circuit_clauses_added=0 cumulative_clauses_added=0 cop_clauses_added=2717 circuit_cegar_failures=0 circuit_cegar_rounds=0 circuit_cegar_added_clauses=0 cumulative_cegar_failures=0 cumulative_cegar_rounds=0 cumulative_cegar_added_clauses=0 cop_cegar_failures=2 cop_cegar_rounds=5 cop_cegar_added_clauses=5428
c 00h00m07s | stage:sat:solve:start round=2 circuit_cegar_rounds=- cumulative_cegar_rounds=- cop_cegar_rounds=6 assumptions=0 phase_lits=637
c 00h00m07s | stage:sat:solve:done round=2 ms=51 result=Sat assumptions=0 phase_lits=637
c 00h00m07s | stage:decode:start round=2 requested_int_ids=98
c 00h00m07s | stage:decode:final:start round=2 requested_int_ids=98
c 00h00m07s | stage:decode:done round=2 int_assignments=98
c 00h00m07s | stage:relaxation:done clauses_added=0 circuit_cegar_failures=0 circuit_cegar_rounds=0 circuit_cegar_added_clauses=0 cumulative_cegar_failures=0 cumulative_cegar_rounds=0 cumulative_cegar_added_clauses=0 cop_cegar_failures=2 cop_cegar_rounds=6 cop_cegar_added_clauses=5428
c 00h00m07s | result:Sat
c 00h00m07s | objective:incumbent kind=improvement value=89 rounds=4 improvements=3
o 89
c 00h00m07s | stage:sat:init solver=CaDiCaL vars=33541 clauses=201471
c 00h00m07s | stage:sat:solve:start round=1 circuit_cegar_rounds=- cumulative_cegar_rounds=- cop_cegar_rounds=7 assumptions=0 phase_lits=637
c 00h00m07s | stage:sat:solve:done round=1 ms=4 result=Sat assumptions=0 phase_lits=637
c 00h00m07s | stage:decode:start round=1 requested_int_ids=98
c 00h00m07s | stage:relaxation:done round=1 clauses_added=2719 circuit_clauses_added=0 cumulative_clauses_added=0 cop_clauses_added=2719 circuit_cegar_failures=0 circuit_cegar_rounds=0 circuit_cegar_added_clauses=0 cumulative_cegar_failures=0 cumulative_cegar_rounds=0 cumulative_cegar_added_clauses=0 cop_cegar_failures=3 cop_cegar_rounds=7 cop_cegar_added_clauses=8147
c 00h00m07s | stage:sat:solve:start round=2 circuit_cegar_rounds=- cumulative_cegar_rounds=- cop_cegar_rounds=8 assumptions=0 phase_lits=637
c 00h00m07s | stage:sat:solve:done round=2 ms=33 result=Sat assumptions=0 phase_lits=637
c 00h00m07s | stage:decode:start round=2 requested_int_ids=98
c 00h00m07s | stage:decode:final:start round=2 requested_int_ids=98
c 00h00m07s | stage:decode:done round=2 int_assignments=98
c 00h00m07s | stage:relaxation:done clauses_added=0 circuit_cegar_failures=0 circuit_cegar_rounds=0 circuit_cegar_added_clauses=0 cumulative_cegar_failures=0 cumulative_cegar_rounds=0 cumulative_cegar_added_clauses=0 cop_cegar_failures=3 cop_cegar_rounds=8 cop_cegar_added_clauses=8147
c 00h00m07s | result:Sat
c 00h00m07s | objective:incumbent kind=improvement value=88 rounds=5 improvements=4
o 88
c 00h00m07s | stage:sat:init solver=CaDiCaL vars=33541 clauses=201471
c 00h00m07s | stage:sat:solve:start round=1 circuit_cegar_rounds=- cumulative_cegar_rounds=- cop_cegar_rounds=9 assumptions=0 phase_lits=637
c 00h00m07s | stage:sat:solve:done round=1 ms=4 result=Sat assumptions=0 phase_lits=637
c 00h00m07s | stage:decode:start round=1 requested_int_ids=98
c 00h00m07s | stage:relaxation:done round=1 clauses_added=2714 circuit_clauses_added=0 cumulative_clauses_added=0 cop_clauses_added=2714 circuit_cegar_failures=0 circuit_cegar_rounds=0 circuit_cegar_added_clauses=0 cumulative_cegar_failures=0 cumulative_cegar_rounds=0 cumulative_cegar_added_clauses=0 cop_cegar_failures=4 cop_cegar_rounds=9 cop_cegar_added_clauses=10861
c 00h00m07s | stage:sat:solve:start round=2 circuit_cegar_rounds=- cumulative_cegar_rounds=- cop_cegar_rounds=10 assumptions=0 phase_lits=637
c 00h00m07s | stage:sat:solve:done round=2 ms=80 result=Sat assumptions=0 phase_lits=637
c 00h00m07s | stage:decode:start round=2 requested_int_ids=98
c 00h00m07s | stage:decode:final:start round=2 requested_int_ids=98
c 00h00m07s | stage:decode:done round=2 int_assignments=98
c 00h00m07s | stage:relaxation:done clauses_added=0 circuit_cegar_failures=0 circuit_cegar_rounds=0 circuit_cegar_added_clauses=0 cumulative_cegar_failures=0 cumulative_cegar_rounds=0 cumulative_cegar_added_clauses=0 cop_cegar_failures=4 cop_cegar_rounds=10 cop_cegar_added_clauses=10861
c 00h00m07s | result:Sat
c 00h00m07s | objective:incumbent kind=improvement value=81 rounds=6 improvements=5
o 81
c 00h00m07s | stage:sat:init solver=CaDiCaL vars=33541 clauses=201471
c 00h00m07s | stage:sat:solve:start round=1 circuit_cegar_rounds=- cumulative_cegar_rounds=- cop_cegar_rounds=11 assumptions=0 phase_lits=637
c 00h00m07s | stage:sat:solve:done round=1 ms=4 result=Sat assumptions=0 phase_lits=637
c 00h00m07s | stage:decode:start round=1 requested_int_ids=98
c 00h00m07s | stage:relaxation:done round=1 clauses_added=2720 circuit_clauses_added=0 cumulative_clauses_added=0 cop_clauses_added=2720 circuit_cegar_failures=0 circuit_cegar_rounds=0 circuit_cegar_added_clauses=0 cumulative_cegar_failures=0 cumulative_cegar_rounds=0 cumulative_cegar_added_clauses=0 cop_cegar_failures=5 cop_cegar_rounds=11 cop_cegar_added_clauses=13581
c 00h00m07s | stage:sat:solve:start round=2 circuit_cegar_rounds=- cumulative_cegar_rounds=- cop_cegar_rounds=12 assumptions=0 phase_lits=637
c 00h00m08s | stage:sat:solve:done round=2 ms=759 result=Sat assumptions=0 phase_lits=637
c 00h00m08s | stage:decode:start round=2 requested_int_ids=98
c 00h00m08s | stage:decode:final:start round=2 requested_int_ids=98
c 00h00m08s | stage:decode:done round=2 int_assignments=98
c 00h00m08s | stage:relaxation:done clauses_added=0 circuit_cegar_failures=0 circuit_cegar_rounds=0 circuit_cegar_added_clauses=0 cumulative_cegar_failures=0 cumulative_cegar_rounds=0 cumulative_cegar_added_clauses=0 cop_cegar_failures=5 cop_cegar_rounds=12 cop_cegar_added_clauses=13581
c 00h00m08s | result:Sat
c 00h00m08s | objective:incumbent kind=improvement value=77 rounds=7 improvements=6
o 77
c 00h00m08s | stage:sat:init solver=CaDiCaL vars=33541 clauses=201471
c 00h00m08s | stage:sat:solve:start round=1 circuit_cegar_rounds=- cumulative_cegar_rounds=- cop_cegar_rounds=13 assumptions=0 phase_lits=637
c 00h00m08s | stage:sat:solve:done round=1 ms=347 result=Sat assumptions=0 phase_lits=637
c 00h00m08s | stage:decode:start round=1 requested_int_ids=98
c 00h00m08s | stage:relaxation:done round=1 clauses_added=2719 circuit_clauses_added=0 cumulative_clauses_added=0 cop_clauses_added=2719 circuit_cegar_failures=0 circuit_cegar_rounds=0 circuit_cegar_added_clauses=0 cumulative_cegar_failures=0 cumulative_cegar_rounds=0 cumulative_cegar_added_clauses=0 cop_cegar_failures=6 cop_cegar_rounds=13 cop_cegar_added_clauses=16300
c 00h00m08s | stage:sat:solve:start round=2 circuit_cegar_rounds=- cumulative_cegar_rounds=- cop_cegar_rounds=14 assumptions=0 phase_lits=637
c 00h00m08s | stage:sat:solve:done round=2 ms=95 result=Sat assumptions=0 phase_lits=637
c 00h00m08s | stage:decode:start round=2 requested_int_ids=98
c 00h00m08s | stage:decode:final:start round=2 requested_int_ids=98
c 00h00m08s | stage:decode:done round=2 int_assignments=98
c 00h00m08s | stage:relaxation:done clauses_added=0 circuit_cegar_failures=0 circuit_cegar_rounds=0 circuit_cegar_added_clauses=0 cumulative_cegar_failures=0 cumulative_cegar_rounds=0 cumulative_cegar_added_clauses=0 cop_cegar_failures=6 cop_cegar_rounds=14 cop_cegar_added_clauses=16300
c 00h00m08s | result:Sat
c 00h00m08s | objective:incumbent kind=improvement value=75 rounds=8 improvements=7
o 75
c 00h00m08s | stage:sat:init solver=CaDiCaL vars=33541 clauses=201471
c 00h00m08s | stage:sat:solve:start round=1 circuit_cegar_rounds=- cumulative_cegar_rounds=- cop_cegar_rounds=15 assumptions=0 phase_lits=637
c 00h00m08s | stage:sat:solve:done round=1 ms=8 result=Sat assumptions=0 phase_lits=637
c 00h00m08s | stage:decode:start round=1 requested_int_ids=98
c 00h00m08s | stage:relaxation:done round=1 clauses_added=2719 circuit_clauses_added=0 cumulative_clauses_added=0 cop_clauses_added=2719 circuit_cegar_failures=0 circuit_cegar_rounds=0 circuit_cegar_added_clauses=0 cumulative_cegar_failures=0 cumulative_cegar_rounds=0 cumulative_cegar_added_clauses=0 cop_cegar_failures=7 cop_cegar_rounds=15 cop_cegar_added_clauses=19019
c 00h00m08s | stage:sat:solve:start round=2 circuit_cegar_rounds=- cumulative_cegar_rounds=- cop_cegar_rounds=16 assumptions=0 phase_lits=637
c 00h00m08s | stage:sat:solve:done round=2 ms=98 result=Sat assumptions=0 phase_lits=637
c 00h00m08s | stage:decode:start round=2 requested_int_ids=98
c 00h00m08s | stage:decode:final:start round=2 requested_int_ids=98
c 00h00m08s | stage:decode:done round=2 int_assignments=98
c 00h00m08s | stage:relaxation:done clauses_added=0 circuit_cegar_failures=0 circuit_cegar_rounds=0 circuit_cegar_added_clauses=0 cumulative_cegar_failures=0 cumulative_cegar_rounds=0 cumulative_cegar_added_clauses=0 cop_cegar_failures=7 cop_cegar_rounds=16 cop_cegar_added_clauses=19019
c 00h00m08s | result:Sat
c 00h00m08s | objective:incumbent kind=improvement value=70 rounds=9 improvements=8
o 70
c 00h00m08s | stage:sat:init solver=CaDiCaL vars=33541 clauses=201471
c 00h00m08s | stage:sat:solve:start round=1 circuit_cegar_rounds=- cumulative_cegar_rounds=- cop_cegar_rounds=17 assumptions=0 phase_lits=637
c 00h00m08s | stage:sat:solve:done round=1 ms=4 result=Sat assumptions=0 phase_lits=637
c 00h00m08s | stage:decode:start round=1 requested_int_ids=98
c 00h00m08s | stage:relaxation:done round=1 clauses_added=2718 circuit_clauses_added=0 cumulative_clauses_added=0 cop_clauses_added=2718 circuit_cegar_failures=0 circuit_cegar_rounds=0 circuit_cegar_added_clauses=0 cumulative_cegar_failures=0 cumulative_cegar_rounds=0 cumulative_cegar_added_clauses=0 cop_cegar_failures=8 cop_cegar_rounds=17 cop_cegar_added_clauses=21737
c 00h00m08s | stage:sat:solve:start round=2 circuit_cegar_rounds=- cumulative_cegar_rounds=- cop_cegar_rounds=18 assumptions=0 phase_lits=637
c 00h00m08s | stage:sat:solve:done round=2 ms=98 result=Sat assumptions=0 phase_lits=637
c 00h00m08s | stage:decode:start round=2 requested_int_ids=98
c 00h00m08s | stage:decode:final:start round=2 requested_int_ids=98
c 00h00m08s | stage:decode:done round=2 int_assignments=98
c 00h00m08s | stage:relaxation:done clauses_added=0 circuit_cegar_failures=0 circuit_cegar_rounds=0 circuit_cegar_added_clauses=0 cumulative_cegar_failures=0 cumulative_cegar_rounds=0 cumulative_cegar_added_clauses=0 cop_cegar_failures=8 cop_cegar_rounds=18 cop_cegar_added_clauses=21737
c 00h00m08s | result:Sat
c 00h00m08s | objective:incumbent kind=improvement value=69 rounds=10 improvements=9
o 69
c 00h00m08s | stage:sat:init solver=CaDiCaL vars=33541 clauses=201471
c 00h00m08s | stage:sat:solve:start round=1 circuit_cegar_rounds=- cumulative_cegar_rounds=- cop_cegar_rounds=19 assumptions=0 phase_lits=637
c 00h00m08s | stage:sat:solve:done round=1 ms=4 result=Sat assumptions=0 phase_lits=637
c 00h00m08s | stage:decode:start round=1 requested_int_ids=98
c 00h00m08s | stage:relaxation:done round=1 clauses_added=2720 circuit_clauses_added=0 cumulative_clauses_added=0 cop_clauses_added=2720 circuit_cegar_failures=0 circuit_cegar_rounds=0 circuit_cegar_added_clauses=0 cumulative_cegar_failures=0 cumulative_cegar_rounds=0 cumulative_cegar_added_clauses=0 cop_cegar_failures=9 cop_cegar_rounds=19 cop_cegar_added_clauses=24457
c 00h00m08s | stage:sat:solve:start round=2 circuit_cegar_rounds=- cumulative_cegar_rounds=- cop_cegar_rounds=20 assumptions=0 phase_lits=637
c 00h00m08s | stage:sat:solve:done round=2 ms=87 result=Sat assumptions=0 phase_lits=637
c 00h00m08s | stage:decode:start round=2 requested_int_ids=98
c 00h00m08s | stage:decode:final:start round=2 requested_int_ids=98
c 00h00m08s | stage:decode:done round=2 int_assignments=98
c 00h00m08s | stage:relaxation:done clauses_added=0 circuit_cegar_failures=0 circuit_cegar_rounds=0 circuit_cegar_added_clauses=0 cumulative_cegar_failures=0 cumulative_cegar_rounds=0 cumulative_cegar_added_clauses=0 cop_cegar_failures=9 cop_cegar_rounds=20 cop_cegar_added_clauses=24457
c 00h00m08s | result:Sat
c 00h00m08s | objective:incumbent kind=improvement value=68 rounds=11 improvements=10
o 68
c 00h00m08s | stage:sat:init solver=CaDiCaL vars=33541 clauses=201471
c 00h00m08s | stage:sat:solve:start round=1 circuit_cegar_rounds=- cumulative_cegar_rounds=- cop_cegar_rounds=21 assumptions=0 phase_lits=637
c 00h00m08s | stage:sat:solve:done round=1 ms=4 result=Sat assumptions=0 phase_lits=637
c 00h00m08s | stage:decode:start round=1 requested_int_ids=98
c 00h00m08s | stage:relaxation:done round=1 clauses_added=2717 circuit_clauses_added=0 cumulative_clauses_added=0 cop_clauses_added=2717 circuit_cegar_failures=0 circuit_cegar_rounds=0 circuit_cegar_added_clauses=0 cumulative_cegar_failures=0 cumulative_cegar_rounds=0 cumulative_cegar_added_clauses=0 cop_cegar_failures=10 cop_cegar_rounds=21 cop_cegar_added_clauses=27174
c 00h00m08s | stage:sat:solve:start round=2 circuit_cegar_rounds=- cumulative_cegar_rounds=- cop_cegar_rounds=22 assumptions=0 phase_lits=637
c 00h00m08s | stage:sat:solve:done round=2 ms=92 result=Sat assumptions=0 phase_lits=637
c 00h00m08s | stage:decode:start round=2 requested_int_ids=98
c 00h00m08s | stage:decode:final:start round=2 requested_int_ids=98
c 00h00m08s | stage:decode:done round=2 int_assignments=98
c 00h00m08s | stage:relaxation:done clauses_added=0 circuit_cegar_failures=0 circuit_cegar_rounds=0 circuit_cegar_added_clauses=0 cumulative_cegar_failures=0 cumulative_cegar_rounds=0 cumulative_cegar_added_clauses=0 cop_cegar_failures=10 cop_cegar_rounds=22 cop_cegar_added_clauses=27174
c 00h00m08s | result:Sat
c 00h00m08s | objective:incumbent kind=improvement value=66 rounds=12 improvements=11
o 66
c 00h00m08s | stage:sat:init solver=CaDiCaL vars=33541 clauses=201471
c 00h00m08s | stage:sat:solve:start round=1 circuit_cegar_rounds=- cumulative_cegar_rounds=- cop_cegar_rounds=23 assumptions=0 phase_lits=637
c 00h00m08s | stage:sat:solve:done round=1 ms=5 result=Sat assumptions=0 phase_lits=637
c 00h00m08s | stage:decode:start round=1 requested_int_ids=98
c 00h00m08s | stage:relaxation:done round=1 clauses_added=2719 circuit_clauses_added=0 cumulative_clauses_added=0 cop_clauses_added=2719 circuit_cegar_failures=0 circuit_cegar_rounds=0 circuit_cegar_added_clauses=0 cumulative_cegar_failures=0 cumulative_cegar_rounds=0 cumulative_cegar_added_clauses=0 cop_cegar_failures=11 cop_cegar_rounds=23 cop_cegar_added_clauses=29893
c 00h00m08s | stage:sat:solve:start round=2 circuit_cegar_rounds=- cumulative_cegar_rounds=- cop_cegar_rounds=24 assumptions=0 phase_lits=637
c 00h00m09s | stage:sat:solve:done round=2 ms=215 result=Sat assumptions=0 phase_lits=637
c 00h00m09s | stage:decode:start round=2 requested_int_ids=98
c 00h00m09s | stage:decode:final:start round=2 requested_int_ids=98
c 00h00m09s | stage:decode:done round=2 int_assignments=98
c 00h00m09s | stage:relaxation:done clauses_added=0 circuit_cegar_failures=0 circuit_cegar_rounds=0 circuit_cegar_added_clauses=0 cumulative_cegar_failures=0 cumulative_cegar_rounds=0 cumulative_cegar_added_clauses=0 cop_cegar_failures=11 cop_cegar_rounds=24 cop_cegar_added_clauses=29893
c 00h00m09s | result:Sat
c 00h00m09s | objective:incumbent kind=improvement value=65 rounds=13 improvements=12
o 65
c 00h00m09s | stage:sat:init solver=CaDiCaL vars=33541 clauses=201471
c 00h00m09s | stage:sat:solve:start round=1 circuit_cegar_rounds=- cumulative_cegar_rounds=- cop_cegar_rounds=25 assumptions=0 phase_lits=637
c 00h00m09s | stage:sat:solve:done round=1 ms=10 result=Sat assumptions=0 phase_lits=637
c 00h00m09s | stage:decode:start round=1 requested_int_ids=98
c 00h00m09s | stage:relaxation:done round=1 clauses_added=2721 circuit_clauses_added=0 cumulative_clauses_added=0 cop_clauses_added=2721 circuit_cegar_failures=0 circuit_cegar_rounds=0 circuit_cegar_added_clauses=0 cumulative_cegar_failures=0 cumulative_cegar_rounds=0 cumulative_cegar_added_clauses=0 cop_cegar_failures=12 cop_cegar_rounds=25 cop_cegar_added_clauses=32614
c 00h00m09s | stage:sat:solve:start round=2 circuit_cegar_rounds=- cumulative_cegar_rounds=- cop_cegar_rounds=26 assumptions=0 phase_lits=637
c 00h00m09s | stage:sat:solve:done round=2 ms=47 result=Sat assumptions=0 phase_lits=637
c 00h00m09s | stage:decode:start round=2 requested_int_ids=98
c 00h00m09s | stage:decode:final:start round=2 requested_int_ids=98
c 00h00m09s | stage:decode:done round=2 int_assignments=98
c 00h00m09s | stage:relaxation:done clauses_added=0 circuit_cegar_failures=0 circuit_cegar_rounds=0 circuit_cegar_added_clauses=0 cumulative_cegar_failures=0 cumulative_cegar_rounds=0 cumulative_cegar_added_clauses=0 cop_cegar_failures=12 cop_cegar_rounds=26 cop_cegar_added_clauses=32614
c 00h00m09s | result:Sat
c 00h00m09s | objective:incumbent kind=improvement value=64 rounds=14 improvements=13
o 64
c 00h00m09s | stage:sat:init solver=CaDiCaL vars=33541 clauses=201471
c 00h00m09s | stage:sat:solve:start round=1 circuit_cegar_rounds=- cumulative_cegar_rounds=- cop_cegar_rounds=27 assumptions=0 phase_lits=637
c 00h00m09s | stage:sat:solve:done round=1 ms=3 result=Sat assumptions=0 phase_lits=637
c 00h00m09s | stage:decode:start round=1 requested_int_ids=98
c 00h00m09s | stage:relaxation:done round=1 clauses_added=2710 circuit_clauses_added=0 cumulative_clauses_added=0 cop_clauses_added=2710 circuit_cegar_failures=0 circuit_cegar_rounds=0 circuit_cegar_added_clauses=0 cumulative_cegar_failures=0 cumulative_cegar_rounds=0 cumulative_cegar_added_clauses=0 cop_cegar_failures=13 cop_cegar_rounds=27 cop_cegar_added_clauses=35324
c 00h00m09s | stage:sat:solve:start round=2 circuit_cegar_rounds=- cumulative_cegar_rounds=- cop_cegar_rounds=28 assumptions=0 phase_lits=637
c 00h00m09s | stage:sat:solve:done round=2 ms=453 result=Sat assumptions=0 phase_lits=637
c 00h00m09s | stage:decode:start round=2 requested_int_ids=98
c 00h00m09s | stage:decode:final:start round=2 requested_int_ids=98
c 00h00m09s | stage:decode:done round=2 int_assignments=98
c 00h00m09s | stage:relaxation:done clauses_added=0 circuit_cegar_failures=0 circuit_cegar_rounds=0 circuit_cegar_added_clauses=0 cumulative_cegar_failures=0 cumulative_cegar_rounds=0 cumulative_cegar_added_clauses=0 cop_cegar_failures=13 cop_cegar_rounds=28 cop_cegar_added_clauses=35324
c 00h00m09s | result:Sat
c 00h00m09s | objective:incumbent kind=improvement value=62 rounds=15 improvements=14
o 62
c 00h00m09s | stage:sat:init solver=CaDiCaL vars=33541 clauses=201471
c 00h00m09s | stage:sat:solve:start round=1 circuit_cegar_rounds=- cumulative_cegar_rounds=- cop_cegar_rounds=29 assumptions=0 phase_lits=637
c 00h00m09s | stage:sat:solve:done round=1 ms=27 result=Sat assumptions=0 phase_lits=637
c 00h00m09s | stage:decode:start round=1 requested_int_ids=98
c 00h00m09s | stage:relaxation:done round=1 clauses_added=2716 circuit_clauses_added=0 cumulative_clauses_added=0 cop_clauses_added=2716 circuit_cegar_failures=0 circuit_cegar_rounds=0 circuit_cegar_added_clauses=0 cumulative_cegar_failures=0 cumulative_cegar_rounds=0 cumulative_cegar_added_clauses=0 cop_cegar_failures=14 cop_cegar_rounds=29 cop_cegar_added_clauses=38040
c 00h00m09s | stage:sat:solve:start round=2 circuit_cegar_rounds=- cumulative_cegar_rounds=- cop_cegar_rounds=30 assumptions=0 phase_lits=637
c 00h00m09s | stage:sat:solve:done round=2 ms=87 result=Sat assumptions=0 phase_lits=637
c 00h00m09s | stage:decode:start round=2 requested_int_ids=98
c 00h00m09s | stage:decode:final:start round=2 requested_int_ids=98
c 00h00m09s | stage:decode:done round=2 int_assignments=98
c 00h00m09s | stage:relaxation:done clauses_added=0 circuit_cegar_failures=0 circuit_cegar_rounds=0 circuit_cegar_added_clauses=0 cumulative_cegar_failures=0 cumulative_cegar_rounds=0 cumulative_cegar_added_clauses=0 cop_cegar_failures=14 cop_cegar_rounds=30 cop_cegar_added_clauses=38040
c 00h00m09s | result:Sat
c 00h00m09s | objective:incumbent kind=improvement value=61 rounds=16 improvements=15
o 61
c 00h00m09s | stage:sat:init solver=CaDiCaL vars=33541 clauses=201471
c 00h00m09s | stage:sat:solve:start round=1 circuit_cegar_rounds=- cumulative_cegar_rounds=- cop_cegar_rounds=31 assumptions=0 phase_lits=637
c 00h00m09s | stage:sat:solve:done round=1 ms=4 result=Sat assumptions=0 phase_lits=637
c 00h00m09s | stage:decode:start round=1 requested_int_ids=98
c 00h00m09s | stage:relaxation:done round=1 clauses_added=2718 circuit_clauses_added=0 cumulative_clauses_added=0 cop_clauses_added=2718 circuit_cegar_failures=0 circuit_cegar_rounds=0 circuit_cegar_added_clauses=0 cumulative_cegar_failures=0 cumulative_cegar_rounds=0 cumulative_cegar_added_clauses=0 cop_cegar_failures=15 cop_cegar_rounds=31 cop_cegar_added_clauses=40758
c 00h00m09s | stage:sat:solve:start round=2 circuit_cegar_rounds=- cumulative_cegar_rounds=- cop_cegar_rounds=32 assumptions=0 phase_lits=637
c 00h00m09s | stage:sat:solve:done round=2 ms=46 result=Sat assumptions=0 phase_lits=637
c 00h00m09s | stage:decode:start round=2 requested_int_ids=98
c 00h00m09s | stage:decode:final:start round=2 requested_int_ids=98
c 00h00m09s | stage:decode:done round=2 int_assignments=98
c 00h00m09s | stage:relaxation:done clauses_added=0 circuit_cegar_failures=0 circuit_cegar_rounds=0 circuit_cegar_added_clauses=0 cumulative_cegar_failures=0 cumulative_cegar_rounds=0 cumulative_cegar_added_clauses=0 cop_cegar_failures=15 cop_cegar_rounds=32 cop_cegar_added_clauses=40758
c 00h00m09s | result:Sat
c 00h00m09s | objective:incumbent kind=improvement value=59 rounds=17 improvements=16
o 59
c 00h00m09s | stage:sat:init solver=CaDiCaL vars=33541 clauses=201471
c 00h00m09s | stage:sat:solve:start round=1 circuit_cegar_rounds=- cumulative_cegar_rounds=- cop_cegar_rounds=33 assumptions=0 phase_lits=637
c 00h00m09s | stage:sat:solve:done round=1 ms=4 result=Sat assumptions=0 phase_lits=637
c 00h00m09s | stage:decode:start round=1 requested_int_ids=98
c 00h00m09s | stage:relaxation:done round=1 clauses_added=2718 circuit_clauses_added=0 cumulative_clauses_added=0 cop_clauses_added=2718 circuit_cegar_failures=0 circuit_cegar_rounds=0 circuit_cegar_added_clauses=0 cumulative_cegar_failures=0 cumulative_cegar_rounds=0 cumulative_cegar_added_clauses=0 cop_cegar_failures=16 cop_cegar_rounds=33 cop_cegar_added_clauses=43476
c 00h00m09s | stage:sat:solve:start round=2 circuit_cegar_rounds=- cumulative_cegar_rounds=- cop_cegar_rounds=34 assumptions=0 phase_lits=637
c 00h00m09s | stage:sat:solve:done round=2 ms=85 result=Sat assumptions=0 phase_lits=637
c 00h00m09s | stage:decode:start round=2 requested_int_ids=98
c 00h00m09s | stage:decode:final:start round=2 requested_int_ids=98
c 00h00m09s | stage:decode:done round=2 int_assignments=98
c 00h00m09s | stage:relaxation:done clauses_added=0 circuit_cegar_failures=0 circuit_cegar_rounds=0 circuit_cegar_added_clauses=0 cumulative_cegar_failures=0 cumulative_cegar_rounds=0 cumulative_cegar_added_clauses=0 cop_cegar_failures=16 cop_cegar_rounds=34 cop_cegar_added_clauses=43476
c 00h00m09s | result:Sat
c 00h00m09s | objective:incumbent kind=improvement value=58 rounds=18 improvements=17
o 58
c 00h00m09s | stage:sat:init solver=CaDiCaL vars=33541 clauses=201471
c 00h00m09s | stage:sat:solve:start round=1 circuit_cegar_rounds=- cumulative_cegar_rounds=- cop_cegar_rounds=35 assumptions=0 phase_lits=637
c 00h00m09s | stage:sat:solve:done round=1 ms=5 result=Sat assumptions=0 phase_lits=637
c 00h00m09s | stage:decode:start round=1 requested_int_ids=98
c 00h00m09s | stage:relaxation:done round=1 clauses_added=2717 circuit_clauses_added=0 cumulative_clauses_added=0 cop_clauses_added=2717 circuit_cegar_failures=0 circuit_cegar_rounds=0 circuit_cegar_added_clauses=0 cumulative_cegar_failures=0 cumulative_cegar_rounds=0 cumulative_cegar_added_clauses=0 cop_cegar_failures=17 cop_cegar_rounds=35 cop_cegar_added_clauses=46193
c 00h00m09s | stage:sat:solve:start round=2 circuit_cegar_rounds=- cumulative_cegar_rounds=- cop_cegar_rounds=36 assumptions=0 phase_lits=637
c 00h00m10s | stage:sat:solve:done round=2 ms=92 result=Sat assumptions=0 phase_lits=637
c 00h00m10s | stage:decode:start round=2 requested_int_ids=98
c 00h00m10s | stage:decode:final:start round=2 requested_int_ids=98
c 00h00m10s | stage:decode:done round=2 int_assignments=98
c 00h00m10s | stage:relaxation:done clauses_added=0 circuit_cegar_failures=0 circuit_cegar_rounds=0 circuit_cegar_added_clauses=0 cumulative_cegar_failures=0 cumulative_cegar_rounds=0 cumulative_cegar_added_clauses=0 cop_cegar_failures=17 cop_cegar_rounds=36 cop_cegar_added_clauses=46193
c 00h00m10s | result:Sat
c 00h00m10s | objective:incumbent kind=improvement value=57 rounds=19 improvements=18
o 57
c 00h00m10s | stage:sat:init solver=CaDiCaL vars=33541 clauses=201471
c 00h00m10s | stage:sat:solve:start round=1 circuit_cegar_rounds=- cumulative_cegar_rounds=- cop_cegar_rounds=37 assumptions=0 phase_lits=637
c 00h00m10s | stage:sat:solve:done round=1 ms=5 result=Sat assumptions=0 phase_lits=637
c 00h00m10s | stage:decode:start round=1 requested_int_ids=98
c 00h00m10s | stage:relaxation:done round=1 clauses_added=2719 circuit_clauses_added=0 cumulative_clauses_added=0 cop_clauses_added=2719 circuit_cegar_failures=0 circuit_cegar_rounds=0 circuit_cegar_added_clauses=0 cumulative_cegar_failures=0 cumulative_cegar_rounds=0 cumulative_cegar_added_clauses=0 cop_cegar_failures=18 cop_cegar_rounds=37 cop_cegar_added_clauses=48912
c 00h00m10s | stage:sat:solve:start round=2 circuit_cegar_rounds=- cumulative_cegar_rounds=- cop_cegar_rounds=38 assumptions=0 phase_lits=637
c 00h00m10s | stage:sat:solve:done round=2 ms=81 result=Sat assumptions=0 phase_lits=637
c 00h00m10s | stage:decode:start round=2 requested_int_ids=98
c 00h00m10s | stage:decode:final:start round=2 requested_int_ids=98
c 00h00m10s | stage:decode:done round=2 int_assignments=98
c 00h00m10s | stage:relaxation:done clauses_added=0 circuit_cegar_failures=0 circuit_cegar_rounds=0 circuit_cegar_added_clauses=0 cumulative_cegar_failures=0 cumulative_cegar_rounds=0 cumulative_cegar_added_clauses=0 cop_cegar_failures=18 cop_cegar_rounds=38 cop_cegar_added_clauses=48912
c 00h00m10s | result:Sat
c 00h00m10s | objective:incumbent kind=improvement value=56 rounds=20 improvements=19
o 56
c 00h00m10s | stage:sat:init solver=CaDiCaL vars=33541 clauses=201471
c 00h00m10s | stage:sat:solve:start round=1 circuit_cegar_rounds=- cumulative_cegar_rounds=- cop_cegar_rounds=39 assumptions=0 phase_lits=637
c 00h00m10s | stage:sat:solve:done round=1 ms=5 result=Sat assumptions=0 phase_lits=637
c 00h00m10s | stage:decode:start round=1 requested_int_ids=98
c 00h00m10s | stage:relaxation:done round=1 clauses_added=2714 circuit_clauses_added=0 cumulative_clauses_added=0 cop_clauses_added=2714 circuit_cegar_failures=0 circuit_cegar_rounds=0 circuit_cegar_added_clauses=0 cumulative_cegar_failures=0 cumulative_cegar_rounds=0 cumulative_cegar_added_clauses=0 cop_cegar_failures=19 cop_cegar_rounds=39 cop_cegar_added_clauses=51626
c 00h00m10s | stage:sat:solve:start round=2 circuit_cegar_rounds=- cumulative_cegar_rounds=- cop_cegar_rounds=40 assumptions=0 phase_lits=637
c 00h00m10s | stage:sat:solve:done round=2 ms=48 result=Sat assumptions=0 phase_lits=637
c 00h00m10s | stage:decode:start round=2 requested_int_ids=98
c 00h00m10s | stage:decode:final:start round=2 requested_int_ids=98
c 00h00m10s | stage:decode:done round=2 int_assignments=98
c 00h00m10s | stage:relaxation:done clauses_added=0 circuit_cegar_failures=0 circuit_cegar_rounds=0 circuit_cegar_added_clauses=0 cumulative_cegar_failures=0 cumulative_cegar_rounds=0 cumulative_cegar_added_clauses=0 cop_cegar_failures=19 cop_cegar_rounds=40 cop_cegar_added_clauses=51626
c 00h00m10s | result:Sat
c 00h00m10s | objective:incumbent kind=improvement value=55 rounds=21 improvements=20
o 55
c 00h00m10s | stage:sat:init solver=CaDiCaL vars=33541 clauses=201471
c 00h00m10s | stage:sat:solve:start round=1 circuit_cegar_rounds=- cumulative_cegar_rounds=- cop_cegar_rounds=41 assumptions=0 phase_lits=637
c 00h00m10s | stage:sat:solve:done round=1 ms=4 result=Sat assumptions=0 phase_lits=637
c 00h00m10s | stage:decode:start round=1 requested_int_ids=98
c 00h00m10s | stage:relaxation:done round=1 clauses_added=2718 circuit_clauses_added=0 cumulative_clauses_added=0 cop_clauses_added=2718 circuit_cegar_failures=0 circuit_cegar_rounds=0 circuit_cegar_added_clauses=0 cumulative_cegar_failures=0 cumulative_cegar_rounds=0 cumulative_cegar_added_clauses=0 cop_cegar_failures=20 cop_cegar_rounds=41 cop_cegar_added_clauses=54344
c 00h00m10s | stage:sat:solve:start round=2 circuit_cegar_rounds=- cumulative_cegar_rounds=- cop_cegar_rounds=42 assumptions=0 phase_lits=637
c 00h00m10s | stage:sat:solve:done round=2 ms=104 result=Sat assumptions=0 phase_lits=637
c 00h00m10s | stage:decode:start round=2 requested_int_ids=98
c 00h00m10s | stage:decode:final:start round=2 requested_int_ids=98
c 00h00m10s | stage:decode:done round=2 int_assignments=98
c 00h00m10s | stage:relaxation:done clauses_added=0 circuit_cegar_failures=0 circuit_cegar_rounds=0 circuit_cegar_added_clauses=0 cumulative_cegar_failures=0 cumulative_cegar_rounds=0 cumulative_cegar_added_clauses=0 cop_cegar_failures=20 cop_cegar_rounds=42 cop_cegar_added_clauses=54344
c 00h00m10s | result:Sat
c 00h00m10s | objective:incumbent kind=improvement value=54 rounds=22 improvements=21
o 54
c 00h00m10s | stage:sat:init solver=CaDiCaL vars=33541 clauses=201471
c 00h00m10s | stage:sat:solve:start round=1 circuit_cegar_rounds=- cumulative_cegar_rounds=- cop_cegar_rounds=43 assumptions=0 phase_lits=637
c 00h00m10s | stage:sat:solve:done round=1 ms=5 result=Sat assumptions=0 phase_lits=637
c 00h00m10s | stage:decode:start round=1 requested_int_ids=98
c 00h00m10s | stage:relaxation:done round=1 clauses_added=2717 circuit_clauses_added=0 cumulative_clauses_added=0 cop_clauses_added=2717 circuit_cegar_failures=0 circuit_cegar_rounds=0 circuit_cegar_added_clauses=0 cumulative_cegar_failures=0 cumulative_cegar_rounds=0 cumulative_cegar_added_clauses=0 cop_cegar_failures=21 cop_cegar_rounds=43 cop_cegar_added_clauses=57061
c 00h00m10s | stage:sat:solve:start round=2 circuit_cegar_rounds=- cumulative_cegar_rounds=- cop_cegar_rounds=44 assumptions=0 phase_lits=637
c 00h00m10s | stage:sat:solve:done round=2 ms=78 result=Sat assumptions=0 phase_lits=637
c 00h00m10s | stage:decode:start round=2 requested_int_ids=98
c 00h00m10s | stage:decode:final:start round=2 requested_int_ids=98
c 00h00m10s | stage:decode:done round=2 int_assignments=98
c 00h00m10s | stage:relaxation:done clauses_added=0 circuit_cegar_failures=0 circuit_cegar_rounds=0 circuit_cegar_added_clauses=0 cumulative_cegar_failures=0 cumulative_cegar_rounds=0 cumulative_cegar_added_clauses=0 cop_cegar_failures=21 cop_cegar_rounds=44 cop_cegar_added_clauses=57061
c 00h00m10s | result:Sat
c 00h00m10s | objective:incumbent kind=improvement value=51 rounds=23 improvements=22
o 51
c 00h00m10s | stage:sat:init solver=CaDiCaL vars=33541 clauses=201471
c 00h00m10s | stage:sat:solve:start round=1 circuit_cegar_rounds=- cumulative_cegar_rounds=- cop_cegar_rounds=45 assumptions=0 phase_lits=637
c 00h00m10s | stage:sat:solve:done round=1 ms=6 result=Sat assumptions=0 phase_lits=637
c 00h00m10s | stage:decode:start round=1 requested_int_ids=98
c 00h00m10s | stage:relaxation:done round=1 clauses_added=2719 circuit_clauses_added=0 cumulative_clauses_added=0 cop_clauses_added=2719 circuit_cegar_failures=0 circuit_cegar_rounds=0 circuit_cegar_added_clauses=0 cumulative_cegar_failures=0 cumulative_cegar_rounds=0 cumulative_cegar_added_clauses=0 cop_cegar_failures=22 cop_cegar_rounds=45 cop_cegar_added_clauses=59780
c 00h00m10s | stage:sat:solve:start round=2 circuit_cegar_rounds=- cumulative_cegar_rounds=- cop_cegar_rounds=46 assumptions=0 phase_lits=637
c 00h00m10s | stage:sat:solve:done round=2 ms=73 result=Sat assumptions=0 phase_lits=637
c 00h00m10s | stage:decode:start round=2 requested_int_ids=98
c 00h00m10s | stage:decode:final:start round=2 requested_int_ids=98
c 00h00m10s | stage:decode:done round=2 int_assignments=98
c 00h00m10s | stage:relaxation:done clauses_added=0 circuit_cegar_failures=0 circuit_cegar_rounds=0 circuit_cegar_added_clauses=0 cumulative_cegar_failures=0 cumulative_cegar_rounds=0 cumulative_cegar_added_clauses=0 cop_cegar_failures=22 cop_cegar_rounds=46 cop_cegar_added_clauses=59780
c 00h00m10s | result:Sat
c 00h00m10s | objective:incumbent kind=improvement value=50 rounds=24 improvements=23
o 50
c 00h00m10s | stage:sat:init solver=CaDiCaL vars=33541 clauses=201471
c 00h00m10s | stage:sat:solve:start round=1 circuit_cegar_rounds=- cumulative_cegar_rounds=- cop_cegar_rounds=47 assumptions=0 phase_lits=637
c 00h00m10s | stage:sat:solve:done round=1 ms=11 result=Sat assumptions=0 phase_lits=637
c 00h00m10s | stage:decode:start round=1 requested_int_ids=98
c 00h00m10s | stage:relaxation:done round=1 clauses_added=2718 circuit_clauses_added=0 cumulative_clauses_added=0 cop_clauses_added=2718 circuit_cegar_failures=0 circuit_cegar_rounds=0 circuit_cegar_added_clauses=0 cumulative_cegar_failures=0 cumulative_cegar_rounds=0 cumulative_cegar_added_clauses=0 cop_cegar_failures=23 cop_cegar_rounds=47 cop_cegar_added_clauses=62498
c 00h00m10s | stage:sat:solve:start round=2 circuit_cegar_rounds=- cumulative_cegar_rounds=- cop_cegar_rounds=48 assumptions=0 phase_lits=637
c 00h00m10s | stage:sat:solve:done round=2 ms=80 result=Sat assumptions=0 phase_lits=637
c 00h00m10s | stage:decode:start round=2 requested_int_ids=98
c 00h00m10s | stage:decode:final:start round=2 requested_int_ids=98
c 00h00m10s | stage:decode:done round=2 int_assignments=98
c 00h00m10s | stage:relaxation:done clauses_added=0 circuit_cegar_failures=0 circuit_cegar_rounds=0 circuit_cegar_added_clauses=0 cumulative_cegar_failures=0 cumulative_cegar_rounds=0 cumulative_cegar_added_clauses=0 cop_cegar_failures=23 cop_cegar_rounds=48 cop_cegar_added_clauses=62498
c 00h00m10s | result:Sat
c 00h00m10s | objective:incumbent kind=improvement value=49 rounds=25 improvements=24
o 49
c 00h00m10s | stage:sat:init solver=CaDiCaL vars=33541 clauses=201471
c 00h00m10s | stage:sat:solve:start round=1 circuit_cegar_rounds=- cumulative_cegar_rounds=- cop_cegar_rounds=49 assumptions=0 phase_lits=637
c 00h00m10s | stage:sat:solve:done round=1 ms=6 result=Sat assumptions=0 phase_lits=637
c 00h00m10s | stage:decode:start round=1 requested_int_ids=98
c 00h00m10s | stage:relaxation:done round=1 clauses_added=2720 circuit_clauses_added=0 cumulative_clauses_added=0 cop_clauses_added=2720 circuit_cegar_failures=0 circuit_cegar_rounds=0 circuit_cegar_added_clauses=0 cumulative_cegar_failures=0 cumulative_cegar_rounds=0 cumulative_cegar_added_clauses=0 cop_cegar_failures=24 cop_cegar_rounds=49 cop_cegar_added_clauses=65218
c 00h00m10s | stage:sat:solve:start round=2 circuit_cegar_rounds=- cumulative_cegar_rounds=- cop_cegar_rounds=50 assumptions=0 phase_lits=637
c 00h00m10s | stage:sat:solve:done round=2 ms=129 result=Sat assumptions=0 phase_lits=637
c 00h00m10s | stage:decode:start round=2 requested_int_ids=98
c 00h00m10s | stage:decode:final:start round=2 requested_int_ids=98
c 00h00m10s | stage:decode:done round=2 int_assignments=98
c 00h00m10s | stage:relaxation:done clauses_added=0 circuit_cegar_failures=0 circuit_cegar_rounds=0 circuit_cegar_added_clauses=0 cumulative_cegar_failures=0 cumulative_cegar_rounds=0 cumulative_cegar_added_clauses=0 cop_cegar_failures=24 cop_cegar_rounds=50 cop_cegar_added_clauses=65218
c 00h00m10s | result:Sat
c 00h00m10s | objective:incumbent kind=improvement value=47 rounds=26 improvements=25
o 47
c 00h00m10s | stage:sat:init solver=CaDiCaL vars=33541 clauses=201471
c 00h00m10s | stage:sat:solve:start round=1 circuit_cegar_rounds=- cumulative_cegar_rounds=- cop_cegar_rounds=51 assumptions=0 phase_lits=637
c 00h00m10s | stage:sat:solve:done round=1 ms=6 result=Sat assumptions=0 phase_lits=637
c 00h00m10s | stage:decode:start round=1 requested_int_ids=98
c 00h00m10s | stage:relaxation:done round=1 clauses_added=2718 circuit_clauses_added=0 cumulative_clauses_added=0 cop_clauses_added=2718 circuit_cegar_failures=0 circuit_cegar_rounds=0 circuit_cegar_added_clauses=0 cumulative_cegar_failures=0 cumulative_cegar_rounds=0 cumulative_cegar_added_clauses=0 cop_cegar_failures=25 cop_cegar_rounds=51 cop_cegar_added_clauses=67936
c 00h00m10s | stage:sat:solve:start round=2 circuit_cegar_rounds=- cumulative_cegar_rounds=- cop_cegar_rounds=52 assumptions=0 phase_lits=637
c 00h00m10s | stage:sat:solve:done round=2 ms=61 result=Sat assumptions=0 phase_lits=637
c 00h00m10s | stage:decode:start round=2 requested_int_ids=98
c 00h00m10s | stage:decode:final:start round=2 requested_int_ids=98
c 00h00m10s | stage:decode:done round=2 int_assignments=98
c 00h00m10s | stage:relaxation:done clauses_added=0 circuit_cegar_failures=0 circuit_cegar_rounds=0 circuit_cegar_added_clauses=0 cumulative_cegar_failures=0 cumulative_cegar_rounds=0 cumulative_cegar_added_clauses=0 cop_cegar_failures=25 cop_cegar_rounds=52 cop_cegar_added_clauses=67936
c 00h00m10s | result:Sat
c 00h00m10s | objective:incumbent kind=improvement value=45 rounds=27 improvements=26
o 45
c 00h00m10s | stage:sat:init solver=CaDiCaL vars=33541 clauses=201471
c 00h00m10s | stage:sat:solve:start round=1 circuit_cegar_rounds=- cumulative_cegar_rounds=- cop_cegar_rounds=53 assumptions=0 phase_lits=637
c 00h00m10s | stage:sat:solve:done round=1 ms=11 result=Sat assumptions=0 phase_lits=637
c 00h00m10s | stage:decode:start round=1 requested_int_ids=98
c 00h00m10s | stage:relaxation:done round=1 clauses_added=2719 circuit_clauses_added=0 cumulative_clauses_added=0 cop_clauses_added=2719 circuit_cegar_failures=0 circuit_cegar_rounds=0 circuit_cegar_added_clauses=0 cumulative_cegar_failures=0 cumulative_cegar_rounds=0 cumulative_cegar_added_clauses=0 cop_cegar_failures=26 cop_cegar_rounds=53 cop_cegar_added_clauses=70655
c 00h00m10s | stage:sat:solve:start round=2 circuit_cegar_rounds=- cumulative_cegar_rounds=- cop_cegar_rounds=54 assumptions=0 phase_lits=637
c 00h00m10s | stage:sat:solve:done round=2 ms=113 result=Sat assumptions=0 phase_lits=637
c 00h00m10s | stage:decode:start round=2 requested_int_ids=98
c 00h00m10s | stage:decode:final:start round=2 requested_int_ids=98
c 00h00m10s | stage:decode:done round=2 int_assignments=98
c 00h00m10s | stage:relaxation:done clauses_added=0 circuit_cegar_failures=0 circuit_cegar_rounds=0 circuit_cegar_added_clauses=0 cumulative_cegar_failures=0 cumulative_cegar_rounds=0 cumulative_cegar_added_clauses=0 cop_cegar_failures=26 cop_cegar_rounds=54 cop_cegar_added_clauses=70655
c 00h00m10s | result:Sat
c 00h00m10s | objective:incumbent kind=improvement value=44 rounds=28 improvements=27
o 44
c 00h00m10s | stage:sat:init solver=CaDiCaL vars=33541 clauses=201471
c 00h00m10s | stage:sat:solve:start round=1 circuit_cegar_rounds=- cumulative_cegar_rounds=- cop_cegar_rounds=55 assumptions=0 phase_lits=637
c 00h00m10s | stage:sat:solve:done round=1 ms=6 result=Sat assumptions=0 phase_lits=637
c 00h00m10s | stage:decode:start round=1 requested_int_ids=98
c 00h00m10s | stage:relaxation:done round=1 clauses_added=2716 circuit_clauses_added=0 cumulative_clauses_added=0 cop_clauses_added=2716 circuit_cegar_failures=0 circuit_cegar_rounds=0 circuit_cegar_added_clauses=0 cumulative_cegar_failures=0 cumulative_cegar_rounds=0 cumulative_cegar_added_clauses=0 cop_cegar_failures=27 cop_cegar_rounds=55 cop_cegar_added_clauses=73371
c 00h00m10s | stage:sat:solve:start round=2 circuit_cegar_rounds=- cumulative_cegar_rounds=- cop_cegar_rounds=56 assumptions=0 phase_lits=637
c 00h00m11s | stage:sat:solve:done round=2 ms=126 result=Sat assumptions=0 phase_lits=637
c 00h00m11s | stage:decode:start round=2 requested_int_ids=98
c 00h00m11s | stage:decode:final:start round=2 requested_int_ids=98
c 00h00m11s | stage:decode:done round=2 int_assignments=98
c 00h00m11s | stage:relaxation:done clauses_added=0 circuit_cegar_failures=0 circuit_cegar_rounds=0 circuit_cegar_added_clauses=0 cumulative_cegar_failures=0 cumulative_cegar_rounds=0 cumulative_cegar_added_clauses=0 cop_cegar_failures=27 cop_cegar_rounds=56 cop_cegar_added_clauses=73371
c 00h00m11s | result:Sat
c 00h00m11s | objective:incumbent kind=improvement value=43 rounds=29 improvements=28
o 43
c 00h00m11s | stage:sat:init solver=CaDiCaL vars=33541 clauses=201471
c 00h00m11s | stage:sat:solve:start round=1 circuit_cegar_rounds=- cumulative_cegar_rounds=- cop_cegar_rounds=57 assumptions=0 phase_lits=637
c 00h00m11s | stage:sat:solve:done round=1 ms=6 result=Sat assumptions=0 phase_lits=637
c 00h00m11s | stage:decode:start round=1 requested_int_ids=98
c 00h00m11s | stage:relaxation:done round=1 clauses_added=2719 circuit_clauses_added=0 cumulative_clauses_added=0 cop_clauses_added=2719 circuit_cegar_failures=0 circuit_cegar_rounds=0 circuit_cegar_added_clauses=0 cumulative_cegar_failures=0 cumulative_cegar_rounds=0 cumulative_cegar_added_clauses=0 cop_cegar_failures=28 cop_cegar_rounds=57 cop_cegar_added_clauses=76090
c 00h00m11s | stage:sat:solve:start round=2 circuit_cegar_rounds=- cumulative_cegar_rounds=- cop_cegar_rounds=58 assumptions=0 phase_lits=637
c 00h00m11s | stage:sat:solve:done round=2 ms=91 result=Sat assumptions=0 phase_lits=637
c 00h00m11s | stage:decode:start round=2 requested_int_ids=98
c 00h00m11s | stage:decode:final:start round=2 requested_int_ids=98
c 00h00m11s | stage:decode:done round=2 int_assignments=98
c 00h00m11s | stage:relaxation:done clauses_added=0 circuit_cegar_failures=0 circuit_cegar_rounds=0 circuit_cegar_added_clauses=0 cumulative_cegar_failures=0 cumulative_cegar_rounds=0 cumulative_cegar_added_clauses=0 cop_cegar_failures=28 cop_cegar_rounds=58 cop_cegar_added_clauses=76090
c 00h00m11s | result:Sat
c 00h00m11s | objective:incumbent kind=improvement value=42 rounds=30 improvements=29
o 42
c 00h00m11s | stage:sat:init solver=CaDiCaL vars=33541 clauses=201471
c 00h00m11s | stage:sat:solve:start round=1 circuit_cegar_rounds=- cumulative_cegar_rounds=- cop_cegar_rounds=59 assumptions=0 phase_lits=637
c 00h00m11s | stage:sat:solve:done round=1 ms=7 result=Sat assumptions=0 phase_lits=637
c 00h00m11s | stage:decode:start round=1 requested_int_ids=98
c 00h00m11s | stage:relaxation:done round=1 clauses_added=2718 circuit_clauses_added=0 cumulative_clauses_added=0 cop_clauses_added=2718 circuit_cegar_failures=0 circuit_cegar_rounds=0 circuit_cegar_added_clauses=0 cumulative_cegar_failures=0 cumulative_cegar_rounds=0 cumulative_cegar_added_clauses=0 cop_cegar_failures=29 cop_cegar_rounds=59 cop_cegar_added_clauses=78808
c 00h00m11s | stage:sat:solve:start round=2 circuit_cegar_rounds=- cumulative_cegar_rounds=- cop_cegar_rounds=60 assumptions=0 phase_lits=637
c 00h00m11s | stage:sat:solve:done round=2 ms=91 result=Sat assumptions=0 phase_lits=637
c 00h00m11s | stage:decode:start round=2 requested_int_ids=98
c 00h00m11s | stage:decode:final:start round=2 requested_int_ids=98
c 00h00m11s | stage:decode:done round=2 int_assignments=98
c 00h00m11s | stage:relaxation:done clauses_added=0 circuit_cegar_failures=0 circuit_cegar_rounds=0 circuit_cegar_added_clauses=0 cumulative_cegar_failures=0 cumulative_cegar_rounds=0 cumulative_cegar_added_clauses=0 cop_cegar_failures=29 cop_cegar_rounds=60 cop_cegar_added_clauses=78808
c 00h00m11s | result:Sat
c 00h00m11s | objective:incumbent kind=improvement value=41 rounds=31 improvements=30
o 41
c 00h00m11s | stage:sat:init solver=CaDiCaL vars=33541 clauses=201471
c 00h00m11s | stage:sat:solve:start round=1 circuit_cegar_rounds=- cumulative_cegar_rounds=- cop_cegar_rounds=61 assumptions=0 phase_lits=637
c 00h00m11s | stage:sat:solve:done round=1 ms=7 result=Sat assumptions=0 phase_lits=637
c 00h00m11s | stage:decode:start round=1 requested_int_ids=98
c 00h00m11s | stage:relaxation:done round=1 clauses_added=2720 circuit_clauses_added=0 cumulative_clauses_added=0 cop_clauses_added=2720 circuit_cegar_failures=0 circuit_cegar_rounds=0 circuit_cegar_added_clauses=0 cumulative_cegar_failures=0 cumulative_cegar_rounds=0 cumulative_cegar_added_clauses=0 cop_cegar_failures=30 cop_cegar_rounds=61 cop_cegar_added_clauses=81528
c 00h00m11s | stage:sat:solve:start round=2 circuit_cegar_rounds=- cumulative_cegar_rounds=- cop_cegar_rounds=62 assumptions=0 phase_lits=637
c 00h00m11s | stage:sat:solve:done round=2 ms=89 result=Sat assumptions=0 phase_lits=637
c 00h00m11s | stage:decode:start round=2 requested_int_ids=98
c 00h00m11s | stage:decode:final:start round=2 requested_int_ids=98
c 00h00m11s | stage:decode:done round=2 int_assignments=98
c 00h00m11s | stage:relaxation:done clauses_added=0 circuit_cegar_failures=0 circuit_cegar_rounds=0 circuit_cegar_added_clauses=0 cumulative_cegar_failures=0 cumulative_cegar_rounds=0 cumulative_cegar_added_clauses=0 cop_cegar_failures=30 cop_cegar_rounds=62 cop_cegar_added_clauses=81528
c 00h00m11s | result:Sat
c 00h00m11s | objective:incumbent kind=improvement value=40 rounds=32 improvements=31
o 40
c 00h00m11s | stage:sat:init solver=CaDiCaL vars=33541 clauses=201471
c 00h00m11s | stage:sat:solve:start round=1 circuit_cegar_rounds=- cumulative_cegar_rounds=- cop_cegar_rounds=63 assumptions=0 phase_lits=637
c 00h00m11s | stage:sat:solve:done round=1 ms=7 result=Sat assumptions=0 phase_lits=637
c 00h00m11s | stage:decode:start round=1 requested_int_ids=98
c 00h00m11s | stage:relaxation:done round=1 clauses_added=2715 circuit_clauses_added=0 cumulative_clauses_added=0 cop_clauses_added=2715 circuit_cegar_failures=0 circuit_cegar_rounds=0 circuit_cegar_added_clauses=0 cumulative_cegar_failures=0 cumulative_cegar_rounds=0 cumulative_cegar_added_clauses=0 cop_cegar_failures=31 cop_cegar_rounds=63 cop_cegar_added_clauses=84243
c 00h00m11s | stage:sat:solve:start round=2 circuit_cegar_rounds=- cumulative_cegar_rounds=- cop_cegar_rounds=64 assumptions=0 phase_lits=637
c 00h00m11s | stage:sat:solve:done round=2 ms=106 result=Sat assumptions=0 phase_lits=637
c 00h00m11s | stage:decode:start round=2 requested_int_ids=98
c 00h00m11s | stage:decode:final:start round=2 requested_int_ids=98
c 00h00m11s | stage:decode:done round=2 int_assignments=98
c 00h00m11s | stage:relaxation:done clauses_added=0 circuit_cegar_failures=0 circuit_cegar_rounds=0 circuit_cegar_added_clauses=0 cumulative_cegar_failures=0 cumulative_cegar_rounds=0 cumulative_cegar_added_clauses=0 cop_cegar_failures=31 cop_cegar_rounds=64 cop_cegar_added_clauses=84243
c 00h00m11s | result:Sat
c 00h00m11s | objective:incumbent kind=improvement value=39 rounds=33 improvements=32
o 39
c 00h00m11s | stage:sat:init solver=CaDiCaL vars=33541 clauses=201471
c 00h00m11s | stage:sat:solve:start round=1 circuit_cegar_rounds=- cumulative_cegar_rounds=- cop_cegar_rounds=65 assumptions=0 phase_lits=637
c 00h00m11s | stage:sat:solve:done round=1 ms=7 result=Sat assumptions=0 phase_lits=637
c 00h00m11s | stage:decode:start round=1 requested_int_ids=98
c 00h00m11s | stage:relaxation:done round=1 clauses_added=2719 circuit_clauses_added=0 cumulative_clauses_added=0 cop_clauses_added=2719 circuit_cegar_failures=0 circuit_cegar_rounds=0 circuit_cegar_added_clauses=0 cumulative_cegar_failures=0 cumulative_cegar_rounds=0 cumulative_cegar_added_clauses=0 cop_cegar_failures=32 cop_cegar_rounds=65 cop_cegar_added_clauses=86962
c 00h00m11s | stage:sat:solve:start round=2 circuit_cegar_rounds=- cumulative_cegar_rounds=- cop_cegar_rounds=66 assumptions=0 phase_lits=637
c 00h00m11s | stage:sat:solve:done round=2 ms=107 result=Sat assumptions=0 phase_lits=637
c 00h00m11s | stage:decode:start round=2 requested_int_ids=98
c 00h00m11s | stage:decode:final:start round=2 requested_int_ids=98
c 00h00m11s | stage:decode:done round=2 int_assignments=98
c 00h00m11s | stage:relaxation:done clauses_added=0 circuit_cegar_failures=0 circuit_cegar_rounds=0 circuit_cegar_added_clauses=0 cumulative_cegar_failures=0 cumulative_cegar_rounds=0 cumulative_cegar_added_clauses=0 cop_cegar_failures=32 cop_cegar_rounds=66 cop_cegar_added_clauses=86962
c 00h00m11s | result:Sat
c 00h00m11s | objective:incumbent kind=improvement value=38 rounds=34 improvements=33
o 38
c 00h00m11s | stage:sat:init solver=CaDiCaL vars=33541 clauses=201471
c 00h00m11s | stage:sat:solve:start round=1 circuit_cegar_rounds=- cumulative_cegar_rounds=- cop_cegar_rounds=67 assumptions=0 phase_lits=637
c 00h00m11s | stage:sat:solve:done round=1 ms=7 result=Sat assumptions=0 phase_lits=637
c 00h00m11s | stage:decode:start round=1 requested_int_ids=98
c 00h00m11s | stage:relaxation:done round=1 clauses_added=2718 circuit_clauses_added=0 cumulative_clauses_added=0 cop_clauses_added=2718 circuit_cegar_failures=0 circuit_cegar_rounds=0 circuit_cegar_added_clauses=0 cumulative_cegar_failures=0 cumulative_cegar_rounds=0 cumulative_cegar_added_clauses=0 cop_cegar_failures=33 cop_cegar_rounds=67 cop_cegar_added_clauses=89680
c 00h00m11s | stage:sat:solve:start round=2 circuit_cegar_rounds=- cumulative_cegar_rounds=- cop_cegar_rounds=68 assumptions=0 phase_lits=637
c 00h00m11s | stage:sat:solve:done round=2 ms=91 result=Sat assumptions=0 phase_lits=637
c 00h00m11s | stage:decode:start round=2 requested_int_ids=98
c 00h00m11s | stage:decode:final:start round=2 requested_int_ids=98
c 00h00m11s | stage:decode:done round=2 int_assignments=98
c 00h00m11s | stage:relaxation:done clauses_added=0 circuit_cegar_failures=0 circuit_cegar_rounds=0 circuit_cegar_added_clauses=0 cumulative_cegar_failures=0 cumulative_cegar_rounds=0 cumulative_cegar_added_clauses=0 cop_cegar_failures=33 cop_cegar_rounds=68 cop_cegar_added_clauses=89680
c 00h00m11s | result:Sat
c 00h00m11s | objective:incumbent kind=improvement value=37 rounds=35 improvements=34
o 37
c 00h00m11s | stage:sat:init solver=CaDiCaL vars=33541 clauses=201471
c 00h00m11s | stage:sat:solve:start round=1 circuit_cegar_rounds=- cumulative_cegar_rounds=- cop_cegar_rounds=69 assumptions=0 phase_lits=637
c 00h00m11s | stage:sat:solve:done round=1 ms=8 result=Sat assumptions=0 phase_lits=637
c 00h00m11s | stage:decode:start round=1 requested_int_ids=98
c 00h00m11s | stage:relaxation:done round=1 clauses_added=2720 circuit_clauses_added=0 cumulative_clauses_added=0 cop_clauses_added=2720 circuit_cegar_failures=0 circuit_cegar_rounds=0 circuit_cegar_added_clauses=0 cumulative_cegar_failures=0 cumulative_cegar_rounds=0 cumulative_cegar_added_clauses=0 cop_cegar_failures=34 cop_cegar_rounds=69 cop_cegar_added_clauses=92400
c 00h00m11s | stage:sat:solve:start round=2 circuit_cegar_rounds=- cumulative_cegar_rounds=- cop_cegar_rounds=70 assumptions=0 phase_lits=637
c 00h00m11s | stage:sat:solve:done round=2 ms=89 result=Sat assumptions=0 phase_lits=637
c 00h00m11s | stage:decode:start round=2 requested_int_ids=98
c 00h00m11s | stage:decode:final:start round=2 requested_int_ids=98
c 00h00m11s | stage:decode:done round=2 int_assignments=98
c 00h00m11s | stage:relaxation:done clauses_added=0 circuit_cegar_failures=0 circuit_cegar_rounds=0 circuit_cegar_added_clauses=0 cumulative_cegar_failures=0 cumulative_cegar_rounds=0 cumulative_cegar_added_clauses=0 cop_cegar_failures=34 cop_cegar_rounds=70 cop_cegar_added_clauses=92400
c 00h00m11s | result:Sat
c 00h00m11s | objective:incumbent kind=improvement value=36 rounds=36 improvements=35
o 36
c 00h00m11s | stage:sat:init solver=CaDiCaL vars=33541 clauses=201471
c 00h00m11s | stage:sat:solve:start round=1 circuit_cegar_rounds=- cumulative_cegar_rounds=- cop_cegar_rounds=71 assumptions=0 phase_lits=637
c 00h00m11s | stage:sat:solve:done round=1 ms=7 result=Sat assumptions=0 phase_lits=637
c 00h00m11s | stage:decode:start round=1 requested_int_ids=98
c 00h00m11s | stage:relaxation:done round=1 clauses_added=2717 circuit_clauses_added=0 cumulative_clauses_added=0 cop_clauses_added=2717 circuit_cegar_failures=0 circuit_cegar_rounds=0 circuit_cegar_added_clauses=0 cumulative_cegar_failures=0 cumulative_cegar_rounds=0 cumulative_cegar_added_clauses=0 cop_cegar_failures=35 cop_cegar_rounds=71 cop_cegar_added_clauses=95117
c 00h00m11s | stage:sat:solve:start round=2 circuit_cegar_rounds=- cumulative_cegar_rounds=- cop_cegar_rounds=72 assumptions=0 phase_lits=637
c 00h00m12s | stage:sat:solve:done round=2 ms=485 result=Sat assumptions=0 phase_lits=637
c 00h00m12s | stage:decode:start round=2 requested_int_ids=98
c 00h00m12s | stage:decode:final:start round=2 requested_int_ids=98
c 00h00m12s | stage:decode:done round=2 int_assignments=98
c 00h00m12s | stage:relaxation:done clauses_added=0 circuit_cegar_failures=0 circuit_cegar_rounds=0 circuit_cegar_added_clauses=0 cumulative_cegar_failures=0 cumulative_cegar_rounds=0 cumulative_cegar_added_clauses=0 cop_cegar_failures=35 cop_cegar_rounds=72 cop_cegar_added_clauses=95117
c 00h00m12s | result:Sat
c 00h00m12s | objective:incumbent kind=improvement value=35 rounds=37 improvements=36
o 35
c 00h00m12s | stage:sat:init solver=CaDiCaL vars=33541 clauses=201471
c 00h00m12s | stage:sat:solve:start round=1 circuit_cegar_rounds=- cumulative_cegar_rounds=- cop_cegar_rounds=73 assumptions=0 phase_lits=637
c 00h00m12s | stage:sat:solve:done round=1 ms=16 result=Sat assumptions=0 phase_lits=637
c 00h00m12s | stage:decode:start round=1 requested_int_ids=98
c 00h00m12s | stage:relaxation:done round=1 clauses_added=2720 circuit_clauses_added=0 cumulative_clauses_added=0 cop_clauses_added=2720 circuit_cegar_failures=0 circuit_cegar_rounds=0 circuit_cegar_added_clauses=0 cumulative_cegar_failures=0 cumulative_cegar_rounds=0 cumulative_cegar_added_clauses=0 cop_cegar_failures=36 cop_cegar_rounds=73 cop_cegar_added_clauses=97837
c 00h00m12s | stage:sat:solve:start round=2 circuit_cegar_rounds=- cumulative_cegar_rounds=- cop_cegar_rounds=74 assumptions=0 phase_lits=637
c 00h00m12s | stage:sat:solve:done round=2 ms=59 result=Sat assumptions=0 phase_lits=637
c 00h00m12s | stage:decode:start round=2 requested_int_ids=98
c 00h00m12s | stage:decode:final:start round=2 requested_int_ids=98
c 00h00m12s | stage:decode:done round=2 int_assignments=98
c 00h00m12s | stage:relaxation:done clauses_added=0 circuit_cegar_failures=0 circuit_cegar_rounds=0 circuit_cegar_added_clauses=0 cumulative_cegar_failures=0 cumulative_cegar_rounds=0 cumulative_cegar_added_clauses=0 cop_cegar_failures=36 cop_cegar_rounds=74 cop_cegar_added_clauses=97837
c 00h00m12s | result:Sat
c 00h00m12s | objective:incumbent kind=improvement value=34 rounds=38 improvements=37
o 34
c 00h00m12s | stage:sat:init solver=CaDiCaL vars=33541 clauses=201471
c 00h00m12s | stage:sat:solve:start round=1 circuit_cegar_rounds=- cumulative_cegar_rounds=- cop_cegar_rounds=75 assumptions=0 phase_lits=637
c 00h00m12s | stage:sat:solve:done round=1 ms=14 result=Sat assumptions=0 phase_lits=637
c 00h00m12s | stage:decode:start round=1 requested_int_ids=98
c 00h00m12s | stage:relaxation:done round=1 clauses_added=2719 circuit_clauses_added=0 cumulative_clauses_added=0 cop_clauses_added=2719 circuit_cegar_failures=0 circuit_cegar_rounds=0 circuit_cegar_added_clauses=0 cumulative_cegar_failures=0 cumulative_cegar_rounds=0 cumulative_cegar_added_clauses=0 cop_cegar_failures=37 cop_cegar_rounds=75 cop_cegar_added_clauses=100556
c 00h00m12s | stage:sat:solve:start round=2 circuit_cegar_rounds=- cumulative_cegar_rounds=- cop_cegar_rounds=76 assumptions=0 phase_lits=637
c 00h00m12s | stage:sat:solve:done round=2 ms=19 result=Sat assumptions=0 phase_lits=637
c 00h00m12s | stage:decode:start round=2 requested_int_ids=98
c 00h00m12s | stage:decode:final:start round=2 requested_int_ids=98
c 00h00m12s | stage:decode:done round=2 int_assignments=98
c 00h00m12s | stage:relaxation:done clauses_added=0 circuit_cegar_failures=0 circuit_cegar_rounds=0 circuit_cegar_added_clauses=0 cumulative_cegar_failures=0 cumulative_cegar_rounds=0 cumulative_cegar_added_clauses=0 cop_cegar_failures=37 cop_cegar_rounds=76 cop_cegar_added_clauses=100556
c 00h00m12s | result:Sat
c 00h00m12s | objective:incumbent kind=improvement value=33 rounds=39 improvements=38
o 33
c 00h00m12s | stage:sat:init solver=CaDiCaL vars=33541 clauses=201471
c 00h00m12s | stage:sat:solve:start round=1 circuit_cegar_rounds=- cumulative_cegar_rounds=- cop_cegar_rounds=77 assumptions=0 phase_lits=637
c 00h00m12s | stage:sat:solve:done round=1 ms=5 result=Sat assumptions=0 phase_lits=637
c 00h00m12s | stage:decode:start round=1 requested_int_ids=98
c 00h00m12s | stage:relaxation:done round=1 clauses_added=2721 circuit_clauses_added=0 cumulative_clauses_added=0 cop_clauses_added=2721 circuit_cegar_failures=0 circuit_cegar_rounds=0 circuit_cegar_added_clauses=0 cumulative_cegar_failures=0 cumulative_cegar_rounds=0 cumulative_cegar_added_clauses=0 cop_cegar_failures=38 cop_cegar_rounds=77 cop_cegar_added_clauses=103277
c 00h00m12s | stage:sat:solve:start round=2 circuit_cegar_rounds=- cumulative_cegar_rounds=- cop_cegar_rounds=78 assumptions=0 phase_lits=637
c 00h00m12s | stage:sat:solve:done round=2 ms=41 result=Sat assumptions=0 phase_lits=637
c 00h00m12s | stage:decode:start round=2 requested_int_ids=98
c 00h00m12s | stage:decode:final:start round=2 requested_int_ids=98
c 00h00m12s | stage:decode:done round=2 int_assignments=98
c 00h00m12s | stage:relaxation:done clauses_added=0 circuit_cegar_failures=0 circuit_cegar_rounds=0 circuit_cegar_added_clauses=0 cumulative_cegar_failures=0 cumulative_cegar_rounds=0 cumulative_cegar_added_clauses=0 cop_cegar_failures=38 cop_cegar_rounds=78 cop_cegar_added_clauses=103277
c 00h00m12s | result:Sat
c 00h00m12s | objective:incumbent kind=improvement value=32 rounds=40 improvements=39
o 32
c 00h00m12s | stage:sat:init solver=CaDiCaL vars=33541 clauses=201471
c 00h00m12s | stage:sat:solve:start round=1 circuit_cegar_rounds=- cumulative_cegar_rounds=- cop_cegar_rounds=79 assumptions=0 phase_lits=637
c 00h00m12s | stage:sat:solve:done round=1 ms=13 result=Sat assumptions=0 phase_lits=637
c 00h00m12s | stage:decode:start round=1 requested_int_ids=98
c 00h00m12s | stage:relaxation:done round=1 clauses_added=2712 circuit_clauses_added=0 cumulative_clauses_added=0 cop_clauses_added=2712 circuit_cegar_failures=0 circuit_cegar_rounds=0 circuit_cegar_added_clauses=0 cumulative_cegar_failures=0 cumulative_cegar_rounds=0 cumulative_cegar_added_clauses=0 cop_cegar_failures=39 cop_cegar_rounds=79 cop_cegar_added_clauses=105989
c 00h00m12s | stage:sat:solve:start round=2 circuit_cegar_rounds=- cumulative_cegar_rounds=- cop_cegar_rounds=80 assumptions=0 phase_lits=637
c 00h00m12s | stage:sat:solve:done round=2 ms=267 result=Sat assumptions=0 phase_lits=637
c 00h00m12s | stage:decode:start round=2 requested_int_ids=98
c 00h00m12s | stage:decode:final:start round=2 requested_int_ids=98
c 00h00m12s | stage:decode:done round=2 int_assignments=98
c 00h00m12s | stage:relaxation:done clauses_added=0 circuit_cegar_failures=0 circuit_cegar_rounds=0 circuit_cegar_added_clauses=0 cumulative_cegar_failures=0 cumulative_cegar_rounds=0 cumulative_cegar_added_clauses=0 cop_cegar_failures=39 cop_cegar_rounds=80 cop_cegar_added_clauses=105989
c 00h00m12s | result:Sat
c 00h00m12s | objective:incumbent kind=improvement value=31 rounds=41 improvements=40
o 31
c 00h00m12s | stage:sat:init solver=CaDiCaL vars=33541 clauses=201471
c 00h00m12s | stage:sat:solve:start round=1 circuit_cegar_rounds=- cumulative_cegar_rounds=- cop_cegar_rounds=81 assumptions=0 phase_lits=637
c 00h00m12s | stage:sat:solve:done round=1 ms=26 result=Sat assumptions=0 phase_lits=637
c 00h00m12s | stage:decode:start round=1 requested_int_ids=98
c 00h00m12s | stage:relaxation:done round=1 clauses_added=2718 circuit_clauses_added=0 cumulative_clauses_added=0 cop_clauses_added=2718 circuit_cegar_failures=0 circuit_cegar_rounds=0 circuit_cegar_added_clauses=0 cumulative_cegar_failures=0 cumulative_cegar_rounds=0 cumulative_cegar_added_clauses=0 cop_cegar_failures=40 cop_cegar_rounds=81 cop_cegar_added_clauses=108707
c 00h00m12s | stage:sat:solve:start round=2 circuit_cegar_rounds=- cumulative_cegar_rounds=- cop_cegar_rounds=82 assumptions=0 phase_lits=637
c 00h00m12s | stage:sat:solve:done round=2 ms=34 result=Sat assumptions=0 phase_lits=637
c 00h00m12s | stage:decode:start round=2 requested_int_ids=98
c 00h00m12s | stage:decode:final:start round=2 requested_int_ids=98
c 00h00m12s | stage:decode:done round=2 int_assignments=98
c 00h00m12s | stage:relaxation:done clauses_added=0 circuit_cegar_failures=0 circuit_cegar_rounds=0 circuit_cegar_added_clauses=0 cumulative_cegar_failures=0 cumulative_cegar_rounds=0 cumulative_cegar_added_clauses=0 cop_cegar_failures=40 cop_cegar_rounds=82 cop_cegar_added_clauses=108707
c 00h00m12s | result:Sat
c 00h00m12s | objective:incumbent kind=improvement value=30 rounds=42 improvements=41
o 30
c 00h00m12s | stage:sat:init solver=CaDiCaL vars=33541 clauses=201471
c 00h00m12s | stage:sat:solve:start round=1 circuit_cegar_rounds=- cumulative_cegar_rounds=- cop_cegar_rounds=83 assumptions=0 phase_lits=637
c 00h00m12s | stage:sat:solve:done round=1 ms=16 result=Sat assumptions=0 phase_lits=637
c 00h00m12s | stage:decode:start round=1 requested_int_ids=98
c 00h00m12s | stage:relaxation:done round=1 clauses_added=2717 circuit_clauses_added=0 cumulative_clauses_added=0 cop_clauses_added=2717 circuit_cegar_failures=0 circuit_cegar_rounds=0 circuit_cegar_added_clauses=0 cumulative_cegar_failures=0 cumulative_cegar_rounds=0 cumulative_cegar_added_clauses=0 cop_cegar_failures=41 cop_cegar_rounds=83 cop_cegar_added_clauses=111424
c 00h00m12s | stage:sat:solve:start round=2 circuit_cegar_rounds=- cumulative_cegar_rounds=- cop_cegar_rounds=84 assumptions=0 phase_lits=637
c 00h00m12s | stage:sat:solve:done round=2 ms=16 result=Sat assumptions=0 phase_lits=637
c 00h00m12s | stage:decode:start round=2 requested_int_ids=98
c 00h00m12s | stage:decode:final:start round=2 requested_int_ids=98
c 00h00m12s | stage:decode:done round=2 int_assignments=98
c 00h00m12s | stage:relaxation:done clauses_added=0 circuit_cegar_failures=0 circuit_cegar_rounds=0 circuit_cegar_added_clauses=0 cumulative_cegar_failures=0 cumulative_cegar_rounds=0 cumulative_cegar_added_clauses=0 cop_cegar_failures=41 cop_cegar_rounds=84 cop_cegar_added_clauses=111424
c 00h00m12s | result:Sat
c 00h00m12s | objective:incumbent kind=improvement value=29 rounds=43 improvements=42
o 29
c 00h00m12s | stage:sat:init solver=CaDiCaL vars=33541 clauses=201471
c 00h00m12s | stage:sat:solve:start round=1 circuit_cegar_rounds=- cumulative_cegar_rounds=- cop_cegar_rounds=85 assumptions=0 phase_lits=637
c 00h00m13s | stage:sat:solve:done round=1 ms=16 result=Sat assumptions=0 phase_lits=637
c 00h00m13s | stage:decode:start round=1 requested_int_ids=98
c 00h00m13s | stage:relaxation:done round=1 clauses_added=2719 circuit_clauses_added=0 cumulative_clauses_added=0 cop_clauses_added=2719 circuit_cegar_failures=0 circuit_cegar_rounds=0 circuit_cegar_added_clauses=0 cumulative_cegar_failures=0 cumulative_cegar_rounds=0 cumulative_cegar_added_clauses=0 cop_cegar_failures=42 cop_cegar_rounds=85 cop_cegar_added_clauses=114143
c 00h00m13s | stage:sat:solve:start round=2 circuit_cegar_rounds=- cumulative_cegar_rounds=- cop_cegar_rounds=86 assumptions=0 phase_lits=637
c 00h00m13s | stage:sat:solve:done round=2 ms=17 result=Sat assumptions=0 phase_lits=637
c 00h00m13s | stage:decode:start round=2 requested_int_ids=98
c 00h00m13s | stage:decode:final:start round=2 requested_int_ids=98
c 00h00m13s | stage:decode:done round=2 int_assignments=98
c 00h00m13s | stage:relaxation:done clauses_added=0 circuit_cegar_failures=0 circuit_cegar_rounds=0 circuit_cegar_added_clauses=0 cumulative_cegar_failures=0 cumulative_cegar_rounds=0 cumulative_cegar_added_clauses=0 cop_cegar_failures=42 cop_cegar_rounds=86 cop_cegar_added_clauses=114143
c 00h00m13s | result:Sat
c 00h00m13s | objective:incumbent kind=improvement value=28 rounds=44 improvements=43
o 28
c 00h00m13s | stage:sat:init solver=CaDiCaL vars=33541 clauses=201471
c 00h00m13s | stage:sat:solve:start round=1 circuit_cegar_rounds=- cumulative_cegar_rounds=- cop_cegar_rounds=87 assumptions=0 phase_lits=637
c 00h00m13s | stage:sat:solve:done round=1 ms=17 result=Sat assumptions=0 phase_lits=637
c 00h00m13s | stage:decode:start round=1 requested_int_ids=98
c 00h00m13s | stage:relaxation:done round=1 clauses_added=2716 circuit_clauses_added=0 cumulative_clauses_added=0 cop_clauses_added=2716 circuit_cegar_failures=0 circuit_cegar_rounds=0 circuit_cegar_added_clauses=0 cumulative_cegar_failures=0 cumulative_cegar_rounds=0 cumulative_cegar_added_clauses=0 cop_cegar_failures=43 cop_cegar_rounds=87 cop_cegar_added_clauses=116859
c 00h00m13s | stage:sat:solve:start round=2 circuit_cegar_rounds=- cumulative_cegar_rounds=- cop_cegar_rounds=88 assumptions=0 phase_lits=637
c 00h00m13s | stage:sat:solve:done round=2 ms=24 result=Sat assumptions=0 phase_lits=637
c 00h00m13s | stage:decode:start round=2 requested_int_ids=98
c 00h00m13s | stage:decode:final:start round=2 requested_int_ids=98
c 00h00m13s | stage:decode:done round=2 int_assignments=98
c 00h00m13s | stage:relaxation:done clauses_added=0 circuit_cegar_failures=0 circuit_cegar_rounds=0 circuit_cegar_added_clauses=0 cumulative_cegar_failures=0 cumulative_cegar_rounds=0 cumulative_cegar_added_clauses=0 cop_cegar_failures=43 cop_cegar_rounds=88 cop_cegar_added_clauses=116859
c 00h00m13s | result:Sat
c 00h00m13s | objective:incumbent kind=improvement value=27 rounds=45 improvements=44
o 27
c 00h00m13s | stage:sat:init solver=CaDiCaL vars=33541 clauses=201471
c 00h00m13s | stage:sat:solve:start round=1 circuit_cegar_rounds=- cumulative_cegar_rounds=- cop_cegar_rounds=89 assumptions=0 phase_lits=637
c 00h00m13s | stage:sat:solve:done round=1 ms=16 result=Sat assumptions=0 phase_lits=637
c 00h00m13s | stage:decode:start round=1 requested_int_ids=98
c 00h00m13s | stage:relaxation:done round=1 clauses_added=2719 circuit_clauses_added=0 cumulative_clauses_added=0 cop_clauses_added=2719 circuit_cegar_failures=0 circuit_cegar_rounds=0 circuit_cegar_added_clauses=0 cumulative_cegar_failures=0 cumulative_cegar_rounds=0 cumulative_cegar_added_clauses=0 cop_cegar_failures=44 cop_cegar_rounds=89 cop_cegar_added_clauses=119578
c 00h00m13s | stage:sat:solve:start round=2 circuit_cegar_rounds=- cumulative_cegar_rounds=- cop_cegar_rounds=90 assumptions=0 phase_lits=637
c 00h00m13s | stage:sat:solve:done round=2 ms=16 result=Sat assumptions=0 phase_lits=637
c 00h00m13s | stage:decode:start round=2 requested_int_ids=98
c 00h00m13s | stage:decode:final:start round=2 requested_int_ids=98
c 00h00m13s | stage:decode:done round=2 int_assignments=98
c 00h00m13s | stage:relaxation:done clauses_added=0 circuit_cegar_failures=0 circuit_cegar_rounds=0 circuit_cegar_added_clauses=0 cumulative_cegar_failures=0 cumulative_cegar_rounds=0 cumulative_cegar_added_clauses=0 cop_cegar_failures=44 cop_cegar_rounds=90 cop_cegar_added_clauses=119578
c 00h00m13s | result:Sat
c 00h00m13s | objective:incumbent kind=improvement value=26 rounds=46 improvements=45
o 26
c 00h00m13s | stage:sat:init solver=CaDiCaL vars=33541 clauses=201471
c 00h00m13s | stage:sat:solve:start round=1 circuit_cegar_rounds=- cumulative_cegar_rounds=- cop_cegar_rounds=91 assumptions=0 phase_lits=637
c 00h00m13s | stage:sat:solve:done round=1 ms=16 result=Sat assumptions=0 phase_lits=637
c 00h00m13s | stage:decode:start round=1 requested_int_ids=98
c 00h00m13s | stage:relaxation:done round=1 clauses_added=2718 circuit_clauses_added=0 cumulative_clauses_added=0 cop_clauses_added=2718 circuit_cegar_failures=0 circuit_cegar_rounds=0 circuit_cegar_added_clauses=0 cumulative_cegar_failures=0 cumulative_cegar_rounds=0 cumulative_cegar_added_clauses=0 cop_cegar_failures=45 cop_cegar_rounds=91 cop_cegar_added_clauses=122296
c 00h00m13s | stage:sat:solve:start round=2 circuit_cegar_rounds=- cumulative_cegar_rounds=- cop_cegar_rounds=92 assumptions=0 phase_lits=637
c 00h00m13s | stage:sat:solve:done round=2 ms=15 result=Sat assumptions=0 phase_lits=637
c 00h00m13s | stage:decode:start round=2 requested_int_ids=98
c 00h00m13s | stage:decode:final:start round=2 requested_int_ids=98
c 00h00m13s | stage:decode:done round=2 int_assignments=98
c 00h00m13s | stage:relaxation:done clauses_added=0 circuit_cegar_failures=0 circuit_cegar_rounds=0 circuit_cegar_added_clauses=0 cumulative_cegar_failures=0 cumulative_cegar_rounds=0 cumulative_cegar_added_clauses=0 cop_cegar_failures=45 cop_cegar_rounds=92 cop_cegar_added_clauses=122296
c 00h00m13s | result:Sat
c 00h00m13s | objective:incumbent kind=improvement value=25 rounds=47 improvements=46
o 25
c 00h00m13s | stage:sat:init solver=CaDiCaL vars=33541 clauses=201471
c 00h00m13s | stage:sat:solve:start round=1 circuit_cegar_rounds=- cumulative_cegar_rounds=- cop_cegar_rounds=93 assumptions=0 phase_lits=637
c 00h00m13s | stage:sat:solve:done round=1 ms=16 result=Sat assumptions=0 phase_lits=637
c 00h00m13s | stage:decode:start round=1 requested_int_ids=98
c 00h00m13s | stage:relaxation:done round=1 clauses_added=2720 circuit_clauses_added=0 cumulative_clauses_added=0 cop_clauses_added=2720 circuit_cegar_failures=0 circuit_cegar_rounds=0 circuit_cegar_added_clauses=0 cumulative_cegar_failures=0 cumulative_cegar_rounds=0 cumulative_cegar_added_clauses=0 cop_cegar_failures=46 cop_cegar_rounds=93 cop_cegar_added_clauses=125016
c 00h00m13s | stage:sat:solve:start round=2 circuit_cegar_rounds=- cumulative_cegar_rounds=- cop_cegar_rounds=94 assumptions=0 phase_lits=637
c 00h00m13s | stage:sat:solve:done round=2 ms=16 result=Sat assumptions=0 phase_lits=637
c 00h00m13s | stage:decode:start round=2 requested_int_ids=98
c 00h00m13s | stage:decode:final:start round=2 requested_int_ids=98
c 00h00m13s | stage:decode:done round=2 int_assignments=98
c 00h00m13s | stage:relaxation:done clauses_added=0 circuit_cegar_failures=0 circuit_cegar_rounds=0 circuit_cegar_added_clauses=0 cumulative_cegar_failures=0 cumulative_cegar_rounds=0 cumulative_cegar_added_clauses=0 cop_cegar_failures=46 cop_cegar_rounds=94 cop_cegar_added_clauses=125016
c 00h00m13s | result:Sat
c 00h00m13s | objective:incumbent kind=improvement value=24 rounds=48 improvements=47
o 24
c 00h00m13s | stage:sat:init solver=CaDiCaL vars=33541 clauses=201471
c 00h00m13s | stage:sat:solve:start round=1 circuit_cegar_rounds=- cumulative_cegar_rounds=- cop_cegar_rounds=95 assumptions=0 phase_lits=637
c 00h00m13s | stage:sat:solve:done round=1 ms=16 result=Sat assumptions=0 phase_lits=637
c 00h00m13s | stage:decode:start round=1 requested_int_ids=98
c 00h00m13s | stage:relaxation:done round=1 clauses_added=2715 circuit_clauses_added=0 cumulative_clauses_added=0 cop_clauses_added=2715 circuit_cegar_failures=0 circuit_cegar_rounds=0 circuit_cegar_added_clauses=0 cumulative_cegar_failures=0 cumulative_cegar_rounds=0 cumulative_cegar_added_clauses=0 cop_cegar_failures=47 cop_cegar_rounds=95 cop_cegar_added_clauses=127731
c 00h00m13s | stage:sat:solve:start round=2 circuit_cegar_rounds=- cumulative_cegar_rounds=- cop_cegar_rounds=96 assumptions=0 phase_lits=637
c 00h00m13s | stage:sat:solve:done round=2 ms=15 result=Sat assumptions=0 phase_lits=637
c 00h00m13s | stage:decode:start round=2 requested_int_ids=98
c 00h00m13s | stage:decode:final:start round=2 requested_int_ids=98
c 00h00m13s | stage:decode:done round=2 int_assignments=98
c 00h00m13s | stage:relaxation:done clauses_added=0 circuit_cegar_failures=0 circuit_cegar_rounds=0 circuit_cegar_added_clauses=0 cumulative_cegar_failures=0 cumulative_cegar_rounds=0 cumulative_cegar_added_clauses=0 cop_cegar_failures=47 cop_cegar_rounds=96 cop_cegar_added_clauses=127731
c 00h00m13s | result:Sat
c 00h00m13s | objective:incumbent kind=improvement value=23 rounds=49 improvements=48
o 23
c 00h00m13s | stage:sat:init solver=CaDiCaL vars=33541 clauses=201471
c 00h00m13s | stage:sat:solve:start round=1 circuit_cegar_rounds=- cumulative_cegar_rounds=- cop_cegar_rounds=97 assumptions=0 phase_lits=637
c 00h00m13s | stage:sat:solve:done round=1 ms=16 result=Sat assumptions=0 phase_lits=637
c 00h00m13s | stage:decode:start round=1 requested_int_ids=98
c 00h00m13s | stage:relaxation:done round=1 clauses_added=2719 circuit_clauses_added=0 cumulative_clauses_added=0 cop_clauses_added=2719 circuit_cegar_failures=0 circuit_cegar_rounds=0 circuit_cegar_added_clauses=0 cumulative_cegar_failures=0 cumulative_cegar_rounds=0 cumulative_cegar_added_clauses=0 cop_cegar_failures=48 cop_cegar_rounds=97 cop_cegar_added_clauses=130450
c 00h00m13s | stage:sat:solve:start round=2 circuit_cegar_rounds=- cumulative_cegar_rounds=- cop_cegar_rounds=98 assumptions=0 phase_lits=637
c 00h00m13s | stage:sat:solve:done round=2 ms=111 result=Sat assumptions=0 phase_lits=637
c 00h00m13s | stage:decode:start round=2 requested_int_ids=98
c 00h00m13s | stage:decode:final:start round=2 requested_int_ids=98
c 00h00m13s | stage:decode:done round=2 int_assignments=98
c 00h00m13s | stage:relaxation:done clauses_added=0 circuit_cegar_failures=0 circuit_cegar_rounds=0 circuit_cegar_added_clauses=0 cumulative_cegar_failures=0 cumulative_cegar_rounds=0 cumulative_cegar_added_clauses=0 cop_cegar_failures=48 cop_cegar_rounds=98 cop_cegar_added_clauses=130450
c 00h00m13s | result:Sat
c 00h00m13s | objective:incumbent kind=improvement value=22 rounds=50 improvements=49
o 22
c 00h00m13s | stage:sat:init solver=CaDiCaL vars=33541 clauses=201471
c 00h00m13s | stage:sat:solve:start round=1 circuit_cegar_rounds=- cumulative_cegar_rounds=- cop_cegar_rounds=99 assumptions=0 phase_lits=637
c 00h00m13s | stage:sat:solve:done round=1 ms=27 result=Sat assumptions=0 phase_lits=637
c 00h00m13s | stage:decode:start round=1 requested_int_ids=98
c 00h00m13s | stage:relaxation:done round=1 clauses_added=2718 circuit_clauses_added=0 cumulative_clauses_added=0 cop_clauses_added=2718 circuit_cegar_failures=0 circuit_cegar_rounds=0 circuit_cegar_added_clauses=0 cumulative_cegar_failures=0 cumulative_cegar_rounds=0 cumulative_cegar_added_clauses=0 cop_cegar_failures=49 cop_cegar_rounds=99 cop_cegar_added_clauses=133168
c 00h00m13s | stage:sat:solve:start round=2 circuit_cegar_rounds=- cumulative_cegar_rounds=- cop_cegar_rounds=100 assumptions=0 phase_lits=637
c 00h00m13s | stage:sat:solve:done round=2 ms=24 result=Sat assumptions=0 phase_lits=637
c 00h00m13s | stage:decode:start round=2 requested_int_ids=98
c 00h00m13s | stage:decode:final:start round=2 requested_int_ids=98
c 00h00m13s | stage:decode:done round=2 int_assignments=98
c 00h00m13s | stage:relaxation:done clauses_added=0 circuit_cegar_failures=0 circuit_cegar_rounds=0 circuit_cegar_added_clauses=0 cumulative_cegar_failures=0 cumulative_cegar_rounds=0 cumulative_cegar_added_clauses=0 cop_cegar_failures=49 cop_cegar_rounds=100 cop_cegar_added_clauses=133168
c 00h00m13s | result:Sat
c 00h00m13s | objective:incumbent kind=improvement value=21 rounds=51 improvements=50
o 21
c 00h00m13s | stage:sat:init solver=CaDiCaL vars=33541 clauses=201471
c 00h00m13s | stage:sat:solve:start round=1 circuit_cegar_rounds=- cumulative_cegar_rounds=- cop_cegar_rounds=101 assumptions=0 phase_lits=637
c 00h00m13s | stage:sat:solve:done round=1 ms=16 result=Sat assumptions=0 phase_lits=637
c 00h00m13s | stage:decode:start round=1 requested_int_ids=98
c 00h00m13s | stage:relaxation:done round=1 clauses_added=2720 circuit_clauses_added=0 cumulative_clauses_added=0 cop_clauses_added=2720 circuit_cegar_failures=0 circuit_cegar_rounds=0 circuit_cegar_added_clauses=0 cumulative_cegar_failures=0 cumulative_cegar_rounds=0 cumulative_cegar_added_clauses=0 cop_cegar_failures=50 cop_cegar_rounds=101 cop_cegar_added_clauses=135888
c 00h00m13s | stage:sat:solve:start round=2 circuit_cegar_rounds=- cumulative_cegar_rounds=- cop_cegar_rounds=102 assumptions=0 phase_lits=637
c 00h00m13s | stage:sat:solve:done round=2 ms=16 result=Sat assumptions=0 phase_lits=637
c 00h00m13s | stage:decode:start round=2 requested_int_ids=98
c 00h00m13s | stage:decode:final:start round=2 requested_int_ids=98
c 00h00m13s | stage:decode:done round=2 int_assignments=98
c 00h00m13s | stage:relaxation:done clauses_added=0 circuit_cegar_failures=0 circuit_cegar_rounds=0 circuit_cegar_added_clauses=0 cumulative_cegar_failures=0 cumulative_cegar_rounds=0 cumulative_cegar_added_clauses=0 cop_cegar_failures=50 cop_cegar_rounds=102 cop_cegar_added_clauses=135888
c 00h00m13s | result:Sat
c 00h00m13s | objective:incumbent kind=improvement value=20 rounds=52 improvements=51
o 20
c 00h00m13s | stage:sat:init solver=CaDiCaL vars=33541 clauses=201471
c 00h00m13s | stage:sat:solve:start round=1 circuit_cegar_rounds=- cumulative_cegar_rounds=- cop_cegar_rounds=103 assumptions=0 phase_lits=637
c 00h00m13s | stage:sat:solve:done round=1 ms=16 result=Sat assumptions=0 phase_lits=637
c 00h00m13s | stage:decode:start round=1 requested_int_ids=98
c 00h00m13s | stage:relaxation:done round=1 clauses_added=2717 circuit_clauses_added=0 cumulative_clauses_added=0 cop_clauses_added=2717 circuit_cegar_failures=0 circuit_cegar_rounds=0 circuit_cegar_added_clauses=0 cumulative_cegar_failures=0 cumulative_cegar_rounds=0 cumulative_cegar_added_clauses=0 cop_cegar_failures=51 cop_cegar_rounds=103 cop_cegar_added_clauses=138605
c 00h00m13s | stage:sat:solve:start round=2 circuit_cegar_rounds=- cumulative_cegar_rounds=- cop_cegar_rounds=104 assumptions=0 phase_lits=637
c 00h00m18s | stage:sat:solve:done round=2 ms=4515 result=Sat assumptions=0 phase_lits=637
c 00h00m18s | stage:decode:start round=2 requested_int_ids=98
c 00h00m18s | stage:decode:final:start round=2 requested_int_ids=98
c 00h00m18s | stage:decode:done round=2 int_assignments=98
c 00h00m18s | stage:relaxation:done clauses_added=0 circuit_cegar_failures=0 circuit_cegar_rounds=0 circuit_cegar_added_clauses=0 cumulative_cegar_failures=0 cumulative_cegar_rounds=0 cumulative_cegar_added_clauses=0 cop_cegar_failures=51 cop_cegar_rounds=104 cop_cegar_added_clauses=138605
c 00h00m18s | result:Sat
c 00h00m18s | objective:incumbent kind=improvement value=19 rounds=53 improvements=52
o 19
c 00h00m18s | stage:sat:init solver=CaDiCaL vars=33541 clauses=201471
c 00h00m18s | stage:sat:solve:start round=1 circuit_cegar_rounds=- cumulative_cegar_rounds=- cop_cegar_rounds=105 assumptions=0 phase_lits=637
c 00h00m19s | stage:sat:solve:done round=1 ms=1371 result=Sat assumptions=0 phase_lits=637
c 00h00m19s | stage:decode:start round=1 requested_int_ids=98
c 00h00m19s | stage:relaxation:done round=1 clauses_added=2720 circuit_clauses_added=0 cumulative_clauses_added=0 cop_clauses_added=2720 circuit_cegar_failures=0 circuit_cegar_rounds=0 circuit_cegar_added_clauses=0 cumulative_cegar_failures=0 cumulative_cegar_rounds=0 cumulative_cegar_added_clauses=0 cop_cegar_failures=52 cop_cegar_rounds=105 cop_cegar_added_clauses=141325
c 00h00m19s | stage:sat:solve:start round=2 circuit_cegar_rounds=- cumulative_cegar_rounds=- cop_cegar_rounds=106 assumptions=0 phase_lits=637
s SATISFIABLE
o 19
v <instantiation>
v   <list> x[0] x[1] x[2] x[3] x[4] x[5] x[6] x[7] x[8] x[9] x[10] x[11] x[12] x[13] x[14] x[15] x[16] x[17] x[18] x[19] x[20] x[21] x[22] x[23] x[24] x[25] x[26] x[27] x[28] x[29] x[30] x[31] x[32] x[33] x[34] x[35] x[36] x[37] x[38] x[39] x[40] x[41] x[42] x[43] x[44] x[45] x[46] x[47] x[48] c[0] c[1] c[2] c[3] c[4] c[5] c[6] c[7] c[8] c[9] c[10] c[11] c[12] c[13] c[14] c[15] c[16] c[17] c[18] c[19] c[20] c[21] c[22] c[23] c[24] c[25] c[26] c[27] c[28] c[29] c[30] c[31] c[32] c[33] c[34] c[35] c[36] c[37] c[38] c[39] c[40] c[41] c[42] c[43] c[44] c[45] c[46] c[47] c[48] </list>
v   <values> 4 3 19 19 19 9 19 2 3 1 18 15 5 5 17 2 1 7 13 9 13 17 14 0 4 15 9 12 16 11 0 2 11 6 11 17 16 1 7 12 6 8 17 10 10 18 14 6 8 19 8 0 0 0 12 0 18 8 9 10 11 1 1 7 18 9 10 2 12 2 7 17 9 19 11 12 33 15 4 9 18 4 12 4 7 15 9 10 33 12 13 7 6 6 10 17 12 13 </values>
v </instantiation>
d OBJECTIVE_VALUE 19
d OPTIMAL 0
d OBJECTIVE_ROUNDS 53
d OBJECTIVE_IMPROVEMENTS 52
d COP_INCUMBENT_ELAPSED_MS 18046
d SOLVE_ELAPSED_MS 1799963
d CURRENT_STAGE sat
d CURRENT_STAGE_ELAPSED_MS 1780538
d LAST_COMPLETED_STAGE relaxation
d STAGE_PROPAGATE_STATUS done
d STAGE_NORMALIZE_STATUS done
d STAGE_LOWER_STATUS done
d STAGE_POST_LOWER_STATUS done
d STAGE_PREENCODE_STATUS done
d STAGE_ENCODE_STATUS done
d STAGE_SAT_STATUS running
d STAGE_DECODE_STATUS done
d STAGE_RELAXATION_STATUS done
d STAGE_DUMP_CNF_STATUS pending
d SOURCE_CONSTRAINTS 1397
d NORMALIZED_CONSTRAINTS 1397
d LOWERED_CONSTRAINTS 1397
d UNSUPPORTED_CONSTRAINTS 0
d SAT_VARS 33541
d SAT_CLAUSES_BASE 201471
d SAT_CLAUSES_FINAL 342796
d SAT_CLAUSES_CEGAR_DELTA 141325
d SAT_CONFLICTS 251751
d LINEAR_INT_EQ_ARITY_STATS {"1":{"count":4871,"max_domain_product_excluding_one_var":"1","p95_domain_product_excluding_one_var":"1"},"2":{"count":98,"max_domain_product_excluding_one_var":"36","p95_domain_product_excluding_one_var":"36"}}
d LINEAR_INT_NE_ARITY_STATS {"2":{"count":1176,"max_domain_product_excluding_one_var":"98","p95_domain_product_excluding_one_var":"98"}}
d LINEAR_INT_GE_ARITY_STATS {"2":{"count":92,"max_domain_product_excluding_one_var":"98","p95_domain_product_excluding_one_var":"98"}}
d LINEAR_BOOL_MIXED_ARITY_STATS {"49":{"count":98,"max_domain_product_excluding_one_var":"281474976710656","p95_domain_product_excluding_one_var":"281474976710656"}}
d ROOT_LP_ENTERED 0
d ROOT_LP_STATUS skipped
d ROOT_LP_MS 0
d ROOT_LP_REASON --no-root-lp-bound
d PROPAGATE_PRUNED_VALUES 0
d PROPAGATE_CHANGED_DOMAINS 0
d PROPAGATE_ENTAILED_TABLES 0
d POST_LOWER_ROUNDS 0
d POST_LOWER_TIGHTENED_DOMAINS 0
d POST_LOWER_REMOVED_CLAUSES 0
d POST_LOWER_REMOVED_LITS 0
d POST_LOWER_DETECTED_UNSAT 0
d PREENCODE_INT_VARS 98
d ENCODE_EXTERNAL_GE_SPECS 0
d ENCODE_RELAXED_CIRCUITS 0
d LOG_SCOP_LINEAR_PB_CONSTRAINTS 718
d LOG_SCOP_LINEAR_PB_MIXED_DISPATCH_CONSTRAINTS 0
d LOG_SCOP_LINEAR_PB_MIXED_ATTEMPT_BDD 0
d LOG_SCOP_LINEAR_PB_MIXED_ATTEMPT_SORTER 0
d LOG_SCOP_LINEAR_PB_MIXED_ATTEMPT_DADDA 0
d LOG_SCOP_LINEAR_PB_MIXED_REJECT_BDD_BUDGET 0
d LOG_SCOP_LINEAR_PB_MIXED_REJECT_SORTER_BUDGET 0
d LOG_SCOP_LINEAR_PB_MIXED_FALLBACK_BDD_TO_SORTER 0
d LOG_SCOP_LINEAR_PB_MIXED_FALLBACK_BDD_TO_DADDA 0
d LOG_SCOP_LINEAR_PB_MIXED_FALLBACK_SORTER_TO_BDD 0
d LOG_SCOP_LINEAR_PB_MIXED_FALLBACK_SORTER_TO_DADDA 0
d LOG_SCOP_LINEAR_PB_BACKEND_BDD2 718
d LOG_SCOP_LINEAR_PB_BACKEND_BDD3 0
d LOG_SCOP_LINEAR_PB_BACKEND_SORTER 0
d LOG_SCOP_LINEAR_PB_BACKEND_DADDA 0
d LOG_SCOP_LINEAR_PB_BDD_DECOMPOSITION_RAW 718
d LOG_SCOP_LINEAR_PB_BDD_DECOMPOSITION_BINARY 0
d LOG_SCOP_LINEAR_PB_BDD_DECOMPOSITION_MULTIBASE 0
d DECODE_INT_ASSIGNMENTS 98
d CIRCUIT_CEGAR_FAILURES 0
d CIRCUIT_CEGAR_ROUNDS 0
d CIRCUIT_CEGAR_ADDED_CLAUSES 0
d CUMULATIVE_CEGAR_FAILURES 0
d CUMULATIVE_CEGAR_ROUNDS 0
d CUMULATIVE_CEGAR_ADDED_CLAUSES 0
d COP_CEGAR_FAILURES 52
d COP_CEGAR_ROUNDS 106
d COP_CEGAR_ADDED_CLAUSES 141325
d CSV /bench/competition/2022-2025/COP22to25/ButtonsScissors-08_c25.xml.lzma,sat,1397,1397,1397,0,33541,342796,1799963,,,,,,,0,skipped,,,,,,0,,,,,,,timeout_signal,incumbent_interrupted_by_signal
signal=15; emitted incumbent csv row
