# WCTIME: wall clock time in seconds
WCTIME=78.3931
# CPUTIME: CPU time in seconds (USERTIME+SYSTEMTIME)
CPUTIME=75.1055
# USERTIME: CPU time spent in user mode in seconds
USERTIME=67.4065
# SYSTEMTIME: CPU time spent in system mode in seconds
SYSTEMTIME=7.69899
# CPUUSAGE: CPUTIME/WCTIME in percent
CPUUSAGE=95.8063
# MAXVM: maximum virtual memory used in KiB
MAXVM=19485328
# MAXMM: maximum memory used in KiB
MAXMM=17981240
# MAXRSS: maximum Resident Segment Size in KiB
MAXRSS=18063360
# TIMEOUT: did the solver exceed the time limit?
TIMEOUT=false
# MEMOUT: did the solver exceed the memory limit?
MEMOUT=false
# EXITSTATUS: Exit status of the solver
EXITSTATUS=0
