# WCTIME: wall clock time in seconds
WCTIME=255.309
# CPUTIME: CPU time in seconds (USERTIME+SYSTEMTIME)
CPUTIME=251.481
# USERTIME: CPU time spent in user mode in seconds
USERTIME=249.767
# SYSTEMTIME: CPU time spent in system mode in seconds
SYSTEMTIME=1.71428
# CPUUSAGE: CPUTIME/WCTIME in percent
CPUUSAGE=98.5006
# MAXVM: maximum virtual memory used in KiB
MAXVM=1171700
# MAXMM: maximum memory used in KiB
MAXMM=910344
# MAXRSS: maximum Resident Segment Size in KiB
MAXRSS=907260
# TIMEOUT: did the solver exceed the time limit?
TIMEOUT=false
# MEMOUT: did the solver exceed the memory limit?
MEMOUT=false
# EXITSTATUS: Exit status of the solver
EXITSTATUS=0
