c cmd: /host-parser-bin/kat_xcsp_f2b89728-dirty-mznfull10609-1200-20260620 /bench/2016/java-auto-gen/pizza_8_3.mzn --encoder portfolio --portfolio-strategy v3 --cop-pipeline guarded-basic --cop-objective-cut direct-expr --cop-objective-cut-timing incremental-soft --cop-objective-cut-backend cnf --table-encoding mdd-tl --cumulative-mode exact --cumulative-decomposition time-rd --progress --log-scop-linear-pb-backend auto --log-scop-bdd-decomposition auto --log-scop-aggregate-weighted-lits --order-ge-shorten-link-cost --direct-eq-ne-max-arity 2 --eq-ne-encoding direct --portfolio-log-scop-eq-ne-encoding ge-rewrite --cop-objective-phase auto --cop-objective-search trisection --cop-objective-search-fallback-budget 180 --root-lp-bound --root-lp-backend lpo --root-lp-time-limit-secs 60 --ignore-parse-error
c version: kat-cli=0.1.0 git=unknown-clean
c run_start_local: 2026-06-20 21:12:11 +0900
c 00h00m00s | solve:start
c 00h00m00s | input: constraints=1137
c 00h00m00s | stage:propagate:start
c 00h00m00s | stage:propagate:done ms=3 pruned=4270 changed_domains=108 entailed_tables=0
c 00h00m00s | memory:rss checkpoint=after_propagate bytes=6561792 rss=6.26MiB
c 00h00m00s | stage:normalize:start
c 00h00m00s | stage:normalize:done ms=0 high_constraints=1137
c 00h00m00s | stage:lower:start
c 00h00m00s | stage:lower:progress percent=10 processed=114 total=1137 lowered=114 unsupported=0 ms=1
c 00h00m00s | stage:lower:progress percent=20 processed=228 total=1137 lowered=228 unsupported=0 ms=2
c 00h00m00s | stage:lower:progress percent=30 processed=342 total=1137 lowered=342 unsupported=0 ms=4
c 00h00m00s | stage:lower:progress percent=40 processed=455 total=1137 lowered=455 unsupported=0 ms=7
c 00h00m00s | stage:lower:progress percent=50 processed=569 total=1137 lowered=569 unsupported=0 ms=9
c 00h00m00s | stage:lower:progress percent=60 processed=683 total=1137 lowered=683 unsupported=0 ms=11
c 00h00m00s | stage:lower:progress percent=70 processed=796 total=1137 lowered=796 unsupported=0 ms=13
c 00h00m00s | stage:lower:progress percent=80 processed=910 total=1137 lowered=910 unsupported=0 ms=15
c 00h00m00s | stage:lower:progress percent=90 processed=1024 total=1137 lowered=1024 unsupported=0 ms=17
c 00h00m00s | stage:lower:progress percent=100 processed=1137 total=1137 lowered=1137 unsupported=0 ms=19
c 00h00m00s | stage:lower:done ms=20 lowered=1137 unsupported=0
c 00h00m00s | memory:rss checkpoint=after_lower bytes=7102464 rss=6.77MiB
c 00h00m00s | stage:post_lower:start
c 00h00m00s | stage:post_lower:affine_elim eliminated_vars=201 removed_clauses=208 removed_lits=0 ms=2
c 00h00m00s | stage:post_lower:done ms=4 rounds=0 tightened=0 removed_cls=263 removed_lits=41 unsat=false precise_hits=441 precise_rounds=1 pivot_recomputes=0 pivot_exact_attempts=0 pivot_general_attempts=0 pivot_general_rest_missing=0 pivot_general_bound_missing=0 pivot_general_no_change=0 pivot_general_tightened=0 setup_ms=0 loop_ms=0 pivot_ms=0 pivot_version_ms=0 pivot_exact_ms=0 pivot_general_ms=0 pivot_general_prepare_ms=0 pivot_general_rest_ms=0 pivot_general_derive_ms=0 apply_ms=0 sat_ms=0 precise_ms=1
c 00h00m00s | memory:rss checkpoint=after_post_lower bytes=7102464 rss=6.77MiB
c 00h00m00s | stage:lowered-shape int_vars=767 bool_vars=604 linear_atoms=4602 table_atoms=0 table_tuples=0 table_scope=0 alldiff_atoms=0 circuit_atoms=0 product_atoms=0 logical_clauses=4131
c 00h00m00s | stage:root-lp:start backend=lpo
c 00h00m00s | stage:root-lp:bound backend=lpo status=optimal objective_value=0 naive_bounds=[0,1191] lp_bounds=[0,1191] improved=0 rows=421 vars=1170 lp_rows_singleton_linear=29 lp_rows_disjunctive=392 lp_rows_table=0 lp_rows_cumulative_energy=0 lp_rows_cumulative_pair=0 lp_rows_cumulative_timetable=0 lp_rows_cumulative_completion=0 lp_rows_cumulative_precedence=0 lp_rows_no_overlap_pair=0 lp_rows_no_overlap_completion=0 lp_rows_no_overlap_precedence=0 lp_rows_no_overlap_2d_energy=0 lp_rows_no_overlap_2d_completion=0 lp_scheduling_payloads_cumulative=0 lp_scheduling_payloads_no_overlap=0 lp_scheduling_cut_rounds=0 lp_scheduling_cut_candidates=0 lp_scheduling_cut_violated=0 lp_scheduling_rows_skipped=0 ms=96
c 00h00m00s | memory:rss checkpoint=before_preencode bytes=7438336 rss=7.09MiB
c 00h00m00s | stage:preencode(order-ge):start
c 00h00m00s | stage:preencode(order-ge):done ms=5 int_vars=767
c 00h00m00s | memory:rss checkpoint=after_preencode bytes=9596928 rss=9.15MiB
c 00h00m00s | memory:rss checkpoint=before_encode bytes=9596928 rss=9.15MiB
c 00h00m00s | stage:encode(order-ge):start
c 00h00m00s | memory:rss checkpoint=encode_clause_sample stage=order-ge clauses=1838883 bytes=215257088 rss=205.29MiB progress_percent=10 processed=418 total=4173
c 00h00m00s | stage:encode(order-ge):progress percent=10 processed=418 total=4173 sat_clauses=1838883 ms=667
c 00h00m00s | memory:rss checkpoint=encode_clause_sample stage=order-ge clauses=1845615 bytes=215257088 rss=205.29MiB progress_percent=20 processed=835 total=4173
c 00h00m00s | stage:encode(order-ge):progress percent=20 processed=835 total=4173 sat_clauses=1845615 ms=667
c 00h00m00s | memory:rss checkpoint=encode_clause_sample stage=order-ge clauses=1850846 bytes=215527424 rss=205.54MiB progress_percent=30 processed=1252 total=4173
c 00h00m00s | stage:encode(order-ge):progress percent=30 processed=1252 total=4173 sat_clauses=1850846 ms=668
c 00h00m00s | memory:rss checkpoint=encode_clause_sample stage=order-ge clauses=1855854 bytes=215527424 rss=205.54MiB progress_percent=40 processed=1670 total=4173
c 00h00m00s | stage:encode(order-ge):progress percent=40 processed=1670 total=4173 sat_clauses=1855854 ms=668
c 00h00m00s | memory:rss checkpoint=encode_clause_sample stage=order-ge clauses=1862520 bytes=215527424 rss=205.54MiB progress_percent=50 processed=2087 total=4173
c 00h00m00s | stage:encode(order-ge):progress percent=50 processed=2087 total=4173 sat_clauses=1862520 ms=669
c 00h00m00s | memory:rss checkpoint=encode_clause_sample stage=order-ge clauses=1870355 bytes=215527424 rss=205.54MiB progress_percent=60 processed=2504 total=4173
c 00h00m00s | stage:encode(order-ge):progress percent=60 processed=2504 total=4173 sat_clauses=1870355 ms=670
c 00h00m00s | memory:rss checkpoint=encode_clause_sample stage=order-ge clauses=1877826 bytes=215527424 rss=205.54MiB progress_percent=70 processed=2922 total=4173
c 00h00m00s | stage:encode(order-ge):progress percent=70 processed=2922 total=4173 sat_clauses=1877826 ms=671
c 00h00m00s | memory:rss checkpoint=encode_clause_sample stage=order-ge clauses=1883229 bytes=215527424 rss=205.54MiB progress_percent=80 processed=3339 total=4173
c 00h00m00s | stage:encode(order-ge):progress percent=80 processed=3339 total=4173 sat_clauses=1883229 ms=671
c 00h00m00s | memory:rss checkpoint=encode_clause_sample stage=order-ge clauses=1892133 bytes=215797760 rss=205.80MiB progress_percent=90 processed=3756 total=4173
c 00h00m00s | stage:encode(order-ge):progress percent=90 processed=3756 total=4173 sat_clauses=1892133 ms=672
c 00h00m00s | memory:rss checkpoint=encode_clause_sample stage=order-ge clauses=1898432 bytes=215797760 rss=205.80MiB progress_percent=100 processed=4173 total=4173
c 00h00m00s | stage:encode(order-ge):progress percent=100 processed=4173 total=4173 sat_clauses=1898432 ms=673
c 00h00m00s | stage:encode(order-ge):done ms=688 sat_vars=22067 sat_clauses=1898432 ext_ge_specs=0 relaxed_circuits=0
c 00h00m00s | stage:objective-cut timing=incremental-soft backend=cnf form=direct-expr
c 00h00m00s | stage:sat:init solver=CaDiCaL vars=22067 clauses=1898432
c 00h00m00s | stage:sat:solve:start assumptions=0 phase_lits=0
c 00h00m00s | stage:sat:solve:done ms=73 result=Sat assumptions=0 phase_lits=0
c 00h00m00s | stage:decode:start
c 00h00m00s | stage:decode:done int_assignments=571
c 00h00m00s | result:Sat
c 00h00m00s | stage:objective-cut-surface(order-ge):start timing=after-incumbent
c 00h00m00s | stage:objective-cut-surface(order-ge):done has_surface=true ms=0
c 00h00m00s | objective:incumbent kind=initial value=45 rounds=1 improvements=0
o 45
c 00h00m00s | stage:objective-cut:soft-install bound=30 guard=22068 clauses_added=1
c 00h00m00s | stage:objective-cut:soft-probe search=trisection [LB,UB] = [0,44] next 30 source=install guard=22068
c 00h00m00s | stage:sat:init solver=CaDiCaL vars=22068 clauses=1898433
c 00h00m00s | stage:sat:solve:start assumptions=1 phase_lits=0
c 00h00m01s | stage:sat:solve:done ms=269 result=Sat assumptions=1 phase_lits=0
c 00h00m01s | stage:decode:start
c 00h00m01s | stage:decode:done int_assignments=571
c 00h00m01s | result:Sat
c 00h00m01s | objective:incumbent kind=improvement value=30 rounds=2 improvements=1
o 30
c 00h00m01s | stage:objective-cut:soft-result search=trisection bound=30 result=sat guard=22068 hard=guard [LB,UB] = [0,29]
c 00h00m01s | stage:objective-cut:soft-install bound=20 guard=22069 clauses_added=1
c 00h00m01s | stage:objective-cut:soft-probe search=trisection [LB,UB] = [0,29] next 20 source=install guard=22069
c 00h00m01s | stage:sat:init solver=CaDiCaL vars=22069 clauses=1898435
c 00h00m01s | stage:sat:solve:start assumptions=1 phase_lits=0
c 00h00m02s | stage:sat:solve:done ms=1170 result=Sat assumptions=1 phase_lits=0
c 00h00m02s | stage:decode:start
c 00h00m02s | stage:decode:done int_assignments=571
c 00h00m02s | result:Sat
c 00h00m02s | objective:incumbent kind=improvement value=20 rounds=3 improvements=2
o 20
c 00h00m02s | stage:objective-cut:soft-result search=trisection bound=20 result=sat guard=22069 hard=guard [LB,UB] = [0,19]
c 00h00m02s | stage:objective-cut:soft-install bound=13 guard=22070 clauses_added=1
c 00h00m02s | stage:objective-cut:soft-probe search=trisection [LB,UB] = [0,19] next 13 source=install guard=22070
c 00h00m02s | stage:sat:init solver=CaDiCaL vars=22070 clauses=1898437
c 00h00m02s | stage:sat:solve:start assumptions=1 phase_lits=0
c 00h00m02s | stage:sat:solve:done ms=12 result=Unsat assumptions=1 phase_lits=0
c 00h00m02s | result:Unsat
c 00h00m02s | stage:objective-cut:soft-result search=trisection bound=13 result=unsat guard=22070 hard=-guard [LB,UB] = [14,19]
c 00h00m02s | stage:objective-cut:soft-install bound=18 guard=22071 clauses_added=1
c 00h00m02s | stage:objective-cut:soft-probe search=trisection [LB,UB] = [14,19] next 18 source=install guard=22071
c 00h00m02s | stage:sat:init solver=CaDiCaL vars=22071 clauses=1898439
c 00h00m02s | stage:sat:solve:start assumptions=1 phase_lits=0
c 00h00m02s | stage:sat:solve:done ms=151 result=Unsat assumptions=1 phase_lits=0
c 00h00m02s | result:Unsat
c 00h00m02s | stage:objective-cut:soft-result search=trisection bound=18 result=unsat guard=22071 hard=-guard [LB,UB] = [19,19]
c 00h00m02s | stage:objective-cut:soft-install bound=19 guard=22072 clauses_added=1
c 00h00m02s | stage:objective-cut:soft-probe search=trisection [LB,UB] = [19,19] next 19 source=install guard=22072
c 00h00m02s | stage:sat:init solver=CaDiCaL vars=22072 clauses=1898441
c 00h00m02s | stage:sat:solve:start assumptions=1 phase_lits=0
c 00h00m02s | stage:sat:solve:done ms=107 result=Unsat assumptions=1 phase_lits=0
c 00h00m02s | result:Unsat
c 00h00m02s | stage:objective-cut:soft-result search=trisection bound=19 result=unsat guard=22072 hard=-guard [LB,UB] = closed
s OPTIMUM FOUND
o 20
v <instantiation>
v   <list> chooseobj_1530 pizza_1539 ipizza_1539 chooseobj_1581 pizza_1590 ipizza_1590 numSlices_1599 inumSlices_1599 Add_1601 chooseobj_1632 pizza_1641 ipizza_1641 numSlices_1650 inumSlices_1650 Add_1652 chooseobj_1683 pizza_1692 ipizza_1692 numSlices_1701 inumSlices_1701 Add_1703 chooseobj_1734 pizza_1743 ipizza_1743 numSlices_1752 inumSlices_1752 Add_1754 chooseobj_2405 pizza_2414 ipizza_2414 numSlices_2423 inumSlices_2423 Add_2425 chooseobj_2456 pizza_2465 ipizza_2465 numSlices_2474 inumSlices_2474 Add_2476 chooseobj_2507 pizza_2516 ipizza_2516 numSlices_2525 inumSlices_2525 Add_2527 chooseobj_2564 pizza_2573 ipizza_2573 numSlices_2582 inumSlices_2582 Add_2584 fullPizzas_2592 ifullPizzas_2592 Add_2594 chooseobj_2621 pizza_2630 ipizza_2630 numSlices_2639 inumSlices_2639 Add_2641 fullPizzas_2649 ifullPizzas_2649 Add_2651 chooseobj_2678 pizza_2687 ipizza_2687 numSlices_2696 inumSlices_2696 Add_2698 fullPizzas_2706 ifullPizzas_2706 Add_2708 chooseobj_2735 pizza_2744 ipizza_2744 numSlices_2753 inumSlices_2753 Add_2755 fullPizzas_2763 ifullPizzas_2763 Add_2765 chooseobj_3496 pizza_3505 ipizza_3505 numSlices_3514 inumSlices_3514 Add_3516 fullPizzas_3524 ifullPizzas_3524 Add_3526 chooseobj_3553 pizza_3562 ipizza_3562 numSlices_3571 inumSlices_3571 Add_3573 fullPizzas_3581 ifullPizzas_3581 Add_3583 chooseobj_3610 pizza_3619 ipizza_3619 numSlices_3628 inumSlices_3628 Add_3630 fullPizzas_3638 ifullPizzas_3638 Add_3640 numSlices_3726 inumSlices_3726 Multiply_3728 slicesCost_3739 islicesCost_3739 Add_3740 cost_3743 icost_3743 ret_getCost_3747 iret_getCost_3747 Add_3748 totalcost_3772 itotalcost_3772 fullPizzas_3783 ifullPizzas_3783 Multiply_3785 numSlices_3792 inumSlices_3792 Multiply_3794 cost_3804 icost_3804 slicesCost_3805 islicesCost_3805 Add_3806 cost_3809 icost_3809 ret_getCost_3813 iret_getCost_3813 Add_3814 totalcost_3838 itotalcost_3838 fullPizzas_3849 ifullPizzas_3849 Multiply_3851 numSlices_3858 inumSlices_3858 Multiply_3860 cost_3870 icost_3870 slicesCost_3871 islicesCost_3871 Add_3872 cost_3875 icost_3875 ret_getCost_3879 iret_getCost_3879 Add_3880 totalcost_3904 itotalcost_3904 fullPizzas_3915 ifullPizzas_3915 Multiply_3917 numSlices_3924 inumSlices_3924 Multiply_3926 cost_3936 icost_3936 slicesCost_3937 islicesCost_3937 Add_3938 cost_3941 icost_3941 ret_getCost_3945 iret_getCost_3945 Add_3946 totalcost_3970 itotalcost_3970 fullPizzas_3981 ifullPizzas_3981 Multiply_3983 numSlices_3990 inumSlices_3990 Multiply_3992 cost_4002 icost_4002 slicesCost_4003 islicesCost_4003 Add_4004 cost_4007 icost_4007 ret_getCost_4011 iret_getCost_4011 Add_4012 totalcost_4036 itotalcost_4036 fullPizzas_4047 ifullPizzas_4047 Multiply_4049 numSlices_4056 inumSlices_4056 Multiply_4058 cost_4068 icost_4068 slicesCost_4069 islicesCost_4069 Add_4070 cost_4073 icost_4073 ret_getCost_4077 iret_getCost_4077 Add_4078 totalcost_4102 itotalcost_4102 fullPizzas_4113 ifullPizzas_4113 Multiply_4115 numSlices_4122 inumSlices_4122 Multiply_4124 cost_4134 icost_4134 slicesCost_4135 islicesCost_4135 Add_4136 cost_4139 icost_4139 ret_getCost_4143 iret_getCost_4143 Add_4144 totalcost_4168 itotalcost_4168 fullPizzas_4179 ifullPizzas_4179 Multiply_4181 numSlices_4188 inumSlices_4188 Multiply_4190 cost_4200 icost_4200 slicesCost_4201 islicesCost_4201 Add_4202 cost_4205 icost_4205 ret_getCost_4209 iret_getCost_4209 Add_4210 totalcost_4214 itotalcost_4214 ret_totalCost_4218 iret_totalCost_4218 objective iobjective numSlices_2529 inumSlices_2529 equals_numSlices_2529__8 numSlices_2586 inumSlices_2586 equals_numSlices_2586__8 numSlices_2643 inumSlices_2643 equals_numSlices_2643__8 numSlices_2700 inumSlices_2700 equals_numSlices_2700__8 numSlices_2757 inumSlices_2757 equals_numSlices_2757__8 numSlices_3518 inumSlices_3518 equals_numSlices_3518__8 numSlices_3575 inumSlices_3575 equals_numSlices_3575__8 numSlices_3632 inumSlices_3632 equals_numSlices_3632__8 numSlices_3722 inumSlices_3722 Greater_3724 slicesCost_3731 islicesCost_3731 Greater_3733 numSlices_3788 inumSlices_3788 Greater_3790 slicesCost_3797 islicesCost_3797 Greater_3799 numSlices_3854 inumSlices_3854 Greater_3856 slicesCost_3863 islicesCost_3863 Greater_3865 numSlices_3920 inumSlices_3920 Greater_3922 slicesCost_3929 islicesCost_3929 Greater_3931 numSlices_3986 inumSlices_3986 Greater_3988 slicesCost_3995 islicesCost_3995 Greater_3997 numSlices_4052 inumSlices_4052 Greater_4054 slicesCost_4061 islicesCost_4061 Greater_4063 numSlices_4118 inumSlices_4118 Greater_4120 slicesCost_4127 islicesCost_4127 Greater_4129 numSlices_4184 inumSlices_4184 Greater_4186 slicesCost_4193 islicesCost_4193 Greater_4195 __idx0 __idx1 __idx2 __idx3 __idx4 __idx5 __idx6 __idx7 __idx8 __idx9 __idx10 __idx11 __idx12 __idx13 __idx14 __idx15 __idx16 __idx17 __idx18 __idx19 __idx20 __idx21 __idx22 __idx23 __idx24 __idx25 __idx26 __idx27 __idx28 __idx29 __idx30 __idx31 __idx32 __idx33 __idx34 __idx35 __idx36 __idx37 __idx38 __idx39 __idx40 __idx41 __idx42 __idx43 __idx44 __idx45 __idx46 __idx47 __idx48 __idx49 __idx50 __idx51 __idx52 __idx53 __idx54 __idx55 __idx56 __idx57 __idx58 __idx59 __idx60 __idx61 __idx62 __idx63 __idx64 __idx65 __idx66 __idx67 __idx68 __idx69 __idx70 __idx71 __idx72 __idx73 __idx74 __idx75 __idx76 __idx77 __idx78 __idx79 __idx80 __idx81 __idx82 __idx83 __idx84 __idx85 __idx86 __idx87 __idx88 __idx89 __idx90 __idx91 __idx92 __idx93 __idx94 __idx95 __idx96 __idx97 __idx98 __idx99 __idx100 __idx101 __idx102 __idx103 __idx104 __idx105 __idx106 __idx107 __idx108 __idx109 __idx110 __idx111 __idx112 __idx113 __idx114 __idx115 __idx116 __idx117 __idx118 __idx119 __idx120 __idx121 __idx122 __idx123 __idx124 __idx125 __idx126 __idx127 __idx128 __idx129 __idx130 __idx131 __idx132 __idx133 __idx134 __idx135 __idx136 __idx137 __idx138 __idx139 __idx140 __idx141 __idx142 __idx143 __idx144 __idx145 __idx146 __idx147 __idx148 __idx149 __idx150 __idx151 __idx152 __idx153 __idx154 __idx155 __idx156 __idx157 __idx158 __idx159 __idx160 __idx161 __idx162 __idx163 __idx164 __idx165 __idx166 __idx167 __idx168 __idx169 __idx170 __idx171 __idx172 __idx173 __idx174 __idx175 __idx176 __idx177 __idx178 __idx179 __idx180 __idx181 __idx182 __idx183 __idx184 __idx185 __idx186 __idx187 __idx188 __idx189 __idx190 __idx191 __idx192 __idx193 __idx194 __idx195 __idx196 __idx197 __idx198 __idx199 __idx200 __idx201 __idx202 __idx203 __idx204 __idx205 __idx206 __idx207 __idx208 __idx209 __idx210 __idx211 __idx212 __idx213 __idx214 __idx215 __idx216 __idx217 __idx218 __idx219 __idx220 __idx221 __idx222 __idx223 __idx224 __idx225 __idx226 __idx227 __idx228 __idx229 __idx230 __idx231 __idx232 __idx233 __idx234 __idx235 __idx236 __idx237 __idx238 __idx239 __idx240 __idx241 __idx242 __idx243 __idx244 __idx245 __idx246 __idx247 </list>
v   <values> 47 47 1 29 29 1 0 2 1 29 29 1 1 9 2 29 29 1 2 10 3 29 29 1 3 11 4 47 47 1 1 4 2 47 47 1 2 9 3 47 47 1 3 10 4 47 47 1 4 11 5 0 1 1 47 47 1 5 13 6 0 1 1 47 47 1 6 15 7 3 7 4 47 47 1 7 17 8 0 1 1 29 29 1 4 12 5 0 1 1 29 29 1 5 25 6 0 1 1 29 29 1 6 27 7 0 1 1 0 1 0 0 1 0 0 1 0 1 0 0 1 0 1 0 7 11 35 0 1 10 2 10 10 2 10 1 10 10 1 0 1 0 15 13 60 112 2 60 1 172 0 1 0 1 10 10 1 0 1 0 15 13 75 0 1 75 1 75 0 1 0 1 10 10 1 1 6 10 0 18 0 10 1 0 1 10 10 1 10 1 20 20 1 0 1 0 0 1 0 0 1 0 1 0 0 1 0 1 20 20 1 0 1 0 0 1 0 0 1 0 1 0 0 1 0 1 20 20 1 0 1 0 0 1 0 0 1 0 1 0 0 1 0 1 20 20 1 20 1 20 1 4 1 0 5 1 0 6 1 0 7 1 0 8 1 1 5 1 0 6 1 0 7 1 0 0 1 0 0 1 0 7 11 1 35 1 1 0 1 0 60 2 1 0 1 0 75 1 1 0 18 0 0 1 0 0 1 0 0 1 0 0 1 0 0 1 0 0 1 0 0 1 0 47 29 29 29 29 0 29 29 29 29 1 29 29 29 29 2 29 29 29 29 3 47 47 47 47 1 47 47 47 47 2 47 47 47 47 3 47 47 47 47 4 47 47 47 0 47 47 47 47 5 47 47 47 0 47 47 47 47 6 47 47 47 3 47 47 47 47 7 47 47 47 0 29 29 29 29 4 29 29 29 0 29 29 29 29 5 29 29 29 0 29 29 29 29 6 29 29 29 0 23 23 23 0 0 0 0 0 29 29 29 0 29 29 29 7 0 10 10 10 10 35 35 35 0 35 35 35 15 112 60 0 0 10 41 41 41 0 41 41 41 15 0 75 0 0 10 47 47 47 1 47 47 47 0 10 0 10 10 20 53 53 53 0 53 53 53 0 0 0 0 0 20 59 59 59 0 59 59 59 0 0 0 0 0 20 65 65 65 0 65 65 65 0 0 0 0 0 20 20 20 4 5 6 7 8 5 6 7 23 23 23 0 0 29 29 29 7 35 35 35 35 0 60 41 41 41 0 75 47 47 47 0 0 53 53 53 0 0 59 59 59 0 0 65 65 65 0 0 </values>
v </instantiation>
d OBJECTIVE_VALUE 20
d OPTIMAL 1
d SOURCE_CONSTRAINTS 1137
d NORMALIZED_CONSTRAINTS 1137
d LOWERED_CONSTRAINTS 1137
d UNSUPPORTED_CONSTRAINTS 0
d CSP_INT_VARS 571
d CSP_CONSTRAINTS 1137
d CSP_INTENTIONAL 889
d CSP_GLOBAL 248
d CSP_EXTENSIONAL 0
d CSP_ALLDIFF 0
d CSP_CUMULATIVE 0
d CSP_TABLE 0
d CSP_DOMAIN_SPAN_MEDIAN 18
d CSP_DOMAIN_SPAN_MAX 1191
d N_CUMULATIVE 0
d N_TABLE 0
d CIRCUIT_CEGAR_FAILURES 0
d CIRCUIT_CEGAR_ROUNDS 0
d CIRCUIT_CEGAR_ADDED_CLAUSES 0
d CUMULATIVE_CEGAR_FAILURES 0
d CUMULATIVE_CEGAR_ROUNDS 0
d CUMULATIVE_CEGAR_ADDED_CLAUSES 0
d COP_CEGAR_FAILURES 0
d COP_CEGAR_ROUNDS 0
d COP_CEGAR_ADDED_CLAUSES 0
d OBJECTIVE_CUT_TIMING incremental-soft
d OBJECTIVE_CUT_BACKEND cnf
d OBJECTIVE_CUT_FORM direct-expr
d OBJECTIVE_CUT_EAGER_CLAUSES_ADDED 0
d OBJECTIVE_RELAXATION_CLAUSES_ADDED 0
d OBJECTIVE_ROUNDS 6
d OBJECTIVE_IMPROVEMENTS 2
d OBJECTIVE_OPTIMALITY_PROOF strict_cut_unsat
d PROPAGATE_MS 3
d NORMALIZE_MS 0
d LOWER_MS 20
d POST_LOWER_MS 4
d PREENCODE_MS 5
d ENCODE_MS 688
d SAT_SOLVE_MS 1782
d TOTAL_MS 2619
d SAT_VARS 22072
d SAT_CLAUSES_BASE 1898441
d SAT_CLAUSES_FINAL 1898441
d SAT_CLAUSES_CEGAR_DELTA 0
d CSP_INT_VARS 571
d CSP_CONSTRAINTS 1137
d CSP_INTENTIONAL 889
d CSP_GLOBAL 248
d CSP_EXTENSIONAL 0
d CSP_ALLDIFF 0
d CSP_CUMULATIVE 0
d CSP_TABLE 0
d CSP_DOMAIN_SPAN_MEDIAN 18
d CSP_DOMAIN_SPAN_MAX 1191
d N_CUMULATIVE 0
d N_TABLE 0
d SAT_CONFLICTS 8486
d LINEAR_INT_EQ_ARITY_STATS {"0":{"count":201,"max_domain_product_excluding_one_var":"1","p95_domain_product_excluding_one_var":"1"},"1":{"count":1381,"max_domain_product_excluding_one_var":"1","p95_domain_product_excluding_one_var":"1"},"2":{"count":1454,"max_domain_product_excluding_one_var":"145","p95_domain_product_excluding_one_var":"13"},"3":{"count":14,"max_domain_product_excluding_one_var":"142825","p95_domain_product_excluding_one_var":"142825"}}
d LINEAR_INT_NE_ARITY_STATS {"1":{"count":949,"max_domain_product_excluding_one_var":"1","p95_domain_product_excluding_one_var":"1"}}
d LINEAR_INT_GE_ARITY_STATS {"1":{"count":603,"max_domain_product_excluding_one_var":"1","p95_domain_product_excluding_one_var":"1"}}
d LINEAR_BOOL_MIXED_ARITY_STATS {}
d ROOT_LP_ENTERED 1
d ROOT_LP_STATUS optimal
d OBJECTIVE_NAIVE_LOWER 0
d OBJECTIVE_NAIVE_UPPER 1191
d OBJECTIVE_LP_LOWER 0
d OBJECTIVE_LP_UPPER 1191
d ROOT_LP_IMPROVED 0
d ROOT_LP_MS 96
d ROOT_LP_ROWS 421
d ROOT_LP_VARS 1170
d ROOT_LP_STRUCTURED_OBJECTIVE_TERMS 0
d ROOT_LP_STRUCTURED_OBJECTIVE_AUX_VARS 0
d ROOT_LP_STRUCTURED_OBJECTIVE_ROWS 0
d ROOT_LP_NATIVE_GATE_GE_TOTAL 603
d ROOT_LP_NATIVE_GATE_EQ_TOTAL 3050
d ROOT_LP_NATIVE_GATE_GE_MAX_ARITY 1
d ROOT_LP_NATIVE_GATE_GE_MAX_DOMAIN_PRODUCT 1
d ROOT_LP_NATIVE_GATE_BOOL_MIXED_MAX_ARITY 0
d ROOT_LP_OBJECTIVE_VALUE 0
d OBJECTIVE_CUT_TIMING incremental-soft
d OBJECTIVE_CUT_BACKEND cnf
d OBJECTIVE_CUT_FORM direct-expr
d PROPAGATE_PRUNED_VALUES 4270
d PROPAGATE_CHANGED_DOMAINS 108
d PROPAGATE_ENTAILED_TABLES 0
d POST_LOWER_ROUNDS 0
d POST_LOWER_TIGHTENED_DOMAINS 0
d POST_LOWER_REMOVED_CLAUSES 263
d POST_LOWER_REMOVED_LITS 41
d POST_LOWER_DETECTED_UNSAT 0
d PREENCODE_INT_VARS 767
d ENCODE_EXTERNAL_GE_SPECS 0
d ENCODE_RELAXED_CIRCUITS 0
d MEMORY_RSS_BYTES 215797760
d MEMORY_RSS_AFTER_PROPAGATE_BYTES 6561792
d MEMORY_RSS_AFTER_LOWER_BYTES 7102464
d MEMORY_RSS_AFTER_POST_LOWER_BYTES 7102464
d MEMORY_RSS_BEFORE_PREENCODE_BYTES 7438336
d MEMORY_RSS_AFTER_PREENCODE_BYTES 9596928
d MEMORY_RSS_BEFORE_ENCODE_BYTES 9596928
d MEMORY_RSS_ENCODE_SAMPLE_INTERVAL_CLAUSES 1000000
d MEMORY_RSS_ENCODE_SAMPLE_COUNT 11
d MEMORY_RSS_ENCODE_LAST_SAMPLE_CLAUSE 1898432
d MEMORY_RSS_ENCODE_LAST_SAMPLE_BYTES 215797760
d MEMORY_RSS_ENCODE_MAX_SAMPLE_BYTES 215797760
d DECODE_INT_ASSIGNMENTS 571
d CSV /bench/2016/java-auto-gen/pizza_8_3.mzn,optimum,1137,1137,1137,0,22072,1898441,2619,3,0,20,5,688,1782,1,optimal,0,1191,0,1191,0,96,421,1170,0,0,0,0,,
c run_end_local: 2026-06-20 21:12:14 +0900
