# WCTIME: wall clock time in seconds
WCTIME=68.354
# CPUTIME: CPU time in seconds (USERTIME+SYSTEMTIME)
CPUTIME=68.0458
# USERTIME: CPU time spent in user mode in seconds
USERTIME=60.5207
# SYSTEMTIME: CPU time spent in system mode in seconds
SYSTEMTIME=7.52512
# CPUUSAGE: CPUTIME/WCTIME in percent
CPUUSAGE=99.549
# MAXVM: maximum virtual memory used in KiB
MAXVM=13607976
# MAXMM: maximum memory used in KiB
MAXMM=12810808
# MAXRSS: maximum Resident Segment Size in KiB
MAXRSS=12807764
# TIMEOUT: did the solver exceed the time limit?
TIMEOUT=false
# MEMOUT: did the solver exceed the memory limit?
MEMOUT=false
# EXITSTATUS: Exit status of the solver
EXITSTATUS=0
