# WCTIME: wall clock time in seconds
WCTIME=1.69883
# CPUTIME: CPU time in seconds (USERTIME+SYSTEMTIME)
CPUTIME=1.67862
# USERTIME: CPU time spent in user mode in seconds
USERTIME=1.46982
# SYSTEMTIME: CPU time spent in system mode in seconds
SYSTEMTIME=0.208807
# CPUUSAGE: CPUTIME/WCTIME in percent
CPUUSAGE=98.8107
# MAXVM: maximum virtual memory used in KiB
MAXVM=742200
# MAXMM: maximum memory used in KiB
MAXMM=462208
# MAXRSS: maximum Resident Segment Size in KiB
MAXRSS=513200
# TIMEOUT: did the solver exceed the time limit?
TIMEOUT=false
# MEMOUT: did the solver exceed the memory limit?
MEMOUT=false
# EXITSTATUS: Exit status of the solver
EXITSTATUS=0
