# WCTIME: wall clock time in seconds
WCTIME=1800.41
# CPUTIME: CPU time in seconds (USERTIME+SYSTEMTIME)
CPUTIME=1791.6
# USERTIME: CPU time spent in user mode in seconds
USERTIME=1740.83
# SYSTEMTIME: CPU time spent in system mode in seconds
SYSTEMTIME=50.7736
# CPUUSAGE: CPUTIME/WCTIME in percent
CPUUSAGE=99.5109
# MAXVM: maximum virtual memory used in KiB
MAXVM=38248704
# MAXMM: maximum memory used in KiB
MAXMM=31068796
# MAXRSS: maximum Resident Segment Size in KiB
MAXRSS=31143568
# TIMEOUT: did the solver exceed the time limit?
TIMEOUT=true
# MEMOUT: did the solver exceed the memory limit?
MEMOUT=false
# EXITSTATUS: Exit status of the solver
EXITSTATUS=36608
