c cmd: /host-parser-bin/kat_xcsp_243acd4c_logscop_directexpr_norootlp_20260522 /bench/competition/2022-2025/COP22to25/TestScheduling-t020m10r03-1_c24.xml.lzma --encoder log-scop --cop-objective-cut direct-expr --order-ge-table mdd-tl --no-root-lp-bound --progress
c 00h00m00s | solve:start
c 00h00m00s | input: constraints=186
c 00h00m00s | stage:propagate:start
c 00h00m00s | stage:propagate:done ms=1 pruned=0 changed_domains=0 entailed_tables=0
c 00h00m00s | memory:rss checkpoint=after_propagate bytes=2150400
c 00h00m00s | stage:normalize:start
c 00h00m00s | stage:normalize:done ms=0 high_constraints=186
c 00h00m00s | stage:lower:start
c 00h00m00s | stage:lower:progress percent=10 processed=19 total=186 lowered=19 unsupported=0 ms=0
c 00h00m00s | stage:lower:progress percent=20 processed=38 total=186 lowered=38 unsupported=0 ms=0
c 00h00m00s | stage:lower:progress percent=30 processed=56 total=186 lowered=56 unsupported=0 ms=0
c 00h00m00s | stage:lower:progress percent=40 processed=75 total=186 lowered=75 unsupported=0 ms=0
c 00h00m00s | stage:lower:progress percent=50 processed=93 total=186 lowered=93 unsupported=0 ms=0
c 00h00m00s | stage:lower:progress percent=60 processed=112 total=186 lowered=112 unsupported=0 ms=1
c 00h00m00s | stage:lower:progress percent=70 processed=131 total=186 lowered=131 unsupported=0 ms=1
c 00h00m00s | stage:lower:progress percent=80 processed=149 total=186 lowered=149 unsupported=0 ms=1
c 00h00m00s | stage:lower:progress percent=90 processed=168 total=186 lowered=168 unsupported=0 ms=1
c 00h00m02s | stage:lower:progress percent=100 processed=186 total=186 lowered=186 unsupported=0 ms=2589
c 00h00m02s | stage:lower:done ms=2641 lowered=186 unsupported=0
c 00h00m02s | memory:rss checkpoint=after_lower bytes=155742208
c 00h00m02s | stage:post_lower:start
c 00h00m02s | stage:post_lower:done ms=183 rounds=0 tightened=0 removed_cls=31120 removed_lits=23461 unsat=false precise_hits=0 precise_rounds=0 pivot_recomputes=0 pivot_exact_attempts=0 pivot_general_attempts=0 pivot_general_rest_missing=0 pivot_general_bound_missing=0 pivot_general_no_change=0 pivot_general_tightened=0 setup_ms=97 loop_ms=71 pivot_ms=0 pivot_version_ms=0 pivot_exact_ms=0 pivot_general_ms=0 pivot_general_prepare_ms=0 pivot_general_rest_ms=0 pivot_general_derive_ms=0 apply_ms=14 sat_ms=0 precise_ms=0
c 00h00m02s | memory:rss checkpoint=after_post_lower bytes=214093824
c 00h00m02s | stage:lowered-shape int_vars=40 bool_vars=347726 linear_atoms=356397 table_atoms=0 table_tuples=0 table_scope=0 alldiff_atoms=0 circuit_atoms=0 product_atoms=0 logical_clauses=672637
c 00h00m02s | stage:root-lp:skip reason=disabled ms=0
c 00h00m02s | memory:rss checkpoint=before_preencode bytes=217010176
c 00h00m02s | stage:preencode(log-scop):start
c 00h00m02s | stage:preencode(log-scop):done ms=2 int_vars=40
c 00h00m02s | memory:rss checkpoint=after_preencode bytes=217010176
c 00h00m02s | memory:rss checkpoint=before_encode bytes=217010176
c 00h00m02s | stage:encode(log-scop):start
c 00h00m03s | memory:rss checkpoint=encode_clause_sample stage=log-scop clauses=1329236 bytes=570413056 progress_percent=10 processed=67264 total=672637
c 00h00m03s | stage:encode(log-scop):progress percent=10 processed=67264 total=672637 sat_clauses=1329236 ms=785
c 00h00m04s | memory:rss checkpoint=encode_clause_sample stage=log-scop clauses=2766036 bytes=973422592 progress_percent=20 processed=134528 total=672637
c 00h00m04s | stage:encode(log-scop):progress percent=20 processed=134528 total=672637 sat_clauses=2766036 ms=1455
c 00h00m04s | memory:rss checkpoint=encode_clause_sample stage=log-scop clauses=4202392 bytes=1121984512 progress_percent=30 processed=201792 total=672637
c 00h00m04s | stage:encode(log-scop):progress percent=30 processed=201792 total=672637 sat_clauses=4202392 ms=2008
c 00h00m05s | memory:rss checkpoint=encode_clause_sample stage=log-scop clauses=5639088 bytes=1759178752 progress_percent=40 processed=269055 total=672637
c 00h00m05s | stage:encode(log-scop):progress percent=40 processed=269055 total=672637 sat_clauses=5639088 ms=2781
c 00h00m06s | memory:rss checkpoint=encode_clause_sample stage=log-scop clauses=7075669 bytes=1902243840 progress_percent=50 processed=336319 total=672637
c 00h00m06s | stage:encode(log-scop):progress percent=50 processed=336319 total=672637 sat_clauses=7075669 ms=3321
c 00h00m06s | memory:rss checkpoint=encode_clause_sample stage=log-scop clauses=8512469 bytes=2058215424 progress_percent=60 processed=403583 total=672637
c 00h00m06s | stage:encode(log-scop):progress percent=60 processed=403583 total=672637 sat_clauses=8512469 ms=3889
c 00h00m07s | memory:rss checkpoint=encode_clause_sample stage=log-scop clauses=9949159 bytes=3184414720 progress_percent=70 processed=470846 total=672637
c 00h00m07s | stage:encode(log-scop):progress percent=70 processed=470846 total=672637 sat_clauses=9949159 ms=4987
c 00h00m08s | memory:rss checkpoint=encode_clause_sample stage=log-scop clauses=11385668 bytes=3336966144 progress_percent=80 processed=538110 total=672637
c 00h00m08s | stage:encode(log-scop):progress percent=80 processed=538110 total=672637 sat_clauses=11385668 ms=5546
c 00h00m08s | memory:rss checkpoint=encode_clause_sample stage=log-scop clauses=12822310 bytes=3486109696 progress_percent=90 processed=605374 total=672637
c 00h00m08s | stage:encode(log-scop):progress percent=90 processed=605374 total=672637 sat_clauses=12822310 ms=6102
c 00h00m09s | memory:rss checkpoint=encode_clause_sample stage=log-scop clauses=13888141 bytes=3595304960 progress_percent=100 processed=672637 total=672637
c 00h00m09s | stage:encode(log-scop):progress percent=100 processed=672637 total=672637 sat_clauses=13888141 ms=6508
c 00h00m09s | stage:encode(log-scop):done ms=6518 sat_vars=9210930 sat_clauses=13888141 ext_ge_specs=0 relaxed_circuits=0 log_scop_pb_constraints=641143 log_scop_pb_mixed=0 log_scop_pb_bdd2=641143 log_scop_pb_bdd3=0 log_scop_pb_sorter=0 log_scop_pb_dadda=0 log_scop_bdd_raw=641143 log_scop_bdd_binary=0 log_scop_bdd_multibase=0
c 00h00m09s | stage:sat:init solver=CaDiCaL vars=9210930 clauses=13888141
c 00h00m09s | stage:sat:solve:start round=1 circuit_cegar_rounds=- cumulative_cegar_rounds=1 cop_cegar_rounds=1 assumptions=0 phase_lits=0
c 00h00m17s | stage:sat:solve:done round=1 ms=8212 result=Sat assumptions=0 phase_lits=0
c 00h00m17s | stage:decode:start round=1 requested_int_ids=40
c 00h00m17s | stage:decode:final:start round=1 requested_int_ids=40
c 00h00m17s | stage:decode:done round=1 int_assignments=40
c 00h00m17s | stage:relaxation:done clauses_added=0 circuit_cegar_failures=0 circuit_cegar_rounds=0 circuit_cegar_added_clauses=0 cumulative_cegar_failures=0 cumulative_cegar_rounds=1 cumulative_cegar_added_clauses=0 cop_cegar_failures=0 cop_cegar_rounds=1 cop_cegar_added_clauses=0
c 00h00m17s | result:Sat
c 00h00m17s | objective:incumbent kind=initial value=6566 rounds=1 improvements=0
o 6566
c 00h00m17s | stage:sat:init solver=CaDiCaL vars=9210930 clauses=13888141
c 00h00m17s | stage:sat:solve:start round=1 circuit_cegar_rounds=- cumulative_cegar_rounds=2 cop_cegar_rounds=2 assumptions=0 phase_lits=331
c 00h00m20s | stage:sat:solve:done round=1 ms=3062 result=Sat assumptions=0 phase_lits=331
c 00h00m20s | stage:decode:start round=1 requested_int_ids=40
c 00h00m21s | stage:relaxation:done round=1 clauses_added=2358 circuit_clauses_added=0 cumulative_clauses_added=0 cop_clauses_added=2358 circuit_cegar_failures=0 circuit_cegar_rounds=0 circuit_cegar_added_clauses=0 cumulative_cegar_failures=0 cumulative_cegar_rounds=2 cumulative_cegar_added_clauses=0 cop_cegar_failures=1 cop_cegar_rounds=2 cop_cegar_added_clauses=2358
c 00h00m21s | stage:sat:solve:start round=2 circuit_cegar_rounds=- cumulative_cegar_rounds=3 cop_cegar_rounds=3 assumptions=0 phase_lits=331
c 00h00m24s | stage:sat:solve:done round=2 ms=3023 result=Sat assumptions=0 phase_lits=331
c 00h00m24s | stage:decode:start round=2 requested_int_ids=40
c 00h00m24s | stage:decode:final:start round=2 requested_int_ids=40
c 00h00m24s | stage:decode:done round=2 int_assignments=40
c 00h00m24s | stage:relaxation:done clauses_added=0 circuit_cegar_failures=0 circuit_cegar_rounds=0 circuit_cegar_added_clauses=0 cumulative_cegar_failures=0 cumulative_cegar_rounds=3 cumulative_cegar_added_clauses=0 cop_cegar_failures=1 cop_cegar_rounds=3 cop_cegar_added_clauses=2358
c 00h00m24s | result:Sat
c 00h00m24s | objective:incumbent kind=improvement value=5542 rounds=2 improvements=1
o 5542
c 00h00m24s | stage:sat:init solver=CaDiCaL vars=9210930 clauses=13888141
c 00h00m24s | stage:sat:solve:start round=1 circuit_cegar_rounds=- cumulative_cegar_rounds=4 cop_cegar_rounds=4 assumptions=0 phase_lits=331
c 00h00m27s | stage:sat:solve:done round=1 ms=3024 result=Sat assumptions=0 phase_lits=331
c 00h00m27s | stage:decode:start round=1 requested_int_ids=40
c 00h00m27s | stage:relaxation:done round=1 clauses_added=17 circuit_clauses_added=0 cumulative_clauses_added=0 cop_clauses_added=17 circuit_cegar_failures=0 circuit_cegar_rounds=0 circuit_cegar_added_clauses=0 cumulative_cegar_failures=0 cumulative_cegar_rounds=4 cumulative_cegar_added_clauses=0 cop_cegar_failures=2 cop_cegar_rounds=4 cop_cegar_added_clauses=2375
c 00h00m27s | stage:sat:solve:start round=2 circuit_cegar_rounds=- cumulative_cegar_rounds=5 cop_cegar_rounds=5 assumptions=0 phase_lits=331
c 00h00m30s | stage:sat:solve:done round=2 ms=3052 result=Sat assumptions=0 phase_lits=331
c 00h00m30s | stage:decode:start round=2 requested_int_ids=40
c 00h00m30s | stage:decode:final:start round=2 requested_int_ids=40
c 00h00m30s | stage:decode:done round=2 int_assignments=40
c 00h00m30s | stage:relaxation:done clauses_added=0 circuit_cegar_failures=0 circuit_cegar_rounds=0 circuit_cegar_added_clauses=0 cumulative_cegar_failures=0 cumulative_cegar_rounds=5 cumulative_cegar_added_clauses=0 cop_cegar_failures=2 cop_cegar_rounds=5 cop_cegar_added_clauses=2375
c 00h00m30s | result:Sat
c 00h00m30s | objective:incumbent kind=improvement value=5030 rounds=3 improvements=2
o 5030
c 00h00m30s | stage:sat:init solver=CaDiCaL vars=9210930 clauses=13888141
c 00h00m30s | stage:sat:solve:start round=1 circuit_cegar_rounds=- cumulative_cegar_rounds=6 cop_cegar_rounds=6 assumptions=0 phase_lits=331
c 00h00m33s | stage:sat:solve:done round=1 ms=3170 result=Sat assumptions=0 phase_lits=331
c 00h00m33s | stage:decode:start round=1 requested_int_ids=40
c 00h00m33s | stage:relaxation:done round=1 clauses_added=18 circuit_clauses_added=0 cumulative_clauses_added=0 cop_clauses_added=18 circuit_cegar_failures=0 circuit_cegar_rounds=0 circuit_cegar_added_clauses=0 cumulative_cegar_failures=0 cumulative_cegar_rounds=6 cumulative_cegar_added_clauses=0 cop_cegar_failures=3 cop_cegar_rounds=6 cop_cegar_added_clauses=2393
c 00h00m33s | stage:sat:solve:start round=2 circuit_cegar_rounds=- cumulative_cegar_rounds=7 cop_cegar_rounds=7 assumptions=0 phase_lits=331
c 00h00m36s | stage:sat:solve:done round=2 ms=3072 result=Sat assumptions=0 phase_lits=331
c 00h00m36s | stage:decode:start round=2 requested_int_ids=40
c 00h00m37s | stage:decode:final:start round=2 requested_int_ids=40
c 00h00m37s | stage:decode:done round=2 int_assignments=40
c 00h00m37s | stage:relaxation:done clauses_added=0 circuit_cegar_failures=0 circuit_cegar_rounds=0 circuit_cegar_added_clauses=0 cumulative_cegar_failures=0 cumulative_cegar_rounds=7 cumulative_cegar_added_clauses=0 cop_cegar_failures=3 cop_cegar_rounds=7 cop_cegar_added_clauses=2393
c 00h00m37s | result:Sat
c 00h00m37s | objective:incumbent kind=improvement value=4990 rounds=4 improvements=3
o 4990
c 00h00m37s | stage:sat:init solver=CaDiCaL vars=9210930 clauses=13888141
c 00h00m37s | stage:sat:solve:start round=1 circuit_cegar_rounds=- cumulative_cegar_rounds=8 cop_cegar_rounds=8 assumptions=0 phase_lits=331
c 00h00m40s | stage:sat:solve:done round=1 ms=3174 result=Sat assumptions=0 phase_lits=331
c 00h00m40s | stage:decode:start round=1 requested_int_ids=40
c 00h00m40s | stage:relaxation:done round=1 clauses_added=18 circuit_clauses_added=0 cumulative_clauses_added=0 cop_clauses_added=18 circuit_cegar_failures=0 circuit_cegar_rounds=0 circuit_cegar_added_clauses=0 cumulative_cegar_failures=0 cumulative_cegar_rounds=8 cumulative_cegar_added_clauses=0 cop_cegar_failures=4 cop_cegar_rounds=8 cop_cegar_added_clauses=2411
c 00h00m40s | stage:sat:solve:start round=2 circuit_cegar_rounds=- cumulative_cegar_rounds=9 cop_cegar_rounds=9 assumptions=0 phase_lits=331
c 00h00m43s | stage:sat:solve:done round=2 ms=2809 result=Sat assumptions=0 phase_lits=331
c 00h00m43s | stage:decode:start round=2 requested_int_ids=40
c 00h00m43s | stage:decode:final:start round=2 requested_int_ids=40
c 00h00m43s | stage:decode:done round=2 int_assignments=40
c 00h00m43s | stage:relaxation:done clauses_added=0 circuit_cegar_failures=0 circuit_cegar_rounds=0 circuit_cegar_added_clauses=0 cumulative_cegar_failures=0 cumulative_cegar_rounds=9 cumulative_cegar_added_clauses=0 cop_cegar_failures=4 cop_cegar_rounds=9 cop_cegar_added_clauses=2411
c 00h00m43s | result:Sat
c 00h00m43s | objective:incumbent kind=improvement value=4862 rounds=5 improvements=4
o 4862
c 00h00m43s | stage:sat:init solver=CaDiCaL vars=9210930 clauses=13888141
c 00h00m43s | stage:sat:solve:start round=1 circuit_cegar_rounds=- cumulative_cegar_rounds=10 cop_cegar_rounds=10 assumptions=0 phase_lits=331
c 00h00m46s | stage:sat:solve:done round=1 ms=2899 result=Sat assumptions=0 phase_lits=331
c 00h00m46s | stage:decode:start round=1 requested_int_ids=40
c 00h00m46s | stage:relaxation:done round=1 clauses_added=14 circuit_clauses_added=0 cumulative_clauses_added=0 cop_clauses_added=14 circuit_cegar_failures=0 circuit_cegar_rounds=0 circuit_cegar_added_clauses=0 cumulative_cegar_failures=0 cumulative_cegar_rounds=10 cumulative_cegar_added_clauses=0 cop_cegar_failures=5 cop_cegar_rounds=10 cop_cegar_added_clauses=2425
c 00h00m46s | stage:sat:solve:start round=2 circuit_cegar_rounds=- cumulative_cegar_rounds=11 cop_cegar_rounds=11 assumptions=0 phase_lits=331
c 00h00m51s | stage:sat:solve:done round=2 ms=5160 result=Sat assumptions=0 phase_lits=331
c 00h00m51s | stage:decode:start round=2 requested_int_ids=40
c 00h00m51s | stage:decode:final:start round=2 requested_int_ids=40
c 00h00m51s | stage:decode:done round=2 int_assignments=40
c 00h00m51s | stage:relaxation:done clauses_added=0 circuit_cegar_failures=0 circuit_cegar_rounds=0 circuit_cegar_added_clauses=0 cumulative_cegar_failures=0 cumulative_cegar_rounds=11 cumulative_cegar_added_clauses=0 cop_cegar_failures=5 cop_cegar_rounds=11 cop_cegar_added_clauses=2425
c 00h00m51s | result:Sat
c 00h00m51s | objective:incumbent kind=improvement value=2603 rounds=6 improvements=5
o 2603
c 00h00m51s | stage:sat:init solver=CaDiCaL vars=9210930 clauses=13888141
c 00h00m51s | stage:sat:solve:start round=1 circuit_cegar_rounds=- cumulative_cegar_rounds=12 cop_cegar_rounds=12 assumptions=0 phase_lits=331
c 00h00m54s | stage:sat:solve:done round=1 ms=2553 result=Sat assumptions=0 phase_lits=331
c 00h00m54s | stage:decode:start round=1 requested_int_ids=40
c 00h00m54s | stage:relaxation:done round=1 clauses_added=22 circuit_clauses_added=0 cumulative_clauses_added=0 cop_clauses_added=22 circuit_cegar_failures=0 circuit_cegar_rounds=0 circuit_cegar_added_clauses=0 cumulative_cegar_failures=0 cumulative_cegar_rounds=12 cumulative_cegar_added_clauses=0 cop_cegar_failures=6 cop_cegar_rounds=12 cop_cegar_added_clauses=2447
c 00h00m54s | stage:sat:solve:start round=2 circuit_cegar_rounds=- cumulative_cegar_rounds=13 cop_cegar_rounds=13 assumptions=0 phase_lits=331
c 00h00m57s | stage:sat:solve:done round=2 ms=2864 result=Sat assumptions=0 phase_lits=331
c 00h00m57s | stage:decode:start round=2 requested_int_ids=40
c 00h00m57s | stage:decode:final:start round=2 requested_int_ids=40
c 00h00m57s | stage:decode:done round=2 int_assignments=40
c 00h00m57s | stage:relaxation:done clauses_added=0 circuit_cegar_failures=0 circuit_cegar_rounds=0 circuit_cegar_added_clauses=0 cumulative_cegar_failures=0 cumulative_cegar_rounds=13 cumulative_cegar_added_clauses=0 cop_cegar_failures=6 cop_cegar_rounds=13 cop_cegar_added_clauses=2447
c 00h00m57s | result:Sat
c 00h00m57s | objective:incumbent kind=improvement value=1923 rounds=7 improvements=6
o 1923
c 00h00m57s | stage:sat:init solver=CaDiCaL vars=9210930 clauses=13888141
c 00h00m57s | stage:sat:solve:start round=1 circuit_cegar_rounds=- cumulative_cegar_rounds=14 cop_cegar_rounds=14 assumptions=0 phase_lits=331
c 00h01m00s | stage:sat:solve:done round=1 ms=2906 result=Sat assumptions=0 phase_lits=331
c 00h01m00s | stage:decode:start round=1 requested_int_ids=40
c 00h01m00s | stage:relaxation:done round=1 clauses_added=21 circuit_clauses_added=0 cumulative_clauses_added=0 cop_clauses_added=21 circuit_cegar_failures=0 circuit_cegar_rounds=0 circuit_cegar_added_clauses=0 cumulative_cegar_failures=0 cumulative_cegar_rounds=14 cumulative_cegar_added_clauses=0 cop_cegar_failures=7 cop_cegar_rounds=14 cop_cegar_added_clauses=2468
c 00h01m00s | stage:sat:solve:start round=2 circuit_cegar_rounds=- cumulative_cegar_rounds=15 cop_cegar_rounds=15 assumptions=0 phase_lits=331
c 00h01m02s | stage:sat:solve:done round=2 ms=2513 result=Sat assumptions=0 phase_lits=331
c 00h01m02s | stage:decode:start round=2 requested_int_ids=40
c 00h01m02s | stage:decode:final:start round=2 requested_int_ids=40
c 00h01m02s | stage:decode:done round=2 int_assignments=40
c 00h01m02s | stage:relaxation:done clauses_added=0 circuit_cegar_failures=0 circuit_cegar_rounds=0 circuit_cegar_added_clauses=0 cumulative_cegar_failures=0 cumulative_cegar_rounds=15 cumulative_cegar_added_clauses=0 cop_cegar_failures=7 cop_cegar_rounds=15 cop_cegar_added_clauses=2468
c 00h01m02s | result:Sat
c 00h01m02s | objective:incumbent kind=improvement value=1891 rounds=8 improvements=7
o 1891
c 00h01m02s | stage:sat:init solver=CaDiCaL vars=9210930 clauses=13888141
c 00h01m02s | stage:sat:solve:start round=1 circuit_cegar_rounds=- cumulative_cegar_rounds=16 cop_cegar_rounds=16 assumptions=0 phase_lits=331
c 00h01m05s | stage:sat:solve:done round=1 ms=2592 result=Sat assumptions=0 phase_lits=331
c 00h01m05s | stage:decode:start round=1 requested_int_ids=40
c 00h01m05s | stage:relaxation:done round=1 clauses_added=22 circuit_clauses_added=0 cumulative_clauses_added=0 cop_clauses_added=22 circuit_cegar_failures=0 circuit_cegar_rounds=0 circuit_cegar_added_clauses=0 cumulative_cegar_failures=0 cumulative_cegar_rounds=16 cumulative_cegar_added_clauses=0 cop_cegar_failures=8 cop_cegar_rounds=16 cop_cegar_added_clauses=2490
c 00h01m05s | stage:sat:solve:start round=2 circuit_cegar_rounds=- cumulative_cegar_rounds=17 cop_cegar_rounds=17 assumptions=0 phase_lits=331
c 00h01m08s | stage:sat:solve:done round=2 ms=2499 result=Sat assumptions=0 phase_lits=331
c 00h01m08s | stage:decode:start round=2 requested_int_ids=40
c 00h01m08s | stage:decode:final:start round=2 requested_int_ids=40
c 00h01m08s | stage:decode:done round=2 int_assignments=40
c 00h01m08s | stage:relaxation:done clauses_added=0 circuit_cegar_failures=0 circuit_cegar_rounds=0 circuit_cegar_added_clauses=0 cumulative_cegar_failures=0 cumulative_cegar_rounds=17 cumulative_cegar_added_clauses=0 cop_cegar_failures=8 cop_cegar_rounds=17 cop_cegar_added_clauses=2490
c 00h01m08s | result:Sat
c 00h01m08s | objective:incumbent kind=improvement value=1876 rounds=9 improvements=8
o 1876
c 00h01m08s | stage:sat:init solver=CaDiCaL vars=9210930 clauses=13888141
c 00h01m08s | stage:sat:solve:start round=1 circuit_cegar_rounds=- cumulative_cegar_rounds=18 cop_cegar_rounds=18 assumptions=0 phase_lits=331
c 00h01m10s | stage:sat:solve:done round=1 ms=2563 result=Sat assumptions=0 phase_lits=331
c 00h01m10s | stage:decode:start round=1 requested_int_ids=40
c 00h01m10s | stage:relaxation:done round=1 clauses_added=21 circuit_clauses_added=0 cumulative_clauses_added=0 cop_clauses_added=21 circuit_cegar_failures=0 circuit_cegar_rounds=0 circuit_cegar_added_clauses=0 cumulative_cegar_failures=0 cumulative_cegar_rounds=18 cumulative_cegar_added_clauses=0 cop_cegar_failures=9 cop_cegar_rounds=18 cop_cegar_added_clauses=2511
c 00h01m11s | stage:sat:solve:start round=2 circuit_cegar_rounds=- cumulative_cegar_rounds=19 cop_cegar_rounds=19 assumptions=0 phase_lits=331
c 00h01m26s | stage:sat:solve:done round=2 ms=15450 result=Unsat assumptions=0 phase_lits=331
c 00h01m26s | result:Unsat
s OPTIMUM FOUND
o 1876
v <instantiation>
v   <list> s[0] s[1] s[2] s[3] s[4] s[5] s[6] s[7] s[8] s[9] s[10] s[11] s[12] s[13] s[14] s[15] s[16] s[17] s[18] s[19] m[0] m[1] m[2] m[3] m[4] m[5] m[6] m[7] m[8] m[9] m[10] m[11] m[12] m[13] m[14] m[15] m[16] m[17] m[18] m[19] </list>
v   <values> 64 768 768 0 0 0 672 427 1024 0 448 0 0 0 0 784 1404 849 512 0 8 2 6 3 4 5 1 5 0 1 4 0 6 2 7 3 5 5 8 9 </values>
v </instantiation>
d OBJECTIVE_VALUE 1876
d OPTIMAL 1
d SOURCE_CONSTRAINTS 186
d NORMALIZED_CONSTRAINTS 186
d LOWERED_CONSTRAINTS 186
d UNSUPPORTED_CONSTRAINTS 0
d CIRCUIT_CEGAR_FAILURES 0
d CIRCUIT_CEGAR_ROUNDS 0
d CIRCUIT_CEGAR_ADDED_CLAUSES 0
d CUMULATIVE_CEGAR_FAILURES 0
d CUMULATIVE_CEGAR_ROUNDS 19
d CUMULATIVE_CEGAR_ADDED_CLAUSES 0
d COP_CEGAR_FAILURES 9
d COP_CEGAR_ROUNDS 19
d COP_CEGAR_ADDED_CLAUSES 2511
d OBJECTIVE_ROUNDS 10
d OBJECTIVE_IMPROVEMENTS 8
d OBJECTIVE_OPTIMALITY_PROOF strict_cut_unsat
d PROPAGATE_MS 1
d NORMALIZE_MS 0
d LOWER_MS 2641
d POST_LOWER_MS 183
d PREENCODE_MS 2
d ENCODE_MS 6518
d SAT_SOLVE_MS 74597
d TOTAL_MS 86480
d SAT_VARS 9210930
d SAT_CLAUSES_BASE 13888141
d SAT_CLAUSES_FINAL 13888162
d SAT_CLAUSES_CEGAR_DELTA 21
d SAT_CONFLICTS 823
d LINEAR_INT_EQ_ARITY_STATS {}
d LINEAR_INT_NE_ARITY_STATS {"2":{"count":182,"max_domain_product_excluding_one_var":"10","p95_domain_product_excluding_one_var":"10"}}
d LINEAR_INT_GE_ARITY_STATS {"1":{"count":347160,"max_domain_product_excluding_one_var":"1","p95_domain_product_excluding_one_var":"1"},"2":{"count":376,"max_domain_product_excluding_one_var":"7902","p95_domain_product_excluding_one_var":"7902"}}
d LINEAR_BOOL_MIXED_ARITY_STATS {"20":{"count":8679,"max_domain_product_excluding_one_var":"524288","p95_domain_product_excluding_one_var":"524288"}}
d ROOT_LP_ENTERED 0
d ROOT_LP_STATUS skipped
d ROOT_LP_MS 0
d ROOT_LP_REASON root_lp_disabled
d PROPAGATE_PRUNED_VALUES 0
d PROPAGATE_CHANGED_DOMAINS 0
d PROPAGATE_ENTAILED_TABLES 0
d POST_LOWER_ROUNDS 0
d POST_LOWER_TIGHTENED_DOMAINS 0
d POST_LOWER_REMOVED_CLAUSES 31120
d POST_LOWER_REMOVED_LITS 23461
d POST_LOWER_DETECTED_UNSAT 0
d PREENCODE_INT_VARS 40
d ENCODE_EXTERNAL_GE_SPECS 0
d ENCODE_RELAXED_CIRCUITS 0
d LOG_SCOP_LINEAR_PB_CONSTRAINTS 641143
d LOG_SCOP_LINEAR_PB_MIXED_DISPATCH_CONSTRAINTS 0
d LOG_SCOP_LINEAR_PB_MIXED_ATTEMPT_BDD 0
d LOG_SCOP_LINEAR_PB_MIXED_ATTEMPT_SORTER 0
d LOG_SCOP_LINEAR_PB_MIXED_ATTEMPT_DADDA 0
d LOG_SCOP_LINEAR_PB_MIXED_REJECT_BDD_BUDGET 0
d LOG_SCOP_LINEAR_PB_MIXED_REJECT_SORTER_BUDGET 0
d LOG_SCOP_LINEAR_PB_MIXED_FALLBACK_BDD_TO_SORTER 0
d LOG_SCOP_LINEAR_PB_MIXED_FALLBACK_BDD_TO_DADDA 0
d LOG_SCOP_LINEAR_PB_MIXED_FALLBACK_SORTER_TO_BDD 0
d LOG_SCOP_LINEAR_PB_MIXED_FALLBACK_SORTER_TO_DADDA 0
d LOG_SCOP_LINEAR_PB_BACKEND_BDD2 641143
d LOG_SCOP_LINEAR_PB_BACKEND_BDD3 0
d LOG_SCOP_LINEAR_PB_BACKEND_SORTER 0
d LOG_SCOP_LINEAR_PB_BACKEND_DADDA 0
d LOG_SCOP_LINEAR_PB_BDD_DECOMPOSITION_RAW 641143
d LOG_SCOP_LINEAR_PB_BDD_DECOMPOSITION_BINARY 0
d LOG_SCOP_LINEAR_PB_BDD_DECOMPOSITION_MULTIBASE 0
d MEMORY_RSS_BYTES 3595304960
d MEMORY_RSS_AFTER_PROPAGATE_BYTES 2150400
d MEMORY_RSS_AFTER_LOWER_BYTES 155742208
d MEMORY_RSS_AFTER_POST_LOWER_BYTES 214093824
d MEMORY_RSS_BEFORE_PREENCODE_BYTES 217010176
d MEMORY_RSS_AFTER_PREENCODE_BYTES 217010176
d MEMORY_RSS_BEFORE_ENCODE_BYTES 217010176
d MEMORY_RSS_ENCODE_SAMPLE_INTERVAL_CLAUSES 1000000
d MEMORY_RSS_ENCODE_SAMPLE_COUNT 23
d MEMORY_RSS_ENCODE_LAST_SAMPLE_CLAUSE 13888141
d MEMORY_RSS_ENCODE_LAST_SAMPLE_BYTES 3595304960
d MEMORY_RSS_ENCODE_MAX_SAMPLE_BYTES 3595304960
d DECODE_INT_ASSIGNMENTS 40
d CSV /bench/competition/2022-2025/COP22to25/TestScheduling-t020m10r03-1_c24.xml.lzma,optimum,186,186,186,0,9210930,13888162,86480,1,0,2641,2,6518,74597,0,skipped,,,,,,0,,,,,,,,
