# WCTIME: wall clock time in seconds
WCTIME=37.1605
# CPUTIME: CPU time in seconds (USERTIME+SYSTEMTIME)
CPUTIME=36.975
# USERTIME: CPU time spent in user mode in seconds
USERTIME=36.4074
# SYSTEMTIME: CPU time spent in system mode in seconds
SYSTEMTIME=0.567582
# CPUUSAGE: CPUTIME/WCTIME in percent
CPUUSAGE=99.5008
# MAXVM: maximum virtual memory used in KiB
MAXVM=789084
# MAXMM: maximum memory used in KiB
MAXMM=598404
# MAXRSS: maximum Resident Segment Size in KiB
MAXRSS=595424
# TIMEOUT: did the solver exceed the time limit?
TIMEOUT=false
# MEMOUT: did the solver exceed the memory limit?
MEMOUT=false
# EXITSTATUS: Exit status of the solver
EXITSTATUS=0
