# WCTIME: wall clock time in seconds
WCTIME=3.71064
# CPUTIME: CPU time in seconds (USERTIME+SYSTEMTIME)
CPUTIME=3.68019
# USERTIME: CPU time spent in user mode in seconds
USERTIME=3.62085
# SYSTEMTIME: CPU time spent in system mode in seconds
SYSTEMTIME=0.059339
# CPUUSAGE: CPUTIME/WCTIME in percent
CPUUSAGE=99.1795
# MAXVM: maximum virtual memory used in KiB
MAXVM=213516
# MAXMM: maximum memory used in KiB
MAXMM=61320
# MAXRSS: maximum Resident Segment Size in KiB
MAXRSS=61584
# TIMEOUT: did the solver exceed the time limit?
TIMEOUT=false
# MEMOUT: did the solver exceed the memory limit?
MEMOUT=false
# EXITSTATUS: Exit status of the solver
EXITSTATUS=0
