# WCTIME: wall clock time in seconds
WCTIME=13.901
# CPUTIME: CPU time in seconds (USERTIME+SYSTEMTIME)
CPUTIME=13.7672
# USERTIME: CPU time spent in user mode in seconds
USERTIME=13.2202
# SYSTEMTIME: CPU time spent in system mode in seconds
SYSTEMTIME=0.547066
# CPUUSAGE: CPUTIME/WCTIME in percent
CPUUSAGE=99.0373
# MAXVM: maximum virtual memory used in KiB
MAXVM=1184092
# MAXMM: maximum memory used in KiB
MAXMM=891196
# MAXRSS: maximum Resident Segment Size in KiB
MAXRSS=888116
# TIMEOUT: did the solver exceed the time limit?
TIMEOUT=false
# MEMOUT: did the solver exceed the memory limit?
MEMOUT=false
# EXITSTATUS: Exit status of the solver
EXITSTATUS=0
