# WCTIME: wall clock time in seconds
WCTIME=0.579614
# CPUTIME: CPU time in seconds (USERTIME+SYSTEMTIME)
CPUTIME=0.275701
# USERTIME: CPU time spent in user mode in seconds
USERTIME=0.259583
# SYSTEMTIME: CPU time spent in system mode in seconds
SYSTEMTIME=0.016118
# CPUUSAGE: CPUTIME/WCTIME in percent
CPUUSAGE=47.5663
# MAXVM: maximum virtual memory used in KiB
MAXVM=211312
# MAXMM: maximum memory used in KiB
MAXMM=11936
# MAXRSS: maximum Resident Segment Size in KiB
MAXRSS=12384
# TIMEOUT: did the solver exceed the time limit?
TIMEOUT=false
# MEMOUT: did the solver exceed the memory limit?
MEMOUT=false
# EXITSTATUS: Exit status of the solver
EXITSTATUS=0
