# WCTIME: wall clock time in seconds
WCTIME=6.3937
# CPUTIME: CPU time in seconds (USERTIME+SYSTEMTIME)
CPUTIME=6.34787
# USERTIME: CPU time spent in user mode in seconds
USERTIME=5.21477
# SYSTEMTIME: CPU time spent in system mode in seconds
SYSTEMTIME=1.1331
# CPUUSAGE: CPUTIME/WCTIME in percent
CPUUSAGE=99.2832
# MAXVM: maximum virtual memory used in KiB
MAXVM=3761332
# MAXMM: maximum memory used in KiB
MAXMM=2666888
# MAXRSS: maximum Resident Segment Size in KiB
MAXRSS=2880876
# TIMEOUT: did the solver exceed the time limit?
TIMEOUT=false
# MEMOUT: did the solver exceed the memory limit?
MEMOUT=false
# EXITSTATUS: Exit status of the solver
EXITSTATUS=0
