# WCTIME: wall clock time in seconds
WCTIME=0.605444
# CPUTIME: CPU time in seconds (USERTIME+SYSTEMTIME)
CPUTIME=0.579861
# USERTIME: CPU time spent in user mode in seconds
USERTIME=0.570425
# SYSTEMTIME: CPU time spent in system mode in seconds
SYSTEMTIME=0.009436
# CPUUSAGE: CPUTIME/WCTIME in percent
CPUUSAGE=95.7745
# MAXVM: maximum virtual memory used in KiB
MAXVM=209068
# MAXMM: maximum memory used in KiB
MAXMM=11504
# MAXRSS: maximum Resident Segment Size in KiB
MAXRSS=11820
# TIMEOUT: did the solver exceed the time limit?
TIMEOUT=false
# MEMOUT: did the solver exceed the memory limit?
MEMOUT=false
# EXITSTATUS: Exit status of the solver
EXITSTATUS=0
