# WCTIME: wall clock time in seconds
WCTIME=1800.43
# CPUTIME: CPU time in seconds (USERTIME+SYSTEMTIME)
CPUTIME=1791.66
# USERTIME: CPU time spent in user mode in seconds
USERTIME=1731.96
# SYSTEMTIME: CPU time spent in system mode in seconds
SYSTEMTIME=59.6961
# CPUUSAGE: CPUTIME/WCTIME in percent
CPUUSAGE=99.5132
# MAXVM: maximum virtual memory used in KiB
MAXVM=26396220
# MAXMM: maximum memory used in KiB
MAXMM=24084584
# MAXRSS: maximum Resident Segment Size in KiB
MAXRSS=24081492
# TIMEOUT: did the solver exceed the time limit?
TIMEOUT=true
# MEMOUT: did the solver exceed the memory limit?
MEMOUT=false
# EXITSTATUS: Exit status of the solver
EXITSTATUS=36608
