# WCTIME: wall clock time in seconds
WCTIME=1800.15
# CPUTIME: CPU time in seconds (USERTIME+SYSTEMTIME)
CPUTIME=1791.66
# USERTIME: CPU time spent in user mode in seconds
USERTIME=1762.61
# SYSTEMTIME: CPU time spent in system mode in seconds
SYSTEMTIME=29.0564
# CPUUSAGE: CPUTIME/WCTIME in percent
CPUUSAGE=99.5287
# MAXVM: maximum virtual memory used in KiB
MAXVM=6772156
# MAXMM: maximum memory used in KiB
MAXMM=5130224
# MAXRSS: maximum Resident Segment Size in KiB
MAXRSS=5395480
# TIMEOUT: did the solver exceed the time limit?
TIMEOUT=true
# MEMOUT: did the solver exceed the memory limit?
MEMOUT=false
# EXITSTATUS: Exit status of the solver
EXITSTATUS=36608
