# WCTIME: wall clock time in seconds
WCTIME=1800.17
# CPUTIME: CPU time in seconds (USERTIME+SYSTEMTIME)
CPUTIME=1790.8
# USERTIME: CPU time spent in user mode in seconds
USERTIME=1784.35
# SYSTEMTIME: CPU time spent in system mode in seconds
SYSTEMTIME=6.45678
# CPUUSAGE: CPUTIME/WCTIME in percent
CPUUSAGE=99.4796
# MAXVM: maximum virtual memory used in KiB
MAXVM=1336152
# MAXMM: maximum memory used in KiB
MAXMM=1140492
# MAXRSS: maximum Resident Segment Size in KiB
MAXRSS=1144840
# TIMEOUT: did the solver exceed the time limit?
TIMEOUT=true
# MEMOUT: did the solver exceed the memory limit?
MEMOUT=false
# EXITSTATUS: Exit status of the solver
EXITSTATUS=36608
