# WCTIME: wall clock time in seconds
WCTIME=1801.35
# CPUTIME: CPU time in seconds (USERTIME+SYSTEMTIME)
CPUTIME=1794.7
# USERTIME: CPU time spent in user mode in seconds
USERTIME=1726.83
# SYSTEMTIME: CPU time spent in system mode in seconds
SYSTEMTIME=67.8709
# CPUUSAGE: CPUTIME/WCTIME in percent
CPUUSAGE=99.631
# MAXVM: maximum virtual memory used in KiB
MAXVM=73606336
# MAXMM: maximum memory used in KiB
MAXMM=63911692
# MAXRSS: maximum Resident Segment Size in KiB
MAXRSS=64252656
# TIMEOUT: did the solver exceed the time limit?
TIMEOUT=true
# MEMOUT: did the solver exceed the memory limit?
MEMOUT=false
# EXITSTATUS: Exit status of the solver
EXITSTATUS=36608
