# WCTIME: wall clock time in seconds
WCTIME=220.295
# CPUTIME: CPU time in seconds (USERTIME+SYSTEMTIME)
CPUTIME=202.672
# USERTIME: CPU time spent in user mode in seconds
USERTIME=112.196
# SYSTEMTIME: CPU time spent in system mode in seconds
SYSTEMTIME=90.4761
# CPUUSAGE: CPUTIME/WCTIME in percent
CPUUSAGE=92.0004
# MAXVM: maximum virtual memory used in KiB
MAXVM=146506700
# MAXMM: maximum memory used in KiB
MAXMM=124562536
# MAXRSS: maximum Resident Segment Size in KiB
MAXRSS=123841376
# TIMEOUT: did the solver exceed the time limit?
TIMEOUT=false
# MEMOUT: did the solver exceed the memory limit?
MEMOUT=false
# EXITSTATUS: Exit status of the solver
EXITSTATUS=35072
