# WCTIME: wall clock time in seconds
WCTIME=1801.35
# CPUTIME: CPU time in seconds (USERTIME+SYSTEMTIME)
CPUTIME=1791.79
# USERTIME: CPU time spent in user mode in seconds
USERTIME=1602.62
# SYSTEMTIME: CPU time spent in system mode in seconds
SYSTEMTIME=189.172
# CPUUSAGE: CPUTIME/WCTIME in percent
CPUUSAGE=99.4693
# MAXVM: maximum virtual memory used in KiB
MAXVM=80504408
# MAXMM: maximum memory used in KiB
MAXMM=71581000
# MAXRSS: maximum Resident Segment Size in KiB
MAXRSS=71578824
# TIMEOUT: did the solver exceed the time limit?
TIMEOUT=true
# MEMOUT: did the solver exceed the memory limit?
MEMOUT=false
# EXITSTATUS: Exit status of the solver
EXITSTATUS=36608
