# WCTIME: wall clock time in seconds
WCTIME=220.095
# CPUTIME: CPU time in seconds (USERTIME+SYSTEMTIME)
CPUTIME=219.039
# USERTIME: CPU time spent in user mode in seconds
USERTIME=214.03
# SYSTEMTIME: CPU time spent in system mode in seconds
SYSTEMTIME=5.00902
# CPUUSAGE: CPUTIME/WCTIME in percent
CPUUSAGE=99.5202
# MAXVM: maximum virtual memory used in KiB
MAXVM=6069248
# MAXMM: maximum memory used in KiB
MAXMM=5143372
# MAXRSS: maximum Resident Segment Size in KiB
MAXRSS=5140412
# TIMEOUT: did the solver exceed the time limit?
TIMEOUT=false
# MEMOUT: did the solver exceed the memory limit?
MEMOUT=false
# EXITSTATUS: Exit status of the solver
EXITSTATUS=0
