c cmd: /host-parser-bin/kat_xcsp_ee83b5a8 /bench/competition/2022-2025/COP22to25/BlockModeling-transatlantic-05_c25.xml.lzma --encoder portfolio --portfolio-strategy v3 --cop-pipeline guarded-basic --cop-objective-cut direct-expr --cop-objective-cut-timing incremental-hard --cop-objective-cut-backend cnf --table-encoding mdd-tl --cumulative-mode exact --cumulative-decomposition time-rd --progress --log-scop-linear-pb-backend auto --log-scop-bdd-decomposition auto --log-scop-aggregate-weighted-lits --order-ge-shorten-link-cost --direct-eq-ne-max-arity 2 --eq-ne-encoding direct --portfolio-log-scop-eq-ne-encoding ge-rewrite --cop-objective-phase objective-guided --cop-phase-saving
c version: kat-cli=0.1.0 git=unknown-clean
c run_start_local: 2026-06-02 15:24:01 +0900
c 00h00m00s | solve:start
c 00h00m00s | stage:objective-cut timing=incremental-hard backend=cnf form=direct-expr
c 00h00m00s | input: constraints=4
c 00h00m00s | stage:propagate:start
c 00h00m00s | stage:propagate:done ms=0 pruned=10 changed_domains=4 entailed_tables=0
c 00h00m00s | memory:rss checkpoint=after_propagate bytes=2813952 rss=2.68MiB
c 00h00m00s | stage:normalize:start
c 00h00m00s | stage:normalize:done ms=0 high_constraints=4
c 00h00m00s | stage:lower:start
c 00h00m00s | stage:lower:progress percent=20 processed=1 total=4 lowered=1 unsupported=0 ms=0
c 00h00m00s | stage:lower:progress percent=50 processed=2 total=4 lowered=2 unsupported=0 ms=0
c 00h00m00s | stage:lower:progress percent=70 processed=3 total=4 lowered=3 unsupported=0 ms=0
c 00h00m00s | stage:lower:progress percent=100 processed=4 total=4 lowered=4 unsupported=0 ms=0
c 00h00m00s | stage:lower:done ms=0 lowered=4 unsupported=0
c 00h00m00s | memory:rss checkpoint=after_lower bytes=2813952 rss=2.68MiB
c 00h00m00s | stage:post_lower:start
c 00h00m00s | stage:post_lower:done ms=0 rounds=0 tightened=0 removed_cls=4 removed_lits=0 unsat=false precise_hits=0 precise_rounds=0 pivot_recomputes=0 pivot_exact_attempts=0 pivot_general_attempts=0 pivot_general_rest_missing=0 pivot_general_bound_missing=0 pivot_general_no_change=0 pivot_general_tightened=0 setup_ms=0 loop_ms=0 pivot_ms=0 pivot_version_ms=0 pivot_exact_ms=0 pivot_general_ms=0 pivot_general_prepare_ms=0 pivot_general_rest_ms=0 pivot_general_derive_ms=0 apply_ms=0 sat_ms=0 precise_ms=0
c 00h00m00s | memory:rss checkpoint=after_post_lower bytes=2813952 rss=2.68MiB
c 00h00m00s | stage:lowered-shape int_vars=38 bool_vars=0 linear_atoms=4 table_atoms=0 table_tuples=0 table_scope=0 alldiff_atoms=0 circuit_atoms=0 product_atoms=0 logical_clauses=0
c 00h00m00s | stage:root-lp:skip reason=disabled ms=0
c 00h00m00s | memory:rss checkpoint=before_preencode bytes=2813952 rss=2.68MiB
c 00h00m00s | stage:preencode(log-scop):start
c 00h00m00s | stage:preencode(log-scop):done ms=0 int_vars=38
c 00h00m00s | memory:rss checkpoint=after_preencode bytes=2813952 rss=2.68MiB
c 00h00m00s | memory:rss checkpoint=before_encode bytes=2813952 rss=2.68MiB
c 00h00m00s | stage:encode(log-scop):start
c 00h00m00s | memory:rss checkpoint=encode_clause_sample stage=log-scop clauses=56 bytes=3080192 rss=2.94MiB progress_percent=10 processed=4 total=38
c 00h00m00s | stage:encode(log-scop):progress percent=10 processed=4 total=38 sat_clauses=56 ms=0
c 00h00m00s | memory:rss checkpoint=encode_clause_sample stage=log-scop clauses=56 bytes=3080192 rss=2.94MiB progress_percent=20 processed=8 total=38
c 00h00m00s | stage:encode(log-scop):progress percent=20 processed=8 total=38 sat_clauses=56 ms=0
c 00h00m00s | memory:rss checkpoint=encode_clause_sample stage=log-scop clauses=56 bytes=3080192 rss=2.94MiB progress_percent=30 processed=12 total=38
c 00h00m00s | stage:encode(log-scop):progress percent=30 processed=12 total=38 sat_clauses=56 ms=0
c 00h00m00s | memory:rss checkpoint=encode_clause_sample stage=log-scop clauses=56 bytes=3080192 rss=2.94MiB progress_percent=40 processed=16 total=38
c 00h00m00s | stage:encode(log-scop):progress percent=40 processed=16 total=38 sat_clauses=56 ms=0
c 00h00m00s | memory:rss checkpoint=encode_clause_sample stage=log-scop clauses=56 bytes=3080192 rss=2.94MiB progress_percent=50 processed=19 total=38
c 00h00m00s | stage:encode(log-scop):progress percent=50 processed=19 total=38 sat_clauses=56 ms=0
c 00h00m00s | memory:rss checkpoint=encode_clause_sample stage=log-scop clauses=56 bytes=3080192 rss=2.94MiB progress_percent=60 processed=23 total=38
c 00h00m00s | stage:encode(log-scop):progress percent=60 processed=23 total=38 sat_clauses=56 ms=0
c 00h00m00s | memory:rss checkpoint=encode_clause_sample stage=log-scop clauses=56 bytes=3080192 rss=2.94MiB progress_percent=70 processed=27 total=38
c 00h00m00s | stage:encode(log-scop):progress percent=70 processed=27 total=38 sat_clauses=56 ms=0
c 00h00m00s | memory:rss checkpoint=encode_clause_sample stage=log-scop clauses=56 bytes=3080192 rss=2.94MiB progress_percent=80 processed=31 total=38
c 00h00m00s | stage:encode(log-scop):progress percent=80 processed=31 total=38 sat_clauses=56 ms=0
c 00h00m00s | memory:rss checkpoint=encode_clause_sample stage=log-scop clauses=56 bytes=3080192 rss=2.94MiB progress_percent=90 processed=35 total=38
c 00h00m00s | stage:encode(log-scop):progress percent=90 processed=35 total=38 sat_clauses=56 ms=0
c 00h00m00s | memory:rss checkpoint=encode_clause_sample stage=log-scop clauses=56 bytes=3080192 rss=2.94MiB progress_percent=100 processed=38 total=38
c 00h00m00s | stage:encode(log-scop):progress percent=100 processed=38 total=38 sat_clauses=56 ms=0
c 00h00m00s | stage:encode(log-scop):done ms=0 sat_vars=85 sat_clauses=56 ext_ge_specs=0 relaxed_circuits=0 log_scop_pb_constraints=11 log_scop_pb_mixed=0 log_scop_pb_bdd2=11 log_scop_pb_bdd3=0 log_scop_pb_sorter=0 log_scop_pb_dadda=0 log_scop_bdd_raw=11 log_scop_bdd_binary=0 log_scop_bdd_multibase=0
c 00h00m02s | stage:objective-cut timing=incremental-hard backend=cnf form=direct-expr
c 00h00m04s | stage:sat:init solver=CaDiCaL vars=85 clauses=56
c 00h00m04s | stage:sat:solve:start assumptions=0 phase_lits=0
c 00h00m04s | stage:sat:solve:done ms=0 result=Sat assumptions=0 phase_lits=0
c 00h00m04s | stage:decode:start
c 00h00m04s | stage:decode:done int_assignments=38
c 00h00m04s | result:Sat
c 00h00m04s | objective:incumbent kind=initial value=37 rounds=1 improvements=0
o 37
c 00h00m08s | stage:objective-cut:add timing=incremental-hard backend=cnf form=direct-expr clauses_added=357061
c 00h00m08s | stage:sat:init solver=CaDiCaL vars=192548 clauses=357117
c 00h00m08s | stage:sat:solve:start assumptions=0 phase_lits=58
c 00h00m08s | stage:sat:solve:done ms=201 result=Sat assumptions=0 phase_lits=58
c 00h00m08s | stage:decode:start
c 00h00m08s | stage:decode:done int_assignments=38
c 00h00m08s | result:Sat
c 00h00m08s | objective:incumbent kind=improvement value=36 rounds=2 improvements=1
o 36
c 00h00m12s | stage:objective-cut:add timing=incremental-hard backend=cnf form=direct-expr clauses_added=349276
c 00h00m12s | stage:sat:init solver=CaDiCaL vars=381118 clauses=706393
c 00h00m12s | stage:sat:solve:start assumptions=0 phase_lits=58
c 00h00m12s | stage:sat:solve:done ms=150 result=Sat assumptions=0 phase_lits=58
c 00h00m12s | stage:decode:start
c 00h00m12s | stage:decode:done int_assignments=38
c 00h00m12s | result:Sat
c 00h00m12s | objective:incumbent kind=improvement value=35 rounds=3 improvements=2
o 35
c 00h00m17s | stage:objective-cut:add timing=incremental-hard backend=cnf form=direct-expr clauses_added=341487
c 00h00m17s | stage:sat:init solver=CaDiCaL vars=565793 clauses=1047880
c 00h00m17s | stage:sat:solve:start assumptions=0 phase_lits=58
c 00h00m30s | stage:sat:solve:done ms=13695 result=Sat assumptions=0 phase_lits=58
c 00h00m30s | stage:decode:start
c 00h00m31s | stage:decode:done int_assignments=38
c 00h00m31s | result:Sat
c 00h00m31s | objective:incumbent kind=improvement value=33 rounds=4 improvements=3
o 33
c 00h00m35s | stage:objective-cut:add timing=incremental-hard backend=cnf form=direct-expr clauses_added=325897
c 00h00m35s | stage:sat:init solver=CaDiCaL vars=742672 clauses=1373777
c 00h00m35s | stage:sat:solve:start assumptions=0 phase_lits=58
c 00h00m37s | stage:sat:solve:done ms=2157 result=Sat assumptions=0 phase_lits=58
c 00h00m37s | stage:decode:start
c 00h00m37s | stage:decode:done int_assignments=38
c 00h00m37s | result:Sat
c 00h00m37s | objective:incumbent kind=improvement value=31 rounds=5 improvements=4
o 31
c 00h00m41s | stage:objective-cut:add timing=incremental-hard backend=cnf form=direct-expr clauses_added=310291
c 00h00m41s | stage:sat:init solver=CaDiCaL vars=911747 clauses=1684068
c 00h00m41s | stage:sat:solve:start assumptions=0 phase_lits=58
c 00h02m02s | stage:sat:solve:done ms=80692 result=Sat assumptions=0 phase_lits=58
c 00h02m02s | stage:decode:start
c 00h02m02s | stage:decode:done int_assignments=38
c 00h02m02s | result:Sat
c 00h02m02s | objective:incumbent kind=improvement value=30 rounds=6 improvements=5
o 30
c 00h02m06s | stage:objective-cut:add timing=incremental-hard backend=cnf form=direct-expr clauses_added=302482
c 00h02m06s | stage:sat:init solver=CaDiCaL vars=1076917 clauses=1986550
c 00h02m06s | stage:sat:solve:start assumptions=0 phase_lits=58
c 00h02m23s | stage:sat:solve:done ms=16528 result=Sat assumptions=0 phase_lits=58
c 00h02m23s | stage:decode:start
c 00h02m23s | stage:decode:done int_assignments=38
c 00h02m23s | result:Sat
c 00h02m23s | objective:incumbent kind=improvement value=28 rounds=7 improvements=6
o 28
c 00h02m27s | stage:objective-cut:add timing=incremental-hard backend=cnf form=direct-expr clauses_added=286852
c 00h02m27s | stage:sat:init solver=CaDiCaL vars=1234271 clauses=2273402
c 00h02m27s | stage:sat:solve:start assumptions=0 phase_lits=58
c 00h02m28s | stage:sat:solve:done ms=607 result=Sat assumptions=0 phase_lits=58
c 00h02m28s | stage:decode:start
c 00h02m28s | stage:decode:done int_assignments=38
c 00h02m28s | result:Sat
c 00h02m28s | objective:incumbent kind=improvement value=27 rounds=8 improvements=7
o 27
c 00h02m32s | stage:objective-cut:add timing=incremental-hard backend=cnf form=direct-expr clauses_added=279031
c 00h02m32s | stage:sat:init solver=CaDiCaL vars=1387714 clauses=2552433
c 00h02m32s | stage:sat:solve:start assumptions=0 phase_lits=58
c 00h06m07s | stage:sat:solve:done ms=214896 result=Sat assumptions=0 phase_lits=58
c 00h06m07s | stage:decode:start
c 00h06m07s | stage:decode:done int_assignments=38
c 00h06m07s | result:Sat
c 00h06m07s | objective:incumbent kind=improvement value=26 rounds=9 improvements=8
o 26
c 00h06m11s | stage:objective-cut:add timing=incremental-hard backend=cnf form=direct-expr clauses_added=271206
c 00h06m11s | stage:sat:init solver=CaDiCaL vars=1537244 clauses=2823639
c 00h06m11s | stage:sat:solve:start assumptions=0 phase_lits=58
c 00h06m13s | stage:sat:solve:done ms=1784 result=Sat assumptions=0 phase_lits=58
c 00h06m13s | stage:decode:start
c 00h06m13s | stage:decode:done int_assignments=38
c 00h06m13s | result:Sat
c 00h06m13s | objective:incumbent kind=improvement value=25 rounds=10 improvements=9
o 25
c 00h06m18s | stage:objective-cut:add timing=incremental-hard backend=cnf form=direct-expr clauses_added=263377
c 00h06m18s | stage:sat:init solver=CaDiCaL vars=1682859 clauses=3087016
c 00h06m18s | stage:sat:solve:start assumptions=0 phase_lits=58
c 00h06m18s | stage:sat:solve:done ms=952 result=Sat assumptions=0 phase_lits=58
c 00h06m18s | stage:decode:start
c 00h06m19s | stage:decode:done int_assignments=38
c 00h06m19s | result:Sat
c 00h06m19s | objective:incumbent kind=improvement value=24 rounds=11 improvements=10
o 24
c 00h06m23s | stage:objective-cut:add timing=incremental-hard backend=cnf form=direct-expr clauses_added=255544
c 00h06m23s | stage:sat:init solver=CaDiCaL vars=1824557 clauses=3342560
c 00h06m23s | stage:sat:solve:start assumptions=0 phase_lits=58
c 00h06m47s | stage:sat:solve:done ms=23693 result=Sat assumptions=0 phase_lits=58
c 00h06m47s | stage:decode:start
c 00h06m47s | stage:decode:done int_assignments=38
c 00h06m47s | result:Sat
c 00h06m47s | objective:incumbent kind=improvement value=23 rounds=12 improvements=11
o 23
c 00h06m51s | stage:objective-cut:add timing=incremental-hard backend=cnf form=direct-expr clauses_added=247707
c 00h06m51s | stage:sat:init solver=CaDiCaL vars=1962336 clauses=3590267
c 00h06m51s | stage:sat:solve:start assumptions=0 phase_lits=58
c 00h09m17s | stage:sat:solve:done ms=145880 result=Sat assumptions=0 phase_lits=58
c 00h09m17s | stage:decode:start
c 00h09m17s | stage:decode:done int_assignments=38
c 00h09m17s | result:Sat
c 00h09m17s | objective:incumbent kind=improvement value=22 rounds=13 improvements=12
o 22
c 00h09m21s | stage:objective-cut:add timing=incremental-hard backend=cnf form=direct-expr clauses_added=239866
c 00h09m21s | stage:sat:init solver=CaDiCaL vars=2096194 clauses=3830133
c 00h09m21s | stage:sat:solve:start assumptions=0 phase_lits=58
s SATISFIABLE
o 22
v <instantiation>
v   <list> x[0][0] x[0][1] x[0][2] x[0][3] x[0][4] x[1][0] x[1][1] x[1][2] x[1][3] x[1][4] x[2][0] x[2][1] x[2][2] x[2][3] x[2][4] x[3][0] x[3][1] x[3][2] x[3][3] x[3][4] x[4][0] x[4][1] x[4][2] x[4][3] x[4][4] y[0] y[1] y[2] y[3] y[4] y[5] y[6] y[7] y[8] y[9] y[10] y[11] y[12] </list>
v   <values> 1 0 1 0 0 1 0 0 0 0 1 1 0 0 0 0 1 0 1 0 0 0 0 0 0 0 1 0 2 2 4 3 3 3 4 2 4 4 </values>
v </instantiation>
d OBJECTIVE_VALUE 22
d OPTIMAL 0
d OBJECTIVE_ROUNDS 13
d OBJECTIVE_IMPROVEMENTS 12
d COP_INCUMBENT_ELAPSED_MS 557286
d SOLVE_ELAPSED_MS 1800071
d CURRENT_STAGE sat
d CURRENT_STAGE_ELAPSED_MS 1238077
d LAST_COMPLETED_STAGE decode
d STAGE_PROPAGATE_STATUS done
d STAGE_NORMALIZE_STATUS done
d STAGE_LOWER_STATUS done
d STAGE_POST_LOWER_STATUS done
d STAGE_PREENCODE_STATUS done
d STAGE_ENCODE_STATUS done
d STAGE_SAT_STATUS running
d STAGE_DECODE_STATUS done
d STAGE_RELAXATION_STATUS pending
d STAGE_DUMP_CNF_STATUS pending
d SOURCE_CONSTRAINTS 4
d NORMALIZED_CONSTRAINTS 4
d LOWERED_CONSTRAINTS 4
d UNSUPPORTED_CONSTRAINTS 0
d SAT_VARS 85
d SAT_CLAUSES_BASE 56
d SAT_CLAUSES_FINAL 3830133
d SAT_CLAUSES_CEGAR_DELTA 0
d MEMORY_RSS_BYTES 3080192
d MEMORY_RSS_AFTER_PROPAGATE_BYTES 2813952
d MEMORY_RSS_AFTER_LOWER_BYTES 2813952
d MEMORY_RSS_AFTER_POST_LOWER_BYTES 2813952
d MEMORY_RSS_BEFORE_PREENCODE_BYTES 2813952
d MEMORY_RSS_AFTER_PREENCODE_BYTES 2813952
d MEMORY_RSS_BEFORE_ENCODE_BYTES 2813952
d MEMORY_RSS_ENCODE_SAMPLE_INTERVAL_CLAUSES 1000000
d MEMORY_RSS_ENCODE_SAMPLE_COUNT 10
d MEMORY_RSS_ENCODE_LAST_SAMPLE_CLAUSE 56
d MEMORY_RSS_ENCODE_LAST_SAMPLE_BYTES 3080192
d MEMORY_RSS_ENCODE_MAX_SAMPLE_BYTES 3080192
d SAT_CONFLICTS 146824
d LINEAR_INT_EQ_ARITY_STATS {}
d LINEAR_INT_NE_ARITY_STATS {}
d LINEAR_INT_GE_ARITY_STATS {"1":{"count":4,"max_domain_product_excluding_one_var":"1","p95_domain_product_excluding_one_var":"1"}}
d LINEAR_BOOL_MIXED_ARITY_STATS {}
d ROOT_LP_ENTERED 0
d ROOT_LP_STATUS skipped
d ROOT_LP_MS 0
d ROOT_LP_REASON root_lp_disabled
d OBJECTIVE_CUT_TIMING incremental-hard
d OBJECTIVE_CUT_BACKEND cnf
d OBJECTIVE_CUT_FORM direct-expr
d OBJECTIVE_CUT_EAGER_CLAUSES_ADDED 3830077
d PROPAGATE_PRUNED_VALUES 10
d PROPAGATE_CHANGED_DOMAINS 4
d PROPAGATE_ENTAILED_TABLES 0
d POST_LOWER_ROUNDS 0
d POST_LOWER_TIGHTENED_DOMAINS 0
d POST_LOWER_REMOVED_CLAUSES 4
d POST_LOWER_REMOVED_LITS 0
d POST_LOWER_DETECTED_UNSAT 0
d PREENCODE_INT_VARS 38
d ENCODE_EXTERNAL_GE_SPECS 0
d ENCODE_RELAXED_CIRCUITS 0
d LOG_SCOP_LINEAR_PB_CONSTRAINTS 11
d LOG_SCOP_LINEAR_PB_MIXED_DISPATCH_CONSTRAINTS 0
d LOG_SCOP_LINEAR_PB_MIXED_ATTEMPT_BDD 0
d LOG_SCOP_LINEAR_PB_MIXED_ATTEMPT_SORTER 0
d LOG_SCOP_LINEAR_PB_MIXED_ATTEMPT_DADDA 0
d LOG_SCOP_LINEAR_PB_MIXED_REJECT_BDD_BUDGET 0
d LOG_SCOP_LINEAR_PB_MIXED_REJECT_SORTER_BUDGET 0
d LOG_SCOP_LINEAR_PB_MIXED_FALLBACK_BDD_TO_SORTER 0
d LOG_SCOP_LINEAR_PB_MIXED_FALLBACK_BDD_TO_DADDA 0
d LOG_SCOP_LINEAR_PB_MIXED_FALLBACK_SORTER_TO_BDD 0
d LOG_SCOP_LINEAR_PB_MIXED_FALLBACK_SORTER_TO_DADDA 0
d LOG_SCOP_LINEAR_PB_BACKEND_BDD2 11
d LOG_SCOP_LINEAR_PB_BACKEND_BDD3 0
d LOG_SCOP_LINEAR_PB_BACKEND_SORTER 0
d LOG_SCOP_LINEAR_PB_BACKEND_DADDA 0
d LOG_SCOP_LINEAR_PB_BDD_DECOMPOSITION_RAW 11
d LOG_SCOP_LINEAR_PB_BDD_DECOMPOSITION_BINARY 0
d LOG_SCOP_LINEAR_PB_BDD_DECOMPOSITION_MULTIBASE 0
d MEMORY_RSS_BYTES 3080192
d MEMORY_RSS_AFTER_PROPAGATE_BYTES 2813952
d MEMORY_RSS_AFTER_LOWER_BYTES 2813952
d MEMORY_RSS_AFTER_POST_LOWER_BYTES 2813952
d MEMORY_RSS_BEFORE_PREENCODE_BYTES 2813952
d MEMORY_RSS_AFTER_PREENCODE_BYTES 2813952
d MEMORY_RSS_BEFORE_ENCODE_BYTES 2813952
d MEMORY_RSS_ENCODE_SAMPLE_INTERVAL_CLAUSES 1000000
d MEMORY_RSS_ENCODE_SAMPLE_COUNT 10
d MEMORY_RSS_ENCODE_LAST_SAMPLE_CLAUSE 56
d MEMORY_RSS_ENCODE_LAST_SAMPLE_BYTES 3080192
d MEMORY_RSS_ENCODE_MAX_SAMPLE_BYTES 3080192
d DECODE_INT_ASSIGNMENTS 38
d CIRCUIT_CEGAR_FAILURES 0
d CIRCUIT_CEGAR_ROUNDS 0
d CIRCUIT_CEGAR_ADDED_CLAUSES 0
d CUMULATIVE_CEGAR_FAILURES 0
d CUMULATIVE_CEGAR_ROUNDS 0
d CUMULATIVE_CEGAR_ADDED_CLAUSES 0
d COP_CEGAR_FAILURES 0
d COP_CEGAR_ROUNDS 0
d COP_CEGAR_ADDED_CLAUSES 0
d CSV /bench/competition/2022-2025/COP22to25/BlockModeling-transatlantic-05_c25.xml.lzma,sat,4,4,4,0,85,3830133,1800066,,,,,,,0,skipped,,,,,,0,,,,,,,timeout_signal,incumbent_interrupted_by_signal
signal=15; emitted incumbent csv row
c run_end_local: 2026-06-02 15:54:01 +0900
