# WCTIME: wall clock time in seconds
WCTIME=36.6658
# CPUTIME: CPU time in seconds (USERTIME+SYSTEMTIME)
CPUTIME=36.4541
# USERTIME: CPU time spent in user mode in seconds
USERTIME=34.8479
# SYSTEMTIME: CPU time spent in system mode in seconds
SYSTEMTIME=1.60626
# CPUUSAGE: CPUTIME/WCTIME in percent
CPUUSAGE=99.4227
# MAXVM: maximum virtual memory used in KiB
MAXVM=1882532
# MAXMM: maximum memory used in KiB
MAXMM=1536472
# MAXRSS: maximum Resident Segment Size in KiB
MAXRSS=1543540
# TIMEOUT: did the solver exceed the time limit?
TIMEOUT=false
# MEMOUT: did the solver exceed the memory limit?
MEMOUT=false
# EXITSTATUS: Exit status of the solver
EXITSTATUS=0
