# WCTIME: wall clock time in seconds
WCTIME=300.874
# CPUTIME: CPU time in seconds (USERTIME+SYSTEMTIME)
CPUTIME=299.507
# USERTIME: CPU time spent in user mode in seconds
USERTIME=241.025
# SYSTEMTIME: CPU time spent in system mode in seconds
SYSTEMTIME=58.4821
# CPUUSAGE: CPUTIME/WCTIME in percent
CPUUSAGE=99.5459
# MAXVM: maximum virtual memory used in KiB
MAXVM=121292020
# MAXMM: maximum memory used in KiB
MAXMM=114423944
# MAXRSS: maximum Resident Segment Size in KiB
MAXRSS=114433900
# TIMEOUT: did the solver exceed the time limit?
TIMEOUT=false
# MEMOUT: did the solver exceed the memory limit?
MEMOUT=false
# EXITSTATUS: Exit status of the solver
EXITSTATUS=35072
