c cmd: /host-parser-bin/kat_xcsp_4415b637_dirty_incsoftfix /bench/competition/2022-2025/COP22to25/ClockTriplet-03-12_c22.xml.lzma --encoder portfolio --portfolio-strategy v3 --cop-pipeline guarded-basic --cop-objective-cut direct-expr --cop-objective-cut-timing incremental-soft --cop-objective-cut-backend cnf --table-encoding mdd-tl --cumulative-mode exact --cumulative-decomposition time-rd --progress --log-scop-linear-pb-backend auto --log-scop-bdd-decomposition auto --log-scop-aggregate-weighted-lits --order-ge-shorten-link-cost --direct-eq-ne-max-arity 2 --eq-ne-encoding direct --portfolio-log-scop-eq-ne-encoding ge-rewrite --cop-objective-phase auto --cop-objective-search binary --cop-objective-search-fallback-budget 180
c version: kat-cli=0.1.0 git=unknown-clean
c run_start_local: 2026-06-17 02:03:33 +0900
c 00h00m00s | solve:start
c 00h00m00s | stage:objective-cut timing=incremental-soft backend=cnf form=direct-expr
c 00h00m00s | input: constraints=15
c 00h00m00s | stage:propagate:start
c 00h00m00s | stage:propagate:done ms=0 pruned=24 changed_domains=12 entailed_tables=0
c 00h00m00s | memory:rss checkpoint=after_propagate bytes=2691072 rss=2.57MiB
c 00h00m00s | stage:normalize:start
c 00h00m00s | stage:normalize:done ms=0 high_constraints=15
c 00h00m00s | stage:lower:start
c 00h00m00s | stage:lower:progress percent=10 processed=2 total=15 lowered=2 unsupported=0 ms=0
c 00h00m00s | stage:lower:progress percent=20 processed=3 total=15 lowered=3 unsupported=0 ms=0
c 00h00m00s | stage:lower:progress percent=30 processed=5 total=15 lowered=5 unsupported=0 ms=0
c 00h00m00s | stage:lower:progress percent=40 processed=6 total=15 lowered=6 unsupported=0 ms=0
c 00h00m00s | stage:lower:progress percent=50 processed=8 total=15 lowered=8 unsupported=0 ms=0
c 00h00m00s | stage:lower:progress percent=60 processed=9 total=15 lowered=9 unsupported=0 ms=0
c 00h00m00s | stage:lower:progress percent=70 processed=11 total=15 lowered=11 unsupported=0 ms=0
c 00h00m00s | stage:lower:progress percent=80 processed=12 total=15 lowered=12 unsupported=0 ms=0
c 00h00m00s | stage:lower:progress percent=90 processed=14 total=15 lowered=14 unsupported=0 ms=0
c 00h00m00s | stage:lower:progress percent=100 processed=15 total=15 lowered=15 unsupported=0 ms=0
c 00h00m00s | stage:lower:done ms=0 lowered=15 unsupported=0
c 00h00m00s | memory:rss checkpoint=after_lower bytes=2691072 rss=2.57MiB
c 00h00m00s | stage:post_lower:start
c 00h00m00s | stage:post_lower:done ms=0 rounds=2 tightened=1 removed_cls=1 removed_lits=0 unsat=false precise_hits=0 precise_rounds=1 pivot_recomputes=72 pivot_exact_attempts=0 pivot_general_attempts=72 pivot_general_rest_missing=0 pivot_general_bound_missing=0 pivot_general_no_change=72 pivot_general_tightened=0 setup_ms=0 loop_ms=0 pivot_ms=0 pivot_version_ms=0 pivot_exact_ms=0 pivot_general_ms=0 pivot_general_prepare_ms=0 pivot_general_rest_ms=0 pivot_general_derive_ms=0 apply_ms=0 sat_ms=0 precise_ms=0
c 00h00m00s | memory:rss checkpoint=after_post_lower bytes=2691072 rss=2.57MiB
c 00h00m00s | stage:lowered-shape int_vars=13 bool_vars=0 linear_atoms=14 table_atoms=0 table_tuples=0 table_scope=0 alldiff_atoms=1 circuit_atoms=0 product_atoms=0 logical_clauses=14
c 00h00m00s | stage:root-lp:skip reason=disabled ms=0
c 00h00m00s | memory:rss checkpoint=before_preencode bytes=2691072 rss=2.57MiB
c 00h00m00s | stage:preencode(log-scop):start
c 00h00m00s | stage:preencode(log-scop):done ms=0 int_vars=13
c 00h00m00s | memory:rss checkpoint=after_preencode bytes=2691072 rss=2.57MiB
c 00h00m00s | memory:rss checkpoint=before_encode bytes=2691072 rss=2.57MiB
c 00h00m00s | stage:encode(log-scop):start
c 00h00m00s | memory:rss checkpoint=encode_clause_sample stage=log-scop clauses=1075 bytes=5328896 rss=5.08MiB progress_percent=10 processed=2 total=15
c 00h00m00s | stage:encode(log-scop):progress percent=10 processed=2 total=15 sat_clauses=1075 ms=0
c 00h00m00s | memory:rss checkpoint=encode_clause_sample stage=log-scop clauses=1183 bytes=5328896 rss=5.08MiB progress_percent=20 processed=3 total=15
c 00h00m00s | stage:encode(log-scop):progress percent=20 processed=3 total=15 sat_clauses=1183 ms=0
c 00h00m00s | memory:rss checkpoint=encode_clause_sample stage=log-scop clauses=1399 bytes=5328896 rss=5.08MiB progress_percent=30 processed=5 total=15
c 00h00m00s | stage:encode(log-scop):progress percent=30 processed=5 total=15 sat_clauses=1399 ms=0
c 00h00m00s | memory:rss checkpoint=encode_clause_sample stage=log-scop clauses=1507 bytes=5328896 rss=5.08MiB progress_percent=40 processed=6 total=15
c 00h00m00s | stage:encode(log-scop):progress percent=40 processed=6 total=15 sat_clauses=1507 ms=0
c 00h00m00s | memory:rss checkpoint=encode_clause_sample stage=log-scop clauses=1723 bytes=5328896 rss=5.08MiB progress_percent=50 processed=8 total=15
c 00h00m00s | stage:encode(log-scop):progress percent=50 processed=8 total=15 sat_clauses=1723 ms=0
c 00h00m00s | memory:rss checkpoint=encode_clause_sample stage=log-scop clauses=1831 bytes=5328896 rss=5.08MiB progress_percent=60 processed=9 total=15
c 00h00m00s | stage:encode(log-scop):progress percent=60 processed=9 total=15 sat_clauses=1831 ms=0
c 00h00m00s | memory:rss checkpoint=encode_clause_sample stage=log-scop clauses=2040 bytes=5328896 rss=5.08MiB progress_percent=70 processed=11 total=15
c 00h00m00s | stage:encode(log-scop):progress percent=70 processed=11 total=15 sat_clauses=2040 ms=0
c 00h00m00s | memory:rss checkpoint=encode_clause_sample stage=log-scop clauses=2113 bytes=5328896 rss=5.08MiB progress_percent=80 processed=12 total=15
c 00h00m00s | stage:encode(log-scop):progress percent=80 processed=12 total=15 sat_clauses=2113 ms=0
c 00h00m00s | memory:rss checkpoint=encode_clause_sample stage=log-scop clauses=2204 bytes=5328896 rss=5.08MiB progress_percent=90 processed=14 total=15
c 00h00m00s | stage:encode(log-scop):progress percent=90 processed=14 total=15 sat_clauses=2204 ms=0
c 00h00m00s | memory:rss checkpoint=encode_clause_sample stage=log-scop clauses=2204 bytes=5328896 rss=5.08MiB progress_percent=100 processed=15 total=15
c 00h00m00s | stage:encode(log-scop):progress percent=100 processed=15 total=15 sat_clauses=2204 ms=0
c 00h00m00s | stage:encode(log-scop):done ms=1 sat_vars=986 sat_clauses=2204 ext_ge_specs=0 relaxed_circuits=0 log_scop_pb_constraints=14 log_scop_pb_mixed=0 log_scop_pb_bdd2=14 log_scop_pb_bdd3=0 log_scop_pb_sorter=0 log_scop_pb_dadda=0 log_scop_bdd_raw=14 log_scop_bdd_binary=0 log_scop_bdd_multibase=0
c 00h00m00s | stage:post-encode(log-scop):start sat_vars=986 sat_clauses=2204 has_relaxations=false external_tables=0
c 00h00m00s | stage:post-encode(log-scop):after-finish-check ms=0
c 00h00m00s | stage:post-encode(log-scop):decode-layout-ready int_symbols=13 ms=0
c 00h00m00s | stage:post-encode(log-scop):cumulative-external-ready has_prop=false ms=0
c 00h00m00s | stage:post-encode(log-scop):log-scop-external-ready has_prop=false ms=0
c 00h00m00s | stage:post-encode(log-scop):external-prop-connected has_prop=false ms=0
c 00h00m00s | stage:post-encode(log-scop):done sat_vars=986 sat_clauses=2204 ms=0
c 00h00m00s | stage:post-encode(log-scop):reusable-ready mode=SoftCnf sat_vars=986
c 00h00m00s | stage:objective-external-ge-template(log-scop):start cut=DirectExpr wants_ext_ge=false
c 00h00m00s | stage:objective-external-ge-template(log-scop):done has_template=true ms=0
c 00h00m00s | stage:objective-mode(log-scop):resolved mode=SoftCnf wants_ext_ge=false has_ext_ge_template=true
c 00h00m00s | stage:objective-cut timing=incremental-soft backend=cnf form=direct-expr
c 00h00m00s | stage:objective-encoder(log-scop):ready mode=SoftCnf soft=true sat_vars=986
c 00h00m00s | stage:objective-loop:enter encoder=log-scop mode=SoftCnf lower=0 upper=33 has_incumbent=false soft_active=true
c 00h00m00s | stage:sat:round-entry encoder=log-scop assumptions=0 phase_lits=0 sat_vars=986 base_clauses=2204
c 00h00m00s | stage:sat:init solver=CaDiCaL vars=986 clauses=2204
c 00h00m00s | stage:sat:solve:start assumptions=0 phase_lits=0
c 00h00m00s | stage:sat:solve:done ms=3 result=Sat assumptions=0 phase_lits=0
c 00h00m00s | stage:decode:start
c 00h00m00s | stage:decode:done int_assignments=13
c 00h00m00s | result:Sat
c 00h00m00s | stage:objective-cut-surface(log-scop):start timing=after-incumbent
c 00h00m00s | stage:objective-cut-surface(log-scop):done has_surface=true ms=0
c 00h00m00s | objective:incumbent kind=initial value=30 rounds=1 improvements=0
o 30
c 00h00m00s | stage:objective-loop:enter encoder=log-scop mode=SoftCnf lower=0 upper=33 has_incumbent=true soft_active=true
c 00h00m00s | stage:objective-cut:soft-install bound=14 guard=989 clauses_added=4
c 00h00m00s | stage:objective-cut:soft-probe search=binary [LB,UB] = [0,29] next 14 source=install guard=989
c 00h00m00s | stage:sat:round-entry encoder=log-scop assumptions=1 phase_lits=0 sat_vars=989 base_clauses=2208
c 00h00m00s | stage:sat:init solver=CaDiCaL vars=989 clauses=2208
c 00h00m00s | stage:sat:solve:start assumptions=1 phase_lits=0
c 00h00m00s | stage:sat:solve:done ms=0 result=Unsat assumptions=1 phase_lits=0
c 00h00m00s | result:Unsat
c 00h00m00s | stage:objective-cut:soft-result search=binary bound=14 result=unsat guard=989 hard=-guard [LB,UB] = [15,29]
c 00h00m00s | stage:objective-loop:enter encoder=log-scop mode=SoftCnf lower=15 upper=33 has_incumbent=true soft_active=true
c 00h00m00s | stage:objective-cut:soft-install bound=22 guard=991 clauses_added=2
c 00h00m00s | stage:objective-cut:soft-probe search=binary [LB,UB] = [15,29] next 22 source=install guard=991
c 00h00m00s | stage:sat:round-entry encoder=log-scop assumptions=1 phase_lits=0 sat_vars=991 base_clauses=2211
c 00h00m00s | stage:sat:init solver=CaDiCaL vars=991 clauses=2211
c 00h00m00s | stage:sat:solve:start assumptions=1 phase_lits=0
c 00h00m00s | stage:sat:solve:done ms=1 result=Sat assumptions=1 phase_lits=0
c 00h00m00s | stage:decode:start
c 00h00m00s | stage:decode:done int_assignments=13
c 00h00m00s | result:Sat
c 00h00m00s | objective:incumbent kind=improvement value=22 rounds=3 improvements=1
o 22
c 00h00m00s | stage:objective-cut:soft-result search=binary bound=22 result=sat guard=991 hard=guard [LB,UB] = [15,21]
c 00h00m00s | stage:objective-loop:enter encoder=log-scop mode=SoftCnf lower=15 upper=33 has_incumbent=true soft_active=true
c 00h00m00s | stage:objective-cut:soft-install bound=18 guard=995 clauses_added=5
c 00h00m00s | stage:objective-cut:soft-probe search=binary [LB,UB] = [15,21] next 18 source=install guard=995
c 00h00m00s | stage:sat:round-entry encoder=log-scop assumptions=1 phase_lits=0 sat_vars=995 base_clauses=2217
c 00h00m00s | stage:sat:init solver=CaDiCaL vars=995 clauses=2217
c 00h00m00s | stage:sat:solve:start assumptions=1 phase_lits=0
c 00h00m00s | stage:sat:solve:done ms=14 result=Unsat assumptions=1 phase_lits=0
c 00h00m00s | result:Unsat
c 00h00m00s | stage:objective-cut:soft-result search=binary bound=18 result=unsat guard=995 hard=-guard [LB,UB] = [19,21]
c 00h00m00s | stage:objective-loop:enter encoder=log-scop mode=SoftCnf lower=19 upper=33 has_incumbent=true soft_active=true
c 00h00m00s | stage:objective-cut:soft-install bound=20 guard=1000 clauses_added=6
c 00h00m00s | stage:objective-cut:soft-probe search=binary [LB,UB] = [19,21] next 20 source=install guard=1000
c 00h00m00s | stage:sat:round-entry encoder=log-scop assumptions=1 phase_lits=0 sat_vars=1000 base_clauses=2224
c 00h00m00s | stage:sat:init solver=CaDiCaL vars=1000 clauses=2224
c 00h00m00s | stage:sat:solve:start assumptions=1 phase_lits=0
c 00h00m00s | stage:sat:solve:done ms=32 result=Unsat assumptions=1 phase_lits=0
c 00h00m00s | result:Unsat
c 00h00m00s | stage:objective-cut:soft-result search=binary bound=20 result=unsat guard=1000 hard=-guard [LB,UB] = [21,21]
c 00h00m00s | stage:objective-loop:enter encoder=log-scop mode=SoftCnf lower=21 upper=33 has_incumbent=true soft_active=true
c 00h00m00s | stage:objective-cut:soft-install bound=21 guard=1006 clauses_added=7
c 00h00m00s | stage:objective-cut:soft-probe search=binary [LB,UB] = [21,21] next 21 source=install guard=1006
c 00h00m00s | stage:sat:round-entry encoder=log-scop assumptions=1 phase_lits=0 sat_vars=1006 base_clauses=2232
c 00h00m00s | stage:sat:init solver=CaDiCaL vars=1006 clauses=2232
c 00h00m00s | stage:sat:solve:start assumptions=1 phase_lits=0
c 00h00m00s | stage:sat:solve:done ms=0 result=Sat assumptions=1 phase_lits=0
c 00h00m00s | stage:decode:start
c 00h00m00s | stage:decode:done int_assignments=13
c 00h00m00s | result:Sat
c 00h00m00s | objective:incumbent kind=improvement value=21 rounds=6 improvements=2
o 21
c 00h00m00s | stage:objective-cut:soft-result search=binary bound=21 result=sat guard=1006 hard=guard [LB,UB] = [20,21]
s OPTIMUM FOUND
o 21
v <instantiation>
v   <list> x[0] x[1] x[2] x[3] x[4] x[5] x[6] x[7] x[8] x[9] x[10] x[11] z </list>
v   <values> 1 9 8 2 11 6 3 12 5 4 7 10 21 </values>
v </instantiation>
d OBJECTIVE_VALUE 21
d OPTIMAL 1
d SOURCE_CONSTRAINTS 15
d NORMALIZED_CONSTRAINTS 15
d LOWERED_CONSTRAINTS 15
d UNSUPPORTED_CONSTRAINTS 0
d CSP_INT_VARS 13
d CSP_CONSTRAINTS 15
d CSP_INTENTIONAL 2
d CSP_GLOBAL 13
d CSP_EXTENSIONAL 0
d CSP_ALLDIFF 1
d CSP_CUMULATIVE 0
d CSP_TABLE 0
d CSP_DOMAIN_SPAN_MEDIAN 11
d CSP_DOMAIN_SPAN_MAX 33
d N_CUMULATIVE 0
d N_TABLE 0
d CIRCUIT_CEGAR_FAILURES 0
d CIRCUIT_CEGAR_ROUNDS 0
d CIRCUIT_CEGAR_ADDED_CLAUSES 0
d CUMULATIVE_CEGAR_FAILURES 0
d CUMULATIVE_CEGAR_ROUNDS 0
d CUMULATIVE_CEGAR_ADDED_CLAUSES 0
d COP_CEGAR_FAILURES 0
d COP_CEGAR_ROUNDS 0
d COP_CEGAR_ADDED_CLAUSES 0
d OBJECTIVE_CUT_TIMING incremental-soft
d OBJECTIVE_CUT_BACKEND cnf
d OBJECTIVE_CUT_FORM direct-expr
d OBJECTIVE_CUT_EAGER_CLAUSES_ADDED 0
d OBJECTIVE_RELAXATION_CLAUSES_ADDED 0
d OBJECTIVE_ROUNDS 6
d OBJECTIVE_IMPROVEMENTS 2
d OBJECTIVE_OPTIMALITY_PROOF domain_bound_reached
d OBJECTIVE_OPTIMALITY_BOUND_SIDE lower
d OBJECTIVE_OPTIMALITY_BOUND_VALUE 21
d PROPAGATE_MS 0
d NORMALIZE_MS 0
d LOWER_MS 0
d POST_LOWER_MS 0
d PREENCODE_MS 0
d ENCODE_MS 1
d SAT_SOLVE_MS 50
d TOTAL_MS 54
d SAT_VARS 1006
d SAT_CLAUSES_BASE 2232
d SAT_CLAUSES_FINAL 2232
d SAT_CLAUSES_CEGAR_DELTA 0
d CSP_INT_VARS 13
d CSP_CONSTRAINTS 15
d CSP_INTENTIONAL 2
d CSP_GLOBAL 13
d CSP_EXTENSIONAL 0
d CSP_ALLDIFF 1
d CSP_CUMULATIVE 0
d CSP_TABLE 0
d CSP_DOMAIN_SPAN_MEDIAN 11
d CSP_DOMAIN_SPAN_MAX 33
d N_CUMULATIVE 0
d N_TABLE 0
d SAT_CONFLICTS 2028
d LINEAR_INT_EQ_ARITY_STATS {"1":{"count":1,"max_domain_product_excluding_one_var":"1","p95_domain_product_excluding_one_var":"1"}}
d LINEAR_INT_NE_ARITY_STATS {}
d LINEAR_INT_GE_ARITY_STATS {"2":{"count":1,"max_domain_product_excluding_one_var":"10","p95_domain_product_excluding_one_var":"10"},"4":{"count":12,"max_domain_product_excluding_one_var":"1331","p95_domain_product_excluding_one_var":"1331"}}
d LINEAR_BOOL_MIXED_ARITY_STATS {}
d ROOT_LP_ENTERED 0
d ROOT_LP_STATUS skipped
d ROOT_LP_MS 0
d ROOT_LP_REASON root_lp_disabled
d OBJECTIVE_CUT_TIMING incremental-soft
d OBJECTIVE_CUT_BACKEND cnf
d OBJECTIVE_CUT_FORM direct-expr
d PROPAGATE_PRUNED_VALUES 24
d PROPAGATE_CHANGED_DOMAINS 12
d PROPAGATE_ENTAILED_TABLES 0
d POST_LOWER_ROUNDS 2
d POST_LOWER_TIGHTENED_DOMAINS 1
d POST_LOWER_REMOVED_CLAUSES 1
d POST_LOWER_REMOVED_LITS 0
d POST_LOWER_DETECTED_UNSAT 0
d PREENCODE_INT_VARS 13
d ENCODE_EXTERNAL_GE_SPECS 0
d ENCODE_RELAXED_CIRCUITS 0
d LOG_SCOP_LINEAR_PB_CONSTRAINTS 14
d LOG_SCOP_LINEAR_PB_MIXED_DISPATCH_CONSTRAINTS 0
d LOG_SCOP_LINEAR_PB_MIXED_ATTEMPT_BDD 0
d LOG_SCOP_LINEAR_PB_MIXED_ATTEMPT_SORTER 0
d LOG_SCOP_LINEAR_PB_MIXED_ATTEMPT_DADDA 0
d LOG_SCOP_LINEAR_PB_MIXED_REJECT_BDD_BUDGET 0
d LOG_SCOP_LINEAR_PB_MIXED_REJECT_SORTER_BUDGET 0
d LOG_SCOP_LINEAR_PB_MIXED_FALLBACK_BDD_TO_SORTER 0
d LOG_SCOP_LINEAR_PB_MIXED_FALLBACK_BDD_TO_DADDA 0
d LOG_SCOP_LINEAR_PB_MIXED_FALLBACK_SORTER_TO_BDD 0
d LOG_SCOP_LINEAR_PB_MIXED_FALLBACK_SORTER_TO_DADDA 0
d LOG_SCOP_LINEAR_PB_BACKEND_BDD2 14
d LOG_SCOP_LINEAR_PB_BACKEND_BDD3 0
d LOG_SCOP_LINEAR_PB_BACKEND_SORTER 0
d LOG_SCOP_LINEAR_PB_BACKEND_DADDA 0
d LOG_SCOP_LINEAR_PB_BDD_DECOMPOSITION_RAW 14
d LOG_SCOP_LINEAR_PB_BDD_DECOMPOSITION_BINARY 0
d LOG_SCOP_LINEAR_PB_BDD_DECOMPOSITION_MULTIBASE 0
d MEMORY_RSS_BYTES 5328896
d MEMORY_RSS_AFTER_PROPAGATE_BYTES 2691072
d MEMORY_RSS_AFTER_LOWER_BYTES 2691072
d MEMORY_RSS_AFTER_POST_LOWER_BYTES 2691072
d MEMORY_RSS_BEFORE_PREENCODE_BYTES 2691072
d MEMORY_RSS_AFTER_PREENCODE_BYTES 2691072
d MEMORY_RSS_BEFORE_ENCODE_BYTES 2691072
d MEMORY_RSS_ENCODE_SAMPLE_INTERVAL_CLAUSES 1000000
d MEMORY_RSS_ENCODE_SAMPLE_COUNT 10
d MEMORY_RSS_ENCODE_LAST_SAMPLE_CLAUSE 2204
d MEMORY_RSS_ENCODE_LAST_SAMPLE_BYTES 5328896
d MEMORY_RSS_ENCODE_MAX_SAMPLE_BYTES 5328896
d DECODE_INT_ASSIGNMENTS 13
d CSV /bench/competition/2022-2025/COP22to25/ClockTriplet-03-12_c22.xml.lzma,optimum,15,15,15,0,1006,2232,54,0,0,0,0,1,50,0,skipped,,,,,,0,,,,,,,,
c run_end_local: 2026-06-17 02:03:33 +0900
