c cmd: /host-parser-bin/kat_xcsp_261d4b72_direct_order_extprop8196_s40_extobj_norootlp_nomaxarity_20260516 /bench/competition/2022-2025/COP22to25/HSP-aux-14409_c23.xml.lzma --encoder order-ge --cop-pipeline guarded-basic --order-ge-table mdd-tl --order-ge-eq-ne direct-order --order-ge-extprop --order-ge-extprop-min-domain-product 8196 --order-ge-extprop-shorten-strategy balanced-chunks --order-ge-extprop-shorten-max-arity 40 --cop-objective-ext-ge --cop-objective-ext-ge-eager --no-root-lp-bound --progress
c 00h00m00s | solve:start
c 00h00m00s | input: constraints=182
c 00h00m00s | stage:propagate:start
c 00h00m00s | stage:propagate:done ms=0 pruned=2352 changed_domains=28 entailed_tables=0
c 00h00m00s | stage:normalize:start
c 00h00m00s | stage:normalize:done ms=0 high_constraints=182
c 00h00m00s | stage:lower:start
c 00h00m00s | stage:lower:done ms=1 lowered=182 unsupported=0
c 00h00m00s | stage:post_lower:start
c 00h00m00s | stage:post_lower:done ms=0 rounds=27 tightened=20 removed_cls=65 removed_lits=39 unsat=false precise_hits=13 precise_rounds=1 pivot_recomputes=79 pivot_exact_attempts=71 pivot_general_attempts=71 pivot_general_rest_missing=0 pivot_general_bound_missing=0 pivot_general_no_change=63 pivot_general_tightened=8 setup_ms=0 loop_ms=0 pivot_ms=0 pivot_version_ms=0 pivot_exact_ms=0 pivot_general_ms=0 pivot_general_prepare_ms=0 pivot_general_rest_ms=0 pivot_general_derive_ms=0 apply_ms=0 sat_ms=0 precise_ms=0
c 00h00m00s | stage:lowered-shape int_vars=40 bool_vars=459 linear_atoms=431 table_atoms=0 table_tuples=0 table_scope=0 alldiff_atoms=1 circuit_atoms=0 product_atoms=0 logical_clauses=682
c 00h00m00s | stage:root-lp:skip reason=disabled_by_option ms=0
c 00h00m00s | stage:preencode(order-ge):start
c 00h00m00s | stage:preencode(order-ge):done ms=0 int_vars=40
c 00h00m00s | stage:encode(order-ge):start
c 00h00m01s | stage:encode(order-ge):done ms=1566 sat_vars=18338 sat_clauses=4676533 ext_ge_specs=0 relaxed_circuits=0
c 00h00m01s | stage:sat:init solver=CaDiCaL vars=18338 clauses=4676533
c 00h00m01s | stage:sat:solve:start round=1 circuit_cegar_rounds=- cumulative_cegar_rounds=- cop_cegar_rounds=1 assumptions=0 phase_lits=0
c 00h00m02s | stage:sat:solve:done round=1 ms=1349 result=Sat assumptions=0 phase_lits=0
c 00h00m02s | stage:decode:start round=1 requested_int_ids=40
c 00h00m02s | stage:decode:final:start round=1 requested_int_ids=40
c 00h00m02s | stage:decode:done round=1 int_assignments=40
c 00h00m02s | stage:relaxation:done clauses_added=0 circuit_cegar_failures=0 circuit_cegar_rounds=0 circuit_cegar_added_clauses=0 cumulative_cegar_failures=0 cumulative_cegar_rounds=0 cumulative_cegar_added_clauses=0 cop_cegar_failures=0 cop_cegar_rounds=1 cop_cegar_added_clauses=0
c 00h00m02s | result:Sat
c 00h00m02s | objective:incumbent kind=initial value=610 rounds=1 improvements=0
o 610
c 00h00m02s | stage:sat:init solver=CaDiCaL vars=18338 clauses=4676533
c 00h00m02s | stage:sat:solve:start round=1 circuit_cegar_rounds=- cumulative_cegar_rounds=- cop_cegar_rounds=2 assumptions=0 phase_lits=8708
c 00h00m04s | stage:sat:solve:done round=1 ms=1240 result=Unsat assumptions=0 phase_lits=8708
c 00h00m04s | result:Unsat
s OPTIMUM FOUND
o 610
v <instantiation>
v   <list> t[0] t[1] t[2] t[3] t[4] t[5] t[6] t[7] t[8] t[9] o[0] o[1] o[2] o[3] o[4] o[5] o[6] o[7] o[8] o[9] d[0] d[1] d[2] d[3] d[4] d[5] d[6] d[7] d[8] d[9] z g[0] g[1] g[2] g[3] g[4] g[5] g[6] g[7] g[8] </list>
v   <values> 0 55 134 183 217 259 304 385 458 507 0 1 2 3 4 5 6 7 8 9 0 55 79 49 34 42 45 81 73 49 610 55 79 49 34 42 45 81 73 49 </values>
v </instantiation>
d OBJECTIVE_VALUE 610
d OPTIMAL 1
d SOURCE_CONSTRAINTS 182
d NORMALIZED_CONSTRAINTS 182
d LOWERED_CONSTRAINTS 182
d UNSUPPORTED_CONSTRAINTS 0
d CIRCUIT_CEGAR_FAILURES 0
d CIRCUIT_CEGAR_ROUNDS 0
d CIRCUIT_CEGAR_ADDED_CLAUSES 0
d CUMULATIVE_CEGAR_FAILURES 0
d CUMULATIVE_CEGAR_ROUNDS 0
d CUMULATIVE_CEGAR_ADDED_CLAUSES 0
d COP_CEGAR_FAILURES 0
d COP_CEGAR_ROUNDS 2
d COP_CEGAR_ADDED_CLAUSES 0
d OBJECTIVE_ROUNDS 2
d OBJECTIVE_IMPROVEMENTS 0
d OBJECTIVE_OPTIMALITY_PROOF strict_cut_unsat
d PROPAGATE_MS 0
d NORMALIZE_MS 0
d LOWER_MS 1
d POST_LOWER_MS 0
d PREENCODE_MS 0
d ENCODE_MS 1566
d SAT_SOLVE_MS 2589
d TOTAL_MS 4162
d SAT_VARS 18338
d SAT_CLAUSES_BASE 4676533
d SAT_CLAUSES_FINAL 4676533
d SAT_CLAUSES_CEGAR_DELTA 0
d SAT_CONFLICTS 363
d EXTPROP_CONSTRAINTS 1
d EXTPROP_OBSERVED_VARS 390
d EXTPROP_OBSERVED_LITS 1
d EXTPROP_OBSERVED_LIT_OCCURRENCES 1
d EXTPROP_CALLBACK_CALLS 28507
d EXTPROP_CALLBACK_NS 9157987
d EXTPROP_NOTIFY_ASSIGNMENT_CALLS 248
d EXTPROP_NOTIFY_ASSIGNMENT_NS 1727047
d EXTPROP_NOTIFY_ASSIGNMENT_LITS 12455
d EXTPROP_NOTIFY_NEW_DECISION_LEVEL_CALLS 9267
d EXTPROP_NOTIFY_NEW_DECISION_LEVEL_NS 2526036
d EXTPROP_NOTIFY_BACKTRACK_CALLS 410
d EXTPROP_NOTIFY_BACKTRACK_NS 785430
d EXTPROP_CB_CHECK_FOUND_MODEL_CALLS 1
d EXTPROP_CB_CHECK_FOUND_MODEL_NS 26666
d EXTPROP_CB_CHECK_FOUND_MODEL_REJECTS 0
d EXTPROP_CB_DECIDE_CALLS 0
d EXTPROP_CB_DECIDE_NS 0
d EXTPROP_CB_PROPAGATE_CALLS 9289
d EXTPROP_CB_PROPAGATE_NS 2712207
d EXTPROP_PROPAGATED_LITS 0
d EXTPROP_CB_ADD_REASON_CLAUSE_LIT_CALLS 0
d EXTPROP_CB_ADD_REASON_CLAUSE_LIT_NS 0
d EXTPROP_REASON_CLAUSES 0
d EXTPROP_REASON_CLAUSE_LITS 0
d EXTPROP_REASON_CLAUSE_MAX_LEN 0
d EXTPROP_CB_HAS_EXTERNAL_CLAUSE_CALLS 9290
d EXTPROP_CB_HAS_EXTERNAL_CLAUSE_NS 1380055
d EXTPROP_CB_ADD_EXTERNAL_CLAUSE_LIT_CALLS 2
d EXTPROP_CB_ADD_EXTERNAL_CLAUSE_LIT_NS 546
d EXTPROP_EXTERNAL_CLAUSES 1
d EXTPROP_EXTERNAL_CLAUSE_LITS 1
d EXTPROP_EXTERNAL_CLAUSE_MAX_LEN 1
d EXTPROP_STRONG_REASON_ATTEMPTS 0
d EXTPROP_STRONG_REASON_NS 0
d EXTPROP_STRONG_REASON_LIFTS 0
d EXTPROP_STRONG_REASON_DROPPED_TERMS 0
d LINEAR_INT_EQ_ARITY_STATS {"2":{"count":108,"max_domain_product_excluding_one_var":"391","p95_domain_product_excluding_one_var":"391"},"3":{"count":18,"max_domain_product_excluding_one_var":"258552","p95_domain_product_excluding_one_var":"258552"}}
d LINEAR_INT_NE_ARITY_STATS {}
d LINEAR_INT_GE_ARITY_STATS {"1":{"count":34,"max_domain_product_excluding_one_var":"1","p95_domain_product_excluding_one_var":"1"},"2":{"count":271,"max_domain_product_excluding_one_var":"504","p95_domain_product_excluding_one_var":"501"}}
d LINEAR_BOOL_MIXED_ARITY_STATS {}
d ROOT_LP_ENTERED 0
d ROOT_LP_STATUS skipped
d ROOT_LP_MS 0
d ROOT_LP_REASON --no-root-lp-bound
d PROPAGATE_PRUNED_VALUES 2352
d PROPAGATE_CHANGED_DOMAINS 28
d PROPAGATE_ENTAILED_TABLES 0
d POST_LOWER_ROUNDS 27
d POST_LOWER_TIGHTENED_DOMAINS 20
d POST_LOWER_REMOVED_CLAUSES 65
d POST_LOWER_REMOVED_LITS 39
d POST_LOWER_DETECTED_UNSAT 0
d PREENCODE_INT_VARS 40
d ENCODE_EXTERNAL_GE_SPECS 0
d ENCODE_RELAXED_CIRCUITS 0
d DECODE_INT_ASSIGNMENTS 40
d CSV /bench/competition/2022-2025/COP22to25/HSP-aux-14409_c23.xml.lzma,optimum,182,182,182,0,18338,4676533,4162,0,0,1,0,1566,2589,0,skipped,,,,,,0,,,,,,,,
