# WCTIME: wall clock time in seconds
WCTIME=82.2385
# CPUTIME: CPU time in seconds (USERTIME+SYSTEMTIME)
CPUTIME=81.9337
# USERTIME: CPU time spent in user mode in seconds
USERTIME=74.6301
# SYSTEMTIME: CPU time spent in system mode in seconds
SYSTEMTIME=7.30361
# CPUUSAGE: CPUTIME/WCTIME in percent
CPUUSAGE=99.6293
# MAXVM: maximum virtual memory used in KiB
MAXVM=10843604
# MAXMM: maximum memory used in KiB
MAXMM=10018884
# MAXRSS: maximum Resident Segment Size in KiB
MAXRSS=10015760
# TIMEOUT: did the solver exceed the time limit?
TIMEOUT=false
# MEMOUT: did the solver exceed the memory limit?
MEMOUT=false
# EXITSTATUS: Exit status of the solver
EXITSTATUS=0
