# WCTIME: wall clock time in seconds
WCTIME=1800.03
# CPUTIME: CPU time in seconds (USERTIME+SYSTEMTIME)
CPUTIME=1789.91
# USERTIME: CPU time spent in user mode in seconds
USERTIME=1784.58
# SYSTEMTIME: CPU time spent in system mode in seconds
SYSTEMTIME=5.33262
# CPUUSAGE: CPUTIME/WCTIME in percent
CPUUSAGE=99.4377
# MAXVM: maximum virtual memory used in KiB
MAXVM=1324116
# MAXMM: maximum memory used in KiB
MAXMM=980744
# MAXRSS: maximum Resident Segment Size in KiB
MAXRSS=980768
# TIMEOUT: did the solver exceed the time limit?
TIMEOUT=true
# MEMOUT: did the solver exceed the memory limit?
MEMOUT=false
# EXITSTATUS: Exit status of the solver
EXITSTATUS=36608
