MiniZinc to FlatZinc converter, version 2.9.3, build 1832600886
Copyright (C) 2014-2025 Monash University, NICTA, Data61
Parsing file(s) /bench/2019/rotating-workforce/rotating-workforce.mzn', '/bench/2019/rotating-workforce/Example1370.dzn' ...
processing file '/usr/local/share/minizinc/std/stdlib.mzn'
processing file '/usr/local/share/minizinc/std/stdlib/stdlib_internal.mzn'
processing file '/usr/local/share/minizinc/std/output.mzn'
processing file '/usr/local/share/minizinc/std/output/array2d_bool.mzn'
processing file '/usr/local/share/minizinc/std/output/gantt.mzn'
processing file '/usr/local/share/minizinc/std/stdlib/stdlib_random.mzn'
processing file '/usr/local/share/minizinc/std/stdlib/stdlib_debug.mzn'
processing file '/usr/local/share/minizinc/std/stdlib/stdlib_reflect.mzn'
processing file '/usr/local/share/minizinc/std/stdlib/stdlib_ite.mzn'
processing file '/usr/local/share/minizinc/std/stdlib/stdlib_language.mzn'
processing file '/usr/local/share/minizinc/std/stdlib/stdlib_sort.mzn'
processing file '/usr/local/share/minizinc/std/stdlib/stdlib_opt.mzn'
processing file '/usr/local/share/minizinc/std/stdlib/stdlib_ann.mzn'
processing file '/usr/local/share/minizinc/std/stdlib/stdlib_enum.mzn'
processing file '/usr/local/share/minizinc/std/stdlib/stdlib_string.mzn'
processing file '/usr/local/share/minizinc/std/stdlib/stdlib_set.mzn'
processing file '/usr/local/share/minizinc/std/stdlib/stdlib_logic.mzn'
processing file '/usr/local/share/minizinc/std/stdlib/stdlib_array.mzn'
processing file '/usr/local/share/minizinc/std/stdlib/stdlib_coercion.mzn'
processing file '/usr/local/share/minizinc/std/stdlib/stdlib_math.mzn'
processing file '/usr/local/share/minizinc/std/stdlib/stdlib_compare.mzn'
processing file '/usr/local/share/minizinc/std/flatzinc_builtins.mzn'
processing file '/usr/local/share/minizinc/std/solver_redefinitions.mzn'
processing file '/usr/local/share/minizinc/std/table.mzn'
processing file '/usr/local/share/minizinc/std/fzn_table_int_opt.mzn'
processing file '/usr/local/share/minizinc/std/fzn_table_int_reif.mzn'
processing file '/entry_data/mzn-lib/fzn_table_int.mzn'
processing file '/usr/local/share/minizinc/std/fzn_table_bool_reif.mzn'
processing file '/entry_data/mzn-lib/fzn_table_bool.mzn'
processing file '/usr/local/share/minizinc/std/fzn_array_set_intersect.mzn'
processing file '/usr/local/share/minizinc/std/fzn_array_set_union.mzn'
processing file '/usr/local/share/minizinc/std/fzn_array_opt_int_union.mzn'
processing file '/usr/local/share/minizinc/std/fzn_array_int_union.mzn'
processing file '/usr/local/share/minizinc/std/lex_lesseq.mzn'
processing file '/usr/local/share/minizinc/std/fzn_lex_lesseq_set_reif.mzn'
processing file '/usr/local/share/minizinc/std/fzn_lex_lesseq_set.mzn'
processing file '/usr/local/share/minizinc/std/fzn_lex_lesseq_int_reif.mzn'
processing file '/entry_data/mzn-lib/fzn_lex_lesseq_int.mzn'
processing file '/usr/local/share/minizinc/std/fzn_lex_lesseq_float_reif.mzn'
processing file '/usr/local/share/minizinc/std/fzn_lex_lesseq_float.mzn'
processing file '/usr/local/share/minizinc/std/fzn_lex_lesseq_bool_reif.mzn'
processing file '/entry_data/mzn-lib/fzn_lex_lesseq_bool.mzn'
processing file '/usr/local/share/minizinc/std/lex_less.mzn'
processing file '/usr/local/share/minizinc/std/fzn_lex_less_set_reif.mzn'
processing file '/usr/local/share/minizinc/std/fzn_lex_less_set.mzn'
processing file '/usr/local/share/minizinc/std/fzn_lex_less_int_reif.mzn'
processing file '/entry_data/mzn-lib/fzn_lex_less_int.mzn'
processing file '/usr/local/share/minizinc/std/fzn_lex_less_float_reif.mzn'
processing file '/usr/local/share/minizinc/std/fzn_lex_less_float.mzn'
processing file '/usr/local/share/minizinc/std/fzn_lex_less_bool_reif.mzn'
processing file '/entry_data/mzn-lib/fzn_lex_less_bool.mzn'
processing file '/usr/local/share/minizinc/std/fzn_if_then_else_partiality.mzn'
processing file '/usr/local/share/minizinc/std/fzn_if_then_else_var_set.mzn'
processing file '/usr/local/share/minizinc/std/fzn_if_then_else_set.mzn'
processing file '/usr/local/share/minizinc/std/fzn_if_then_else_var_opt_float.mzn'
processing file '/usr/local/share/minizinc/std/fzn_if_then_else_var_float.mzn'
processing file '/usr/local/share/minizinc/std/fzn_if_then_else_opt_float.mzn'
processing file '/usr/local/share/minizinc/std/fzn_if_then_else_float.mzn'
processing file '/usr/local/share/minizinc/std/fzn_if_then_else_var_opt_bool.mzn'
processing file '/usr/local/share/minizinc/std/fzn_if_then_else_var_bool.mzn'
processing file '/usr/local/share/minizinc/std/fzn_if_then_else_opt_bool.mzn'
processing file '/usr/local/share/minizinc/std/fzn_if_then_else_bool.mzn'
processing file '/usr/local/share/minizinc/std/fzn_if_then_else_var_opt_int.mzn'
processing file '/usr/local/share/minizinc/std/fzn_if_then_else_var_int.mzn'
processing file '/usr/local/share/minizinc/std/fzn_if_then_else_opt_int.mzn'
processing file '/usr/local/share/minizinc/std/fzn_if_then_else_int.mzn'
processing file '/usr/local/share/minizinc/std/count_fn.mzn'
processing file '/usr/local/share/minizinc/std/count_lt.mzn'
processing file '/usr/local/share/minizinc/std/fzn_count_lt_par_reif.mzn'
processing file '/usr/local/share/minizinc/std/fzn_count_lt_reif.mzn'
processing file '/usr/local/share/minizinc/std/fzn_count_lt_par.mzn'
processing file '/usr/local/share/minizinc/std/fzn_count_lt.mzn'
processing file '/usr/local/share/minizinc/std/count_gt.mzn'
processing file '/usr/local/share/minizinc/std/fzn_count_gt_reif.mzn'
processing file '/usr/local/share/minizinc/std/fzn_count_gt_par_reif.mzn'
processing file '/usr/local/share/minizinc/std/fzn_count_gt.mzn'
processing file '/usr/local/share/minizinc/std/fzn_count_gt_par.mzn'
processing file '/usr/local/share/minizinc/std/count_neq.mzn'
processing file '/usr/local/share/minizinc/std/fzn_count_neq_reif.mzn'
processing file '/usr/local/share/minizinc/std/fzn_count_neq_par_reif.mzn'
processing file '/usr/local/share/minizinc/std/fzn_count_neq.mzn'
processing file '/usr/local/share/minizinc/std/fzn_count_neq_par.mzn'
processing file '/usr/local/share/minizinc/std/count_leq.mzn'
processing file '/usr/local/share/minizinc/std/fzn_count_leq_reif.mzn'
processing file '/usr/local/share/minizinc/std/fzn_count_leq_par_reif.mzn'
processing file '/usr/local/share/minizinc/std/fzn_count_leq.mzn'
processing file '/usr/local/share/minizinc/std/fzn_count_leq_par.mzn'
processing file '/usr/local/share/minizinc/std/count_geq.mzn'
processing file '/usr/local/share/minizinc/std/fzn_count_geq_reif.mzn'
processing file '/usr/local/share/minizinc/std/fzn_count_geq_par_reif.mzn'
processing file '/usr/local/share/minizinc/std/fzn_count_geq.mzn'
processing file '/usr/local/share/minizinc/std/fzn_count_geq_par.mzn'
processing file '/usr/local/share/minizinc/std/count_eq.mzn'
processing file '/usr/local/share/minizinc/std/fzn_count_eq_par_reif.mzn'
processing file '/usr/local/share/minizinc/std/fzn_count_eq_reif.mzn'
processing file '/usr/local/share/minizinc/std/fzn_count_eq_par.mzn'
processing file '/entry_data/mzn-lib/fzn_count_eq.mzn'
processing file '/usr/local/share/minizinc/std/redefinitions-2.7.1.mzn'
processing file '/usr/local/share/minizinc/std/redefinitions-2.5.2.mzn'
processing file '/usr/local/share/minizinc/std/redefinitions-2.3.3.mzn'
processing file '/usr/local/share/minizinc/std/redefinitions-2.2.1.mzn'
processing file '/usr/local/share/minizinc/std/redefinitions-2.1.1.mzn'
processing file '/usr/local/share/minizinc/std/redefinitions-2.1.mzn'
processing file '/entry_data/mzn-lib/redefinitions-2.0.2.mzn'
processing file '/entry_data/mzn-lib/redefinitions-2.0.mzn'
processing file '/usr/local/share/minizinc/std/redefinitions.mzn'
processing file '/bench/2019/rotating-workforce/rotating-workforce.mzn'
processing file '/usr/local/share/minizinc/std/regular.mzn'
processing file '/usr/local/share/minizinc/std/fzn_regular_set_reif.mzn'
processing file '/usr/local/share/minizinc/std/fzn_regular_set.mzn'
processing file '/usr/local/share/minizinc/std/fzn_regular_set.mzn.deprecated.mzn'
processing file '/usr/local/share/minizinc/std/fzn_regular_set.mzn.deprecated.mzn'
processing file '/usr/local/share/minizinc/std/fzn_regular_reif.mzn'
processing file '/entry_data/mzn-lib/fzn_regular.mzn'
processing file '/usr/local/share/minizinc/std/global_cardinality_low_up.mzn'
processing file '/usr/local/share/minizinc/std/global_cardinality.mzn'
processing file '/usr/local/share/minizinc/std/fzn_global_cardinality_low_up_set.mzn'
processing file '/usr/local/share/minizinc/std/fzn_global_cardinality_low_up_opt.mzn'
processing file '/usr/local/share/minizinc/std/fzn_global_cardinality_low_up_reif.mzn'
processing file '/entry_data/mzn-lib/fzn_global_cardinality_low_up.mzn'
processing file '/usr/local/share/minizinc/std/fzn_global_cardinality_set.mzn'
processing file '/usr/local/share/minizinc/std/fzn_global_cardinality_opt.mzn'
processing file '/usr/local/share/minizinc/std/fzn_global_cardinality_reif.mzn'
processing file '/usr/local/share/minizinc/std/count.mzn'
processing file '/entry_data/mzn-lib/fzn_global_cardinality.mzn'
processing data file '/bench/2019/rotating-workforce/Example1370.dzn'
 done parsing (0.12 s)
Flattening ...
	CompilePass: Flatten with '/entry_data/mzn-lib' library ...
MIP domains ...
 done (0.09 s)
Optimizing ... done (0.09 s)
Converting to old FlatZinc ... done (0.10 s)
 done (0.10 s)
 done (0.22 s), max stack depth 19
Maximum memory 8 Mbytes.
      % SOLVING PHASE
FZN solver plugin, compiled  May 23 2025  06:18:37
Using FZN solver /entry_data/fzn-exec for solving, parameters: -p 14 -v 
%% File /tmp/mznfileQ6zmjc.fzn parsed in 24 ms
%% Model mznfileQ6zmjc
%%   - boolean variables:384
%%   - integer variables:865
%%   - array_bool_and: 58
%%   - bool2int: 386
%%   - int_div: 118
%%   - int_eq_reif: 209
%%   - int_le_reif: 59
%%   - int_lin_eq: 88
%%   - int_lin_le: 60
%%   - int_mod: 60
%%   - int_ne_reif: 58
%%   - ortools_global_cardinality_low_up: 7
%%   - ortools_regular: 1
%%   -  redundant constraints: 90
%%   - Satisfaction problem
%%   - #var_op_value_reif cached: 267
%%   - #var_op_var_reif cached: 0
%%   - #var_op_var_imp cached: 0
%%   - #full domain encodings: 209
%% Starting CP-SAT solver v9.15.9999
%% Parameters: log_search_progress: true log_to_stdout: false max_domain_size_when_encoding_eq_neq_constraints: 32 num_workers: 14
%% Initial satisfaction model 'mznfileQ6zmjc': (model_fingerprint: 0x4c1502a92c18c672)
%% Search strategy: on 217 variables, CHOOSE_MIN_DOMAIN_SIZE, SELECT_MIN_VALUE
%% #Variables: 2'086 (1'318 primary variables)
%%   - 1'606 Booleans in [0,1]
%%   - 2 in [0,2]
%%   - 31 in [0,3]
%%   - 2 in [0,4]
%%   - 1 in [0,5]
%%   - 30 in [0,6]
%%   - 4 in [0,7]
%%   - 1 in [0,8]
%%   - 2 in [0,9]
%%   - 1 in [0,10]
%%   - 2 in [0,11]
%%   - 3 in [0,14]
%%   - 1 in [0,16]
%%   - 1 in [0,18]
%%   - 30 in [0,19]
%%   - 3 in [0,21]
%%   - 1 in [0,23]
%%   - 1 in [0,25]
%%   - 2 in [0,28]
%%   - 2 in [0,35]
%%   - 2 in [0,42]
%%   - 2 in [0,49]
%%   - 2 in [0,56]
%%   - 2 in [0,63]
%%   - 2 in [0,70]
%%   - 78 in [0,76]
%%   - 1 in [1,3]
%%   - 208 in [1,4]
%%   - 1 in [1,12]
%%   - 1 in [1,77]
%%   - 1 in [2,13]
%%   - 1 in [2,28]
%%   - 1 in [3,14]
%%   - 1 in [4,15]
%%   - 1 in [5,16]
%%   - 1 in [5,30]
%%   - 1 in [6,17]
%%   - 1 in [7,18]
%%   - 1 in [7,32]
%%   - 1 in [8,19]
%%   - 1 in [8,84]
%%   - 1 in [9,19]
%%   - 1 in [9,35]
%%   - 1 in [10,19]
%%   - 1 in [11,19]
%%   - 1 in [12,19]
%%   - 1 in [12,37]
%%   - 1 in [13,19]
%%   - 1 in [14,19]
%%   - 1 in [14,39]
%%   - 1 in [15,19]
%%   - 1 in [15,91]
%%   - 1 in [16,19]
%%   - 1 in [16,42]
%%   - 1 in [17,19]
%%   - 1 in [18,19]
%%   - 1 in [19,44]
%%   - 1 in [21,44]
%%   - 1 in [22,98]
%%   - 1 in [23,44]
%%   - 1 in [26,44]
%%   - 1 in [28,44]
%%   - 1 in [29,105]
%%   - 1 in [30,44]
%%   - 1 in [33,44]
%%   - 1 in [35,44]
%%   - 1 in [36,112]
%%   - 1 in [37,44]
%%   - 1 in [40,44]
%%   - 1 in [42,44]
%%   - 1 in [43,119]
%%   - 1 in [50,126]
%%   - 1 in [57,133]
%%   - 1 in [64,134]
%%   - 1 in [71,134]
%%   - 1 in [78,134]
%%   - 1 in [85,134]
%%   - 1 in [92,134]
%%   - 1 in [99,134]
%%   - 1 in [106,134]
%%   - 1 in [113,134]
%%   - 1 in [120,134]
%%   - 1 in [127,134]
%%   - 8 constants in {0,1,4} 
%% #kAutomaton: 1
%% #kBoolAnd: 116 (#enforced: 116) (#literals: 232)
%% #kBoolAndClauses: 58 (#enforced: 58 #multi: 58) (#literals: 174)
%% #kEmpty: 7
%% #kIntDiv: 118
%% #kIntMod: 60
%% #kLinear1: 1'788 (#enforced: 1'788)
%% #kLinear2: 711
%% #kLinear3: 2
%% #kLinearN: 116 (#terms: 1'393)
%% Starting presolve at 0.02s
%%   5.33e-04s  0.00e+00d  [DetectDominanceRelations] 
%%   2.53e-02s  0.00e+00d  [PresolveToFixPoint] #num_loops=12 #num_dual_strengthening=1 
%%   3.44e-05s  0.00e+00d  [ExtractEncodingFromLinear] #potential_subsets=2 
%%   2.43e-03s  0.00e+00d  [DetectDuplicateColumns] 
%%   2.04e-03s  0.00e+00d  [DetectDuplicateConstraints] #duplicates=2 
%% [SAT presolve] num removable Booleans: 0 / 10'255
%% [SAT presolve] num trivial clauses: 0
%% [SAT presolve] [0s] clauses:0 literals:0 vars:0 one_side_vars:0 simple_definition:0 singleton_clauses:0
%% [SAT presolve] [4.0677e-05s] clauses:0 literals:0 vars:0 one_side_vars:0 simple_definition:0 singleton_clauses:0
%% [SAT presolve] [0.000345536s] clauses:0 literals:0 vars:0 one_side_vars:0 simple_definition:0 singleton_clauses:0
%%   2.90e-04s  0.00e+00d  [DetectDuplicateConstraintsWithDifferentEnforcements] 
%%   7.39e-01s  8.29e-01d  [Probe] #probed=21'970 #fixed_bools=6 #new_bounds=58 #equiv=68 #new_binary_clauses=22'797 
%%   2.44e-05s  0.00e+00d  [MaxClique] 
%%   2.38e-03s  0.00e+00d  [DetectDominanceRelations] 
%%   1.62e-02s  0.00e+00d  [PresolveToFixPoint] #num_loops=2 #num_dual_strengthening=1 
%%   2.31e-03s  0.00e+00d  [ProcessAtMostOneAndLinear] #num_changes=1 
%%   2.48e-04s  0.00e+00d  [DetectDuplicateConstraints] #duplicates=50 
%%   2.15e-04s  0.00e+00d  [DetectDuplicateConstraintsWithDifferentEnforcements] 
%%   1.21e-04s  4.52e-06d  [DetectDominatedLinearConstraints] #relevant_constraints=172 #num_inclusions=19 
%%   4.06e-05s  0.00e+00d  [DetectDifferentVariables] 
%%   3.71e-03s  1.46e-04d  [ProcessSetPPC] #relevant_constraints=5'705 #num_inclusions=1 
%%   1.13e-03s  0.00e+00d  [TransformClausesToExactlyOne] 
%%   9.78e-04s  0.00e+00d  [DetectEncodedComplexDomains] 
%%   8.75e-05s  0.00e+00d  [FindAlmostIdenticalLinearConstraints] 
%%   5.62e-03s  6.23e-03d  [FindBigAtMostOneAndLinearOverlap] 
%%   4.73e-04s  3.58e-04d  [FindBigVerticalLinearOverlap] 
%%   5.36e-05s  5.63e-06d  [FindBigHorizontalLinearOverlap] #linears=73 
%%   1.67e-04s  0.00e+00d  [MergeClauses] 
%%   2.29e-03s  0.00e+00d  [DetectDominanceRelations] 
%%   7.55e-03s  0.00e+00d  [PresolveToFixPoint] #num_loops=1 #num_dual_strengthening=1 
%%   2.31e-03s  0.00e+00d  [DetectDominanceRelations] 
%%   7.50e-03s  0.00e+00d  [PresolveToFixPoint] #num_loops=1 #num_dual_strengthening=1 
%%   1.13e-03s  0.00e+00d  [DetectDuplicateColumns] 
%%   2.17e-04s  0.00e+00d  [DetectDuplicateConstraints] 
%%   2.33e-04s  0.00e+00d  [DetectDuplicateConstraintsWithDifferentEnforcements] 
%%   6.79e-01s  8.10e-01d  [Probe] #probed=21'678 #new_bounds=13 #equiv=3 #new_binary_clauses=21'019 
%%   2.62e-05s  0.00e+00d  [MaxClique] 
%%   2.32e-03s  0.00e+00d  [DetectDominanceRelations] 
%%   7.83e-03s  0.00e+00d  [PresolveToFixPoint] #num_loops=2 #num_dual_strengthening=1 
%%   2.22e-03s  0.00e+00d  [ProcessAtMostOneAndLinear] #num_changes=1 
%%   2.35e-04s  0.00e+00d  [DetectDuplicateConstraints] #duplicates=6 
%%   2.14e-04s  0.00e+00d  [DetectDuplicateConstraintsWithDifferentEnforcements] 
%%   1.11e-04s  4.50e-06d  [DetectDominatedLinearConstraints] #relevant_constraints=171 #num_inclusions=18 
%%   4.00e-05s  0.00e+00d  [DetectDifferentVariables] 
%%   3.69e-03s  1.46e-04d  [ProcessSetPPC] #relevant_constraints=5'697 
%%   1.12e-03s  0.00e+00d  [TransformClausesToExactlyOne] 
%%   9.62e-04s  0.00e+00d  [DetectEncodedComplexDomains] 
%%   8.83e-05s  0.00e+00d  [FindAlmostIdenticalLinearConstraints] 
%%   5.66e-03s  6.31e-03d  [FindBigAtMostOneAndLinearOverlap] 
%%   4.75e-04s  3.58e-04d  [FindBigVerticalLinearOverlap] 
%%   5.38e-05s  5.63e-06d  [FindBigHorizontalLinearOverlap] #linears=73 
%%   1.66e-04s  0.00e+00d  [MergeClauses] 
%%   2.29e-03s  0.00e+00d  [DetectDominanceRelations] 
%%   7.46e-03s  0.00e+00d  [PresolveToFixPoint] #num_loops=1 #num_dual_strengthening=1 
%%   2.27e-03s  0.00e+00d  [DetectDominanceRelations] 
%%   7.46e-03s  0.00e+00d  [PresolveToFixPoint] #num_loops=1 #num_dual_strengthening=1 
%%   1.12e-03s  0.00e+00d  [DetectDuplicateColumns] 
%%   2.21e-04s  0.00e+00d  [DetectDuplicateConstraints] 
%%   2.25e-04s  0.00e+00d  [DetectDuplicateConstraintsWithDifferentEnforcements] 
%%   6.84e-01s  8.10e-01d  [Probe] #probed=21'676 #new_binary_clauses=20'895 
%%   2.66e-05s  0.00e+00d  [MaxClique] 
%%   2.31e-03s  0.00e+00d  [DetectDominanceRelations] 
%%   7.57e-03s  0.00e+00d  [PresolveToFixPoint] #num_loops=1 #num_dual_strengthening=1 
%%   2.23e-03s  0.00e+00d  [ProcessAtMostOneAndLinear] 
%%   2.29e-04s  0.00e+00d  [DetectDuplicateConstraints] 
%%   2.05e-04s  0.00e+00d  [DetectDuplicateConstraintsWithDifferentEnforcements] 
%%   1.10e-04s  4.50e-06d  [DetectDominatedLinearConstraints] #relevant_constraints=171 #num_inclusions=18 
%%   4.03e-05s  0.00e+00d  [DetectDifferentVariables] 
%%   3.70e-03s  1.46e-04d  [ProcessSetPPC] #relevant_constraints=5'697 
%%   1.11e-03s  0.00e+00d  [TransformClausesToExactlyOne] 
%%   9.64e-04s  0.00e+00d  [DetectEncodedComplexDomains] 
%%   8.70e-05s  3.00e-07d  [FindAlmostIdenticalLinearConstraints] #num_tested_pairs=2 
%%   5.56e-03s  6.14e-03d  [FindBigAtMostOneAndLinearOverlap] 
%%   4.79e-04s  3.58e-04d  [FindBigVerticalLinearOverlap] 
%%   5.32e-05s  5.63e-06d  [FindBigHorizontalLinearOverlap] #linears=73 
%%   1.65e-04s  0.00e+00d  [MergeClauses] 
%%   2.32e-03s  0.00e+00d  [DetectDominanceRelations] 
%%   7.50e-03s  0.00e+00d  [PresolveToFixPoint] #num_loops=1 #num_dual_strengthening=1 
%%   1.50e-05s  0.00e+00d  [MergeNoOverlap] 
%%   1.70e-05s  0.00e+00d  [MergeNoOverlap2D] 
%% Presolve summary:
%%   - 797 affine relations were detected.
%%   - rule 'TODO dual: make linear1 equiv' was applied 17 times.
%%   - rule 'TODO dual: only one blocking constraint?' was applied 952 times.
%%   - rule 'TODO linear1: appear in only one extra 2-var constraint' was applied 356 times.
%%   - rule 'TODO linear2: convert ax + by != cte to clauses for large domains' was applied 9 times.
%%   - rule 'affine: new relation' was applied 797 times.
%%   - rule 'at_most_one: resolved two constraints with opposite literal' was applied 2 times.
%%   - rule 'automaton: expanded' was applied 1 time.
%%   - rule 'automaton: reduce variable domain' was applied 3 times.
%%   - rule 'bool and: always false' was applied 58 times.
%%   - rule 'bool_and: x => x' was applied 1 time.
%%   - rule 'bool_or: only one literal' was applied 64 times.
%%   - rule 'deductions: 1804 stored' was applied 1 time.
%%   - rule 'dual: make encoding equiv' was applied 376 times.
%%   - rule 'duplicate: removed constraint' was applied 58 times.
%%   - rule 'enforcement: always false' was applied 58 times.
%%   - rule 'enforcement: false literal' was applied 118 times.
%%   - rule 'enforcement: true literal' was applied 65 times.
%%   - rule 'exactly_one: removed literals' was applied 5 times.
%%   - rule 'exactly_one: satisfied' was applied 1 time.
%%   - rule 'exactly_one: singleton' was applied 1 time.
%%   - rule 'exactly_one: x and not(x)' was applied 4 times.
%%   - rule 'int_div: linearize positive division with a constant divisor' was applied 87 times.
%%   - rule 'int_div: rewrite to equality' was applied 29 times.
%%   - rule 'int_div: single variable' was applied 2 times.
%%   - rule 'int_mod: reduce target domain' was applied 2 times.
%%   - rule 'int_mod: remove singleton target' was applied 21 times.
%%   - rule 'linear + amo: extracted enforcement literal' was applied 3 times.
%%   - rule 'linear1: always true' was applied 60 times.
%%   - rule 'linear1: transformed to implication' was applied 1 time.
%%   - rule 'linear1: x in domain' was applied 4 times.
%%   - rule 'linear2: contains a boolean' was applied 6 times.
%%   - rule 'linear: always true' was applied 29 times.
%%   - rule 'linear: doubleton free' was applied 1 time.
%%   - rule 'linear: empty' was applied 64 times.
%%   - rule 'linear: enforcement literal in expression' was applied 3 times.
%%   - rule 'linear: fixed or dup variables' was applied 163 times.
%%   - rule 'linear: infeasible' was applied 1 time.
%%   - rule 'linear: never in domain' was applied 5 times.
%%   - rule 'linear: reduced variable domains' was applied 302 times.
%%   - rule 'linear: remapped using affine relations' was applied 359 times.
%%   - rule 'linear: simplified rhs' was applied 118 times.
%%   - rule 'linear: variable substitution 1' was applied 1 time.
%%   - rule 'new_bool: automaton expansion' was applied 9'419 times.
%%   - rule 'new_bool: var with 2 values' was applied 4 times.
%%   - rule 'presolve: 204 unused variables removed.' was applied 1 time.
%%   - rule 'presolve: iteration' was applied 3 times.
%%   - rule 'setppc: removed dominated constraints' was applied 1 time.
%%   - rule 'variables with 2 values: create encoding literal' was applied 4 times.
%%   - rule 'variables with 2 values: merge encoding literals' was applied 1 time.
%%   - rule 'variables with 2 values: new affine relation' was applied 5 times.
%%   - rule 'variables: canonicalize domain' was applied 39 times.
%%   - rule 'variables: detect fully reified value encoding' was applied 895 times.
%%   - rule 'variables: detect half reified value encoding' was applied 1'790 times.
%%   - rule 'variables: only used in value and order encodings' was applied 208 times.
%%   - rule 'variables: removable enforcement literal' was applied 23 times.
%% Presolved satisfaction model 'mznfileQ6zmjc': (model_fingerprint: 0x44710280a241ccf)
%% Search strategy: on 1 variables, CHOOSE_MIN_DOMAIN_SIZE, SELECT_MIN_VALUE
%% #Variables: 10'292 (5'385 primary variables)
%%   - 10'147 Booleans in [0,1]
%%   - 2 in [0,2]
%%   - 20 in [0,3]
%%   - 3 in [0,4]
%%   - 1 in [0,5]
%%   - 22 in [0,6]
%%   - 1 in [0,7]
%%   - 3 in [0,8]
%%   - 1 in [0,9]
%%   - 2 in [0,10]
%%   - 2 in [0,11]
%%   - 2 in [0,13]
%%   - 2 in [0,15]
%%   - 1 in [0,17]
%%   - 4 in [0,18]
%%   - 1 in [0,20]
%%   - 1 in [0,22]
%%   - 1 in [0,25]
%%   - 2 in [1,11]
%%   - 5 in [1,18]
%%   - 1 in [1,25]
%%   - 1 in [1,32]
%%   - 1 in [1,39]
%%   - 1 in [1,46]
%%   - 1 in [1,53]
%%   - 1 in [1,60]
%%   - 1 in [1,66]
%%   - 1 in [1,67]
%%   - 1 in [1,68]
%%   - 1 in [1,69]
%%   - 1 in [1,70]
%%   - 1 in [1,71]
%%   - 1 in [1,72]
%%   - 1 in [1,73]
%%   - 2 in [1,74]
%%   - 1 in [2,6]
%%   - 2 in [2,12]
%%   - 3 in [2,18]
%%   - 1 in [2,19]
%%   - 1 in [2,26]
%%   - 1 in [2,33]
%%   - 1 in [2,40]
%%   - 1 in [2,47]
%%   - 1 in [2,54]
%%   - 1 in [2,61]
%%   - 1 in [2,68]
%%   - 1 in [3,13]
%%   - 1 in [3,27]
%%   - 1 in [4,14]
%%   - 1 in [4,18]
%%   - 1 in [5,15]
%%   - 1 in [5,18]
%%   - 1 in [5,29]
%%   - 1 in [6,16]
%%   - 1 in [7,16]
%%   - 1 in [7,18]
%%   - 1 in [7,31]
%%   - 1 in [8,17]
%%   - 2 in [9,18]
%%   - 1 in [10,18]
%%   - 1 in [10,33]
%%   - 2 in [11,18]
%%   - 2 in [12,18]
%%   - 1 in [12,35]
%%   - 1 in [13,18]
%%   - 2 in [14,18]
%%   - 1 in [14,37]
%%   - 1 in [15,18]
%%   - 2 in [16,18]
%%   - 1 in [17,39]
%%   - 1 in [19,41]
%%   - 1 in [21,43]
%%   - 1 in [24,43]
%%   - 1 in [26,43]
%%   - 1 in [28,43]
%%   - 1 in [31,43]
%%   - 1 in [33,43]
%%   - 1 in [35,43]
%%   - 1 in [38,43]
%%   - 1 in [40,43]
%% #kExactlyOne: 5'624 (#literals: 43'768)
%% #kIntMod: 39
%% #kLinear1: 76 (#enforced: 76)
%% #kLinear2: 81 (#enforced: 1)
%% #kLinear3: 18
%% #kLinearN: 73 (#terms: 1'125)
%% Preloading model.
%% #Model   2.35s var:10292/10292 constraints:5911/5911
%% Starting search at 2.35s with 14 workers.
%% 10 full problem subsolvers: [default_lp(2), fixed, max_lp, no_lp, probing, probing_max_lp, probing_no_lp, quick_restart, quick_restart_no_lp]
%% 4 first solution subsolvers: [fj(2), fs_random, fs_random_no_lp]
%% 2 interleaved subsolvers: [feasibility_pump, rins/rens]
%% 2 helper subsolvers: [neighborhood_helper, synchronization_agent]
%% #Model   3.15s var:10291/10292 constraints:5910/5911
%% #Done    6.10s probing_max_lp [loading]
%% Task timing                      n [     min,      max]      avg      dev     time         n [     min,      max]      avg      dev    dtime
%%            'default_lp':         1 [   3.76s,    3.76s]    3.76s   0.00ns    3.76s         2 [960.06ms,    1.50s]    1.23s 270.37ms    2.46s
%%            'default_lp':         1 [   3.76s,    3.76s]    3.76s   0.00ns    3.76s         2 [960.06ms,    2.45s]    1.70s 742.84ms    3.41s
%%      'feasibility_pump':        36 [  1.03ms, 151.35ms]   6.28ms  24.72ms 226.10ms        35 [ 58.92us,   8.06ms] 289.68us   1.33ms  10.14ms
%%                 'fixed':         1 [   3.76s,    3.76s]    3.76s   0.00ns    3.76s         2 [959.89ms,    2.01s]    1.48s 525.05ms    2.97s
%%                    'fj':        28 [ 90.45ms, 189.46ms] 130.97ms  37.14ms    3.67s        28 [ 78.06ms, 100.46ms]  99.50ms   4.13ms    2.79s
%%                    'fj':        29 [ 88.55ms, 200.75ms] 123.70ms  36.64ms    3.59s        29 [ 70.34ms, 100.43ms]  99.22ms   5.46ms    2.88s
%%             'fs_random':         1 [   3.76s,    3.76s]    3.76s   0.00ns    3.76s         2 [959.89ms,    2.06s]    1.51s 550.81ms    3.02s
%%       'fs_random_no_lp':         1 [   3.76s,    3.76s]    3.76s   0.00ns    3.76s         2 [957.38ms,    3.83s]    2.39s    1.44s    4.79s
%%                'max_lp':         1 [   3.76s,    3.76s]    3.76s   0.00ns    3.76s         2 [866.88ms,    1.74s]    1.30s 434.59ms    2.60s
%%                 'no_lp':         1 [   3.76s,    3.76s]    3.76s   0.00ns    3.76s         2 [957.38ms,    4.21s]    2.58s    1.62s    5.16s
%%               'probing':         1 [   3.79s,    3.79s]    3.79s   0.00ns    3.79s         2 [906.40ms,    1.40s]    1.15s 245.16ms    2.30s
%%        'probing_max_lp':         1 [   3.75s,    3.75s]    3.75s   0.00ns    3.75s         1 [   2.39s,    2.39s]    2.39s   0.00ns    2.39s
%%         'probing_no_lp':         1 [   3.78s,    3.78s]    3.78s   0.00ns    3.78s         2 [902.62ms,    3.02s]    1.96s    1.06s    3.92s
%%         'quick_restart':         1 [   3.76s,    3.76s]    3.76s   0.00ns    3.76s         2 [960.16ms,    1.99s]    1.48s 516.01ms    2.95s
%%   'quick_restart_no_lp':         1 [   3.76s,    3.76s]    3.76s   0.00ns    3.76s         2 [957.38ms,    3.01s]    1.98s    1.02s    3.96s
%%             'rins/rens':         0 [  0.00ns,   0.00ns]   0.00ns   0.00ns   0.00ns         0 [  0.00ns,   0.00ns]   0.00ns   0.00ns   0.00ns
%% 
%% Search stats               Bools  Conflicts  Branches  Restarts  BacktrackToRoot  Backtrack  BoolPropag  IntegerPropag
%%            'default_lp':  10'147        230   104'336         2           41'230     50'686  15'865'586      1'142'367
%%            'default_lp':  10'147      5'496   109'655         3           41'238     55'962  21'898'456      1'151'947
%%                 'fixed':  10'236        493   107'186         0           41'235     50'955  16'479'116      1'237'182
%%             'fs_random':  10'147      1'310   108'915         8           41'243     51'775  16'764'458      1'184'830
%%       'fs_random_no_lp':  10'147     17'799   133'456        38           41'273     68'295  31'727'446      1'505'222
%%                'max_lp':  10'147          0    59'640         0           34'127     43'349  11'357'218     11'756'319
%%                 'no_lp':  10'147     21'401   128'312        85           41'320     71'930  39'870'865      1'253'640
%%               'probing':  10'290         20    20'598         0           20'598     20'598   6'009'191        575'823
%%        'probing_max_lp':  10'147          0    20'294         0           20'294     20'294   5'996'444      6'320'486
%%         'probing_no_lp':  10'397         97    70'983         0           70'983     70'983  29'040'339      1'935'846
%%         'quick_restart':  10'147        184   107'088        17           41'252     50'666  15'951'593      1'167'134
%%   'quick_restart_no_lp':  10'148      5'179   177'090       476           41'711     56'107  23'432'354      1'895'594
%% 
%% SAT formula               Fixed  Equiv   Total  VarLeft  BinaryClauses  PermanentClauses  TemporaryClauses
%%            'default_lp':      0      1  10'147   10'146         30'974             3'516                63
%%            'default_lp':      0      1  10'147   10'146         30'982             3'533                37
%%                 'fixed':      0      1  10'236   10'235         31'194             3'782               171
%%             'fs_random':      0      1  10'147   10'146         30'982             3'670               958
%%       'fs_random_no_lp':      0      1  10'147   10'146         30'974             3'958             3'254
%%                'max_lp':      0      1  10'147   10'146         30'972             4'898                 0
%%                 'no_lp':      0      1  10'147   10'146         30'984             3'530               199
%%               'probing':     37      0  10'290   10'253         26'180             5'624                 0
%%        'probing_max_lp':      0      0  10'147   10'147         23'352             5'624                 0
%%         'probing_no_lp':    130      0  10'397   10'267         30'788             5'624                 0
%%         'quick_restart':      0      1  10'147   10'146         30'982             3'566               118
%%   'quick_restart_no_lp':      0      1  10'148   10'147         30'986             4'197             4'269
%% 
%% SAT stats                 ClassicMinim  LitRemoved  LitRemovedBinary  LitLearned  LitForgotten  Subsumed
%%            'default_lp':           154         437               577      11'318             0       152
%%            'default_lp':         5'443      22'109               480     111'759             0     5'446
%%                 'fixed':           233       3'698             1'090       8'692             0         9
%%             'fs_random':           927      52'380            23'737     183'458             0       196
%%       'fs_random_no_lp':        15'964     199'012            78'290     982'282       235'314    12'615
%%                'max_lp':             0           0                 0           0             0         0
%%                 'no_lp':        21'187     121'933             1'043     444'565        18'438    21'001
%%               'probing':             0           0                 0          20             0         0
%%        'probing_max_lp':             0           0                 0           0             0         0
%%         'probing_no_lp':             0           0                 0          97             0         0
%%         'quick_restart':            90       1'234             2'379      14'659             0        22
%%   'quick_restart_no_lp':         3'373     137'371            72'830     551'887             0       220
%% 
%% Vivification              Clauses  Decisions  LitTrue  Subsumed  LitRemoved  DecisionReused  Conflicts
%%            'default_lp':    9'877     63'201        0     2'114      19'672              16          0
%%            'default_lp':    9'879     63'106        0     2'102      19'639              15          0
%%                 'fixed':    9'879     63'106        0     2'102      19'639              15          0
%%             'fs_random':    9'879     63'106        0     2'102      19'639              15          0
%%       'fs_random_no_lp':    9'879     63'106        0     2'102      19'639              15          0
%%                'max_lp':    2'763     19'054        0       726       7'240               1          0
%%                 'no_lp':    9'879     63'106        0     2'102      19'639              15          0
%%               'probing':        0          0        0         0           0               0          0
%%        'probing_max_lp':        0          0        0         0           0               0          0
%%         'probing_no_lp':        0          0        0         0           0               0          0
%%         'quick_restart':    9'879     63'106        0     2'102      19'639              15          0
%%   'quick_restart_no_lp':    9'879     63'106        0     2'102      19'639              15          0
%% 
%% Clause deletion           at_true  l_and_not(l)  to_binary  sub_conflict  sub_extra  sub_decisions  sub_eager  sub_vivify  sub_probing  sub_inpro  blocked  eliminated  forgotten  promoted  conflicts
%%            'default_lp':        0             0          0           151          9              0          1       2'114            0          0        0           0          0       423        230
%%            'default_lp':        0             0          0         5'446          0              2          0       2'102            0          0        0           0          0    10'956      5'496
%%                 'fixed':        0             0          0             8          3              0          1       2'102            0          0        0           0          0       250        493
%%             'fs_random':        0             0          0           176          8              0         20       2'102            0          0        0           0          0     2'682      1'310
%%       'fs_random_no_lp':        0             0          0        12'579          7              0         36       2'102            0          0        0           0      1'487    36'713     17'799
%%                'max_lp':        0             0          0             0          0              0          0         726            0          0        0           0          0         0          0
%%                 'no_lp':        0             0          0        20'977          2             19         24       2'102            0          0        0           0        172    43'387     21'401
%%               'probing':        0             0          0             0          0              0          0           0            0          0        0           0          0         0         20
%%        'probing_max_lp':        0             0          0             0          0              0          0           0            0          0        0           0          0         0          0
%%         'probing_no_lp':        0             0          0             0          0              0          0           0            0          0        0           0          0         0         97
%%         'quick_restart':        0             0          0            22          0              0          0       2'102            0          0        0           0          0       241        184
%%   'quick_restart_no_lp':        0             0          0           205         13              0         15       2'102            0          0        0           0          0     8'047      5'179
%% 
%% Lp stats             Component  Iterations  AddedCuts  OPTIMAL  DUAL_F.  DUAL_U.
%%       'default_lp':          1       2'085        231      270        1        0
%%       'default_lp':          1       6'115        326    2'324        0        0
%%            'fixed':          1      15'742         19    3'382        0      144
%%        'fs_random':          1      10'754        761    1'694        1        0
%%           'max_lp':          1       2'000          0        0        1        0
%%          'probing':          1      17'514      2'551      317        0        8
%%   'probing_max_lp':          1       3'833          0        0        0        1
%%    'quick_restart':          1      12'382      1'279    1'235        0        3
%% 
%% Lp dimension              Final dimension of first component
%%       'default_lp':      409 rows, 950 columns, 2474 entries
%%       'default_lp':      415 rows, 950 columns, 2575 entries
%%            'fixed':      298 rows, 950 columns, 1855 entries
%%        'fs_random':      394 rows, 950 columns, 2433 entries
%%           'max_lp':  5908 rows, 10292 columns, 45333 entries
%%          'probing':    1383 rows, 950 columns, 19427 entries
%%   'probing_max_lp':  5908 rows, 10292 columns, 45333 entries
%%    'quick_restart':      640 rows, 950 columns, 4837 entries
%% 
%% Lp debug             CutPropag  CutEqPropag  Adjust  Overflow     Bad  BadScaling
%%       'default_lp':          0            0       0         0   1'216           0
%%       'default_lp':          0            2       0         0     742           0
%%            'fixed':          0            0     142         0       0           0
%%        'fs_random':          0            8       0         0   3'515           0
%%           'max_lp':          0            0       0         0       0           0
%%          'probing':          0          301       8         0  15'942           0
%%   'probing_max_lp':          0            0       1         0       0           0
%%    'quick_restart':          0           21       3         0   6'911           0
%% 
%% Lp pool              Constraints  Updates  Simplif  Merged  Shortened  Split  Strengthened    Cuts/Call
%%       'default_lp':          728       13       44       0          2      2             2      231/316
%%       'default_lp':          823       21       77       0          2      5            12      326/580
%%            'fixed':          516        0       13       0          2      0             2        19/79
%%        'fs_random':        1'258      111      139       0          2     36             6    761/1'127
%%           'max_lp':        5'909        0        0       0          2      0             2          0/0
%%          'probing':        3'048    1'763      944       0          2    492            18  2'551/4'035
%%   'probing_max_lp':        5'909        0        0       0          2      0             2          0/0
%%    'quick_restart':        1'776      379      245       0          2    142             7  1'279/1'859
%% 
%% Lp Cut            default_lp  fixed  quick_restart  default_lp  fs_random  probing
%%           CG_FF:          11      -             67          10         34      179
%%            CG_K:           8      -             36           5         19       94
%%           CG_KL:           1      -              -           -          4        2
%%            CG_R:          23      -            173          31         80      502
%%           CG_RB:           -      -              9          11         20      121
%%          CG_RBP:           -      -             19           4          7       86
%%              IB:          12     19             19          13         13      115
%%        MIR_1_FF:           -      -              1           -          -        5
%%         MIR_1_K:           1      -              9           4          4       25
%%         MIR_1_R:           -      -              6           -          2       26
%%        MIR_1_RB:           -      -              4           2          2       12
%%        MIR_2_FF:           9      -             28          15         19       33
%%         MIR_2_K:           7      -             15           7         12       21
%%        MIR_2_KL:           -      -              -           1          1        3
%%         MIR_2_R:          23      -             92          17         53       98
%%        MIR_2_RB:           -      -              3           5          3       15
%%       MIR_2_RBP:           -      -              1           -          1        -
%%        MIR_3_FF:          15      -             41          14         41       33
%%         MIR_3_K:           -      -              9           1          4        7
%%         MIR_3_R:          44      -            175          48        133      127
%%        MIR_3_RB:           -      -              5           5          4       12
%%       MIR_3_RBP:           -      -              -           -          2        1
%%        MIR_4_FF:           2      -             22           5         14       11
%%         MIR_4_K:           -      -              9           -          1        -
%%        MIR_4_KL:           -      -              -           -          1        -
%%         MIR_4_R:          13      -             97          27         55       50
%%        MIR_4_RB:           -      -              1           2          1        3
%%       MIR_4_RBP:           -      -              3           2          1        2
%%        MIR_5_FF:           1      -              7           -          4        5
%%         MIR_5_K:           -      -              1           -          -        -
%%         MIR_5_R:           8      -             38           9         33       36
%%        MIR_5_RB:           -      -              -           1          3        1
%%       MIR_5_RBP:           -      -              1           -          1        -
%%        MIR_6_FF:           -      -              3           1          1        3
%%         MIR_6_K:           -      -              1           -          1        -
%%         MIR_6_R:           1      -             13           5         15       31
%%        MIR_6_RB:           -      -              -           1          -        1
%%    ZERO_HALF_FF:           4      -             14           3          6       39
%%     ZERO_HALF_K:           -      -             11           1          3       17
%%    ZERO_HALF_KL:           -      -              1           1          -        -
%%     ZERO_HALF_R:          48      -            344          74        163      827
%%    ZERO_HALF_RB:           -      -              1           1          -        7
%%   ZERO_HALF_RBP:           -      -              -           -          -        1
%% 
%% LNS stats       Improv/Calls  Closed  Difficulty  TimeLimit
%%   'rins/rens':           0/0      0%    5.00e-01       0.10
%% 
%% LS stats                                    Batches  Restarts/Perturbs  LinMoves  GenMoves  CompoundMoves  Bactracks  WeightUpdates  ScoreComputed
%%                              'fj_restart':        7                  6   284'259         0              0          0         10'041        214'467
%%                     'fj_restart_compound':        1                  1         0    18'410          8'446      4'982             18        496'954
%%                 'fj_restart_compound_obj':        2                  1         0    31'535         12'789      9'373             33        839'920
%%             'fj_restart_compound_perturb':        3                  2         0    55'346         24'265     15'537             55      1'449'955
%%         'fj_restart_compound_perturb_obj':        2                  2         0    38'343         16'710     10'813             32      1'017'928
%%                        'fj_restart_decay':        4                  3   159'056         0              0          0            976        127'994
%%           'fj_restart_decay_compound_obj':        3                  2         0    58'457         26'351     16'050             31      1'464'880
%%       'fj_restart_decay_compound_perturb':        4                  1         0    77'951         35'518     21'205             39      1'871'066
%%   'fj_restart_decay_compound_perturb_obj':        9                  4         0   176'258         80'525     47'844             90      4'355'748
%%                    'fj_restart_decay_obj':        3                  2   118'806         0              0          0            748         94'737
%%                'fj_restart_decay_perturb':        7                  2   276'748         0              0          0          1'764        219'013
%%            'fj_restart_decay_perturb_obj':        3                  2   119'192         0              0          0            745         99'262
%%                          'fj_restart_obj':        9                  5   359'908         0              0          0         16'231        217'664
%% 
%% Solution repositories    Added  Queried  Synchro
%%     'alternative_path':      0        0        0
%%       'best_solutions':      0        0        0
%%    'fj solution hints':     25        0       24
%%         'lp solutions':      0        0        0
%%                 'pump':      0        0
%% 
%% Improving bounds shared    Num  Sym
%%                'probing':   26    0
%%          'probing_no_lp':  867    0
%% 
%% Clauses shared            #Exported  #Imported  #BinaryRead  #BinaryTotal
%%            'default_lp':          0          0           10            10
%%            'default_lp':          0          0           10            10
%%                 'fixed':          0          0            4            10
%%             'fs_random':          0          0           10            10
%%       'fs_random_no_lp':         57          0           10            10
%%                'max_lp':          0          0            9            10
%%                 'no_lp':          0          0           10            10
%%               'probing':          0          0            9            10
%%        'probing_max_lp':          0          0            0            10
%%         'probing_no_lp':          3          0           10            10
%%         'quick_restart':          0          0           10            10
%%   'quick_restart_no_lp':          7          0           10            10
%% 
%% LRAT_status: NA
%% CpSolverResponse summary:
%% status: INFEASIBLE
%% objective: NA
%% best_bound: NA
%% integers: 10292
%% booleans: 10147
%% conflicts: 0
%% branches: 20294
%% propagations: 5996444
%% integer_propagations: 6320486
%% restarts: 0
%% lp_iterations: 3833
%% walltime: 6.14496
%% usertime: 6.14496
%% deterministic_time: 48.0817
%% gap_integral: 0
%% 
=====UNSATISFIABLE=====
   Done (overall time 6.49 s).
