# WCTIME: wall clock time in seconds
WCTIME=120.288
# CPUTIME: CPU time in seconds (USERTIME+SYSTEMTIME)
CPUTIME=119.673
# USERTIME: CPU time spent in user mode in seconds
USERTIME=118.169
# SYSTEMTIME: CPU time spent in system mode in seconds
SYSTEMTIME=1.50432
# CPUUSAGE: CPUTIME/WCTIME in percent
CPUUSAGE=99.4892
# MAXVM: maximum virtual memory used in KiB
MAXVM=2466352
# MAXMM: maximum memory used in KiB
MAXMM=2104696
# MAXRSS: maximum Resident Segment Size in KiB
MAXRSS=2101760
# TIMEOUT: did the solver exceed the time limit?
TIMEOUT=false
# MEMOUT: did the solver exceed the memory limit?
MEMOUT=false
# EXITSTATUS: Exit status of the solver
EXITSTATUS=0
