c cmd: /host-parser-bin/kat_xcsp_1173b3f4_local_cop1000_extprop8196_s40 /bench/competition/2022-2025/COP22to25/TSPTW2-n040w060-1_c23.xml.lzma --encoder order-ge --order-ge-table mdd-tl --order-ge-eq-ne direct-order --order-ge-direct-eq-ne-max-arity all --order-ge-extprop --order-ge-extprop-min-domain-product 8196 --order-ge-extprop-shorten-strategy balanced-chunks --order-ge-extprop-shorten-max-arity 40 --progress
c 00h00m00s | solve:start
c 00h00m00s | input: constraints=207
c 00h00m00s | stage:propagate:start
c 00h00m00s | stage:propagate:done ms=5 pruned=2513 changed_domains=125 entailed_tables=0
c 00h00m00s | stage:normalize:start
c 00h00m00s | stage:normalize:done ms=0 high_constraints=207
c 00h00m00s | stage:lower:start
c 00h00m00s | stage:lower:done ms=14 lowered=207 unsupported=0
c 00h00m00s | stage:post_lower:start
c 00h00m00s | stage:post_lower:done ms=14 rounds=42 tightened=43 removed_cls=7 removed_lits=40 unsat=false precise_hits=301 precise_rounds=2 pivot_recomputes=82 pivot_exact_attempts=82 pivot_general_attempts=11 pivot_general_rest_missing=0 pivot_general_bound_missing=0 pivot_general_no_change=11 pivot_general_tightened=0 setup_ms=0 loop_ms=4 pivot_ms=0 pivot_version_ms=0 pivot_exact_ms=0 pivot_general_ms=0 pivot_general_prepare_ms=0 pivot_general_rest_ms=0 pivot_general_derive_ms=0 apply_ms=0 sat_ms=0 precise_ms=9
c 00h00m00s | stage:preencode(order-ge):start
c 00h00m00s | stage:preencode(order-ge):done ms=7 int_vars=205
c 00h00m00s | stage:encode(order-ge):start
c 00h00m00s | stage:encode(order-ge):done ms=489 sat_vars=72753 sat_clauses=1376740 ext_ge_specs=0 relaxed_circuits=1
c 00h00m00s | stage:sat:init solver=CaDiCaL vars=72753 clauses=1376740
c 00h00m00s | stage:sat:solve:start round=1 circuit_cegar_rounds=1 cop_cegar_rounds=- assumptions=0 phase_lits=0
c 00h00m47s | stage:sat:solve:done round=1 ms=46931 result=Sat assumptions=0 phase_lits=0
c 00h00m47s | stage:decode:start round=1 requested_int_ids=41
c 00h00m47s | stage:decode:final:start round=1 requested_int_ids=205
c 00h00m47s | stage:decode:done round=1 int_assignments=205
c 00h00m47s | stage:relaxation:done clauses_added=0 circuit_cegar_failures=0 circuit_cegar_rounds=1 circuit_cegar_added_clauses=0 cop_cegar_failures=0 cop_cegar_rounds=0 cop_cegar_added_clauses=0
c 00h00m47s | result:Sat
c 00h00m47s | objective:incumbent kind=initial value=545 rounds=1 improvements=0
o 545
c 00h00m00s | solve:start
c 00h00m00s | input: constraints=208
c 00h00m00s | stage:propagate:start
c 00h00m00s | stage:propagate:done ms=5 pruned=2513 changed_domains=125 entailed_tables=0
c 00h00m00s | stage:normalize:start
c 00h00m00s | stage:normalize:done ms=0 high_constraints=208
c 00h00m00s | stage:lower:start
c 00h00m00s | stage:lower:done ms=14 lowered=208 unsupported=0
c 00h00m00s | stage:post_lower:start
c 00h00m00s | stage:post_lower:done ms=13 rounds=42 tightened=43 removed_cls=7 removed_lits=40 unsat=false precise_hits=301 precise_rounds=2 pivot_recomputes=82 pivot_exact_attempts=82 pivot_general_attempts=11 pivot_general_rest_missing=0 pivot_general_bound_missing=0 pivot_general_no_change=11 pivot_general_tightened=0 setup_ms=0 loop_ms=4 pivot_ms=0 pivot_version_ms=0 pivot_exact_ms=0 pivot_general_ms=0 pivot_general_prepare_ms=0 pivot_general_rest_ms=0 pivot_general_derive_ms=0 apply_ms=0 sat_ms=0 precise_ms=9
c 00h00m00s | stage:preencode(order-ge):start
c 00h00m00s | stage:preencode(order-ge):done ms=6 int_vars=207
c 00h00m00s | stage:encode(order-ge):start
c 00h00m00s | stage:encode(order-ge):done ms=421 sat_vars=74419 sat_clauses=1378792 ext_ge_specs=2 relaxed_circuits=1
c 00h00m00s | stage:sat:init solver=CaDiCaL vars=74419 clauses=1378792
c 00h00m00s | stage:sat:solve:start round=1 circuit_cegar_rounds=1 cop_cegar_rounds=- assumptions=0 phase_lits=0
c 00h00m32s | stage:sat:solve:done round=1 ms=31582 result=Sat assumptions=0 phase_lits=0
c 00h00m32s | stage:decode:start round=1 requested_int_ids=41
c 00h00m32s | stage:decode:final:start round=1 requested_int_ids=205
c 00h00m32s | stage:decode:done round=1 int_assignments=205
c 00h00m32s | stage:relaxation:done clauses_added=0 circuit_cegar_failures=0 circuit_cegar_rounds=1 circuit_cegar_added_clauses=0 cop_cegar_failures=0 cop_cegar_rounds=0 cop_cegar_added_clauses=0
c 00h00m32s | result:Sat
c 00h01m19s | objective:incumbent kind=improvement value=542 rounds=2 improvements=1
o 542
c 00h00m00s | solve:start
c 00h00m00s | input: constraints=209
c 00h00m00s | stage:propagate:start
c 00h00m00s | stage:propagate:done ms=5 pruned=2513 changed_domains=125 entailed_tables=0
c 00h00m00s | stage:normalize:start
c 00h00m00s | stage:normalize:done ms=0 high_constraints=209
c 00h00m00s | stage:lower:start
c 00h00m00s | stage:lower:done ms=14 lowered=209 unsupported=0
c 00h00m00s | stage:post_lower:start
c 00h00m00s | stage:post_lower:done ms=13 rounds=42 tightened=43 removed_cls=7 removed_lits=40 unsat=false precise_hits=301 precise_rounds=2 pivot_recomputes=82 pivot_exact_attempts=82 pivot_general_attempts=11 pivot_general_rest_missing=0 pivot_general_bound_missing=0 pivot_general_no_change=11 pivot_general_tightened=0 setup_ms=0 loop_ms=4 pivot_ms=0 pivot_version_ms=0 pivot_exact_ms=0 pivot_general_ms=0 pivot_general_prepare_ms=0 pivot_general_rest_ms=0 pivot_general_derive_ms=0 apply_ms=0 sat_ms=0 precise_ms=9
c 00h00m00s | stage:preencode(order-ge):start
c 00h00m00s | stage:preencode(order-ge):done ms=6 int_vars=207
c 00h00m00s | stage:encode(order-ge):start
c 00h00m00s | stage:encode(order-ge):done ms=425 sat_vars=74419 sat_clauses=1379177 ext_ge_specs=2 relaxed_circuits=1
c 00h00m00s | stage:sat:init solver=CaDiCaL vars=74419 clauses=1379177
c 00h00m00s | stage:sat:solve:start round=1 circuit_cegar_rounds=1 cop_cegar_rounds=- assumptions=0 phase_lits=0
c 00h01m18s | stage:sat:solve:done round=1 ms=78412 result=Sat assumptions=0 phase_lits=0
c 00h01m18s | stage:decode:start round=1 requested_int_ids=41
c 00h01m18s | stage:decode:final:start round=1 requested_int_ids=205
c 00h01m18s | stage:decode:done round=1 int_assignments=205
c 00h01m18s | stage:relaxation:done clauses_added=0 circuit_cegar_failures=0 circuit_cegar_rounds=1 circuit_cegar_added_clauses=0 cop_cegar_failures=0 cop_cegar_rounds=0 cop_cegar_added_clauses=0
c 00h01m18s | result:Sat
c 00h02m38s | objective:incumbent kind=improvement value=532 rounds=3 improvements=2
o 532
c 00h00m00s | solve:start
c 00h00m00s | input: constraints=210
c 00h00m00s | stage:propagate:start
c 00h00m00s | stage:propagate:done ms=5 pruned=2513 changed_domains=125 entailed_tables=0
c 00h00m00s | stage:normalize:start
c 00h00m00s | stage:normalize:done ms=0 high_constraints=210
c 00h00m00s | stage:lower:start
c 00h00m00s | stage:lower:done ms=14 lowered=210 unsupported=0
c 00h00m00s | stage:post_lower:start
c 00h00m00s | stage:post_lower:done ms=13 rounds=42 tightened=43 removed_cls=7 removed_lits=40 unsat=false precise_hits=301 precise_rounds=2 pivot_recomputes=82 pivot_exact_attempts=82 pivot_general_attempts=11 pivot_general_rest_missing=0 pivot_general_bound_missing=0 pivot_general_no_change=11 pivot_general_tightened=0 setup_ms=0 loop_ms=4 pivot_ms=0 pivot_version_ms=0 pivot_exact_ms=0 pivot_general_ms=0 pivot_general_prepare_ms=0 pivot_general_rest_ms=0 pivot_general_derive_ms=0 apply_ms=0 sat_ms=0 precise_ms=9
c 00h00m00s | stage:preencode(order-ge):start
c 00h00m00s | stage:preencode(order-ge):done ms=6 int_vars=207
c 00h00m00s | stage:encode(order-ge):start
c 00h00m00s | stage:encode(order-ge):done ms=423 sat_vars=74419 sat_clauses=1379552 ext_ge_specs=2 relaxed_circuits=1
c 00h00m00s | stage:sat:init solver=CaDiCaL vars=74419 clauses=1379552
c 00h00m00s | stage:sat:solve:start round=1 circuit_cegar_rounds=1 cop_cegar_rounds=- assumptions=0 phase_lits=0
c 00h00m35s | stage:sat:solve:done round=1 ms=35144 result=Sat assumptions=0 phase_lits=0
c 00h00m35s | stage:decode:start round=1 requested_int_ids=41
c 00h00m35s | stage:decode:final:start round=1 requested_int_ids=205
c 00h00m35s | stage:decode:done round=1 int_assignments=205
c 00h00m35s | stage:relaxation:done clauses_added=0 circuit_cegar_failures=0 circuit_cegar_rounds=1 circuit_cegar_added_clauses=0 cop_cegar_failures=0 cop_cegar_rounds=0 cop_cegar_added_clauses=0
c 00h00m35s | result:Sat
c 00h03m14s | objective:incumbent kind=improvement value=531 rounds=4 improvements=3
o 531
c 00h00m00s | solve:start
c 00h00m00s | input: constraints=211
c 00h00m00s | stage:propagate:start
c 00h00m00s | stage:propagate:done ms=5 pruned=2513 changed_domains=125 entailed_tables=0
c 00h00m00s | stage:normalize:start
c 00h00m00s | stage:normalize:done ms=0 high_constraints=211
c 00h00m00s | stage:lower:start
c 00h00m00s | stage:lower:done ms=14 lowered=211 unsupported=0
c 00h00m00s | stage:post_lower:start
c 00h00m00s | stage:post_lower:done ms=13 rounds=42 tightened=43 removed_cls=7 removed_lits=40 unsat=false precise_hits=301 precise_rounds=2 pivot_recomputes=82 pivot_exact_attempts=82 pivot_general_attempts=11 pivot_general_rest_missing=0 pivot_general_bound_missing=0 pivot_general_no_change=11 pivot_general_tightened=0 setup_ms=0 loop_ms=4 pivot_ms=0 pivot_version_ms=0 pivot_exact_ms=0 pivot_general_ms=0 pivot_general_prepare_ms=0 pivot_general_rest_ms=0 pivot_general_derive_ms=0 apply_ms=0 sat_ms=0 precise_ms=9
c 00h00m00s | stage:preencode(order-ge):start
c 00h00m00s | stage:preencode(order-ge):done ms=6 int_vars=207
c 00h00m00s | stage:encode(order-ge):start
c 00h00m00s | stage:encode(order-ge):done ms=433 sat_vars=74419 sat_clauses=1379926 ext_ge_specs=2 relaxed_circuits=1
c 00h00m00s | stage:sat:init solver=CaDiCaL vars=74419 clauses=1379926
c 00h00m00s | stage:sat:solve:start round=1 circuit_cegar_rounds=1 cop_cegar_rounds=- assumptions=0 phase_lits=0
c 00h01m31s | stage:sat:solve:done round=1 ms=91400 result=Sat assumptions=0 phase_lits=0
c 00h01m31s | stage:decode:start round=1 requested_int_ids=41
c 00h01m31s | stage:decode:final:start round=1 requested_int_ids=205
c 00h01m31s | stage:decode:done round=1 int_assignments=205
c 00h01m31s | stage:relaxation:done clauses_added=0 circuit_cegar_failures=0 circuit_cegar_rounds=1 circuit_cegar_added_clauses=0 cop_cegar_failures=0 cop_cegar_rounds=0 cop_cegar_added_clauses=0
c 00h01m31s | result:Sat
c 00h04m45s | objective:incumbent kind=improvement value=518 rounds=5 improvements=4
o 518
c 00h00m00s | solve:start
c 00h00m00s | input: constraints=212
c 00h00m00s | stage:propagate:start
c 00h00m00s | stage:propagate:done ms=5 pruned=2513 changed_domains=125 entailed_tables=0
c 00h00m00s | stage:normalize:start
c 00h00m00s | stage:normalize:done ms=0 high_constraints=212
c 00h00m00s | stage:lower:start
c 00h00m00s | stage:lower:done ms=15 lowered=212 unsupported=0
c 00h00m00s | stage:post_lower:start
c 00h00m00s | stage:post_lower:done ms=14 rounds=42 tightened=43 removed_cls=7 removed_lits=40 unsat=false precise_hits=301 precise_rounds=2 pivot_recomputes=82 pivot_exact_attempts=82 pivot_general_attempts=11 pivot_general_rest_missing=0 pivot_general_bound_missing=0 pivot_general_no_change=11 pivot_general_tightened=0 setup_ms=0 loop_ms=4 pivot_ms=0 pivot_version_ms=0 pivot_exact_ms=0 pivot_general_ms=0 pivot_general_prepare_ms=0 pivot_general_rest_ms=0 pivot_general_derive_ms=0 apply_ms=0 sat_ms=0 precise_ms=9
c 00h00m00s | stage:preencode(order-ge):start
c 00h00m00s | stage:preencode(order-ge):done ms=6 int_vars=207
c 00h00m00s | stage:encode(order-ge):start
c 00h00m00s | stage:encode(order-ge):done ms=418 sat_vars=74419 sat_clauses=1380287 ext_ge_specs=2 relaxed_circuits=1
c 00h00m00s | stage:sat:init solver=CaDiCaL vars=74419 clauses=1380287
c 00h00m00s | stage:sat:solve:start round=1 circuit_cegar_rounds=1 cop_cegar_rounds=- assumptions=0 phase_lits=0
c 00h01m11s | stage:sat:solve:done round=1 ms=70981 result=Sat assumptions=0 phase_lits=0
c 00h01m11s | stage:decode:start round=1 requested_int_ids=41
c 00h01m11s | stage:decode:final:start round=1 requested_int_ids=205
c 00h01m11s | stage:decode:done round=1 int_assignments=205
c 00h01m11s | stage:relaxation:done clauses_added=0 circuit_cegar_failures=0 circuit_cegar_rounds=1 circuit_cegar_added_clauses=0 cop_cegar_failures=0 cop_cegar_rounds=0 cop_cegar_added_clauses=0
c 00h01m11s | result:Sat
c 00h05m57s | objective:incumbent kind=improvement value=517 rounds=6 improvements=5
o 517
c 00h00m00s | solve:start
c 00h00m00s | input: constraints=213
c 00h00m00s | stage:propagate:start
c 00h00m00s | stage:propagate:done ms=5 pruned=2513 changed_domains=125 entailed_tables=0
c 00h00m00s | stage:normalize:start
c 00h00m00s | stage:normalize:done ms=0 high_constraints=213
c 00h00m00s | stage:lower:start
c 00h00m00s | stage:lower:done ms=15 lowered=213 unsupported=0
c 00h00m00s | stage:post_lower:start
c 00h00m00s | stage:post_lower:done ms=14 rounds=42 tightened=43 removed_cls=7 removed_lits=40 unsat=false precise_hits=301 precise_rounds=2 pivot_recomputes=82 pivot_exact_attempts=82 pivot_general_attempts=11 pivot_general_rest_missing=0 pivot_general_bound_missing=0 pivot_general_no_change=11 pivot_general_tightened=0 setup_ms=0 loop_ms=4 pivot_ms=0 pivot_version_ms=0 pivot_exact_ms=0 pivot_general_ms=0 pivot_general_prepare_ms=0 pivot_general_rest_ms=0 pivot_general_derive_ms=0 apply_ms=0 sat_ms=0 precise_ms=9
c 00h00m00s | stage:preencode(order-ge):start
c 00h00m00s | stage:preencode(order-ge):done ms=7 int_vars=207
c 00h00m00s | stage:encode(order-ge):start
c 00h00m00s | stage:encode(order-ge):done ms=447 sat_vars=74419 sat_clauses=1380647 ext_ge_specs=2 relaxed_circuits=1
c 00h00m00s | stage:sat:init solver=CaDiCaL vars=74419 clauses=1380647
c 00h00m00s | stage:sat:solve:start round=1 circuit_cegar_rounds=1 cop_cegar_rounds=- assumptions=0 phase_lits=0
c 00h00m31s | stage:sat:solve:done round=1 ms=31210 result=Sat assumptions=0 phase_lits=0
c 00h00m31s | stage:decode:start round=1 requested_int_ids=41
c 00h00m31s | stage:decode:final:start round=1 requested_int_ids=205
c 00h00m31s | stage:decode:done round=1 int_assignments=205
c 00h00m31s | stage:relaxation:done clauses_added=0 circuit_cegar_failures=0 circuit_cegar_rounds=1 circuit_cegar_added_clauses=0 cop_cegar_failures=0 cop_cegar_rounds=0 cop_cegar_added_clauses=0
c 00h00m31s | result:Sat
c 00h06m29s | objective:incumbent kind=improvement value=515 rounds=7 improvements=6
o 515
c 00h00m00s | solve:start
c 00h00m00s | input: constraints=214
c 00h00m00s | stage:propagate:start
c 00h00m00s | stage:propagate:done ms=5 pruned=2513 changed_domains=125 entailed_tables=0
c 00h00m00s | stage:normalize:start
c 00h00m00s | stage:normalize:done ms=0 high_constraints=214
c 00h00m00s | stage:lower:start
c 00h00m00s | stage:lower:done ms=15 lowered=214 unsupported=0
c 00h00m00s | stage:post_lower:start
c 00h00m00s | stage:post_lower:done ms=14 rounds=42 tightened=43 removed_cls=7 removed_lits=40 unsat=false precise_hits=301 precise_rounds=2 pivot_recomputes=82 pivot_exact_attempts=82 pivot_general_attempts=11 pivot_general_rest_missing=0 pivot_general_bound_missing=0 pivot_general_no_change=11 pivot_general_tightened=0 setup_ms=0 loop_ms=4 pivot_ms=0 pivot_version_ms=0 pivot_exact_ms=0 pivot_general_ms=0 pivot_general_prepare_ms=0 pivot_general_rest_ms=0 pivot_general_derive_ms=0 apply_ms=0 sat_ms=0 precise_ms=9
c 00h00m00s | stage:preencode(order-ge):start
c 00h00m00s | stage:preencode(order-ge):done ms=6 int_vars=207
c 00h00m00s | stage:encode(order-ge):start
c 00h00m00s | stage:encode(order-ge):done ms=421 sat_vars=74419 sat_clauses=1381005 ext_ge_specs=2 relaxed_circuits=1
c 00h00m00s | stage:sat:init solver=CaDiCaL vars=74419 clauses=1381005
c 00h00m00s | stage:sat:solve:start round=1 circuit_cegar_rounds=1 cop_cegar_rounds=- assumptions=0 phase_lits=0
c 00h00m44s | stage:sat:solve:done round=1 ms=43867 result=Sat assumptions=0 phase_lits=0
c 00h00m44s | stage:decode:start round=1 requested_int_ids=41
c 00h00m44s | stage:decode:final:start round=1 requested_int_ids=205
c 00h00m44s | stage:decode:done round=1 int_assignments=205
c 00h00m44s | stage:relaxation:done clauses_added=0 circuit_cegar_failures=0 circuit_cegar_rounds=1 circuit_cegar_added_clauses=0 cop_cegar_failures=0 cop_cegar_rounds=0 cop_cegar_added_clauses=0
c 00h00m44s | result:Sat
c 00h07m13s | objective:incumbent kind=improvement value=514 rounds=8 improvements=7
o 514
c 00h00m00s | solve:start
c 00h00m00s | input: constraints=215
c 00h00m00s | stage:propagate:start
c 00h00m00s | stage:propagate:done ms=5 pruned=2513 changed_domains=125 entailed_tables=0
c 00h00m00s | stage:normalize:start
c 00h00m00s | stage:normalize:done ms=0 high_constraints=215
c 00h00m00s | stage:lower:start
c 00h00m00s | stage:lower:done ms=15 lowered=215 unsupported=0
c 00h00m00s | stage:post_lower:start
c 00h00m00s | stage:post_lower:done ms=13 rounds=42 tightened=43 removed_cls=7 removed_lits=40 unsat=false precise_hits=301 precise_rounds=2 pivot_recomputes=82 pivot_exact_attempts=82 pivot_general_attempts=11 pivot_general_rest_missing=0 pivot_general_bound_missing=0 pivot_general_no_change=11 pivot_general_tightened=0 setup_ms=0 loop_ms=4 pivot_ms=0 pivot_version_ms=0 pivot_exact_ms=0 pivot_general_ms=0 pivot_general_prepare_ms=0 pivot_general_rest_ms=0 pivot_general_derive_ms=0 apply_ms=0 sat_ms=0 precise_ms=9
c 00h00m00s | stage:preencode(order-ge):start
c 00h00m00s | stage:preencode(order-ge):done ms=7 int_vars=207
c 00h00m00s | stage:encode(order-ge):start
c 00h00m00s | stage:encode(order-ge):done ms=423 sat_vars=74419 sat_clauses=1381362 ext_ge_specs=2 relaxed_circuits=1
c 00h00m00s | stage:sat:init solver=CaDiCaL vars=74419 clauses=1381362
c 00h00m00s | stage:sat:solve:start round=1 circuit_cegar_rounds=1 cop_cegar_rounds=- assumptions=0 phase_lits=0
c 00h01m13s | stage:sat:solve:done round=1 ms=72731 result=Sat assumptions=0 phase_lits=0
c 00h01m13s | stage:decode:start round=1 requested_int_ids=41
c 00h01m13s | stage:decode:final:start round=1 requested_int_ids=205
c 00h01m13s | stage:decode:done round=1 int_assignments=205
c 00h01m13s | stage:relaxation:done clauses_added=0 circuit_cegar_failures=0 circuit_cegar_rounds=1 circuit_cegar_added_clauses=0 cop_cegar_failures=0 cop_cegar_rounds=0 cop_cegar_added_clauses=0
c 00h01m13s | result:Sat
c 00h08m26s | objective:incumbent kind=improvement value=512 rounds=9 improvements=8
o 512
c 00h00m00s | solve:start
c 00h00m00s | input: constraints=216
c 00h00m00s | stage:propagate:start
c 00h00m00s | stage:propagate:done ms=5 pruned=2513 changed_domains=125 entailed_tables=0
c 00h00m00s | stage:normalize:start
c 00h00m00s | stage:normalize:done ms=0 high_constraints=216
c 00h00m00s | stage:lower:start
c 00h00m00s | stage:lower:done ms=16 lowered=216 unsupported=0
c 00h00m00s | stage:post_lower:start
c 00h00m00s | stage:post_lower:done ms=14 rounds=42 tightened=43 removed_cls=7 removed_lits=40 unsat=false precise_hits=301 precise_rounds=2 pivot_recomputes=82 pivot_exact_attempts=82 pivot_general_attempts=11 pivot_general_rest_missing=0 pivot_general_bound_missing=0 pivot_general_no_change=11 pivot_general_tightened=0 setup_ms=0 loop_ms=4 pivot_ms=0 pivot_version_ms=0 pivot_exact_ms=0 pivot_general_ms=0 pivot_general_prepare_ms=0 pivot_general_rest_ms=0 pivot_general_derive_ms=0 apply_ms=0 sat_ms=0 precise_ms=9
c 00h00m00s | stage:preencode(order-ge):start
c 00h00m00s | stage:preencode(order-ge):done ms=7 int_vars=207
c 00h00m00s | stage:encode(order-ge):start
c 00h00m00s | stage:encode(order-ge):done ms=421 sat_vars=74419 sat_clauses=1381717 ext_ge_specs=2 relaxed_circuits=1
c 00h00m00s | stage:sat:init solver=CaDiCaL vars=74419 clauses=1381717
c 00h00m00s | stage:sat:solve:start round=1 circuit_cegar_rounds=1 cop_cegar_rounds=- assumptions=0 phase_lits=0
c 00h00m32s | stage:sat:solve:done round=1 ms=32286 result=Sat assumptions=0 phase_lits=0
c 00h00m32s | stage:decode:start round=1 requested_int_ids=41
c 00h00m32s | stage:decode:final:start round=1 requested_int_ids=205
c 00h00m32s | stage:decode:done round=1 int_assignments=205
c 00h00m32s | stage:relaxation:done clauses_added=0 circuit_cegar_failures=0 circuit_cegar_rounds=1 circuit_cegar_added_clauses=0 cop_cegar_failures=0 cop_cegar_rounds=0 cop_cegar_added_clauses=0
c 00h00m32s | result:Sat
c 00h08m59s | objective:incumbent kind=improvement value=511 rounds=10 improvements=9
o 511
c 00h00m00s | solve:start
c 00h00m00s | input: constraints=217
c 00h00m00s | stage:propagate:start
c 00h00m00s | stage:propagate:done ms=5 pruned=2513 changed_domains=125 entailed_tables=0
c 00h00m00s | stage:normalize:start
c 00h00m00s | stage:normalize:done ms=0 high_constraints=217
c 00h00m00s | stage:lower:start
c 00h00m00s | stage:lower:done ms=15 lowered=217 unsupported=0
c 00h00m00s | stage:post_lower:start
c 00h00m00s | stage:post_lower:done ms=14 rounds=42 tightened=43 removed_cls=7 removed_lits=40 unsat=false precise_hits=301 precise_rounds=2 pivot_recomputes=82 pivot_exact_attempts=82 pivot_general_attempts=11 pivot_general_rest_missing=0 pivot_general_bound_missing=0 pivot_general_no_change=11 pivot_general_tightened=0 setup_ms=0 loop_ms=4 pivot_ms=0 pivot_version_ms=0 pivot_exact_ms=0 pivot_general_ms=0 pivot_general_prepare_ms=0 pivot_general_rest_ms=0 pivot_general_derive_ms=0 apply_ms=0 sat_ms=0 precise_ms=9
c 00h00m00s | stage:preencode(order-ge):start
c 00h00m00s | stage:preencode(order-ge):done ms=7 int_vars=207
c 00h00m00s | stage:encode(order-ge):start
c 00h00m00s | stage:encode(order-ge):done ms=399 sat_vars=74419 sat_clauses=1382071 ext_ge_specs=2 relaxed_circuits=1
c 00h00m00s | stage:sat:init solver=CaDiCaL vars=74419 clauses=1382071
c 00h00m00s | stage:sat:solve:start round=1 circuit_cegar_rounds=1 cop_cegar_rounds=- assumptions=0 phase_lits=0
c 00h02m09s | stage:sat:solve:done round=1 ms=128632 result=Sat assumptions=0 phase_lits=0
c 00h02m09s | stage:decode:start round=1 requested_int_ids=41
c 00h02m09s | stage:decode:final:start round=1 requested_int_ids=205
c 00h02m09s | stage:decode:done round=1 int_assignments=205
c 00h02m09s | stage:relaxation:done clauses_added=0 circuit_cegar_failures=0 circuit_cegar_rounds=1 circuit_cegar_added_clauses=0 cop_cegar_failures=0 cop_cegar_rounds=0 cop_cegar_added_clauses=0
c 00h02m09s | result:Sat
c 00h11m08s | objective:incumbent kind=improvement value=510 rounds=11 improvements=10
o 510
c 00h00m00s | solve:start
c 00h00m00s | input: constraints=218
c 00h00m00s | stage:propagate:start
c 00h00m00s | stage:propagate:done ms=5 pruned=2513 changed_domains=125 entailed_tables=0
c 00h00m00s | stage:normalize:start
c 00h00m00s | stage:normalize:done ms=0 high_constraints=218
c 00h00m00s | stage:lower:start
c 00h00m00s | stage:lower:done ms=16 lowered=218 unsupported=0
c 00h00m00s | stage:post_lower:start
c 00h00m00s | stage:post_lower:done ms=14 rounds=42 tightened=43 removed_cls=7 removed_lits=40 unsat=false precise_hits=301 precise_rounds=2 pivot_recomputes=82 pivot_exact_attempts=82 pivot_general_attempts=11 pivot_general_rest_missing=0 pivot_general_bound_missing=0 pivot_general_no_change=11 pivot_general_tightened=0 setup_ms=0 loop_ms=4 pivot_ms=0 pivot_version_ms=0 pivot_exact_ms=0 pivot_general_ms=0 pivot_general_prepare_ms=0 pivot_general_rest_ms=0 pivot_general_derive_ms=0 apply_ms=0 sat_ms=0 precise_ms=9
c 00h00m00s | stage:preencode(order-ge):start
c 00h00m00s | stage:preencode(order-ge):done ms=7 int_vars=207
c 00h00m00s | stage:encode(order-ge):start
c 00h00m00s | stage:encode(order-ge):done ms=401 sat_vars=74419 sat_clauses=1382424 ext_ge_specs=2 relaxed_circuits=1
c 00h00m00s | stage:sat:init solver=CaDiCaL vars=74419 clauses=1382424
c 00h00m00s | stage:sat:solve:start round=1 circuit_cegar_rounds=1 cop_cegar_rounds=- assumptions=0 phase_lits=0
c 00h00m26s | stage:sat:solve:done round=1 ms=25808 result=Sat assumptions=0 phase_lits=0
c 00h00m26s | stage:decode:start round=1 requested_int_ids=41
c 00h00m26s | stage:decode:final:start round=1 requested_int_ids=205
c 00h00m26s | stage:decode:done round=1 int_assignments=205
c 00h00m26s | stage:relaxation:done clauses_added=0 circuit_cegar_failures=0 circuit_cegar_rounds=1 circuit_cegar_added_clauses=0 cop_cegar_failures=0 cop_cegar_rounds=0 cop_cegar_added_clauses=0
c 00h00m26s | result:Sat
c 00h11m34s | objective:incumbent kind=improvement value=508 rounds=12 improvements=11
o 508
c 00h00m00s | solve:start
c 00h00m00s | input: constraints=219
c 00h00m00s | stage:propagate:start
c 00h00m00s | stage:propagate:done ms=5 pruned=2513 changed_domains=125 entailed_tables=0
c 00h00m00s | stage:normalize:start
c 00h00m00s | stage:normalize:done ms=0 high_constraints=219
c 00h00m00s | stage:lower:start
c 00h00m00s | stage:lower:done ms=16 lowered=219 unsupported=0
c 00h00m00s | stage:post_lower:start
c 00h00m00s | stage:post_lower:done ms=14 rounds=42 tightened=43 removed_cls=7 removed_lits=40 unsat=false precise_hits=301 precise_rounds=2 pivot_recomputes=82 pivot_exact_attempts=82 pivot_general_attempts=11 pivot_general_rest_missing=0 pivot_general_bound_missing=0 pivot_general_no_change=11 pivot_general_tightened=0 setup_ms=0 loop_ms=4 pivot_ms=0 pivot_version_ms=0 pivot_exact_ms=0 pivot_general_ms=0 pivot_general_prepare_ms=0 pivot_general_rest_ms=0 pivot_general_derive_ms=0 apply_ms=0 sat_ms=0 precise_ms=9
c 00h00m00s | stage:preencode(order-ge):start
c 00h00m00s | stage:preencode(order-ge):done ms=7 int_vars=207
c 00h00m00s | stage:encode(order-ge):start
c 00h00m00s | stage:encode(order-ge):done ms=401 sat_vars=74419 sat_clauses=1382775 ext_ge_specs=2 relaxed_circuits=1
c 00h00m00s | stage:sat:init solver=CaDiCaL vars=74419 clauses=1382775
c 00h00m00s | stage:sat:solve:start round=1 circuit_cegar_rounds=1 cop_cegar_rounds=- assumptions=0 phase_lits=0
c 00h05m57s | stage:sat:solve:done round=1 ms=357075 result=Sat assumptions=0 phase_lits=0
c 00h05m57s | stage:decode:start round=1 requested_int_ids=41
c 00h05m57s | stage:decode:final:start round=1 requested_int_ids=205
c 00h05m57s | stage:decode:done round=1 int_assignments=205
c 00h05m57s | stage:relaxation:done clauses_added=0 circuit_cegar_failures=0 circuit_cegar_rounds=1 circuit_cegar_added_clauses=0 cop_cegar_failures=0 cop_cegar_rounds=0 cop_cegar_added_clauses=0
c 00h05m57s | result:Sat
c 00h17m32s | objective:incumbent kind=improvement value=506 rounds=13 improvements=12
o 506
c 00h00m00s | solve:start
c 00h00m00s | input: constraints=220
c 00h00m00s | stage:propagate:start
c 00h00m00s | stage:propagate:done ms=14 pruned=2513 changed_domains=125 entailed_tables=0
c 00h00m00s | stage:normalize:start
c 00h00m00s | stage:normalize:done ms=0 high_constraints=220
c 00h00m00s | stage:lower:start
c 00h00m00s | stage:lower:done ms=27 lowered=220 unsupported=0
c 00h00m00s | stage:post_lower:start
c 00h00m00s | stage:post_lower:done ms=16 rounds=42 tightened=43 removed_cls=7 removed_lits=40 unsat=false precise_hits=301 precise_rounds=2 pivot_recomputes=82 pivot_exact_attempts=82 pivot_general_attempts=11 pivot_general_rest_missing=0 pivot_general_bound_missing=0 pivot_general_no_change=11 pivot_general_tightened=0 setup_ms=1 loop_ms=5 pivot_ms=0 pivot_version_ms=0 pivot_exact_ms=0 pivot_general_ms=0 pivot_general_prepare_ms=0 pivot_general_rest_ms=0 pivot_general_derive_ms=0 apply_ms=0 sat_ms=0 precise_ms=9
c 00h00m00s | stage:preencode(order-ge):start
c 00h00m00s | stage:preencode(order-ge):done ms=12 int_vars=207
c 00h00m00s | stage:encode(order-ge):start
c 00h00m00s | stage:encode(order-ge):done ms=415 sat_vars=74419 sat_clauses=1383124 ext_ge_specs=2 relaxed_circuits=1
c 00h00m00s | stage:sat:init solver=CaDiCaL vars=74419 clauses=1383124
c 00h00m00s | stage:sat:solve:start round=1 circuit_cegar_rounds=1 cop_cegar_rounds=- assumptions=0 phase_lits=0
c 00h01m33s | stage:sat:solve:done round=1 ms=93403 result=Sat assumptions=0 phase_lits=0
c 00h01m33s | stage:decode:start round=1 requested_int_ids=41
c 00h01m33s | stage:decode:final:start round=1 requested_int_ids=205
c 00h01m33s | stage:decode:done round=1 int_assignments=205
c 00h01m33s | stage:relaxation:done clauses_added=0 circuit_cegar_failures=0 circuit_cegar_rounds=1 circuit_cegar_added_clauses=0 cop_cegar_failures=0 cop_cegar_rounds=0 cop_cegar_added_clauses=0
c 00h01m33s | result:Sat
c 00h19m06s | objective:incumbent kind=improvement value=505 rounds=14 improvements=13
o 505
c 00h00m00s | solve:start
c 00h00m00s | input: constraints=221
c 00h00m00s | stage:propagate:start
c 00h00m00s | stage:propagate:done ms=5 pruned=2513 changed_domains=125 entailed_tables=0
c 00h00m00s | stage:normalize:start
c 00h00m00s | stage:normalize:done ms=0 high_constraints=221
c 00h00m00s | stage:lower:start
c 00h00m00s | stage:lower:done ms=16 lowered=221 unsupported=0
c 00h00m00s | stage:post_lower:start
c 00h00m00s | stage:post_lower:done ms=14 rounds=42 tightened=43 removed_cls=7 removed_lits=40 unsat=false precise_hits=301 precise_rounds=2 pivot_recomputes=82 pivot_exact_attempts=82 pivot_general_attempts=11 pivot_general_rest_missing=0 pivot_general_bound_missing=0 pivot_general_no_change=11 pivot_general_tightened=0 setup_ms=0 loop_ms=4 pivot_ms=0 pivot_version_ms=0 pivot_exact_ms=0 pivot_general_ms=0 pivot_general_prepare_ms=0 pivot_general_rest_ms=0 pivot_general_derive_ms=0 apply_ms=0 sat_ms=0 precise_ms=9
c 00h00m00s | stage:preencode(order-ge):start
c 00h00m00s | stage:preencode(order-ge):done ms=7 int_vars=207
c 00h00m00s | stage:encode(order-ge):start
c 00h00m00s | stage:encode(order-ge):done ms=401 sat_vars=74419 sat_clauses=1383472 ext_ge_specs=2 relaxed_circuits=1
c 00h00m00s | stage:sat:init solver=CaDiCaL vars=74419 clauses=1383472
c 00h00m00s | stage:sat:solve:start round=1 circuit_cegar_rounds=1 cop_cegar_rounds=- assumptions=0 phase_lits=0
c 00h02m40s | stage:sat:solve:done round=1 ms=160150 result=Sat assumptions=0 phase_lits=0
c 00h02m40s | stage:decode:start round=1 requested_int_ids=41
c 00h02m40s | stage:decode:final:start round=1 requested_int_ids=205
c 00h02m40s | stage:decode:done round=1 int_assignments=205
c 00h02m40s | stage:relaxation:done clauses_added=0 circuit_cegar_failures=0 circuit_cegar_rounds=1 circuit_cegar_added_clauses=0 cop_cegar_failures=0 cop_cegar_rounds=0 cop_cegar_added_clauses=0
c 00h02m40s | result:Sat
c 00h21m46s | objective:incumbent kind=improvement value=504 rounds=15 improvements=14
o 504
c 00h00m00s | solve:start
c 00h00m00s | input: constraints=222
c 00h00m00s | stage:propagate:start
c 00h00m00s | stage:propagate:done ms=5 pruned=2513 changed_domains=125 entailed_tables=0
c 00h00m00s | stage:normalize:start
c 00h00m00s | stage:normalize:done ms=0 high_constraints=222
c 00h00m00s | stage:lower:start
c 00h00m00s | stage:lower:done ms=17 lowered=222 unsupported=0
c 00h00m00s | stage:post_lower:start
c 00h00m00s | stage:post_lower:done ms=14 rounds=42 tightened=43 removed_cls=7 removed_lits=40 unsat=false precise_hits=301 precise_rounds=2 pivot_recomputes=82 pivot_exact_attempts=82 pivot_general_attempts=11 pivot_general_rest_missing=0 pivot_general_bound_missing=0 pivot_general_no_change=11 pivot_general_tightened=0 setup_ms=0 loop_ms=4 pivot_ms=0 pivot_version_ms=0 pivot_exact_ms=0 pivot_general_ms=0 pivot_general_prepare_ms=0 pivot_general_rest_ms=0 pivot_general_derive_ms=0 apply_ms=0 sat_ms=0 precise_ms=9
c 00h00m00s | stage:preencode(order-ge):start
c 00h00m00s | stage:preencode(order-ge):done ms=7 int_vars=207
c 00h00m00s | stage:encode(order-ge):start
c 00h00m00s | stage:encode(order-ge):done ms=401 sat_vars=74419 sat_clauses=1383819 ext_ge_specs=2 relaxed_circuits=1
c 00h00m00s | stage:sat:init solver=CaDiCaL vars=74419 clauses=1383819
c 00h00m00s | stage:sat:solve:start round=1 circuit_cegar_rounds=1 cop_cegar_rounds=- assumptions=0 phase_lits=0
c 00h02m21s | stage:sat:solve:done round=1 ms=140809 result=Sat assumptions=0 phase_lits=0
c 00h02m21s | stage:decode:start round=1 requested_int_ids=41
c 00h02m21s | stage:decode:final:start round=1 requested_int_ids=205
c 00h02m21s | stage:decode:done round=1 int_assignments=205
c 00h02m21s | stage:relaxation:done clauses_added=0 circuit_cegar_failures=0 circuit_cegar_rounds=1 circuit_cegar_added_clauses=0 cop_cegar_failures=0 cop_cegar_rounds=0 cop_cegar_added_clauses=0
c 00h02m21s | result:Sat
c 00h24m08s | objective:incumbent kind=improvement value=502 rounds=16 improvements=15
o 502
c 00h00m00s | solve:start
c 00h00m00s | input: constraints=223
c 00h00m00s | stage:propagate:start
c 00h00m00s | stage:propagate:done ms=5 pruned=2513 changed_domains=125 entailed_tables=0
c 00h00m00s | stage:normalize:start
c 00h00m00s | stage:normalize:done ms=0 high_constraints=223
c 00h00m00s | stage:lower:start
c 00h00m00s | stage:lower:done ms=17 lowered=223 unsupported=0
c 00h00m00s | stage:post_lower:start
c 00h00m00s | stage:post_lower:done ms=14 rounds=42 tightened=43 removed_cls=7 removed_lits=40 unsat=false precise_hits=301 precise_rounds=2 pivot_recomputes=82 pivot_exact_attempts=82 pivot_general_attempts=11 pivot_general_rest_missing=0 pivot_general_bound_missing=0 pivot_general_no_change=11 pivot_general_tightened=0 setup_ms=0 loop_ms=4 pivot_ms=0 pivot_version_ms=0 pivot_exact_ms=0 pivot_general_ms=0 pivot_general_prepare_ms=0 pivot_general_rest_ms=0 pivot_general_derive_ms=0 apply_ms=0 sat_ms=0 precise_ms=9
c 00h00m00s | stage:preencode(order-ge):start
c 00h00m00s | stage:preencode(order-ge):done ms=7 int_vars=207
c 00h00m00s | stage:encode(order-ge):start
c 00h00m00s | stage:encode(order-ge):done ms=401 sat_vars=74419 sat_clauses=1384164 ext_ge_specs=2 relaxed_circuits=1
c 00h00m00s | stage:sat:init solver=CaDiCaL vars=74419 clauses=1384164
c 00h00m00s | stage:sat:solve:start round=1 circuit_cegar_rounds=1 cop_cegar_rounds=- assumptions=0 phase_lits=0
c 00h00m38s | stage:sat:solve:done round=1 ms=38498 result=Sat assumptions=0 phase_lits=0
c 00h00m38s | stage:decode:start round=1 requested_int_ids=41
c 00h00m38s | stage:decode:final:start round=1 requested_int_ids=205
c 00h00m38s | stage:decode:done round=1 int_assignments=205
c 00h00m38s | stage:relaxation:done clauses_added=0 circuit_cegar_failures=0 circuit_cegar_rounds=1 circuit_cegar_added_clauses=0 cop_cegar_failures=0 cop_cegar_rounds=0 cop_cegar_added_clauses=0
c 00h00m38s | result:Sat
c 00h24m47s | objective:incumbent kind=improvement value=499 rounds=17 improvements=16
o 499
c 00h00m00s | solve:start
c 00h00m00s | input: constraints=224
c 00h00m00s | stage:propagate:start
c 00h00m00s | stage:propagate:done ms=5 pruned=2513 changed_domains=125 entailed_tables=0
c 00h00m00s | stage:normalize:start
c 00h00m00s | stage:normalize:done ms=0 high_constraints=224
c 00h00m00s | stage:lower:start
c 00h00m00s | stage:lower:done ms=17 lowered=224 unsupported=0
c 00h00m00s | stage:post_lower:start
c 00h00m00s | stage:post_lower:done ms=14 rounds=42 tightened=43 removed_cls=7 removed_lits=40 unsat=false precise_hits=301 precise_rounds=2 pivot_recomputes=82 pivot_exact_attempts=82 pivot_general_attempts=11 pivot_general_rest_missing=0 pivot_general_bound_missing=0 pivot_general_no_change=11 pivot_general_tightened=0 setup_ms=0 loop_ms=4 pivot_ms=0 pivot_version_ms=0 pivot_exact_ms=0 pivot_general_ms=0 pivot_general_prepare_ms=0 pivot_general_rest_ms=0 pivot_general_derive_ms=0 apply_ms=0 sat_ms=0 precise_ms=9
c 00h00m00s | stage:preencode(order-ge):start
c 00h00m00s | stage:preencode(order-ge):done ms=7 int_vars=207
c 00h00m00s | stage:encode(order-ge):start
c 00h00m00s | stage:encode(order-ge):done ms=401 sat_vars=74419 sat_clauses=1384506 ext_ge_specs=2 relaxed_circuits=1
c 00h00m00s | stage:sat:init solver=CaDiCaL vars=74419 clauses=1384506
c 00h00m00s | stage:sat:solve:start round=1 circuit_cegar_rounds=1 cop_cegar_rounds=- assumptions=0 phase_lits=0
c 00h02m26s | stage:sat:solve:done round=1 ms=146086 result=Sat assumptions=0 phase_lits=0
c 00h02m26s | stage:decode:start round=1 requested_int_ids=41
c 00h02m26s | stage:decode:final:start round=1 requested_int_ids=205
c 00h02m26s | stage:decode:done round=1 int_assignments=205
c 00h02m26s | stage:relaxation:done clauses_added=0 circuit_cegar_failures=0 circuit_cegar_rounds=1 circuit_cegar_added_clauses=0 cop_cegar_failures=0 cop_cegar_rounds=0 cop_cegar_added_clauses=0
c 00h02m26s | result:Sat
c 00h27m13s | objective:incumbent kind=improvement value=498 rounds=18 improvements=17
o 498
c 00h00m00s | solve:start
c 00h00m00s | input: constraints=225
c 00h00m00s | stage:propagate:start
c 00h00m00s | stage:propagate:done ms=15 pruned=2513 changed_domains=125 entailed_tables=0
c 00h00m00s | stage:normalize:start
c 00h00m00s | stage:normalize:done ms=0 high_constraints=225
c 00h00m00s | stage:lower:start
c 00h00m00s | stage:lower:done ms=29 lowered=225 unsupported=0
c 00h00m00s | stage:post_lower:start
c 00h00m00s | stage:post_lower:done ms=16 rounds=42 tightened=43 removed_cls=7 removed_lits=40 unsat=false precise_hits=301 precise_rounds=2 pivot_recomputes=82 pivot_exact_attempts=82 pivot_general_attempts=11 pivot_general_rest_missing=0 pivot_general_bound_missing=0 pivot_general_no_change=11 pivot_general_tightened=0 setup_ms=1 loop_ms=5 pivot_ms=0 pivot_version_ms=0 pivot_exact_ms=0 pivot_general_ms=0 pivot_general_prepare_ms=0 pivot_general_rest_ms=0 pivot_general_derive_ms=0 apply_ms=0 sat_ms=0 precise_ms=9
c 00h00m00s | stage:preencode(order-ge):start
c 00h00m00s | stage:preencode(order-ge):done ms=13 int_vars=207
c 00h00m00s | stage:encode(order-ge):start
c 00h00m00s | stage:encode(order-ge):done ms=442 sat_vars=74419 sat_clauses=1384847 ext_ge_specs=2 relaxed_circuits=1
c 00h00m00s | stage:sat:init solver=CaDiCaL vars=74419 clauses=1384847
c 00h00m00s | stage:sat:solve:start round=1 circuit_cegar_rounds=1 cop_cegar_rounds=- assumptions=0 phase_lits=0
c 00h01m29s | stage:sat:solve:done round=1 ms=89123 result=Sat assumptions=0 phase_lits=0
c 00h01m29s | stage:decode:start round=1 requested_int_ids=41
c 00h01m29s | stage:decode:final:start round=1 requested_int_ids=205
c 00h01m29s | stage:decode:done round=1 int_assignments=205
c 00h01m29s | stage:relaxation:done clauses_added=0 circuit_cegar_failures=0 circuit_cegar_rounds=1 circuit_cegar_added_clauses=0 cop_cegar_failures=0 cop_cegar_rounds=0 cop_cegar_added_clauses=0
c 00h01m29s | result:Sat
c 00h28m43s | objective:incumbent kind=improvement value=496 rounds=19 improvements=18
o 496
c 00h00m00s | solve:start
c 00h00m00s | input: constraints=226
c 00h00m00s | stage:propagate:start
c 00h00m00s | stage:propagate:done ms=5 pruned=2513 changed_domains=125 entailed_tables=0
c 00h00m00s | stage:normalize:start
c 00h00m00s | stage:normalize:done ms=0 high_constraints=226
c 00h00m00s | stage:lower:start
c 00h00m00s | stage:lower:done ms=17 lowered=226 unsupported=0
c 00h00m00s | stage:post_lower:start
c 00h00m00s | stage:post_lower:done ms=14 rounds=42 tightened=43 removed_cls=7 removed_lits=40 unsat=false precise_hits=301 precise_rounds=2 pivot_recomputes=82 pivot_exact_attempts=82 pivot_general_attempts=11 pivot_general_rest_missing=0 pivot_general_bound_missing=0 pivot_general_no_change=11 pivot_general_tightened=0 setup_ms=0 loop_ms=4 pivot_ms=0 pivot_version_ms=0 pivot_exact_ms=0 pivot_general_ms=0 pivot_general_prepare_ms=0 pivot_general_rest_ms=0 pivot_general_derive_ms=0 apply_ms=0 sat_ms=0 precise_ms=9
c 00h00m00s | stage:preencode(order-ge):start
c 00h00m00s | stage:preencode(order-ge):done ms=7 int_vars=207
c 00h00m00s | stage:encode(order-ge):start
c 00h00m00s | stage:encode(order-ge):done ms=401 sat_vars=74419 sat_clauses=1385186 ext_ge_specs=2 relaxed_circuits=1
c 00h00m00s | stage:sat:init solver=CaDiCaL vars=74419 clauses=1385186
c 00h00m00s | stage:sat:solve:start round=1 circuit_cegar_rounds=1 cop_cegar_rounds=- assumptions=0 phase_lits=0
s SATISFIABLE
o 496
v <instantiation>
v   <list> x[0] x[1] x[2] x[3] x[4] x[5] x[6] x[7] x[8] x[9] x[10] x[11] x[12] x[13] x[14] x[15] x[16] x[17] x[18] x[19] x[20] x[21] x[22] x[23] x[24] x[25] x[26] x[27] x[28] x[29] x[30] x[31] x[32] x[33] x[34] x[35] x[36] x[37] x[38] x[39] x[40] a[0] a[1] a[2] a[3] a[4] a[5] a[6] a[7] a[8] a[9] a[10] a[11] a[12] a[13] a[14] a[15] a[16] a[17] a[18] a[19] a[20] a[21] a[22] a[23] a[24] a[25] a[26] a[27] a[28] a[29] a[30] a[31] a[32] a[33] a[34] a[35] a[36] a[37] a[38] a[39] a[40] aux_gb[0] aux_gb[1] aux_gb[2] aux_gb[3] aux_gb[4] aux_gb[5] aux_gb[6] aux_gb[7] aux_gb[8] aux_gb[9] aux_gb[10] aux_gb[11] aux_gb[12] aux_gb[13] aux_gb[14] aux_gb[15] aux_gb[16] aux_gb[17] aux_gb[18] aux_gb[19] aux_gb[20] aux_gb[21] aux_gb[22] aux_gb[23] aux_gb[24] aux_gb[25] aux_gb[26] aux_gb[27] aux_gb[28] aux_gb[29] aux_gb[30] aux_gb[31] aux_gb[32] aux_gb[33] aux_gb[34] aux_gb[35] aux_gb[36] aux_gb[37] aux_gb[38] aux_gb[39] aux_gb[40] aux_gb[41] aux_gb[42] aux_gb[43] aux_gb[44] aux_gb[45] aux_gb[46] aux_gb[47] aux_gb[48] aux_gb[49] aux_gb[50] aux_gb[51] aux_gb[52] aux_gb[53] aux_gb[54] aux_gb[55] aux_gb[56] aux_gb[57] aux_gb[58] aux_gb[59] aux_gb[60] aux_gb[61] aux_gb[62] aux_gb[63] aux_gb[64] aux_gb[65] aux_gb[66] aux_gb[67] aux_gb[68] aux_gb[69] aux_gb[70] aux_gb[71] aux_gb[72] aux_gb[73] aux_gb[74] aux_gb[75] aux_gb[76] aux_gb[77] aux_gb[78] aux_gb[79] aux_gb[80] aux_gb[81] aux_gb[82] aux_gb[83] aux_gb[84] aux_gb[85] aux_gb[86] aux_gb[87] aux_gb[88] aux_gb[89] aux_gb[90] aux_gb[91] aux_gb[92] aux_gb[93] aux_gb[94] aux_gb[95] aux_gb[96] aux_gb[97] aux_gb[98] aux_gb[99] aux_gb[100] aux_gb[101] aux_gb[102] aux_gb[103] aux_gb[104] aux_gb[105] aux_gb[106] aux_gb[107] aux_gb[108] aux_gb[109] aux_gb[110] aux_gb[111] aux_gb[112] aux_gb[113] aux_gb[114] aux_gb[115] aux_gb[116] aux_gb[117] aux_gb[118] aux_gb[119] aux_gb[120] aux_gb[121] aux_gb[122] </list>
v   <values> 15 27 20 23 7 35 36 33 17 21 19 24 18 3 28 6 8 4 22 32 37 12 25 26 0 31 5 9 29 38 34 13 1 10 14 30 16 40 39 2 11 0 92 331 222 49 250 26 55 37 104 69 486 134 211 284 7 32 43 135 74 363 127 143 224 527 147 229 94 302 311 267 183 82 63 271 261 29 407 317 324 456 7 7 7 2 94 94 32 363 363 2 224 224 6 55 55 11 261 261 3 29 29 8 63 63 5 42 43 23 127 127 5 74 74 41 527 527 1 135 135 11 222 222 17 301 302 9 16 26 5 37 37 6 49 49 8 143 143 8 82 82 44 407 407 7 134 134 4 147 147 5 229 229 21 548 0 14 161 183 7 236 250 10 104 104 6 308 311 6 317 317 4 271 271 27 210 211 10 92 92 6 69 69 13 284 284 6 267 267 3 32 32 49 456 456 7 324 324 7 331 331 30 486 486 </values>
v </instantiation>
d OBJECTIVE_VALUE 496
d OPTIMAL 0
d OBJECTIVE_ROUNDS 19
d OBJECTIVE_IMPROVEMENTS 18
d COP_INCUMBENT_ELAPSED_MS 1723381
d SOLVE_ELAPSED_MS 76597
d CURRENT_STAGE sat
d CURRENT_STAGE_ELAPSED_MS 76146
d LAST_COMPLETED_STAGE encode(order-ge)
d STAGE_PROPAGATE_STATUS done
d STAGE_NORMALIZE_STATUS done
d STAGE_LOWER_STATUS done
d STAGE_POST_LOWER_STATUS done
d STAGE_PREENCODE_STATUS done
d STAGE_ENCODE_STATUS done
d STAGE_SAT_STATUS running
d STAGE_DECODE_STATUS pending
d STAGE_RELAXATION_STATUS pending
d STAGE_DUMP_CNF_STATUS pending
d SOURCE_CONSTRAINTS 226
d NORMALIZED_CONSTRAINTS 226
d LOWERED_CONSTRAINTS 226
d UNSUPPORTED_CONSTRAINTS 0
d SAT_VARS 74419
d SAT_CLAUSES_BASE 1385186
d SAT_CLAUSES_FINAL 1385186
d SAT_CLAUSES_CEGAR_DELTA 0
d EXTPROP_CONSTRAINTS 2
d EXTPROP_OBSERVED_VARS 2675
d EXTPROP_OBSERVED_LITS 2675
d EXTPROP_OBSERVED_LIT_OCCURRENCES 2675
d EXTPROP_CALLBACK_CALLS 5174553
d EXTPROP_CALLBACK_NS 33603434517
d EXTPROP_NOTIFY_ASSIGNMENT_CALLS 1165193
d EXTPROP_NOTIFY_ASSIGNMENT_NS 2615710735
d EXTPROP_NOTIFY_ASSIGNMENT_LITS 8234183
d EXTPROP_NOTIFY_NEW_DECISION_LEVEL_CALLS 506083
d EXTPROP_NOTIFY_NEW_DECISION_LEVEL_NS 142911915
d EXTPROP_NOTIFY_BACKTRACK_CALLS 142924
d EXTPROP_NOTIFY_BACKTRACK_NS 5789779433
d EXTPROP_CB_CHECK_FOUND_MODEL_CALLS 0
d EXTPROP_CB_CHECK_FOUND_MODEL_NS 0
d EXTPROP_CB_CHECK_FOUND_MODEL_REJECTS 0
d EXTPROP_CB_DECIDE_CALLS 0
d EXTPROP_CB_DECIDE_NS 0
d EXTPROP_CB_PROPAGATE_CALLS 692374
d EXTPROP_CB_PROPAGATE_NS 24585457638
d EXTPROP_PROPAGATED_LITS 544994
d EXTPROP_CB_ADD_REASON_CLAUSE_LIT_CALLS 2035201
d EXTPROP_CB_ADD_REASON_CLAUSE_LIT_NS 368827478
d EXTPROP_REASON_CLAUSES 633291
d EXTPROP_REASON_CLAUSE_LITS 9209066
d EXTPROP_REASON_CLAUSE_MAX_LEN 22
d EXTPROP_CB_HAS_EXTERNAL_CLAUSE_CALLS 522866
d EXTPROP_CB_HAS_EXTERNAL_CLAUSE_NS 84231508
d EXTPROP_CB_ADD_EXTERNAL_CLAUSE_LIT_CALLS 109912
d EXTPROP_CB_ADD_EXTERNAL_CLAUSE_LIT_NS 16515810
d EXTPROP_EXTERNAL_CLAUSES 6940
d EXTPROP_EXTERNAL_CLAUSE_LITS 102972
d EXTPROP_EXTERNAL_CLAUSE_MAX_LEN 21
d EXTPROP_STRONG_REASON_ATTEMPTS 3946
d EXTPROP_STRONG_REASON_NS 110560645
d EXTPROP_STRONG_REASON_LIFTS 1851
d EXTPROP_STRONG_REASON_DROPPED_TERMS 5409
d LINEAR_INT_EQ_ARITY_STATS {"1":{"count":1133,"max_domain_product_excluding_one_var":"1","p95_domain_product_excluding_one_var":"1"},"2":{"count":1681,"max_domain_product_excluding_one_var":"111","p95_domain_product_excluding_one_var":"97"},"3":{"count":41,"max_domain_product_excluding_one_var":"3108","p95_domain_product_excluding_one_var":"2522"}}
d LINEAR_INT_NE_ARITY_STATS {"1":{"count":1681,"max_domain_product_excluding_one_var":"1","p95_domain_product_excluding_one_var":"1"}}
d LINEAR_INT_GE_ARITY_STATS {"2":{"count":41,"max_domain_product_excluding_one_var":"153","p95_domain_product_excluding_one_var":"146"},"41":{"count":19,"max_domain_product_excluding_one_var":"340282366920938463463374607431768211455","p95_domain_product_excluding_one_var":"340282366920938463463374607431768211455"}}
d LINEAR_BOOL_MIXED_ARITY_STATS {}
d PROPAGATE_PRUNED_VALUES 2513
d PROPAGATE_CHANGED_DOMAINS 125
d PROPAGATE_ENTAILED_TABLES 0
d POST_LOWER_ROUNDS 42
d POST_LOWER_TIGHTENED_DOMAINS 43
d POST_LOWER_REMOVED_CLAUSES 7
d POST_LOWER_REMOVED_LITS 40
d POST_LOWER_DETECTED_UNSAT 0
d PREENCODE_INT_VARS 207
d ENCODE_EXTERNAL_GE_SPECS 2
d ENCODE_RELAXED_CIRCUITS 1
d CIRCUIT_CEGAR_FAILURES 0
d CIRCUIT_CEGAR_ROUNDS 1
d CIRCUIT_CEGAR_ADDED_CLAUSES 0
d COP_CEGAR_FAILURES 0
d COP_CEGAR_ROUNDS 0
d COP_CEGAR_ADDED_CLAUSES 0
d CSV /bench/competition/2022-2025/COP22to25/TSPTW2-n040w060-1_c23.xml.lzma,sat,226,226,226,0,74419,1385186,76596,,,,,,,,,,,,,,,,,,,,,timeout_signal,incumbent_interrupted_by_signal
signal=15; emitted incumbent csv row
