# WCTIME: wall clock time in seconds
WCTIME=6.71978
# CPUTIME: CPU time in seconds (USERTIME+SYSTEMTIME)
CPUTIME=6.66662
# USERTIME: CPU time spent in user mode in seconds
USERTIME=6.33166
# SYSTEMTIME: CPU time spent in system mode in seconds
SYSTEMTIME=0.334959
# CPUUSAGE: CPUTIME/WCTIME in percent
CPUUSAGE=99.209
# MAXVM: maximum virtual memory used in KiB
MAXVM=624272
# MAXMM: maximum memory used in KiB
MAXMM=453880
# MAXRSS: maximum Resident Segment Size in KiB
MAXRSS=452976
# TIMEOUT: did the solver exceed the time limit?
TIMEOUT=false
# MEMOUT: did the solver exceed the memory limit?
MEMOUT=false
# EXITSTATUS: Exit status of the solver
EXITSTATUS=0
