# WCTIME: wall clock time in seconds
WCTIME=523.192
# CPUTIME: CPU time in seconds (USERTIME+SYSTEMTIME)
CPUTIME=520.067
# USERTIME: CPU time spent in user mode in seconds
USERTIME=519.416
# SYSTEMTIME: CPU time spent in system mode in seconds
SYSTEMTIME=0.650592
# CPUUSAGE: CPUTIME/WCTIME in percent
CPUUSAGE=99.4027
# MAXVM: maximum virtual memory used in KiB
MAXVM=362416
# MAXMM: maximum memory used in KiB
MAXMM=215884
# MAXRSS: maximum Resident Segment Size in KiB
MAXRSS=212940
# TIMEOUT: did the solver exceed the time limit?
TIMEOUT=false
# MEMOUT: did the solver exceed the memory limit?
MEMOUT=false
# EXITSTATUS: Exit status of the solver
EXITSTATUS=0
