# WCTIME: wall clock time in seconds
WCTIME=304.534
# CPUTIME: CPU time in seconds (USERTIME+SYSTEMTIME)
CPUTIME=300.797
# USERTIME: CPU time spent in user mode in seconds
USERTIME=300.021
# SYSTEMTIME: CPU time spent in system mode in seconds
SYSTEMTIME=0.775576
# CPUUSAGE: CPUTIME/WCTIME in percent
CPUUSAGE=98.7728
# MAXVM: maximum virtual memory used in KiB
MAXVM=534868
# MAXMM: maximum memory used in KiB
MAXMM=333208
# MAXRSS: maximum Resident Segment Size in KiB
MAXRSS=330148
# TIMEOUT: did the solver exceed the time limit?
TIMEOUT=false
# MEMOUT: did the solver exceed the memory limit?
MEMOUT=false
# EXITSTATUS: Exit status of the solver
EXITSTATUS=0
