c cmd: /host-parser-bin/kat_xcsp_bd3c9f7d_scip_dynamic /bench/competition/2022-2025/COP22to25/StillLife-wastage-15-15_c24.xml.lzma --encoder log-scop --order-ge-table mdd-tl --progress
c 00h00m00s | solve:start
c 00h00m00s | input: constraints=378
c 00h00m00s | stage:propagate:start
c 00h00m00s | stage:propagate:done ms=111 pruned=0 changed_domains=0 entailed_tables=0
c 00h00m00s | stage:normalize:start
c 00h00m00s | stage:normalize:done ms=0 high_constraints=378
c 00h00m00s | stage:lower:start
c 00h00m00s | stage:lower:done ms=12 lowered=378 unsupported=0
c 00h00m00s | stage:post_lower:start
c 00h00m00s | stage:post_lower:done ms=1 rounds=322 tightened=383 removed_cls=0 removed_lits=0 unsat=false precise_hits=180 precise_rounds=1 pivot_recomputes=10772 pivot_exact_attempts=10179 pivot_general_attempts=10712 pivot_general_rest_missing=0 pivot_general_bound_missing=0 pivot_general_no_change=10397 pivot_general_tightened=315 setup_ms=0 loop_ms=1 pivot_ms=0 pivot_version_ms=0 pivot_exact_ms=0 pivot_general_ms=0 pivot_general_prepare_ms=0 pivot_general_rest_ms=0 pivot_general_derive_ms=0 apply_ms=0 sat_ms=0 precise_ms=0
c 00h00m00s | stage:lowered-shape int_vars=595 bool_vars=0 linear_atoms=93 table_atoms=285 table_tuples=127812 table_scope=2430 alldiff_atoms=0 circuit_atoms=0 product_atoms=0 logical_clauses=378
c 00h00m00s | stage:root-lp:start backend=scip-ffi
c 00h00m30s | stage:root-lp:bound backend=scip-ffi status=objective_bound objective_value=123 naive_bounds=[-17,127] lp_bounds=[-17,123] improved=1 rows=2570 vars=163498 ms=30605
c 00h00m30s | stage:preencode(log-scop):start
c 00h00m30s | stage:preencode(log-scop):done ms=0 int_vars=595
c 00h00m30s | stage:encode(log-scop):start
c 00h00m30s | stage:encode(log-scop):done ms=185 sat_vars=37123 sat_clauses=144666 ext_ge_specs=0 relaxed_circuits=0 log_scop_pb_constraints=416 log_scop_pb_mixed=0 log_scop_pb_bdd2=0 log_scop_pb_bdd3=416 log_scop_pb_sorter=0 log_scop_pb_dadda=0 log_scop_bdd_raw=416 log_scop_bdd_binary=0 log_scop_bdd_multibase=0
c 00h00m30s | stage:sat:init solver=CaDiCaL vars=37123 clauses=144666
c 00h00m30s | stage:sat:solve:start round=1 circuit_cegar_rounds=- cop_cegar_rounds=1 assumptions=0 phase_lits=0
c 00h00m31s | stage:sat:solve:done round=1 ms=143 result=Sat assumptions=0 phase_lits=0
c 00h00m31s | stage:decode:start round=1 requested_int_ids=595
c 00h00m31s | stage:decode:final:start round=1 requested_int_ids=595
c 00h00m31s | stage:decode:done round=1 int_assignments=595
c 00h00m31s | stage:relaxation:done clauses_added=0 circuit_cegar_failures=0 circuit_cegar_rounds=0 circuit_cegar_added_clauses=0 cop_cegar_failures=0 cop_cegar_rounds=1 cop_cegar_added_clauses=0
c 00h00m31s | result:Sat
c 00h00m31s | objective:incumbent kind=initial value=46 rounds=1 improvements=0
o 46
c 00h00m31s | stage:sat:init solver=CaDiCaL vars=37123 clauses=144666
c 00h00m31s | stage:sat:solve:start round=1 circuit_cegar_rounds=- cop_cegar_rounds=2 assumptions=0 phase_lits=945
c 00h00m31s | stage:sat:solve:done round=1 ms=12 result=Sat assumptions=0 phase_lits=945
c 00h00m31s | stage:decode:start round=1 requested_int_ids=595
c 00h00m31s | stage:relaxation:done round=1 clauses_added=796 circuit_clauses_added=0 cop_clauses_added=796 circuit_cegar_failures=0 circuit_cegar_rounds=0 circuit_cegar_added_clauses=0 cop_cegar_failures=1 cop_cegar_rounds=2 cop_cegar_added_clauses=796
c 00h00m31s | stage:sat:solve:start round=2 circuit_cegar_rounds=- cop_cegar_rounds=3 assumptions=0 phase_lits=945
c 00h00m31s | stage:sat:solve:done round=2 ms=237 result=Sat assumptions=0 phase_lits=945
c 00h00m31s | stage:decode:start round=2 requested_int_ids=595
c 00h00m31s | stage:decode:final:start round=2 requested_int_ids=595
c 00h00m31s | stage:decode:done round=2 int_assignments=595
c 00h00m31s | stage:relaxation:done clauses_added=0 circuit_cegar_failures=0 circuit_cegar_rounds=0 circuit_cegar_added_clauses=0 cop_cegar_failures=1 cop_cegar_rounds=3 cop_cegar_added_clauses=796
c 00h00m31s | result:Sat
c 00h00m31s | objective:incumbent kind=improvement value=56 rounds=2 improvements=1
o 56
c 00h00m31s | stage:sat:init solver=CaDiCaL vars=37123 clauses=144666
c 00h00m31s | stage:sat:solve:start round=1 circuit_cegar_rounds=- cop_cegar_rounds=4 assumptions=0 phase_lits=945
c 00h00m31s | stage:sat:solve:done round=1 ms=8 result=Sat assumptions=0 phase_lits=945
c 00h00m31s | stage:decode:start round=1 requested_int_ids=595
c 00h00m31s | stage:relaxation:done round=1 clauses_added=848 circuit_clauses_added=0 cop_clauses_added=848 circuit_cegar_failures=0 circuit_cegar_rounds=0 circuit_cegar_added_clauses=0 cop_cegar_failures=2 cop_cegar_rounds=4 cop_cegar_added_clauses=1644
c 00h00m31s | stage:sat:solve:start round=2 circuit_cegar_rounds=- cop_cegar_rounds=5 assumptions=0 phase_lits=945
c 00h00m35s | stage:sat:solve:done round=2 ms=3920 result=Sat assumptions=0 phase_lits=945
c 00h00m35s | stage:decode:start round=2 requested_int_ids=595
c 00h00m35s | stage:decode:final:start round=2 requested_int_ids=595
c 00h00m35s | stage:decode:done round=2 int_assignments=595
c 00h00m35s | stage:relaxation:done clauses_added=0 circuit_cegar_failures=0 circuit_cegar_rounds=0 circuit_cegar_added_clauses=0 cop_cegar_failures=2 cop_cegar_rounds=5 cop_cegar_added_clauses=1644
c 00h00m35s | result:Sat
c 00h00m35s | objective:incumbent kind=improvement value=57 rounds=3 improvements=2
o 57
c 00h00m35s | stage:sat:init solver=CaDiCaL vars=37123 clauses=144666
c 00h00m35s | stage:sat:solve:start round=1 circuit_cegar_rounds=- cop_cegar_rounds=6 assumptions=0 phase_lits=945
c 00h00m36s | stage:sat:solve:done round=1 ms=998 result=Sat assumptions=0 phase_lits=945
c 00h00m36s | stage:decode:start round=1 requested_int_ids=595
c 00h00m36s | stage:relaxation:done round=1 clauses_added=845 circuit_clauses_added=0 cop_clauses_added=845 circuit_cegar_failures=0 circuit_cegar_rounds=0 circuit_cegar_added_clauses=0 cop_cegar_failures=3 cop_cegar_rounds=6 cop_cegar_added_clauses=2489
c 00h00m36s | stage:sat:solve:start round=2 circuit_cegar_rounds=- cop_cegar_rounds=7 assumptions=0 phase_lits=945
c 00h00m37s | stage:sat:solve:done round=2 ms=999 result=Sat assumptions=0 phase_lits=945
c 00h00m37s | stage:decode:start round=2 requested_int_ids=595
c 00h00m37s | stage:decode:final:start round=2 requested_int_ids=595
c 00h00m37s | stage:decode:done round=2 int_assignments=595
c 00h00m37s | stage:relaxation:done clauses_added=0 circuit_cegar_failures=0 circuit_cegar_rounds=0 circuit_cegar_added_clauses=0 cop_cegar_failures=3 cop_cegar_rounds=7 cop_cegar_added_clauses=2489
c 00h00m37s | result:Sat
c 00h00m37s | objective:incumbent kind=improvement value=60 rounds=4 improvements=3
o 60
c 00h00m37s | stage:sat:init solver=CaDiCaL vars=37123 clauses=144666
c 00h00m37s | stage:sat:solve:start round=1 circuit_cegar_rounds=- cop_cegar_rounds=8 assumptions=0 phase_lits=945
c 00h00m37s | stage:sat:solve:done round=1 ms=10 result=Sat assumptions=0 phase_lits=945
c 00h00m37s | stage:decode:start round=1 requested_int_ids=595
c 00h00m37s | stage:relaxation:done round=1 clauses_added=817 circuit_clauses_added=0 cop_clauses_added=817 circuit_cegar_failures=0 circuit_cegar_rounds=0 circuit_cegar_added_clauses=0 cop_cegar_failures=4 cop_cegar_rounds=8 cop_cegar_added_clauses=3306
c 00h00m37s | stage:sat:solve:start round=2 circuit_cegar_rounds=- cop_cegar_rounds=9 assumptions=0 phase_lits=945
c 00h00m40s | stage:sat:solve:done round=2 ms=3025 result=Sat assumptions=0 phase_lits=945
c 00h00m40s | stage:decode:start round=2 requested_int_ids=595
c 00h00m40s | stage:decode:final:start round=2 requested_int_ids=595
c 00h00m40s | stage:decode:done round=2 int_assignments=595
c 00h00m40s | stage:relaxation:done clauses_added=0 circuit_cegar_failures=0 circuit_cegar_rounds=0 circuit_cegar_added_clauses=0 cop_cegar_failures=4 cop_cegar_rounds=9 cop_cegar_added_clauses=3306
c 00h00m40s | result:Sat
c 00h00m40s | objective:incumbent kind=improvement value=61 rounds=5 improvements=4
o 61
c 00h00m40s | stage:sat:init solver=CaDiCaL vars=37123 clauses=144666
c 00h00m40s | stage:sat:solve:start round=1 circuit_cegar_rounds=- cop_cegar_rounds=10 assumptions=0 phase_lits=945
c 00h00m40s | stage:sat:solve:done round=1 ms=675 result=Sat assumptions=0 phase_lits=945
c 00h00m40s | stage:decode:start round=1 requested_int_ids=595
c 00h00m40s | stage:decode:final:start round=1 requested_int_ids=595
c 00h00m40s | stage:decode:done round=1 int_assignments=595
c 00h00m40s | stage:relaxation:done clauses_added=0 circuit_cegar_failures=0 circuit_cegar_rounds=0 circuit_cegar_added_clauses=0 cop_cegar_failures=4 cop_cegar_rounds=10 cop_cegar_added_clauses=3306
c 00h00m40s | result:Sat
c 00h00m40s | objective:incumbent kind=improvement value=76 rounds=6 improvements=5
o 76
c 00h00m40s | stage:sat:init solver=CaDiCaL vars=37123 clauses=144666
c 00h00m40s | stage:sat:solve:start round=1 circuit_cegar_rounds=- cop_cegar_rounds=11 assumptions=0 phase_lits=945
c 00h00m41s | stage:sat:solve:done round=1 ms=14 result=Sat assumptions=0 phase_lits=945
c 00h00m41s | stage:decode:start round=1 requested_int_ids=595
c 00h00m41s | stage:relaxation:done round=1 clauses_added=825 circuit_clauses_added=0 cop_clauses_added=825 circuit_cegar_failures=0 circuit_cegar_rounds=0 circuit_cegar_added_clauses=0 cop_cegar_failures=5 cop_cegar_rounds=11 cop_cegar_added_clauses=4131
c 00h00m41s | stage:sat:solve:start round=2 circuit_cegar_rounds=- cop_cegar_rounds=12 assumptions=0 phase_lits=945
c 00h00m41s | stage:sat:solve:done round=2 ms=722 result=Sat assumptions=0 phase_lits=945
c 00h00m41s | stage:decode:start round=2 requested_int_ids=595
c 00h00m41s | stage:decode:final:start round=2 requested_int_ids=595
c 00h00m41s | stage:decode:done round=2 int_assignments=595
c 00h00m41s | stage:relaxation:done clauses_added=0 circuit_cegar_failures=0 circuit_cegar_rounds=0 circuit_cegar_added_clauses=0 cop_cegar_failures=5 cop_cegar_rounds=12 cop_cegar_added_clauses=4131
c 00h00m41s | result:Sat
c 00h00m41s | objective:incumbent kind=improvement value=77 rounds=7 improvements=6
o 77
c 00h00m41s | stage:sat:init solver=CaDiCaL vars=37123 clauses=144666
c 00h00m41s | stage:sat:solve:start round=1 circuit_cegar_rounds=- cop_cegar_rounds=13 assumptions=0 phase_lits=945
c 00h00m41s | stage:sat:solve:done round=1 ms=12 result=Sat assumptions=0 phase_lits=945
c 00h00m41s | stage:decode:start round=1 requested_int_ids=595
c 00h00m41s | stage:relaxation:done round=1 clauses_added=810 circuit_clauses_added=0 cop_clauses_added=810 circuit_cegar_failures=0 circuit_cegar_rounds=0 circuit_cegar_added_clauses=0 cop_cegar_failures=6 cop_cegar_rounds=13 cop_cegar_added_clauses=4941
c 00h00m41s | stage:sat:solve:start round=2 circuit_cegar_rounds=- cop_cegar_rounds=14 assumptions=0 phase_lits=945
c 00h00m44s | stage:sat:solve:done round=2 ms=2914 result=Sat assumptions=0 phase_lits=945
c 00h00m44s | stage:decode:start round=2 requested_int_ids=595
c 00h00m44s | stage:decode:final:start round=2 requested_int_ids=595
c 00h00m44s | stage:decode:done round=2 int_assignments=595
c 00h00m44s | stage:relaxation:done clauses_added=0 circuit_cegar_failures=0 circuit_cegar_rounds=0 circuit_cegar_added_clauses=0 cop_cegar_failures=6 cop_cegar_rounds=14 cop_cegar_added_clauses=4941
c 00h00m44s | result:Sat
c 00h00m44s | objective:incumbent kind=improvement value=78 rounds=8 improvements=7
o 78
c 00h00m44s | stage:sat:init solver=CaDiCaL vars=37123 clauses=144666
c 00h00m44s | stage:sat:solve:start round=1 circuit_cegar_rounds=- cop_cegar_rounds=15 assumptions=0 phase_lits=945
c 00h00m44s | stage:sat:solve:done round=1 ms=160 result=Sat assumptions=0 phase_lits=945
c 00h00m44s | stage:decode:start round=1 requested_int_ids=595
c 00h00m44s | stage:relaxation:done round=1 clauses_added=787 circuit_clauses_added=0 cop_clauses_added=787 circuit_cegar_failures=0 circuit_cegar_rounds=0 circuit_cegar_added_clauses=0 cop_cegar_failures=7 cop_cegar_rounds=15 cop_cegar_added_clauses=5728
c 00h00m44s | stage:sat:solve:start round=2 circuit_cegar_rounds=- cop_cegar_rounds=16 assumptions=0 phase_lits=945
c 00h00m54s | stage:sat:solve:done round=2 ms=9761 result=Sat assumptions=0 phase_lits=945
c 00h00m54s | stage:decode:start round=2 requested_int_ids=595
c 00h00m54s | stage:decode:final:start round=2 requested_int_ids=595
c 00h00m54s | stage:decode:done round=2 int_assignments=595
c 00h00m54s | stage:relaxation:done clauses_added=0 circuit_cegar_failures=0 circuit_cegar_rounds=0 circuit_cegar_added_clauses=0 cop_cegar_failures=7 cop_cegar_rounds=16 cop_cegar_added_clauses=5728
c 00h00m54s | result:Sat
c 00h00m54s | objective:incumbent kind=improvement value=79 rounds=9 improvements=8
o 79
c 00h00m54s | stage:sat:init solver=CaDiCaL vars=37123 clauses=144666
c 00h00m54s | stage:sat:solve:start round=1 circuit_cegar_rounds=- cop_cegar_rounds=17 assumptions=0 phase_lits=945
c 00h00m54s | stage:sat:solve:done round=1 ms=92 result=Sat assumptions=0 phase_lits=945
c 00h00m54s | stage:decode:start round=1 requested_int_ids=595
c 00h00m54s | stage:relaxation:done round=1 clauses_added=809 circuit_clauses_added=0 cop_clauses_added=809 circuit_cegar_failures=0 circuit_cegar_rounds=0 circuit_cegar_added_clauses=0 cop_cegar_failures=8 cop_cegar_rounds=17 cop_cegar_added_clauses=6537
c 00h00m54s | stage:sat:solve:start round=2 circuit_cegar_rounds=- cop_cegar_rounds=18 assumptions=0 phase_lits=945
c 00h00m55s | stage:sat:solve:done round=2 ms=800 result=Sat assumptions=0 phase_lits=945
c 00h00m55s | stage:decode:start round=2 requested_int_ids=595
c 00h00m55s | stage:decode:final:start round=2 requested_int_ids=595
c 00h00m55s | stage:decode:done round=2 int_assignments=595
c 00h00m55s | stage:relaxation:done clauses_added=0 circuit_cegar_failures=0 circuit_cegar_rounds=0 circuit_cegar_added_clauses=0 cop_cegar_failures=8 cop_cegar_rounds=18 cop_cegar_added_clauses=6537
c 00h00m55s | result:Sat
c 00h00m55s | objective:incumbent kind=improvement value=80 rounds=10 improvements=9
o 80
c 00h00m55s | stage:sat:init solver=CaDiCaL vars=37123 clauses=144666
c 00h00m55s | stage:sat:solve:start round=1 circuit_cegar_rounds=- cop_cegar_rounds=19 assumptions=0 phase_lits=945
c 00h00m55s | stage:sat:solve:done round=1 ms=11 result=Sat assumptions=0 phase_lits=945
c 00h00m55s | stage:decode:start round=1 requested_int_ids=595
c 00h00m55s | stage:relaxation:done round=1 clauses_added=827 circuit_clauses_added=0 cop_clauses_added=827 circuit_cegar_failures=0 circuit_cegar_rounds=0 circuit_cegar_added_clauses=0 cop_cegar_failures=9 cop_cegar_rounds=19 cop_cegar_added_clauses=7364
c 00h00m55s | stage:sat:solve:start round=2 circuit_cegar_rounds=- cop_cegar_rounds=20 assumptions=0 phase_lits=945
c 00h00m56s | stage:sat:solve:done round=2 ms=1180 result=Sat assumptions=0 phase_lits=945
c 00h00m56s | stage:decode:start round=2 requested_int_ids=595
c 00h00m56s | stage:decode:final:start round=2 requested_int_ids=595
c 00h00m56s | stage:decode:done round=2 int_assignments=595
c 00h00m56s | stage:relaxation:done clauses_added=0 circuit_cegar_failures=0 circuit_cegar_rounds=0 circuit_cegar_added_clauses=0 cop_cegar_failures=9 cop_cegar_rounds=20 cop_cegar_added_clauses=7364
c 00h00m56s | result:Sat
c 00h00m56s | objective:incumbent kind=improvement value=83 rounds=11 improvements=10
o 83
c 00h00m56s | stage:sat:init solver=CaDiCaL vars=37123 clauses=144666
c 00h00m56s | stage:sat:solve:start round=1 circuit_cegar_rounds=- cop_cegar_rounds=21 assumptions=0 phase_lits=945
c 00h00m57s | stage:sat:solve:done round=1 ms=751 result=Sat assumptions=0 phase_lits=945
c 00h00m57s | stage:decode:start round=1 requested_int_ids=595
c 00h00m57s | stage:decode:final:start round=1 requested_int_ids=595
c 00h00m57s | stage:decode:done round=1 int_assignments=595
c 00h00m57s | stage:relaxation:done clauses_added=0 circuit_cegar_failures=0 circuit_cegar_rounds=0 circuit_cegar_added_clauses=0 cop_cegar_failures=9 cop_cegar_rounds=21 cop_cegar_added_clauses=7364
c 00h00m57s | result:Sat
c 00h00m57s | objective:incumbent kind=improvement value=84 rounds=12 improvements=11
o 84
c 00h00m57s | stage:sat:init solver=CaDiCaL vars=37123 clauses=144666
c 00h00m57s | stage:sat:solve:start round=1 circuit_cegar_rounds=- cop_cegar_rounds=22 assumptions=0 phase_lits=945
c 00h00m57s | stage:sat:solve:done round=1 ms=14 result=Sat assumptions=0 phase_lits=945
c 00h00m57s | stage:decode:start round=1 requested_int_ids=595
c 00h00m57s | stage:relaxation:done round=1 clauses_added=827 circuit_clauses_added=0 cop_clauses_added=827 circuit_cegar_failures=0 circuit_cegar_rounds=0 circuit_cegar_added_clauses=0 cop_cegar_failures=10 cop_cegar_rounds=22 cop_cegar_added_clauses=8191
c 00h00m57s | stage:sat:solve:start round=2 circuit_cegar_rounds=- cop_cegar_rounds=23 assumptions=0 phase_lits=945
c 00h00m58s | stage:sat:solve:done round=2 ms=732 result=Sat assumptions=0 phase_lits=945
c 00h00m58s | stage:decode:start round=2 requested_int_ids=595
c 00h00m58s | stage:decode:final:start round=2 requested_int_ids=595
c 00h00m58s | stage:decode:done round=2 int_assignments=595
c 00h00m58s | stage:relaxation:done clauses_added=0 circuit_cegar_failures=0 circuit_cegar_rounds=0 circuit_cegar_added_clauses=0 cop_cegar_failures=10 cop_cegar_rounds=23 cop_cegar_added_clauses=8191
c 00h00m58s | result:Sat
c 00h00m58s | objective:incumbent kind=improvement value=88 rounds=13 improvements=12
o 88
c 00h00m58s | stage:sat:init solver=CaDiCaL vars=37123 clauses=144666
c 00h00m58s | stage:sat:solve:start round=1 circuit_cegar_rounds=- cop_cegar_rounds=24 assumptions=0 phase_lits=945
c 00h00m58s | stage:sat:solve:done round=1 ms=11 result=Sat assumptions=0 phase_lits=945
c 00h00m58s | stage:decode:start round=1 requested_int_ids=595
c 00h00m58s | stage:relaxation:done round=1 clauses_added=829 circuit_clauses_added=0 cop_clauses_added=829 circuit_cegar_failures=0 circuit_cegar_rounds=0 circuit_cegar_added_clauses=0 cop_cegar_failures=11 cop_cegar_rounds=24 cop_cegar_added_clauses=9020
c 00h00m58s | stage:sat:solve:start round=2 circuit_cegar_rounds=- cop_cegar_rounds=25 assumptions=0 phase_lits=945
c 00h00m59s | stage:sat:solve:done round=2 ms=1022 result=Sat assumptions=0 phase_lits=945
c 00h00m59s | stage:decode:start round=2 requested_int_ids=595
c 00h00m59s | stage:decode:final:start round=2 requested_int_ids=595
c 00h00m59s | stage:decode:done round=2 int_assignments=595
c 00h00m59s | stage:relaxation:done clauses_added=0 circuit_cegar_failures=0 circuit_cegar_rounds=0 circuit_cegar_added_clauses=0 cop_cegar_failures=11 cop_cegar_rounds=25 cop_cegar_added_clauses=9020
c 00h00m59s | result:Sat
c 00h00m59s | objective:incumbent kind=improvement value=89 rounds=14 improvements=13
o 89
c 00h00m59s | stage:sat:init solver=CaDiCaL vars=37123 clauses=144666
c 00h00m59s | stage:sat:solve:start round=1 circuit_cegar_rounds=- cop_cegar_rounds=26 assumptions=0 phase_lits=945
c 00h00m59s | stage:sat:solve:done round=1 ms=14 result=Sat assumptions=0 phase_lits=945
c 00h00m59s | stage:decode:start round=1 requested_int_ids=595
c 00h00m59s | stage:relaxation:done round=1 clauses_added=826 circuit_clauses_added=0 cop_clauses_added=826 circuit_cegar_failures=0 circuit_cegar_rounds=0 circuit_cegar_added_clauses=0 cop_cegar_failures=12 cop_cegar_rounds=26 cop_cegar_added_clauses=9846
c 00h00m59s | stage:sat:solve:start round=2 circuit_cegar_rounds=- cop_cegar_rounds=27 assumptions=0 phase_lits=945
c 00h00m59s | stage:sat:solve:done round=2 ms=596 result=Sat assumptions=0 phase_lits=945
c 00h00m59s | stage:decode:start round=2 requested_int_ids=595
c 00h00m59s | stage:decode:final:start round=2 requested_int_ids=595
c 00h00m59s | stage:decode:done round=2 int_assignments=595
c 00h00m59s | stage:relaxation:done clauses_added=0 circuit_cegar_failures=0 circuit_cegar_rounds=0 circuit_cegar_added_clauses=0 cop_cegar_failures=12 cop_cegar_rounds=27 cop_cegar_added_clauses=9846
c 00h00m59s | result:Sat
c 00h00m59s | objective:incumbent kind=improvement value=91 rounds=15 improvements=14
o 91
c 00h00m59s | stage:sat:init solver=CaDiCaL vars=37123 clauses=144666
c 00h00m59s | stage:sat:solve:start round=1 circuit_cegar_rounds=- cop_cegar_rounds=28 assumptions=0 phase_lits=945
c 00h00m59s | stage:sat:solve:done round=1 ms=13 result=Sat assumptions=0 phase_lits=945
c 00h00m59s | stage:decode:start round=1 requested_int_ids=595
c 00h00m59s | stage:relaxation:done round=1 clauses_added=798 circuit_clauses_added=0 cop_clauses_added=798 circuit_cegar_failures=0 circuit_cegar_rounds=0 circuit_cegar_added_clauses=0 cop_cegar_failures=13 cop_cegar_rounds=28 cop_cegar_added_clauses=10644
c 00h00m59s | stage:sat:solve:start round=2 circuit_cegar_rounds=- cop_cegar_rounds=29 assumptions=0 phase_lits=945
c 00h01m00s | stage:sat:solve:done round=2 ms=151 result=Sat assumptions=0 phase_lits=945
c 00h01m00s | stage:decode:start round=2 requested_int_ids=595
c 00h01m00s | stage:decode:final:start round=2 requested_int_ids=595
c 00h01m00s | stage:decode:done round=2 int_assignments=595
c 00h01m00s | stage:relaxation:done clauses_added=0 circuit_cegar_failures=0 circuit_cegar_rounds=0 circuit_cegar_added_clauses=0 cop_cegar_failures=13 cop_cegar_rounds=29 cop_cegar_added_clauses=10644
c 00h01m00s | result:Sat
c 00h01m00s | objective:incumbent kind=improvement value=92 rounds=16 improvements=15
o 92
c 00h01m00s | stage:sat:init solver=CaDiCaL vars=37123 clauses=144666
c 00h01m00s | stage:sat:solve:start round=1 circuit_cegar_rounds=- cop_cegar_rounds=30 assumptions=0 phase_lits=945
c 00h01m00s | stage:sat:solve:done round=1 ms=13 result=Sat assumptions=0 phase_lits=945
c 00h01m00s | stage:decode:start round=1 requested_int_ids=595
c 00h01m00s | stage:relaxation:done round=1 clauses_added=801 circuit_clauses_added=0 cop_clauses_added=801 circuit_cegar_failures=0 circuit_cegar_rounds=0 circuit_cegar_added_clauses=0 cop_cegar_failures=14 cop_cegar_rounds=30 cop_cegar_added_clauses=11445
c 00h01m00s | stage:sat:solve:start round=2 circuit_cegar_rounds=- cop_cegar_rounds=31 assumptions=0 phase_lits=945
c 00h01m01s | stage:sat:solve:done round=2 ms=1409 result=Sat assumptions=0 phase_lits=945
c 00h01m01s | stage:decode:start round=2 requested_int_ids=595
c 00h01m01s | stage:decode:final:start round=2 requested_int_ids=595
c 00h01m01s | stage:decode:done round=2 int_assignments=595
c 00h01m01s | stage:relaxation:done clauses_added=0 circuit_cegar_failures=0 circuit_cegar_rounds=0 circuit_cegar_added_clauses=0 cop_cegar_failures=14 cop_cegar_rounds=31 cop_cegar_added_clauses=11445
c 00h01m01s | result:Sat
c 00h01m01s | objective:incumbent kind=improvement value=93 rounds=17 improvements=16
o 93
c 00h01m01s | stage:sat:init solver=CaDiCaL vars=37123 clauses=144666
c 00h01m01s | stage:sat:solve:start round=1 circuit_cegar_rounds=- cop_cegar_rounds=32 assumptions=0 phase_lits=945
c 00h01m01s | stage:sat:solve:done round=1 ms=280 result=Sat assumptions=0 phase_lits=945
c 00h01m01s | stage:decode:start round=1 requested_int_ids=595
c 00h01m01s | stage:relaxation:done round=1 clauses_added=795 circuit_clauses_added=0 cop_clauses_added=795 circuit_cegar_failures=0 circuit_cegar_rounds=0 circuit_cegar_added_clauses=0 cop_cegar_failures=15 cop_cegar_rounds=32 cop_cegar_added_clauses=12240
c 00h01m01s | stage:sat:solve:start round=2 circuit_cegar_rounds=- cop_cegar_rounds=33 assumptions=0 phase_lits=945
c 00h01m02s | stage:sat:solve:done round=2 ms=711 result=Sat assumptions=0 phase_lits=945
c 00h01m02s | stage:decode:start round=2 requested_int_ids=595
c 00h01m02s | stage:decode:final:start round=2 requested_int_ids=595
c 00h01m02s | stage:decode:done round=2 int_assignments=595
c 00h01m02s | stage:relaxation:done clauses_added=0 circuit_cegar_failures=0 circuit_cegar_rounds=0 circuit_cegar_added_clauses=0 cop_cegar_failures=15 cop_cegar_rounds=33 cop_cegar_added_clauses=12240
c 00h01m02s | result:Sat
c 00h01m02s | objective:incumbent kind=improvement value=95 rounds=18 improvements=17
o 95
c 00h01m02s | stage:sat:init solver=CaDiCaL vars=37123 clauses=144666
c 00h01m02s | stage:sat:solve:start round=1 circuit_cegar_rounds=- cop_cegar_rounds=34 assumptions=0 phase_lits=945
c 00h01m02s | stage:sat:solve:done round=1 ms=12 result=Sat assumptions=0 phase_lits=945
c 00h01m02s | stage:decode:start round=1 requested_int_ids=595
c 00h01m02s | stage:relaxation:done round=1 clauses_added=794 circuit_clauses_added=0 cop_clauses_added=794 circuit_cegar_failures=0 circuit_cegar_rounds=0 circuit_cegar_added_clauses=0 cop_cegar_failures=16 cop_cegar_rounds=34 cop_cegar_added_clauses=13034
c 00h01m02s | stage:sat:solve:start round=2 circuit_cegar_rounds=- cop_cegar_rounds=35 assumptions=0 phase_lits=945
c 00h01m03s | stage:sat:solve:done round=2 ms=1148 result=Sat assumptions=0 phase_lits=945
c 00h01m03s | stage:decode:start round=2 requested_int_ids=595
c 00h01m03s | stage:decode:final:start round=2 requested_int_ids=595
c 00h01m03s | stage:decode:done round=2 int_assignments=595
c 00h01m03s | stage:relaxation:done clauses_added=0 circuit_cegar_failures=0 circuit_cegar_rounds=0 circuit_cegar_added_clauses=0 cop_cegar_failures=16 cop_cegar_rounds=35 cop_cegar_added_clauses=13034
c 00h01m03s | result:Sat
c 00h01m03s | objective:incumbent kind=improvement value=96 rounds=19 improvements=18
o 96
c 00h01m03s | stage:sat:init solver=CaDiCaL vars=37123 clauses=144666
c 00h01m03s | stage:sat:solve:start round=1 circuit_cegar_rounds=- cop_cegar_rounds=36 assumptions=0 phase_lits=945
c 00h01m03s | stage:sat:solve:done round=1 ms=12 result=Sat assumptions=0 phase_lits=945
c 00h01m03s | stage:decode:start round=1 requested_int_ids=595
c 00h01m03s | stage:relaxation:done round=1 clauses_added=808 circuit_clauses_added=0 cop_clauses_added=808 circuit_cegar_failures=0 circuit_cegar_rounds=0 circuit_cegar_added_clauses=0 cop_cegar_failures=17 cop_cegar_rounds=36 cop_cegar_added_clauses=13842
c 00h01m03s | stage:sat:solve:start round=2 circuit_cegar_rounds=- cop_cegar_rounds=37 assumptions=0 phase_lits=945
c 00h01m03s | stage:sat:solve:done round=2 ms=193 result=Sat assumptions=0 phase_lits=945
c 00h01m03s | stage:decode:start round=2 requested_int_ids=595
c 00h01m03s | stage:decode:final:start round=2 requested_int_ids=595
c 00h01m03s | stage:decode:done round=2 int_assignments=595
c 00h01m03s | stage:relaxation:done clauses_added=0 circuit_cegar_failures=0 circuit_cegar_rounds=0 circuit_cegar_added_clauses=0 cop_cegar_failures=17 cop_cegar_rounds=37 cop_cegar_added_clauses=13842
c 00h01m03s | result:Sat
c 00h01m03s | objective:incumbent kind=improvement value=97 rounds=20 improvements=19
o 97
c 00h01m03s | stage:sat:init solver=CaDiCaL vars=37123 clauses=144666
c 00h01m03s | stage:sat:solve:start round=1 circuit_cegar_rounds=- cop_cegar_rounds=38 assumptions=0 phase_lits=945
c 00h01m03s | stage:sat:solve:done round=1 ms=13 result=Sat assumptions=0 phase_lits=945
c 00h01m03s | stage:decode:start round=1 requested_int_ids=595
c 00h01m03s | stage:relaxation:done round=1 clauses_added=805 circuit_clauses_added=0 cop_clauses_added=805 circuit_cegar_failures=0 circuit_cegar_rounds=0 circuit_cegar_added_clauses=0 cop_cegar_failures=18 cop_cegar_rounds=38 cop_cegar_added_clauses=14647
c 00h01m03s | stage:sat:solve:start round=2 circuit_cegar_rounds=- cop_cegar_rounds=39 assumptions=0 phase_lits=945
c 00h01m04s | stage:sat:solve:done round=2 ms=770 result=Sat assumptions=0 phase_lits=945
c 00h01m04s | stage:decode:start round=2 requested_int_ids=595
c 00h01m04s | stage:decode:final:start round=2 requested_int_ids=595
c 00h01m04s | stage:decode:done round=2 int_assignments=595
c 00h01m04s | stage:relaxation:done clauses_added=0 circuit_cegar_failures=0 circuit_cegar_rounds=0 circuit_cegar_added_clauses=0 cop_cegar_failures=18 cop_cegar_rounds=39 cop_cegar_added_clauses=14647
c 00h01m04s | result:Sat
c 00h01m04s | objective:incumbent kind=improvement value=98 rounds=21 improvements=20
o 98
c 00h01m04s | stage:sat:init solver=CaDiCaL vars=37123 clauses=144666
c 00h01m04s | stage:sat:solve:start round=1 circuit_cegar_rounds=- cop_cegar_rounds=40 assumptions=0 phase_lits=945
c 00h01m04s | stage:sat:solve:done round=1 ms=14 result=Sat assumptions=0 phase_lits=945
c 00h01m04s | stage:decode:start round=1 requested_int_ids=595
c 00h01m04s | stage:relaxation:done round=1 clauses_added=800 circuit_clauses_added=0 cop_clauses_added=800 circuit_cegar_failures=0 circuit_cegar_rounds=0 circuit_cegar_added_clauses=0 cop_cegar_failures=19 cop_cegar_rounds=40 cop_cegar_added_clauses=15447
c 00h01m04s | stage:sat:solve:start round=2 circuit_cegar_rounds=- cop_cegar_rounds=41 assumptions=0 phase_lits=945
c 00h01m05s | stage:sat:solve:done round=2 ms=991 result=Sat assumptions=0 phase_lits=945
c 00h01m05s | stage:decode:start round=2 requested_int_ids=595
c 00h01m05s | stage:decode:final:start round=2 requested_int_ids=595
c 00h01m05s | stage:decode:done round=2 int_assignments=595
c 00h01m05s | stage:relaxation:done clauses_added=0 circuit_cegar_failures=0 circuit_cegar_rounds=0 circuit_cegar_added_clauses=0 cop_cegar_failures=19 cop_cegar_rounds=41 cop_cegar_added_clauses=15447
c 00h01m05s | result:Sat
c 00h01m05s | objective:incumbent kind=improvement value=99 rounds=22 improvements=21
o 99
c 00h01m05s | stage:sat:init solver=CaDiCaL vars=37123 clauses=144666
c 00h01m05s | stage:sat:solve:start round=1 circuit_cegar_rounds=- cop_cegar_rounds=42 assumptions=0 phase_lits=945
c 00h01m05s | stage:sat:solve:done round=1 ms=14 result=Sat assumptions=0 phase_lits=945
c 00h01m05s | stage:decode:start round=1 requested_int_ids=595
c 00h01m05s | stage:relaxation:done round=1 clauses_added=801 circuit_clauses_added=0 cop_clauses_added=801 circuit_cegar_failures=0 circuit_cegar_rounds=0 circuit_cegar_added_clauses=0 cop_cegar_failures=20 cop_cegar_rounds=42 cop_cegar_added_clauses=16248
c 00h01m05s | stage:sat:solve:start round=2 circuit_cegar_rounds=- cop_cegar_rounds=43 assumptions=0 phase_lits=945
c 00h01m06s | stage:sat:solve:done round=2 ms=635 result=Sat assumptions=0 phase_lits=945
c 00h01m06s | stage:decode:start round=2 requested_int_ids=595
c 00h01m06s | stage:decode:final:start round=2 requested_int_ids=595
c 00h01m06s | stage:decode:done round=2 int_assignments=595
c 00h01m06s | stage:relaxation:done clauses_added=0 circuit_cegar_failures=0 circuit_cegar_rounds=0 circuit_cegar_added_clauses=0 cop_cegar_failures=20 cop_cegar_rounds=43 cop_cegar_added_clauses=16248
c 00h01m06s | result:Sat
c 00h01m06s | objective:incumbent kind=improvement value=100 rounds=23 improvements=22
o 100
c 00h01m06s | stage:sat:init solver=CaDiCaL vars=37123 clauses=144666
c 00h01m06s | stage:sat:solve:start round=1 circuit_cegar_rounds=- cop_cegar_rounds=44 assumptions=0 phase_lits=945
c 00h01m06s | stage:sat:solve:done round=1 ms=14 result=Sat assumptions=0 phase_lits=945
c 00h01m06s | stage:decode:start round=1 requested_int_ids=595
c 00h01m06s | stage:relaxation:done round=1 clauses_added=808 circuit_clauses_added=0 cop_clauses_added=808 circuit_cegar_failures=0 circuit_cegar_rounds=0 circuit_cegar_added_clauses=0 cop_cegar_failures=21 cop_cegar_rounds=44 cop_cegar_added_clauses=17056
c 00h01m06s | stage:sat:solve:start round=2 circuit_cegar_rounds=- cop_cegar_rounds=45 assumptions=0 phase_lits=945
c 00h01m07s | stage:sat:solve:done round=2 ms=1118 result=Sat assumptions=0 phase_lits=945
c 00h01m07s | stage:decode:start round=2 requested_int_ids=595
c 00h01m07s | stage:decode:final:start round=2 requested_int_ids=595
c 00h01m07s | stage:decode:done round=2 int_assignments=595
c 00h01m07s | stage:relaxation:done clauses_added=0 circuit_cegar_failures=0 circuit_cegar_rounds=0 circuit_cegar_added_clauses=0 cop_cegar_failures=21 cop_cegar_rounds=45 cop_cegar_added_clauses=17056
c 00h01m07s | result:Sat
c 00h01m07s | objective:incumbent kind=improvement value=101 rounds=24 improvements=23
o 101
c 00h01m07s | stage:sat:init solver=CaDiCaL vars=37123 clauses=144666
c 00h01m07s | stage:sat:solve:start round=1 circuit_cegar_rounds=- cop_cegar_rounds=46 assumptions=0 phase_lits=945
c 00h01m07s | stage:sat:solve:done round=1 ms=13 result=Sat assumptions=0 phase_lits=945
c 00h01m07s | stage:decode:start round=1 requested_int_ids=595
c 00h01m07s | stage:relaxation:done round=1 clauses_added=801 circuit_clauses_added=0 cop_clauses_added=801 circuit_cegar_failures=0 circuit_cegar_rounds=0 circuit_cegar_added_clauses=0 cop_cegar_failures=22 cop_cegar_rounds=46 cop_cegar_added_clauses=17857
c 00h01m07s | stage:sat:solve:start round=2 circuit_cegar_rounds=- cop_cegar_rounds=47 assumptions=0 phase_lits=945
c 00h01m08s | stage:sat:solve:done round=2 ms=766 result=Sat assumptions=0 phase_lits=945
c 00h01m08s | stage:decode:start round=2 requested_int_ids=595
c 00h01m08s | stage:decode:final:start round=2 requested_int_ids=595
c 00h01m08s | stage:decode:done round=2 int_assignments=595
c 00h01m08s | stage:relaxation:done clauses_added=0 circuit_cegar_failures=0 circuit_cegar_rounds=0 circuit_cegar_added_clauses=0 cop_cegar_failures=22 cop_cegar_rounds=47 cop_cegar_added_clauses=17857
c 00h01m08s | result:Sat
c 00h01m08s | objective:incumbent kind=improvement value=102 rounds=25 improvements=24
o 102
c 00h01m08s | stage:sat:init solver=CaDiCaL vars=37123 clauses=144666
c 00h01m08s | stage:sat:solve:start round=1 circuit_cegar_rounds=- cop_cegar_rounds=48 assumptions=0 phase_lits=945
c 00h01m08s | stage:sat:solve:done round=1 ms=13 result=Sat assumptions=0 phase_lits=945
c 00h01m08s | stage:decode:start round=1 requested_int_ids=595
c 00h01m08s | stage:relaxation:done round=1 clauses_added=790 circuit_clauses_added=0 cop_clauses_added=790 circuit_cegar_failures=0 circuit_cegar_rounds=0 circuit_cegar_added_clauses=0 cop_cegar_failures=23 cop_cegar_rounds=48 cop_cegar_added_clauses=18647
c 00h01m08s | stage:sat:solve:start round=2 circuit_cegar_rounds=- cop_cegar_rounds=49 assumptions=0 phase_lits=945
c 00h01m09s | stage:sat:solve:done round=2 ms=1029 result=Sat assumptions=0 phase_lits=945
c 00h01m09s | stage:decode:start round=2 requested_int_ids=595
c 00h01m09s | stage:decode:final:start round=2 requested_int_ids=595
c 00h01m09s | stage:decode:done round=2 int_assignments=595
c 00h01m09s | stage:relaxation:done clauses_added=0 circuit_cegar_failures=0 circuit_cegar_rounds=0 circuit_cegar_added_clauses=0 cop_cegar_failures=23 cop_cegar_rounds=49 cop_cegar_added_clauses=18647
c 00h01m09s | result:Sat
c 00h01m09s | objective:incumbent kind=improvement value=103 rounds=26 improvements=25
o 103
c 00h01m09s | stage:sat:init solver=CaDiCaL vars=37123 clauses=144666
c 00h01m09s | stage:sat:solve:start round=1 circuit_cegar_rounds=- cop_cegar_rounds=50 assumptions=0 phase_lits=945
c 00h01m09s | stage:sat:solve:done round=1 ms=13 result=Sat assumptions=0 phase_lits=945
c 00h01m09s | stage:decode:start round=1 requested_int_ids=595
c 00h01m09s | stage:relaxation:done round=1 clauses_added=800 circuit_clauses_added=0 cop_clauses_added=800 circuit_cegar_failures=0 circuit_cegar_rounds=0 circuit_cegar_added_clauses=0 cop_cegar_failures=24 cop_cegar_rounds=50 cop_cegar_added_clauses=19447
c 00h01m09s | stage:sat:solve:start round=2 circuit_cegar_rounds=- cop_cegar_rounds=51 assumptions=0 phase_lits=945
c 00h01m09s | stage:sat:solve:done round=2 ms=531 result=Sat assumptions=0 phase_lits=945
c 00h01m09s | stage:decode:start round=2 requested_int_ids=595
c 00h01m09s | stage:decode:final:start round=2 requested_int_ids=595
c 00h01m09s | stage:decode:done round=2 int_assignments=595
c 00h01m09s | stage:relaxation:done clauses_added=0 circuit_cegar_failures=0 circuit_cegar_rounds=0 circuit_cegar_added_clauses=0 cop_cegar_failures=24 cop_cegar_rounds=51 cop_cegar_added_clauses=19447
c 00h01m09s | result:Sat
c 00h01m09s | objective:incumbent kind=improvement value=104 rounds=27 improvements=26
o 104
c 00h01m09s | stage:sat:init solver=CaDiCaL vars=37123 clauses=144666
c 00h01m09s | stage:sat:solve:start round=1 circuit_cegar_rounds=- cop_cegar_rounds=52 assumptions=0 phase_lits=945
c 00h01m09s | stage:sat:solve:done round=1 ms=13 result=Sat assumptions=0 phase_lits=945
c 00h01m09s | stage:decode:start round=1 requested_int_ids=595
c 00h01m09s | stage:relaxation:done round=1 clauses_added=810 circuit_clauses_added=0 cop_clauses_added=810 circuit_cegar_failures=0 circuit_cegar_rounds=0 circuit_cegar_added_clauses=0 cop_cegar_failures=25 cop_cegar_rounds=52 cop_cegar_added_clauses=20257
c 00h01m09s | stage:sat:solve:start round=2 circuit_cegar_rounds=- cop_cegar_rounds=53 assumptions=0 phase_lits=945
c 00h01m10s | stage:sat:solve:done round=2 ms=895 result=Sat assumptions=0 phase_lits=945
c 00h01m10s | stage:decode:start round=2 requested_int_ids=595
c 00h01m10s | stage:decode:final:start round=2 requested_int_ids=595
c 00h01m10s | stage:decode:done round=2 int_assignments=595
c 00h01m10s | stage:relaxation:done clauses_added=0 circuit_cegar_failures=0 circuit_cegar_rounds=0 circuit_cegar_added_clauses=0 cop_cegar_failures=25 cop_cegar_rounds=53 cop_cegar_added_clauses=20257
c 00h01m10s | result:Sat
c 00h01m10s | objective:incumbent kind=improvement value=105 rounds=28 improvements=27
o 105
c 00h01m10s | stage:sat:init solver=CaDiCaL vars=37123 clauses=144666
c 00h01m10s | stage:sat:solve:start round=1 circuit_cegar_rounds=- cop_cegar_rounds=54 assumptions=0 phase_lits=945
c 00h01m10s | stage:sat:solve:done round=1 ms=15 result=Sat assumptions=0 phase_lits=945
c 00h01m10s | stage:decode:start round=1 requested_int_ids=595
c 00h01m10s | stage:relaxation:done round=1 clauses_added=807 circuit_clauses_added=0 cop_clauses_added=807 circuit_cegar_failures=0 circuit_cegar_rounds=0 circuit_cegar_added_clauses=0 cop_cegar_failures=26 cop_cegar_rounds=54 cop_cegar_added_clauses=21064
c 00h01m10s | stage:sat:solve:start round=2 circuit_cegar_rounds=- cop_cegar_rounds=55 assumptions=0 phase_lits=945
c 00h01m12s | stage:sat:solve:done round=2 ms=1195 result=Sat assumptions=0 phase_lits=945
c 00h01m12s | stage:decode:start round=2 requested_int_ids=595
c 00h01m12s | stage:decode:final:start round=2 requested_int_ids=595
c 00h01m12s | stage:decode:done round=2 int_assignments=595
c 00h01m12s | stage:relaxation:done clauses_added=0 circuit_cegar_failures=0 circuit_cegar_rounds=0 circuit_cegar_added_clauses=0 cop_cegar_failures=26 cop_cegar_rounds=55 cop_cegar_added_clauses=21064
c 00h01m12s | result:Sat
c 00h01m12s | objective:incumbent kind=improvement value=106 rounds=29 improvements=28
o 106
c 00h01m12s | stage:sat:init solver=CaDiCaL vars=37123 clauses=144666
c 00h01m12s | stage:sat:solve:start round=1 circuit_cegar_rounds=- cop_cegar_rounds=56 assumptions=0 phase_lits=945
c 00h01m12s | stage:sat:solve:done round=1 ms=14 result=Sat assumptions=0 phase_lits=945
c 00h01m12s | stage:decode:start round=1 requested_int_ids=595
c 00h01m12s | stage:relaxation:done round=1 clauses_added=802 circuit_clauses_added=0 cop_clauses_added=802 circuit_cegar_failures=0 circuit_cegar_rounds=0 circuit_cegar_added_clauses=0 cop_cegar_failures=27 cop_cegar_rounds=56 cop_cegar_added_clauses=21866
c 00h01m12s | stage:sat:solve:start round=2 circuit_cegar_rounds=- cop_cegar_rounds=57 assumptions=0 phase_lits=945
c 00h01m16s | stage:sat:solve:done round=2 ms=4270 result=Sat assumptions=0 phase_lits=945
c 00h01m16s | stage:decode:start round=2 requested_int_ids=595
c 00h01m16s | stage:decode:final:start round=2 requested_int_ids=595
c 00h01m16s | stage:decode:done round=2 int_assignments=595
c 00h01m16s | stage:relaxation:done clauses_added=0 circuit_cegar_failures=0 circuit_cegar_rounds=0 circuit_cegar_added_clauses=0 cop_cegar_failures=27 cop_cegar_rounds=57 cop_cegar_added_clauses=21866
c 00h01m16s | result:Sat
c 00h01m16s | objective:incumbent kind=improvement value=107 rounds=30 improvements=29
o 107
c 00h01m16s | stage:sat:init solver=CaDiCaL vars=37123 clauses=144666
c 00h01m16s | stage:sat:solve:start round=1 circuit_cegar_rounds=- cop_cegar_rounds=58 assumptions=0 phase_lits=945
c 00h01m16s | stage:sat:solve:done round=1 ms=14 result=Sat assumptions=0 phase_lits=945
c 00h01m16s | stage:decode:start round=1 requested_int_ids=595
c 00h01m16s | stage:relaxation:done round=1 clauses_added=782 circuit_clauses_added=0 cop_clauses_added=782 circuit_cegar_failures=0 circuit_cegar_rounds=0 circuit_cegar_added_clauses=0 cop_cegar_failures=28 cop_cegar_rounds=58 cop_cegar_added_clauses=22648
c 00h01m16s | stage:sat:solve:start round=2 circuit_cegar_rounds=- cop_cegar_rounds=59 assumptions=0 phase_lits=945
c 00h01m17s | stage:sat:solve:done round=2 ms=1191 result=Sat assumptions=0 phase_lits=945
c 00h01m17s | stage:decode:start round=2 requested_int_ids=595
c 00h01m17s | stage:decode:final:start round=2 requested_int_ids=595
c 00h01m17s | stage:decode:done round=2 int_assignments=595
c 00h01m17s | stage:relaxation:done clauses_added=0 circuit_cegar_failures=0 circuit_cegar_rounds=0 circuit_cegar_added_clauses=0 cop_cegar_failures=28 cop_cegar_rounds=59 cop_cegar_added_clauses=22648
c 00h01m17s | result:Sat
c 00h01m17s | objective:incumbent kind=improvement value=108 rounds=31 improvements=30
o 108
c 00h01m17s | stage:sat:init solver=CaDiCaL vars=37123 clauses=144666
c 00h01m17s | stage:sat:solve:start round=1 circuit_cegar_rounds=- cop_cegar_rounds=60 assumptions=0 phase_lits=945
c 00h01m17s | stage:sat:solve:done round=1 ms=17 result=Sat assumptions=0 phase_lits=945
c 00h01m17s | stage:decode:start round=1 requested_int_ids=595
c 00h01m17s | stage:relaxation:done round=1 clauses_added=785 circuit_clauses_added=0 cop_clauses_added=785 circuit_cegar_failures=0 circuit_cegar_rounds=0 circuit_cegar_added_clauses=0 cop_cegar_failures=29 cop_cegar_rounds=60 cop_cegar_added_clauses=23433
c 00h01m17s | stage:sat:solve:start round=2 circuit_cegar_rounds=- cop_cegar_rounds=61 assumptions=0 phase_lits=945
c 00h01m18s | stage:sat:solve:done round=2 ms=1298 result=Sat assumptions=0 phase_lits=945
c 00h01m18s | stage:decode:start round=2 requested_int_ids=595
c 00h01m18s | stage:decode:final:start round=2 requested_int_ids=595
c 00h01m18s | stage:decode:done round=2 int_assignments=595
c 00h01m18s | stage:relaxation:done clauses_added=0 circuit_cegar_failures=0 circuit_cegar_rounds=0 circuit_cegar_added_clauses=0 cop_cegar_failures=29 cop_cegar_rounds=61 cop_cegar_added_clauses=23433
c 00h01m18s | result:Sat
c 00h01m18s | objective:incumbent kind=improvement value=109 rounds=32 improvements=31
o 109
c 00h01m18s | stage:sat:init solver=CaDiCaL vars=37123 clauses=144666
c 00h01m18s | stage:sat:solve:start round=1 circuit_cegar_rounds=- cop_cegar_rounds=62 assumptions=0 phase_lits=945
c 00h01m18s | stage:sat:solve:done round=1 ms=14 result=Sat assumptions=0 phase_lits=945
c 00h01m18s | stage:decode:start round=1 requested_int_ids=595
c 00h01m18s | stage:relaxation:done round=1 clauses_added=778 circuit_clauses_added=0 cop_clauses_added=778 circuit_cegar_failures=0 circuit_cegar_rounds=0 circuit_cegar_added_clauses=0 cop_cegar_failures=30 cop_cegar_rounds=62 cop_cegar_added_clauses=24211
c 00h01m18s | stage:sat:solve:start round=2 circuit_cegar_rounds=- cop_cegar_rounds=63 assumptions=0 phase_lits=945
c 00h01m19s | stage:sat:solve:done round=2 ms=736 result=Sat assumptions=0 phase_lits=945
c 00h01m19s | stage:decode:start round=2 requested_int_ids=595
c 00h01m19s | stage:decode:final:start round=2 requested_int_ids=595
c 00h01m19s | stage:decode:done round=2 int_assignments=595
c 00h01m19s | stage:relaxation:done clauses_added=0 circuit_cegar_failures=0 circuit_cegar_rounds=0 circuit_cegar_added_clauses=0 cop_cegar_failures=30 cop_cegar_rounds=63 cop_cegar_added_clauses=24211
c 00h01m19s | result:Sat
c 00h01m19s | objective:incumbent kind=improvement value=110 rounds=33 improvements=32
o 110
c 00h01m19s | stage:sat:init solver=CaDiCaL vars=37123 clauses=144666
c 00h01m19s | stage:sat:solve:start round=1 circuit_cegar_rounds=- cop_cegar_rounds=64 assumptions=0 phase_lits=945
c 00h01m19s | stage:sat:solve:done round=1 ms=15 result=Sat assumptions=0 phase_lits=945
c 00h01m19s | stage:decode:start round=1 requested_int_ids=595
c 00h01m19s | stage:relaxation:done round=1 clauses_added=755 circuit_clauses_added=0 cop_clauses_added=755 circuit_cegar_failures=0 circuit_cegar_rounds=0 circuit_cegar_added_clauses=0 cop_cegar_failures=31 cop_cegar_rounds=64 cop_cegar_added_clauses=24966
c 00h01m19s | stage:sat:solve:start round=2 circuit_cegar_rounds=- cop_cegar_rounds=65 assumptions=0 phase_lits=945
c 00h01m21s | stage:sat:solve:done round=2 ms=1987 result=Sat assumptions=0 phase_lits=945
c 00h01m21s | stage:decode:start round=2 requested_int_ids=595
c 00h01m21s | stage:decode:final:start round=2 requested_int_ids=595
c 00h01m21s | stage:decode:done round=2 int_assignments=595
c 00h01m21s | stage:relaxation:done clauses_added=0 circuit_cegar_failures=0 circuit_cegar_rounds=0 circuit_cegar_added_clauses=0 cop_cegar_failures=31 cop_cegar_rounds=65 cop_cegar_added_clauses=24966
c 00h01m21s | result:Sat
c 00h01m21s | objective:incumbent kind=improvement value=112 rounds=34 improvements=33
o 112
c 00h01m21s | stage:sat:init solver=CaDiCaL vars=37123 clauses=144666
c 00h01m21s | stage:sat:solve:start round=1 circuit_cegar_rounds=- cop_cegar_rounds=66 assumptions=0 phase_lits=945
c 00h01m21s | stage:sat:solve:done round=1 ms=15 result=Sat assumptions=0 phase_lits=945
c 00h01m21s | stage:decode:start round=1 requested_int_ids=595
c 00h01m21s | stage:relaxation:done round=1 clauses_added=779 circuit_clauses_added=0 cop_clauses_added=779 circuit_cegar_failures=0 circuit_cegar_rounds=0 circuit_cegar_added_clauses=0 cop_cegar_failures=32 cop_cegar_rounds=66 cop_cegar_added_clauses=25745
c 00h01m21s | stage:sat:solve:start round=2 circuit_cegar_rounds=- cop_cegar_rounds=67 assumptions=0 phase_lits=945
c 00h01m25s | stage:sat:solve:done round=2 ms=3743 result=Sat assumptions=0 phase_lits=945
c 00h01m25s | stage:decode:start round=2 requested_int_ids=595
c 00h01m25s | stage:decode:final:start round=2 requested_int_ids=595
c 00h01m25s | stage:decode:done round=2 int_assignments=595
c 00h01m25s | stage:relaxation:done clauses_added=0 circuit_cegar_failures=0 circuit_cegar_rounds=0 circuit_cegar_added_clauses=0 cop_cegar_failures=32 cop_cegar_rounds=67 cop_cegar_added_clauses=25745
c 00h01m25s | result:Sat
c 00h01m25s | objective:incumbent kind=improvement value=114 rounds=35 improvements=34
o 114
c 00h01m25s | stage:sat:init solver=CaDiCaL vars=37123 clauses=144666
c 00h01m25s | stage:sat:solve:start round=1 circuit_cegar_rounds=- cop_cegar_rounds=68 assumptions=0 phase_lits=945
c 00h01m25s | stage:sat:solve:done round=1 ms=15 result=Sat assumptions=0 phase_lits=945
c 00h01m25s | stage:decode:start round=1 requested_int_ids=595
c 00h01m25s | stage:relaxation:done round=1 clauses_added=771 circuit_clauses_added=0 cop_clauses_added=771 circuit_cegar_failures=0 circuit_cegar_rounds=0 circuit_cegar_added_clauses=0 cop_cegar_failures=33 cop_cegar_rounds=68 cop_cegar_added_clauses=26516
c 00h01m25s | stage:sat:solve:start round=2 circuit_cegar_rounds=- cop_cegar_rounds=69 assumptions=0 phase_lits=945
c 00h01m29s | stage:sat:solve:done round=2 ms=4514 result=Sat assumptions=0 phase_lits=945
c 00h01m29s | stage:decode:start round=2 requested_int_ids=595
c 00h01m29s | stage:decode:final:start round=2 requested_int_ids=595
c 00h01m29s | stage:decode:done round=2 int_assignments=595
c 00h01m29s | stage:relaxation:done clauses_added=0 circuit_cegar_failures=0 circuit_cegar_rounds=0 circuit_cegar_added_clauses=0 cop_cegar_failures=33 cop_cegar_rounds=69 cop_cegar_added_clauses=26516
c 00h01m29s | result:Sat
c 00h01m29s | objective:incumbent kind=improvement value=115 rounds=36 improvements=35
o 115
c 00h01m29s | stage:sat:init solver=CaDiCaL vars=37123 clauses=144666
c 00h01m29s | stage:sat:solve:start round=1 circuit_cegar_rounds=- cop_cegar_rounds=70 assumptions=0 phase_lits=945
c 00h01m30s | stage:sat:solve:done round=1 ms=15 result=Sat assumptions=0 phase_lits=945
c 00h01m30s | stage:decode:start round=1 requested_int_ids=595
c 00h01m30s | stage:relaxation:done round=1 clauses_added=750 circuit_clauses_added=0 cop_clauses_added=750 circuit_cegar_failures=0 circuit_cegar_rounds=0 circuit_cegar_added_clauses=0 cop_cegar_failures=34 cop_cegar_rounds=70 cop_cegar_added_clauses=27266
c 00h01m30s | stage:sat:solve:start round=2 circuit_cegar_rounds=- cop_cegar_rounds=71 assumptions=0 phase_lits=945
c 00h01m31s | stage:sat:solve:done round=2 ms=1610 result=Sat assumptions=0 phase_lits=945
c 00h01m31s | stage:decode:start round=2 requested_int_ids=595
c 00h01m31s | stage:decode:final:start round=2 requested_int_ids=595
c 00h01m31s | stage:decode:done round=2 int_assignments=595
c 00h01m31s | stage:relaxation:done clauses_added=0 circuit_cegar_failures=0 circuit_cegar_rounds=0 circuit_cegar_added_clauses=0 cop_cegar_failures=34 cop_cegar_rounds=71 cop_cegar_added_clauses=27266
c 00h01m31s | result:Sat
c 00h01m31s | objective:incumbent kind=improvement value=116 rounds=37 improvements=36
o 116
c 00h01m31s | stage:sat:init solver=CaDiCaL vars=37123 clauses=144666
c 00h01m31s | stage:sat:solve:start round=1 circuit_cegar_rounds=- cop_cegar_rounds=72 assumptions=0 phase_lits=945
c 00h01m31s | stage:sat:solve:done round=1 ms=14 result=Sat assumptions=0 phase_lits=945
c 00h01m31s | stage:decode:start round=1 requested_int_ids=595
c 00h01m31s | stage:relaxation:done round=1 clauses_added=753 circuit_clauses_added=0 cop_clauses_added=753 circuit_cegar_failures=0 circuit_cegar_rounds=0 circuit_cegar_added_clauses=0 cop_cegar_failures=35 cop_cegar_rounds=72 cop_cegar_added_clauses=28019
c 00h01m31s | stage:sat:solve:start round=2 circuit_cegar_rounds=- cop_cegar_rounds=73 assumptions=0 phase_lits=945
c 00h01m33s | stage:sat:solve:done round=2 ms=1404 result=Sat assumptions=0 phase_lits=945
c 00h01m33s | stage:decode:start round=2 requested_int_ids=595
c 00h01m33s | stage:decode:final:start round=2 requested_int_ids=595
c 00h01m33s | stage:decode:done round=2 int_assignments=595
c 00h01m33s | stage:relaxation:done clauses_added=0 circuit_cegar_failures=0 circuit_cegar_rounds=0 circuit_cegar_added_clauses=0 cop_cegar_failures=35 cop_cegar_rounds=73 cop_cegar_added_clauses=28019
c 00h01m33s | result:Sat
c 00h01m33s | objective:incumbent kind=improvement value=117 rounds=38 improvements=37
o 117
c 00h01m33s | stage:sat:init solver=CaDiCaL vars=37123 clauses=144666
c 00h01m33s | stage:sat:solve:start round=1 circuit_cegar_rounds=- cop_cegar_rounds=74 assumptions=0 phase_lits=945
c 00h01m33s | stage:sat:solve:done round=1 ms=14 result=Sat assumptions=0 phase_lits=945
c 00h01m33s | stage:decode:start round=1 requested_int_ids=595
c 00h01m33s | stage:relaxation:done round=1 clauses_added=752 circuit_clauses_added=0 cop_clauses_added=752 circuit_cegar_failures=0 circuit_cegar_rounds=0 circuit_cegar_added_clauses=0 cop_cegar_failures=36 cop_cegar_rounds=74 cop_cegar_added_clauses=28771
c 00h01m33s | stage:sat:solve:start round=2 circuit_cegar_rounds=- cop_cegar_rounds=75 assumptions=0 phase_lits=945
c 00h01m34s | stage:sat:solve:done round=2 ms=1386 result=Sat assumptions=0 phase_lits=945
c 00h01m34s | stage:decode:start round=2 requested_int_ids=595
c 00h01m34s | stage:decode:final:start round=2 requested_int_ids=595
c 00h01m34s | stage:decode:done round=2 int_assignments=595
c 00h01m34s | stage:relaxation:done clauses_added=0 circuit_cegar_failures=0 circuit_cegar_rounds=0 circuit_cegar_added_clauses=0 cop_cegar_failures=36 cop_cegar_rounds=75 cop_cegar_added_clauses=28771
c 00h01m34s | result:Sat
c 00h01m34s | objective:incumbent kind=improvement value=118 rounds=39 improvements=38
o 118
c 00h01m34s | stage:sat:init solver=CaDiCaL vars=37123 clauses=144666
c 00h01m34s | stage:sat:solve:start round=1 circuit_cegar_rounds=- cop_cegar_rounds=76 assumptions=0 phase_lits=945
c 00h01m34s | stage:sat:solve:done round=1 ms=16 result=Sat assumptions=0 phase_lits=945
c 00h01m34s | stage:decode:start round=1 requested_int_ids=595
c 00h01m34s | stage:relaxation:done round=1 clauses_added=744 circuit_clauses_added=0 cop_clauses_added=744 circuit_cegar_failures=0 circuit_cegar_rounds=0 circuit_cegar_added_clauses=0 cop_cegar_failures=37 cop_cegar_rounds=76 cop_cegar_added_clauses=29515
c 00h01m34s | stage:sat:solve:start round=2 circuit_cegar_rounds=- cop_cegar_rounds=77 assumptions=0 phase_lits=945
c 00h01m36s | stage:sat:solve:done round=2 ms=1839 result=Sat assumptions=0 phase_lits=945
c 00h01m36s | stage:decode:start round=2 requested_int_ids=595
c 00h01m36s | stage:decode:final:start round=2 requested_int_ids=595
c 00h01m36s | stage:decode:done round=2 int_assignments=595
c 00h01m36s | stage:relaxation:done clauses_added=0 circuit_cegar_failures=0 circuit_cegar_rounds=0 circuit_cegar_added_clauses=0 cop_cegar_failures=37 cop_cegar_rounds=77 cop_cegar_added_clauses=29515
c 00h01m36s | result:Sat
c 00h01m36s | objective:incumbent kind=improvement value=119 rounds=40 improvements=39
o 119
c 00h01m36s | stage:sat:init solver=CaDiCaL vars=37123 clauses=144666
c 00h01m36s | stage:sat:solve:start round=1 circuit_cegar_rounds=- cop_cegar_rounds=78 assumptions=0 phase_lits=945
c 00h01m36s | stage:sat:solve:done round=1 ms=15 result=Sat assumptions=0 phase_lits=945
c 00h01m36s | stage:decode:start round=1 requested_int_ids=595
c 00h01m36s | stage:relaxation:done round=1 clauses_added=733 circuit_clauses_added=0 cop_clauses_added=733 circuit_cegar_failures=0 circuit_cegar_rounds=0 circuit_cegar_added_clauses=0 cop_cegar_failures=38 cop_cegar_rounds=78 cop_cegar_added_clauses=30248
c 00h01m36s | stage:sat:solve:start round=2 circuit_cegar_rounds=- cop_cegar_rounds=79 assumptions=0 phase_lits=945
c 00h01m38s | stage:sat:solve:done round=2 ms=2267 result=Unsat assumptions=0 phase_lits=945
c 00h01m38s | result:Unsat
s OPTIMUM FOUND
o 119
v <instantiation>
v   <list> x[0][0] x[0][1] x[0][2] x[0][3] x[0][4] x[0][5] x[0][6] x[0][7] x[0][8] x[0][9] x[0][10] x[0][11] x[0][12] x[0][13] x[0][14] x[0][15] x[0][16] x[1][0] x[1][1] x[1][2] x[1][3] x[1][4] x[1][5] x[1][6] x[1][7] x[1][8] x[1][9] x[1][10] x[1][11] x[1][12] x[1][13] x[1][14] x[1][15] x[1][16] x[2][0] x[2][1] x[2][2] x[2][3] x[2][4] x[2][5] x[2][6] x[2][7] x[2][8] x[2][9] x[2][10] x[2][11] x[2][12] x[2][13] x[2][14] x[2][15] x[2][16] x[3][0] x[3][1] x[3][2] x[3][3] x[3][4] x[3][5] x[3][6] x[3][7] x[3][8] x[3][9] x[3][10] x[3][11] x[3][12] x[3][13] x[3][14] x[3][15] x[3][16] x[4][0] x[4][1] x[4][2] x[4][3] x[4][4] x[4][5] x[4][6] x[4][7] x[4][8] x[4][9] x[4][10] x[4][11] x[4][12] x[4][13] x[4][14] x[4][15] x[4][16] x[5][0] x[5][1] x[5][2] x[5][3] x[5][4] x[5][5] x[5][6] x[5][7] x[5][8] x[5][9] x[5][10] x[5][11] x[5][12] x[5][13] x[5][14] x[5][15] x[5][16] x[6][0] x[6][1] x[6][2] x[6][3] x[6][4] x[6][5] x[6][6] x[6][7] x[6][8] x[6][9] x[6][10] x[6][11] x[6][12] x[6][13] x[6][14] x[6][15] x[6][16] x[7][0] x[7][1] x[7][2] x[7][3] x[7][4] x[7][5] x[7][6] x[7][7] x[7][8] x[7][9] x[7][10] x[7][11] x[7][12] x[7][13] x[7][14] x[7][15] x[7][16] x[8][0] x[8][1] x[8][2] x[8][3] x[8][4] x[8][5] x[8][6] x[8][7] x[8][8] x[8][9] x[8][10] x[8][11] x[8][12] x[8][13] x[8][14] x[8][15] x[8][16] x[9][0] x[9][1] x[9][2] x[9][3] x[9][4] x[9][5] x[9][6] x[9][7] x[9][8] x[9][9] x[9][10] x[9][11] x[9][12] x[9][13] x[9][14] x[9][15] x[9][16] x[10][0] x[10][1] x[10][2] x[10][3] x[10][4] x[10][5] x[10][6] x[10][7] x[10][8] x[10][9] x[10][10] x[10][11] x[10][12] x[10][13] x[10][14] x[10][15] x[10][16] x[11][0] x[11][1] x[11][2] x[11][3] x[11][4] x[11][5] x[11][6] x[11][7] x[11][8] x[11][9] x[11][10] x[11][11] x[11][12] x[11][13] x[11][14] x[11][15] x[11][16] x[12][0] x[12][1] x[12][2] x[12][3] x[12][4] x[12][5] x[12][6] x[12][7] x[12][8] x[12][9] x[12][10] x[12][11] x[12][12] x[12][13] x[12][14] x[12][15] x[12][16] x[13][0] x[13][1] x[13][2] x[13][3] x[13][4] x[13][5] x[13][6] x[13][7] x[13][8] x[13][9] x[13][10] x[13][11] x[13][12] x[13][13] x[13][14] x[13][15] x[13][16] x[14][0] x[14][1] x[14][2] x[14][3] x[14][4] x[14][5] x[14][6] x[14][7] x[14][8] x[14][9] x[14][10] x[14][11] x[14][12] x[14][13] x[14][14] x[14][15] x[14][16] x[15][0] x[15][1] x[15][2] x[15][3] x[15][4] x[15][5] x[15][6] x[15][7] x[15][8] x[15][9] x[15][10] x[15][11] x[15][12] x[15][13] x[15][14] x[15][15] x[15][16] x[16][0] x[16][1] x[16][2] x[16][3] x[16][4] x[16][5] x[16][6] x[16][7] x[16][8] x[16][9] x[16][10] x[16][11] x[16][12] x[16][13] x[16][14] x[16][15] x[16][16] w[0][0] w[0][1] w[0][2] w[0][3] w[0][4] w[0][5] w[0][6] w[0][7] w[0][8] w[0][9] w[0][10] w[0][11] w[0][12] w[0][13] w[0][14] w[0][15] w[0][16] w[1][0] w[1][1] w[1][2] w[1][3] w[1][4] w[1][5] w[1][6] w[1][7] w[1][8] w[1][9] w[1][10] w[1][11] w[1][12] w[1][13] w[1][14] w[1][15] w[1][16] w[2][0] w[2][1] w[2][2] w[2][3] w[2][4] w[2][5] w[2][6] w[2][7] w[2][8] w[2][9] w[2][10] w[2][11] w[2][12] w[2][13] w[2][14] w[2][15] w[2][16] w[3][0] w[3][1] w[3][2] w[3][3] w[3][4] w[3][5] w[3][6] w[3][7] w[3][8] w[3][9] w[3][10] w[3][11] w[3][12] w[3][13] w[3][14] w[3][15] w[3][16] w[4][0] w[4][1] w[4][2] w[4][3] w[4][4] w[4][5] w[4][6] w[4][7] w[4][8] w[4][9] w[4][10] w[4][11] w[4][12] w[4][13] w[4][14] w[4][15] w[4][16] w[5][0] w[5][1] w[5][2] w[5][3] w[5][4] w[5][5] w[5][6] w[5][7] w[5][8] w[5][9] w[5][10] w[5][11] w[5][12] w[5][13] w[5][14] w[5][15] w[5][16] w[6][0] w[6][1] w[6][2] w[6][3] w[6][4] w[6][5] w[6][6] w[6][7] w[6][8] w[6][9] w[6][10] w[6][11] w[6][12] w[6][13] w[6][14] w[6][15] w[6][16] w[7][0] w[7][1] w[7][2] w[7][3] w[7][4] w[7][5] w[7][6] w[7][7] w[7][8] w[7][9] w[7][10] w[7][11] w[7][12] w[7][13] w[7][14] w[7][15] w[7][16] w[8][0] w[8][1] w[8][2] w[8][3] w[8][4] w[8][5] w[8][6] w[8][7] w[8][8] w[8][9] w[8][10] w[8][11] w[8][12] w[8][13] w[8][14] w[8][15] w[8][16] w[9][0] w[9][1] w[9][2] w[9][3] w[9][4] w[9][5] w[9][6] w[9][7] w[9][8] w[9][9] w[9][10] w[9][11] w[9][12] w[9][13] w[9][14] w[9][15] w[9][16] w[10][0] w[10][1] w[10][2] w[10][3] w[10][4] w[10][5] w[10][6] w[10][7] w[10][8] w[10][9] w[10][10] w[10][11] w[10][12] w[10][13] w[10][14] w[10][15] w[10][16] w[11][0] w[11][1] w[11][2] w[11][3] w[11][4] w[11][5] w[11][6] w[11][7] w[11][8] w[11][9] w[11][10] w[11][11] w[11][12] w[11][13] w[11][14] w[11][15] w[11][16] w[12][0] w[12][1] w[12][2] w[12][3] w[12][4] w[12][5] w[12][6] w[12][7] w[12][8] w[12][9] w[12][10] w[12][11] w[12][12] w[12][13] w[12][14] w[12][15] w[12][16] w[13][0] w[13][1] w[13][2] w[13][3] w[13][4] w[13][5] w[13][6] w[13][7] w[13][8] w[13][9] w[13][10] w[13][11] w[13][12] w[13][13] w[13][14] w[13][15] w[13][16] w[14][0] w[14][1] w[14][2] w[14][3] w[14][4] w[14][5] w[14][6] w[14][7] w[14][8] w[14][9] w[14][10] w[14][11] w[14][12] w[14][13] w[14][14] w[14][15] w[14][16] w[15][0] w[15][1] w[15][2] w[15][3] w[15][4] w[15][5] w[15][6] w[15][7] w[15][8] w[15][9] w[15][10] w[15][11] w[15][12] w[15][13] w[15][14] w[15][15] w[15][16] w[16][0] w[16][1] w[16][2] w[16][3] w[16][4] w[16][5] w[16][6] w[16][7] w[16][8] w[16][9] w[16][10] w[16][11] w[16][12] w[16][13] w[16][14] w[16][15] w[16][16] ws[0] ws[1] ws[2] ws[3] ws[4] ws[5] ws[6] ws[7] ws[8] ws[9] ws[10] ws[11] ws[12] ws[13] ws[14] ws[15] ws[16] </list>
v   <values> 0 0 0 0 0 0 0 0 0 0 0 0 0 0 0 0 0 0 1 1 0 1 0 1 1 0 1 1 0 1 0 1 1 0 0 1 1 0 1 1 0 1 0 1 0 1 1 0 1 1 0 0 0 0 0 0 0 0 1 0 1 0 0 0 0 0 0 0 0 1 1 1 1 1 1 1 0 1 1 0 1 1 1 1 0 0 1 0 0 0 0 0 0 0 0 1 0 1 0 0 1 0 0 0 1 0 1 1 1 1 1 1 0 0 1 0 1 0 0 0 1 1 0 1 0 0 0 0 1 0 1 1 0 1 1 0 0 0 1 0 1 0 1 1 0 1 0 0 1 0 1 0 0 0 1 0 0 1 0 1 0 1 0 1 0 1 0 0 1 0 0 1 1 1 1 0 1 0 1 0 1 0 1 1 1 1 0 0 0 0 0 0 0 1 0 1 0 1 0 0 0 0 0 0 0 1 1 1 1 1 1 0 1 0 1 1 1 1 1 1 0 0 1 0 0 0 0 0 1 0 1 0 0 0 0 0 1 0 0 0 1 0 1 1 0 1 0 1 0 1 1 0 1 0 0 0 1 1 0 1 0 1 1 0 1 1 0 1 0 1 1 0 0 0 0 0 0 0 0 0 0 0 0 0 0 0 0 0 0 0 0 0 1 0 1 0 0 1 0 0 1 0 1 0 0 0 0 0 0 0 1 0 0 0 0 0 0 0 1 0 0 0 0 0 0 0 0 0 0 0 0 0 0 0 0 0 0 0 0 0 1 0 0 1 0 0 0 0 0 0 0 1 0 1 0 0 1 0 0 0 0 0 0 0 0 0 0 0 0 0 0 0 0 0 0 0 0 1 0 0 0 0 1 0 0 0 0 0 0 0 0 1 0 0 0 0 0 0 0 0 0 0 0 0 0 0 0 1 0 0 0 0 0 0 0 0 0 0 0 0 0 0 0 0 0 1 0 0 0 0 0 0 0 0 0 0 0 0 0 0 0 1 0 0 0 0 0 0 0 0 0 0 1 0 0 0 0 0 0 0 0 0 0 0 0 0 0 0 0 0 0 0 0 0 0 0 1 0 0 0 0 0 0 0 0 0 0 0 0 0 0 0 1 0 0 0 0 0 0 0 0 0 0 0 0 0 0 0 0 0 0 0 0 1 0 0 0 0 0 0 0 0 0 1 0 0 0 1 0 0 0 0 0 0 0 0 0 0 0 0 0 0 0 1 0 1 0 0 1 0 0 0 0 0 0 0 1 0 0 1 0 0 0 0 1 0 1 0 0 1 0 0 1 0 1 0 0 0 5 7 7 12 12 14 16 16 18 19 19 21 21 23 25 29 34 </values>
v </instantiation>
d OBJECTIVE_VALUE 119
d OPTIMAL 1
d SOURCE_CONSTRAINTS 378
d NORMALIZED_CONSTRAINTS 378
d LOWERED_CONSTRAINTS 378
d UNSUPPORTED_CONSTRAINTS 0
d CIRCUIT_CEGAR_FAILURES 0
d CIRCUIT_CEGAR_ROUNDS 0
d CIRCUIT_CEGAR_ADDED_CLAUSES 0
d COP_CEGAR_FAILURES 38
d COP_CEGAR_ROUNDS 79
d COP_CEGAR_ADDED_CLAUSES 30248
d OBJECTIVE_ROUNDS 41
d OBJECTIVE_IMPROVEMENTS 39
d PROPAGATE_MS 111
d NORMALIZE_MS 0
d LOWER_MS 12
d POST_LOWER_MS 1
d PREENCODE_MS 0
d ENCODE_MS 185
d SAT_SOLVE_MS 67250
d TOTAL_MS 98644
d SAT_VARS 37123
d SAT_CLAUSES_BASE 144666
d SAT_CLAUSES_FINAL 145399
d SAT_CLAUSES_CEGAR_DELTA 733
d LINEAR_INT_EQ_ARITY_STATS {"2":{"count":60,"max_domain_product_excluding_one_var":"2","p95_domain_product_excluding_one_var":"2"},"18":{"count":1,"max_domain_product_excluding_one_var":"294912","p95_domain_product_excluding_one_var":"294912"},"19":{"count":16,"max_domain_product_excluding_one_var":"26861153904","p95_domain_product_excluding_one_var":"26861153904"}}
d LINEAR_INT_NE_ARITY_STATS {}
d LINEAR_INT_GE_ARITY_STATS {"2":{"count":16,"max_domain_product_excluding_one_var":"500","p95_domain_product_excluding_one_var":"500"}}
d LINEAR_BOOL_MIXED_ARITY_STATS {}
d ROOT_LP_ENTERED 1
d ROOT_LP_STATUS objective_bound
d OBJECTIVE_NAIVE_LOWER -17
d OBJECTIVE_NAIVE_UPPER 127
d OBJECTIVE_LP_LOWER -17
d OBJECTIVE_LP_UPPER 123
d ROOT_LP_IMPROVED 1
d ROOT_LP_MS 30605
d ROOT_LP_ROWS 2570
d ROOT_LP_VARS 163498
d ROOT_LP_STRUCTURED_OBJECTIVE_TERMS 0
d ROOT_LP_STRUCTURED_OBJECTIVE_AUX_VARS 0
d ROOT_LP_STRUCTURED_OBJECTIVE_ROWS 0
d ROOT_LP_NATIVE_GATE_GE_TOTAL 16
d ROOT_LP_NATIVE_GATE_EQ_TOTAL 77
d ROOT_LP_NATIVE_GATE_GE_MAX_ARITY 2
d ROOT_LP_NATIVE_GATE_GE_MAX_DOMAIN_PRODUCT 500
d ROOT_LP_NATIVE_GATE_BOOL_MIXED_MAX_ARITY 0
d ROOT_LP_OBJECTIVE_VALUE 123
d PROPAGATE_PRUNED_VALUES 0
d PROPAGATE_CHANGED_DOMAINS 0
d PROPAGATE_ENTAILED_TABLES 0
d POST_LOWER_ROUNDS 322
d POST_LOWER_TIGHTENED_DOMAINS 383
d POST_LOWER_REMOVED_CLAUSES 0
d POST_LOWER_REMOVED_LITS 0
d POST_LOWER_DETECTED_UNSAT 0
d PREENCODE_INT_VARS 595
d ENCODE_EXTERNAL_GE_SPECS 0
d ENCODE_RELAXED_CIRCUITS 0
d LOG_SCOP_LINEAR_PB_CONSTRAINTS 416
d LOG_SCOP_LINEAR_PB_MIXED_DISPATCH_CONSTRAINTS 0
d LOG_SCOP_LINEAR_PB_MIXED_ATTEMPT_BDD 0
d LOG_SCOP_LINEAR_PB_MIXED_ATTEMPT_SORTER 0
d LOG_SCOP_LINEAR_PB_MIXED_ATTEMPT_DADDA 0
d LOG_SCOP_LINEAR_PB_MIXED_REJECT_BDD_BUDGET 0
d LOG_SCOP_LINEAR_PB_MIXED_REJECT_SORTER_BUDGET 0
d LOG_SCOP_LINEAR_PB_MIXED_FALLBACK_BDD_TO_SORTER 0
d LOG_SCOP_LINEAR_PB_MIXED_FALLBACK_BDD_TO_DADDA 0
d LOG_SCOP_LINEAR_PB_MIXED_FALLBACK_SORTER_TO_BDD 0
d LOG_SCOP_LINEAR_PB_MIXED_FALLBACK_SORTER_TO_DADDA 0
d LOG_SCOP_LINEAR_PB_BACKEND_BDD2 0
d LOG_SCOP_LINEAR_PB_BACKEND_BDD3 416
d LOG_SCOP_LINEAR_PB_BACKEND_SORTER 0
d LOG_SCOP_LINEAR_PB_BACKEND_DADDA 0
d LOG_SCOP_LINEAR_PB_BDD_DECOMPOSITION_RAW 416
d LOG_SCOP_LINEAR_PB_BDD_DECOMPOSITION_BINARY 0
d LOG_SCOP_LINEAR_PB_BDD_DECOMPOSITION_MULTIBASE 0
d DECODE_INT_ASSIGNMENTS 595
d CSV /bench/competition/2022-2025/COP22to25/StillLife-wastage-15-15_c24.xml.lzma,optimum,378,378,378,0,37123,145399,98644,111,0,12,0,185,67250,1,objective_bound,-17,127,-17,123,1,30605,2570,163498,0,0,0,123,,
