# WCTIME: wall clock time in seconds
WCTIME=0.963402
# CPUTIME: CPU time in seconds (USERTIME+SYSTEMTIME)
CPUTIME=0.03098
# USERTIME: CPU time spent in user mode in seconds
USERTIME=0.011669
# SYSTEMTIME: CPU time spent in system mode in seconds
SYSTEMTIME=0.019311
# CPUUSAGE: CPUTIME/WCTIME in percent
CPUUSAGE=3.21569
# MAXVM: maximum virtual memory used in KiB
MAXVM=218724
# MAXMM: maximum memory used in KiB
MAXMM=7116
# MAXRSS: maximum Resident Segment Size in KiB
MAXRSS=9204
# TIMEOUT: did the solver exceed the time limit?
TIMEOUT=false
# MEMOUT: did the solver exceed the memory limit?
MEMOUT=false
# EXITSTATUS: Exit status of the solver
EXITSTATUS=0
