c cmd: /host-parser-bin/kat_xcsp_5362e21a /bench/competition/2022-2025/COP22to25/MaximumDensityOscillatingLife-5-6_c24.xml.lzma --encoder order-ge --cop-objective-cut direct-expr --order-ge-table mdd-tl --order-ge-eq-ne direct-order --order-ge-direct-eq-ne-max-arity 2 --order-ge-shorten-link-cost --no-root-lp-bound --progress --memory-guard-gib 64 --memory-guard-fallback extprop
c 00h00m00s | solve:start
c 00h00m00s | input: constraints=163
c 00h00m00s | stage:propagate:start
c 00h00m00s | stage:propagate:done ms=39 pruned=0 changed_domains=0 entailed_tables=0
c 00h00m00s | memory:rss checkpoint=after_propagate bytes=9449472
c 00h00m00s | stage:normalize:start
c 00h00m00s | stage:normalize:done ms=0 high_constraints=163
c 00h00m00s | stage:lower:start
c 00h00m00s | stage:lower:progress percent=10 processed=17 total=163 lowered=17 unsupported=0 ms=1
c 00h00m00s | stage:lower:progress percent=20 processed=33 total=163 lowered=33 unsupported=0 ms=1
c 00h00m00s | stage:lower:progress percent=30 processed=49 total=163 lowered=49 unsupported=0 ms=1
c 00h00m00s | stage:lower:progress percent=40 processed=66 total=163 lowered=66 unsupported=0 ms=2
c 00h00m00s | stage:lower:progress percent=50 processed=82 total=163 lowered=82 unsupported=0 ms=2
c 00h00m00s | stage:lower:progress percent=60 processed=98 total=163 lowered=98 unsupported=0 ms=3
c 00h00m00s | stage:lower:progress percent=70 processed=115 total=163 lowered=115 unsupported=0 ms=3
c 00h00m00s | stage:lower:progress percent=80 processed=131 total=163 lowered=131 unsupported=0 ms=4
c 00h00m00s | stage:lower:progress percent=90 processed=147 total=163 lowered=147 unsupported=0 ms=5
c 00h00m00s | stage:lower:progress percent=100 processed=163 total=163 lowered=163 unsupported=0 ms=8
c 00h00m00s | stage:lower:done ms=8 lowered=163 unsupported=0
c 00h00m00s | memory:rss checkpoint=after_lower bytes=9719808
c 00h00m00s | stage:post_lower:start
c 00h00m00s | stage:post_lower:done ms=0 rounds=0 tightened=0 removed_cls=288 removed_lits=624 unsat=false precise_hits=0 precise_rounds=0 pivot_recomputes=0 pivot_exact_attempts=0 pivot_general_attempts=0 pivot_general_rest_missing=0 pivot_general_bound_missing=0 pivot_general_no_change=0 pivot_general_tightened=0 setup_ms=0 loop_ms=0 pivot_ms=0 pivot_version_ms=0 pivot_exact_ms=0 pivot_general_ms=0 pivot_general_prepare_ms=0 pivot_general_rest_ms=0 pivot_general_derive_ms=0 apply_ms=0 sat_ms=0 precise_ms=0
c 00h00m00s | memory:rss checkpoint=after_post_lower bytes=9719808
c 00h00m00s | stage:lowered-shape int_vars=294 bool_vars=1299 linear_atoms=1506 table_atoms=150 table_tuples=18624 table_scope=1500 alldiff_atoms=0 circuit_atoms=0 product_atoms=0 logical_clauses=1764
c 00h00m00s | stage:root-lp:skip reason=disabled ms=0
c 00h00m00s | memory:rss checkpoint=before_preencode bytes=9990144
c 00h00m00s | stage:preencode(order-ge):start
c 00h00m00s | stage:preencode(order-ge):done ms=1 int_vars=294
c 00h00m00s | memory:rss checkpoint=after_preencode bytes=9990144
c 00h00m00s | memory:guard limit_bytes=68719476736 rss_bytes=9990144 reserve_bytes=10737418240 available_bytes=57972068352 fallback=extprop
c 00h00m00s | memory:rss checkpoint=before_encode bytes=9990144
c 00h00m00s | stage:encode(order-ge):start
c 00h00m00s | memory:rss checkpoint=encode_clause_sample stage=order-ge clauses=13500 bytes=10801152 progress_percent=10 processed=182 total=1815
c 00h00m00s | stage:encode(order-ge):progress percent=10 processed=182 total=1815 sat_clauses=13500 ms=25
c 00h00m00s | memory:rss checkpoint=encode_clause_sample stage=order-ge clauses=13855 bytes=10801152 progress_percent=20 processed=363 total=1815
c 00h00m00s | stage:encode(order-ge):progress percent=20 processed=363 total=1815 sat_clauses=13855 ms=25
c 00h00m00s | memory:rss checkpoint=encode_clause_sample stage=order-ge clauses=14229 bytes=10801152 progress_percent=30 processed=545 total=1815
c 00h00m00s | stage:encode(order-ge):progress percent=30 processed=545 total=1815 sat_clauses=14229 ms=26
c 00h00m00s | memory:rss checkpoint=encode_clause_sample stage=order-ge clauses=14586 bytes=10801152 progress_percent=40 processed=726 total=1815
c 00h00m00s | stage:encode(order-ge):progress percent=40 processed=726 total=1815 sat_clauses=14586 ms=26
c 00h00m00s | memory:rss checkpoint=encode_clause_sample stage=order-ge clauses=14942 bytes=10801152 progress_percent=50 processed=908 total=1815
c 00h00m00s | stage:encode(order-ge):progress percent=50 processed=908 total=1815 sat_clauses=14942 ms=26
c 00h00m00s | memory:rss checkpoint=encode_clause_sample stage=order-ge clauses=15310 bytes=10801152 progress_percent=60 processed=1089 total=1815
c 00h00m00s | stage:encode(order-ge):progress percent=60 processed=1089 total=1815 sat_clauses=15310 ms=26
c 00h00m00s | memory:rss checkpoint=encode_clause_sample stage=order-ge clauses=15565 bytes=10801152 progress_percent=70 processed=1271 total=1815
c 00h00m00s | stage:encode(order-ge):progress percent=70 processed=1271 total=1815 sat_clauses=15565 ms=26
c 00h00m00s | memory:rss checkpoint=encode_clause_sample stage=order-ge clauses=15799 bytes=10801152 progress_percent=80 processed=1452 total=1815
c 00h00m00s | stage:encode(order-ge):progress percent=80 processed=1452 total=1815 sat_clauses=15799 ms=26
c 00h00m00s | memory:rss checkpoint=encode_clause_sample stage=order-ge clauses=16043 bytes=10801152 progress_percent=90 processed=1634 total=1815
c 00h00m00s | stage:encode(order-ge):progress percent=90 processed=1634 total=1815 sat_clauses=16043 ms=26
c 00h00m00s | memory:rss checkpoint=encode_clause_sample stage=order-ge clauses=16287 bytes=10801152 progress_percent=100 processed=1815 total=1815
c 00h00m00s | stage:encode(order-ge):progress percent=100 processed=1815 total=1815 sat_clauses=16287 ms=26
c 00h00m00s | stage:encode(order-ge):done ms=30 sat_vars=4769 sat_clauses=16287 ext_ge_specs=0 relaxed_circuits=0
c 00h00m00s | stage:sat:init solver=CaDiCaL vars=4769 clauses=16287
c 00h00m00s | stage:sat:solve:start round=1 circuit_cegar_rounds=- cumulative_cegar_rounds=- cop_cegar_rounds=1 assumptions=0 phase_lits=0
c 00h00m10s | stage:sat:solve:done round=1 ms=10383 result=Unsat assumptions=0 phase_lits=0
c 00h00m10s | result:Unsat
s UNSATISFIABLE
d OPTIMAL 0
d SOURCE_CONSTRAINTS 163
d NORMALIZED_CONSTRAINTS 163
d LOWERED_CONSTRAINTS 163
d UNSUPPORTED_CONSTRAINTS 0
d CIRCUIT_CEGAR_FAILURES 0
d CIRCUIT_CEGAR_ROUNDS 0
d CIRCUIT_CEGAR_ADDED_CLAUSES 0
d CUMULATIVE_CEGAR_FAILURES 0
d CUMULATIVE_CEGAR_ROUNDS 0
d CUMULATIVE_CEGAR_ADDED_CLAUSES 0
d COP_CEGAR_FAILURES 0
d COP_CEGAR_ROUNDS 1
d COP_CEGAR_ADDED_CLAUSES 0
d OBJECTIVE_ROUNDS 1
d OBJECTIVE_IMPROVEMENTS 0
d PROPAGATE_MS 39
d NORMALIZE_MS 0
d LOWER_MS 8
d POST_LOWER_MS 0
d PREENCODE_MS 1
d ENCODE_MS 30
d SAT_SOLVE_MS 10383
d TOTAL_MS 10466
d SAT_VARS 4769
d SAT_CLAUSES_BASE 16287
d SAT_CLAUSES_FINAL 16287
d SAT_CLAUSES_CEGAR_DELTA 0
d SAT_CONFLICTS 139286
d LINEAR_INT_EQ_ARITY_STATS {}
d LINEAR_INT_NE_ARITY_STATS {"2":{"count":996,"max_domain_product_excluding_one_var":"2","p95_domain_product_excluding_one_var":"2"}}
d LINEAR_INT_GE_ARITY_STATS {"2":{"count":510,"max_domain_product_excluding_one_var":"2","p95_domain_product_excluding_one_var":"2"}}
d LINEAR_BOOL_MIXED_ARITY_STATS {}
d ROOT_LP_ENTERED 0
d ROOT_LP_STATUS skipped
d ROOT_LP_MS 0
d ROOT_LP_REASON root_lp_disabled
d PROPAGATE_PRUNED_VALUES 0
d PROPAGATE_CHANGED_DOMAINS 0
d PROPAGATE_ENTAILED_TABLES 0
d POST_LOWER_ROUNDS 0
d POST_LOWER_TIGHTENED_DOMAINS 0
d POST_LOWER_REMOVED_CLAUSES 288
d POST_LOWER_REMOVED_LITS 624
d POST_LOWER_DETECTED_UNSAT 0
d PREENCODE_INT_VARS 294
d ENCODE_EXTERNAL_GE_SPECS 0
d ENCODE_RELAXED_CIRCUITS 0
d MEMORY_RSS_BYTES 10801152
d MEMORY_RSS_AFTER_PROPAGATE_BYTES 9449472
d MEMORY_RSS_AFTER_LOWER_BYTES 9719808
d MEMORY_RSS_AFTER_POST_LOWER_BYTES 9719808
d MEMORY_RSS_BEFORE_PREENCODE_BYTES 9990144
d MEMORY_RSS_AFTER_PREENCODE_BYTES 9990144
d MEMORY_RSS_BEFORE_ENCODE_BYTES 9990144
d MEMORY_RSS_ENCODE_SAMPLE_INTERVAL_CLAUSES 1000000
d MEMORY_RSS_ENCODE_SAMPLE_COUNT 10
d MEMORY_RSS_ENCODE_LAST_SAMPLE_CLAUSE 16287
d MEMORY_RSS_ENCODE_LAST_SAMPLE_BYTES 10801152
d MEMORY_RSS_ENCODE_MAX_SAMPLE_BYTES 10801152
d MEMORY_GUARD_LIMIT_BYTES 68719476736
d MEMORY_GUARD_RESERVE_BYTES 10737418240
d MEMORY_GUARD_AVAILABLE_BYTES 57972068352
d MEMORY_GUARD_DECISION rss-monitor
d MEMORY_GUARD_REASON rss_available
d CSV /bench/competition/2022-2025/COP22to25/MaximumDensityOscillatingLife-5-6_c24.xml.lzma,unsat,163,163,163,0,4769,16287,10466,39,0,8,1,30,10383,0,skipped,,,,,,0,,,,,,,,
