# WCTIME: wall clock time in seconds
WCTIME=387.279
# CPUTIME: CPU time in seconds (USERTIME+SYSTEMTIME)
CPUTIME=385.44
# USERTIME: CPU time spent in user mode in seconds
USERTIME=379.593
# SYSTEMTIME: CPU time spent in system mode in seconds
SYSTEMTIME=5.84692
# CPUUSAGE: CPUTIME/WCTIME in percent
CPUUSAGE=99.5252
# MAXVM: maximum virtual memory used in KiB
MAXVM=7415440
# MAXMM: maximum memory used in KiB
MAXMM=6448592
# MAXRSS: maximum Resident Segment Size in KiB
MAXRSS=6448592
# TIMEOUT: did the solver exceed the time limit?
TIMEOUT=false
# MEMOUT: did the solver exceed the memory limit?
MEMOUT=false
# EXITSTATUS: Exit status of the solver
EXITSTATUS=0
