c cmd: /host-parser-bin/kat_xcsp_9b2d0159_dirty_determinism /bench/competition/2022-2025/COP22to25/AircraftAssemblyLine-3-628-020-1_c24.xml.lzma --encoder portfolio --portfolio-strategy v3 --cop-pipeline guarded-basic --cop-objective-cut direct-expr --cop-objective-cut-timing incremental-soft --cop-objective-cut-backend cnf --table-encoding mdd-tl --cumulative-mode exact --cumulative-decomposition time-rd --progress --log-scop-linear-pb-backend auto --log-scop-bdd-decomposition auto --log-scop-aggregate-weighted-lits --order-ge-shorten-link-cost --direct-eq-ne-max-arity 2 --eq-ne-encoding direct --portfolio-log-scop-eq-ne-encoding ge-rewrite --cop-objective-phase auto --cop-objective-search trisection --cop-objective-search-fallback-budget 180
c version: kat-cli=0.1.0 git=unknown-clean
c run_start_local: 2026-06-18 10:48:38 +0900
c 00h00m00s | solve:start
c 00h00m00s | stage:objective-cut timing=incremental-soft backend=cnf form=direct-expr
c 00h00m00s | input: constraints=9385
c 00h00m00s | stage:propagate:start
c 00h00m00s | stage:propagate:done ms=17 pruned=2385980 changed_domains=775 entailed_tables=0
c 00h00m00s | memory:rss checkpoint=after_propagate bytes=662327296 rss=631.64MiB
c 00h00m00s | stage:normalize:start
c 00h00m00s | stage:normalize:done ms=0 high_constraints=9385
c 00h00m00s | stage:lower:start
c 00h00m00s | stage:lower:progress percent=10 processed=939 total=9385 lowered=939 unsupported=0 ms=5
c 00h00m00s | stage:lower:progress percent=20 processed=1877 total=9385 lowered=1877 unsupported=0 ms=11
c 00h00m00s | stage:lower:progress percent=30 processed=2816 total=9385 lowered=2816 unsupported=0 ms=13
c 00h00m19s | stage:lower:progress percent=40 processed=3754 total=9385 lowered=3754 unsupported=0 ms=19408
c 00h00m19s | stage:lower:progress percent=50 processed=4693 total=9385 lowered=4693 unsupported=0 ms=19422
c 00h00m19s | stage:lower:progress percent=60 processed=5631 total=9385 lowered=5631 unsupported=0 ms=19439
c 00h00m19s | stage:lower:progress percent=70 processed=6570 total=9385 lowered=6570 unsupported=0 ms=19451
c 00h00m19s | stage:lower:progress percent=80 processed=7508 total=9385 lowered=7508 unsupported=0 ms=19476
c 00h00m19s | stage:lower:progress percent=90 processed=8447 total=9385 lowered=8447 unsupported=0 ms=19493
c 00h00m19s | stage:lower:progress percent=100 processed=9385 total=9385 lowered=9385 unsupported=0 ms=19508
c 00h00m20s | stage:lower:done ms=20317 lowered=9385 unsupported=0
c 00h00m20s | memory:rss checkpoint=after_lower bytes=917856256 rss=875.34MiB
c 00h00m20s | stage:post_lower:start
c 00h00m23s | stage:post_lower:done ms=2740 rounds=863 tightened=1021 removed_cls=116590 removed_lits=77888 unsat=false precise_hits=16780 precise_rounds=2 pivot_recomputes=5656 pivot_exact_attempts=1903 pivot_general_attempts=3760 pivot_general_rest_missing=0 pivot_general_bound_missing=0 pivot_general_no_change=3256 pivot_general_tightened=504 setup_ms=630 loop_ms=1196 pivot_ms=0 pivot_version_ms=0 pivot_exact_ms=0 pivot_general_ms=0 pivot_general_prepare_ms=0 pivot_general_rest_ms=0 pivot_general_derive_ms=0 apply_ms=76 sat_ms=0 precise_ms=832
c 00h00m23s | memory:rss checkpoint=after_post_lower bytes=1009221632 rss=962.47MiB
c 00h00m23s | stage:lowered-shape int_vars=9147 bool_vars=1112298 linear_atoms=2397534 table_atoms=0 table_tuples=0 table_scope=0 alldiff_atoms=0 circuit_atoms=0 product_atoms=0 logical_clauses=3432567
c 00h00m23s | stage:root-lp:skip reason=disabled ms=0
c 00h00m23s | memory:rss checkpoint=before_preencode bytes=1359900672 rss=1.27GiB
c 00h00m23s | stage:preencode(log-scop):start
c 00h00m23s | stage:preencode(log-scop):done ms=19 int_vars=9147
c 00h00m23s | memory:rss checkpoint=after_preencode bytes=1414967296 rss=1.32GiB
c 00h00m24s | memory:rss checkpoint=before_encode bytes=1415139328 rss=1.32GiB
c 00h00m24s | stage:encode(log-scop):start
c 00h00m29s | memory:rss checkpoint=encode_clause_sample stage=log-scop clauses=8130313 bytes=3823857664 rss=3.56GiB progress_percent=10 processed=343645 total=3436446
c 00h00m29s | stage:encode(log-scop):progress percent=10 processed=343645 total=3436446 sat_clauses=8130313 ms=5067
c 00h00m33s | memory:rss checkpoint=encode_clause_sample stage=log-scop clauses=15867756 bytes=6144933888 rss=5.72GiB progress_percent=20 processed=687290 total=3436446
c 00h00m33s | stage:encode(log-scop):progress percent=20 processed=687290 total=3436446 sat_clauses=15867756 ms=9482
c 00h00m37s | memory:rss checkpoint=encode_clause_sample stage=log-scop clauses=23682685 bytes=6971256832 rss=6.49GiB progress_percent=30 processed=1030934 total=3436446
c 00h00m37s | stage:encode(log-scop):progress percent=30 processed=1030934 total=3436446 sat_clauses=23682685 ms=13039
c 00h00m42s | memory:rss checkpoint=encode_clause_sample stage=log-scop clauses=31476220 bytes=10799910912 rss=10.06GiB progress_percent=40 processed=1374579 total=3436446
c 00h00m42s | stage:encode(log-scop):progress percent=40 processed=1374579 total=3436446 sat_clauses=31476220 ms=18379
c 00h00m46s | memory:rss checkpoint=encode_clause_sample stage=log-scop clauses=39565161 bytes=11661176832 rss=10.86GiB progress_percent=50 processed=1718223 total=3436446
c 00h00m46s | stage:encode(log-scop):progress percent=50 processed=1718223 total=3436446 sat_clauses=39565161 ms=22081
c 00h00m49s | memory:rss checkpoint=encode_clause_sample stage=log-scop clauses=48039330 bytes=12560891904 rss=11.70GiB progress_percent=60 processed=2061868 total=3436446
c 00h00m49s | stage:encode(log-scop):progress percent=60 processed=2061868 total=3436446 sat_clauses=48039330 ms=25900
c 00h00m53s | memory:rss checkpoint=encode_clause_sample stage=log-scop clauses=55881678 bytes=13383888896 rss=12.46GiB progress_percent=70 processed=2405513 total=3436446
c 00h00m53s | stage:encode(log-scop):progress percent=70 processed=2405513 total=3436446 sat_clauses=55881678 ms=29433
c 00h01m00s | memory:rss checkpoint=encode_clause_sample stage=log-scop clauses=63880371 bytes=20231557120 rss=18.84GiB progress_percent=80 processed=2749157 total=3436446
c 00h01m00s | stage:encode(log-scop):progress percent=80 processed=2749157 total=3436446 sat_clauses=63880371 ms=36653
c 00h01m04s | memory:rss checkpoint=encode_clause_sample stage=log-scop clauses=71560173 bytes=21053435904 rss=19.61GiB progress_percent=90 processed=3092802 total=3436446
c 00h01m04s | stage:encode(log-scop):progress percent=90 processed=3092802 total=3436446 sat_clauses=71560173 ms=40250
c 00h01m08s | memory:rss checkpoint=encode_clause_sample stage=log-scop clauses=79954363 bytes=21948235776 rss=20.44GiB progress_percent=100 processed=3436446 total=3436446
c 00h01m08s | stage:encode(log-scop):progress percent=100 processed=3436446 total=3436446 sat_clauses=79954363 ms=44012
c 00h01m08s | stage:encode(log-scop):done ms=44013 sat_vars=53591532 sat_clauses=79954363 ext_ge_specs=0 relaxed_circuits=0 log_scop_pb_constraints=4447838 log_scop_pb_mixed=0 log_scop_pb_bdd2=4447838 log_scop_pb_bdd3=0 log_scop_pb_sorter=0 log_scop_pb_dadda=0 log_scop_bdd_raw=4447838 log_scop_bdd_binary=0 log_scop_bdd_multibase=0
c 00h01m08s | stage:post-encode(log-scop):start sat_vars=53591532 sat_clauses=79954363 has_relaxations=false external_tables=0
c 00h01m08s | stage:post-encode(log-scop):after-finish-check ms=0
c 00h01m08s | stage:post-encode(log-scop):decode-layout-ready int_symbols=9147 ms=228
c 00h01m08s | stage:post-encode(log-scop):cumulative-external-ready has_prop=true ms=242
c 00h01m08s | stage:post-encode(log-scop):log-scop-external-ready has_prop=false ms=242
c 00h01m08s | stage:post-encode(log-scop):external-prop-connected has_prop=true ms=323
c 00h01m08s | stage:post-encode(log-scop):done sat_vars=53591532 sat_clauses=79954363 ms=323
c 00h01m09s | stage:post-encode(log-scop):reusable-ready mode=SoftCnf sat_vars=53591532
c 00h01m09s | stage:objective-external-ge-template(log-scop):start cut=DirectExpr wants_ext_ge=false
c 00h01m09s | stage:objective-external-ge-template(log-scop):done has_template=true ms=44
c 00h01m09s | stage:objective-mode(log-scop):resolved mode=SoftCnf wants_ext_ge=false has_ext_ge_template=true
c 00h01m09s | stage:objective-cut timing=incremental-soft backend=cnf form=direct-expr
c 00h01m09s | stage:objective-encoder(log-scop):ready mode=SoftCnf soft=true sat_vars=53591532
c 00h01m09s | stage:objective-loop:enter encoder=log-scop mode=SoftCnf lower=0 upper=40 has_incumbent=false soft_active=true
c 00h01m09s | stage:sat:round-entry encoder=log-scop assumptions=0 phase_lits=0 sat_vars=53591532 base_clauses=79954363
c 00h01m09s | stage:sat:init solver=CaDiCaL vars=53591532 clauses=79954363
c 00h01m09s | stage:sat:solve:start assumptions=0 phase_lits=0
c 00h19m10s | stage:sat:solve:done ms=1081237 result=Sat assumptions=0 phase_lits=0
c 00h19m10s | stage:decode:start
c 00h19m10s | stage:decode:done int_assignments=3879
c 00h19m10s | result:Sat
c 00h19m10s | stage:objective-cut-surface(log-scop):start timing=after-incumbent
c 00h19m10s | stage:objective-cut-surface(log-scop):done has_surface=true ms=7
c 00h19m10s | objective:incumbent kind=initial value=34 rounds=1 improvements=0
o 34
c 00h19m10s | stage:objective-loop:enter encoder=log-scop mode=SoftCnf lower=0 upper=40 has_incumbent=true soft_active=true
c objective-cut:rss-guard enabled=false
c 00h19m10s | stage:objective-cut:soft-install bound=22 guard=53617185 clauses_added=50894
c 00h19m10s | stage:objective-cut:soft-probe search=trisection [LB,UB] = [0,33] next 22 source=install guard=53617185
c 00h19m10s | stage:sat:round-entry encoder=log-scop assumptions=1 phase_lits=0 sat_vars=53617185 base_clauses=80005257
c 00h19m10s | stage:sat:init solver=CaDiCaL vars=53617185 clauses=80005257
c 00h19m10s | stage:sat:solve:start assumptions=1 phase_lits=0
c 00h22m10s | stage:sat:solve:done ms=180008 result=Unknown assumptions=1 phase_lits=0
c 00h22m10s | result:unknown reason=sat_solver_returned_unknown
c 00h22m10s | result:Unknown
c 00h22m10s | stage:objective-cut:soft-fallback search=trisection reason=budget-exhausted budget_s=180 mode=step incumbent=34 [LB,UB]=[0,33]
c 00h22m10s | stage:objective-loop:enter encoder=log-scop mode=SoftCnf lower=0 upper=40 has_incumbent=true soft_active=true
c objective-cut:rss-guard enabled=false
c 00h22m10s | stage:objective-cut:soft-install bound=33 guard=53642840 clauses_added=50896
c 00h22m10s | stage:objective-cut:soft-probe search=step [LB,UB] = [0,33] next 33 source=install guard=53642840
c 00h22m10s | stage:sat:round-entry encoder=log-scop assumptions=1 phase_lits=0 sat_vars=53642840 base_clauses=80056153
c 00h22m10s | stage:sat:init solver=CaDiCaL vars=53642840 clauses=80056153
c 00h22m10s | stage:sat:solve:start assumptions=1 phase_lits=0
c 00h25m03s | stage:sat:solve:done ms=172742 result=Sat assumptions=1 phase_lits=0
c 00h25m03s | stage:decode:start
c 00h25m03s | stage:decode:done int_assignments=3879
c 00h25m03s | result:Sat
c 00h25m03s | objective:incumbent kind=improvement value=32 rounds=2 improvements=1
o 32
c 00h25m03s | stage:objective-cut:soft-result search=step bound=33 result=sat guard=53642840 hard=guard [LB,UB] = [0,31]
c 00h25m03s | stage:objective-loop:enter encoder=log-scop mode=SoftCnf lower=0 upper=40 has_incumbent=true soft_active=true
c objective-cut:rss-guard enabled=false
c 00h25m03s | stage:objective-cut:soft-install bound=31 guard=53668494 clauses_added=50894
c 00h25m03s | stage:objective-cut:soft-probe search=step [LB,UB] = [0,31] next 31 source=install guard=53668494
c 00h25m03s | stage:sat:round-entry encoder=log-scop assumptions=1 phase_lits=0 sat_vars=53668494 base_clauses=80107048
c 00h25m03s | stage:sat:init solver=CaDiCaL vars=53668494 clauses=80107048
c 00h25m03s | stage:sat:solve:start assumptions=1 phase_lits=0
c 00h26m39s | stage:sat:solve:done ms=95194 result=Sat assumptions=1 phase_lits=0
c 00h26m39s | stage:decode:start
c 00h26m39s | stage:decode:done int_assignments=3879
c 00h26m39s | result:Sat
c 00h26m39s | objective:incumbent kind=improvement value=29 rounds=3 improvements=2
o 29
c 00h26m39s | stage:objective-cut:soft-result search=step bound=31 result=sat guard=53668494 hard=guard [LB,UB] = [0,28]
c 00h26m39s | stage:objective-loop:enter encoder=log-scop mode=SoftCnf lower=0 upper=40 has_incumbent=true soft_active=true
c objective-cut:rss-guard enabled=false
c 00h26m39s | stage:objective-cut:soft-install bound=28 guard=53694148 clauses_added=50896
c 00h26m39s | stage:objective-cut:soft-probe search=step [LB,UB] = [0,28] next 28 source=install guard=53694148
c 00h26m39s | stage:sat:round-entry encoder=log-scop assumptions=1 phase_lits=0 sat_vars=53694148 base_clauses=80157945
c 00h26m39s | stage:sat:init solver=CaDiCaL vars=53694148 clauses=80157945
c 00h26m39s | stage:sat:solve:start assumptions=1 phase_lits=0
c 00h28m54s | stage:sat:solve:done ms=135334 result=Sat assumptions=1 phase_lits=0
c 00h28m54s | stage:decode:start
c 00h28m54s | stage:decode:done int_assignments=3879
c 00h28m54s | result:Sat
c 00h28m54s | objective:incumbent kind=improvement value=28 rounds=4 improvements=3
o 28
c 00h28m54s | stage:objective-cut:soft-result search=step bound=28 result=sat guard=53694148 hard=guard [LB,UB] = [0,27]
c 00h28m54s | stage:objective-loop:enter encoder=log-scop mode=SoftCnf lower=0 upper=40 has_incumbent=true soft_active=true
c objective-cut:rss-guard enabled=false
c 00h28m54s | stage:objective-cut:soft-install bound=27 guard=53719803 clauses_added=50896
c 00h28m54s | stage:objective-cut:soft-probe search=step [LB,UB] = [0,27] next 27 source=install guard=53719803
c 00h28m54s | stage:sat:round-entry encoder=log-scop assumptions=1 phase_lits=0 sat_vars=53719803 base_clauses=80208842
c 00h28m54s | stage:sat:init solver=CaDiCaL vars=53719803 clauses=80208842
c 00h28m54s | stage:sat:solve:start assumptions=1 phase_lits=0
s SATISFIABLE
o 28
v <instantiation>
v   <list> x[0] x[1] x[2] x[3] x[4] x[5] x[6] x[7] x[8] x[9] x[10] x[11] x[12] x[13] x[14] x[15] x[16] x[17] x[18] x[19] x[20] x[21] x[22] x[23] x[24] x[25] x[26] x[27] x[28] x[29] x[30] x[31] x[32] x[33] x[34] x[35] x[36] x[37] x[38] x[39] x[40] x[41] x[42] x[43] x[44] x[45] x[46] x[47] x[48] x[49] x[50] x[51] x[52] x[53] x[54] x[55] x[56] x[57] x[58] x[59] x[60] x[61] x[62] x[63] x[64] x[65] x[66] x[67] x[68] x[69] x[70] x[71] x[72] x[73] x[74] x[75] x[76] x[77] x[78] x[79] x[80] x[81] x[82] x[83] x[84] x[85] x[86] x[87] x[88] x[89] x[90] x[91] x[92] x[93] x[94] x[95] x[96] x[97] x[98] x[99] x[100] x[101] x[102] x[103] x[104] x[105] x[106] x[107] x[108] x[109] x[110] x[111] x[112] x[113] x[114] x[115] x[116] x[117] x[118] x[119] x[120] x[121] x[122] x[123] x[124] x[125] x[126] x[127] x[128] x[129] x[130] x[131] x[132] x[133] x[134] x[135] x[136] x[137] x[138] x[139] x[140] x[141] x[142] x[143] x[144] x[145] x[146] x[147] x[148] x[149] x[150] x[151] x[152] x[153] x[154] x[155] x[156] x[157] x[158] x[159] x[160] x[161] x[162] x[163] x[164] x[165] x[166] x[167] x[168] x[169] x[170] x[171] x[172] x[173] x[174] x[175] x[176] x[177] x[178] x[179] x[180] x[181] x[182] x[183] x[184] x[185] x[186] x[187] x[188] x[189] x[190] x[191] x[192] x[193] x[194] x[195] x[196] x[197] x[198] x[199] x[200] x[201] x[202] x[203] x[204] x[205] x[206] x[207] x[208] x[209] x[210] x[211] x[212] x[213] x[214] x[215] x[216] x[217] x[218] x[219] x[220] x[221] x[222] x[223] x[224] x[225] x[226] x[227] x[228] x[229] x[230] x[231] x[232] x[233] x[234] x[235] x[236] x[237] x[238] x[239] x[240] x[241] x[242] x[243] x[244] x[245] x[246] x[247] x[248] x[249] x[250] x[251] x[252] x[253] x[254] x[255] x[256] x[257] x[258] x[259] x[260] x[261] x[262] x[263] x[264] x[265] x[266] x[267] x[268] x[269] x[270] x[271] x[272] x[273] x[274] x[275] x[276] x[277] x[278] x[279] x[280] x[281] x[282] x[283] x[284] x[285] x[286] x[287] x[288] x[289] x[290] x[291] x[292] x[293] x[294] x[295] x[296] x[297] x[298] x[299] x[300] x[301] x[302] x[303] x[304] x[305] x[306] x[307] x[308] x[309] x[310] x[311] x[312] x[313] x[314] x[315] x[316] x[317] x[318] x[319] x[320] x[321] x[322] x[323] x[324] x[325] x[326] x[327] x[328] x[329] x[330] x[331] x[332] x[333] x[334] x[335] x[336] x[337] x[338] x[339] x[340] x[341] x[342] x[343] x[344] x[345] x[346] x[347] x[348] x[349] x[350] x[351] x[352] x[353] x[354] x[355] x[356] x[357] x[358] x[359] x[360] x[361] x[362] x[363] x[364] x[365] x[366] x[367] x[368] x[369] x[370] x[371] x[372] x[373] x[374] x[375] x[376] x[377] x[378] x[379] x[380] x[381] x[382] x[383] x[384] x[385] x[386] x[387] x[388] x[389] x[390] x[391] x[392] x[393] x[394] x[395] x[396] x[397] x[398] x[399] x[400] x[401] x[402] x[403] x[404] x[405] x[406] x[407] x[408] x[409] x[410] x[411] x[412] x[413] x[414] x[415] x[416] x[417] x[418] x[419] x[420] x[421] x[422] x[423] x[424] x[425] x[426] x[427] x[428] x[429] x[430] x[431] x[432] x[433] x[434] x[435] x[436] x[437] x[438] x[439] x[440] x[441] x[442] x[443] x[444] x[445] x[446] x[447] x[448] x[449] x[450] x[451] x[452] x[453] x[454] x[455] x[456] x[457] x[458] x[459] x[460] x[461] x[462] x[463] x[464] x[465] x[466] x[467] x[468] x[469] x[470] x[471] x[472] x[473] x[474] x[475] x[476] x[477] x[478] x[479] x[480] x[481] x[482] x[483] x[484] x[485] x[486] x[487] x[488] x[489] x[490] x[491] x[492] x[493] x[494] x[495] x[496] x[497] x[498] x[499] x[500] x[501] x[502] x[503] x[504] x[505] x[506] x[507] x[508] x[509] x[510] x[511] x[512] x[513] x[514] x[515] x[516] x[517] x[518] x[519] x[520] x[521] x[522] x[523] x[524] x[525] x[526] x[527] x[528] x[529] x[530] x[531] x[532] x[533] x[534] x[535] x[536] x[537] x[538] x[539] x[540] x[541] x[542] x[543] x[544] x[545] x[546] x[547] x[548] x[549] x[550] x[551] x[552] x[553] x[554] x[555] x[556] x[557] x[558] x[559] x[560] x[561] x[562] x[563] x[564] x[565] x[566] x[567] x[568] x[569] x[570] x[571] x[572] x[573] x[574] x[575] x[576] x[577] x[578] x[579] x[580] x[581] x[582] x[583] x[584] x[585] x[586] x[587] x[588] x[589] x[590] x[591] x[592] x[593] x[594] x[595] x[596] x[597] x[598] x[599] x[600] x[601] x[602] x[603] x[604] x[605] x[606] x[607] x[608] x[609] x[610] x[611] x[612] x[613] x[614] x[615] x[616] x[617] x[618] x[619] x[620] x[621] x[622] x[623] x[624] x[625] x[626] x[627] x[628] x[629] x[630] x[631] x[632] x[633] x[634] x[635] x[636] x[637] x[638] x[639] x[640] x[641] x[642] x[643] x[644] x[645] x[646] x[647] x[648] x[649] x[650] x[651] x[652] x[653] x[654] x[655] x[656] x[657] x[658] x[659] x[660] x[661] x[662] x[663] x[664] x[665] x[666] x[667] x[668] x[669] x[670] x[671] x[672] x[673] x[674] x[675] x[676] x[677] x[678] x[679] x[680] x[681] x[682] x[683] x[684] x[685] x[686] x[687] x[688] x[689] x[690] x[691] x[692] x[693] x[694] x[695] x[696] x[697] x[698] x[699] x[700] x[701] x[702] x[703] x[704] x[705] x[706] x[707] x[708] x[709] x[710] x[711] x[712] x[713] x[714] x[715] x[716] x[717] x[718] x[719] x[720] x[721] x[722] x[723] x[724] x[725] x[726] x[727] x[728] x[729] x[730] x[731] x[732] x[733] x[734] x[735] x[736] x[737] x[738] x[739] x[740] x[741] x[742] x[743] x[744] x[745] x[746] x[747] x[748] x[749] x[750] x[751] x[752] x[753] x[754] x[755] x[756] x[757] x[758] x[759] x[760] x[761] x[762] x[763] x[764] x[765] x[766] x[767] x[768] x[769] x[770] x[771] x[772] x[773] x[774] z[0] z[1] z[2] z[3] aux_gb[0] aux_gb[1] aux_gb[2] aux_gb[3] aux_gb[4] aux_gb[5] aux_gb[6] aux_gb[7] aux_gb[8] aux_gb[9] aux_gb[10] aux_gb[11] aux_gb[12] aux_gb[13] aux_gb[14] aux_gb[15] aux_gb[16] aux_gb[17] aux_gb[18] aux_gb[19] aux_gb[20] aux_gb[21] aux_gb[22] aux_gb[23] aux_gb[24] aux_gb[25] aux_gb[26] aux_gb[27] aux_gb[28] aux_gb[29] aux_gb[30] aux_gb[31] aux_gb[32] aux_gb[33] aux_gb[34] aux_gb[35] aux_gb[36] aux_gb[37] aux_gb[38] aux_gb[39] aux_gb[40] aux_gb[41] aux_gb[42] aux_gb[43] aux_gb[44] aux_gb[45] aux_gb[46] aux_gb[47] aux_gb[48] aux_gb[49] aux_gb[50] aux_gb[51] aux_gb[52] aux_gb[53] aux_gb[54] aux_gb[55] aux_gb[56] aux_gb[57] aux_gb[58] aux_gb[59] aux_gb[60] aux_gb[61] aux_gb[62] aux_gb[63] aux_gb[64] aux_gb[65] aux_gb[66] aux_gb[67] aux_gb[68] aux_gb[69] aux_gb[70] aux_gb[71] aux_gb[72] aux_gb[73] aux_gb[74] aux_gb[75] aux_gb[76] aux_gb[77] aux_gb[78] aux_gb[79] aux_gb[80] aux_gb[81] aux_gb[82] aux_gb[83] aux_gb[84] aux_gb[85] aux_gb[86] aux_gb[87] aux_gb[88] aux_gb[89] aux_gb[90] aux_gb[91] aux_gb[92] aux_gb[93] aux_gb[94] aux_gb[95] aux_gb[96] aux_gb[97] aux_gb[98] aux_gb[99] aux_gb[100] aux_gb[101] aux_gb[102] aux_gb[103] aux_gb[104] aux_gb[105] aux_gb[106] aux_gb[107] aux_gb[108] aux_gb[109] aux_gb[110] aux_gb[111] aux_gb[112] aux_gb[113] aux_gb[114] aux_gb[115] aux_gb[116] aux_gb[117] aux_gb[118] aux_gb[119] aux_gb[120] aux_gb[121] aux_gb[122] aux_gb[123] aux_gb[124] aux_gb[125] aux_gb[126] aux_gb[127] aux_gb[128] aux_gb[129] aux_gb[130] aux_gb[131] aux_gb[132] aux_gb[133] aux_gb[134] aux_gb[135] aux_gb[136] aux_gb[137] aux_gb[138] aux_gb[139] aux_gb[140] aux_gb[141] aux_gb[142] aux_gb[143] aux_gb[144] aux_gb[145] aux_gb[146] aux_gb[147] aux_gb[148] aux_gb[149] aux_gb[150] aux_gb[151] aux_gb[152] aux_gb[153] aux_gb[154] aux_gb[155] aux_gb[156] aux_gb[157] aux_gb[158] aux_gb[159] aux_gb[160] aux_gb[161] aux_gb[162] aux_gb[163] aux_gb[164] aux_gb[165] aux_gb[166] aux_gb[167] aux_gb[168] aux_gb[169] aux_gb[170] aux_gb[171] aux_gb[172] aux_gb[173] aux_gb[174] aux_gb[175] aux_gb[176] aux_gb[177] aux_gb[178] aux_gb[179] aux_gb[180] aux_gb[181] aux_gb[182] aux_gb[183] aux_gb[184] aux_gb[185] aux_gb[186] aux_gb[187] aux_gb[188] aux_gb[189] aux_gb[190] aux_gb[191] aux_gb[192] aux_gb[193] aux_gb[194] aux_gb[195] aux_gb[196] aux_gb[197] aux_gb[198] aux_gb[199] aux_gb[200] aux_gb[201] aux_gb[202] aux_gb[203] aux_gb[204] aux_gb[205] aux_gb[206] aux_gb[207] aux_gb[208] aux_gb[209] aux_gb[210] aux_gb[211] aux_gb[212] aux_gb[213] aux_gb[214] aux_gb[215] aux_gb[216] aux_gb[217] aux_gb[218] aux_gb[219] aux_gb[220] aux_gb[221] aux_gb[222] aux_gb[223] aux_gb[224] aux_gb[225] aux_gb[226] aux_gb[227] aux_gb[228] aux_gb[229] aux_gb[230] aux_gb[231] aux_gb[232] aux_gb[233] aux_gb[234] aux_gb[235] aux_gb[236] aux_gb[237] aux_gb[238] aux_gb[239] aux_gb[240] aux_gb[241] aux_gb[242] aux_gb[243] aux_gb[244] aux_gb[245] aux_gb[246] aux_gb[247] aux_gb[248] aux_gb[249] aux_gb[250] aux_gb[251] aux_gb[252] aux_gb[253] aux_gb[254] aux_gb[255] aux_gb[256] aux_gb[257] aux_gb[258] aux_gb[259] aux_gb[260] aux_gb[261] aux_gb[262] aux_gb[263] aux_gb[264] aux_gb[265] aux_gb[266] aux_gb[267] aux_gb[268] aux_gb[269] aux_gb[270] aux_gb[271] aux_gb[272] aux_gb[273] aux_gb[274] aux_gb[275] aux_gb[276] aux_gb[277] aux_gb[278] aux_gb[279] aux_gb[280] aux_gb[281] aux_gb[282] aux_gb[283] aux_gb[284] aux_gb[285] aux_gb[286] aux_gb[287] aux_gb[288] aux_gb[289] aux_gb[290] aux_gb[291] aux_gb[292] aux_gb[293] aux_gb[294] aux_gb[295] aux_gb[296] aux_gb[297] aux_gb[298] aux_gb[299] aux_gb[300] aux_gb[301] aux_gb[302] aux_gb[303] aux_gb[304] aux_gb[305] aux_gb[306] aux_gb[307] aux_gb[308] aux_gb[309] aux_gb[310] aux_gb[311] aux_gb[312] aux_gb[313] aux_gb[314] aux_gb[315] aux_gb[316] aux_gb[317] aux_gb[318] aux_gb[319] aux_gb[320] aux_gb[321] aux_gb[322] aux_gb[323] aux_gb[324] aux_gb[325] aux_gb[326] aux_gb[327] aux_gb[328] aux_gb[329] aux_gb[330] aux_gb[331] aux_gb[332] aux_gb[333] aux_gb[334] aux_gb[335] aux_gb[336] aux_gb[337] aux_gb[338] aux_gb[339] aux_gb[340] aux_gb[341] aux_gb[342] aux_gb[343] aux_gb[344] aux_gb[345] aux_gb[346] aux_gb[347] aux_gb[348] aux_gb[349] aux_gb[350] aux_gb[351] aux_gb[352] aux_gb[353] aux_gb[354] aux_gb[355] aux_gb[356] aux_gb[357] aux_gb[358] aux_gb[359] aux_gb[360] aux_gb[361] aux_gb[362] aux_gb[363] aux_gb[364] aux_gb[365] aux_gb[366] aux_gb[367] aux_gb[368] aux_gb[369] aux_gb[370] aux_gb[371] aux_gb[372] aux_gb[373] aux_gb[374] aux_gb[375] aux_gb[376] aux_gb[377] aux_gb[378] aux_gb[379] aux_gb[380] aux_gb[381] aux_gb[382] aux_gb[383] aux_gb[384] aux_gb[385] aux_gb[386] aux_gb[387] aux_gb[388] aux_gb[389] aux_gb[390] aux_gb[391] aux_gb[392] aux_gb[393] aux_gb[394] aux_gb[395] aux_gb[396] aux_gb[397] aux_gb[398] aux_gb[399] aux_gb[400] aux_gb[401] aux_gb[402] aux_gb[403] aux_gb[404] aux_gb[405] aux_gb[406] aux_gb[407] aux_gb[408] aux_gb[409] aux_gb[410] aux_gb[411] aux_gb[412] aux_gb[413] aux_gb[414] aux_gb[415] aux_gb[416] aux_gb[417] aux_gb[418] aux_gb[419] aux_gb[420] aux_gb[421] aux_gb[422] aux_gb[423] aux_gb[424] aux_gb[425] aux_gb[426] aux_gb[427] aux_gb[428] aux_gb[429] aux_gb[430] aux_gb[431] aux_gb[432] aux_gb[433] aux_gb[434] aux_gb[435] aux_gb[436] aux_gb[437] aux_gb[438] aux_gb[439] aux_gb[440] aux_gb[441] aux_gb[442] aux_gb[443] aux_gb[444] aux_gb[445] aux_gb[446] aux_gb[447] aux_gb[448] aux_gb[449] aux_gb[450] aux_gb[451] aux_gb[452] aux_gb[453] aux_gb[454] aux_gb[455] aux_gb[456] aux_gb[457] aux_gb[458] aux_gb[459] aux_gb[460] aux_gb[461] aux_gb[462] aux_gb[463] aux_gb[464] aux_gb[465] aux_gb[466] aux_gb[467] aux_gb[468] aux_gb[469] aux_gb[470] aux_gb[471] aux_gb[472] aux_gb[473] aux_gb[474] aux_gb[475] aux_gb[476] aux_gb[477] aux_gb[478] aux_gb[479] aux_gb[480] aux_gb[481] aux_gb[482] aux_gb[483] aux_gb[484] aux_gb[485] aux_gb[486] aux_gb[487] aux_gb[488] aux_gb[489] aux_gb[490] aux_gb[491] aux_gb[492] aux_gb[493] aux_gb[494] aux_gb[495] aux_gb[496] aux_gb[497] aux_gb[498] aux_gb[499] aux_gb[500] aux_gb[501] aux_gb[502] aux_gb[503] aux_gb[504] aux_gb[505] aux_gb[506] aux_gb[507] aux_gb[508] aux_gb[509] aux_gb[510] aux_gb[511] aux_gb[512] aux_gb[513] aux_gb[514] aux_gb[515] aux_gb[516] aux_gb[517] aux_gb[518] aux_gb[519] aux_gb[520] aux_gb[521] aux_gb[522] aux_gb[523] aux_gb[524] aux_gb[525] aux_gb[526] aux_gb[527] aux_gb[528] aux_gb[529] aux_gb[530] aux_gb[531] aux_gb[532] aux_gb[533] aux_gb[534] aux_gb[535] aux_gb[536] aux_gb[537] aux_gb[538] aux_gb[539] aux_gb[540] aux_gb[541] aux_gb[542] aux_gb[543] aux_gb[544] aux_gb[545] aux_gb[546] aux_gb[547] aux_gb[548] aux_gb[549] aux_gb[550] aux_gb[551] aux_gb[552] aux_gb[553] aux_gb[554] aux_gb[555] aux_gb[556] aux_gb[557] aux_gb[558] aux_gb[559] aux_gb[560] aux_gb[561] aux_gb[562] aux_gb[563] aux_gb[564] aux_gb[565] aux_gb[566] aux_gb[567] aux_gb[568] aux_gb[569] aux_gb[570] aux_gb[571] aux_gb[572] aux_gb[573] aux_gb[574] aux_gb[575] aux_gb[576] aux_gb[577] aux_gb[578] aux_gb[579] aux_gb[580] aux_gb[581] aux_gb[582] aux_gb[583] aux_gb[584] aux_gb[585] aux_gb[586] aux_gb[587] aux_gb[588] aux_gb[589] aux_gb[590] aux_gb[591] aux_gb[592] aux_gb[593] aux_gb[594] aux_gb[595] aux_gb[596] aux_gb[597] aux_gb[598] aux_gb[599] aux_gb[600] aux_gb[601] aux_gb[602] aux_gb[603] aux_gb[604] aux_gb[605] aux_gb[606] aux_gb[607] aux_gb[608] aux_gb[609] aux_gb[610] aux_gb[611] aux_gb[612] aux_gb[613] aux_gb[614] aux_gb[615] aux_gb[616] aux_gb[617] aux_gb[618] aux_gb[619] aux_gb[620] aux_gb[621] aux_gb[622] aux_gb[623] aux_gb[624] aux_gb[625] aux_gb[626] aux_gb[627] aux_gb[628] aux_gb[629] aux_gb[630] aux_gb[631] aux_gb[632] aux_gb[633] aux_gb[634] aux_gb[635] aux_gb[636] aux_gb[637] aux_gb[638] aux_gb[639] aux_gb[640] aux_gb[641] aux_gb[642] aux_gb[643] aux_gb[644] aux_gb[645] aux_gb[646] aux_gb[647] aux_gb[648] aux_gb[649] aux_gb[650] aux_gb[651] aux_gb[652] aux_gb[653] aux_gb[654] aux_gb[655] aux_gb[656] aux_gb[657] aux_gb[658] aux_gb[659] aux_gb[660] aux_gb[661] aux_gb[662] aux_gb[663] aux_gb[664] aux_gb[665] aux_gb[666] aux_gb[667] aux_gb[668] aux_gb[669] aux_gb[670] aux_gb[671] aux_gb[672] aux_gb[673] aux_gb[674] aux_gb[675] aux_gb[676] aux_gb[677] aux_gb[678] aux_gb[679] aux_gb[680] aux_gb[681] aux_gb[682] aux_gb[683] aux_gb[684] aux_gb[685] aux_gb[686] aux_gb[687] aux_gb[688] aux_gb[689] aux_gb[690] aux_gb[691] aux_gb[692] aux_gb[693] aux_gb[694] aux_gb[695] aux_gb[696] aux_gb[697] aux_gb[698] aux_gb[699] aux_gb[700] aux_gb[701] aux_gb[702] aux_gb[703] aux_gb[704] aux_gb[705] aux_gb[706] aux_gb[707] aux_gb[708] aux_gb[709] aux_gb[710] aux_gb[711] aux_gb[712] aux_gb[713] aux_gb[714] aux_gb[715] aux_gb[716] aux_gb[717] aux_gb[718] aux_gb[719] aux_gb[720] aux_gb[721] aux_gb[722] aux_gb[723] aux_gb[724] aux_gb[725] aux_gb[726] aux_gb[727] aux_gb[728] aux_gb[729] aux_gb[730] aux_gb[731] aux_gb[732] aux_gb[733] aux_gb[734] aux_gb[735] aux_gb[736] aux_gb[737] aux_gb[738] aux_gb[739] aux_gb[740] aux_gb[741] aux_gb[742] aux_gb[743] aux_gb[744] aux_gb[745] aux_gb[746] aux_gb[747] aux_gb[748] aux_gb[749] aux_gb[750] aux_gb[751] aux_gb[752] aux_gb[753] aux_gb[754] aux_gb[755] aux_gb[756] aux_gb[757] aux_gb[758] aux_gb[759] aux_gb[760] aux_gb[761] aux_gb[762] aux_gb[763] aux_gb[764] aux_gb[765] aux_gb[766] aux_gb[767] aux_gb[768] aux_gb[769] aux_gb[770] aux_gb[771] aux_gb[772] aux_gb[773] aux_gb[774] aux_gb[775] aux_gb[776] aux_gb[777] aux_gb[778] aux_gb[779] aux_gb[780] aux_gb[781] aux_gb[782] aux_gb[783] aux_gb[784] aux_gb[785] aux_gb[786] aux_gb[787] aux_gb[788] aux_gb[789] aux_gb[790] aux_gb[791] aux_gb[792] aux_gb[793] aux_gb[794] aux_gb[795] aux_gb[796] aux_gb[797] aux_gb[798] aux_gb[799] aux_gb[800] aux_gb[801] aux_gb[802] aux_gb[803] aux_gb[804] aux_gb[805] aux_gb[806] aux_gb[807] aux_gb[808] aux_gb[809] aux_gb[810] aux_gb[811] aux_gb[812] aux_gb[813] aux_gb[814] aux_gb[815] aux_gb[816] aux_gb[817] aux_gb[818] aux_gb[819] aux_gb[820] aux_gb[821] aux_gb[822] aux_gb[823] aux_gb[824] aux_gb[825] aux_gb[826] aux_gb[827] aux_gb[828] aux_gb[829] aux_gb[830] aux_gb[831] aux_gb[832] aux_gb[833] aux_gb[834] aux_gb[835] aux_gb[836] aux_gb[837] aux_gb[838] aux_gb[839] aux_gb[840] aux_gb[841] aux_gb[842] aux_gb[843] aux_gb[844] aux_gb[845] aux_gb[846] aux_gb[847] aux_gb[848] aux_gb[849] aux_gb[850] aux_gb[851] aux_gb[852] aux_gb[853] aux_gb[854] aux_gb[855] aux_gb[856] aux_gb[857] aux_gb[858] aux_gb[859] aux_gb[860] aux_gb[861] aux_gb[862] aux_gb[863] aux_gb[864] aux_gb[865] aux_gb[866] aux_gb[867] aux_gb[868] aux_gb[869] aux_gb[870] aux_gb[871] aux_gb[872] aux_gb[873] aux_gb[874] aux_gb[875] aux_gb[876] aux_gb[877] aux_gb[878] aux_gb[879] aux_gb[880] aux_gb[881] aux_gb[882] aux_gb[883] aux_gb[884] aux_gb[885] aux_gb[886] aux_gb[887] aux_gb[888] aux_gb[889] aux_gb[890] aux_gb[891] aux_gb[892] aux_gb[893] aux_gb[894] aux_gb[895] aux_gb[896] aux_gb[897] aux_gb[898] aux_gb[899] aux_gb[900] aux_gb[901] aux_gb[902] aux_gb[903] aux_gb[904] aux_gb[905] aux_gb[906] aux_gb[907] aux_gb[908] aux_gb[909] aux_gb[910] aux_gb[911] aux_gb[912] aux_gb[913] aux_gb[914] aux_gb[915] aux_gb[916] aux_gb[917] aux_gb[918] aux_gb[919] aux_gb[920] aux_gb[921] aux_gb[922] aux_gb[923] aux_gb[924] aux_gb[925] aux_gb[926] aux_gb[927] aux_gb[928] aux_gb[929] aux_gb[930] aux_gb[931] aux_gb[932] aux_gb[933] aux_gb[934] aux_gb[935] aux_gb[936] aux_gb[937] aux_gb[938] aux_gb[939] aux_gb[940] aux_gb[941] aux_gb[942] aux_gb[943] aux_gb[944] aux_gb[945] aux_gb[946] aux_gb[947] aux_gb[948] aux_gb[949] aux_gb[950] aux_gb[951] aux_gb[952] aux_gb[953] aux_gb[954] aux_gb[955] aux_gb[956] aux_gb[957] aux_gb[958] aux_gb[959] aux_gb[960] aux_gb[961] aux_gb[962] aux_gb[963] aux_gb[964] aux_gb[965] aux_gb[966] aux_gb[967] aux_gb[968] aux_gb[969] aux_gb[970] aux_gb[971] aux_gb[972] aux_gb[973] aux_gb[974] aux_gb[975] aux_gb[976] aux_gb[977] aux_gb[978] aux_gb[979] aux_gb[980] aux_gb[981] aux_gb[982] aux_gb[983] aux_gb[984] aux_gb[985] aux_gb[986] aux_gb[987] aux_gb[988] aux_gb[989] aux_gb[990] aux_gb[991] aux_gb[992] aux_gb[993] aux_gb[994] aux_gb[995] aux_gb[996] aux_gb[997] aux_gb[998] aux_gb[999] aux_gb[1000] aux_gb[1001] aux_gb[1002] aux_gb[1003] aux_gb[1004] aux_gb[1005] aux_gb[1006] aux_gb[1007] aux_gb[1008] aux_gb[1009] aux_gb[1010] aux_gb[1011] aux_gb[1012] aux_gb[1013] aux_gb[1014] aux_gb[1015] aux_gb[1016] aux_gb[1017] aux_gb[1018] aux_gb[1019] aux_gb[1020] aux_gb[1021] aux_gb[1022] aux_gb[1023] aux_gb[1024] aux_gb[1025] aux_gb[1026] aux_gb[1027] aux_gb[1028] aux_gb[1029] aux_gb[1030] aux_gb[1031] aux_gb[1032] aux_gb[1033] aux_gb[1034] aux_gb[1035] aux_gb[1036] aux_gb[1037] aux_gb[1038] aux_gb[1039] aux_gb[1040] aux_gb[1041] aux_gb[1042] aux_gb[1043] aux_gb[1044] aux_gb[1045] aux_gb[1046] aux_gb[1047] aux_gb[1048] aux_gb[1049] aux_gb[1050] aux_gb[1051] aux_gb[1052] aux_gb[1053] aux_gb[1054] aux_gb[1055] aux_gb[1056] aux_gb[1057] aux_gb[1058] aux_gb[1059] aux_gb[1060] aux_gb[1061] aux_gb[1062] aux_gb[1063] aux_gb[1064] aux_gb[1065] aux_gb[1066] aux_gb[1067] aux_gb[1068] aux_gb[1069] aux_gb[1070] aux_gb[1071] aux_gb[1072] aux_gb[1073] aux_gb[1074] aux_gb[1075] aux_gb[1076] aux_gb[1077] aux_gb[1078] aux_gb[1079] aux_gb[1080] aux_gb[1081] aux_gb[1082] aux_gb[1083] aux_gb[1084] aux_gb[1085] aux_gb[1086] aux_gb[1087] aux_gb[1088] aux_gb[1089] aux_gb[1090] aux_gb[1091] aux_gb[1092] aux_gb[1093] aux_gb[1094] aux_gb[1095] aux_gb[1096] aux_gb[1097] aux_gb[1098] aux_gb[1099] aux_gb[1100] aux_gb[1101] aux_gb[1102] aux_gb[1103] aux_gb[1104] aux_gb[1105] aux_gb[1106] aux_gb[1107] aux_gb[1108] aux_gb[1109] aux_gb[1110] aux_gb[1111] aux_gb[1112] aux_gb[1113] aux_gb[1114] aux_gb[1115] aux_gb[1116] aux_gb[1117] aux_gb[1118] aux_gb[1119] aux_gb[1120] aux_gb[1121] aux_gb[1122] aux_gb[1123] aux_gb[1124] aux_gb[1125] aux_gb[1126] aux_gb[1127] aux_gb[1128] aux_gb[1129] aux_gb[1130] aux_gb[1131] aux_gb[1132] aux_gb[1133] aux_gb[1134] aux_gb[1135] aux_gb[1136] aux_gb[1137] aux_gb[1138] aux_gb[1139] aux_gb[1140] aux_gb[1141] aux_gb[1142] aux_gb[1143] aux_gb[1144] aux_gb[1145] aux_gb[1146] aux_gb[1147] aux_gb[1148] aux_gb[1149] aux_gb[1150] aux_gb[1151] aux_gb[1152] aux_gb[1153] aux_gb[1154] aux_gb[1155] aux_gb[1156] aux_gb[1157] aux_gb[1158] aux_gb[1159] aux_gb[1160] aux_gb[1161] aux_gb[1162] aux_gb[1163] aux_gb[1164] aux_gb[1165] aux_gb[1166] aux_gb[1167] aux_gb[1168] aux_gb[1169] aux_gb[1170] aux_gb[1171] aux_gb[1172] aux_gb[1173] aux_gb[1174] aux_gb[1175] aux_gb[1176] aux_gb[1177] aux_gb[1178] aux_gb[1179] aux_gb[1180] aux_gb[1181] aux_gb[1182] aux_gb[1183] aux_gb[1184] aux_gb[1185] aux_gb[1186] aux_gb[1187] aux_gb[1188] aux_gb[1189] aux_gb[1190] aux_gb[1191] aux_gb[1192] aux_gb[1193] aux_gb[1194] aux_gb[1195] aux_gb[1196] aux_gb[1197] aux_gb[1198] aux_gb[1199] aux_gb[1200] aux_gb[1201] aux_gb[1202] aux_gb[1203] aux_gb[1204] aux_gb[1205] aux_gb[1206] aux_gb[1207] aux_gb[1208] aux_gb[1209] aux_gb[1210] aux_gb[1211] aux_gb[1212] aux_gb[1213] aux_gb[1214] aux_gb[1215] aux_gb[1216] aux_gb[1217] aux_gb[1218] aux_gb[1219] aux_gb[1220] aux_gb[1221] aux_gb[1222] aux_gb[1223] aux_gb[1224] aux_gb[1225] aux_gb[1226] aux_gb[1227] aux_gb[1228] aux_gb[1229] aux_gb[1230] aux_gb[1231] aux_gb[1232] aux_gb[1233] aux_gb[1234] aux_gb[1235] aux_gb[1236] aux_gb[1237] aux_gb[1238] aux_gb[1239] aux_gb[1240] aux_gb[1241] aux_gb[1242] aux_gb[1243] aux_gb[1244] aux_gb[1245] aux_gb[1246] aux_gb[1247] aux_gb[1248] aux_gb[1249] aux_gb[1250] aux_gb[1251] aux_gb[1252] aux_gb[1253] aux_gb[1254] aux_gb[1255] aux_gb[1256] aux_gb[1257] aux_gb[1258] aux_gb[1259] aux_gb[1260] aux_gb[1261] aux_gb[1262] aux_gb[1263] aux_gb[1264] aux_gb[1265] aux_gb[1266] aux_gb[1267] aux_gb[1268] aux_gb[1269] aux_gb[1270] aux_gb[1271] aux_gb[1272] aux_gb[1273] aux_gb[1274] aux_gb[1275] aux_gb[1276] aux_gb[1277] aux_gb[1278] aux_gb[1279] aux_gb[1280] aux_gb[1281] aux_gb[1282] aux_gb[1283] aux_gb[1284] aux_gb[1285] aux_gb[1286] aux_gb[1287] aux_gb[1288] aux_gb[1289] aux_gb[1290] aux_gb[1291] aux_gb[1292] aux_gb[1293] aux_gb[1294] aux_gb[1295] aux_gb[1296] aux_gb[1297] aux_gb[1298] aux_gb[1299] aux_gb[1300] aux_gb[1301] aux_gb[1302] aux_gb[1303] aux_gb[1304] aux_gb[1305] aux_gb[1306] aux_gb[1307] aux_gb[1308] aux_gb[1309] aux_gb[1310] aux_gb[1311] aux_gb[1312] aux_gb[1313] aux_gb[1314] aux_gb[1315] aux_gb[1316] aux_gb[1317] aux_gb[1318] aux_gb[1319] aux_gb[1320] aux_gb[1321] aux_gb[1322] aux_gb[1323] aux_gb[1324] aux_gb[1325] aux_gb[1326] aux_gb[1327] aux_gb[1328] aux_gb[1329] aux_gb[1330] aux_gb[1331] aux_gb[1332] aux_gb[1333] aux_gb[1334] aux_gb[1335] aux_gb[1336] aux_gb[1337] aux_gb[1338] aux_gb[1339] aux_gb[1340] aux_gb[1341] aux_gb[1342] aux_gb[1343] aux_gb[1344] aux_gb[1345] aux_gb[1346] aux_gb[1347] aux_gb[1348] aux_gb[1349] aux_gb[1350] aux_gb[1351] aux_gb[1352] aux_gb[1353] aux_gb[1354] aux_gb[1355] aux_gb[1356] aux_gb[1357] aux_gb[1358] aux_gb[1359] aux_gb[1360] aux_gb[1361] aux_gb[1362] aux_gb[1363] aux_gb[1364] aux_gb[1365] aux_gb[1366] aux_gb[1367] aux_gb[1368] aux_gb[1369] aux_gb[1370] aux_gb[1371] aux_gb[1372] aux_gb[1373] aux_gb[1374] aux_gb[1375] aux_gb[1376] aux_gb[1377] aux_gb[1378] aux_gb[1379] aux_gb[1380] aux_gb[1381] aux_gb[1382] aux_gb[1383] aux_gb[1384] aux_gb[1385] aux_gb[1386] aux_gb[1387] aux_gb[1388] aux_gb[1389] aux_gb[1390] aux_gb[1391] aux_gb[1392] aux_gb[1393] aux_gb[1394] aux_gb[1395] aux_gb[1396] aux_gb[1397] aux_gb[1398] aux_gb[1399] aux_gb[1400] aux_gb[1401] aux_gb[1402] aux_gb[1403] aux_gb[1404] aux_gb[1405] aux_gb[1406] aux_gb[1407] aux_gb[1408] aux_gb[1409] aux_gb[1410] aux_gb[1411] aux_gb[1412] aux_gb[1413] aux_gb[1414] aux_gb[1415] aux_gb[1416] aux_gb[1417] aux_gb[1418] aux_gb[1419] aux_gb[1420] aux_gb[1421] aux_gb[1422] aux_gb[1423] aux_gb[1424] aux_gb[1425] aux_gb[1426] aux_gb[1427] aux_gb[1428] aux_gb[1429] aux_gb[1430] aux_gb[1431] aux_gb[1432] aux_gb[1433] aux_gb[1434] aux_gb[1435] aux_gb[1436] aux_gb[1437] aux_gb[1438] aux_gb[1439] aux_gb[1440] aux_gb[1441] aux_gb[1442] aux_gb[1443] aux_gb[1444] aux_gb[1445] aux_gb[1446] aux_gb[1447] aux_gb[1448] aux_gb[1449] aux_gb[1450] aux_gb[1451] aux_gb[1452] aux_gb[1453] aux_gb[1454] aux_gb[1455] aux_gb[1456] aux_gb[1457] aux_gb[1458] aux_gb[1459] aux_gb[1460] aux_gb[1461] aux_gb[1462] aux_gb[1463] aux_gb[1464] aux_gb[1465] aux_gb[1466] aux_gb[1467] aux_gb[1468] aux_gb[1469] aux_gb[1470] aux_gb[1471] aux_gb[1472] aux_gb[1473] aux_gb[1474] aux_gb[1475] aux_gb[1476] aux_gb[1477] aux_gb[1478] aux_gb[1479] aux_gb[1480] aux_gb[1481] aux_gb[1482] aux_gb[1483] aux_gb[1484] aux_gb[1485] aux_gb[1486] aux_gb[1487] aux_gb[1488] aux_gb[1489] aux_gb[1490] aux_gb[1491] aux_gb[1492] aux_gb[1493] aux_gb[1494] aux_gb[1495] aux_gb[1496] aux_gb[1497] aux_gb[1498] aux_gb[1499] aux_gb[1500] aux_gb[1501] aux_gb[1502] aux_gb[1503] aux_gb[1504] aux_gb[1505] aux_gb[1506] aux_gb[1507] aux_gb[1508] aux_gb[1509] aux_gb[1510] aux_gb[1511] aux_gb[1512] aux_gb[1513] aux_gb[1514] aux_gb[1515] aux_gb[1516] aux_gb[1517] aux_gb[1518] aux_gb[1519] aux_gb[1520] aux_gb[1521] aux_gb[1522] aux_gb[1523] aux_gb[1524] aux_gb[1525] aux_gb[1526] aux_gb[1527] aux_gb[1528] aux_gb[1529] aux_gb[1530] aux_gb[1531] aux_gb[1532] aux_gb[1533] aux_gb[1534] aux_gb[1535] aux_gb[1536] aux_gb[1537] aux_gb[1538] aux_gb[1539] aux_gb[1540] aux_gb[1541] aux_gb[1542] aux_gb[1543] aux_gb[1544] aux_gb[1545] aux_gb[1546] aux_gb[1547] aux_gb[1548] aux_gb[1549] aux_gb[1550] aux_gb[1551] aux_gb[1552] aux_gb[1553] aux_gb[1554] aux_gb[1555] aux_gb[1556] aux_gb[1557] aux_gb[1558] aux_gb[1559] aux_gb[1560] aux_gb[1561] aux_gb[1562] aux_gb[1563] aux_gb[1564] aux_gb[1565] aux_gb[1566] aux_gb[1567] aux_gb[1568] aux_gb[1569] aux_gb[1570] aux_gb[1571] aux_gb[1572] aux_gb[1573] aux_gb[1574] aux_gb[1575] aux_gb[1576] aux_gb[1577] aux_gb[1578] aux_gb[1579] aux_gb[1580] aux_gb[1581] aux_gb[1582] aux_gb[1583] aux_gb[1584] aux_gb[1585] aux_gb[1586] aux_gb[1587] aux_gb[1588] aux_gb[1589] aux_gb[1590] aux_gb[1591] aux_gb[1592] aux_gb[1593] aux_gb[1594] aux_gb[1595] aux_gb[1596] aux_gb[1597] aux_gb[1598] aux_gb[1599] aux_gb[1600] aux_gb[1601] aux_gb[1602] aux_gb[1603] aux_gb[1604] aux_gb[1605] aux_gb[1606] aux_gb[1607] aux_gb[1608] aux_gb[1609] aux_gb[1610] aux_gb[1611] aux_gb[1612] aux_gb[1613] aux_gb[1614] aux_gb[1615] aux_gb[1616] aux_gb[1617] aux_gb[1618] aux_gb[1619] aux_gb[1620] aux_gb[1621] aux_gb[1622] aux_gb[1623] aux_gb[1624] aux_gb[1625] aux_gb[1626] aux_gb[1627] aux_gb[1628] aux_gb[1629] aux_gb[1630] aux_gb[1631] aux_gb[1632] aux_gb[1633] aux_gb[1634] aux_gb[1635] aux_gb[1636] aux_gb[1637] aux_gb[1638] aux_gb[1639] aux_gb[1640] aux_gb[1641] aux_gb[1642] aux_gb[1643] aux_gb[1644] aux_gb[1645] aux_gb[1646] aux_gb[1647] aux_gb[1648] aux_gb[1649] aux_gb[1650] aux_gb[1651] aux_gb[1652] aux_gb[1653] aux_gb[1654] aux_gb[1655] aux_gb[1656] aux_gb[1657] aux_gb[1658] aux_gb[1659] aux_gb[1660] aux_gb[1661] aux_gb[1662] aux_gb[1663] aux_gb[1664] aux_gb[1665] aux_gb[1666] aux_gb[1667] aux_gb[1668] aux_gb[1669] aux_gb[1670] aux_gb[1671] aux_gb[1672] aux_gb[1673] aux_gb[1674] aux_gb[1675] aux_gb[1676] aux_gb[1677] aux_gb[1678] aux_gb[1679] aux_gb[1680] aux_gb[1681] aux_gb[1682] aux_gb[1683] aux_gb[1684] aux_gb[1685] aux_gb[1686] aux_gb[1687] aux_gb[1688] aux_gb[1689] aux_gb[1690] aux_gb[1691] aux_gb[1692] aux_gb[1693] aux_gb[1694] aux_gb[1695] aux_gb[1696] aux_gb[1697] aux_gb[1698] aux_gb[1699] aux_gb[1700] aux_gb[1701] aux_gb[1702] aux_gb[1703] aux_gb[1704] aux_gb[1705] aux_gb[1706] aux_gb[1707] aux_gb[1708] aux_gb[1709] aux_gb[1710] aux_gb[1711] aux_gb[1712] aux_gb[1713] aux_gb[1714] aux_gb[1715] aux_gb[1716] aux_gb[1717] aux_gb[1718] aux_gb[1719] aux_gb[1720] aux_gb[1721] aux_gb[1722] aux_gb[1723] aux_gb[1724] aux_gb[1725] aux_gb[1726] aux_gb[1727] aux_gb[1728] aux_gb[1729] aux_gb[1730] aux_gb[1731] aux_gb[1732] aux_gb[1733] aux_gb[1734] aux_gb[1735] aux_gb[1736] aux_gb[1737] aux_gb[1738] aux_gb[1739] aux_gb[1740] aux_gb[1741] aux_gb[1742] aux_gb[1743] aux_gb[1744] aux_gb[1745] aux_gb[1746] aux_gb[1747] aux_gb[1748] aux_gb[1749] aux_gb[1750] aux_gb[1751] aux_gb[1752] aux_gb[1753] aux_gb[1754] aux_gb[1755] aux_gb[1756] aux_gb[1757] aux_gb[1758] aux_gb[1759] aux_gb[1760] aux_gb[1761] aux_gb[1762] aux_gb[1763] aux_gb[1764] aux_gb[1765] aux_gb[1766] aux_gb[1767] aux_gb[1768] aux_gb[1769] aux_gb[1770] aux_gb[1771] aux_gb[1772] aux_gb[1773] aux_gb[1774] aux_gb[1775] aux_gb[1776] aux_gb[1777] aux_gb[1778] aux_gb[1779] aux_gb[1780] aux_gb[1781] aux_gb[1782] aux_gb[1783] aux_gb[1784] aux_gb[1785] aux_gb[1786] aux_gb[1787] aux_gb[1788] aux_gb[1789] aux_gb[1790] aux_gb[1791] aux_gb[1792] aux_gb[1793] aux_gb[1794] aux_gb[1795] aux_gb[1796] aux_gb[1797] aux_gb[1798] aux_gb[1799] aux_gb[1800] aux_gb[1801] aux_gb[1802] aux_gb[1803] aux_gb[1804] aux_gb[1805] aux_gb[1806] aux_gb[1807] aux_gb[1808] aux_gb[1809] aux_gb[1810] aux_gb[1811] aux_gb[1812] aux_gb[1813] aux_gb[1814] aux_gb[1815] aux_gb[1816] aux_gb[1817] aux_gb[1818] aux_gb[1819] aux_gb[1820] aux_gb[1821] aux_gb[1822] aux_gb[1823] aux_gb[1824] aux_gb[1825] aux_gb[1826] aux_gb[1827] aux_gb[1828] aux_gb[1829] aux_gb[1830] aux_gb[1831] aux_gb[1832] aux_gb[1833] aux_gb[1834] aux_gb[1835] aux_gb[1836] aux_gb[1837] aux_gb[1838] aux_gb[1839] aux_gb[1840] aux_gb[1841] aux_gb[1842] aux_gb[1843] aux_gb[1844] aux_gb[1845] aux_gb[1846] aux_gb[1847] aux_gb[1848] aux_gb[1849] aux_gb[1850] aux_gb[1851] aux_gb[1852] aux_gb[1853] aux_gb[1854] aux_gb[1855] aux_gb[1856] aux_gb[1857] aux_gb[1858] aux_gb[1859] aux_gb[1860] aux_gb[1861] aux_gb[1862] aux_gb[1863] aux_gb[1864] aux_gb[1865] aux_gb[1866] aux_gb[1867] aux_gb[1868] aux_gb[1869] aux_gb[1870] aux_gb[1871] aux_gb[1872] aux_gb[1873] aux_gb[1874] aux_gb[1875] aux_gb[1876] aux_gb[1877] aux_gb[1878] aux_gb[1879] aux_gb[1880] aux_gb[1881] aux_gb[1882] aux_gb[1883] aux_gb[1884] aux_gb[1885] aux_gb[1886] aux_gb[1887] aux_gb[1888] aux_gb[1889] aux_gb[1890] aux_gb[1891] aux_gb[1892] aux_gb[1893] aux_gb[1894] aux_gb[1895] aux_gb[1896] aux_gb[1897] aux_gb[1898] aux_gb[1899] aux_gb[1900] aux_gb[1901] aux_gb[1902] aux_gb[1903] aux_gb[1904] aux_gb[1905] aux_gb[1906] aux_gb[1907] aux_gb[1908] aux_gb[1909] aux_gb[1910] aux_gb[1911] aux_gb[1912] aux_gb[1913] aux_gb[1914] aux_gb[1915] aux_gb[1916] aux_gb[1917] aux_gb[1918] aux_gb[1919] aux_gb[1920] aux_gb[1921] aux_gb[1922] aux_gb[1923] aux_gb[1924] aux_gb[1925] aux_gb[1926] aux_gb[1927] aux_gb[1928] aux_gb[1929] aux_gb[1930] aux_gb[1931] aux_gb[1932] aux_gb[1933] aux_gb[1934] aux_gb[1935] aux_gb[1936] aux_gb[1937] aux_gb[1938] aux_gb[1939] aux_gb[1940] aux_gb[1941] aux_gb[1942] aux_gb[1943] aux_gb[1944] aux_gb[1945] aux_gb[1946] aux_gb[1947] aux_gb[1948] aux_gb[1949] aux_gb[1950] aux_gb[1951] aux_gb[1952] aux_gb[1953] aux_gb[1954] aux_gb[1955] aux_gb[1956] aux_gb[1957] aux_gb[1958] aux_gb[1959] aux_gb[1960] aux_gb[1961] aux_gb[1962] aux_gb[1963] aux_gb[1964] aux_gb[1965] aux_gb[1966] aux_gb[1967] aux_gb[1968] aux_gb[1969] aux_gb[1970] aux_gb[1971] aux_gb[1972] aux_gb[1973] aux_gb[1974] aux_gb[1975] aux_gb[1976] aux_gb[1977] aux_gb[1978] aux_gb[1979] aux_gb[1980] aux_gb[1981] aux_gb[1982] aux_gb[1983] aux_gb[1984] aux_gb[1985] aux_gb[1986] aux_gb[1987] aux_gb[1988] aux_gb[1989] aux_gb[1990] aux_gb[1991] aux_gb[1992] aux_gb[1993] aux_gb[1994] aux_gb[1995] aux_gb[1996] aux_gb[1997] aux_gb[1998] aux_gb[1999] aux_gb[2000] aux_gb[2001] aux_gb[2002] aux_gb[2003] aux_gb[2004] aux_gb[2005] aux_gb[2006] aux_gb[2007] aux_gb[2008] aux_gb[2009] aux_gb[2010] aux_gb[2011] aux_gb[2012] aux_gb[2013] aux_gb[2014] aux_gb[2015] aux_gb[2016] aux_gb[2017] aux_gb[2018] aux_gb[2019] aux_gb[2020] aux_gb[2021] aux_gb[2022] aux_gb[2023] aux_gb[2024] aux_gb[2025] aux_gb[2026] aux_gb[2027] aux_gb[2028] aux_gb[2029] aux_gb[2030] aux_gb[2031] aux_gb[2032] aux_gb[2033] aux_gb[2034] aux_gb[2035] aux_gb[2036] aux_gb[2037] aux_gb[2038] aux_gb[2039] aux_gb[2040] aux_gb[2041] aux_gb[2042] aux_gb[2043] aux_gb[2044] aux_gb[2045] aux_gb[2046] aux_gb[2047] aux_gb[2048] aux_gb[2049] aux_gb[2050] aux_gb[2051] aux_gb[2052] aux_gb[2053] aux_gb[2054] aux_gb[2055] aux_gb[2056] aux_gb[2057] aux_gb[2058] aux_gb[2059] aux_gb[2060] aux_gb[2061] aux_gb[2062] aux_gb[2063] aux_gb[2064] aux_gb[2065] aux_gb[2066] aux_gb[2067] aux_gb[2068] aux_gb[2069] aux_gb[2070] aux_gb[2071] aux_gb[2072] aux_gb[2073] aux_gb[2074] aux_gb[2075] aux_gb[2076] aux_gb[2077] aux_gb[2078] aux_gb[2079] aux_gb[2080] aux_gb[2081] aux_gb[2082] aux_gb[2083] aux_gb[2084] aux_gb[2085] aux_gb[2086] aux_gb[2087] aux_gb[2088] aux_gb[2089] aux_gb[2090] aux_gb[2091] aux_gb[2092] aux_gb[2093] aux_gb[2094] aux_gb[2095] aux_gb[2096] aux_gb[2097] aux_gb[2098] aux_gb[2099] aux_gb[2100] aux_gb[2101] aux_gb[2102] aux_gb[2103] aux_gb[2104] aux_gb[2105] aux_gb[2106] aux_gb[2107] aux_gb[2108] aux_gb[2109] aux_gb[2110] aux_gb[2111] aux_gb[2112] aux_gb[2113] aux_gb[2114] aux_gb[2115] aux_gb[2116] aux_gb[2117] aux_gb[2118] aux_gb[2119] aux_gb[2120] aux_gb[2121] aux_gb[2122] aux_gb[2123] aux_gb[2124] aux_gb[2125] aux_gb[2126] aux_gb[2127] aux_gb[2128] aux_gb[2129] aux_gb[2130] aux_gb[2131] aux_gb[2132] aux_gb[2133] aux_gb[2134] aux_gb[2135] aux_gb[2136] aux_gb[2137] aux_gb[2138] aux_gb[2139] aux_gb[2140] aux_gb[2141] aux_gb[2142] aux_gb[2143] aux_gb[2144] aux_gb[2145] aux_gb[2146] aux_gb[2147] aux_gb[2148] aux_gb[2149] aux_gb[2150] aux_gb[2151] aux_gb[2152] aux_gb[2153] aux_gb[2154] aux_gb[2155] aux_gb[2156] aux_gb[2157] aux_gb[2158] aux_gb[2159] aux_gb[2160] aux_gb[2161] aux_gb[2162] aux_gb[2163] aux_gb[2164] aux_gb[2165] aux_gb[2166] aux_gb[2167] aux_gb[2168] aux_gb[2169] aux_gb[2170] aux_gb[2171] aux_gb[2172] aux_gb[2173] aux_gb[2174] aux_gb[2175] aux_gb[2176] aux_gb[2177] aux_gb[2178] aux_gb[2179] aux_gb[2180] aux_gb[2181] aux_gb[2182] aux_gb[2183] aux_gb[2184] aux_gb[2185] aux_gb[2186] aux_gb[2187] aux_gb[2188] aux_gb[2189] aux_gb[2190] aux_gb[2191] aux_gb[2192] aux_gb[2193] aux_gb[2194] aux_gb[2195] aux_gb[2196] aux_gb[2197] aux_gb[2198] aux_gb[2199] aux_gb[2200] aux_gb[2201] aux_gb[2202] aux_gb[2203] aux_gb[2204] aux_gb[2205] aux_gb[2206] aux_gb[2207] aux_gb[2208] aux_gb[2209] aux_gb[2210] aux_gb[2211] aux_gb[2212] aux_gb[2213] aux_gb[2214] aux_gb[2215] aux_gb[2216] aux_gb[2217] aux_gb[2218] aux_gb[2219] aux_gb[2220] aux_gb[2221] aux_gb[2222] aux_gb[2223] aux_gb[2224] aux_gb[2225] aux_gb[2226] aux_gb[2227] aux_gb[2228] aux_gb[2229] aux_gb[2230] aux_gb[2231] aux_gb[2232] aux_gb[2233] aux_gb[2234] aux_gb[2235] aux_gb[2236] aux_gb[2237] aux_gb[2238] aux_gb[2239] aux_gb[2240] aux_gb[2241] aux_gb[2242] aux_gb[2243] aux_gb[2244] aux_gb[2245] aux_gb[2246] aux_gb[2247] aux_gb[2248] aux_gb[2249] aux_gb[2250] aux_gb[2251] aux_gb[2252] aux_gb[2253] aux_gb[2254] aux_gb[2255] aux_gb[2256] aux_gb[2257] aux_gb[2258] aux_gb[2259] aux_gb[2260] aux_gb[2261] aux_gb[2262] aux_gb[2263] aux_gb[2264] aux_gb[2265] aux_gb[2266] aux_gb[2267] aux_gb[2268] aux_gb[2269] aux_gb[2270] aux_gb[2271] aux_gb[2272] aux_gb[2273] aux_gb[2274] aux_gb[2275] aux_gb[2276] aux_gb[2277] aux_gb[2278] aux_gb[2279] aux_gb[2280] aux_gb[2281] aux_gb[2282] aux_gb[2283] aux_gb[2284] aux_gb[2285] aux_gb[2286] aux_gb[2287] aux_gb[2288] aux_gb[2289] aux_gb[2290] aux_gb[2291] aux_gb[2292] aux_gb[2293] aux_gb[2294] aux_gb[2295] aux_gb[2296] aux_gb[2297] aux_gb[2298] aux_gb[2299] aux_gb[2300] aux_gb[2301] aux_gb[2302] aux_gb[2303] aux_gb[2304] aux_gb[2305] aux_gb[2306] aux_gb[2307] aux_gb[2308] aux_gb[2309] aux_gb[2310] aux_gb[2311] aux_gb[2312] aux_gb[2313] aux_gb[2314] aux_gb[2315] aux_gb[2316] aux_gb[2317] aux_gb[2318] aux_gb[2319] aux_gb[2320] aux_gb[2321] aux_gb[2322] aux_gb[2323] aux_gb[2324] aux_gb[2325] aux_gb[2326] aux_gb[2327] aux_gb[2328] aux_gb[2329] aux_gb[2330] aux_gb[2331] aux_gb[2332] aux_gb[2333] aux_gb[2334] aux_gb[2335] aux_gb[2336] aux_gb[2337] aux_gb[2338] aux_gb[2339] aux_gb[2340] aux_gb[2341] aux_gb[2342] aux_gb[2343] aux_gb[2344] aux_gb[2345] aux_gb[2346] aux_gb[2347] aux_gb[2348] aux_gb[2349] aux_gb[2350] aux_gb[2351] aux_gb[2352] aux_gb[2353] aux_gb[2354] aux_gb[2355] aux_gb[2356] aux_gb[2357] aux_gb[2358] aux_gb[2359] aux_gb[2360] aux_gb[2361] aux_gb[2362] aux_gb[2363] aux_gb[2364] aux_gb[2365] aux_gb[2366] aux_gb[2367] aux_gb[2368] aux_gb[2369] aux_gb[2370] aux_gb[2371] aux_gb[2372] aux_gb[2373] aux_gb[2374] aux_gb[2375] aux_gb[2376] aux_gb[2377] aux_gb[2378] aux_gb[2379] aux_gb[2380] aux_gb[2381] aux_gb[2382] aux_gb[2383] aux_gb[2384] aux_gb[2385] aux_gb[2386] aux_gb[2387] aux_gb[2388] aux_gb[2389] aux_gb[2390] aux_gb[2391] aux_gb[2392] aux_gb[2393] aux_gb[2394] aux_gb[2395] aux_gb[2396] aux_gb[2397] aux_gb[2398] aux_gb[2399] aux_gb[2400] aux_gb[2401] aux_gb[2402] aux_gb[2403] aux_gb[2404] aux_gb[2405] aux_gb[2406] aux_gb[2407] aux_gb[2408] aux_gb[2409] aux_gb[2410] aux_gb[2411] aux_gb[2412] aux_gb[2413] aux_gb[2414] aux_gb[2415] aux_gb[2416] aux_gb[2417] aux_gb[2418] aux_gb[2419] aux_gb[2420] aux_gb[2421] aux_gb[2422] aux_gb[2423] aux_gb[2424] aux_gb[2425] aux_gb[2426] aux_gb[2427] aux_gb[2428] aux_gb[2429] aux_gb[2430] aux_gb[2431] aux_gb[2432] aux_gb[2433] aux_gb[2434] aux_gb[2435] aux_gb[2436] aux_gb[2437] aux_gb[2438] aux_gb[2439] aux_gb[2440] aux_gb[2441] aux_gb[2442] aux_gb[2443] aux_gb[2444] aux_gb[2445] aux_gb[2446] aux_gb[2447] aux_gb[2448] aux_gb[2449] aux_gb[2450] aux_gb[2451] aux_gb[2452] aux_gb[2453] aux_gb[2454] aux_gb[2455] aux_gb[2456] aux_gb[2457] aux_gb[2458] aux_gb[2459] aux_gb[2460] aux_gb[2461] aux_gb[2462] aux_gb[2463] aux_gb[2464] aux_gb[2465] aux_gb[2466] aux_gb[2467] aux_gb[2468] aux_gb[2469] aux_gb[2470] aux_gb[2471] aux_gb[2472] aux_gb[2473] aux_gb[2474] aux_gb[2475] aux_gb[2476] aux_gb[2477] aux_gb[2478] aux_gb[2479] aux_gb[2480] aux_gb[2481] aux_gb[2482] aux_gb[2483] aux_gb[2484] aux_gb[2485] aux_gb[2486] aux_gb[2487] aux_gb[2488] aux_gb[2489] aux_gb[2490] aux_gb[2491] aux_gb[2492] aux_gb[2493] aux_gb[2494] aux_gb[2495] aux_gb[2496] aux_gb[2497] aux_gb[2498] aux_gb[2499] aux_gb[2500] aux_gb[2501] aux_gb[2502] aux_gb[2503] aux_gb[2504] aux_gb[2505] aux_gb[2506] aux_gb[2507] aux_gb[2508] aux_gb[2509] aux_gb[2510] aux_gb[2511] aux_gb[2512] aux_gb[2513] aux_gb[2514] aux_gb[2515] aux_gb[2516] aux_gb[2517] aux_gb[2518] aux_gb[2519] aux_gb[2520] aux_gb[2521] aux_gb[2522] aux_gb[2523] aux_gb[2524] aux_gb[2525] aux_gb[2526] aux_gb[2527] aux_gb[2528] aux_gb[2529] aux_gb[2530] aux_gb[2531] aux_gb[2532] aux_gb[2533] aux_gb[2534] aux_gb[2535] aux_gb[2536] aux_gb[2537] aux_gb[2538] aux_gb[2539] aux_gb[2540] aux_gb[2541] aux_gb[2542] aux_gb[2543] aux_gb[2544] aux_gb[2545] aux_gb[2546] aux_gb[2547] aux_gb[2548] aux_gb[2549] aux_gb[2550] aux_gb[2551] aux_gb[2552] aux_gb[2553] aux_gb[2554] aux_gb[2555] aux_gb[2556] aux_gb[2557] aux_gb[2558] aux_gb[2559] aux_gb[2560] aux_gb[2561] aux_gb[2562] aux_gb[2563] aux_gb[2564] aux_gb[2565] aux_gb[2566] aux_gb[2567] aux_gb[2568] aux_gb[2569] aux_gb[2570] aux_gb[2571] aux_gb[2572] aux_gb[2573] aux_gb[2574] aux_gb[2575] aux_gb[2576] aux_gb[2577] aux_gb[2578] aux_gb[2579] aux_gb[2580] aux_gb[2581] aux_gb[2582] aux_gb[2583] aux_gb[2584] aux_gb[2585] aux_gb[2586] aux_gb[2587] aux_gb[2588] aux_gb[2589] aux_gb[2590] aux_gb[2591] aux_gb[2592] aux_gb[2593] aux_gb[2594] aux_gb[2595] aux_gb[2596] aux_gb[2597] aux_gb[2598] aux_gb[2599] aux_gb[2600] aux_gb[2601] aux_gb[2602] aux_gb[2603] aux_gb[2604] aux_gb[2605] aux_gb[2606] aux_gb[2607] aux_gb[2608] aux_gb[2609] aux_gb[2610] aux_gb[2611] aux_gb[2612] aux_gb[2613] aux_gb[2614] aux_gb[2615] aux_gb[2616] aux_gb[2617] aux_gb[2618] aux_gb[2619] aux_gb[2620] aux_gb[2621] aux_gb[2622] aux_gb[2623] aux_gb[2624] aux_gb[2625] aux_gb[2626] aux_gb[2627] aux_gb[2628] aux_gb[2629] aux_gb[2630] aux_gb[2631] aux_gb[2632] aux_gb[2633] aux_gb[2634] aux_gb[2635] aux_gb[2636] aux_gb[2637] aux_gb[2638] aux_gb[2639] aux_gb[2640] aux_gb[2641] aux_gb[2642] aux_gb[2643] aux_gb[2644] aux_gb[2645] aux_gb[2646] aux_gb[2647] aux_gb[2648] aux_gb[2649] aux_gb[2650] aux_gb[2651] aux_gb[2652] aux_gb[2653] aux_gb[2654] aux_gb[2655] aux_gb[2656] aux_gb[2657] aux_gb[2658] aux_gb[2659] aux_gb[2660] aux_gb[2661] aux_gb[2662] aux_gb[2663] aux_gb[2664] aux_gb[2665] aux_gb[2666] aux_gb[2667] aux_gb[2668] aux_gb[2669] aux_gb[2670] aux_gb[2671] aux_gb[2672] aux_gb[2673] aux_gb[2674] aux_gb[2675] aux_gb[2676] aux_gb[2677] aux_gb[2678] aux_gb[2679] aux_gb[2680] aux_gb[2681] aux_gb[2682] aux_gb[2683] aux_gb[2684] aux_gb[2685] aux_gb[2686] aux_gb[2687] aux_gb[2688] aux_gb[2689] aux_gb[2690] aux_gb[2691] aux_gb[2692] aux_gb[2693] aux_gb[2694] aux_gb[2695] aux_gb[2696] aux_gb[2697] aux_gb[2698] aux_gb[2699] aux_gb[2700] aux_gb[2701] aux_gb[2702] aux_gb[2703] aux_gb[2704] aux_gb[2705] aux_gb[2706] aux_gb[2707] aux_gb[2708] aux_gb[2709] aux_gb[2710] aux_gb[2711] aux_gb[2712] aux_gb[2713] aux_gb[2714] aux_gb[2715] aux_gb[2716] aux_gb[2717] aux_gb[2718] aux_gb[2719] aux_gb[2720] aux_gb[2721] aux_gb[2722] aux_gb[2723] aux_gb[2724] aux_gb[2725] aux_gb[2726] aux_gb[2727] aux_gb[2728] aux_gb[2729] aux_gb[2730] aux_gb[2731] aux_gb[2732] aux_gb[2733] aux_gb[2734] aux_gb[2735] aux_gb[2736] aux_gb[2737] aux_gb[2738] aux_gb[2739] aux_gb[2740] aux_gb[2741] aux_gb[2742] aux_gb[2743] aux_gb[2744] aux_gb[2745] aux_gb[2746] aux_gb[2747] aux_gb[2748] aux_gb[2749] aux_gb[2750] aux_gb[2751] aux_gb[2752] aux_gb[2753] aux_gb[2754] aux_gb[2755] aux_gb[2756] aux_gb[2757] aux_gb[2758] aux_gb[2759] aux_gb[2760] aux_gb[2761] aux_gb[2762] aux_gb[2763] aux_gb[2764] aux_gb[2765] aux_gb[2766] aux_gb[2767] aux_gb[2768] aux_gb[2769] aux_gb[2770] aux_gb[2771] aux_gb[2772] aux_gb[2773] aux_gb[2774] aux_gb[2775] aux_gb[2776] aux_gb[2777] aux_gb[2778] aux_gb[2779] aux_gb[2780] aux_gb[2781] aux_gb[2782] aux_gb[2783] aux_gb[2784] aux_gb[2785] aux_gb[2786] aux_gb[2787] aux_gb[2788] aux_gb[2789] aux_gb[2790] aux_gb[2791] aux_gb[2792] aux_gb[2793] aux_gb[2794] aux_gb[2795] aux_gb[2796] aux_gb[2797] aux_gb[2798] aux_gb[2799] aux_gb[2800] aux_gb[2801] aux_gb[2802] aux_gb[2803] aux_gb[2804] aux_gb[2805] aux_gb[2806] aux_gb[2807] aux_gb[2808] aux_gb[2809] aux_gb[2810] aux_gb[2811] aux_gb[2812] aux_gb[2813] aux_gb[2814] aux_gb[2815] aux_gb[2816] aux_gb[2817] aux_gb[2818] aux_gb[2819] aux_gb[2820] aux_gb[2821] aux_gb[2822] aux_gb[2823] aux_gb[2824] aux_gb[2825] aux_gb[2826] aux_gb[2827] aux_gb[2828] aux_gb[2829] aux_gb[2830] aux_gb[2831] aux_gb[2832] aux_gb[2833] aux_gb[2834] aux_gb[2835] aux_gb[2836] aux_gb[2837] aux_gb[2838] aux_gb[2839] aux_gb[2840] aux_gb[2841] aux_gb[2842] aux_gb[2843] aux_gb[2844] aux_gb[2845] aux_gb[2846] aux_gb[2847] aux_gb[2848] aux_gb[2849] aux_gb[2850] aux_gb[2851] aux_gb[2852] aux_gb[2853] aux_gb[2854] aux_gb[2855] aux_gb[2856] aux_gb[2857] aux_gb[2858] aux_gb[2859] aux_gb[2860] aux_gb[2861] aux_gb[2862] aux_gb[2863] aux_gb[2864] aux_gb[2865] aux_gb[2866] aux_gb[2867] aux_gb[2868] aux_gb[2869] aux_gb[2870] aux_gb[2871] aux_gb[2872] aux_gb[2873] aux_gb[2874] aux_gb[2875] aux_gb[2876] aux_gb[2877] aux_gb[2878] aux_gb[2879] aux_gb[2880] aux_gb[2881] aux_gb[2882] aux_gb[2883] aux_gb[2884] aux_gb[2885] aux_gb[2886] aux_gb[2887] aux_gb[2888] aux_gb[2889] aux_gb[2890] aux_gb[2891] aux_gb[2892] aux_gb[2893] aux_gb[2894] aux_gb[2895] aux_gb[2896] aux_gb[2897] aux_gb[2898] aux_gb[2899] aux_gb[2900] aux_gb[2901] aux_gb[2902] aux_gb[2903] aux_gb[2904] aux_gb[2905] aux_gb[2906] aux_gb[2907] aux_gb[2908] aux_gb[2909] aux_gb[2910] aux_gb[2911] aux_gb[2912] aux_gb[2913] aux_gb[2914] aux_gb[2915] aux_gb[2916] aux_gb[2917] aux_gb[2918] aux_gb[2919] aux_gb[2920] aux_gb[2921] aux_gb[2922] aux_gb[2923] aux_gb[2924] aux_gb[2925] aux_gb[2926] aux_gb[2927] aux_gb[2928] aux_gb[2929] aux_gb[2930] aux_gb[2931] aux_gb[2932] aux_gb[2933] aux_gb[2934] aux_gb[2935] aux_gb[2936] aux_gb[2937] aux_gb[2938] aux_gb[2939] aux_gb[2940] aux_gb[2941] aux_gb[2942] aux_gb[2943] aux_gb[2944] aux_gb[2945] aux_gb[2946] aux_gb[2947] aux_gb[2948] aux_gb[2949] aux_gb[2950] aux_gb[2951] aux_gb[2952] aux_gb[2953] aux_gb[2954] aux_gb[2955] aux_gb[2956] aux_gb[2957] aux_gb[2958] aux_gb[2959] aux_gb[2960] aux_gb[2961] aux_gb[2962] aux_gb[2963] aux_gb[2964] aux_gb[2965] aux_gb[2966] aux_gb[2967] aux_gb[2968] aux_gb[2969] aux_gb[2970] aux_gb[2971] aux_gb[2972] aux_gb[2973] aux_gb[2974] aux_gb[2975] aux_gb[2976] aux_gb[2977] aux_gb[2978] aux_gb[2979] aux_gb[2980] aux_gb[2981] aux_gb[2982] aux_gb[2983] aux_gb[2984] aux_gb[2985] aux_gb[2986] aux_gb[2987] aux_gb[2988] aux_gb[2989] aux_gb[2990] aux_gb[2991] aux_gb[2992] aux_gb[2993] aux_gb[2994] aux_gb[2995] aux_gb[2996] aux_gb[2997] aux_gb[2998] aux_gb[2999] aux_gb[3000] aux_gb[3001] aux_gb[3002] aux_gb[3003] aux_gb[3004] aux_gb[3005] aux_gb[3006] aux_gb[3007] aux_gb[3008] aux_gb[3009] aux_gb[3010] aux_gb[3011] aux_gb[3012] aux_gb[3013] aux_gb[3014] aux_gb[3015] aux_gb[3016] aux_gb[3017] aux_gb[3018] aux_gb[3019] aux_gb[3020] aux_gb[3021] aux_gb[3022] aux_gb[3023] aux_gb[3024] aux_gb[3025] aux_gb[3026] aux_gb[3027] aux_gb[3028] aux_gb[3029] aux_gb[3030] aux_gb[3031] aux_gb[3032] aux_gb[3033] aux_gb[3034] aux_gb[3035] aux_gb[3036] aux_gb[3037] aux_gb[3038] aux_gb[3039] aux_gb[3040] aux_gb[3041] aux_gb[3042] aux_gb[3043] aux_gb[3044] aux_gb[3045] aux_gb[3046] aux_gb[3047] aux_gb[3048] aux_gb[3049] aux_gb[3050] aux_gb[3051] aux_gb[3052] aux_gb[3053] aux_gb[3054] aux_gb[3055] aux_gb[3056] aux_gb[3057] aux_gb[3058] aux_gb[3059] aux_gb[3060] aux_gb[3061] aux_gb[3062] aux_gb[3063] aux_gb[3064] aux_gb[3065] aux_gb[3066] aux_gb[3067] aux_gb[3068] aux_gb[3069] aux_gb[3070] aux_gb[3071] aux_gb[3072] aux_gb[3073] aux_gb[3074] aux_gb[3075] aux_gb[3076] aux_gb[3077] aux_gb[3078] aux_gb[3079] aux_gb[3080] aux_gb[3081] aux_gb[3082] aux_gb[3083] aux_gb[3084] aux_gb[3085] aux_gb[3086] aux_gb[3087] aux_gb[3088] aux_gb[3089] aux_gb[3090] aux_gb[3091] aux_gb[3092] aux_gb[3093] aux_gb[3094] aux_gb[3095] aux_gb[3096] aux_gb[3097] aux_gb[3098] aux_gb[3099] </list>
v   <values> 0 4 129 16 96 115 118 129 5760 129 137 1659 147 253 4241 657 5274 150 180 0 5760 180 180 4246 2681 5753 5239 4285 2198 4288 5752 193 190 182 5760 182 742 182 507 660 670 278 577 282 382 402 527 274 742 413 513 631 692 898 1366 1053 1281 1301 1311 834 1398 1024 1280 1300 1310 386 1366 413 1153 1173 1183 0 5760 1366 1410 1412 1428 1430 1410 0 2121 1485 2055 1690 2017 1741 2089 2026 2061 1485 1704 1540 1685 1741 2057 1976 2011 1746 1970 1935 2041 5760 2095 2393 2111 2353 2137 2880 2750 2840 0 5760 1461 1545 1530 1435 1572 1440 1450 0 5760 2393 3139 2401 2945 2975 2880 3298 2880 3120 3150 3250 3139 4302 3139 3423 3517 4247 3298 4365 3298 3518 4230 4326 4326 4731 4339 4562 4592 4693 4365 4757 4365 4585 4615 4715 2126 5760 2278 2496 2201 2402 2638 0 5760 2318 5760 3357 3573 5188 5288 5348 1550 5760 3625 3765 3795 5031 5091 3342 5760 3497 4661 4691 4971 5155 1806 5760 3001 3650 3744 3847 3907 2318 5760 3065 4773 4803 4903 4968 2318 5760 2905 3654 3704 4124 4498 0 2126 1621 2126 1803 2066 1574 1798 1575 1737 1581 1997 1581 1775 1573 2126 1835 2066 1572 2126 1575 2066 1690 2065 1775 1875 0 5760 1564 5760 2720 3834 4383 5493 1588 5760 1636 1781 1815 3377 5577 3860 5760 3948 4092 4567 5623 5687 2580 5760 2906 3010 3055 4609 5673 1684 5760 1982 2272 4417 5549 5605 1620 5760 1648 1732 1763 3099 3195 2723 5760 2764 2930 2804 2896 2755 2846 2756 2816 0 5760 744 5760 748 991 1531 3679 2284 5760 2321 2501 5139 5303 0 5760 1474 5760 2369 2469 5555 5719 1446 5760 1446 3652 4211 0 3607 2930 2846 2946 3127 2946 2846 3386 2896 3076 2968 3575 3126 3377 2846 3602 3198 3448 0 5760 4734 4757 4754 5760 4754 4974 5359 5178 5760 5204 5424 5507 0 5760 4789 5760 4997 5433 5379 5760 5396 5566 5648 0 5760 4736 5760 5055 5610 4768 5760 4780 5032 0 5760 4731 5024 4731 4892 4757 5017 4757 4917 5024 5623 5169 5523 5017 5291 5017 5197 5664 5291 201 5760 242 531 281 461 201 4119 531 2456 1304 571 691 571 661 1442 1598 1442 1568 691 811 691 761 781 786 1598 2911 1598 2571 2591 2598 0 5760 811 931 811 901 2911 3175 2919 3145 931 1131 931 1081 3270 3478 3274 3426 1131 1291 1131 1251 3478 3530 3479 1291 1440 1310 1420 4416 5273 5143 5253 1440 5760 1440 1592 5273 5760 5273 5423 4295 5760 4297 5760 4321 4351 4388 5612 4391 5760 4927 5395 5528 5591 4446 5760 4449 4698 5013 5115 4626 5760 4641 4673 4728 4812 4318 5760 4320 4350 4407 4597 4295 5760 5319 5569 5632 5697 4311 5760 4351 4415 5432 5503 4365 5760 4453 4503 4533 4658 4306 5760 4321 4355 4375 4844 4322 5760 4609 4739 5654 5740 4450 5507 4704 4867 4887 5439 4306 5760 4321 4372 5650 5720 4322 5760 4464 4514 4589 5371 4306 5760 4320 5376 5614 5692 4324 5760 4453 4511 4675 4310 5760 4357 4412 4715 4295 5760 4404 5481 5557 5600 4157 5760 4202 5760 5477 5507 5531 5623 4165 5760 4165 4185 5665 4290 5760 4453 4503 4533 4603 4197 5760 4197 4243 4791 5055 4226 5760 4290 4344 5472 4157 5760 4159 4419 5008 5088 4370 5760 4382 4441 4925 5279 4485 5760 4539 4759 4853 5502 4197 5760 4197 4217 4648 4197 5760 4325 4689 5460 5735 4197 5760 4197 4227 4247 4287 4322 5760 4325 4375 4530 4618 5058 5760 5477 5583 5613 5712 4370 5760 4709 4831 4967 5415 4446 5760 4448 4499 5649 5719 4210 5760 4217 4256 4280 4669 4157 5760 4161 4324 4375 3861 5760 4053 5760 4053 4718 5760 4964 5638 4053 5760 5077 5107 5383 5523 4192 5760 4192 4196 5587 5760 5589 5728 5756 5760 5756 3952 5760 3952 4569 4053 5760 4053 4083 4133 4267 3886 5760 3888 3906 5756 5760 5756 4053 5760 4693 5337 3925 5760 4106 4144 4276 4655 3861 5760 3861 3891 3973 4172 3952 5760 4208 5352 4053 5760 4053 4083 4103 4399 5104 5760 5137 5364 3933 5760 4197 3607 5760 3665 4295 3680 3890 3607 5760 3607 3817 3659 3861 3711 5760 182 744 354 1420 64 1461 496 1435 1485 2089 1485 2121 1550 5760 1806 5760 1571 2126 1572 2126 1556 5760 1620 5760 4 7 7 10 0 0 0 0 0 0 0 0 0 0 0 0 0 0 0 0 0 0 0 0 0 0 0 0 0 0 0 0 0 0 0 0 0 0 0 0 0 0 0 0 0 0 0 0 0 0 0 0 0 0 0 0 0 0 0 0 0 0 0 0 0 0 0 0 0 0 0 0 0 0 0 0 0 0 0 0 0 0 0 0 0 0 0 0 0 0 0 0 0 0 0 0 0 0 0 0 0 0 0 0 0 0 0 0 0 0 0 0 0 0 0 0 0 0 0 0 0 0 0 0 0 0 0 0 0 0 0 0 0 0 0 0 0 0 0 0 0 0 0 0 0 0 0 0 0 0 0 0 0 0 0 0 0 0 0 0 0 0 0 0 0 0 0 0 0 0 0 0 0 0 0 0 0 0 0 0 0 0 0 0 0 0 0 0 0 0 0 0 0 0 0 0 0 0 0 0 0 0 0 0 0 0 0 0 0 0 0 0 0 0 0 0 0 0 0 0 0 0 0 0 0 0 0 0 0 0 0 0 0 0 0 0 0 0 0 0 0 0 0 0 0 0 0 0 0 0 0 0 0 0 0 0 0 0 0 0 0 0 0 0 0 0 0 0 0 0 0 0 0 0 0 0 0 0 0 0 0 0 0 0 0 0 0 0 0 0 0 0 0 0 0 0 0 0 0 0 0 0 0 0 0 0 0 0 0 0 0 0 0 0 0 0 0 0 0 0 0 0 0 0 0 0 0 0 0 0 0 0 0 0 0 0 0 0 0 1 1 1 1 1 1 0 1 1 0 1 0 1 1 1 1 0 0 0 0 0 0 0 0 1 1 1 1 1 1 1 1 1 1 1 1 1 1 1 1 1 1 1 1 1 1 1 1 1 1 1 1 1 1 1 1 0 0 0 0 0 0 0 0 0 0 0 0 0 0 0 0 0 0 0 0 0 0 0 0 0 0 0 0 0 0 0 0 0 0 0 0 0 0 0 0 0 0 0 0 0 0 0 0 0 0 0 0 0 0 0 0 0 0 0 0 0 0 0 0 0 0 0 0 0 0 0 0 0 0 0 0 0 0 0 0 0 0 0 0 0 0 0 0 0 0 0 0 0 0 0 0 0 0 0 0 0 0 0 0 0 0 0 0 0 0 0 0 0 0 0 0 0 0 0 1 1 0 0 0 0 0 0 0 0 0 0 0 0 0 0 0 0 0 0 0 0 0 0 0 0 0 0 0 0 0 0 0 0 0 0 0 0 0 0 0 0 0 0 0 0 0 0 0 0 0 1 1 1 0 1 0 1 1 1 0 0 1 1 1 1 0 0 0 0 1 1 0 0 1 1 0 0 1 1 0 1 2 0 0 0 0 0 0 0 0 0 0 0 0 0 0 0 0 0 0 0 0 0 0 0 0 0 0 0 0 0 0 0 0 0 0 0 0 0 0 0 0 0 0 0 0 0 0 0 0 0 0 0 0 0 0 0 0 0 0 0 0 0 0 0 0 0 0 0 0 0 0 0 0 0 0 0 0 0 0 0 0 0 0 0 0 0 0 0 0 0 0 0 0 0 0 0 0 0 0 0 0 0 0 0 0 0 0 0 0 0 0 0 0 0 0 0 0 0 0 0 0 0 0 0 0 0 0 0 0 0 0 0 0 0 0 0 0 0 0 0 0 0 0 0 0 0 0 0 0 0 0 0 0 0 0 0 0 0 0 0 0 0 0 0 0 0 0 0 0 0 0 0 0 0 0 0 0 0 0 0 0 0 0 0 0 0 0 0 0 0 0 0 0 0 0 0 0 0 0 0 0 0 0 0 0 0 0 0 0 0 0 0 0 0 0 0 0 0 0 0 0 0 0 0 0 0 0 0 0 0 0 0 0 0 0 0 0 0 0 0 0 0 0 0 0 0 0 0 0 0 0 0 0 0 0 0 0 0 0 0 0 0 0 0 0 0 0 0 0 0 0 0 0 0 0 0 0 0 0 0 0 0 0 0 0 0 0 0 0 0 0 0 0 0 0 0 0 0 0 0 0 0 0 0 0 0 0 0 0 0 0 0 0 0 0 0 0 0 0 0 0 0 0 0 0 0 0 0 0 0 0 0 0 0 0 0 0 0 0 0 0 0 0 0 0 0 0 0 0 0 0 0 0 0 0 0 0 0 0 0 0 0 0 0 0 0 0 0 0 0 0 0 0 0 0 0 0 0 0 0 0 0 0 0 0 0 0 0 0 0 0 0 0 0 0 0 0 0 0 0 0 0 0 0 0 0 0 0 0 0 0 0 0 0 0 0 0 0 0 0 0 0 0 0 0 0 0 0 0 0 0 0 0 0 0 0 0 0 0 0 0 0 0 0 0 0 0 0 0 0 0 0 0 0 0 0 0 0 0 0 0 0 0 0 0 0 0 0 0 0 0 0 0 0 0 0 0 0 0 0 0 0 0 0 0 0 0 0 0 0 0 0 0 0 0 0 0 0 0 0 0 0 0 0 0 0 0 0 0 0 0 0 0 0 0 0 0 0 0 0 0 0 0 0 1 0 0 0 0 0 0 0 0 0 0 1 0 0 0 1 0 0 0 0 0 0 0 0 0 0 0 0 0 0 0 0 0 0 0 0 0 0 0 0 0 0 0 0 0 0 0 0 0 0 1 1 1 1 1 1 1 1 1 1 1 1 1 1 1 1 1 0 0 0 0 0 0 0 0 0 0 0 0 0 0 0 0 0 0 0 0 0 0 1 1 1 1 1 0 0 0 0 0 0 0 0 0 0 0 0 0 0 0 0 0 0 0 0 0 0 0 0 0 0 0 0 0 0 1 1 1 1 1 1 1 1 1 1 1 1 1 0 0 0 1 1 1 0 0 0 0 0 0 0 0 0 0 0 0 1 1 0 0 0 1 1 1 0 0 1 0 1 1 0 0 1 0 1 1 0 0 1 1 0 0 1 0 0 0 1 0 0 0 0 0 0 0 0 0 0 0 0 0 0 0 0 0 0 0 0 0 0 0 0 0 0 0 0 0 0 0 0 0 0 0 0 0 0 0 1 0 0 0 1 1 0 0 0 0 1 1 1 1 0 0 0 0 0 0 0 0 0 0 0 0 0 0 0 1 2 0 0 0 0 0 0 0 0 0 0 0 0 0 0 0 0 0 0 0 0 0 0 0 0 0 0 0 0 0 0 0 0 0 0 0 0 0 0 0 0 0 0 0 0 0 0 0 0 0 0 0 0 0 0 0 0 0 0 0 0 0 0 0 0 0 0 0 0 0 0 0 0 0 0 0 0 0 0 0 0 0 0 0 0 0 0 0 0 0 0 0 0 0 0 0 0 0 0 0 0 0 0 0 0 0 0 0 0 0 0 0 0 0 0 0 0 0 0 0 0 0 0 0 0 0 0 0 0 0 0 0 0 0 0 0 0 0 0 0 0 0 0 0 0 0 0 0 0 0 0 0 0 0 0 0 0 0 0 0 0 0 0 0 0 0 0 0 0 0 0 0 0 0 0 0 0 0 0 0 0 0 0 0 0 0 0 0 0 0 0 0 0 0 0 0 0 0 0 0 0 0 0 0 0 0 0 0 0 0 0 0 0 0 0 0 0 0 0 0 0 0 0 0 0 0 0 0 0 0 0 0 0 0 0 0 0 0 0 0 0 0 0 0 0 0 0 0 0 0 0 0 0 0 0 0 0 0 0 0 0 0 0 0 0 0 0 0 0 0 0 0 0 0 0 0 0 0 0 0 0 0 0 0 0 0 0 0 0 0 0 0 0 0 0 0 0 0 0 0 0 0 0 0 0 0 0 0 0 0 0 0 0 0 0 0 0 0 0 0 0 0 0 0 0 0 0 0 0 0 0 0 0 0 0 0 0 0 0 0 0 0 0 0 0 0 0 0 0 0 0 0 0 0 0 0 0 0 0 0 0 0 0 0 0 0 0 0 0 0 0 0 0 0 0 0 0 0 0 0 0 0 0 0 0 0 0 0 0 0 0 0 0 0 0 0 0 0 0 0 0 0 0 0 0 0 0 0 0 0 0 0 0 0 0 0 0 0 0 0 0 0 0 0 0 0 0 0 0 0 0 0 0 0 0 0 0 0 0 0 0 0 0 0 0 0 0 0 0 0 0 0 0 0 0 0 0 0 0 0 0 0 0 0 0 0 0 0 0 0 0 0 0 0 0 0 0 0 0 0 0 0 0 0 0 0 0 0 0 0 0 0 0 0 0 0 0 0 0 0 0 0 0 0 0 0 0 0 0 0 0 0 0 0 0 0 0 0 0 0 0 0 0 1 0 0 0 0 0 0 1 0 0 0 1 0 1 0 0 0 0 0 0 0 0 0 0 0 0 0 0 0 0 0 0 0 0 0 0 0 0 0 0 0 0 0 0 0 0 0 0 0 0 0 0 0 0 0 0 0 0 0 0 0 0 0 0 1 1 1 1 1 1 1 1 1 1 1 1 1 0 0 0 0 0 0 0 0 0 0 0 0 0 0 1 1 0 0 0 1 1 1 0 0 1 0 0 0 0 1 1 1 1 1 1 0 0 0 0 1 1 1 1 0 0 0 0 0 0 0 0 0 0 0 0 0 0 1 0 0 0 0 0 1 0 1 1 0 0 0 1 1 1 0 0 0 0 0 0 0 0 0 0 1 1 0 1 0 0 0 0 0 1 0 0 0 0 0 0 0 0 0 1 1 1 0 1 1 1 1 1 1 1 0 0 0 0 0 0 0 0 0 0 0 0 0 0 0 0 0 0 0 0 0 0 0 0 0 0 0 0 0 0 1 0 0 0 0 0 0 0 0 0 0 0 0 0 0 0 0 0 1 1 0 0 1 1 0 0 1 0 0 0 0 0 0 0 0 0 0 0 0 0 0 0 0 0 0 0 0 0 0 0 0 0 0 0 0 0 0 0 0 0 0 0 0 0 0 0 0 0 0 0 0 0 0 0 0 0 0 0 0 0 0 0 0 0 0 0 0 0 0 0 0 0 0 0 0 0 0 0 0 0 0 0 0 0 0 1 1 0 0 0 0 0 1 1 0 0 1 0 0 1 0 0 0 0 0 0 0 0 0 0 0 1 1 0 0 0 0 0 1 1 1 1 0 0 0 0 0 0 0 0 0 0 0 0 0 0 0 0 1 1 1 0 1 0 0 1 0 0 0 0 0 0 1 1 0 0 0 1 0 1 1 1 1 1 1 0 0 0 1 1 1 0 1 1 1 1 1 0 1 1 1 0 0 0 1 1 1 1 1 1 0 0 0 0 0 0 0 0 0 0 0 0 0 0 0 0 0 0 0 0 0 0 0 0 0 0 0 0 0 0 0 0 0 0 0 0 0 0 0 0 0 0 0 0 0 0 0 0 0 0 0 0 0 0 0 0 0 0 0 0 0 0 0 0 0 0 0 0 0 0 0 0 0 0 0 0 0 0 0 0 0 0 0 0 0 0 0 0 0 0 0 0 0 0 0 0 0 0 0 0 0 0 0 0 0 0 0 0 0 0 0 0 0 0 0 0 0 0 0 0 0 0 0 0 0 0 0 0 0 0 0 0 0 0 0 0 0 0 0 0 0 0 0 0 0 0 0 0 0 0 0 0 0 0 0 0 0 0 0 0 0 0 0 0 0 0 0 0 0 0 0 0 0 0 0 0 0 0 0 0 0 0 0 0 0 0 0 0 0 0 0 0 0 0 0 0 0 0 0 0 0 0 0 0 0 0 0 0 0 0 0 0 0 0 0 0 0 0 0 0 0 0 0 0 0 0 0 0 0 0 0 0 0 0 0 0 0 0 0 0 0 0 0 0 0 0 0 0 0 0 0 0 0 0 0 0 0 0 0 0 0 0 0 0 0 0 0 0 0 0 0 0 0 0 0 0 0 0 0 0 0 0 0 0 0 0 0 0 0 0 0 0 0 0 0 0 0 0 0 0 0 0 0 0 0 0 0 0 0 0 0 0 0 0 0 0 0 0 0 0 0 0 0 0 0 0 0 0 0 0 0 0 0 0 0 0 0 0 0 0 0 0 0 0 0 0 0 1 0 0 0 0 0 0 1 1 0 0 0 1 0 0 0 0 0 0 0 0 0 0 0 0 0 0 0 0 0 0 0 0 0 0 0 0 0 0 0 0 0 0 0 0 0 0 0 0 0 0 0 0 0 0 0 0 0 0 0 0 0 0 0 0 0 0 0 0 0 0 0 0 0 0 1 1 1 1 1 1 1 1 1 0 0 0 0 0 0 0 1 1 1 0 0 0 1 1 0 1 1 1 1 0 0 0 0 0 0 1 1 1 1 0 0 0 0 1 0 0 0 0 0 0 0 0 0 0 0 0 0 0 1 1 0 0 0 0 1 0 0 1 1 1 0 0 0 1 1 0 0 1 1 1 0 0 0 0 0 0 0 0 0 0 0 0 0 0 0 1 1 0 0 1 1 0 0 0 0 0 0 0 0 0 0 0 0 1 1 1 1 1 1 1 1 1 1 1 1 1 1 1 1 1 1 1 1 1 1 1 1 1 1 1 0 0 0 0 0 0 0 0 0 0 0 0 0 0 0 0 0 0 0 0 0 0 0 0 0 0 0 0 0 0 0 0 1 2 0 0 1 2 1 1 1 1 1 1 1 1 1 1 1 1 1 1 1 1 1 1 1 1 1 1 1 1 1 1 1 1 1 1 1 1 1 1 1 1 1 1 1 1 1 1 1 1 1 1 1 1 1 1 1 1 1 1 1 1 1 1 1 1 1 1 1 1 1 1 1 1 1 1 0 0 1 1 1 1 1 0 0 1 1 0 1 1 0 1 1 1 1 1 1 1 1 1 1 1 0 0 1 1 1 1 1 0 0 0 0 1 1 1 1 1 1 1 1 1 1 1 1 1 1 1 1 0 0 0 1 0 1 1 0 1 1 1 1 1 1 0 0 1 1 1 0 1 0 0 0 0 0 0 1 1 1 0 0 0 1 0 0 0 0 0 1 0 0 0 1 1 1 0 0 0 0 0 0 0 </values>
v </instantiation>
d OBJECTIVE_VALUE 28
d OPTIMAL 0
d OBJECTIVE_ROUNDS 4
d OBJECTIVE_IMPROVEMENTS 3
d COP_INCUMBENT_ELAPSED_MS 1734689
d SOLVE_ELAPSED_MS 1771954
d CURRENT_STAGE sat
d CURRENT_STAGE_ELAPSED_MS 37058
d LAST_COMPLETED_STAGE decode
d STAGE_PARSE_STATUS pending
d STAGE_PROPAGATE_STATUS done
d STAGE_NORMALIZE_STATUS done
d STAGE_LOWER_STATUS done
d STAGE_POST_LOWER_STATUS done
d STAGE_PREENCODE_STATUS done
d STAGE_ENCODE_STATUS done
d STAGE_SAT_STATUS running
d STAGE_DECODE_STATUS done
d STAGE_RELAXATION_STATUS pending
d STAGE_DUMP_CNF_STATUS pending
d SOURCE_CONSTRAINTS 9385
d NORMALIZED_CONSTRAINTS 9385
d LOWERED_CONSTRAINTS 9385
d UNSUPPORTED_CONSTRAINTS 0
d SAT_VARS 53591532
d SAT_CLAUSES_BASE 79954363
d SAT_CLAUSES_FINAL 79954363
d SAT_CLAUSES_CEGAR_DELTA 0
d MEMORY_RSS_BYTES 21948235776
d MEMORY_RSS_AFTER_PROPAGATE_BYTES 662327296
d MEMORY_RSS_AFTER_LOWER_BYTES 917856256
d MEMORY_RSS_AFTER_POST_LOWER_BYTES 1009221632
d MEMORY_RSS_BEFORE_PREENCODE_BYTES 1359900672
d MEMORY_RSS_AFTER_PREENCODE_BYTES 1414967296
d MEMORY_RSS_BEFORE_ENCODE_BYTES 1415139328
d MEMORY_RSS_ENCODE_SAMPLE_INTERVAL_CLAUSES 1000000
d MEMORY_RSS_ENCODE_SAMPLE_COUNT 89
d MEMORY_RSS_ENCODE_LAST_SAMPLE_CLAUSE 79954363
d MEMORY_RSS_ENCODE_LAST_SAMPLE_BYTES 21948235776
d MEMORY_RSS_ENCODE_MAX_SAMPLE_BYTES 21948235776
d CSP_INT_VARS 3879
d CSP_CONSTRAINTS 9385
d CSP_INTENTIONAL 4741
d CSP_GLOBAL 4644
d CSP_EXTENSIONAL 0
d CSP_ALLDIFF 0
d CSP_CUMULATIVE 50
d CSP_TABLE 0
d CSP_DOMAIN_SPAN_MEDIAN 1
d CSP_DOMAIN_SPAN_MAX 5760
d N_CUMULATIVE 50
d N_TABLE 0
d SAT_CONFLICTS 198735
d CUMULATIVE_EXTPROP_CONSTRAINTS 4
d CUMULATIVE_EXTPROP_OBSERVED_VARS 6987
d CUMULATIVE_EXTPROP_OBSERVED_LITS 6987
d CUMULATIVE_EXTPROP_OBSERVED_LIT_OCCURRENCES 22656
d CUMULATIVE_EXTPROP_NOTIFY_ASSIGNMENT_CALLS 2093760
d CUMULATIVE_EXTPROP_NOTIFY_ASSIGNMENT_LITS 5644701
d CUMULATIVE_EXTPROP_NOTIFY_NEW_DECISION_LEVEL_CALLS 600410062
d CUMULATIVE_EXTPROP_NOTIFY_BACKTRACK_CALLS 381030
d CUMULATIVE_EXTPROP_CB_CHECK_FOUND_MODEL_CALLS 4
d CUMULATIVE_EXTPROP_CB_CHECK_FOUND_MODEL_REJECTS 0
d CUMULATIVE_EXTPROP_CB_PROPAGATE_CALLS 1841536
d CUMULATIVE_EXTPROP_CB_PROPAGATE_CONFLICTS 151669
d CUMULATIVE_EXTPROP_PROPAGATED_LITS 0
d CUMULATIVE_EXTPROP_REASON_CLAUSES 0
d CUMULATIVE_EXTPROP_REASON_CLAUSE_LITS 0
d CUMULATIVE_EXTPROP_REASON_CLAUSE_MAX_LEN 0
d CUMULATIVE_EXTPROP_CB_HAS_EXTERNAL_CLAUSE_CALLS 600565750
d CUMULATIVE_EXTPROP_CB_ADD_EXTERNAL_CLAUSE_LIT_CALLS 16741074
d CUMULATIVE_EXTPROP_EXTERNAL_CLAUSES 151669
d CUMULATIVE_EXTPROP_EXTERNAL_CLAUSE_LITS 16589405
d CUMULATIVE_EXTPROP_EXTERNAL_CLAUSE_MAX_LEN 209
d CUMULATIVE_EXTPROP_PARTIAL_VIOLATION_CALLS 7233170
d CUMULATIVE_EXTPROP_COMPULSORY_VIOLATION_CALLS 7233168
d CUMULATIVE_EXTPROP_BOUND_PROPAGATION_CALLS 0
d CUMULATIVE_EXTPROP_BOUND_REASON_CALLS 0
d CUMULATIVE_EXTPROP_PARTIAL_SUMMARY_TASK_EVALS 728533188
d CUMULATIVE_EXTPROP_BOUND_SUMMARY_TASK_EVALS 3160894416
d CUMULATIVE_EXTPROP_BOUND_EVENT_PAIRS 0
d CUMULATIVE_EXTPROP_LOWER_BOUND_LIT_CALLS 0
d CUMULATIVE_EXTPROP_UPPER_BOUND_LIT_CALLS 0
d CUMULATIVE_EXTPROP_LOG_WITNESS_CHECKS 0
d LINEAR_INT_EQ_ARITY_STATS {"1":{"count":1760,"max_domain_product_excluding_one_var":"1","p95_domain_product_excluding_one_var":"1"},"2":{"count":437,"max_domain_product_excluding_one_var":"4","p95_domain_product_excluding_one_var":"4"},"3":{"count":2634,"max_domain_product_excluding_one_var":"5760","p95_domain_product_excluding_one_var":"5760"}}
d LINEAR_INT_NE_ARITY_STATS {}
d LINEAR_INT_GE_ARITY_STATS {"1":{"count":2208348,"max_domain_product_excluding_one_var":"1","p95_domain_product_excluding_one_var":"1"},"2":{"count":10685,"max_domain_product_excluding_one_var":"5649","p95_domain_product_excluding_one_var":"2971"}}
d LINEAR_BOOL_MIXED_ARITY_STATS {"1":{"count":11186,"max_domain_product_excluding_one_var":"1","p95_domain_product_excluding_one_var":"1"},"2":{"count":11984,"max_domain_product_excluding_one_var":"2","p95_domain_product_excluding_one_var":"2"},"3":{"count":20381,"max_domain_product_excluding_one_var":"4","p95_domain_product_excluding_one_var":"4"},"4":{"count":15063,"max_domain_product_excluding_one_var":"8","p95_domain_product_excluding_one_var":"8"},"5":{"count":10052,"max_domain_product_excluding_one_var":"16","p95_domain_product_excluding_one_var":"16"},"6":{"count":5837,"max_domain_product_excluding_one_var":"32","p95_domain_product_excluding_one_var":"32"},"7":{"count":16994,"max_domain_product_excluding_one_var":"64","p95_domain_product_excluding_one_var":"64"},"8":{"count":9128,"max_domain_product_excluding_one_var":"128","p95_domain_product_excluding_one_var":"128"},"9":{"count":12181,"max_domain_product_excluding_one_var":"256","p95_domain_product_excluding_one_var":"256"},"10":{"count":4521,"max_domain_product_excluding_one_var":"512","p95_domain_product_excluding_one_var":"512"},"11":{"count":8687,"max_domain_product_excluding_one_var":"1024","p95_domain_product_excluding_one_var":"1024"},"12":{"count":12275,"max_domain_product_excluding_one_var":"2048","p95_domain_product_excluding_one_var":"2048"},"13":{"count":13399,"max_domain_product_excluding_one_var":"4096","p95_domain_product_excluding_one_var":"4096"},"14":{"count":6164,"max_domain_product_excluding_one_var":"8192","p95_domain_product_excluding_one_var":"8192"},"15":{"count":5198,"max_domain_product_excluding_one_var":"16384","p95_domain_product_excluding_one_var":"16384"},"16":{"count":2250,"max_domain_product_excluding_one_var":"32768","p95_domain_product_excluding_one_var":"32768"},"17":{"count":7338,"max_domain_product_excluding_one_var":"65536","p95_domain_product_excluding_one_var":"65536"},"18":{"count":1032,"max_domain_product_excluding_one_var":"131072","p95_domain_product_excluding_one_var":"131072"}}
d ROOT_LP_ENTERED 0
d ROOT_LP_STATUS skipped
d ROOT_LP_MS 0
d ROOT_LP_REASON root_lp_disabled
d OBJECTIVE_CUT_TIMING incremental-soft
d OBJECTIVE_CUT_BACKEND cnf
d OBJECTIVE_CUT_FORM direct-expr
d PROPAGATE_PRUNED_VALUES 2385980
d PROPAGATE_CHANGED_DOMAINS 775
d PROPAGATE_ENTAILED_TABLES 0
d POST_LOWER_ROUNDS 863
d POST_LOWER_TIGHTENED_DOMAINS 1021
d POST_LOWER_REMOVED_CLAUSES 116590
d POST_LOWER_REMOVED_LITS 77888
d POST_LOWER_DETECTED_UNSAT 0
d PREENCODE_INT_VARS 9147
d ENCODE_EXTERNAL_GE_SPECS 0
d ENCODE_RELAXED_CIRCUITS 0
d LOG_SCOP_LINEAR_PB_CONSTRAINTS 4447838
d LOG_SCOP_LINEAR_PB_MIXED_DISPATCH_CONSTRAINTS 0
d LOG_SCOP_LINEAR_PB_MIXED_ATTEMPT_BDD 0
d LOG_SCOP_LINEAR_PB_MIXED_ATTEMPT_SORTER 0
d LOG_SCOP_LINEAR_PB_MIXED_ATTEMPT_DADDA 0
d LOG_SCOP_LINEAR_PB_MIXED_REJECT_BDD_BUDGET 0
d LOG_SCOP_LINEAR_PB_MIXED_REJECT_SORTER_BUDGET 0
d LOG_SCOP_LINEAR_PB_MIXED_FALLBACK_BDD_TO_SORTER 0
d LOG_SCOP_LINEAR_PB_MIXED_FALLBACK_BDD_TO_DADDA 0
d LOG_SCOP_LINEAR_PB_MIXED_FALLBACK_SORTER_TO_BDD 0
d LOG_SCOP_LINEAR_PB_MIXED_FALLBACK_SORTER_TO_DADDA 0
d LOG_SCOP_LINEAR_PB_BACKEND_BDD2 4447838
d LOG_SCOP_LINEAR_PB_BACKEND_BDD3 0
d LOG_SCOP_LINEAR_PB_BACKEND_SORTER 0
d LOG_SCOP_LINEAR_PB_BACKEND_DADDA 0
d LOG_SCOP_LINEAR_PB_BDD_DECOMPOSITION_RAW 4447838
d LOG_SCOP_LINEAR_PB_BDD_DECOMPOSITION_BINARY 0
d LOG_SCOP_LINEAR_PB_BDD_DECOMPOSITION_MULTIBASE 0
d MEMORY_RSS_BYTES 21948235776
d MEMORY_RSS_AFTER_PROPAGATE_BYTES 662327296
d MEMORY_RSS_AFTER_LOWER_BYTES 917856256
d MEMORY_RSS_AFTER_POST_LOWER_BYTES 1009221632
d MEMORY_RSS_BEFORE_PREENCODE_BYTES 1359900672
d MEMORY_RSS_AFTER_PREENCODE_BYTES 1414967296
d MEMORY_RSS_BEFORE_ENCODE_BYTES 1415139328
d MEMORY_RSS_ENCODE_SAMPLE_INTERVAL_CLAUSES 1000000
d MEMORY_RSS_ENCODE_SAMPLE_COUNT 89
d MEMORY_RSS_ENCODE_LAST_SAMPLE_CLAUSE 79954363
d MEMORY_RSS_ENCODE_LAST_SAMPLE_BYTES 21948235776
d MEMORY_RSS_ENCODE_MAX_SAMPLE_BYTES 21948235776
d DECODE_INT_ASSIGNMENTS 3879
d CIRCUIT_CEGAR_FAILURES 0
d CIRCUIT_CEGAR_ROUNDS 0
d CIRCUIT_CEGAR_ADDED_CLAUSES 0
d CUMULATIVE_CEGAR_FAILURES 0
d CUMULATIVE_CEGAR_ROUNDS 0
d CUMULATIVE_CEGAR_ADDED_CLAUSES 0
d COP_CEGAR_FAILURES 0
d COP_CEGAR_ROUNDS 0
d COP_CEGAR_ADDED_CLAUSES 0
d CSV /bench/competition/2022-2025/COP22to25/AircraftAssemblyLine-3-628-020-1_c24.xml.lzma,sat,9385,9385,9385,0,53591532,79954363,1771950,,,,,,,0,skipped,,,,,,0,,,,,,,timeout_signal,incumbent_interrupted_by_signal
signal=15; emitted incumbent csv row
c run_end_local: 2026-06-18 11:18:39 +0900
