# WCTIME: wall clock time in seconds
WCTIME=103.788
# CPUTIME: CPU time in seconds (USERTIME+SYSTEMTIME)
CPUTIME=103.234
# USERTIME: CPU time spent in user mode in seconds
USERTIME=98.6782
# SYSTEMTIME: CPU time spent in system mode in seconds
SYSTEMTIME=4.55564
# CPUUSAGE: CPUTIME/WCTIME in percent
CPUUSAGE=99.4661
# MAXVM: maximum virtual memory used in KiB
MAXVM=7256380
# MAXMM: maximum memory used in KiB
MAXMM=6591556
# MAXRSS: maximum Resident Segment Size in KiB
MAXRSS=6588500
# TIMEOUT: did the solver exceed the time limit?
TIMEOUT=false
# MEMOUT: did the solver exceed the memory limit?
MEMOUT=false
# EXITSTATUS: Exit status of the solver
EXITSTATUS=0
