# WCTIME: wall clock time in seconds
WCTIME=1803.6
# CPUTIME: CPU time in seconds (USERTIME+SYSTEMTIME)
CPUTIME=1772.53
# USERTIME: CPU time spent in user mode in seconds
USERTIME=1538.56
# SYSTEMTIME: CPU time spent in system mode in seconds
SYSTEMTIME=233.97
# CPUUSAGE: CPUTIME/WCTIME in percent
CPUUSAGE=98.2775
# MAXVM: maximum virtual memory used in KiB
MAXVM=108113528
# MAXMM: maximum memory used in KiB
MAXMM=103200744
# MAXRSS: maximum Resident Segment Size in KiB
MAXRSS=99494036
# TIMEOUT: did the solver exceed the time limit?
TIMEOUT=true
# MEMOUT: did the solver exceed the memory limit?
MEMOUT=false
# EXITSTATUS: Exit status of the solver
EXITSTATUS=36608
