# WCTIME: wall clock time in seconds
WCTIME=640.97
# CPUTIME: CPU time in seconds (USERTIME+SYSTEMTIME)
CPUTIME=637.708
# USERTIME: CPU time spent in user mode in seconds
USERTIME=634.193
# SYSTEMTIME: CPU time spent in system mode in seconds
SYSTEMTIME=3.51533
# CPUUSAGE: CPUTIME/WCTIME in percent
CPUUSAGE=99.4912
# MAXVM: maximum virtual memory used in KiB
MAXVM=2408560
# MAXMM: maximum memory used in KiB
MAXMM=1969376
# MAXRSS: maximum Resident Segment Size in KiB
MAXRSS=1969376
# TIMEOUT: did the solver exceed the time limit?
TIMEOUT=false
# MEMOUT: did the solver exceed the memory limit?
MEMOUT=false
# EXITSTATUS: Exit status of the solver
EXITSTATUS=0
