# WCTIME: wall clock time in seconds
WCTIME=597.759
# CPUTIME: CPU time in seconds (USERTIME+SYSTEMTIME)
CPUTIME=595.726
# USERTIME: CPU time spent in user mode in seconds
USERTIME=516.719
# SYSTEMTIME: CPU time spent in system mode in seconds
SYSTEMTIME=79.0067
# CPUUSAGE: CPUTIME/WCTIME in percent
CPUUSAGE=99.6598
# MAXVM: maximum virtual memory used in KiB
MAXVM=148853912
# MAXMM: maximum memory used in KiB
MAXMM=124585620
# MAXRSS: maximum Resident Segment Size in KiB
MAXRSS=124592896
# TIMEOUT: did the solver exceed the time limit?
TIMEOUT=false
# MEMOUT: did the solver exceed the memory limit?
MEMOUT=false
# EXITSTATUS: Exit status of the solver
EXITSTATUS=35072
