# WCTIME: wall clock time in seconds
WCTIME=1800.17
# CPUTIME: CPU time in seconds (USERTIME+SYSTEMTIME)
CPUTIME=1783.4
# USERTIME: CPU time spent in user mode in seconds
USERTIME=1777.58
# SYSTEMTIME: CPU time spent in system mode in seconds
SYSTEMTIME=5.81966
# CPUUSAGE: CPUTIME/WCTIME in percent
CPUUSAGE=99.0681
# MAXVM: maximum virtual memory used in KiB
MAXVM=864408
# MAXMM: maximum memory used in KiB
MAXMM=697380
# MAXRSS: maximum Resident Segment Size in KiB
MAXRSS=697380
# TIMEOUT: did the solver exceed the time limit?
TIMEOUT=true
# MEMOUT: did the solver exceed the memory limit?
MEMOUT=false
# EXITSTATUS: Exit status of the solver
EXITSTATUS=36608
