# WCTIME: wall clock time in seconds
WCTIME=13.1709
# CPUTIME: CPU time in seconds (USERTIME+SYSTEMTIME)
CPUTIME=13.1076
# USERTIME: CPU time spent in user mode in seconds
USERTIME=12.2638
# SYSTEMTIME: CPU time spent in system mode in seconds
SYSTEMTIME=0.843747
# CPUUSAGE: CPUTIME/WCTIME in percent
CPUUSAGE=99.5194
# MAXVM: maximum virtual memory used in KiB
MAXVM=1875520
# MAXMM: maximum memory used in KiB
MAXMM=1584900
# MAXRSS: maximum Resident Segment Size in KiB
MAXRSS=1581996
# TIMEOUT: did the solver exceed the time limit?
TIMEOUT=false
# MEMOUT: did the solver exceed the memory limit?
MEMOUT=false
# EXITSTATUS: Exit status of the solver
EXITSTATUS=0
