MiniZinc to FlatZinc converter, version 2.9.3, build 1832600886
Copyright (C) 2014-2025 Monash University, NICTA, Data61
Parsing file(s) /bench/2023/valve-network/valve-network.mzn', '/bench/2023/valve-network/horizon6.dzn' ...
processing file '/usr/local/share/minizinc/std/stdlib.mzn'
processing file '/usr/local/share/minizinc/std/stdlib/stdlib_internal.mzn'
processing file '/usr/local/share/minizinc/std/output.mzn'
processing file '/usr/local/share/minizinc/std/output/array2d_bool.mzn'
processing file '/usr/local/share/minizinc/std/output/gantt.mzn'
processing file '/usr/local/share/minizinc/std/stdlib/stdlib_random.mzn'
processing file '/usr/local/share/minizinc/std/stdlib/stdlib_debug.mzn'
processing file '/usr/local/share/minizinc/std/stdlib/stdlib_reflect.mzn'
processing file '/usr/local/share/minizinc/std/stdlib/stdlib_ite.mzn'
processing file '/usr/local/share/minizinc/std/stdlib/stdlib_language.mzn'
processing file '/usr/local/share/minizinc/std/stdlib/stdlib_sort.mzn'
processing file '/usr/local/share/minizinc/std/stdlib/stdlib_opt.mzn'
processing file '/usr/local/share/minizinc/std/stdlib/stdlib_ann.mzn'
processing file '/usr/local/share/minizinc/std/stdlib/stdlib_enum.mzn'
processing file '/usr/local/share/minizinc/std/stdlib/stdlib_string.mzn'
processing file '/usr/local/share/minizinc/std/stdlib/stdlib_set.mzn'
processing file '/usr/local/share/minizinc/std/stdlib/stdlib_logic.mzn'
processing file '/usr/local/share/minizinc/std/stdlib/stdlib_array.mzn'
processing file '/usr/local/share/minizinc/std/stdlib/stdlib_coercion.mzn'
processing file '/usr/local/share/minizinc/std/stdlib/stdlib_math.mzn'
processing file '/usr/local/share/minizinc/std/stdlib/stdlib_compare.mzn'
processing file '/usr/local/share/minizinc/std/flatzinc_builtins.mzn'
processing file '/usr/local/share/minizinc/std/solver_redefinitions.mzn'
processing file '/usr/local/share/minizinc/std/table.mzn'
processing file '/usr/local/share/minizinc/std/fzn_table_int_opt.mzn'
processing file '/usr/local/share/minizinc/std/fzn_table_int_reif.mzn'
processing file '/entry_data/mzn-lib/fzn_table_int.mzn'
processing file '/usr/local/share/minizinc/std/fzn_table_bool_reif.mzn'
processing file '/entry_data/mzn-lib/fzn_table_bool.mzn'
processing file '/usr/local/share/minizinc/std/fzn_array_set_intersect.mzn'
processing file '/usr/local/share/minizinc/std/fzn_array_set_union.mzn'
processing file '/usr/local/share/minizinc/std/fzn_array_opt_int_union.mzn'
processing file '/usr/local/share/minizinc/std/fzn_array_int_union.mzn'
processing file '/usr/local/share/minizinc/std/lex_lesseq.mzn'
processing file '/usr/local/share/minizinc/std/fzn_lex_lesseq_set_reif.mzn'
processing file '/usr/local/share/minizinc/std/fzn_lex_lesseq_set.mzn'
processing file '/usr/local/share/minizinc/std/fzn_lex_lesseq_int_reif.mzn'
processing file '/entry_data/mzn-lib/fzn_lex_lesseq_int.mzn'
processing file '/usr/local/share/minizinc/std/fzn_lex_lesseq_float_reif.mzn'
processing file '/usr/local/share/minizinc/std/fzn_lex_lesseq_float.mzn'
processing file '/usr/local/share/minizinc/std/fzn_lex_lesseq_bool_reif.mzn'
processing file '/entry_data/mzn-lib/fzn_lex_lesseq_bool.mzn'
processing file '/usr/local/share/minizinc/std/lex_less.mzn'
processing file '/usr/local/share/minizinc/std/fzn_lex_less_set_reif.mzn'
processing file '/usr/local/share/minizinc/std/fzn_lex_less_set.mzn'
processing file '/usr/local/share/minizinc/std/fzn_lex_less_int_reif.mzn'
processing file '/entry_data/mzn-lib/fzn_lex_less_int.mzn'
processing file '/usr/local/share/minizinc/std/fzn_lex_less_float_reif.mzn'
processing file '/usr/local/share/minizinc/std/fzn_lex_less_float.mzn'
processing file '/usr/local/share/minizinc/std/fzn_lex_less_bool_reif.mzn'
processing file '/entry_data/mzn-lib/fzn_lex_less_bool.mzn'
processing file '/usr/local/share/minizinc/std/fzn_if_then_else_partiality.mzn'
processing file '/usr/local/share/minizinc/std/fzn_if_then_else_var_set.mzn'
processing file '/usr/local/share/minizinc/std/fzn_if_then_else_set.mzn'
processing file '/usr/local/share/minizinc/std/fzn_if_then_else_var_opt_float.mzn'
processing file '/usr/local/share/minizinc/std/fzn_if_then_else_var_float.mzn'
processing file '/usr/local/share/minizinc/std/fzn_if_then_else_opt_float.mzn'
processing file '/usr/local/share/minizinc/std/fzn_if_then_else_float.mzn'
processing file '/usr/local/share/minizinc/std/fzn_if_then_else_var_opt_bool.mzn'
processing file '/usr/local/share/minizinc/std/fzn_if_then_else_var_bool.mzn'
processing file '/usr/local/share/minizinc/std/fzn_if_then_else_opt_bool.mzn'
processing file '/usr/local/share/minizinc/std/fzn_if_then_else_bool.mzn'
processing file '/usr/local/share/minizinc/std/fzn_if_then_else_var_opt_int.mzn'
processing file '/usr/local/share/minizinc/std/fzn_if_then_else_var_int.mzn'
processing file '/usr/local/share/minizinc/std/fzn_if_then_else_opt_int.mzn'
processing file '/usr/local/share/minizinc/std/fzn_if_then_else_int.mzn'
processing file '/usr/local/share/minizinc/std/count_fn.mzn'
processing file '/usr/local/share/minizinc/std/count_lt.mzn'
processing file '/usr/local/share/minizinc/std/fzn_count_lt_par_reif.mzn'
processing file '/usr/local/share/minizinc/std/fzn_count_lt_reif.mzn'
processing file '/usr/local/share/minizinc/std/fzn_count_lt_par.mzn'
processing file '/usr/local/share/minizinc/std/fzn_count_lt.mzn'
processing file '/usr/local/share/minizinc/std/count_gt.mzn'
processing file '/usr/local/share/minizinc/std/fzn_count_gt_reif.mzn'
processing file '/usr/local/share/minizinc/std/fzn_count_gt_par_reif.mzn'
processing file '/usr/local/share/minizinc/std/fzn_count_gt.mzn'
processing file '/usr/local/share/minizinc/std/fzn_count_gt_par.mzn'
processing file '/usr/local/share/minizinc/std/count_neq.mzn'
processing file '/usr/local/share/minizinc/std/fzn_count_neq_reif.mzn'
processing file '/usr/local/share/minizinc/std/fzn_count_neq_par_reif.mzn'
processing file '/usr/local/share/minizinc/std/fzn_count_neq.mzn'
processing file '/usr/local/share/minizinc/std/fzn_count_neq_par.mzn'
processing file '/usr/local/share/minizinc/std/count_leq.mzn'
processing file '/usr/local/share/minizinc/std/fzn_count_leq_reif.mzn'
processing file '/usr/local/share/minizinc/std/fzn_count_leq_par_reif.mzn'
processing file '/usr/local/share/minizinc/std/fzn_count_leq.mzn'
processing file '/usr/local/share/minizinc/std/fzn_count_leq_par.mzn'
processing file '/usr/local/share/minizinc/std/count_geq.mzn'
processing file '/usr/local/share/minizinc/std/fzn_count_geq_reif.mzn'
processing file '/usr/local/share/minizinc/std/fzn_count_geq_par_reif.mzn'
processing file '/usr/local/share/minizinc/std/fzn_count_geq.mzn'
processing file '/usr/local/share/minizinc/std/fzn_count_geq_par.mzn'
processing file '/usr/local/share/minizinc/std/count_eq.mzn'
processing file '/usr/local/share/minizinc/std/fzn_count_eq_par_reif.mzn'
processing file '/usr/local/share/minizinc/std/fzn_count_eq_reif.mzn'
processing file '/usr/local/share/minizinc/std/fzn_count_eq_par.mzn'
processing file '/entry_data/mzn-lib/fzn_count_eq.mzn'
processing file '/usr/local/share/minizinc/std/redefinitions-2.7.1.mzn'
processing file '/usr/local/share/minizinc/std/redefinitions-2.5.2.mzn'
processing file '/usr/local/share/minizinc/std/redefinitions-2.3.3.mzn'
processing file '/usr/local/share/minizinc/std/redefinitions-2.2.1.mzn'
processing file '/usr/local/share/minizinc/std/redefinitions-2.1.1.mzn'
processing file '/usr/local/share/minizinc/std/redefinitions-2.1.mzn'
processing file '/entry_data/mzn-lib/redefinitions-2.0.2.mzn'
processing file '/entry_data/mzn-lib/redefinitions-2.0.mzn'
processing file '/usr/local/share/minizinc/std/redefinitions.mzn'
processing file '/bench/2023/valve-network/valve-network.mzn'
processing file '/usr/local/share/minizinc/std/globals.mzn'
processing file '/usr/local/share/minizinc/std/writes_seq.mzn'
processing file '/usr/local/share/minizinc/std/fzn_writes_seq_reif.mzn'
processing file '/usr/local/share/minizinc/std/fzn_writes_seq.mzn'
processing file '/usr/local/share/minizinc/std/writes.mzn'
processing file '/usr/local/share/minizinc/std/fzn_writes_reif.mzn'
processing file '/usr/local/share/minizinc/std/fzn_writes.mzn'
processing file '/usr/local/share/minizinc/std/write.mzn'
processing file '/usr/local/share/minizinc/std/fzn_write_reif.mzn'
processing file '/usr/local/share/minizinc/std/fzn_write.mzn'
processing file '/usr/local/share/minizinc/std/weighted_spanning_tree.mzn'
processing file '/usr/local/share/minizinc/std/fzn_dwst_reif.mzn'
processing file '/usr/local/share/minizinc/std/fzn_dwst.mzn'
processing file '/usr/local/share/minizinc/std/fzn_wst_reif.mzn'
processing file '/usr/local/share/minizinc/std/fzn_wst.mzn'
processing file '/usr/local/share/minizinc/std/var_perm_sym.mzn'
processing file '/usr/local/share/minizinc/std/fzn_var_perm_sym.mzn'
processing file '/usr/local/share/minizinc/std/var_sqr_sym.mzn'
processing file '/usr/local/share/minizinc/std/fzn_var_sqr_sym.mzn'
processing file '/usr/local/share/minizinc/std/value_precede_chain.mzn'
processing file '/usr/local/share/minizinc/std/fzn_value_precede_chain_set_reif.mzn'
processing file '/usr/local/share/minizinc/std/fzn_value_precede_chain_set.mzn'
processing file '/usr/local/share/minizinc/std/fzn_value_precede_chain_int_opt.mzn'
processing file '/usr/local/share/minizinc/std/fzn_value_precede_chain_int_reif.mzn'
processing file '/entry_data/mzn-lib/fzn_value_precede_chain_int.mzn'
processing file '/usr/local/share/minizinc/std/value_precede.mzn'
processing file '/usr/local/share/minizinc/std/fzn_value_precede_set_reif.mzn'
processing file '/usr/local/share/minizinc/std/fzn_value_precede_set.mzn'
processing file '/usr/local/share/minizinc/std/fzn_value_precede_int_opt.mzn'
processing file '/usr/local/share/minizinc/std/fzn_value_precede_int_reif.mzn'
processing file '/entry_data/mzn-lib/fzn_value_precede_int.mzn'
processing file '/usr/local/share/minizinc/std/tree.mzn'
processing file '/usr/local/share/minizinc/std/fzn_dtree_enum_reif.mzn'
processing file '/usr/local/share/minizinc/std/fzn_dtree_enum.mzn'
processing file '/usr/local/share/minizinc/std/fzn_dtree_int_reif.mzn'
processing file '/usr/local/share/minizinc/std/fzn_dtree_int.mzn'
processing file '/usr/local/share/minizinc/std/fzn_tree_enum_reif.mzn'
processing file '/usr/local/share/minizinc/std/fzn_tree_enum.mzn'
processing file '/usr/local/share/minizinc/std/fzn_tree_int_reif.mzn'
processing file '/usr/local/share/minizinc/std/fzn_tree_int.mzn'
processing file '/usr/local/share/minizinc/std/symmetric_all_different.mzn'
processing file '/usr/local/share/minizinc/std/fzn_symmetric_all_different_reif.mzn'
processing file '/usr/local/share/minizinc/std/fzn_symmetric_all_different.mzn'
processing file '/usr/local/share/minizinc/std/analyse_all_different.mzn'
processing file '/usr/local/share/minizinc/std/sum_set.mzn'
processing file '/usr/local/share/minizinc/std/fzn_sum_set_reif.mzn'
processing file '/usr/local/share/minizinc/std/fzn_sum_set.mzn'
processing file '/usr/local/share/minizinc/std/sum_pred.mzn'
processing file '/usr/local/share/minizinc/std/fzn_sum_pred_reif.mzn'
processing file '/usr/local/share/minizinc/std/fzn_sum_pred.mzn'
processing file '/usr/local/share/minizinc/std/subgraph.mzn'
processing file '/usr/local/share/minizinc/std/fzn_subgraph_enum_reif.mzn'
processing file '/usr/local/share/minizinc/std/fzn_subgraph_enum.mzn'
processing file '/usr/local/share/minizinc/std/fzn_subgraph_int_reif.mzn'
processing file '/usr/local/share/minizinc/std/fzn_subgraph_int.mzn'
processing file '/usr/local/share/minizinc/std/subcircuit.mzn'
processing file '/usr/local/share/minizinc/std/fzn_subcircuit_reif.mzn'
processing file '/usr/local/share/minizinc/std/alldifferent.mzn'
processing file '/entry_data/mzn-lib/fzn_subcircuit.mzn'
processing file '/usr/local/share/minizinc/std/strict_lex2.mzn'
processing file '/usr/local/share/minizinc/std/fzn_strict_lex2_reif.mzn'
processing file '/usr/local/share/minizinc/std/fzn_strict_lex2.mzn'
processing file '/usr/local/share/minizinc/std/strictly_increasing.mzn'
processing file '/usr/local/share/minizinc/std/fzn_strictly_increasing_set_reif.mzn'
processing file '/usr/local/share/minizinc/std/fzn_strictly_increasing_set.mzn'
processing file '/usr/local/share/minizinc/std/fzn_strictly_increasing_float_opt_reif.mzn'
processing file '/usr/local/share/minizinc/std/fzn_strictly_increasing_float_reif.mzn'
processing file '/usr/local/share/minizinc/std/fzn_strictly_increasing_float_opt.mzn'
processing file '/usr/local/share/minizinc/std/fzn_strictly_increasing_float.mzn'
processing file '/usr/local/share/minizinc/std/fzn_strictly_increasing_int_opt_reif.mzn'
processing file '/usr/local/share/minizinc/std/fzn_strictly_increasing_int_reif.mzn'
processing file '/usr/local/share/minizinc/std/fzn_strictly_increasing_int_opt.mzn'
processing file '/usr/local/share/minizinc/std/fzn_strictly_increasing_int.mzn'
processing file '/usr/local/share/minizinc/std/strictly_decreasing.mzn'
processing file '/usr/local/share/minizinc/std/steiner.mzn'
processing file '/usr/local/share/minizinc/std/fzn_dsteiner_reif.mzn'
processing file '/usr/local/share/minizinc/std/fzn_dsteiner.mzn'
processing file '/usr/local/share/minizinc/std/fzn_steiner_reif.mzn'
processing file '/usr/local/share/minizinc/std/fzn_steiner.mzn'
processing file '/usr/local/share/minizinc/std/span.mzn'
processing file '/usr/local/share/minizinc/std/fzn_span_reif.mzn'
processing file '/usr/local/share/minizinc/std/fzn_span.mzn'
processing file '/usr/local/share/minizinc/std/sort_fn.mzn'
processing file '/usr/local/share/minizinc/std/sort.mzn'
processing file '/usr/local/share/minizinc/std/fzn_sort_reif.mzn'
processing file '/usr/local/share/minizinc/std/fzn_sort.mzn'
processing file '/usr/local/share/minizinc/std/sliding_sum.mzn'
processing file '/usr/local/share/minizinc/std/fzn_sliding_sum_reif.mzn'
processing file '/usr/local/share/minizinc/std/fzn_sliding_sum.mzn'
processing file '/usr/local/share/minizinc/std/seq_precede_chain.mzn'
processing file '/usr/local/share/minizinc/std/fzn_seq_precede_chain_set_reif.mzn'
processing file '/usr/local/share/minizinc/std/fzn_seq_precede_chain_set.mzn'
processing file '/usr/local/share/minizinc/std/fzn_seq_precede_chain_int_reif.mzn'
processing file '/entry_data/mzn-lib/fzn_seq_precede_chain_int.mzn'
processing file '/usr/local/share/minizinc/std/roots_fn.mzn'
processing file '/usr/local/share/minizinc/std/roots.mzn'
processing file '/usr/local/share/minizinc/std/fzn_roots_reif.mzn'
processing file '/usr/local/share/minizinc/std/fzn_roots.mzn'
processing file '/usr/local/share/minizinc/std/regular_regexp.mzn'
processing file '/usr/local/share/minizinc/std/fzn_regular_regexp.mzn'
processing file '/usr/local/share/minizinc/std/regular_nfa.mzn'
processing file '/usr/local/share/minizinc/std/fzn_regular_nfa_set_reif.mzn'
processing file '/usr/local/share/minizinc/std/fzn_regular_nfa_set.mzn'
processing file '/usr/local/share/minizinc/std/fzn_regular_nfa_reif.mzn'
processing file '/usr/local/share/minizinc/std/fzn_regular_nfa.mzn'
processing file '/usr/local/share/minizinc/std/regular.mzn'
processing file '/usr/local/share/minizinc/std/fzn_regular_set_reif.mzn'
processing file '/usr/local/share/minizinc/std/fzn_regular_set.mzn'
processing file '/usr/local/share/minizinc/std/fzn_regular_set.mzn.deprecated.mzn'
processing file '/usr/local/share/minizinc/std/fzn_regular_set.mzn.deprecated.mzn'
processing file '/usr/local/share/minizinc/std/fzn_regular_reif.mzn'
processing file '/entry_data/mzn-lib/fzn_regular.mzn'
processing file '/usr/local/share/minizinc/std/reachable.mzn'
processing file '/usr/local/share/minizinc/std/fzn_dreachable_enum_reif.mzn'
processing file '/usr/local/share/minizinc/std/fzn_dreachable_enum.mzn'
processing file '/usr/local/share/minizinc/std/fzn_dreachable_int_reif.mzn'
processing file '/usr/local/share/minizinc/std/fzn_dreachable_int.mzn'
processing file '/usr/local/share/minizinc/std/fzn_reachable_enum_reif.mzn'
processing file '/usr/local/share/minizinc/std/fzn_reachable_enum.mzn'
processing file '/usr/local/share/minizinc/std/fzn_reachable_int_reif.mzn'
processing file '/usr/local/share/minizinc/std/fzn_reachable_int.mzn'
processing file '/usr/local/share/minizinc/std/range_fn.mzn'
processing file '/usr/local/share/minizinc/std/range.mzn'
processing file '/usr/local/share/minizinc/std/fzn_range_reif.mzn'
processing file '/usr/local/share/minizinc/std/fzn_range.mzn'
processing file '/usr/local/share/minizinc/std/piecewise_linear_non_continuous.mzn'
processing file '/usr/local/share/minizinc/std/fzn_piecewise_linear_non_continuous_reif.mzn'
processing file '/usr/local/share/minizinc/std/fzn_piecewise_linear_non_continuous.mzn'
processing file '/usr/local/share/minizinc/std/piecewise_linear.mzn'
processing file '/usr/local/share/minizinc/std/fzn_piecewise_linear_reif.mzn'
processing file '/usr/local/share/minizinc/std/fzn_piecewise_linear.mzn'
processing file '/usr/local/share/minizinc/std/partition_set.mzn'
processing file '/usr/local/share/minizinc/std/fzn_partition_set_reif.mzn'
processing file '/entry_data/mzn-lib/fzn_partition_set.mzn'
processing file '/usr/local/share/minizinc/std/nvalue_fn.mzn'
processing file '/usr/local/share/minizinc/std/nvalue.mzn'
processing file '/entry_data/mzn-lib/fzn_nvalue_reif.mzn'
processing file '/entry_data/mzn-lib/fzn_nvalue.mzn'
processing file '/usr/local/share/minizinc/std/neural_net.mzn'
processing file '/usr/local/share/minizinc/std/fzn_neural_net_reif.mzn'
processing file '/usr/local/share/minizinc/std/fzn_neural_net.mzn'
processing file '/usr/local/share/minizinc/std/network_flow.mzn'
processing file '/usr/local/share/minizinc/std/fzn_network_flow_cost_reif.mzn'
processing file '/entry_data/mzn-lib/fzn_network_flow_cost.mzn'
processing file '/usr/local/share/minizinc/std/fzn_network_flow_reif.mzn'
processing file '/entry_data/mzn-lib/fzn_network_flow.mzn'
processing file '/usr/local/share/minizinc/std/minimum.mzn'
processing file '/usr/local/share/minizinc/std/member.mzn'
processing file '/usr/local/share/minizinc/std/fzn_set_member_reif.mzn'
processing file '/usr/local/share/minizinc/std/fzn_set_member.mzn'
processing file '/usr/local/share/minizinc/std/fzn_member_set_reif.mzn'
processing file '/usr/local/share/minizinc/std/fzn_member_set.mzn'
processing file '/usr/local/share/minizinc/std/fzn_member_int_reif.mzn'
processing file '/usr/local/share/minizinc/std/fzn_member_int.mzn'
processing file '/usr/local/share/minizinc/std/fzn_member_float_reif.mzn'
processing file '/usr/local/share/minizinc/std/fzn_member_float.mzn'
processing file '/usr/local/share/minizinc/std/fzn_member_bool_reif.mzn'
processing file '/usr/local/share/minizinc/std/fzn_member_bool.mzn'
processing file '/usr/local/share/minizinc/std/mdd_nondet.mzn'
processing file '/usr/local/share/minizinc/std/fzn_mdd_nondet_reif.mzn'
processing file '/usr/local/share/minizinc/std/fzn_mdd_nondet.mzn'
processing file '/usr/local/share/minizinc/std/mdd.mzn'
processing file '/usr/local/share/minizinc/std/fzn_mdd_reif.mzn'
processing file '/usr/local/share/minizinc/std/fzn_mdd.mzn'
processing file '/usr/local/share/minizinc/std/maximum.mzn'
processing file '/usr/local/share/minizinc/std/link_set_to_booleans.mzn'
processing file '/usr/local/share/minizinc/std/fzn_link_set_to_booleans_reif.mzn'
processing file '/usr/local/share/minizinc/std/fzn_link_set_to_booleans.mzn'
processing file '/usr/local/share/minizinc/std/lex2_strict.mzn'
processing file '/usr/local/share/minizinc/std/lex2.mzn'
processing file '/usr/local/share/minizinc/std/fzn_lex2_reif.mzn'
processing file '/usr/local/share/minizinc/std/fzn_lex2.mzn'
processing file '/usr/local/share/minizinc/std/lex_chain_greater.mzn'
processing file '/usr/local/share/minizinc/std/lex_chain_less.mzn'
processing file '/usr/local/share/minizinc/std/fzn_lex_chain_less_int_reif.mzn'
processing file '/usr/local/share/minizinc/std/fzn_lex_chain_less_int.mzn'
processing file '/usr/local/share/minizinc/std/fzn_lex_chain_less_bool_reif.mzn'
processing file '/usr/local/share/minizinc/std/fzn_lex_chain_less_bool.mzn'
processing file '/usr/local/share/minizinc/std/lex_chain_greatereq_orbitope.mzn'
processing file '/usr/local/share/minizinc/std/lex_chain_lesseq_orbitope.mzn'
processing file '/usr/local/share/minizinc/std/fzn_lex_chain_lesseq_orbitope_reif.mzn'
processing file '/usr/local/share/minizinc/std/fzn_lex_chain_lesseq_orbitope.mzn'
processing file '/usr/local/share/minizinc/std/lex_chain_greatereq.mzn'
processing file '/usr/local/share/minizinc/std/lex_chain_lesseq.mzn'
processing file '/usr/local/share/minizinc/std/fzn_lex_chain_lesseq_int_reif.mzn'
processing file '/usr/local/share/minizinc/std/fzn_lex_chain_lesseq_int.mzn'
processing file '/usr/local/share/minizinc/std/fzn_lex_chain_lesseq_bool_reif.mzn'
processing file '/usr/local/share/minizinc/std/fzn_lex_chain_lesseq_bool.mzn'
processing file '/usr/local/share/minizinc/std/lex_greater.mzn'
processing file '/usr/local/share/minizinc/std/lex_greatereq.mzn'
processing file '/usr/local/share/minizinc/std/knapsack.mzn'
processing file '/usr/local/share/minizinc/std/fzn_knapsack_reif.mzn'
processing file '/usr/local/share/minizinc/std/fzn_knapsack.mzn'
processing file '/usr/local/share/minizinc/std/inverse_set.mzn'
processing file '/usr/local/share/minizinc/std/fzn_inverse_set_reif.mzn'
processing file '/usr/local/share/minizinc/std/fzn_inverse_set.mzn'
processing file '/usr/local/share/minizinc/std/inverse_in_range.mzn'
processing file '/usr/local/share/minizinc/std/fzn_inverse_in_range_reif.mzn'
processing file '/usr/local/share/minizinc/std/fzn_inverse_in_range.mzn'
processing file '/usr/local/share/minizinc/std/inverse_fn.mzn'
processing file '/usr/local/share/minizinc/std/inverse.mzn'
processing file '/usr/local/share/minizinc/std/fzn_inverse_reif.mzn'
processing file '/usr/local/share/minizinc/std/fzn_inverse_opt.mzn'
processing file '/entry_data/mzn-lib/fzn_inverse.mzn'
processing file '/usr/local/share/minizinc/std/int_set_channel.mzn'
processing file '/usr/local/share/minizinc/std/fzn_int_set_channel_reif.mzn'
processing file '/usr/local/share/minizinc/std/fzn_int_set_channel.mzn'
processing file '/usr/local/share/minizinc/std/increasing.mzn'
processing file '/usr/local/share/minizinc/std/fzn_increasing_set_reif.mzn'
processing file '/usr/local/share/minizinc/std/fzn_increasing_set.mzn'
processing file '/usr/local/share/minizinc/std/fzn_increasing_int_opt_reif.mzn'
processing file '/usr/local/share/minizinc/std/fzn_increasing_int_opt.mzn'
processing file '/usr/local/share/minizinc/std/fzn_increasing_int_reif.mzn'
processing file '/usr/local/share/minizinc/std/fzn_increasing_int.mzn'
processing file '/usr/local/share/minizinc/std/fzn_increasing_float_opt_reif.mzn'
processing file '/usr/local/share/minizinc/std/fzn_increasing_float_opt.mzn'
processing file '/usr/local/share/minizinc/std/fzn_increasing_float_reif.mzn'
processing file '/usr/local/share/minizinc/std/fzn_increasing_float.mzn'
processing file '/usr/local/share/minizinc/std/fzn_increasing_bool_reif.mzn'
processing file '/usr/local/share/minizinc/std/fzn_increasing_bool.mzn'
processing file '/usr/local/share/minizinc/std/global_cardinality_low_up_closed.mzn'
processing file '/usr/local/share/minizinc/std/global_cardinality_low_up.mzn'
processing file '/usr/local/share/minizinc/std/global_cardinality_closed_fn.mzn'
processing file '/usr/local/share/minizinc/std/global_cardinality_closed.mzn'
processing file '/usr/local/share/minizinc/std/fzn_global_cardinality_low_up_closed_set.mzn'
processing file '/usr/local/share/minizinc/std/fzn_global_cardinality_low_up_closed_opt.mzn'
processing file '/usr/local/share/minizinc/std/fzn_global_cardinality_low_up_closed_reif.mzn'
processing file '/entry_data/mzn-lib/fzn_global_cardinality_low_up_closed.mzn'
processing file '/usr/local/share/minizinc/std/fzn_global_cardinality_closed_set.mzn'
processing file '/usr/local/share/minizinc/std/fzn_global_cardinality_closed_opt.mzn'
processing file '/usr/local/share/minizinc/std/fzn_global_cardinality_closed_reif.mzn'
processing file '/entry_data/mzn-lib/fzn_global_cardinality_closed.mzn'
processing file '/usr/local/share/minizinc/std/global_cardinality_fn.mzn'
processing file '/usr/local/share/minizinc/std/global_cardinality.mzn'
processing file '/usr/local/share/minizinc/std/fzn_global_cardinality_low_up_set.mzn'
processing file '/usr/local/share/minizinc/std/fzn_global_cardinality_low_up_opt.mzn'
processing file '/usr/local/share/minizinc/std/fzn_global_cardinality_low_up_reif.mzn'
processing file '/entry_data/mzn-lib/fzn_global_cardinality_low_up.mzn'
processing file '/usr/local/share/minizinc/std/fzn_global_cardinality_set.mzn'
processing file '/usr/local/share/minizinc/std/fzn_global_cardinality_opt.mzn'
processing file '/usr/local/share/minizinc/std/fzn_global_cardinality_reif.mzn'
processing file '/entry_data/mzn-lib/fzn_global_cardinality.mzn'
processing file '/usr/local/share/minizinc/std/geost.mzn'
processing file '/usr/local/share/minizinc/std/fzn_geost_nonoverlap_k_reif.mzn'
processing file '/usr/local/share/minizinc/std/fzn_geost_nonoverlap_k.mzn'
processing file '/usr/local/share/minizinc/std/fzn_geost_smallest_bb_reif.mzn'
processing file '/usr/local/share/minizinc/std/fzn_geost_smallest_bb.mzn'
processing file '/usr/local/share/minizinc/std/fzn_geost_bb_reif.mzn'
processing file '/usr/local/share/minizinc/std/fzn_geost_bb.mzn'
processing file '/usr/local/share/minizinc/std/fzn_geost_reif.mzn'
processing file '/usr/local/share/minizinc/std/fzn_geost.mzn'
processing file '/usr/local/share/minizinc/std/exactly.mzn'
processing file '/usr/local/share/minizinc/std/fzn_exactly_set_reif.mzn'
processing file '/usr/local/share/minizinc/std/fzn_exactly_set.mzn'
processing file '/usr/local/share/minizinc/std/fzn_exactly_int_reif.mzn'
processing file '/usr/local/share/minizinc/std/fzn_exactly_int.mzn'
processing file '/usr/local/share/minizinc/std/exactly.mzn.deprecated.mzn'
processing file '/usr/local/share/minizinc/std/exactly.mzn.deprecated.mzn'
processing file '/usr/local/share/minizinc/std/element.mzn'
processing file '/usr/local/share/minizinc/std/distribute_fn.mzn'
processing file '/usr/local/share/minizinc/std/distribute.mzn'
processing file '/usr/local/share/minizinc/std/fzn_distribute_reif.mzn'
processing file '/usr/local/share/minizinc/std/fzn_distribute.mzn'
processing file '/usr/local/share/minizinc/std/disjunctive_strict_opt.mzn'
processing file '/usr/local/share/minizinc/std/fzn_disjunctive_strict_opt_reif.mzn'
processing file '/entry_data/mzn-lib/fzn_disjunctive_strict_opt.mzn'
processing file '/usr/local/share/minizinc/std/disjunctive_opt.mzn'
processing file '/usr/local/share/minizinc/std/fzn_disjunctive_opt_reif.mzn'
processing file '/entry_data/mzn-lib/fzn_disjunctive_opt.mzn'
processing file '/entry_data/mzn-lib/fzn_cumulative_opt.mzn'
processing file '/usr/local/share/minizinc/std/disjunctive_strict.mzn'
processing file '/usr/local/share/minizinc/std/fzn_disjunctive_strict_reif.mzn'
processing file '/entry_data/mzn-lib/fzn_disjunctive_strict.mzn'
processing file '/usr/local/share/minizinc/std/disjunctive.mzn'
processing file '/usr/local/share/minizinc/std/fzn_disjunctive_reif.mzn'
processing file '/entry_data/mzn-lib/fzn_disjunctive.mzn'
processing file '/usr/local/share/minizinc/std/disjoint.mzn'
processing file '/usr/local/share/minizinc/std/fzn_disjoint_reif.mzn'
processing file '/entry_data/mzn-lib/fzn_disjoint.mzn'
processing file '/usr/local/share/minizinc/std/diffn_nonstrict_k.mzn'
processing file '/usr/local/share/minizinc/std/fzn_diffn_nonstrict_k_reif.mzn'
processing file '/usr/local/share/minizinc/std/fzn_diffn_nonstrict_k.mzn'
processing file '/usr/local/share/minizinc/std/diffn_k.mzn'
processing file '/usr/local/share/minizinc/std/fzn_diffn_k_reif.mzn'
processing file '/usr/local/share/minizinc/std/fzn_diffn_k.mzn'
processing file '/usr/local/share/minizinc/std/diffn_nonstrict.mzn'
processing file '/usr/local/share/minizinc/std/fzn_diffn_nonstrict_reif.mzn'
processing file '/entry_data/mzn-lib/fzn_diffn_nonstrict.mzn'
processing file '/usr/local/share/minizinc/std/diffn.mzn'
processing file '/usr/local/share/minizinc/std/fzn_diffn_reif.mzn'
processing file '/entry_data/mzn-lib/fzn_diffn.mzn'
processing file '/usr/local/share/minizinc/std/decreasing.mzn'
processing file '/usr/local/share/minizinc/std/dag.mzn'
processing file '/usr/local/share/minizinc/std/fzn_dag_reif.mzn'
processing file '/usr/local/share/minizinc/std/fzn_dag.mzn'
processing file '/usr/local/share/minizinc/std/cumulatives.mzn'
processing file '/usr/local/share/minizinc/std/fzn_cumulatives.mzn'
processing file '/usr/local/share/minizinc/std/fzn_cumulatives_decomp.mzn'
processing file '/usr/local/share/minizinc/std/cumulative_opt.mzn'
processing file '/usr/local/share/minizinc/std/fzn_cumulative_opt_reif.mzn'
processing file '/usr/local/share/minizinc/std/cumulative.mzn'
processing file '/usr/local/share/minizinc/std/fzn_cumulative_reif.mzn'
processing file '/entry_data/mzn-lib/fzn_cumulative.mzn'
processing file '/usr/local/share/minizinc/std/count.mzn'
processing file '/usr/local/share/minizinc/std/cost_regular.mzn'
processing file '/usr/local/share/minizinc/std/fzn_cost_regular_reif.mzn'
processing file '/usr/local/share/minizinc/std/fzn_cost_regular.mzn'
processing file '/usr/local/share/minizinc/std/cost_mdd.mzn'
processing file '/usr/local/share/minizinc/std/fzn_cost_mdd_reif.mzn'
processing file '/usr/local/share/minizinc/std/fzn_cost_mdd.mzn'
processing file '/usr/local/share/minizinc/std/connected.mzn'
processing file '/usr/local/share/minizinc/std/fzn_dconnected_reif.mzn'
processing file '/usr/local/share/minizinc/std/fzn_dconnected.mzn'
processing file '/usr/local/share/minizinc/std/fzn_connected_reif.mzn'
processing file '/usr/local/share/minizinc/std/fzn_connected.mzn'
processing file '/usr/local/share/minizinc/std/circuit_opt.mzn'
processing file '/usr/local/share/minizinc/std/fzn_circuit_opt_reif.mzn'
processing file '/usr/local/share/minizinc/std/fzn_circuit_opt.mzn'
processing file '/usr/local/share/minizinc/std/circuit.mzn'
processing file '/usr/local/share/minizinc/std/fzn_circuit_reif.mzn'
processing file '/entry_data/mzn-lib/fzn_circuit.mzn'
processing file '/usr/local/share/minizinc/std/bounded_path.mzn'
processing file '/usr/local/share/minizinc/std/fzn_bounded_dpath_enum_reif.mzn'
processing file '/usr/local/share/minizinc/std/path.mzn'
processing file '/usr/local/share/minizinc/std/fzn_dpath_enum_reif.mzn'
processing file '/usr/local/share/minizinc/std/fzn_dpath_enum.mzn'
processing file '/usr/local/share/minizinc/std/fzn_dpath_int_reif.mzn'
processing file '/usr/local/share/minizinc/std/fzn_dpath_int.mzn'
processing file '/usr/local/share/minizinc/std/fzn_path_enum_reif.mzn'
processing file '/usr/local/share/minizinc/std/fzn_path_enum.mzn'
processing file '/usr/local/share/minizinc/std/fzn_path_int_reif.mzn'
processing file '/usr/local/share/minizinc/std/fzn_path_int.mzn'
processing file '/usr/local/share/minizinc/std/fzn_bounded_dpath_enum.mzn'
processing file '/usr/local/share/minizinc/std/fzn_bounded_dpath_int_reif.mzn'
processing file '/usr/local/share/minizinc/std/fzn_bounded_dpath_int.mzn'
processing file '/usr/local/share/minizinc/std/fzn_bounded_path_enum_reif.mzn'
processing file '/usr/local/share/minizinc/std/fzn_bounded_path_enum.mzn'
processing file '/usr/local/share/minizinc/std/fzn_bounded_path_int_reif.mzn'
processing file '/usr/local/share/minizinc/std/fzn_bounded_path_int.mzn'
processing file '/usr/local/share/minizinc/std/bin_packing_load_fn.mzn'
processing file '/entry_data/mzn-lib/fzn_bin_packing_load.mzn'
processing file '/usr/local/share/minizinc/std/bin_packing_load.mzn'
processing file '/usr/local/share/minizinc/std/fzn_bin_packing_load_reif.mzn'
processing file '/usr/local/share/minizinc/std/bin_packing_capa.mzn'
processing file '/usr/local/share/minizinc/std/fzn_bin_packing_capa_reif.mzn'
processing file '/entry_data/mzn-lib/fzn_bin_packing_capa.mzn'
processing file '/usr/local/share/minizinc/std/bin_packing.mzn'
processing file '/usr/local/share/minizinc/std/fzn_bin_packing_reif.mzn'
processing file '/entry_data/mzn-lib/fzn_bin_packing.mzn'
processing file '/usr/local/share/minizinc/std/at_most1.mzn'
processing file '/usr/local/share/minizinc/std/fzn_at_most1_reif.mzn'
processing file '/usr/local/share/minizinc/std/fzn_at_most1.mzn'
processing file '/usr/local/share/minizinc/std/at_most.mzn'
processing file '/usr/local/share/minizinc/std/fzn_at_most_set_reif.mzn'
processing file '/usr/local/share/minizinc/std/fzn_at_most_set.mzn'
processing file '/usr/local/share/minizinc/std/fzn_at_most_int_reif.mzn'
processing file '/usr/local/share/minizinc/std/fzn_at_most_int.mzn'
processing file '/usr/local/share/minizinc/std/at_most.mzn.deprecated.mzn'
processing file '/usr/local/share/minizinc/std/at_most.mzn.deprecated.mzn'
processing file '/usr/local/share/minizinc/std/at_least.mzn'
processing file '/usr/local/share/minizinc/std/fzn_at_least_set_reif.mzn'
processing file '/usr/local/share/minizinc/std/fzn_at_least_set.mzn'
processing file '/usr/local/share/minizinc/std/fzn_at_least_int_reif.mzn'
processing file '/usr/local/share/minizinc/std/fzn_at_least_int.mzn'
processing file '/usr/local/share/minizinc/std/at_least.mzn.deprecated.mzn'
processing file '/usr/local/share/minizinc/std/at_least.mzn.deprecated.mzn'
processing file '/usr/local/share/minizinc/std/arg_val.mzn'
processing file '/usr/local/share/minizinc/std/fzn_arg_val_int_opt.mzn'
processing file '/usr/local/share/minizinc/std/fzn_arg_val_int.mzn'
processing file '/entry_data/mzn-lib/fzn_arg_max_bool.mzn'
processing file '/usr/local/share/minizinc/std/fzn_arg_val_float_opt.mzn'
processing file '/usr/local/share/minizinc/std/fzn_arg_val_float.mzn'
processing file '/usr/local/share/minizinc/std/fzn_arg_val_bool_opt.mzn'
processing file '/usr/local/share/minizinc/std/fzn_arg_val_bool.mzn'
processing file '/entry_data/mzn-lib/fzn_arg_min_bool.mzn'
processing file '/usr/local/share/minizinc/std/arg_max.mzn'
processing file '/usr/local/share/minizinc/std/fzn_arg_max_float_opt.mzn'
processing file '/usr/local/share/minizinc/std/fzn_arg_max_float.mzn'
processing file '/usr/local/share/minizinc/std/fzn_arg_max_bool_opt.mzn'
processing file '/usr/local/share/minizinc/std/fzn_arg_max_int_opt.mzn'
processing file '/entry_data/mzn-lib/fzn_arg_max_int.mzn'
processing file '/usr/local/share/minizinc/std/arg_min.mzn'
processing file '/usr/local/share/minizinc/std/fzn_arg_min_float_opt.mzn'
processing file '/usr/local/share/minizinc/std/fzn_arg_min_float.mzn'
processing file '/usr/local/share/minizinc/std/fzn_arg_min_bool_opt.mzn'
processing file '/usr/local/share/minizinc/std/fzn_arg_min_int_opt.mzn'
processing file '/entry_data/mzn-lib/fzn_arg_min_int.mzn'
processing file '/usr/local/share/minizinc/std/arg_sort.mzn'
processing file '/usr/local/share/minizinc/std/fzn_arg_sort_float.mzn'
processing file '/usr/local/share/minizinc/std/fzn_arg_sort_int.mzn'
processing file '/usr/local/share/minizinc/std/among_fn.mzn'
processing file '/usr/local/share/minizinc/std/fzn_among.mzn'
processing file '/usr/local/share/minizinc/std/among.mzn'
processing file '/usr/local/share/minizinc/std/fzn_among_reif.mzn'
processing file '/usr/local/share/minizinc/std/alternative.mzn'
processing file '/usr/local/share/minizinc/std/fzn_alternative_reif.mzn'
processing file '/usr/local/share/minizinc/std/fzn_alternative.mzn'
processing file '/usr/local/share/minizinc/std/all_equal.mzn'
processing file '/usr/local/share/minizinc/std/fzn_all_equal_set_reif.mzn'
processing file '/entry_data/mzn-lib/fzn_all_equal_set.mzn'
processing file '/usr/local/share/minizinc/std/fzn_all_equal_int_reif.mzn'
processing file '/entry_data/mzn-lib/fzn_all_equal_int.mzn'
processing file '/usr/local/share/minizinc/std/all_disjoint.mzn'
processing file '/usr/local/share/minizinc/std/fzn_all_disjoint_reif.mzn'
processing file '/entry_data/mzn-lib/fzn_all_disjoint.mzn'
processing file '/usr/local/share/minizinc/std/all_different_except_0.mzn'
processing file '/usr/local/share/minizinc/std/fzn_alldifferent_except_0_reif.mzn'
processing file '/usr/local/share/minizinc/std/fzn_alldifferent_except_reif.mzn'
processing file '/usr/local/share/minizinc/std/fzn_alldifferent_except_0.mzn'
processing file '/usr/local/share/minizinc/std/alldifferent_except.mzn'
processing file '/usr/local/share/minizinc/std/all_different_except.mzn'
processing file '/usr/local/share/minizinc/std/fzn_alldifferent_except.mzn'
processing file '/usr/local/share/minizinc/std/all_different.mzn'
processing file '/usr/local/share/minizinc/std/fzn_all_different_set_reif.mzn'
processing file '/entry_data/mzn-lib/fzn_all_different_set.mzn'
processing file '/usr/local/share/minizinc/std/fzn_all_different_int_reif.mzn'
processing file '/usr/local/share/minizinc/std/fzn_all_different_int_opt.mzn'
processing file '/usr/local/share/minizinc/std/alldifferent_except_0.mzn'
processing file '/entry_data/mzn-lib/fzn_all_different_int.mzn'
processing data file '/bench/2023/valve-network/horizon6.dzn'
 done parsing (0.37 s)
Flattening ...
	CompilePass: Flatten with '/entry_data/mzn-lib' library ...
MIP domains ...
 done (0.25 s)
Optimizing ... done (0.25 s)
Warning: Implicit coercion of enums to integers is deprecated and will be removed in a future version.
Use the explicit coercion function enum2int instead.
/bench/2023/valve-network/valve-network.mzn:87.6-17

Warning: Implicit coercion of enums to integers is deprecated and will be removed in a future version.
Use the explicit coercion function enum2int instead.
/bench/2023/valve-network/valve-network.mzn:87.20-33

Converting to old FlatZinc ... done (0.26 s)
 done (0.26 s)
 done (0.64 s), max stack depth 24
Maximum memory 16 Mbytes.
      % SOLVING PHASE
FZN solver plugin, compiled  May 23 2025  06:18:37
Using FZN solver /entry_data/fzn-exec for solving, parameters: -p 14 -v 
%% File /tmp/mznfileUSLBIG.fzn parsed in 58 ms
%% Model mznfileUSLBIG
%%   - boolean variables:2890
%%   - integer variables:156
%%   - set variables:8
%%   - array_bool_and: 590
%%   - array_set_element: 8
%%   - bool2int: 75
%%   - bool_clause: 4960
%%   - bool_eq_reif: 232
%%   - int_eq_reif: 598
%%   - int_lin_eq: 1
%%   - ortools_array_var_bool_element: 10
%%   - set_in_reif: 10
%%   - Maximization problem
%%   - #var_op_value_reif cached: 0
%%   - #var_op_var_reif cached: 0
%%   - #var_op_var_imp cached: 0
%%   - #full domain encodings: 20
%% Starting CP-SAT solver v9.15.9999
%% Parameters: log_search_progress: true log_to_stdout: false max_domain_size_when_encoding_eq_neq_constraints: 32 num_workers: 14
%% Initial optimization model 'mznfileUSLBIG': (model_fingerprint: 0x9cb8f956df393bc0)
%% Search strategy: on 20 variables, CHOOSE_FIRST, SELECT_MAX_VALUE
%% #Variables: 3'510 (#ints: 1 in objective) (3'424 primary variables)
%%   - 3'429 Booleans in [0,1]
%%   - 1 in [0,1182]
%%   - 10 in [1,2]
%%   - 10 in [1,58]
%%   - 60 constants in {0,7} 
%% #kBoolAnd: 1'170 (#enforced: 1'170) (#literals: 2'920)
%% #kBoolAndClauses: 1'508 (#enforced: 1'508 #multi: 1'508) (#literals: 4'524)
%% #kBoolOr: 4'970 (#enforced: 10) (#literals: 12'830)
%% #kElement: 10
%% #kLinear1: 2'100 (#enforced: 2'100)
%% #kLinear2: 565 (#enforced: 480) (#complex_domain: 8)
%% #kLinearN: 1 (#terms: 76)
%% Starting presolve at 0.01s
%%   1.63e-03s  0.00e+00d  [DetectDominanceRelations] 
%%   2.77e-02s  0.00e+00d  [PresolveToFixPoint] #num_loops=2 #num_dual_strengthening=1 
%%   3.65e-05s  0.00e+00d  [ExtractEncodingFromLinear] 
%%   4.36e-04s  0.00e+00d  [DetectDuplicateColumns] 
%%   3.83e-04s  0.00e+00d  [DetectDuplicateConstraints] 
%% [Symmetry] Graph for symmetry has 16'928 nodes and 35'880 arcs.
%% [Symmetry] Symmetry computation done. time: 0.0113608 dtime: 0.0107338
%% [Symmetry] #generators: 1, average support size: 2262
%% [Symmetry] 1131 orbits on 2262 variables with sizes: 2,2,2,2,2,2,2,2,2,2,...
%% [SAT presolve] num removable Booleans: 2'008 / 3'354
%% [SAT presolve] num trivial clauses: 0
%% [SAT presolve] [0s] clauses:9'172 literals:23'680 vars:3'354 one_side_vars:18 simple_definition:748 singleton_clauses:0
%% [SAT presolve] [0.000731908s] clauses:9'172 literals:23'676 vars:3'354 one_side_vars:18 simple_definition:748 singleton_clauses:0
%% [SAT presolve] [0.00543474s] clauses:3'182 literals:9'495 vars:1'605 one_side_vars:22 simple_definition:626 singleton_clauses:0
%%   3.85e-04s  0.00e+00d  [DetectDuplicateConstraintsWithDifferentEnforcements] #without_enforcements=176 
%%   6.63e-02s  5.14e-02d  [Probe] #probed=8'170 #fixed_bools=948 #new_bounds=10 #equiv=103 #new_binary_clauses=19'620 
%%   1.47e-04s  1.57e-05d  [MaxClique] 
%%   8.14e-04s  0.00e+00d  [DetectDominanceRelations] 
%%   1.14e-02s  0.00e+00d  [PresolveToFixPoint] #num_loops=3 #num_dual_strengthening=2 
%%   2.50e-04s  0.00e+00d  [ProcessAtMostOneAndLinear] 
%%   1.82e-04s  0.00e+00d  [DetectDuplicateConstraints] #duplicates=150 
%%   1.32e-04s  0.00e+00d  [DetectDuplicateConstraintsWithDifferentEnforcements] 
%%   4.84e-05s  0.00e+00d  [DetectDominatedLinearConstraints] 
%%   4.76e-05s  0.00e+00d  [DetectDifferentVariables] 
%%   6.43e-04s  2.01e-05d  [ProcessSetPPC] #relevant_constraints=1'615 #num_inclusions=6 
%%   6.12e-04s  3.16e-05d  [TransformClausesToExactlyOne] #num_amos=86 #num_clauses=1'583 #num_checked=1'583 
%%   1.02e-03s  0.00e+00d  [DetectEncodedComplexDomains] 
%%   8.65e-05s  0.00e+00d  [FindAlmostIdenticalLinearConstraints] 
%%   1.11e-04s  2.21e-05d  [FindBigAtMostOneAndLinearOverlap] 
%%   1.48e-04s  3.15e-05d  [FindBigVerticalLinearOverlap] 
%%   5.89e-05s  0.00e+00d  [FindBigHorizontalLinearOverlap] 
%%   5.11e-04s  2.37e-05d  [MergeClauses] #num_collisions=300 #num_merges=300 #num_saved_literals=600 
%%   7.96e-04s  0.00e+00d  [DetectDominanceRelations] 
%%   4.50e-03s  0.00e+00d  [PresolveToFixPoint] #num_loops=1 #num_dual_strengthening=1 
%%   7.94e-04s  0.00e+00d  [DetectDominanceRelations] 
%%   4.19e-03s  0.00e+00d  [PresolveToFixPoint] #num_loops=1 #num_dual_strengthening=1 
%%   1.18e-04s  0.00e+00d  [DetectDuplicateColumns] 
%%   1.28e-04s  0.00e+00d  [DetectDuplicateConstraints] 
%% [Symmetry] Graph for symmetry has 6'018 nodes and 6'170 arcs.
%% [Symmetry] Symmetry computation done. time: 0.00103288 dtime: 0.00107031
%% [SAT presolve] num removable Booleans: 178 / 520
%% [SAT presolve] num trivial clauses: 0
%% [SAT presolve] [0s] clauses:1'669 literals:4'921 vars:520 one_side_vars:8 simple_definition:96 singleton_clauses:0
%% [SAT presolve] [0.000190308s] clauses:1'665 literals:4'909 vars:520 one_side_vars:8 simple_definition:96 singleton_clauses:0
%% [SAT presolve] [0.000320559s] clauses:1'657 literals:4'888 vars:519 one_side_vars:8 simple_definition:108 singleton_clauses:0
%%   1.68e-04s  0.00e+00d  [DetectDuplicateConstraintsWithDifferentEnforcements] #without_enforcements=4 
%%   1.61e-02s  7.95e-03d  [Probe] #probed=5'622 #fixed_bools=11 #new_bounds=2 #new_binary_clauses=5'910 
%%   2.59e-04s  1.70e-04d  [MaxClique] Merged 84 constraints with 168 literals into 60 constraints with 144 literals
%%   7.72e-04s  0.00e+00d  [DetectDominanceRelations] 
%%   5.26e-03s  0.00e+00d  [PresolveToFixPoint] #num_loops=3 #num_dual_strengthening=2 
%%   2.63e-04s  0.00e+00d  [ProcessAtMostOneAndLinear] 
%%   1.19e-04s  0.00e+00d  [DetectDuplicateConstraints] 
%%   1.19e-04s  0.00e+00d  [DetectDuplicateConstraintsWithDifferentEnforcements] 
%%   5.70e-05s  0.00e+00d  [DetectDominatedLinearConstraints] 
%%   5.62e-05s  0.00e+00d  [DetectDifferentVariables] 
%%   6.21e-04s  1.93e-05d  [ProcessSetPPC] #relevant_constraints=1'570 #num_inclusions=2 
%%   6.04e-04s  3.12e-05d  [TransformClausesToExactlyOne] #num_amos=68 #num_clauses=1'516 #num_checked=1'516 
%%   1.01e-03s  0.00e+00d  [DetectEncodedComplexDomains] 
%%   9.97e-05s  0.00e+00d  [FindAlmostIdenticalLinearConstraints] 
%%   1.12e-04s  2.35e-05d  [FindBigAtMostOneAndLinearOverlap] 
%%   1.41e-04s  3.02e-05d  [FindBigVerticalLinearOverlap] 
%%   7.02e-05s  0.00e+00d  [FindBigHorizontalLinearOverlap] 
%%   4.84e-04s  2.27e-05d  [MergeClauses] #num_collisions=284 #num_merges=284 #num_saved_literals=568 
%%   7.79e-04s  0.00e+00d  [DetectDominanceRelations] 
%%   4.39e-03s  0.00e+00d  [PresolveToFixPoint] #num_loops=1 #num_dual_strengthening=1 
%%   7.78e-04s  0.00e+00d  [DetectDominanceRelations] 
%%   4.12e-03s  0.00e+00d  [PresolveToFixPoint] #num_loops=1 #num_dual_strengthening=1 
%%   1.24e-04s  0.00e+00d  [DetectDuplicateColumns] 
%%   1.21e-04s  0.00e+00d  [DetectDuplicateConstraints] 
%% [Symmetry] Graph for symmetry has 5'939 nodes and 5'928 arcs.
%% [Symmetry] Symmetry computation done. time: 0.000986607 dtime: 0.0010355
%% [SAT presolve] num removable Booleans: 166 / 507
%% [SAT presolve] num trivial clauses: 0
%% [SAT presolve] [0s] clauses:1'574 literals:4'665 vars:507 one_side_vars:8 simple_definition:106 singleton_clauses:0
%% [SAT presolve] [0.000178533s] clauses:1'574 literals:4'665 vars:507 one_side_vars:8 simple_definition:106 singleton_clauses:0
%% [SAT presolve] [0.000286008s] clauses:1'574 literals:4'665 vars:507 one_side_vars:8 simple_definition:106 singleton_clauses:0
%%   3.11e-04s  0.00e+00d  [DetectDuplicateConstraintsWithDifferentEnforcements] 
%%   1.60e-02s  7.66e-03d  [Probe] #probed=5'590 #new_binary_clauses=5'890 
%%   2.78e-04s  2.20e-04d  [MaxClique] Merged 68 constraints with 152 literals into 56 constraints with 140 literals
%%   7.90e-04s  0.00e+00d  [DetectDominanceRelations] 
%%   4.31e-03s  0.00e+00d  [PresolveToFixPoint] #num_loops=1 #num_dual_strengthening=1 
%%   2.76e-04s  0.00e+00d  [ProcessAtMostOneAndLinear] 
%%   1.32e-04s  0.00e+00d  [DetectDuplicateConstraints] 
%%   1.31e-04s  0.00e+00d  [DetectDuplicateConstraintsWithDifferentEnforcements] 
%%   6.75e-05s  0.00e+00d  [DetectDominatedLinearConstraints] 
%%   6.66e-05s  0.00e+00d  [DetectDifferentVariables] 
%%   6.20e-04s  1.93e-05d  [ProcessSetPPC] #relevant_constraints=1'574 
%%   6.10e-04s  3.13e-05d  [TransformClausesToExactlyOne] #num_amos=56 #num_clauses=1'516 #num_checked=1'516 
%%   1.01e-03s  0.00e+00d  [DetectEncodedComplexDomains] 
%%   1.05e-04s  0.00e+00d  [FindAlmostIdenticalLinearConstraints] 
%%   1.17e-04s  2.30e-05d  [FindBigAtMostOneAndLinearOverlap] 
%%   1.40e-04s  3.02e-05d  [FindBigVerticalLinearOverlap] 
%%   8.26e-05s  0.00e+00d  [FindBigHorizontalLinearOverlap] 
%%   4.95e-04s  2.27e-05d  [MergeClauses] #num_collisions=287 #num_merges=287 #num_saved_literals=574 
%%   8.02e-04s  0.00e+00d  [DetectDominanceRelations] 
%%   4.45e-03s  0.00e+00d  [PresolveToFixPoint] #num_loops=1 #num_dual_strengthening=1 
%%   5.79e-05s  0.00e+00d  [MergeNoOverlap] 
%%   5.32e-05s  0.00e+00d  [MergeNoOverlap2D] 
%%   2.18e-04s  0.00e+00d  [ExpandObjective] #entries=60 #tight_variables=12 #tight_constraints=2 
%% Presolve summary:
%%   - 232 affine relations were detected.
%%   - rule 'TODO dual: make linear1 equiv' was applied 20 times.
%%   - rule 'TODO dual: only one blocking constraint?' was applied 300 times.
%%   - rule 'TODO dual: only one blocking enforced constraint?' was applied 68 times.
%%   - rule 'TODO linear2: convert ax + by != cte to clauses for large domains' was applied 144 times.
%%   - rule 'affine: new relation' was applied 232 times.
%%   - rule 'at_most_one: removed literals' was applied 8 times.
%%   - rule 'at_most_one: satisfied' was applied 12 times.
%%   - rule 'at_most_one: size one' was applied 8 times.
%%   - rule 'at_most_one: transformed into max clique' was applied 2 times.
%%   - rule 'bool_and: x => x' was applied 34 times.
%%   - rule 'bool_or: always true' was applied 1'787 times.
%%   - rule 'bool_or: implications' was applied 3'032 times.
%%   - rule 'bool_or: removed enforcement literal' was applied 1'392 times.
%%   - rule 'deductions: 2102 stored' was applied 1 time.
%%   - rule 'dual: enforced equivalence' was applied 34 times.
%%   - rule 'dual: fix variable' was applied 1 time.
%%   - rule 'duplicate: removed constraint' was applied 150 times.
%%   - rule 'duplicate: removed enforced constraint' was applied 176 times.
%%   - rule 'element: expanded' was applied 10 times.
%%   - rule 'enforcement: false literal' was applied 1'003 times.
%%   - rule 'enforcement: true literal' was applied 636 times.
%%   - rule 'linear1: transformed to implication' was applied 16 times.
%%   - rule 'linear2: convert ax + by != cte to clauses' was applied 2 times.
%%   - rule 'linear2: convert implied ax + by == cte to clauses' was applied 680 times.
%%   - rule 'linear: always true' was applied 644 times.
%%   - rule 'linear: expanded complex rhs' was applied 6 times.
%%   - rule 'linear: remapped using affine relations' was applied 21 times.
%%   - rule 'linear: simplified rhs' was applied 1'410 times.
%%   - rule 'linear: variable substitution 0' was applied 1 time.
%%   - rule 'new_bool: complex linear expansion' was applied 12 times.
%%   - rule 'new_bool: var with 2 values' was applied 10 times.
%%   - rule 'presolve: 1020 unused variables removed.' was applied 1 time.
%%   - rule 'presolve: iteration' was applied 3 times.
%%   - rule 'probing: bool_or reduced to implication' was applied 1'525 times.
%%   - rule 'setppc: bool_or in at_most_one' was applied 2 times.
%%   - rule 'setppc: removed dominated constraints' was applied 2 times.
%%   - rule 'variables with 2 values: create encoding literal' was applied 10 times.
%%   - rule 'variables with 2 values: new affine relation' was applied 10 times.
%%   - rule 'variables: detect fully reified value encoding' was applied 580 times.
%%   - rule 'variables: detect half reified value encoding' was applied 1'160 times.
%%   - rule 'variables: only used in value and order encodings' was applied 2 times.
%% Presolved optimization model 'mznfileUSLBIG': (model_fingerprint: 0x85974d5082f5630f)
%% Search strategy: on 18 variables, CHOOSE_FIRST, SELECT_MAX_VALUE
%% #Variables: 527 (#bools: 21 in objective) (525 primary variables)
%%   - 519 Booleans in [0,1]
%%   - 2 in [1][3,4][6,8][11,16][19,20][22][24][26][28,29][31][35][37,38][40,42][44,45][48,52][54,56]
%%   - 2 in [3,4][7][11][14][16][20][22][24][28,29][31][35][37,38][40][42][44][49][54][56]
%%   - 2 in [3,4][7,8][11,16][20][22][24][28,29][31][35][37,38][40][42][44,45][48,49][52][54,56]
%%   - 2 in [7][16][24][29][31][35][38][44][49][54][56]
%% #kAtMostOne: 10 (#literals: 48)
%% #kBoolAnd: 42 (#enforced: 42) (#literals: 88)
%% #kBoolAndClauses: 284 (#enforced: 284 #multi: 284) (#literals: 1'139)
%% #kBoolOr: 951 (#literals: 2'854)
%% #kExactlyOne: 2 (#literals: 12)
%% #kLinear1: 584 (#enforced: 584)
%% #kLinear2: 18 (#enforced: 18)
%% [Symmetry] Graph for symmetry has 2'955 nodes and 5'946 arcs.
%% [Symmetry] Symmetry computation done. time: 0.000816225 dtime: 0.0008595
%% Preloading model.
%% #Bound   0.27s best:-inf  next:[-0,151]   initial_domain
%% #Model   0.27s var:527/527 constraints:1891/1891
%% Starting search at 0.27s with 14 workers.
%% 10 full problem subsolvers: [core, default_lp, fixed, lb_tree_search, max_lp, no_lp, pseudo_costs, quick_restart, quick_restart_no_lp, reduced_costs]
%% 4 first solution subsolvers: [fj(2), fs_random, fs_random_no_lp]
%% 10 interleaved subsolvers: [feasibility_pump, graph_arc_lns, graph_cst_lns, graph_dec_lns, graph_var_lns, ls, ls_lin, rins/rens, rnd_cst_lns, rnd_var_lns]
%% 3 helper subsolvers: [neighborhood_helper, synchronization_agent, update_gap_integral]
%% #1       0.28s best:-0    next:[1,151]    fj_restart(batch:1 lin{mvs:1'208 evals:1'567} #w_updates:590 #perturb:0)
%% #Bound   0.29s best:-0    next:[1,137]    default_lp
%% #Bound   0.29s best:-0    next:[1,136]    bool_core (num_cores=1 [size:1 mw:15] a=20 d=0 fixed=1/823 clauses=1'902)
%% #Bound   0.29s best:-0    next:[1,122]    quick_restart_no_lp
%% #2       0.29s best:4     next:[5,122]    quick_restart
%% #Model   0.29s var:525/527 constraints:1880/1891
%% #Bound   0.29s best:4     next:[5,118]    quick_restart_no_lp
%% #Model   0.30s var:524/527 constraints:1874/1891
%% #3       0.30s best:5     next:[6,118]    graph_var_lns (d=5.00e-01 s=17 t=0.10 p=0.00 stall=0 h=base)
%% #Bound   0.30s best:5     next:[6,109]    pseudo_costs
%% #Model   0.30s var:519/527 constraints:1848/1891
%% #Model   0.32s var:515/527 constraints:1824/1891
%% #Bound   0.32s best:5     next:[6,101]    quick_restart_no_lp
%% #Bound   0.32s best:5     next:[6,96]     no_lp
%% #4       0.32s best:9     next:[10,96]    ls_restart(batch:1 lin{mvs:7'874 evals:4'540} #w_updates:6'378 #perturb:0)
%% #Bound   0.32s best:9     next:[10,83]    no_lp
%% #Bound   0.32s best:9     next:[10,80]    no_lp
%% #Model   0.32s var:499/527 constraints:1728/1891
%% #Model   0.32s var:497/527 constraints:1717/1891
%% #Bound   0.33s best:9     next:[10,75]    max_lp
%% #5       0.33s best:13    next:[14,75]    graph_var_lns (d=7.07e-01 s=27 t=0.10 p=1.00 stall=0 h=base)
%% #6       0.34s best:18    next:[19,75]    ls_restart_perturb(batch:1 lin{mvs:4'096 evals:1'785} #w_updates:3'318 #perturb:0)
%% #Bound   0.35s best:18    next:[19,74]    max_lp
%% #7       0.36s best:30    next:[31,74]    no_lp
%% #8       0.36s best:33    next:[34,74]    default_lp
%% #9       0.36s best:34    next:[35,74]    default_lp
%% #Bound   0.36s best:34    next:[35,72]    bool_core (num_cores=2 [size:3 mw:8 d:2] a=13 d=2 fixed=30/824 clauses=1'506)
%% #Bound   0.37s best:34    next:[35,65]    bool_core (num_cores=3 [size:2 mw:7 d:3] a=13 d=3 fixed=31/826 clauses=1'509)
%% #Bound   0.37s best:34    next:[35,60]    bool_core (num_cores=4 [size:2 mw:5 d:4] a=13 d=4 fixed=33/828 clauses=1'511)
%% #Bound   0.37s best:34    next:[35,57]    default_lp
%% #Bound   0.37s best:34    next:[35,55]    bool_core (num_cores=5 [size:3 mw:5 d:5] a=12 d=5 fixed=33/831 clauses=1'526)
%% #Bound   0.37s best:34    next:[35,52]    bool_core (num_cores=5 [size:3 mw:5 d:5] a=12 d=5 fixed=38/834 clauses=1'532)
%% #Bound   0.37s best:34    next:[35,47]    bool_core (num_cores=6 [size:1 mw:5] a=12 d=5 fixed=41/834 clauses=1'542)
%% #Model   0.37s var:492/527 constraints:1698/1891
%% #Bound   0.37s best:34    next:[35,40]    quick_restart_no_lp
%% #Done    0.37s default_lp
%% #Done    0.37s no_lp
%% Task timing                      n [     min,      max]      avg      dev     time         n [     min,      max]      avg      dev    dtime
%%                  'core':         1 [ 99.13ms,  99.13ms]  99.13ms   0.00ns  99.13ms         2 [  8.77ms,  67.78ms]  38.27ms  29.50ms  76.55ms
%%            'default_lp':         1 [ 98.38ms,  98.38ms]  98.38ms   0.00ns  98.38ms         2 [  8.77ms,  68.18ms]  38.47ms  29.70ms  76.95ms
%%      'feasibility_pump':         1 [  3.30ms,   3.30ms]   3.30ms   0.00ns   3.30ms         0 [  0.00ns,   0.00ns]   0.00ns   0.00ns   0.00ns
%%                 'fixed':         1 [102.30ms, 102.30ms] 102.30ms   0.00ns 102.30ms         2 [  8.77ms,  68.91ms]  38.84ms  30.07ms  77.69ms
%%                    'fj':         1 [  2.53ms,   2.53ms]   2.53ms   0.00ns   2.53ms         1 [813.75us, 813.75us] 813.75us   0.00ns 813.75us
%%                    'fj':         1 [  5.12ms,   5.12ms]   5.12ms   0.00ns   5.12ms         1 [  3.73ms,   3.73ms]   3.73ms   0.00ns   3.73ms
%%             'fs_random':         1 [  6.60ms,   6.60ms]   6.60ms   0.00ns   6.60ms         1 [  1.63ms,   1.63ms]   1.63ms   0.00ns   1.63ms
%%       'fs_random_no_lp':         1 [  6.07ms,   6.07ms]   6.07ms   0.00ns   6.07ms         1 [ 37.59us,  37.59us]  37.59us   0.00ns  37.59us
%%         'graph_arc_lns':         4 [  2.57ms,  13.32ms]   6.30ms   4.26ms  25.22ms         4 [ 10.00ns, 118.96us]  33.46us  49.73us 133.85us
%%         'graph_cst_lns':         4 [  2.74ms,  15.84ms]   8.48ms   5.36ms  33.92ms         4 [ 10.00ns, 150.80us]  45.29us  62.16us 181.15us
%%         'graph_dec_lns':         4 [  1.98ms,  10.15ms]   4.99ms   3.09ms  19.95ms         3 [ 10.00ns,  10.00ns]  10.00ns   0.00ns  30.00ns
%%         'graph_var_lns':         4 [  1.34ms,  36.50ms]  21.94ms  13.69ms  87.76ms         3 [134.47us, 341.62us] 210.27us  93.25us 630.81us
%%        'lb_tree_search':         1 [ 99.17ms,  99.17ms]  99.17ms   0.00ns  99.17ms         2 [  9.25ms,  22.38ms]  15.82ms   6.57ms  31.63ms
%%                    'ls':         4 [  7.31ms,  16.20ms]  10.84ms   3.57ms  43.37ms         4 [  5.51ms,  16.06ms]   9.17ms   4.07ms  36.67ms
%%                'ls_lin':         1 [ 82.78ms,  82.78ms]  82.78ms   0.00ns  82.78ms         1 [ 90.92ms,  90.92ms]  90.92ms   0.00ns  90.92ms
%%                'max_lp':         1 [ 99.27ms,  99.27ms]  99.27ms   0.00ns  99.27ms         2 [ 21.99ms,  22.43ms]  22.21ms 222.34us  44.42ms
%%                 'no_lp':         1 [ 98.77ms,  98.77ms]  98.77ms   0.00ns  98.77ms         2 [  8.77ms,  68.18ms]  38.47ms  29.70ms  76.95ms
%%          'pseudo_costs':         1 [ 99.07ms,  99.07ms]  99.07ms   0.00ns  99.07ms         2 [ 10.00ms,  49.28ms]  29.64ms  19.64ms  59.27ms
%%         'quick_restart':         1 [ 98.58ms,  98.58ms]  98.58ms   0.00ns  98.58ms         2 [  8.77ms,  67.44ms]  38.10ms  29.33ms  76.21ms
%%   'quick_restart_no_lp':         1 [ 98.44ms,  98.44ms]  98.44ms   0.00ns  98.44ms         2 [  8.77ms,  67.90ms]  38.34ms  29.56ms  76.67ms
%%         'reduced_costs':         1 [101.02ms, 101.02ms] 101.02ms   0.00ns 101.02ms         2 [ 10.13ms,  49.81ms]  29.97ms  19.84ms  59.94ms
%%             'rins/rens':         0 [  0.00ns,   0.00ns]   0.00ns   0.00ns   0.00ns         0 [  0.00ns,   0.00ns]   0.00ns   0.00ns   0.00ns
%%           'rnd_cst_lns':         4 [  3.30ms,  10.92ms]   6.65ms   3.35ms  26.61ms         4 [ 10.00ns,  34.86us]  15.06us  15.38us  60.24us
%%           'rnd_var_lns':         4 [  2.39ms,  12.37ms]   7.00ms   3.96ms  27.98ms         4 [ 10.00ns,  56.11us]  18.51us  22.91us  74.04us
%% 
%% Search stats              Bools  Conflicts  Branches  Restarts  BacktrackToRoot  Backtrack  BoolPropag  IntegerPropag
%%                  'core':    836        153     9'332         1            4'389      6'572     483'438         22'680
%%            'default_lp':    823        255     9'052         3            4'347      6'631     487'413         23'212
%%                 'fixed':    823        378     9'822         0            4'236      6'596     467'708         24'612
%%             'fs_random':    823          0       498         0              498        498       6'515            425
%%       'fs_random_no_lp':    823          0        84         0               84         84           0             10
%%        'lb_tree_search':    823          0     1'655         0            1'647      1'647      44'094         26'574
%%                'max_lp':    823          0     4'298         0            2'474      3'701     112'506         69'241
%%                 'no_lp':    823        255     9'052         3            4'347      6'631     487'413         23'212
%%          'pseudo_costs':    823         82     7'949         0            4'015      5'909     355'755        209'343
%%         'quick_restart':    823        247     9'187        14            4'344      6'621     477'773         22'959
%%   'quick_restart_no_lp':    823        255     9'217        15            4'335      6'624     480'229         23'248
%%         'reduced_costs':    823         82     7'975         0            4'027      5'928     358'767        210'992
%% 
%% SAT formula               Fixed  Equiv  Total  VarLeft  BinaryClauses  PermanentClauses  TemporaryClauses
%%                  'core':     46      8    836      782          4'772             1'469                 1
%%            'default_lp':    439      8    823      376          4'842             1'563                 6
%%                 'fixed':     30      8    823      785          4'048             1'521                41
%%             'fs_random':      0      0    823      823          5'276             1'892                 0
%%       'fs_random_no_lp':      0      0    823      823          1'744             1'892                 0
%%        'lb_tree_search':     79     32    823      712          4'178             1'273                 0
%%                'max_lp':     30     11    823      782          4'192             1'460                 0
%%                 'no_lp':    439      8    823      376          4'846             1'563                 6
%%          'pseudo_costs':     30     10    823      783          3'976             1'489                 0
%%         'quick_restart':     78      8    823      737          4'846             1'601                 6
%%   'quick_restart_no_lp':     51      8    823      764          4'840             1'609                 6
%%         'reduced_costs':     30     10    823      783          3'976             1'489                 0
%% 
%% SAT stats                 ClassicMinim  LitRemoved  LitRemovedBinary  LitLearned  LitForgotten  Subsumed
%%                  'core':             4           5                 5         357             0       123
%%            'default_lp':            39          79                35       1'013             0       169
%%                 'fixed':           158         671               496       3'694             0       171
%%             'fs_random':             0           0                 0           0             0         0
%%       'fs_random_no_lp':             0           0                 0           0             0         0
%%        'lb_tree_search':             0           0                 0           0             0         0
%%                'max_lp':             0           0                 0           0             0         0
%%                 'no_lp':            39          79                35       1'013             0       169
%%          'pseudo_costs':             0           0                 0         160             0        94
%%         'quick_restart':            44         107               118       1'105             0       129
%%   'quick_restart_no_lp':            37         101               127       1'125             0       128
%%         'reduced_costs':             0           0                 0         160             0        94
%% 
%% Vivification              Clauses  Decisions  LitTrue  Subsumed  LitRemoved  DecisionReused  Conflicts
%%                  'core':    3'454      5'475       84        63         558           1'546          0
%%            'default_lp':    3'474      5'474       87        71         602           1'559          0
%%                 'fixed':    3'343      6'386       83       111       1'475           1'761         17
%%             'fs_random':        0          0        0         0           0               0          0
%%       'fs_random_no_lp':        0          0        0         0           0               0          0
%%        'lb_tree_search':        0          0        0         0           0               0          0
%%                'max_lp':      490      1'083        0         3           9              51          0
%%                 'no_lp':    3'474      5'474       87        71         602           1'559          0
%%          'pseudo_costs':    2'867      4'684       69        57         475           1'192          0
%%         'quick_restart':    3'463      5'474       84        66         576           1'553          0
%%   'quick_restart_no_lp':    3'471      5'471       84        62         572           1'573          0
%%         'reduced_costs':    2'892      4'714       69        58         478           1'211          0
%% 
%% Clause deletion           at_true  l_and_not(l)  to_binary  sub_conflict  sub_extra  sub_decisions  sub_eager  sub_vivify  sub_probing  sub_inpro  blocked  eliminated  forgotten  promoted  conflicts
%%                  'core':      137             0        161           123          3              0          0          63           21          0        0           0          0         9        153
%%            'default_lp':       89             0        128           161          4              1          8          71           14          0        0           0          0        34        255
%%                 'fixed':      103             0        134           165         22              3          6         111           16         30        0           0          0       237        378
%%             'fs_random':        0             0          0             0          0              0          0           0            0          0        0           0          0         0          0
%%       'fs_random_no_lp':        0             0          0             0          0              0          0           0            0          0        0           0          0         0          0
%%        'lb_tree_search':      348             6        200             0          0              0          0           0            0         64        0           0          0         0          0
%%                'max_lp':      208             1        125             0          0              0          0           3           73         22        0           0          0         0          0
%%                 'no_lp':       89             0        128           161          4              1          8          71           14          0        0           0          0        34        255
%%          'pseudo_costs':      124             0        128            94          2              0          0          57           15          5        0           0          0         0         82
%%         'quick_restart':       97             0        131           127          4              0          2          66           18          0        0           0          0        15        247
%%   'quick_restart_no_lp':       97             0        134           127          8              0          1          62           19          0        0           0          0        16        255
%%         'reduced_costs':      124             0        128            94          2              0          0          58           15          4        0           0          0         0         82
%% 
%% Lp stats             Component  Iterations  AddedCuts  OPTIMAL  DUAL_F.  DUAL_U.
%%   'lb_tree_search':          1         486         90        6        1        0
%%           'max_lp':          1         524        140        6        1        0
%%     'pseudo_costs':          1         205         31        4        1        0
%%    'reduced_costs':          1         212         35        4        1        0
%% 
%% Lp dimension           Final dimension of first component
%%   'lb_tree_search':  1470 rows, 527 columns, 5002 entries
%%           'max_lp':  1506 rows, 527 columns, 6345 entries
%%     'pseudo_costs':   370 rows, 527 columns, 1312 entries
%%    'reduced_costs':   370 rows, 527 columns, 1302 entries
%% 
%% Lp debug             CutPropag  CutEqPropag  Adjust  Overflow    Bad  BadScaling
%%   'lb_tree_search':          0            0       7         0    872           0
%%           'max_lp':          0            0       7         0  1'271           0
%%     'pseudo_costs':          0            0       1         0      0           0
%%    'reduced_costs':          0            0       1         0      0           0
%% 
%% Lp pool              Constraints  Updates  Simplif  Merged  Shortened  Split  Strengthened  Cuts/Call
%%   'lb_tree_search':        1'726        2      383       8        383      0             9     90/193
%%           'max_lp':        1'776       17      368       8        375      4            52    140/310
%%     'pseudo_costs':        1'667        0       30       8         30      0             0      31/31
%%    'reduced_costs':        1'671        0       30       8         30      0             0      35/35
%% 
%% Lp Cut            max_lp  reduced_costs  pseudo_costs  lb_tree_search
%%           CG_FF:      11              -             -               8
%%            CG_K:       7              -             -               3
%%           CG_KL:       3              -             -               -
%%            CG_R:      18              -             -               6
%%          CG_RBP:       2              -             -               -
%%          Clique:      18              -             -              15
%%              IB:       1             35            31               -
%%         MIR_1_K:       4              -             -               1
%%        MIR_1_KL:       -              -             -               1
%%        MIR_1_RB:       4              -             -               1
%%       MIR_1_RLT:      14              -             -               8
%%        MIR_2_FF:       1              -             -               -
%%         MIR_2_K:       5              -             -               2
%%        MIR_2_KL:       1              -             -               1
%%         MIR_2_R:       1              -             -               1
%%        MIR_2_RB:       3              -             -               1
%%       MIR_2_RBP:       2              -             -               1
%%        MIR_3_FF:       2              -             -               1
%%         MIR_3_K:       3              -             -               -
%%         MIR_3_R:       3              -             -               -
%%        MIR_3_RB:       1              -             -               -
%%       MIR_3_RBP:       3              -             -               -
%%         MIR_4_K:       -              -             -               1
%%        MIR_4_RB:       -              -             -               1
%%        MIR_5_FF:       1              -             -               1
%%         MIR_5_K:       -              -             -               1
%%        MIR_5_RB:       -              -             -               1
%%        MIR_6_FF:       -              -             -               1
%%    ZERO_HALF_FF:      13              -             -              19
%%     ZERO_HALF_K:       1              -             -               -
%%     ZERO_HALF_R:      15              -             -              15
%%   ZERO_HALF_RBP:       3              -             -               -
%% 
%% LNS stats           Improv/Calls  Closed  Difficulty  TimeLimit
%%   'graph_arc_lns':           0/4    100%    9.14e-01       0.10
%%   'graph_cst_lns':           0/4    100%    9.14e-01       0.10
%%   'graph_dec_lns':           0/3    100%    8.76e-01       0.10
%%   'graph_var_lns':           2/3    100%    8.76e-01       0.10
%%       'rins/rens':           0/0      0%    5.00e-01       0.10
%%     'rnd_cst_lns':           0/4    100%    9.14e-01       0.10
%%     'rnd_var_lns':           0/4    100%    9.14e-01       0.10
%% 
%% LS stats                                    Batches  Restarts/Perturbs  LinMoves  GenMoves  CompoundMoves  Bactracks  WeightUpdates  ScoreComputed
%%                              'fj_restart':        1                  1     1'208         0              0          0            590          3'063
%%   'fj_restart_decay_compound_perturb_obj':        1                  1         0       410            270         70              2          2'449
%%                  'ls_lin_restart_perturb':        1                  1    30'140         0              0          0         29'418         70'623
%%                              'ls_restart':        1                  1     7'874         0              0          0          6'378          9'617
%%                        'ls_restart_decay':        1                  1     3'663         0              0          0            358          5'435
%%                      'ls_restart_perturb':        2                  2     6'187         0              0          0          4'731          7'640
%% 
%% Solutions (9)            Num   Rank
%%           'default_lp':    4  [7,9]
%%           'fj_restart':    2  [0,1]
%%        'graph_var_lns':    4  [2,5]
%%           'ls_restart':    2  [3,4]
%%   'ls_restart_perturb':    2  [5,6]
%%                'no_lp':    2  [6,7]
%%        'quick_restart':    2  [1,2]
%% 
%% Objective bounds          Num
%%             'bool_core':    7
%%            'default_lp':    2
%%        'initial_domain':    1
%%                'max_lp':    2
%%                 'no_lp':    3
%%          'pseudo_costs':    1
%%   'quick_restart_no_lp':    4
%% 
%% Solution repositories    Added  Queried  Synchro
%%     'alternative_path':      1        0        1
%%       'best_solutions':     37       29       27
%%    'fj solution hints':      0        0        0
%%         'lp solutions':      0        0        0
%%                 'pump':      0        0
%% 
%% Improving bounds shared    Num  Sym
%%                   'core':    1    0
%%             'default_lp':   31    0
%%                  'fixed':    1    0
%%         'lb_tree_search':    1    0
%%                  'no_lp':    6    0
%%          'quick_restart':   19    0
%%    'quick_restart_no_lp':    8    0
%% 
%% Clauses shared            #Exported  #Imported  #BinaryRead  #BinaryTotal
%%                  'core':         70          0          509           581
%%            'default_lp':        144          0          516           581
%%                 'fixed':         51          0           57           581
%%             'fs_random':          0          0            0           581
%%       'fs_random_no_lp':          0          0            0           581
%%        'lb_tree_search':         65          0          581           581
%%                'max_lp':        159          0          396           581
%%                 'no_lp':         31          0          514           581
%%          'pseudo_costs':         19          0           93           581
%%         'quick_restart':         10          0          516           581
%%   'quick_restart_no_lp':         32          0          516           581
%%         'reduced_costs':          0          0           93           581
%% 
%% LRAT_status: NA
%% CpSolverResponse summary:
%% status: OPTIMAL
%% objective: 34
%% best_bound: 34
%% integers: 30
%% booleans: 823
%% conflicts: 0
%% branches: 84
%% propagations: 0
%% integer_propagations: 10
%% restarts: 0
%% lp_iterations: 0
%% walltime: 0.379172
%% usertime: 0.379172
%% deterministic_time: 0.858938
%% gap_integral: 0.895662
%% solution_fingerprint: 0x7170722892bd2b56
%% 
Minute 1: Position me=AA, elephant=AA, Open valves: {}
Minute 2: Position me=QC, elephant=JG, Open valves: {}
Minute 3: Position me=ML, elephant=VT, Open valves: {}
Minute 4: Position me=LU, elephant=HY, Open valves: {}
Minute 5: Position me=LU, elephant=HY, Open valves: {LU, HY}
Minute 6: Position me=UU, elephant=HY, Open valves: {LU, HY}
checksum: 34
----------
==========
   Done (overall time 1.19 s).
