c cmd: /host-parser-bin/kat_xcsp_630ede96_portfolio_v3_cop1000_nophase_20260531_static /bench/competition/2022-2025/COP22to25/NurseRostering-04_c22.xml.lzma --encoder portfolio --portfolio-strategy v3 --cop-pipeline guarded-basic --cop-objective-cut direct-expr --cop-objective-cut-timing incremental-hard --cop-objective-cut-backend cnf --table-encoding mdd-tl --cumulative-mode exact --cumulative-decomposition time-rd --progress --log-scop-linear-pb-backend auto --log-scop-bdd-decomposition auto --log-scop-aggregate-weighted-lits --order-ge-shorten-link-cost --direct-eq-ne-max-arity 2 --eq-ne-encoding direct --portfolio-log-scop-eq-ne-encoding ge-rewrite
c version: kat-cli=0.1.0 git=unknown-clean
c run_start_local: 2026-06-01 10:19:01 +0900
c 00h00m00s | solve:start
c 00h00m00s | stage:objective-cut timing=incremental-hard backend=cnf form=direct-expr
c 00h00m00s | input: constraints=1410
c 00h00m00s | stage:propagate:start
c 00h00m00s | stage:propagate:done ms=5 pruned=362 changed_domains=232 entailed_tables=28
c 00h00m00s | memory:rss checkpoint=after_propagate bytes=6582272 rss=6.28MiB
c 00h00m00s | stage:normalize:start
c 00h00m00s | stage:normalize:done ms=0 high_constraints=1410
c 00h00m00s | stage:lower:start
c 00h00m00s | stage:lower:progress percent=10 processed=141 total=1410 lowered=141 unsupported=0 ms=12
c 00h00m00s | stage:lower:progress percent=20 processed=282 total=1410 lowered=282 unsupported=0 ms=12
c 00h00m00s | stage:lower:progress percent=30 processed=423 total=1410 lowered=423 unsupported=0 ms=12
c 00h00m00s | stage:lower:progress percent=40 processed=564 total=1410 lowered=564 unsupported=0 ms=16
c 00h00m00s | stage:lower:progress percent=50 processed=705 total=1410 lowered=705 unsupported=0 ms=22
c 00h00m00s | stage:lower:progress percent=60 processed=846 total=1410 lowered=846 unsupported=0 ms=24
c 00h00m00s | stage:lower:progress percent=70 processed=987 total=1410 lowered=987 unsupported=0 ms=26
c 00h00m00s | stage:lower:progress percent=80 processed=1128 total=1410 lowered=1128 unsupported=0 ms=27
c 00h00m00s | stage:lower:progress percent=90 processed=1269 total=1410 lowered=1269 unsupported=0 ms=29
c 00h00m00s | stage:lower:progress percent=100 processed=1410 total=1410 lowered=1410 unsupported=0 ms=30
c 00h00m00s | stage:lower:done ms=31 lowered=1410 unsupported=0
c 00h00m00s | memory:rss checkpoint=after_lower bytes=7659520 rss=7.30MiB
c 00h00m00s | stage:post_lower:start
c 00h00m00s | stage:post_lower:done ms=1 rounds=12 tightened=18 removed_cls=297 removed_lits=284 unsat=false precise_hits=84 precise_rounds=1 pivot_recomputes=40 pivot_exact_attempts=0 pivot_general_attempts=40 pivot_general_rest_missing=0 pivot_general_bound_missing=0 pivot_general_no_change=40 pivot_general_tightened=0 setup_ms=0 loop_ms=0 pivot_ms=0 pivot_version_ms=0 pivot_exact_ms=0 pivot_general_ms=0 pivot_general_prepare_ms=0 pivot_general_rest_ms=0 pivot_general_derive_ms=0 apply_ms=0 sat_ms=0 precise_ms=0
c 00h00m00s | memory:rss checkpoint=after_post_lower bytes=7929856 rss=7.56MiB
c 00h00m00s | stage:lowered-shape int_vars=2669 bool_vars=3060 linear_atoms=1425 table_atoms=1886 table_tuples=6871 table_scope=5332 alldiff_atoms=0 circuit_atoms=0 product_atoms=0 logical_clauses=8325
c 00h00m00s | stage:root-lp:skip reason=disabled ms=0
c 00h00m00s | memory:rss checkpoint=before_preencode bytes=7929856 rss=7.56MiB
c 00h00m00s | stage:preencode(log-scop):start
c 00h00m00s | stage:preencode(log-scop):done ms=0 int_vars=2669
c 00h00m00s | memory:rss checkpoint=after_preencode bytes=8200192 rss=7.82MiB
c 00h00m00s | memory:rss checkpoint=before_encode bytes=8200192 rss=7.82MiB
c 00h00m00s | stage:encode(log-scop):start
c 00h00m00s | memory:rss checkpoint=encode_clause_sample stage=log-scop clauses=33376 bytes=8892416 rss=8.48MiB progress_percent=10 processed=848 total=8480
c 00h00m00s | stage:encode(log-scop):progress percent=10 processed=848 total=8480 sat_clauses=33376 ms=6
c 00h00m00s | memory:rss checkpoint=encode_clause_sample stage=log-scop clauses=58676 bytes=11259904 rss=10.74MiB progress_percent=20 processed=1696 total=8480
c 00h00m00s | stage:encode(log-scop):progress percent=20 processed=1696 total=8480 sat_clauses=58676 ms=10
c 00h00m00s | memory:rss checkpoint=encode_clause_sample stage=log-scop clauses=70455 bytes=22609920 rss=21.56MiB progress_percent=30 processed=2544 total=8480
c 00h00m00s | stage:encode(log-scop):progress percent=30 processed=2544 total=8480 sat_clauses=70455 ms=31
c 00h00m00s | memory:rss checkpoint=encode_clause_sample stage=log-scop clauses=80990 bytes=22880256 rss=21.82MiB progress_percent=40 processed=3392 total=8480
c 00h00m00s | stage:encode(log-scop):progress percent=40 processed=3392 total=8480 sat_clauses=80990 ms=36
c 00h00m00s | memory:rss checkpoint=encode_clause_sample stage=log-scop clauses=82497 bytes=22880256 rss=21.82MiB progress_percent=50 processed=4240 total=8480
c 00h00m00s | stage:encode(log-scop):progress percent=50 processed=4240 total=8480 sat_clauses=82497 ms=59
c 00h00m00s | memory:rss checkpoint=encode_clause_sample stage=log-scop clauses=84099 bytes=22880256 rss=21.82MiB progress_percent=60 processed=5088 total=8480
c 00h00m00s | stage:encode(log-scop):progress percent=60 processed=5088 total=8480 sat_clauses=84099 ms=60
c 00h00m00s | memory:rss checkpoint=encode_clause_sample stage=log-scop clauses=85442 bytes=22880256 rss=21.82MiB progress_percent=70 processed=5936 total=8480
c 00h00m00s | stage:encode(log-scop):progress percent=70 processed=5936 total=8480 sat_clauses=85442 ms=61
c 00h00m00s | memory:rss checkpoint=encode_clause_sample stage=log-scop clauses=89639 bytes=22880256 rss=21.82MiB progress_percent=80 processed=6784 total=8480
c 00h00m00s | stage:encode(log-scop):progress percent=80 processed=6784 total=8480 sat_clauses=89639 ms=63
c 00h00m00s | memory:rss checkpoint=encode_clause_sample stage=log-scop clauses=100312 bytes=23150592 rss=22.08MiB progress_percent=90 processed=7632 total=8480
c 00h00m00s | stage:encode(log-scop):progress percent=90 processed=7632 total=8480 sat_clauses=100312 ms=70
c 00h00m00s | memory:rss checkpoint=encode_clause_sample stage=log-scop clauses=125984 bytes=23691264 rss=22.59MiB progress_percent=100 processed=8480 total=8480
c 00h00m00s | stage:encode(log-scop):progress percent=100 processed=8480 total=8480 sat_clauses=125984 ms=80
c 00h00m00s | stage:encode(log-scop):done ms=100 sat_vars=63379 sat_clauses=125984 ext_ge_specs=0 relaxed_circuits=0 log_scop_pb_constraints=4458 log_scop_pb_mixed=0 log_scop_pb_bdd2=4458 log_scop_pb_bdd3=0 log_scop_pb_sorter=0 log_scop_pb_dadda=0 log_scop_bdd_raw=4458 log_scop_bdd_binary=0 log_scop_bdd_multibase=0
c 00h00m00s | stage:objective-cut timing=incremental-hard backend=cnf form=direct-expr
c 00h00m00s | stage:sat:init solver=CaDiCaL vars=63379 clauses=125984
c 00h00m00s | stage:sat:solve:start assumptions=0 phase_lits=0
c 00h00m00s | stage:sat:solve:done ms=287 result=Sat assumptions=0 phase_lits=0
c 00h00m00s | stage:decode:start
c 00h00m00s | stage:decode:done int_assignments=589
c 00h00m00s | result:Sat
c 00h00m00s | objective:incumbent kind=initial value=9654 rounds=1 improvements=0
o 9654
c 00h00m00s | stage:objective-cut:add timing=incremental-hard backend=cnf form=direct-expr clauses_added=129758
c 00h00m00s | stage:sat:init solver=CaDiCaL vars=127789 clauses=255742
c 00h00m00s | stage:sat:solve:start assumptions=0 phase_lits=1586
c 00h00m01s | stage:sat:solve:done ms=1324 result=Sat assumptions=0 phase_lits=1586
c 00h00m01s | stage:decode:start
c 00h00m01s | stage:decode:done int_assignments=589
c 00h00m01s | result:Sat
c 00h00m01s | objective:incumbent kind=improvement value=9651 rounds=2 improvements=1
o 9651
c 00h00m02s | stage:objective-cut:add timing=incremental-hard backend=cnf form=direct-expr clauses_added=129980
c 00h00m02s | stage:sat:init solver=CaDiCaL vars=192311 clauses=385722
c 00h00m02s | stage:sat:solve:start assumptions=0 phase_lits=1586
c 00h00m03s | stage:sat:solve:done ms=1607 result=Sat assumptions=0 phase_lits=1586
c 00h00m03s | stage:decode:start
c 00h00m03s | stage:decode:done int_assignments=589
c 00h00m03s | result:Sat
c 00h00m03s | objective:incumbent kind=improvement value=6134 rounds=3 improvements=2
o 6134
c 00h00m03s | stage:objective-cut:add timing=incremental-hard backend=cnf form=direct-expr clauses_added=126326
c 00h00m03s | stage:sat:init solver=CaDiCaL vars=254987 clauses=512048
c 00h00m03s | stage:sat:solve:start assumptions=0 phase_lits=1586
c 00h00m04s | stage:sat:solve:done ms=570 result=Sat assumptions=0 phase_lits=1586
c 00h00m04s | stage:decode:start
c 00h00m04s | stage:decode:done int_assignments=589
c 00h00m04s | result:Sat
c 00h00m04s | objective:incumbent kind=improvement value=6116 rounds=4 improvements=3
o 6116
c 00h00m04s | stage:objective-cut:add timing=incremental-hard backend=cnf form=direct-expr clauses_added=126663
c 00h00m04s | stage:sat:init solver=CaDiCaL vars=317833 clauses=638711
c 00h00m04s | stage:sat:solve:start assumptions=0 phase_lits=1586
c 00h00m07s | stage:sat:solve:done ms=3039 result=Sat assumptions=0 phase_lits=1586
c 00h00m07s | stage:decode:start
c 00h00m07s | stage:decode:done int_assignments=589
c 00h00m07s | result:Sat
c 00h00m07s | objective:incumbent kind=improvement value=6115 rounds=5 improvements=4
o 6115
c 00h00m07s | stage:objective-cut:add timing=incremental-hard backend=cnf form=direct-expr clauses_added=126660
c 00h00m07s | stage:sat:init solver=CaDiCaL vars=380677 clauses=765371
c 00h00m07s | stage:sat:solve:start assumptions=0 phase_lits=1586
c 00h00m11s | stage:sat:solve:done ms=3376 result=Sat assumptions=0 phase_lits=1586
c 00h00m11s | stage:decode:start
c 00h00m11s | stage:decode:done int_assignments=589
c 00h00m11s | result:Sat
c 00h00m11s | objective:incumbent kind=improvement value=5728 rounds=6 improvements=5
o 5728
c 00h00m11s | stage:objective-cut:add timing=incremental-hard backend=cnf form=direct-expr clauses_added=125710
c 00h00m11s | stage:sat:init solver=CaDiCaL vars=443043 clauses=891081
c 00h00m11s | stage:sat:solve:start assumptions=0 phase_lits=1586
c 00h00m11s | stage:sat:solve:done ms=675 result=Sat assumptions=0 phase_lits=1586
c 00h00m11s | stage:decode:start
c 00h00m11s | stage:decode:done int_assignments=589
c 00h00m11s | result:Sat
c 00h00m11s | objective:incumbent kind=improvement value=5727 rounds=7 improvements=6
o 5727
c 00h00m11s | stage:objective-cut:add timing=incremental-hard backend=cnf form=direct-expr clauses_added=125707
c 00h00m12s | stage:sat:init solver=CaDiCaL vars=505407 clauses=1016788
c 00h00m12s | stage:sat:solve:start assumptions=0 phase_lits=1586
c 00h00m12s | stage:sat:solve:done ms=809 result=Sat assumptions=0 phase_lits=1586
c 00h00m12s | stage:decode:start
c 00h00m12s | stage:decode:done int_assignments=589
c 00h00m12s | result:Sat
c 00h00m12s | objective:incumbent kind=improvement value=5715 rounds=8 improvements=7
o 5715
c 00h00m12s | stage:objective-cut:add timing=incremental-hard backend=cnf form=direct-expr clauses_added=125931
c 00h00m12s | stage:sat:init solver=CaDiCaL vars=567883 clauses=1142719
c 00h00m12s | stage:sat:solve:start assumptions=0 phase_lits=1586
c 00h00m14s | stage:sat:solve:done ms=1440 result=Sat assumptions=0 phase_lits=1586
c 00h00m14s | stage:decode:start
c 00h00m14s | stage:decode:done int_assignments=589
c 00h00m14s | result:Sat
c 00h00m14s | objective:incumbent kind=improvement value=5522 rounds=9 improvements=8
o 5522
c 00h00m14s | stage:objective-cut:add timing=incremental-hard backend=cnf form=direct-expr clauses_added=125625
c 00h00m14s | stage:sat:init solver=CaDiCaL vars=630204 clauses=1268344
c 00h00m14s | stage:sat:solve:start assumptions=0 phase_lits=1586
c 00h00m21s | stage:sat:solve:done ms=7222 result=Sat assumptions=0 phase_lits=1586
c 00h00m21s | stage:decode:start
c 00h00m21s | stage:decode:done int_assignments=589
c 00h00m21s | result:Sat
c 00h00m21s | objective:incumbent kind=improvement value=5424 rounds=10 improvements=9
o 5424
c 00h00m21s | stage:objective-cut:add timing=incremental-hard backend=cnf form=direct-expr clauses_added=125185
c 00h00m21s | stage:sat:init solver=CaDiCaL vars=692305 clauses=1393529
c 00h00m21s | stage:sat:solve:start assumptions=0 phase_lits=1586
c 00h00m22s | stage:sat:solve:done ms=619 result=Sat assumptions=0 phase_lits=1586
c 00h00m22s | stage:decode:start
c 00h00m22s | stage:decode:done int_assignments=589
c 00h00m22s | result:Sat
c 00h00m22s | objective:incumbent kind=improvement value=4827 rounds=11 improvements=10
o 4827
c 00h00m22s | stage:objective-cut:add timing=incremental-hard backend=cnf form=direct-expr clauses_added=123997
c 00h00m22s | stage:sat:init solver=CaDiCaL vars=753807 clauses=1517526
c 00h00m22s | stage:sat:solve:start assumptions=0 phase_lits=1586
c 00h00m26s | stage:sat:solve:done ms=3389 result=Sat assumptions=0 phase_lits=1586
c 00h00m26s | stage:decode:start
c 00h00m26s | stage:decode:done int_assignments=589
c 00h00m26s | result:Sat
c 00h00m26s | objective:incumbent kind=improvement value=4203 rounds=12 improvements=11
o 4203
c 00h00m26s | stage:objective-cut:add timing=incremental-hard backend=cnf form=direct-expr clauses_added=122489
c 00h00m26s | stage:sat:init solver=CaDiCaL vars=814550 clauses=1640015
c 00h00m26s | stage:sat:solve:start assumptions=0 phase_lits=1586
c 00h00m35s | stage:sat:solve:done ms=8909 result=Sat assumptions=0 phase_lits=1586
c 00h00m35s | stage:decode:start
c 00h00m35s | stage:decode:done int_assignments=589
c 00h00m35s | result:Sat
c 00h00m35s | objective:incumbent kind=improvement value=4202 rounds=13 improvements=12
o 4202
c 00h00m35s | stage:objective-cut:add timing=incremental-hard backend=cnf form=direct-expr clauses_added=122490
c 00h00m35s | stage:sat:init solver=CaDiCaL vars=875293 clauses=1762505
c 00h00m35s | stage:sat:solve:start assumptions=0 phase_lits=1586
c 00h00m42s | stage:sat:solve:done ms=6995 result=Sat assumptions=0 phase_lits=1586
c 00h00m42s | stage:decode:start
c 00h00m42s | stage:decode:done int_assignments=589
c 00h00m42s | result:Sat
c 00h00m42s | objective:incumbent kind=improvement value=4200 rounds=14 improvements=13
o 4200
c 00h00m42s | stage:objective-cut:add timing=incremental-hard backend=cnf form=direct-expr clauses_added=122381
c 00h00m42s | stage:sat:init solver=CaDiCaL vars=935982 clauses=1884886
c 00h00m42s | stage:sat:solve:start assumptions=0 phase_lits=1586
c 00h00m54s | stage:sat:solve:done ms=11841 result=Sat assumptions=0 phase_lits=1586
c 00h00m54s | stage:decode:start
c 00h00m54s | stage:decode:done int_assignments=589
c 00h00m54s | result:Sat
c 00h00m54s | objective:incumbent kind=improvement value=4199 rounds=15 improvements=14
o 4199
c 00h00m54s | stage:objective-cut:add timing=incremental-hard backend=cnf form=direct-expr clauses_added=122378
c 00h00m54s | stage:sat:init solver=CaDiCaL vars=996669 clauses=2007264
c 00h00m54s | stage:sat:solve:start assumptions=0 phase_lits=1586
c 00h01m11s | stage:sat:solve:done ms=16758 result=Sat assumptions=0 phase_lits=1586
c 00h01m11s | stage:decode:start
c 00h01m11s | stage:decode:done int_assignments=589
c 00h01m11s | result:Sat
c 00h01m11s | objective:incumbent kind=improvement value=4197 rounds=16 improvements=15
o 4197
c 00h01m11s | stage:objective-cut:add timing=incremental-hard backend=cnf form=direct-expr clauses_added=122384
c 00h01m11s | stage:sat:init solver=CaDiCaL vars=1057358 clauses=2129648
c 00h01m11s | stage:sat:solve:start assumptions=0 phase_lits=1586
c 00h01m22s | stage:sat:solve:done ms=11330 result=Sat assumptions=0 phase_lits=1586
c 00h01m22s | stage:decode:start
c 00h01m22s | stage:decode:done int_assignments=589
c 00h01m22s | result:Sat
c 00h01m22s | objective:incumbent kind=improvement value=4117 rounds=17 improvements=16
o 4117
c 00h01m23s | stage:objective-cut:add timing=incremental-hard backend=cnf form=direct-expr clauses_added=122289
c 00h01m23s | stage:sat:init solver=CaDiCaL vars=1117999 clauses=2251937
c 00h01m23s | stage:sat:solve:start assumptions=0 phase_lits=1586
c 00h01m25s | stage:sat:solve:done ms=2626 result=Sat assumptions=0 phase_lits=1586
c 00h01m25s | stage:decode:start
c 00h01m25s | stage:decode:done int_assignments=589
c 00h01m25s | result:Sat
c 00h01m25s | objective:incumbent kind=improvement value=3905 rounds=18 improvements=17
o 3905
c 00h01m25s | stage:objective-cut:add timing=incremental-hard backend=cnf form=direct-expr clauses_added=122052
c 00h01m25s | stage:sat:init solver=CaDiCaL vars=1178521 clauses=2373989
c 00h01m25s | stage:sat:solve:start assumptions=0 phase_lits=1586
c 00h01m33s | stage:sat:solve:done ms=7843 result=Sat assumptions=0 phase_lits=1586
c 00h01m33s | stage:decode:start
c 00h01m33s | stage:decode:done int_assignments=589
c 00h01m33s | result:Sat
c 00h01m33s | objective:incumbent kind=improvement value=3702 rounds=19 improvements=18
o 3702
c 00h01m33s | stage:objective-cut:add timing=incremental-hard backend=cnf form=direct-expr clauses_added=120996
c 00h01m33s | stage:sat:init solver=CaDiCaL vars=1238513 clauses=2494985
c 00h01m33s | stage:sat:solve:start assumptions=0 phase_lits=1586
c 00h01m38s | stage:sat:solve:done ms=4216 result=Sat assumptions=0 phase_lits=1586
c 00h01m38s | stage:decode:start
c 00h01m38s | stage:decode:done int_assignments=589
c 00h01m38s | result:Sat
c 00h01m38s | objective:incumbent kind=improvement value=3701 rounds=20 improvements=19
o 3701
c 00h01m38s | stage:objective-cut:add timing=incremental-hard backend=cnf form=direct-expr clauses_added=121001
c 00h01m38s | stage:sat:init solver=CaDiCaL vars=1298507 clauses=2615986
c 00h01m38s | stage:sat:solve:start assumptions=0 phase_lits=1586
c 00h01m56s | stage:sat:solve:done ms=17830 result=Sat assumptions=0 phase_lits=1586
c 00h01m56s | stage:decode:start
c 00h01m56s | stage:decode:done int_assignments=589
c 00h01m56s | result:Sat
c 00h01m56s | objective:incumbent kind=improvement value=3700 rounds=21 improvements=20
o 3700
c 00h01m56s | stage:objective-cut:add timing=incremental-hard backend=cnf form=direct-expr clauses_added=121221
c 00h01m56s | stage:sat:init solver=CaDiCaL vars=1358613 clauses=2737207
c 00h01m56s | stage:sat:solve:start assumptions=0 phase_lits=1586
c 00h02m00s | stage:sat:solve:done ms=3870 result=Sat assumptions=0 phase_lits=1586
c 00h02m00s | stage:decode:start
c 00h02m00s | stage:decode:done int_assignments=589
c 00h02m00s | result:Sat
c 00h02m00s | objective:incumbent kind=improvement value=3698 rounds=22 improvements=21
o 3698
c 00h02m00s | stage:objective-cut:add timing=incremental-hard backend=cnf form=direct-expr clauses_added=121219
c 00h02m00s | stage:sat:init solver=CaDiCaL vars=1418717 clauses=2858426
c 00h02m00s | stage:sat:solve:start assumptions=0 phase_lits=1586
c 00h02m15s | stage:sat:solve:done ms=15551 result=Sat assumptions=0 phase_lits=1586
c 00h02m15s | stage:decode:start
c 00h02m16s | stage:decode:done int_assignments=589
c 00h02m16s | result:Sat
c 00h02m16s | objective:incumbent kind=improvement value=3696 rounds=23 improvements=22
o 3696
c 00h02m16s | stage:objective-cut:add timing=incremental-hard backend=cnf form=direct-expr clauses_added=120998
c 00h02m16s | stage:sat:init solver=CaDiCaL vars=1478711 clauses=2979424
c 00h02m16s | stage:sat:solve:start assumptions=0 phase_lits=1586
c 00h02m32s | stage:sat:solve:done ms=16686 result=Sat assumptions=0 phase_lits=1586
c 00h02m32s | stage:decode:start
c 00h02m32s | stage:decode:done int_assignments=589
c 00h02m32s | result:Sat
c 00h02m32s | objective:incumbent kind=improvement value=3695 rounds=24 improvements=23
o 3695
c 00h02m33s | stage:objective-cut:add timing=incremental-hard backend=cnf form=direct-expr clauses_added=120995
c 00h02m33s | stage:sat:init solver=CaDiCaL vars=1538703 clauses=3100419
c 00h02m33s | stage:sat:solve:start assumptions=0 phase_lits=1586
c 00h02m45s | stage:sat:solve:done ms=12283 result=Sat assumptions=0 phase_lits=1586
c 00h02m45s | stage:decode:start
c 00h02m45s | stage:decode:done int_assignments=589
c 00h02m45s | result:Sat
c 00h02m45s | objective:incumbent kind=improvement value=3694 rounds=25 improvements=24
o 3694
c 00h02m45s | stage:objective-cut:add timing=incremental-hard backend=cnf form=direct-expr clauses_added=120996
c 00h02m45s | stage:sat:init solver=CaDiCaL vars=1598695 clauses=3221415
c 00h02m45s | stage:sat:solve:start assumptions=0 phase_lits=1586
c 00h03m10s | stage:sat:solve:done ms=25162 result=Sat assumptions=0 phase_lits=1586
c 00h03m10s | stage:decode:start
c 00h03m10s | stage:decode:done int_assignments=589
c 00h03m10s | result:Sat
c 00h03m10s | objective:incumbent kind=improvement value=3690 rounds=26 improvements=25
o 3690
c 00h03m10s | stage:objective-cut:add timing=incremental-hard backend=cnf form=direct-expr clauses_added=121108
c 00h03m10s | stage:sat:init solver=CaDiCaL vars=1658743 clauses=3342523
c 00h03m10s | stage:sat:solve:start assumptions=0 phase_lits=1586
c 00h03m25s | stage:sat:solve:done ms=14192 result=Sat assumptions=0 phase_lits=1586
c 00h03m25s | stage:decode:start
c 00h03m25s | stage:decode:done int_assignments=589
c 00h03m25s | result:Sat
c 00h03m25s | objective:incumbent kind=improvement value=3493 rounds=27 improvements=26
o 3493
c 00h03m25s | stage:objective-cut:add timing=incremental-hard backend=cnf form=direct-expr clauses_added=120466
c 00h03m25s | stage:sat:init solver=CaDiCaL vars=1718466 clauses=3462989
c 00h03m25s | stage:sat:solve:start assumptions=0 phase_lits=1586
c 00h03m27s | stage:sat:solve:done ms=2529 result=Sat assumptions=0 phase_lits=1586
c 00h03m27s | stage:decode:start
c 00h03m27s | stage:decode:done int_assignments=589
c 00h03m27s | result:Sat
c 00h03m27s | objective:incumbent kind=improvement value=3413 rounds=28 improvements=27
o 3413
c 00h03m28s | stage:objective-cut:add timing=incremental-hard backend=cnf form=direct-expr clauses_added=120204
c 00h03m28s | stage:sat:init solver=CaDiCaL vars=1778057 clauses=3583193
c 00h03m28s | stage:sat:solve:start assumptions=0 phase_lits=1586
c 00h04m16s | stage:sat:solve:done ms=48626 result=Sat assumptions=0 phase_lits=1586
c 00h04m16s | stage:decode:start
c 00h04m16s | stage:decode:done int_assignments=589
c 00h04m16s | result:Sat
c 00h04m16s | objective:incumbent kind=improvement value=3283 rounds=29 improvements=28
o 3283
c 00h04m17s | stage:objective-cut:add timing=incremental-hard backend=cnf form=direct-expr clauses_added=119939
c 00h04m17s | stage:sat:init solver=CaDiCaL vars=1837515 clauses=3703132
c 00h04m17s | stage:sat:solve:start assumptions=0 phase_lits=1586
c 00h04m31s | stage:sat:solve:done ms=14912 result=Sat assumptions=0 phase_lits=1586
c 00h04m31s | stage:decode:start
c 00h04m32s | stage:decode:done int_assignments=589
c 00h04m32s | result:Sat
c 00h04m32s | objective:incumbent kind=improvement value=3282 rounds=30 improvements=29
o 3282
c 00h04m32s | stage:objective-cut:add timing=incremental-hard backend=cnf form=direct-expr clauses_added=119940
c 00h04m32s | stage:sat:init solver=CaDiCaL vars=1896973 clauses=3823072
c 00h04m32s | stage:sat:solve:start assumptions=0 phase_lits=1586
c 00h05m00s | stage:sat:solve:done ms=27856 result=Sat assumptions=0 phase_lits=1586
c 00h05m00s | stage:decode:start
c 00h05m00s | stage:decode:done int_assignments=589
c 00h05m00s | result:Sat
c 00h05m00s | objective:incumbent kind=improvement value=3181 rounds=31 improvements=30
o 3181
c 00h05m00s | stage:objective-cut:add timing=incremental-hard backend=cnf form=direct-expr clauses_added=119307
c 00h05m00s | stage:sat:init solver=CaDiCaL vars=1956112 clauses=3942379
c 00h05m00s | stage:sat:solve:start assumptions=0 phase_lits=1586
c 00h05m19s | stage:sat:solve:done ms=18847 result=Sat assumptions=0 phase_lits=1586
c 00h05m19s | stage:decode:start
c 00h05m19s | stage:decode:done int_assignments=589
c 00h05m19s | result:Sat
c 00h05m19s | objective:incumbent kind=improvement value=3179 rounds=32 improvements=31
o 3179
c 00h05m19s | stage:objective-cut:add timing=incremental-hard backend=cnf form=direct-expr clauses_added=119413
c 00h05m19s | stage:sat:init solver=CaDiCaL vars=2015305 clauses=4061792
c 00h05m19s | stage:sat:solve:start assumptions=0 phase_lits=1586
c 00h05m56s | stage:sat:solve:done ms=37105 result=Sat assumptions=0 phase_lits=1586
c 00h05m56s | stage:decode:start
c 00h05m56s | stage:decode:done int_assignments=589
c 00h05m56s | result:Sat
c 00h05m56s | objective:incumbent kind=improvement value=3178 rounds=33 improvements=32
o 3178
c 00h05m56s | stage:objective-cut:add timing=incremental-hard backend=cnf form=direct-expr clauses_added=119414
c 00h05m56s | stage:sat:init solver=CaDiCaL vars=2074498 clauses=4181206
c 00h05m56s | stage:sat:solve:start assumptions=0 phase_lits=1586
c 00h06m18s | stage:sat:solve:done ms=21915 result=Sat assumptions=0 phase_lits=1586
c 00h06m18s | stage:decode:start
c 00h06m18s | stage:decode:done int_assignments=589
c 00h06m18s | result:Sat
c 00h06m18s | objective:incumbent kind=improvement value=3171 rounds=34 improvements=33
o 3171
c 00h06m18s | stage:objective-cut:add timing=incremental-hard backend=cnf form=direct-expr clauses_added=119604
c 00h06m18s | stage:sat:init solver=CaDiCaL vars=2133787 clauses=4300810
c 00h06m18s | stage:sat:solve:start assumptions=0 phase_lits=1586
c 00h06m37s | stage:sat:solve:done ms=18468 result=Sat assumptions=0 phase_lits=1586
c 00h06m37s | stage:decode:start
c 00h06m37s | stage:decode:done int_assignments=589
c 00h06m37s | result:Sat
c 00h06m37s | objective:incumbent kind=improvement value=3170 rounds=35 improvements=34
o 3170
c 00h06m37s | stage:objective-cut:add timing=incremental-hard backend=cnf form=direct-expr clauses_added=119605
c 00h06m37s | stage:sat:init solver=CaDiCaL vars=2193076 clauses=4420415
c 00h06m37s | stage:sat:solve:start assumptions=0 phase_lits=1586
c 00h07m03s | stage:sat:solve:done ms=26333 result=Sat assumptions=0 phase_lits=1586
c 00h07m03s | stage:decode:start
c 00h07m04s | stage:decode:done int_assignments=589
c 00h07m04s | result:Sat
c 00h07m04s | objective:incumbent kind=improvement value=3169 rounds=36 improvements=35
o 3169
c 00h07m04s | stage:objective-cut:add timing=incremental-hard backend=cnf form=direct-expr clauses_added=119610
c 00h07m04s | stage:sat:init solver=CaDiCaL vars=2252367 clauses=4540025
c 00h07m04s | stage:sat:solve:start assumptions=0 phase_lits=1586
c 00h07m24s | stage:sat:solve:done ms=20532 result=Sat assumptions=0 phase_lits=1586
c 00h07m24s | stage:decode:start
c 00h07m24s | stage:decode:done int_assignments=589
c 00h07m24s | result:Sat
c 00h07m24s | objective:incumbent kind=improvement value=3168 rounds=37 improvements=36
o 3168
c 00h07m24s | stage:objective-cut:add timing=incremental-hard backend=cnf form=direct-expr clauses_added=119272
c 00h07m25s | stage:sat:init solver=CaDiCaL vars=2311490 clauses=4659297
c 00h07m25s | stage:sat:solve:start assumptions=0 phase_lits=1586
c 00h08m04s | stage:sat:solve:done ms=38996 result=Sat assumptions=0 phase_lits=1586
c 00h08m04s | stage:decode:start
c 00h08m04s | stage:decode:done int_assignments=589
c 00h08m04s | result:Sat
c 00h08m04s | objective:incumbent kind=improvement value=2847 rounds=38 improvements=37
o 2847
c 00h08m04s | stage:objective-cut:add timing=incremental-hard backend=cnf form=direct-expr clauses_added=117999
c 00h08m04s | stage:sat:init solver=CaDiCaL vars=2369971 clauses=4777296
c 00h08m04s | stage:sat:solve:start assumptions=0 phase_lits=1586
c 00h08m13s | stage:sat:solve:done ms=8899 result=Sat assumptions=0 phase_lits=1586
c 00h08m13s | stage:decode:start
c 00h08m13s | stage:decode:done int_assignments=589
c 00h08m13s | result:Sat
c 00h08m13s | objective:incumbent kind=improvement value=2580 rounds=39 improvements=38
o 2580
c 00h08m13s | stage:objective-cut:add timing=incremental-hard backend=cnf form=direct-expr clauses_added=117006
c 00h08m13s | stage:sat:init solver=CaDiCaL vars=2427952 clauses=4894302
c 00h08m13s | stage:sat:solve:start assumptions=0 phase_lits=1586
c 00h08m25s | stage:sat:solve:done ms=12160 result=Sat assumptions=0 phase_lits=1586
c 00h08m25s | stage:decode:start
c 00h08m25s | stage:decode:done int_assignments=589
c 00h08m25s | result:Sat
c 00h08m25s | objective:incumbent kind=improvement value=2573 rounds=40 improvements=39
o 2573
c 00h08m25s | stage:objective-cut:add timing=incremental-hard backend=cnf form=direct-expr clauses_added=116786
c 00h08m25s | stage:sat:init solver=CaDiCaL vars=2485821 clauses=5011088
c 00h08m25s | stage:sat:solve:start assumptions=0 phase_lits=1586
c 00h08m58s | stage:sat:solve:done ms=32522 result=Sat assumptions=0 phase_lits=1586
c 00h08m58s | stage:decode:start
c 00h08m58s | stage:decode:done int_assignments=589
c 00h08m58s | result:Sat
c 00h08m58s | objective:incumbent kind=improvement value=2572 rounds=41 improvements=40
o 2572
c 00h08m58s | stage:objective-cut:add timing=incremental-hard backend=cnf form=direct-expr clauses_added=116895
c 00h08m58s | stage:sat:init solver=CaDiCaL vars=2543746 clauses=5127983
c 00h08m58s | stage:sat:solve:start assumptions=0 phase_lits=1586
c 00h10m54s | stage:sat:solve:done ms=115485 result=Sat assumptions=0 phase_lits=1586
c 00h10m54s | stage:decode:start
c 00h10m54s | stage:decode:done int_assignments=589
c 00h10m54s | result:Sat
c 00h10m54s | objective:incumbent kind=improvement value=2571 rounds=42 improvements=41
o 2571
c 00h10m54s | stage:objective-cut:add timing=incremental-hard backend=cnf form=direct-expr clauses_added=116892
c 00h10m54s | stage:sat:init solver=CaDiCaL vars=2601669 clauses=5244875
c 00h10m54s | stage:sat:solve:start assumptions=0 phase_lits=1586
c 00h11m25s | stage:sat:solve:done ms=31314 result=Sat assumptions=0 phase_lits=1586
c 00h11m25s | stage:decode:start
c 00h11m25s | stage:decode:done int_assignments=589
c 00h11m25s | result:Sat
c 00h11m25s | objective:incumbent kind=improvement value=2570 rounds=43 improvements=42
o 2570
c 00h11m26s | stage:objective-cut:add timing=incremental-hard backend=cnf form=direct-expr clauses_added=116893
c 00h11m26s | stage:sat:init solver=CaDiCaL vars=2659592 clauses=5361768
c 00h11m26s | stage:sat:solve:start assumptions=0 phase_lits=1586
c 00h11m48s | stage:sat:solve:done ms=22476 result=Sat assumptions=0 phase_lits=1586
c 00h11m48s | stage:decode:start
c 00h11m48s | stage:decode:done int_assignments=589
c 00h11m48s | result:Sat
c 00h11m48s | objective:incumbent kind=improvement value=2569 rounds=44 improvements=43
o 2569
c 00h11m48s | stage:objective-cut:add timing=incremental-hard backend=cnf form=direct-expr clauses_added=116898
c 00h11m48s | stage:sat:init solver=CaDiCaL vars=2717517 clauses=5478666
c 00h11m48s | stage:sat:solve:start assumptions=0 phase_lits=1586
c 00h13m42s | stage:sat:solve:done ms=113378 result=Sat assumptions=0 phase_lits=1586
c 00h13m42s | stage:decode:start
c 00h13m42s | stage:decode:done int_assignments=589
c 00h13m42s | result:Sat
c 00h13m42s | objective:incumbent kind=improvement value=2568 rounds=45 improvements=44
o 2568
c 00h13m42s | stage:objective-cut:add timing=incremental-hard backend=cnf form=direct-expr clauses_added=116784
c 00h13m42s | stage:sat:init solver=CaDiCaL vars=2775386 clauses=5595450
c 00h13m42s | stage:sat:solve:start assumptions=0 phase_lits=1586
c 00h14m17s | stage:sat:solve:done ms=34694 result=Sat assumptions=0 phase_lits=1586
c 00h14m17s | stage:decode:start
c 00h14m17s | stage:decode:done int_assignments=589
c 00h14m17s | result:Sat
c 00h14m17s | objective:incumbent kind=improvement value=2567 rounds=46 improvements=45
o 2567
c 00h14m17s | stage:objective-cut:add timing=incremental-hard backend=cnf form=direct-expr clauses_added=116781
c 00h14m17s | stage:sat:init solver=CaDiCaL vars=2833253 clauses=5712231
c 00h14m17s | stage:sat:solve:start assumptions=0 phase_lits=1586
c 00h14m42s | stage:sat:solve:done ms=25095 result=Sat assumptions=0 phase_lits=1586
c 00h14m42s | stage:decode:start
c 00h14m42s | stage:decode:done int_assignments=589
c 00h14m42s | result:Sat
c 00h14m42s | objective:incumbent kind=improvement value=2565 rounds=47 improvements=46
o 2565
c 00h14m42s | stage:objective-cut:add timing=incremental-hard backend=cnf form=direct-expr clauses_added=116787
c 00h14m42s | stage:sat:init solver=CaDiCaL vars=2891122 clauses=5829018
c 00h14m42s | stage:sat:solve:start assumptions=0 phase_lits=1586
c 00h15m11s | stage:sat:solve:done ms=28821 result=Sat assumptions=0 phase_lits=1586
c 00h15m11s | stage:decode:start
c 00h15m11s | stage:decode:done int_assignments=589
c 00h15m11s | result:Sat
c 00h15m11s | objective:incumbent kind=improvement value=2540 rounds=48 improvements=47
o 2540
c 00h15m11s | stage:objective-cut:add timing=incremental-hard backend=cnf form=direct-expr clauses_added=116530
c 00h15m11s | stage:sat:init solver=CaDiCaL vars=2948864 clauses=5945548
c 00h15m11s | stage:sat:solve:start assumptions=0 phase_lits=1586
c 00h16m09s | stage:sat:solve:done ms=57854 result=Sat assumptions=0 phase_lits=1586
c 00h16m09s | stage:decode:start
c 00h16m09s | stage:decode:done int_assignments=589
c 00h16m09s | result:Sat
c 00h16m09s | objective:incumbent kind=improvement value=2469 rounds=49 improvements=48
o 2469
c 00h16m10s | stage:objective-cut:add timing=incremental-hard backend=cnf form=direct-expr clauses_added=116166
c 00h16m10s | stage:sat:init solver=CaDiCaL vars=3006421 clauses=6061714
c 00h16m10s | stage:sat:solve:start assumptions=0 phase_lits=1586
c 00h16m35s | stage:sat:solve:done ms=25697 result=Sat assumptions=0 phase_lits=1586
c 00h16m35s | stage:decode:start
c 00h16m35s | stage:decode:done int_assignments=589
c 00h16m35s | result:Sat
c 00h16m35s | objective:incumbent kind=improvement value=2274 rounds=50 improvements=49
o 2274
c 00h16m36s | stage:objective-cut:add timing=incremental-hard backend=cnf form=direct-expr clauses_added=115295
c 00h16m36s | stage:sat:init solver=CaDiCaL vars=3063541 clauses=6177009
c 00h16m36s | stage:sat:solve:start assumptions=0 phase_lits=1586
c 00h18m33s | stage:sat:solve:done ms=117150 result=Sat assumptions=0 phase_lits=1586
c 00h18m33s | stage:decode:start
c 00h18m33s | stage:decode:done int_assignments=589
c 00h18m33s | result:Sat
c 00h18m33s | objective:incumbent kind=improvement value=2272 rounds=51 improvements=50
o 2272
c 00h18m33s | stage:objective-cut:add timing=incremental-hard backend=cnf form=direct-expr clauses_added=114962
c 00h18m33s | stage:sat:init solver=CaDiCaL vars=3120495 clauses=6291971
c 00h18m33s | stage:sat:solve:start assumptions=0 phase_lits=1586
c 00h19m04s | stage:sat:solve:done ms=30352 result=Sat assumptions=0 phase_lits=1586
c 00h19m04s | stage:decode:start
c 00h19m04s | stage:decode:done int_assignments=589
c 00h19m04s | result:Sat
c 00h19m04s | objective:incumbent kind=improvement value=2270 rounds=52 improvements=51
o 2270
c 00h19m04s | stage:objective-cut:add timing=incremental-hard backend=cnf form=direct-expr clauses_added=114960
c 00h19m04s | stage:sat:init solver=CaDiCaL vars=3177447 clauses=6406931
c 00h19m04s | stage:sat:solve:start assumptions=0 phase_lits=1586
c 00h19m13s | stage:sat:solve:done ms=9138 result=Sat assumptions=0 phase_lits=1586
c 00h19m13s | stage:decode:start
c 00h19m13s | stage:decode:done int_assignments=589
c 00h19m13s | result:Sat
c 00h19m13s | objective:incumbent kind=improvement value=2268 rounds=53 improvements=52
o 2268
c 00h19m13s | stage:objective-cut:add timing=incremental-hard backend=cnf form=direct-expr clauses_added=115074
c 00h19m13s | stage:sat:init solver=CaDiCaL vars=3234457 clauses=6522005
c 00h19m13s | stage:sat:solve:start assumptions=0 phase_lits=1586
c 00h19m56s | stage:sat:solve:done ms=42670 result=Sat assumptions=0 phase_lits=1586
c 00h19m56s | stage:decode:start
c 00h19m56s | stage:decode:done int_assignments=589
c 00h19m56s | result:Sat
c 00h19m56s | objective:incumbent kind=improvement value=2267 rounds=54 improvements=53
o 2267
c 00h19m56s | stage:objective-cut:add timing=incremental-hard backend=cnf form=direct-expr clauses_added=115071
c 00h19m56s | stage:sat:init solver=CaDiCaL vars=3291465 clauses=6637076
c 00h19m56s | stage:sat:solve:start assumptions=0 phase_lits=1586
c 00h20m19s | stage:sat:solve:done ms=22644 result=Sat assumptions=0 phase_lits=1586
c 00h20m19s | stage:decode:start
c 00h20m19s | stage:decode:done int_assignments=589
c 00h20m19s | result:Sat
c 00h20m19s | objective:incumbent kind=improvement value=2264 rounds=55 improvements=54
o 2264
c 00h20m19s | stage:objective-cut:add timing=incremental-hard backend=cnf form=direct-expr clauses_added=114963
c 00h20m19s | stage:sat:init solver=CaDiCaL vars=3348419 clauses=6752039
c 00h20m19s | stage:sat:solve:start assumptions=0 phase_lits=1586
c 00h20m37s | stage:sat:solve:done ms=17950 result=Sat assumptions=0 phase_lits=1586
c 00h20m37s | stage:decode:start
c 00h20m37s | stage:decode:done int_assignments=589
c 00h20m37s | result:Sat
c 00h20m37s | objective:incumbent kind=improvement value=2263 rounds=56 improvements=55
o 2263
c 00h20m38s | stage:objective-cut:add timing=incremental-hard backend=cnf form=direct-expr clauses_added=114960
c 00h20m38s | stage:sat:init solver=CaDiCaL vars=3405371 clauses=6866999
c 00h20m38s | stage:sat:solve:start assumptions=0 phase_lits=1586
c 00h21m01s | stage:sat:solve:done ms=23570 result=Sat assumptions=0 phase_lits=1586
c 00h21m01s | stage:decode:start
c 00h21m01s | stage:decode:done int_assignments=589
c 00h21m01s | result:Sat
c 00h21m01s | objective:incumbent kind=improvement value=2261 rounds=57 improvements=56
o 2261
c 00h21m01s | stage:objective-cut:add timing=incremental-hard backend=cnf form=direct-expr clauses_added=114966
c 00h21m01s | stage:sat:init solver=CaDiCaL vars=3462325 clauses=6981965
c 00h21m01s | stage:sat:solve:start assumptions=0 phase_lits=1586
c 00h21m41s | stage:sat:solve:done ms=39943 result=Sat assumptions=0 phase_lits=1586
c 00h21m41s | stage:decode:start
c 00h21m41s | stage:decode:done int_assignments=589
c 00h21m41s | result:Sat
c 00h21m41s | objective:incumbent kind=improvement value=2260 rounds=58 improvements=57
o 2260
c 00h21m42s | stage:objective-cut:add timing=incremental-hard backend=cnf form=direct-expr clauses_added=115186
c 00h21m42s | stage:sat:init solver=CaDiCaL vars=3519391 clauses=7097151
c 00h21m42s | stage:sat:solve:start assumptions=0 phase_lits=1586
c 00h23m51s | stage:sat:solve:done ms=129356 result=Sat assumptions=0 phase_lits=1586
c 00h23m51s | stage:decode:start
c 00h23m51s | stage:decode:done int_assignments=589
c 00h23m51s | result:Sat
c 00h23m51s | objective:incumbent kind=improvement value=2259 rounds=59 improvements=58
o 2259
c 00h23m51s | stage:objective-cut:add timing=incremental-hard backend=cnf form=direct-expr clauses_added=115183
c 00h23m51s | stage:sat:init solver=CaDiCaL vars=3576455 clauses=7212334
c 00h23m51s | stage:sat:solve:start assumptions=0 phase_lits=1586
c 00h24m24s | stage:sat:solve:done ms=32667 result=Sat assumptions=0 phase_lits=1586
c 00h24m24s | stage:decode:start
c 00h24m24s | stage:decode:done int_assignments=589
c 00h24m24s | result:Sat
c 00h24m24s | objective:incumbent kind=improvement value=2258 rounds=60 improvements=59
o 2258
c 00h24m24s | stage:objective-cut:add timing=incremental-hard backend=cnf form=direct-expr clauses_added=115184
c 00h24m24s | stage:sat:init solver=CaDiCaL vars=3633519 clauses=7327518
c 00h24m24s | stage:sat:solve:start assumptions=0 phase_lits=1586
c 00h24m49s | stage:sat:solve:done ms=24790 result=Sat assumptions=0 phase_lits=1586
c 00h24m49s | stage:decode:start
c 00h24m49s | stage:decode:done int_assignments=589
c 00h24m49s | result:Sat
c 00h24m49s | objective:incumbent kind=improvement value=2257 rounds=61 improvements=60
o 2257
c 00h24m49s | stage:objective-cut:add timing=incremental-hard backend=cnf form=direct-expr clauses_added=115189
c 00h24m49s | stage:sat:init solver=CaDiCaL vars=3690585 clauses=7442707
c 00h24m49s | stage:sat:solve:start assumptions=0 phase_lits=1586
c 00h25m23s | stage:sat:solve:done ms=33275 result=Sat assumptions=0 phase_lits=1586
c 00h25m23s | stage:decode:start
c 00h25m23s | stage:decode:done int_assignments=589
c 00h25m23s | result:Sat
c 00h25m23s | objective:incumbent kind=improvement value=2255 rounds=62 improvements=61
o 2255
c 00h25m23s | stage:objective-cut:add timing=incremental-hard backend=cnf form=direct-expr clauses_added=114960
c 00h25m23s | stage:sat:init solver=CaDiCaL vars=3747537 clauses=7557667
c 00h25m23s | stage:sat:solve:start assumptions=0 phase_lits=1586
c 00h25m51s | stage:sat:solve:done ms=28163 result=Sat assumptions=0 phase_lits=1586
c 00h25m51s | stage:decode:start
c 00h25m51s | stage:decode:done int_assignments=589
c 00h25m51s | result:Sat
c 00h25m51s | objective:incumbent kind=improvement value=2254 rounds=63 improvements=62
o 2254
c 00h25m51s | stage:objective-cut:add timing=incremental-hard backend=cnf form=direct-expr clauses_added=114961
c 00h25m51s | stage:sat:init solver=CaDiCaL vars=3804489 clauses=7672628
c 00h25m51s | stage:sat:solve:start assumptions=0 phase_lits=1586
s SATISFIABLE
o 2254
v <instantiation>
v   <list> x[0][0] x[0][1] x[0][2] x[0][3] x[0][4] x[0][5] x[0][6] x[0][7] x[0][8] x[0][9] x[1][0] x[1][1] x[1][2] x[1][3] x[1][4] x[1][5] x[1][6] x[1][7] x[1][8] x[1][9] x[2][0] x[2][1] x[2][2] x[2][3] x[2][4] x[2][5] x[2][6] x[2][7] x[2][8] x[2][9] x[3][0] x[3][1] x[3][2] x[3][3] x[3][4] x[3][5] x[3][6] x[3][7] x[3][8] x[3][9] x[4][0] x[4][1] x[4][2] x[4][3] x[4][4] x[4][5] x[4][6] x[4][7] x[4][8] x[4][9] x[5][0] x[5][1] x[5][2] x[5][3] x[5][4] x[5][5] x[5][6] x[5][7] x[5][8] x[5][9] x[6][0] x[6][1] x[6][2] x[6][3] x[6][4] x[6][5] x[6][6] x[6][7] x[6][8] x[6][9] x[7][0] x[7][1] x[7][2] x[7][3] x[7][4] x[7][5] x[7][6] x[7][7] x[7][8] x[7][9] x[8][0] x[8][1] x[8][2] x[8][3] x[8][4] x[8][5] x[8][6] x[8][7] x[8][8] x[8][9] x[9][0] x[9][1] x[9][2] x[9][3] x[9][4] x[9][5] x[9][6] x[9][7] x[9][8] x[9][9] x[10][0] x[10][1] x[10][2] x[10][3] x[10][4] x[10][5] x[10][6] x[10][7] x[10][8] x[10][9] x[11][0] x[11][1] x[11][2] x[11][3] x[11][4] x[11][5] x[11][6] x[11][7] x[11][8] x[11][9] x[12][0] x[12][1] x[12][2] x[12][3] x[12][4] x[12][5] x[12][6] x[12][7] x[12][8] x[12][9] x[13][0] x[13][1] x[13][2] x[13][3] x[13][4] x[13][5] x[13][6] x[13][7] x[13][8] x[13][9] x[14][0] x[14][1] x[14][2] x[14][3] x[14][4] x[14][5] x[14][6] x[14][7] x[14][8] x[14][9] x[15][0] x[15][1] x[15][2] x[15][3] x[15][4] x[15][5] x[15][6] x[15][7] x[15][8] x[15][9] x[16][0] x[16][1] x[16][2] x[16][3] x[16][4] x[16][5] x[16][6] x[16][7] x[16][8] x[16][9] x[17][0] x[17][1] x[17][2] x[17][3] x[17][4] x[17][5] x[17][6] x[17][7] x[17][8] x[17][9] x[18][0] x[18][1] x[18][2] x[18][3] x[18][4] x[18][5] x[18][6] x[18][7] x[18][8] x[18][9] x[19][0] x[19][1] x[19][2] x[19][3] x[19][4] x[19][5] x[19][6] x[19][7] x[19][8] x[19][9] x[20][0] x[20][1] x[20][2] x[20][3] x[20][4] x[20][5] x[20][6] x[20][7] x[20][8] x[20][9] x[21][0] x[21][1] x[21][2] x[21][3] x[21][4] x[21][5] x[21][6] x[21][7] x[21][8] x[21][9] x[22][0] x[22][1] x[22][2] x[22][3] x[22][4] x[22][5] x[22][6] x[22][7] x[22][8] x[22][9] x[23][0] x[23][1] x[23][2] x[23][3] x[23][4] x[23][5] x[23][6] x[23][7] x[23][8] x[23][9] x[24][0] x[24][1] x[24][2] x[24][3] x[24][4] x[24][5] x[24][6] x[24][7] x[24][8] x[24][9] x[25][0] x[25][1] x[25][2] x[25][3] x[25][4] x[25][5] x[25][6] x[25][7] x[25][8] x[25][9] x[26][0] x[26][1] x[26][2] x[26][3] x[26][4] x[26][5] x[26][6] x[26][7] x[26][8] x[26][9] x[27][0] x[27][1] x[27][2] x[27][3] x[27][4] x[27][5] x[27][6] x[27][7] x[27][8] x[27][9] ps[0][0] ps[0][1] ps[0][2] ps[1][0] ps[1][1] ps[1][2] ps[2][0] ps[2][1] ps[2][2] ps[3][0] ps[3][1] ps[3][2] ps[4][0] ps[4][1] ps[4][2] ps[5][0] ps[5][1] ps[5][2] ps[6][0] ps[6][1] ps[6][2] ps[7][0] ps[7][1] ps[7][2] ps[8][0] ps[8][1] ps[8][2] ps[9][0] ps[9][1] ps[9][2] ds[0][0] ds[0][1] ds[0][2] ds[1][0] ds[1][1] ds[1][2] ds[2][0] ds[2][1] ds[2][2] ds[3][0] ds[3][1] ds[3][2] ds[4][0] ds[4][1] ds[4][2] ds[5][0] ds[5][1] ds[5][2] ds[6][0] ds[6][1] ds[6][2] ds[7][0] ds[7][1] ds[7][2] ds[8][0] ds[8][1] ds[8][2] ds[9][0] ds[9][1] ds[9][2] ds[10][0] ds[10][1] ds[10][2] ds[11][0] ds[11][1] ds[11][2] ds[12][0] ds[12][1] ds[12][2] ds[13][0] ds[13][1] ds[13][2] ds[14][0] ds[14][1] ds[14][2] ds[15][0] ds[15][1] ds[15][2] ds[16][0] ds[16][1] ds[16][2] ds[17][0] ds[17][1] ds[17][2] ds[18][0] ds[18][1] ds[18][2] ds[19][0] ds[19][1] ds[19][2] ds[20][0] ds[20][1] ds[20][2] ds[21][0] ds[21][1] ds[21][2] ds[22][0] ds[22][1] ds[22][2] ds[23][0] ds[23][1] ds[23][2] ds[24][0] ds[24][1] ds[24][2] ds[25][0] ds[25][1] ds[25][2] ds[26][0] ds[26][1] ds[26][2] ds[27][0] ds[27][1] ds[27][2] wk[0][0] wk[0][1] wk[0][2] wk[0][3] wk[1][0] wk[1][1] wk[1][2] wk[1][3] wk[2][0] wk[2][1] wk[2][2] wk[2][3] wk[3][0] wk[3][1] wk[3][2] wk[3][3] wk[4][0] wk[4][1] wk[4][2] wk[4][3] wk[5][0] wk[5][1] wk[5][2] wk[5][3] wk[6][0] wk[6][1] wk[6][2] wk[6][3] wk[7][0] wk[7][1] wk[7][2] wk[7][3] wk[8][0] wk[8][1] wk[8][2] wk[8][3] wk[9][0] wk[9][1] wk[9][2] wk[9][3] cn[0] cn[1] cn[2] cn[3] cn[4] cn[5] cn[6] cn[7] cn[8] cn[9] cn[10] cn[11] cn[12] cn[13] cn[14] cn[15] cn[16] cn[17] cn[18] cn[19] cn[20] cn[21] cn[22] cn[23] cn[24] cn[25] cn[26] cn[27] cn[28] cn[29] cn[30] cn[31] cn[32] cn[33] cn[34] cn[35] cn[36] cn[37] cn[38] cn[39] cn[40] cn[41] cn[42] cn[43] cn[44] cn[45] cn[46] cn[47] cn[48] cn[49] cn[50] cn[51] cf[0] cf[1] cf[2] cf[3] cf[4] cf[5] cf[6] cf[7] cf[8] cf[9] cf[10] cf[11] cf[12] cf[13] cf[14] cf[15] cf[16] cf[17] cf[18] cc[0][0] cc[0][1] cc[0][2] cc[1][0] cc[1][1] cc[1][2] cc[2][0] cc[2][1] cc[2][2] cc[3][0] cc[3][1] cc[3][2] cc[4][0] cc[4][1] cc[4][2] cc[5][0] cc[5][1] cc[5][2] cc[6][0] cc[6][1] cc[6][2] cc[7][0] cc[7][1] cc[7][2] cc[8][0] cc[8][1] cc[8][2] cc[9][0] cc[9][1] cc[9][2] cc[10][0] cc[10][1] cc[10][2] cc[11][0] cc[11][1] cc[11][2] cc[12][0] cc[12][1] cc[12][2] cc[13][0] cc[13][1] cc[13][2] cc[14][0] cc[14][1] cc[14][2] cc[15][0] cc[15][1] cc[15][2] cc[16][0] cc[16][1] cc[16][2] cc[17][0] cc[17][1] cc[17][2] cc[18][0] cc[18][1] cc[18][2] cc[19][0] cc[19][1] cc[19][2] cc[20][0] cc[20][1] cc[20][2] cc[21][0] cc[21][1] cc[21][2] cc[22][0] cc[22][1] cc[22][2] cc[23][0] cc[23][1] cc[23][2] cc[24][0] cc[24][1] cc[24][2] cc[25][0] cc[25][1] cc[25][2] cc[26][0] cc[26][1] cc[26][2] cc[27][0] cc[27][1] cc[27][2] </list>
v   <values> 2 0 0 2 2 1 1 1 0 2 2 0 0 2 2 1 1 1 0 2 1 0 0 2 0 1 2 1 0 1 1 2 2 0 0 1 2 2 2 1 1 2 2 0 0 1 1 2 2 2 2 2 2 2 0 2 1 1 0 2 2 2 2 2 0 2 1 1 0 2 1 0 0 0 2 2 1 1 0 0 1 0 1 0 2 2 2 1 0 0 1 0 2 0 2 2 2 1 2 0 1 2 2 1 0 2 0 2 2 1 1 2 0 2 0 1 0 2 0 1 2 0 1 2 2 1 2 0 1 2 2 0 2 0 2 1 2 0 2 2 1 0 2 1 0 1 1 0 2 2 1 0 0 1 0 1 1 0 2 0 1 2 0 1 0 2 1 1 0 0 2 2 1 1 0 2 2 2 0 0 2 0 1 2 0 1 2 2 1 0 0 0 2 2 2 1 0 2 2 0 1 0 2 2 2 1 0 2 2 2 2 2 2 1 1 2 0 0 0 2 2 2 2 1 1 2 0 0 0 0 0 0 0 2 2 1 1 0 0 1 1 0 0 2 2 1 2 1 0 2 1 0 0 1 0 1 2 1 0 2 1 2 0 1 0 2 2 2 2 0 2 2 0 1 0 2 2 2 2 0 2 15 11 16 0 12 12 4 12 6 10 12 15 2 11 0 16 12 6 10 12 7 11 10 15 2 11 11 5 12 3 3 4 3 3 4 4 4 2 2 3 5 2 3 5 2 2 6 2 2 6 5 3 2 4 3 3 3 2 5 2 3 5 4 3 3 2 3 5 3 1 6 3 4 3 5 4 1 4 4 2 3 2 5 3 3 4 4 1 5 2 2 6 3 2 5 4 2 4 5 3 2 3 3 4 4 4 2 3 2 5 3 1 6 0 0 1 1 0 1 1 0 0 1 0 1 0 1 0 1 1 0 0 1 0 1 1 0 1 0 1 0 1 1 0 0 1 1 0 0 0 0 1 1 0 0 1 0 0 0 0 0 0 3 0 3 2 0 0 0 0 0 0 2 2 1 1 1 1 1 0 0 0 0 0 0 0 0 0 3 3 3 3 3 3 0 0 0 0 2 2 0 2 0 0 0 0 3 0 0 0 0 0 1 1 0 0 2 0 0 0 0 0 0 0 1 0 0 0 0 0 0 0 0 0 0 0 0 0 0 0 100 0 0 100 0 2 0 0 0 0 0 0 0 0 0 0 0 0 0 0 0 0 0 200 200 0 0 0 0 0 0 0 0 0 0 0 0 0 1 0 0 200 300 0 0 0 0 100 200 0 1 0 0 0 0 0 100 100 0 0 200 0 100 200 0 100 0 0 </values>
v </instantiation>
d OBJECTIVE_VALUE 2254
d OPTIMAL 0
d OBJECTIVE_ROUNDS 63
d OBJECTIVE_IMPROVEMENTS 62
d COP_INCUMBENT_ELAPSED_MS 1551772
d SOLVE_ELAPSED_MS 1799175
d CURRENT_STAGE sat
d CURRENT_STAGE_ELAPSED_MS 247184
d LAST_COMPLETED_STAGE decode
d STAGE_PROPAGATE_STATUS done
d STAGE_NORMALIZE_STATUS done
d STAGE_LOWER_STATUS done
d STAGE_POST_LOWER_STATUS done
d STAGE_PREENCODE_STATUS done
d STAGE_ENCODE_STATUS done
d STAGE_SAT_STATUS running
d STAGE_DECODE_STATUS done
d STAGE_RELAXATION_STATUS pending
d STAGE_DUMP_CNF_STATUS pending
d SOURCE_CONSTRAINTS 1410
d NORMALIZED_CONSTRAINTS 1410
d LOWERED_CONSTRAINTS 1410
d UNSUPPORTED_CONSTRAINTS 0
d SAT_VARS 63379
d SAT_CLAUSES_BASE 125984
d SAT_CLAUSES_FINAL 7672628
d SAT_CLAUSES_CEGAR_DELTA 0
d MEMORY_RSS_BYTES 23691264
d MEMORY_RSS_AFTER_PROPAGATE_BYTES 6582272
d MEMORY_RSS_AFTER_LOWER_BYTES 7659520
d MEMORY_RSS_AFTER_POST_LOWER_BYTES 7929856
d MEMORY_RSS_BEFORE_PREENCODE_BYTES 7929856
d MEMORY_RSS_AFTER_PREENCODE_BYTES 8200192
d MEMORY_RSS_BEFORE_ENCODE_BYTES 8200192
d MEMORY_RSS_ENCODE_SAMPLE_INTERVAL_CLAUSES 1000000
d MEMORY_RSS_ENCODE_SAMPLE_COUNT 10
d MEMORY_RSS_ENCODE_LAST_SAMPLE_CLAUSE 125984
d MEMORY_RSS_ENCODE_LAST_SAMPLE_BYTES 23691264
d MEMORY_RSS_ENCODE_MAX_SAMPLE_BYTES 23691264
d SAT_CONFLICTS 521523
d LINEAR_INT_EQ_ARITY_STATS {"1":{"count":932,"max_domain_product_excluding_one_var":"1","p95_domain_product_excluding_one_var":"1"}}
d LINEAR_INT_NE_ARITY_STATS {"1":{"count":119,"max_domain_product_excluding_one_var":"1","p95_domain_product_excluding_one_var":"1"}}
d LINEAR_INT_GE_ARITY_STATS {"2":{"count":20,"max_domain_product_excluding_one_var":"19","p95_domain_product_excluding_one_var":"19"},"4":{"count":10,"max_domain_product_excluding_one_var":"8","p95_domain_product_excluding_one_var":"8"}}
d LINEAR_BOOL_MIXED_ARITY_STATS {"6":{"count":230,"max_domain_product_excluding_one_var":"32","p95_domain_product_excluding_one_var":"32"},"11":{"count":84,"max_domain_product_excluding_one_var":"1024","p95_domain_product_excluding_one_var":"1024"},"29":{"count":30,"max_domain_product_excluding_one_var":"268435456","p95_domain_product_excluding_one_var":"268435456"}}
d ROOT_LP_ENTERED 0
d ROOT_LP_STATUS skipped
d ROOT_LP_MS 0
d ROOT_LP_REASON root_lp_disabled
d OBJECTIVE_CUT_TIMING incremental-hard
d OBJECTIVE_CUT_BACKEND cnf
d OBJECTIVE_CUT_FORM direct-expr
d OBJECTIVE_CUT_EAGER_CLAUSES_ADDED 7546644
d PROPAGATE_PRUNED_VALUES 362
d PROPAGATE_CHANGED_DOMAINS 232
d PROPAGATE_ENTAILED_TABLES 28
d POST_LOWER_ROUNDS 12
d POST_LOWER_TIGHTENED_DOMAINS 18
d POST_LOWER_REMOVED_CLAUSES 297
d POST_LOWER_REMOVED_LITS 284
d POST_LOWER_DETECTED_UNSAT 0
d PREENCODE_INT_VARS 2669
d ENCODE_EXTERNAL_GE_SPECS 0
d ENCODE_RELAXED_CIRCUITS 0
d LOG_SCOP_LINEAR_PB_CONSTRAINTS 4458
d LOG_SCOP_LINEAR_PB_MIXED_DISPATCH_CONSTRAINTS 0
d LOG_SCOP_LINEAR_PB_MIXED_ATTEMPT_BDD 0
d LOG_SCOP_LINEAR_PB_MIXED_ATTEMPT_SORTER 0
d LOG_SCOP_LINEAR_PB_MIXED_ATTEMPT_DADDA 0
d LOG_SCOP_LINEAR_PB_MIXED_REJECT_BDD_BUDGET 0
d LOG_SCOP_LINEAR_PB_MIXED_REJECT_SORTER_BUDGET 0
d LOG_SCOP_LINEAR_PB_MIXED_FALLBACK_BDD_TO_SORTER 0
d LOG_SCOP_LINEAR_PB_MIXED_FALLBACK_BDD_TO_DADDA 0
d LOG_SCOP_LINEAR_PB_MIXED_FALLBACK_SORTER_TO_BDD 0
d LOG_SCOP_LINEAR_PB_MIXED_FALLBACK_SORTER_TO_DADDA 0
d LOG_SCOP_LINEAR_PB_BACKEND_BDD2 4458
d LOG_SCOP_LINEAR_PB_BACKEND_BDD3 0
d LOG_SCOP_LINEAR_PB_BACKEND_SORTER 0
d LOG_SCOP_LINEAR_PB_BACKEND_DADDA 0
d LOG_SCOP_LINEAR_PB_BDD_DECOMPOSITION_RAW 4458
d LOG_SCOP_LINEAR_PB_BDD_DECOMPOSITION_BINARY 0
d LOG_SCOP_LINEAR_PB_BDD_DECOMPOSITION_MULTIBASE 0
d MEMORY_RSS_BYTES 23691264
d MEMORY_RSS_AFTER_PROPAGATE_BYTES 6582272
d MEMORY_RSS_AFTER_LOWER_BYTES 7659520
d MEMORY_RSS_AFTER_POST_LOWER_BYTES 7929856
d MEMORY_RSS_BEFORE_PREENCODE_BYTES 7929856
d MEMORY_RSS_AFTER_PREENCODE_BYTES 8200192
d MEMORY_RSS_BEFORE_ENCODE_BYTES 8200192
d MEMORY_RSS_ENCODE_SAMPLE_INTERVAL_CLAUSES 1000000
d MEMORY_RSS_ENCODE_SAMPLE_COUNT 10
d MEMORY_RSS_ENCODE_LAST_SAMPLE_CLAUSE 125984
d MEMORY_RSS_ENCODE_LAST_SAMPLE_BYTES 23691264
d MEMORY_RSS_ENCODE_MAX_SAMPLE_BYTES 23691264
d DECODE_INT_ASSIGNMENTS 589
d CIRCUIT_CEGAR_FAILURES 0
d CIRCUIT_CEGAR_ROUNDS 0
d CIRCUIT_CEGAR_ADDED_CLAUSES 0
d CUMULATIVE_CEGAR_FAILURES 0
d CUMULATIVE_CEGAR_ROUNDS 0
d CUMULATIVE_CEGAR_ADDED_CLAUSES 0
d COP_CEGAR_FAILURES 0
d COP_CEGAR_ROUNDS 0
d COP_CEGAR_ADDED_CLAUSES 0
d CSV /bench/competition/2022-2025/COP22to25/NurseRostering-04_c22.xml.lzma,sat,1410,1410,1410,0,63379,7672628,1799169,,,,,,,0,skipped,,,,,,0,,,,,,,timeout_signal,incumbent_interrupted_by_signal
signal=15; emitted incumbent csv row
c run_end_local: 2026-06-01 10:49:01 +0900
