# WCTIME: wall clock time in seconds
WCTIME=1155.67
# CPUTIME: CPU time in seconds (USERTIME+SYSTEMTIME)
CPUTIME=1150.48
# USERTIME: CPU time spent in user mode in seconds
USERTIME=1085.04
# SYSTEMTIME: CPU time spent in system mode in seconds
SYSTEMTIME=65.4368
# CPUUSAGE: CPUTIME/WCTIME in percent
CPUUSAGE=99.5511
# MAXVM: maximum virtual memory used in KiB
MAXVM=192978472
# MAXMM: maximum memory used in KiB
MAXMM=124470568
# MAXRSS: maximum Resident Segment Size in KiB
MAXRSS=124489824
# TIMEOUT: did the solver exceed the time limit?
TIMEOUT=false
# MEMOUT: did the solver exceed the memory limit?
MEMOUT=false
# EXITSTATUS: Exit status of the solver
EXITSTATUS=35072
