# WCTIME: wall clock time in seconds
WCTIME=2.73648
# CPUTIME: CPU time in seconds (USERTIME+SYSTEMTIME)
CPUTIME=2.69373
# USERTIME: CPU time spent in user mode in seconds
USERTIME=2.66326
# SYSTEMTIME: CPU time spent in system mode in seconds
SYSTEMTIME=0.030476
# CPUUSAGE: CPUTIME/WCTIME in percent
CPUUSAGE=98.438
# MAXVM: maximum virtual memory used in KiB
MAXVM=208904
# MAXMM: maximum memory used in KiB
MAXMM=14980
# MAXRSS: maximum Resident Segment Size in KiB
MAXRSS=15052
# TIMEOUT: did the solver exceed the time limit?
TIMEOUT=false
# MEMOUT: did the solver exceed the memory limit?
MEMOUT=false
# EXITSTATUS: Exit status of the solver
EXITSTATUS=0
