# WCTIME: wall clock time in seconds
WCTIME=1800.45
# CPUTIME: CPU time in seconds (USERTIME+SYSTEMTIME)
CPUTIME=1792.76
# USERTIME: CPU time spent in user mode in seconds
USERTIME=1710.94
# SYSTEMTIME: CPU time spent in system mode in seconds
SYSTEMTIME=81.8159
# CPUUSAGE: CPUTIME/WCTIME in percent
CPUUSAGE=99.5728
# MAXVM: maximum virtual memory used in KiB
MAXVM=76870432
# MAXMM: maximum memory used in KiB
MAXMM=55542508
# MAXRSS: maximum Resident Segment Size in KiB
MAXRSS=55552564
# TIMEOUT: did the solver exceed the time limit?
TIMEOUT=true
# MEMOUT: did the solver exceed the memory limit?
MEMOUT=false
# EXITSTATUS: Exit status of the solver
EXITSTATUS=36608
