# WCTIME: wall clock time in seconds
WCTIME=1800.36
# CPUTIME: CPU time in seconds (USERTIME+SYSTEMTIME)
CPUTIME=1791.9
# USERTIME: CPU time spent in user mode in seconds
USERTIME=1730.52
# SYSTEMTIME: CPU time spent in system mode in seconds
SYSTEMTIME=61.3876
# CPUUSAGE: CPUTIME/WCTIME in percent
CPUUSAGE=99.5301
# MAXVM: maximum virtual memory used in KiB
MAXVM=39230564
# MAXMM: maximum memory used in KiB
MAXMM=31847148
# MAXRSS: maximum Resident Segment Size in KiB
MAXRSS=32085348
# TIMEOUT: did the solver exceed the time limit?
TIMEOUT=true
# MEMOUT: did the solver exceed the memory limit?
MEMOUT=false
# EXITSTATUS: Exit status of the solver
EXITSTATUS=36608
