# WCTIME: wall clock time in seconds
WCTIME=120.679
# CPUTIME: CPU time in seconds (USERTIME+SYSTEMTIME)
CPUTIME=83.2787
# USERTIME: CPU time spent in user mode in seconds
USERTIME=25.0575
# SYSTEMTIME: CPU time spent in system mode in seconds
SYSTEMTIME=58.2211
# CPUUSAGE: CPUTIME/WCTIME in percent
CPUUSAGE=69.0086
# MAXVM: maximum virtual memory used in KiB
MAXVM=1171088220
# MAXMM: maximum memory used in KiB
MAXMM=122749528
# MAXRSS: maximum Resident Segment Size in KiB
MAXRSS=113409092
# TIMEOUT: did the solver exceed the time limit?
TIMEOUT=false
# MEMOUT: did the solver exceed the memory limit?
MEMOUT=false
# EXITSTATUS: Exit status of the solver
EXITSTATUS=35072
