c cmd: /host-parser-bin/kat_xcsp_2ccb88e9 /bench/competition/2022-2025/COP22to25/WordGolf-4-ogd2008-50-2_c24.xml.lzma --encoder order-ge --order-ge-shorten-link-cost --cop-pipeline guarded-basic --cop-objective-cut direct-expr --cop-objective-cut-timing incremental-hard --cop-objective-cut-backend cnf --table-encoding mdd-tl --eq-ne-encoding direct --direct-eq-ne-max-arity 2 --cumulative-mode exact --cumulative-decomposition time-rd --progress
c version: kat-cli=0.1.0 git=unknown-clean
c run_start_local: 2026-05-27 15:40:51 +0900
c 00h00m00s | solve:start
c 00h00m00s | input: constraints=344
c 00h00m00s | stage:propagate:start
c 00h00m00s | stage:propagate:done ms=59 pruned=13239 changed_domains=12 entailed_tables=0
c 00h00m00s | memory:rss checkpoint=after_propagate bytes=21336064
c 00h00m00s | stage:normalize:start
c 00h00m00s | stage:normalize:done ms=0 high_constraints=344
c 00h00m00s | stage:lower:start
c 00h00m00s | stage:lower:progress percent=10 processed=35 total=344 lowered=35 unsupported=0 ms=695
c 00h00m01s | stage:lower:progress percent=20 processed=69 total=344 lowered=69 unsupported=0 ms=1468
c 00h00m02s | stage:lower:progress percent=30 processed=104 total=344 lowered=104 unsupported=0 ms=2279
c 00h00m03s | stage:lower:progress percent=40 processed=138 total=344 lowered=138 unsupported=0 ms=3056
c 00h00m03s | stage:lower:progress percent=50 processed=172 total=344 lowered=172 unsupported=0 ms=3873
c 00h00m04s | stage:lower:progress percent=60 processed=207 total=344 lowered=207 unsupported=0 ms=4420
c 00h00m04s | stage:lower:progress percent=70 processed=241 total=344 lowered=241 unsupported=0 ms=4420
c 00h00m04s | stage:lower:progress percent=80 processed=276 total=344 lowered=276 unsupported=0 ms=4420
c 00h00m04s | stage:lower:progress percent=90 processed=310 total=344 lowered=310 unsupported=0 ms=4421
c 00h00m04s | stage:lower:progress percent=100 processed=344 total=344 lowered=344 unsupported=0 ms=4422
c 00h00m04s | stage:lower:done ms=4439 lowered=344 unsupported=0
c 00h00m04s | memory:rss checkpoint=after_lower bytes=177274880
c 00h00m04s | stage:post_lower:start
c 00h00m04s | stage:post_lower:done ms=281 rounds=0 tightened=0 removed_cls=6 removed_lits=0 unsat=false precise_hits=49 precise_rounds=1 pivot_recomputes=0 pivot_exact_attempts=0 pivot_general_attempts=0 pivot_general_rest_missing=0 pivot_general_bound_missing=0 pivot_general_no_change=0 pivot_general_tightened=0 setup_ms=132 loop_ms=125 pivot_ms=0 pivot_version_ms=0 pivot_exact_ms=0 pivot_general_ms=0 pivot_general_prepare_ms=0 pivot_general_rest_ms=0 pivot_general_derive_ms=0 apply_ms=20 sat_ms=0 precise_ms=2
c 00h00m04s | memory:rss checkpoint=after_post_lower bytes=257515520
c 00h00m04s | stage:lowered-shape int_vars=300 bool_vars=196 linear_atoms=318398 table_atoms=0 table_tuples=0 table_scope=0 alldiff_atoms=0 circuit_atoms=0 product_atoms=0 logical_clauses=1252041
c 00h00m04s | stage:root-lp:skip reason=disabled ms=0
c 00h00m04s | memory:rss checkpoint=before_preencode bytes=258035712
c 00h00m04s | stage:preencode(order-ge):start
c 00h00m05s | stage:preencode(order-ge):done ms=727 int_vars=496
c 00h00m05s | memory:rss checkpoint=after_preencode bytes=446705664
c 00h00m05s | memory:rss checkpoint=before_encode bytes=446705664
c 00h00m05s | stage:encode(order-ge):start
c 00h00m05s | memory:rss checkpoint=encode_clause_sample stage=order-ge clauses=575597 bytes=498016256 progress_percent=10 processed=125258 total=1252580
c 00h00m05s | stage:encode(order-ge):progress percent=10 processed=125258 total=1252580 sat_clauses=575597 ms=337
c 00h00m05s | memory:rss checkpoint=encode_clause_sample stage=order-ge clauses=833047 bytes=529096704 progress_percent=20 processed=250516 total=1252580
c 00h00m05s | stage:encode(order-ge):progress percent=20 processed=250516 total=1252580 sat_clauses=833047 ms=428
c 00h00m06s | memory:rss checkpoint=encode_clause_sample stage=order-ge clauses=1090497 bytes=555319296 progress_percent=30 processed=375774 total=1252580
c 00h00m06s | stage:encode(order-ge):progress percent=30 processed=375774 total=1252580 sat_clauses=1090497 ms=522
c 00h00m06s | memory:rss checkpoint=encode_clause_sample stage=order-ge clauses=1344513 bytes=682577920 progress_percent=40 processed=501032 total=1252580
c 00h00m06s | stage:encode(order-ge):progress percent=40 processed=501032 total=1252580 sat_clauses=1344513 ms=653
c 00h00m06s | memory:rss checkpoint=encode_clause_sample stage=order-ge clauses=1581581 bytes=706523136 progress_percent=50 processed=626290 total=1252580
c 00h00m06s | stage:encode(order-ge):progress percent=50 processed=626290 total=1252580 sat_clauses=1581581 ms=745
c 00h00m06s | memory:rss checkpoint=encode_clause_sample stage=order-ge clauses=1836879 bytes=734601216 progress_percent=60 processed=751548 total=1252580
c 00h00m06s | stage:encode(order-ge):progress percent=60 processed=751548 total=1252580 sat_clauses=1836879 ms=841
c 00h00m06s | memory:rss checkpoint=encode_clause_sample stage=order-ge clauses=2094329 bytes=754335744 progress_percent=70 processed=876806 total=1252580
c 00h00m06s | stage:encode(order-ge):progress percent=70 processed=876806 total=1252580 sat_clauses=2094329 ms=919
c 00h00m06s | memory:rss checkpoint=encode_clause_sample stage=order-ge clauses=2351779 bytes=800296960 progress_percent=80 processed=1002064 total=1252580
c 00h00m06s | stage:encode(order-ge):progress percent=80 processed=1002064 total=1252580 sat_clauses=2351779 ms=1016
c 00h00m06s | memory:rss checkpoint=encode_clause_sample stage=order-ge clauses=2608055 bytes=820797440 progress_percent=90 processed=1127322 total=1252580
c 00h00m06s | stage:encode(order-ge):progress percent=90 processed=1127322 total=1252580 sat_clauses=2608055 ms=1110
c 00h00m07s | memory:rss checkpoint=encode_clause_sample stage=order-ge clauses=3478319 bytes=927842304 progress_percent=100 processed=1252580 total=1252580
c 00h00m07s | stage:encode(order-ge):progress percent=100 processed=1252580 total=1252580 sat_clauses=3478319 ms=1483
c 00h00m07s | stage:encode(order-ge):done ms=1484 sat_vars=954982 sat_clauses=3478319 ext_ge_specs=0 relaxed_circuits=0
c 00h00m07s | stage:objective-cut timing=incremental-hard backend=cnf form=direct-expr
c 00h00m07s | stage:sat:init solver=CaDiCaL vars=954982 clauses=3478319
c 00h00m07s | stage:sat:solve:start assumptions=0 phase_lits=0
c 00h00m27s | stage:sat:solve:done ms=20194 result=Sat assumptions=0 phase_lits=0
c 00h00m27s | stage:decode:start
c 00h00m27s | stage:decode:done int_assignments=300
c 00h00m27s | result:Sat
c 00h00m27s | objective:incumbent kind=initial value=49 rounds=1 improvements=0
o 49
c 00h00m27s | stage:objective-cut:add timing=incremental-hard backend=cnf form=direct-expr clauses_added=1
c 00h00m27s | stage:sat:init solver=CaDiCaL vars=954982 clauses=3478320
c 00h00m27s | stage:sat:solve:start assumptions=0 phase_lits=317856
c 00h00m29s | stage:sat:solve:done ms=2273 result=Sat assumptions=0 phase_lits=317856
c 00h00m29s | stage:decode:start
c 00h00m29s | stage:decode:done int_assignments=300
c 00h00m29s | result:Sat
c 00h00m29s | objective:incumbent kind=improvement value=48 rounds=2 improvements=1
o 48
c 00h00m29s | stage:objective-cut:add timing=incremental-hard backend=cnf form=direct-expr clauses_added=1
c 00h00m29s | stage:sat:init solver=CaDiCaL vars=954982 clauses=3478321
c 00h00m29s | stage:sat:solve:start assumptions=0 phase_lits=317856
c 00h00m35s | stage:sat:solve:done ms=5799 result=Sat assumptions=0 phase_lits=317856
c 00h00m35s | stage:decode:start
c 00h00m35s | stage:decode:done int_assignments=300
c 00h00m35s | result:Sat
c 00h00m35s | objective:incumbent kind=improvement value=47 rounds=3 improvements=2
o 47
c 00h00m35s | stage:objective-cut:add timing=incremental-hard backend=cnf form=direct-expr clauses_added=1
c 00h00m35s | stage:sat:init solver=CaDiCaL vars=954982 clauses=3478322
c 00h00m35s | stage:sat:solve:start assumptions=0 phase_lits=317856
c 00h00m35s | stage:sat:solve:done ms=188 result=Sat assumptions=0 phase_lits=317856
c 00h00m35s | stage:decode:start
c 00h00m35s | stage:decode:done int_assignments=300
c 00h00m35s | result:Sat
c 00h00m35s | objective:incumbent kind=improvement value=46 rounds=4 improvements=3
o 46
c 00h00m35s | stage:objective-cut:add timing=incremental-hard backend=cnf form=direct-expr clauses_added=1
c 00h00m35s | stage:sat:init solver=CaDiCaL vars=954982 clauses=3478323
c 00h00m35s | stage:sat:solve:start assumptions=0 phase_lits=317856
c 00h00m37s | stage:sat:solve:done ms=1503 result=Sat assumptions=0 phase_lits=317856
c 00h00m37s | stage:decode:start
c 00h00m37s | stage:decode:done int_assignments=300
c 00h00m37s | result:Sat
c 00h00m37s | objective:incumbent kind=improvement value=45 rounds=5 improvements=4
o 45
c 00h00m37s | stage:objective-cut:add timing=incremental-hard backend=cnf form=direct-expr clauses_added=1
c 00h00m37s | stage:sat:init solver=CaDiCaL vars=954982 clauses=3478324
c 00h00m37s | stage:sat:solve:start assumptions=0 phase_lits=317856
c 00h00m37s | stage:sat:solve:done ms=171 result=Sat assumptions=0 phase_lits=317856
c 00h00m37s | stage:decode:start
c 00h00m37s | stage:decode:done int_assignments=300
c 00h00m37s | result:Sat
c 00h00m37s | objective:incumbent kind=improvement value=43 rounds=6 improvements=5
o 43
c 00h00m37s | stage:objective-cut:add timing=incremental-hard backend=cnf form=direct-expr clauses_added=1
c 00h00m37s | stage:sat:init solver=CaDiCaL vars=954982 clauses=3478325
c 00h00m37s | stage:sat:solve:start assumptions=0 phase_lits=317856
c 00h00m38s | stage:sat:solve:done ms=1180 result=Sat assumptions=0 phase_lits=317856
c 00h00m38s | stage:decode:start
c 00h00m38s | stage:decode:done int_assignments=300
c 00h00m38s | result:Sat
c 00h00m38s | objective:incumbent kind=improvement value=42 rounds=7 improvements=6
o 42
c 00h00m38s | stage:objective-cut:add timing=incremental-hard backend=cnf form=direct-expr clauses_added=1
c 00h00m38s | stage:sat:init solver=CaDiCaL vars=954982 clauses=3478326
c 00h00m38s | stage:sat:solve:start assumptions=0 phase_lits=317856
c 00h00m41s | stage:sat:solve:done ms=2523 result=Sat assumptions=0 phase_lits=317856
c 00h00m41s | stage:decode:start
c 00h00m41s | stage:decode:done int_assignments=300
c 00h00m41s | result:Sat
c 00h00m41s | objective:incumbent kind=improvement value=41 rounds=8 improvements=7
o 41
c 00h00m41s | stage:objective-cut:add timing=incremental-hard backend=cnf form=direct-expr clauses_added=1
c 00h00m41s | stage:sat:init solver=CaDiCaL vars=954982 clauses=3478327
c 00h00m41s | stage:sat:solve:start assumptions=0 phase_lits=317856
c 00h00m41s | stage:sat:solve:done ms=160 result=Sat assumptions=0 phase_lits=317856
c 00h00m41s | stage:decode:start
c 00h00m41s | stage:decode:done int_assignments=300
c 00h00m41s | result:Sat
c 00h00m41s | objective:incumbent kind=improvement value=39 rounds=9 improvements=8
o 39
c 00h00m41s | stage:objective-cut:add timing=incremental-hard backend=cnf form=direct-expr clauses_added=1
c 00h00m41s | stage:sat:init solver=CaDiCaL vars=954982 clauses=3478328
c 00h00m41s | stage:sat:solve:start assumptions=0 phase_lits=317856
c 00h00m43s | stage:sat:solve:done ms=1572 result=Sat assumptions=0 phase_lits=317856
c 00h00m43s | stage:decode:start
c 00h00m43s | stage:decode:done int_assignments=300
c 00h00m43s | result:Sat
c 00h00m43s | objective:incumbent kind=improvement value=38 rounds=10 improvements=9
o 38
c 00h00m43s | stage:objective-cut:add timing=incremental-hard backend=cnf form=direct-expr clauses_added=1
c 00h00m43s | stage:sat:init solver=CaDiCaL vars=954982 clauses=3478329
c 00h00m43s | stage:sat:solve:start assumptions=0 phase_lits=317856
c 00h00m43s | stage:sat:solve:done ms=151 result=Sat assumptions=0 phase_lits=317856
c 00h00m43s | stage:decode:start
c 00h00m43s | stage:decode:done int_assignments=300
c 00h00m43s | result:Sat
c 00h00m43s | objective:incumbent kind=improvement value=36 rounds=11 improvements=10
o 36
c 00h00m43s | stage:objective-cut:add timing=incremental-hard backend=cnf form=direct-expr clauses_added=1
c 00h00m43s | stage:sat:init solver=CaDiCaL vars=954982 clauses=3478330
c 00h00m43s | stage:sat:solve:start assumptions=0 phase_lits=317856
c 00h00m43s | stage:sat:solve:done ms=444 result=Sat assumptions=0 phase_lits=317856
c 00h00m43s | stage:decode:start
c 00h00m43s | stage:decode:done int_assignments=300
c 00h00m43s | result:Sat
c 00h00m43s | objective:incumbent kind=improvement value=34 rounds=12 improvements=11
o 34
c 00h00m43s | stage:objective-cut:add timing=incremental-hard backend=cnf form=direct-expr clauses_added=1
c 00h00m43s | stage:sat:init solver=CaDiCaL vars=954982 clauses=3478331
c 00h00m43s | stage:sat:solve:start assumptions=0 phase_lits=317856
c 00h00m44s | stage:sat:solve:done ms=432 result=Sat assumptions=0 phase_lits=317856
c 00h00m44s | stage:decode:start
c 00h00m44s | stage:decode:done int_assignments=300
c 00h00m44s | result:Sat
c 00h00m44s | objective:incumbent kind=improvement value=33 rounds=13 improvements=12
o 33
c 00h00m44s | stage:objective-cut:add timing=incremental-hard backend=cnf form=direct-expr clauses_added=1
c 00h00m44s | stage:sat:init solver=CaDiCaL vars=954982 clauses=3478332
c 00h00m44s | stage:sat:solve:start assumptions=0 phase_lits=317856
c 00h00m44s | stage:sat:solve:done ms=136 result=Sat assumptions=0 phase_lits=317856
c 00h00m44s | stage:decode:start
c 00h00m44s | stage:decode:done int_assignments=300
c 00h00m44s | result:Sat
c 00h00m44s | objective:incumbent kind=improvement value=32 rounds=14 improvements=13
o 32
c 00h00m44s | stage:objective-cut:add timing=incremental-hard backend=cnf form=direct-expr clauses_added=1
c 00h00m44s | stage:sat:init solver=CaDiCaL vars=954982 clauses=3478333
c 00h00m44s | stage:sat:solve:start assumptions=0 phase_lits=317856
c 00h00m44s | stage:sat:solve:done ms=130 result=Sat assumptions=0 phase_lits=317856
c 00h00m44s | stage:decode:start
c 00h00m44s | stage:decode:done int_assignments=300
c 00h00m44s | result:Sat
c 00h00m44s | objective:incumbent kind=improvement value=31 rounds=15 improvements=14
o 31
c 00h00m44s | stage:objective-cut:add timing=incremental-hard backend=cnf form=direct-expr clauses_added=1
c 00h00m44s | stage:sat:init solver=CaDiCaL vars=954982 clauses=3478334
c 00h00m44s | stage:sat:solve:start assumptions=0 phase_lits=317856
c 00h00m44s | stage:sat:solve:done ms=106 result=Sat assumptions=0 phase_lits=317856
c 00h00m44s | stage:decode:start
c 00h00m44s | stage:decode:done int_assignments=300
c 00h00m44s | result:Sat
c 00h00m44s | objective:incumbent kind=improvement value=30 rounds=16 improvements=15
o 30
c 00h00m44s | stage:objective-cut:add timing=incremental-hard backend=cnf form=direct-expr clauses_added=1
c 00h00m44s | stage:sat:init solver=CaDiCaL vars=954982 clauses=3478335
c 00h00m44s | stage:sat:solve:start assumptions=0 phase_lits=317856
c 00h00m45s | stage:sat:solve:done ms=139 result=Sat assumptions=0 phase_lits=317856
c 00h00m45s | stage:decode:start
c 00h00m45s | stage:decode:done int_assignments=300
c 00h00m45s | result:Sat
c 00h00m45s | objective:incumbent kind=improvement value=29 rounds=17 improvements=16
o 29
c 00h00m45s | stage:objective-cut:add timing=incremental-hard backend=cnf form=direct-expr clauses_added=1
c 00h00m45s | stage:sat:init solver=CaDiCaL vars=954982 clauses=3478336
c 00h00m45s | stage:sat:solve:start assumptions=0 phase_lits=317856
c 00h00m45s | stage:sat:solve:done ms=119 result=Sat assumptions=0 phase_lits=317856
c 00h00m45s | stage:decode:start
c 00h00m45s | stage:decode:done int_assignments=300
c 00h00m45s | result:Sat
c 00h00m45s | objective:incumbent kind=improvement value=28 rounds=18 improvements=17
o 28
c 00h00m45s | stage:objective-cut:add timing=incremental-hard backend=cnf form=direct-expr clauses_added=1
c 00h00m45s | stage:sat:init solver=CaDiCaL vars=954982 clauses=3478337
c 00h00m45s | stage:sat:solve:start assumptions=0 phase_lits=317856
c 00h00m45s | stage:sat:solve:done ms=68 result=Sat assumptions=0 phase_lits=317856
c 00h00m45s | stage:decode:start
c 00h00m45s | stage:decode:done int_assignments=300
c 00h00m45s | result:Sat
c 00h00m45s | objective:incumbent kind=improvement value=27 rounds=19 improvements=18
o 27
c 00h00m45s | stage:objective-cut:add timing=incremental-hard backend=cnf form=direct-expr clauses_added=1
c 00h00m45s | stage:sat:init solver=CaDiCaL vars=954982 clauses=3478338
c 00h00m45s | stage:sat:solve:start assumptions=0 phase_lits=317856
c 00h00m45s | stage:sat:solve:done ms=99 result=Sat assumptions=0 phase_lits=317856
c 00h00m45s | stage:decode:start
c 00h00m45s | stage:decode:done int_assignments=300
c 00h00m45s | result:Sat
c 00h00m45s | objective:incumbent kind=improvement value=26 rounds=20 improvements=19
o 26
c 00h00m45s | stage:objective-cut:add timing=incremental-hard backend=cnf form=direct-expr clauses_added=1
c 00h00m45s | stage:sat:init solver=CaDiCaL vars=954982 clauses=3478339
c 00h00m45s | stage:sat:solve:start assumptions=0 phase_lits=317856
c 00h00m46s | stage:sat:solve:done ms=601 result=Sat assumptions=0 phase_lits=317856
c 00h00m46s | stage:decode:start
c 00h00m46s | stage:decode:done int_assignments=300
c 00h00m46s | result:Sat
c 00h00m46s | objective:incumbent kind=improvement value=25 rounds=21 improvements=20
o 25
c 00h00m46s | stage:objective-cut:add timing=incremental-hard backend=cnf form=direct-expr clauses_added=1
c 00h00m46s | stage:sat:init solver=CaDiCaL vars=954982 clauses=3478340
c 00h00m46s | stage:sat:solve:start assumptions=0 phase_lits=317856
c 00h00m46s | stage:sat:solve:done ms=76 result=Sat assumptions=0 phase_lits=317856
c 00h00m46s | stage:decode:start
c 00h00m46s | stage:decode:done int_assignments=300
c 00h00m46s | result:Sat
c 00h00m46s | objective:incumbent kind=improvement value=24 rounds=22 improvements=21
o 24
c 00h00m46s | stage:objective-cut:add timing=incremental-hard backend=cnf form=direct-expr clauses_added=1
c 00h00m46s | stage:sat:init solver=CaDiCaL vars=954982 clauses=3478341
c 00h00m46s | stage:sat:solve:start assumptions=0 phase_lits=317856
c 00h00m46s | stage:sat:solve:done ms=88 result=Sat assumptions=0 phase_lits=317856
c 00h00m46s | stage:decode:start
c 00h00m46s | stage:decode:done int_assignments=300
c 00h00m46s | result:Sat
c 00h00m46s | objective:incumbent kind=improvement value=23 rounds=23 improvements=22
o 23
c 00h00m46s | stage:objective-cut:add timing=incremental-hard backend=cnf form=direct-expr clauses_added=1
c 00h00m46s | stage:sat:init solver=CaDiCaL vars=954982 clauses=3478342
c 00h00m46s | stage:sat:solve:start assumptions=0 phase_lits=317856
c 00h00m46s | stage:sat:solve:done ms=58 result=Sat assumptions=0 phase_lits=317856
c 00h00m46s | stage:decode:start
c 00h00m46s | stage:decode:done int_assignments=300
c 00h00m46s | result:Sat
c 00h00m46s | objective:incumbent kind=improvement value=22 rounds=24 improvements=23
o 22
c 00h00m46s | stage:objective-cut:add timing=incremental-hard backend=cnf form=direct-expr clauses_added=1
c 00h00m46s | stage:sat:init solver=CaDiCaL vars=954982 clauses=3478343
c 00h00m46s | stage:sat:solve:start assumptions=0 phase_lits=317856
c 00h00m46s | stage:sat:solve:done ms=53 result=Sat assumptions=0 phase_lits=317856
c 00h00m46s | stage:decode:start
c 00h00m46s | stage:decode:done int_assignments=300
c 00h00m46s | result:Sat
c 00h00m46s | objective:incumbent kind=improvement value=21 rounds=25 improvements=24
o 21
c 00h00m46s | stage:objective-cut:add timing=incremental-hard backend=cnf form=direct-expr clauses_added=1
c 00h00m46s | stage:sat:init solver=CaDiCaL vars=954982 clauses=3478344
c 00h00m46s | stage:sat:solve:start assumptions=0 phase_lits=317856
c 00h00m46s | stage:sat:solve:done ms=229 result=Sat assumptions=0 phase_lits=317856
c 00h00m46s | stage:decode:start
c 00h00m46s | stage:decode:done int_assignments=300
c 00h00m46s | result:Sat
c 00h00m46s | objective:incumbent kind=improvement value=20 rounds=26 improvements=25
o 20
c 00h00m46s | stage:objective-cut:add timing=incremental-hard backend=cnf form=direct-expr clauses_added=1
c 00h00m46s | stage:sat:init solver=CaDiCaL vars=954982 clauses=3478345
c 00h00m46s | stage:sat:solve:start assumptions=0 phase_lits=317856
c 00h00m46s | stage:sat:solve:done ms=103 result=Sat assumptions=0 phase_lits=317856
c 00h00m46s | stage:decode:start
c 00h00m46s | stage:decode:done int_assignments=300
c 00h00m46s | result:Sat
c 00h00m46s | objective:incumbent kind=improvement value=19 rounds=27 improvements=26
o 19
c 00h00m46s | stage:objective-cut:add timing=incremental-hard backend=cnf form=direct-expr clauses_added=1
c 00h00m46s | stage:sat:init solver=CaDiCaL vars=954982 clauses=3478346
c 00h00m46s | stage:sat:solve:start assumptions=0 phase_lits=317856
c 00h00m47s | stage:sat:solve:done ms=354 result=Sat assumptions=0 phase_lits=317856
c 00h00m47s | stage:decode:start
c 00h00m47s | stage:decode:done int_assignments=300
c 00h00m47s | result:Sat
c 00h00m47s | objective:incumbent kind=improvement value=18 rounds=28 improvements=27
o 18
c 00h00m47s | stage:objective-cut:add timing=incremental-hard backend=cnf form=direct-expr clauses_added=1
c 00h00m47s | stage:sat:init solver=CaDiCaL vars=954982 clauses=3478347
c 00h00m47s | stage:sat:solve:start assumptions=0 phase_lits=317856
c 00h00m47s | stage:sat:solve:done ms=316 result=Sat assumptions=0 phase_lits=317856
c 00h00m47s | stage:decode:start
c 00h00m47s | stage:decode:done int_assignments=300
c 00h00m47s | result:Sat
c 00h00m47s | objective:incumbent kind=improvement value=17 rounds=29 improvements=28
o 17
c 00h00m47s | stage:objective-cut:add timing=incremental-hard backend=cnf form=direct-expr clauses_added=1
c 00h00m47s | stage:sat:init solver=CaDiCaL vars=954982 clauses=3478348
c 00h00m47s | stage:sat:solve:start assumptions=0 phase_lits=317856
c 00h00m47s | stage:sat:solve:done ms=44 result=Sat assumptions=0 phase_lits=317856
c 00h00m47s | stage:decode:start
c 00h00m47s | stage:decode:done int_assignments=300
c 00h00m47s | result:Sat
c 00h00m47s | objective:incumbent kind=improvement value=16 rounds=30 improvements=29
o 16
c 00h00m47s | stage:objective-cut:add timing=incremental-hard backend=cnf form=direct-expr clauses_added=1
c 00h00m47s | stage:sat:init solver=CaDiCaL vars=954982 clauses=3478349
c 00h00m47s | stage:sat:solve:start assumptions=0 phase_lits=317856
c 00h00m50s | stage:sat:solve:done ms=2423 result=Sat assumptions=0 phase_lits=317856
c 00h00m50s | stage:decode:start
c 00h00m50s | stage:decode:done int_assignments=300
c 00h00m50s | result:Sat
c 00h00m50s | objective:incumbent kind=improvement value=15 rounds=31 improvements=30
o 15
c 00h00m50s | stage:objective-cut:add timing=incremental-hard backend=cnf form=direct-expr clauses_added=1
c 00h00m50s | stage:sat:init solver=CaDiCaL vars=954982 clauses=3478350
c 00h00m50s | stage:sat:solve:start assumptions=0 phase_lits=317856
c 00h00m50s | stage:sat:solve:done ms=177 result=Sat assumptions=0 phase_lits=317856
c 00h00m50s | stage:decode:start
c 00h00m50s | stage:decode:done int_assignments=300
c 00h00m50s | result:Sat
c 00h00m50s | objective:incumbent kind=improvement value=14 rounds=32 improvements=31
o 14
c 00h00m50s | stage:objective-cut:add timing=incremental-hard backend=cnf form=direct-expr clauses_added=1
c 00h00m50s | stage:sat:init solver=CaDiCaL vars=954982 clauses=3478351
c 00h00m50s | stage:sat:solve:start assumptions=0 phase_lits=317856
c 00h00m50s | stage:sat:solve:done ms=191 result=Sat assumptions=0 phase_lits=317856
c 00h00m50s | stage:decode:start
c 00h00m50s | stage:decode:done int_assignments=300
c 00h00m50s | result:Sat
c 00h00m50s | objective:incumbent kind=improvement value=13 rounds=33 improvements=32
o 13
c 00h00m50s | stage:objective-cut:add timing=incremental-hard backend=cnf form=direct-expr clauses_added=1
c 00h00m50s | stage:sat:init solver=CaDiCaL vars=954982 clauses=3478352
c 00h00m50s | stage:sat:solve:start assumptions=0 phase_lits=317856
c 00h00m50s | stage:sat:solve:done ms=83 result=Sat assumptions=0 phase_lits=317856
c 00h00m50s | stage:decode:start
c 00h00m50s | stage:decode:done int_assignments=300
c 00h00m50s | result:Sat
c 00h00m50s | objective:incumbent kind=improvement value=12 rounds=34 improvements=33
o 12
c 00h00m50s | stage:objective-cut:add timing=incremental-hard backend=cnf form=direct-expr clauses_added=1
c 00h00m50s | stage:sat:init solver=CaDiCaL vars=954982 clauses=3478353
c 00h00m50s | stage:sat:solve:start assumptions=0 phase_lits=317856
c 00h00m52s | stage:sat:solve:done ms=2219 result=Sat assumptions=0 phase_lits=317856
c 00h00m52s | stage:decode:start
c 00h00m52s | stage:decode:done int_assignments=300
c 00h00m52s | result:Sat
c 00h00m52s | objective:incumbent kind=improvement value=11 rounds=35 improvements=34
o 11
c 00h00m52s | stage:objective-cut:add timing=incremental-hard backend=cnf form=direct-expr clauses_added=1
c 00h00m52s | stage:sat:init solver=CaDiCaL vars=954982 clauses=3478354
c 00h00m52s | stage:sat:solve:start assumptions=0 phase_lits=317856
c 00h00m53s | stage:sat:solve:done ms=102 result=Sat assumptions=0 phase_lits=317856
c 00h00m53s | stage:decode:start
c 00h00m53s | stage:decode:done int_assignments=300
c 00h00m53s | result:Sat
c 00h00m53s | objective:incumbent kind=improvement value=10 rounds=36 improvements=35
o 10
c 00h00m53s | stage:objective-cut:add timing=incremental-hard backend=cnf form=direct-expr clauses_added=1
c 00h00m53s | stage:sat:init solver=CaDiCaL vars=954982 clauses=3478355
c 00h00m53s | stage:sat:solve:start assumptions=0 phase_lits=317856
c 00h00m53s | stage:sat:solve:done ms=836 result=Sat assumptions=0 phase_lits=317856
c 00h00m53s | stage:decode:start
c 00h00m53s | stage:decode:done int_assignments=300
c 00h00m53s | result:Sat
c 00h00m53s | objective:incumbent kind=improvement value=9 rounds=37 improvements=36
o 9
c 00h00m53s | stage:objective-cut:add timing=incremental-hard backend=cnf form=direct-expr clauses_added=1
c 00h00m54s | stage:sat:init solver=CaDiCaL vars=954982 clauses=3478356
c 00h00m54s | stage:sat:solve:start assumptions=0 phase_lits=317856
c 00h00m54s | stage:sat:solve:done ms=174 result=Sat assumptions=0 phase_lits=317856
c 00h00m54s | stage:decode:start
c 00h00m54s | stage:decode:done int_assignments=300
c 00h00m54s | result:Sat
c 00h00m54s | objective:incumbent kind=improvement value=8 rounds=38 improvements=37
o 8
c 00h00m54s | stage:objective-cut:add timing=incremental-hard backend=cnf form=direct-expr clauses_added=1
c 00h00m54s | stage:sat:init solver=CaDiCaL vars=954982 clauses=3478357
c 00h00m54s | stage:sat:solve:start assumptions=0 phase_lits=317856
c 00h00m57s | stage:sat:solve:done ms=3045 result=Unsat assumptions=0 phase_lits=317856
c 00h00m57s | result:Unsat
s OPTIMUM FOUND
o 8
v <instantiation>
v   <list> x[0][0] x[0][1] x[0][2] x[0][3] x[1][0] x[1][1] x[1][2] x[1][3] x[2][0] x[2][1] x[2][2] x[2][3] x[3][0] x[3][1] x[3][2] x[3][3] x[4][0] x[4][1] x[4][2] x[4][3] x[5][0] x[5][1] x[5][2] x[5][3] x[6][0] x[6][1] x[6][2] x[6][3] x[7][0] x[7][1] x[7][2] x[7][3] x[8][0] x[8][1] x[8][2] x[8][3] x[9][0] x[9][1] x[9][2] x[9][3] x[10][0] x[10][1] x[10][2] x[10][3] x[11][0] x[11][1] x[11][2] x[11][3] x[12][0] x[12][1] x[12][2] x[12][3] x[13][0] x[13][1] x[13][2] x[13][3] x[14][0] x[14][1] x[14][2] x[14][3] x[15][0] x[15][1] x[15][2] x[15][3] x[16][0] x[16][1] x[16][2] x[16][3] x[17][0] x[17][1] x[17][2] x[17][3] x[18][0] x[18][1] x[18][2] x[18][3] x[19][0] x[19][1] x[19][2] x[19][3] x[20][0] x[20][1] x[20][2] x[20][3] x[21][0] x[21][1] x[21][2] x[21][3] x[22][0] x[22][1] x[22][2] x[22][3] x[23][0] x[23][1] x[23][2] x[23][3] x[24][0] x[24][1] x[24][2] x[24][3] x[25][0] x[25][1] x[25][2] x[25][3] x[26][0] x[26][1] x[26][2] x[26][3] x[27][0] x[27][1] x[27][2] x[27][3] x[28][0] x[28][1] x[28][2] x[28][3] x[29][0] x[29][1] x[29][2] x[29][3] x[30][0] x[30][1] x[30][2] x[30][3] x[31][0] x[31][1] x[31][2] x[31][3] x[32][0] x[32][1] x[32][2] x[32][3] x[33][0] x[33][1] x[33][2] x[33][3] x[34][0] x[34][1] x[34][2] x[34][3] x[35][0] x[35][1] x[35][2] x[35][3] x[36][0] x[36][1] x[36][2] x[36][3] x[37][0] x[37][1] x[37][2] x[37][3] x[38][0] x[38][1] x[38][2] x[38][3] x[39][0] x[39][1] x[39][2] x[39][3] x[40][0] x[40][1] x[40][2] x[40][3] x[41][0] x[41][1] x[41][2] x[41][3] x[42][0] x[42][1] x[42][2] x[42][3] x[43][0] x[43][1] x[43][2] x[43][3] x[44][0] x[44][1] x[44][2] x[44][3] x[45][0] x[45][1] x[45][2] x[45][3] x[46][0] x[46][1] x[46][2] x[46][3] x[47][0] x[47][1] x[47][2] x[47][3] x[48][0] x[48][1] x[48][2] x[48][3] x[49][0] x[49][1] x[49][2] x[49][3] y[0] y[1] y[2] y[3] y[4] y[5] y[6] y[7] y[8] y[9] y[10] y[11] y[12] y[13] y[14] y[15] y[16] y[17] y[18] y[19] y[20] y[21] y[22] y[23] y[24] y[25] y[26] y[27] y[28] y[29] y[30] y[31] y[32] y[33] y[34] y[35] y[36] y[37] y[38] y[39] y[40] y[41] y[42] y[43] y[44] y[45] y[46] y[47] y[48] y[49] z aux_gb[0] aux_gb[1] aux_gb[2] aux_gb[3] aux_gb[4] aux_gb[5] aux_gb[6] aux_gb[7] aux_gb[8] aux_gb[9] aux_gb[10] aux_gb[11] aux_gb[12] aux_gb[13] aux_gb[14] aux_gb[15] aux_gb[16] aux_gb[17] aux_gb[18] aux_gb[19] aux_gb[20] aux_gb[21] aux_gb[22] aux_gb[23] aux_gb[24] aux_gb[25] aux_gb[26] aux_gb[27] aux_gb[28] aux_gb[29] aux_gb[30] aux_gb[31] aux_gb[32] aux_gb[33] aux_gb[34] aux_gb[35] aux_gb[36] aux_gb[37] aux_gb[38] aux_gb[39] aux_gb[40] aux_gb[41] aux_gb[42] aux_gb[43] aux_gb[44] aux_gb[45] aux_gb[46] aux_gb[47] aux_gb[48] </list>
v   <values> 0 12 12 8 0 12 1 8 0 11 1 8 0 11 14 8 0 11 14 13 15 11 14 13 15 4 14 13 12 4 14 13 12 4 4 13 12 4 4 13 12 4 4 13 12 4 4 13 12 4 4 13 12 4 4 13 12 4 4 13 12 4 4 13 12 4 4 13 12 4 4 13 12 4 4 13 12 4 4 13 12 4 4 13 12 4 4 13 12 4 4 13 12 4 4 13 12 4 4 13 12 4 4 13 12 4 4 13 12 4 4 13 12 4 4 13 12 4 4 13 12 4 4 13 12 4 4 13 12 4 4 13 12 4 4 13 12 4 4 13 12 4 4 13 12 4 4 13 12 4 4 13 12 4 4 13 12 4 4 13 12 4 4 13 12 4 4 13 12 4 4 13 12 4 4 13 12 4 4 13 12 4 4 13 12 4 4 13 12 4 4 13 12 4 4 13 12 4 4 13 231 218 165 193 194 4543 4434 3661 3634 3634 3634 3634 3634 3634 3634 3634 3634 3634 3634 3634 3634 3634 3634 3634 3634 3634 3634 3634 3634 3634 3634 3634 3634 3634 3634 3634 3634 3634 3634 3634 3634 3634 3634 3634 3634 3634 3634 3634 3634 3634 8 1 1 1 1 1 1 1 1 0 0 0 0 0 0 0 0 0 0 0 0 0 0 0 0 0 0 0 0 0 0 0 0 0 0 0 0 0 0 0 0 0 0 0 0 0 0 0 0 0 </values>
v </instantiation>
d OBJECTIVE_VALUE 8
d OPTIMAL 1
d SOURCE_CONSTRAINTS 344
d NORMALIZED_CONSTRAINTS 344
d LOWERED_CONSTRAINTS 344
d UNSUPPORTED_CONSTRAINTS 0
d CIRCUIT_CEGAR_FAILURES 0
d CIRCUIT_CEGAR_ROUNDS 0
d CIRCUIT_CEGAR_ADDED_CLAUSES 0
d CUMULATIVE_CEGAR_FAILURES 0
d CUMULATIVE_CEGAR_ROUNDS 0
d CUMULATIVE_CEGAR_ADDED_CLAUSES 0
d COP_CEGAR_FAILURES 0
d COP_CEGAR_ROUNDS 0
d COP_CEGAR_ADDED_CLAUSES 0
d OBJECTIVE_CUT_TIMING incremental-hard
d OBJECTIVE_CUT_BACKEND cnf
d OBJECTIVE_CUT_FORM direct-expr
d OBJECTIVE_CUT_EAGER_CLAUSES_ADDED 38
d OBJECTIVE_RELAXATION_CLAUSES_ADDED 0
d OBJECTIVE_ROUNDS 39
d OBJECTIVE_IMPROVEMENTS 37
d OBJECTIVE_OPTIMALITY_PROOF strict_cut_unsat
d PROPAGATE_MS 59
d NORMALIZE_MS 0
d LOWER_MS 4439
d POST_LOWER_MS 281
d PREENCODE_MS 727
d ENCODE_MS 1484
d SAT_SOLVE_MS 48559
d TOTAL_MS 57265
d SAT_VARS 954982
d SAT_CLAUSES_BASE 3478357
d SAT_CLAUSES_FINAL 3478357
d SAT_CLAUSES_CEGAR_DELTA 0
d SAT_CONFLICTS 19274
d LINEAR_INT_EQ_ARITY_STATS {"1":{"count":5092,"max_domain_product_excluding_one_var":"1","p95_domain_product_excluding_one_var":"1"},"2":{"count":49,"max_domain_product_excluding_one_var":"6518","p95_domain_product_excluding_one_var":"6518"}}
d LINEAR_INT_NE_ARITY_STATS {"1":{"count":312914,"max_domain_product_excluding_one_var":"1","p95_domain_product_excluding_one_var":"1"},"2":{"count":196,"max_domain_product_excluding_one_var":"26","p95_domain_product_excluding_one_var":"26"}}
d LINEAR_INT_GE_ARITY_STATS {"1":{"count":98,"max_domain_product_excluding_one_var":"1","p95_domain_product_excluding_one_var":"1"}}
d LINEAR_BOOL_MIXED_ARITY_STATS {"5":{"count":49,"max_domain_product_excluding_one_var":"16","p95_domain_product_excluding_one_var":"16"}}
d ROOT_LP_ENTERED 0
d ROOT_LP_STATUS skipped
d ROOT_LP_MS 0
d ROOT_LP_REASON root_lp_disabled
d OBJECTIVE_CUT_TIMING incremental-hard
d OBJECTIVE_CUT_BACKEND cnf
d OBJECTIVE_CUT_FORM direct-expr
d OBJECTIVE_CUT_EAGER_CLAUSES_ADDED 38
d PROPAGATE_PRUNED_VALUES 13239
d PROPAGATE_CHANGED_DOMAINS 12
d PROPAGATE_ENTAILED_TABLES 0
d POST_LOWER_ROUNDS 0
d POST_LOWER_TIGHTENED_DOMAINS 0
d POST_LOWER_REMOVED_CLAUSES 6
d POST_LOWER_REMOVED_LITS 0
d POST_LOWER_DETECTED_UNSAT 0
d PREENCODE_INT_VARS 496
d ENCODE_EXTERNAL_GE_SPECS 0
d ENCODE_RELAXED_CIRCUITS 0
d MEMORY_RSS_BYTES 927842304
d MEMORY_RSS_AFTER_PROPAGATE_BYTES 21336064
d MEMORY_RSS_AFTER_LOWER_BYTES 177274880
d MEMORY_RSS_AFTER_POST_LOWER_BYTES 257515520
d MEMORY_RSS_BEFORE_PREENCODE_BYTES 258035712
d MEMORY_RSS_AFTER_PREENCODE_BYTES 446705664
d MEMORY_RSS_BEFORE_ENCODE_BYTES 446705664
d MEMORY_RSS_ENCODE_SAMPLE_INTERVAL_CLAUSES 1000000
d MEMORY_RSS_ENCODE_SAMPLE_COUNT 13
d MEMORY_RSS_ENCODE_LAST_SAMPLE_CLAUSE 3478319
d MEMORY_RSS_ENCODE_LAST_SAMPLE_BYTES 927842304
d MEMORY_RSS_ENCODE_MAX_SAMPLE_BYTES 927842304
d DECODE_INT_ASSIGNMENTS 300
d CSV /bench/competition/2022-2025/COP22to25/WordGolf-4-ogd2008-50-2_c24.xml.lzma,optimum,344,344,344,0,954982,3478357,57265,59,0,4439,727,1484,48559,0,skipped,,,,,,0,,,,,,,,
c run_end_local: 2026-05-27 15:41:49 +0900
