c cmd: /host-parser-bin/kat_xcsp_a5249e5b_logscop_autobdd_norootlp_20260516 /bench/competition/2022-2025/COP22to25/StillLife-05-05_c24.xml.lzma --encoder log-scop --order-ge-table mdd-tl --log-scop-linear-pb-backend auto --no-root-lp-bound --progress
c 00h00m00s | solve:start
c 00h00m00s | input: constraints=64
c 00h00m00s | stage:propagate:start
c 00h00m00s | stage:propagate:done ms=0 pruned=0 changed_domains=0 entailed_tables=0
c 00h00m00s | stage:normalize:start
c 00h00m00s | stage:normalize:done ms=0 high_constraints=64
c 00h00m00s | stage:lower:start
c 00h00m00s | stage:lower:done ms=0 lowered=64 unsupported=0
c 00h00m00s | stage:post_lower:start
c 00h00m00s | stage:post_lower:done ms=0 rounds=16 tightened=16 removed_cls=0 removed_lits=0 unsat=false precise_hits=241 precise_rounds=1 pivot_recomputes=72 pivot_exact_attempts=72 pivot_general_attempts=0 pivot_general_rest_missing=0 pivot_general_bound_missing=0 pivot_general_no_change=0 pivot_general_tightened=0 setup_ms=0 loop_ms=0 pivot_ms=0 pivot_version_ms=0 pivot_exact_ms=0 pivot_general_ms=0 pivot_general_prepare_ms=0 pivot_general_rest_ms=0 pivot_general_derive_ms=0 apply_ms=0 sat_ms=0 precise_ms=0
c 00h00m00s | stage:lowered-shape int_vars=50 bool_vars=0 linear_atoms=27 table_atoms=37 table_tuples=262 table_scope=86 alldiff_atoms=0 circuit_atoms=0 product_atoms=0 logical_clauses=64
c 00h00m00s | stage:root-lp:skip reason=disabled_by_option ms=0
c 00h00m00s | stage:preencode(log-scop):start
c 00h00m00s | stage:preencode(log-scop):done ms=0 int_vars=50
c 00h00m00s | stage:encode(log-scop):start
c 00h00m00s | stage:encode(log-scop):done ms=4 sat_vars=1795 sat_clauses=3196 ext_ge_specs=0 relaxed_circuits=0 log_scop_pb_constraints=52 log_scop_pb_mixed=0 log_scop_pb_bdd2=52 log_scop_pb_bdd3=0 log_scop_pb_sorter=0 log_scop_pb_dadda=0 log_scop_bdd_raw=52 log_scop_bdd_binary=0 log_scop_bdd_multibase=0
c 00h00m00s | stage:sat:init solver=CaDiCaL vars=1795 clauses=3196
c 00h00m00s | stage:sat:solve:start round=1 circuit_cegar_rounds=- cumulative_cegar_rounds=- cop_cegar_rounds=1 assumptions=0 phase_lits=0
c 00h00m00s | stage:sat:solve:done round=1 ms=0 result=Sat assumptions=0 phase_lits=0
c 00h00m00s | stage:decode:start round=1 requested_int_ids=50
c 00h00m00s | stage:decode:final:start round=1 requested_int_ids=50
c 00h00m00s | stage:decode:done round=1 int_assignments=50
c 00h00m00s | stage:relaxation:done clauses_added=0 circuit_cegar_failures=0 circuit_cegar_rounds=0 circuit_cegar_added_clauses=0 cumulative_cegar_failures=0 cumulative_cegar_rounds=0 cumulative_cegar_added_clauses=0 cop_cegar_failures=0 cop_cegar_rounds=1 cop_cegar_added_clauses=0
c 00h00m00s | result:Sat
c 00h00m00s | objective:incumbent kind=initial value=0 rounds=1 improvements=0
o 0
c 00h00m00s | stage:sat:init solver=CaDiCaL vars=1795 clauses=3196
c 00h00m00s | stage:sat:solve:start round=1 circuit_cegar_rounds=- cumulative_cegar_rounds=- cop_cegar_rounds=2 assumptions=0 phase_lits=105
c 00h00m00s | stage:sat:solve:done round=1 ms=0 result=Sat assumptions=0 phase_lits=105
c 00h00m00s | stage:decode:start round=1 requested_int_ids=50
c 00h00m00s | stage:relaxation:done round=1 clauses_added=804 circuit_clauses_added=0 cumulative_clauses_added=0 cop_clauses_added=804 circuit_cegar_failures=0 circuit_cegar_rounds=0 circuit_cegar_added_clauses=0 cumulative_cegar_failures=0 cumulative_cegar_rounds=0 cumulative_cegar_added_clauses=0 cop_cegar_failures=1 cop_cegar_rounds=2 cop_cegar_added_clauses=804
c 00h00m00s | stage:sat:solve:start round=2 circuit_cegar_rounds=- cumulative_cegar_rounds=- cop_cegar_rounds=3 assumptions=0 phase_lits=105
c 00h00m00s | stage:sat:solve:done round=2 ms=2 result=Sat assumptions=0 phase_lits=105
c 00h00m00s | stage:decode:start round=2 requested_int_ids=50
c 00h00m00s | stage:decode:final:start round=2 requested_int_ids=50
c 00h00m00s | stage:decode:done round=2 int_assignments=50
c 00h00m00s | stage:relaxation:done clauses_added=0 circuit_cegar_failures=0 circuit_cegar_rounds=0 circuit_cegar_added_clauses=0 cumulative_cegar_failures=0 cumulative_cegar_rounds=0 cumulative_cegar_added_clauses=0 cop_cegar_failures=1 cop_cegar_rounds=3 cop_cegar_added_clauses=804
c 00h00m00s | result:Sat
c 00h00m00s | objective:incumbent kind=improvement value=6 rounds=2 improvements=1
o 6
c 00h00m00s | stage:sat:init solver=CaDiCaL vars=1795 clauses=3196
c 00h00m00s | stage:sat:solve:start round=1 circuit_cegar_rounds=- cumulative_cegar_rounds=- cop_cegar_rounds=4 assumptions=0 phase_lits=105
c 00h00m00s | stage:sat:solve:done round=1 ms=0 result=Sat assumptions=0 phase_lits=105
c 00h00m00s | stage:decode:start round=1 requested_int_ids=50
c 00h00m00s | stage:relaxation:done round=1 clauses_added=811 circuit_clauses_added=0 cumulative_clauses_added=0 cop_clauses_added=811 circuit_cegar_failures=0 circuit_cegar_rounds=0 circuit_cegar_added_clauses=0 cumulative_cegar_failures=0 cumulative_cegar_rounds=0 cumulative_cegar_added_clauses=0 cop_cegar_failures=2 cop_cegar_rounds=4 cop_cegar_added_clauses=1615
c 00h00m00s | stage:sat:solve:start round=2 circuit_cegar_rounds=- cumulative_cegar_rounds=- cop_cegar_rounds=5 assumptions=0 phase_lits=105
c 00h00m00s | stage:sat:solve:done round=2 ms=1 result=Sat assumptions=0 phase_lits=105
c 00h00m00s | stage:decode:start round=2 requested_int_ids=50
c 00h00m00s | stage:decode:final:start round=2 requested_int_ids=50
c 00h00m00s | stage:decode:done round=2 int_assignments=50
c 00h00m00s | stage:relaxation:done clauses_added=0 circuit_cegar_failures=0 circuit_cegar_rounds=0 circuit_cegar_added_clauses=0 cumulative_cegar_failures=0 cumulative_cegar_rounds=0 cumulative_cegar_added_clauses=0 cop_cegar_failures=2 cop_cegar_rounds=5 cop_cegar_added_clauses=1615
c 00h00m00s | result:Sat
c 00h00m00s | objective:incumbent kind=improvement value=7 rounds=3 improvements=2
o 7
c 00h00m00s | stage:sat:init solver=CaDiCaL vars=1795 clauses=3196
c 00h00m00s | stage:sat:solve:start round=1 circuit_cegar_rounds=- cumulative_cegar_rounds=- cop_cegar_rounds=6 assumptions=0 phase_lits=105
c 00h00m00s | stage:sat:solve:done round=1 ms=0 result=Sat assumptions=0 phase_lits=105
c 00h00m00s | stage:decode:start round=1 requested_int_ids=50
c 00h00m00s | stage:relaxation:done round=1 clauses_added=806 circuit_clauses_added=0 cumulative_clauses_added=0 cop_clauses_added=806 circuit_cegar_failures=0 circuit_cegar_rounds=0 circuit_cegar_added_clauses=0 cumulative_cegar_failures=0 cumulative_cegar_rounds=0 cumulative_cegar_added_clauses=0 cop_cegar_failures=3 cop_cegar_rounds=6 cop_cegar_added_clauses=2421
c 00h00m00s | stage:sat:solve:start round=2 circuit_cegar_rounds=- cumulative_cegar_rounds=- cop_cegar_rounds=7 assumptions=0 phase_lits=105
c 00h00m00s | stage:sat:solve:done round=2 ms=4 result=Sat assumptions=0 phase_lits=105
c 00h00m00s | stage:decode:start round=2 requested_int_ids=50
c 00h00m00s | stage:decode:final:start round=2 requested_int_ids=50
c 00h00m00s | stage:decode:done round=2 int_assignments=50
c 00h00m00s | stage:relaxation:done clauses_added=0 circuit_cegar_failures=0 circuit_cegar_rounds=0 circuit_cegar_added_clauses=0 cumulative_cegar_failures=0 cumulative_cegar_rounds=0 cumulative_cegar_added_clauses=0 cop_cegar_failures=3 cop_cegar_rounds=7 cop_cegar_added_clauses=2421
c 00h00m00s | result:Sat
c 00h00m00s | objective:incumbent kind=improvement value=8 rounds=4 improvements=3
o 8
c 00h00m00s | stage:sat:init solver=CaDiCaL vars=1795 clauses=3196
c 00h00m00s | stage:sat:solve:start round=1 circuit_cegar_rounds=- cumulative_cegar_rounds=- cop_cegar_rounds=8 assumptions=0 phase_lits=105
c 00h00m00s | stage:sat:solve:done round=1 ms=0 result=Sat assumptions=0 phase_lits=105
c 00h00m00s | stage:decode:start round=1 requested_int_ids=50
c 00h00m00s | stage:relaxation:done round=1 clauses_added=810 circuit_clauses_added=0 cumulative_clauses_added=0 cop_clauses_added=810 circuit_cegar_failures=0 circuit_cegar_rounds=0 circuit_cegar_added_clauses=0 cumulative_cegar_failures=0 cumulative_cegar_rounds=0 cumulative_cegar_added_clauses=0 cop_cegar_failures=4 cop_cegar_rounds=8 cop_cegar_added_clauses=3231
c 00h00m00s | stage:sat:solve:start round=2 circuit_cegar_rounds=- cumulative_cegar_rounds=- cop_cegar_rounds=9 assumptions=0 phase_lits=105
c 00h00m00s | stage:sat:solve:done round=2 ms=1 result=Sat assumptions=0 phase_lits=105
c 00h00m00s | stage:decode:start round=2 requested_int_ids=50
c 00h00m00s | stage:decode:final:start round=2 requested_int_ids=50
c 00h00m00s | stage:decode:done round=2 int_assignments=50
c 00h00m00s | stage:relaxation:done clauses_added=0 circuit_cegar_failures=0 circuit_cegar_rounds=0 circuit_cegar_added_clauses=0 cumulative_cegar_failures=0 cumulative_cegar_rounds=0 cumulative_cegar_added_clauses=0 cop_cegar_failures=4 cop_cegar_rounds=9 cop_cegar_added_clauses=3231
c 00h00m00s | result:Sat
c 00h00m00s | objective:incumbent kind=improvement value=9 rounds=5 improvements=4
o 9
c 00h00m00s | stage:sat:init solver=CaDiCaL vars=1795 clauses=3196
c 00h00m00s | stage:sat:solve:start round=1 circuit_cegar_rounds=- cumulative_cegar_rounds=- cop_cegar_rounds=10 assumptions=0 phase_lits=105
c 00h00m00s | stage:sat:solve:done round=1 ms=0 result=Sat assumptions=0 phase_lits=105
c 00h00m00s | stage:decode:start round=1 requested_int_ids=50
c 00h00m00s | stage:relaxation:done round=1 clauses_added=809 circuit_clauses_added=0 cumulative_clauses_added=0 cop_clauses_added=809 circuit_cegar_failures=0 circuit_cegar_rounds=0 circuit_cegar_added_clauses=0 cumulative_cegar_failures=0 cumulative_cegar_rounds=0 cumulative_cegar_added_clauses=0 cop_cegar_failures=5 cop_cegar_rounds=10 cop_cegar_added_clauses=4040
c 00h00m00s | stage:sat:solve:start round=2 circuit_cegar_rounds=- cumulative_cegar_rounds=- cop_cegar_rounds=11 assumptions=0 phase_lits=105
c 00h00m00s | stage:sat:solve:done round=2 ms=2 result=Sat assumptions=0 phase_lits=105
c 00h00m00s | stage:decode:start round=2 requested_int_ids=50
c 00h00m00s | stage:decode:final:start round=2 requested_int_ids=50
c 00h00m00s | stage:decode:done round=2 int_assignments=50
c 00h00m00s | stage:relaxation:done clauses_added=0 circuit_cegar_failures=0 circuit_cegar_rounds=0 circuit_cegar_added_clauses=0 cumulative_cegar_failures=0 cumulative_cegar_rounds=0 cumulative_cegar_added_clauses=0 cop_cegar_failures=5 cop_cegar_rounds=11 cop_cegar_added_clauses=4040
c 00h00m00s | result:Sat
c 00h00m00s | objective:incumbent kind=improvement value=11 rounds=6 improvements=5
o 11
c 00h00m00s | stage:sat:init solver=CaDiCaL vars=1795 clauses=3196
c 00h00m00s | stage:sat:solve:start round=1 circuit_cegar_rounds=- cumulative_cegar_rounds=- cop_cegar_rounds=12 assumptions=0 phase_lits=105
c 00h00m00s | stage:sat:solve:done round=1 ms=0 result=Sat assumptions=0 phase_lits=105
c 00h00m00s | stage:decode:start round=1 requested_int_ids=50
c 00h00m00s | stage:relaxation:done round=1 clauses_added=808 circuit_clauses_added=0 cumulative_clauses_added=0 cop_clauses_added=808 circuit_cegar_failures=0 circuit_cegar_rounds=0 circuit_cegar_added_clauses=0 cumulative_cegar_failures=0 cumulative_cegar_rounds=0 cumulative_cegar_added_clauses=0 cop_cegar_failures=6 cop_cegar_rounds=12 cop_cegar_added_clauses=4848
c 00h00m00s | stage:sat:solve:start round=2 circuit_cegar_rounds=- cumulative_cegar_rounds=- cop_cegar_rounds=13 assumptions=0 phase_lits=105
c 00h00m00s | stage:sat:solve:done round=2 ms=4 result=Sat assumptions=0 phase_lits=105
c 00h00m00s | stage:decode:start round=2 requested_int_ids=50
c 00h00m00s | stage:decode:final:start round=2 requested_int_ids=50
c 00h00m00s | stage:decode:done round=2 int_assignments=50
c 00h00m00s | stage:relaxation:done clauses_added=0 circuit_cegar_failures=0 circuit_cegar_rounds=0 circuit_cegar_added_clauses=0 cumulative_cegar_failures=0 cumulative_cegar_rounds=0 cumulative_cegar_added_clauses=0 cop_cegar_failures=6 cop_cegar_rounds=13 cop_cegar_added_clauses=4848
c 00h00m00s | result:Sat
c 00h00m00s | objective:incumbent kind=improvement value=12 rounds=7 improvements=6
o 12
c 00h00m00s | stage:sat:init solver=CaDiCaL vars=1795 clauses=3196
c 00h00m00s | stage:sat:solve:start round=1 circuit_cegar_rounds=- cumulative_cegar_rounds=- cop_cegar_rounds=14 assumptions=0 phase_lits=105
c 00h00m00s | stage:sat:solve:done round=1 ms=1 result=Sat assumptions=0 phase_lits=105
c 00h00m00s | stage:decode:start round=1 requested_int_ids=50
c 00h00m00s | stage:relaxation:done round=1 clauses_added=811 circuit_clauses_added=0 cumulative_clauses_added=0 cop_clauses_added=811 circuit_cegar_failures=0 circuit_cegar_rounds=0 circuit_cegar_added_clauses=0 cumulative_cegar_failures=0 cumulative_cegar_rounds=0 cumulative_cegar_added_clauses=0 cop_cegar_failures=7 cop_cegar_rounds=14 cop_cegar_added_clauses=5659
c 00h00m00s | stage:sat:solve:start round=2 circuit_cegar_rounds=- cumulative_cegar_rounds=- cop_cegar_rounds=15 assumptions=0 phase_lits=105
c 00h00m00s | stage:sat:solve:done round=2 ms=14 result=Sat assumptions=0 phase_lits=105
c 00h00m00s | stage:decode:start round=2 requested_int_ids=50
c 00h00m00s | stage:decode:final:start round=2 requested_int_ids=50
c 00h00m00s | stage:decode:done round=2 int_assignments=50
c 00h00m00s | stage:relaxation:done clauses_added=0 circuit_cegar_failures=0 circuit_cegar_rounds=0 circuit_cegar_added_clauses=0 cumulative_cegar_failures=0 cumulative_cegar_rounds=0 cumulative_cegar_added_clauses=0 cop_cegar_failures=7 cop_cegar_rounds=15 cop_cegar_added_clauses=5659
c 00h00m00s | result:Sat
c 00h00m00s | objective:incumbent kind=improvement value=16 rounds=8 improvements=7
o 16
c 00h00m00s | stage:sat:init solver=CaDiCaL vars=1795 clauses=3196
c 00h00m00s | stage:sat:solve:start round=1 circuit_cegar_rounds=- cumulative_cegar_rounds=- cop_cegar_rounds=16 assumptions=0 phase_lits=105
c 00h00m00s | stage:sat:solve:done round=1 ms=1 result=Sat assumptions=0 phase_lits=105
c 00h00m00s | stage:decode:start round=1 requested_int_ids=50
c 00h00m00s | stage:relaxation:done round=1 clauses_added=810 circuit_clauses_added=0 cumulative_clauses_added=0 cop_clauses_added=810 circuit_cegar_failures=0 circuit_cegar_rounds=0 circuit_cegar_added_clauses=0 cumulative_cegar_failures=0 cumulative_cegar_rounds=0 cumulative_cegar_added_clauses=0 cop_cegar_failures=8 cop_cegar_rounds=16 cop_cegar_added_clauses=6469
c 00h00m00s | stage:sat:solve:start round=2 circuit_cegar_rounds=- cumulative_cegar_rounds=- cop_cegar_rounds=17 assumptions=0 phase_lits=105
c 00h00m00s | stage:sat:solve:done round=2 ms=10 result=Unsat assumptions=0 phase_lits=105
c 00h00m00s | result:Unsat
s OPTIMUM FOUND
o 16
v <instantiation>
v   <list> x[0][0] x[0][1] x[0][2] x[0][3] x[0][4] x[1][0] x[1][1] x[1][2] x[1][3] x[1][4] x[2][0] x[2][1] x[2][2] x[2][3] x[2][4] x[3][0] x[3][1] x[3][2] x[3][3] x[3][4] x[4][0] x[4][1] x[4][2] x[4][3] x[4][4] a[0][0] a[0][1] a[0][2] a[0][3] a[0][4] a[1][0] a[1][1] a[1][2] a[1][3] a[1][4] a[2][0] a[2][1] a[2][2] a[2][3] a[2][4] a[3][0] a[3][1] a[3][2] a[3][3] a[3][4] a[4][0] a[4][1] a[4][2] a[4][3] a[4][4] </list>
v   <values> 1 1 0 1 1 1 1 0 1 1 0 0 0 0 0 1 1 0 1 1 1 1 0 1 1 3 3 4 3 3 3 3 4 3 3 4 4 4 4 4 3 3 4 3 3 3 3 4 3 3 </values>
v </instantiation>
d OBJECTIVE_VALUE 16
d OPTIMAL 1
d SOURCE_CONSTRAINTS 64
d NORMALIZED_CONSTRAINTS 64
d LOWERED_CONSTRAINTS 64
d UNSUPPORTED_CONSTRAINTS 0
d CIRCUIT_CEGAR_FAILURES 0
d CIRCUIT_CEGAR_ROUNDS 0
d CIRCUIT_CEGAR_ADDED_CLAUSES 0
d CUMULATIVE_CEGAR_FAILURES 0
d CUMULATIVE_CEGAR_ROUNDS 0
d CUMULATIVE_CEGAR_ADDED_CLAUSES 0
d COP_CEGAR_FAILURES 8
d COP_CEGAR_ROUNDS 17
d COP_CEGAR_ADDED_CLAUSES 6469
d OBJECTIVE_ROUNDS 9
d OBJECTIVE_IMPROVEMENTS 7
d OBJECTIVE_OPTIMALITY_PROOF strict_cut_unsat
d PROPAGATE_MS 0
d NORMALIZE_MS 0
d LOWER_MS 0
d POST_LOWER_MS 0
d PREENCODE_MS 0
d ENCODE_MS 4
d SAT_SOLVE_MS 40
d TOTAL_MS 64
d SAT_VARS 1795
d SAT_CLAUSES_BASE 3196
d SAT_CLAUSES_FINAL 4006
d SAT_CLAUSES_CEGAR_DELTA 810
d SAT_CONFLICTS 769
d LINEAR_INT_EQ_ARITY_STATS {"4":{"count":4,"max_domain_product_excluding_one_var":"8","p95_domain_product_excluding_one_var":"8"},"6":{"count":12,"max_domain_product_excluding_one_var":"32","p95_domain_product_excluding_one_var":"32"},"9":{"count":9,"max_domain_product_excluding_one_var":"256","p95_domain_product_excluding_one_var":"256"}}
d LINEAR_INT_NE_ARITY_STATS {}
d LINEAR_INT_GE_ARITY_STATS {"2":{"count":2,"max_domain_product_excluding_one_var":"2","p95_domain_product_excluding_one_var":"2"}}
d LINEAR_BOOL_MIXED_ARITY_STATS {}
d ROOT_LP_ENTERED 0
d ROOT_LP_STATUS skipped
d ROOT_LP_MS 0
d ROOT_LP_REASON --no-root-lp-bound
d PROPAGATE_PRUNED_VALUES 0
d PROPAGATE_CHANGED_DOMAINS 0
d PROPAGATE_ENTAILED_TABLES 0
d POST_LOWER_ROUNDS 16
d POST_LOWER_TIGHTENED_DOMAINS 16
d POST_LOWER_REMOVED_CLAUSES 0
d POST_LOWER_REMOVED_LITS 0
d POST_LOWER_DETECTED_UNSAT 0
d PREENCODE_INT_VARS 50
d ENCODE_EXTERNAL_GE_SPECS 0
d ENCODE_RELAXED_CIRCUITS 0
d LOG_SCOP_LINEAR_PB_CONSTRAINTS 52
d LOG_SCOP_LINEAR_PB_MIXED_DISPATCH_CONSTRAINTS 0
d LOG_SCOP_LINEAR_PB_MIXED_ATTEMPT_BDD 0
d LOG_SCOP_LINEAR_PB_MIXED_ATTEMPT_SORTER 0
d LOG_SCOP_LINEAR_PB_MIXED_ATTEMPT_DADDA 0
d LOG_SCOP_LINEAR_PB_MIXED_REJECT_BDD_BUDGET 0
d LOG_SCOP_LINEAR_PB_MIXED_REJECT_SORTER_BUDGET 0
d LOG_SCOP_LINEAR_PB_MIXED_FALLBACK_BDD_TO_SORTER 0
d LOG_SCOP_LINEAR_PB_MIXED_FALLBACK_BDD_TO_DADDA 0
d LOG_SCOP_LINEAR_PB_MIXED_FALLBACK_SORTER_TO_BDD 0
d LOG_SCOP_LINEAR_PB_MIXED_FALLBACK_SORTER_TO_DADDA 0
d LOG_SCOP_LINEAR_PB_BACKEND_BDD2 52
d LOG_SCOP_LINEAR_PB_BACKEND_BDD3 0
d LOG_SCOP_LINEAR_PB_BACKEND_SORTER 0
d LOG_SCOP_LINEAR_PB_BACKEND_DADDA 0
d LOG_SCOP_LINEAR_PB_BDD_DECOMPOSITION_RAW 52
d LOG_SCOP_LINEAR_PB_BDD_DECOMPOSITION_BINARY 0
d LOG_SCOP_LINEAR_PB_BDD_DECOMPOSITION_MULTIBASE 0
d DECODE_INT_ASSIGNMENTS 50
d CSV /bench/competition/2022-2025/COP22to25/StillLife-05-05_c24.xml.lzma,optimum,64,64,64,0,1795,4006,64,0,0,0,0,4,40,0,skipped,,,,,,0,,,,,,,,
