# WCTIME: wall clock time in seconds
WCTIME=52.4553
# CPUTIME: CPU time in seconds (USERTIME+SYSTEMTIME)
CPUTIME=52.1948
# USERTIME: CPU time spent in user mode in seconds
USERTIME=49.0021
# SYSTEMTIME: CPU time spent in system mode in seconds
SYSTEMTIME=3.19271
# CPUUSAGE: CPUTIME/WCTIME in percent
CPUUSAGE=99.5034
# MAXVM: maximum virtual memory used in KiB
MAXVM=7371884
# MAXMM: maximum memory used in KiB
MAXMM=6415688
# MAXRSS: maximum Resident Segment Size in KiB
MAXRSS=6500792
# TIMEOUT: did the solver exceed the time limit?
TIMEOUT=false
# MEMOUT: did the solver exceed the memory limit?
MEMOUT=false
# EXITSTATUS: Exit status of the solver
EXITSTATUS=0
