c cmd: /host-parser-bin/kat_xcsp_835f8aaf_scip_dynamic /bench/competition/2022-2025/COP22to25/Coprime-10_c25.xml.lzma --encoder log-scop --order-ge-table mdd-tl --progress
c 00h00m00s | solve:start
c 00h00m00s | input: constraints=4465
c 00h00m00s | stage:propagate:start
c 00h00m00s | stage:propagate:done ms=22 pruned=90 changed_domains=10 entailed_tables=0
c 00h00m00s | stage:normalize:start
c 00h00m00s | stage:normalize:done ms=0 high_constraints=4465
c 00h00m00s | stage:lower:start
c 00h00m00s | stage:lower:done ms=85 lowered=4465 unsupported=0
c 00h00m00s | stage:post_lower:start
c 00h00m00s | stage:post_lower:done ms=399 rounds=1682 tightened=4735 removed_cls=18123 removed_lits=0 unsat=false precise_hits=62834 precise_rounds=2 pivot_recomputes=53367 pivot_exact_attempts=27158 pivot_general_attempts=26209 pivot_general_rest_missing=0 pivot_general_bound_missing=0 pivot_general_no_change=25443 pivot_general_tightened=766 setup_ms=11 loop_ms=218 pivot_ms=0 pivot_version_ms=0 pivot_exact_ms=0 pivot_general_ms=0 pivot_general_prepare_ms=0 pivot_general_rest_ms=0 pivot_general_derive_ms=0 apply_ms=0 sat_ms=0 precise_ms=165
c 00h00m00s | stage:lowered-shape int_vars=17848 bool_vars=0 linear_atoms=35685 table_atoms=0 table_tuples=0 table_scope=0 alldiff_atoms=0 circuit_atoms=0 product_atoms=0 logical_clauses=13107
c 00h00m00s | stage:root-lp:start backend=scip-ffi
c 00h00m08s | stage:root-lp:bound backend=scip-ffi status=optimal objective_value=17 naive_bounds=[2,100] lp_bounds=[17,100] improved=1 rows=8937 vars=17848 ms=7990
c 00h00m08s | stage:preencode(log-scop):start
c 00h00m08s | stage:preencode(log-scop):done ms=2 int_vars=17848
c 00h00m08s | stage:encode(log-scop):start
c 00h00m09s | stage:encode(log-scop):done ms=1096 sat_vars=1208201 sat_clauses=2650240 ext_ge_specs=0 relaxed_circuits=0 log_scop_pb_constraints=47560 log_scop_pb_mixed=0 log_scop_pb_bdd2=0 log_scop_pb_bdd3=47560 log_scop_pb_sorter=0 log_scop_pb_dadda=0 log_scop_bdd_raw=47560 log_scop_bdd_binary=0 log_scop_bdd_multibase=0
c 00h00m09s | stage:sat:init solver=CaDiCaL vars=1208201 clauses=2650240
c 00h00m09s | stage:sat:solve:start round=1 circuit_cegar_rounds=- cop_cegar_rounds=1 assumptions=0 phase_lits=0
c 00h00m45s | stage:sat:solve:done round=1 ms=36357 result=Sat assumptions=0 phase_lits=0
c 00h00m45s | stage:decode:start round=1 requested_int_ids=10
c 00h00m46s | stage:decode:final:start round=1 requested_int_ids=10
c 00h00m46s | stage:decode:done round=1 int_assignments=10
c 00h00m46s | stage:relaxation:done clauses_added=0 circuit_cegar_failures=0 circuit_cegar_rounds=0 circuit_cegar_added_clauses=0 cop_cegar_failures=0 cop_cegar_rounds=1 cop_cegar_added_clauses=0
c 00h00m46s | result:Sat
c 00h00m46s | objective:incumbent kind=initial value=99 rounds=1 improvements=0
o 99
c 00h00m46s | stage:sat:init solver=CaDiCaL vars=1208201 clauses=2650240
c 00h00m46s | stage:sat:solve:start round=1 circuit_cegar_rounds=- cop_cegar_rounds=2 assumptions=0 phase_lits=70
c 00h00m46s | stage:sat:solve:done round=1 ms=160 result=Sat assumptions=0 phase_lits=70
c 00h00m46s | stage:decode:start round=1 requested_int_ids=10
c 00h00m46s | stage:relaxation:done round=1 clauses_added=115890 circuit_clauses_added=0 cop_clauses_added=115890 circuit_cegar_failures=0 circuit_cegar_rounds=0 circuit_cegar_added_clauses=0 cop_cegar_failures=1 cop_cegar_rounds=2 cop_cegar_added_clauses=115890
c 00h00m46s | stage:sat:solve:start round=2 circuit_cegar_rounds=- cop_cegar_rounds=3 assumptions=0 phase_lits=70
c 00h00m55s | stage:sat:solve:done round=2 ms=8785 result=Sat assumptions=0 phase_lits=70
c 00h00m55s | stage:decode:start round=2 requested_int_ids=10
c 00h00m55s | stage:decode:final:start round=2 requested_int_ids=10
c 00h00m55s | stage:decode:done round=2 int_assignments=10
c 00h00m55s | stage:relaxation:done clauses_added=0 circuit_cegar_failures=0 circuit_cegar_rounds=0 circuit_cegar_added_clauses=0 cop_cegar_failures=1 cop_cegar_rounds=3 cop_cegar_added_clauses=115890
c 00h00m55s | result:Sat
c 00h00m55s | objective:incumbent kind=improvement value=97 rounds=2 improvements=1
o 97
c 00h00m55s | stage:sat:init solver=CaDiCaL vars=1208201 clauses=2650240
c 00h00m55s | stage:sat:solve:start round=1 circuit_cegar_rounds=- cop_cegar_rounds=4 assumptions=0 phase_lits=70
c 00h00m55s | stage:sat:solve:done round=1 ms=151 result=Sat assumptions=0 phase_lits=70
c 00h00m55s | stage:decode:start round=1 requested_int_ids=10
c 00h00m55s | stage:relaxation:done round=1 clauses_added=115883 circuit_clauses_added=0 cop_clauses_added=115883 circuit_cegar_failures=0 circuit_cegar_rounds=0 circuit_cegar_added_clauses=0 cop_cegar_failures=2 cop_cegar_rounds=4 cop_cegar_added_clauses=231773
c 00h00m55s | stage:sat:solve:start round=2 circuit_cegar_rounds=- cop_cegar_rounds=5 assumptions=0 phase_lits=70
c 00h00m58s | stage:sat:solve:done round=2 ms=3289 result=Sat assumptions=0 phase_lits=70
c 00h00m58s | stage:decode:start round=2 requested_int_ids=10
c 00h00m58s | stage:decode:final:start round=2 requested_int_ids=10
c 00h00m58s | stage:decode:done round=2 int_assignments=10
c 00h00m58s | stage:relaxation:done clauses_added=0 circuit_cegar_failures=0 circuit_cegar_rounds=0 circuit_cegar_added_clauses=0 cop_cegar_failures=2 cop_cegar_rounds=5 cop_cegar_added_clauses=231773
c 00h00m58s | result:Sat
c 00h00m58s | objective:incumbent kind=improvement value=93 rounds=3 improvements=2
o 93
c 00h00m58s | stage:sat:init solver=CaDiCaL vars=1208201 clauses=2650240
c 00h00m58s | stage:sat:solve:start round=1 circuit_cegar_rounds=- cop_cegar_rounds=6 assumptions=0 phase_lits=70
c 00h00m59s | stage:sat:solve:done round=1 ms=154 result=Sat assumptions=0 phase_lits=70
c 00h00m59s | stage:decode:start round=1 requested_int_ids=10
c 00h00m59s | stage:relaxation:done round=1 clauses_added=115887 circuit_clauses_added=0 cop_clauses_added=115887 circuit_cegar_failures=0 circuit_cegar_rounds=0 circuit_cegar_added_clauses=0 cop_cegar_failures=3 cop_cegar_rounds=6 cop_cegar_added_clauses=347660
c 00h00m59s | stage:sat:solve:start round=2 circuit_cegar_rounds=- cop_cegar_rounds=7 assumptions=0 phase_lits=70
c 00h01m00s | stage:sat:solve:done round=2 ms=1241 result=Sat assumptions=0 phase_lits=70
c 00h01m00s | stage:decode:start round=2 requested_int_ids=10
c 00h01m00s | stage:decode:final:start round=2 requested_int_ids=10
c 00h01m00s | stage:decode:done round=2 int_assignments=10
c 00h01m00s | stage:relaxation:done clauses_added=0 circuit_cegar_failures=0 circuit_cegar_rounds=0 circuit_cegar_added_clauses=0 cop_cegar_failures=3 cop_cegar_rounds=7 cop_cegar_added_clauses=347660
c 00h01m00s | result:Sat
c 00h01m00s | objective:incumbent kind=improvement value=91 rounds=4 improvements=3
o 91
c 00h01m00s | stage:sat:init solver=CaDiCaL vars=1208201 clauses=2650240
c 00h01m00s | stage:sat:solve:start round=1 circuit_cegar_rounds=- cop_cegar_rounds=8 assumptions=0 phase_lits=70
c 00h01m00s | stage:sat:solve:done round=1 ms=169 result=Sat assumptions=0 phase_lits=70
c 00h01m00s | stage:decode:start round=1 requested_int_ids=10
c 00h01m00s | stage:relaxation:done round=1 clauses_added=115890 circuit_clauses_added=0 cop_clauses_added=115890 circuit_cegar_failures=0 circuit_cegar_rounds=0 circuit_cegar_added_clauses=0 cop_cegar_failures=4 cop_cegar_rounds=8 cop_cegar_added_clauses=463550
c 00h01m00s | stage:sat:solve:start round=2 circuit_cegar_rounds=- cop_cegar_rounds=9 assumptions=0 phase_lits=70
c 00h01m05s | stage:sat:solve:done round=2 ms=4405 result=Sat assumptions=0 phase_lits=70
c 00h01m05s | stage:decode:start round=2 requested_int_ids=10
c 00h01m05s | stage:decode:final:start round=2 requested_int_ids=10
c 00h01m05s | stage:decode:done round=2 int_assignments=10
c 00h01m05s | stage:relaxation:done clauses_added=0 circuit_cegar_failures=0 circuit_cegar_rounds=0 circuit_cegar_added_clauses=0 cop_cegar_failures=4 cop_cegar_rounds=9 cop_cegar_added_clauses=463550
c 00h01m05s | result:Sat
c 00h01m05s | objective:incumbent kind=improvement value=89 rounds=5 improvements=4
o 89
c 00h01m05s | stage:sat:init solver=CaDiCaL vars=1208201 clauses=2650240
c 00h01m05s | stage:sat:solve:start round=1 circuit_cegar_rounds=- cop_cegar_rounds=10 assumptions=0 phase_lits=70
c 00h01m05s | stage:sat:solve:done round=1 ms=219 result=Sat assumptions=0 phase_lits=70
c 00h01m05s | stage:decode:start round=1 requested_int_ids=10
c 00h01m05s | stage:relaxation:done round=1 clauses_added=115886 circuit_clauses_added=0 cop_clauses_added=115886 circuit_cegar_failures=0 circuit_cegar_rounds=0 circuit_cegar_added_clauses=0 cop_cegar_failures=5 cop_cegar_rounds=10 cop_cegar_added_clauses=579436
c 00h01m05s | stage:sat:solve:start round=2 circuit_cegar_rounds=- cop_cegar_rounds=11 assumptions=0 phase_lits=70
c 00h01m08s | stage:sat:solve:done round=2 ms=2255 result=Sat assumptions=0 phase_lits=70
c 00h01m08s | stage:decode:start round=2 requested_int_ids=10
c 00h01m08s | stage:decode:final:start round=2 requested_int_ids=10
c 00h01m08s | stage:decode:done round=2 int_assignments=10
c 00h01m08s | stage:relaxation:done clauses_added=0 circuit_cegar_failures=0 circuit_cegar_rounds=0 circuit_cegar_added_clauses=0 cop_cegar_failures=5 cop_cegar_rounds=11 cop_cegar_added_clauses=579436
c 00h01m08s | result:Sat
c 00h01m08s | objective:incumbent kind=improvement value=85 rounds=6 improvements=5
o 85
c 00h01m08s | stage:sat:init solver=CaDiCaL vars=1208201 clauses=2650240
c 00h01m08s | stage:sat:solve:start round=1 circuit_cegar_rounds=- cop_cegar_rounds=12 assumptions=0 phase_lits=70
c 00h01m08s | stage:sat:solve:done round=1 ms=217 result=Sat assumptions=0 phase_lits=70
c 00h01m08s | stage:decode:start round=1 requested_int_ids=10
c 00h01m08s | stage:relaxation:done round=1 clauses_added=115889 circuit_clauses_added=0 cop_clauses_added=115889 circuit_cegar_failures=0 circuit_cegar_rounds=0 circuit_cegar_added_clauses=0 cop_cegar_failures=6 cop_cegar_rounds=12 cop_cegar_added_clauses=695325
c 00h01m08s | stage:sat:solve:start round=2 circuit_cegar_rounds=- cop_cegar_rounds=13 assumptions=0 phase_lits=70
c 00h01m10s | stage:sat:solve:done round=2 ms=1675 result=Sat assumptions=0 phase_lits=70
c 00h01m10s | stage:decode:start round=2 requested_int_ids=10
c 00h01m10s | stage:decode:final:start round=2 requested_int_ids=10
c 00h01m10s | stage:decode:done round=2 int_assignments=10
c 00h01m10s | stage:relaxation:done clauses_added=0 circuit_cegar_failures=0 circuit_cegar_rounds=0 circuit_cegar_added_clauses=0 cop_cegar_failures=6 cop_cegar_rounds=13 cop_cegar_added_clauses=695325
c 00h01m10s | result:Sat
c 00h01m10s | objective:incumbent kind=improvement value=83 rounds=7 improvements=6
o 83
c 00h01m10s | stage:sat:init solver=CaDiCaL vars=1208201 clauses=2650240
c 00h01m10s | stage:sat:solve:start round=1 circuit_cegar_rounds=- cop_cegar_rounds=14 assumptions=0 phase_lits=70
c 00h01m10s | stage:sat:solve:done round=1 ms=210 result=Sat assumptions=0 phase_lits=70
c 00h01m10s | stage:decode:start round=1 requested_int_ids=10
c 00h01m10s | stage:relaxation:done round=1 clauses_added=115892 circuit_clauses_added=0 cop_clauses_added=115892 circuit_cegar_failures=0 circuit_cegar_rounds=0 circuit_cegar_added_clauses=0 cop_cegar_failures=7 cop_cegar_rounds=14 cop_cegar_added_clauses=811217
c 00h01m10s | stage:sat:solve:start round=2 circuit_cegar_rounds=- cop_cegar_rounds=15 assumptions=0 phase_lits=70
c 00h01m24s | stage:sat:solve:done round=2 ms=14151 result=Sat assumptions=0 phase_lits=70
c 00h01m24s | stage:decode:start round=2 requested_int_ids=10
c 00h01m24s | stage:decode:final:start round=2 requested_int_ids=10
c 00h01m24s | stage:decode:done round=2 int_assignments=10
c 00h01m24s | stage:relaxation:done clauses_added=0 circuit_cegar_failures=0 circuit_cegar_rounds=0 circuit_cegar_added_clauses=0 cop_cegar_failures=7 cop_cegar_rounds=15 cop_cegar_added_clauses=811217
c 00h01m24s | result:Sat
c 00h01m24s | objective:incumbent kind=improvement value=81 rounds=8 improvements=7
o 81
c 00h01m24s | stage:sat:init solver=CaDiCaL vars=1208201 clauses=2650240
c 00h01m24s | stage:sat:solve:start round=1 circuit_cegar_rounds=- cop_cegar_rounds=16 assumptions=0 phase_lits=70
c 00h01m25s | stage:sat:solve:done round=1 ms=99 result=Sat assumptions=0 phase_lits=70
c 00h01m25s | stage:decode:start round=1 requested_int_ids=10
c 00h01m25s | stage:relaxation:done round=1 clauses_added=115879 circuit_clauses_added=0 cop_clauses_added=115879 circuit_cegar_failures=0 circuit_cegar_rounds=0 circuit_cegar_added_clauses=0 cop_cegar_failures=8 cop_cegar_rounds=16 cop_cegar_added_clauses=927096
c 00h01m25s | stage:sat:solve:start round=2 circuit_cegar_rounds=- cop_cegar_rounds=17 assumptions=0 phase_lits=70
c 00h01m32s | stage:sat:solve:done round=2 ms=7371 result=Sat assumptions=0 phase_lits=70
c 00h01m32s | stage:decode:start round=2 requested_int_ids=10
c 00h01m32s | stage:decode:final:start round=2 requested_int_ids=10
c 00h01m32s | stage:decode:done round=2 int_assignments=10
c 00h01m32s | stage:relaxation:done clauses_added=0 circuit_cegar_failures=0 circuit_cegar_rounds=0 circuit_cegar_added_clauses=0 cop_cegar_failures=8 cop_cegar_rounds=17 cop_cegar_added_clauses=927096
c 00h01m32s | result:Sat
c 00h01m32s | objective:incumbent kind=improvement value=80 rounds=9 improvements=8
o 80
c 00h01m32s | stage:sat:init solver=CaDiCaL vars=1208201 clauses=2650240
c 00h01m32s | stage:sat:solve:start round=1 circuit_cegar_rounds=- cop_cegar_rounds=18 assumptions=0 phase_lits=70
c 00h01m33s | stage:sat:solve:done round=1 ms=234 result=Sat assumptions=0 phase_lits=70
c 00h01m33s | stage:decode:start round=1 requested_int_ids=10
c 00h01m33s | stage:relaxation:done round=1 clauses_added=115887 circuit_clauses_added=0 cop_clauses_added=115887 circuit_cegar_failures=0 circuit_cegar_rounds=0 circuit_cegar_added_clauses=0 cop_cegar_failures=9 cop_cegar_rounds=18 cop_cegar_added_clauses=1042983
c 00h01m33s | stage:sat:solve:start round=2 circuit_cegar_rounds=- cop_cegar_rounds=19 assumptions=0 phase_lits=70
c 00h01m36s | stage:sat:solve:done round=2 ms=3476 result=Sat assumptions=0 phase_lits=70
c 00h01m36s | stage:decode:start round=2 requested_int_ids=10
c 00h01m36s | stage:decode:final:start round=2 requested_int_ids=10
c 00h01m36s | stage:decode:done round=2 int_assignments=10
c 00h01m36s | stage:relaxation:done clauses_added=0 circuit_cegar_failures=0 circuit_cegar_rounds=0 circuit_cegar_added_clauses=0 cop_cegar_failures=9 cop_cegar_rounds=19 cop_cegar_added_clauses=1042983
c 00h01m36s | result:Sat
c 00h01m36s | objective:incumbent kind=improvement value=79 rounds=10 improvements=9
o 79
c 00h01m36s | stage:sat:init solver=CaDiCaL vars=1208201 clauses=2650240
c 00h01m36s | stage:sat:solve:start round=1 circuit_cegar_rounds=- cop_cegar_rounds=20 assumptions=0 phase_lits=70
c 00h01m37s | stage:sat:solve:done round=1 ms=207 result=Sat assumptions=0 phase_lits=70
c 00h01m37s | stage:decode:start round=1 requested_int_ids=10
c 00h01m37s | stage:relaxation:done round=1 clauses_added=115886 circuit_clauses_added=0 cop_clauses_added=115886 circuit_cegar_failures=0 circuit_cegar_rounds=0 circuit_cegar_added_clauses=0 cop_cegar_failures=10 cop_cegar_rounds=20 cop_cegar_added_clauses=1158869
c 00h01m37s | stage:sat:solve:start round=2 circuit_cegar_rounds=- cop_cegar_rounds=21 assumptions=0 phase_lits=70
c 00h01m40s | stage:sat:solve:done round=2 ms=3400 result=Sat assumptions=0 phase_lits=70
c 00h01m40s | stage:decode:start round=2 requested_int_ids=10
c 00h01m40s | stage:decode:final:start round=2 requested_int_ids=10
c 00h01m40s | stage:decode:done round=2 int_assignments=10
c 00h01m40s | stage:relaxation:done clauses_added=0 circuit_cegar_failures=0 circuit_cegar_rounds=0 circuit_cegar_added_clauses=0 cop_cegar_failures=10 cop_cegar_rounds=21 cop_cegar_added_clauses=1158869
c 00h01m40s | result:Sat
c 00h01m40s | objective:incumbent kind=improvement value=78 rounds=11 improvements=10
o 78
c 00h01m40s | stage:sat:init solver=CaDiCaL vars=1208201 clauses=2650240
c 00h01m40s | stage:sat:solve:start round=1 circuit_cegar_rounds=- cop_cegar_rounds=22 assumptions=0 phase_lits=70
c 00h01m40s | stage:sat:solve:done round=1 ms=217 result=Sat assumptions=0 phase_lits=70
c 00h01m40s | stage:decode:start round=1 requested_int_ids=10
c 00h01m41s | stage:relaxation:done round=1 clauses_added=115889 circuit_clauses_added=0 cop_clauses_added=115889 circuit_cegar_failures=0 circuit_cegar_rounds=0 circuit_cegar_added_clauses=0 cop_cegar_failures=11 cop_cegar_rounds=22 cop_cegar_added_clauses=1274758
c 00h01m41s | stage:sat:solve:start round=2 circuit_cegar_rounds=- cop_cegar_rounds=23 assumptions=0 phase_lits=70
c 00h01m46s | stage:sat:solve:done round=2 ms=5666 result=Sat assumptions=0 phase_lits=70
c 00h01m46s | stage:decode:start round=2 requested_int_ids=10
c 00h01m46s | stage:decode:final:start round=2 requested_int_ids=10
c 00h01m46s | stage:decode:done round=2 int_assignments=10
c 00h01m46s | stage:relaxation:done clauses_added=0 circuit_cegar_failures=0 circuit_cegar_rounds=0 circuit_cegar_added_clauses=0 cop_cegar_failures=11 cop_cegar_rounds=23 cop_cegar_added_clauses=1274758
c 00h01m46s | result:Sat
c 00h01m46s | objective:incumbent kind=improvement value=77 rounds=12 improvements=11
o 77
c 00h01m46s | stage:sat:init solver=CaDiCaL vars=1208201 clauses=2650240
c 00h01m46s | stage:sat:solve:start round=1 circuit_cegar_rounds=- cop_cegar_rounds=24 assumptions=0 phase_lits=70
c 00h01m47s | stage:sat:solve:done round=1 ms=221 result=Sat assumptions=0 phase_lits=70
c 00h01m47s | stage:decode:start round=1 requested_int_ids=10
c 00h01m47s | stage:relaxation:done round=1 clauses_added=115885 circuit_clauses_added=0 cop_clauses_added=115885 circuit_cegar_failures=0 circuit_cegar_rounds=0 circuit_cegar_added_clauses=0 cop_cegar_failures=12 cop_cegar_rounds=24 cop_cegar_added_clauses=1390643
c 00h01m47s | stage:sat:solve:start round=2 circuit_cegar_rounds=- cop_cegar_rounds=25 assumptions=0 phase_lits=70
c 00h01m49s | stage:sat:solve:done round=2 ms=2173 result=Sat assumptions=0 phase_lits=70
c 00h01m49s | stage:decode:start round=2 requested_int_ids=10
c 00h01m49s | stage:decode:final:start round=2 requested_int_ids=10
c 00h01m49s | stage:decode:done round=2 int_assignments=10
c 00h01m49s | stage:relaxation:done clauses_added=0 circuit_cegar_failures=0 circuit_cegar_rounds=0 circuit_cegar_added_clauses=0 cop_cegar_failures=12 cop_cegar_rounds=25 cop_cegar_added_clauses=1390643
c 00h01m49s | result:Sat
c 00h01m49s | objective:incumbent kind=improvement value=75 rounds=13 improvements=12
o 75
c 00h01m49s | stage:sat:init solver=CaDiCaL vars=1208201 clauses=2650240
c 00h01m49s | stage:sat:solve:start round=1 circuit_cegar_rounds=- cop_cegar_rounds=26 assumptions=0 phase_lits=70
c 00h01m49s | stage:sat:solve:done round=1 ms=227 result=Sat assumptions=0 phase_lits=70
c 00h01m49s | stage:decode:start round=1 requested_int_ids=10
c 00h01m49s | stage:relaxation:done round=1 clauses_added=115888 circuit_clauses_added=0 cop_clauses_added=115888 circuit_cegar_failures=0 circuit_cegar_rounds=0 circuit_cegar_added_clauses=0 cop_cegar_failures=13 cop_cegar_rounds=26 cop_cegar_added_clauses=1506531
c 00h01m49s | stage:sat:solve:start round=2 circuit_cegar_rounds=- cop_cegar_rounds=27 assumptions=0 phase_lits=70
c 00h01m52s | stage:sat:solve:done round=2 ms=2972 result=Sat assumptions=0 phase_lits=70
c 00h01m52s | stage:decode:start round=2 requested_int_ids=10
c 00h01m52s | stage:decode:final:start round=2 requested_int_ids=10
c 00h01m52s | stage:decode:done round=2 int_assignments=10
c 00h01m52s | stage:relaxation:done clauses_added=0 circuit_cegar_failures=0 circuit_cegar_rounds=0 circuit_cegar_added_clauses=0 cop_cegar_failures=13 cop_cegar_rounds=27 cop_cegar_added_clauses=1506531
c 00h01m52s | result:Sat
c 00h01m52s | objective:incumbent kind=improvement value=74 rounds=14 improvements=13
o 74
c 00h01m52s | stage:sat:init solver=CaDiCaL vars=1208201 clauses=2650240
c 00h01m52s | stage:sat:solve:start round=1 circuit_cegar_rounds=- cop_cegar_rounds=28 assumptions=0 phase_lits=70
c 00h01m53s | stage:sat:solve:done round=1 ms=247 result=Sat assumptions=0 phase_lits=70
c 00h01m53s | stage:decode:start round=1 requested_int_ids=10
c 00h01m53s | stage:relaxation:done round=1 clauses_added=115891 circuit_clauses_added=0 cop_clauses_added=115891 circuit_cegar_failures=0 circuit_cegar_rounds=0 circuit_cegar_added_clauses=0 cop_cegar_failures=14 cop_cegar_rounds=28 cop_cegar_added_clauses=1622422
c 00h01m53s | stage:sat:solve:start round=2 circuit_cegar_rounds=- cop_cegar_rounds=29 assumptions=0 phase_lits=70
c 00h01m59s | stage:sat:solve:done round=2 ms=5627 result=Sat assumptions=0 phase_lits=70
c 00h01m59s | stage:decode:start round=2 requested_int_ids=10
c 00h01m59s | stage:decode:final:start round=2 requested_int_ids=10
c 00h01m59s | stage:decode:done round=2 int_assignments=10
c 00h01m59s | stage:relaxation:done clauses_added=0 circuit_cegar_failures=0 circuit_cegar_rounds=0 circuit_cegar_added_clauses=0 cop_cegar_failures=14 cop_cegar_rounds=29 cop_cegar_added_clauses=1622422
c 00h01m59s | result:Sat
c 00h01m59s | objective:incumbent kind=improvement value=73 rounds=15 improvements=14
o 73
c 00h01m59s | stage:sat:init solver=CaDiCaL vars=1208201 clauses=2650240
c 00h01m59s | stage:sat:solve:start round=1 circuit_cegar_rounds=- cop_cegar_rounds=30 assumptions=0 phase_lits=70
c 00h01m59s | stage:sat:solve:done round=1 ms=253 result=Sat assumptions=0 phase_lits=70
c 00h01m59s | stage:decode:start round=1 requested_int_ids=10
c 00h01m59s | stage:relaxation:done round=1 clauses_added=115884 circuit_clauses_added=0 cop_clauses_added=115884 circuit_cegar_failures=0 circuit_cegar_rounds=0 circuit_cegar_added_clauses=0 cop_cegar_failures=15 cop_cegar_rounds=30 cop_cegar_added_clauses=1738306
c 00h01m59s | stage:sat:solve:start round=2 circuit_cegar_rounds=- cop_cegar_rounds=31 assumptions=0 phase_lits=70
c 00h02m02s | stage:sat:solve:done round=2 ms=3085 result=Sat assumptions=0 phase_lits=70
c 00h02m02s | stage:decode:start round=2 requested_int_ids=10
c 00h02m02s | stage:decode:final:start round=2 requested_int_ids=10
c 00h02m02s | stage:decode:done round=2 int_assignments=10
c 00h02m02s | stage:relaxation:done clauses_added=0 circuit_cegar_failures=0 circuit_cegar_rounds=0 circuit_cegar_added_clauses=0 cop_cegar_failures=15 cop_cegar_rounds=31 cop_cegar_added_clauses=1738306
c 00h02m02s | result:Sat
c 00h02m02s | objective:incumbent kind=improvement value=71 rounds=16 improvements=15
o 71
c 00h02m02s | stage:sat:init solver=CaDiCaL vars=1208201 clauses=2650240
c 00h02m02s | stage:sat:solve:start round=1 circuit_cegar_rounds=- cop_cegar_rounds=32 assumptions=0 phase_lits=70
c 00h02m03s | stage:sat:solve:done round=1 ms=248 result=Sat assumptions=0 phase_lits=70
c 00h02m03s | stage:decode:start round=1 requested_int_ids=10
c 00h02m03s | stage:relaxation:done round=1 clauses_added=115888 circuit_clauses_added=0 cop_clauses_added=115888 circuit_cegar_failures=0 circuit_cegar_rounds=0 circuit_cegar_added_clauses=0 cop_cegar_failures=16 cop_cegar_rounds=32 cop_cegar_added_clauses=1854194
c 00h02m03s | stage:sat:solve:start round=2 circuit_cegar_rounds=- cop_cegar_rounds=33 assumptions=0 phase_lits=70
c 00h02m11s | stage:sat:solve:done round=2 ms=8290 result=Sat assumptions=0 phase_lits=70
c 00h02m11s | stage:decode:start round=2 requested_int_ids=10
c 00h02m11s | stage:decode:final:start round=2 requested_int_ids=10
c 00h02m11s | stage:decode:done round=2 int_assignments=10
c 00h02m11s | stage:relaxation:done clauses_added=0 circuit_cegar_failures=0 circuit_cegar_rounds=0 circuit_cegar_added_clauses=0 cop_cegar_failures=16 cop_cegar_rounds=33 cop_cegar_added_clauses=1854194
c 00h02m11s | result:Sat
c 00h02m11s | objective:incumbent kind=improvement value=69 rounds=17 improvements=16
o 69
c 00h02m11s | stage:sat:init solver=CaDiCaL vars=1208201 clauses=2650240
c 00h02m11s | stage:sat:solve:start round=1 circuit_cegar_rounds=- cop_cegar_rounds=34 assumptions=0 phase_lits=70
c 00h02m11s | stage:sat:solve:done round=1 ms=157 result=Sat assumptions=0 phase_lits=70
c 00h02m11s | stage:decode:start round=1 requested_int_ids=10
c 00h02m11s | stage:relaxation:done round=1 clauses_added=115887 circuit_clauses_added=0 cop_clauses_added=115887 circuit_cegar_failures=0 circuit_cegar_rounds=0 circuit_cegar_added_clauses=0 cop_cegar_failures=17 cop_cegar_rounds=34 cop_cegar_added_clauses=1970081
c 00h02m11s | stage:sat:solve:start round=2 circuit_cegar_rounds=- cop_cegar_rounds=35 assumptions=0 phase_lits=70
c 00h02m18s | stage:sat:solve:done round=2 ms=6747 result=Sat assumptions=0 phase_lits=70
c 00h02m18s | stage:decode:start round=2 requested_int_ids=10
c 00h02m18s | stage:decode:final:start round=2 requested_int_ids=10
c 00h02m18s | stage:decode:done round=2 int_assignments=10
c 00h02m18s | stage:relaxation:done clauses_added=0 circuit_cegar_failures=0 circuit_cegar_rounds=0 circuit_cegar_added_clauses=0 cop_cegar_failures=17 cop_cegar_rounds=35 cop_cegar_added_clauses=1970081
c 00h02m18s | result:Sat
c 00h02m18s | objective:incumbent kind=improvement value=67 rounds=18 improvements=17
o 67
c 00h02m18s | stage:sat:init solver=CaDiCaL vars=1208201 clauses=2650240
c 00h02m18s | stage:sat:solve:start round=1 circuit_cegar_rounds=- cop_cegar_rounds=36 assumptions=0 phase_lits=70
c 00h02m19s | stage:sat:solve:done round=1 ms=238 result=Sat assumptions=0 phase_lits=70
c 00h02m19s | stage:decode:start round=1 requested_int_ids=10
c 00h02m19s | stage:relaxation:done round=1 clauses_added=115890 circuit_clauses_added=0 cop_clauses_added=115890 circuit_cegar_failures=0 circuit_cegar_rounds=0 circuit_cegar_added_clauses=0 cop_cegar_failures=18 cop_cegar_rounds=36 cop_cegar_added_clauses=2085971
c 00h02m19s | stage:sat:solve:start round=2 circuit_cegar_rounds=- cop_cegar_rounds=37 assumptions=0 phase_lits=70
c 00h02m25s | stage:sat:solve:done round=2 ms=6524 result=Sat assumptions=0 phase_lits=70
c 00h02m25s | stage:decode:start round=2 requested_int_ids=10
c 00h02m25s | stage:decode:final:start round=2 requested_int_ids=10
c 00h02m25s | stage:decode:done round=2 int_assignments=10
c 00h02m25s | stage:relaxation:done clauses_added=0 circuit_cegar_failures=0 circuit_cegar_rounds=0 circuit_cegar_added_clauses=0 cop_cegar_failures=18 cop_cegar_rounds=37 cop_cegar_added_clauses=2085971
c 00h02m25s | result:Sat
c 00h02m25s | objective:incumbent kind=improvement value=65 rounds=19 improvements=18
o 65
c 00h02m25s | stage:sat:init solver=CaDiCaL vars=1208201 clauses=2650240
c 00h02m25s | stage:sat:solve:start round=1 circuit_cegar_rounds=- cop_cegar_rounds=38 assumptions=0 phase_lits=70
c 00h02m26s | stage:sat:solve:done round=1 ms=203 result=Sat assumptions=0 phase_lits=70
c 00h02m26s | stage:decode:start round=1 requested_int_ids=10
c 00h02m26s | stage:relaxation:done round=1 clauses_added=115883 circuit_clauses_added=0 cop_clauses_added=115883 circuit_cegar_failures=0 circuit_cegar_rounds=0 circuit_cegar_added_clauses=0 cop_cegar_failures=19 cop_cegar_rounds=38 cop_cegar_added_clauses=2201854
c 00h02m26s | stage:sat:solve:start round=2 circuit_cegar_rounds=- cop_cegar_rounds=39 assumptions=0 phase_lits=70
c 00h02m52s | stage:sat:solve:done round=2 ms=26083 result=Sat assumptions=0 phase_lits=70
c 00h02m52s | stage:decode:start round=2 requested_int_ids=10
c 00h02m52s | stage:decode:final:start round=2 requested_int_ids=10
c 00h02m52s | stage:decode:done round=2 int_assignments=10
c 00h02m52s | stage:relaxation:done clauses_added=0 circuit_cegar_failures=0 circuit_cegar_rounds=0 circuit_cegar_added_clauses=0 cop_cegar_failures=19 cop_cegar_rounds=39 cop_cegar_added_clauses=2201854
c 00h02m52s | result:Sat
c 00h02m52s | objective:incumbent kind=improvement value=59 rounds=20 improvements=19
o 59
c 00h02m52s | stage:sat:init solver=CaDiCaL vars=1208201 clauses=2650240
c 00h02m52s | stage:sat:solve:start round=1 circuit_cegar_rounds=- cop_cegar_rounds=40 assumptions=0 phase_lits=70
c 00h02m52s | stage:sat:solve:done round=1 ms=117 result=Sat assumptions=0 phase_lits=70
c 00h02m52s | stage:decode:start round=1 requested_int_ids=10
c 00h02m52s | stage:relaxation:done round=1 clauses_added=115890 circuit_clauses_added=0 cop_clauses_added=115890 circuit_cegar_failures=0 circuit_cegar_rounds=0 circuit_cegar_added_clauses=0 cop_cegar_failures=20 cop_cegar_rounds=40 cop_cegar_added_clauses=2317744
c 00h02m52s | stage:sat:solve:start round=2 circuit_cegar_rounds=- cop_cegar_rounds=41 assumptions=0 phase_lits=70
c 00h02m53s | stage:sat:solve:done round=2 ms=596 result=Sat assumptions=0 phase_lits=70
c 00h02m53s | stage:decode:start round=2 requested_int_ids=10
c 00h02m53s | stage:decode:final:start round=2 requested_int_ids=10
c 00h02m53s | stage:decode:done round=2 int_assignments=10
c 00h02m53s | stage:relaxation:done clauses_added=0 circuit_cegar_failures=0 circuit_cegar_rounds=0 circuit_cegar_added_clauses=0 cop_cegar_failures=20 cop_cegar_rounds=41 cop_cegar_added_clauses=2317744
c 00h02m53s | result:Sat
c 00h02m53s | objective:incumbent kind=improvement value=57 rounds=21 improvements=20
o 57
c 00h02m53s | stage:sat:init solver=CaDiCaL vars=1208201 clauses=2650240
c 00h02m53s | stage:sat:solve:start round=1 circuit_cegar_rounds=- cop_cegar_rounds=42 assumptions=0 phase_lits=70
c 00h02m53s | stage:sat:solve:done round=1 ms=121 result=Sat assumptions=0 phase_lits=70
c 00h02m53s | stage:decode:start round=1 requested_int_ids=10
c 00h02m53s | stage:relaxation:done round=1 clauses_added=115886 circuit_clauses_added=0 cop_clauses_added=115886 circuit_cegar_failures=0 circuit_cegar_rounds=0 circuit_cegar_added_clauses=0 cop_cegar_failures=21 cop_cegar_rounds=42 cop_cegar_added_clauses=2433630
c 00h02m53s | stage:sat:solve:start round=2 circuit_cegar_rounds=- cop_cegar_rounds=43 assumptions=0 phase_lits=70
c 00h02m53s | stage:sat:solve:done round=2 ms=203 result=Sat assumptions=0 phase_lits=70
c 00h02m53s | stage:decode:start round=2 requested_int_ids=10
c 00h02m54s | stage:decode:final:start round=2 requested_int_ids=10
c 00h02m54s | stage:decode:done round=2 int_assignments=10
c 00h02m54s | stage:relaxation:done clauses_added=0 circuit_cegar_failures=0 circuit_cegar_rounds=0 circuit_cegar_added_clauses=0 cop_cegar_failures=21 cop_cegar_rounds=43 cop_cegar_added_clauses=2433630
c 00h02m54s | result:Sat
c 00h02m54s | objective:incumbent kind=improvement value=55 rounds=22 improvements=21
o 55
c 00h02m54s | stage:sat:init solver=CaDiCaL vars=1208201 clauses=2650240
c 00h02m54s | stage:sat:solve:start round=1 circuit_cegar_rounds=- cop_cegar_rounds=44 assumptions=0 phase_lits=70
c 00h02m54s | stage:sat:solve:done round=1 ms=126 result=Sat assumptions=0 phase_lits=70
c 00h02m54s | stage:decode:start round=1 requested_int_ids=10
c 00h02m54s | stage:relaxation:done round=1 clauses_added=115890 circuit_clauses_added=0 cop_clauses_added=115890 circuit_cegar_failures=0 circuit_cegar_rounds=0 circuit_cegar_added_clauses=0 cop_cegar_failures=22 cop_cegar_rounds=44 cop_cegar_added_clauses=2549520
c 00h02m54s | stage:sat:solve:start round=2 circuit_cegar_rounds=- cop_cegar_rounds=45 assumptions=0 phase_lits=70
c 00h02m56s | stage:sat:solve:done round=2 ms=1746 result=Sat assumptions=0 phase_lits=70
c 00h02m56s | stage:decode:start round=2 requested_int_ids=10
c 00h02m56s | stage:decode:final:start round=2 requested_int_ids=10
c 00h02m56s | stage:decode:done round=2 int_assignments=10
c 00h02m56s | stage:relaxation:done clauses_added=0 circuit_cegar_failures=0 circuit_cegar_rounds=0 circuit_cegar_added_clauses=0 cop_cegar_failures=22 cop_cegar_rounds=45 cop_cegar_added_clauses=2549520
c 00h02m56s | result:Sat
c 00h02m56s | objective:incumbent kind=improvement value=53 rounds=23 improvements=22
o 53
c 00h02m56s | stage:sat:init solver=CaDiCaL vars=1208201 clauses=2650240
c 00h02m56s | stage:sat:solve:start round=1 circuit_cegar_rounds=- cop_cegar_rounds=46 assumptions=0 phase_lits=70
c 00h02m56s | stage:sat:solve:done round=1 ms=136 result=Sat assumptions=0 phase_lits=70
c 00h02m56s | stage:decode:start round=1 requested_int_ids=10
c 00h02m56s | stage:relaxation:done round=1 clauses_added=115889 circuit_clauses_added=0 cop_clauses_added=115889 circuit_cegar_failures=0 circuit_cegar_rounds=0 circuit_cegar_added_clauses=0 cop_cegar_failures=23 cop_cegar_rounds=46 cop_cegar_added_clauses=2665409
c 00h02m56s | stage:sat:solve:start round=2 circuit_cegar_rounds=- cop_cegar_rounds=47 assumptions=0 phase_lits=70
c 00h02m58s | stage:sat:solve:done round=2 ms=2137 result=Sat assumptions=0 phase_lits=70
c 00h02m58s | stage:decode:start round=2 requested_int_ids=10
c 00h02m58s | stage:decode:final:start round=2 requested_int_ids=10
c 00h02m58s | stage:decode:done round=2 int_assignments=10
c 00h02m58s | stage:relaxation:done clauses_added=0 circuit_cegar_failures=0 circuit_cegar_rounds=0 circuit_cegar_added_clauses=0 cop_cegar_failures=23 cop_cegar_rounds=47 cop_cegar_added_clauses=2665409
c 00h02m58s | result:Sat
c 00h02m58s | objective:incumbent kind=improvement value=47 rounds=24 improvements=23
o 47
c 00h02m58s | stage:sat:init solver=CaDiCaL vars=1208201 clauses=2650240
c 00h02m58s | stage:sat:solve:start round=1 circuit_cegar_rounds=- cop_cegar_rounds=48 assumptions=0 phase_lits=70
c 00h02m58s | stage:sat:solve:done round=1 ms=91 result=Sat assumptions=0 phase_lits=70
c 00h02m58s | stage:decode:start round=1 requested_int_ids=10
c 00h02m59s | stage:relaxation:done round=1 clauses_added=115888 circuit_clauses_added=0 cop_clauses_added=115888 circuit_cegar_failures=0 circuit_cegar_rounds=0 circuit_cegar_added_clauses=0 cop_cegar_failures=24 cop_cegar_rounds=48 cop_cegar_added_clauses=2781297
c 00h02m59s | stage:sat:solve:start round=2 circuit_cegar_rounds=- cop_cegar_rounds=49 assumptions=0 phase_lits=70
c 00h02m59s | stage:sat:solve:done round=2 ms=717 result=Unsat assumptions=0 phase_lits=70
c 00h02m59s | result:Unsat
s OPTIMUM FOUND
o 47
v <instantiation>
v   <list> x[0] x[1] x[2] x[3] x[4] x[5] x[6] x[7] x[8] x[9] </list>
v   <values> 23 27 29 31 35 37 41 43 44 47 </values>
v </instantiation>
d OBJECTIVE_VALUE 47
d OPTIMAL 1
d SOURCE_CONSTRAINTS 4465
d NORMALIZED_CONSTRAINTS 4465
d LOWERED_CONSTRAINTS 4465
d UNSUPPORTED_CONSTRAINTS 0
d CIRCUIT_CEGAR_FAILURES 0
d CIRCUIT_CEGAR_ROUNDS 0
d CIRCUIT_CEGAR_ADDED_CLAUSES 0
d COP_CEGAR_FAILURES 24
d COP_CEGAR_ROUNDS 49
d COP_CEGAR_ADDED_CLAUSES 2781297
d OBJECTIVE_ROUNDS 25
d OBJECTIVE_IMPROVEMENTS 23
d PROPAGATE_MS 22
d NORMALIZE_MS 0
d LOWER_MS 85
d POST_LOWER_MS 399
d PREENCODE_MS 2
d ENCODE_MS 1096
d SAT_SOLVE_MS 163393
d TOTAL_MS 179837
d SAT_VARS 1208201
d SAT_CLAUSES_BASE 2650240
d SAT_CLAUSES_FINAL 2766128
d SAT_CLAUSES_CEGAR_DELTA 115888
d LINEAR_INT_EQ_ARITY_STATS {"3":{"count":8919,"max_domain_product_excluding_one_var":"168","p95_domain_product_excluding_one_var":"168"}}
d LINEAR_INT_NE_ARITY_STATS {"1":{"count":8910,"max_domain_product_excluding_one_var":"1","p95_domain_product_excluding_one_var":"1"}}
d LINEAR_INT_GE_ARITY_STATS {"1":{"count":17838,"max_domain_product_excluding_one_var":"1","p95_domain_product_excluding_one_var":"1"},"2":{"count":18,"max_domain_product_excluding_one_var":"84","p95_domain_product_excluding_one_var":"84"}}
d LINEAR_BOOL_MIXED_ARITY_STATS {}
d ROOT_LP_ENTERED 1
d ROOT_LP_STATUS optimal
d OBJECTIVE_NAIVE_LOWER 2
d OBJECTIVE_NAIVE_UPPER 100
d OBJECTIVE_LP_LOWER 17
d OBJECTIVE_LP_UPPER 100
d ROOT_LP_IMPROVED 1
d ROOT_LP_MS 7990
d ROOT_LP_ROWS 8937
d ROOT_LP_VARS 17848
d ROOT_LP_STRUCTURED_OBJECTIVE_TERMS 0
d ROOT_LP_STRUCTURED_OBJECTIVE_AUX_VARS 0
d ROOT_LP_STRUCTURED_OBJECTIVE_ROWS 0
d ROOT_LP_NATIVE_GATE_GE_TOTAL 17856
d ROOT_LP_NATIVE_GATE_EQ_TOTAL 8919
d ROOT_LP_NATIVE_GATE_GE_MAX_ARITY 2
d ROOT_LP_NATIVE_GATE_GE_MAX_DOMAIN_PRODUCT 84
d ROOT_LP_NATIVE_GATE_BOOL_MIXED_MAX_ARITY 0
d ROOT_LP_OBJECTIVE_VALUE 17
d PROPAGATE_PRUNED_VALUES 90
d PROPAGATE_CHANGED_DOMAINS 10
d PROPAGATE_ENTAILED_TABLES 0
d POST_LOWER_ROUNDS 1682
d POST_LOWER_TIGHTENED_DOMAINS 4735
d POST_LOWER_REMOVED_CLAUSES 18123
d POST_LOWER_REMOVED_LITS 0
d POST_LOWER_DETECTED_UNSAT 0
d PREENCODE_INT_VARS 17848
d ENCODE_EXTERNAL_GE_SPECS 0
d ENCODE_RELAXED_CIRCUITS 0
d LOG_SCOP_LINEAR_PB_CONSTRAINTS 47560
d LOG_SCOP_LINEAR_PB_MIXED_DISPATCH_CONSTRAINTS 0
d LOG_SCOP_LINEAR_PB_MIXED_ATTEMPT_BDD 0
d LOG_SCOP_LINEAR_PB_MIXED_ATTEMPT_SORTER 0
d LOG_SCOP_LINEAR_PB_MIXED_ATTEMPT_DADDA 0
d LOG_SCOP_LINEAR_PB_MIXED_REJECT_BDD_BUDGET 0
d LOG_SCOP_LINEAR_PB_MIXED_REJECT_SORTER_BUDGET 0
d LOG_SCOP_LINEAR_PB_MIXED_FALLBACK_BDD_TO_SORTER 0
d LOG_SCOP_LINEAR_PB_MIXED_FALLBACK_BDD_TO_DADDA 0
d LOG_SCOP_LINEAR_PB_MIXED_FALLBACK_SORTER_TO_BDD 0
d LOG_SCOP_LINEAR_PB_MIXED_FALLBACK_SORTER_TO_DADDA 0
d LOG_SCOP_LINEAR_PB_BACKEND_BDD2 0
d LOG_SCOP_LINEAR_PB_BACKEND_BDD3 47560
d LOG_SCOP_LINEAR_PB_BACKEND_SORTER 0
d LOG_SCOP_LINEAR_PB_BACKEND_DADDA 0
d LOG_SCOP_LINEAR_PB_BDD_DECOMPOSITION_RAW 47560
d LOG_SCOP_LINEAR_PB_BDD_DECOMPOSITION_BINARY 0
d LOG_SCOP_LINEAR_PB_BDD_DECOMPOSITION_MULTIBASE 0
d DECODE_INT_ASSIGNMENTS 10
d CSV /bench/competition/2022-2025/COP22to25/Coprime-10_c25.xml.lzma,optimum,4465,4465,4465,0,1208201,2766128,179837,22,0,85,2,1096,163393,1,optimal,2,100,17,100,1,7990,8937,17848,0,0,0,17,,
