# WCTIME: wall clock time in seconds
WCTIME=126.499
# CPUTIME: CPU time in seconds (USERTIME+SYSTEMTIME)
CPUTIME=126.049
# USERTIME: CPU time spent in user mode in seconds
USERTIME=121.243
# SYSTEMTIME: CPU time spent in system mode in seconds
SYSTEMTIME=4.80583
# CPUUSAGE: CPUTIME/WCTIME in percent
CPUUSAGE=99.6442
# MAXVM: maximum virtual memory used in KiB
MAXVM=13638516
# MAXMM: maximum memory used in KiB
MAXMM=12876052
# MAXRSS: maximum Resident Segment Size in KiB
MAXRSS=13012448
# TIMEOUT: did the solver exceed the time limit?
TIMEOUT=false
# MEMOUT: did the solver exceed the memory limit?
MEMOUT=false
# EXITSTATUS: Exit status of the solver
EXITSTATUS=0
