# WCTIME: wall clock time in seconds
WCTIME=1800.74
# CPUTIME: CPU time in seconds (USERTIME+SYSTEMTIME)
CPUTIME=1790.55
# USERTIME: CPU time spent in user mode in seconds
USERTIME=1673.85
# SYSTEMTIME: CPU time spent in system mode in seconds
SYSTEMTIME=116.701
# CPUUSAGE: CPUTIME/WCTIME in percent
CPUUSAGE=99.4344
# MAXVM: maximum virtual memory used in KiB
MAXVM=29862084
# MAXMM: maximum memory used in KiB
MAXMM=28315984
# MAXRSS: maximum Resident Segment Size in KiB
MAXRSS=28313008
# TIMEOUT: did the solver exceed the time limit?
TIMEOUT=true
# MEMOUT: did the solver exceed the memory limit?
MEMOUT=false
# EXITSTATUS: Exit status of the solver
EXITSTATUS=36608
