
ACE v2.6 

  instance
    name:ItemsetMining-k2-kr-vs-kp_c22
    args:/work/19331900_495/ItemsetMining-k2-kr-vs-kp_c22.xml -rr=true -rlog=false -npc=true

 ...Parsing /work/19331900_495/ItemsetMining-k2-kr-vs-kp_c22.xml

 ...Loading variables

 ...Loading constraints

  domains
    types:70  values:379,178  sizes:[2:9731,3:2,19:2,21:2...1649:2,1651:2,1667:2,1669:2]
  variables
    count:16,257  arrays:[x:146,tp:3336,tn:3054,jtp:1668,jtn:1527,aux_gb:6526]  degrees:[1:2,2:6524,3:6249,4:2...3170:2,3181:2,3185:2,3195:2]
  constraints
    count:16,255  specific:13,060  generic:3,195  postponable:4  groups:6  arities:[2:6530,3:3197,19:2,21:2...1669:2,3054:1,3195:2,3336:1]
    objective:[SumWeightedGE,SumWeightedLE]
    non_unary:[ExactlyVarK:6526,Intension:3195,LexicographicLT:2,Reif2LE:6530]
    intStructures:(1,shared:3194)
    wck:6.93  cpu:7.261  mem:431M430
  objective
    way:max  type:SumWeightedGE  arity:3,195  bounds:-1,527..1,668

 ...Building solver

  solver
    reviser:Reviser3  decoder:Decoder1
    wck:7.07  cpu:7.389  mem:552M78

  preprocessing
    revisions:(9585,useless=9585)  entailed:2  values:379,178  unsat:false
    wck:0.04  cpu:7.434  mem:552M78

  search
o 141   7.90  ham=0 (0 0 0 0 0 0 0 0)  opth=0
o 211   8.06  ham=2260 (1 228 743 92 162 1034 0 0)  opth=254
    run1  dpts:64..901  robin:PickOnDom-First  effs:552,696  asgs:(976,noefs=43,fails=50)  fails:50  wrgs:65  wck:1.47  ngds:44  sols:2  bounds:212..1,668
o 276   8.89  ham=8361 (75 1488 1978 112 317 4391 0 0)  opth=429
o 277   8.89  ham=4 (1 0 1 0 1 1 0 0)  opth=1
o 284   8.90  ham=36 (2 0 9 0 9 16 0 0)  opth=9
o 285   8.90  ham=4 (1 0 1 0 1 1 0 0)  opth=1
o 291   8.91  ham=76 (2 2 10 2 10 50 0 0)  opth=12
o 292   8.91  ham=4 (1 0 1 0 1 1 0 0)  opth=1
o 293   8.91  ham=853 (3 39 208 39 208 356 0 0)  opth=247
o 367   8.91  ham=462 (3 15 99 15 99 231 0 0)  opth=114
o 368   8.91  ham=4 (1 0 1 0 1 1 0 0)  opth=1
o 371   8.92  ham=28 (2 0 5 0 5 16 0 0)  opth=5
o 372   8.92  ham=4 (1 0 1 0 1 1 0 0)  opth=1
    run2  dpts:5..41  robin:WdegOnDom-Last  effs:769,324  asgs:(75,noefs=0,fails=6)  fails:56  wrgs:74  wck:1.80  ngds:49  sols:13  bounds:373..1,668
    run3  dpts:4..101  robin:FrbaOnDom-Rand  effs:985,239  asgs:(157,noefs=3,fails=50)  fails:106  wrgs:130  wck:1.96  ngds:97  sols:13  bounds:373..1,668
o 395   9.61  ham=8885 (79 1995 1284 216 589 4722 0 0)  opth=805
o 398   9.64  ham=55 (1 1 4 0 3 46 0 0)  opth=3
o 417   9.82  ham=380 (1 52 65 3 22 237 0 0)  opth=25
o 420   9.95  ham=100 (1 18 5 1 4 71 0 0)  opth=5
o 421   10.2  ham=170 (1 9 6 3 4 147 0 0)  opth=7
o 427   10.4  ham=1341 (3 130 154 31 95 928 0 0)  opth=126
o 456   10.4  ham=1154 (1 121 103 29 58 842 0 0)  opth=87
    run4  dpts:78..129  robin:Wdeg-First  effs:2,058,091  asgs:(315,noefs=7,fails=52)  fails:158  wrgs:301  wck:3.50  ngds:101  sols:20  bounds:457..1,668
    run5  dpts:7..58  robin:PickOnDom-Last  effs:2,149,425  asgs:(108,noefs=0,fails=50)  fails:208  wrgs:351  wck:3.57  ngds:151  sols:20  bounds:457..1,668
    run6  dpts:2386..2473  robin:WdegOnDom-Rand  effs:2,737,283  asgs:(2529,noefs=1186,fails=52)  fails:260  wrgs:406  wck:5.12  ngds:202  sols:20  bounds:457..1,668
o 469   13.7  ham=10719 (43 2025 1262 949 962 5478 0 0)  opth=1911
o 471   13.7  ham=3029 (10 3 0 2 0 3014 0 0)  opth=2
    run7  dpts:1721..1937  robin:FrbaOnDom-First  effs:3,743,262  asgs:(2266,noefs=33,fails=55)  fails:315  wrgs:751  wck:6.83  ngds:214  sols:22  bounds:472..1,668
    run8  dpts:2..45  robin:Wdeg-Last  effs:4,175,977  asgs:(106,noefs=8,fails=50)  fails:365  wrgs:809  wck:7.04  ngds:260  sols:22  bounds:472..1,668
    run9  dpts:17..99  robin:PickOnDom-Rand  effs:4,358,064  asgs:(173,noefs=7,fails=52)  fails:417  wrgs:911  wck:7.25  ngds:274  sols:22  bounds:472..1,668
    run10  dpts:1243..1273  robin:WdegOnDom-First  effs:5,353,317  asgs:(1542,noefs=0,fails=55)  fails:472  wrgs:1,169  wck:8.53  ngds:276  sols:22  bounds:472..1,668
    run11  dpts:2..31  robin:FrbaOnDom-Last  effs:5,675,638  asgs:(144,noefs=7,fails=57)  fails:529  wrgs:1,256  wck:8.70  ngds:285  sols:22  bounds:472..1,668
    run12  dpts:0..73  robin:Wdeg-Rand  effs:6,344,898  asgs:(188,noefs=0,fails=60)  fails:589  wrgs:1,345  wck:9.02  ngds:318  sols:22  bounds:472..1,668
    run13  dpts:2499..2865  robin:PickOnDom-First  effs:10,822,026  asgs:(7019,noefs=50,fails=63)  fails:652  wrgs:5,779  wck:12.7  ngds:320  sols:22  bounds:472..1,668
 ...Starting SOS
o 472   20.6  ham=1018 (1 1 0 1 0 1015 0 0)  opth=1
o 473   20.6  ham=263 (1 1 0 1 0 260 0 0)  opth=1
o 475   20.6  ham=1042 (1 2 0 2 0 1037 0 0)  opth=2
o 476   20.6  ham=3121 (1 5 0 1 0 3114 0 0)  opth=1
o 478   20.6  ham=369 (1 5 0 2 0 361 0 0)  opth=2
o 480   20.6  ham=1766 (1 4 0 2 0 1759 0 0)  opth=2
o 482   20.6  ham=631 (1 6 0 2 0 622 0 0)  opth=2
o 489   20.6  ham=2074 (1 19 0 7 0 2047 0 0)  opth=7
o 490   20.6  ham=1895 (4 53 0 25 0 1813 0 0)  opth=25
o 493   20.6  ham=640 (1 11 0 3 0 625 0 0)  opth=3
o 498   20.7  ham=860 (2 25 0 11 0 822 0 0)  opth=11
    run14  dpts:2153..2176  robin:WdegOnDom-Last  effs:11,120,540  asgs:(2314,noefs=68,fails=19)  fails:671  wrgs:5,850  wck:13.5  ngds:323  sols:33  bounds:499..1,668
o 499   20.8  ham=4 (1 0 1 0 1 1 0 0)  opth=1
o 504   20.8  ham=645 (1 13 0 5 0 626 0 0)  opth=5
o 527   20.8  ham=913 (1 55 0 23 0 834 0 0)  opth=23
o 560   20.8  ham=1157 (3 64 0 33 0 1057 0 0)  opth=33
o 564   20.8  ham=257 (2 4 0 4 0 247 0 0)  opth=4
o 614   20.8  ham=1365 (2 50 0 50 0 1263 0 0)  opth=50
o 616   20.8  ham=203 (2 2 0 2 0 197 0 0)  opth=2
    run15  dpts:52..119  robin:FrbaOnDom-Rand  effs:11,291,545  asgs:(245,noefs=22,fails=50)  fails:721  wrgs:5,928  wck:13.7  ngds:364  sols:40  bounds:617..1,668
o 624   21.0  ham=418 (1 29 0 8 0 380 0 0)  opth=8
o 670   21.1  ham=841 (1 54 0 46 0 740 0 0)  opth=46
    run16  dpts:204..237  robin:Wdeg-First  effs:12,276,571  asgs:(398,noefs=13,fails=50)  fails:771  wrgs:6,089  wck:14.6  ngds:366  sols:42  bounds:671..1,668
o 671   21.9  ham=56 (1 2 1 2 1 49 0 0)  opth=3
o 677   21.9  ham=153 (1 6 0 6 0 140 0 0)  opth=6
    run17  dpts:248..365  robin:PickOnDom-Last  effs:12,531,964  asgs:(544,noefs=63,fails=50)  fails:821  wrgs:6,245  wck:14.9  ngds:398  sols:44  bounds:678..1,668
o 680   22.9  ham=189 (1 19 0 3 0 166 0 0)  opth=3
o 702   22.9  ham=1487 (1 39 0 22 0 1425 0 0)  opth=22
o 704   23.0  ham=526 (1 2 0 2 0 521 0 0)  opth=2
o 706   23.0  ham=139 (1 2 0 2 0 134 0 0)  opth=2
o 718   23.0  ham=438 (1 21 0 12 0 404 0 0)  opth=12
o 760   23.0  ham=915 (2 72 0 46 0 795 0 0)  opth=46
o 789   23.0  ham=829 (2 67 0 35 0 725 0 0)  opth=35
o 804   23.0  ham=571 (1 24 0 15 0 531 0 0)  opth=15
    run18  dpts:2015..3221  robin:WdegOnDom-Rand  effs:13,757,251  asgs:(3350,noefs=858,fails=50)  fails:871  wrgs:6,378  wck:17.0  ngds:400  sols:52  bounds:805..1,668
o 810   24.3  ham=156 (1 8 0 6 0 141 0 0)  opth=6
o 819   24.4  ham=604 (3 84 0 39 0 478 0 0)  opth=39
o 853   24.4  ham=763 (4 91 0 50 0 618 0 0)  opth=50
o 857   24.4  ham=208 (2 5 0 4 0 197 0 0)  opth=4
o 868   24.4  ham=91 (1 11 0 11 0 68 0 0)  opth=11
    run19  dpts:60..139  robin:FrbaOnDom-First  effs:14,621,211  asgs:(301,noefs=20,fails=50)  fails:921  wrgs:6,575  wck:17.9  ngds:401  sols:57  bounds:869..1,668
    run20  dpts:145..189  robin:Wdeg-Last  effs:15,420,825  asgs:(369,noefs=10,fails=50)  fails:971  wrgs:6,757  wck:18.8  ngds:403  sols:57  bounds:869..1,668
 ...Discarding 3 singleton variables
o 945   26.1  ham=1007 (1 195 13 90 13 695 0 0)  opth=103
    run21  dpts:202..243  robin:PickOnDom-Rand  effs:15,568,495  asgs:(308,noefs=15,fails=52)  fails:1,023  wrgs:6,814  wck:19.0  ngds:413  sols:58  bounds:946..1,668
    run22  dpts:1746..2442  robin:WdegOnDom-First  effs:16,378,633  asgs:(2516,noefs=1009,fails=50)  fails:1,073  wrgs:6,927  wck:20.6  ngds:417  sols:58  bounds:946..1,668
    run23  dpts:30..54  robin:FrbaOnDom-Last  effs:16,955,209  asgs:(205,noefs=10,fails=52)  fails:1,125  wrgs:7,051  wck:21.2  ngds:420  sols:58  bounds:946..1,668
    run24  dpts:67..88  robin:Wdeg-Rand  effs:17,908,771  asgs:(328,noefs=27,fails=55)  fails:1,180  wrgs:7,278  wck:22.2  ngds:424  sols:58  bounds:946..1,668
o 1061   29.5  ham=1813 (1 404 55 171 55 1127 0 0)  opth=226
    run25  dpts:184..213  robin:PickOnDom-First  effs:18,403,263  asgs:(337,noefs=17,fails=57)  fails:1,237  wrgs:7,379  wck:23.0  ngds:430  sols:59  bounds:1,062..1,668
    run26  dpts:1207..1250  robin:WdegOnDom-Last  effs:20,725,158  asgs:(1341,noefs=1030,fails=50)  fails:1,287  wrgs:7,497  wck:26.4  ngds:433  sols:59  bounds:1,062..1,668
    run27  dpts:38..50  robin:FrbaOnDom-Rand  effs:21,163,686  asgs:(181,noefs=7,fails=52)  fails:1,339  wrgs:7,610  wck:26.9  ngds:437  sols:59  bounds:1,062..1,668
o 1063   34.3  ham=2440 (3 526 105 30 28 1748 0 0)  opth=58
    run28  dpts:65..92  robin:Wdeg-First  effs:21,951,724  asgs:(298,noefs=4,fails=55)  fails:1,394  wrgs:7,785  wck:28.0  ngds:440  sols:60  bounds:1,064..1,668
    run29  dpts:127..190  robin:PickOnDom-Last  effs:22,483,421  asgs:(334,noefs=15,fails=50)  fails:1,444  wrgs:7,963  wck:28.8  ngds:441  sols:60  bounds:1,064..1,668
    run30  dpts:3162..3193  robin:WdegOnDom-Rand  effs:23,709,340  asgs:(3328,noefs=1331,fails=52)  fails:1,496  wrgs:8,098  wck:32.2  ngds:444  sols:60  bounds:1,064..1,668
    run31  dpts:58..151  robin:FrbaOnDom-First  effs:23,833,063  asgs:(206,noefs=34,fails=55)  fails:1,551  wrgs:8,153  wck:32.5  ngds:499  sols:60  bounds:1,064..1,668
o 1068   40.2  ham=242 (2 42 3 6 1 188 0 0)  opth=7
    run32  dpts:60..78  robin:Wdeg-Last  effs:24,483,203  asgs:(228,noefs=4,fails=57)  fails:1,608  wrgs:8,285  wck:33.6  ngds:502  sols:61  bounds:1,069..1,668
    run33  dpts:110..343  robin:PickOnDom-Rand  effs:25,366,999  asgs:(684,noefs=109,fails=50)  fails:1,658  wrgs:8,826  wck:35.0  ngds:505  sols:61  bounds:1,069..1,668
    run34  dpts:1644..1704  robin:WdegOnDom-First  effs:26,296,197  asgs:(1798,noefs=1312,fails=52)  fails:1,710  wrgs:8,969  wck:37.3  ngds:506  sols:61  bounds:1,069..1,668
    run35  dpts:42..57  robin:FrbaOnDom-Last  effs:26,732,322  asgs:(186,noefs=6,fails=55)  fails:1,765  wrgs:9,079  wck:37.9  ngds:514  sols:61  bounds:1,069..1,668
    run36  dpts:60..86  robin:Wdeg-Rand  effs:27,367,283  asgs:(215,noefs=31,fails=57)  fails:1,822  wrgs:9,210  wck:38.9  ngds:517  sols:61  bounds:1,069..1,668
    run37  dpts:100..344  robin:PickOnDom-First  effs:28,190,261  asgs:(782,noefs=47,fails=60)  fails:1,882  wrgs:9,838  wck:40.2  ngds:532  sols:61  bounds:1,069..1,668
    run38  dpts:1350..1490  robin:WdegOnDom-Last  effs:31,354,913  asgs:(1617,noefs=1268,fails=63)  fails:1,945  wrgs:10,062  wck:47.6  ngds:534  sols:61  bounds:1,069..1,668
    run39  dpts:43..54  robin:FrbaOnDom-Rand  effs:32,009,841  asgs:(206,noefs=16,fails=67)  fails:2,012  wrgs:10,195  wck:48.4  ngds:539  sols:61  bounds:1,069..1,668
    run40  dpts:56..73  robin:Wdeg-First  effs:32,968,901  asgs:(255,noefs=7,fails=70)  fails:2,082  wrgs:10,355  wck:49.7  ngds:542  sols:61  bounds:1,069..1,668
    run41  dpts:85..385  robin:PickOnDom-Last  effs:34,014,167  asgs:(910,noefs=59,fails=73)  fails:2,155  wrgs:11,112  wck:51.6  ngds:557  sols:61  bounds:1,069..1,668
    run42  dpts:3104..3206  robin:WdegOnDom-Rand  effs:42,853,413  asgs:(3820,noefs=1328,fails=77)  fails:2,232  wrgs:11,754  wck:68.5  ngds:560  sols:61  bounds:1,069..1,668
    run43  dpts:37..49  robin:FrbaOnDom-First  effs:43,687,089  asgs:(272,noefs=48,fails=81)  fails:2,313  wrgs:11,953  wck:69.6  ngds:565  sols:61  bounds:1,069..1,668
    run44  dpts:55..71  robin:Wdeg-Last  effs:45,051,825  asgs:(308,noefs=14,fails=85)  fails:2,398  wrgs:12,156  wck:71.3  ngds:568  sols:61  bounds:1,069..1,668
    run45  dpts:83..315  robin:PickOnDom-Rand  effs:45,917,768  asgs:(734,noefs=74,fails=89)  fails:2,487  wrgs:12,693  wck:72.8  ngds:575  sols:61  bounds:1,069..1,668
    run46  dpts:2458..2524  robin:WdegOnDom-First  effs:47,824,288  asgs:(3016,noefs=1174,fails=94)  fails:2,581  wrgs:13,165  wck:76.7  ngds:578  sols:61  bounds:1,069..1,668
o 1069   84.4  ham=3932 (10 914 124 105 54 2725 0 0)  opth=159
o 1075   84.4  ham=433 (1 30 8 12 6 376 0 0)  opth=18
o 1076   84.5  ham=258 (1 9 8 9 8 223 0 0)  opth=17
o 1124   84.5  ham=1101 (1 112 34 82 34 838 0 0)  opth=116
o 1129   84.5  ham=302 (1 16 21 16 21 227 0 0)  opth=37
    run47  dpts:23..44  robin:FrbaOnDom-Last  effs:48,422,968  asgs:(343,noefs=6,fails=98)  fails:2,679  wrgs:13,405  wck:77.4  ngds:586  sols:66  bounds:1,130..1,668
o 1138   84.8  ham=448 (1 52 41 32 41 281 0 0)  opth=73
o 1140   84.8  ham=91 (1 17 1 2 0 70 0 0)  opth=2
    run48  dpts:62..83  robin:Wdeg-Rand  effs:49,051,971  asgs:(260,noefs=5,fails=50)  fails:2,729  wrgs:13,550  wck:78.0  ngds:590  sols:68  bounds:1,141..1,668
o 1158   85.3  ham=401 (1 53 33 48 30 236 0 0)  opth=78
    run49  dpts:96..120  robin:PickOnDom-First  effs:49,435,356  asgs:(239,noefs=6,fails=50)  fails:2,779  wrgs:13,638  wck:78.7  ngds:608  sols:69  bounds:1,159..1,668
    run50  dpts:106..145  robin:WdegOnDom-Last  effs:50,050,066  asgs:(334,noefs=8,fails=50)  fails:2,829  wrgs:13,828  wck:79.3  ngds:610  sols:69  bounds:1,159..1,668
o 1162   86.7  ham=1292 (2 14 4 0 4 1268 0 0)  opth=4
    run51  dpts:31..51  robin:FrbaOnDom-Rand  effs:50,447,432  asgs:(201,noefs=4,fails=52)  fails:2,881  wrgs:13,958  wck:79.7  ngds:619  sols:70  bounds:1,163..1,668
    run52  dpts:63..79  robin:Wdeg-First  effs:51,149,439  asgs:(221,noefs=8,fails=50)  fails:2,931  wrgs:14,081  wck:80.3  ngds:622  sols:70  bounds:1,163..1,668
    run53  dpts:66..202  robin:PickOnDom-Last  effs:51,657,707  asgs:(449,noefs=16,fails=52)  fails:2,983  wrgs:14,305  wck:81.2  ngds:635  sols:70  bounds:1,163..1,668
    run54  dpts:3162..3229  robin:WdegOnDom-Rand  effs:55,912,004  asgs:(3711,noefs=1446,fails=55)  fails:3,038  wrgs:14,812  wck:85.9  ngds:636  sols:70  bounds:1,163..1,668
    run55  dpts:37..50  robin:FrbaOnDom-First  effs:56,339,404  asgs:(190,noefs=19,fails=57)  fails:3,095  wrgs:14,938  wck:86.3  ngds:642  sols:70  bounds:1,163..1,668
o 1179   93.8  ham=2158 (1 65 6 23 6 2057 0 0)  opth=29
    run56  dpts:55..83  robin:Wdeg-Last  effs:57,235,065  asgs:(274,noefs=12,fails=60)  fails:3,155  wrgs:15,118  wck:87.0  ngds:645  sols:71  bounds:1,180..1,668
    run57  dpts:99..160  robin:PickOnDom-Rand  effs:57,596,624  asgs:(282,noefs=15,fails=50)  fails:3,205  wrgs:15,250  wck:87.6  ngds:655  sols:71  bounds:1,180..1,668
    run58  dpts:3117..3191  robin:WdegOnDom-First  effs:61,011,974  asgs:(3243,noefs=1454,fails=52)  fails:3,257  wrgs:15,375  wck:92.0  ngds:656  sols:71  bounds:1,180..1,668
o 1182   99.4  ham=1365 (2 50 13 16 13 1271 0 0)  opth=29
o 1188   99.4  ham=333 (3 10 11 5 11 293 0 0)  opth=16
    run59  dpts:44..61  robin:FrbaOnDom-Last  effs:61,364,245  asgs:(206,noefs=11,fails=55)  fails:3,312  wrgs:15,498  wck:92.4  ngds:660  sols:73  bounds:1,189..1,668
    run60  dpts:51..62  robin:Wdeg-Rand  effs:62,042,943  asgs:(206,noefs=3,fails=50)  fails:3,362  wrgs:15,623  wck:92.9  ngds:663  sols:73  bounds:1,189..1,668
    run61  dpts:47..465  robin:PickOnDom-First  effs:63,562,093  asgs:(1344,noefs=64,fails=52)  fails:3,414  wrgs:16,493  wck:94.9  ngds:688  sols:73  bounds:1,189..1,668
    run62  dpts:3111..3205  robin:WdegOnDom-Last  effs:66,965,527  asgs:(3260,noefs=1474,fails=55)  fails:3,469  wrgs:16,641  wck:98.5  ngds:689  sols:73  bounds:1,189..1,668
    run63  dpts:44..56  robin:FrbaOnDom-Rand  effs:67,353,362  asgs:(198,noefs=14,fails=57)  fails:3,526  wrgs:16,765  wck:98.9  ngds:692  sols:73  bounds:1,189..1,668
    run64  dpts:50..63  robin:Wdeg-First  effs:68,272,727  asgs:(229,noefs=6,fails=60)  fails:3,586  wrgs:16,915  wck:99.6  ngds:695  sols:73  bounds:1,189..1,668
    run65  dpts:388..463  robin:PickOnDom-Last  effs:68,614,781  asgs:(676,noefs=22,fails=63)  fails:3,649  wrgs:17,103  wck:100.1  ngds:722  sols:73  bounds:1,189..1,668
    run66  dpts:3102..3214  robin:WdegOnDom-Rand  effs:71,722,205  asgs:(3281,noefs=1471,fails=67)  fails:3,716  wrgs:17,281  wck:102.7  ngds:723  sols:73  bounds:1,189..1,668
    run67  dpts:28..39  robin:FrbaOnDom-First  effs:72,242,198  asgs:(229,noefs=18,fails=70)  fails:3,786  wrgs:17,443  wck:103.2  ngds:726  sols:73  bounds:1,189..1,668
    run68  dpts:66..84  robin:Wdeg-Last  effs:73,315,356  asgs:(264,noefs=4,fails=73)  fails:3,859  wrgs:17,614  wck:104.1  ngds:728  sols:73  bounds:1,189..1,668
    run69  dpts:381..617  robin:PickOnDom-Rand  effs:74,589,471  asgs:(1220,noefs=125,fails=77)  fails:3,936  wrgs:18,296  wck:105.5  ngds:759  sols:73  bounds:1,189..1,668
    run70  dpts:127..167  robin:WdegOnDom-First  effs:75,096,135  asgs:(411,noefs=24,fails=81)  fails:4,017  wrgs:18,489  wck:106.0  ngds:764  sols:73  bounds:1,189..1,668
    run71  dpts:35..46  robin:FrbaOnDom-Last  effs:75,861,396  asgs:(257,noefs=21,fails=85)  fails:4,102  wrgs:18,649  wck:106.7  ngds:770  sols:73  bounds:1,189..1,668
    run72  dpts:28..59  robin:Wdeg-Rand  effs:77,892,195  asgs:(322,noefs=9,fails=89)  fails:4,191  wrgs:18,895  wck:109.5  ngds:772  sols:73  bounds:1,189..1,668
    run73  dpts:90..112  robin:PickOnDom-First  effs:78,738,459  asgs:(373,noefs=19,fails=94)  fails:4,285  wrgs:19,106  wck:110.2  ngds:776  sols:73  bounds:1,189..1,668
    run74  dpts:3075..3185  robin:WdegOnDom-Last  effs:87,177,135  asgs:(4011,noefs=1489,fails=98)  fails:4,383  wrgs:19,951  wck:120.4  ngds:780  sols:73  bounds:1,189..1,668
    run75  dpts:34..47  robin:FrbaOnDom-Rand  effs:88,017,910  asgs:(303,noefs=39,fails=103)  fails:4,486  wrgs:20,161  wck:121.1  ngds:782  sols:73  bounds:1,189..1,668
    run76  dpts:40..62  robin:Wdeg-First  effs:90,041,316  asgs:(416,noefs=13,fails=109)  fails:4,595  wrgs:20,450  wck:123.6  ngds:787  sols:73  bounds:1,189..1,668
    run77  dpts:78..108  robin:PickOnDom-Last  effs:90,536,786  asgs:(376,noefs=14,fails=114)  fails:4,709  wrgs:20,666  wck:124.1  ngds:795  sols:73  bounds:1,189..1,668
    run78  dpts:3039..3144  robin:WdegOnDom-Rand  effs:108,926,898  asgs:(5285,noefs=1468,fails=120)  fails:4,829  wrgs:22,805  wck:136.8  ngds:796  sols:73  bounds:1,189..1,668
o 1238   144.4  ham=2050 (10 266 38 87 23 1626 0 0)  opth=110
o 1260   144.4  ham=373 (2 28 0 26 0 317 0 0)  opth=26
o 1263   144.5  ham=173 (2 5 0 3 0 163 0 0)  opth=3
    run79  dpts:29..52  robin:FrbaOnDom-First  effs:110,214,329  asgs:(379,noefs=51,fails=126)  fails:4,955  wrgs:23,073  wck:137.9  ngds:798  sols:76  bounds:1,264..1,668
o 1271   145.3  ham=766 (1 8 0 8 0 749 0 0)  opth=8
o 1348   145.3  ham=2396 (2 176 0 125 0 2093 0 0)  opth=125
o 1367   145.3  ham=692 (2 76 0 67 0 547 0 0)  opth=67
o 1369   145.3  ham=254 (2 2 0 2 0 248 0 0)  opth=2
o 1395   145.3  ham=286 (1 26 0 26 0 233 0 0)  opth=26
o 1488   145.6  ham=1245 (1 108 0 93 0 1043 0 0)  opth=93
    run80  dpts:18..50  robin:Wdeg-Last  effs:112,822,230  asgs:(283,noefs=13,fails=50)  fails:5,005  wrgs:23,272  wck:144.2  ngds:800  sols:82  bounds:1,489..1,668
    run81  dpts:94..267  robin:PickOnDom-Rand  effs:113,201,236  asgs:(349,noefs=6,fails=50)  fails:5,055  wrgs:23,351  wck:144.6  ngds:847  sols:82  bounds:1,489..1,668
    run82  dpts:74..105  robin:WdegOnDom-First  effs:113,951,174  asgs:(260,noefs=20,fails=52)  fails:5,107  wrgs:23,489  wck:145.8  ngds:870  sols:82  bounds:1,489..1,668
    run83  dpts:20..46  robin:FrbaOnDom-Last  effs:114,827,303  asgs:(176,noefs=4,fails=55)  fails:5,162  wrgs:23,617  wck:146.7  ngds:874  sols:82  bounds:1,489..1,668
    run84  dpts:18..39  robin:Wdeg-Rand  effs:115,947,942  asgs:(199,noefs=8,fails=57)  fails:5,219  wrgs:23,753  wck:148.6  ngds:880  sols:82  bounds:1,489..1,668
    run85  dpts:99..256  robin:PickOnDom-First  effs:116,372,492  asgs:(444,noefs=3,fails=60)  fails:5,279  wrgs:23,950  wck:149.1  ngds:895  sols:82  bounds:1,489..1,668
    run86  dpts:2906..3087  robin:WdegOnDom-Last  effs:119,334,540  asgs:(3531,noefs=1715,fails=63)  fails:5,342  wrgs:24,390  wck:151.6  ngds:897  sols:82  bounds:1,489..1,668
    run87  dpts:15..41  robin:FrbaOnDom-Rand  effs:120,755,675  asgs:(247,noefs=7,fails=67)  fails:5,409  wrgs:24,585  wck:152.9  ngds:899  sols:82  bounds:1,489..1,668
    run88  dpts:20..42  robin:Wdeg-First  effs:122,540,916  asgs:(262,noefs=13,fails=70)  fails:5,479  wrgs:24,777  wck:156.6  ngds:905  sols:82  bounds:1,489..1,668
    run89  dpts:98..281  robin:PickOnDom-Last  effs:123,134,248  asgs:(519,noefs=2,fails=73)  fails:5,552  wrgs:24,987  wck:157.3  ngds:937  sols:82  bounds:1,489..1,668
    run90  dpts:2882..2993  robin:WdegOnDom-Rand  effs:123,640,276  asgs:(3070,noefs=1584,fails=77)  fails:5,629  wrgs:25,158  wck:158.3  ngds:939  sols:82  bounds:1,489..1,668
 ...resetting restart cutoff to 55
    run91  dpts:11..30  robin:FrbaOnDom-First  effs:124,990,947  asgs:(189,noefs=4,fails=55)  fails:5,684  wrgs:25,293  wck:160.1  ngds:942  sols:82  bounds:1,489..1,668
    run92  dpts:21..47  robin:Wdeg-Last  effs:126,459,491  asgs:(218,noefs=9,fails=57)  fails:5,741  wrgs:25,435  wck:163.5  ngds:945  sols:82  bounds:1,489..1,668
    run93  dpts:110..176  robin:PickOnDom-Rand  effs:126,787,881  asgs:(277,noefs=12,fails=60)  fails:5,801  wrgs:25,530  wck:164.1  ngds:992  sols:82  bounds:1,489..1,668
    run94  dpts:88..137  robin:WdegOnDom-First  effs:127,359,719  asgs:(290,noefs=33,fails=63)  fails:5,864  wrgs:25,671  wck:164.9  ngds:1,011  sols:82  bounds:1,489..1,668
    run95  dpts:23..38  robin:FrbaOnDom-Last  effs:128,506,035  asgs:(189,noefs=8,fails=66)  fails:5,930  wrgs:25,808  wck:165.9  ngds:1,016  sols:82  bounds:1,489..1,668
    run96  dpts:18..55  robin:Wdeg-Rand  effs:130,525,076  asgs:(301,noefs=3,fails=70)  fails:6,000  wrgs:26,038  wck:169.7  ngds:1,019  sols:82  bounds:1,489..1,668
    run97  dpts:42..130  robin:PickOnDom-First  effs:131,797,454  asgs:(501,noefs=12,fails=73)  fails:6,073  wrgs:26,402  wck:170.9  ngds:1,030  sols:82  bounds:1,489..1,668
    run98  dpts:12..65  robin:WdegOnDom-Last  effs:132,522,571  asgs:(276,noefs=2,fails=77)  fails:6,150  wrgs:26,590  wck:172.0  ngds:1,036  sols:82  bounds:1,489..1,668
    run99  dpts:12..26  robin:FrbaOnDom-Rand  effs:133,760,990  asgs:(217,noefs=6,fails=81)  fails:6,231  wrgs:26,738  wck:173.5  ngds:1,039  sols:82  bounds:1,489..1,668
    run100  dpts:27..48  robin:Wdeg-First  effs:135,693,080  asgs:(349,noefs=21,fails=85)  fails:6,316  wrgs:27,016  wck:176.5  ngds:1,050  sols:82  bounds:1,489..1,668
    run101  dpts:38..208  robin:PickOnDom-Last  effs:136,412,530  asgs:(548,noefs=73,fails=89)  fails:6,405  wrgs:27,417  wck:177.6  ngds:1,072  sols:82  bounds:1,489..1,668
    run102  dpts:3165..3242  robin:WdegOnDom-Rand  effs:138,803,504  asgs:(3561,noefs=1770,fails=94)  fails:6,499  wrgs:27,737  wck:179.9  ngds:1,075  sols:82  bounds:1,489..1,668
    run103  dpts:13..27  robin:FrbaOnDom-First  effs:140,471,366  asgs:(253,noefs=11,fails=98)  fails:6,597  wrgs:27,917  wck:181.9  ngds:1,079  sols:82  bounds:1,489..1,668
    run104  dpts:20..49  robin:Wdeg-Last  effs:145,133,719  asgs:(674,noefs=2,fails=103)  fails:6,700  wrgs:28,462  wck:185.9  ngds:1,083  sols:82  bounds:1,489..1,668
    run105  dpts:46..191  robin:PickOnDom-Rand  effs:145,643,728  asgs:(534,noefs=18,fails=108)  fails:6,808  wrgs:28,775  wck:186.6  ngds:1,125  sols:82  bounds:1,489..1,668
    run106  dpts:3148..3216  robin:WdegOnDom-First  effs:150,401,105  asgs:(3778,noefs=1757,fails=114)  fails:6,922  wrgs:29,317  wck:191.3  ngds:1,126  sols:82  bounds:1,489..1,668
    run107  dpts:16..40  robin:FrbaOnDom-Last  effs:151,662,309  asgs:(289,noefs=2,fails=120)  fails:7,042  wrgs:29,501  wck:192.4  ngds:1,136  sols:82  bounds:1,489..1,668
    run108  dpts:37..73  robin:Wdeg-Rand  effs:157,195,543  asgs:(794,noefs=1,fails=126)  fails:7,168  wrgs:30,127  wck:196.9  ngds:1,139  sols:82  bounds:1,489..1,668
    run109  dpts:32..179  robin:PickOnDom-First  effs:158,265,012  asgs:(917,noefs=154,fails=132)  fails:7,300  wrgs:30,818  wck:198.8  ngds:1,169  sols:82  bounds:1,489..1,668
 ...resetting heuristics data (nValues:369,652 - nSingletons:3 - nEntailed:4)
    run110  dpts:111..157  robin:WdegOnDom-Last  effs:159,622,999  asgs:(486,noefs=0,fails=138)  fails:7,438  wrgs:31,047  wck:200.7  ngds:1,203  sols:82  bounds:1,489..1,668
    run111  dpts:62..111  robin:FrbaOnDom-Rand  effs:160,265,071  asgs:(364,noefs=32,fails=145)  fails:7,583  wrgs:31,203  wck:201.5  ngds:1,236  sols:82  bounds:1,489..1,668
    run112  dpts:77..136  robin:Wdeg-First  effs:164,047,295  asgs:(825,noefs=8,fails=153)  fails:7,736  wrgs:31,808  wck:205.8  ngds:1,238  sols:82  bounds:1,489..1,668
    run113  dpts:132..316  robin:PickOnDom-Last  effs:164,523,853  asgs:(481,noefs=10,fails=160)  fails:7,896  wrgs:31,973  wck:206.1  ngds:1,398  sols:82  bounds:1,489..1,668
    run114  dpts:3032..3200  robin:WdegOnDom-Rand  effs:165,184,312  asgs:(3368,noefs=1745,fails=168)  fails:8,064  wrgs:32,309  wck:207.3  ngds:1,399  sols:82  bounds:1,489..1,668
    run115  dpts:7..77  robin:FrbaOnDom-First  effs:166,452,617  asgs:(404,noefs=0,fails=177)  fails:8,241  wrgs:32,535  wck:209.6  ngds:1,440  sols:82  bounds:1,489..1,668
    run116  dpts:45..95  robin:Wdeg-Last  effs:173,875,279  asgs:(1039,noefs=125,fails=186)  fails:8,427  wrgs:33,431  wck:213.3  ngds:1,452  sols:82  bounds:1,489..1,668
    run117  dpts:69..991  robin:PickOnDom-Rand  effs:175,110,028  asgs:(1762,noefs=56,fails=195)  fails:8,622  wrgs:34,070  wck:214.4  ngds:1,498  sols:82  bounds:1,489..1,668
    run118  dpts:49..154  robin:WdegOnDom-First  effs:175,981,871  asgs:(521,noefs=0,fails=205)  fails:8,827  wrgs:34,346  wck:215.6  ngds:1,536  sols:82  bounds:1,489..1,668
    run119  dpts:14..34  robin:FrbaOnDom-Last  effs:182,108,714  asgs:(586,noefs=16,fails=215)  fails:9,042  wrgs:34,793  wck:230.3  ngds:1,538  sols:82  bounds:1,489..1,668
    run120  dpts:78..111  robin:Wdeg-Rand  effs:185,876,199  asgs:(849,noefs=87,fails=226)  fails:9,268  wrgs:35,435  wck:232.5  ngds:1,543  sols:82  bounds:1,489..1,668
    run121  dpts:709..1211  robin:PickOnDom-First  effs:186,256,794  asgs:(1490,noefs=10,fails=237)  fails:9,505  wrgs:35,686  wck:233.2  ngds:1,752  sols:82  bounds:1,489..1,668
    run122  dpts:35..113  robin:WdegOnDom-Last  effs:187,324,798  asgs:(647,noefs=0,fails=249)  fails:9,754  wrgs:36,035  wck:234.8  ngds:1,785  sols:82  bounds:1,489..1,668
    run123  dpts:8..48  robin:FrbaOnDom-Rand  effs:191,674,735  asgs:(668,noefs=27,fails=262)  fails:10,016  wrgs:36,482  wck:246.3  ngds:1,800  sols:82  bounds:1,489..1,668
    run124  dpts:44..81  robin:Wdeg-First  effs:195,215,802  asgs:(876,noefs=47,fails=275)  fails:10,291  wrgs:37,098  wck:253.7  ngds:1,807  sols:82  bounds:1,489..1,668
    run125  dpts:646..1383  robin:PickOnDom-Last  effs:198,493,437  asgs:(2892,noefs=3,fails=288)  fails:10,579  wrgs:39,024  wck:256.1  ngds:1,817  sols:82  bounds:1,489..1,668
    run126  dpts:36..261  robin:WdegOnDom-Rand  effs:200,146,856  asgs:(842,noefs=131,fails=303)  fails:10,882  wrgs:39,556  wck:258.9  ngds:1,842  sols:82  bounds:1,489..1,668
    run127  dpts:11..154  robin:FrbaOnDom-First  effs:204,114,589  asgs:(760,noefs=33,fails=318)  fails:11,200  wrgs:40,053  wck:268.6  ngds:1,852  sols:82  bounds:1,489..1,668
    run128  dpts:40..69  robin:Wdeg-Last  effs:212,802,625  asgs:(1318,noefs=24,fails=334)  fails:11,534  wrgs:41,098  wck:290.0  ngds:1,855  sols:82  bounds:1,489..1,668
    run129  dpts:232..926  robin:PickOnDom-Rand  effs:213,668,174  asgs:(1735,noefs=3,fails=351)  fails:11,885  wrgs:42,204  wck:290.8  ngds:1,860  sols:82  bounds:1,489..1,668
    run130  dpts:2882..3262  robin:WdegOnDom-First  effs:228,965,719  asgs:(4535,noefs=1770,fails=368)  fails:12,253  wrgs:43,804  wck:305.2  ngds:1,861  sols:82  bounds:1,489..1,668
    run131  dpts:6..46  robin:FrbaOnDom-Last  effs:232,044,858  asgs:(925,noefs=0,fails=387)  fails:12,640  wrgs:44,383  wck:312.8  ngds:1,890  sols:82  bounds:1,489..1,668
    run132  dpts:52..85  robin:Wdeg-Rand  effs:240,167,233  asgs:(1462,noefs=10,fails=406)  fails:13,046  wrgs:45,476  wck:332.4  ngds:1,894  sols:82  bounds:1,489..1,668
    run133  dpts:83..305  robin:PickOnDom-First  effs:240,984,302  asgs:(1123,noefs=14,fails=426)  fails:13,472  wrgs:46,008  wck:333.3  ngds:2,020  sols:82  bounds:1,489..1,668
    run134  dpts:2859..3200  robin:WdegOnDom-Last  effs:260,418,773  asgs:(5543,noefs=1719,fails=448)  fails:13,920  wrgs:48,246  wck:348.9  ngds:2,021  sols:82  bounds:1,489..1,668
    run135  dpts:5..76  robin:FrbaOnDom-Rand  effs:261,832,275  asgs:(1006,noefs=0,fails=470)  fails:14,390  wrgs:48,773  wck:350.5  ngds:2,075  sols:82  bounds:1,489..1,668
    run136  dpts:62..91  robin:Wdeg-First  effs:271,118,875  asgs:(1675,noefs=16,fails=494)  fails:14,884  wrgs:50,075  wck:370.7  ngds:2,083  sols:82  bounds:1,489..1,668
    run137  dpts:39..397  robin:PickOnDom-Last  effs:272,272,146  asgs:(1656,noefs=3,fails=518)  fails:15,402  wrgs:50,955  wck:372.1  ngds:2,219  sols:82  bounds:1,489..1,668
    run138  dpts:401..652  robin:WdegOnDom-Rand  effs:283,615,539  asgs:(1767,noefs=767,fails=544)  fails:15,946  wrgs:51,854  wck:397.6  ngds:2,339  sols:82  bounds:1,489..1,668
    run139  dpts:13..79  robin:FrbaOnDom-First  effs:288,510,820  asgs:(1246,noefs=11,fails=572)  fails:16,518  wrgs:52,546  wck:409.5  ngds:2,358  sols:82  bounds:1,489..1,668
 ...resetting heuristics data (nValues:369,652 - nSingletons:3 - nEntailed:4)
    run140  dpts:61..137  robin:Wdeg-Last  effs:302,253,345  asgs:(2813,noefs=133,fails=600)  fails:17,118  wrgs:54,839  wck:427.2  ngds:2,365  sols:82  bounds:1,489..1,668
    run141  dpts:130..813  robin:PickOnDom-Rand  effs:303,375,602  asgs:(1996,noefs=484,fails=630)  fails:17,748  wrgs:55,968  wck:427.7  ngds:2,520  sols:82  bounds:1,489..1,668
    run142  dpts:74..212  robin:WdegOnDom-First  effs:307,084,880  asgs:(1757,noefs=0,fails=662)  fails:18,410  wrgs:56,967  wck:430.5  ngds:2,548  sols:82  bounds:1,489..1,668
    run143  dpts:123..231  robin:FrbaOnDom-Last  effs:311,817,589  asgs:(1730,noefs=192,fails=695)  fails:19,105  wrgs:57,902  wck:435.0  ngds:2,582  sols:82  bounds:1,489..1,668
    run144  dpts:51..1234  robin:Wdeg-Rand  effs:329,104,655  asgs:(4006,noefs=66,fails=730)  fails:19,835  wrgs:61,521  wck:450.9  ngds:2,585  sols:82  bounds:1,489..1,668
    run145  dpts:163..1653  robin:PickOnDom-First  effs:335,554,407  asgs:(6802,noefs=159,fails=766)  fails:20,601  wrgs:66,080  wck:454.8  ngds:2,631  sols:82  bounds:1,489..1,668
    run146  dpts:2385..3153  robin:WdegOnDom-Last  effs:363,013,779  asgs:(5383,noefs=1678,fails=804)  fails:21,405  wrgs:68,936  wck:487.4  ngds:2,633  sols:82  bounds:1,489..1,668
    run147  dpts:11..121  robin:FrbaOnDom-Rand  effs:364,814,828  asgs:(1772,noefs=8,fails=845)  fails:22,250  wrgs:69,857  wck:490.7  ngds:2,731  sols:82  bounds:1,489..1,668
    run148  dpts:46..115  robin:Wdeg-First  effs:388,989,813  asgs:(5009,noefs=0,fails=887)  fails:23,137  wrgs:73,930  wck:513.7  ngds:2,736  sols:82  bounds:1,489..1,668
    run149  dpts:251..768  robin:PickOnDom-Last  effs:391,566,687  asgs:(3164,noefs=12,fails=931)  fails:24,068  wrgs:75,756  wck:516.4  ngds:2,849  sols:82  bounds:1,489..1,668
    run150  dpts:34..1087  robin:WdegOnDom-Rand  effs:401,254,710  asgs:(2659,noefs=848,fails=978)  fails:25,046  wrgs:77,256  wck:535.5  ngds:2,923  sols:82  bounds:1,489..1,668
    run151  dpts:9..154  robin:FrbaOnDom-First  effs:413,765,799  asgs:(2247,noefs=19,fails=1027)  fails:26,073  wrgs:78,524  wck:560.7  ngds:2,938  sols:82  bounds:1,489..1,668
    run152  dpts:55..128  robin:Wdeg-Last  effs:436,198,898  asgs:(5041,noefs=0,fails=1078)  fails:27,151  wrgs:82,722  wck:590.8  ngds:2,946  sols:82  bounds:1,489..1,668
    run153  dpts:198..1059  robin:PickOnDom-Rand  effs:452,909,243  asgs:(11119,noefs=64,fails=1132)  fails:28,283  wrgs:92,200  wck:603.0  ngds:2,961  sols:82  bounds:1,489..1,668
    run154  dpts:26..992  robin:WdegOnDom-First  effs:467,042,489  asgs:(3342,noefs=1014,fails=1189)  fails:29,472  wrgs:94,418  wck:611.3  ngds:2,964  sols:82  bounds:1,489..1,668
    run155  dpts:8..212  robin:FrbaOnDom-Last  effs:470,041,121  asgs:(2582,noefs=3,fails=1248)  fails:30,720  wrgs:95,777  wck:615.5  ngds:3,014  sols:82  bounds:1,489..1,668
    run156  dpts:66..121  robin:Wdeg-Rand  effs:500,692,943  asgs:(6574,noefs=0,fails=1311)  fails:32,031  wrgs:101,400  wck:649.0  ngds:3,021  sols:82  bounds:1,489..1,668
    run157  dpts:125..785  robin:PickOnDom-First  effs:504,293,027  asgs:(4818,noefs=25,fails=1376)  fails:33,407  wrgs:104,540  wck:653.0  ngds:3,092  sols:82  bounds:1,489..1,668
    run158  dpts:80..906  robin:WdegOnDom-Last  effs:521,734,289  asgs:(6738,noefs=961,fails=1445)  fails:34,852  wrgs:110,302  wck:675.0  ngds:3,104  sols:82  bounds:1,489..1,668
    run159  dpts:4..191  robin:FrbaOnDom-Rand  effs:529,139,429  asgs:(3285,noefs=10,fails=1517)  fails:36,369  wrgs:112,072  wck:683.1  ngds:3,157  sols:82  bounds:1,489..1,668
    run160  dpts:45..122  robin:Wdeg-First  effs:563,818,468  asgs:(6938,noefs=2,fails=1593)  fails:37,962  wrgs:117,862  wck:733.6  ngds:3,163  sols:82  bounds:1,489..1,668
    run161  dpts:126..628  robin:PickOnDom-Last  effs:567,748,615  asgs:(4888,noefs=22,fails=1673)  fails:39,635  wrgs:120,909  wck:738.1  ngds:3,214  sols:82  bounds:1,489..1,668
    run162  dpts:161..492  robin:WdegOnDom-Rand  effs:583,253,015  asgs:(5233,noefs=126,fails=1757)  fails:41,392  wrgs:124,225  wck:753.7  ngds:3,251  sols:82  bounds:1,489..1,668
    run163  dpts:9..216  robin:FrbaOnDom-First  effs:587,555,786  asgs:(3728,noefs=3,fails=1844)  fails:43,236  wrgs:126,101  wck:758.3  ngds:3,418  sols:82  bounds:1,489..1,668
    run164  dpts:36..116  robin:Wdeg-Last  effs:632,974,517  asgs:(8391,noefs=1,fails=1937)  fails:45,173  wrgs:133,045  wck:832.1  ngds:3,428  sols:82  bounds:1,489..1,668
    run165  dpts:111..793  robin:PickOnDom-Rand  effs:645,765,424  asgs:(7502,noefs=69,fails=2034)  fails:47,207  wrgs:138,133  wck:845.4  ngds:3,597  sols:82  bounds:1,489..1,668
    run166  dpts:7..262  robin:WdegOnDom-First  effs:653,854,299  asgs:(5221,noefs=128,fails=2135)  fails:49,342  wrgs:141,300  wck:855.6  ngds:3,638  sols:82  bounds:1,489..1,668
    run167  dpts:5..124  robin:FrbaOnDom-Last  effs:664,554,081  asgs:(4744,noefs=21,fails=2242)  fails:51,584  wrgs:143,800  wck:868.0  ngds:3,681  sols:82  bounds:1,489..1,668
    run168  dpts:64..114  robin:Wdeg-Rand  effs:714,519,021  asgs:(8699,noefs=0,fails=2354)  fails:53,938  wrgs:151,398  wck:933.6  ngds:3,691  sols:82  bounds:1,489..1,668
    run169  dpts:20..672  robin:PickOnDom-First  effs:740,011,297  asgs:(14737,noefs=147,fails=2472)  fails:56,410  wrgs:163,309  wck:954.6  ngds:3,733  sols:82  bounds:1,489..1,668
 ...resetting heuristics data (nValues:369,652 - nSingletons:3 - nEntailed:4)
    run170  dpts:62..748  robin:WdegOnDom-Last  effs:759,194,049  asgs:(8020,noefs=586,fails=2596)  fails:59,006  wrgs:168,682  wck:971.3  ngds:3,786  sols:82  bounds:1,489..1,668
    run171  dpts:190..712  robin:FrbaOnDom-Rand  effs:806,379,618  asgs:(6655,noefs=697,fails=2725)  fails:61,731  wrgs:172,491  wck:1083.4  ngds:3,806  sols:82  bounds:1,489..1,668
    run172  dpts:40..630  robin:Wdeg-First  effs:912,070,003  asgs:(15885,noefs=39,fails=2862)  fails:64,593  wrgs:185,748  wck:1213.2  ngds:3,811  sols:82  bounds:1,489..1,668
    run173  dpts:40..707  robin:PickOnDom-Last  effs:948,972,034  asgs:(29462,noefs=150,fails=3005)  fails:67,598  wrgs:212,181  wck:1239.6  ngds:3,841  sols:82  bounds:1,489..1,668
    run174  dpts:69..695  robin:WdegOnDom-Rand  effs:1,092,979,525  asgs:(11246,noefs=2333,fails=3155)  fails:70,753  wrgs:222,306  wck:1470.6  ngds:3,854  sols:82  bounds:1,489..1,668
    run175  dpts:15..324  robin:FrbaOnDom-First  effs:1,098,988,993  asgs:(6799,noefs=280,fails=3313)  fails:74,066  wrgs:226,075  wck:1481.2  ngds:3,996  sols:82  bounds:1,489..1,668
    run176  dpts:29..93  robin:Wdeg-Last  effs:1,185,916,907  asgs:(11966,noefs=148,fails=3478)  fails:77,544  wrgs:235,581  wck:1642.6  ngds:4,001  sols:82  bounds:1,489..1,668
    run177  dpts:40..669  robin:PickOnDom-Rand  effs:1,209,625,253  asgs:(14535,noefs=122,fails=3652)  fails:81,196  wrgs:246,385  wck:1665.2  ngds:4,051  sols:82  bounds:1,489..1,668
    run178  dpts:48..646  robin:WdegOnDom-First  effs:1,238,678,510  asgs:(12200,noefs=337,fails=3835)  fails:85,031  wrgs:254,919  wck:1691.3  ngds:4,246  sols:82  bounds:1,489..1,668
    run179  dpts:20..195  robin:FrbaOnDom-Last  effs:1,248,041,420  asgs:(8231,noefs=44,fails=4027)  fails:89,058  wrgs:259,176  wck:1704.9  ngds:4,280  sols:82  bounds:1,489..1,668

s SATISFIABLE

v  <instantiation id='sol82' type='solution' cost='1488'> <list> x[][] tp[][] tn[][] jtp[] jtn[] aux_gb[] </list> <values> 0x27 1 0x10 1 0 0 1 0x8 1 0x5 1 0 1 0x33 1 0x7 1 0x28 1 0x7 1 0 1 0x6   0x701 1x202 0x383 1x450 0 1x10 0 1 0 1x41 0 1x7 0 1x78 0 1x6 0 1x10 0 1x3 0 1x47 0 0 1x8 0 1x16 0 1x20 0 1x6 0 0 1x59 0 0 1x11 0 1x44 0 1x44 0 1x12 0 1x53 0 1x3 0 1x9 0 0 1x7 0 1x18 0 1 1 0 1x9 0 1x11 0x3 1x3 0 0 1x44 0 1 1 0 1x5 0 1x7 0 1 1 0 1x3 0 1x3 0 1 0 1 1 0 1x5 0 1 0 1 0 1 0 1 1 0x3 1 1 0 0 1 0 1 0 1 0 0 1x3 0x4 1 0 1 0 1 1 0 0 1 0 1 0 1 0 1 1 0 1 0 1 1 0 0 1 1 0 1 1 0 1 0 1 1 0 1 0 1 0 1 0 1 0 1 0 1 1 0 0 1 0 1 0 1 0 1 0x3 1 0 1 0 1 1 0 1 1 0 1 0 1 0x78 1x97 0 0 1x5 0 0 1x19 0x3 1x61 0 1x12 0 1x82 0 1x65 0 1x31 0x156 1x4 0x4 1x12 0x3 1x3 0x5 1 1 0x6 1x6 0x6 1 1 0x9 1x16 0 1 0 0 1x5 0 1 1 0 0 1 1 0x3 1 1 0x4 1x9 0x4 1 0x3 1 0 1 0 1x3 0x3 1x5 0x4 1 0x3 1 0 1 0x8 1 1 0x3 1 0x12 1 0x12 1 0x7 1x3 0x8 1 1 0x7 1 0x12   0x1538 1x6 0x7 1x5 0 1 0 0 1x9 0 1x5 0 1x7 0x5 1x4 0x3 1x3 0x3 1 1 0 1 0 1 0 1 0x36 1 0 1 0x37 1x18 0 1x3 0x3 1x3 0 1 0 1x5 0x31 1 0 1 1 0x59 1 0x28 1 0x10 1 0x746 1x3 0 1 1 0x10 1x6 0 1 0x37 1x4 0x8 1x3 0x4 1 0 1 1 0x18 1x3 0x6 1x4 0x19 1 0 0 1 0x96 1x5 0x10 1x9 0 0 1 0x36 1 0x96 1 0x57   1x68 0 1x10 0 1 0 1x41 0 1x7 0 1x78 0 1x6 0 1x10 0 1x3 0 1x47 0 0 1x8 0 1x16 0 1x20 0 1x6 0 0 1x59 0 0 1x11 0 1x44 0 1x44 0 1x12 0 1x53 0 1x3 0 1x9 0 0 1x7 0 1x18 0 1 1 0 1x9 0 1x11 0x3 1x3 0 0 1x44 0 1 1 0 1x5 0 1x305 0 0 1x5 0 0 1x19 0x3 1x61 0 1x12 0 1x82 0 1x65 0 1x413   0x11 1x6 0x7 1x5 0 1 0 0 1x9 0 1x5 0 1x7 0x5 1x4 0x3 1x3 0x3 1 1 0 1 0 1 0 1 0x36 1 0 1 0x37 1x18 0 1x3 0x3 1x3 0 1 0 1x5 0x31 1 0 1 1 0x59 1 0x28 1 0x10 1 0x746 1x3 0 1 1 0x10 1x6 0 1 0x37 1x4 0x8 1x3 0x4 1 0 1 1 0x18 1x3 0x6 1x4 0x19 1 0 0 1 0x96 1x5 0x10 1x9 0 0 1 0x36 1 0x96 1 0x57   1x701 0x202 1x75 2 1x10 2 1x6 2x3 1x11 2x3 1x79 2 1 2 2 1x3 2 2 1x11 2x3 1 1 2 2 1 2 1 2 1x163 0x450 1 0x10 1 0 1 0x41 1 0x7 1 0x78 1 0x6 1 0x10 1 0x3 1 0x47 1 1 0x8 1 0x16 1 0x20 1 0x6 1 1 0x59 1 1 0x11 1 0x44 1 0x44 1 0x12 1 0x53 1 0x3 1 0x9 1 1 0x7 1 0x18 1 0 0 1 0x9 1 0x11 1x3 0x3 1 1 0x44 1 0 0 1 0x5 1 0x7 1 0 0 1 0x3 1 0x3 1 0 1 0 0 1 0x5 1 0 1 0 1 0 1 0 0 1x3 0 0 1 1 0 1 0 1 0 1 1 0x3 1x4 0 1 0 1 0 0 1 1 0 1 0 1 0 1 0 0 1 0 1 0 0 1 1 0 0 1 0 0 1 0 1 0 0 1 0 1 0 1 0 1 0 1 0 1 0 0 1 1 0 1 0 1 0 1 0 1x3 0 1 0 1 0 0 1 0 0 1 0 1 0 1x4 2x3 1x7 2 1x10 2 1 2 1x8 2 2 1x23 2 1 1 2 1x3 2 2 1 2 1 1 2 1x3 0x97 1 1 0x5 1 1 0x19 1x3 0x61 1 0x12 1 0x82 1 0x65 1 0x31 1 2 2 1 1 2 1 1 2 1 2 1x6 2x7 3 2x10 3x4 2x5 1 2 1 3 2x22 1 2x4 1x3 2 3 2 3 2 2 1x4 2 2 1x4 2 1 2x5 1 1 2 2 1 2 1 2x7 1x5 2x3 1x3 2x5 1x4 2 2 1 2 1 2 1 2x5 1 1 2 1x6 0x4 1x4 0x12 1x3 0x3 1x5 0 0 1x6 0x6 1x6 0 0 1x9 0x16 1 0 1 1 0x5 1 0 0 1 1 0 0 1x3 0 0 1x4 0x9 1x4 0 1x3 0 1 0 1 0x3 1x3 0x5 1x4 0 1x3 0 1 0 1x8 0 0 1x3 0 1x12 0 1x12 0 1x7 0x3 1x8 0 0 1x7 0 1x374 2 1x708 2x4 1x26 2x8 1x38 2 1x4 2 1x22 2x3 1 2 1 2 1x11 2 1x24 2x5 1 1 2 1x5 2 1x17 2x4 1x68 2 1x15 2 1x146 2x16 3 2x24 3 3 1x11 0x6 1x7 0x5 1 0 1 1 0x9 1 0x5 1 0x7 1x5 0x4 1x3 0x3 1x3 0 0 1 0 1 0 1 0 1x36 0 1 0 1x37 0x18 1 0x3 1x3 0x3 1 0 1 0x5 1x31 0 1 0 0 1x59 0 1x28 0 1x10 0 1x6 2 2 1 1 2 1x3 2x4 1 2x3 3x4 2x9 1x3 2x5 1 1 2x5 1 2x3 1x4 2 1x4 2x7 1 2 1 2 1x5 2x3 1x5 2 1 2x3 1 1 2x8 1x3 2 2 1x3 2 2 1 2 2 1x4 2 1x4 2x3 1x3 2x3 1 2 2 1x3 2x3 1x10 2 2 1 2 1x5 2 1 1 2 2 1x3 2 1 1 2 2 1 2 1x4 2x3 1 2 3 2x4 1 1 2 2 1 2 2 1 2 1x3 2 1 2 2 1x5 2 2 1x3 2 1x3 2x3 1x5 2x8 1x6 2x3 1x3 2 2 1 2 1x5 2 2 1 2 1 2 1x4 2 2 1x3 2 2 1 1 2 1x3 2 2 1 2 2 1x4 2 2 1 2 2 1 2 1 1 2 1x21 2 1x8 2 1x7 2 1x9 2 1 1 2 1x16 2 3 2 3 2x3 1 2x4 1x3 2x3 1x6 2x4 1x3 2 2 1x4 2 1 1 2 1 1 2 1 3 1x5 2 1 2 1 2 1x5 2 1 2 2 1 1 2x3 1x5 2 2 1 2x4 3x5 1 2x12 3 2 3 3 2x4 1 2 2 1x5 2 1 2x9 1x6 2x9 1x22 2x3 1x3 2 1 2x13 1x5 2x6 1x3 2 3 1x3 2x7 1 2 1 2 1x3 2x7 1 2 2 1x3 2 2 1x4 2 1 1 2x5 1 2 1 2 1 2x4 1 2 1 2 1 2 3 2x3 1 2 2 1 2x3 3 2 2 1x3 2x3 1x4 2x4 1x3 2 1 2 1x3 2x3 1x3 2 1 1 2 1x4 2 2 1 1 2x3 1x4 2x5 1x5 2x6 1x4 2x4 1x4 2 1 2 1x8 2x5 1 1 2 2 1x5 2x4 0x3 1 0 0 1x10 0x6 1 0 1x37 0x4 1x8 0x3 1x4 0 1 0 0 1x18 0x3 1x6 0x4 1x19 0 1 1 0 1x5 2x4 1x87 0x5 1x10 0x9 1 1 0 1 2 1x34 0 1x96 0 1x55 2 2 571 13 510 74 576 8 521 63 426 158 330 254 527 57 557 27 415 169 356 228 384 200 508 76 476 108 584 584 136 448 560 24 574 10 302 282 584 0 464 120 0 584 442 142 574 10 383 201 584 0 248 336 550 34 538 46 420 164 567 17 280 304 242 342 113 471 203 381 1017 177 1139 55 1165 29 1079 115 790 404 527 667 762 432 1011 183 733 461 1194 0 563 631 1078 116 849 345 1194 1116 358 914 1185 9 1152 42 395 799 1177 17 1019 175 1035 159 876 318 1141 53 683 511 1192 2 325 869 1184 10 1152 42 931 263 1194 0 1194 0 449 745 245 949 219 975 </values> </instantiation>

d BOUND  1,488  (82 sols)

d WRONG DECISIONS  264,046  (148.51 wrg/s)

d WCK SOL 1  7.90 (141)
d WCK SOL-1  145.6 (1,488)
d CPU        1777.161

d INCOMPLETE EXPLORATION
