# WCTIME: wall clock time in seconds
WCTIME=3.06962
# CPUTIME: CPU time in seconds (USERTIME+SYSTEMTIME)
CPUTIME=3.02213
# USERTIME: CPU time spent in user mode in seconds
USERTIME=2.90576
# SYSTEMTIME: CPU time spent in system mode in seconds
SYSTEMTIME=0.116373
# CPUUSAGE: CPUTIME/WCTIME in percent
CPUUSAGE=98.4529
# MAXVM: maximum virtual memory used in KiB
MAXVM=308696
# MAXMM: maximum memory used in KiB
MAXMM=124880
# MAXRSS: maximum Resident Segment Size in KiB
MAXRSS=122160
# TIMEOUT: did the solver exceed the time limit?
TIMEOUT=false
# MEMOUT: did the solver exceed the memory limit?
MEMOUT=false
# EXITSTATUS: Exit status of the solver
EXITSTATUS=0
