# WCTIME: wall clock time in seconds
WCTIME=1800.14
# CPUTIME: CPU time in seconds (USERTIME+SYSTEMTIME)
CPUTIME=1790.02
# USERTIME: CPU time spent in user mode in seconds
USERTIME=1785.27
# SYSTEMTIME: CPU time spent in system mode in seconds
SYSTEMTIME=4.74007
# CPUUSAGE: CPUTIME/WCTIME in percent
CPUUSAGE=99.4377
# MAXVM: maximum virtual memory used in KiB
MAXVM=1302464
# MAXMM: maximum memory used in KiB
MAXMM=1083560
# MAXRSS: maximum Resident Segment Size in KiB
MAXRSS=1080496
# TIMEOUT: did the solver exceed the time limit?
TIMEOUT=true
# MEMOUT: did the solver exceed the memory limit?
MEMOUT=false
# EXITSTATUS: Exit status of the solver
EXITSTATUS=36608
