# WCTIME: wall clock time in seconds
WCTIME=474.525
# CPUTIME: CPU time in seconds (USERTIME+SYSTEMTIME)
CPUTIME=472.04
# USERTIME: CPU time spent in user mode in seconds
USERTIME=465.938
# SYSTEMTIME: CPU time spent in system mode in seconds
SYSTEMTIME=6.1021
# CPUUSAGE: CPUTIME/WCTIME in percent
CPUUSAGE=99.4763
# MAXVM: maximum virtual memory used in KiB
MAXVM=4876680
# MAXMM: maximum memory used in KiB
MAXMM=4188804
# MAXRSS: maximum Resident Segment Size in KiB
MAXRSS=4348552
# TIMEOUT: did the solver exceed the time limit?
TIMEOUT=false
# MEMOUT: did the solver exceed the memory limit?
MEMOUT=false
# EXITSTATUS: Exit status of the solver
EXITSTATUS=0
