# WCTIME: wall clock time in seconds
WCTIME=1097.52
# CPUTIME: CPU time in seconds (USERTIME+SYSTEMTIME)
CPUTIME=996.29
# USERTIME: CPU time spent in user mode in seconds
USERTIME=712.627
# SYSTEMTIME: CPU time spent in system mode in seconds
SYSTEMTIME=283.663
# CPUUSAGE: CPUTIME/WCTIME in percent
CPUUSAGE=90.7767
# MAXVM: maximum virtual memory used in KiB
MAXVM=140672320
# MAXMM: maximum memory used in KiB
MAXMM=130736568
# MAXRSS: maximum Resident Segment Size in KiB
MAXRSS=125835148
# TIMEOUT: did the solver exceed the time limit?
TIMEOUT=false
# MEMOUT: did the solver exceed the memory limit?
MEMOUT=false
# EXITSTATUS: Exit status of the solver
EXITSTATUS=35072
