c cmd: /host-parser-bin/kat_xcsp_b85de3f1_dirty_logscop_directexpr_norootlp_20260521 /bench/competition/2022-2025/COP22to25/GeneralizedMKP-0-OR05x100-75-1_c23.xml.lzma --encoder log-scop --cop-objective-cut direct-expr --order-ge-table mdd-tl --no-root-lp-bound --progress
c 00h00m00s | solve:start
c 00h00m00s | input: constraints=6
c 00h00m00s | stage:propagate:start
c 00h00m00s | stage:propagate:done ms=0 pruned=0 changed_domains=0 entailed_tables=0
c 00h00m00s | memory:rss checkpoint=after_propagate bytes=3063808
c 00h00m00s | stage:normalize:start
c 00h00m00s | stage:normalize:done ms=0 high_constraints=6
c 00h00m00s | stage:lower:start
c 00h00m00s | stage:lower:done ms=12 lowered=6 unsupported=0
c 00h00m00s | memory:rss checkpoint=after_lower bytes=3604480
c 00h00m00s | stage:post_lower:start
c 00h00m00s | stage:post_lower:done ms=3 rounds=0 tightened=0 removed_cls=0 removed_lits=0 unsat=false precise_hits=0 precise_rounds=1 pivot_recomputes=0 pivot_exact_attempts=0 pivot_general_attempts=0 pivot_general_rest_missing=0 pivot_general_bound_missing=0 pivot_general_no_change=0 pivot_general_tightened=0 setup_ms=2 loop_ms=0 pivot_ms=0 pivot_version_ms=0 pivot_exact_ms=0 pivot_general_ms=0 pivot_general_prepare_ms=0 pivot_general_rest_ms=0 pivot_general_derive_ms=0 apply_ms=0 sat_ms=0 precise_ms=0
c 00h00m00s | memory:rss checkpoint=after_post_lower bytes=5099520
c 00h00m00s | stage:lowered-shape int_vars=106 bool_vars=0 linear_atoms=11 table_atoms=0 table_tuples=0 table_scope=0 alldiff_atoms=0 circuit_atoms=0 product_atoms=0 logical_clauses=11
c 00h00m00s | stage:root-lp:skip reason=disabled_by_option ms=0
c 00h00m00s | stage:preencode(log-scop):linear-extprop constraints=10
c 00h00m00s | memory:rss checkpoint=before_preencode bytes=5099520
c 00h00m00s | stage:preencode(log-scop):start
c 00h00m00s | stage:preencode(log-scop):done ms=0 int_vars=106
c 00h00m00s | memory:rss checkpoint=after_preencode bytes=5099520
c 00h00m00s | memory:rss checkpoint=before_encode bytes=5099520
c 00h00m00s | stage:encode(log-scop):start
c 00h00m00s | memory:rss checkpoint=encode_clause_sample stage=log-scop clauses=1000000 bytes=288550912 interval_clauses=1000000
c 00h00m01s | memory:rss checkpoint=encode_clause_sample stage=log-scop clauses=2000000 bytes=576684032 interval_clauses=1000000
c 00h00m01s | memory:rss checkpoint=encode_clause_sample stage=log-scop clauses=3000000 bytes=684302336 interval_clauses=1000000
c 00h00m02s | memory:rss checkpoint=encode_clause_sample stage=log-scop clauses=4000000 bytes=1152274432 interval_clauses=1000000
c 00h00m03s | memory:rss checkpoint=encode_clause_sample stage=log-scop clauses=5000000 bytes=1075675136 interval_clauses=1000000
c 00h00m03s | memory:rss checkpoint=encode_clause_sample stage=log-scop clauses=6000000 bytes=1204535296 interval_clauses=1000000
c 00h00m04s | memory:rss checkpoint=encode_clause_sample stage=log-scop clauses=7000000 bytes=1872601088 interval_clauses=1000000
c 00h00m05s | memory:rss checkpoint=encode_clause_sample stage=log-scop clauses=8000000 bytes=1977720832 interval_clauses=1000000
c 00h00m05s | stage:encode(log-scop):done ms=5498 sat_vars=4450772 sat_clauses=8783985 ext_ge_specs=0 relaxed_circuits=0 log_scop_pb_constraints=8 log_scop_pb_mixed=0 log_scop_pb_bdd2=8 log_scop_pb_bdd3=0 log_scop_pb_sorter=0 log_scop_pb_dadda=0 log_scop_bdd_raw=8 log_scop_bdd_binary=0 log_scop_bdd_multibase=0
c 00h00m05s | stage:sat:init solver=CaDiCaL vars=4450772 clauses=8783985
c 00h00m05s | stage:sat:solve:start round=1 circuit_cegar_rounds=- cumulative_cegar_rounds=- cop_cegar_rounds=1 assumptions=0 phase_lits=0
c 00h00m43s | stage:sat:solve:done round=1 ms=37520 result=Sat assumptions=0 phase_lits=0
c 00h00m43s | stage:decode:start round=1 requested_int_ids=106
c 00h00m43s | stage:decode:final:start round=1 requested_int_ids=106
c 00h00m43s | stage:decode:done round=1 int_assignments=106
c 00h00m43s | stage:relaxation:done clauses_added=0 circuit_cegar_failures=0 circuit_cegar_rounds=0 circuit_cegar_added_clauses=0 cumulative_cegar_failures=0 cumulative_cegar_rounds=0 cumulative_cegar_added_clauses=0 cop_cegar_failures=0 cop_cegar_rounds=1 cop_cegar_added_clauses=0
c 00h00m43s | result:Sat
c 00h00m43s | objective:incumbent kind=initial value=1764 rounds=1 improvements=0
o 1764
c 00h00m43s | stage:sat:init solver=CaDiCaL vars=4450772 clauses=8783985
c 00h00m43s | stage:sat:solve:start round=1 circuit_cegar_rounds=- cumulative_cegar_rounds=- cop_cegar_rounds=2 assumptions=0 phase_lits=197
c 00h00m44s | stage:sat:solve:done round=1 ms=1076 result=Sat assumptions=0 phase_lits=197
c 00h00m44s | stage:decode:start round=1 requested_int_ids=106
c 00h00m44s | stage:relaxation:done round=1 clauses_added=24 circuit_clauses_added=0 cumulative_clauses_added=0 cop_clauses_added=24 circuit_cegar_failures=0 circuit_cegar_rounds=0 circuit_cegar_added_clauses=0 cumulative_cegar_failures=0 cumulative_cegar_rounds=0 cumulative_cegar_added_clauses=0 cop_cegar_failures=1 cop_cegar_rounds=2 cop_cegar_added_clauses=24
c 00h00m44s | stage:sat:solve:start round=2 circuit_cegar_rounds=- cumulative_cegar_rounds=- cop_cegar_rounds=3 assumptions=0 phase_lits=197
c 00h01m00s | stage:sat:solve:done round=2 ms=16658 result=Sat assumptions=0 phase_lits=197
c 00h01m00s | stage:decode:start round=2 requested_int_ids=106
c 00h01m00s | stage:decode:final:start round=2 requested_int_ids=106
c 00h01m00s | stage:decode:done round=2 int_assignments=106
c 00h01m00s | stage:relaxation:done clauses_added=0 circuit_cegar_failures=0 circuit_cegar_rounds=0 circuit_cegar_added_clauses=0 cumulative_cegar_failures=0 cumulative_cegar_rounds=0 cumulative_cegar_added_clauses=0 cop_cegar_failures=1 cop_cegar_rounds=3 cop_cegar_added_clauses=24
c 00h01m00s | result:Sat
c 00h01m00s | objective:incumbent kind=improvement value=8706 rounds=2 improvements=1
o 8706
c 00h01m00s | stage:sat:init solver=CaDiCaL vars=4450772 clauses=8783985
c 00h01m00s | stage:sat:solve:start round=1 circuit_cegar_rounds=- cumulative_cegar_rounds=- cop_cegar_rounds=4 assumptions=0 phase_lits=197
c 00h01m01s | stage:sat:solve:done round=1 ms=1019 result=Sat assumptions=0 phase_lits=197
c 00h01m01s | stage:decode:start round=1 requested_int_ids=106
c 00h01m01s | stage:relaxation:done round=1 clauses_added=21 circuit_clauses_added=0 cumulative_clauses_added=0 cop_clauses_added=21 circuit_cegar_failures=0 circuit_cegar_rounds=0 circuit_cegar_added_clauses=0 cumulative_cegar_failures=0 cumulative_cegar_rounds=0 cumulative_cegar_added_clauses=0 cop_cegar_failures=2 cop_cegar_rounds=4 cop_cegar_added_clauses=45
c 00h01m01s | stage:sat:solve:start round=2 circuit_cegar_rounds=- cumulative_cegar_rounds=- cop_cegar_rounds=5 assumptions=0 phase_lits=197
c 00h03m51s | stage:sat:solve:done round=2 ms=169427 result=Sat assumptions=0 phase_lits=197
c 00h03m51s | stage:decode:start round=2 requested_int_ids=106
c 00h03m51s | stage:decode:final:start round=2 requested_int_ids=106
c 00h03m51s | stage:decode:done round=2 int_assignments=106
c 00h03m51s | stage:relaxation:done clauses_added=0 circuit_cegar_failures=0 circuit_cegar_rounds=0 circuit_cegar_added_clauses=0 cumulative_cegar_failures=0 cumulative_cegar_rounds=0 cumulative_cegar_added_clauses=0 cop_cegar_failures=2 cop_cegar_rounds=5 cop_cegar_added_clauses=45
c 00h03m51s | result:Sat
c 00h03m51s | objective:incumbent kind=improvement value=8814 rounds=3 improvements=2
o 8814
c 00h03m51s | stage:sat:init solver=CaDiCaL vars=4450772 clauses=8783985
c 00h03m51s | stage:sat:solve:start round=1 circuit_cegar_rounds=- cumulative_cegar_rounds=- cop_cegar_rounds=6 assumptions=0 phase_lits=197
c 00h03m51s | stage:sat:solve:done round=1 ms=506 result=Sat assumptions=0 phase_lits=197
c 00h03m51s | stage:decode:start round=1 requested_int_ids=106
c 00h03m51s | stage:relaxation:done round=1 clauses_added=25 circuit_clauses_added=0 cumulative_clauses_added=0 cop_clauses_added=25 circuit_cegar_failures=0 circuit_cegar_rounds=0 circuit_cegar_added_clauses=0 cumulative_cegar_failures=0 cumulative_cegar_rounds=0 cumulative_cegar_added_clauses=0 cop_cegar_failures=3 cop_cegar_rounds=6 cop_cegar_added_clauses=70
c 00h03m52s | stage:sat:solve:start round=2 circuit_cegar_rounds=- cumulative_cegar_rounds=- cop_cegar_rounds=7 assumptions=0 phase_lits=197
c 00h03m53s | stage:sat:solve:done round=2 ms=1509 result=Sat assumptions=0 phase_lits=197
c 00h03m53s | stage:decode:start round=2 requested_int_ids=106
c 00h03m53s | stage:decode:final:start round=2 requested_int_ids=106
c 00h03m53s | stage:decode:done round=2 int_assignments=106
c 00h03m53s | stage:relaxation:done clauses_added=0 circuit_cegar_failures=0 circuit_cegar_rounds=0 circuit_cegar_added_clauses=0 cumulative_cegar_failures=0 cumulative_cegar_rounds=0 cumulative_cegar_added_clauses=0 cop_cegar_failures=3 cop_cegar_rounds=7 cop_cegar_added_clauses=70
c 00h03m53s | result:Sat
c 00h03m53s | objective:incumbent kind=improvement value=8957 rounds=4 improvements=3
o 8957
c 00h03m53s | stage:sat:init solver=CaDiCaL vars=4450772 clauses=8783985
c 00h03m53s | stage:sat:solve:start round=1 circuit_cegar_rounds=- cumulative_cegar_rounds=- cop_cegar_rounds=8 assumptions=0 phase_lits=197
c 00h03m54s | stage:sat:solve:done round=1 ms=579 result=Sat assumptions=0 phase_lits=197
c 00h03m54s | stage:decode:start round=1 requested_int_ids=106
c 00h03m54s | stage:relaxation:done round=1 clauses_added=25 circuit_clauses_added=0 cumulative_clauses_added=0 cop_clauses_added=25 circuit_cegar_failures=0 circuit_cegar_rounds=0 circuit_cegar_added_clauses=0 cumulative_cegar_failures=0 cumulative_cegar_rounds=0 cumulative_cegar_added_clauses=0 cop_cegar_failures=4 cop_cegar_rounds=8 cop_cegar_added_clauses=95
c 00h03m54s | stage:sat:solve:start round=2 circuit_cegar_rounds=- cumulative_cegar_rounds=- cop_cegar_rounds=9 assumptions=0 phase_lits=197
c 00h04m50s | stage:sat:solve:done round=2 ms=56629 result=Sat assumptions=0 phase_lits=197
c 00h04m50s | stage:decode:start round=2 requested_int_ids=106
c 00h04m50s | stage:decode:final:start round=2 requested_int_ids=106
c 00h04m50s | stage:decode:done round=2 int_assignments=106
c 00h04m50s | stage:relaxation:done clauses_added=0 circuit_cegar_failures=0 circuit_cegar_rounds=0 circuit_cegar_added_clauses=0 cumulative_cegar_failures=0 cumulative_cegar_rounds=0 cumulative_cegar_added_clauses=0 cop_cegar_failures=4 cop_cegar_rounds=9 cop_cegar_added_clauses=95
c 00h04m50s | result:Sat
c 00h04m50s | objective:incumbent kind=improvement value=8958 rounds=5 improvements=4
o 8958
c 00h04m50s | stage:sat:init solver=CaDiCaL vars=4450772 clauses=8783985
c 00h04m50s | stage:sat:solve:start round=1 circuit_cegar_rounds=- cumulative_cegar_rounds=- cop_cegar_rounds=10 assumptions=0 phase_lits=197
c 00h04m51s | stage:sat:solve:done round=1 ms=540 result=Sat assumptions=0 phase_lits=197
c 00h04m51s | stage:decode:start round=1 requested_int_ids=106
c 00h04m51s | stage:relaxation:done round=1 clauses_added=27 circuit_clauses_added=0 cumulative_clauses_added=0 cop_clauses_added=27 circuit_cegar_failures=0 circuit_cegar_rounds=0 circuit_cegar_added_clauses=0 cumulative_cegar_failures=0 cumulative_cegar_rounds=0 cumulative_cegar_added_clauses=0 cop_cegar_failures=5 cop_cegar_rounds=10 cop_cegar_added_clauses=122
c 00h04m51s | stage:sat:solve:start round=2 circuit_cegar_rounds=- cumulative_cegar_rounds=- cop_cegar_rounds=11 assumptions=0 phase_lits=197
c 00h10m24s | stage:sat:solve:done round=2 ms=333249 result=Sat assumptions=0 phase_lits=197
c 00h10m24s | stage:decode:start round=2 requested_int_ids=106
c 00h10m24s | stage:decode:final:start round=2 requested_int_ids=106
c 00h10m24s | stage:decode:done round=2 int_assignments=106
c 00h10m24s | stage:relaxation:done clauses_added=0 circuit_cegar_failures=0 circuit_cegar_rounds=0 circuit_cegar_added_clauses=0 cumulative_cegar_failures=0 cumulative_cegar_rounds=0 cumulative_cegar_added_clauses=0 cop_cegar_failures=5 cop_cegar_rounds=11 cop_cegar_added_clauses=122
c 00h10m24s | result:Sat
c 00h10m24s | objective:incumbent kind=improvement value=8959 rounds=6 improvements=5
o 8959
c 00h10m24s | stage:sat:init solver=CaDiCaL vars=4450772 clauses=8783985
c 00h10m24s | stage:sat:solve:start round=1 circuit_cegar_rounds=- cumulative_cegar_rounds=- cop_cegar_rounds=12 assumptions=0 phase_lits=197
c 00h10m25s | stage:sat:solve:done round=1 ms=676 result=Sat assumptions=0 phase_lits=197
c 00h10m25s | stage:decode:start round=1 requested_int_ids=106
c 00h10m25s | stage:relaxation:done round=1 clauses_added=12 circuit_clauses_added=0 cumulative_clauses_added=0 cop_clauses_added=12 circuit_cegar_failures=0 circuit_cegar_rounds=0 circuit_cegar_added_clauses=0 cumulative_cegar_failures=0 cumulative_cegar_rounds=0 cumulative_cegar_added_clauses=0 cop_cegar_failures=6 cop_cegar_rounds=12 cop_cegar_added_clauses=134
c 00h10m25s | stage:sat:solve:start round=2 circuit_cegar_rounds=- cumulative_cegar_rounds=- cop_cegar_rounds=13 assumptions=0 phase_lits=197
c 00h23m04s | stage:sat:solve:done round=2 ms=759199 result=Sat assumptions=0 phase_lits=197
c 00h23m04s | stage:decode:start round=2 requested_int_ids=106
c 00h23m04s | stage:decode:final:start round=2 requested_int_ids=106
c 00h23m04s | stage:decode:done round=2 int_assignments=106
c 00h23m04s | stage:relaxation:done clauses_added=0 circuit_cegar_failures=0 circuit_cegar_rounds=0 circuit_cegar_added_clauses=0 cumulative_cegar_failures=0 cumulative_cegar_rounds=0 cumulative_cegar_added_clauses=0 cop_cegar_failures=6 cop_cegar_rounds=13 cop_cegar_added_clauses=134
c 00h23m04s | result:Sat
c 00h23m04s | objective:incumbent kind=improvement value=9142 rounds=7 improvements=6
o 9142
c 00h23m04s | stage:sat:init solver=CaDiCaL vars=4450772 clauses=8783985
c 00h23m04s | stage:sat:solve:start round=1 circuit_cegar_rounds=- cumulative_cegar_rounds=- cop_cegar_rounds=14 assumptions=0 phase_lits=197
c 00h23m05s | stage:sat:solve:done round=1 ms=632 result=Sat assumptions=0 phase_lits=197
c 00h23m05s | stage:decode:start round=1 requested_int_ids=106
c 00h23m05s | stage:relaxation:done round=1 clauses_added=26 circuit_clauses_added=0 cumulative_clauses_added=0 cop_clauses_added=26 circuit_cegar_failures=0 circuit_cegar_rounds=0 circuit_cegar_added_clauses=0 cumulative_cegar_failures=0 cumulative_cegar_rounds=0 cumulative_cegar_added_clauses=0 cop_cegar_failures=7 cop_cegar_rounds=14 cop_cegar_added_clauses=160
c 00h23m05s | stage:sat:solve:start round=2 circuit_cegar_rounds=- cumulative_cegar_rounds=- cop_cegar_rounds=15 assumptions=0 phase_lits=197
c 00h23m09s | stage:sat:solve:done round=2 ms=4329 result=Sat assumptions=0 phase_lits=197
c 00h23m09s | stage:decode:start round=2 requested_int_ids=106
c 00h23m09s | stage:decode:final:start round=2 requested_int_ids=106
c 00h23m09s | stage:decode:done round=2 int_assignments=106
c 00h23m09s | stage:relaxation:done clauses_added=0 circuit_cegar_failures=0 circuit_cegar_rounds=0 circuit_cegar_added_clauses=0 cumulative_cegar_failures=0 cumulative_cegar_rounds=0 cumulative_cegar_added_clauses=0 cop_cegar_failures=7 cop_cegar_rounds=15 cop_cegar_added_clauses=160
c 00h23m09s | result:Sat
c 00h23m09s | objective:incumbent kind=improvement value=10192 rounds=8 improvements=7
o 10192
c 00h23m09s | stage:sat:init solver=CaDiCaL vars=4450772 clauses=8783985
c 00h23m09s | stage:sat:solve:start round=1 circuit_cegar_rounds=- cumulative_cegar_rounds=- cop_cegar_rounds=16 assumptions=0 phase_lits=197
c 00h23m10s | stage:sat:solve:done round=1 ms=599 result=Sat assumptions=0 phase_lits=197
c 00h23m10s | stage:decode:start round=1 requested_int_ids=106
c 00h23m10s | stage:relaxation:done round=1 clauses_added=25 circuit_clauses_added=0 cumulative_clauses_added=0 cop_clauses_added=25 circuit_cegar_failures=0 circuit_cegar_rounds=0 circuit_cegar_added_clauses=0 cumulative_cegar_failures=0 cumulative_cegar_rounds=0 cumulative_cegar_added_clauses=0 cop_cegar_failures=8 cop_cegar_rounds=16 cop_cegar_added_clauses=185
c 00h23m10s | stage:sat:solve:start round=2 circuit_cegar_rounds=- cumulative_cegar_rounds=- cop_cegar_rounds=17 assumptions=0 phase_lits=197
c 00h23m14s | stage:sat:solve:done round=2 ms=4673 result=Sat assumptions=0 phase_lits=197
c 00h23m14s | stage:decode:start round=2 requested_int_ids=106
c 00h23m14s | stage:decode:final:start round=2 requested_int_ids=106
c 00h23m14s | stage:decode:done round=2 int_assignments=106
c 00h23m14s | stage:relaxation:done clauses_added=0 circuit_cegar_failures=0 circuit_cegar_rounds=0 circuit_cegar_added_clauses=0 cumulative_cegar_failures=0 cumulative_cegar_rounds=0 cumulative_cegar_added_clauses=0 cop_cegar_failures=8 cop_cegar_rounds=17 cop_cegar_added_clauses=185
c 00h23m14s | result:Sat
c 00h23m14s | objective:incumbent kind=improvement value=11217 rounds=9 improvements=8
o 11217
c 00h23m14s | stage:sat:init solver=CaDiCaL vars=4450772 clauses=8783985
c 00h23m14s | stage:sat:solve:start round=1 circuit_cegar_rounds=- cumulative_cegar_rounds=- cop_cegar_rounds=18 assumptions=0 phase_lits=197
c 00h23m15s | stage:sat:solve:done round=1 ms=568 result=Sat assumptions=0 phase_lits=197
c 00h23m15s | stage:decode:start round=1 requested_int_ids=106
c 00h23m15s | stage:relaxation:done round=1 clauses_added=24 circuit_clauses_added=0 cumulative_clauses_added=0 cop_clauses_added=24 circuit_cegar_failures=0 circuit_cegar_rounds=0 circuit_cegar_added_clauses=0 cumulative_cegar_failures=0 cumulative_cegar_rounds=0 cumulative_cegar_added_clauses=0 cop_cegar_failures=9 cop_cegar_rounds=18 cop_cegar_added_clauses=209
c 00h23m15s | stage:sat:solve:start round=2 circuit_cegar_rounds=- cumulative_cegar_rounds=- cop_cegar_rounds=19 assumptions=0 phase_lits=197
c 00h23m58s | stage:sat:solve:done round=2 ms=42860 result=Sat assumptions=0 phase_lits=197
c 00h23m58s | stage:decode:start round=2 requested_int_ids=106
c 00h23m58s | stage:decode:final:start round=2 requested_int_ids=106
c 00h23m58s | stage:decode:done round=2 int_assignments=106
c 00h23m58s | stage:relaxation:done clauses_added=0 circuit_cegar_failures=0 circuit_cegar_rounds=0 circuit_cegar_added_clauses=0 cumulative_cegar_failures=0 cumulative_cegar_rounds=0 cumulative_cegar_added_clauses=0 cop_cegar_failures=9 cop_cegar_rounds=19 cop_cegar_added_clauses=209
c 00h23m58s | result:Sat
c 00h23m58s | objective:incumbent kind=improvement value=11239 rounds=10 improvements=9
o 11239
c 00h23m58s | stage:sat:init solver=CaDiCaL vars=4450772 clauses=8783985
c 00h23m58s | stage:sat:solve:start round=1 circuit_cegar_rounds=- cumulative_cegar_rounds=- cop_cegar_rounds=20 assumptions=0 phase_lits=197
c 00h23m58s | stage:sat:solve:done round=1 ms=600 result=Sat assumptions=0 phase_lits=197
c 00h23m58s | stage:decode:start round=1 requested_int_ids=106
c 00h23m58s | stage:relaxation:done round=1 clauses_added=22 circuit_clauses_added=0 cumulative_clauses_added=0 cop_clauses_added=22 circuit_cegar_failures=0 circuit_cegar_rounds=0 circuit_cegar_added_clauses=0 cumulative_cegar_failures=0 cumulative_cegar_rounds=0 cumulative_cegar_added_clauses=0 cop_cegar_failures=10 cop_cegar_rounds=20 cop_cegar_added_clauses=231
c 00h23m59s | stage:sat:solve:start round=2 circuit_cegar_rounds=- cumulative_cegar_rounds=- cop_cegar_rounds=21 assumptions=0 phase_lits=197
c 00h24m12s | stage:sat:solve:done round=2 ms=13105 result=Sat assumptions=0 phase_lits=197
c 00h24m12s | stage:decode:start round=2 requested_int_ids=106
c 00h24m12s | stage:decode:final:start round=2 requested_int_ids=106
c 00h24m12s | stage:decode:done round=2 int_assignments=106
c 00h24m12s | stage:relaxation:done clauses_added=0 circuit_cegar_failures=0 circuit_cegar_rounds=0 circuit_cegar_added_clauses=0 cumulative_cegar_failures=0 cumulative_cegar_rounds=0 cumulative_cegar_added_clauses=0 cop_cegar_failures=10 cop_cegar_rounds=21 cop_cegar_added_clauses=231
c 00h24m12s | result:Sat
c 00h24m12s | objective:incumbent kind=improvement value=11244 rounds=11 improvements=10
o 11244
c 00h24m12s | stage:sat:init solver=CaDiCaL vars=4450772 clauses=8783985
c 00h24m12s | stage:sat:solve:start round=1 circuit_cegar_rounds=- cumulative_cegar_rounds=- cop_cegar_rounds=22 assumptions=0 phase_lits=197
c 00h24m12s | stage:sat:solve:done round=1 ms=541 result=Sat assumptions=0 phase_lits=197
c 00h24m12s | stage:decode:start round=1 requested_int_ids=106
c 00h24m12s | stage:relaxation:done round=1 clauses_added=27 circuit_clauses_added=0 cumulative_clauses_added=0 cop_clauses_added=27 circuit_cegar_failures=0 circuit_cegar_rounds=0 circuit_cegar_added_clauses=0 cumulative_cegar_failures=0 cumulative_cegar_rounds=0 cumulative_cegar_added_clauses=0 cop_cegar_failures=11 cop_cegar_rounds=22 cop_cegar_added_clauses=258
c 00h24m12s | stage:sat:solve:start round=2 circuit_cegar_rounds=- cumulative_cegar_rounds=- cop_cegar_rounds=23 assumptions=0 phase_lits=197
c 00h24m22s | stage:sat:solve:done round=2 ms=9530 result=Sat assumptions=0 phase_lits=197
c 00h24m22s | stage:decode:start round=2 requested_int_ids=106
c 00h24m22s | stage:decode:final:start round=2 requested_int_ids=106
c 00h24m22s | stage:decode:done round=2 int_assignments=106
c 00h24m22s | stage:relaxation:done clauses_added=0 circuit_cegar_failures=0 circuit_cegar_rounds=0 circuit_cegar_added_clauses=0 cumulative_cegar_failures=0 cumulative_cegar_rounds=0 cumulative_cegar_added_clauses=0 cop_cegar_failures=11 cop_cegar_rounds=23 cop_cegar_added_clauses=258
c 00h24m22s | result:Sat
c 00h24m22s | objective:incumbent kind=improvement value=11260 rounds=12 improvements=11
o 11260
c 00h24m22s | stage:sat:init solver=CaDiCaL vars=4450772 clauses=8783985
c 00h24m22s | stage:sat:solve:start round=1 circuit_cegar_rounds=- cumulative_cegar_rounds=- cop_cegar_rounds=24 assumptions=0 phase_lits=197
c 00h24m22s | stage:sat:solve:done round=1 ms=580 result=Sat assumptions=0 phase_lits=197
c 00h24m22s | stage:decode:start round=1 requested_int_ids=106
c 00h24m22s | stage:relaxation:done round=1 clauses_added=28 circuit_clauses_added=0 cumulative_clauses_added=0 cop_clauses_added=28 circuit_cegar_failures=0 circuit_cegar_rounds=0 circuit_cegar_added_clauses=0 cumulative_cegar_failures=0 cumulative_cegar_rounds=0 cumulative_cegar_added_clauses=0 cop_cegar_failures=12 cop_cegar_rounds=24 cop_cegar_added_clauses=286
c 00h24m22s | stage:sat:solve:start round=2 circuit_cegar_rounds=- cumulative_cegar_rounds=- cop_cegar_rounds=25 assumptions=0 phase_lits=197
c 00h24m29s | stage:sat:solve:done round=2 ms=6773 result=Sat assumptions=0 phase_lits=197
c 00h24m29s | stage:decode:start round=2 requested_int_ids=106
c 00h24m29s | stage:decode:final:start round=2 requested_int_ids=106
c 00h24m29s | stage:decode:done round=2 int_assignments=106
c 00h24m29s | stage:relaxation:done clauses_added=0 circuit_cegar_failures=0 circuit_cegar_rounds=0 circuit_cegar_added_clauses=0 cumulative_cegar_failures=0 cumulative_cegar_rounds=0 cumulative_cegar_added_clauses=0 cop_cegar_failures=12 cop_cegar_rounds=25 cop_cegar_added_clauses=286
c 00h24m29s | result:Sat
c 00h24m29s | objective:incumbent kind=improvement value=12285 rounds=13 improvements=12
o 12285
c 00h24m29s | stage:sat:init solver=CaDiCaL vars=4450772 clauses=8783985
c 00h24m29s | stage:sat:solve:start round=1 circuit_cegar_rounds=- cumulative_cegar_rounds=- cop_cegar_rounds=26 assumptions=0 phase_lits=197
c 00h24m30s | stage:sat:solve:done round=1 ms=456 result=Sat assumptions=0 phase_lits=197
c 00h24m30s | stage:decode:start round=1 requested_int_ids=106
c 00h24m30s | stage:relaxation:done round=1 clauses_added=28 circuit_clauses_added=0 cumulative_clauses_added=0 cop_clauses_added=28 circuit_cegar_failures=0 circuit_cegar_rounds=0 circuit_cegar_added_clauses=0 cumulative_cegar_failures=0 cumulative_cegar_rounds=0 cumulative_cegar_added_clauses=0 cop_cegar_failures=13 cop_cegar_rounds=26 cop_cegar_added_clauses=314
c 00h24m30s | stage:sat:solve:start round=2 circuit_cegar_rounds=- cumulative_cegar_rounds=- cop_cegar_rounds=27 assumptions=0 phase_lits=197
c 00h24m48s | stage:sat:solve:done round=2 ms=18148 result=Sat assumptions=0 phase_lits=197
c 00h24m48s | stage:decode:start round=2 requested_int_ids=106
c 00h24m48s | stage:decode:final:start round=2 requested_int_ids=106
c 00h24m48s | stage:decode:done round=2 int_assignments=106
c 00h24m48s | stage:relaxation:done clauses_added=0 circuit_cegar_failures=0 circuit_cegar_rounds=0 circuit_cegar_added_clauses=0 cumulative_cegar_failures=0 cumulative_cegar_rounds=0 cumulative_cegar_added_clauses=0 cop_cegar_failures=13 cop_cegar_rounds=27 cop_cegar_added_clauses=314
c 00h24m48s | result:Sat
c 00h24m48s | objective:incumbent kind=improvement value=12287 rounds=14 improvements=13
o 12287
c 00h24m48s | stage:sat:init solver=CaDiCaL vars=4450772 clauses=8783985
c 00h24m48s | stage:sat:solve:start round=1 circuit_cegar_rounds=- cumulative_cegar_rounds=- cop_cegar_rounds=28 assumptions=0 phase_lits=197
c 00h24m48s | stage:sat:solve:done round=1 ms=596 result=Sat assumptions=0 phase_lits=197
c 00h24m48s | stage:decode:start round=1 requested_int_ids=106
c 00h24m48s | stage:relaxation:done round=1 clauses_added=7 circuit_clauses_added=0 cumulative_clauses_added=0 cop_clauses_added=7 circuit_cegar_failures=0 circuit_cegar_rounds=0 circuit_cegar_added_clauses=0 cumulative_cegar_failures=0 cumulative_cegar_rounds=0 cumulative_cegar_added_clauses=0 cop_cegar_failures=14 cop_cegar_rounds=28 cop_cegar_added_clauses=321
c 00h24m48s | stage:sat:solve:start round=2 circuit_cegar_rounds=- cumulative_cegar_rounds=- cop_cegar_rounds=29 assumptions=0 phase_lits=197
c 00h25m00s | stage:sat:solve:done round=2 ms=11925 result=Sat assumptions=0 phase_lits=197
c 00h25m00s | stage:decode:start round=2 requested_int_ids=106
c 00h25m00s | stage:decode:final:start round=2 requested_int_ids=106
c 00h25m00s | stage:decode:done round=2 int_assignments=106
c 00h25m00s | stage:relaxation:done clauses_added=0 circuit_cegar_failures=0 circuit_cegar_rounds=0 circuit_cegar_added_clauses=0 cumulative_cegar_failures=0 cumulative_cegar_rounds=0 cumulative_cegar_added_clauses=0 cop_cegar_failures=14 cop_cegar_rounds=29 cop_cegar_added_clauses=321
c 00h25m00s | result:Sat
c 00h25m00s | objective:incumbent kind=improvement value=16263 rounds=15 improvements=14
o 16263
c 00h25m00s | stage:sat:init solver=CaDiCaL vars=4450772 clauses=8783985
c 00h25m00s | stage:sat:solve:start round=1 circuit_cegar_rounds=- cumulative_cegar_rounds=- cop_cegar_rounds=30 assumptions=0 phase_lits=197
c 00h25m01s | stage:sat:solve:done round=1 ms=582 result=Sat assumptions=0 phase_lits=197
c 00h25m01s | stage:decode:start round=1 requested_int_ids=106
c 00h25m01s | stage:relaxation:done round=1 clauses_added=22 circuit_clauses_added=0 cumulative_clauses_added=0 cop_clauses_added=22 circuit_cegar_failures=0 circuit_cegar_rounds=0 circuit_cegar_added_clauses=0 cumulative_cegar_failures=0 cumulative_cegar_rounds=0 cumulative_cegar_added_clauses=0 cop_cegar_failures=15 cop_cegar_rounds=30 cop_cegar_added_clauses=343
c 00h25m01s | stage:sat:solve:start round=2 circuit_cegar_rounds=- cumulative_cegar_rounds=- cop_cegar_rounds=31 assumptions=0 phase_lits=197
c 00h25m01s | stage:sat:solve:done round=2 ms=432 result=Sat assumptions=0 phase_lits=197
c 00h25m01s | stage:decode:start round=2 requested_int_ids=106
c 00h25m01s | stage:decode:final:start round=2 requested_int_ids=106
c 00h25m01s | stage:decode:done round=2 int_assignments=106
c 00h25m01s | stage:relaxation:done clauses_added=0 circuit_cegar_failures=0 circuit_cegar_rounds=0 circuit_cegar_added_clauses=0 cumulative_cegar_failures=0 cumulative_cegar_rounds=0 cumulative_cegar_added_clauses=0 cop_cegar_failures=15 cop_cegar_rounds=31 cop_cegar_added_clauses=343
c 00h25m01s | result:Sat
c 00h25m01s | objective:incumbent kind=improvement value=16265 rounds=16 improvements=15
o 16265
c 00h25m01s | stage:sat:init solver=CaDiCaL vars=4450772 clauses=8783985
c 00h25m01s | stage:sat:solve:start round=1 circuit_cegar_rounds=- cumulative_cegar_rounds=- cop_cegar_rounds=32 assumptions=0 phase_lits=197
c 00h25m02s | stage:sat:solve:done round=1 ms=516 result=Sat assumptions=0 phase_lits=197
c 00h25m02s | stage:decode:start round=1 requested_int_ids=106
c 00h25m02s | stage:relaxation:done round=1 clauses_added=25 circuit_clauses_added=0 cumulative_clauses_added=0 cop_clauses_added=25 circuit_cegar_failures=0 circuit_cegar_rounds=0 circuit_cegar_added_clauses=0 cumulative_cegar_failures=0 cumulative_cegar_rounds=0 cumulative_cegar_added_clauses=0 cop_cegar_failures=16 cop_cegar_rounds=32 cop_cegar_added_clauses=368
c 00h25m02s | stage:sat:solve:start round=2 circuit_cegar_rounds=- cumulative_cegar_rounds=- cop_cegar_rounds=33 assumptions=0 phase_lits=197
c 00h25m06s | stage:sat:solve:done round=2 ms=4416 result=Sat assumptions=0 phase_lits=197
c 00h25m06s | stage:decode:start round=2 requested_int_ids=106
c 00h25m06s | stage:decode:final:start round=2 requested_int_ids=106
c 00h25m06s | stage:decode:done round=2 int_assignments=106
c 00h25m06s | stage:relaxation:done clauses_added=0 circuit_cegar_failures=0 circuit_cegar_rounds=0 circuit_cegar_added_clauses=0 cumulative_cegar_failures=0 cumulative_cegar_rounds=0 cumulative_cegar_added_clauses=0 cop_cegar_failures=16 cop_cegar_rounds=33 cop_cegar_added_clauses=368
c 00h25m06s | result:Sat
c 00h25m06s | objective:incumbent kind=improvement value=16381 rounds=17 improvements=16
o 16381
c 00h25m06s | stage:sat:init solver=CaDiCaL vars=4450772 clauses=8783985
c 00h25m06s | stage:sat:solve:start round=1 circuit_cegar_rounds=- cumulative_cegar_rounds=- cop_cegar_rounds=34 assumptions=0 phase_lits=197
c 00h25m07s | stage:sat:solve:done round=1 ms=517 result=Sat assumptions=0 phase_lits=197
c 00h25m07s | stage:decode:start round=1 requested_int_ids=106
c 00h25m07s | stage:relaxation:done round=1 clauses_added=29 circuit_clauses_added=0 cumulative_clauses_added=0 cop_clauses_added=29 circuit_cegar_failures=0 circuit_cegar_rounds=0 circuit_cegar_added_clauses=0 cumulative_cegar_failures=0 cumulative_cegar_rounds=0 cumulative_cegar_added_clauses=0 cop_cegar_failures=17 cop_cegar_rounds=34 cop_cegar_added_clauses=397
c 00h25m07s | stage:sat:solve:start round=2 circuit_cegar_rounds=- cumulative_cegar_rounds=- cop_cegar_rounds=35 assumptions=0 phase_lits=197
c 00h25m07s | stage:sat:solve:done round=2 ms=470 result=Sat assumptions=0 phase_lits=197
c 00h25m07s | stage:decode:start round=2 requested_int_ids=106
c 00h25m07s | stage:decode:final:start round=2 requested_int_ids=106
c 00h25m07s | stage:decode:done round=2 int_assignments=106
c 00h25m07s | stage:relaxation:done clauses_added=0 circuit_cegar_failures=0 circuit_cegar_rounds=0 circuit_cegar_added_clauses=0 cumulative_cegar_failures=0 cumulative_cegar_rounds=0 cumulative_cegar_added_clauses=0 cop_cegar_failures=17 cop_cegar_rounds=35 cop_cegar_added_clauses=397
c 00h25m07s | result:Sat
c 00h25m07s | objective:incumbent kind=improvement value=16382 rounds=18 improvements=17
o 16382
c 00h25m07s | stage:sat:init solver=CaDiCaL vars=4450772 clauses=8783985
c 00h25m07s | stage:sat:solve:start round=1 circuit_cegar_rounds=- cumulative_cegar_rounds=- cop_cegar_rounds=36 assumptions=0 phase_lits=197
c 00h25m08s | stage:sat:solve:done round=1 ms=485 result=Sat assumptions=0 phase_lits=197
c 00h25m08s | stage:decode:start round=1 requested_int_ids=106
c 00h25m08s | stage:relaxation:done round=1 clauses_added=31 circuit_clauses_added=0 cumulative_clauses_added=0 cop_clauses_added=31 circuit_cegar_failures=0 circuit_cegar_rounds=0 circuit_cegar_added_clauses=0 cumulative_cegar_failures=0 cumulative_cegar_rounds=0 cumulative_cegar_added_clauses=0 cop_cegar_failures=18 cop_cegar_rounds=36 cop_cegar_added_clauses=428
c 00h25m08s | stage:sat:solve:start round=2 circuit_cegar_rounds=- cumulative_cegar_rounds=- cop_cegar_rounds=37 assumptions=0 phase_lits=197
c 00h25m23s | stage:sat:solve:done round=2 ms=15502 result=Sat assumptions=0 phase_lits=197
c 00h25m23s | stage:decode:start round=2 requested_int_ids=106
c 00h25m23s | stage:decode:final:start round=2 requested_int_ids=106
c 00h25m23s | stage:decode:done round=2 int_assignments=106
c 00h25m23s | stage:relaxation:done clauses_added=0 circuit_cegar_failures=0 circuit_cegar_rounds=0 circuit_cegar_added_clauses=0 cumulative_cegar_failures=0 cumulative_cegar_rounds=0 cumulative_cegar_added_clauses=0 cop_cegar_failures=18 cop_cegar_rounds=37 cop_cegar_added_clauses=428
c 00h25m23s | result:Sat
c 00h25m23s | objective:incumbent kind=improvement value=18376 rounds=19 improvements=18
o 18376
c 00h25m23s | stage:sat:init solver=CaDiCaL vars=4450772 clauses=8783985
c 00h25m23s | stage:sat:solve:start round=1 circuit_cegar_rounds=- cumulative_cegar_rounds=- cop_cegar_rounds=38 assumptions=0 phase_lits=197
c 00h25m24s | stage:sat:solve:done round=1 ms=569 result=Sat assumptions=0 phase_lits=197
c 00h25m24s | stage:decode:start round=1 requested_int_ids=106
c 00h25m24s | stage:relaxation:done round=1 clauses_added=25 circuit_clauses_added=0 cumulative_clauses_added=0 cop_clauses_added=25 circuit_cegar_failures=0 circuit_cegar_rounds=0 circuit_cegar_added_clauses=0 cumulative_cegar_failures=0 cumulative_cegar_rounds=0 cumulative_cegar_added_clauses=0 cop_cegar_failures=19 cop_cegar_rounds=38 cop_cegar_added_clauses=453
c 00h25m24s | stage:sat:solve:start round=2 circuit_cegar_rounds=- cumulative_cegar_rounds=- cop_cegar_rounds=39 assumptions=0 phase_lits=197
c 00h25m52s | stage:sat:solve:done round=2 ms=28073 result=Sat assumptions=0 phase_lits=197
c 00h25m52s | stage:decode:start round=2 requested_int_ids=106
c 00h25m52s | stage:decode:final:start round=2 requested_int_ids=106
c 00h25m52s | stage:decode:done round=2 int_assignments=106
c 00h25m52s | stage:relaxation:done clauses_added=0 circuit_cegar_failures=0 circuit_cegar_rounds=0 circuit_cegar_added_clauses=0 cumulative_cegar_failures=0 cumulative_cegar_rounds=0 cumulative_cegar_added_clauses=0 cop_cegar_failures=19 cop_cegar_rounds=39 cop_cegar_added_clauses=453
c 00h25m52s | result:Sat
c 00h25m52s | objective:incumbent kind=improvement value=22350 rounds=20 improvements=19
o 22350
c 00h25m52s | stage:sat:init solver=CaDiCaL vars=4450772 clauses=8783985
c 00h25m52s | stage:sat:solve:start round=1 circuit_cegar_rounds=- cumulative_cegar_rounds=- cop_cegar_rounds=40 assumptions=0 phase_lits=197
c 00h25m53s | stage:sat:solve:done round=1 ms=578 result=Sat assumptions=0 phase_lits=197
c 00h25m53s | stage:decode:start round=1 requested_int_ids=106
c 00h25m53s | stage:relaxation:done round=1 clauses_added=27 circuit_clauses_added=0 cumulative_clauses_added=0 cop_clauses_added=27 circuit_cegar_failures=0 circuit_cegar_rounds=0 circuit_cegar_added_clauses=0 cumulative_cegar_failures=0 cumulative_cegar_rounds=0 cumulative_cegar_added_clauses=0 cop_cegar_failures=20 cop_cegar_rounds=40 cop_cegar_added_clauses=480
c 00h25m53s | stage:sat:solve:start round=2 circuit_cegar_rounds=- cumulative_cegar_rounds=- cop_cegar_rounds=41 assumptions=0 phase_lits=197
c 00h25m55s | stage:sat:solve:done round=2 ms=1947 result=Sat assumptions=0 phase_lits=197
c 00h25m55s | stage:decode:start round=2 requested_int_ids=106
c 00h25m55s | stage:decode:final:start round=2 requested_int_ids=106
c 00h25m55s | stage:decode:done round=2 int_assignments=106
c 00h25m55s | stage:relaxation:done clauses_added=0 circuit_cegar_failures=0 circuit_cegar_rounds=0 circuit_cegar_added_clauses=0 cumulative_cegar_failures=0 cumulative_cegar_rounds=0 cumulative_cegar_added_clauses=0 cop_cegar_failures=20 cop_cegar_rounds=41 cop_cegar_added_clauses=480
c 00h25m55s | result:Sat
c 00h25m55s | objective:incumbent kind=improvement value=30169 rounds=21 improvements=20
o 30169
c 00h25m55s | stage:sat:init solver=CaDiCaL vars=4450772 clauses=8783985
c 00h25m55s | stage:sat:solve:start round=1 circuit_cegar_rounds=- cumulative_cegar_rounds=- cop_cegar_rounds=42 assumptions=0 phase_lits=197
c 00h25m55s | stage:sat:solve:done round=1 ms=452 result=Sat assumptions=0 phase_lits=197
c 00h25m55s | stage:decode:start round=1 requested_int_ids=106
c 00h25m55s | stage:relaxation:done round=1 clauses_added=26 circuit_clauses_added=0 cumulative_clauses_added=0 cop_clauses_added=26 circuit_cegar_failures=0 circuit_cegar_rounds=0 circuit_cegar_added_clauses=0 cumulative_cegar_failures=0 cumulative_cegar_rounds=0 cumulative_cegar_added_clauses=0 cop_cegar_failures=21 cop_cegar_rounds=42 cop_cegar_added_clauses=506
c 00h25m55s | stage:sat:solve:start round=2 circuit_cegar_rounds=- cumulative_cegar_rounds=- cop_cegar_rounds=43 assumptions=0 phase_lits=197
c 00h25m56s | stage:sat:solve:done round=2 ms=410 result=Sat assumptions=0 phase_lits=197
c 00h25m56s | stage:decode:start round=2 requested_int_ids=106
c 00h25m56s | stage:decode:final:start round=2 requested_int_ids=106
c 00h25m56s | stage:decode:done round=2 int_assignments=106
c 00h25m56s | stage:relaxation:done clauses_added=0 circuit_cegar_failures=0 circuit_cegar_rounds=0 circuit_cegar_added_clauses=0 cumulative_cegar_failures=0 cumulative_cegar_rounds=0 cumulative_cegar_added_clauses=0 cop_cegar_failures=21 cop_cegar_rounds=43 cop_cegar_added_clauses=506
c 00h25m56s | result:Sat
c 00h25m56s | objective:incumbent kind=improvement value=30170 rounds=22 improvements=21
o 30170
c 00h25m56s | stage:sat:init solver=CaDiCaL vars=4450772 clauses=8783985
c 00h25m56s | stage:sat:solve:start round=1 circuit_cegar_rounds=- cumulative_cegar_rounds=- cop_cegar_rounds=44 assumptions=0 phase_lits=197
c 00h25m56s | stage:sat:solve:done round=1 ms=434 result=Sat assumptions=0 phase_lits=197
c 00h25m56s | stage:decode:start round=1 requested_int_ids=106
c 00h25m56s | stage:relaxation:done round=1 clauses_added=28 circuit_clauses_added=0 cumulative_clauses_added=0 cop_clauses_added=28 circuit_cegar_failures=0 circuit_cegar_rounds=0 circuit_cegar_added_clauses=0 cumulative_cegar_failures=0 cumulative_cegar_rounds=0 cumulative_cegar_added_clauses=0 cop_cegar_failures=22 cop_cegar_rounds=44 cop_cegar_added_clauses=534
c 00h25m56s | stage:sat:solve:start round=2 circuit_cegar_rounds=- cumulative_cegar_rounds=- cop_cegar_rounds=45 assumptions=0 phase_lits=197
c 00h25m57s | stage:sat:solve:done round=2 ms=499 result=Sat assumptions=0 phase_lits=197
c 00h25m57s | stage:decode:start round=2 requested_int_ids=106
c 00h25m57s | stage:decode:final:start round=2 requested_int_ids=106
c 00h25m57s | stage:decode:done round=2 int_assignments=106
c 00h25m57s | stage:relaxation:done clauses_added=0 circuit_cegar_failures=0 circuit_cegar_rounds=0 circuit_cegar_added_clauses=0 cumulative_cegar_failures=0 cumulative_cegar_rounds=0 cumulative_cegar_added_clauses=0 cop_cegar_failures=22 cop_cegar_rounds=45 cop_cegar_added_clauses=534
c 00h25m57s | result:Sat
c 00h25m57s | objective:incumbent kind=improvement value=30175 rounds=23 improvements=22
o 30175
c 00h25m57s | stage:sat:init solver=CaDiCaL vars=4450772 clauses=8783985
c 00h25m57s | stage:sat:solve:start round=1 circuit_cegar_rounds=- cumulative_cegar_rounds=- cop_cegar_rounds=46 assumptions=0 phase_lits=197
c 00h25m57s | stage:sat:solve:done round=1 ms=454 result=Sat assumptions=0 phase_lits=197
c 00h25m57s | stage:decode:start round=1 requested_int_ids=106
c 00h25m57s | stage:relaxation:done round=1 clauses_added=20 circuit_clauses_added=0 cumulative_clauses_added=0 cop_clauses_added=20 circuit_cegar_failures=0 circuit_cegar_rounds=0 circuit_cegar_added_clauses=0 cumulative_cegar_failures=0 cumulative_cegar_rounds=0 cumulative_cegar_added_clauses=0 cop_cegar_failures=23 cop_cegar_rounds=46 cop_cegar_added_clauses=554
c 00h25m57s | stage:sat:solve:start round=2 circuit_cegar_rounds=- cumulative_cegar_rounds=- cop_cegar_rounds=47 assumptions=0 phase_lits=197
c 00h25m58s | stage:sat:solve:done round=2 ms=1058 result=Sat assumptions=0 phase_lits=197
c 00h25m58s | stage:decode:start round=2 requested_int_ids=106
c 00h25m58s | stage:decode:final:start round=2 requested_int_ids=106
c 00h25m58s | stage:decode:done round=2 int_assignments=106
c 00h25m58s | stage:relaxation:done clauses_added=0 circuit_cegar_failures=0 circuit_cegar_rounds=0 circuit_cegar_added_clauses=0 cumulative_cegar_failures=0 cumulative_cegar_rounds=0 cumulative_cegar_added_clauses=0 cop_cegar_failures=23 cop_cegar_rounds=47 cop_cegar_added_clauses=554
c 00h25m58s | result:Sat
c 00h25m58s | objective:incumbent kind=improvement value=30189 rounds=24 improvements=23
o 30189
c 00h25m58s | stage:sat:init solver=CaDiCaL vars=4450772 clauses=8783985
c 00h25m58s | stage:sat:solve:start round=1 circuit_cegar_rounds=- cumulative_cegar_rounds=- cop_cegar_rounds=48 assumptions=0 phase_lits=197
c 00h25m59s | stage:sat:solve:done round=1 ms=438 result=Sat assumptions=0 phase_lits=197
c 00h25m59s | stage:decode:start round=1 requested_int_ids=106
c 00h25m59s | stage:relaxation:done round=1 clauses_added=27 circuit_clauses_added=0 cumulative_clauses_added=0 cop_clauses_added=27 circuit_cegar_failures=0 circuit_cegar_rounds=0 circuit_cegar_added_clauses=0 cumulative_cegar_failures=0 cumulative_cegar_rounds=0 cumulative_cegar_added_clauses=0 cop_cegar_failures=24 cop_cegar_rounds=48 cop_cegar_added_clauses=581
c 00h25m59s | stage:sat:solve:start round=2 circuit_cegar_rounds=- cumulative_cegar_rounds=- cop_cegar_rounds=49 assumptions=0 phase_lits=197
c 00h26m00s | stage:sat:solve:done round=2 ms=1081 result=Sat assumptions=0 phase_lits=197
c 00h26m00s | stage:decode:start round=2 requested_int_ids=106
c 00h26m00s | stage:decode:final:start round=2 requested_int_ids=106
c 00h26m00s | stage:decode:done round=2 int_assignments=106
c 00h26m00s | stage:relaxation:done clauses_added=0 circuit_cegar_failures=0 circuit_cegar_rounds=0 circuit_cegar_added_clauses=0 cumulative_cegar_failures=0 cumulative_cegar_rounds=0 cumulative_cegar_added_clauses=0 cop_cegar_failures=24 cop_cegar_rounds=49 cop_cegar_added_clauses=581
c 00h26m00s | result:Sat
c 00h26m00s | objective:incumbent kind=improvement value=32226 rounds=25 improvements=24
o 32226
c 00h26m00s | stage:sat:init solver=CaDiCaL vars=4450772 clauses=8783985
c 00h26m00s | stage:sat:solve:start round=1 circuit_cegar_rounds=- cumulative_cegar_rounds=- cop_cegar_rounds=50 assumptions=0 phase_lits=197
c 00h26m00s | stage:sat:solve:done round=1 ms=431 result=Sat assumptions=0 phase_lits=197
c 00h26m00s | stage:decode:start round=1 requested_int_ids=106
c 00h26m00s | stage:relaxation:done round=1 clauses_added=28 circuit_clauses_added=0 cumulative_clauses_added=0 cop_clauses_added=28 circuit_cegar_failures=0 circuit_cegar_rounds=0 circuit_cegar_added_clauses=0 cumulative_cegar_failures=0 cumulative_cegar_rounds=0 cumulative_cegar_added_clauses=0 cop_cegar_failures=25 cop_cegar_rounds=50 cop_cegar_added_clauses=609
c 00h26m00s | stage:sat:solve:start round=2 circuit_cegar_rounds=- cumulative_cegar_rounds=- cop_cegar_rounds=51 assumptions=0 phase_lits=197
c 00h26m34s | stage:sat:solve:done round=2 ms=33542 result=Sat assumptions=0 phase_lits=197
c 00h26m34s | stage:decode:start round=2 requested_int_ids=106
c 00h26m34s | stage:decode:final:start round=2 requested_int_ids=106
c 00h26m34s | stage:decode:done round=2 int_assignments=106
c 00h26m34s | stage:relaxation:done clauses_added=0 circuit_cegar_failures=0 circuit_cegar_rounds=0 circuit_cegar_added_clauses=0 cumulative_cegar_failures=0 cumulative_cegar_rounds=0 cumulative_cegar_added_clauses=0 cop_cegar_failures=25 cop_cegar_rounds=51 cop_cegar_added_clauses=609
c 00h26m34s | result:Sat
c 00h26m34s | objective:incumbent kind=improvement value=32255 rounds=26 improvements=25
o 32255
c 00h26m34s | stage:sat:init solver=CaDiCaL vars=4450772 clauses=8783985
c 00h26m34s | stage:sat:solve:start round=1 circuit_cegar_rounds=- cumulative_cegar_rounds=- cop_cegar_rounds=52 assumptions=0 phase_lits=197
c 00h26m34s | stage:sat:solve:done round=1 ms=606 result=Sat assumptions=0 phase_lits=197
c 00h26m34s | stage:decode:start round=1 requested_int_ids=106
c 00h26m34s | stage:relaxation:done round=1 clauses_added=14 circuit_clauses_added=0 cumulative_clauses_added=0 cop_clauses_added=14 circuit_cegar_failures=0 circuit_cegar_rounds=0 circuit_cegar_added_clauses=0 cumulative_cegar_failures=0 cumulative_cegar_rounds=0 cumulative_cegar_added_clauses=0 cop_cegar_failures=26 cop_cegar_rounds=52 cop_cegar_added_clauses=623
c 00h26m34s | stage:sat:solve:start round=2 circuit_cegar_rounds=- cumulative_cegar_rounds=- cop_cegar_rounds=53 assumptions=0 phase_lits=197
c 00h26m47s | stage:sat:solve:done round=2 ms=12312 result=Sat assumptions=0 phase_lits=197
c 00h26m47s | stage:decode:start round=2 requested_int_ids=106
c 00h26m47s | stage:decode:final:start round=2 requested_int_ids=106
c 00h26m47s | stage:decode:done round=2 int_assignments=106
c 00h26m47s | stage:relaxation:done clauses_added=0 circuit_cegar_failures=0 circuit_cegar_rounds=0 circuit_cegar_added_clauses=0 cumulative_cegar_failures=0 cumulative_cegar_rounds=0 cumulative_cegar_added_clauses=0 cop_cegar_failures=26 cop_cegar_rounds=53 cop_cegar_added_clauses=623
c 00h26m47s | result:Sat
c 00h26m47s | objective:incumbent kind=improvement value=36012 rounds=27 improvements=26
o 36012
c 00h26m47s | stage:sat:init solver=CaDiCaL vars=4450772 clauses=8783985
c 00h26m47s | stage:sat:solve:start round=1 circuit_cegar_rounds=- cumulative_cegar_rounds=- cop_cegar_rounds=54 assumptions=0 phase_lits=197
c 00h26m47s | stage:sat:solve:done round=1 ms=593 result=Sat assumptions=0 phase_lits=197
c 00h26m47s | stage:decode:start round=1 requested_int_ids=106
c 00h26m47s | stage:relaxation:done round=1 clauses_added=25 circuit_clauses_added=0 cumulative_clauses_added=0 cop_clauses_added=25 circuit_cegar_failures=0 circuit_cegar_rounds=0 circuit_cegar_added_clauses=0 cumulative_cegar_failures=0 cumulative_cegar_rounds=0 cumulative_cegar_added_clauses=0 cop_cegar_failures=27 cop_cegar_rounds=54 cop_cegar_added_clauses=648
c 00h26m47s | stage:sat:solve:start round=2 circuit_cegar_rounds=- cumulative_cegar_rounds=- cop_cegar_rounds=55 assumptions=0 phase_lits=197
c 00h26m55s | stage:sat:solve:done round=2 ms=7500 result=Sat assumptions=0 phase_lits=197
c 00h26m55s | stage:decode:start round=2 requested_int_ids=106
c 00h26m55s | stage:decode:final:start round=2 requested_int_ids=106
c 00h26m55s | stage:decode:done round=2 int_assignments=106
c 00h26m55s | stage:relaxation:done clauses_added=0 circuit_cegar_failures=0 circuit_cegar_rounds=0 circuit_cegar_added_clauses=0 cumulative_cegar_failures=0 cumulative_cegar_rounds=0 cumulative_cegar_added_clauses=0 cop_cegar_failures=27 cop_cegar_rounds=55 cop_cegar_added_clauses=648
c 00h26m55s | result:Sat
c 00h26m55s | objective:incumbent kind=improvement value=36329 rounds=28 improvements=27
o 36329
c 00h26m55s | stage:sat:init solver=CaDiCaL vars=4450772 clauses=8783985
c 00h26m55s | stage:sat:solve:start round=1 circuit_cegar_rounds=- cumulative_cegar_rounds=- cop_cegar_rounds=56 assumptions=0 phase_lits=197
c 00h26m55s | stage:sat:solve:done round=1 ms=585 result=Sat assumptions=0 phase_lits=197
c 00h26m55s | stage:decode:start round=1 requested_int_ids=106
c 00h26m55s | stage:relaxation:done round=1 clauses_added=25 circuit_clauses_added=0 cumulative_clauses_added=0 cop_clauses_added=25 circuit_cegar_failures=0 circuit_cegar_rounds=0 circuit_cegar_added_clauses=0 cumulative_cegar_failures=0 cumulative_cegar_rounds=0 cumulative_cegar_added_clauses=0 cop_cegar_failures=28 cop_cegar_rounds=56 cop_cegar_added_clauses=673
c 00h26m55s | stage:sat:solve:start round=2 circuit_cegar_rounds=- cumulative_cegar_rounds=- cop_cegar_rounds=57 assumptions=0 phase_lits=197
c 00h27m01s | stage:sat:solve:done round=2 ms=5518 result=Sat assumptions=0 phase_lits=197
c 00h27m01s | stage:decode:start round=2 requested_int_ids=106
c 00h27m01s | stage:decode:final:start round=2 requested_int_ids=106
c 00h27m01s | stage:decode:done round=2 int_assignments=106
c 00h27m01s | stage:relaxation:done clauses_added=0 circuit_cegar_failures=0 circuit_cegar_rounds=0 circuit_cegar_added_clauses=0 cumulative_cegar_failures=0 cumulative_cegar_rounds=0 cumulative_cegar_added_clauses=0 cop_cegar_failures=28 cop_cegar_rounds=57 cop_cegar_added_clauses=673
c 00h27m01s | result:Sat
c 00h27m01s | objective:incumbent kind=improvement value=36341 rounds=29 improvements=28
o 36341
c 00h27m01s | stage:sat:init solver=CaDiCaL vars=4450772 clauses=8783985
c 00h27m01s | stage:sat:solve:start round=1 circuit_cegar_rounds=- cumulative_cegar_rounds=- cop_cegar_rounds=58 assumptions=0 phase_lits=197
c 00h27m01s | stage:sat:solve:done round=1 ms=570 result=Sat assumptions=0 phase_lits=197
c 00h27m01s | stage:decode:start round=1 requested_int_ids=106
c 00h27m01s | stage:relaxation:done round=1 clauses_added=26 circuit_clauses_added=0 cumulative_clauses_added=0 cop_clauses_added=26 circuit_cegar_failures=0 circuit_cegar_rounds=0 circuit_cegar_added_clauses=0 cumulative_cegar_failures=0 cumulative_cegar_rounds=0 cumulative_cegar_added_clauses=0 cop_cegar_failures=29 cop_cegar_rounds=58 cop_cegar_added_clauses=699
c 00h27m02s | stage:sat:solve:start round=2 circuit_cegar_rounds=- cumulative_cegar_rounds=- cop_cegar_rounds=59 assumptions=0 phase_lits=197
s SATISFIABLE
o 36341
v <instantiation>
v   <list> x[0] x[1] x[2] x[3] x[4] x[5] x[6] x[7] x[8] x[9] x[10] x[11] x[12] x[13] x[14] x[15] x[16] x[17] x[18] x[19] x[20] x[21] x[22] x[23] x[24] x[25] x[26] x[27] x[28] x[29] x[30] x[31] x[32] x[33] x[34] x[35] x[36] x[37] x[38] x[39] x[40] x[41] x[42] x[43] x[44] x[45] x[46] x[47] x[48] x[49] x[50] x[51] x[52] x[53] x[54] x[55] x[56] x[57] x[58] x[59] x[60] x[61] x[62] x[63] x[64] x[65] x[66] x[67] x[68] x[69] x[70] x[71] x[72] x[73] x[74] x[75] x[76] x[77] x[78] x[79] x[80] x[81] x[82] x[83] x[84] x[85] x[86] x[87] x[88] x[89] x[90] x[91] x[92] x[93] x[94] x[95] x[96] x[97] x[98] x[99] w[0] w[1] w[2] w[3] w[4] z </list>
v   <values> 0 0 0 1 1 1 1 1 1 1 0 0 1 1 0 1 1 0 0 1 0 0 1 0 1 0 0 1 0 0 1 0 0 0 1 0 1 1 1 0 0 1 0 0 0 0 1 1 1 1 0 0 1 1 0 0 1 0 1 0 0 1 0 0 1 1 0 0 1 0 1 0 0 1 1 1 1 1 0 1 0 1 1 1 0 0 1 0 0 1 1 1 1 0 1 1 0 1 0 1 36577 36182 38612 37338 36798 36341 </values>
v </instantiation>
d OBJECTIVE_VALUE 36341
d OPTIMAL 0
d OBJECTIVE_ROUNDS 29
d OBJECTIVE_IMPROVEMENTS 28
d COP_INCUMBENT_ELAPSED_MS 1621421
d SOLVE_ELAPSED_MS 1799968
d CURRENT_STAGE sat
d CURRENT_STAGE_ELAPSED_MS 177936
d LAST_COMPLETED_STAGE relaxation
d STAGE_PROPAGATE_STATUS done
d STAGE_NORMALIZE_STATUS done
d STAGE_LOWER_STATUS done
d STAGE_POST_LOWER_STATUS done
d STAGE_PREENCODE_STATUS done
d STAGE_ENCODE_STATUS done
d STAGE_SAT_STATUS running
d STAGE_DECODE_STATUS done
d STAGE_RELAXATION_STATUS done
d STAGE_DUMP_CNF_STATUS pending
d SOURCE_CONSTRAINTS 6
d NORMALIZED_CONSTRAINTS 6
d LOWERED_CONSTRAINTS 6
d UNSUPPORTED_CONSTRAINTS 0
d SAT_VARS 4450772
d SAT_CLAUSES_BASE 8783985
d SAT_CLAUSES_FINAL 8784684
d SAT_CLAUSES_CEGAR_DELTA 699
d MEMORY_RSS_BYTES 1977720832
d MEMORY_RSS_AFTER_PROPAGATE_BYTES 3063808
d MEMORY_RSS_AFTER_LOWER_BYTES 3604480
d MEMORY_RSS_AFTER_POST_LOWER_BYTES 5099520
d MEMORY_RSS_BEFORE_PREENCODE_BYTES 5099520
d MEMORY_RSS_AFTER_PREENCODE_BYTES 5099520
d MEMORY_RSS_BEFORE_ENCODE_BYTES 5099520
d MEMORY_RSS_ENCODE_SAMPLE_INTERVAL_CLAUSES 1000000
d MEMORY_RSS_ENCODE_SAMPLE_COUNT 8
d MEMORY_RSS_ENCODE_LAST_SAMPLE_CLAUSE 8000000
d MEMORY_RSS_ENCODE_LAST_SAMPLE_BYTES 1977720832
d MEMORY_RSS_ENCODE_MAX_SAMPLE_BYTES 1977720832
d SAT_CONFLICTS 33637
d LINEAR_INT_EQ_ARITY_STATS {"101":{"count":1,"max_domain_product_excluding_one_var":"1267650600228229401496703205376","p95_domain_product_excluding_one_var":"1267650600228229401496703205376"}}
d LINEAR_INT_NE_ARITY_STATS {}
d LINEAR_INT_GE_ARITY_STATS {"101":{"count":10,"max_domain_product_excluding_one_var":"1267650600228229401496703205376","p95_domain_product_excluding_one_var":"1267650600228229401496703205376"}}
d LINEAR_BOOL_MIXED_ARITY_STATS {}
d ROOT_LP_ENTERED 0
d ROOT_LP_STATUS skipped
d ROOT_LP_MS 0
d ROOT_LP_REASON --no-root-lp-bound
d PROPAGATE_PRUNED_VALUES 0
d PROPAGATE_CHANGED_DOMAINS 0
d PROPAGATE_ENTAILED_TABLES 0
d POST_LOWER_ROUNDS 0
d POST_LOWER_TIGHTENED_DOMAINS 0
d POST_LOWER_REMOVED_CLAUSES 0
d POST_LOWER_REMOVED_LITS 0
d POST_LOWER_DETECTED_UNSAT 0
d PREENCODE_INT_VARS 106
d ENCODE_EXTERNAL_GE_SPECS 0
d ENCODE_RELAXED_CIRCUITS 0
d LOG_SCOP_LINEAR_PB_CONSTRAINTS 8
d LOG_SCOP_LINEAR_PB_MIXED_DISPATCH_CONSTRAINTS 0
d LOG_SCOP_LINEAR_PB_MIXED_ATTEMPT_BDD 0
d LOG_SCOP_LINEAR_PB_MIXED_ATTEMPT_SORTER 0
d LOG_SCOP_LINEAR_PB_MIXED_ATTEMPT_DADDA 0
d LOG_SCOP_LINEAR_PB_MIXED_REJECT_BDD_BUDGET 0
d LOG_SCOP_LINEAR_PB_MIXED_REJECT_SORTER_BUDGET 0
d LOG_SCOP_LINEAR_PB_MIXED_FALLBACK_BDD_TO_SORTER 0
d LOG_SCOP_LINEAR_PB_MIXED_FALLBACK_BDD_TO_DADDA 0
d LOG_SCOP_LINEAR_PB_MIXED_FALLBACK_SORTER_TO_BDD 0
d LOG_SCOP_LINEAR_PB_MIXED_FALLBACK_SORTER_TO_DADDA 0
d LOG_SCOP_LINEAR_PB_BACKEND_BDD2 8
d LOG_SCOP_LINEAR_PB_BACKEND_BDD3 0
d LOG_SCOP_LINEAR_PB_BACKEND_SORTER 0
d LOG_SCOP_LINEAR_PB_BACKEND_DADDA 0
d LOG_SCOP_LINEAR_PB_BDD_DECOMPOSITION_RAW 8
d LOG_SCOP_LINEAR_PB_BDD_DECOMPOSITION_BINARY 0
d LOG_SCOP_LINEAR_PB_BDD_DECOMPOSITION_MULTIBASE 0
d MEMORY_RSS_BYTES 1977720832
d MEMORY_RSS_AFTER_PROPAGATE_BYTES 3063808
d MEMORY_RSS_AFTER_LOWER_BYTES 3604480
d MEMORY_RSS_AFTER_POST_LOWER_BYTES 5099520
d MEMORY_RSS_BEFORE_PREENCODE_BYTES 5099520
d MEMORY_RSS_AFTER_PREENCODE_BYTES 5099520
d MEMORY_RSS_BEFORE_ENCODE_BYTES 5099520
d MEMORY_RSS_ENCODE_SAMPLE_INTERVAL_CLAUSES 1000000
d MEMORY_RSS_ENCODE_SAMPLE_COUNT 8
d MEMORY_RSS_ENCODE_LAST_SAMPLE_CLAUSE 8000000
d MEMORY_RSS_ENCODE_LAST_SAMPLE_BYTES 1977720832
d MEMORY_RSS_ENCODE_MAX_SAMPLE_BYTES 1977720832
d DECODE_INT_ASSIGNMENTS 106
d CIRCUIT_CEGAR_FAILURES 0
d CIRCUIT_CEGAR_ROUNDS 0
d CIRCUIT_CEGAR_ADDED_CLAUSES 0
d CUMULATIVE_CEGAR_FAILURES 0
d CUMULATIVE_CEGAR_ROUNDS 0
d CUMULATIVE_CEGAR_ADDED_CLAUSES 0
d COP_CEGAR_FAILURES 29
d COP_CEGAR_ROUNDS 59
d COP_CEGAR_ADDED_CLAUSES 699
d CSV /bench/competition/2022-2025/COP22to25/GeneralizedMKP-0-OR05x100-75-1_c23.xml.lzma,sat,6,6,6,0,4450772,8784684,1799966,,,,,,,0,skipped,,,,,,0,,,,,,,timeout_signal,incumbent_interrupted_by_signal
signal=15; emitted incumbent csv row
