# WCTIME: wall clock time in seconds
WCTIME=47.716
# CPUTIME: CPU time in seconds (USERTIME+SYSTEMTIME)
CPUTIME=47.4328
# USERTIME: CPU time spent in user mode in seconds
USERTIME=46.3998
# SYSTEMTIME: CPU time spent in system mode in seconds
SYSTEMTIME=1.03304
# CPUUSAGE: CPUTIME/WCTIME in percent
CPUUSAGE=99.4066
# MAXVM: maximum virtual memory used in KiB
MAXVM=1070456
# MAXMM: maximum memory used in KiB
MAXMM=891472
# MAXRSS: maximum Resident Segment Size in KiB
MAXRSS=888380
# TIMEOUT: did the solver exceed the time limit?
TIMEOUT=false
# MEMOUT: did the solver exceed the memory limit?
MEMOUT=false
# EXITSTATUS: Exit status of the solver
EXITSTATUS=0
