c cmd: /host-parser-bin/kat_xcsp_9dea6fb2 /bench/competition/2022-2025/COP22to25/SameQueensKnights-b-50_c24.xml.lzma --encoder portfolio --portfolio-strategy v3 --cop-pipeline guarded-basic --cop-objective-cut direct-expr --cop-objective-cut-timing incremental-soft --cop-objective-cut-backend cnf --cop-objective-search trisection --table-encoding mdd-tl --cumulative-mode exact --cumulative-decomposition time-rd --progress --log-scop-linear-pb-backend auto --log-scop-bdd-decomposition auto --log-scop-aggregate-weighted-lits --order-ge-shorten-link-cost --direct-eq-ne-max-arity 2 --eq-ne-encoding direct --portfolio-log-scop-eq-ne-encoding ge-rewrite --cop-objective-phase objective-guided --cop-incumbent-bump
c version: kat-cli=0.1.0 git=unknown-clean
c run_start_local: 2026-06-15 20:18:05 +0900
c 00h00m00s | solve:start
c 00h00m00s | stage:objective-cut timing=incremental-soft backend=cnf form=direct-expr
c 00h00m00s | input: constraints=10002
c 00h00m00s | stage:propagate:start
c 00h00m00s | stage:propagate:done ms=15 pruned=0 changed_domains=0 entailed_tables=0
c 00h00m00s | memory:rss checkpoint=after_propagate bytes=69337088 rss=66.12MiB
c 00h00m00s | stage:normalize:start
c 00h00m00s | stage:normalize:done ms=0 high_constraints=10002
c 00h00m00s | stage:lower:start
c 00h00m01s | stage:lower:progress percent=10 processed=1001 total=10002 lowered=1001 unsupported=0 ms=1555
c 00h00m01s | stage:lower:progress percent=20 processed=2001 total=10002 lowered=2001 unsupported=0 ms=1559
c 00h00m01s | stage:lower:progress percent=30 processed=3001 total=10002 lowered=3001 unsupported=0 ms=1563
c 00h00m01s | stage:lower:progress percent=40 processed=4001 total=10002 lowered=4001 unsupported=0 ms=1566
c 00h00m01s | stage:lower:progress percent=50 processed=5001 total=10002 lowered=5001 unsupported=0 ms=1571
c 00h00m02s | stage:lower:progress percent=60 processed=6002 total=10002 lowered=6002 unsupported=0 ms=2829
c 00h00m04s | stage:lower:progress percent=70 processed=7002 total=10002 lowered=7002 unsupported=0 ms=4264
c 00h00m05s | stage:lower:progress percent=80 processed=8002 total=10002 lowered=8002 unsupported=0 ms=5769
c 00h00m07s | stage:lower:progress percent=90 processed=9002 total=10002 lowered=9002 unsupported=0 ms=7210
c 00h00m08s | stage:lower:progress percent=100 processed=10002 total=10002 lowered=10002 unsupported=0 ms=8460
c 00h00m08s | stage:lower:done ms=8469 lowered=10002 unsupported=0
c 00h00m08s | memory:rss checkpoint=after_lower bytes=71041024 rss=67.75MiB
c 00h00m08s | stage:post_lower:start
c 00h00m10s | stage:post_lower:done ms=1939 rounds=0 tightened=0 removed_cls=0 removed_lits=0 unsat=false precise_hits=4388 precise_rounds=1 pivot_recomputes=0 pivot_exact_attempts=0 pivot_general_attempts=0 pivot_general_rest_missing=0 pivot_general_bound_missing=0 pivot_general_no_change=0 pivot_general_tightened=0 setup_ms=1671 loop_ms=11 pivot_ms=0 pivot_version_ms=0 pivot_exact_ms=0 pivot_general_ms=0 pivot_general_prepare_ms=0 pivot_general_rest_ms=0 pivot_general_derive_ms=0 apply_ms=1 sat_ms=0 precise_ms=217
c 00h00m10s | memory:rss checkpoint=after_post_lower bytes=1203630080 rss=1.12GiB
c 00h00m10s | stage:lowered-shape int_vars=7502 bool_vars=5000 linear_atoms=20002 table_atoms=0 table_tuples=0 table_scope=0 alldiff_atoms=0 circuit_atoms=0 product_atoms=0 logical_clauses=20002
c 00h00m10s | stage:root-lp:skip reason=disabled ms=0
c 00h00m10s | memory:rss checkpoint=before_preencode bytes=1203671040 rss=1.12GiB
c 00h00m10s | stage:preencode(log-scop):start
c 00h00m10s | stage:preencode(log-scop):done ms=17 int_vars=7502
c 00h00m10s | memory:rss checkpoint=after_preencode bytes=1111834624 rss=1.04GiB
c 00h00m10s | memory:rss checkpoint=before_encode bytes=1111834624 rss=1.04GiB
c 00h00m10s | stage:encode(log-scop):start
c 00h00m10s | memory:rss checkpoint=encode_clause_sample stage=log-scop clauses=705509 bytes=1112760320 rss=1.04GiB progress_percent=10 processed=2001 total=20004
c 00h00m10s | stage:encode(log-scop):progress percent=10 processed=2001 total=20004 sat_clauses=705509 ms=299
c 00h00m10s | memory:rss checkpoint=encode_clause_sample stage=log-scop clauses=713509 bytes=1112760320 rss=1.04GiB progress_percent=20 processed=4001 total=20004
c 00h00m10s | stage:encode(log-scop):progress percent=20 processed=4001 total=20004 sat_clauses=713509 ms=300
c 00h00m11s | memory:rss checkpoint=encode_clause_sample stage=log-scop clauses=1344260 bytes=1112760320 rss=1.04GiB progress_percent=30 processed=6002 total=20004
c 00h00m11s | stage:encode(log-scop):progress percent=30 processed=6002 total=20004 sat_clauses=1344260 ms=570
c 00h00m11s | memory:rss checkpoint=encode_clause_sample stage=log-scop clauses=1348260 bytes=1112760320 rss=1.04GiB progress_percent=40 processed=8002 total=20004
c 00h00m11s | stage:encode(log-scop):progress percent=40 processed=8002 total=20004 sat_clauses=1348260 ms=572
c 00h00m11s | memory:rss checkpoint=encode_clause_sample stage=log-scop clauses=1352260 bytes=1112760320 rss=1.04GiB progress_percent=50 processed=10002 total=20004
c 00h00m11s | stage:encode(log-scop):progress percent=50 processed=10002 total=20004 sat_clauses=1352260 ms=574
c 00h00m11s | memory:rss checkpoint=encode_clause_sample stage=log-scop clauses=1393929 bytes=1113018368 rss=1.04GiB progress_percent=60 processed=12003 total=20004
c 00h00m11s | stage:encode(log-scop):progress percent=60 processed=12003 total=20004 sat_clauses=1393929 ms=595
c 00h00m11s | memory:rss checkpoint=encode_clause_sample stage=log-scop clauses=1435769 bytes=1113018368 rss=1.04GiB progress_percent=70 processed=14003 total=20004
c 00h00m11s | stage:encode(log-scop):progress percent=70 processed=14003 total=20004 sat_clauses=1435769 ms=604
c 00h00m41s | memory:rss checkpoint=encode_clause_sample stage=log-scop clauses=74435293 bytes=14069260288 rss=13.10GiB progress_percent=80 processed=16004 total=20004
c 00h00m41s | stage:encode(log-scop):progress percent=80 processed=16004 total=20004 sat_clauses=74435293 ms=30619
c 00h01m55s | memory:rss checkpoint=encode_clause_sample stage=log-scop clauses=247911825 bytes=50636480512 rss=47.16GiB progress_percent=90 processed=18004 total=20004
c 00h01m55s | stage:encode(log-scop):progress percent=90 processed=18004 total=20004 sat_clauses=247911825 ms=105013
c 00h03m17s | memory:rss checkpoint=encode_clause_sample stage=log-scop clauses=405291916 bytes=91507965952 rss=85.22GiB progress_percent=100 processed=20004 total=20004
c 00h03m17s | stage:encode(log-scop):progress percent=100 processed=20004 total=20004 sat_clauses=405291916 ms=186759
c 00h03m17s | stage:encode(log-scop):done ms=186847 sat_vars=203547734 sat_clauses=405291916 ext_ge_specs=0 relaxed_circuits=0 log_scop_pb_constraints=30006 log_scop_pb_mixed=0 log_scop_pb_bdd2=30006 log_scop_pb_bdd3=0 log_scop_pb_sorter=0 log_scop_pb_dadda=0 log_scop_bdd_raw=30006 log_scop_bdd_binary=0 log_scop_bdd_multibase=0
c 00h03m17s | stage:objective-cut timing=incremental-soft backend=cnf form=direct-expr
c 00h03m17s | stage:sat:init solver=CaDiCaL vars=203547734 clauses=405291916
c 00h03m17s | stage:sat:solve:start assumptions=0 phase_lits=0
c 00h08m03s | stage:sat:solve:done ms=285224 result=Sat assumptions=0 phase_lits=0
c 00h08m03s | stage:decode:start
c 00h08m07s | stage:decode:done int_assignments=7502
c 00h08m07s | result:Sat
c 00h08m07s | objective:incumbent kind=initial value=46 rounds=1 improvements=0
o 46
c objective-cut:rss-guard enabled=false
c 00h08m14s | stage:objective-cut:soft-install bound=83 guard=203582349 clauses_added=72795
c 00h08m14s | stage:objective-cut:soft-probe search=trisection [LB,UB] = [47,100] next 83 source=install guard=203582349
c 00h08m14s | stage:sat:init solver=CaDiCaL vars=203582349 clauses=405364711
c 00h08m14s | stage:sat:solve:start assumptions=1 phase_lits=39616
