c cmd: /host-parser-bin/kat_xcsp_4415b637_dirty_incsoftfix /bench/competition/2022-2025/COP22to25/Cargo-25_c24.xml.lzma --encoder portfolio --portfolio-strategy v3 --cop-pipeline guarded-basic --cop-objective-cut direct-expr --cop-objective-cut-timing incremental-soft --cop-objective-cut-backend cnf --table-encoding mdd-tl --cumulative-mode exact --cumulative-decomposition time-rd --progress --log-scop-linear-pb-backend auto --log-scop-bdd-decomposition auto --log-scop-aggregate-weighted-lits --order-ge-shorten-link-cost --direct-eq-ne-max-arity 2 --eq-ne-encoding direct --portfolio-log-scop-eq-ne-encoding ge-rewrite --cop-objective-phase auto --cop-objective-search binary --cop-objective-search-fallback-budget 180
c version: kat-cli=0.1.0 git=unknown-clean
c run_start_local: 2026-06-17 01:31:09 +0900
c 00h00m00s | solve:start
c 00h00m00s | stage:objective-cut timing=incremental-soft backend=cnf form=direct-expr
c 00h00m00s | input: constraints=218
c 00h00m00s | stage:propagate:start
c 00h00m00s | stage:propagate:done ms=20 pruned=3092374 changed_domains=125 entailed_tables=0
c 00h00m00s | memory:rss checkpoint=after_propagate bytes=136372224 rss=130.05MiB
c 00h00m00s | stage:normalize:start
c 00h00m00s | stage:normalize:done ms=0 high_constraints=218
c 00h00m00s | stage:lower:start
c 00h00m00s | stage:lower:progress percent=10 processed=22 total=218 lowered=22 unsupported=0 ms=0
c 00h00m00s | stage:lower:progress percent=20 processed=44 total=218 lowered=44 unsupported=0 ms=0
c 00h00m00s | stage:lower:progress percent=30 processed=66 total=218 lowered=66 unsupported=0 ms=0
c 00h00m00s | stage:lower:progress percent=40 processed=88 total=218 lowered=88 unsupported=0 ms=0
c 00h00m00s | stage:lower:progress percent=50 processed=109 total=218 lowered=109 unsupported=0 ms=0
c 00h00m00s | stage:lower:progress percent=60 processed=131 total=218 lowered=131 unsupported=0 ms=0
c 00h00m00s | stage:lower:progress percent=70 processed=153 total=218 lowered=153 unsupported=0 ms=0
c 00h00m00s | stage:lower:progress percent=80 processed=175 total=218 lowered=175 unsupported=0 ms=0
c 00h00m00s | stage:lower:progress percent=90 processed=197 total=218 lowered=197 unsupported=0 ms=0
c 00h00m03s | stage:lower:progress percent=100 processed=218 total=218 lowered=218 unsupported=0 ms=3178
c 00h00m03s | stage:lower:done ms=3309 lowered=218 unsupported=0
c 00h00m03s | memory:rss checkpoint=after_lower bytes=218546176 rss=208.42MiB
c 00h00m03s | stage:post_lower:start
c 00h00m03s | stage:post_lower:done ms=180 rounds=69 tightened=78 removed_cls=29216 removed_lits=27338 unsat=false precise_hits=105 precise_rounds=1 pivot_recomputes=192 pivot_exact_attempts=28 pivot_general_attempts=164 pivot_general_rest_missing=0 pivot_general_bound_missing=0 pivot_general_no_change=145 pivot_general_tightened=19 setup_ms=90 loop_ms=71 pivot_ms=0 pivot_version_ms=0 pivot_exact_ms=0 pivot_general_ms=0 pivot_general_prepare_ms=0 pivot_general_rest_ms=0 pivot_general_derive_ms=0 apply_ms=13 sat_ms=0 precise_ms=3
c 00h00m03s | memory:rss checkpoint=after_post_lower bytes=243679232 rss=232.39MiB
c 00h00m03s | stage:lowered-shape int_vars=213 bool_vars=200835 linear_atoms=427609 table_atoms=0 table_tuples=0 table_scope=0 alldiff_atoms=0 circuit_atoms=0 product_atoms=0 logical_clauses=599095
c 00h00m03s | stage:root-lp:skip reason=disabled ms=0
c 00h00m03s | memory:rss checkpoint=before_preencode bytes=271720448 rss=259.13MiB
c 00h00m03s | stage:preencode(log-scop):start
c 00h00m03s | stage:preencode(log-scop):done ms=3 int_vars=213
c 00h00m03s | memory:rss checkpoint=after_preencode bytes=281239552 rss=268.21MiB
c 00h00m03s | memory:rss checkpoint=before_encode bytes=283607040 rss=270.47MiB
c 00h00m03s | stage:encode(log-scop):start
c 00h00m04s | memory:rss checkpoint=encode_clause_sample stage=log-scop clauses=2077941 bytes=802267136 rss=765.10MiB progress_percent=10 processed=59917 total=599167
c 00h00m04s | stage:encode(log-scop):progress percent=10 processed=59917 total=599167 sat_clauses=2077941 ms=1125
c 00h00m05s | memory:rss checkpoint=encode_clause_sample stage=log-scop clauses=3613537 bytes=1273167872 rss=1.19GiB progress_percent=20 processed=119834 total=599167
c 00h00m05s | stage:encode(log-scop):progress percent=20 processed=119834 total=599167 sat_clauses=3613537 ms=1981
c 00h00m06s | memory:rss checkpoint=encode_clause_sample stage=log-scop clauses=5170314 bytes=1432989696 rss=1.33GiB progress_percent=30 processed=179751 total=599167
c 00h00m06s | stage:encode(log-scop):progress percent=30 processed=179751 total=599167 sat_clauses=5170314 ms=2692
c 00h00m07s | memory:rss checkpoint=encode_clause_sample stage=log-scop clauses=6793033 bytes=2208055296 rss=2.06GiB progress_percent=40 processed=239667 total=599167
c 00h00m07s | stage:encode(log-scop):progress percent=40 processed=239667 total=599167 sat_clauses=6793033 ms=3739
c 00h00m08s | memory:rss checkpoint=encode_clause_sample stage=log-scop clauses=8448576 bytes=2377375744 rss=2.21GiB progress_percent=50 processed=299584 total=599167
c 00h00m08s | stage:encode(log-scop):progress percent=50 processed=299584 total=599167 sat_clauses=8448576 ms=4491
c 00h00m08s | memory:rss checkpoint=encode_clause_sample stage=log-scop clauses=10084231 bytes=2549899264 rss=2.37GiB progress_percent=60 processed=359501 total=599167
c 00h00m08s | stage:encode(log-scop):progress percent=60 processed=359501 total=599167 sat_clauses=10084231 ms=5260
c 00h00m10s | memory:rss checkpoint=encode_clause_sample stage=log-scop clauses=11740391 bytes=3949043712 rss=3.68GiB progress_percent=70 processed=419417 total=599167
c 00h00m10s | stage:encode(log-scop):progress percent=70 processed=419417 total=599167 sat_clauses=11740391 ms=6709
c 00h00m11s | memory:rss checkpoint=encode_clause_sample stage=log-scop clauses=13357641 bytes=4094115840 rss=3.81GiB progress_percent=80 processed=479334 total=599167
c 00h00m11s | stage:encode(log-scop):progress percent=80 processed=479334 total=599167 sat_clauses=13357641 ms=7435
c 00h00m11s | memory:rss checkpoint=encode_clause_sample stage=log-scop clauses=14923458 bytes=4260536320 rss=3.97GiB progress_percent=90 processed=539251 total=599167
c 00h00m11s | stage:encode(log-scop):progress percent=90 processed=539251 total=599167 sat_clauses=14923458 ms=8161
c 00h00m12s | memory:rss checkpoint=encode_clause_sample stage=log-scop clauses=16425034 bytes=4422586368 rss=4.12GiB progress_percent=100 processed=599167 total=599167
c 00h00m12s | stage:encode(log-scop):progress percent=100 processed=599167 total=599167 sat_clauses=16425034 ms=8859
c 00h00m12s | stage:encode(log-scop):done ms=8866 sat_vars=10946691 sat_clauses=16425034 ext_ge_specs=0 relaxed_circuits=0 log_scop_pb_constraints=771485 log_scop_pb_mixed=0 log_scop_pb_bdd2=771485 log_scop_pb_bdd3=0 log_scop_pb_sorter=0 log_scop_pb_dadda=0 log_scop_bdd_raw=771485 log_scop_bdd_binary=0 log_scop_bdd_multibase=0
c 00h00m12s | stage:post-encode(log-scop):start sat_vars=10946691 sat_clauses=16425034 has_relaxations=false external_tables=0
c 00h00m12s | stage:post-encode(log-scop):after-finish-check ms=0
c 00h00m12s | stage:post-encode(log-scop):decode-layout-ready int_symbols=213 ms=39
c 00h00m12s | stage:post-encode(log-scop):cumulative-external-ready has_prop=true ms=39
c 00h00m12s | stage:post-encode(log-scop):log-scop-external-ready has_prop=false ms=39
c 00h00m12s | stage:post-encode(log-scop):external-prop-connected has_prop=true ms=56
c 00h00m12s | stage:post-encode(log-scop):done sat_vars=10946691 sat_clauses=16425034 ms=56
c 00h00m12s | stage:post-encode(log-scop):reusable-ready mode=SoftCnf sat_vars=10946691
c 00h00m12s | stage:objective-external-ge-template(log-scop):start cut=DirectExpr wants_ext_ge=false
c 00h00m12s | stage:objective-external-ge-template(log-scop):done has_template=true ms=45
c 00h00m12s | stage:objective-mode(log-scop):resolved mode=SoftCnf wants_ext_ge=false has_ext_ge_template=true
c 00h00m12s | stage:objective-cut timing=incremental-soft backend=cnf form=direct-expr
c 00h00m12s | stage:objective-encoder(log-scop):ready mode=SoftCnf soft=true sat_vars=10946691
c 00h00m12s | stage:objective-loop:enter encoder=log-scop mode=SoftCnf lower=-170377 upper=81623 has_incumbent=false soft_active=true
c 00h00m12s | stage:sat:round-entry encoder=log-scop assumptions=0 phase_lits=0 sat_vars=10946691 base_clauses=16425034
c 00h00m12s | stage:sat:init solver=CaDiCaL vars=10946691 clauses=16425034
c 00h00m12s | stage:sat:solve:start assumptions=0 phase_lits=0
c 00h03m09s | stage:sat:solve:done ms=177128 result=Sat assumptions=0 phase_lits=0
c 00h03m09s | stage:decode:start
c 00h03m09s | stage:decode:done int_assignments=169
c 00h03m09s | result:Sat
c 00h03m09s | stage:objective-cut-surface(log-scop):start timing=after-incumbent
c 00h03m09s | stage:objective-cut-surface(log-scop):done has_surface=true ms=0
c 00h03m09s | stage:objective-cut:incumbent-solution encoder=log-scop reason=surface threshold=1000000 surface=1512000 bound_mass=252000 terms=6 action=emit-solution
c 00h03m09s | objective:incumbent kind=initial value=17919 rounds=1 improvements=0
o 17919
v <instantiation>
v   <list> r_st[0] r_st[1] r_st[2] r_st[3] r_st[4] r_st[5] r_st[6] r_st[7] r_st[8] r_st[9] r_st[10] r_st[11] r_st[12] r_st[13] r_st[14] r_st[15] r_st[16] r_st[17] r_st[18] r_st[19] r_st[20] r_st[21] st[0] st[1] st[2] st[3] st[4] st[5] st[6] st[7] st[8] st[9] st[10] st[11] st[12] st[13] st[14] st[15] st[16] st[17] st[18] st[19] st[20] st[21] y[0] y[1] y[2] y[3] y[4] y[5] y[6] y[7] y[8] y[9] y[10] y[11] y[12] y[13] y[14] y[15] y[16] y[17] y[18] y[19] y[20] y[21] rt[0] rt[1] rt[2] rt[3] rt[4] rt[5] rt[6] rt[7] rt[8] rt[9] rt[10] rt[11] rt[12] rt[13] rt[14] rt[15] rt[16] rt[17] rt[18] rt[19] rt[20] rt[21] r_dt[0] r_dt[1] r_dt[2] r_dt[3] r_dt[4] r_dt[5] r_dt[6] r_dt[7] r_dt[8] r_dt[9] r_dt[10] r_dt[11] r_dt[12] r_dt[13] r_dt[14] r_dt[15] r_dt[16] r_dt[17] r_dt[18] r_dt[19] r_dt[20] r_dt[21] dt[0] dt[1] dt[2] dt[3] dt[4] dt[5] dt[6] dt[7] dt[8] dt[9] dt[10] dt[11] dt[12] dt[13] dt[14] dt[15] dt[16] dt[17] dt[18] dt[19] dt[20] dt[21] ft[0] ft[1] ft[2] ft[3] ft[4] ft[5] ft[6] ft[7] ft[8] ft[9] ft[10] ft[11] ft[12] ft[13] ft[14] y2[0] y2[1] y2[2] y2[3] y2[4] y2[5] y2[6] y2[7] y2[8] y2[9] y2[10] y2[11] y2[12] y2[13] y2[14] y2[15] y2[16] y2[17] y2[18] y2[19] y2[20] y2[21] </list>
v   <values> 5 8 9 7 11 12 11 8 11 15 19 20 11 16 16 22 23 18 23 21 23 23 7200 11520 12960 10080 15840 17280 15840 11520 15840 21600 27360 28800 15840 23040 23040 31680 33120 25920 33120 30240 33120 33120 259 1049 660 1419 895 500 38 702 965 1527 95 884 268 1275 1335 1294 673 16 1561 1138 1625 1731 15535 19709 21012 20655 25545 25943 25013 26145 28258 28842 35265 36185 30325 31354 30813 39361 40350 41256 41543 40330 41271 41680 6 8 9 8 9 18 7 11 9 8 25 8 16 6 6 8 6 29 6 8 6 7 8640 11520 12960 11520 12960 25920 10080 15840 12960 11520 36000 11520 23040 8640 8640 11520 8640 41760 8640 11520 8640 10080 15709 21182 21370 26584 26874 29910 37202 31247 31596 31467 40262 41173 41755 40768 41958 43 250 42 178 67 160 219 182 71 267 166 254 230 60 163 225 205 71 53 109 102 69 </values>
v </instantiation>
c 00h03m09s | stage:objective-loop:enter encoder=log-scop mode=SoftCnf lower=-170377 upper=81623 has_incumbent=true soft_active=true
c objective-cut:rss-guard enabled=false
c 00h03m09s | stage:objective-cut:soft-install bound=-76230 guard=10965863 clauses_added=40905
c 00h03m09s | stage:objective-cut:soft-probe search=binary [LB,UB] = [-170377,17918] next -76230 source=install guard=10965863
c 00h03m09s | stage:sat:round-entry encoder=log-scop assumptions=1 phase_lits=1532 sat_vars=10965863 base_clauses=16465939
c 00h03m09s | stage:sat:init solver=CaDiCaL vars=10965863 clauses=16465939
c 00h03m09s | stage:sat:solve:start assumptions=1 phase_lits=1532
c 00h03m11s | stage:sat:solve:done ms=1465 result=Unsat assumptions=1 phase_lits=1532
c 00h03m11s | result:Unsat
c 00h03m11s | stage:objective-cut:soft-result search=binary bound=-76230 result=unsat guard=10965863 hard=-guard [LB,UB] = [-76229,17918]
c 00h03m11s | stage:objective-loop:enter encoder=log-scop mode=SoftCnf lower=-76229 upper=81623 has_incumbent=true soft_active=true
c objective-cut:rss-guard enabled=false
c 00h03m11s | stage:objective-cut:soft-install bound=-29156 guard=10985035 clauses_added=40905
c 00h03m11s | stage:objective-cut:soft-probe search=binary [LB,UB] = [-76229,17918] next -29156 source=install guard=10985035
c 00h03m11s | stage:sat:round-entry encoder=log-scop assumptions=1 phase_lits=1532 sat_vars=10985035 base_clauses=16506845
c 00h03m11s | stage:sat:init solver=CaDiCaL vars=10985035 clauses=16506845
c 00h03m11s | stage:sat:solve:start assumptions=1 phase_lits=1532
c 00h03m11s | stage:sat:solve:done ms=0 result=Unsat assumptions=1 phase_lits=1532
c 00h03m11s | result:Unsat
c 00h03m11s | stage:objective-cut:soft-result search=binary bound=-29156 result=unsat guard=10985035 hard=-guard [LB,UB] = [-29155,17918]
c 00h03m11s | stage:objective-loop:enter encoder=log-scop mode=SoftCnf lower=-29155 upper=81623 has_incumbent=true soft_active=true
c objective-cut:rss-guard enabled=false
c 00h03m11s | stage:objective-cut:soft-install bound=-5619 guard=11004207 clauses_added=40905
c 00h03m11s | stage:objective-cut:soft-probe search=binary [LB,UB] = [-29155,17918] next -5619 source=install guard=11004207
c 00h03m11s | stage:sat:round-entry encoder=log-scop assumptions=1 phase_lits=1532 sat_vars=11004207 base_clauses=16547751
c 00h03m11s | stage:sat:init solver=CaDiCaL vars=11004207 clauses=16547751
c 00h03m11s | stage:sat:solve:start assumptions=1 phase_lits=1532
c 00h03m11s | stage:sat:solve:done ms=0 result=Unsat assumptions=1 phase_lits=1532
c 00h03m11s | result:Unsat
c 00h03m11s | stage:objective-cut:soft-result search=binary bound=-5619 result=unsat guard=11004207 hard=-guard [LB,UB] = [-5618,17918]
c 00h03m11s | stage:objective-loop:enter encoder=log-scop mode=SoftCnf lower=-5618 upper=81623 has_incumbent=true soft_active=true
c objective-cut:rss-guard enabled=false
c 00h03m11s | stage:objective-cut:soft-install bound=6150 guard=11023901 clauses_added=41896
c 00h03m11s | stage:objective-cut:soft-probe search=binary [LB,UB] = [-5618,17918] next 6150 source=install guard=11023901
c 00h03m11s | stage:sat:round-entry encoder=log-scop assumptions=1 phase_lits=1532 sat_vars=11023901 base_clauses=16589648
c 00h03m11s | stage:sat:init solver=CaDiCaL vars=11023901 clauses=16589648
c 00h03m11s | stage:sat:solve:start assumptions=1 phase_lits=1532
c 00h03m16s | stage:sat:solve:done ms=4677 result=Sat assumptions=1 phase_lits=1532
c 00h03m16s | stage:decode:start
c 00h03m16s | stage:decode:done int_assignments=169
c 00h03m16s | result:Sat
c 00h03m16s | objective:incumbent kind=improvement value=6150 rounds=5 improvements=1
o 6150
v <instantiation>
v   <list> r_st[0] r_st[1] r_st[2] r_st[3] r_st[4] r_st[5] r_st[6] r_st[7] r_st[8] r_st[9] r_st[10] r_st[11] r_st[12] r_st[13] r_st[14] r_st[15] r_st[16] r_st[17] r_st[18] r_st[19] r_st[20] r_st[21] st[0] st[1] st[2] st[3] st[4] st[5] st[6] st[7] st[8] st[9] st[10] st[11] st[12] st[13] st[14] st[15] st[16] st[17] st[18] st[19] st[20] st[21] y[0] y[1] y[2] y[3] y[4] y[5] y[6] y[7] y[8] y[9] y[10] y[11] y[12] y[13] y[14] y[15] y[16] y[17] y[18] y[19] y[20] y[21] rt[0] rt[1] rt[2] rt[3] rt[4] rt[5] rt[6] rt[7] rt[8] rt[9] rt[10] rt[11] rt[12] rt[13] rt[14] rt[15] rt[16] rt[17] rt[18] rt[19] rt[20] rt[21] r_dt[0] r_dt[1] r_dt[2] r_dt[3] r_dt[4] r_dt[5] r_dt[6] r_dt[7] r_dt[8] r_dt[9] r_dt[10] r_dt[11] r_dt[12] r_dt[13] r_dt[14] r_dt[15] r_dt[16] r_dt[17] r_dt[18] r_dt[19] r_dt[20] r_dt[21] dt[0] dt[1] dt[2] dt[3] dt[4] dt[5] dt[6] dt[7] dt[8] dt[9] dt[10] dt[11] dt[12] dt[13] dt[14] dt[15] dt[16] dt[17] dt[18] dt[19] dt[20] dt[21] ft[0] ft[1] ft[2] ft[3] ft[4] ft[5] ft[6] ft[7] ft[8] ft[9] ft[10] ft[11] ft[12] ft[13] ft[14] y2[0] y2[1] y2[2] y2[3] y2[4] y2[5] y2[6] y2[7] y2[8] y2[9] y2[10] y2[11] y2[12] y2[13] y2[14] y2[15] y2[16] y2[17] y2[18] y2[19] y2[20] y2[21] </list>
v   <values> 5 5 2 7 8 14 11 8 13 13 17 18 13 13 15 22 23 17 21 21 23 23 7200 7200 2880 10080 11520 20160 15840 11520 18720 18720 24480 25920 18720 18720 21600 31680 33120 24480 30240 30240 33120 33120 256 1407 1684 1215 127 487 868 648 1447 1527 1 895 256 1155 1284 1295 683 176 1537 1151 1597 1731 15535 15869 16916 18837 24204 24639 24822 25699 25955 26239 32191 33122 27958 29088 29789 39874 40352 41256 41543 40775 41175 41584 6 8 10 8 9 16 7 11 8 8 24 8 16 8 7 8 6 29 8 8 6 7 8640 11520 14400 11520 12960 23040 10080 15840 11520 11520 34560 11520 23040 11520 10080 11520 8640 41760 11520 11520 8640 10080 15709 17086 19552 25280 26428 27307 34139 28880 29330 30443 40775 41175 41755 41213 41862 43 250 42 178 67 160 219 182 71 267 166 254 230 60 163 225 205 71 53 109 102 69 </values>
v </instantiation>
c 00h03m16s | stage:objective-cut:soft-result search=binary bound=6150 result=sat guard=11023901 hard=guard [LB,UB] = [-5618,6149]
c 00h03m16s | stage:objective-loop:enter encoder=log-scop mode=SoftCnf lower=-5618 upper=81623 has_incumbent=true soft_active=true
c objective-cut:rss-guard enabled=false
c 00h03m16s | stage:objective-cut:soft-install bound=265 guard=11043407 clauses_added=41541
c 00h03m16s | stage:objective-cut:soft-probe search=binary [LB,UB] = [-5618,6149] next 265 source=install guard=11043407
c 00h03m16s | stage:sat:round-entry encoder=log-scop assumptions=1 phase_lits=1532 sat_vars=11043407 base_clauses=16631190
c 00h03m16s | stage:sat:init solver=CaDiCaL vars=11043407 clauses=16631190
c 00h03m16s | stage:sat:solve:start assumptions=1 phase_lits=1532
c 00h03m19s | stage:sat:solve:done ms=3290 result=Sat assumptions=1 phase_lits=1532
c 00h03m19s | stage:decode:start
c 00h03m19s | stage:decode:done int_assignments=169
c 00h03m19s | result:Sat
c 00h03m19s | objective:incumbent kind=improvement value=262 rounds=6 improvements=2
o 262
v <instantiation>
v   <list> r_st[0] r_st[1] r_st[2] r_st[3] r_st[4] r_st[5] r_st[6] r_st[7] r_st[8] r_st[9] r_st[10] r_st[11] r_st[12] r_st[13] r_st[14] r_st[15] r_st[16] r_st[17] r_st[18] r_st[19] r_st[20] r_st[21] st[0] st[1] st[2] st[3] st[4] st[5] st[6] st[7] st[8] st[9] st[10] st[11] st[12] st[13] st[14] st[15] st[16] st[17] st[18] st[19] st[20] st[21] y[0] y[1] y[2] y[3] y[4] y[5] y[6] y[7] y[8] y[9] y[10] y[11] y[12] y[13] y[14] y[15] y[16] y[17] y[18] y[19] y[20] y[21] rt[0] rt[1] rt[2] rt[3] rt[4] rt[5] rt[6] rt[7] rt[8] rt[9] rt[10] rt[11] rt[12] rt[13] rt[14] rt[15] rt[16] rt[17] rt[18] rt[19] rt[20] rt[21] r_dt[0] r_dt[1] r_dt[2] r_dt[3] r_dt[4] r_dt[5] r_dt[6] r_dt[7] r_dt[8] r_dt[9] r_dt[10] r_dt[11] r_dt[12] r_dt[13] r_dt[14] r_dt[15] r_dt[16] r_dt[17] r_dt[18] r_dt[19] r_dt[20] r_dt[21] dt[0] dt[1] dt[2] dt[3] dt[4] dt[5] dt[6] dt[7] dt[8] dt[9] dt[10] dt[11] dt[12] dt[13] dt[14] dt[15] dt[16] dt[17] dt[18] dt[19] dt[20] dt[21] ft[0] ft[1] ft[2] ft[3] ft[4] ft[5] ft[6] ft[7] ft[8] ft[9] ft[10] ft[11] ft[12] ft[13] ft[14] y2[0] y2[1] y2[2] y2[3] y2[4] y2[5] y2[6] y2[7] y2[8] y2[9] y2[10] y2[11] y2[12] y2[13] y2[14] y2[15] y2[16] y2[17] y2[18] y2[19] y2[20] y2[21] </list>
v   <values> 5 5 2 7 8 19 11 8 13 13 9 9 12 13 15 22 23 20 21 21 23 23 7200 7200 2880 10080 11520 27360 15840 11520 18720 18720 12960 12960 17280 18720 21600 31680 33120 28800 30240 30240 33120 33120 256 1529 1172 1269 19 710 486 705 1447 1527 89 887 256 1155 1284 1294 486 179 1033 1105 1599 1729 15535 15869 16916 18832 31372 31807 24828 25705 25955 26239 26922 27616 27958 28700 29789 39874 40352 41256 41543 40775 41175 41584 6 8 10 8 26 9 7 11 8 8 11 12 16 8 7 8 6 29 8 8 6 7 8640 11520 14400 11520 37440 12960 10080 15840 11520 11520 15840 17280 23040 11520 10080 11520 8640 41760 11520 11520 8640 10080 15709 17086 19547 32448 26434 27307 28633 28880 28942 30443 40775 41175 41755 41213 41862 43 250 42 178 67 160 219 182 71 267 166 254 230 60 163 225 205 71 53 109 102 69 </values>
v </instantiation>
c 00h03m19s | stage:objective-cut:soft-result search=binary bound=265 result=sat guard=11043407 hard=guard [LB,UB] = [-5618,261]
c 00h03m19s | stage:objective-loop:enter encoder=log-scop mode=SoftCnf lower=-5618 upper=81623 has_incumbent=true soft_active=true
c objective-cut:rss-guard enabled=false
c 00h03m19s | stage:objective-cut:soft-install bound=-2679 guard=11062579 clauses_added=40905
c 00h03m19s | stage:objective-cut:soft-probe search=binary [LB,UB] = [-5618,261] next -2679 source=install guard=11062579
c 00h03m19s | stage:sat:round-entry encoder=log-scop assumptions=1 phase_lits=1532 sat_vars=11062579 base_clauses=16672096
c 00h03m19s | stage:sat:init solver=CaDiCaL vars=11062579 clauses=16672096
c 00h03m19s | stage:sat:solve:start assumptions=1 phase_lits=1532
c 00h03m21s | stage:sat:solve:done ms=1467 result=Unsat assumptions=1 phase_lits=1532
c 00h03m21s | result:Unsat
c 00h03m21s | stage:objective-cut:soft-result search=binary bound=-2679 result=unsat guard=11062579 hard=-guard [LB,UB] = [-2678,261]
c 00h03m21s | stage:objective-loop:enter encoder=log-scop mode=SoftCnf lower=-2678 upper=81623 has_incumbent=true soft_active=true
c objective-cut:rss-guard enabled=false
c 00h03m21s | stage:objective-cut:soft-install bound=-1209 guard=11081751 clauses_added=40905
c 00h03m21s | stage:objective-cut:soft-probe search=binary [LB,UB] = [-2678,261] next -1209 source=install guard=11081751
c 00h03m21s | stage:sat:round-entry encoder=log-scop assumptions=1 phase_lits=1532 sat_vars=11081751 base_clauses=16713002
c 00h03m21s | stage:sat:init solver=CaDiCaL vars=11081751 clauses=16713002
c 00h03m21s | stage:sat:solve:start assumptions=1 phase_lits=1532
c 00h03m21s | stage:sat:solve:done ms=2 result=Unsat assumptions=1 phase_lits=1532
c 00h03m21s | result:Unsat
c 00h03m21s | stage:objective-cut:soft-result search=binary bound=-1209 result=unsat guard=11081751 hard=-guard [LB,UB] = [-1208,261]
c 00h03m21s | stage:objective-loop:enter encoder=log-scop mode=SoftCnf lower=-1208 upper=81623 has_incumbent=true soft_active=true
c objective-cut:rss-guard enabled=false
c 00h03m21s | stage:objective-cut:soft-install bound=-474 guard=11100923 clauses_added=40905
c 00h03m21s | stage:objective-cut:soft-probe search=binary [LB,UB] = [-1208,261] next -474 source=install guard=11100923
c 00h03m21s | stage:sat:round-entry encoder=log-scop assumptions=1 phase_lits=1532 sat_vars=11100923 base_clauses=16753908
c 00h03m21s | stage:sat:init solver=CaDiCaL vars=11100923 clauses=16753908
c 00h03m21s | stage:sat:solve:start assumptions=1 phase_lits=1532
c 00h03m21s | stage:sat:solve:done ms=0 result=Unsat assumptions=1 phase_lits=1532
c 00h03m21s | result:Unsat
c 00h03m21s | stage:objective-cut:soft-result search=binary bound=-474 result=unsat guard=11100923 hard=-guard [LB,UB] = [-473,261]
c 00h03m21s | stage:objective-loop:enter encoder=log-scop mode=SoftCnf lower=-473 upper=81623 has_incumbent=true soft_active=true
c objective-cut:rss-guard enabled=false
c 00h03m21s | stage:objective-cut:soft-install bound=-106 guard=11120095 clauses_added=40905
c 00h03m21s | stage:objective-cut:soft-probe search=binary [LB,UB] = [-473,261] next -106 source=install guard=11120095
c 00h03m21s | stage:sat:round-entry encoder=log-scop assumptions=1 phase_lits=1532 sat_vars=11120095 base_clauses=16794814
c 00h03m21s | stage:sat:init solver=CaDiCaL vars=11120095 clauses=16794814
c 00h03m21s | stage:sat:solve:start assumptions=1 phase_lits=1532
c 00h03m21s | stage:sat:solve:done ms=0 result=Unsat assumptions=1 phase_lits=1532
c 00h03m21s | result:Unsat
c 00h03m21s | stage:objective-cut:soft-result search=binary bound=-106 result=unsat guard=11120095 hard=-guard [LB,UB] = [-105,261]
c 00h03m21s | stage:objective-loop:enter encoder=log-scop mode=SoftCnf lower=-105 upper=81623 has_incumbent=true soft_active=true
c objective-cut:rss-guard enabled=false
c 00h03m21s | stage:objective-cut:soft-install bound=78 guard=11139502 clauses_added=41354
c 00h03m21s | stage:objective-cut:soft-probe search=binary [LB,UB] = [-105,261] next 78 source=install guard=11139502
c 00h03m21s | stage:sat:round-entry encoder=log-scop assumptions=1 phase_lits=1532 sat_vars=11139502 base_clauses=16836169
c 00h03m21s | stage:sat:init solver=CaDiCaL vars=11139502 clauses=16836169
c 00h03m21s | stage:sat:solve:start assumptions=1 phase_lits=1532
c 00h03m22s | stage:sat:solve:done ms=1552 result=Sat assumptions=1 phase_lits=1532
c 00h03m22s | stage:decode:start
c 00h03m22s | stage:decode:done int_assignments=169
c 00h03m22s | result:Sat
c 00h03m22s | objective:incumbent kind=improvement value=64 rounds=11 improvements=3
o 64
v <instantiation>
v   <list> r_st[0] r_st[1] r_st[2] r_st[3] r_st[4] r_st[5] r_st[6] r_st[7] r_st[8] r_st[9] r_st[10] r_st[11] r_st[12] r_st[13] r_st[14] r_st[15] r_st[16] r_st[17] r_st[18] r_st[19] r_st[20] r_st[21] st[0] st[1] st[2] st[3] st[4] st[5] st[6] st[7] st[8] st[9] st[10] st[11] st[12] st[13] st[14] st[15] st[16] st[17] st[18] st[19] st[20] st[21] y[0] y[1] y[2] y[3] y[4] y[5] y[6] y[7] y[8] y[9] y[10] y[11] y[12] y[13] y[14] y[15] y[16] y[17] y[18] y[19] y[20] y[21] rt[0] rt[1] rt[2] rt[3] rt[4] rt[5] rt[6] rt[7] rt[8] rt[9] rt[10] rt[11] rt[12] rt[13] rt[14] rt[15] rt[16] rt[17] rt[18] rt[19] rt[20] rt[21] r_dt[0] r_dt[1] r_dt[2] r_dt[3] r_dt[4] r_dt[5] r_dt[6] r_dt[7] r_dt[8] r_dt[9] r_dt[10] r_dt[11] r_dt[12] r_dt[13] r_dt[14] r_dt[15] r_dt[16] r_dt[17] r_dt[18] r_dt[19] r_dt[20] r_dt[21] dt[0] dt[1] dt[2] dt[3] dt[4] dt[5] dt[6] dt[7] dt[8] dt[9] dt[10] dt[11] dt[12] dt[13] dt[14] dt[15] dt[16] dt[17] dt[18] dt[19] dt[20] dt[21] ft[0] ft[1] ft[2] ft[3] ft[4] ft[5] ft[6] ft[7] ft[8] ft[9] ft[10] ft[11] ft[12] ft[13] ft[14] y2[0] y2[1] y2[2] y2[3] y2[4] y2[5] y2[6] y2[7] y2[8] y2[9] y2[10] y2[11] y2[12] y2[13] y2[14] y2[15] y2[16] y2[17] y2[18] y2[19] y2[20] y2[21] </list>
v   <values> 5 5 2 7 7 19 12 8 13 13 11 11 12 13 15 22 23 20 22 21 23 23 7200 7200 2880 10080 10080 27360 17280 11520 18720 18720 15840 15840 17280 18720 21600 31680 33120 28800 31680 30240 33120 33120 256 1480 596 1269 703 518 484 1000 1447 1527 255 1 770 1183 1284 1286 1077 179 1024 1649 521 1537 15553 15854 16873 18736 31370 31928 24869 25762 25955 26239 26826 27490 27958 28571 29789 39877 40342 41352 41767 40831 41168 41578 6 8 10 8 24 4 7 11 8 8 9 9 16 8 7 8 7 29 8 8 7 7 8640 11520 14400 11520 34560 5760 10080 15840 11520 11520 12960 12960 23040 11520 10080 11520 10080 41760 11520 11520 10080 10080 15727 17043 19451 32569 26491 27307 28507 28880 28813 30443 40778 41165 41979 41269 41856 43 250 42 178 67 160 219 182 71 267 166 254 230 60 163 225 205 71 53 109 102 69 </values>
v </instantiation>
c 00h03m22s | stage:objective-cut:soft-result search=binary bound=78 result=sat guard=11139502 hard=guard [LB,UB] = [-105,63]
c 00h03m22s | stage:objective-loop:enter encoder=log-scop mode=SoftCnf lower=-105 upper=81623 has_incumbent=true soft_active=true
c objective-cut:rss-guard enabled=false
c 00h03m22s | stage:objective-cut:soft-install bound=-21 guard=11158674 clauses_added=40905
c 00h03m22s | stage:objective-cut:soft-probe search=binary [LB,UB] = [-105,63] next -21 source=install guard=11158674
c 00h03m22s | stage:sat:round-entry encoder=log-scop assumptions=1 phase_lits=1532 sat_vars=11158674 base_clauses=16877075
c 00h03m22s | stage:sat:init solver=CaDiCaL vars=11158674 clauses=16877075
c 00h03m22s | stage:sat:solve:start assumptions=1 phase_lits=1532
c 00h03m22s | stage:sat:solve:done ms=1 result=Unsat assumptions=1 phase_lits=1532
c 00h03m22s | result:Unsat
c 00h03m22s | stage:objective-cut:soft-result search=binary bound=-21 result=unsat guard=11158674 hard=-guard [LB,UB] = [-20,63]
c 00h03m22s | stage:objective-loop:enter encoder=log-scop mode=SoftCnf lower=-20 upper=81623 has_incumbent=true soft_active=true
c objective-cut:rss-guard enabled=false
c 00h03m22s | stage:objective-cut:soft-install bound=21 guard=11178014 clauses_added=41228
c 00h03m22s | stage:objective-cut:soft-probe search=binary [LB,UB] = [-20,63] next 21 source=install guard=11178014
c 00h03m22s | stage:sat:round-entry encoder=log-scop assumptions=1 phase_lits=1532 sat_vars=11178014 base_clauses=16918304
c 00h03m22s | stage:sat:init solver=CaDiCaL vars=11178014 clauses=16918304
c 00h03m22s | stage:sat:solve:start assumptions=1 phase_lits=1532
c 00h03m24s | stage:sat:solve:done ms=1308 result=Sat assumptions=1 phase_lits=1532
c 00h03m24s | stage:decode:start
c 00h03m24s | stage:decode:done int_assignments=169
c 00h03m24s | result:Sat
c 00h03m24s | objective:incumbent kind=improvement value=0 rounds=13 improvements=4
o 0
v <instantiation>
v   <list> r_st[0] r_st[1] r_st[2] r_st[3] r_st[4] r_st[5] r_st[6] r_st[7] r_st[8] r_st[9] r_st[10] r_st[11] r_st[12] r_st[13] r_st[14] r_st[15] r_st[16] r_st[17] r_st[18] r_st[19] r_st[20] r_st[21] st[0] st[1] st[2] st[3] st[4] st[5] st[6] st[7] st[8] st[9] st[10] st[11] st[12] st[13] st[14] st[15] st[16] st[17] st[18] st[19] st[20] st[21] y[0] y[1] y[2] y[3] y[4] y[5] y[6] y[7] y[8] y[9] y[10] y[11] y[12] y[13] y[14] y[15] y[16] y[17] y[18] y[19] y[20] y[21] rt[0] rt[1] rt[2] rt[3] rt[4] rt[5] rt[6] rt[7] rt[8] rt[9] rt[10] rt[11] rt[12] rt[13] rt[14] rt[15] rt[16] rt[17] rt[18] rt[19] rt[20] rt[21] r_dt[0] r_dt[1] r_dt[2] r_dt[3] r_dt[4] r_dt[5] r_dt[6] r_dt[7] r_dt[8] r_dt[9] r_dt[10] r_dt[11] r_dt[12] r_dt[13] r_dt[14] r_dt[15] r_dt[16] r_dt[17] r_dt[18] r_dt[19] r_dt[20] r_dt[21] dt[0] dt[1] dt[2] dt[3] dt[4] dt[5] dt[6] dt[7] dt[8] dt[9] dt[10] dt[11] dt[12] dt[13] dt[14] dt[15] dt[16] dt[17] dt[18] dt[19] dt[20] dt[21] ft[0] ft[1] ft[2] ft[3] ft[4] ft[5] ft[6] ft[7] ft[8] ft[9] ft[10] ft[11] ft[12] ft[13] ft[14] y2[0] y2[1] y2[2] y2[3] y2[4] y2[5] y2[6] y2[7] y2[8] y2[9] y2[10] y2[11] y2[12] y2[13] y2[14] y2[15] y2[16] y2[17] y2[18] y2[19] y2[20] y2[21] </list>
v   <values> 5 5 2 7 7 19 12 8 13 13 11 11 12 13 15 22 23 20 21 21 23 23 7200 7200 2880 10080 10080 27360 17280 11520 18720 18720 15840 15840 17280 18720 21600 31680 33120 28800 30240 30240 33120 33120 256 1480 598 1252 703 518 468 1000 1455 1527 255 0 770 1183 1286 1286 1081 179 1536 1651 521 1 15573 15854 16873 18736 31370 31936 24821 25698 25955 26239 26826 27490 27958 28571 29789 39877 40342 38940 39527 40831 41169 41578 6 8 10 8 24 4 6 11 8 6 9 9 9 8 7 8 7 29 8 8 7 7 8640 11520 14400 11520 34560 5760 8640 15840 11520 8640 12960 12960 12960 11520 10080 11520 10080 41760 11520 11520 10080 10080 15747 17043 19451 32577 26427 27307 28507 28880 28813 30443 40778 41165 39739 41269 41856 43 250 42 178 67 160 219 182 71 267 166 254 230 60 163 225 205 71 53 109 102 69 </values>
v </instantiation>
c 00h03m24s | stage:objective-cut:soft-result search=binary bound=21 result=sat guard=11178014 hard=guard [LB,UB] = [-20,-1]
c 00h03m24s | stage:objective-loop:enter encoder=log-scop mode=SoftCnf lower=-20 upper=81623 has_incumbent=true soft_active=true
c objective-cut:rss-guard enabled=false
c 00h03m24s | stage:objective-cut:soft-install bound=-11 guard=11197186 clauses_added=40905
c 00h03m24s | stage:objective-cut:soft-probe search=binary [LB,UB] = [-20,-1] next -11 source=install guard=11197186
c 00h03m24s | stage:sat:round-entry encoder=log-scop assumptions=1 phase_lits=1532 sat_vars=11197186 base_clauses=16959210
c 00h03m24s | stage:sat:init solver=CaDiCaL vars=11197186 clauses=16959210
c 00h03m24s | stage:sat:solve:start assumptions=1 phase_lits=1532
c 00h03m24s | stage:sat:solve:done ms=0 result=Unsat assumptions=1 phase_lits=1532
c 00h03m24s | result:Unsat
c 00h03m24s | stage:objective-cut:soft-result search=binary bound=-11 result=unsat guard=11197186 hard=-guard [LB,UB] = [-10,-1]
c 00h03m24s | stage:objective-loop:enter encoder=log-scop mode=SoftCnf lower=-10 upper=81623 has_incumbent=true soft_active=true
c objective-cut:rss-guard enabled=false
c 00h03m24s | stage:objective-cut:soft-install bound=-6 guard=11216358 clauses_added=40905
c 00h03m24s | stage:objective-cut:soft-probe search=binary [LB,UB] = [-10,-1] next -6 source=install guard=11216358
c 00h03m24s | stage:sat:round-entry encoder=log-scop assumptions=1 phase_lits=1532 sat_vars=11216358 base_clauses=17000116
c 00h03m24s | stage:sat:init solver=CaDiCaL vars=11216358 clauses=17000116
c 00h03m24s | stage:sat:solve:start assumptions=1 phase_lits=1532
c 00h03m24s | stage:sat:solve:done ms=0 result=Unsat assumptions=1 phase_lits=1532
c 00h03m24s | result:Unsat
c 00h03m24s | stage:objective-cut:soft-result search=binary bound=-6 result=unsat guard=11216358 hard=-guard [LB,UB] = [-5,-1]
c 00h03m24s | stage:objective-loop:enter encoder=log-scop mode=SoftCnf lower=-5 upper=81623 has_incumbent=true soft_active=true
c objective-cut:rss-guard enabled=false
c 00h03m24s | stage:objective-cut:soft-install bound=-3 guard=11235530 clauses_added=40905
c 00h03m24s | stage:objective-cut:soft-probe search=binary [LB,UB] = [-5,-1] next -3 source=install guard=11235530
c 00h03m24s | stage:sat:round-entry encoder=log-scop assumptions=1 phase_lits=1532 sat_vars=11235530 base_clauses=17041022
c 00h03m24s | stage:sat:init solver=CaDiCaL vars=11235530 clauses=17041022
c 00h03m24s | stage:sat:solve:start assumptions=1 phase_lits=1532
c 00h03m24s | stage:sat:solve:done ms=0 result=Unsat assumptions=1 phase_lits=1532
c 00h03m24s | result:Unsat
c 00h03m24s | stage:objective-cut:soft-result search=binary bound=-3 result=unsat guard=11235530 hard=-guard [LB,UB] = [-2,-1]
c 00h03m24s | stage:objective-loop:enter encoder=log-scop mode=SoftCnf lower=-2 upper=81623 has_incumbent=true soft_active=true
c objective-cut:rss-guard enabled=false
c 00h03m24s | stage:objective-cut:soft-install bound=-2 guard=11254702 clauses_added=40905
c 00h03m24s | stage:objective-cut:soft-probe search=binary [LB,UB] = [-2,-1] next -2 source=install guard=11254702
c 00h03m24s | stage:sat:round-entry encoder=log-scop assumptions=1 phase_lits=1532 sat_vars=11254702 base_clauses=17081928
c 00h03m24s | stage:sat:init solver=CaDiCaL vars=11254702 clauses=17081928
c 00h03m24s | stage:sat:solve:start assumptions=1 phase_lits=1532
c 00h03m24s | stage:sat:solve:done ms=0 result=Unsat assumptions=1 phase_lits=1532
c 00h03m24s | result:Unsat
c 00h03m24s | stage:objective-cut:soft-result search=binary bound=-2 result=unsat guard=11254702 hard=-guard [LB,UB] = [-1,-1]
c 00h03m24s | stage:objective-loop:enter encoder=log-scop mode=SoftCnf lower=-1 upper=81623 has_incumbent=true soft_active=true
c objective-cut:rss-guard enabled=false
c 00h03m24s | stage:objective-cut:soft-install bound=-1 guard=11273874 clauses_added=40905
c 00h03m24s | stage:objective-cut:soft-probe search=binary [LB,UB] = [-1,-1] next -1 source=install guard=11273874
c 00h03m24s | stage:sat:round-entry encoder=log-scop assumptions=1 phase_lits=1532 sat_vars=11273874 base_clauses=17122834
c 00h03m24s | stage:sat:init solver=CaDiCaL vars=11273874 clauses=17122834
c 00h03m24s | stage:sat:solve:start assumptions=1 phase_lits=1532
c 00h03m24s | stage:sat:solve:done ms=0 result=Unsat assumptions=1 phase_lits=1532
c 00h03m24s | result:Unsat
c 00h03m24s | stage:objective-cut:soft-result search=binary bound=-1 result=unsat guard=11273874 hard=-guard [LB,UB] = closed
s OPTIMUM FOUND
o 0
v <instantiation>
v   <list> r_st[0] r_st[1] r_st[2] r_st[3] r_st[4] r_st[5] r_st[6] r_st[7] r_st[8] r_st[9] r_st[10] r_st[11] r_st[12] r_st[13] r_st[14] r_st[15] r_st[16] r_st[17] r_st[18] r_st[19] r_st[20] r_st[21] st[0] st[1] st[2] st[3] st[4] st[5] st[6] st[7] st[8] st[9] st[10] st[11] st[12] st[13] st[14] st[15] st[16] st[17] st[18] st[19] st[20] st[21] y[0] y[1] y[2] y[3] y[4] y[5] y[6] y[7] y[8] y[9] y[10] y[11] y[12] y[13] y[14] y[15] y[16] y[17] y[18] y[19] y[20] y[21] rt[0] rt[1] rt[2] rt[3] rt[4] rt[5] rt[6] rt[7] rt[8] rt[9] rt[10] rt[11] rt[12] rt[13] rt[14] rt[15] rt[16] rt[17] rt[18] rt[19] rt[20] rt[21] r_dt[0] r_dt[1] r_dt[2] r_dt[3] r_dt[4] r_dt[5] r_dt[6] r_dt[7] r_dt[8] r_dt[9] r_dt[10] r_dt[11] r_dt[12] r_dt[13] r_dt[14] r_dt[15] r_dt[16] r_dt[17] r_dt[18] r_dt[19] r_dt[20] r_dt[21] dt[0] dt[1] dt[2] dt[3] dt[4] dt[5] dt[6] dt[7] dt[8] dt[9] dt[10] dt[11] dt[12] dt[13] dt[14] dt[15] dt[16] dt[17] dt[18] dt[19] dt[20] dt[21] ft[0] ft[1] ft[2] ft[3] ft[4] ft[5] ft[6] ft[7] ft[8] ft[9] ft[10] ft[11] ft[12] ft[13] ft[14] y2[0] y2[1] y2[2] y2[3] y2[4] y2[5] y2[6] y2[7] y2[8] y2[9] y2[10] y2[11] y2[12] y2[13] y2[14] y2[15] y2[16] y2[17] y2[18] y2[19] y2[20] y2[21] </list>
v   <values> 5 5 2 7 7 19 12 8 13 13 11 11 12 13 15 22 23 20 21 21 23 23 7200 7200 2880 10080 10080 27360 17280 11520 18720 18720 15840 15840 17280 18720 21600 31680 33120 28800 30240 30240 33120 33120 256 1480 598 1252 703 518 468 1000 1455 1527 255 0 770 1183 1286 1286 1081 179 1536 1651 521 1 15573 15854 16873 18736 31370 31936 24821 25698 25955 26239 26826 27490 27958 28571 29789 39877 40342 38940 39527 40831 41169 41578 6 8 10 8 24 4 6 11 8 6 9 9 9 8 7 8 7 29 8 8 7 7 8640 11520 14400 11520 34560 5760 8640 15840 11520 8640 12960 12960 12960 11520 10080 11520 10080 41760 11520 11520 10080 10080 15747 17043 19451 32577 26427 27307 28507 28880 28813 30443 40778 41165 39739 41269 41856 43 250 42 178 67 160 219 182 71 267 166 254 230 60 163 225 205 71 53 109 102 69 </values>
v </instantiation>
d OBJECTIVE_VALUE 0
d OPTIMAL 1
d SOURCE_CONSTRAINTS 218
d NORMALIZED_CONSTRAINTS 218
d LOWERED_CONSTRAINTS 218
d UNSUPPORTED_CONSTRAINTS 0
d CSP_INT_VARS 169
d CSP_CONSTRAINTS 218
d CSP_INTENTIONAL 213
d CSP_GLOBAL 5
d CSP_EXTENSIONAL 0
d CSP_ALLDIFF 0
d CSP_CUMULATIVE 3
d CSP_TABLE 0
d CSP_DOMAIN_SPAN_MEDIAN 1800
d CSP_DOMAIN_SPAN_MAX 42000
d N_CUMULATIVE 3
d N_TABLE 0
d CIRCUIT_CEGAR_FAILURES 0
d CIRCUIT_CEGAR_ROUNDS 0
d CIRCUIT_CEGAR_ADDED_CLAUSES 0
d CUMULATIVE_CEGAR_FAILURES 0
d CUMULATIVE_CEGAR_ROUNDS 0
d CUMULATIVE_CEGAR_ADDED_CLAUSES 0
d COP_CEGAR_FAILURES 0
d COP_CEGAR_ROUNDS 0
d COP_CEGAR_ADDED_CLAUSES 0
d OBJECTIVE_CUT_TIMING incremental-soft
d OBJECTIVE_CUT_BACKEND cnf
d OBJECTIVE_CUT_FORM direct-expr
d OBJECTIVE_CUT_EAGER_CLAUSES_ADDED 0
d OBJECTIVE_RELAXATION_CLAUSES_ADDED 0
d OBJECTIVE_ROUNDS 18
d OBJECTIVE_IMPROVEMENTS 4
d OBJECTIVE_OPTIMALITY_PROOF strict_cut_unsat
d PROPAGATE_MS 20
d NORMALIZE_MS 0
d LOWER_MS 3309
d POST_LOWER_MS 180
d PREENCODE_MS 3
d ENCODE_MS 8866
d SAT_SOLVE_MS 190890
d TOTAL_MS 204455
d SAT_VARS 11273874
d SAT_CLAUSES_BASE 17122834
d SAT_CLAUSES_FINAL 17122834
d SAT_CLAUSES_CEGAR_DELTA 0
d CSP_INT_VARS 169
d CSP_CONSTRAINTS 218
d CSP_INTENTIONAL 213
d CSP_GLOBAL 5
d CSP_EXTENSIONAL 0
d CSP_ALLDIFF 0
d CSP_CUMULATIVE 3
d CSP_TABLE 0
d CSP_DOMAIN_SPAN_MEDIAN 1800
d CSP_DOMAIN_SPAN_MAX 42000
d N_CUMULATIVE 3
d N_TABLE 0
d SAT_CONFLICTS 11596
d CUMULATIVE_EXTPROP_CONSTRAINTS 3
d CUMULATIVE_EXTPROP_OBSERVED_VARS 496
d CUMULATIVE_EXTPROP_OBSERVED_LITS 496
d CUMULATIVE_EXTPROP_OBSERVED_LIT_OCCURRENCES 581
d CUMULATIVE_EXTPROP_NOTIFY_ASSIGNMENT_CALLS 78362
d CUMULATIVE_EXTPROP_NOTIFY_ASSIGNMENT_LITS 175119
d CUMULATIVE_EXTPROP_NOTIFY_NEW_DECISION_LEVEL_CALLS 80464570
d CUMULATIVE_EXTPROP_NOTIFY_BACKTRACK_CALLS 15041
d CUMULATIVE_EXTPROP_CB_CHECK_FOUND_MODEL_CALLS 5
d CUMULATIVE_EXTPROP_CB_CHECK_FOUND_MODEL_REJECTS 0
d CUMULATIVE_EXTPROP_CB_PROPAGATE_CALLS 75288
d CUMULATIVE_EXTPROP_CB_PROPAGATE_CONFLICTS 0
d CUMULATIVE_EXTPROP_PROPAGATED_LITS 0
d CUMULATIVE_EXTPROP_REASON_CLAUSES 0
d CUMULATIVE_EXTPROP_REASON_CLAUSE_LITS 0
d CUMULATIVE_EXTPROP_REASON_CLAUSE_MAX_LEN 0
d CUMULATIVE_EXTPROP_CB_HAS_EXTERNAL_CLAUSE_CALLS 80466204
d CUMULATIVE_EXTPROP_CB_ADD_EXTERNAL_CLAUSE_LIT_CALLS 0
d CUMULATIVE_EXTPROP_EXTERNAL_CLAUSES 0
d CUMULATIVE_EXTPROP_EXTERNAL_CLAUSE_LITS 0
d CUMULATIVE_EXTPROP_EXTERNAL_CLAUSE_MAX_LEN 0
d CUMULATIVE_EXTPROP_PARTIAL_VIOLATION_CALLS 115977
d CUMULATIVE_EXTPROP_COMPULSORY_VIOLATION_CALLS 115977
d CUMULATIVE_EXTPROP_BOUND_PROPAGATION_CALLS 0
d CUMULATIVE_EXTPROP_BOUND_REASON_CALLS 0
d CUMULATIVE_EXTPROP_PARTIAL_SUMMARY_TASK_EVALS 2551494
d CUMULATIVE_EXTPROP_BOUND_SUMMARY_TASK_EVALS 2551494
d CUMULATIVE_EXTPROP_BOUND_EVENT_PAIRS 0
d CUMULATIVE_EXTPROP_LOWER_BOUND_LIT_CALLS 0
d CUMULATIVE_EXTPROP_UPPER_BOUND_LIT_CALLS 0
d CUMULATIVE_EXTPROP_LOG_WITNESS_CHECKS 0
d LINEAR_INT_EQ_ARITY_STATS {"2":{"count":59,"max_domain_product_excluding_one_var":"9201","p95_domain_product_excluding_one_var":"9201"},"3":{"count":22,"max_domain_product_excluding_one_var":"11520","p95_domain_product_excluding_one_var":"11520"}}
d LINEAR_INT_NE_ARITY_STATS {}
d LINEAR_INT_GE_ARITY_STATS {"1":{"count":398315,"max_domain_product_excluding_one_var":"1","p95_domain_product_excluding_one_var":"1"},"2":{"count":1123,"max_domain_product_excluding_one_var":"9201","p95_domain_product_excluding_one_var":"13"},"3":{"count":946,"max_domain_product_excluding_one_var":"1758","p95_domain_product_excluding_one_var":"1730"},"15":{"count":1,"max_domain_product_excluding_one_var":"340282366920938463463374607431768211455","p95_domain_product_excluding_one_var":"340282366920938463463374607431768211455"}}
d LINEAR_BOOL_MIXED_ARITY_STATS {"1":{"count":665,"max_domain_product_excluding_one_var":"1","p95_domain_product_excluding_one_var":"1"},"2":{"count":1005,"max_domain_product_excluding_one_var":"2","p95_domain_product_excluding_one_var":"2"},"3":{"count":1995,"max_domain_product_excluding_one_var":"4","p95_domain_product_excluding_one_var":"4"},"4":{"count":5026,"max_domain_product_excluding_one_var":"8","p95_domain_product_excluding_one_var":"8"},"5":{"count":980,"max_domain_product_excluding_one_var":"16","p95_domain_product_excluding_one_var":"16"},"6":{"count":1762,"max_domain_product_excluding_one_var":"32","p95_domain_product_excluding_one_var":"32"},"7":{"count":2817,"max_domain_product_excluding_one_var":"64","p95_domain_product_excluding_one_var":"64"},"8":{"count":2229,"max_domain_product_excluding_one_var":"128","p95_domain_product_excluding_one_var":"128"},"9":{"count":1315,"max_domain_product_excluding_one_var":"256","p95_domain_product_excluding_one_var":"256"},"10":{"count":3437,"max_domain_product_excluding_one_var":"512","p95_domain_product_excluding_one_var":"512"},"11":{"count":2593,"max_domain_product_excluding_one_var":"1024","p95_domain_product_excluding_one_var":"1024"},"12":{"count":763,"max_domain_product_excluding_one_var":"2048","p95_domain_product_excluding_one_var":"2048"},"13":{"count":2050,"max_domain_product_excluding_one_var":"4096","p95_domain_product_excluding_one_var":"4096"},"14":{"count":436,"max_domain_product_excluding_one_var":"8192","p95_domain_product_excluding_one_var":"8192"},"15":{"count":4,"max_domain_product_excluding_one_var":"16384","p95_domain_product_excluding_one_var":"16384"},"19":{"count":8,"max_domain_product_excluding_one_var":"262144","p95_domain_product_excluding_one_var":"262144"},"21":{"count":2,"max_domain_product_excluding_one_var":"1048576","p95_domain_product_excluding_one_var":"1048576"},"22":{"count":56,"max_domain_product_excluding_one_var":"2097152","p95_domain_product_excluding_one_var":"2097152"}}
d ROOT_LP_ENTERED 0
d ROOT_LP_STATUS skipped
d ROOT_LP_MS 0
d ROOT_LP_REASON root_lp_disabled
d OBJECTIVE_CUT_TIMING incremental-soft
d OBJECTIVE_CUT_BACKEND cnf
d OBJECTIVE_CUT_FORM direct-expr
d PROPAGATE_PRUNED_VALUES 3092374
d PROPAGATE_CHANGED_DOMAINS 125
d PROPAGATE_ENTAILED_TABLES 0
d POST_LOWER_ROUNDS 69
d POST_LOWER_TIGHTENED_DOMAINS 78
d POST_LOWER_REMOVED_CLAUSES 29216
d POST_LOWER_REMOVED_LITS 27338
d POST_LOWER_DETECTED_UNSAT 0
d PREENCODE_INT_VARS 213
d ENCODE_EXTERNAL_GE_SPECS 0
d ENCODE_RELAXED_CIRCUITS 0
d LOG_SCOP_LINEAR_PB_CONSTRAINTS 771485
d LOG_SCOP_LINEAR_PB_MIXED_DISPATCH_CONSTRAINTS 0
d LOG_SCOP_LINEAR_PB_MIXED_ATTEMPT_BDD 0
d LOG_SCOP_LINEAR_PB_MIXED_ATTEMPT_SORTER 0
d LOG_SCOP_LINEAR_PB_MIXED_ATTEMPT_DADDA 0
d LOG_SCOP_LINEAR_PB_MIXED_REJECT_BDD_BUDGET 0
d LOG_SCOP_LINEAR_PB_MIXED_REJECT_SORTER_BUDGET 0
d LOG_SCOP_LINEAR_PB_MIXED_FALLBACK_BDD_TO_SORTER 0
d LOG_SCOP_LINEAR_PB_MIXED_FALLBACK_BDD_TO_DADDA 0
d LOG_SCOP_LINEAR_PB_MIXED_FALLBACK_SORTER_TO_BDD 0
d LOG_SCOP_LINEAR_PB_MIXED_FALLBACK_SORTER_TO_DADDA 0
d LOG_SCOP_LINEAR_PB_BACKEND_BDD2 771485
d LOG_SCOP_LINEAR_PB_BACKEND_BDD3 0
d LOG_SCOP_LINEAR_PB_BACKEND_SORTER 0
d LOG_SCOP_LINEAR_PB_BACKEND_DADDA 0
d LOG_SCOP_LINEAR_PB_BDD_DECOMPOSITION_RAW 771485
d LOG_SCOP_LINEAR_PB_BDD_DECOMPOSITION_BINARY 0
d LOG_SCOP_LINEAR_PB_BDD_DECOMPOSITION_MULTIBASE 0
d MEMORY_RSS_BYTES 4422586368
d MEMORY_RSS_AFTER_PROPAGATE_BYTES 136372224
d MEMORY_RSS_AFTER_LOWER_BYTES 218546176
d MEMORY_RSS_AFTER_POST_LOWER_BYTES 243679232
d MEMORY_RSS_BEFORE_PREENCODE_BYTES 271720448
d MEMORY_RSS_AFTER_PREENCODE_BYTES 281239552
d MEMORY_RSS_BEFORE_ENCODE_BYTES 283607040
d MEMORY_RSS_ENCODE_SAMPLE_INTERVAL_CLAUSES 1000000
d MEMORY_RSS_ENCODE_SAMPLE_COUNT 26
d MEMORY_RSS_ENCODE_LAST_SAMPLE_CLAUSE 16425034
d MEMORY_RSS_ENCODE_LAST_SAMPLE_BYTES 4422586368
d MEMORY_RSS_ENCODE_MAX_SAMPLE_BYTES 4422586368
d DECODE_INT_ASSIGNMENTS 169
d CSV /bench/competition/2022-2025/COP22to25/Cargo-25_c24.xml.lzma,optimum,218,218,218,0,11273874,17122834,204455,20,0,3309,3,8866,190890,0,skipped,,,,,,0,,,,,,,,
c run_end_local: 2026-06-17 01:34:38 +0900
