# WCTIME: wall clock time in seconds
WCTIME=0.209525
# CPUTIME: CPU time in seconds (USERTIME+SYSTEMTIME)
CPUTIME=0.183494
# USERTIME: CPU time spent in user mode in seconds
USERTIME=0.155487
# SYSTEMTIME: CPU time spent in system mode in seconds
SYSTEMTIME=0.028007
# CPUUSAGE: CPUTIME/WCTIME in percent
CPUUSAGE=87.5761
# MAXVM: maximum virtual memory used in KiB
MAXVM=215812
# MAXMM: maximum memory used in KiB
MAXMM=28576
# MAXRSS: maximum Resident Segment Size in KiB
MAXRSS=27480
# TIMEOUT: did the solver exceed the time limit?
TIMEOUT=false
# MEMOUT: did the solver exceed the memory limit?
MEMOUT=false
# EXITSTATUS: Exit status of the solver
EXITSTATUS=0
