# WCTIME: wall clock time in seconds
WCTIME=110.254
# CPUTIME: CPU time in seconds (USERTIME+SYSTEMTIME)
CPUTIME=109.563
# USERTIME: CPU time spent in user mode in seconds
USERTIME=107.967
# SYSTEMTIME: CPU time spent in system mode in seconds
SYSTEMTIME=1.59606
# CPUUSAGE: CPUTIME/WCTIME in percent
CPUUSAGE=99.3736
# MAXVM: maximum virtual memory used in KiB
MAXVM=1084908
# MAXMM: maximum memory used in KiB
MAXMM=920884
# MAXRSS: maximum Resident Segment Size in KiB
MAXRSS=920044
# TIMEOUT: did the solver exceed the time limit?
TIMEOUT=false
# MEMOUT: did the solver exceed the memory limit?
MEMOUT=false
# EXITSTATUS: Exit status of the solver
EXITSTATUS=0
