c cmd: /host-parser-bin/kat_xcsp_489538e3_directexpr_20260519 /bench/competition/2022-2025/COP22to25/RubiksCube-12-4-20-1_c24.xml.lzma --encoder order-ge --cop-objective-cut direct-expr --order-ge-table mdd-tl --order-ge-eq-ne direct-order --order-ge-direct-eq-ne-max-arity 2 --order-ge-extprop --order-ge-extprop-min-domain-product 8196 --order-ge-extprop-shorten-strategy balanced-chunks --order-ge-extprop-shorten-max-arity 40 --order-ge-shorten-link-cost --no-root-lp-bound --progress
c 00h00m00s | solve:start
c 00h00m00s | input: constraints=253
c 00h00m00s | stage:propagate:start
c 00h00m00s | stage:propagate:done ms=1 pruned=264 changed_domains=24 entailed_tables=0
c 00h00m00s | stage:normalize:start
c 00h00m00s | stage:normalize:done ms=0 high_constraints=253
c 00h00m00s | stage:lower:start
c 00h00m00s | stage:lower:done ms=11 lowered=253 unsupported=0
c 00h00m00s | stage:post_lower:start
c 00h00m00s | stage:post_lower:done ms=0 rounds=0 tightened=0 removed_cls=0 removed_lits=0 unsat=false precise_hits=0 precise_rounds=0 pivot_recomputes=0 pivot_exact_attempts=0 pivot_general_attempts=0 pivot_general_rest_missing=0 pivot_general_bound_missing=0 pivot_general_no_change=0 pivot_general_tightened=0 setup_ms=0 loop_ms=0 pivot_ms=0 pivot_version_ms=0 pivot_exact_ms=0 pivot_general_ms=0 pivot_general_prepare_ms=0 pivot_general_rest_ms=0 pivot_general_derive_ms=0 apply_ms=0 sat_ms=0 precise_ms=0
c 00h00m00s | stage:lowered-shape int_vars=274 bool_vars=2483 linear_atoms=1173 table_atoms=1 table_tuples=21 table_scope=2 alldiff_atoms=20 circuit_atoms=0 product_atoms=0 logical_clauses=5045
c 00h00m00s | stage:root-lp:skip reason=disabled_by_option ms=0
c 00h00m00s | stage:preencode(order-ge):start
c 00h00m00s | stage:preencode(order-ge):done ms=2 int_vars=274
c 00h00m00s | stage:encode(order-ge):start
c 00h00m00s | stage:encode(order-ge):done ms=20 sat_vars=12504 sat_clauses=55034 ext_ge_specs=0 relaxed_circuits=0
c 00h00m00s | stage:sat:init solver=CaDiCaL vars=12504 clauses=55034
c 00h00m00s | stage:sat:solve:start round=1 circuit_cegar_rounds=- cumulative_cegar_rounds=- cop_cegar_rounds=1 assumptions=0 phase_lits=0
c 00h00m01s | stage:sat:solve:done round=1 ms=1481 result=Sat assumptions=0 phase_lits=0
c 00h00m01s | stage:decode:start round=1 requested_int_ids=274
c 00h00m01s | stage:decode:final:start round=1 requested_int_ids=274
c 00h00m01s | stage:decode:done round=1 int_assignments=274
c 00h00m01s | stage:relaxation:done clauses_added=0 circuit_cegar_failures=0 circuit_cegar_rounds=0 circuit_cegar_added_clauses=0 cumulative_cegar_failures=0 cumulative_cegar_rounds=0 cumulative_cegar_added_clauses=0 cop_cegar_failures=0 cop_cegar_rounds=1 cop_cegar_added_clauses=0
c 00h00m01s | result:Sat
c 00h00m01s | objective:incumbent kind=initial value=18 rounds=1 improvements=0
o 18
c 00h00m01s | stage:sat:init solver=CaDiCaL vars=12504 clauses=55034
c 00h00m01s | stage:sat:solve:start round=1 circuit_cegar_rounds=- cumulative_cegar_rounds=- cop_cegar_rounds=2 assumptions=0 phase_lits=2727
c 00h00m05s | stage:sat:solve:done round=1 ms=3584 result=Sat assumptions=0 phase_lits=2727
c 00h00m05s | stage:decode:start round=1 requested_int_ids=274
c 00h00m05s | stage:relaxation:done round=1 clauses_added=1 circuit_clauses_added=0 cumulative_clauses_added=0 cop_clauses_added=1 circuit_cegar_failures=0 circuit_cegar_rounds=0 circuit_cegar_added_clauses=0 cumulative_cegar_failures=0 cumulative_cegar_rounds=0 cumulative_cegar_added_clauses=0 cop_cegar_failures=1 cop_cegar_rounds=2 cop_cegar_added_clauses=1
c 00h00m05s | stage:sat:solve:start round=2 circuit_cegar_rounds=- cumulative_cegar_rounds=- cop_cegar_rounds=3 assumptions=0 phase_lits=2727
c 00h00m10s | stage:sat:solve:done round=2 ms=4969 result=Sat assumptions=0 phase_lits=2727
c 00h00m10s | stage:decode:start round=2 requested_int_ids=274
c 00h00m10s | stage:decode:final:start round=2 requested_int_ids=274
c 00h00m10s | stage:decode:done round=2 int_assignments=274
c 00h00m10s | stage:relaxation:done clauses_added=0 circuit_cegar_failures=0 circuit_cegar_rounds=0 circuit_cegar_added_clauses=0 cumulative_cegar_failures=0 cumulative_cegar_rounds=0 cumulative_cegar_added_clauses=0 cop_cegar_failures=1 cop_cegar_rounds=3 cop_cegar_added_clauses=1
c 00h00m10s | result:Sat
c 00h00m10s | objective:incumbent kind=improvement value=17 rounds=2 improvements=1
o 17
c 00h00m10s | stage:sat:init solver=CaDiCaL vars=12504 clauses=55034
c 00h00m10s | stage:sat:solve:start round=1 circuit_cegar_rounds=- cumulative_cegar_rounds=- cop_cegar_rounds=4 assumptions=0 phase_lits=2727
c 00h00m10s | stage:sat:solve:done round=1 ms=155 result=Sat assumptions=0 phase_lits=2727
c 00h00m10s | stage:decode:start round=1 requested_int_ids=274
c 00h00m10s | stage:relaxation:done round=1 clauses_added=1 circuit_clauses_added=0 cumulative_clauses_added=0 cop_clauses_added=1 circuit_cegar_failures=0 circuit_cegar_rounds=0 circuit_cegar_added_clauses=0 cumulative_cegar_failures=0 cumulative_cegar_rounds=0 cumulative_cegar_added_clauses=0 cop_cegar_failures=2 cop_cegar_rounds=4 cop_cegar_added_clauses=2
c 00h00m10s | stage:sat:solve:start round=2 circuit_cegar_rounds=- cumulative_cegar_rounds=- cop_cegar_rounds=5 assumptions=0 phase_lits=2727
c 00h00m10s | stage:sat:solve:done round=2 ms=147 result=Sat assumptions=0 phase_lits=2727
c 00h00m10s | stage:decode:start round=2 requested_int_ids=274
c 00h00m10s | stage:decode:final:start round=2 requested_int_ids=274
c 00h00m10s | stage:decode:done round=2 int_assignments=274
c 00h00m10s | stage:relaxation:done clauses_added=0 circuit_cegar_failures=0 circuit_cegar_rounds=0 circuit_cegar_added_clauses=0 cumulative_cegar_failures=0 cumulative_cegar_rounds=0 cumulative_cegar_added_clauses=0 cop_cegar_failures=2 cop_cegar_rounds=5 cop_cegar_added_clauses=2
c 00h00m10s | result:Sat
c 00h00m10s | objective:incumbent kind=improvement value=16 rounds=3 improvements=2
o 16
c 00h00m10s | stage:sat:init solver=CaDiCaL vars=12504 clauses=55034
c 00h00m10s | stage:sat:solve:start round=1 circuit_cegar_rounds=- cumulative_cegar_rounds=- cop_cegar_rounds=6 assumptions=0 phase_lits=2727
c 00h00m10s | stage:sat:solve:done round=1 ms=5 result=Sat assumptions=0 phase_lits=2727
c 00h00m10s | stage:decode:start round=1 requested_int_ids=274
c 00h00m10s | stage:relaxation:done round=1 clauses_added=1 circuit_clauses_added=0 cumulative_clauses_added=0 cop_clauses_added=1 circuit_cegar_failures=0 circuit_cegar_rounds=0 circuit_cegar_added_clauses=0 cumulative_cegar_failures=0 cumulative_cegar_rounds=0 cumulative_cegar_added_clauses=0 cop_cegar_failures=3 cop_cegar_rounds=6 cop_cegar_added_clauses=3
c 00h00m10s | stage:sat:solve:start round=2 circuit_cegar_rounds=- cumulative_cegar_rounds=- cop_cegar_rounds=7 assumptions=0 phase_lits=2727
c 00h00m10s | stage:sat:solve:done round=2 ms=160 result=Sat assumptions=0 phase_lits=2727
c 00h00m10s | stage:decode:start round=2 requested_int_ids=274
c 00h00m10s | stage:decode:final:start round=2 requested_int_ids=274
c 00h00m10s | stage:decode:done round=2 int_assignments=274
c 00h00m10s | stage:relaxation:done clauses_added=0 circuit_cegar_failures=0 circuit_cegar_rounds=0 circuit_cegar_added_clauses=0 cumulative_cegar_failures=0 cumulative_cegar_rounds=0 cumulative_cegar_added_clauses=0 cop_cegar_failures=3 cop_cegar_rounds=7 cop_cegar_added_clauses=3
c 00h00m10s | result:Sat
c 00h00m10s | objective:incumbent kind=improvement value=15 rounds=4 improvements=3
o 15
c 00h00m10s | stage:sat:init solver=CaDiCaL vars=12504 clauses=55034
c 00h00m10s | stage:sat:solve:start round=1 circuit_cegar_rounds=- cumulative_cegar_rounds=- cop_cegar_rounds=8 assumptions=0 phase_lits=2727
c 00h00m10s | stage:sat:solve:done round=1 ms=5 result=Sat assumptions=0 phase_lits=2727
c 00h00m10s | stage:decode:start round=1 requested_int_ids=274
c 00h00m10s | stage:relaxation:done round=1 clauses_added=1 circuit_clauses_added=0 cumulative_clauses_added=0 cop_clauses_added=1 circuit_cegar_failures=0 circuit_cegar_rounds=0 circuit_cegar_added_clauses=0 cumulative_cegar_failures=0 cumulative_cegar_rounds=0 cumulative_cegar_added_clauses=0 cop_cegar_failures=4 cop_cegar_rounds=8 cop_cegar_added_clauses=4
c 00h00m10s | stage:sat:solve:start round=2 circuit_cegar_rounds=- cumulative_cegar_rounds=- cop_cegar_rounds=9 assumptions=0 phase_lits=2727
c 00h00m10s | stage:sat:solve:done round=2 ms=4 result=Sat assumptions=0 phase_lits=2727
c 00h00m10s | stage:decode:start round=2 requested_int_ids=274
c 00h00m10s | stage:decode:final:start round=2 requested_int_ids=274
c 00h00m10s | stage:decode:done round=2 int_assignments=274
c 00h00m10s | stage:relaxation:done clauses_added=0 circuit_cegar_failures=0 circuit_cegar_rounds=0 circuit_cegar_added_clauses=0 cumulative_cegar_failures=0 cumulative_cegar_rounds=0 cumulative_cegar_added_clauses=0 cop_cegar_failures=4 cop_cegar_rounds=9 cop_cegar_added_clauses=4
c 00h00m10s | result:Sat
c 00h00m10s | objective:incumbent kind=improvement value=14 rounds=5 improvements=4
o 14
c 00h00m10s | stage:sat:init solver=CaDiCaL vars=12504 clauses=55034
c 00h00m10s | stage:sat:solve:start round=1 circuit_cegar_rounds=- cumulative_cegar_rounds=- cop_cegar_rounds=10 assumptions=0 phase_lits=2727
c 00h00m10s | stage:sat:solve:done round=1 ms=3 result=Sat assumptions=0 phase_lits=2727
c 00h00m10s | stage:decode:start round=1 requested_int_ids=274
c 00h00m10s | stage:relaxation:done round=1 clauses_added=1 circuit_clauses_added=0 cumulative_clauses_added=0 cop_clauses_added=1 circuit_cegar_failures=0 circuit_cegar_rounds=0 circuit_cegar_added_clauses=0 cumulative_cegar_failures=0 cumulative_cegar_rounds=0 cumulative_cegar_added_clauses=0 cop_cegar_failures=5 cop_cegar_rounds=10 cop_cegar_added_clauses=5
c 00h00m10s | stage:sat:solve:start round=2 circuit_cegar_rounds=- cumulative_cegar_rounds=- cop_cegar_rounds=11 assumptions=0 phase_lits=2727
c 00h00m15s | stage:sat:solve:done round=2 ms=5247 result=Sat assumptions=0 phase_lits=2727
c 00h00m15s | stage:decode:start round=2 requested_int_ids=274
c 00h00m15s | stage:decode:final:start round=2 requested_int_ids=274
c 00h00m15s | stage:decode:done round=2 int_assignments=274
c 00h00m15s | stage:relaxation:done clauses_added=0 circuit_cegar_failures=0 circuit_cegar_rounds=0 circuit_cegar_added_clauses=0 cumulative_cegar_failures=0 cumulative_cegar_rounds=0 cumulative_cegar_added_clauses=0 cop_cegar_failures=5 cop_cegar_rounds=11 cop_cegar_added_clauses=5
c 00h00m15s | result:Sat
c 00h00m15s | objective:incumbent kind=improvement value=13 rounds=6 improvements=5
o 13
c 00h00m15s | stage:sat:init solver=CaDiCaL vars=12504 clauses=55034
c 00h00m15s | stage:sat:solve:start round=1 circuit_cegar_rounds=- cumulative_cegar_rounds=- cop_cegar_rounds=12 assumptions=0 phase_lits=2727
c 00h00m16s | stage:sat:solve:done round=1 ms=399 result=Sat assumptions=0 phase_lits=2727
c 00h00m16s | stage:decode:start round=1 requested_int_ids=274
c 00h00m16s | stage:relaxation:done round=1 clauses_added=1 circuit_clauses_added=0 cumulative_clauses_added=0 cop_clauses_added=1 circuit_cegar_failures=0 circuit_cegar_rounds=0 circuit_cegar_added_clauses=0 cumulative_cegar_failures=0 cumulative_cegar_rounds=0 cumulative_cegar_added_clauses=0 cop_cegar_failures=6 cop_cegar_rounds=12 cop_cegar_added_clauses=6
c 00h00m16s | stage:sat:solve:start round=2 circuit_cegar_rounds=- cumulative_cegar_rounds=- cop_cegar_rounds=13 assumptions=0 phase_lits=2727
c 00h00m16s | stage:sat:solve:done round=2 ms=82 result=Sat assumptions=0 phase_lits=2727
c 00h00m16s | stage:decode:start round=2 requested_int_ids=274
c 00h00m16s | stage:decode:final:start round=2 requested_int_ids=274
c 00h00m16s | stage:decode:done round=2 int_assignments=274
c 00h00m16s | stage:relaxation:done clauses_added=0 circuit_cegar_failures=0 circuit_cegar_rounds=0 circuit_cegar_added_clauses=0 cumulative_cegar_failures=0 cumulative_cegar_rounds=0 cumulative_cegar_added_clauses=0 cop_cegar_failures=6 cop_cegar_rounds=13 cop_cegar_added_clauses=6
c 00h00m16s | result:Sat
c 00h00m16s | objective:incumbent kind=improvement value=12 rounds=7 improvements=6
o 12
c 00h00m16s | stage:sat:init solver=CaDiCaL vars=12504 clauses=55034
c 00h00m16s | stage:sat:solve:start round=1 circuit_cegar_rounds=- cumulative_cegar_rounds=- cop_cegar_rounds=14 assumptions=0 phase_lits=2727
c 00h00m16s | stage:sat:solve:done round=1 ms=4 result=Sat assumptions=0 phase_lits=2727
c 00h00m16s | stage:decode:start round=1 requested_int_ids=274
c 00h00m16s | stage:relaxation:done round=1 clauses_added=1 circuit_clauses_added=0 cumulative_clauses_added=0 cop_clauses_added=1 circuit_cegar_failures=0 circuit_cegar_rounds=0 circuit_cegar_added_clauses=0 cumulative_cegar_failures=0 cumulative_cegar_rounds=0 cumulative_cegar_added_clauses=0 cop_cegar_failures=7 cop_cegar_rounds=14 cop_cegar_added_clauses=7
c 00h00m16s | stage:sat:solve:start round=2 circuit_cegar_rounds=- cumulative_cegar_rounds=- cop_cegar_rounds=15 assumptions=0 phase_lits=2727
c 00h00m20s | stage:sat:solve:done round=2 ms=3821 result=Unsat assumptions=0 phase_lits=2727
c 00h00m20s | result:Unsat
s OPTIMUM FOUND
o 12
v <instantiation>
v   <list> x[0][0] x[0][1] x[0][2] x[0][3] x[0][4] x[0][5] x[0][6] x[0][7] x[0][8] x[0][9] x[0][10] x[0][11] x[1][0] x[1][1] x[1][2] x[1][3] x[1][4] x[1][5] x[1][6] x[1][7] x[1][8] x[1][9] x[1][10] x[1][11] x[2][0] x[2][1] x[2][2] x[2][3] x[2][4] x[2][5] x[2][6] x[2][7] x[2][8] x[2][9] x[2][10] x[2][11] x[3][0] x[3][1] x[3][2] x[3][3] x[3][4] x[3][5] x[3][6] x[3][7] x[3][8] x[3][9] x[3][10] x[3][11] x[4][0] x[4][1] x[4][2] x[4][3] x[4][4] x[4][5] x[4][6] x[4][7] x[4][8] x[4][9] x[4][10] x[4][11] x[5][0] x[5][1] x[5][2] x[5][3] x[5][4] x[5][5] x[5][6] x[5][7] x[5][8] x[5][9] x[5][10] x[5][11] x[6][0] x[6][1] x[6][2] x[6][3] x[6][4] x[6][5] x[6][6] x[6][7] x[6][8] x[6][9] x[6][10] x[6][11] x[7][0] x[7][1] x[7][2] x[7][3] x[7][4] x[7][5] x[7][6] x[7][7] x[7][8] x[7][9] x[7][10] x[7][11] x[8][0] x[8][1] x[8][2] x[8][3] x[8][4] x[8][5] x[8][6] x[8][7] x[8][8] x[8][9] x[8][10] x[8][11] x[9][0] x[9][1] x[9][2] x[9][3] x[9][4] x[9][5] x[9][6] x[9][7] x[9][8] x[9][9] x[9][10] x[9][11] x[10][0] x[10][1] x[10][2] x[10][3] x[10][4] x[10][5] x[10][6] x[10][7] x[10][8] x[10][9] x[10][10] x[10][11] x[11][0] x[11][1] x[11][2] x[11][3] x[11][4] x[11][5] x[11][6] x[11][7] x[11][8] x[11][9] x[11][10] x[11][11] x[12][0] x[12][1] x[12][2] x[12][3] x[12][4] x[12][5] x[12][6] x[12][7] x[12][8] x[12][9] x[12][10] x[12][11] x[13][0] x[13][1] x[13][2] x[13][3] x[13][4] x[13][5] x[13][6] x[13][7] x[13][8] x[13][9] x[13][10] x[13][11] x[14][0] x[14][1] x[14][2] x[14][3] x[14][4] x[14][5] x[14][6] x[14][7] x[14][8] x[14][9] x[14][10] x[14][11] x[15][0] x[15][1] x[15][2] x[15][3] x[15][4] x[15][5] x[15][6] x[15][7] x[15][8] x[15][9] x[15][10] x[15][11] x[16][0] x[16][1] x[16][2] x[16][3] x[16][4] x[16][5] x[16][6] x[16][7] x[16][8] x[16][9] x[16][10] x[16][11] x[17][0] x[17][1] x[17][2] x[17][3] x[17][4] x[17][5] x[17][6] x[17][7] x[17][8] x[17][9] x[17][10] x[17][11] x[18][0] x[18][1] x[18][2] x[18][3] x[18][4] x[18][5] x[18][6] x[18][7] x[18][8] x[18][9] x[18][10] x[18][11] x[19][0] x[19][1] x[19][2] x[19][3] x[19][4] x[19][5] x[19][6] x[19][7] x[19][8] x[19][9] x[19][10] x[19][11] x[20][0] x[20][1] x[20][2] x[20][3] x[20][4] x[20][5] x[20][6] x[20][7] x[20][8] x[20][9] x[20][10] x[20][11] y[0] y[1] y[2] y[3] y[4] y[5] y[6] y[7] y[8] y[9] y[10] y[11] y[12] y[13] y[14] y[15] y[16] y[17] y[18] y[19] z aux_gb[0] </list>
v   <values> 3 10 2 5 11 4 7 6 9 1 12 8 3 10 2 5 11 4 7 6 8 12 1 9 3 10 2 7 4 11 5 6 8 12 1 9 3 4 7 2 10 11 5 6 8 12 1 9 3 4 7 2 10 8 6 5 11 12 1 9 3 4 7 2 5 6 8 10 11 12 1 9 3 4 7 2 5 6 8 1 12 11 10 9 3 4 7 2 1 8 6 5 12 11 10 9 3 4 8 1 2 7 6 5 12 11 10 9 1 8 4 3 2 7 6 5 12 11 10 9 1 2 3 4 8 7 6 5 12 11 10 9 1 2 3 4 8 7 6 5 9 10 11 12 1 2 3 4 5 6 7 8 9 10 11 12 1 2 3 4 5 6 7 8 9 10 11 12 1 2 3 4 5 6 7 8 9 10 11 12 1 2 3 4 5 6 7 8 9 10 11 12 1 2 3 4 5 6 7 8 9 10 11 12 1 2 3 4 5 6 7 8 9 10 11 12 1 2 3 4 5 6 7 8 9 10 11 12 1 2 3 4 5 6 7 8 9 10 11 12 1 2 3 4 5 6 7 8 9 10 11 12 9 4 2 6 5 8 5 3 1 2 9 5 0 0 0 0 0 0 0 0 12 12 </values>
v </instantiation>
d OBJECTIVE_VALUE 12
d OPTIMAL 1
d SOURCE_CONSTRAINTS 253
d NORMALIZED_CONSTRAINTS 253
d LOWERED_CONSTRAINTS 253
d UNSUPPORTED_CONSTRAINTS 0
d CIRCUIT_CEGAR_FAILURES 0
d CIRCUIT_CEGAR_ROUNDS 0
d CIRCUIT_CEGAR_ADDED_CLAUSES 0
d CUMULATIVE_CEGAR_FAILURES 0
d CUMULATIVE_CEGAR_ROUNDS 0
d CUMULATIVE_CEGAR_ADDED_CLAUSES 0
d COP_CEGAR_FAILURES 7
d COP_CEGAR_ROUNDS 15
d COP_CEGAR_ADDED_CLAUSES 7
d OBJECTIVE_ROUNDS 8
d OBJECTIVE_IMPROVEMENTS 6
d OBJECTIVE_OPTIMALITY_PROOF strict_cut_unsat
d PROPAGATE_MS 1
d NORMALIZE_MS 0
d LOWER_MS 11
d POST_LOWER_MS 0
d PREENCODE_MS 2
d ENCODE_MS 20
d SAT_SOLVE_MS 20066
d TOTAL_MS 20134
d SAT_VARS 12504
d SAT_CLAUSES_BASE 55034
d SAT_CLAUSES_FINAL 55035
d SAT_CLAUSES_CEGAR_DELTA 1
d SAT_CONFLICTS 152203
d LINEAR_INT_EQ_ARITY_STATS {"1":{"count":191,"max_domain_product_excluding_one_var":"1","p95_domain_product_excluding_one_var":"1"},"2":{"count":924,"max_domain_product_excluding_one_var":"12","p95_domain_product_excluding_one_var":"12"}}
d LINEAR_INT_NE_ARITY_STATS {"1":{"count":39,"max_domain_product_excluding_one_var":"1","p95_domain_product_excluding_one_var":"1"},"2":{"count":19,"max_domain_product_excluding_one_var":"10","p95_domain_product_excluding_one_var":"10"}}
d LINEAR_INT_GE_ARITY_STATS {}
d LINEAR_BOOL_MIXED_ARITY_STATS {}
d ROOT_LP_ENTERED 0
d ROOT_LP_STATUS skipped
d ROOT_LP_MS 0
d ROOT_LP_REASON --no-root-lp-bound
d PROPAGATE_PRUNED_VALUES 264
d PROPAGATE_CHANGED_DOMAINS 24
d PROPAGATE_ENTAILED_TABLES 0
d POST_LOWER_ROUNDS 0
d POST_LOWER_TIGHTENED_DOMAINS 0
d POST_LOWER_REMOVED_CLAUSES 0
d POST_LOWER_REMOVED_LITS 0
d POST_LOWER_DETECTED_UNSAT 0
d PREENCODE_INT_VARS 274
d ENCODE_EXTERNAL_GE_SPECS 0
d ENCODE_RELAXED_CIRCUITS 0
d DECODE_INT_ASSIGNMENTS 274
d CSV /bench/competition/2022-2025/COP22to25/RubiksCube-12-4-20-1_c24.xml.lzma,optimum,253,253,253,0,12504,55035,20134,1,0,11,2,20,20066,0,skipped,,,,,,0,,,,,,,,
