# WCTIME: wall clock time in seconds
WCTIME=182.108
# CPUTIME: CPU time in seconds (USERTIME+SYSTEMTIME)
CPUTIME=181.165
# USERTIME: CPU time spent in user mode in seconds
USERTIME=175.97
# SYSTEMTIME: CPU time spent in system mode in seconds
SYSTEMTIME=5.19494
# CPUUSAGE: CPUTIME/WCTIME in percent
CPUUSAGE=99.4825
# MAXVM: maximum virtual memory used in KiB
MAXVM=9000116
# MAXMM: maximum memory used in KiB
MAXMM=8057692
# MAXRSS: maximum Resident Segment Size in KiB
MAXRSS=8057692
# TIMEOUT: did the solver exceed the time limit?
TIMEOUT=false
# MEMOUT: did the solver exceed the memory limit?
MEMOUT=false
# EXITSTATUS: Exit status of the solver
EXITSTATUS=0
