# WCTIME: wall clock time in seconds
WCTIME=6.8945
# CPUTIME: CPU time in seconds (USERTIME+SYSTEMTIME)
CPUTIME=6.80627
# USERTIME: CPU time spent in user mode in seconds
USERTIME=5.95998
# SYSTEMTIME: CPU time spent in system mode in seconds
SYSTEMTIME=0.846292
# CPUUSAGE: CPUTIME/WCTIME in percent
CPUUSAGE=98.7203
# MAXVM: maximum virtual memory used in KiB
MAXVM=1915484
# MAXMM: maximum memory used in KiB
MAXMM=1588892
# MAXRSS: maximum Resident Segment Size in KiB
MAXRSS=1588892
# TIMEOUT: did the solver exceed the time limit?
TIMEOUT=false
# MEMOUT: did the solver exceed the memory limit?
MEMOUT=false
# EXITSTATUS: Exit status of the solver
EXITSTATUS=0
