# WCTIME: wall clock time in seconds
WCTIME=77.488
# CPUTIME: CPU time in seconds (USERTIME+SYSTEMTIME)
CPUTIME=77.074
# USERTIME: CPU time spent in user mode in seconds
USERTIME=74.9808
# SYSTEMTIME: CPU time spent in system mode in seconds
SYSTEMTIME=2.09318
# CPUUSAGE: CPUTIME/WCTIME in percent
CPUUSAGE=99.4657
# MAXVM: maximum virtual memory used in KiB
MAXVM=2231364
# MAXMM: maximum memory used in KiB
MAXMM=1843632
# MAXRSS: maximum Resident Segment Size in KiB
MAXRSS=1840568
# TIMEOUT: did the solver exceed the time limit?
TIMEOUT=false
# MEMOUT: did the solver exceed the memory limit?
MEMOUT=false
# EXITSTATUS: Exit status of the solver
EXITSTATUS=0
