# WCTIME: wall clock time in seconds
WCTIME=1805.22
# CPUTIME: CPU time in seconds (USERTIME+SYSTEMTIME)
CPUTIME=1477.19
# USERTIME: CPU time spent in user mode in seconds
USERTIME=1343.4
# SYSTEMTIME: CPU time spent in system mode in seconds
SYSTEMTIME=133.796
# CPUUSAGE: CPUTIME/WCTIME in percent
CPUUSAGE=81.8287
# MAXVM: maximum virtual memory used in KiB
MAXVM=104027776
# MAXMM: maximum memory used in KiB
MAXMM=88902264
# MAXRSS: maximum Resident Segment Size in KiB
MAXRSS=76722172
# TIMEOUT: did the solver exceed the time limit?
TIMEOUT=true
# MEMOUT: did the solver exceed the memory limit?
MEMOUT=false
# EXITSTATUS: Exit status of the solver
EXITSTATUS=36608
