# WCTIME: wall clock time in seconds
WCTIME=1800.25
# CPUTIME: CPU time in seconds (USERTIME+SYSTEMTIME)
CPUTIME=1788.23
# USERTIME: CPU time spent in user mode in seconds
USERTIME=1779.75
# SYSTEMTIME: CPU time spent in system mode in seconds
SYSTEMTIME=8.47835
# CPUUSAGE: CPUTIME/WCTIME in percent
CPUUSAGE=99.3325
# MAXVM: maximum virtual memory used in KiB
MAXVM=3040376
# MAXMM: maximum memory used in KiB
MAXMM=2810980
# MAXRSS: maximum Resident Segment Size in KiB
MAXRSS=2810088
# TIMEOUT: did the solver exceed the time limit?
TIMEOUT=true
# MEMOUT: did the solver exceed the memory limit?
MEMOUT=false
# EXITSTATUS: Exit status of the solver
EXITSTATUS=36608
