c cmd: /host-parser-bin/kat_xcsp_9dea6fb2 /bench/competition/2022-2025/COP22to25/CarpetCutting-test08_c23.xml.lzma --encoder portfolio --portfolio-strategy v3 --cop-pipeline guarded-basic --cop-objective-cut direct-expr --cop-objective-cut-timing incremental-soft --cop-objective-cut-backend cnf --cop-objective-search binary --table-encoding mdd-tl --cumulative-mode exact --cumulative-decomposition time-rd --progress --log-scop-linear-pb-backend auto --log-scop-bdd-decomposition auto --log-scop-aggregate-weighted-lits --order-ge-shorten-link-cost --direct-eq-ne-max-arity 2 --eq-ne-encoding direct --portfolio-log-scop-eq-ne-encoding ge-rewrite --cop-objective-phase objective-guided --cop-incumbent-bump
c version: kat-cli=0.1.0 git=unknown-clean
c run_start_local: 2026-06-15 15:14:36 +0900
c 00h00m00s | solve:start
c 00h00m00s | stage:objective-cut timing=incremental-soft backend=cnf form=direct-expr
c 00h00m00s | input: constraints=422
c 00h00m00s | stage:propagate:start
c 00h00m00s | stage:propagate:done ms=1 pruned=49698 changed_domains=160 entailed_tables=17
c 00h00m00s | memory:rss checkpoint=after_propagate bytes=443445248 rss=422.90MiB
c 00h00m00s | stage:normalize:start
c 00h00m00s | stage:normalize:done ms=0 high_constraints=422
c 00h00m00s | stage:lower:start
c 00h00m00s | stage:lower:progress percent=10 processed=43 total=422 lowered=43 unsupported=0 ms=0
c 00h00m00s | stage:lower:progress percent=20 processed=85 total=422 lowered=85 unsupported=0 ms=0
c 00h00m00s | stage:lower:progress percent=30 processed=127 total=422 lowered=127 unsupported=0 ms=0
c 00h00m00s | stage:lower:progress percent=40 processed=169 total=422 lowered=169 unsupported=0 ms=0
c 00h00m00s | stage:lower:progress percent=50 processed=211 total=422 lowered=211 unsupported=0 ms=1
c 00h00m00s | stage:lower:progress percent=60 processed=254 total=422 lowered=254 unsupported=0 ms=1
c 00h00m00s | stage:lower:progress percent=70 processed=296 total=422 lowered=296 unsupported=0 ms=1
c 00h00m00s | stage:lower:progress percent=80 processed=338 total=422 lowered=338 unsupported=0 ms=1
c 00h00m10s | stage:lower:progress percent=90 processed=380 total=422 lowered=380 unsupported=0 ms=10831
c 00h00m10s | stage:lower:progress percent=100 processed=422 total=422 lowered=422 unsupported=0 ms=10832
c 00h00m11s | stage:lower:done ms=11448 lowered=422 unsupported=0
c 00h00m11s | memory:rss checkpoint=after_lower bytes=584880128 rss=557.79MiB
c 00h00m11s | stage:post_lower:start
c 00h00m13s | stage:post_lower:done ms=1934 rounds=7642 tightened=22397 removed_cls=53559 removed_lits=53201 unsat=false precise_hits=464 precise_rounds=2 pivot_recomputes=322509 pivot_exact_attempts=294 pivot_general_attempts=322401 pivot_general_rest_missing=0 pivot_general_bound_missing=0 pivot_general_no_change=322377 pivot_general_tightened=24 setup_ms=1147 loop_ms=560 pivot_ms=0 pivot_version_ms=0 pivot_exact_ms=0 pivot_general_ms=0 pivot_general_prepare_ms=0 pivot_general_rest_ms=0 pivot_general_derive_ms=0 apply_ms=34 sat_ms=0 precise_ms=14
c 00h00m13s | memory:rss checkpoint=after_post_lower bytes=619200512 rss=590.52MiB
c 00h00m13s | stage:lowered-shape int_vars=354042 bool_vars=357926 linear_atoms=1428018 table_atoms=0 table_tuples=0 table_scope=0 alldiff_atoms=0 circuit_atoms=0 product_atoms=0 logical_clauses=1729289
c 00h00m13s | stage:root-lp:skip reason=disabled ms=0
c 00h00m14s | stage:preencode(log-scop):linear-extprop constraints=7324
c 00h00m14s | memory:rss checkpoint=before_preencode bytes=814899200 rss=777.15MiB
c 00h00m14s | stage:preencode(log-scop):start
c 00h00m14s | stage:preencode(log-scop):done ms=200 int_vars=354042
c 00h00m14s | memory:rss checkpoint=after_preencode bytes=873676800 rss=833.20MiB
c 00h00m14s | memory:rss checkpoint=before_encode bytes=927109120 rss=884.16MiB
c 00h00m14s | stage:encode(log-scop):start
c 00h00m20s | memory:rss checkpoint=encode_clause_sample stage=log-scop clauses=10192328 bytes=4002955264 rss=3.73GiB progress_percent=10 processed=205890 total=2058892
c 00h00m20s | stage:encode(log-scop):progress percent=10 processed=205890 total=2058892 sat_clauses=10192328 ms=5786
c 00h00m24s | memory:rss checkpoint=encode_clause_sample stage=log-scop clauses=15807199 bytes=6604713984 rss=6.15GiB progress_percent=20 processed=411779 total=2058892
c 00h00m24s | stage:encode(log-scop):progress percent=20 processed=411779 total=2058892 sat_clauses=15807199 ms=9522
c 00h00m26s | memory:rss checkpoint=encode_clause_sample stage=log-scop clauses=21429867 bytes=7175229440 rss=6.68GiB progress_percent=30 processed=617668 total=2058892
c 00h00m26s | stage:encode(log-scop):progress percent=30 processed=617668 total=2058892 sat_clauses=21429867 ms=12108
c 00h00m29s | memory:rss checkpoint=encode_clause_sample stage=log-scop clauses=27044278 bytes=7756689408 rss=7.22GiB progress_percent=40 processed=823557 total=2058892
c 00h00m29s | stage:encode(log-scop):progress percent=40 processed=823557 total=2058892 sat_clauses=27044278 ms=14681
c 00h00m31s | memory:rss checkpoint=encode_clause_sample stage=log-scop clauses=32677665 bytes=8355209216 rss=7.78GiB progress_percent=50 processed=1029446 total=2058892
c 00h00m31s | stage:encode(log-scop):progress percent=50 processed=1029446 total=2058892 sat_clauses=32677665 ms=17270
c 00h00m36s | memory:rss checkpoint=encode_clause_sample stage=log-scop clauses=38291538 bytes=12944551936 rss=12.06GiB progress_percent=60 processed=1235336 total=2058892
c 00h00m36s | stage:encode(log-scop):progress percent=60 processed=1235336 total=2058892 sat_clauses=38291538 ms=22222
c 00h00m39s | memory:rss checkpoint=encode_clause_sample stage=log-scop clauses=43900396 bytes=13517398016 rss=12.59GiB progress_percent=70 processed=1441225 total=2058892
c 00h00m39s | stage:encode(log-scop):progress percent=70 processed=1441225 total=2058892 sat_clauses=43900396 ms=24776
c 00h00m42s | memory:rss checkpoint=encode_clause_sample stage=log-scop clauses=51110246 bytes=14273736704 rss=13.29GiB progress_percent=80 processed=1647114 total=2058892
c 00h00m42s | stage:encode(log-scop):progress percent=80 processed=1647114 total=2058892 sat_clauses=51110246 ms=27914
c 00h00m44s | memory:rss checkpoint=encode_clause_sample stage=log-scop clauses=56796120 bytes=14882107392 rss=13.86GiB progress_percent=90 processed=1853003 total=2058892
c 00h00m44s | stage:encode(log-scop):progress percent=90 processed=1853003 total=2058892 sat_clauses=56796120 ms=30373
c 00h00m45s | memory:rss checkpoint=encode_clause_sample stage=log-scop clauses=56796120 bytes=14882107392 rss=13.86GiB progress_percent=100 processed=2058892 total=2058892
c 00h00m45s | stage:encode(log-scop):progress percent=100 processed=2058892 total=2058892 sat_clauses=56796120 ms=30646
c 00h00m45s | stage:encode(log-scop):done ms=30656 sat_vars=38261204 sat_clauses=56796120 ext_ge_specs=0 relaxed_circuits=0 log_scop_pb_constraints=2569369 log_scop_pb_mixed=0 log_scop_pb_bdd2=2569369 log_scop_pb_bdd3=0 log_scop_pb_sorter=0 log_scop_pb_dadda=0 log_scop_bdd_raw=2569369 log_scop_bdd_binary=0 log_scop_bdd_multibase=0
c 00h00m48s | stage:objective-cut timing=incremental-soft backend=cnf form=direct-expr
c 00h00m48s | stage:sat:init solver=CaDiCaL vars=38261204 clauses=56796120
c 00h00m48s | stage:sat:solve:start assumptions=0 phase_lits=0
c 00h03m16s | stage:sat:solve:done ms=147893 result=Sat assumptions=0 phase_lits=0
c 00h03m16s | stage:decode:start
c 00h03m16s | stage:decode:done int_assignments=414
c 00h03m16s | result:Sat
c 00h03m16s | objective:incumbent kind=initial value=6824 rounds=1 improvements=0
o 6824
c 00h03m17s | stage:objective-cut:soft-install bound=4947 guard=38261215 clauses_added=15
c 00h03m17s | stage:objective-cut:soft-probe search=binary [LB,UB] = [3072,6823] next 4947 source=install guard=38261215
c 00h03m17s | stage:sat:init solver=CaDiCaL vars=38261215 clauses=56796135
c 00h03m17s | stage:sat:solve:start assumptions=1 phase_lits=1771
c 00h07m24s | stage:sat:solve:done ms=247811 result=Sat assumptions=1 phase_lits=1771
c 00h07m24s | stage:decode:start
c 00h07m25s | stage:decode:done int_assignments=414
c 00h07m25s | result:Sat
c 00h07m27s | objective:incumbent kind=improvement value=4859 rounds=2 improvements=1
o 4859
c 00h07m27s | stage:objective-cut:soft-result search=binary bound=4947 result=sat guard=38261215 hard=guard [LB,UB] = [3072,4858]
c 00h07m27s | stage:objective-cut:soft-install bound=3965 guard=38261227 clauses_added=15
c 00h07m27s | stage:objective-cut:soft-probe search=binary [LB,UB] = [3072,4858] next 3965 source=install guard=38261227
c 00h07m27s | stage:sat:init solver=CaDiCaL vars=38261227 clauses=56796151
c 00h07m27s | stage:sat:solve:start assumptions=1 phase_lits=1771
c 00h14m40s | stage:sat:solve:done ms=432378 result=Sat assumptions=1 phase_lits=1771
c 00h14m40s | stage:decode:start
c 00h14m40s | stage:decode:done int_assignments=414
c 00h14m40s | result:Sat
c 00h14m40s | objective:incumbent kind=improvement value=3963 rounds=3 improvements=2
o 3963
c 00h14m40s | stage:objective-cut:soft-result search=binary bound=3965 result=sat guard=38261227 hard=guard [LB,UB] = [3072,3962]
c 00h14m40s | stage:objective-cut:soft-install bound=3517 guard=38261239 clauses_added=16
c 00h14m40s | stage:objective-cut:soft-probe search=binary [LB,UB] = [3072,3962] next 3517 source=install guard=38261239
c 00h14m40s | stage:sat:init solver=CaDiCaL vars=38261239 clauses=56796168
c 00h14m40s | stage:sat:solve:start assumptions=1 phase_lits=1771
c 00h26m05s | stage:sat:solve:done ms=685014 result=Sat assumptions=1 phase_lits=1771
c 00h26m05s | stage:decode:start
c 00h26m05s | stage:decode:done int_assignments=414
c 00h26m05s | result:Sat
c 00h26m06s | objective:incumbent kind=improvement value=3517 rounds=4 improvements=3
o 3517
c 00h26m06s | stage:objective-cut:soft-result search=binary bound=3517 result=sat guard=38261239 hard=guard [LB,UB] = [3072,3516]
c 00h26m06s | stage:objective-cut:soft-install bound=3294 guard=38261252 clauses_added=18
c 00h26m06s | stage:objective-cut:soft-probe search=binary [LB,UB] = [3072,3516] next 3294 source=install guard=38261252
c 00h26m06s | stage:sat:init solver=CaDiCaL vars=38261252 clauses=56796187
c 00h26m06s | stage:sat:solve:start assumptions=1 phase_lits=1771
s SATISFIABLE
o 3517
v <instantiation>
v   <list> z x[0] x[1] x[2] x[3] x[4] x[5] x[6] x[7] x[8] x[9] x[10] x[11] x[12] x[13] x[14] x[15] x[16] y[0] y[1] y[2] y[3] y[4] y[5] y[6] y[7] y[8] y[9] y[10] y[11] y[12] y[13] y[14] y[15] y[16] r[0] r[1] r[2] r[3] r[4] r[5] r[6] r[7] r[8] r[9] r[10] r[11] r[12] r[13] r[14] r[15] r[16] r0or180[0] r0or180[1] r0or180[2] r0or180[3] r0or180[4] r0or180[5] r0or180[6] r0or180[7] r0or180[8] r0or180[9] r0or180[10] r0or180[11] r0or180[12] r0or180[13] r0or180[14] r0or180[15] r0or180[16] r0or90[0] r0or90[1] r0or90[2] r0or90[3] r0or90[4] r0or90[5] r0or90[6] r0or90[7] r0or90[8] r0or90[9] r0or90[10] r0or90[11] r0or90[12] r0or90[13] r0or90[14] r0or90[15] r0or90[16] xr[0] xr[1] xr[2] xr[3] xr[4] xr[5] xr[6] xr[7] xr[8] xr[9] xr[10] xr[11] xr[12] xr[13] xr[14] xr[15] xr[16] xr[17] xr[18] xr[19] xr[20] xr[21] xr[22] xr[23] xr[24] xr[25] xr[26] xr[27] xr[28] yr[0] yr[1] yr[2] yr[3] yr[4] yr[5] yr[6] yr[7] yr[8] yr[9] yr[10] yr[11] yr[12] yr[13] yr[14] yr[15] yr[16] yr[17] yr[18] yr[19] yr[20] yr[21] yr[22] yr[23] yr[24] yr[25] yr[26] yr[27] yr[28] lr[0] lr[1] lr[2] lr[3] lr[4] lr[5] lr[6] lr[7] lr[8] lr[9] lr[10] lr[11] lr[12] lr[13] lr[14] lr[15] lr[16] lr[17] lr[18] lr[19] lr[20] lr[21] lr[22] lr[23] lr[24] lr[25] lr[26] lr[27] lr[28] wr[0] wr[1] wr[2] wr[3] wr[4] wr[5] wr[6] wr[7] wr[8] wr[9] wr[10] wr[11] wr[12] wr[13] wr[14] wr[15] wr[16] wr[17] wr[18] wr[19] wr[20] wr[21] wr[22] wr[23] wr[24] wr[25] wr[26] wr[27] wr[28] xs[0] xs[1] xs[2] xs[3] xs[4] xs[5] xs[6] xs[7] xs[8] xs[9] xs[10] xs[11] xs[12] xs[13] xs[14] xs[15] xs[16] ys[0] ys[1] ys[2] ys[3] ys[4] ys[5] ys[6] ys[7] ys[8] ys[9] ys[10] ys[11] ys[12] ys[13] ys[14] ys[15] ys[16] lp[0][0] lp[0][1] lp[0][2] lp[0][3] lp[0][4] lp[0][5] lp[0][6] lp[0][7] lp[0][8] lp[0][9] lp[0][10] lp[0][11] lp[0][12] lp[0][13] lp[1][0] lp[1][1] lp[1][2] lp[1][3] lp[1][4] lp[1][5] lp[1][6] lp[1][7] lp[1][8] lp[1][9] lp[1][10] lp[1][11] lp[1][12] lp[1][13] aux_gb[0] aux_gb[1] aux_gb[2] aux_gb[3] aux_gb[4] aux_gb[5] aux_gb[6] aux_gb[7] aux_gb[8] aux_gb[9] aux_gb[10] aux_gb[11] aux_gb[12] aux_gb[13] aux_gb[14] aux_gb[15] aux_gb[16] aux_gb[17] aux_gb[18] aux_gb[19] aux_gb[20] aux_gb[21] aux_gb[22] aux_gb[23] aux_gb[24] aux_gb[25] aux_gb[26] aux_gb[27] aux_gb[28] aux_gb[29] aux_gb[30] aux_gb[31] aux_gb[32] aux_gb[33] aux_gb[34] aux_gb[35] aux_gb[36] aux_gb[37] aux_gb[38] aux_gb[39] aux_gb[40] aux_gb[41] aux_gb[42] aux_gb[43] aux_gb[44] aux_gb[45] aux_gb[46] aux_gb[47] aux_gb[48] aux_gb[49] aux_gb[50] aux_gb[51] aux_gb[52] aux_gb[53] aux_gb[54] aux_gb[55] aux_gb[56] aux_gb[57] aux_gb[58] aux_gb[59] aux_gb[60] aux_gb[61] aux_gb[62] aux_gb[63] aux_gb[64] aux_gb[65] aux_gb[66] aux_gb[67] aux_gb[68] aux_gb[69] aux_gb[70] aux_gb[71] aux_gb[72] aux_gb[73] aux_gb[74] aux_gb[75] aux_gb[76] aux_gb[77] aux_gb[78] aux_gb[79] aux_gb[80] aux_gb[81] aux_gb[82] aux_gb[83] aux_gb[84] aux_gb[85] aux_gb[86] aux_gb[87] aux_gb[88] aux_gb[89] aux_gb[90] aux_gb[91] aux_gb[92] aux_gb[93] aux_gb[94] aux_gb[95] aux_gb[96] aux_gb[97] aux_gb[98] aux_gb[99] aux_gb[100] aux_gb[101] aux_gb[102] aux_gb[103] aux_gb[104] aux_gb[105] aux_gb[106] aux_gb[107] aux_gb[108] aux_gb[109] aux_gb[110] aux_gb[111] aux_gb[112] aux_gb[113] aux_gb[114] aux_gb[115] aux_gb[116] aux_gb[117] aux_gb[118] aux_gb[119] aux_gb[120] aux_gb[121] aux_gb[122] aux_gb[123] aux_gb[124] aux_gb[125] aux_gb[126] aux_gb[127] aux_gb[128] aux_gb[129] aux_gb[130] aux_gb[131] aux_gb[132] aux_gb[133] aux_gb[134] aux_gb[135] aux_gb[136] aux_gb[137] aux_gb[138] aux_gb[139] aux_gb[140] aux_gb[141] aux_gb[142] aux_gb[143] aux_gb[144] aux_gb[145] aux_gb[146] aux_gb[147] aux_gb[148] aux_gb[149] </list>
v   <values> 3517 2703 960 1585 2810 2108 2815 2787 3180 1368 0 1924 0 280 1310 991 699 473 3 0 3 90 47 127 2 75 59 1 17 381 267 177 399 4 16 0 0 0 0 2 0 0 1 0 0 0 0 0 2 0 1 1 1 1 1 1 1 1 1 0 1 1 1 1 1 1 1 0 0 1 1 1 1 0 1 1 1 1 1 1 1 1 0 1 1 1 2703 960 960 1585 2810 2810 2880 2880 2701 2171 2108 2815 2787 3180 1368 0 1924 2014 2108 0 280 1310 1310 991 699 753 473 563 683 3 103 0 3 383 244 221 90 124 47 47 127 2 75 59 1 17 17 277 381 267 177 241 399 359 4 290 16 16 83 349 408 311 342 268 198 300 109 530 63 53 88 337 77 563 90 94 41 271 193 208 704 240 54 207 90 120 30 121 295 103 235 93 139 23 131 346 423 144 111 122 422 118 257 213 366 106 115 228 64 257 97 134 489 210 484 154 3018 3072 3126 1445 1489 1541 132 176 220 3092 3136 0 44 88 2022 2066 2110 3 3 3 2 2 2 258 258 258 259 259 268 268 268 396 396 396 0 0 1 0 0 0 0 0 0 0 0 0 0 0 0 0 1 0 0 1 0 1 0 0 1 0 0 1 0 0 0 0 0 0 70 70 593 63 0 0 0 0 0 0 0 90 184 0 0 0 0 0 0 54 0 90 210 103 0 293 154 131 0 77 0 0 0 0 260 0 64 355 0 274 0 0 54 54 54 44 44 44 44 44 44 44 44 44 44 44 44 44 44 84 84 84 92 92 92 92 92 92 92 92 92 92 92 92 92 92 84 84 84 92 92 92 92 92 92 92 92 92 92 92 92 92 92 54 54 54 44 44 44 44 44 44 44 44 44 44 44 44 44 44 54 84 54 84 54 84 44 92 44 92 44 92 44 92 44 92 44 92 44 92 44 92 44 92 44 92 44 92 44 92 44 92 44 92 </values>
v </instantiation>
d OBJECTIVE_VALUE 3517
d OPTIMAL 0
d OBJECTIVE_ROUNDS 4
d OBJECTIVE_IMPROVEMENTS 3
d COP_INCUMBENT_ELAPSED_MS 1566117
d SOLVE_ELAPSED_MS 1784873
d CURRENT_STAGE sat
d CURRENT_STAGE_ELAPSED_MS 218532
d LAST_COMPLETED_STAGE decode
d STAGE_PARSE_STATUS pending
d STAGE_PROPAGATE_STATUS done
d STAGE_NORMALIZE_STATUS done
d STAGE_LOWER_STATUS done
d STAGE_POST_LOWER_STATUS done
d STAGE_PREENCODE_STATUS done
d STAGE_ENCODE_STATUS done
d STAGE_SAT_STATUS running
d STAGE_DECODE_STATUS done
d STAGE_RELAXATION_STATUS pending
d STAGE_DUMP_CNF_STATUS pending
d SOURCE_CONSTRAINTS 422
d NORMALIZED_CONSTRAINTS 422
d LOWERED_CONSTRAINTS 422
d UNSUPPORTED_CONSTRAINTS 0
d SAT_VARS 38261204
d SAT_CLAUSES_BASE 56796120
d SAT_CLAUSES_FINAL 56796120
d SAT_CLAUSES_CEGAR_DELTA 0
d MEMORY_RSS_BYTES 14882107392
d MEMORY_RSS_AFTER_PROPAGATE_BYTES 443445248
d MEMORY_RSS_AFTER_LOWER_BYTES 584880128
d MEMORY_RSS_AFTER_POST_LOWER_BYTES 619200512
d MEMORY_RSS_BEFORE_PREENCODE_BYTES 814899200
d MEMORY_RSS_AFTER_PREENCODE_BYTES 873676800
d MEMORY_RSS_BEFORE_ENCODE_BYTES 927109120
d MEMORY_RSS_ENCODE_SAMPLE_INTERVAL_CLAUSES 1000000
d MEMORY_RSS_ENCODE_SAMPLE_COUNT 66
d MEMORY_RSS_ENCODE_LAST_SAMPLE_CLAUSE 56796120
d MEMORY_RSS_ENCODE_LAST_SAMPLE_BYTES 14882107392
d MEMORY_RSS_ENCODE_MAX_SAMPLE_BYTES 14882107392
d CSP_INT_VARS 414
d CSP_CONSTRAINTS 422
d CSP_INTENTIONAL 351
d CSP_GLOBAL 54
d CSP_EXTENSIONAL 17
d CSP_ALLDIFF 0
d CSP_CUMULATIVE 2
d CSP_TABLE 17
d CSP_DOMAIN_SPAN_MEDIAN 154
d CSP_DOMAIN_SPAN_MAX 6824
d N_CUMULATIVE 2
d N_TABLE 17
d SAT_CONFLICTS 36332
d CUMULATIVE_EXTPROP_CONSTRAINTS 2
d CUMULATIVE_EXTPROP_OBSERVED_VARS 1063
d CUMULATIVE_EXTPROP_OBSERVED_LITS 1063
d CUMULATIVE_EXTPROP_OBSERVED_LIT_OCCURRENCES 1109
d CUMULATIVE_EXTPROP_NOTIFY_ASSIGNMENT_CALLS 314896
d CUMULATIVE_EXTPROP_NOTIFY_ASSIGNMENT_LITS 3452068670
d CUMULATIVE_EXTPROP_NOTIFY_NEW_DECISION_LEVEL_CALLS 367039655
d CUMULATIVE_EXTPROP_NOTIFY_BACKTRACK_CALLS 70608
d CUMULATIVE_EXTPROP_CB_CHECK_FOUND_MODEL_CALLS 4
d CUMULATIVE_EXTPROP_CB_CHECK_FOUND_MODEL_REJECTS 0
d CUMULATIVE_EXTPROP_CB_PROPAGATE_CALLS 254543
d CUMULATIVE_EXTPROP_CB_PROPAGATE_CONFLICTS 4666
d CUMULATIVE_EXTPROP_PROPAGATED_LITS 0
d CUMULATIVE_EXTPROP_REASON_CLAUSES 0
d CUMULATIVE_EXTPROP_REASON_CLAUSE_LITS 0
d CUMULATIVE_EXTPROP_REASON_CLAUSE_MAX_LEN 0
d CUMULATIVE_EXTPROP_CB_HAS_EXTERNAL_CLAUSE_CALLS 367050240
d CUMULATIVE_EXTPROP_CB_ADD_EXTERNAL_CLAUSE_LIT_CALLS 375793
d CUMULATIVE_EXTPROP_EXTERNAL_CLAUSES 4666
d CUMULATIVE_EXTPROP_EXTERNAL_CLAUSE_LITS 371127
d CUMULATIVE_EXTPROP_EXTERNAL_CLAUSE_MAX_LEN 202
d CUMULATIVE_EXTPROP_PARTIAL_VIOLATION_CALLS 305251
d CUMULATIVE_EXTPROP_COMPULSORY_VIOLATION_CALLS 305251
d CUMULATIVE_EXTPROP_BOUND_PROPAGATION_CALLS 0
d CUMULATIVE_EXTPROP_BOUND_REASON_CALLS 0
d CUMULATIVE_EXTPROP_PARTIAL_SUMMARY_TASK_EVALS 10506354
d CUMULATIVE_EXTPROP_BOUND_SUMMARY_TASK_EVALS 14041546
d CUMULATIVE_EXTPROP_BOUND_EVENT_PAIRS 0
d CUMULATIVE_EXTPROP_LOWER_BOUND_LIT_CALLS 0
d CUMULATIVE_EXTPROP_UPPER_BOUND_LIT_CALLS 0
d CUMULATIVE_EXTPROP_LOG_WITNESS_CHECKS 0
d LINEAR_INT_EQ_ARITY_STATS {"1":{"count":353843,"max_domain_product_excluding_one_var":"1","p95_domain_product_excluding_one_var":"1"},"2":{"count":353686,"max_domain_product_excluding_one_var":"2","p95_domain_product_excluding_one_var":"2"},"3":{"count":58,"max_domain_product_excluding_one_var":"25820","p95_domain_product_excluding_one_var":"19755"}}
d LINEAR_INT_NE_ARITY_STATS {"1":{"count":68,"max_domain_product_excluding_one_var":"1","p95_domain_product_excluding_one_var":"1"}}
d LINEAR_INT_GE_ARITY_STATS {"1":{"count":353769,"max_domain_product_excluding_one_var":"1","p95_domain_product_excluding_one_var":"1"},"2":{"count":353940,"max_domain_product_excluding_one_var":"6781","p95_domain_product_excluding_one_var":"2"},"3":{"count":4261,"max_domain_product_excluding_one_var":"397620","p95_domain_product_excluding_one_var":"13474"},"4":{"count":46,"max_domain_product_excluding_one_var":"211136220","p95_domain_product_excluding_one_var":"211136220"},"5":{"count":67,"max_domain_product_excluding_one_var":"103456747800","p95_domain_product_excluding_one_var":"103456747800"},"6":{"count":76,"max_domain_product_excluding_one_var":"50176522683000","p95_domain_product_excluding_one_var":"50176522683000"},"7":{"count":56,"max_domain_product_excluding_one_var":"21224669094909000","p95_domain_product_excluding_one_var":"21224669094909000"},"8":{"count":59,"max_domain_product_excluding_one_var":"8680889659817781000","p95_domain_product_excluding_one_var":"8680889659817781000"},"9":{"count":20,"max_domain_product_excluding_one_var":"3185886505153125627000","p95_domain_product_excluding_one_var":"3185886505153125627000"},"10":{"count":7,"max_domain_product_excluding_one_var":"1115060276803593969450000","p95_domain_product_excluding_one_var":"1115060276803593969450000"},"11":{"count":35,"max_domain_product_excluding_one_var":"386925916050847107399150000","p95_domain_product_excluding_one_var":"386925916050847107399150000"},"12":{"count":42,"max_domain_product_excluding_one_var":"132715589205440557837908450000","p95_domain_product_excluding_one_var":"132715589205440557837908450000"},"13":{"count":40,"max_domain_product_excluding_one_var":"41407263832097454045427436400000","p95_domain_product_excluding_one_var":"41407263832097454045427436400000"},"14":{"count":33,"max_domain_product_excluding_one_var":"12463586413461333667673658356400000","p95_domain_product_excluding_one_var":"12463586413461333667673658356400000"},"15":{"count":31,"max_domain_product_excluding_one_var":"3390095504461482757607235072940800000","p95_domain_product_excluding_one_var":"3390095504461482757607235072940800000"},"16":{"count":40,"max_domain_product_excluding_one_var":"340282366920938463463374607431768211455","p95_domain_product_excluding_one_var":"340282366920938463463374607431768211455"},"17":{"count":27,"max_domain_product_excluding_one_var":"340282366920938463463374607431768211455","p95_domain_product_excluding_one_var":"340282366920938463463374607431768211455"},"18":{"count":18,"max_domain_product_excluding_one_var":"340282366920938463463374607431768211455","p95_domain_product_excluding_one_var":"340282366920938463463374607431768211455"},"19":{"count":5,"max_domain_product_excluding_one_var":"340282366920938463463374607431768211455","p95_domain_product_excluding_one_var":"340282366920938463463374607431768211455"},"20":{"count":12,"max_domain_product_excluding_one_var":"340282366920938463463374607431768211455","p95_domain_product_excluding_one_var":"340282366920938463463374607431768211455"},"21":{"count":54,"max_domain_product_excluding_one_var":"340282366920938463463374607431768211455","p95_domain_product_excluding_one_var":"340282366920938463463374607431768211455"},"22":{"count":54,"max_domain_product_excluding_one_var":"340282366920938463463374607431768211455","p95_domain_product_excluding_one_var":"340282366920938463463374607431768211455"},"23":{"count":20,"max_domain_product_excluding_one_var":"340282366920938463463374607431768211455","p95_domain_product_excluding_one_var":"340282366920938463463374607431768211455"},"24":{"count":22,"max_domain_product_excluding_one_var":"340282366920938463463374607431768211455","p95_domain_product_excluding_one_var":"340282366920938463463374607431768211455"},"25":{"count":13,"max_domain_product_excluding_one_var":"340282366920938463463374607431768211455","p95_domain_product_excluding_one_var":"340282366920938463463374607431768211455"},"26":{"count":4,"max_domain_product_excluding_one_var":"340282366920938463463374607431768211455","p95_domain_product_excluding_one_var":"340282366920938463463374607431768211455"},"27":{"count":10,"max_domain_product_excluding_one_var":"340282366920938463463374607431768211455","p95_domain_product_excluding_one_var":"340282366920938463463374607431768211455"},"28":{"count":12,"max_domain_product_excluding_one_var":"340282366920938463463374607431768211455","p95_domain_product_excluding_one_var":"340282366920938463463374607431768211455"},"29":{"count":111,"max_domain_product_excluding_one_var":"340282366920938463463374607431768211455","p95_domain_product_excluding_one_var":"340282366920938463463374607431768211455"},"30":{"count":106,"max_domain_product_excluding_one_var":"340282366920938463463374607431768211455","p95_domain_product_excluding_one_var":"340282366920938463463374607431768211455"},"42":{"count":44,"max_domain_product_excluding_one_var":"340282366920938463463374607431768211455","p95_domain_product_excluding_one_var":"340282366920938463463374607431768211455"},"44":{"count":10,"max_domain_product_excluding_one_var":"340282366920938463463374607431768211455","p95_domain_product_excluding_one_var":"340282366920938463463374607431768211455"},"46":{"count":6770,"max_domain_product_excluding_one_var":"340282366920938463463374607431768211455","p95_domain_product_excluding_one_var":"340282366920938463463374607431768211455"},"47":{"count":500,"max_domain_product_excluding_one_var":"340282366920938463463374607431768211455","p95_domain_product_excluding_one_var":"340282366920938463463374607431768211455"}}
d LINEAR_BOOL_MIXED_ARITY_STATS {"2":{"count":49,"max_domain_product_excluding_one_var":"2","p95_domain_product_excluding_one_var":"2"}}
d ROOT_LP_ENTERED 0
d ROOT_LP_STATUS skipped
d ROOT_LP_MS 0
d ROOT_LP_REASON root_lp_disabled
d OBJECTIVE_CUT_TIMING incremental-soft
d OBJECTIVE_CUT_BACKEND cnf
d OBJECTIVE_CUT_FORM direct-expr
d PROPAGATE_PRUNED_VALUES 49698
d PROPAGATE_CHANGED_DOMAINS 160
d PROPAGATE_ENTAILED_TABLES 17
d POST_LOWER_ROUNDS 7642
d POST_LOWER_TIGHTENED_DOMAINS 22397
d POST_LOWER_REMOVED_CLAUSES 53559
d POST_LOWER_REMOVED_LITS 53201
d POST_LOWER_DETECTED_UNSAT 0
d PREENCODE_INT_VARS 354042
d ENCODE_EXTERNAL_GE_SPECS 0
d ENCODE_RELAXED_CIRCUITS 0
d LOG_SCOP_LINEAR_PB_CONSTRAINTS 2569369
d LOG_SCOP_LINEAR_PB_MIXED_DISPATCH_CONSTRAINTS 0
d LOG_SCOP_LINEAR_PB_MIXED_ATTEMPT_BDD 0
d LOG_SCOP_LINEAR_PB_MIXED_ATTEMPT_SORTER 0
d LOG_SCOP_LINEAR_PB_MIXED_ATTEMPT_DADDA 0
d LOG_SCOP_LINEAR_PB_MIXED_REJECT_BDD_BUDGET 0
d LOG_SCOP_LINEAR_PB_MIXED_REJECT_SORTER_BUDGET 0
d LOG_SCOP_LINEAR_PB_MIXED_FALLBACK_BDD_TO_SORTER 0
d LOG_SCOP_LINEAR_PB_MIXED_FALLBACK_BDD_TO_DADDA 0
d LOG_SCOP_LINEAR_PB_MIXED_FALLBACK_SORTER_TO_BDD 0
d LOG_SCOP_LINEAR_PB_MIXED_FALLBACK_SORTER_TO_DADDA 0
d LOG_SCOP_LINEAR_PB_BACKEND_BDD2 2569369
d LOG_SCOP_LINEAR_PB_BACKEND_BDD3 0
d LOG_SCOP_LINEAR_PB_BACKEND_SORTER 0
d LOG_SCOP_LINEAR_PB_BACKEND_DADDA 0
d LOG_SCOP_LINEAR_PB_BDD_DECOMPOSITION_RAW 2569369
d LOG_SCOP_LINEAR_PB_BDD_DECOMPOSITION_BINARY 0
d LOG_SCOP_LINEAR_PB_BDD_DECOMPOSITION_MULTIBASE 0
d MEMORY_RSS_BYTES 14882107392
d MEMORY_RSS_AFTER_PROPAGATE_BYTES 443445248
d MEMORY_RSS_AFTER_LOWER_BYTES 584880128
d MEMORY_RSS_AFTER_POST_LOWER_BYTES 619200512
d MEMORY_RSS_BEFORE_PREENCODE_BYTES 814899200
d MEMORY_RSS_AFTER_PREENCODE_BYTES 873676800
d MEMORY_RSS_BEFORE_ENCODE_BYTES 927109120
d MEMORY_RSS_ENCODE_SAMPLE_INTERVAL_CLAUSES 1000000
d MEMORY_RSS_ENCODE_SAMPLE_COUNT 66
d MEMORY_RSS_ENCODE_LAST_SAMPLE_CLAUSE 56796120
d MEMORY_RSS_ENCODE_LAST_SAMPLE_BYTES 14882107392
d MEMORY_RSS_ENCODE_MAX_SAMPLE_BYTES 14882107392
d DECODE_INT_ASSIGNMENTS 414
d CIRCUIT_CEGAR_FAILURES 0
d CIRCUIT_CEGAR_ROUNDS 0
d CIRCUIT_CEGAR_ADDED_CLAUSES 0
d CUMULATIVE_CEGAR_FAILURES 0
d CUMULATIVE_CEGAR_ROUNDS 0
d CUMULATIVE_CEGAR_ADDED_CLAUSES 0
d COP_CEGAR_FAILURES 0
d COP_CEGAR_ROUNDS 0
d COP_CEGAR_ADDED_CLAUSES 0
d CSV /bench/competition/2022-2025/COP22to25/CarpetCutting-test08_c23.xml.lzma,sat,422,422,422,0,38261204,56796120,1784873,,,,,,,0,skipped,,,,,,0,,,,,,,timeout_signal,incumbent_interrupted_by_signal
signal=15; emitted incumbent csv row
c run_end_local: 2026-06-15 15:44:36 +0900
