# WCTIME: wall clock time in seconds
WCTIME=35.0628
# CPUTIME: CPU time in seconds (USERTIME+SYSTEMTIME)
CPUTIME=34.8757
# USERTIME: CPU time spent in user mode in seconds
USERTIME=34.0733
# SYSTEMTIME: CPU time spent in system mode in seconds
SYSTEMTIME=0.802437
# CPUUSAGE: CPUTIME/WCTIME in percent
CPUUSAGE=99.4666
# MAXVM: maximum virtual memory used in KiB
MAXVM=1831336
# MAXMM: maximum memory used in KiB
MAXMM=1602536
# MAXRSS: maximum Resident Segment Size in KiB
MAXRSS=1602536
# TIMEOUT: did the solver exceed the time limit?
TIMEOUT=false
# MEMOUT: did the solver exceed the memory limit?
MEMOUT=false
# EXITSTATUS: Exit status of the solver
EXITSTATUS=0
