# WCTIME: wall clock time in seconds
WCTIME=969.479
# CPUTIME: CPU time in seconds (USERTIME+SYSTEMTIME)
CPUTIME=963.742
# USERTIME: CPU time spent in user mode in seconds
USERTIME=961.786
# SYSTEMTIME: CPU time spent in system mode in seconds
SYSTEMTIME=1.95671
# CPUUSAGE: CPUTIME/WCTIME in percent
CPUUSAGE=99.4083
# MAXVM: maximum virtual memory used in KiB
MAXVM=1524248
# MAXMM: maximum memory used in KiB
MAXMM=1229148
# MAXRSS: maximum Resident Segment Size in KiB
MAXRSS=1246616
# TIMEOUT: did the solver exceed the time limit?
TIMEOUT=false
# MEMOUT: did the solver exceed the memory limit?
MEMOUT=false
# EXITSTATUS: Exit status of the solver
EXITSTATUS=0
