c cmd: /host-parser-bin/kat_xcsp_1dbef8ce_portfolio_v3_cop1000_20260529 /bench/competition/2022-2025/COP22to25/CarpetCutting-test07_c23.xml.lzma --encoder portfolio --portfolio-strategy v3 --cop-pipeline guarded-basic --cop-objective-cut direct-expr --cop-objective-cut-timing incremental-hard --cop-objective-cut-backend cnf --table-encoding mdd-tl --cumulative-mode exact --cumulative-decomposition time-rd --progress --log-scop-linear-pb-backend auto --log-scop-bdd-decomposition auto --log-scop-aggregate-weighted-lits --order-ge-shorten-link-cost --direct-eq-ne-max-arity 2 --eq-ne-encoding direct --portfolio-log-scop-eq-ne-encoding ge-rewrite --cop-incumbent-bump
c version: kat-cli=0.1.0 git=1dbef8ce79e8-clean
c run_start_local: 2026-05-30 08:26:48 +0900
c 00h00m00s | solve:start
c 00h00m00s | stage:objective-cut timing=incremental-hard backend=cnf form=direct-expr
c 00h00m00s | input: constraints=275
c 00h00m00s | stage:propagate:start
c 00h00m00s | stage:propagate:done ms=0 pruned=3091 changed_domains=64 entailed_tables=15
c 00h00m00s | memory:rss checkpoint=after_propagate bytes=223793152 rss=213.43MiB
c 00h00m00s | stage:normalize:start
c 00h00m00s | stage:normalize:done ms=0 high_constraints=275
c 00h00m00s | stage:lower:start
c 00h00m00s | stage:lower:progress percent=10 processed=28 total=275 lowered=28 unsupported=0 ms=0
c 00h00m00s | stage:lower:progress percent=20 processed=55 total=275 lowered=55 unsupported=0 ms=0
c 00h00m00s | stage:lower:progress percent=30 processed=83 total=275 lowered=83 unsupported=0 ms=0
c 00h00m00s | stage:lower:progress percent=40 processed=110 total=275 lowered=110 unsupported=0 ms=0
c 00h00m00s | stage:lower:progress percent=50 processed=138 total=275 lowered=138 unsupported=0 ms=0
c 00h00m00s | stage:lower:progress percent=60 processed=165 total=275 lowered=165 unsupported=0 ms=0
c 00h00m00s | stage:lower:progress percent=70 processed=193 total=275 lowered=193 unsupported=0 ms=0
c 00h00m00s | stage:lower:progress percent=80 processed=220 total=275 lowered=220 unsupported=0 ms=1
c 00h00m04s | stage:lower:progress percent=90 processed=248 total=275 lowered=248 unsupported=0 ms=4538
c 00h00m04s | stage:lower:progress percent=100 processed=275 total=275 lowered=275 unsupported=0 ms=4539
c 00h00m04s | stage:lower:done ms=4801 lowered=275 unsupported=0
c 00h00m04s | memory:rss checkpoint=after_lower bytes=292847616 rss=279.28MiB
c 00h00m04s | stage:post_lower:start
c 00h00m05s | stage:post_lower:done ms=863 rounds=5249 tightened=97051 removed_cls=57507 removed_lits=57546 unsat=false precise_hits=406 precise_rounds=2 pivot_recomputes=137711 pivot_exact_attempts=250 pivot_general_attempts=137589 pivot_general_rest_missing=0 pivot_general_bound_missing=0 pivot_general_no_change=137578 pivot_general_tightened=11 setup_ms=363 loop_ms=408 pivot_ms=0 pivot_version_ms=0 pivot_exact_ms=0 pivot_general_ms=0 pivot_general_prepare_ms=0 pivot_general_rest_ms=0 pivot_general_derive_ms=0 apply_ms=20 sat_ms=0 precise_ms=11
c 00h00m05s | memory:rss checkpoint=after_post_lower bytes=436928512 rss=416.69MiB
c 00h00m05s | stage:lowered-shape int_vars=157663 bool_vars=159014 linear_atoms=637538 table_atoms=0 table_tuples=0 table_scope=0 alldiff_atoms=0 circuit_atoms=0 product_atoms=0 logical_clauses=737910
c 00h00m05s | stage:root-lp:skip reason=disabled ms=0
c 00h00m05s | memory:rss checkpoint=before_preencode bytes=439201792 rss=418.86MiB
c 00h00m05s | stage:preencode(log-scop):start
c 00h00m05s | stage:preencode(log-scop):done ms=92 int_vars=157663
c 00h00m05s | memory:rss checkpoint=after_preencode bytes=439468032 rss=419.11MiB
c 00h00m05s | memory:rss checkpoint=before_encode bytes=439468032 rss=419.11MiB
c 00h00m05s | stage:encode(log-scop):start
c 00h00m10s | memory:rss checkpoint=encode_clause_sample stage=log-scop clauses=8818397 bytes=3173380096 rss=2.96GiB progress_percent=10 processed=73805 total=738041
c 00h00m10s | stage:encode(log-scop):progress percent=10 processed=73805 total=738041 sat_clauses=8818397 ms=4972
c 00h00m13s | memory:rss checkpoint=encode_clause_sample stage=log-scop clauses=15170274 bytes=3850149888 rss=3.59GiB progress_percent=20 processed=147609 total=738041
c 00h00m13s | stage:encode(log-scop):progress percent=20 processed=147609 total=738041 sat_clauses=15170274 ms=7734
c 00h00m17s | memory:rss checkpoint=encode_clause_sample stage=log-scop clauses=21518873 bytes=6467563520 rss=6.02GiB progress_percent=30 processed=221413 total=738041
c 00h00m17s | stage:encode(log-scop):progress percent=30 processed=221413 total=738041 sat_clauses=21518873 ms=11678
c 00h00m20s | memory:rss checkpoint=encode_clause_sample stage=log-scop clauses=27871670 bytes=7145742336 rss=6.65GiB progress_percent=40 processed=295217 total=738041
c 00h00m20s | stage:encode(log-scop):progress percent=40 processed=295217 total=738041 sat_clauses=27871670 ms=14431
c 00h00m23s | memory:rss checkpoint=encode_clause_sample stage=log-scop clauses=34223957 bytes=7823159296 rss=7.29GiB progress_percent=50 processed=369021 total=738041
c 00h00m23s | stage:encode(log-scop):progress percent=50 processed=369021 total=738041 sat_clauses=34223957 ms=17224
c 00h00m25s | memory:rss checkpoint=encode_clause_sample stage=log-scop clauses=40577894 bytes=8500539392 rss=7.92GiB progress_percent=60 processed=442825 total=738041
c 00h00m25s | stage:encode(log-scop):progress percent=60 processed=442825 total=738041 sat_clauses=40577894 ms=19951
c 00h00m30s | memory:rss checkpoint=encode_clause_sample stage=log-scop clauses=46926633 bytes=13057449984 rss=12.16GiB progress_percent=70 processed=516629 total=738041
c 00h00m30s | stage:encode(log-scop):progress percent=70 processed=516629 total=738041 sat_clauses=46926633 ms=24965
c 00h00m33s | memory:rss checkpoint=encode_clause_sample stage=log-scop clauses=53326369 bytes=13741400064 rss=12.80GiB progress_percent=80 processed=590433 total=738041
c 00h00m33s | stage:encode(log-scop):progress percent=80 processed=590433 total=738041 sat_clauses=53326369 ms=27734
c 00h00m36s | memory:rss checkpoint=encode_clause_sample stage=log-scop clauses=60341299 bytes=14492884992 rss=13.50GiB progress_percent=90 processed=664237 total=738041
c 00h00m36s | stage:encode(log-scop):progress percent=90 processed=664237 total=738041 sat_clauses=60341299 ms=30720
c 00h00m41s | memory:rss checkpoint=encode_clause_sample stage=log-scop clauses=72191209 bytes=15765118976 rss=14.68GiB progress_percent=100 processed=738041 total=738041
c 00h00m41s | stage:encode(log-scop):progress percent=100 processed=738041 total=738041 sat_clauses=72191209 ms=35741
c 00h00m41s | stage:encode(log-scop):done ms=35749 sat_vars=40700886 sat_clauses=72191209 ext_ge_specs=0 relaxed_circuits=0 log_scop_pb_constraints=950824 log_scop_pb_mixed=0 log_scop_pb_bdd2=950824 log_scop_pb_bdd3=0 log_scop_pb_sorter=0 log_scop_pb_dadda=0 log_scop_bdd_raw=950824 log_scop_bdd_binary=0 log_scop_bdd_multibase=0
c 00h00m42s | stage:objective-cut timing=incremental-hard backend=cnf form=direct-expr
c 00h00m42s | stage:sat:init solver=CaDiCaL vars=40700886 clauses=72191209
c 00h00m42s | stage:sat:solve:start assumptions=0 phase_lits=0
c 00h01m42s | stage:sat:solve:done ms=60147 result=Sat assumptions=0 phase_lits=0
c 00h01m42s | stage:decode:start
c 00h01m42s | stage:decode:done int_assignments=263
c 00h01m42s | result:Sat
c 00h01m42s | objective:incumbent kind=initial value=4497 rounds=1 improvements=0
o 4497
c 00h01m44s | stage:objective-cut:add timing=incremental-hard backend=cnf form=direct-expr clauses_added=19
c 00h01m44s | stage:sat:init solver=CaDiCaL vars=40700898 clauses=72191228
c 00h01m44s | stage:sat:solve:start assumptions=0 phase_lits=1087
c 00h02m15s | stage:sat:solve:done ms=31468 result=Sat assumptions=0 phase_lits=1087
c 00h02m15s | stage:decode:start
c 00h02m15s | stage:decode:done int_assignments=263
c 00h02m15s | result:Sat
c 00h02m15s | objective:incumbent kind=improvement value=4481 rounds=2 improvements=1
o 4481
c 00h02m17s | stage:objective-cut:add timing=incremental-hard backend=cnf form=direct-expr clauses_added=18
c 00h02m17s | stage:sat:init solver=CaDiCaL vars=40700910 clauses=72191246
c 00h02m17s | stage:sat:solve:start assumptions=0 phase_lits=1087
c 00h02m34s | stage:sat:solve:done ms=17302 result=Sat assumptions=0 phase_lits=1087
c 00h02m34s | stage:decode:start
c 00h02m34s | stage:decode:done int_assignments=263
c 00h02m34s | result:Sat
c 00h02m34s | objective:incumbent kind=improvement value=4449 rounds=3 improvements=2
o 4449
c 00h02m36s | stage:objective-cut:add timing=incremental-hard backend=cnf form=direct-expr clauses_added=19
c 00h02m36s | stage:sat:init solver=CaDiCaL vars=40700922 clauses=72191265
c 00h02m36s | stage:sat:solve:start assumptions=0 phase_lits=1087
c 00h03m06s | stage:sat:solve:done ms=30739 result=Sat assumptions=0 phase_lits=1087
c 00h03m06s | stage:decode:start
c 00h03m06s | stage:decode:done int_assignments=263
c 00h03m06s | result:Sat
c 00h03m06s | objective:incumbent kind=improvement value=4447 rounds=4 improvements=3
o 4447
c 00h03m08s | stage:objective-cut:add timing=incremental-hard backend=cnf form=direct-expr clauses_added=20
c 00h03m08s | stage:sat:init solver=CaDiCaL vars=40700934 clauses=72191285
c 00h03m08s | stage:sat:solve:start assumptions=0 phase_lits=1087
c 00h03m21s | stage:sat:solve:done ms=12805 result=Sat assumptions=0 phase_lits=1087
c 00h03m21s | stage:decode:start
c 00h03m21s | stage:decode:done int_assignments=263
c 00h03m21s | result:Sat
c 00h03m21s | objective:incumbent kind=improvement value=4431 rounds=5 improvements=4
o 4431
c 00h03m22s | stage:objective-cut:add timing=incremental-hard backend=cnf form=direct-expr clauses_added=21
c 00h03m22s | stage:sat:init solver=CaDiCaL vars=40700946 clauses=72191306
c 00h03m22s | stage:sat:solve:start assumptions=0 phase_lits=1087
c 00h03m36s | stage:sat:solve:done ms=13259 result=Sat assumptions=0 phase_lits=1087
c 00h03m36s | stage:decode:start
c 00h03m36s | stage:decode:done int_assignments=263
c 00h03m36s | result:Sat
c 00h03m36s | objective:incumbent kind=improvement value=4423 rounds=6 improvements=5
o 4423
c 00h03m37s | stage:objective-cut:add timing=incremental-hard backend=cnf form=direct-expr clauses_added=22
c 00h03m37s | stage:sat:init solver=CaDiCaL vars=40700958 clauses=72191328
c 00h03m37s | stage:sat:solve:start assumptions=0 phase_lits=1087
c 00h03m45s | stage:sat:solve:done ms=8206 result=Sat assumptions=0 phase_lits=1087
c 00h03m45s | stage:decode:start
c 00h03m45s | stage:decode:done int_assignments=263
c 00h03m45s | result:Sat
c 00h03m45s | objective:incumbent kind=improvement value=4419 rounds=7 improvements=6
o 4419
c 00h03m47s | stage:objective-cut:add timing=incremental-hard backend=cnf form=direct-expr clauses_added=23
c 00h03m47s | stage:sat:init solver=CaDiCaL vars=40700970 clauses=72191351
c 00h03m47s | stage:sat:solve:start assumptions=0 phase_lits=1087
c 00h03m54s | stage:sat:solve:done ms=7139 result=Sat assumptions=0 phase_lits=1087
c 00h03m54s | stage:decode:start
c 00h03m54s | stage:decode:done int_assignments=263
c 00h03m54s | result:Sat
c 00h03m54s | objective:incumbent kind=improvement value=4418 rounds=8 improvements=7
o 4418
c 00h03m56s | stage:objective-cut:add timing=incremental-hard backend=cnf form=direct-expr clauses_added=2
c 00h03m56s | stage:sat:init solver=CaDiCaL vars=40700971 clauses=72191353
c 00h03m56s | stage:sat:solve:start assumptions=0 phase_lits=1087
c 00h04m09s | stage:sat:solve:done ms=12829 result=Sat assumptions=0 phase_lits=1087
c 00h04m09s | stage:decode:start
c 00h04m09s | stage:decode:done int_assignments=263
c 00h04m09s | result:Sat
c 00h04m09s | objective:incumbent kind=improvement value=4338 rounds=9 improvements=8
o 4338
c 00h04m10s | stage:objective-cut:add timing=incremental-hard backend=cnf form=direct-expr clauses_added=11
c 00h04m10s | stage:sat:init solver=CaDiCaL vars=40700979 clauses=72191364
c 00h04m10s | stage:sat:solve:start assumptions=0 phase_lits=1087
c 00h04m20s | stage:sat:solve:done ms=9517 result=Sat assumptions=0 phase_lits=1087
c 00h04m20s | stage:decode:start
c 00h04m20s | stage:decode:done int_assignments=263
c 00h04m20s | result:Sat
c 00h04m20s | objective:incumbent kind=improvement value=4210 rounds=10 improvements=9
o 4210
c 00h04m21s | stage:objective-cut:add timing=incremental-hard backend=cnf form=direct-expr clauses_added=12
c 00h04m21s | stage:sat:init solver=CaDiCaL vars=40700987 clauses=72191376
c 00h04m21s | stage:sat:solve:start assumptions=0 phase_lits=1087
c 00h04m30s | stage:sat:solve:done ms=8877 result=Sat assumptions=0 phase_lits=1087
c 00h04m30s | stage:decode:start
c 00h04m30s | stage:decode:done int_assignments=263
c 00h04m30s | result:Sat
c 00h04m30s | objective:incumbent kind=improvement value=4194 rounds=11 improvements=10
o 4194
c 00h04m32s | stage:objective-cut:add timing=incremental-hard backend=cnf form=direct-expr clauses_added=11
c 00h04m32s | stage:sat:init solver=CaDiCaL vars=40700994 clauses=72191387
c 00h04m32s | stage:sat:solve:start assumptions=0 phase_lits=1087
c 00h04m42s | stage:sat:solve:done ms=10260 result=Sat assumptions=0 phase_lits=1087
c 00h04m42s | stage:decode:start
c 00h04m42s | stage:decode:done int_assignments=263
c 00h04m42s | result:Sat
c 00h04m42s | objective:incumbent kind=improvement value=4186 rounds=12 improvements=11
o 4186
c 00h04m44s | stage:objective-cut:add timing=incremental-hard backend=cnf form=direct-expr clauses_added=14
c 00h04m44s | stage:sat:init solver=CaDiCaL vars=40701003 clauses=72191401
c 00h04m44s | stage:sat:solve:start assumptions=0 phase_lits=1087
c 00h04m58s | stage:sat:solve:done ms=14234 result=Sat assumptions=0 phase_lits=1087
c 00h04m58s | stage:decode:start
c 00h04m58s | stage:decode:done int_assignments=263
c 00h04m58s | result:Sat
c 00h04m58s | objective:incumbent kind=improvement value=4182 rounds=13 improvements=12
o 4182
c 00h04m59s | stage:objective-cut:add timing=incremental-hard backend=cnf form=direct-expr clauses_added=16
c 00h04m59s | stage:sat:init solver=CaDiCaL vars=40701013 clauses=72191417
c 00h04m59s | stage:sat:solve:start assumptions=0 phase_lits=1087
c 00h05m48s | stage:sat:solve:done ms=48435 result=Sat assumptions=0 phase_lits=1087
c 00h05m48s | stage:decode:start
c 00h05m48s | stage:decode:done int_assignments=263
c 00h05m48s | result:Sat
c 00h05m48s | objective:incumbent kind=improvement value=4180 rounds=14 improvements=13
o 4180
c 00h05m50s | stage:objective-cut:add timing=incremental-hard backend=cnf form=direct-expr clauses_added=18
c 00h05m50s | stage:sat:init solver=CaDiCaL vars=40701024 clauses=72191435
c 00h05m50s | stage:sat:solve:start assumptions=0 phase_lits=1087
c 00h06m21s | stage:sat:solve:done ms=31283 result=Sat assumptions=0 phase_lits=1087
c 00h06m21s | stage:decode:start
c 00h06m21s | stage:decode:done int_assignments=263
c 00h06m21s | result:Sat
c 00h06m21s | objective:incumbent kind=improvement value=4179 rounds=15 improvements=14
o 4179
c 00h06m22s | stage:objective-cut:add timing=incremental-hard backend=cnf form=direct-expr clauses_added=20
c 00h06m22s | stage:sat:init solver=CaDiCaL vars=40701036 clauses=72191455
c 00h06m22s | stage:sat:solve:start assumptions=0 phase_lits=1087
c 00h06m43s | stage:sat:solve:done ms=20809 result=Sat assumptions=0 phase_lits=1087
c 00h06m43s | stage:decode:start
c 00h06m43s | stage:decode:done int_assignments=263
c 00h06m43s | result:Sat
c 00h06m43s | objective:incumbent kind=improvement value=4147 rounds=16 improvements=15
o 4147
c 00h06m45s | stage:objective-cut:add timing=incremental-hard backend=cnf form=direct-expr clauses_added=18
c 00h06m45s | stage:sat:init solver=CaDiCaL vars=40701048 clauses=72191473
c 00h06m45s | stage:sat:solve:start assumptions=0 phase_lits=1087
c 00h06m58s | stage:sat:solve:done ms=12857 result=Sat assumptions=0 phase_lits=1087
c 00h06m58s | stage:decode:start
c 00h06m58s | stage:decode:done int_assignments=263
c 00h06m58s | result:Sat
c 00h06m58s | objective:incumbent kind=improvement value=4083 rounds=17 improvements=16
o 4083
c 00h06m59s | stage:objective-cut:add timing=incremental-hard backend=cnf form=direct-expr clauses_added=19
c 00h06m59s | stage:sat:init solver=CaDiCaL vars=40701060 clauses=72191492
c 00h06m59s | stage:sat:solve:start assumptions=0 phase_lits=1087
c 00h07m18s | stage:sat:solve:done ms=19036 result=Sat assumptions=0 phase_lits=1087
c 00h07m18s | stage:decode:start
c 00h07m18s | stage:decode:done int_assignments=263
c 00h07m18s | result:Sat
c 00h07m18s | objective:incumbent kind=improvement value=4051 rounds=18 improvements=17
o 4051
c 00h07m20s | stage:objective-cut:add timing=incremental-hard backend=cnf form=direct-expr clauses_added=20
c 00h07m20s | stage:sat:init solver=CaDiCaL vars=40701072 clauses=72191512
c 00h07m20s | stage:sat:solve:start assumptions=0 phase_lits=1087
c 00h07m28s | stage:sat:solve:done ms=7831 result=Sat assumptions=0 phase_lits=1087
c 00h07m28s | stage:decode:start
c 00h07m28s | stage:decode:done int_assignments=263
c 00h07m28s | result:Sat
c 00h07m28s | objective:incumbent kind=improvement value=3987 rounds=19 improvements=18
o 3987
c 00h07m29s | stage:objective-cut:add timing=incremental-hard backend=cnf form=direct-expr clauses_added=20
c 00h07m29s | stage:sat:init solver=CaDiCaL vars=40701084 clauses=72191532
c 00h07m29s | stage:sat:solve:start assumptions=0 phase_lits=1087
c 00h07m37s | stage:sat:solve:done ms=7477 result=Sat assumptions=0 phase_lits=1087
c 00h07m37s | stage:decode:start
c 00h07m37s | stage:decode:done int_assignments=263
c 00h07m37s | result:Sat
c 00h07m37s | objective:incumbent kind=improvement value=3955 rounds=20 improvements=19
o 3955
c 00h07m38s | stage:objective-cut:add timing=incremental-hard backend=cnf form=direct-expr clauses_added=20
c 00h07m38s | stage:sat:init solver=CaDiCaL vars=40701096 clauses=72191552
c 00h07m38s | stage:sat:solve:start assumptions=0 phase_lits=1087
c 00h07m49s | stage:sat:solve:done ms=10480 result=Sat assumptions=0 phase_lits=1087
c 00h07m49s | stage:decode:start
c 00h07m49s | stage:decode:done int_assignments=263
c 00h07m49s | result:Sat
c 00h07m49s | objective:incumbent kind=improvement value=3923 rounds=21 improvements=20
o 3923
c 00h07m50s | stage:objective-cut:add timing=incremental-hard backend=cnf form=direct-expr clauses_added=21
c 00h07m50s | stage:sat:init solver=CaDiCaL vars=40701108 clauses=72191573
c 00h07m50s | stage:sat:solve:start assumptions=0 phase_lits=1087
c 00h18m31s | stage:sat:solve:done ms=640346 result=Sat assumptions=0 phase_lits=1087
c 00h18m31s | stage:decode:start
c 00h18m31s | stage:decode:done int_assignments=263
c 00h18m31s | result:Sat
c 00h18m31s | objective:incumbent kind=improvement value=3922 rounds=22 improvements=21
o 3922
c 00h18m32s | stage:objective-cut:add timing=incremental-hard backend=cnf form=direct-expr clauses_added=14
c 00h18m32s | stage:sat:init solver=CaDiCaL vars=40701116 clauses=72191587
c 00h18m32s | stage:sat:solve:start assumptions=0 phase_lits=1087
c 00h18m39s | stage:sat:solve:done ms=7083 result=Sat assumptions=0 phase_lits=1087
c 00h18m39s | stage:decode:start
c 00h18m39s | stage:decode:done int_assignments=263
c 00h18m39s | result:Sat
c 00h18m39s | objective:incumbent kind=improvement value=3906 rounds=23 improvements=22
o 3906
c 00h18m40s | stage:objective-cut:add timing=incremental-hard backend=cnf form=direct-expr clauses_added=5
c 00h18m40s | stage:sat:init solver=CaDiCaL vars=40701119 clauses=72191592
c 00h18m40s | stage:sat:solve:start assumptions=0 phase_lits=1087
c 00h18m49s | stage:sat:solve:done ms=9034 result=Sat assumptions=0 phase_lits=1087
c 00h18m49s | stage:decode:start
c 00h18m50s | stage:decode:done int_assignments=263
c 00h18m50s | result:Sat
c 00h18m50s | objective:incumbent kind=improvement value=3898 rounds=24 improvements=23
o 3898
c 00h18m51s | stage:objective-cut:add timing=incremental-hard backend=cnf form=direct-expr clauses_added=12
c 00h18m51s | stage:sat:init solver=CaDiCaL vars=40701128 clauses=72191604
c 00h18m51s | stage:sat:solve:start assumptions=0 phase_lits=1087
c 00h18m57s | stage:sat:solve:done ms=6790 result=Sat assumptions=0 phase_lits=1087
c 00h18m57s | stage:decode:start
c 00h18m57s | stage:decode:done int_assignments=263
c 00h18m57s | result:Sat
c 00h18m57s | objective:incumbent kind=improvement value=3894 rounds=25 improvements=24
o 3894
c 00h18m59s | stage:objective-cut:add timing=incremental-hard backend=cnf form=direct-expr clauses_added=14
c 00h18m59s | stage:sat:init solver=CaDiCaL vars=40701138 clauses=72191618
c 00h18m59s | stage:sat:solve:start assumptions=0 phase_lits=1087
c 00h19m01s | stage:sat:solve:done ms=2300 result=Sat assumptions=0 phase_lits=1087
c 00h19m01s | stage:decode:start
c 00h19m01s | stage:decode:done int_assignments=263
c 00h19m01s | result:Sat
c 00h19m01s | objective:incumbent kind=improvement value=3892 rounds=26 improvements=25
o 3892
c 00h19m02s | stage:objective-cut:add timing=incremental-hard backend=cnf form=direct-expr clauses_added=16
c 00h19m02s | stage:sat:init solver=CaDiCaL vars=40701149 clauses=72191634
c 00h19m02s | stage:sat:solve:start assumptions=0 phase_lits=1087
c 00h19m04s | stage:sat:solve:done ms=1964 result=Sat assumptions=0 phase_lits=1087
c 00h19m04s | stage:decode:start
c 00h19m04s | stage:decode:done int_assignments=263
c 00h19m04s | result:Sat
c 00h19m04s | objective:incumbent kind=improvement value=3891 rounds=27 improvements=26
o 3891
c 00h19m05s | stage:objective-cut:add timing=incremental-hard backend=cnf form=direct-expr clauses_added=18
c 00h19m05s | stage:sat:init solver=CaDiCaL vars=40701161 clauses=72191652
c 00h19m05s | stage:sat:solve:start assumptions=0 phase_lits=1087
c 00h19m15s | stage:sat:solve:done ms=10218 result=Sat assumptions=0 phase_lits=1087
c 00h19m15s | stage:decode:start
c 00h19m15s | stage:decode:done int_assignments=263
c 00h19m15s | result:Sat
c 00h19m15s | objective:incumbent kind=improvement value=3890 rounds=28 improvements=27
o 3890
c 00h19m16s | stage:objective-cut:add timing=incremental-hard backend=cnf form=direct-expr clauses_added=11
c 00h19m16s | stage:sat:init solver=CaDiCaL vars=40701169 clauses=72191663
c 00h19m16s | stage:sat:solve:start assumptions=0 phase_lits=1087
c 00h19m23s | stage:sat:solve:done ms=6670 result=Sat assumptions=0 phase_lits=1087
c 00h19m23s | stage:decode:start
c 00h19m23s | stage:decode:done int_assignments=263
c 00h19m23s | result:Sat
c 00h19m23s | objective:incumbent kind=improvement value=3874 rounds=29 improvements=28
o 3874
c 00h19m24s | stage:objective-cut:add timing=incremental-hard backend=cnf form=direct-expr clauses_added=10
c 00h19m24s | stage:sat:init solver=CaDiCaL vars=40701176 clauses=72191673
c 00h19m24s | stage:sat:solve:start assumptions=0 phase_lits=1087
c 00h19m26s | stage:sat:solve:done ms=1979 result=Sat assumptions=0 phase_lits=1087
c 00h19m26s | stage:decode:start
c 00h19m26s | stage:decode:done int_assignments=263
c 00h19m26s | result:Sat
c 00h19m26s | objective:incumbent kind=improvement value=3866 rounds=30 improvements=29
o 3866
c 00h19m27s | stage:objective-cut:add timing=incremental-hard backend=cnf form=direct-expr clauses_added=13
c 00h19m27s | stage:sat:init solver=CaDiCaL vars=40701185 clauses=72191686
c 00h19m27s | stage:sat:solve:start assumptions=0 phase_lits=1087
c 00h19m29s | stage:sat:solve:done ms=1855 result=Sat assumptions=0 phase_lits=1087
c 00h19m29s | stage:decode:start
c 00h19m29s | stage:decode:done int_assignments=263
c 00h19m29s | result:Sat
c 00h19m29s | objective:incumbent kind=improvement value=3862 rounds=31 improvements=30
o 3862
c 00h19m30s | stage:objective-cut:add timing=incremental-hard backend=cnf form=direct-expr clauses_added=15
c 00h19m30s | stage:sat:init solver=CaDiCaL vars=40701195 clauses=72191701
c 00h19m30s | stage:sat:solve:start assumptions=0 phase_lits=1087
c 00h19m33s | stage:sat:solve:done ms=2691 result=Sat assumptions=0 phase_lits=1087
c 00h19m33s | stage:decode:start
c 00h19m33s | stage:decode:done int_assignments=263
c 00h19m33s | result:Sat
c 00h19m33s | objective:incumbent kind=improvement value=3861 rounds=32 improvements=31
o 3861
c 00h19m34s | stage:objective-cut:add timing=incremental-hard backend=cnf form=direct-expr clauses_added=18
c 00h19m34s | stage:sat:init solver=CaDiCaL vars=40701207 clauses=72191719
c 00h19m34s | stage:sat:solve:start assumptions=0 phase_lits=1087
c 00h19m42s | stage:sat:solve:done ms=7938 result=Sat assumptions=0 phase_lits=1087
c 00h19m42s | stage:decode:start
c 00h19m42s | stage:decode:done int_assignments=263
c 00h19m42s | result:Sat
c 00h19m42s | objective:incumbent kind=improvement value=3845 rounds=33 improvements=32
o 3845
c 00h19m43s | stage:objective-cut:add timing=incremental-hard backend=cnf form=direct-expr clauses_added=19
c 00h19m43s | stage:sat:init solver=CaDiCaL vars=40701219 clauses=72191738
c 00h19m43s | stage:sat:solve:start assumptions=0 phase_lits=1087
c 00h19m50s | stage:sat:solve:done ms=6919 result=Sat assumptions=0 phase_lits=1087
c 00h19m50s | stage:decode:start
c 00h19m50s | stage:decode:done int_assignments=263
c 00h19m50s | result:Sat
c 00h19m50s | objective:incumbent kind=improvement value=3813 rounds=34 improvements=33
o 3813
c 00h19m51s | stage:objective-cut:add timing=incremental-hard backend=cnf form=direct-expr clauses_added=19
c 00h19m51s | stage:sat:init solver=CaDiCaL vars=40701231 clauses=72191757
c 00h19m51s | stage:sat:solve:start assumptions=0 phase_lits=1087
c 00h19m54s | stage:sat:solve:done ms=2710 result=Sat assumptions=0 phase_lits=1087
c 00h19m54s | stage:decode:start
c 00h19m54s | stage:decode:done int_assignments=263
c 00h19m54s | result:Sat
c 00h19m54s | objective:incumbent kind=improvement value=3811 rounds=35 improvements=34
o 3811
c 00h19m55s | stage:objective-cut:add timing=incremental-hard backend=cnf form=direct-expr clauses_added=20
c 00h19m55s | stage:sat:init solver=CaDiCaL vars=40701243 clauses=72191777
c 00h19m55s | stage:sat:solve:start assumptions=0 phase_lits=1087
c 00h20m04s | stage:sat:solve:done ms=8668 result=Sat assumptions=0 phase_lits=1087
c 00h20m04s | stage:decode:start
c 00h20m04s | stage:decode:done int_assignments=263
c 00h20m04s | result:Sat
c 00h20m04s | objective:incumbent kind=improvement value=3795 rounds=36 improvements=35
o 3795
c 00h20m05s | stage:objective-cut:add timing=incremental-hard backend=cnf form=direct-expr clauses_added=20
c 00h20m05s | stage:sat:init solver=CaDiCaL vars=40701255 clauses=72191797
c 00h20m05s | stage:sat:solve:start assumptions=0 phase_lits=1087
c 00h20m13s | stage:sat:solve:done ms=7968 result=Sat assumptions=0 phase_lits=1087
c 00h20m13s | stage:decode:start
c 00h20m13s | stage:decode:done int_assignments=263
c 00h20m13s | result:Sat
c 00h20m13s | objective:incumbent kind=improvement value=3787 rounds=37 improvements=36
o 3787
c 00h20m14s | stage:objective-cut:add timing=incremental-hard backend=cnf form=direct-expr clauses_added=20
c 00h20m14s | stage:sat:init solver=CaDiCaL vars=40701267 clauses=72191817
c 00h20m14s | stage:sat:solve:start assumptions=0 phase_lits=1087
c 00h20m18s | stage:sat:solve:done ms=3887 result=Sat assumptions=0 phase_lits=1087
c 00h20m18s | stage:decode:start
c 00h20m18s | stage:decode:done int_assignments=263
c 00h20m18s | result:Sat
c 00h20m18s | objective:incumbent kind=improvement value=3779 rounds=38 improvements=37
o 3779
c 00h20m19s | stage:objective-cut:add timing=incremental-hard backend=cnf form=direct-expr clauses_added=21
c 00h20m19s | stage:sat:init solver=CaDiCaL vars=40701279 clauses=72191838
c 00h20m19s | stage:sat:solve:start assumptions=0 phase_lits=1087
c 00h20m26s | stage:sat:solve:done ms=6902 result=Sat assumptions=0 phase_lits=1087
c 00h20m26s | stage:decode:start
c 00h20m26s | stage:decode:done int_assignments=263
c 00h20m26s | result:Sat
c 00h20m26s | objective:incumbent kind=improvement value=3715 rounds=39 improvements=38
o 3715
c 00h20m27s | stage:objective-cut:add timing=incremental-hard backend=cnf form=direct-expr clauses_added=21
c 00h20m27s | stage:sat:init solver=CaDiCaL vars=40701291 clauses=72191859
c 00h20m27s | stage:sat:solve:start assumptions=0 phase_lits=1087
c 00h20m37s | stage:sat:solve:done ms=9939 result=Sat assumptions=0 phase_lits=1087
c 00h20m37s | stage:decode:start
c 00h20m37s | stage:decode:done int_assignments=263
c 00h20m37s | result:Sat
c 00h20m37s | objective:incumbent kind=improvement value=3714 rounds=40 improvements=39
o 3714
c 00h20m38s | stage:objective-cut:add timing=incremental-hard backend=cnf form=direct-expr clauses_added=10
c 00h20m38s | stage:sat:init solver=CaDiCaL vars=40701297 clauses=72191869
c 00h20m38s | stage:sat:solve:start assumptions=0 phase_lits=1087
c 00h20m45s | stage:sat:solve:done ms=7022 result=Sat assumptions=0 phase_lits=1087
c 00h20m45s | stage:decode:start
c 00h20m45s | stage:decode:done int_assignments=263
c 00h20m45s | result:Sat
c 00h20m45s | objective:incumbent kind=improvement value=3710 rounds=41 improvements=40
o 3710
c 00h20m46s | stage:objective-cut:add timing=incremental-hard backend=cnf form=direct-expr clauses_added=15
c 00h20m46s | stage:sat:init solver=CaDiCaL vars=40701307 clauses=72191884
c 00h20m46s | stage:sat:solve:start assumptions=0 phase_lits=1087
c 00h20m51s | stage:sat:solve:done ms=4426 result=Sat assumptions=0 phase_lits=1087
c 00h20m51s | stage:decode:start
c 00h20m51s | stage:decode:done int_assignments=263
c 00h20m51s | result:Sat
c 00h20m51s | objective:incumbent kind=improvement value=3705 rounds=42 improvements=41
o 3705
c 00h20m52s | stage:objective-cut:add timing=incremental-hard backend=cnf form=direct-expr clauses_added=18
c 00h20m52s | stage:sat:init solver=CaDiCaL vars=40701319 clauses=72191902
c 00h20m52s | stage:sat:solve:start assumptions=0 phase_lits=1087
c 00h20m59s | stage:sat:solve:done ms=7431 result=Sat assumptions=0 phase_lits=1087
c 00h20m59s | stage:decode:start
c 00h20m59s | stage:decode:done int_assignments=263
c 00h20m59s | result:Sat
c 00h20m59s | objective:incumbent kind=improvement value=3703 rounds=43 improvements=42
o 3703
c 00h21m00s | stage:objective-cut:add timing=incremental-hard backend=cnf form=direct-expr clauses_added=19
c 00h21m00s | stage:sat:init solver=CaDiCaL vars=40701331 clauses=72191921
c 00h21m00s | stage:sat:solve:start assumptions=0 phase_lits=1087
c 00h21m11s | stage:sat:solve:done ms=11041 result=Sat assumptions=0 phase_lits=1087
c 00h21m11s | stage:decode:start
c 00h21m12s | stage:decode:done int_assignments=263
c 00h21m12s | result:Sat
c 00h21m12s | objective:incumbent kind=improvement value=3702 rounds=44 improvements=43
o 3702
c 00h21m13s | stage:objective-cut:add timing=incremental-hard backend=cnf form=direct-expr clauses_added=16
c 00h21m13s | stage:sat:init solver=CaDiCaL vars=40701341 clauses=72191937
c 00h21m13s | stage:sat:solve:start assumptions=0 phase_lits=1087
c 00h21m19s | stage:sat:solve:done ms=6264 result=Sat assumptions=0 phase_lits=1087
c 00h21m19s | stage:decode:start
c 00h21m19s | stage:decode:done int_assignments=263
c 00h21m19s | result:Sat
c 00h21m19s | objective:incumbent kind=improvement value=3694 rounds=45 improvements=44
o 3694
c 00h21m20s | stage:objective-cut:add timing=incremental-hard backend=cnf form=direct-expr clauses_added=16
c 00h21m20s | stage:sat:init solver=CaDiCaL vars=40701351 clauses=72191953
c 00h21m20s | stage:sat:solve:start assumptions=0 phase_lits=1087
c 00h21m22s | stage:sat:solve:done ms=1837 result=Sat assumptions=0 phase_lits=1087
c 00h21m22s | stage:decode:start
c 00h21m22s | stage:decode:done int_assignments=263
c 00h21m22s | result:Sat
c 00h21m22s | objective:incumbent kind=improvement value=3662 rounds=46 improvements=45
o 3662
c 00h21m23s | stage:objective-cut:add timing=incremental-hard backend=cnf form=direct-expr clauses_added=17
c 00h21m23s | stage:sat:init solver=CaDiCaL vars=40701361 clauses=72191970
c 00h21m23s | stage:sat:solve:start assumptions=0 phase_lits=1087
c 00h21m25s | stage:sat:solve:done ms=1798 result=Sat assumptions=0 phase_lits=1087
c 00h21m25s | stage:decode:start
c 00h21m25s | stage:decode:done int_assignments=263
c 00h21m25s | result:Sat
c 00h21m25s | objective:incumbent kind=improvement value=3654 rounds=47 improvements=46
o 3654
c 00h21m26s | stage:objective-cut:add timing=incremental-hard backend=cnf form=direct-expr clauses_added=18
c 00h21m26s | stage:sat:init solver=CaDiCaL vars=40701371 clauses=72191988
c 00h21m26s | stage:sat:solve:start assumptions=0 phase_lits=1087
c 00h21m28s | stage:sat:solve:done ms=1789 result=Sat assumptions=0 phase_lits=1087
c 00h21m28s | stage:decode:start
c 00h21m28s | stage:decode:done int_assignments=263
c 00h21m28s | result:Sat
c 00h21m28s | objective:incumbent kind=improvement value=3650 rounds=48 improvements=47
o 3650
c 00h21m29s | stage:objective-cut:add timing=incremental-hard backend=cnf form=direct-expr clauses_added=7
c 00h21m29s | stage:sat:init solver=CaDiCaL vars=40701375 clauses=72191995
c 00h21m29s | stage:sat:solve:start assumptions=0 phase_lits=1087
c 00h21m31s | stage:sat:solve:done ms=1790 result=Sat assumptions=0 phase_lits=1087
c 00h21m31s | stage:decode:start
c 00h21m31s | stage:decode:done int_assignments=263
c 00h21m31s | result:Sat
c 00h21m31s | objective:incumbent kind=improvement value=3586 rounds=49 improvements=48
o 3586
c 00h21m32s | stage:objective-cut:add timing=incremental-hard backend=cnf form=direct-expr clauses_added=10
c 00h21m32s | stage:sat:init solver=CaDiCaL vars=40701381 clauses=72192005
c 00h21m32s | stage:sat:solve:start assumptions=0 phase_lits=1087
c 00h21m34s | stage:sat:solve:done ms=1875 result=Sat assumptions=0 phase_lits=1087
c 00h21m34s | stage:decode:start
c 00h21m34s | stage:decode:done int_assignments=263
c 00h21m34s | result:Sat
c 00h21m34s | objective:incumbent kind=improvement value=3582 rounds=50 improvements=49
o 3582
c 00h21m35s | stage:objective-cut:add timing=incremental-hard backend=cnf form=direct-expr clauses_added=15
c 00h21m35s | stage:sat:init solver=CaDiCaL vars=40701391 clauses=72192020
c 00h21m35s | stage:sat:solve:start assumptions=0 phase_lits=1087
c 00h21m37s | stage:sat:solve:done ms=2114 result=Sat assumptions=0 phase_lits=1087
c 00h21m37s | stage:decode:start
c 00h21m37s | stage:decode:done int_assignments=263
c 00h21m37s | result:Sat
c 00h21m37s | objective:incumbent kind=improvement value=3578 rounds=51 improvements=50
o 3578
c 00h21m38s | stage:objective-cut:add timing=incremental-hard backend=cnf form=direct-expr clauses_added=14
c 00h21m38s | stage:sat:init solver=CaDiCaL vars=40701400 clauses=72192034
c 00h21m38s | stage:sat:solve:start assumptions=0 phase_lits=1087
c 00h21m45s | stage:sat:solve:done ms=6625 result=Sat assumptions=0 phase_lits=1087
c 00h21m45s | stage:decode:start
c 00h21m45s | stage:decode:done int_assignments=263
c 00h21m45s | result:Sat
c 00h21m45s | objective:incumbent kind=improvement value=3570 rounds=52 improvements=51
o 3570
c 00h21m46s | stage:objective-cut:add timing=incremental-hard backend=cnf form=direct-expr clauses_added=13
c 00h21m46s | stage:sat:init solver=CaDiCaL vars=40701408 clauses=72192047
c 00h21m46s | stage:sat:solve:start assumptions=0 phase_lits=1087
c 00h21m48s | stage:sat:solve:done ms=2162 result=Sat assumptions=0 phase_lits=1087
c 00h21m48s | stage:decode:start
c 00h21m48s | stage:decode:done int_assignments=263
c 00h21m48s | result:Sat
c 00h21m48s | objective:incumbent kind=improvement value=3506 rounds=53 improvements=52
o 3506
c 00h21m49s | stage:objective-cut:add timing=incremental-hard backend=cnf form=direct-expr clauses_added=13
c 00h21m49s | stage:sat:init solver=CaDiCaL vars=40701416 clauses=72192060
c 00h21m49s | stage:sat:solve:start assumptions=0 phase_lits=1087
s SATISFIABLE
o 3506
v <instantiation>
v   <list> z x[0] x[1] x[2] x[3] x[4] x[5] x[6] x[7] x[8] x[9] x[10] x[11] x[12] x[13] x[14] y[0] y[1] y[2] y[3] y[4] y[5] y[6] y[7] y[8] y[9] y[10] y[11] y[12] y[13] y[14] r[0] r[1] r[2] r[3] r[4] r[5] r[6] r[7] r[8] r[9] r[10] r[11] r[12] r[13] r[14] r0or180[0] r0or180[1] r0or180[2] r0or180[3] r0or180[4] r0or180[5] r0or180[6] r0or180[7] r0or180[8] r0or180[9] r0or180[10] r0or180[11] r0or180[12] r0or180[13] r0or180[14] r0or90[0] r0or90[1] r0or90[2] r0or90[3] r0or90[4] r0or90[5] r0or90[6] r0or90[7] r0or90[8] r0or90[9] r0or90[10] r0or90[11] r0or90[12] r0or90[13] r0or90[14] xr[0] xr[1] xr[2] xr[3] xr[4] xr[5] xr[6] xr[7] xr[8] xr[9] xr[10] xr[11] xr[12] xr[13] xr[14] xr[15] xr[16] xr[17] xr[18] yr[0] yr[1] yr[2] yr[3] yr[4] yr[5] yr[6] yr[7] yr[8] yr[9] yr[10] yr[11] yr[12] yr[13] yr[14] yr[15] yr[16] yr[17] yr[18] lr[0] lr[1] lr[2] lr[3] lr[4] lr[5] lr[6] lr[7] lr[8] lr[9] lr[10] lr[11] lr[12] lr[13] lr[14] lr[15] lr[16] lr[17] lr[18] wr[0] wr[1] wr[2] wr[3] wr[4] wr[5] wr[6] wr[7] wr[8] wr[9] wr[10] wr[11] wr[12] wr[13] wr[14] wr[15] wr[16] wr[17] wr[18] xs[0] xs[1] xs[2] xs[3] xs[4] xs[5] xs[6] xs[7] xs[8] ys[0] ys[1] ys[2] ys[3] ys[4] ys[5] ys[6] ys[7] ys[8] lp[0][0] lp[0][1] lp[0][2] lp[0][3] lp[0][4] lp[0][5] lp[1][0] lp[1][1] lp[1][2] lp[1][3] lp[1][4] lp[1][5] aux_gb[0] aux_gb[1] aux_gb[2] aux_gb[3] aux_gb[4] aux_gb[5] aux_gb[6] aux_gb[7] aux_gb[8] aux_gb[9] aux_gb[10] aux_gb[11] aux_gb[12] aux_gb[13] aux_gb[14] aux_gb[15] aux_gb[16] aux_gb[17] aux_gb[18] aux_gb[19] aux_gb[20] aux_gb[21] aux_gb[22] aux_gb[23] aux_gb[24] aux_gb[25] aux_gb[26] aux_gb[27] aux_gb[28] aux_gb[29] aux_gb[30] aux_gb[31] aux_gb[32] aux_gb[33] aux_gb[34] aux_gb[35] aux_gb[36] aux_gb[37] aux_gb[38] aux_gb[39] aux_gb[40] aux_gb[41] aux_gb[42] aux_gb[43] aux_gb[44] aux_gb[45] aux_gb[46] aux_gb[47] aux_gb[48] aux_gb[49] aux_gb[50] aux_gb[51] aux_gb[52] aux_gb[53] aux_gb[54] aux_gb[55] aux_gb[56] aux_gb[57] aux_gb[58] aux_gb[59] aux_gb[60] aux_gb[61] aux_gb[62] aux_gb[63] aux_gb[64] aux_gb[65] aux_gb[66] aux_gb[67] aux_gb[68] aux_gb[69] aux_gb[70] aux_gb[71] aux_gb[72] aux_gb[73] aux_gb[74] aux_gb[75] aux_gb[76] aux_gb[77] aux_gb[78] aux_gb[79] aux_gb[80] </list>
v   <values> 3506 1968 1 1013 430 2815 267 3072 191 2592 1542 547 88 2048 865 1140 39 60 199 52 1 0 0 16 1 270 4 8 208 30 10 0 0 0 0 3 2 1 0 0 0 0 0 0 0 0 1 1 1 1 0 1 0 1 1 1 1 1 1 1 1 1 1 1 1 0 0 1 1 1 1 1 1 1 1 1 2176 1968 1 1013 430 2897 2815 361 267 3072 191 2592 1542 547 88 2048 865 865 1140 192 39 60 199 52 1 67 0 0 0 16 1 270 4 8 208 190 30 10 391 599 86 72 87 117 82 69 94 434 56 76 333 236 101 75 129 275 563 94 153 132 113 120 281 215 226 307 299 108 157 26 310 189 108 49 160 257 1775 1828 1881 1929 1981 372 424 94 146 79 79 79 195 195 226 226 228 228 0 0 1 0 0 0 0 1 0 1 0 1 208 0 0 0 0 82 0 94 0 0 0 0 0 0 0 0 0 0 0 153 0 0 66 0 0 160 0 53 53 53 52 52 52 52 52 52 102 102 102 88 88 88 88 88 88 102 102 102 88 88 88 88 88 88 53 53 53 52 52 52 52 52 52 53 102 53 102 53 102 52 88 52 88 52 88 52 88 52 88 52 88 </values>
v </instantiation>
d OBJECTIVE_VALUE 3506
d OPTIMAL 0
d OBJECTIVE_ROUNDS 53
d OBJECTIVE_IMPROVEMENTS 52
d COP_INCUMBENT_ELAPSED_MS 1308483
d SOLVE_ELAPSED_MS 1793690
d CURRENT_STAGE sat
d CURRENT_STAGE_ELAPSED_MS 484178
d LAST_COMPLETED_STAGE decode
d STAGE_PROPAGATE_STATUS done
d STAGE_NORMALIZE_STATUS done
d STAGE_LOWER_STATUS done
d STAGE_POST_LOWER_STATUS done
d STAGE_PREENCODE_STATUS done
d STAGE_ENCODE_STATUS done
d STAGE_SAT_STATUS running
d STAGE_DECODE_STATUS done
d STAGE_RELAXATION_STATUS pending
d STAGE_DUMP_CNF_STATUS pending
d SOURCE_CONSTRAINTS 275
d NORMALIZED_CONSTRAINTS 275
d LOWERED_CONSTRAINTS 275
d UNSUPPORTED_CONSTRAINTS 0
d SAT_VARS 40700886
d SAT_CLAUSES_BASE 72191209
d SAT_CLAUSES_FINAL 72192060
d SAT_CLAUSES_CEGAR_DELTA 0
d MEMORY_RSS_BYTES 15765118976
d MEMORY_RSS_AFTER_PROPAGATE_BYTES 223793152
d MEMORY_RSS_AFTER_LOWER_BYTES 292847616
d MEMORY_RSS_AFTER_POST_LOWER_BYTES 436928512
d MEMORY_RSS_BEFORE_PREENCODE_BYTES 439201792
d MEMORY_RSS_AFTER_PREENCODE_BYTES 439468032
d MEMORY_RSS_BEFORE_ENCODE_BYTES 439468032
d MEMORY_RSS_ENCODE_SAMPLE_INTERVAL_CLAUSES 1000000
d MEMORY_RSS_ENCODE_SAMPLE_COUNT 82
d MEMORY_RSS_ENCODE_LAST_SAMPLE_CLAUSE 72191209
d MEMORY_RSS_ENCODE_LAST_SAMPLE_BYTES 15765118976
d MEMORY_RSS_ENCODE_MAX_SAMPLE_BYTES 15765118976
d SAT_CONFLICTS 4052
d CUMULATIVE_EXTPROP_CONSTRAINTS 2
d CUMULATIVE_EXTPROP_OBSERVED_VARS 622
d CUMULATIVE_EXTPROP_OBSERVED_LITS 622
d CUMULATIVE_EXTPROP_OBSERVED_LIT_OCCURRENCES 650
d CUMULATIVE_EXTPROP_NOTIFY_ASSIGNMENT_CALLS 91010
d CUMULATIVE_EXTPROP_NOTIFY_ASSIGNMENT_LITS 219481
d CUMULATIVE_EXTPROP_NOTIFY_NEW_DECISION_LEVEL_CALLS 494670265
d CUMULATIVE_EXTPROP_NOTIFY_BACKTRACK_CALLS 6953
d CUMULATIVE_EXTPROP_CB_CHECK_FOUND_MODEL_CALLS 53
d CUMULATIVE_EXTPROP_CB_CHECK_FOUND_MODEL_REJECTS 0
d CUMULATIVE_EXTPROP_CB_PROPAGATE_CALLS 88185
d CUMULATIVE_EXTPROP_CB_PROPAGATE_CONFLICTS 0
d CUMULATIVE_EXTPROP_PROPAGATED_LITS 0
d CUMULATIVE_EXTPROP_REASON_CLAUSES 0
d CUMULATIVE_EXTPROP_REASON_CLAUSE_LITS 0
d CUMULATIVE_EXTPROP_REASON_CLAUSE_MAX_LEN 0
d CUMULATIVE_EXTPROP_CB_HAS_EXTERNAL_CLAUSE_CALLS 494671278
d CUMULATIVE_EXTPROP_CB_ADD_EXTERNAL_CLAUSE_LIT_CALLS 0
d CUMULATIVE_EXTPROP_EXTERNAL_CLAUSES 0
d CUMULATIVE_EXTPROP_EXTERNAL_CLAUSE_LITS 0
d CUMULATIVE_EXTPROP_EXTERNAL_CLAUSE_MAX_LEN 0
d CUMULATIVE_EXTPROP_PARTIAL_VIOLATION_CALLS 94972
d CUMULATIVE_EXTPROP_COMPULSORY_VIOLATION_CALLS 94972
d CUMULATIVE_EXTPROP_BOUND_PROPAGATION_CALLS 0
d CUMULATIVE_EXTPROP_BOUND_REASON_CALLS 0
d CUMULATIVE_EXTPROP_PARTIAL_SUMMARY_TASK_EVALS 2264948
d CUMULATIVE_EXTPROP_BOUND_SUMMARY_TASK_EVALS 2659216
d CUMULATIVE_EXTPROP_BOUND_EVENT_PAIRS 0
d CUMULATIVE_EXTPROP_LOWER_BOUND_LIT_CALLS 0
d CUMULATIVE_EXTPROP_UPPER_BOUND_LIT_CALLS 0
d CUMULATIVE_EXTPROP_LOG_WITNESS_CHECKS 0
d LINEAR_INT_EQ_ARITY_STATS {"1":{"count":157525,"max_domain_product_excluding_one_var":"1","p95_domain_product_excluding_one_var":"1"},"2":{"count":157438,"max_domain_product_excluding_one_var":"2","p95_domain_product_excluding_one_var":"2"},"3":{"count":38,"max_domain_product_excluding_one_var":"13014","p95_domain_product_excluding_one_var":"12906"}}
d LINEAR_INT_NE_ARITY_STATS {"1":{"count":60,"max_domain_product_excluding_one_var":"1","p95_domain_product_excluding_one_var":"1"}}
d LINEAR_INT_GE_ARITY_STATS {"1":{"count":157400,"max_domain_product_excluding_one_var":"1","p95_domain_product_excluding_one_var":"1"},"2":{"count":157478,"max_domain_product_excluding_one_var":"4449","p95_domain_product_excluding_one_var":"2"},"3":{"count":1547,"max_domain_product_excluding_one_var":"8890","p95_domain_product_excluding_one_var":"8830"},"6":{"count":1,"max_domain_product_excluding_one_var":"4","p95_domain_product_excluding_one_var":"4"},"19":{"count":599,"max_domain_product_excluding_one_var":"340282366920938463463374607431768211455","p95_domain_product_excluding_one_var":"340282366920938463463374607431768211455"},"20":{"count":599,"max_domain_product_excluding_one_var":"340282366920938463463374607431768211455","p95_domain_product_excluding_one_var":"340282366920938463463374607431768211455"},"24":{"count":52,"max_domain_product_excluding_one_var":"340282366920938463463374607431768211455","p95_domain_product_excluding_one_var":"340282366920938463463374607431768211455"},"26":{"count":1,"max_domain_product_excluding_one_var":"340282366920938463463374607431768211455","p95_domain_product_excluding_one_var":"340282366920938463463374607431768211455"},"28":{"count":4447,"max_domain_product_excluding_one_var":"340282366920938463463374607431768211455","p95_domain_product_excluding_one_var":"340282366920938463463374607431768211455"},"29":{"count":316,"max_domain_product_excluding_one_var":"340282366920938463463374607431768211455","p95_domain_product_excluding_one_var":"340282366920938463463374607431768211455"}}
d LINEAR_BOOL_MIXED_ARITY_STATS {"2":{"count":37,"max_domain_product_excluding_one_var":"2","p95_domain_product_excluding_one_var":"2"}}
d ROOT_LP_ENTERED 0
d ROOT_LP_STATUS skipped
d ROOT_LP_MS 0
d ROOT_LP_REASON root_lp_disabled
d OBJECTIVE_CUT_TIMING incremental-hard
d OBJECTIVE_CUT_BACKEND cnf
d OBJECTIVE_CUT_FORM direct-expr
d OBJECTIVE_CUT_EAGER_CLAUSES_ADDED 851
d PROPAGATE_PRUNED_VALUES 3091
d PROPAGATE_CHANGED_DOMAINS 64
d PROPAGATE_ENTAILED_TABLES 15
d POST_LOWER_ROUNDS 5249
d POST_LOWER_TIGHTENED_DOMAINS 97051
d POST_LOWER_REMOVED_CLAUSES 57507
d POST_LOWER_REMOVED_LITS 57546
d POST_LOWER_DETECTED_UNSAT 0
d PREENCODE_INT_VARS 157663
d ENCODE_EXTERNAL_GE_SPECS 0
d ENCODE_RELAXED_CIRCUITS 0
d LOG_SCOP_LINEAR_PB_CONSTRAINTS 950824
d LOG_SCOP_LINEAR_PB_MIXED_DISPATCH_CONSTRAINTS 0
d LOG_SCOP_LINEAR_PB_MIXED_ATTEMPT_BDD 0
d LOG_SCOP_LINEAR_PB_MIXED_ATTEMPT_SORTER 0
d LOG_SCOP_LINEAR_PB_MIXED_ATTEMPT_DADDA 0
d LOG_SCOP_LINEAR_PB_MIXED_REJECT_BDD_BUDGET 0
d LOG_SCOP_LINEAR_PB_MIXED_REJECT_SORTER_BUDGET 0
d LOG_SCOP_LINEAR_PB_MIXED_FALLBACK_BDD_TO_SORTER 0
d LOG_SCOP_LINEAR_PB_MIXED_FALLBACK_BDD_TO_DADDA 0
d LOG_SCOP_LINEAR_PB_MIXED_FALLBACK_SORTER_TO_BDD 0
d LOG_SCOP_LINEAR_PB_MIXED_FALLBACK_SORTER_TO_DADDA 0
d LOG_SCOP_LINEAR_PB_BACKEND_BDD2 950824
d LOG_SCOP_LINEAR_PB_BACKEND_BDD3 0
d LOG_SCOP_LINEAR_PB_BACKEND_SORTER 0
d LOG_SCOP_LINEAR_PB_BACKEND_DADDA 0
d LOG_SCOP_LINEAR_PB_BDD_DECOMPOSITION_RAW 950824
d LOG_SCOP_LINEAR_PB_BDD_DECOMPOSITION_BINARY 0
d LOG_SCOP_LINEAR_PB_BDD_DECOMPOSITION_MULTIBASE 0
d MEMORY_RSS_BYTES 15765118976
d MEMORY_RSS_AFTER_PROPAGATE_BYTES 223793152
d MEMORY_RSS_AFTER_LOWER_BYTES 292847616
d MEMORY_RSS_AFTER_POST_LOWER_BYTES 436928512
d MEMORY_RSS_BEFORE_PREENCODE_BYTES 439201792
d MEMORY_RSS_AFTER_PREENCODE_BYTES 439468032
d MEMORY_RSS_BEFORE_ENCODE_BYTES 439468032
d MEMORY_RSS_ENCODE_SAMPLE_INTERVAL_CLAUSES 1000000
d MEMORY_RSS_ENCODE_SAMPLE_COUNT 82
d MEMORY_RSS_ENCODE_LAST_SAMPLE_CLAUSE 72191209
d MEMORY_RSS_ENCODE_LAST_SAMPLE_BYTES 15765118976
d MEMORY_RSS_ENCODE_MAX_SAMPLE_BYTES 15765118976
d DECODE_INT_ASSIGNMENTS 263
d CIRCUIT_CEGAR_FAILURES 0
d CIRCUIT_CEGAR_ROUNDS 0
d CIRCUIT_CEGAR_ADDED_CLAUSES 0
d CUMULATIVE_CEGAR_FAILURES 0
d CUMULATIVE_CEGAR_ROUNDS 0
d CUMULATIVE_CEGAR_ADDED_CLAUSES 0
d COP_CEGAR_FAILURES 0
d COP_CEGAR_ROUNDS 0
d COP_CEGAR_ADDED_CLAUSES 0
d CSV /bench/competition/2022-2025/COP22to25/CarpetCutting-test07_c23.xml.lzma,sat,275,275,275,0,40700886,72192060,1793688,,,,,,,0,skipped,,,,,,0,,,,,,,timeout_signal,incumbent_interrupted_by_signal
signal=15; emitted incumbent csv row
c run_end_local: 2026-05-30 08:56:48 +0900
