# WCTIME: wall clock time in seconds
WCTIME=0.669168
# CPUTIME: CPU time in seconds (USERTIME+SYSTEMTIME)
CPUTIME=0.639456
# USERTIME: CPU time spent in user mode in seconds
USERTIME=0.171936
# SYSTEMTIME: CPU time spent in system mode in seconds
SYSTEMTIME=0.46752
# CPUUSAGE: CPUTIME/WCTIME in percent
CPUUSAGE=95.5599
# MAXVM: maximum virtual memory used in KiB
MAXVM=214784
# MAXMM: maximum memory used in KiB
MAXMM=10196
# MAXRSS: maximum Resident Segment Size in KiB
MAXRSS=9672
# TIMEOUT: did the solver exceed the time limit?
TIMEOUT=false
# MEMOUT: did the solver exceed the memory limit?
MEMOUT=false
# EXITSTATUS: Exit status of the solver
EXITSTATUS=0
