MiniZinc to FlatZinc converter, version 2.9.3, build 1832600886
Copyright (C) 2014-2025 Monash University, NICTA, Data61
Parsing file(s) /bench/2014/multi-knapsack/mknapsack.mzn', '/bench/2014/multi-knapsack/mknap2-10.dzn' ...
processing file '/usr/local/share/minizinc/std/stdlib.mzn'
processing file '/usr/local/share/minizinc/std/stdlib/stdlib_internal.mzn'
processing file '/usr/local/share/minizinc/std/output.mzn'
processing file '/usr/local/share/minizinc/std/output/array2d_bool.mzn'
processing file '/usr/local/share/minizinc/std/output/gantt.mzn'
processing file '/usr/local/share/minizinc/std/stdlib/stdlib_random.mzn'
processing file '/usr/local/share/minizinc/std/stdlib/stdlib_debug.mzn'
processing file '/usr/local/share/minizinc/std/stdlib/stdlib_reflect.mzn'
processing file '/usr/local/share/minizinc/std/stdlib/stdlib_ite.mzn'
processing file '/usr/local/share/minizinc/std/stdlib/stdlib_language.mzn'
processing file '/usr/local/share/minizinc/std/stdlib/stdlib_sort.mzn'
processing file '/usr/local/share/minizinc/std/stdlib/stdlib_opt.mzn'
processing file '/usr/local/share/minizinc/std/stdlib/stdlib_ann.mzn'
processing file '/usr/local/share/minizinc/std/stdlib/stdlib_enum.mzn'
processing file '/usr/local/share/minizinc/std/stdlib/stdlib_string.mzn'
processing file '/usr/local/share/minizinc/std/stdlib/stdlib_set.mzn'
processing file '/usr/local/share/minizinc/std/stdlib/stdlib_logic.mzn'
processing file '/usr/local/share/minizinc/std/stdlib/stdlib_array.mzn'
processing file '/usr/local/share/minizinc/std/stdlib/stdlib_coercion.mzn'
processing file '/usr/local/share/minizinc/std/stdlib/stdlib_math.mzn'
processing file '/usr/local/share/minizinc/std/stdlib/stdlib_compare.mzn'
processing file '/usr/local/share/minizinc/std/flatzinc_builtins.mzn'
processing file '/usr/local/share/minizinc/std/solver_redefinitions.mzn'
processing file '/usr/local/share/minizinc/std/table.mzn'
processing file '/usr/local/share/minizinc/std/fzn_table_int_opt.mzn'
processing file '/usr/local/share/minizinc/std/fzn_table_int_reif.mzn'
processing file '/entry_data/mzn-lib/fzn_table_int.mzn'
processing file '/usr/local/share/minizinc/std/fzn_table_bool_reif.mzn'
processing file '/entry_data/mzn-lib/fzn_table_bool.mzn'
processing file '/usr/local/share/minizinc/std/fzn_array_set_intersect.mzn'
processing file '/usr/local/share/minizinc/std/fzn_array_set_union.mzn'
processing file '/usr/local/share/minizinc/std/fzn_array_opt_int_union.mzn'
processing file '/usr/local/share/minizinc/std/fzn_array_int_union.mzn'
processing file '/usr/local/share/minizinc/std/lex_lesseq.mzn'
processing file '/usr/local/share/minizinc/std/fzn_lex_lesseq_set_reif.mzn'
processing file '/usr/local/share/minizinc/std/fzn_lex_lesseq_set.mzn'
processing file '/usr/local/share/minizinc/std/fzn_lex_lesseq_int_reif.mzn'
processing file '/entry_data/mzn-lib/fzn_lex_lesseq_int.mzn'
processing file '/usr/local/share/minizinc/std/fzn_lex_lesseq_float_reif.mzn'
processing file '/usr/local/share/minizinc/std/fzn_lex_lesseq_float.mzn'
processing file '/usr/local/share/minizinc/std/fzn_lex_lesseq_bool_reif.mzn'
processing file '/entry_data/mzn-lib/fzn_lex_lesseq_bool.mzn'
processing file '/usr/local/share/minizinc/std/lex_less.mzn'
processing file '/usr/local/share/minizinc/std/fzn_lex_less_set_reif.mzn'
processing file '/usr/local/share/minizinc/std/fzn_lex_less_set.mzn'
processing file '/usr/local/share/minizinc/std/fzn_lex_less_int_reif.mzn'
processing file '/entry_data/mzn-lib/fzn_lex_less_int.mzn'
processing file '/usr/local/share/minizinc/std/fzn_lex_less_float_reif.mzn'
processing file '/usr/local/share/minizinc/std/fzn_lex_less_float.mzn'
processing file '/usr/local/share/minizinc/std/fzn_lex_less_bool_reif.mzn'
processing file '/entry_data/mzn-lib/fzn_lex_less_bool.mzn'
processing file '/usr/local/share/minizinc/std/fzn_if_then_else_partiality.mzn'
processing file '/usr/local/share/minizinc/std/fzn_if_then_else_var_set.mzn'
processing file '/usr/local/share/minizinc/std/fzn_if_then_else_set.mzn'
processing file '/usr/local/share/minizinc/std/fzn_if_then_else_var_opt_float.mzn'
processing file '/usr/local/share/minizinc/std/fzn_if_then_else_var_float.mzn'
processing file '/usr/local/share/minizinc/std/fzn_if_then_else_opt_float.mzn'
processing file '/usr/local/share/minizinc/std/fzn_if_then_else_float.mzn'
processing file '/usr/local/share/minizinc/std/fzn_if_then_else_var_opt_bool.mzn'
processing file '/usr/local/share/minizinc/std/fzn_if_then_else_var_bool.mzn'
processing file '/usr/local/share/minizinc/std/fzn_if_then_else_opt_bool.mzn'
processing file '/usr/local/share/minizinc/std/fzn_if_then_else_bool.mzn'
processing file '/usr/local/share/minizinc/std/fzn_if_then_else_var_opt_int.mzn'
processing file '/usr/local/share/minizinc/std/fzn_if_then_else_var_int.mzn'
processing file '/usr/local/share/minizinc/std/fzn_if_then_else_opt_int.mzn'
processing file '/usr/local/share/minizinc/std/fzn_if_then_else_int.mzn'
processing file '/usr/local/share/minizinc/std/count_fn.mzn'
processing file '/usr/local/share/minizinc/std/count_lt.mzn'
processing file '/usr/local/share/minizinc/std/fzn_count_lt_par_reif.mzn'
processing file '/usr/local/share/minizinc/std/fzn_count_lt_reif.mzn'
processing file '/usr/local/share/minizinc/std/fzn_count_lt_par.mzn'
processing file '/usr/local/share/minizinc/std/fzn_count_lt.mzn'
processing file '/usr/local/share/minizinc/std/count_gt.mzn'
processing file '/usr/local/share/minizinc/std/fzn_count_gt_reif.mzn'
processing file '/usr/local/share/minizinc/std/fzn_count_gt_par_reif.mzn'
processing file '/usr/local/share/minizinc/std/fzn_count_gt.mzn'
processing file '/usr/local/share/minizinc/std/fzn_count_gt_par.mzn'
processing file '/usr/local/share/minizinc/std/count_neq.mzn'
processing file '/usr/local/share/minizinc/std/fzn_count_neq_reif.mzn'
processing file '/usr/local/share/minizinc/std/fzn_count_neq_par_reif.mzn'
processing file '/usr/local/share/minizinc/std/fzn_count_neq.mzn'
processing file '/usr/local/share/minizinc/std/fzn_count_neq_par.mzn'
processing file '/usr/local/share/minizinc/std/count_leq.mzn'
processing file '/usr/local/share/minizinc/std/fzn_count_leq_reif.mzn'
processing file '/usr/local/share/minizinc/std/fzn_count_leq_par_reif.mzn'
processing file '/usr/local/share/minizinc/std/fzn_count_leq.mzn'
processing file '/usr/local/share/minizinc/std/fzn_count_leq_par.mzn'
processing file '/usr/local/share/minizinc/std/count_geq.mzn'
processing file '/usr/local/share/minizinc/std/fzn_count_geq_reif.mzn'
processing file '/usr/local/share/minizinc/std/fzn_count_geq_par_reif.mzn'
processing file '/usr/local/share/minizinc/std/fzn_count_geq.mzn'
processing file '/usr/local/share/minizinc/std/fzn_count_geq_par.mzn'
processing file '/usr/local/share/minizinc/std/count_eq.mzn'
processing file '/usr/local/share/minizinc/std/fzn_count_eq_par_reif.mzn'
processing file '/usr/local/share/minizinc/std/fzn_count_eq_reif.mzn'
processing file '/usr/local/share/minizinc/std/fzn_count_eq_par.mzn'
processing file '/entry_data/mzn-lib/fzn_count_eq.mzn'
processing file '/usr/local/share/minizinc/std/redefinitions-2.7.1.mzn'
processing file '/usr/local/share/minizinc/std/redefinitions-2.5.2.mzn'
processing file '/usr/local/share/minizinc/std/redefinitions-2.3.3.mzn'
processing file '/usr/local/share/minizinc/std/redefinitions-2.2.1.mzn'
processing file '/usr/local/share/minizinc/std/redefinitions-2.1.1.mzn'
processing file '/usr/local/share/minizinc/std/redefinitions-2.1.mzn'
processing file '/entry_data/mzn-lib/redefinitions-2.0.2.mzn'
processing file '/entry_data/mzn-lib/redefinitions-2.0.mzn'
processing file '/usr/local/share/minizinc/std/redefinitions.mzn'
processing file '/bench/2014/multi-knapsack/mknapsack.mzn'
processing data file '/bench/2014/multi-knapsack/mknap2-10.dzn'
 done parsing (0.10 s)
Flattening ...
	CompilePass: Flatten with '/entry_data/mzn-lib' library ...
MIP domains ...
 done (0.08 s)
Optimizing ... done (0.09 s)
Converting to old FlatZinc ... done (0.09 s)
 done (0.09 s)
 done (0.18 s), max stack depth 11
Maximum memory 4 Mbytes.
      % SOLVING PHASE
FZN solver plugin, compiled  May 23 2025  06:18:37
Using FZN solver /entry_data/fzn-exec for solving, parameters: -p 14 -v 
%% File /tmp/mznfiledJAli2.fzn parsed in 12 ms
%% Model mznfiledJAli2
%%   - integer variables:105
%%   - int_lin_eq: 1
%%   - int_lin_le: 2
%%   - Satisfaction problem
%%   - #var_op_value_reif cached: 0
%%   - #var_op_var_reif cached: 0
%%   - #var_op_var_imp cached: 0
%%   - #full domain encodings: 0
%% Starting CP-SAT solver v9.15.9999
%% Parameters: log_search_progress: true log_to_stdout: false max_domain_size_when_encoding_eq_neq_constraints: 32 num_workers: 14
%% Initial satisfaction model 'mznfiledJAli2': (model_fingerprint: 0x792242bb52a987e2)
%% Search strategy: on 105 variables, CHOOSE_FIRST, SELECT_MAX_VALUE
%% #Variables: 105 (104 primary variables)
%%   - 105 Booleans in [0,1]
%% #kLinearN: 3 (#terms: 246)
%% Starting presolve at 0.01s
%%   1.01e-04s  0.00e+00d  [DetectDominanceRelations] 
%%   6.38e-03s  0.00e+00d  [PresolveToFixPoint] #num_loops=2 #num_dual_strengthening=1 
%%   4.50e-06s  0.00e+00d  [ExtractEncodingFromLinear] 
%%   2.30e-05s  0.00e+00d  [DetectDuplicateColumns] 
%%   3.94e-06s  0.00e+00d  [DetectDuplicateConstraints] 
%% [Symmetry] Graph for symmetry has 447 nodes and 677 arcs.
%% [Symmetry] Symmetry computation done. time: 0.00157919 dtime: 8.064e-05
%% [SAT presolve] num removable Booleans: 0 / 105
%% [SAT presolve] num trivial clauses: 0
%% [SAT presolve] [0s] clauses:1 literals:2 vars:2 one_side_vars:2 simple_definition:0 singleton_clauses:0
%% [SAT presolve] [9.335e-06s] clauses:1 literals:2 vars:2 one_side_vars:2 simple_definition:0 singleton_clauses:0
%% [SAT presolve] [1.5626e-05s] clauses:1 literals:2 vars:2 one_side_vars:2 simple_definition:0 singleton_clauses:0
%%   4.43e-06s  0.00e+00d  [DetectDuplicateConstraintsWithDifferentEnforcements] 
%%   8.48e-03s  1.25e-04d  [Probe] #probed=210 #new_binary_clauses=6 
%%   1.74e-05s  2.60e-07d  [MaxClique] 
%%   1.05e-04s  0.00e+00d  [DetectDominanceRelations] 
%%   3.27e-04s  0.00e+00d  [PresolveToFixPoint] #num_loops=1 #num_dual_strengthening=1 
%%   1.23e-04s  0.00e+00d  [ProcessAtMostOneAndLinear] 
%%   2.34e-06s  0.00e+00d  [DetectDuplicateConstraints] 
%%   1.80e-06s  0.00e+00d  [DetectDuplicateConstraintsWithDifferentEnforcements] 
%%   3.53e-05s  1.36e-06d  [DetectDominatedLinearConstraints] #relevant_constraints=4 #num_inclusions=1 
%%   2.91e-06s  0.00e+00d  [DetectDifferentVariables] 
%%   1.78e-05s  8.47e-07d  [ProcessSetPPC] #relevant_constraints=6 #num_inclusions=2 
%%   2.83e-05s  0.00e+00d  [TransformClausesToExactlyOne] #num_amos=2 
%%   1.03e-06s  0.00e+00d  [DetectEncodedComplexDomains] 
%%   3.23e-06s  0.00e+00d  [FindAlmostIdenticalLinearConstraints] 
%%   1.36e-05s  9.20e-06d  [FindBigAtMostOneAndLinearOverlap] 
%%   5.57e-05s  1.53e-04d  [FindBigVerticalLinearOverlap] 
%%   5.35e-06s  3.27e-06d  [FindBigHorizontalLinearOverlap] #linears=4 
%%   1.52e-06s  0.00e+00d  [MergeClauses] 
%%   8.78e-05s  0.00e+00d  [DetectDominanceRelations] 
%%   2.91e-04s  0.00e+00d  [PresolveToFixPoint] #num_loops=1 #num_dual_strengthening=1 
%%   7.11e-05s  0.00e+00d  [DetectDominanceRelations] 
%%   2.45e-04s  0.00e+00d  [PresolveToFixPoint] #num_loops=1 #num_dual_strengthening=1 
%%   1.63e-05s  0.00e+00d  [DetectDuplicateColumns] 
%%   1.88e-06s  0.00e+00d  [DetectDuplicateConstraints] 
%% [Symmetry] Graph for symmetry has 451 nodes and 683 arcs.
%% [Symmetry] Symmetry computation done. time: 0.000105979 dtime: 8.146e-05
%% [SAT presolve] num removable Booleans: 0 / 105
%% [SAT presolve] num trivial clauses: 0
%% [SAT presolve] [0s] clauses:2 literals:4 vars:4 one_side_vars:4 simple_definition:0 singleton_clauses:0
%% [SAT presolve] [8.197e-06s] clauses:2 literals:4 vars:4 one_side_vars:4 simple_definition:0 singleton_clauses:0
%% [SAT presolve] [1.483e-05s] clauses:2 literals:4 vars:4 one_side_vars:4 simple_definition:0 singleton_clauses:0
%%   2.62e-06s  0.00e+00d  [DetectDuplicateConstraintsWithDifferentEnforcements] 
%%   9.69e-04s  1.25e-04d  [Probe] #probed=210 #new_binary_clauses=6 
%%   1.42e-05s  2.60e-07d  [MaxClique] 
%%   9.00e-05s  0.00e+00d  [DetectDominanceRelations] 
%%   3.09e-04s  0.00e+00d  [PresolveToFixPoint] #num_loops=1 #num_dual_strengthening=1 
%%   1.14e-04s  0.00e+00d  [ProcessAtMostOneAndLinear] 
%%   2.07e-06s  0.00e+00d  [DetectDuplicateConstraints] 
%%   1.58e-06s  0.00e+00d  [DetectDuplicateConstraintsWithDifferentEnforcements] 
%%   2.31e-05s  1.36e-06d  [DetectDominatedLinearConstraints] #relevant_constraints=4 #num_inclusions=1 
%%   2.21e-06s  0.00e+00d  [DetectDifferentVariables] 
%%   1.57e-05s  8.47e-07d  [ProcessSetPPC] #relevant_constraints=6 #num_inclusions=2 
%%   2.58e-05s  0.00e+00d  [TransformClausesToExactlyOne] #num_amos=2 
%%   9.17e-07s  0.00e+00d  [DetectEncodedComplexDomains] 
%%   2.97e-06s  0.00e+00d  [FindAlmostIdenticalLinearConstraints] 
%%   1.07e-05s  9.20e-06d  [FindBigAtMostOneAndLinearOverlap] 
%%   5.59e-05s  1.53e-04d  [FindBigVerticalLinearOverlap] 
%%   5.48e-06s  3.27e-06d  [FindBigHorizontalLinearOverlap] #linears=4 
%%   1.45e-06s  0.00e+00d  [MergeClauses] 
%%   8.50e-05s  0.00e+00d  [DetectDominanceRelations] 
%%   2.76e-04s  0.00e+00d  [PresolveToFixPoint] #num_loops=1 #num_dual_strengthening=1 
%%   9.16e-07s  0.00e+00d  [MergeNoOverlap] 
%%   6.33e-07s  0.00e+00d  [MergeNoOverlap2D] 
%% Presolve summary:
%%   - 0 affine relations were detected.
%%   - rule 'TODO domination: unexploited dominations' was applied 5 times.
%%   - rule 'TODO dual: only one blocking constraint?' was applied 85 times.
%%   - rule 'diophantine: reformulated equality' was applied 1 time.
%%   - rule 'domination: added implications' was applied 1 time.
%%   - rule 'linear: extracted at most one (max)' was applied 1 time.
%%   - rule 'linear: fixed or dup variables' was applied 1 time.
%%   - rule 'presolve: 0 unused variables removed.' was applied 1 time.
%%   - rule 'presolve: iteration' was applied 2 times.
%% Presolved satisfaction model 'mznfiledJAli2': (model_fingerprint: 0x809c51c4c5b17b1d)
%% Search strategy: on 105 variables, CHOOSE_FIRST, SELECT_MAX_VALUE
%% #Variables: 106 (105 primary variables)
%%   - 105 Booleans in [0,1]
%%   - 1 in [-10,13]
%% #kBoolAnd: 2 (#enforced: 2) (#literals: 4)
%% #kLinearN: 4 (#terms: 338)
%% [Symmetry] Graph for symmetry has 451 nodes and 683 arcs.
%% [Symmetry] Symmetry computation done. time: 0.000106829 dtime: 8.146e-05
%% Preloading model.
%% #Model   0.05s var:106/106 constraints:6/6
%% Starting search at 0.05s with 14 workers.
%% 10 full problem subsolvers: [default_lp(2), fixed, max_lp, no_lp, probing, probing_max_lp, probing_no_lp, quick_restart, quick_restart_no_lp]
%% 4 first solution subsolvers: [fj(2), fs_random, fs_random_no_lp]
%% 2 interleaved subsolvers: [feasibility_pump, rins/rens]
%% 2 helper subsolvers: [neighborhood_helper, synchronization_agent]
%% #1       0.07s fixed
%% Task timing                      n [     min,      max]      avg      dev     time         n [     min,      max]      avg      dev    dtime
%%            'default_lp':         1 [ 13.46ms,  13.46ms]  13.46ms   0.00ns  13.46ms         2 [127.81us, 618.14us] 372.98us 245.17us 745.96us
%%            'default_lp':         1 [ 16.64ms,  16.64ms]  16.64ms   0.00ns  16.64ms         2 [127.81us, 613.47us] 370.64us 242.83us 741.28us
%%      'feasibility_pump':         1 [  4.01ms,   4.01ms]   4.01ms   0.00ns   4.01ms         0 [  0.00ns,   0.00ns]   0.00ns   0.00ns   0.00ns
%%                 'fixed':         1 [ 16.14ms,  16.14ms]  16.14ms   0.00ns  16.14ms         1 [925.50us, 925.50us] 925.50us   0.00ns 925.50us
%%                    'fj':         1 [  9.15ms,   9.15ms]   9.15ms   0.00ns   9.15ms         1 [  9.71ms,   9.71ms]   9.71ms   0.00ns   9.71ms
%%                    'fj':         1 [ 13.23ms,  13.23ms]  13.23ms   0.00ns  13.23ms         1 [ 14.37ms,  14.37ms]  14.37ms   0.00ns  14.37ms
%%             'fs_random':         1 [ 12.57ms,  12.57ms]  12.57ms   0.00ns  12.57ms         1 [624.52us, 624.52us] 624.52us   0.00ns 624.52us
%%       'fs_random_no_lp':         1 [ 13.19ms,  13.19ms]  13.19ms   0.00ns  13.19ms         2 [121.92us, 848.09us] 485.00us 363.09us 970.00us
%%                'max_lp':         1 [ 16.24ms,  16.24ms]  16.24ms   0.00ns  16.24ms         2 [ 61.40us, 333.65us] 197.52us 136.12us 395.05us
%%                 'no_lp':         1 [ 16.46ms,  16.46ms]  16.46ms   0.00ns  16.46ms         2 [121.92us,   1.26ms] 690.44us 568.53us   1.38ms
%%               'probing':         1 [ 15.79ms,  15.79ms]  15.79ms   0.00ns  15.79ms         2 [158.77us, 580.98us] 369.87us 211.11us 739.74us
%%        'probing_max_lp':         1 [ 15.97ms,  15.97ms]  15.97ms   0.00ns  15.97ms         2 [207.69us, 333.65us] 270.67us  62.98us 541.34us
%%         'probing_no_lp':         1 [ 15.79ms,  15.79ms]  15.79ms   0.00ns  15.79ms         2 [121.92us,   2.97ms]   1.54ms   1.42ms   3.09ms
%%         'quick_restart':         1 [ 16.29ms,  16.29ms]  16.29ms   0.00ns  16.29ms         2 [125.51us, 664.43us] 394.97us 269.46us 789.94us
%%   'quick_restart_no_lp':         1 [ 15.85ms,  15.85ms]  15.85ms   0.00ns  15.85ms         2 [121.92us,   1.33ms] 726.12us 604.20us   1.45ms
%%             'rins/rens':         0 [  0.00ns,   0.00ns]   0.00ns   0.00ns   0.00ns         0 [  0.00ns,   0.00ns]   0.00ns   0.00ns   0.00ns
%% 
%% Search stats              Bools  Conflicts  Branches  Restarts  BacktrackToRoot  Backtrack  BoolPropag  IntegerPropag
%%            'default_lp':    105         20       583         0              412        439         141          2'028
%%            'default_lp':    105         20       585         0              412        439         141          2'033
%%                 'fixed':    105         26       483         0              412        443         212          1'833
%%             'fs_random':    105          9       435         0              412        429         186          1'603
%%       'fs_random_no_lp':    105        135       663         1              412        550         764          3'413
%%                'max_lp':    105          0       278         0              260        266          95          1'015
%%                 'no_lp':    105        174       778         1              412        593         877          4'592
%%               'probing':    107          3       252         0              252        252         165          1'103
%%        'probing_max_lp':    107          0       254         0              254        254          94            962
%%         'probing_no_lp':    107          1     6'677         0            3'553      3'553       1'259         19'020
%%         'quick_restart':    105         10       598         1              471        489         115          1'949
%%   'quick_restart_no_lp':    105        115     1'105        11              623        753       1'172          5'322
%% 
%% SAT formula               Fixed  Equiv  Total  VarLeft  BinaryClauses  PermanentClauses  TemporaryClauses
%%            'default_lp':     76      0    105       29             16                 3                 9
%%            'default_lp':     76      0    105       29             16                 3                 9
%%                 'fixed':     76      0    105       29             16                12                 3
%%             'fs_random':     76      0    105       29             26                 3                 0
%%       'fs_random_no_lp':      0      0    105      105             16                 0                68
%%                'max_lp':     77      0    105       28              8                 0                 0
%%                 'no_lp':      0      0    105      105             16                 0                28
%%               'probing':     79      0    107       28             16                 0                 0
%%        'probing_max_lp':     77      0    107       30             18                 0                 0
%%         'probing_no_lp':     79      0    107       28             28                 0                 0
%%         'quick_restart':     77      0    105       28             12                 2                 0
%%   'quick_restart_no_lp':     77      0    105       28             28                 0                63
%% 
%% SAT stats                 ClassicMinim  LitRemoved  LitRemovedBinary  LitLearned  LitForgotten  Subsumed
%%            'default_lp':             4           8                 4         509             0         6
%%            'default_lp':             4           8                 4         509             0         6
%%                 'fixed':             8          40                 0         145             0         7
%%             'fs_random':             0           0                 0          20             0         0
%%       'fs_random_no_lp':            99       1'836                34      10'583             0        61
%%                'max_lp':             0           0                 0           0             0         0
%%                 'no_lp':           158         434                 0      16'019             0       144
%%               'probing':             0           0                 0           3             0         0
%%        'probing_max_lp':             0           0                 0           0             0         0
%%         'probing_no_lp':             0           0                 0           1             0         0
%%         'quick_restart':             0           0                 2         254             0         5
%%   'quick_restart_no_lp':            84       2'445                58       5'048             0        49
%% 
%% Vivification              Clauses  Decisions  LitTrue  Subsumed  LitRemoved  DecisionReused  Conflicts
%%            'default_lp':        0          0        0         0           0               0          0
%%            'default_lp':        0          0        0         0           0               0          0
%%                 'fixed':        0          0        0         0           0               0          0
%%             'fs_random':        0          0        0         0           0               0          0
%%       'fs_random_no_lp':        0          0        0         0           0               0          0
%%                'max_lp':        0          0        0         0           0               0          0
%%                 'no_lp':        0          0        0         0           0               0          0
%%               'probing':        0          0        0         0           0               0          0
%%        'probing_max_lp':        0          0        0         0           0               0          0
%%         'probing_no_lp':        0          0        0         0           0               0          0
%%         'quick_restart':        0          0        0         0           0               0          0
%%   'quick_restart_no_lp':        0          0        0         0           0               0          0
%% 
%% Clause deletion           at_true  l_and_not(l)  to_binary  sub_conflict  sub_extra  sub_decisions  sub_eager  sub_vivify  sub_probing  sub_inpro  blocked  eliminated  forgotten  promoted  conflicts
%%            'default_lp':        0             0          0             2          0              1          4           0            0          0        0           0          0        20         20
%%            'default_lp':        0             0          0             2          0              1          4           0            0          0        0           0          0        20         20
%%                 'fixed':        0             0          0             7          1              3          0           0            0          0        0           0          0        19         26
%%             'fs_random':        0             0          0             0          0              0          0           0            0          0        0           0          0         0          9
%%       'fs_random_no_lp':        0             0          0            61          6              0          0           0            0          0        0           0          0       255        135
%%                'max_lp':        0             0          0             0          0              0          0           0            0          0        0           0          0         0          0
%%                 'no_lp':        0             0          0           143          2              0          1           0            0          0        0           0          0       340        174
%%               'probing':        0             0          0             0          0              0          0           0            0          0        0           0          0         0          3
%%        'probing_max_lp':        0             0          0             0          0              0          0           0            0          0        0           0          0         0          0
%%         'probing_no_lp':        0             0          0             0          0              0          0           0            0          0        0           0          0         0          1
%%         'quick_restart':        1             0          0             0          0              0          5           0            0          0        0           0          0         5         10
%%   'quick_restart_no_lp':        0             0          0            48          2              1          1           0            0          0        0           0          0       201        115
%% 
%% Lp stats             Component  Iterations  AddedCuts  OPTIMAL  DUAL_F.  DUAL_U.
%%       'default_lp':          1         166         25       33        0       16
%%       'default_lp':          1         168         25       33        1       16
%%            'fixed':          1         229         24       27        0       20
%%        'fs_random':          1         102         28       13        0        9
%%           'max_lp':          1          57         32        3        0        0
%%          'probing':          1         166         31       12        0        2
%%   'probing_max_lp':          1         104         35        8        4        0
%%    'quick_restart':          1         159         41       12        0        8
%% 
%% Lp dimension         Final dimension of first component
%%       'default_lp':   14 rows, 106 columns, 205 entries
%%       'default_lp':   14 rows, 106 columns, 205 entries
%%            'fixed':   14 rows, 106 columns, 209 entries
%%        'fs_random':   25 rows, 106 columns, 316 entries
%%           'max_lp':   19 rows, 106 columns, 254 entries
%%          'probing':   25 rows, 106 columns, 339 entries
%%   'probing_max_lp':   22 rows, 106 columns, 303 entries
%%    'quick_restart':   32 rows, 106 columns, 418 entries
%% 
%% Lp debug             CutPropag  CutEqPropag  Adjust  Overflow  Bad  BadScaling
%%       'default_lp':         71            0      16         0    8           0
%%       'default_lp':         71            0      16         0    8           0
%%            'fixed':         76            0      20         0   12           0
%%        'fs_random':          2            0       9         0   10           0
%%           'max_lp':         76            0       0         0    9           0
%%          'probing':         77            0       1         0   10           0
%%   'probing_max_lp':         76            0       0         0    9           0
%%    'quick_restart':         75            0       8         0   13           0
%% 
%% Lp pool              Constraints  Updates  Simplif  Merged  Shortened  Split  Strengthened  Cuts/Call
%%       'default_lp':           29        5       50       0         50      1            15      25/29
%%       'default_lp':           29        5       50       0         50      1            15      25/29
%%            'fixed':           28        4       30       0         24      0             5      24/37
%%        'fs_random':           32        6       22       0         22      1             5      28/35
%%           'max_lp':           38        3       55       0         53      1             4      32/51
%%          'probing':           35        4       53       0         53      1            10      31/37
%%   'probing_max_lp':           41        3       50       0         48      1             4      35/54
%%    'quick_restart':           45        4       37       0         36      1             9      41/53
%% 
%% Lp Cut           fixed  fs_random  default_lp  max_lp  quick_restart  probing  probing_max_lp  default_lp
%%          CG_FF:      4          5           4       5              4        5               5           4
%%           CG_K:      2          3           4       4              4        5               4           4
%%          CG_KL:      -          1           1       2              1        2               2           1
%%           CG_R:      4          6           6       6              7        8               6           6
%%         CG_RBP:      -          -           -       1              -        -               1           -
%%       MIR_1_FF:      2          2           2       2              6        2               3           2
%%        MIR_1_K:      2          2           1       2              6        2               3           1
%%       MIR_1_KL:      1          -           1       1              1        1               1           1
%%        MIR_1_R:      6          6           6       6             12        6               7           6
%%   ZERO_HALF_FF:      1          1           -       1              -        -               1           -
%%    ZERO_HALF_K:      1          1           -       1              -        -               1           -
%%    ZERO_HALF_R:      1          1           -       1              -        -               1           -
%% 
%% LNS stats       Improv/Calls  Closed  Difficulty  TimeLimit
%%   'rins/rens':           0/0      0%    5.00e-01       0.10
%% 
%% LS stats                                    Batches  Restarts/Perturbs  LinMoves  GenMoves  CompoundMoves  Bactracks  WeightUpdates  ScoreComputed
%%                              'fj_restart':        1                  1         7         0              0          0          6'791         13'695
%%   'fj_restart_decay_compound_perturb_obj':        1                  1         0         2              2          0          4'553         10'251
%% 
%% Solutions (1)    Num   Rank
%%        'fixed':    1  [0,0]
%% 
%% Solution repositories    Added  Queried  Synchro
%%     'alternative_path':      0        0        0
%%       'best_solutions':      1        0        1
%%    'fj solution hints':      0        0        0
%%         'lp solutions':      0        0        0
%%                 'pump':      0        0
%% 
%% Improving bounds shared    Num  Sym
%%             'default_lp':    1    0
%%                  'fixed':   77    0
%%                'probing':    1    0
%%         'probing_max_lp':    1    0
%%          'probing_no_lp':    1    0
%% 
%% Clauses shared            #Exported  #Imported  #BinaryRead  #BinaryTotal
%%            'default_lp':          0          0            0             6
%%            'default_lp':          0          0            0             6
%%                 'fixed':          0          0            0             6
%%             'fs_random':          5          0            0             6
%%       'fs_random_no_lp':          0          0            0             6
%%                'max_lp':          0          0            4             6
%%                 'no_lp':          0          0            0             6
%%               'probing':          0          0            0             6
%%        'probing_max_lp':          0          0            0             6
%%         'probing_no_lp':          0          0            5             6
%%         'quick_restart':          1          0            6             6
%%   'quick_restart_no_lp':          0          0            6             6
%% 
%% LRAT_status: NA
%% CpSolverResponse summary:
%% status: OPTIMAL
%% objective: NA
%% best_bound: NA
%% integers: 116
%% booleans: 105
%% conflicts: 26
%% branches: 483
%% propagations: 212
%% integer_propagations: 1833
%% restarts: 0
%% lp_iterations: 229
%% walltime: 0.0729838
%% usertime: 0.0729839
%% deterministic_time: 0.0370592
%% gap_integral: 0
%% solution_fingerprint: 0xc3b5df6b8ff91c3a
%% 
x = [1, 1, 0, 1, 1, 1, 0, 1, 0, 0, 0, 0, 1, 1, 1, 1, 1, 1, 1, 1, 1, 1, 1, 1, 1, 1, 0, 0, 1, 1, 1, 1, 0, 1, 1, 0, 0, 1, 0, 1, 0, 1, 0, 0, 1, 0, 0, 0, 0, 0, 0, 0, 0, 0, 0, 0, 0, 0, 0, 0, 0, 0, 0, 0, 0, 0, 0, 0, 0, 0, 0, 0, 0, 0, 0, 0, 0, 0, 0, 0, 0, 0, 0, 0, 0, 0, 0, 0, 0, 0, 0, 0, 0, 0, 0, 0, 0, 0, 0, 0, 0, 0, 0, 0, 0];
----------
   Done (overall time 0.34 s).
