# WCTIME: wall clock time in seconds
WCTIME=2.86455
# CPUTIME: CPU time in seconds (USERTIME+SYSTEMTIME)
CPUTIME=4.94932
# USERTIME: CPU time spent in user mode in seconds
USERTIME=4.79283
# SYSTEMTIME: CPU time spent in system mode in seconds
SYSTEMTIME=0.15649
# CPUUSAGE: CPUTIME/WCTIME in percent
CPUUSAGE=172.778
# MAXVM: maximum virtual memory used in KiB
MAXVM=1221552
# MAXMM: maximum memory used in KiB
MAXMM=148696
# MAXRSS: maximum Resident Segment Size in KiB
MAXRSS=148880
# TIMEOUT: did the solver exceed the time limit?
TIMEOUT=false
# MEMOUT: did the solver exceed the memory limit?
MEMOUT=false
# EXITSTATUS: Exit status of the solver
EXITSTATUS=0
