MiniZinc to FlatZinc converter, version 2.9.3, build 1832600886
Copyright (C) 2014-2025 Monash University, NICTA, Data61
Parsing file(s) /bench/2021/wmsmc-int/multisetcover.mzn', '/bench/2021/wmsmc-int/batch_0_case_115_instance_1_base_full_elements_3_sumreqs_702_candidates_86.dzn' ...
processing file '/usr/local/share/minizinc/std/stdlib.mzn'
processing file '/usr/local/share/minizinc/std/stdlib/stdlib_internal.mzn'
processing file '/usr/local/share/minizinc/std/output.mzn'
processing file '/usr/local/share/minizinc/std/output/array2d_bool.mzn'
processing file '/usr/local/share/minizinc/std/output/gantt.mzn'
processing file '/usr/local/share/minizinc/std/stdlib/stdlib_random.mzn'
processing file '/usr/local/share/minizinc/std/stdlib/stdlib_debug.mzn'
processing file '/usr/local/share/minizinc/std/stdlib/stdlib_reflect.mzn'
processing file '/usr/local/share/minizinc/std/stdlib/stdlib_ite.mzn'
processing file '/usr/local/share/minizinc/std/stdlib/stdlib_language.mzn'
processing file '/usr/local/share/minizinc/std/stdlib/stdlib_sort.mzn'
processing file '/usr/local/share/minizinc/std/stdlib/stdlib_opt.mzn'
processing file '/usr/local/share/minizinc/std/stdlib/stdlib_ann.mzn'
processing file '/usr/local/share/minizinc/std/stdlib/stdlib_enum.mzn'
processing file '/usr/local/share/minizinc/std/stdlib/stdlib_string.mzn'
processing file '/usr/local/share/minizinc/std/stdlib/stdlib_set.mzn'
processing file '/usr/local/share/minizinc/std/stdlib/stdlib_logic.mzn'
processing file '/usr/local/share/minizinc/std/stdlib/stdlib_array.mzn'
processing file '/usr/local/share/minizinc/std/stdlib/stdlib_coercion.mzn'
processing file '/usr/local/share/minizinc/std/stdlib/stdlib_math.mzn'
processing file '/usr/local/share/minizinc/std/stdlib/stdlib_compare.mzn'
processing file '/usr/local/share/minizinc/std/flatzinc_builtins.mzn'
processing file '/usr/local/share/minizinc/std/solver_redefinitions.mzn'
processing file '/usr/local/share/minizinc/std/table.mzn'
processing file '/usr/local/share/minizinc/std/fzn_table_int_opt.mzn'
processing file '/usr/local/share/minizinc/std/fzn_table_int_reif.mzn'
processing file '/entry_data/mzn-lib/fzn_table_int.mzn'
processing file '/usr/local/share/minizinc/std/fzn_table_bool_reif.mzn'
processing file '/entry_data/mzn-lib/fzn_table_bool.mzn'
processing file '/usr/local/share/minizinc/std/fzn_array_set_intersect.mzn'
processing file '/usr/local/share/minizinc/std/fzn_array_set_union.mzn'
processing file '/usr/local/share/minizinc/std/fzn_array_opt_int_union.mzn'
processing file '/usr/local/share/minizinc/std/fzn_array_int_union.mzn'
processing file '/usr/local/share/minizinc/std/lex_lesseq.mzn'
processing file '/usr/local/share/minizinc/std/fzn_lex_lesseq_set_reif.mzn'
processing file '/usr/local/share/minizinc/std/fzn_lex_lesseq_set.mzn'
processing file '/usr/local/share/minizinc/std/fzn_lex_lesseq_int_reif.mzn'
processing file '/entry_data/mzn-lib/fzn_lex_lesseq_int.mzn'
processing file '/usr/local/share/minizinc/std/fzn_lex_lesseq_float_reif.mzn'
processing file '/usr/local/share/minizinc/std/fzn_lex_lesseq_float.mzn'
processing file '/usr/local/share/minizinc/std/fzn_lex_lesseq_bool_reif.mzn'
processing file '/entry_data/mzn-lib/fzn_lex_lesseq_bool.mzn'
processing file '/usr/local/share/minizinc/std/lex_less.mzn'
processing file '/usr/local/share/minizinc/std/fzn_lex_less_set_reif.mzn'
processing file '/usr/local/share/minizinc/std/fzn_lex_less_set.mzn'
processing file '/usr/local/share/minizinc/std/fzn_lex_less_int_reif.mzn'
processing file '/entry_data/mzn-lib/fzn_lex_less_int.mzn'
processing file '/usr/local/share/minizinc/std/fzn_lex_less_float_reif.mzn'
processing file '/usr/local/share/minizinc/std/fzn_lex_less_float.mzn'
processing file '/usr/local/share/minizinc/std/fzn_lex_less_bool_reif.mzn'
processing file '/entry_data/mzn-lib/fzn_lex_less_bool.mzn'
processing file '/usr/local/share/minizinc/std/fzn_if_then_else_partiality.mzn'
processing file '/usr/local/share/minizinc/std/fzn_if_then_else_var_set.mzn'
processing file '/usr/local/share/minizinc/std/fzn_if_then_else_set.mzn'
processing file '/usr/local/share/minizinc/std/fzn_if_then_else_var_opt_float.mzn'
processing file '/usr/local/share/minizinc/std/fzn_if_then_else_var_float.mzn'
processing file '/usr/local/share/minizinc/std/fzn_if_then_else_opt_float.mzn'
processing file '/usr/local/share/minizinc/std/fzn_if_then_else_float.mzn'
processing file '/usr/local/share/minizinc/std/fzn_if_then_else_var_opt_bool.mzn'
processing file '/usr/local/share/minizinc/std/fzn_if_then_else_var_bool.mzn'
processing file '/usr/local/share/minizinc/std/fzn_if_then_else_opt_bool.mzn'
processing file '/usr/local/share/minizinc/std/fzn_if_then_else_bool.mzn'
processing file '/usr/local/share/minizinc/std/fzn_if_then_else_var_opt_int.mzn'
processing file '/usr/local/share/minizinc/std/fzn_if_then_else_var_int.mzn'
processing file '/usr/local/share/minizinc/std/fzn_if_then_else_opt_int.mzn'
processing file '/usr/local/share/minizinc/std/fzn_if_then_else_int.mzn'
processing file '/usr/local/share/minizinc/std/count_fn.mzn'
processing file '/usr/local/share/minizinc/std/count_lt.mzn'
processing file '/usr/local/share/minizinc/std/fzn_count_lt_par_reif.mzn'
processing file '/usr/local/share/minizinc/std/fzn_count_lt_reif.mzn'
processing file '/usr/local/share/minizinc/std/fzn_count_lt_par.mzn'
processing file '/usr/local/share/minizinc/std/fzn_count_lt.mzn'
processing file '/usr/local/share/minizinc/std/count_gt.mzn'
processing file '/usr/local/share/minizinc/std/fzn_count_gt_reif.mzn'
processing file '/usr/local/share/minizinc/std/fzn_count_gt_par_reif.mzn'
processing file '/usr/local/share/minizinc/std/fzn_count_gt.mzn'
processing file '/usr/local/share/minizinc/std/fzn_count_gt_par.mzn'
processing file '/usr/local/share/minizinc/std/count_neq.mzn'
processing file '/usr/local/share/minizinc/std/fzn_count_neq_reif.mzn'
processing file '/usr/local/share/minizinc/std/fzn_count_neq_par_reif.mzn'
processing file '/usr/local/share/minizinc/std/fzn_count_neq.mzn'
processing file '/usr/local/share/minizinc/std/fzn_count_neq_par.mzn'
processing file '/usr/local/share/minizinc/std/count_leq.mzn'
processing file '/usr/local/share/minizinc/std/fzn_count_leq_reif.mzn'
processing file '/usr/local/share/minizinc/std/fzn_count_leq_par_reif.mzn'
processing file '/usr/local/share/minizinc/std/fzn_count_leq.mzn'
processing file '/usr/local/share/minizinc/std/fzn_count_leq_par.mzn'
processing file '/usr/local/share/minizinc/std/count_geq.mzn'
processing file '/usr/local/share/minizinc/std/fzn_count_geq_reif.mzn'
processing file '/usr/local/share/minizinc/std/fzn_count_geq_par_reif.mzn'
processing file '/usr/local/share/minizinc/std/fzn_count_geq.mzn'
processing file '/usr/local/share/minizinc/std/fzn_count_geq_par.mzn'
processing file '/usr/local/share/minizinc/std/count_eq.mzn'
processing file '/usr/local/share/minizinc/std/fzn_count_eq_par_reif.mzn'
processing file '/usr/local/share/minizinc/std/fzn_count_eq_reif.mzn'
processing file '/usr/local/share/minizinc/std/fzn_count_eq_par.mzn'
processing file '/entry_data/mzn-lib/fzn_count_eq.mzn'
processing file '/usr/local/share/minizinc/std/redefinitions-2.7.1.mzn'
processing file '/usr/local/share/minizinc/std/redefinitions-2.5.2.mzn'
processing file '/usr/local/share/minizinc/std/redefinitions-2.3.3.mzn'
processing file '/usr/local/share/minizinc/std/redefinitions-2.2.1.mzn'
processing file '/usr/local/share/minizinc/std/redefinitions-2.1.1.mzn'
processing file '/usr/local/share/minizinc/std/redefinitions-2.1.mzn'
processing file '/entry_data/mzn-lib/redefinitions-2.0.2.mzn'
processing file '/entry_data/mzn-lib/redefinitions-2.0.mzn'
processing file '/usr/local/share/minizinc/std/redefinitions.mzn'
processing file '/bench/2021/wmsmc-int/multisetcover.mzn'
processing data file '/bench/2021/wmsmc-int/batch_0_case_115_instance_1_base_full_elements_3_sumreqs_702_candidates_86.dzn'
 done parsing (0.12 s)
Flattening ...
	CompilePass: Flatten with '/entry_data/mzn-lib' library ...
MIP domains ...
 done (0.07 s)
Optimizing ... done (0.07 s)
Converting to old FlatZinc ... done (0.07 s)
 done (0.07 s)
 done (0.20 s), max stack depth 11
Maximum memory 4 Mbytes.
      % SOLVING PHASE
FZN solver plugin, compiled  May 23 2025  06:18:37
Using FZN solver /entry_data/fzn-exec for solving, parameters: -p 14 -v 
%% File /tmp/mznfileE3MSoQ.fzn parsed in 12 ms
%% Model mznfileE3MSoQ
%%   - integer variables:87
%%   - int_lin_eq: 1
%%   - int_lin_le: 3
%%   - Minimization problem
%%   - #var_op_value_reif cached: 0
%%   - #var_op_var_reif cached: 0
%%   - #var_op_var_imp cached: 0
%%   - #full domain encodings: 0
%% Starting CP-SAT solver v9.15.9999
%% Parameters: log_search_progress: true log_to_stdout: false max_domain_size_when_encoding_eq_neq_constraints: 32 num_workers: 14
%% Initial optimization model 'mznfileE3MSoQ': (model_fingerprint: 0xe5e961044f5d8feb)
%% Search strategy: on 86 variables, CHOOSE_FIRST, SELECT_MIN_VALUE
%% #Variables: 87 (#ints: 1 in objective) (86 primary variables)
%%   - 86 in [0,500]
%%   - 1 in [0,547986000]
%% #kLinearN: 4 (#terms: 242)
%% Starting presolve at 0.01s
%%   2.30e-04s  0.00e+00d  [DetectDominanceRelations] 
%%   1.26e-04s  0.00e+00d  [DetectDominanceRelations] 
%%   5.51e-03s  0.00e+00d  [PresolveToFixPoint] #num_loops=5 #num_dual_strengthening=4 
%%   1.28e-06s  0.00e+00d  [ExtractEncodingFromLinear] 
%%   9.97e-06s  0.00e+00d  [DetectDuplicateColumns] 
%%   3.49e-05s  0.00e+00d  [DetectDuplicateConstraints] 
%% [Symmetry] Graph for symmetry has 163 nodes and 149 arcs.
%% [Symmetry] Symmetry computation done. time: 0.00145045 dtime: 1.517e-05
%%   3.96e-05s  0.00e+00d  [DetectDuplicateConstraintsWithDifferentEnforcements] 
%%   8.02e-03s  8.60e-08d  [Probe] 
%%   1.56e-06s  0.00e+00d  [MaxClique] 
%%   9.67e-05s  0.00e+00d  [DetectDominanceRelations] 
%%   6.57e-05s  0.00e+00d  [DetectDominanceRelations] 
%%   3.85e-04s  0.00e+00d  [PresolveToFixPoint] #num_loops=3 #num_dual_strengthening=3 
%%   6.70e-06s  0.00e+00d  [ProcessAtMostOneAndLinear] 
%%   2.49e-05s  0.00e+00d  [DetectDuplicateConstraints] 
%%   2.22e-05s  0.00e+00d  [DetectDuplicateConstraintsWithDifferentEnforcements] 
%%   1.58e-05s  1.87e-07d  [DetectDominatedLinearConstraints] #relevant_constraints=3 
%%   1.65e-06s  0.00e+00d  [DetectDifferentVariables] 
%%   1.71e-06s  0.00e+00d  [ProcessSetPPC] 
%%   2.23e-05s  0.00e+00d  [TransformClausesToExactlyOne] 
%%   6.20e-07s  0.00e+00d  [DetectEncodedComplexDomains] 
%%   1.60e-06s  0.00e+00d  [FindAlmostIdenticalLinearConstraints] 
%%   7.90e-07s  0.00e+00d  [FindBigAtMostOneAndLinearOverlap] 
%%   8.67e-06s  6.97e-06d  [FindBigVerticalLinearOverlap] 
%%   3.54e-06s  3.10e-07d  [FindBigHorizontalLinearOverlap] #linears=3 
%%   9.37e-07s  0.00e+00d  [MergeClauses] 
%%   4.68e-05s  0.00e+00d  [DetectDominanceRelations] 
%%   1.04e-04s  0.00e+00d  [PresolveToFixPoint] #num_loops=1 #num_dual_strengthening=1 
%%   3.25e-05s  0.00e+00d  [DetectDominanceRelations] 
%%   8.69e-05s  0.00e+00d  [PresolveToFixPoint] #num_loops=1 #num_dual_strengthening=1 
%%   7.48e-06s  0.00e+00d  [DetectDuplicateColumns] 
%%   2.21e-05s  0.00e+00d  [DetectDuplicateConstraints] 
%% [Symmetry] Graph for symmetry has 149 nodes and 121 arcs.
%% [Symmetry] Symmetry computation done. time: 3.118e-05 dtime: 1.315e-05
%%   2.92e-05s  0.00e+00d  [DetectDuplicateConstraintsWithDifferentEnforcements] 
%%   1.18e-04s  7.20e-08d  [Probe] 
%%   9.86e-07s  0.00e+00d  [MaxClique] 
%%   5.38e-05s  0.00e+00d  [DetectDominanceRelations] 
%%   1.24e-04s  0.00e+00d  [PresolveToFixPoint] #num_loops=1 #num_dual_strengthening=1 
%%   5.66e-06s  0.00e+00d  [ProcessAtMostOneAndLinear] 
%%   2.39e-05s  0.00e+00d  [DetectDuplicateConstraints] 
%%   2.27e-05s  0.00e+00d  [DetectDuplicateConstraintsWithDifferentEnforcements] 
%%   5.22e-06s  1.87e-07d  [DetectDominatedLinearConstraints] #relevant_constraints=3 
%%   9.97e-07s  0.00e+00d  [DetectDifferentVariables] 
%%   1.35e-06s  0.00e+00d  [ProcessSetPPC] 
%%   1.93e-05s  0.00e+00d  [TransformClausesToExactlyOne] 
%%   4.22e-07s  0.00e+00d  [DetectEncodedComplexDomains] 
%%   1.62e-06s  0.00e+00d  [FindAlmostIdenticalLinearConstraints] 
%%   6.29e-07s  0.00e+00d  [FindBigAtMostOneAndLinearOverlap] 
%%   7.70e-06s  6.97e-06d  [FindBigVerticalLinearOverlap] 
%%   2.62e-06s  3.10e-07d  [FindBigHorizontalLinearOverlap] #linears=3 
%%   8.34e-07s  0.00e+00d  [MergeClauses] 
%%   3.45e-05s  0.00e+00d  [DetectDominanceRelations] 
%%   9.05e-05s  0.00e+00d  [PresolveToFixPoint] #num_loops=1 #num_dual_strengthening=1 
%%   5.12e-07s  0.00e+00d  [MergeNoOverlap] 
%%   5.68e-07s  0.00e+00d  [MergeNoOverlap2D] 
%%   2.42e-05s  0.00e+00d  [ExpandObjective] 
%% Presolve summary:
%%   - 0 affine relations were detected.
%%   - rule 'TODO dual: only one blocking constraint?' was applied 103 times.
%%   - rule 'TODO dual: only one unspecified blocking constraint?' was applied 496 times.
%%   - rule 'domination: dual strenghtening using dominance' was applied 56 times.
%%   - rule 'dual: reduced domain' was applied 84 times.
%%   - rule 'linear: fixed or dup variables' was applied 68 times.
%%   - rule 'linear: variable substitution 0' was applied 1 time.
%%   - rule 'presolve: 56 unused variables removed.' was applied 1 time.
%%   - rule 'presolve: iteration' was applied 2 times.
%% Presolved optimization model 'mznfileE3MSoQ': (model_fingerprint: 0x377d361f57c5e024)
%% Search strategy: on 30 variables, CHOOSE_FIRST, SELECT_MIN_VALUE
%% #Variables: 30 (#ints: 30 in objective) (30 primary variables)
%%   - 1 in [0,2]
%%   - 1 in [0,6]
%%   - 1 in [0,7]
%%   - 1 in [0,10]
%%   - 2 in [0,12]
%%   - 2 in [0,14]
%%   - 1 in [0,15]
%%   - 1 in [0,20]
%%   - 1 in [0,25]
%%   - 1 in [0,42]
%%   - 1 in [0,45]
%%   - 2 in [0,50]
%%   - 1 in [0,56]
%%   - 1 in [0,63]
%%   - 3 in [0,84]
%%   - 1 in [0,89]
%%   - 1 in [0,125]
%%   - 2 in [0,167]
%%   - 1 in [0,178]
%%   - 4 in [0,250]
%%   - 1 in [0,500]
%% #kLinearN: 3 (#terms: 62)
%% [Symmetry] Graph for symmetry has 92 nodes and 121 arcs.
%% [Symmetry] Symmetry computation done. time: 2.1742e-05 dtime: 9.73e-06
%% Preloading model.
%% #Bound   0.05s best:inf   next:[0,37230491] initial_domain
%% #Model   0.05s var:30/30 constraints:3/3
%% Starting search at 0.05s with 14 workers.
%% 10 full problem subsolvers: [core, default_lp, fixed, lb_tree_search, max_lp, no_lp, pseudo_costs, quick_restart, quick_restart_no_lp, reduced_costs]
%% 4 first solution subsolvers: [fj(2), fs_random, fs_random_no_lp]
%% 10 interleaved subsolvers: [feasibility_pump, graph_arc_lns, graph_cst_lns, graph_dec_lns, graph_var_lns, ls, ls_lin, rins/rens, rnd_cst_lns, rnd_var_lns]
%% 3 helper subsolvers: [neighborhood_helper, synchronization_agent, update_gap_integral]
%% #1       0.05s best:866304 next:[0,866303] core
%% #2       0.05s best:548097 next:[0,548096] core
%% #Bound   0.06s best:548097 next:[12738,548096] bool_core (num_cores=1 [size:21 mw:12738 d:5] a=30 d=5 fixed=0/51 clauses=19)
%% #Bound   0.06s best:548097 next:[25476,548096] bool_core (num_cores=1 [cover] a=30 d=5 fixed=1/92 clauses=46)
%% #3       0.06s best:548089 next:[25476,548088] no_lp
%% #4       0.06s best:548085 next:[25476,548084] no_lp
%% #5       0.06s best:548076 next:[25476,548075] no_lp
%% #Bound   0.06s best:548076 next:[38214,548075] bool_core (num_cores=2 [size:1 mw:12738] a=30 d=5 fixed=2/133 clauses=100)
%% #Bound   0.06s best:548076 next:[50952,548075] bool_core (num_cores=2 [cover] a=30 d=5 fixed=3/174 clauses=220)
%% #6       0.06s best:509719 next:[50952,509718] no_lp
%% #7       0.06s best:484268 next:[50952,484267] quick_restart_no_lp
%% #8       0.06s best:471522 next:[50952,471521] quick_restart_no_lp
%% #Bound   0.06s best:471522 next:[208765,471521] lb_tree_search
%% #Bound   0.06s best:471522 next:[209111,471521] max_lp
%% #9       0.06s best:471514 next:[209111,471513] quick_restart_no_lp
%% #10      0.06s best:458766 next:[209111,458765] quick_restart_no_lp
%% #11      0.06s best:446019 next:[209111,446018] quick_restart_no_lp
%% #12      0.06s best:433276 next:[209111,433275] quick_restart_no_lp
%% #13      0.06s best:229427 next:[209111,229426] default_lp
%% #Bound   0.06s best:229427 next:[209119,229426] lb_tree_search
%% #14      0.06s best:216687 next:[209119,216686] max_lp
%% #15      0.07s best:216686 next:[209119,216685] pseudo_costs
%% #Bound   0.07s best:216686 next:[209136,216685] quick_restart
%% #Bound   0.07s best:216686 next:[209143,216685] lb_tree_search (nodes=3/3 rc=0 decisions=10 @root=5 restarts=0 lp_iters=[0, 0, 8, 5]) 
%% #Bound   0.07s best:216686 next:[209154,216685] lb_tree_search (nodes=4/4 rc=0 decisions=13 @root=5 restarts=0 lp_iters=[0, 0, 12, 6]) 
%% #16      0.07s best:216683 next:[209154,216682] default_lp
%% #Bound   0.07s best:216683 next:[209173,216682] lb_tree_search
%% #Bound   0.07s best:216683 next:[209174,216682] lb_tree_search
%% #17      0.07s best:216679 next:[209174,216678] max_lp
%% #Bound   0.07s best:216679 next:[209175,216678] lb_tree_search
%% #Bound   0.07s best:216679 next:[209185,216678] lb_tree_search (nodes=5/5 rc=0 decisions=19 @root=8 restarts=0 lp_iters=[0, 0, 16, 8]) 
%% #Bound   0.07s best:216679 next:[209191,216678] lb_tree_search (nodes=5/5 rc=0 decisions=20 @root=8 restarts=0 lp_iters=[0, 0, 22, 8]) 
%% #18      0.07s best:216678 next:[209191,216677] max_lp
%% #19      0.07s best:216677 next:[209191,216676] quick_restart
%% #Bound   0.07s best:216677 next:[209213,216676] lb_tree_search (nodes=5/5 rc=0 decisions=23 @root=8 restarts=0 lp_iters=[0, 0, 30, 8]) 
%% #20      0.07s best:216673 next:[209213,216672] pseudo_costs
%% #Bound   0.07s best:216673 next:[209222,216672] lb_tree_search (nodes=5/5 rc=0 decisions=25 @root=9 restarts=0 lp_iters=[0, 0, 34, 8]) 
%% #Bound   0.07s best:216673 next:[209223,216672] lb_tree_search (nodes=6/6 rc=0 decisions=31 @root=9 restarts=0 lp_iters=[0, 0, 46, 9]) 
%% #Bound   0.07s best:216673 next:[209224,216672] lb_tree_search (nodes=7/7 rc=0 decisions=35 @root=9 restarts=0 lp_iters=[0, 0, 49, 10]) 
%% #21      0.07s best:216672 next:[209224,216671] pseudo_costs
%% #Bound   0.07s best:216672 next:[209225,216671] lb_tree_search (nodes=7/7 rc=0 decisions=40 @root=10 restarts=0 lp_iters=[0, 0, 57, 10]) 
%% #22      0.07s best:216668 next:[209225,216667] max_lp
%% #23      0.07s best:216667 next:[209225,216666] quick_restart_no_lp
%% #24      0.11s best:216666 next:[209452,216665] pseudo_costs
%% #25      0.20s best:216661 next:[216660,216660] default_lp
%% #26      0.20s best:216660 next:[]         default_lp
%% #Done    0.20s default_lp
%% #Bound   0.19s best:216666 next:[216660,216665] default_lp [skipped_logs=109]
%% Task timing                      n [     min,      max]      avg      dev     time         n [     min,      max]      avg      dev    dtime
%%                  'core':         1 [150.29ms, 150.29ms] 150.29ms   0.00ns 150.29ms         2 [ 82.00ns,  69.79ms]  34.90ms  34.90ms  69.79ms
%%            'default_lp':         1 [147.03ms, 147.03ms] 147.03ms   0.00ns 147.03ms         2 [  3.26us,  16.43ms]   8.22ms   8.22ms  16.44ms
%%      'feasibility_pump':         0 [  0.00ns,   0.00ns]   0.00ns   0.00ns   0.00ns         0 [  0.00ns,   0.00ns]   0.00ns   0.00ns   0.00ns
%%                 'fixed':         1 [148.37ms, 148.37ms] 148.37ms   0.00ns 148.37ms         2 [  3.26us,  14.69ms]   7.35ms   7.34ms  14.69ms
%%                    'fj':         0 [  0.00ns,   0.00ns]   0.00ns   0.00ns   0.00ns         0 [  0.00ns,   0.00ns]   0.00ns   0.00ns   0.00ns
%%                    'fj':         0 [  0.00ns,   0.00ns]   0.00ns   0.00ns   0.00ns         0 [  0.00ns,   0.00ns]   0.00ns   0.00ns   0.00ns
%%             'fs_random':         0 [  0.00ns,   0.00ns]   0.00ns   0.00ns   0.00ns         0 [  0.00ns,   0.00ns]   0.00ns   0.00ns   0.00ns
%%       'fs_random_no_lp':         0 [  0.00ns,   0.00ns]   0.00ns   0.00ns   0.00ns         0 [  0.00ns,   0.00ns]   0.00ns   0.00ns   0.00ns
%%         'graph_arc_lns':         1 [144.40ms, 144.40ms] 144.40ms   0.00ns 144.40ms         1 [ 23.02ms,  23.02ms]  23.02ms   0.00ns  23.02ms
%%         'graph_cst_lns':         1 [142.57ms, 142.57ms] 142.57ms   0.00ns 142.57ms         1 [ 19.42ms,  19.42ms]  19.42ms   0.00ns  19.42ms
%%         'graph_dec_lns':         1 [142.51ms, 142.51ms] 142.51ms   0.00ns 142.51ms         1 [ 22.62ms,  22.62ms]  22.62ms   0.00ns  22.62ms
%%         'graph_var_lns':         1 [144.46ms, 144.46ms] 144.46ms   0.00ns 144.46ms         1 [ 23.68ms,  23.68ms]  23.68ms   0.00ns  23.68ms
%%        'lb_tree_search':         1 [144.82ms, 144.82ms] 144.82ms   0.00ns 144.82ms         2 [  8.45us,  14.99ms]   7.50ms   7.49ms  15.00ms
%%                    'ls':         0 [  0.00ns,   0.00ns]   0.00ns   0.00ns   0.00ns         0 [  0.00ns,   0.00ns]   0.00ns   0.00ns   0.00ns
%%                'ls_lin':         0 [  0.00ns,   0.00ns]   0.00ns   0.00ns   0.00ns         0 [  0.00ns,   0.00ns]   0.00ns   0.00ns   0.00ns
%%                'max_lp':         1 [147.94ms, 147.94ms] 147.94ms   0.00ns 147.94ms         2 [  8.45us,  16.67ms]   8.34ms   8.33ms  16.68ms
%%                 'no_lp':         1 [148.04ms, 148.04ms] 148.04ms   0.00ns 148.04ms         2 [113.00ns,  28.03ms]  14.01ms  14.01ms  28.03ms
%%          'pseudo_costs':         1 [145.12ms, 145.12ms] 145.12ms   0.00ns 145.12ms         2 [  3.26us,  17.63ms]   8.82ms   8.82ms  17.64ms
%%         'quick_restart':         1 [147.73ms, 147.73ms] 147.73ms   0.00ns 147.73ms         2 [  3.26us,  17.62ms]   8.81ms   8.81ms  17.62ms
%%   'quick_restart_no_lp':         1 [145.19ms, 145.19ms] 145.19ms   0.00ns 145.19ms         2 [113.00ns,  38.72ms]  19.36ms  19.36ms  38.72ms
%%         'reduced_costs':         1 [144.99ms, 144.99ms] 144.99ms   0.00ns 144.99ms         2 [  3.26us,  15.15ms]   7.58ms   7.57ms  15.15ms
%%             'rins/rens':         0 [  0.00ns,   0.00ns]   0.00ns   0.00ns   0.00ns         0 [  0.00ns,   0.00ns]   0.00ns   0.00ns   0.00ns
%%           'rnd_cst_lns':         1 [  2.01ms,   2.01ms]   2.01ms   0.00ns   2.01ms         1 [  7.12us,   7.12us]   7.12us   0.00ns   7.12us
%%           'rnd_var_lns':         1 [  2.06ms,   2.06ms]   2.06ms   0.00ns   2.06ms         1 [  4.65us,   4.65us]   4.65us   0.00ns   4.65us
%% 
%% Search stats              Bools  Conflicts  Branches  Restarts  BacktrackToRoot  Backtrack  BoolPropag  IntegerPropag
%%                  'core':    345      2'709    10'567        32            1'700      5'813     235'377         62'456
%%            'default_lp':     80      1'347     3'292        10              489      2'123      11'832         26'629
%%                 'fixed':     74      1'755     2'081         0              164      1'884      12'228         19'755
%%             'fs_random':      0          0         0         0                0          0           0              0
%%       'fs_random_no_lp':      0          0         0         0                0          0           0              0
%%        'lb_tree_search':     64        336     2'307         0              252      1'057       2'848         12'178
%%                'max_lp':     72      1'219     3'219        17              624      2'057       9'533         18'395
%%                 'no_lp':     91      4'054     6'277        37              353      4'434      28'594         57'605
%%          'pseudo_costs':     65      1'198     3'583        15              674      2'249       9'505         21'452
%%         'quick_restart':     84        592     3'951        52              902      2'309      12'319         19'540
%%   'quick_restart_no_lp':    151      2'624     9'934       237              781      4'135      57'680         85'590
%%         'reduced_costs':     88      1'574     2'885        11              356      2'137      11'672         23'837
%% 
%% SAT formula               Fixed  Equiv  Total  VarLeft  BinaryClauses  PermanentClauses  TemporaryClauses
%%                  'core':     60      0    345      285          1'002               636             1'040
%%            'default_lp':     50      0     80       30             96                51               289
%%                 'fixed':      5      0     74       69            106                 0             1'255
%%             'fs_random':      0      0      0        0              0                 0                 0
%%       'fs_random_no_lp':      0      0      0        0              0                 0                 0
%%        'lb_tree_search':      0      0     64       64            122                22               234
%%                'max_lp':      3      0     72       69             88                73               601
%%                 'no_lp':     45      0     91       46             50                 0             1'346
%%          'pseudo_costs':     13      0     65       52             70                36               453
%%         'quick_restart':     47      0     84       37            140                59               331
%%   'quick_restart_no_lp':     95      0    151       56            232                55             1'448
%%         'reduced_costs':      3      0     88       85            122                41               895
%% 
%% SAT stats                 ClassicMinim  LitRemoved  LitRemovedBinary  LitLearned  LitForgotten  Subsumed
%%                  'core':         2'205      12'285             6'633      36'927             0       916
%%            'default_lp':         1'056       6'126                81      19'912             0       649
%%                 'fixed':         1'029       3'701                53      31'411             0       288
%%             'fs_random':             0           0                 0           0             0         0
%%       'fs_random_no_lp':             0           0                 0           0             0         0
%%        'lb_tree_search':           205         547               480       5'843             0        63
%%                'max_lp':           761       2'326                93      23'620             0       461
%%                 'no_lp':         3'487      11'277               101      85'546             0     2'603
%%          'pseudo_costs':           764       3'086                94      22'692             0       501
%%         'quick_restart':           352       1'722               182       7'986             0       122
%%   'quick_restart_no_lp':         1'848       5'964               452      46'076             0       962
%%         'reduced_costs':         1'293       4'114               844      31'963             0       565
%% 
%% Vivification              Clauses  Decisions  LitTrue  Subsumed  LitRemoved  DecisionReused  Conflicts
%%                  'core':    1'457      4'705        0        49         766             440         14
%%            'default_lp':      257        743        0         6          34             223          0
%%                 'fixed':        0          0        0         0           0               0          0
%%             'fs_random':        0          0        0         0           0               0          0
%%       'fs_random_no_lp':        0          0        0         0           0               0          0
%%        'lb_tree_search':       58        129        0         0           1               8          0
%%                'max_lp':      105        322        0         0           0              30          0
%%                 'no_lp':        0          0        0         0           0               0          0
%%          'pseudo_costs':      264        628        0        19         100             246          0
%%         'quick_restart':      419        951        0        10          54             222          2
%%   'quick_restart_no_lp':      204        753        0         7          75             187          1
%%         'reduced_costs':      112        213        0         0           0             134          0
%% 
%% Clause deletion           at_true  l_and_not(l)  to_binary  sub_conflict  sub_extra  sub_decisions  sub_eager  sub_vivify  sub_probing  sub_inpro  blocked  eliminated  forgotten  promoted  conflicts
%%                  'core':      515             1          5           851          7              1         65          49            4         73        0           0          0     5'329      2'709
%%            'default_lp':        0             0          0           600          5            102         49           6            0        243        0           0          0     2'645      1'347
%%                 'fixed':        0             1          0           255         15            196         33           0            0          0        0           0          0     2'710      1'755
%%             'fs_random':        0             0          0             0          0              0          0           0            0          0        0           0          0         0          0
%%       'fs_random_no_lp':        0             0          0             0          0              0          0           0            0          0        0           0          0         0          0
%%        'lb_tree_search':        0             0          0            56          3              0          7           0            0          0        0           0          0       573        336
%%                'max_lp':        0             0          0           421         16             62         40           0            0          5        0           0          0     2'262      1'219
%%                 'no_lp':        0             0          0         2'344         31             74        259           0            0          0        0           0          0     7'959      4'054
%%          'pseudo_costs':        0             0          0           449         16             59         52          19            0        110        0           0          0     2'281      1'198
%%         'quick_restart':        1             0          0           114          9             36          8          10            1          3        0           0          0       795        592
%%   'quick_restart_no_lp':       49             3          0           880         52             29         82           7            6         10        0           0          0     4'584      2'624
%%         'reduced_costs':        1             0          0           540         12             49         25           0            0          6        0           0          0     2'885      1'574
%% 
%% Lp stats             Component  Iterations  AddedCuts  OPTIMAL  DUAL_F.  DUAL_U.
%%       'default_lp':          1       2'842         59    2'169        0        0
%%            'fixed':          1       3'309         20    2'776        0        0
%%   'lb_tree_search':          1       4'103         20    2'420       11        0
%%           'max_lp':          1       3'027         17    2'216        3        0
%%     'pseudo_costs':          1       2'691         25    2'060        4        0
%%    'quick_restart':          1       2'884         36    1'641        0        0
%%    'reduced_costs':          1       2'312         47    2'243        4        0
%% 
%% Lp dimension         Final dimension of first component
%%       'default_lp':    20 rows, 30 columns, 196 entries
%%            'fixed':      3 rows, 30 columns, 62 entries
%%   'lb_tree_search':      4 rows, 30 columns, 83 entries
%%           'max_lp':     9 rows, 30 columns, 218 entries
%%     'pseudo_costs':    12 rows, 30 columns, 258 entries
%%    'quick_restart':    22 rows, 30 columns, 485 entries
%%    'reduced_costs':      3 rows, 30 columns, 62 entries
%% 
%% Lp debug             CutPropag  CutEqPropag  Adjust  Overflow    Bad  BadScaling
%%       'default_lp':          0           19   1'155         0    171           0
%%            'fixed':          0            3   1'191         0     12           0
%%   'lb_tree_search':          0           30   1'523         0    982           0
%%           'max_lp':          0            9     999         0    612           0
%%     'pseudo_costs':          0           32     982         0    433           0
%%    'quick_restart':          0           57     928         0  1'068           0
%%    'reduced_costs':          0           10   1'129         0    247           0
%% 
%% Lp pool              Constraints  Updates  Simplif  Merged  Shortened  Split  Strengthened  Cuts/Call
%%       'default_lp':           62       31      113       0        113      0            33      59/69
%%            'fixed':           20       11        0       3          0      0             2      20/21
%%   'lb_tree_search':           22       65        0       1          0      0             0      20/21
%%           'max_lp':           20       10        0       0          0      0             0      17/17
%%     'pseudo_costs':           28       18       28       0         28      0             0      25/30
%%    'quick_restart':           39       25       25       0         25      0             8      36/40
%%    'reduced_costs':           50        3        0       0          0      0            12      47/51
%% 
%% Lp Cut          default_lp  fixed  max_lp  quick_restart  reduced_costs  pseudo_costs  lb_tree_search
%%         CG_FF:           1      2       -              -              2             -               -
%%          CG_K:           5      2       -              -              2             -               -
%%          CG_R:          21      8      11             24             24            12              12
%%      MIR_1_FF:           3      2       -              2              2             -               -
%%       MIR_1_K:           3      1       -              -              1             -               -
%%       MIR_1_R:          23      5       6              9             16            12               8
%%   ZERO_HALF_R:           3      -       -              1              -             1               -
%% 
%% LNS stats           Improv/Calls  Closed  Difficulty  TimeLimit
%%   'graph_arc_lns':           1/1      0%    2.93e-01       0.10
%%   'graph_cst_lns':           1/1      0%    2.93e-01       0.10
%%   'graph_dec_lns':           1/1      0%    2.93e-01       0.10
%%   'graph_var_lns':           1/1      0%    2.93e-01       0.10
%%       'rins/rens':           0/0      0%    5.00e-01       0.10
%%     'rnd_cst_lns':           0/1    100%    7.07e-01       0.10
%%     'rnd_var_lns':           0/1    100%    7.07e-01       0.10
%% 
%% Solutions (26)            Num     Rank
%%                  'core':    4    [0,2]
%%            'default_lp':    8  [12,26]
%%                'max_lp':    8  [13,22]
%%                 'no_lp':    8    [2,6]
%%          'pseudo_costs':    8  [14,24]
%%         'quick_restart':    2  [18,19]
%%   'quick_restart_no_lp':   14   [6,23]
%% 
%% Objective bounds     Num
%%        'bool_core':    4
%%       'default_lp':    3
%%   'initial_domain':    1
%%   'lb_tree_search':  121
%%           'max_lp':    1
%%    'quick_restart':    1
%% 
%% Solution repositories    Added  Queried  Synchro
%%     'alternative_path':      1        0        1
%%       'best_solutions':     66        6       37
%%    'fj solution hints':      0        0        0
%%         'lp solutions':     57        0        2
%%                 'pump':      0        0
%% 
%% Improving bounds shared    Num  Sym
%%             'default_lp':   53    0
%%                  'fixed':    2    0
%%         'lb_tree_search':   33    0
%%                 'max_lp':   16    0
%%                  'no_lp':  246    0
%%           'pseudo_costs':   18    0
%%          'quick_restart':    6    0
%%    'quick_restart_no_lp':   95    0
%% 
%% Clauses shared            #Exported  #Imported  #BinaryRead  #BinaryTotal
%%                  'core':          0          0            0             0
%%            'default_lp':          0          0            0             0
%%                 'fixed':          0          0            0             0
%%        'lb_tree_search':          0          0            0             0
%%                'max_lp':          0          0            0             0
%%                 'no_lp':          0          0            0             0
%%          'pseudo_costs':          0          0            0             0
%%         'quick_restart':          0          0            0             0
%%   'quick_restart_no_lp':          0          0            0             0
%%         'reduced_costs':          0          0            0             0
%% 
%% LRAT_status: NA
%% CpSolverResponse summary:
%% status: OPTIMAL
%% objective: 216660
%% best_bound: 216660
%% integers: 0
%% booleans: 0
%% conflicts: 0
%% branches: 0
%% propagations: 0
%% integer_propagations: 0
%% restarts: 0
%% lp_iterations: 0
%% walltime: 0.204905
%% usertime: 0.204905
%% deterministic_time: 0.338528
%% gap_integral: 0.146212
%% solution_fingerprint: 0x6dc67c932d381bcb
%% 
candidate_copies = [0, 1, 0, 0, 0, 0, 0, 0, 0, 0, 0, 0, 0, 0, 0, 0, 0, 0, 0, 0, 0, 0, 0, 0, 0, 0, 0, 0, 0, 0, 0, 0, 0, 0, 0, 0, 0, 0, 0, 0, 0, 0, 0, 0, 0, 0, 0, 2, 0, 0, 0, 0, 0, 1, 0, 0, 0, 0, 0, 0, 3, 0, 0, 0, 0, 0, 0, 0, 0, 0, 1, 0, 8, 0, 0, 0, 0, 0, 0, 0, 0, 0, 0, 0, 1, 0];
objective = 216660;
----------
==========
   Done (overall time 0.49 s).
