# WCTIME: wall clock time in seconds
WCTIME=73.6173
# CPUTIME: CPU time in seconds (USERTIME+SYSTEMTIME)
CPUTIME=73.2711
# USERTIME: CPU time spent in user mode in seconds
USERTIME=66.1997
# SYSTEMTIME: CPU time spent in system mode in seconds
SYSTEMTIME=7.07144
# CPUUSAGE: CPUTIME/WCTIME in percent
CPUUSAGE=99.5298
# MAXVM: maximum virtual memory used in KiB
MAXVM=12298696
# MAXMM: maximum memory used in KiB
MAXMM=11429092
# MAXRSS: maximum Resident Segment Size in KiB
MAXRSS=11426012
# TIMEOUT: did the solver exceed the time limit?
TIMEOUT=false
# MEMOUT: did the solver exceed the memory limit?
MEMOUT=false
# EXITSTATUS: Exit status of the solver
EXITSTATUS=0
