# WCTIME: wall clock time in seconds
WCTIME=592.426
# CPUTIME: CPU time in seconds (USERTIME+SYSTEMTIME)
CPUTIME=590.056
# USERTIME: CPU time spent in user mode in seconds
USERTIME=585.516
# SYSTEMTIME: CPU time spent in system mode in seconds
SYSTEMTIME=4.53923
# CPUUSAGE: CPUTIME/WCTIME in percent
CPUUSAGE=99.5998
# MAXVM: maximum virtual memory used in KiB
MAXVM=4699424
# MAXMM: maximum memory used in KiB
MAXMM=4221780
# MAXRSS: maximum Resident Segment Size in KiB
MAXRSS=4220360
# TIMEOUT: did the solver exceed the time limit?
TIMEOUT=false
# MEMOUT: did the solver exceed the memory limit?
MEMOUT=false
# EXITSTATUS: Exit status of the solver
EXITSTATUS=0
