# WCTIME: wall clock time in seconds
WCTIME=1800.23
# CPUTIME: CPU time in seconds (USERTIME+SYSTEMTIME)
CPUTIME=1791.14
# USERTIME: CPU time spent in user mode in seconds
USERTIME=1783.47
# SYSTEMTIME: CPU time spent in system mode in seconds
SYSTEMTIME=7.6721
# CPUUSAGE: CPUTIME/WCTIME in percent
CPUUSAGE=99.4951
# MAXVM: maximum virtual memory used in KiB
MAXVM=11501092
# MAXMM: maximum memory used in KiB
MAXMM=10602188
# MAXRSS: maximum Resident Segment Size in KiB
MAXRSS=10599136
# TIMEOUT: did the solver exceed the time limit?
TIMEOUT=true
# MEMOUT: did the solver exceed the memory limit?
MEMOUT=false
# EXITSTATUS: Exit status of the solver
EXITSTATUS=36608
