# WCTIME: wall clock time in seconds
WCTIME=1800.14
# CPUTIME: CPU time in seconds (USERTIME+SYSTEMTIME)
CPUTIME=1761.82
# USERTIME: CPU time spent in user mode in seconds
USERTIME=1756.48
# SYSTEMTIME: CPU time spent in system mode in seconds
SYSTEMTIME=5.3417
# CPUUSAGE: CPUTIME/WCTIME in percent
CPUUSAGE=97.8713
# MAXVM: maximum virtual memory used in KiB
MAXVM=376784
# MAXMM: maximum memory used in KiB
MAXMM=206312
# MAXRSS: maximum Resident Segment Size in KiB
MAXRSS=203280
# TIMEOUT: did the solver exceed the time limit?
TIMEOUT=true
# MEMOUT: did the solver exceed the memory limit?
MEMOUT=false
# EXITSTATUS: Exit status of the solver
EXITSTATUS=36608
