# WCTIME: wall clock time in seconds
WCTIME=48.0433
# CPUTIME: CPU time in seconds (USERTIME+SYSTEMTIME)
CPUTIME=47.8416
# USERTIME: CPU time spent in user mode in seconds
USERTIME=46.8762
# SYSTEMTIME: CPU time spent in system mode in seconds
SYSTEMTIME=0.965462
# CPUUSAGE: CPUTIME/WCTIME in percent
CPUUSAGE=99.5802
# MAXVM: maximum virtual memory used in KiB
MAXVM=2038884
# MAXMM: maximum memory used in KiB
MAXMM=1664296
# MAXRSS: maximum Resident Segment Size in KiB
MAXRSS=1661320
# TIMEOUT: did the solver exceed the time limit?
TIMEOUT=false
# MEMOUT: did the solver exceed the memory limit?
MEMOUT=false
# EXITSTATUS: Exit status of the solver
EXITSTATUS=0
