# WCTIME: wall clock time in seconds
WCTIME=0.632637
# CPUTIME: CPU time in seconds (USERTIME+SYSTEMTIME)
CPUTIME=0.571396
# USERTIME: CPU time spent in user mode in seconds
USERTIME=0.510344
# SYSTEMTIME: CPU time spent in system mode in seconds
SYSTEMTIME=0.061052
# CPUUSAGE: CPUTIME/WCTIME in percent
CPUUSAGE=90.3197
# MAXVM: maximum virtual memory used in KiB
MAXVM=288680
# MAXMM: maximum memory used in KiB
MAXMM=76580
# MAXRSS: maximum Resident Segment Size in KiB
MAXRSS=77928
# TIMEOUT: did the solver exceed the time limit?
TIMEOUT=false
# MEMOUT: did the solver exceed the memory limit?
MEMOUT=false
# EXITSTATUS: Exit status of the solver
EXITSTATUS=0
