# WCTIME: wall clock time in seconds
WCTIME=1800.14
# CPUTIME: CPU time in seconds (USERTIME+SYSTEMTIME)
CPUTIME=1789.95
# USERTIME: CPU time spent in user mode in seconds
USERTIME=1782.67
# SYSTEMTIME: CPU time spent in system mode in seconds
SYSTEMTIME=7.28745
# CPUUSAGE: CPUTIME/WCTIME in percent
CPUUSAGE=99.4344
# MAXVM: maximum virtual memory used in KiB
MAXVM=720724
# MAXMM: maximum memory used in KiB
MAXMM=539480
# MAXRSS: maximum Resident Segment Size in KiB
MAXRSS=598604
# TIMEOUT: did the solver exceed the time limit?
TIMEOUT=true
# MEMOUT: did the solver exceed the memory limit?
MEMOUT=false
# EXITSTATUS: Exit status of the solver
EXITSTATUS=36608
