# WCTIME: wall clock time in seconds
WCTIME=1800.12
# CPUTIME: CPU time in seconds (USERTIME+SYSTEMTIME)
CPUTIME=1793.36
# USERTIME: CPU time spent in user mode in seconds
USERTIME=1792.69
# SYSTEMTIME: CPU time spent in system mode in seconds
SYSTEMTIME=0.67045
# CPUUSAGE: CPUTIME/WCTIME in percent
CPUUSAGE=99.6242
# MAXVM: maximum virtual memory used in KiB
MAXVM=378060
# MAXMM: maximum memory used in KiB
MAXMM=170004
# MAXRSS: maximum Resident Segment Size in KiB
MAXRSS=166944
# TIMEOUT: did the solver exceed the time limit?
TIMEOUT=true
# MEMOUT: did the solver exceed the memory limit?
MEMOUT=false
# EXITSTATUS: Exit status of the solver
EXITSTATUS=36608
