# WCTIME: wall clock time in seconds
WCTIME=1800.04
# CPUTIME: CPU time in seconds (USERTIME+SYSTEMTIME)
CPUTIME=1790.59
# USERTIME: CPU time spent in user mode in seconds
USERTIME=1778.02
# SYSTEMTIME: CPU time spent in system mode in seconds
SYSTEMTIME=12.5651
# CPUUSAGE: CPUTIME/WCTIME in percent
CPUUSAGE=99.4747
# MAXVM: maximum virtual memory used in KiB
MAXVM=9458048
# MAXMM: maximum memory used in KiB
MAXMM=9004856
# MAXRSS: maximum Resident Segment Size in KiB
MAXRSS=9004856
# TIMEOUT: did the solver exceed the time limit?
TIMEOUT=true
# MEMOUT: did the solver exceed the memory limit?
MEMOUT=false
# EXITSTATUS: Exit status of the solver
EXITSTATUS=36608
