# WCTIME: wall clock time in seconds
WCTIME=4.01108
# CPUTIME: CPU time in seconds (USERTIME+SYSTEMTIME)
CPUTIME=3.95998
# USERTIME: CPU time spent in user mode in seconds
USERTIME=3.86811
# SYSTEMTIME: CPU time spent in system mode in seconds
SYSTEMTIME=0.091866
# CPUUSAGE: CPUTIME/WCTIME in percent
CPUUSAGE=98.7259
# MAXVM: maximum virtual memory used in KiB
MAXVM=306140
# MAXMM: maximum memory used in KiB
MAXMM=125440
# MAXRSS: maximum Resident Segment Size in KiB
MAXRSS=125440
# TIMEOUT: did the solver exceed the time limit?
TIMEOUT=false
# MEMOUT: did the solver exceed the memory limit?
MEMOUT=false
# EXITSTATUS: Exit status of the solver
EXITSTATUS=0
