# WCTIME: wall clock time in seconds
WCTIME=494.349
# CPUTIME: CPU time in seconds (USERTIME+SYSTEMTIME)
CPUTIME=481.411
# USERTIME: CPU time spent in user mode in seconds
USERTIME=404.531
# SYSTEMTIME: CPU time spent in system mode in seconds
SYSTEMTIME=76.88
# CPUUSAGE: CPUTIME/WCTIME in percent
CPUUSAGE=97.3829
# MAXVM: maximum virtual memory used in KiB
MAXVM=148802540
# MAXMM: maximum memory used in KiB
MAXMM=124583700
# MAXRSS: maximum Resident Segment Size in KiB
MAXRSS=124608732
# TIMEOUT: did the solver exceed the time limit?
TIMEOUT=false
# MEMOUT: did the solver exceed the memory limit?
MEMOUT=false
# EXITSTATUS: Exit status of the solver
EXITSTATUS=35072
