# WCTIME: wall clock time in seconds
WCTIME=1800.7
# CPUTIME: CPU time in seconds (USERTIME+SYSTEMTIME)
CPUTIME=1792.53
# USERTIME: CPU time spent in user mode in seconds
USERTIME=1715.39
# SYSTEMTIME: CPU time spent in system mode in seconds
SYSTEMTIME=77.1416
# CPUUSAGE: CPUTIME/WCTIME in percent
CPUUSAGE=99.5461
# MAXVM: maximum virtual memory used in KiB
MAXVM=50866660
# MAXMM: maximum memory used in KiB
MAXMM=48104004
# MAXRSS: maximum Resident Segment Size in KiB
MAXRSS=48101072
# TIMEOUT: did the solver exceed the time limit?
TIMEOUT=true
# MEMOUT: did the solver exceed the memory limit?
MEMOUT=false
# EXITSTATUS: Exit status of the solver
EXITSTATUS=36608
