# WCTIME: wall clock time in seconds
WCTIME=10.2249
# CPUTIME: CPU time in seconds (USERTIME+SYSTEMTIME)
CPUTIME=10.16
# USERTIME: CPU time spent in user mode in seconds
USERTIME=9.91513
# SYSTEMTIME: CPU time spent in system mode in seconds
SYSTEMTIME=0.244889
# CPUUSAGE: CPUTIME/WCTIME in percent
CPUUSAGE=99.3659
# MAXVM: maximum virtual memory used in KiB
MAXVM=365244
# MAXMM: maximum memory used in KiB
MAXMM=217952
# MAXRSS: maximum Resident Segment Size in KiB
MAXRSS=215044
# TIMEOUT: did the solver exceed the time limit?
TIMEOUT=false
# MEMOUT: did the solver exceed the memory limit?
MEMOUT=false
# EXITSTATUS: Exit status of the solver
EXITSTATUS=0
