# WCTIME: wall clock time in seconds
WCTIME=14.3287
# CPUTIME: CPU time in seconds (USERTIME+SYSTEMTIME)
CPUTIME=14.2493
# USERTIME: CPU time spent in user mode in seconds
USERTIME=14.1984
# SYSTEMTIME: CPU time spent in system mode in seconds
SYSTEMTIME=0.050905
# CPUUSAGE: CPUTIME/WCTIME in percent
CPUUSAGE=99.4458
# MAXVM: maximum virtual memory used in KiB
MAXVM=237128
# MAXMM: maximum memory used in KiB
MAXMM=76164
# MAXRSS: maximum Resident Segment Size in KiB
MAXRSS=73044
# TIMEOUT: did the solver exceed the time limit?
TIMEOUT=false
# MEMOUT: did the solver exceed the memory limit?
MEMOUT=false
# EXITSTATUS: Exit status of the solver
EXITSTATUS=0
