c cmd: /host-parser-bin/kat_xcsp_835f8aaf_scip_dynamic /bench/competition/2022-2025/COP22to25/NurseRostering-01_c22.xml.lzma --encoder log-scop --order-ge-table mdd-tl --progress
c 00h00m00s | solve:start
c 00h00m00s | input: constraints=427
c 00h00m00s | stage:propagate:start
c 00h00m00s | stage:propagate:done ms=1 pruned=54 changed_domains=46 entailed_tables=14
c 00h00m00s | stage:normalize:start
c 00h00m00s | stage:normalize:done ms=0 high_constraints=427
c 00h00m00s | stage:lower:start
c 00h00m00s | stage:lower:done ms=9 lowered=427 unsupported=0
c 00h00m00s | stage:post_lower:start
c 00h00m00s | stage:post_lower:done ms=0 rounds=16 tightened=8 removed_cls=92 removed_lits=72 unsat=false precise_hits=28 precise_rounds=1 pivot_recomputes=0 pivot_exact_attempts=0 pivot_general_attempts=0 pivot_general_rest_missing=0 pivot_general_bound_missing=0 pivot_general_no_change=0 pivot_general_tightened=0 setup_ms=0 loop_ms=0 pivot_ms=0 pivot_version_ms=0 pivot_exact_ms=0 pivot_general_ms=0 pivot_general_prepare_ms=0 pivot_general_rest_ms=0 pivot_general_derive_ms=0 apply_ms=0 sat_ms=0 precise_ms=0
c 00h00m00s | stage:lowered-shape int_vars=994 bool_vars=880 linear_atoms=454 table_atoms=590 table_tuples=1725 table_scope=1756 alldiff_atoms=0 circuit_atoms=0 product_atoms=0 logical_clauses=2498
c 00h00m00s | stage:root-lp:start backend=scip-ffi
c 00h00m00s | stage:root-lp:bound backend=scip-ffi status=optimal objective_value=0 naive_bounds=[0,7148] lp_bounds=[0,7148] improved=0 rows=2542 vars=3599 ms=147
c 00h00m00s | stage:preencode(log-scop):start
c 00h00m00s | stage:preencode(log-scop):done ms=0 int_vars=994
c 00h00m00s | stage:encode(log-scop):start
c 00h00m00s | stage:encode(log-scop):done ms=16 sat_vars=12965 sat_clauses=31647 ext_ge_specs=0 relaxed_circuits=0 log_scop_pb_constraints=282 log_scop_pb_mixed=0 log_scop_pb_bdd2=0 log_scop_pb_bdd3=282 log_scop_pb_sorter=0 log_scop_pb_dadda=0 log_scop_bdd_raw=282 log_scop_bdd_binary=0 log_scop_bdd_multibase=0
c 00h00m00s | stage:sat:init solver=CaDiCaL vars=12965 clauses=31647
c 00h00m00s | stage:sat:solve:start round=1 circuit_cegar_rounds=- cop_cegar_rounds=1 assumptions=0 phase_lits=0
c 00h00m00s | stage:sat:solve:done round=1 ms=6 result=Sat assumptions=0 phase_lits=0
c 00h00m00s | stage:decode:start round=1 requested_int_ids=226
c 00h00m00s | stage:decode:final:start round=1 requested_int_ids=226
c 00h00m00s | stage:decode:done round=1 int_assignments=226
c 00h00m00s | stage:relaxation:done clauses_added=0 circuit_cegar_failures=0 circuit_cegar_rounds=0 circuit_cegar_added_clauses=0 cop_cegar_failures=0 cop_cegar_rounds=1 cop_cegar_added_clauses=0
c 00h00m00s | result:Sat
c 00h00m00s | objective:incumbent kind=initial value=2629 rounds=1 improvements=0
o 2629
c 00h00m00s | stage:sat:init solver=CaDiCaL vars=12965 clauses=31647
c 00h00m00s | stage:sat:solve:start round=1 circuit_cegar_rounds=- cop_cegar_rounds=2 assumptions=0 phase_lits=444
c 00h00m00s | stage:sat:solve:done round=1 ms=2 result=Sat assumptions=0 phase_lits=444
c 00h00m00s | stage:decode:start round=1 requested_int_ids=226
c 00h00m00s | stage:relaxation:done round=1 clauses_added=19209 circuit_clauses_added=0 cop_clauses_added=19209 circuit_cegar_failures=0 circuit_cegar_rounds=0 circuit_cegar_added_clauses=0 cop_cegar_failures=1 cop_cegar_rounds=2 cop_cegar_added_clauses=19209
c 00h00m00s | stage:sat:solve:start round=2 circuit_cegar_rounds=- cop_cegar_rounds=3 assumptions=0 phase_lits=444
c 00h00m00s | stage:sat:solve:done round=2 ms=33 result=Sat assumptions=0 phase_lits=444
c 00h00m00s | stage:decode:start round=2 requested_int_ids=226
c 00h00m00s | stage:decode:final:start round=2 requested_int_ids=226
c 00h00m00s | stage:decode:done round=2 int_assignments=226
c 00h00m00s | stage:relaxation:done clauses_added=0 circuit_cegar_failures=0 circuit_cegar_rounds=0 circuit_cegar_added_clauses=0 cop_cegar_failures=1 cop_cegar_rounds=3 cop_cegar_added_clauses=19209
c 00h00m00s | result:Sat
c 00h00m00s | objective:incumbent kind=improvement value=2026 rounds=2 improvements=1
o 2026
c 00h00m00s | stage:sat:init solver=CaDiCaL vars=12965 clauses=31647
c 00h00m00s | stage:sat:solve:start round=1 circuit_cegar_rounds=- cop_cegar_rounds=4 assumptions=0 phase_lits=444
c 00h00m00s | stage:sat:solve:done round=1 ms=4 result=Sat assumptions=0 phase_lits=444
c 00h00m00s | stage:decode:start round=1 requested_int_ids=226
c 00h00m00s | stage:relaxation:done round=1 clauses_added=19200 circuit_clauses_added=0 cop_clauses_added=19200 circuit_cegar_failures=0 circuit_cegar_rounds=0 circuit_cegar_added_clauses=0 cop_cegar_failures=2 cop_cegar_rounds=4 cop_cegar_added_clauses=38409
c 00h00m00s | stage:sat:solve:start round=2 circuit_cegar_rounds=- cop_cegar_rounds=5 assumptions=0 phase_lits=444
c 00h00m00s | stage:sat:solve:done round=2 ms=109 result=Sat assumptions=0 phase_lits=444
c 00h00m00s | stage:decode:start round=2 requested_int_ids=226
c 00h00m00s | stage:decode:final:start round=2 requested_int_ids=226
c 00h00m00s | stage:decode:done round=2 int_assignments=226
c 00h00m00s | stage:relaxation:done clauses_added=0 circuit_cegar_failures=0 circuit_cegar_rounds=0 circuit_cegar_added_clauses=0 cop_cegar_failures=2 cop_cegar_rounds=5 cop_cegar_added_clauses=38409
c 00h00m00s | result:Sat
c 00h00m00s | objective:incumbent kind=improvement value=1619 rounds=3 improvements=2
o 1619
c 00h00m00s | stage:sat:init solver=CaDiCaL vars=12965 clauses=31647
c 00h00m00s | stage:sat:solve:start round=1 circuit_cegar_rounds=- cop_cegar_rounds=6 assumptions=0 phase_lits=444
c 00h00m00s | stage:sat:solve:done round=1 ms=8 result=Sat assumptions=0 phase_lits=444
c 00h00m00s | stage:decode:start round=1 requested_int_ids=226
c 00h00m00s | stage:relaxation:done round=1 clauses_added=19207 circuit_clauses_added=0 cop_clauses_added=19207 circuit_cegar_failures=0 circuit_cegar_rounds=0 circuit_cegar_added_clauses=0 cop_cegar_failures=3 cop_cegar_rounds=6 cop_cegar_added_clauses=57616
c 00h00m00s | stage:sat:solve:start round=2 circuit_cegar_rounds=- cop_cegar_rounds=7 assumptions=0 phase_lits=444
c 00h00m00s | stage:sat:solve:done round=2 ms=11 result=Sat assumptions=0 phase_lits=444
c 00h00m00s | stage:decode:start round=2 requested_int_ids=226
c 00h00m00s | stage:decode:final:start round=2 requested_int_ids=226
c 00h00m00s | stage:decode:done round=2 int_assignments=226
c 00h00m00s | stage:relaxation:done clauses_added=0 circuit_cegar_failures=0 circuit_cegar_rounds=0 circuit_cegar_added_clauses=0 cop_cegar_failures=3 cop_cegar_rounds=7 cop_cegar_added_clauses=57616
c 00h00m00s | result:Sat
c 00h00m00s | objective:incumbent kind=improvement value=1519 rounds=4 improvements=3
o 1519
c 00h00m00s | stage:sat:init solver=CaDiCaL vars=12965 clauses=31647
c 00h00m00s | stage:sat:solve:start round=1 circuit_cegar_rounds=- cop_cegar_rounds=8 assumptions=0 phase_lits=444
c 00h00m00s | stage:sat:solve:done round=1 ms=7 result=Sat assumptions=0 phase_lits=444
c 00h00m00s | stage:decode:start round=1 requested_int_ids=226
c 00h00m00s | stage:relaxation:done round=1 clauses_added=19201 circuit_clauses_added=0 cop_clauses_added=19201 circuit_cegar_failures=0 circuit_cegar_rounds=0 circuit_cegar_added_clauses=0 cop_cegar_failures=4 cop_cegar_rounds=8 cop_cegar_added_clauses=76817
c 00h00m00s | stage:sat:solve:start round=2 circuit_cegar_rounds=- cop_cegar_rounds=9 assumptions=0 phase_lits=444
c 00h00m00s | stage:sat:solve:done round=2 ms=10 result=Sat assumptions=0 phase_lits=444
c 00h00m00s | stage:decode:start round=2 requested_int_ids=226
c 00h00m00s | stage:decode:final:start round=2 requested_int_ids=226
c 00h00m00s | stage:decode:done round=2 int_assignments=226
c 00h00m00s | stage:relaxation:done clauses_added=0 circuit_cegar_failures=0 circuit_cegar_rounds=0 circuit_cegar_added_clauses=0 cop_cegar_failures=4 cop_cegar_rounds=9 cop_cegar_added_clauses=76817
c 00h00m00s | result:Sat
c 00h00m00s | objective:incumbent kind=improvement value=1516 rounds=5 improvements=4
o 1516
c 00h00m00s | stage:sat:init solver=CaDiCaL vars=12965 clauses=31647
c 00h00m00s | stage:sat:solve:start round=1 circuit_cegar_rounds=- cop_cegar_rounds=10 assumptions=0 phase_lits=444
c 00h00m00s | stage:sat:solve:done round=1 ms=7 result=Sat assumptions=0 phase_lits=444
c 00h00m00s | stage:decode:start round=1 requested_int_ids=226
c 00h00m00s | stage:relaxation:done round=1 clauses_added=19199 circuit_clauses_added=0 cop_clauses_added=19199 circuit_cegar_failures=0 circuit_cegar_rounds=0 circuit_cegar_added_clauses=0 cop_cegar_failures=5 cop_cegar_rounds=10 cop_cegar_added_clauses=96016
c 00h00m00s | stage:sat:solve:start round=2 circuit_cegar_rounds=- cop_cegar_rounds=11 assumptions=0 phase_lits=444
c 00h00m00s | stage:sat:solve:done round=2 ms=85 result=Sat assumptions=0 phase_lits=444
c 00h00m00s | stage:decode:start round=2 requested_int_ids=226
c 00h00m00s | stage:decode:final:start round=2 requested_int_ids=226
c 00h00m00s | stage:decode:done round=2 int_assignments=226
c 00h00m00s | stage:relaxation:done clauses_added=0 circuit_cegar_failures=0 circuit_cegar_rounds=0 circuit_cegar_added_clauses=0 cop_cegar_failures=5 cop_cegar_rounds=11 cop_cegar_added_clauses=96016
c 00h00m00s | result:Sat
c 00h00m00s | objective:incumbent kind=improvement value=1512 rounds=6 improvements=5
o 1512
c 00h00m00s | stage:sat:init solver=CaDiCaL vars=12965 clauses=31647
c 00h00m00s | stage:sat:solve:start round=1 circuit_cegar_rounds=- cop_cegar_rounds=12 assumptions=0 phase_lits=444
c 00h00m00s | stage:sat:solve:done round=1 ms=8 result=Sat assumptions=0 phase_lits=444
c 00h00m00s | stage:decode:start round=1 requested_int_ids=226
c 00h00m00s | stage:relaxation:done round=1 clauses_added=19198 circuit_clauses_added=0 cop_clauses_added=19198 circuit_cegar_failures=0 circuit_cegar_rounds=0 circuit_cegar_added_clauses=0 cop_cegar_failures=6 cop_cegar_rounds=12 cop_cegar_added_clauses=115214
c 00h00m00s | stage:sat:solve:start round=2 circuit_cegar_rounds=- cop_cegar_rounds=13 assumptions=0 phase_lits=444
c 00h00m00s | stage:sat:solve:done round=2 ms=88 result=Sat assumptions=0 phase_lits=444
c 00h00m00s | stage:decode:start round=2 requested_int_ids=226
c 00h00m00s | stage:decode:final:start round=2 requested_int_ids=226
c 00h00m00s | stage:decode:done round=2 int_assignments=226
c 00h00m00s | stage:relaxation:done clauses_added=0 circuit_cegar_failures=0 circuit_cegar_rounds=0 circuit_cegar_added_clauses=0 cop_cegar_failures=6 cop_cegar_rounds=13 cop_cegar_added_clauses=115214
c 00h00m00s | result:Sat
c 00h00m00s | objective:incumbent kind=improvement value=1407 rounds=7 improvements=6
o 1407
c 00h00m00s | stage:sat:init solver=CaDiCaL vars=12965 clauses=31647
c 00h00m00s | stage:sat:solve:start round=1 circuit_cegar_rounds=- cop_cegar_rounds=14 assumptions=0 phase_lits=444
c 00h00m00s | stage:sat:solve:done round=1 ms=16 result=Sat assumptions=0 phase_lits=444
c 00h00m00s | stage:decode:start round=1 requested_int_ids=226
c 00h00m00s | stage:relaxation:done round=1 clauses_added=19201 circuit_clauses_added=0 cop_clauses_added=19201 circuit_cegar_failures=0 circuit_cegar_rounds=0 circuit_cegar_added_clauses=0 cop_cegar_failures=7 cop_cegar_rounds=14 cop_cegar_added_clauses=134415
c 00h00m00s | stage:sat:solve:start round=2 circuit_cegar_rounds=- cop_cegar_rounds=15 assumptions=0 phase_lits=444
c 00h00m00s | stage:sat:solve:done round=2 ms=17 result=Sat assumptions=0 phase_lits=444
c 00h00m00s | stage:decode:start round=2 requested_int_ids=226
c 00h00m00s | stage:decode:final:start round=2 requested_int_ids=226
c 00h00m00s | stage:decode:done round=2 int_assignments=226
c 00h00m00s | stage:relaxation:done clauses_added=0 circuit_cegar_failures=0 circuit_cegar_rounds=0 circuit_cegar_added_clauses=0 cop_cegar_failures=7 cop_cegar_rounds=15 cop_cegar_added_clauses=134415
c 00h00m00s | result:Sat
c 00h00m00s | objective:incumbent kind=improvement value=1307 rounds=8 improvements=7
o 1307
c 00h00m00s | stage:sat:init solver=CaDiCaL vars=12965 clauses=31647
c 00h00m00s | stage:sat:solve:start round=1 circuit_cegar_rounds=- cop_cegar_rounds=16 assumptions=0 phase_lits=444
c 00h00m00s | stage:sat:solve:done round=1 ms=16 result=Sat assumptions=0 phase_lits=444
c 00h00m00s | stage:decode:start round=1 requested_int_ids=226
c 00h00m00s | stage:relaxation:done round=1 clauses_added=19207 circuit_clauses_added=0 cop_clauses_added=19207 circuit_cegar_failures=0 circuit_cegar_rounds=0 circuit_cegar_added_clauses=0 cop_cegar_failures=8 cop_cegar_rounds=16 cop_cegar_added_clauses=153622
c 00h00m00s | stage:sat:solve:start round=2 circuit_cegar_rounds=- cop_cegar_rounds=17 assumptions=0 phase_lits=444
c 00h00m00s | stage:sat:solve:done round=2 ms=18 result=Sat assumptions=0 phase_lits=444
c 00h00m00s | stage:decode:start round=2 requested_int_ids=226
c 00h00m00s | stage:decode:final:start round=2 requested_int_ids=226
c 00h00m00s | stage:decode:done round=2 int_assignments=226
c 00h00m00s | stage:relaxation:done clauses_added=0 circuit_cegar_failures=0 circuit_cegar_rounds=0 circuit_cegar_added_clauses=0 cop_cegar_failures=8 cop_cegar_rounds=17 cop_cegar_added_clauses=153622
c 00h00m00s | result:Sat
c 00h00m00s | objective:incumbent kind=improvement value=1306 rounds=9 improvements=8
o 1306
c 00h00m00s | stage:sat:init solver=CaDiCaL vars=12965 clauses=31647
c 00h00m00s | stage:sat:solve:start round=1 circuit_cegar_rounds=- cop_cegar_rounds=18 assumptions=0 phase_lits=444
c 00h00m00s | stage:sat:solve:done round=1 ms=16 result=Sat assumptions=0 phase_lits=444
c 00h00m00s | stage:decode:start round=1 requested_int_ids=226
c 00h00m00s | stage:relaxation:done round=1 clauses_added=19206 circuit_clauses_added=0 cop_clauses_added=19206 circuit_cegar_failures=0 circuit_cegar_rounds=0 circuit_cegar_added_clauses=0 cop_cegar_failures=9 cop_cegar_rounds=18 cop_cegar_added_clauses=172828
c 00h00m00s | stage:sat:solve:start round=2 circuit_cegar_rounds=- cop_cegar_rounds=19 assumptions=0 phase_lits=444
c 00h00m00s | stage:sat:solve:done round=2 ms=142 result=Sat assumptions=0 phase_lits=444
c 00h00m00s | stage:decode:start round=2 requested_int_ids=226
c 00h00m00s | stage:decode:final:start round=2 requested_int_ids=226
c 00h00m00s | stage:decode:done round=2 int_assignments=226
c 00h00m00s | stage:relaxation:done clauses_added=0 circuit_cegar_failures=0 circuit_cegar_rounds=0 circuit_cegar_added_clauses=0 cop_cegar_failures=9 cop_cegar_rounds=19 cop_cegar_added_clauses=172828
c 00h00m00s | result:Sat
c 00h00m00s | objective:incumbent kind=improvement value=1209 rounds=10 improvements=9
o 1209
c 00h00m00s | stage:sat:init solver=CaDiCaL vars=12965 clauses=31647
c 00h00m00s | stage:sat:solve:start round=1 circuit_cegar_rounds=- cop_cegar_rounds=20 assumptions=0 phase_lits=444
c 00h00m00s | stage:sat:solve:done round=1 ms=14 result=Sat assumptions=0 phase_lits=444
c 00h00m00s | stage:decode:start round=1 requested_int_ids=226
c 00h00m00s | stage:relaxation:done round=1 clauses_added=19207 circuit_clauses_added=0 cop_clauses_added=19207 circuit_cegar_failures=0 circuit_cegar_rounds=0 circuit_cegar_added_clauses=0 cop_cegar_failures=10 cop_cegar_rounds=20 cop_cegar_added_clauses=192035
c 00h00m00s | stage:sat:solve:start round=2 circuit_cegar_rounds=- cop_cegar_rounds=21 assumptions=0 phase_lits=444
c 00h00m00s | stage:sat:solve:done round=2 ms=26 result=Sat assumptions=0 phase_lits=444
c 00h00m00s | stage:decode:start round=2 requested_int_ids=226
c 00h00m00s | stage:decode:final:start round=2 requested_int_ids=226
c 00h00m00s | stage:decode:done round=2 int_assignments=226
c 00h00m00s | stage:relaxation:done clauses_added=0 circuit_cegar_failures=0 circuit_cegar_rounds=0 circuit_cegar_added_clauses=0 cop_cegar_failures=10 cop_cegar_rounds=21 cop_cegar_added_clauses=192035
c 00h00m00s | result:Sat
c 00h00m00s | objective:incumbent kind=improvement value=1207 rounds=11 improvements=10
o 1207
c 00h00m00s | stage:sat:init solver=CaDiCaL vars=12965 clauses=31647
c 00h00m00s | stage:sat:solve:start round=1 circuit_cegar_rounds=- cop_cegar_rounds=22 assumptions=0 phase_lits=444
c 00h00m00s | stage:sat:solve:done round=1 ms=14 result=Sat assumptions=0 phase_lits=444
c 00h00m00s | stage:decode:start round=1 requested_int_ids=226
c 00h00m00s | stage:relaxation:done round=1 clauses_added=19205 circuit_clauses_added=0 cop_clauses_added=19205 circuit_cegar_failures=0 circuit_cegar_rounds=0 circuit_cegar_added_clauses=0 cop_cegar_failures=11 cop_cegar_rounds=22 cop_cegar_added_clauses=211240
c 00h00m00s | stage:sat:solve:start round=2 circuit_cegar_rounds=- cop_cegar_rounds=23 assumptions=0 phase_lits=444
c 00h00m01s | stage:sat:solve:done round=2 ms=73 result=Sat assumptions=0 phase_lits=444
c 00h00m01s | stage:decode:start round=2 requested_int_ids=226
c 00h00m01s | stage:decode:final:start round=2 requested_int_ids=226
c 00h00m01s | stage:decode:done round=2 int_assignments=226
c 00h00m01s | stage:relaxation:done clauses_added=0 circuit_cegar_failures=0 circuit_cegar_rounds=0 circuit_cegar_added_clauses=0 cop_cegar_failures=11 cop_cegar_rounds=23 cop_cegar_added_clauses=211240
c 00h00m01s | result:Sat
c 00h00m01s | objective:incumbent kind=improvement value=1020 rounds=12 improvements=11
o 1020
c 00h00m01s | stage:sat:init solver=CaDiCaL vars=12965 clauses=31647
c 00h00m01s | stage:sat:solve:start round=1 circuit_cegar_rounds=- cop_cegar_rounds=24 assumptions=0 phase_lits=444
c 00h00m01s | stage:sat:solve:done round=1 ms=16 result=Sat assumptions=0 phase_lits=444
c 00h00m01s | stage:decode:start round=1 requested_int_ids=226
c 00h00m01s | stage:relaxation:done round=1 clauses_added=19197 circuit_clauses_added=0 cop_clauses_added=19197 circuit_cegar_failures=0 circuit_cegar_rounds=0 circuit_cegar_added_clauses=0 cop_cegar_failures=12 cop_cegar_rounds=24 cop_cegar_added_clauses=230437
c 00h00m01s | stage:sat:solve:start round=2 circuit_cegar_rounds=- cop_cegar_rounds=25 assumptions=0 phase_lits=444
c 00h00m01s | stage:sat:solve:done round=2 ms=39 result=Sat assumptions=0 phase_lits=444
c 00h00m01s | stage:decode:start round=2 requested_int_ids=226
c 00h00m01s | stage:decode:final:start round=2 requested_int_ids=226
c 00h00m01s | stage:decode:done round=2 int_assignments=226
c 00h00m01s | stage:relaxation:done clauses_added=0 circuit_cegar_failures=0 circuit_cegar_rounds=0 circuit_cegar_added_clauses=0 cop_cegar_failures=12 cop_cegar_rounds=25 cop_cegar_added_clauses=230437
c 00h00m01s | result:Sat
c 00h00m01s | objective:incumbent kind=improvement value=715 rounds=13 improvements=12
o 715
c 00h00m01s | stage:sat:init solver=CaDiCaL vars=12965 clauses=31647
c 00h00m01s | stage:sat:solve:start round=1 circuit_cegar_rounds=- cop_cegar_rounds=26 assumptions=0 phase_lits=444
c 00h00m01s | stage:sat:solve:done round=1 ms=17 result=Sat assumptions=0 phase_lits=444
c 00h00m01s | stage:decode:start round=1 requested_int_ids=226
c 00h00m01s | stage:relaxation:done round=1 clauses_added=19207 circuit_clauses_added=0 cop_clauses_added=19207 circuit_cegar_failures=0 circuit_cegar_rounds=0 circuit_cegar_added_clauses=0 cop_cegar_failures=13 cop_cegar_rounds=26 cop_cegar_added_clauses=249644
c 00h00m01s | stage:sat:solve:start round=2 circuit_cegar_rounds=- cop_cegar_rounds=27 assumptions=0 phase_lits=444
c 00h00m01s | stage:sat:solve:done round=2 ms=31 result=Sat assumptions=0 phase_lits=444
c 00h00m01s | stage:decode:start round=2 requested_int_ids=226
c 00h00m01s | stage:decode:final:start round=2 requested_int_ids=226
c 00h00m01s | stage:decode:done round=2 int_assignments=226
c 00h00m01s | stage:relaxation:done clauses_added=0 circuit_cegar_failures=0 circuit_cegar_rounds=0 circuit_cegar_added_clauses=0 cop_cegar_failures=13 cop_cegar_rounds=27 cop_cegar_added_clauses=249644
c 00h00m01s | result:Sat
c 00h00m01s | objective:incumbent kind=improvement value=711 rounds=14 improvements=13
o 711
c 00h00m01s | stage:sat:init solver=CaDiCaL vars=12965 clauses=31647
c 00h00m01s | stage:sat:solve:start round=1 circuit_cegar_rounds=- cop_cegar_rounds=28 assumptions=0 phase_lits=444
c 00h00m01s | stage:sat:solve:done round=1 ms=18 result=Sat assumptions=0 phase_lits=444
c 00h00m01s | stage:decode:start round=1 requested_int_ids=226
c 00h00m01s | stage:relaxation:done round=1 clauses_added=19207 circuit_clauses_added=0 cop_clauses_added=19207 circuit_cegar_failures=0 circuit_cegar_rounds=0 circuit_cegar_added_clauses=0 cop_cegar_failures=14 cop_cegar_rounds=28 cop_cegar_added_clauses=268851
c 00h00m01s | stage:sat:solve:start round=2 circuit_cegar_rounds=- cop_cegar_rounds=29 assumptions=0 phase_lits=444
c 00h00m01s | stage:sat:solve:done round=2 ms=48 result=Sat assumptions=0 phase_lits=444
c 00h00m01s | stage:decode:start round=2 requested_int_ids=226
c 00h00m01s | stage:decode:final:start round=2 requested_int_ids=226
c 00h00m01s | stage:decode:done round=2 int_assignments=226
c 00h00m01s | stage:relaxation:done clauses_added=0 circuit_cegar_failures=0 circuit_cegar_rounds=0 circuit_cegar_added_clauses=0 cop_cegar_failures=14 cop_cegar_rounds=29 cop_cegar_added_clauses=268851
c 00h00m01s | result:Sat
c 00h00m01s | objective:incumbent kind=improvement value=706 rounds=15 improvements=14
o 706
c 00h00m01s | stage:sat:init solver=CaDiCaL vars=12965 clauses=31647
c 00h00m01s | stage:sat:solve:start round=1 circuit_cegar_rounds=- cop_cegar_rounds=30 assumptions=0 phase_lits=444
c 00h00m01s | stage:sat:solve:done round=1 ms=38 result=Sat assumptions=0 phase_lits=444
c 00h00m01s | stage:decode:start round=1 requested_int_ids=226
c 00h00m01s | stage:relaxation:done round=1 clauses_added=19208 circuit_clauses_added=0 cop_clauses_added=19208 circuit_cegar_failures=0 circuit_cegar_rounds=0 circuit_cegar_added_clauses=0 cop_cegar_failures=15 cop_cegar_rounds=30 cop_cegar_added_clauses=288059
c 00h00m01s | stage:sat:solve:start round=2 circuit_cegar_rounds=- cop_cegar_rounds=31 assumptions=0 phase_lits=444
c 00h00m01s | stage:sat:solve:done round=2 ms=61 result=Sat assumptions=0 phase_lits=444
c 00h00m01s | stage:decode:start round=2 requested_int_ids=226
c 00h00m01s | stage:decode:final:start round=2 requested_int_ids=226
c 00h00m01s | stage:decode:done round=2 int_assignments=226
c 00h00m01s | stage:relaxation:done clauses_added=0 circuit_cegar_failures=0 circuit_cegar_rounds=0 circuit_cegar_added_clauses=0 cop_cegar_failures=15 cop_cegar_rounds=31 cop_cegar_added_clauses=288059
c 00h00m01s | result:Sat
c 00h00m01s | objective:incumbent kind=improvement value=613 rounds=16 improvements=15
o 613
c 00h00m01s | stage:sat:init solver=CaDiCaL vars=12965 clauses=31647
c 00h00m01s | stage:sat:solve:start round=1 circuit_cegar_rounds=- cop_cegar_rounds=32 assumptions=0 phase_lits=444
c 00h00m01s | stage:sat:solve:done round=1 ms=38 result=Sat assumptions=0 phase_lits=444
c 00h00m01s | stage:decode:start round=1 requested_int_ids=226
c 00h00m01s | stage:relaxation:done round=1 clauses_added=19209 circuit_clauses_added=0 cop_clauses_added=19209 circuit_cegar_failures=0 circuit_cegar_rounds=0 circuit_cegar_added_clauses=0 cop_cegar_failures=16 cop_cegar_rounds=32 cop_cegar_added_clauses=307268
c 00h00m01s | stage:sat:solve:start round=2 circuit_cegar_rounds=- cop_cegar_rounds=33 assumptions=0 phase_lits=444
c 00h00m01s | stage:sat:solve:done round=2 ms=47 result=Sat assumptions=0 phase_lits=444
c 00h00m01s | stage:decode:start round=2 requested_int_ids=226
c 00h00m01s | stage:decode:final:start round=2 requested_int_ids=226
c 00h00m01s | stage:decode:done round=2 int_assignments=226
c 00h00m01s | stage:relaxation:done clauses_added=0 circuit_cegar_failures=0 circuit_cegar_rounds=0 circuit_cegar_added_clauses=0 cop_cegar_failures=16 cop_cegar_rounds=33 cop_cegar_added_clauses=307268
c 00h00m01s | result:Sat
c 00h00m01s | objective:incumbent kind=improvement value=612 rounds=17 improvements=16
o 612
c 00h00m01s | stage:sat:init solver=CaDiCaL vars=12965 clauses=31647
c 00h00m01s | stage:sat:solve:start round=1 circuit_cegar_rounds=- cop_cegar_rounds=34 assumptions=0 phase_lits=444
c 00h00m01s | stage:sat:solve:done round=1 ms=40 result=Sat assumptions=0 phase_lits=444
c 00h00m01s | stage:decode:start round=1 requested_int_ids=226
c 00h00m01s | stage:relaxation:done round=1 clauses_added=19205 circuit_clauses_added=0 cop_clauses_added=19205 circuit_cegar_failures=0 circuit_cegar_rounds=0 circuit_cegar_added_clauses=0 cop_cegar_failures=17 cop_cegar_rounds=34 cop_cegar_added_clauses=326473
c 00h00m01s | stage:sat:solve:start round=2 circuit_cegar_rounds=- cop_cegar_rounds=35 assumptions=0 phase_lits=444
c 00h00m01s | stage:sat:solve:done round=2 ms=40 result=Sat assumptions=0 phase_lits=444
c 00h00m01s | stage:decode:start round=2 requested_int_ids=226
c 00h00m01s | stage:decode:final:start round=2 requested_int_ids=226
c 00h00m01s | stage:decode:done round=2 int_assignments=226
c 00h00m01s | stage:relaxation:done clauses_added=0 circuit_cegar_failures=0 circuit_cegar_rounds=0 circuit_cegar_added_clauses=0 cop_cegar_failures=17 cop_cegar_rounds=35 cop_cegar_added_clauses=326473
c 00h00m01s | result:Sat
c 00h00m01s | objective:incumbent kind=improvement value=611 rounds=18 improvements=17
o 611
c 00h00m01s | stage:sat:init solver=CaDiCaL vars=12965 clauses=31647
c 00h00m01s | stage:sat:solve:start round=1 circuit_cegar_rounds=- cop_cegar_rounds=36 assumptions=0 phase_lits=444
c 00h00m01s | stage:sat:solve:done round=1 ms=40 result=Sat assumptions=0 phase_lits=444
c 00h00m01s | stage:decode:start round=1 requested_int_ids=226
c 00h00m01s | stage:relaxation:done round=1 clauses_added=19209 circuit_clauses_added=0 cop_clauses_added=19209 circuit_cegar_failures=0 circuit_cegar_rounds=0 circuit_cegar_added_clauses=0 cop_cegar_failures=18 cop_cegar_rounds=36 cop_cegar_added_clauses=345682
c 00h00m01s | stage:sat:solve:start round=2 circuit_cegar_rounds=- cop_cegar_rounds=37 assumptions=0 phase_lits=444
c 00h00m02s | stage:sat:solve:done round=2 ms=1099 result=Sat assumptions=0 phase_lits=444
c 00h00m02s | stage:decode:start round=2 requested_int_ids=226
c 00h00m02s | stage:decode:final:start round=2 requested_int_ids=226
c 00h00m02s | stage:decode:done round=2 int_assignments=226
c 00h00m02s | stage:relaxation:done clauses_added=0 circuit_cegar_failures=0 circuit_cegar_rounds=0 circuit_cegar_added_clauses=0 cop_cegar_failures=18 cop_cegar_rounds=37 cop_cegar_added_clauses=345682
c 00h00m02s | result:Sat
c 00h00m02s | objective:incumbent kind=improvement value=610 rounds=19 improvements=18
o 610
c 00h00m02s | stage:sat:init solver=CaDiCaL vars=12965 clauses=31647
c 00h00m02s | stage:sat:solve:start round=1 circuit_cegar_rounds=- cop_cegar_rounds=38 assumptions=0 phase_lits=444
c 00h00m02s | stage:sat:solve:done round=1 ms=44 result=Sat assumptions=0 phase_lits=444
c 00h00m02s | stage:decode:start round=1 requested_int_ids=226
c 00h00m02s | stage:relaxation:done round=1 clauses_added=19208 circuit_clauses_added=0 cop_clauses_added=19208 circuit_cegar_failures=0 circuit_cegar_rounds=0 circuit_cegar_added_clauses=0 cop_cegar_failures=19 cop_cegar_rounds=38 cop_cegar_added_clauses=364890
c 00h00m02s | stage:sat:solve:start round=2 circuit_cegar_rounds=- cop_cegar_rounds=39 assumptions=0 phase_lits=444
c 00h00m02s | stage:sat:solve:done round=2 ms=46 result=Sat assumptions=0 phase_lits=444
c 00h00m02s | stage:decode:start round=2 requested_int_ids=226
c 00h00m02s | stage:decode:final:start round=2 requested_int_ids=226
c 00h00m02s | stage:decode:done round=2 int_assignments=226
c 00h00m02s | stage:relaxation:done clauses_added=0 circuit_cegar_failures=0 circuit_cegar_rounds=0 circuit_cegar_added_clauses=0 cop_cegar_failures=19 cop_cegar_rounds=39 cop_cegar_added_clauses=364890
c 00h00m02s | result:Sat
c 00h00m02s | objective:incumbent kind=improvement value=609 rounds=20 improvements=19
o 609
c 00h00m02s | stage:sat:init solver=CaDiCaL vars=12965 clauses=31647
c 00h00m02s | stage:sat:solve:start round=1 circuit_cegar_rounds=- cop_cegar_rounds=40 assumptions=0 phase_lits=444
c 00h00m02s | stage:sat:solve:done round=1 ms=43 result=Sat assumptions=0 phase_lits=444
c 00h00m02s | stage:decode:start round=1 requested_int_ids=226
c 00h00m02s | stage:relaxation:done round=1 clauses_added=19211 circuit_clauses_added=0 cop_clauses_added=19211 circuit_cegar_failures=0 circuit_cegar_rounds=0 circuit_cegar_added_clauses=0 cop_cegar_failures=20 cop_cegar_rounds=40 cop_cegar_added_clauses=384101
c 00h00m02s | stage:sat:solve:start round=2 circuit_cegar_rounds=- cop_cegar_rounds=41 assumptions=0 phase_lits=444
c 00h00m02s | stage:sat:solve:done round=2 ms=44 result=Sat assumptions=0 phase_lits=444
c 00h00m02s | stage:decode:start round=2 requested_int_ids=226
c 00h00m02s | stage:decode:final:start round=2 requested_int_ids=226
c 00h00m02s | stage:decode:done round=2 int_assignments=226
c 00h00m02s | stage:relaxation:done clauses_added=0 circuit_cegar_failures=0 circuit_cegar_rounds=0 circuit_cegar_added_clauses=0 cop_cegar_failures=20 cop_cegar_rounds=41 cop_cegar_added_clauses=384101
c 00h00m02s | result:Sat
c 00h00m02s | objective:incumbent kind=improvement value=607 rounds=21 improvements=20
o 607
c 00h00m02s | stage:sat:init solver=CaDiCaL vars=12965 clauses=31647
c 00h00m02s | stage:sat:solve:start round=1 circuit_cegar_rounds=- cop_cegar_rounds=42 assumptions=0 phase_lits=444
c 00h00m03s | stage:sat:solve:done round=1 ms=44 result=Sat assumptions=0 phase_lits=444
c 00h00m03s | stage:decode:start round=1 requested_int_ids=226
c 00h00m03s | stage:relaxation:done round=1 clauses_added=19205 circuit_clauses_added=0 cop_clauses_added=19205 circuit_cegar_failures=0 circuit_cegar_rounds=0 circuit_cegar_added_clauses=0 cop_cegar_failures=21 cop_cegar_rounds=42 cop_cegar_added_clauses=403306
c 00h00m03s | stage:sat:solve:start round=2 circuit_cegar_rounds=- cop_cegar_rounds=43 assumptions=0 phase_lits=444
c 00h00m04s | stage:sat:solve:done round=2 ms=1450 result=Unsat assumptions=0 phase_lits=444
c 00h00m04s | result:Unsat
s OPTIMUM FOUND
o 607
v <instantiation>
v   <list> x[0][0] x[0][1] x[0][2] x[0][3] x[0][4] x[0][5] x[0][6] x[0][7] x[1][0] x[1][1] x[1][2] x[1][3] x[1][4] x[1][5] x[1][6] x[1][7] x[2][0] x[2][1] x[2][2] x[2][3] x[2][4] x[2][5] x[2][6] x[2][7] x[3][0] x[3][1] x[3][2] x[3][3] x[3][4] x[3][5] x[3][6] x[3][7] x[4][0] x[4][1] x[4][2] x[4][3] x[4][4] x[4][5] x[4][6] x[4][7] x[5][0] x[5][1] x[5][2] x[5][3] x[5][4] x[5][5] x[5][6] x[5][7] x[6][0] x[6][1] x[6][2] x[6][3] x[6][4] x[6][5] x[6][6] x[6][7] x[7][0] x[7][1] x[7][2] x[7][3] x[7][4] x[7][5] x[7][6] x[7][7] x[8][0] x[8][1] x[8][2] x[8][3] x[8][4] x[8][5] x[8][6] x[8][7] x[9][0] x[9][1] x[9][2] x[9][3] x[9][4] x[9][5] x[9][6] x[9][7] x[10][0] x[10][1] x[10][2] x[10][3] x[10][4] x[10][5] x[10][6] x[10][7] x[11][0] x[11][1] x[11][2] x[11][3] x[11][4] x[11][5] x[11][6] x[11][7] x[12][0] x[12][1] x[12][2] x[12][3] x[12][4] x[12][5] x[12][6] x[12][7] x[13][0] x[13][1] x[13][2] x[13][3] x[13][4] x[13][5] x[13][6] x[13][7] ps[0][0] ps[0][1] ps[1][0] ps[1][1] ps[2][0] ps[2][1] ps[3][0] ps[3][1] ps[4][0] ps[4][1] ps[5][0] ps[5][1] ps[6][0] ps[6][1] ps[7][0] ps[7][1] ds[0][0] ds[0][1] ds[1][0] ds[1][1] ds[2][0] ds[2][1] ds[3][0] ds[3][1] ds[4][0] ds[4][1] ds[5][0] ds[5][1] ds[6][0] ds[6][1] ds[7][0] ds[7][1] ds[8][0] ds[8][1] ds[9][0] ds[9][1] ds[10][0] ds[10][1] ds[11][0] ds[11][1] ds[12][0] ds[12][1] ds[13][0] ds[13][1] wk[0][0] wk[0][1] wk[1][0] wk[1][1] wk[2][0] wk[2][1] wk[3][0] wk[3][1] wk[4][0] wk[4][1] wk[5][0] wk[5][1] wk[6][0] wk[6][1] wk[7][0] wk[7][1] cn[0] cn[1] cn[2] cn[3] cn[4] cn[5] cn[6] cn[7] cn[8] cn[9] cn[10] cn[11] cn[12] cn[13] cn[14] cn[15] cn[16] cn[17] cn[18] cn[19] cn[20] cf[0] cf[1] cf[2] cf[3] cf[4] cc[0][0] cc[0][1] cc[1][0] cc[1][1] cc[2][0] cc[2][1] cc[3][0] cc[3][1] cc[4][0] cc[4][1] cc[5][0] cc[5][1] cc[6][0] cc[6][1] cc[7][0] cc[7][1] cc[8][0] cc[8][1] cc[9][0] cc[9][1] cc[10][0] cc[10][1] cc[11][0] cc[11][1] cc[12][0] cc[12][1] cc[13][0] cc[13][1] </list>
v   <values> 1 0 0 0 1 0 1 0 0 0 0 0 0 0 1 0 0 0 0 1 0 0 0 1 0 0 1 1 0 0 0 1 0 0 1 1 0 0 0 1 1 1 0 0 1 1 1 1 1 1 0 0 1 1 1 1 0 1 0 0 0 0 0 1 0 0 1 0 0 0 0 0 0 0 1 0 1 1 1 0 1 1 0 1 1 1 1 0 1 1 0 1 0 0 0 0 0 0 1 1 0 0 0 0 0 0 1 1 0 1 0 1 9 5 9 5 8 6 7 7 9 5 9 5 8 6 7 7 5 3 7 1 6 2 5 3 5 3 2 6 2 6 6 2 7 1 4 4 2 6 5 3 6 2 4 4 0 1 0 1 1 0 1 0 0 1 0 1 0 1 0 1 0 0 0 0 0 0 0 0 0 0 1 1 0 0 0 0 0 0 0 0 1 0 0 3 0 0 0 0 0 0 0 0 1 0 0 0 300 0 300 0 0 0 0 0 0 0 0 0 0 0 0 0 0 0 </values>
v </instantiation>
d OBJECTIVE_VALUE 607
d OPTIMAL 1
d SOURCE_CONSTRAINTS 427
d NORMALIZED_CONSTRAINTS 427
d LOWERED_CONSTRAINTS 427
d UNSUPPORTED_CONSTRAINTS 0
d CIRCUIT_CEGAR_FAILURES 0
d CIRCUIT_CEGAR_ROUNDS 0
d CIRCUIT_CEGAR_ADDED_CLAUSES 0
d COP_CEGAR_FAILURES 21
d COP_CEGAR_ROUNDS 43
d COP_CEGAR_ADDED_CLAUSES 403306
d OBJECTIVE_ROUNDS 22
d OBJECTIVE_IMPROVEMENTS 20
d PROPAGATE_MS 1
d NORMALIZE_MS 0
d LOWER_MS 9
d POST_LOWER_MS 0
d PREENCODE_MS 0
d ENCODE_MS 16
d SAT_SOLVE_MS 3973
d TOTAL_MS 4483
d SAT_VARS 12965
d SAT_CLAUSES_BASE 31647
d SAT_CLAUSES_FINAL 50852
d SAT_CLAUSES_CEGAR_DELTA 19205
d LINEAR_INT_EQ_ARITY_STATS {"1":{"count":261,"max_domain_product_excluding_one_var":"1","p95_domain_product_excluding_one_var":"1"}}
d LINEAR_INT_NE_ARITY_STATS {"1":{"count":53,"max_domain_product_excluding_one_var":"1","p95_domain_product_excluding_one_var":"1"}}
d LINEAR_INT_GE_ARITY_STATS {"1":{"count":16,"max_domain_product_excluding_one_var":"1","p95_domain_product_excluding_one_var":"1"},"2":{"count":8,"max_domain_product_excluding_one_var":"2","p95_domain_product_excluding_one_var":"2"}}
d LINEAR_BOOL_MIXED_ARITY_STATS {"6":{"count":72,"max_domain_product_excluding_one_var":"32","p95_domain_product_excluding_one_var":"32"},"9":{"count":28,"max_domain_product_excluding_one_var":"256","p95_domain_product_excluding_one_var":"256"},"15":{"count":16,"max_domain_product_excluding_one_var":"16384","p95_domain_product_excluding_one_var":"16384"}}
d ROOT_LP_ENTERED 1
d ROOT_LP_STATUS optimal
d OBJECTIVE_NAIVE_LOWER 0
d OBJECTIVE_NAIVE_UPPER 7148
d OBJECTIVE_LP_LOWER 0
d OBJECTIVE_LP_UPPER 7148
d ROOT_LP_IMPROVED 0
d ROOT_LP_MS 147
d ROOT_LP_ROWS 2542
d ROOT_LP_VARS 3599
d ROOT_LP_STRUCTURED_OBJECTIVE_TERMS 0
d ROOT_LP_STRUCTURED_OBJECTIVE_AUX_VARS 0
d ROOT_LP_STRUCTURED_OBJECTIVE_ROWS 0
d ROOT_LP_NATIVE_GATE_GE_TOTAL 24
d ROOT_LP_NATIVE_GATE_EQ_TOTAL 261
d ROOT_LP_NATIVE_GATE_GE_MAX_ARITY 2
d ROOT_LP_NATIVE_GATE_GE_MAX_DOMAIN_PRODUCT 2
d ROOT_LP_NATIVE_GATE_BOOL_MIXED_MAX_ARITY 15
d ROOT_LP_OBJECTIVE_VALUE 0
d PROPAGATE_PRUNED_VALUES 54
d PROPAGATE_CHANGED_DOMAINS 46
d PROPAGATE_ENTAILED_TABLES 14
d POST_LOWER_ROUNDS 16
d POST_LOWER_TIGHTENED_DOMAINS 8
d POST_LOWER_REMOVED_CLAUSES 92
d POST_LOWER_REMOVED_LITS 72
d POST_LOWER_DETECTED_UNSAT 0
d PREENCODE_INT_VARS 994
d ENCODE_EXTERNAL_GE_SPECS 0
d ENCODE_RELAXED_CIRCUITS 0
d LOG_SCOP_LINEAR_PB_CONSTRAINTS 282
d LOG_SCOP_LINEAR_PB_MIXED_DISPATCH_CONSTRAINTS 0
d LOG_SCOP_LINEAR_PB_MIXED_ATTEMPT_BDD 0
d LOG_SCOP_LINEAR_PB_MIXED_ATTEMPT_SORTER 0
d LOG_SCOP_LINEAR_PB_MIXED_ATTEMPT_DADDA 0
d LOG_SCOP_LINEAR_PB_MIXED_REJECT_BDD_BUDGET 0
d LOG_SCOP_LINEAR_PB_MIXED_REJECT_SORTER_BUDGET 0
d LOG_SCOP_LINEAR_PB_MIXED_FALLBACK_BDD_TO_SORTER 0
d LOG_SCOP_LINEAR_PB_MIXED_FALLBACK_BDD_TO_DADDA 0
d LOG_SCOP_LINEAR_PB_MIXED_FALLBACK_SORTER_TO_BDD 0
d LOG_SCOP_LINEAR_PB_MIXED_FALLBACK_SORTER_TO_DADDA 0
d LOG_SCOP_LINEAR_PB_BACKEND_BDD2 0
d LOG_SCOP_LINEAR_PB_BACKEND_BDD3 282
d LOG_SCOP_LINEAR_PB_BACKEND_SORTER 0
d LOG_SCOP_LINEAR_PB_BACKEND_DADDA 0
d LOG_SCOP_LINEAR_PB_BDD_DECOMPOSITION_RAW 282
d LOG_SCOP_LINEAR_PB_BDD_DECOMPOSITION_BINARY 0
d LOG_SCOP_LINEAR_PB_BDD_DECOMPOSITION_MULTIBASE 0
d DECODE_INT_ASSIGNMENTS 226
d CSV /bench/competition/2022-2025/COP22to25/NurseRostering-01_c22.xml.lzma,optimum,427,427,427,0,12965,50852,4483,1,0,9,0,16,3973,1,optimal,0,7148,0,7148,0,147,2542,3599,0,0,0,0,,
