# WCTIME: wall clock time in seconds
WCTIME=13.216
# CPUTIME: CPU time in seconds (USERTIME+SYSTEMTIME)
CPUTIME=13.1495
# USERTIME: CPU time spent in user mode in seconds
USERTIME=13.1226
# SYSTEMTIME: CPU time spent in system mode in seconds
SYSTEMTIME=0.026921
# CPUUSAGE: CPUTIME/WCTIME in percent
CPUUSAGE=99.497
# MAXVM: maximum virtual memory used in KiB
MAXVM=222104
# MAXMM: maximum memory used in KiB
MAXMM=22956
# MAXRSS: maximum Resident Segment Size in KiB
MAXRSS=20624
# TIMEOUT: did the solver exceed the time limit?
TIMEOUT=false
# MEMOUT: did the solver exceed the memory limit?
MEMOUT=false
# EXITSTATUS: Exit status of the solver
EXITSTATUS=0
