# WCTIME: wall clock time in seconds
WCTIME=1803.48
# CPUTIME: CPU time in seconds (USERTIME+SYSTEMTIME)
CPUTIME=1468.23
# USERTIME: CPU time spent in user mode in seconds
USERTIME=1207.53
# SYSTEMTIME: CPU time spent in system mode in seconds
SYSTEMTIME=260.693
# CPUUSAGE: CPUTIME/WCTIME in percent
CPUUSAGE=81.4107
# MAXVM: maximum virtual memory used in KiB
MAXVM=87408708
# MAXMM: maximum memory used in KiB
MAXMM=83487352
# MAXRSS: maximum Resident Segment Size in KiB
MAXRSS=78301972
# TIMEOUT: did the solver exceed the time limit?
TIMEOUT=true
# MEMOUT: did the solver exceed the memory limit?
MEMOUT=false
# EXITSTATUS: Exit status of the solver
EXITSTATUS=36608
