# WCTIME: wall clock time in seconds
WCTIME=2.74363
# CPUTIME: CPU time in seconds (USERTIME+SYSTEMTIME)
CPUTIME=4.70499
# USERTIME: CPU time spent in user mode in seconds
USERTIME=4.54593
# SYSTEMTIME: CPU time spent in system mode in seconds
SYSTEMTIME=0.159059
# CPUUSAGE: CPUTIME/WCTIME in percent
CPUUSAGE=171.488
# MAXVM: maximum virtual memory used in KiB
MAXVM=1182168
# MAXMM: maximum memory used in KiB
MAXMM=112992
# MAXRSS: maximum Resident Segment Size in KiB
MAXRSS=114500
# TIMEOUT: did the solver exceed the time limit?
TIMEOUT=false
# MEMOUT: did the solver exceed the memory limit?
MEMOUT=false
# EXITSTATUS: Exit status of the solver
EXITSTATUS=0
