# WCTIME: wall clock time in seconds
WCTIME=1800.27
# CPUTIME: CPU time in seconds (USERTIME+SYSTEMTIME)
CPUTIME=1788.73
# USERTIME: CPU time spent in user mode in seconds
USERTIME=1788.38
# SYSTEMTIME: CPU time spent in system mode in seconds
SYSTEMTIME=0.355806
# CPUUSAGE: CPUTIME/WCTIME in percent
CPUUSAGE=99.3595
# MAXVM: maximum virtual memory used in KiB
MAXVM=398168
# MAXMM: maximum memory used in KiB
MAXMM=207468
# MAXRSS: maximum Resident Segment Size in KiB
MAXRSS=207756
# TIMEOUT: did the solver exceed the time limit?
TIMEOUT=true
# MEMOUT: did the solver exceed the memory limit?
MEMOUT=false
# EXITSTATUS: Exit status of the solver
EXITSTATUS=36608
