# WCTIME: wall clock time in seconds
WCTIME=1.6129
# CPUTIME: CPU time in seconds (USERTIME+SYSTEMTIME)
CPUTIME=1.56503
# USERTIME: CPU time spent in user mode in seconds
USERTIME=1.53823
# SYSTEMTIME: CPU time spent in system mode in seconds
SYSTEMTIME=0.026804
# CPUUSAGE: CPUTIME/WCTIME in percent
CPUUSAGE=97.0321
# MAXVM: maximum virtual memory used in KiB
MAXVM=248704
# MAXMM: maximum memory used in KiB
MAXMM=23516
# MAXRSS: maximum Resident Segment Size in KiB
MAXRSS=20812
# TIMEOUT: did the solver exceed the time limit?
TIMEOUT=false
# MEMOUT: did the solver exceed the memory limit?
MEMOUT=false
# EXITSTATUS: Exit status of the solver
EXITSTATUS=0
