# WCTIME: wall clock time in seconds
WCTIME=1800.16
# CPUTIME: CPU time in seconds (USERTIME+SYSTEMTIME)
CPUTIME=1790.47
# USERTIME: CPU time spent in user mode in seconds
USERTIME=1787.02
# SYSTEMTIME: CPU time spent in system mode in seconds
SYSTEMTIME=3.45082
# CPUUSAGE: CPUTIME/WCTIME in percent
CPUUSAGE=99.4616
# MAXVM: maximum virtual memory used in KiB
MAXVM=1138580
# MAXMM: maximum memory used in KiB
MAXMM=929084
# MAXRSS: maximum Resident Segment Size in KiB
MAXRSS=926040
# TIMEOUT: did the solver exceed the time limit?
TIMEOUT=true
# MEMOUT: did the solver exceed the memory limit?
MEMOUT=false
# EXITSTATUS: Exit status of the solver
EXITSTATUS=36608
