# WCTIME: wall clock time in seconds
WCTIME=1800.83
# CPUTIME: CPU time in seconds (USERTIME+SYSTEMTIME)
CPUTIME=1794.34
# USERTIME: CPU time spent in user mode in seconds
USERTIME=1670.93
# SYSTEMTIME: CPU time spent in system mode in seconds
SYSTEMTIME=123.404
# CPUUSAGE: CPUTIME/WCTIME in percent
CPUUSAGE=99.6396
# MAXVM: maximum virtual memory used in KiB
MAXVM=66637860
# MAXMM: maximum memory used in KiB
MAXMM=56745368
# MAXRSS: maximum Resident Segment Size in KiB
MAXRSS=57010536
# TIMEOUT: did the solver exceed the time limit?
TIMEOUT=true
# MEMOUT: did the solver exceed the memory limit?
MEMOUT=false
# EXITSTATUS: Exit status of the solver
EXITSTATUS=36608
