# WCTIME: wall clock time in seconds
WCTIME=1800.22
# CPUTIME: CPU time in seconds (USERTIME+SYSTEMTIME)
CPUTIME=1792.81
# USERTIME: CPU time spent in user mode in seconds
USERTIME=1789.19
# SYSTEMTIME: CPU time spent in system mode in seconds
SYSTEMTIME=3.62762
# CPUUSAGE: CPUTIME/WCTIME in percent
CPUUSAGE=99.5883
# MAXVM: maximum virtual memory used in KiB
MAXVM=2669412
# MAXMM: maximum memory used in KiB
MAXMM=2182884
# MAXRSS: maximum Resident Segment Size in KiB
MAXRSS=2179748
# TIMEOUT: did the solver exceed the time limit?
TIMEOUT=true
# MEMOUT: did the solver exceed the memory limit?
MEMOUT=false
# EXITSTATUS: Exit status of the solver
EXITSTATUS=36608
