# WCTIME: wall clock time in seconds
WCTIME=1800.2
# CPUTIME: CPU time in seconds (USERTIME+SYSTEMTIME)
CPUTIME=1791.42
# USERTIME: CPU time spent in user mode in seconds
USERTIME=1778.44
# SYSTEMTIME: CPU time spent in system mode in seconds
SYSTEMTIME=12.9811
# CPUUSAGE: CPUTIME/WCTIME in percent
CPUUSAGE=99.5124
# MAXVM: maximum virtual memory used in KiB
MAXVM=3215004
# MAXMM: maximum memory used in KiB
MAXMM=2863828
# MAXRSS: maximum Resident Segment Size in KiB
MAXRSS=2885020
# TIMEOUT: did the solver exceed the time limit?
TIMEOUT=true
# MEMOUT: did the solver exceed the memory limit?
MEMOUT=false
# EXITSTATUS: Exit status of the solver
EXITSTATUS=36608
