# WCTIME: wall clock time in seconds
WCTIME=124.639
# CPUTIME: CPU time in seconds (USERTIME+SYSTEMTIME)
CPUTIME=123.994
# USERTIME: CPU time spent in user mode in seconds
USERTIME=122.021
# SYSTEMTIME: CPU time spent in system mode in seconds
SYSTEMTIME=1.97376
# CPUUSAGE: CPUTIME/WCTIME in percent
CPUUSAGE=99.4824
# MAXVM: maximum virtual memory used in KiB
MAXVM=3289752
# MAXMM: maximum memory used in KiB
MAXMM=2918148
# MAXRSS: maximum Resident Segment Size in KiB
MAXRSS=2915196
# TIMEOUT: did the solver exceed the time limit?
TIMEOUT=false
# MEMOUT: did the solver exceed the memory limit?
MEMOUT=false
# EXITSTATUS: Exit status of the solver
EXITSTATUS=0
