# WCTIME: wall clock time in seconds
WCTIME=1800.27
# CPUTIME: CPU time in seconds (USERTIME+SYSTEMTIME)
CPUTIME=1789.48
# USERTIME: CPU time spent in user mode in seconds
USERTIME=1742.03
# SYSTEMTIME: CPU time spent in system mode in seconds
SYSTEMTIME=47.4477
# CPUUSAGE: CPUTIME/WCTIME in percent
CPUUSAGE=99.4009
# MAXVM: maximum virtual memory used in KiB
MAXVM=7051080
# MAXMM: maximum memory used in KiB
MAXMM=5964888
# MAXRSS: maximum Resident Segment Size in KiB
MAXRSS=5989464
# TIMEOUT: did the solver exceed the time limit?
TIMEOUT=true
# MEMOUT: did the solver exceed the memory limit?
MEMOUT=false
# EXITSTATUS: Exit status of the solver
EXITSTATUS=36608
