# WCTIME: wall clock time in seconds
WCTIME=306.603
# CPUTIME: CPU time in seconds (USERTIME+SYSTEMTIME)
CPUTIME=304.424
# USERTIME: CPU time spent in user mode in seconds
USERTIME=303.47
# SYSTEMTIME: CPU time spent in system mode in seconds
SYSTEMTIME=0.953723
# CPUUSAGE: CPUTIME/WCTIME in percent
CPUUSAGE=99.2892
# MAXVM: maximum virtual memory used in KiB
MAXVM=329868
# MAXMM: maximum memory used in KiB
MAXMM=136688
# MAXRSS: maximum Resident Segment Size in KiB
MAXRSS=133620
# TIMEOUT: did the solver exceed the time limit?
TIMEOUT=false
# MEMOUT: did the solver exceed the memory limit?
MEMOUT=false
# EXITSTATUS: Exit status of the solver
EXITSTATUS=0
