# WCTIME: wall clock time in seconds
WCTIME=1800.15
# CPUTIME: CPU time in seconds (USERTIME+SYSTEMTIME)
CPUTIME=1789.46
# USERTIME: CPU time spent in user mode in seconds
USERTIME=1783.63
# SYSTEMTIME: CPU time spent in system mode in seconds
SYSTEMTIME=5.82358
# CPUUSAGE: CPUTIME/WCTIME in percent
CPUUSAGE=99.4063
# MAXVM: maximum virtual memory used in KiB
MAXVM=1228800
# MAXMM: maximum memory used in KiB
MAXMM=1009624
# MAXRSS: maximum Resident Segment Size in KiB
MAXRSS=1006524
# TIMEOUT: did the solver exceed the time limit?
TIMEOUT=true
# MEMOUT: did the solver exceed the memory limit?
MEMOUT=false
# EXITSTATUS: Exit status of the solver
EXITSTATUS=36608
