# WCTIME: wall clock time in seconds
WCTIME=1800.08
# CPUTIME: CPU time in seconds (USERTIME+SYSTEMTIME)
CPUTIME=1790.35
# USERTIME: CPU time spent in user mode in seconds
USERTIME=1755.02
# SYSTEMTIME: CPU time spent in system mode in seconds
SYSTEMTIME=35.3283
# CPUUSAGE: CPUTIME/WCTIME in percent
CPUUSAGE=99.4594
# MAXVM: maximum virtual memory used in KiB
MAXVM=4361044
# MAXMM: maximum memory used in KiB
MAXMM=4091272
# MAXRSS: maximum Resident Segment Size in KiB
MAXRSS=4088324
# TIMEOUT: did the solver exceed the time limit?
TIMEOUT=true
# MEMOUT: did the solver exceed the memory limit?
MEMOUT=false
# EXITSTATUS: Exit status of the solver
EXITSTATUS=36608
