# WCTIME: wall clock time in seconds
WCTIME=87.8973
# CPUTIME: CPU time in seconds (USERTIME+SYSTEMTIME)
CPUTIME=87.4821
# USERTIME: CPU time spent in user mode in seconds
USERTIME=87.3662
# SYSTEMTIME: CPU time spent in system mode in seconds
SYSTEMTIME=0.11591
# CPUUSAGE: CPUTIME/WCTIME in percent
CPUUSAGE=99.5276
# MAXVM: maximum virtual memory used in KiB
MAXVM=229628
# MAXMM: maximum memory used in KiB
MAXMM=55368
# MAXRSS: maximum Resident Segment Size in KiB
MAXRSS=52352
# TIMEOUT: did the solver exceed the time limit?
TIMEOUT=false
# MEMOUT: did the solver exceed the memory limit?
MEMOUT=false
# EXITSTATUS: Exit status of the solver
EXITSTATUS=0
