# WCTIME: wall clock time in seconds
WCTIME=1800.14
# CPUTIME: CPU time in seconds (USERTIME+SYSTEMTIME)
CPUTIME=1790.9
# USERTIME: CPU time spent in user mode in seconds
USERTIME=1787.52
# SYSTEMTIME: CPU time spent in system mode in seconds
SYSTEMTIME=3.3856
# CPUUSAGE: CPUTIME/WCTIME in percent
CPUUSAGE=99.4867
# MAXVM: maximum virtual memory used in KiB
MAXVM=772372
# MAXMM: maximum memory used in KiB
MAXMM=617628
# MAXRSS: maximum Resident Segment Size in KiB
MAXRSS=614592
# TIMEOUT: did the solver exceed the time limit?
TIMEOUT=true
# MEMOUT: did the solver exceed the memory limit?
MEMOUT=false
# EXITSTATUS: Exit status of the solver
EXITSTATUS=36608
