# WCTIME: wall clock time in seconds
WCTIME=287.926
# CPUTIME: CPU time in seconds (USERTIME+SYSTEMTIME)
CPUTIME=286.548
# USERTIME: CPU time spent in user mode in seconds
USERTIME=286.162
# SYSTEMTIME: CPU time spent in system mode in seconds
SYSTEMTIME=0.385523
# CPUUSAGE: CPUTIME/WCTIME in percent
CPUUSAGE=99.5213
# MAXVM: maximum virtual memory used in KiB
MAXVM=216412
# MAXMM: maximum memory used in KiB
MAXMM=42224
# MAXRSS: maximum Resident Segment Size in KiB
MAXRSS=41868
# TIMEOUT: did the solver exceed the time limit?
TIMEOUT=false
# MEMOUT: did the solver exceed the memory limit?
MEMOUT=false
# EXITSTATUS: Exit status of the solver
EXITSTATUS=0
