MiniZinc to FlatZinc converter, version 2.9.3, build 1832600886
Copyright (C) 2014-2025 Monash University, NICTA, Data61
Parsing file(s) /bench/2012/parity-learning/parity-learning.mzn', '/bench/2012/parity-learning/44_22_5.2.dzn' ...
processing file '/usr/local/share/minizinc/std/stdlib.mzn'
processing file '/usr/local/share/minizinc/std/stdlib/stdlib_internal.mzn'
processing file '/usr/local/share/minizinc/std/output.mzn'
processing file '/usr/local/share/minizinc/std/output/array2d_bool.mzn'
processing file '/usr/local/share/minizinc/std/output/gantt.mzn'
processing file '/usr/local/share/minizinc/std/stdlib/stdlib_random.mzn'
processing file '/usr/local/share/minizinc/std/stdlib/stdlib_debug.mzn'
processing file '/usr/local/share/minizinc/std/stdlib/stdlib_reflect.mzn'
processing file '/usr/local/share/minizinc/std/stdlib/stdlib_ite.mzn'
processing file '/usr/local/share/minizinc/std/stdlib/stdlib_language.mzn'
processing file '/usr/local/share/minizinc/std/stdlib/stdlib_sort.mzn'
processing file '/usr/local/share/minizinc/std/stdlib/stdlib_opt.mzn'
processing file '/usr/local/share/minizinc/std/stdlib/stdlib_ann.mzn'
processing file '/usr/local/share/minizinc/std/stdlib/stdlib_enum.mzn'
processing file '/usr/local/share/minizinc/std/stdlib/stdlib_string.mzn'
processing file '/usr/local/share/minizinc/std/stdlib/stdlib_set.mzn'
processing file '/usr/local/share/minizinc/std/stdlib/stdlib_logic.mzn'
processing file '/usr/local/share/minizinc/std/stdlib/stdlib_array.mzn'
processing file '/usr/local/share/minizinc/std/stdlib/stdlib_coercion.mzn'
processing file '/usr/local/share/minizinc/std/stdlib/stdlib_math.mzn'
processing file '/usr/local/share/minizinc/std/stdlib/stdlib_compare.mzn'
processing file '/usr/local/share/minizinc/std/flatzinc_builtins.mzn'
processing file '/usr/local/share/minizinc/std/solver_redefinitions.mzn'
processing file '/usr/local/share/minizinc/std/table.mzn'
processing file '/usr/local/share/minizinc/std/fzn_table_int_opt.mzn'
processing file '/usr/local/share/minizinc/std/fzn_table_int_reif.mzn'
processing file '/entry_data/mzn-lib/fzn_table_int.mzn'
processing file '/usr/local/share/minizinc/std/fzn_table_bool_reif.mzn'
processing file '/entry_data/mzn-lib/fzn_table_bool.mzn'
processing file '/usr/local/share/minizinc/std/fzn_array_set_intersect.mzn'
processing file '/usr/local/share/minizinc/std/fzn_array_set_union.mzn'
processing file '/usr/local/share/minizinc/std/fzn_array_opt_int_union.mzn'
processing file '/usr/local/share/minizinc/std/fzn_array_int_union.mzn'
processing file '/usr/local/share/minizinc/std/lex_lesseq.mzn'
processing file '/usr/local/share/minizinc/std/fzn_lex_lesseq_set_reif.mzn'
processing file '/usr/local/share/minizinc/std/fzn_lex_lesseq_set.mzn'
processing file '/usr/local/share/minizinc/std/fzn_lex_lesseq_int_reif.mzn'
processing file '/entry_data/mzn-lib/fzn_lex_lesseq_int.mzn'
processing file '/usr/local/share/minizinc/std/fzn_lex_lesseq_float_reif.mzn'
processing file '/usr/local/share/minizinc/std/fzn_lex_lesseq_float.mzn'
processing file '/usr/local/share/minizinc/std/fzn_lex_lesseq_bool_reif.mzn'
processing file '/entry_data/mzn-lib/fzn_lex_lesseq_bool.mzn'
processing file '/usr/local/share/minizinc/std/lex_less.mzn'
processing file '/usr/local/share/minizinc/std/fzn_lex_less_set_reif.mzn'
processing file '/usr/local/share/minizinc/std/fzn_lex_less_set.mzn'
processing file '/usr/local/share/minizinc/std/fzn_lex_less_int_reif.mzn'
processing file '/entry_data/mzn-lib/fzn_lex_less_int.mzn'
processing file '/usr/local/share/minizinc/std/fzn_lex_less_float_reif.mzn'
processing file '/usr/local/share/minizinc/std/fzn_lex_less_float.mzn'
processing file '/usr/local/share/minizinc/std/fzn_lex_less_bool_reif.mzn'
processing file '/entry_data/mzn-lib/fzn_lex_less_bool.mzn'
processing file '/usr/local/share/minizinc/std/fzn_if_then_else_partiality.mzn'
processing file '/usr/local/share/minizinc/std/fzn_if_then_else_var_set.mzn'
processing file '/usr/local/share/minizinc/std/fzn_if_then_else_set.mzn'
processing file '/usr/local/share/minizinc/std/fzn_if_then_else_var_opt_float.mzn'
processing file '/usr/local/share/minizinc/std/fzn_if_then_else_var_float.mzn'
processing file '/usr/local/share/minizinc/std/fzn_if_then_else_opt_float.mzn'
processing file '/usr/local/share/minizinc/std/fzn_if_then_else_float.mzn'
processing file '/usr/local/share/minizinc/std/fzn_if_then_else_var_opt_bool.mzn'
processing file '/usr/local/share/minizinc/std/fzn_if_then_else_var_bool.mzn'
processing file '/usr/local/share/minizinc/std/fzn_if_then_else_opt_bool.mzn'
processing file '/usr/local/share/minizinc/std/fzn_if_then_else_bool.mzn'
processing file '/usr/local/share/minizinc/std/fzn_if_then_else_var_opt_int.mzn'
processing file '/usr/local/share/minizinc/std/fzn_if_then_else_var_int.mzn'
processing file '/usr/local/share/minizinc/std/fzn_if_then_else_opt_int.mzn'
processing file '/usr/local/share/minizinc/std/fzn_if_then_else_int.mzn'
processing file '/usr/local/share/minizinc/std/count_fn.mzn'
processing file '/usr/local/share/minizinc/std/count_lt.mzn'
processing file '/usr/local/share/minizinc/std/fzn_count_lt_par_reif.mzn'
processing file '/usr/local/share/minizinc/std/fzn_count_lt_reif.mzn'
processing file '/usr/local/share/minizinc/std/fzn_count_lt_par.mzn'
processing file '/usr/local/share/minizinc/std/fzn_count_lt.mzn'
processing file '/usr/local/share/minizinc/std/count_gt.mzn'
processing file '/usr/local/share/minizinc/std/fzn_count_gt_reif.mzn'
processing file '/usr/local/share/minizinc/std/fzn_count_gt_par_reif.mzn'
processing file '/usr/local/share/minizinc/std/fzn_count_gt.mzn'
processing file '/usr/local/share/minizinc/std/fzn_count_gt_par.mzn'
processing file '/usr/local/share/minizinc/std/count_neq.mzn'
processing file '/usr/local/share/minizinc/std/fzn_count_neq_reif.mzn'
processing file '/usr/local/share/minizinc/std/fzn_count_neq_par_reif.mzn'
processing file '/usr/local/share/minizinc/std/fzn_count_neq.mzn'
processing file '/usr/local/share/minizinc/std/fzn_count_neq_par.mzn'
processing file '/usr/local/share/minizinc/std/count_leq.mzn'
processing file '/usr/local/share/minizinc/std/fzn_count_leq_reif.mzn'
processing file '/usr/local/share/minizinc/std/fzn_count_leq_par_reif.mzn'
processing file '/usr/local/share/minizinc/std/fzn_count_leq.mzn'
processing file '/usr/local/share/minizinc/std/fzn_count_leq_par.mzn'
processing file '/usr/local/share/minizinc/std/count_geq.mzn'
processing file '/usr/local/share/minizinc/std/fzn_count_geq_reif.mzn'
processing file '/usr/local/share/minizinc/std/fzn_count_geq_par_reif.mzn'
processing file '/usr/local/share/minizinc/std/fzn_count_geq.mzn'
processing file '/usr/local/share/minizinc/std/fzn_count_geq_par.mzn'
processing file '/usr/local/share/minizinc/std/count_eq.mzn'
processing file '/usr/local/share/minizinc/std/fzn_count_eq_par_reif.mzn'
processing file '/usr/local/share/minizinc/std/fzn_count_eq_reif.mzn'
processing file '/usr/local/share/minizinc/std/fzn_count_eq_par.mzn'
processing file '/entry_data/mzn-lib/fzn_count_eq.mzn'
processing file '/usr/local/share/minizinc/std/redefinitions-2.7.1.mzn'
processing file '/usr/local/share/minizinc/std/redefinitions-2.5.2.mzn'
processing file '/usr/local/share/minizinc/std/redefinitions-2.3.3.mzn'
processing file '/usr/local/share/minizinc/std/redefinitions-2.2.1.mzn'
processing file '/usr/local/share/minizinc/std/redefinitions-2.1.1.mzn'
processing file '/usr/local/share/minizinc/std/redefinitions-2.1.mzn'
processing file '/entry_data/mzn-lib/redefinitions-2.0.2.mzn'
processing file '/entry_data/mzn-lib/redefinitions-2.0.mzn'
processing file '/usr/local/share/minizinc/std/redefinitions.mzn'
processing file '/bench/2012/parity-learning/parity-learning.mzn'
processing data file '/bench/2012/parity-learning/44_22_5.2.dzn'
 done parsing (0.10 s)
Flattening ...
	CompilePass: Flatten with '/entry_data/mzn-lib' library ...
MIP domains ...
 done (0.08 s)
Optimizing ... done (0.08 s)
Converting to old FlatZinc ... done (0.08 s)
 done (0.08 s)
 done (0.19 s), max stack depth 12
Maximum memory 4 Mbytes.
      % SOLVING PHASE
FZN solver plugin, compiled  May 23 2025  06:18:37
Using FZN solver /entry_data/fzn-exec for solving, parameters: -p 14 -v 
%% File /tmp/mznfilefZcwUj.fzn parsed in 15 ms
%% Model mznfilefZcwUj
%%   - boolean variables:131
%%   - integer variables:508
%%   - array_bool_xor: 44
%%   - bool2int: 44
%%   - bool_not: 44
%%   - bool_xor: 21
%%   - int_lin_eq: 1
%%   - Minimization problem
%%   - #var_op_value_reif cached: 0
%%   - #var_op_var_reif cached: 0
%%   - #var_op_var_imp cached: 0
%%   - #full domain encodings: 0
%% Starting CP-SAT solver v9.15.9999
%% Parameters: log_search_progress: true log_to_stdout: false max_domain_size_when_encoding_eq_neq_constraints: 32 num_workers: 14
%% Initial optimization model 'mznfilefZcwUj': (model_fingerprint: 0x74788d3aa4b58ec9)
%% Search strategy: on 22 variables, CHOOSE_FIRST, SELECT_MAX_VALUE
%% #Variables: 640 (#ints: 1 in objective) (551 primary variables)
%%   - 175 Booleans in [0,1]
%%   - 1 in [0,5]
%%   - 464 constants in {0,1} 
%% #kBoolXor: 44
%% #kLinear2: 130 (#enforced: 42)
%% #kLinearN: 1 (#terms: 45)
%% Starting presolve at 0.01s
%%   1.35e-04s  0.00e+00d  [DetectDominanceRelations] 
%%   6.91e-03s  0.00e+00d  [PresolveToFixPoint] #num_loops=3 #num_dual_strengthening=2 
%%   1.48e-06s  0.00e+00d  [ExtractEncodingFromLinear] 
%%   6.89e-06s  0.00e+00d  [DetectDuplicateColumns] 
%%   2.50e-05s  0.00e+00d  [DetectDuplicateConstraints] 
%% [Symmetry] Graph for symmetry has 728 nodes and 593 arcs.
%% [Symmetry] Symmetry computation done. time: 0.00169493 dtime: 8.233e-05
%%   2.57e-05s  0.00e+00d  [DetectDuplicateConstraintsWithDifferentEnforcements] 
%%   7.01e-03s  8.25e-05d  [Probe] #probed=350 
%%   4.80e-06s  0.00e+00d  [MaxClique] 
%%   8.98e-05s  0.00e+00d  [DetectDominanceRelations] 
%%   1.72e-04s  0.00e+00d  [PresolveToFixPoint] #num_loops=1 #num_dual_strengthening=1 
%%   1.18e-06s  0.00e+00d  [ProcessAtMostOneAndLinear] 
%%   2.07e-05s  0.00e+00d  [DetectDuplicateConstraints] 
%%   1.87e-05s  0.00e+00d  [DetectDuplicateConstraintsWithDifferentEnforcements] 
%%   1.22e-06s  0.00e+00d  [DetectDominatedLinearConstraints] 
%%   7.61e-07s  0.00e+00d  [DetectDifferentVariables] 
%%   1.31e-06s  0.00e+00d  [ProcessSetPPC] 
%%   7.30e-05s  0.00e+00d  [TransformClausesToExactlyOne] 
%%   3.45e-06s  0.00e+00d  [DetectEncodedComplexDomains] 
%%   4.10e-06s  0.00e+00d  [FindAlmostIdenticalLinearConstraints] 
%%   1.92e-06s  0.00e+00d  [FindBigAtMostOneAndLinearOverlap] 
%%   1.12e-05s  2.96e-06d  [FindBigVerticalLinearOverlap] 
%%   1.33e-06s  0.00e+00d  [FindBigHorizontalLinearOverlap] 
%%   1.42e-06s  0.00e+00d  [MergeClauses] 
%%   8.98e-05s  0.00e+00d  [DetectDominanceRelations] 
%%   1.56e-04s  0.00e+00d  [PresolveToFixPoint] #num_loops=1 #num_dual_strengthening=1 
%%   7.96e-05s  0.00e+00d  [DetectDominanceRelations] 
%%   1.41e-04s  0.00e+00d  [PresolveToFixPoint] #num_loops=1 #num_dual_strengthening=1 
%%   5.14e-06s  0.00e+00d  [DetectDuplicateColumns] 
%%   1.90e-05s  0.00e+00d  [DetectDuplicateConstraints] 
%% [Symmetry] Graph for symmetry has 728 nodes and 593 arcs.
%% [Symmetry] Symmetry computation done. time: 8.5805e-05 dtime: 8.233e-05
%%   2.05e-05s  0.00e+00d  [DetectDuplicateConstraintsWithDifferentEnforcements] 
%%   6.61e-04s  8.25e-05d  [Probe] #probed=350 
%%   1.37e-06s  0.00e+00d  [MaxClique] 
%%   8.55e-05s  0.00e+00d  [DetectDominanceRelations] 
%%   1.54e-04s  0.00e+00d  [PresolveToFixPoint] #num_loops=1 #num_dual_strengthening=1 
%%   8.35e-07s  0.00e+00d  [ProcessAtMostOneAndLinear] 
%%   2.00e-05s  0.00e+00d  [DetectDuplicateConstraints] 
%%   1.87e-05s  0.00e+00d  [DetectDuplicateConstraintsWithDifferentEnforcements] 
%%   1.04e-06s  0.00e+00d  [DetectDominatedLinearConstraints] 
%%   6.09e-07s  0.00e+00d  [DetectDifferentVariables] 
%%   1.22e-06s  0.00e+00d  [ProcessSetPPC] 
%%   7.04e-05s  0.00e+00d  [TransformClausesToExactlyOne] 
%%   6.52e-07s  0.00e+00d  [DetectEncodedComplexDomains] 
%%   4.08e-06s  0.00e+00d  [FindAlmostIdenticalLinearConstraints] 
%%   2.87e-06s  0.00e+00d  [FindBigAtMostOneAndLinearOverlap] 
%%   1.04e-05s  2.96e-06d  [FindBigVerticalLinearOverlap] 
%%   1.10e-06s  0.00e+00d  [FindBigHorizontalLinearOverlap] 
%%   1.13e-06s  0.00e+00d  [MergeClauses] 
%%   8.13e-05s  0.00e+00d  [DetectDominanceRelations] 
%%   1.44e-04s  0.00e+00d  [PresolveToFixPoint] #num_loops=1 #num_dual_strengthening=1 
%%   8.46e-07s  0.00e+00d  [MergeNoOverlap] 
%%   8.87e-07s  0.00e+00d  [MergeNoOverlap2D] 
%%   2.25e-05s  0.00e+00d  [ExpandObjective] 
%% Presolve summary:
%%   - 109 affine relations were detected.
%%   - rule 'TODO bool_xor: remove constraint' was applied 463 times.
%%   - rule 'TODO dual: only one blocking constraint?' was applied 287 times.
%%   - rule 'affine: new relation' was applied 109 times.
%%   - rule 'bool_and: x => x' was applied 42 times.
%%   - rule 'bool_xor: remove false literal' was applied 463 times.
%%   - rule 'deductions: 42 stored' was applied 1 time.
%%   - rule 'dual: enforced equivalence' was applied 21 times.
%%   - rule 'linear: remapped using affine relations' was applied 1 time.
%%   - rule 'linear: singleton column define objective' was applied 1 time.
%%   - rule 'presolve: 464 unused variables removed.' was applied 1 time.
%%   - rule 'presolve: iteration' was applied 2 times.
%% Presolved optimization model 'mznfilefZcwUj': (model_fingerprint: 0xe8bf606df496848f)
%% Search strategy: on 22 variables, CHOOSE_FIRST, SELECT_MAX_VALUE
%% #Variables: 66 (#bools: 44 in objective) (66 primary variables)
%%   - 66 Booleans in [0,1]
%% #kBoolXor: 44
%% [Symmetry] Graph for symmetry has 154 nodes and 593 arcs.
%% [Symmetry] Symmetry computation done. time: 5.7938e-05 dtime: 4.789e-05
%% Preloading model.
%% #Bound   0.05s best:inf   next:[0,5]      initial_domain
%% #Model   0.06s var:66/66 constraints:44/44
%% Starting search at 0.06s with 14 workers.
%% 10 full problem subsolvers: [core, default_lp, fixed, lb_tree_search, max_lp, no_lp, pseudo_costs, quick_restart, quick_restart_no_lp, reduced_costs]
%% 4 first solution subsolvers: [fj(2), fs_random, fs_random_no_lp]
%% 10 interleaved subsolvers: [feasibility_pump, graph_arc_lns, graph_cst_lns, graph_dec_lns, graph_var_lns, ls, ls_lin, rins/rens, rnd_cst_lns, rnd_var_lns]
%% 3 helper subsolvers: [neighborhood_helper, synchronization_agent, update_gap_integral]
%% #Bound   0.17s best:inf   next:[1,5]      lb_tree_search (nodes=19/19 rc=0 decisions=4161 @root=4 restarts=1 lp_iters=[0, 0, 0, 0]) 
%% #Bound   0.76s best:inf   next:[2,5]      lb_tree_search (nodes=2527/2578 rc=0 decisions=41439 @root=25 restarts=10 lp_iters=[0, 0, 0, 0]) 
%% #1       1.42s best:2     next:[]         lb_tree_search
%% #Done    1.42s quick_restart_no_lp
%% Task timing                      n [     min,      max]      avg      dev     time         n [     min,      max]      avg      dev    dtime
%%                  'core':         1 [   1.37s,    1.37s]    1.37s   0.00ns    1.37s         2 [ 22.05us,    2.17s]    1.09s    1.09s    2.17s
%%            'default_lp':         1 [   1.37s,    1.37s]    1.37s   0.00ns    1.37s         2 [ 22.14us,    1.04s] 517.57ms 517.55ms    1.04s
%%      'feasibility_pump':         1 [240.61us, 240.61us] 240.61us   0.00ns 240.61us         0 [  0.00ns,   0.00ns]   0.00ns   0.00ns   0.00ns
%%                 'fixed':         1 [   1.37s,    1.37s]    1.37s   0.00ns    1.37s         2 [ 22.14us,    1.07s] 537.26ms 537.24ms    1.07s
%%                    'fj':        36 [ 12.09ms, 135.09ms]  38.57ms  46.87ms    1.39s        36 [100.00ms, 100.07ms] 100.02ms  17.56us    3.60s
%%                    'fj':        63 [ 11.52ms, 133.91ms]  21.35ms  25.22ms    1.34s        63 [ 49.36ms, 100.13ms]  99.22ms   6.33ms    6.25s
%%             'fs_random':         1 [   1.36s,    1.36s]    1.36s   0.00ns    1.36s         2 [ 22.14us,    1.49s] 743.21ms 743.19ms    1.49s
%%       'fs_random_no_lp':         1 [   1.36s,    1.36s]    1.36s   0.00ns    1.36s         2 [ 22.14us,    1.80s] 898.65ms 898.63ms    1.80s
%%         'graph_arc_lns':         0 [  0.00ns,   0.00ns]   0.00ns   0.00ns   0.00ns         0 [  0.00ns,   0.00ns]   0.00ns   0.00ns   0.00ns
%%         'graph_cst_lns':         0 [  0.00ns,   0.00ns]   0.00ns   0.00ns   0.00ns         0 [  0.00ns,   0.00ns]   0.00ns   0.00ns   0.00ns
%%         'graph_dec_lns':         0 [  0.00ns,   0.00ns]   0.00ns   0.00ns   0.00ns         0 [  0.00ns,   0.00ns]   0.00ns   0.00ns   0.00ns
%%         'graph_var_lns':         0 [  0.00ns,   0.00ns]   0.00ns   0.00ns   0.00ns         0 [  0.00ns,   0.00ns]   0.00ns   0.00ns   0.00ns
%%        'lb_tree_search':         1 [   1.36s,    1.36s]    1.36s   0.00ns    1.36s         2 [ 22.14us,    1.34s] 668.41ms 668.39ms    1.34s
%%                    'ls':         0 [  0.00ns,   0.00ns]   0.00ns   0.00ns   0.00ns         0 [  0.00ns,   0.00ns]   0.00ns   0.00ns   0.00ns
%%                'ls_lin':         0 [  0.00ns,   0.00ns]   0.00ns   0.00ns   0.00ns         0 [  0.00ns,   0.00ns]   0.00ns   0.00ns   0.00ns
%%                'max_lp':         1 [   1.37s,    1.37s]    1.37s   0.00ns    1.37s         2 [ 22.14us,    1.02s] 510.11ms 510.09ms    1.02s
%%                 'no_lp':         1 [   1.37s,    1.37s]    1.37s   0.00ns    1.37s         2 [ 22.14us,    1.03s] 516.53ms 516.51ms    1.03s
%%          'pseudo_costs':         1 [   1.37s,    1.37s]    1.37s   0.00ns    1.37s         2 [ 22.14us, 913.47ms] 456.75ms 456.72ms 913.49ms
%%         'quick_restart':         1 [   1.37s,    1.37s]    1.37s   0.00ns    1.37s         2 [ 22.14us,    1.50s] 750.58ms 750.56ms    1.50s
%%   'quick_restart_no_lp':         1 [   1.37s,    1.37s]    1.37s   0.00ns    1.37s         2 [ 22.14us,    1.52s] 759.63ms 759.61ms    1.52s
%%         'reduced_costs':         1 [   1.37s,    1.37s]    1.37s   0.00ns    1.37s         2 [ 22.14us, 856.19ms] 428.10ms 428.08ms 856.21ms
%%             'rins/rens':        63 [ 32.53us,  85.68us]  41.67us   7.86us   2.63ms         0 [  0.00ns,   0.00ns]   0.00ns   0.00ns   0.00ns
%%           'rnd_cst_lns':         0 [  0.00ns,   0.00ns]   0.00ns   0.00ns   0.00ns         0 [  0.00ns,   0.00ns]   0.00ns   0.00ns   0.00ns
%%           'rnd_var_lns':         0 [  0.00ns,   0.00ns]   0.00ns   0.00ns   0.00ns         0 [  0.00ns,   0.00ns]   0.00ns   0.00ns   0.00ns
%% 
%% Search stats              Bools  Conflicts  Branches  Restarts  BacktrackToRoot  Backtrack  BoolPropag  IntegerPropag
%%                  'core':    122     33'499   112'452       270            1'553     35'076     494'271        186'935
%%            'default_lp':     66     35'921    67'972       375           26'971     62'545   1'436'326      2'581'451
%%                 'fixed':     66     49'333    49'368         0              132     49'357   2'055'347      3'764'037
%%             'fs_random':     66     43'677   105'788        95            3'504     47'944   1'140'463      1'859'882
%%       'fs_random_no_lp':     66     36'279   126'437       149            4'175     41'848     839'485      1'331'768
%%        'lb_tree_search':     66     61'036    78'811         0            2'016     58'778     363'537        442'527
%%                'max_lp':     66     36'176    65'375       300           23'437     59'179   1'437'384      2'730'509
%%                 'no_lp':     66     35'820    67'872       375           26'971     62'444   1'432'176      2'573'997
%%          'pseudo_costs':     66     40'458    78'014       176           23'497     64'304   1'639'528      3'130'868
%%         'quick_restart':     66     16'397    87'700     1'553           34'338     50'144     357'881        576'383
%%   'quick_restart_no_lp':     66     16'751    88'289     1'579           33'574     49'598     362'333        582'902
%%         'reduced_costs':     66     41'517    76'206       238           31'797     73'226   1'732'157      3'303'559
%% 
%% SAT formula               Fixed  Equiv  Total  VarLeft  BinaryClauses  PermanentClauses  TemporaryClauses
%%                  'core':      0      0    122      122            224             4'243             9'703
%%            'default_lp':      0      0     66       66              0                 1             5'317
%%                 'fixed':      0      0     66       66              0                 1             3'201
%%             'fs_random':      0      0     66       66              0               594             4'284
%%       'fs_random_no_lp':      0      0     66       66              0             1'075             6'736
%%        'lb_tree_search':      0      0     66       66              0               163             7'461
%%                'max_lp':      0      0     66       66              0                 2             5'788
%%                 'no_lp':      0      0     66       66              0                 1             5'288
%%          'pseudo_costs':      0      0     66       66              0                11             1'406
%%         'quick_restart':      0      0     66       66              0                 4             7'260
%%   'quick_restart_no_lp':      0      0     66       66              0                10             7'684
%%         'reduced_costs':      0      0     66       66              0                 1             1'845
%% 
%% SAT stats                 ClassicMinim  LitRemoved  LitRemovedBinary  LitLearned  LitForgotten  Subsumed
%%                  'core':         7'767      14'219             8'027     599'985       149'340     7'140
%%            'default_lp':        28'129     107'398                 0     574'022       151'709    21'859
%%                 'fixed':        46'410     328'495                 0     697'773       111'507    40'484
%%             'fs_random':        23'540     129'611                 0     717'260       301'401    19'574
%%       'fs_random_no_lp':        16'162      81'156                 0     627'515       237'918    13'715
%%        'lb_tree_search':         9'142      11'299                 0     977'067       663'698     9'270
%%                'max_lp':        28'048     101'347                 0     585'258       159'270    21'166
%%                 'no_lp':        28'044     106'903                 0     572'592       151'709    21'787
%%          'pseudo_costs':        35'708     250'647                 0     546'794       122'048    29'387
%%         'quick_restart':         6'073      24'769                 0     339'897        80'762     4'932
%%   'quick_restart_no_lp':         6'063      23'883                 0     345'007        76'367     4'904
%%         'reduced_costs':        38'909     269'409                 0     594'293       111'282    34'057
%% 
%% Vivification              Clauses  Decisions  LitTrue  Subsumed  LitRemoved  DecisionReused  Conflicts
%%                  'core':    4'711     79'793        0       606      13'579          14'355         35
%%            'default_lp':       98        654        0         0           0             130          0
%%                 'fixed':        0          0        0         0           0               0          0
%%             'fs_random':    4'824     60'490        0       245       3'506          11'268         38
%%       'fs_random_no_lp':    6'671     88'459        0       243       3'831          13'969         41
%%        'lb_tree_search':      226      2'216        0         7          79             223          0
%%                'max_lp':      235      2'398        0         0           0             470          0
%%                 'no_lp':       98        654        0         0           0             130          0
%%          'pseudo_costs':    1'239     12'843        0         1          18           1'351          1
%%         'quick_restart':      419      3'745        0         0           0             191          0
%%   'quick_restart_no_lp':      393      3'960        0         0           0             391          0
%%         'reduced_costs':       26        181        0         0           0             245          0
%% 
%% Clause deletion           at_true  l_and_not(l)  to_binary  sub_conflict  sub_extra  sub_decisions  sub_eager  sub_vivify  sub_probing  sub_inpro  blocked  eliminated  forgotten  promoted  conflicts
%%                  'core':        0             0          0         7'085      4'014              0         55         606            0        274        0           0      7'324    58'132     33'499
%%            'default_lp':        0             0          0        21'413        264            122        446           0            0         71        0           0      8'287    72'825     35'921
%%                 'fixed':        0             0          0        40'192          0            108        292           0            0          0        0           0      5'539    99'470     49'333
%%             'fs_random':        0             0          0        19'232      2'347             94        342         245            0      1'278        0           0     14'193    85'775     43'677
%%       'fs_random_no_lp':        0             0          0        13'512      2'344             66        203         243            0        954        0           0     11'060    72'760     36'279
%%        'lb_tree_search':        0             0          0         9'248      9'161              5         22           7            0          8        0           0     34'958   123'497     61'036
%%                'max_lp':        0             0          0        20'707        387             90        459           0            0         13        0           0      8'730    73'104     36'176
%%                 'no_lp':        0             0          0        21'342        264            122        445           0            0         71        0           0      8'287    72'623     35'820
%%          'pseudo_costs':        0             0          0        29'112         45             61        275           1            0      3'105        0           0      6'442    82'080     40'458
%%         'quick_restart':        0             0          0         4'901        693              6         31           0            0        166        0           0      3'336    35'001     16'397
%%   'quick_restart_no_lp':        0             0          0         4'875        753             19         29           0            0        150        0           0      3'231    35'330     16'751
%%         'reduced_costs':        0             0          0        33'807          0             88        250           0            0          0        0           0      5'526    83'758     41'517
%% 
%% LNS stats           Improv/Calls  Closed  Difficulty  TimeLimit
%%   'graph_arc_lns':           0/0      0%    5.00e-01       0.10
%%   'graph_cst_lns':           0/0      0%    5.00e-01       0.10
%%   'graph_dec_lns':           0/0      0%    5.00e-01       0.10
%%   'graph_var_lns':           0/0      0%    5.00e-01       0.10
%%       'rins/rens':           0/0      0%    5.00e-01       0.10
%%     'rnd_cst_lns':           0/0      0%    5.00e-01       0.10
%%     'rnd_var_lns':           0/0      0%    5.00e-01       0.10
%% 
%% LS stats                                    Batches  Restarts/Perturbs  LinMoves  GenMoves  CompoundMoves  Bactracks  WeightUpdates  ScoreComputed
%%                              'fj_restart':        7                  4        64    12'548              0          0          5'550        274'746
%%                     'fj_restart_compound':       11                  4         0    38'022          2'294     17'848            231        529'497
%%                 'fj_restart_compound_obj':        5                  4         0    16'944          1'513      7'710            102        240'538
%%             'fj_restart_compound_perturb':        3                  2         0     9'896            866      4'509             63        148'884
%%         'fj_restart_compound_perturb_obj':        3                  2         0    10'263            850      4'702             63        141'750
%%                        'fj_restart_decay':        4                  3        48    12'580              0          0          1'955        147'036
%%               'fj_restart_decay_compound':       13                  3         0    46'109          3'684     21'205            215        647'037
%%           'fj_restart_decay_compound_obj':        2                  1         0     7'370            752      3'306             32         98'793
%%       'fj_restart_decay_compound_perturb':        6                  4         0    21'621          1'964      9'811             95        294'259
%%   'fj_restart_decay_compound_perturb_obj':        4                  3         0    14'867          1'275      6'788             59        194'376
%%                    'fj_restart_decay_obj':        3                  3         0     3'125              0          0        436'209         36'700
%%                'fj_restart_decay_perturb':       10                  3        59    31'634              0          0          4'799        367'770
%%            'fj_restart_decay_perturb_obj':       11                  5        10    25'153              0          0        657'526        293'811
%%                          'fj_restart_obj':        3                  2         0         0              0          0        652'176              0
%%                      'fj_restart_perturb':       12                  6       112    21'262              0          0          8'853        451'482
%%                  'fj_restart_perturb_obj':        2                  1         0         0              0          0        434'784              0
%% 
%% Solutions (1)        Num   Rank
%%   'lb_tree_search':    2  [0,1]
%% 
%% Objective bounds     Num
%%   'initial_domain':    1
%%   'lb_tree_search':    2
%% 
%% Solution repositories    Added  Queried  Synchro
%%     'alternative_path':      0        0        0
%%       'best_solutions':      1        0        1
%%    'fj solution hints':     42        0       42
%%         'lp solutions':  1'269       63      113
%%                 'pump':      0        0
%% 
%% Clauses shared            #Exported  #Imported  #BinaryRead  #BinaryTotal
%%                  'core':         55          0            0             0
%%            'default_lp':          0          0            0             0
%%                 'fixed':          0          0            0             0
%%             'fs_random':          1          0            0             0
%%       'fs_random_no_lp':          0          0            0             0
%%        'lb_tree_search':          0          0            0             0
%%                'max_lp':          0          0            0             0
%%                 'no_lp':          0          0            0             0
%%          'pseudo_costs':          0          0            0             0
%%         'quick_restart':          0          0            0             0
%%   'quick_restart_no_lp':          0          0            0             0
%%         'reduced_costs':          0          0            0             0
%% 
%% LRAT_status: NA
%% CpSolverResponse summary:
%% status: OPTIMAL
%% objective: 2
%% best_bound: 2
%% integers: 67
%% booleans: 66
%% conflicts: 61036
%% branches: 78811
%% propagations: 363537
%% integer_propagations: 442527
%% restarts: 0
%% lp_iterations: 0
%% walltime: 1.46167
%% usertime: 1.46167
%% deterministic_time: 25.5964
%% gap_integral: 21.1424
%% solution_fingerprint: 0x8e76fdbcfbebabb3
%% 
The parity bits [1, 0, 1, 1, 1, 1, 1, 0, 1, 0, 0, 1, 1, 1, 1, 1, 0, 1, 1, 1, 1, 0]
disagree with 2 out of 44 samples (max allowed is 5).
Disagreeing samples:
3: parity([1, 1, 1, 0, 1, 0, 0, 0, 0, 1, 0, 0, 1, 0, 0, 1, 0, 1, 0, 0, 0, 1]) = true
9: parity([1, 1, 1, 0, 1, 1, 0, 0, 0, 0, 0, 0, 1, 0, 0, 0, 0, 1, 1, 1, 0, 1]) = true
----------
==========
   Done (overall time 1.75 s).
