# WCTIME: wall clock time in seconds
WCTIME=308.353
# CPUTIME: CPU time in seconds (USERTIME+SYSTEMTIME)
CPUTIME=306.775
# USERTIME: CPU time spent in user mode in seconds
USERTIME=305.826
# SYSTEMTIME: CPU time spent in system mode in seconds
SYSTEMTIME=0.949432
# CPUUSAGE: CPUTIME/WCTIME in percent
CPUUSAGE=99.4884
# MAXVM: maximum virtual memory used in KiB
MAXVM=531304
# MAXMM: maximum memory used in KiB
MAXMM=332940
# MAXRSS: maximum Resident Segment Size in KiB
MAXRSS=329860
# TIMEOUT: did the solver exceed the time limit?
TIMEOUT=false
# MEMOUT: did the solver exceed the memory limit?
MEMOUT=false
# EXITSTATUS: Exit status of the solver
EXITSTATUS=0
