# WCTIME: wall clock time in seconds
WCTIME=1200.04
# CPUTIME: CPU time in seconds (USERTIME+SYSTEMTIME)
CPUTIME=1192.85
# USERTIME: CPU time spent in user mode in seconds
USERTIME=1183.34
# SYSTEMTIME: CPU time spent in system mode in seconds
SYSTEMTIME=9.50402
# CPUUSAGE: CPUTIME/WCTIME in percent
CPUUSAGE=99.4003
# MAXVM: maximum virtual memory used in KiB
MAXVM=3753668
# MAXMM: maximum memory used in KiB
MAXMM=3574428
# MAXRSS: maximum Resident Segment Size in KiB
MAXRSS=3675592
# TIMEOUT: did the solver exceed the time limit?
TIMEOUT=true
# MEMOUT: did the solver exceed the memory limit?
MEMOUT=false
# EXITSTATUS: Exit status of the solver
EXITSTATUS=36608
