# WCTIME: wall clock time in seconds
WCTIME=129.035
# CPUTIME: CPU time in seconds (USERTIME+SYSTEMTIME)
CPUTIME=128.488
# USERTIME: CPU time spent in user mode in seconds
USERTIME=116.498
# SYSTEMTIME: CPU time spent in system mode in seconds
SYSTEMTIME=11.9899
# CPUUSAGE: CPUTIME/WCTIME in percent
CPUUSAGE=99.5759
# MAXVM: maximum virtual memory used in KiB
MAXVM=27972292
# MAXMM: maximum memory used in KiB
MAXMM=26315000
# MAXRSS: maximum Resident Segment Size in KiB
MAXRSS=26387308
# TIMEOUT: did the solver exceed the time limit?
TIMEOUT=false
# MEMOUT: did the solver exceed the memory limit?
MEMOUT=false
# EXITSTATUS: Exit status of the solver
EXITSTATUS=0
