# WCTIME: wall clock time in seconds
WCTIME=1800.24
# CPUTIME: CPU time in seconds (USERTIME+SYSTEMTIME)
CPUTIME=1791.42
# USERTIME: CPU time spent in user mode in seconds
USERTIME=1716.12
# SYSTEMTIME: CPU time spent in system mode in seconds
SYSTEMTIME=75.2984
# CPUUSAGE: CPUTIME/WCTIME in percent
CPUUSAGE=99.5101
# MAXVM: maximum virtual memory used in KiB
MAXVM=15926472
# MAXMM: maximum memory used in KiB
MAXMM=14588304
# MAXRSS: maximum Resident Segment Size in KiB
MAXRSS=14585156
# TIMEOUT: did the solver exceed the time limit?
TIMEOUT=true
# MEMOUT: did the solver exceed the memory limit?
MEMOUT=false
# EXITSTATUS: Exit status of the solver
EXITSTATUS=36608
