# WCTIME: wall clock time in seconds
WCTIME=1800.35
# CPUTIME: CPU time in seconds (USERTIME+SYSTEMTIME)
CPUTIME=1786.18
# USERTIME: CPU time spent in user mode in seconds
USERTIME=1757.77
# SYSTEMTIME: CPU time spent in system mode in seconds
SYSTEMTIME=28.4041
# CPUUSAGE: CPUTIME/WCTIME in percent
CPUUSAGE=99.2126
# MAXVM: maximum virtual memory used in KiB
MAXVM=13585700
# MAXMM: maximum memory used in KiB
MAXMM=12093256
# MAXRSS: maximum Resident Segment Size in KiB
MAXRSS=12090276
# TIMEOUT: did the solver exceed the time limit?
TIMEOUT=true
# MEMOUT: did the solver exceed the memory limit?
MEMOUT=false
# EXITSTATUS: Exit status of the solver
EXITSTATUS=36608
