# WCTIME: wall clock time in seconds
WCTIME=1.00501
# CPUTIME: CPU time in seconds (USERTIME+SYSTEMTIME)
CPUTIME=0.970767
# USERTIME: CPU time spent in user mode in seconds
USERTIME=0.952585
# SYSTEMTIME: CPU time spent in system mode in seconds
SYSTEMTIME=0.018182
# CPUUSAGE: CPUTIME/WCTIME in percent
CPUUSAGE=96.5924
# MAXVM: maximum virtual memory used in KiB
MAXVM=211888
# MAXMM: maximum memory used in KiB
MAXMM=20164
# MAXRSS: maximum Resident Segment Size in KiB
MAXRSS=17552
# TIMEOUT: did the solver exceed the time limit?
TIMEOUT=false
# MEMOUT: did the solver exceed the memory limit?
MEMOUT=false
# EXITSTATUS: Exit status of the solver
EXITSTATUS=0
