# WCTIME: wall clock time in seconds
WCTIME=664.942
# CPUTIME: CPU time in seconds (USERTIME+SYSTEMTIME)
CPUTIME=648.854
# USERTIME: CPU time spent in user mode in seconds
USERTIME=551.258
# SYSTEMTIME: CPU time spent in system mode in seconds
SYSTEMTIME=97.5962
# CPUUSAGE: CPUTIME/WCTIME in percent
CPUUSAGE=97.5805
# MAXVM: maximum virtual memory used in KiB
MAXVM=155076472
# MAXMM: maximum memory used in KiB
MAXMM=124611936
# MAXRSS: maximum Resident Segment Size in KiB
MAXRSS=122326480
# TIMEOUT: did the solver exceed the time limit?
TIMEOUT=false
# MEMOUT: did the solver exceed the memory limit?
MEMOUT=false
# EXITSTATUS: Exit status of the solver
EXITSTATUS=35072
