# WCTIME: wall clock time in seconds
WCTIME=32.8814
# CPUTIME: CPU time in seconds (USERTIME+SYSTEMTIME)
CPUTIME=32.3307
# USERTIME: CPU time spent in user mode in seconds
USERTIME=32.2562
# SYSTEMTIME: CPU time spent in system mode in seconds
SYSTEMTIME=0.07454
# CPUUSAGE: CPUTIME/WCTIME in percent
CPUUSAGE=98.3252
# MAXVM: maximum virtual memory used in KiB
MAXVM=229600
# MAXMM: maximum memory used in KiB
MAXMM=43612
# MAXRSS: maximum Resident Segment Size in KiB
MAXRSS=44828
# TIMEOUT: did the solver exceed the time limit?
TIMEOUT=false
# MEMOUT: did the solver exceed the memory limit?
MEMOUT=false
# EXITSTATUS: Exit status of the solver
EXITSTATUS=0
