# WCTIME: wall clock time in seconds
WCTIME=1800.15
# CPUTIME: CPU time in seconds (USERTIME+SYSTEMTIME)
CPUTIME=1787.42
# USERTIME: CPU time spent in user mode in seconds
USERTIME=1780.23
# SYSTEMTIME: CPU time spent in system mode in seconds
SYSTEMTIME=7.18924
# CPUUSAGE: CPUTIME/WCTIME in percent
CPUUSAGE=99.2931
# MAXVM: maximum virtual memory used in KiB
MAXVM=2766040
# MAXMM: maximum memory used in KiB
MAXMM=2247616
# MAXRSS: maximum Resident Segment Size in KiB
MAXRSS=2271936
# TIMEOUT: did the solver exceed the time limit?
TIMEOUT=true
# MEMOUT: did the solver exceed the memory limit?
MEMOUT=false
# EXITSTATUS: Exit status of the solver
EXITSTATUS=36608
