MiniZinc to FlatZinc converter, version 2.9.3, build 1832600886
Copyright (C) 2014-2025 Monash University, NICTA, Data61
Parsing file(s) /bench/2015/freepizza/freepizza.mzn', '/bench/2015/freepizza/pizza6.dzn' ...
processing file '/usr/local/share/minizinc/std/stdlib.mzn'
processing file '/usr/local/share/minizinc/std/stdlib/stdlib_internal.mzn'
processing file '/usr/local/share/minizinc/std/output.mzn'
processing file '/usr/local/share/minizinc/std/output/array2d_bool.mzn'
processing file '/usr/local/share/minizinc/std/output/gantt.mzn'
processing file '/usr/local/share/minizinc/std/stdlib/stdlib_random.mzn'
processing file '/usr/local/share/minizinc/std/stdlib/stdlib_debug.mzn'
processing file '/usr/local/share/minizinc/std/stdlib/stdlib_reflect.mzn'
processing file '/usr/local/share/minizinc/std/stdlib/stdlib_ite.mzn'
processing file '/usr/local/share/minizinc/std/stdlib/stdlib_language.mzn'
processing file '/usr/local/share/minizinc/std/stdlib/stdlib_sort.mzn'
processing file '/usr/local/share/minizinc/std/stdlib/stdlib_opt.mzn'
processing file '/usr/local/share/minizinc/std/stdlib/stdlib_ann.mzn'
processing file '/usr/local/share/minizinc/std/stdlib/stdlib_enum.mzn'
processing file '/usr/local/share/minizinc/std/stdlib/stdlib_string.mzn'
processing file '/usr/local/share/minizinc/std/stdlib/stdlib_set.mzn'
processing file '/usr/local/share/minizinc/std/stdlib/stdlib_logic.mzn'
processing file '/usr/local/share/minizinc/std/stdlib/stdlib_array.mzn'
processing file '/usr/local/share/minizinc/std/stdlib/stdlib_coercion.mzn'
processing file '/usr/local/share/minizinc/std/stdlib/stdlib_math.mzn'
processing file '/usr/local/share/minizinc/std/stdlib/stdlib_compare.mzn'
processing file '/usr/local/share/minizinc/std/flatzinc_builtins.mzn'
processing file '/usr/local/share/minizinc/std/solver_redefinitions.mzn'
processing file '/usr/local/share/minizinc/std/table.mzn'
processing file '/usr/local/share/minizinc/std/fzn_table_int_opt.mzn'
processing file '/usr/local/share/minizinc/std/fzn_table_int_reif.mzn'
processing file '/entry_data/mzn-lib/fzn_table_int.mzn'
processing file '/usr/local/share/minizinc/std/fzn_table_bool_reif.mzn'
processing file '/entry_data/mzn-lib/fzn_table_bool.mzn'
processing file '/usr/local/share/minizinc/std/fzn_array_set_intersect.mzn'
processing file '/usr/local/share/minizinc/std/fzn_array_set_union.mzn'
processing file '/usr/local/share/minizinc/std/fzn_array_opt_int_union.mzn'
processing file '/usr/local/share/minizinc/std/fzn_array_int_union.mzn'
processing file '/usr/local/share/minizinc/std/lex_lesseq.mzn'
processing file '/usr/local/share/minizinc/std/fzn_lex_lesseq_set_reif.mzn'
processing file '/usr/local/share/minizinc/std/fzn_lex_lesseq_set.mzn'
processing file '/usr/local/share/minizinc/std/fzn_lex_lesseq_int_reif.mzn'
processing file '/entry_data/mzn-lib/fzn_lex_lesseq_int.mzn'
processing file '/usr/local/share/minizinc/std/fzn_lex_lesseq_float_reif.mzn'
processing file '/usr/local/share/minizinc/std/fzn_lex_lesseq_float.mzn'
processing file '/usr/local/share/minizinc/std/fzn_lex_lesseq_bool_reif.mzn'
processing file '/entry_data/mzn-lib/fzn_lex_lesseq_bool.mzn'
processing file '/usr/local/share/minizinc/std/lex_less.mzn'
processing file '/usr/local/share/minizinc/std/fzn_lex_less_set_reif.mzn'
processing file '/usr/local/share/minizinc/std/fzn_lex_less_set.mzn'
processing file '/usr/local/share/minizinc/std/fzn_lex_less_int_reif.mzn'
processing file '/entry_data/mzn-lib/fzn_lex_less_int.mzn'
processing file '/usr/local/share/minizinc/std/fzn_lex_less_float_reif.mzn'
processing file '/usr/local/share/minizinc/std/fzn_lex_less_float.mzn'
processing file '/usr/local/share/minizinc/std/fzn_lex_less_bool_reif.mzn'
processing file '/entry_data/mzn-lib/fzn_lex_less_bool.mzn'
processing file '/usr/local/share/minizinc/std/fzn_if_then_else_partiality.mzn'
processing file '/usr/local/share/minizinc/std/fzn_if_then_else_var_set.mzn'
processing file '/usr/local/share/minizinc/std/fzn_if_then_else_set.mzn'
processing file '/usr/local/share/minizinc/std/fzn_if_then_else_var_opt_float.mzn'
processing file '/usr/local/share/minizinc/std/fzn_if_then_else_var_float.mzn'
processing file '/usr/local/share/minizinc/std/fzn_if_then_else_opt_float.mzn'
processing file '/usr/local/share/minizinc/std/fzn_if_then_else_float.mzn'
processing file '/usr/local/share/minizinc/std/fzn_if_then_else_var_opt_bool.mzn'
processing file '/usr/local/share/minizinc/std/fzn_if_then_else_var_bool.mzn'
processing file '/usr/local/share/minizinc/std/fzn_if_then_else_opt_bool.mzn'
processing file '/usr/local/share/minizinc/std/fzn_if_then_else_bool.mzn'
processing file '/usr/local/share/minizinc/std/fzn_if_then_else_var_opt_int.mzn'
processing file '/usr/local/share/minizinc/std/fzn_if_then_else_var_int.mzn'
processing file '/usr/local/share/minizinc/std/fzn_if_then_else_opt_int.mzn'
processing file '/usr/local/share/minizinc/std/fzn_if_then_else_int.mzn'
processing file '/usr/local/share/minizinc/std/count_fn.mzn'
processing file '/usr/local/share/minizinc/std/count_lt.mzn'
processing file '/usr/local/share/minizinc/std/fzn_count_lt_par_reif.mzn'
processing file '/usr/local/share/minizinc/std/fzn_count_lt_reif.mzn'
processing file '/usr/local/share/minizinc/std/fzn_count_lt_par.mzn'
processing file '/usr/local/share/minizinc/std/fzn_count_lt.mzn'
processing file '/usr/local/share/minizinc/std/count_gt.mzn'
processing file '/usr/local/share/minizinc/std/fzn_count_gt_reif.mzn'
processing file '/usr/local/share/minizinc/std/fzn_count_gt_par_reif.mzn'
processing file '/usr/local/share/minizinc/std/fzn_count_gt.mzn'
processing file '/usr/local/share/minizinc/std/fzn_count_gt_par.mzn'
processing file '/usr/local/share/minizinc/std/count_neq.mzn'
processing file '/usr/local/share/minizinc/std/fzn_count_neq_reif.mzn'
processing file '/usr/local/share/minizinc/std/fzn_count_neq_par_reif.mzn'
processing file '/usr/local/share/minizinc/std/fzn_count_neq.mzn'
processing file '/usr/local/share/minizinc/std/fzn_count_neq_par.mzn'
processing file '/usr/local/share/minizinc/std/count_leq.mzn'
processing file '/usr/local/share/minizinc/std/fzn_count_leq_reif.mzn'
processing file '/usr/local/share/minizinc/std/fzn_count_leq_par_reif.mzn'
processing file '/usr/local/share/minizinc/std/fzn_count_leq.mzn'
processing file '/usr/local/share/minizinc/std/fzn_count_leq_par.mzn'
processing file '/usr/local/share/minizinc/std/count_geq.mzn'
processing file '/usr/local/share/minizinc/std/fzn_count_geq_reif.mzn'
processing file '/usr/local/share/minizinc/std/fzn_count_geq_par_reif.mzn'
processing file '/usr/local/share/minizinc/std/fzn_count_geq.mzn'
processing file '/usr/local/share/minizinc/std/fzn_count_geq_par.mzn'
processing file '/usr/local/share/minizinc/std/count_eq.mzn'
processing file '/usr/local/share/minizinc/std/fzn_count_eq_par_reif.mzn'
processing file '/usr/local/share/minizinc/std/fzn_count_eq_reif.mzn'
processing file '/usr/local/share/minizinc/std/fzn_count_eq_par.mzn'
processing file '/entry_data/mzn-lib/fzn_count_eq.mzn'
processing file '/usr/local/share/minizinc/std/redefinitions-2.7.1.mzn'
processing file '/usr/local/share/minizinc/std/redefinitions-2.5.2.mzn'
processing file '/usr/local/share/minizinc/std/redefinitions-2.3.3.mzn'
processing file '/usr/local/share/minizinc/std/redefinitions-2.2.1.mzn'
processing file '/usr/local/share/minizinc/std/redefinitions-2.1.1.mzn'
processing file '/usr/local/share/minizinc/std/redefinitions-2.1.mzn'
processing file '/entry_data/mzn-lib/redefinitions-2.0.2.mzn'
processing file '/entry_data/mzn-lib/redefinitions-2.0.mzn'
processing file '/usr/local/share/minizinc/std/redefinitions.mzn'
processing file '/bench/2015/freepizza/freepizza.mzn'
processing data file '/bench/2015/freepizza/pizza6.dzn'
 done parsing (0.11 s)
Flattening ...
	CompilePass: Flatten with '/entry_data/mzn-lib' library ...
MIP domains ...
 done (0.08 s)
Optimizing ... done (0.08 s)
Converting to old FlatZinc ... done (0.08 s)
 done (0.08 s)
 done (0.19 s), max stack depth 15
Maximum memory 4 Mbytes.
      % SOLVING PHASE
FZN solver plugin, compiled  May 23 2025  06:18:37
Using FZN solver /entry_data/fzn-exec for solving, parameters: -p 14 -v 
%% File /tmp/mznfileIbXIpU.fzn parsed in 18 ms
%% Model mznfileIbXIpU
%%   - boolean variables:289
%%   - integer variables:210
%%   - bool2int: 199
%%   - bool_clause: 45
%%   - int_eq_reif: 180
%%   - int_le_reif: 10
%%   - int_lin_eq: 1
%%   - int_lin_le: 18
%%   - int_lin_le_imp: 45
%%   - int_lin_le_reif: 9
%%   - int_lin_ne_imp: 45
%%   - Minimization problem
%%   - #var_op_value_reif cached: 0
%%   - #var_op_var_reif cached: 0
%%   - #var_op_var_imp cached: 0
%%   - #full domain encodings: 0
%% Starting CP-SAT solver v9.15.9999
%% Parameters: log_search_progress: true log_to_stdout: false max_domain_size_when_encoding_eq_neq_constraints: 32 num_workers: 14
%% Initial optimization model 'mznfileIbXIpU': (model_fingerprint: 0xaf6f09f10a47e1c9)
%% Search strategy: on 10 variables, CHOOSE_FIRST, SELECT_MIN_VALUE
%% #Variables: 499 (#ints: 1 in objective) (299 primary variables)
%%   - 488 Booleans in [0,1]
%%   - 10 in [-9,9]
%%   - 1 in [0,550]
%% #kBoolOr: 45 (#literals: 90)
%% #kLinear1: 380 (#enforced: 380)
%% #kLinear2: 289 (#enforced: 90) (#complex_domain: 45)
%% #kLinearN: 37 (#enforced: 18) (#terms: 387)
%% Starting presolve at 0.01s
%%   2.21e-04s  0.00e+00d  [DetectDominanceRelations] 
%%   1.12e-02s  0.00e+00d  [PresolveToFixPoint] #num_loops=4 #num_dual_strengthening=2 
%%   1.62e-05s  0.00e+00d  [ExtractEncodingFromLinear] #potential_supersets=6 
%%   3.06e-05s  0.00e+00d  [DetectDuplicateColumns] 
%%   2.60e-05s  0.00e+00d  [DetectDuplicateConstraints] 
%% [Symmetry] Graph for symmetry has 1'231 nodes and 1'601 arcs.
%% [Symmetry] Symmetry computation done. time: 0.00194962 dtime: 0.00028497
%% [SAT presolve] num removable Booleans: 0 / 263
%% [SAT presolve] num trivial clauses: 0
%% [SAT presolve] [0s] clauses:33 literals:93 vars:33 one_side_vars:0 simple_definition:33 singleton_clauses:0
%% [SAT presolve] [2.0263e-05s] clauses:33 literals:93 vars:33 one_side_vars:0 simple_definition:33 singleton_clauses:0
%% [SAT presolve] [3.7587e-05s] clauses:33 literals:93 vars:33 one_side_vars:0 simple_definition:33 singleton_clauses:0
%%   3.82e-05s  0.00e+00d  [DetectDuplicateConstraintsWithDifferentEnforcements] 
%%   9.50e-03s  1.28e-03d  [Probe] #probed=1'332 #new_binary_clauses=280 
%%   6.00e-05s  1.15e-05d  [MaxClique] Merged 36 constraints with 125 literals into 6 constraints with 65 literals
%%   1.49e-04s  0.00e+00d  [DetectDominanceRelations] 
%%   1.57e-03s  0.00e+00d  [PresolveToFixPoint] #num_loops=1 #num_dual_strengthening=1 
%%   1.33e-04s  0.00e+00d  [ProcessAtMostOneAndLinear] 
%%   2.79e-05s  0.00e+00d  [DetectDuplicateConstraints] 
%%   2.47e-05s  0.00e+00d  [DetectDuplicateConstraintsWithDifferentEnforcements] 
%%   4.17e-05s  1.11e-06d  [DetectDominatedLinearConstraints] #relevant_constraints=20 #num_inclusions=15 
%%   1.77e-05s  0.00e+00d  [DetectDifferentVariables] 
%%   3.90e-05s  8.17e-07d  [ProcessSetPPC] #relevant_constraints=29 #num_inclusions=3 
%%   7.81e-05s  0.00e+00d  [TransformClausesToExactlyOne] #num_amos=3 
%%   2.82e-04s  0.00e+00d  [DetectEncodedComplexDomains] 
%%   7.18e-06s  0.00e+00d  [FindAlmostIdenticalLinearConstraints] 
%%   3.24e-05s  1.97e-05d  [FindBigAtMostOneAndLinearOverlap] 
%%   6.46e-05s  2.44e-05d  [FindBigVerticalLinearOverlap] 
%%   9.14e-06s  1.05e-06d  [FindBigHorizontalLinearOverlap] #linears=20 
%%   4.69e-06s  0.00e+00d  [MergeClauses] 
%%   1.29e-04s  0.00e+00d  [DetectDominanceRelations] 
%%   1.53e-03s  0.00e+00d  [PresolveToFixPoint] #num_loops=1 #num_dual_strengthening=1 
%%   1.23e-04s  0.00e+00d  [DetectDominanceRelations] 
%%   1.44e-03s  0.00e+00d  [PresolveToFixPoint] #num_loops=1 #num_dual_strengthening=1 
%%   3.00e-05s  0.00e+00d  [DetectDuplicateColumns] 
%%   2.19e-05s  0.00e+00d  [DetectDuplicateConstraints] 
%% [Symmetry] Graph for symmetry has 1'194 nodes and 1'473 arcs.
%% [Symmetry] Symmetry computation done. time: 0.000233071 dtime: 0.00026287
%%   2.93e-05s  0.00e+00d  [DetectDuplicateConstraintsWithDifferentEnforcements] 
%%   4.05e-03s  1.26e-03d  [Probe] #probed=1'332 #new_binary_clauses=280 
%%   3.34e-05s  7.34e-06d  [MaxClique] 
%%   1.46e-04s  0.00e+00d  [DetectDominanceRelations] 
%%   1.51e-03s  0.00e+00d  [PresolveToFixPoint] #num_loops=1 #num_dual_strengthening=1 
%%   1.23e-04s  0.00e+00d  [ProcessAtMostOneAndLinear] 
%%   2.76e-05s  0.00e+00d  [DetectDuplicateConstraints] 
%%   2.73e-05s  0.00e+00d  [DetectDuplicateConstraintsWithDifferentEnforcements] 
%%   3.10e-05s  1.11e-06d  [DetectDominatedLinearConstraints] #relevant_constraints=20 #num_inclusions=15 
%%   1.65e-05s  0.00e+00d  [DetectDifferentVariables] 
%%   2.84e-05s  6.13e-07d  [ProcessSetPPC] #relevant_constraints=26 
%%   6.76e-05s  0.00e+00d  [TransformClausesToExactlyOne] #num_amos=4 
%%   2.73e-04s  0.00e+00d  [DetectEncodedComplexDomains] 
%%   7.88e-06s  0.00e+00d  [FindAlmostIdenticalLinearConstraints] 
%%   3.05e-05s  1.91e-05d  [FindBigAtMostOneAndLinearOverlap] 
%%   6.28e-05s  2.44e-05d  [FindBigVerticalLinearOverlap] 
%%   9.37e-06s  1.05e-06d  [FindBigHorizontalLinearOverlap] #linears=20 
%%   4.54e-06s  0.00e+00d  [MergeClauses] 
%%   1.32e-04s  0.00e+00d  [DetectDominanceRelations] 
%%   1.49e-03s  0.00e+00d  [PresolveToFixPoint] #num_loops=1 #num_dual_strengthening=1 
%%   1.24e-04s  0.00e+00d  [DetectDominanceRelations] 
%%   1.43e-03s  0.00e+00d  [PresolveToFixPoint] #num_loops=1 #num_dual_strengthening=1 
%%   3.00e-05s  0.00e+00d  [DetectDuplicateColumns] 
%%   2.58e-05s  0.00e+00d  [DetectDuplicateConstraints] 
%% [Symmetry] Graph for symmetry has 1'194 nodes and 1'473 arcs.
%% [Symmetry] Symmetry computation done. time: 0.000222554 dtime: 0.00026287
%%   2.92e-05s  0.00e+00d  [DetectDuplicateConstraintsWithDifferentEnforcements] 
%%   4.03e-03s  1.26e-03d  [Probe] #probed=1'332 #new_binary_clauses=280 
%%   3.44e-05s  7.34e-06d  [MaxClique] 
%%   1.37e-04s  0.00e+00d  [DetectDominanceRelations] 
%%   1.50e-03s  0.00e+00d  [PresolveToFixPoint] #num_loops=1 #num_dual_strengthening=1 
%%   1.20e-04s  0.00e+00d  [ProcessAtMostOneAndLinear] 
%%   2.41e-05s  0.00e+00d  [DetectDuplicateConstraints] 
%%   2.32e-05s  0.00e+00d  [DetectDuplicateConstraintsWithDifferentEnforcements] 
%%   3.09e-05s  1.11e-06d  [DetectDominatedLinearConstraints] #relevant_constraints=20 #num_inclusions=15 
%%   1.64e-05s  0.00e+00d  [DetectDifferentVariables] 
%%   2.81e-05s  6.13e-07d  [ProcessSetPPC] #relevant_constraints=26 
%%   7.47e-05s  0.00e+00d  [TransformClausesToExactlyOne] #num_amos=4 
%%   2.70e-04s  0.00e+00d  [DetectEncodedComplexDomains] 
%%   7.18e-06s  0.00e+00d  [FindAlmostIdenticalLinearConstraints] 
%%   3.19e-05s  1.91e-05d  [FindBigAtMostOneAndLinearOverlap] 
%%   6.55e-05s  2.44e-05d  [FindBigVerticalLinearOverlap] 
%%   9.41e-06s  1.05e-06d  [FindBigHorizontalLinearOverlap] #linears=20 
%%   4.19e-06s  0.00e+00d  [MergeClauses] 
%%   1.28e-04s  0.00e+00d  [DetectDominanceRelations] 
%%   1.48e-03s  0.00e+00d  [PresolveToFixPoint] #num_loops=1 #num_dual_strengthening=1 
%%   1.98e-06s  0.00e+00d  [MergeNoOverlap] 
%%   1.99e-06s  0.00e+00d  [MergeNoOverlap2D] 
%%   3.48e-05s  0.00e+00d  [ExpandObjective] #entries=220 #tight_variables=22 #tight_constraints=2 
%% Presolve summary:
%%   - 243 affine relations were detected.
%%   - rule 'TODO dual: make linear1 equiv' was applied 100 times.
%%   - rule 'TODO dual: only one blocking constraint?' was applied 23 times.
%%   - rule 'TODO dual: only one blocking enforced constraint?' was applied 860 times.
%%   - rule 'TODO dual: tighten at most one' was applied 1 time.
%%   - rule 'TODO linear2: convert ax + by != cte to clauses for large domains' was applied 1'080 times.
%%   - rule 'affine: new relation' was applied 243 times.
%%   - rule 'at_most_one: transformed into max clique' was applied 1 time.
%%   - rule 'bool_and: x => x' was applied 45 times.
%%   - rule 'bool_or: implications' was applied 45 times.
%%   - rule 'bool_or: only one literal' was applied 1 time.
%%   - rule 'bool_or: removed enforcement literal' was applied 3 times.
%%   - rule 'deductions: 410 stored' was applied 1 time.
%%   - rule 'dual: enforced equivalence' was applied 45 times.
%%   - rule 'dual: make encoding equiv' was applied 870 times.
%%   - rule 'enforcement: false literal' was applied 20 times.
%%   - rule 'enforcement: true literal' was applied 20 times.
%%   - rule 'exactly_one: removed literals' was applied 1 time.
%%   - rule 'exactly_one: singleton' was applied 1 time.
%%   - rule 'linear1: always true' was applied 20 times.
%%   - rule 'linear: always true' was applied 1 time.
%%   - rule 'linear: empty' was applied 3 times.
%%   - rule 'linear: expanded complex rhs' was applied 45 times.
%%   - rule 'linear: fixed or dup variables' was applied 5 times.
%%   - rule 'linear: negative at most one' was applied 5 times.
%%   - rule 'linear: negative reified and' was applied 3 times.
%%   - rule 'linear: positive at most one' was applied 1 time.
%%   - rule 'linear: positive clause' was applied 3 times.
%%   - rule 'linear: reduced variable domains' was applied 23 times.
%%   - rule 'linear: remapped using affine relations' was applied 35 times.
%%   - rule 'linear: simplified rhs' was applied 580 times.
%%   - rule 'linear: variable substitution 0' was applied 1 time.
%%   - rule 'new_bool: complex linear expansion' was applied 90 times.
%%   - rule 'presolve: 42 unused variables removed.' was applied 1 time.
%%   - rule 'presolve: iteration' was applied 3 times.
%%   - rule 'setppc: bool_or in at_most_one' was applied 3 times.
%%   - rule 'variables: detect fully reified value encoding' was applied 180 times.
%%   - rule 'variables: detect half reified value encoding' was applied 360 times.
%% Presolved optimization model 'mznfileIbXIpU': (model_fingerprint: 0x86f5358a42312ed2)
%% Search strategy: on 10 variables, CHOOSE_FIRST, SELECT_MIN_VALUE
%% #Variables: 322 (#bools: 10 in objective) (320 primary variables)
%%   - 312 Booleans in [0,1]
%%   - 10 in [-9,-5][-3,7][9]
%% #kAtMostOne: 4 (#literals: 42)
%% #kBoolOr: 45 (#literals: 135)
%% #kExactlyOne: 2 (#literals: 22)
%% #kLinear1: 340 (#enforced: 340)
%% #kLinear2: 135 (#enforced: 135)
%% #kLinearN: 20 (#enforced: 10) (#terms: 210)
%% [Symmetry] Graph for symmetry has 1'062 nodes and 1'698 arcs.
%% [Symmetry] Symmetry computation done. time: 0.000232561 dtime: 0.00028869
%% Preloading model.
%% #Bound   0.09s best:inf   next:[0,550]    initial_domain
%% #Model   0.09s var:322/322 constraints:546/546
%% Starting search at 0.09s with 14 workers.
%% 10 full problem subsolvers: [core, default_lp, fixed, lb_tree_search, max_lp, no_lp, pseudo_costs, quick_restart, quick_restart_no_lp, reduced_costs]
%% 4 first solution subsolvers: [fj(2), fs_random, fs_random_no_lp]
%% 10 interleaved subsolvers: [feasibility_pump, graph_arc_lns, graph_cst_lns, graph_dec_lns, graph_var_lns, ls, ls_lin, rins/rens, rnd_cst_lns, rnd_var_lns]
%% 3 helper subsolvers: [neighborhood_helper, synchronization_agent, update_gap_integral]
%% #1       0.10s best:550   next:[0,540]    fj_restart(batch:1 lin{mvs:55 evals:164} #w_updates:0 #perturb:0)
%% #2       0.10s best:480   next:[0,470]    no_lp
%% #3       0.10s best:450   next:[0,440]    core
%% #Model   0.11s var:316/322 constraints:534/546
%% #4       0.11s best:440   next:[0,430]    no_lp
%% #5       0.11s best:390   next:[0,380]    no_lp
%% #Model   0.11s var:315/322 constraints:532/546
%% #6       0.11s best:360   next:[0,350]    no_lp
%% #7       0.11s best:350   next:[0,340]    no_lp
%% #Bound   0.11s best:350   next:[10,340]   max_lp
%% #8       0.11s best:320   next:[10,310]   quick_restart_no_lp
%% #9       0.11s best:270   next:[10,260]   no_lp
%% #10      0.11s best:260   next:[10,250]   no_lp
%% #Model   0.11s var:313/322 constraints:528/546
%% #Model   0.11s var:310/322 constraints:523/546
%% #Bound   0.12s best:260   next:[90,250]   bool_core (num_cores=1 [size:2 mw:9 d:1] a=10 d=1 fixed=18/442 clauses=273)
%% #11      0.12s best:230   next:[90,220]   no_lp
%% #12      0.12s best:220   next:[90,210]   quick_restart
%% #Model   0.14s var:309/322 constraints:522/546
%% #Bound   0.14s best:220   next:[100,210]  lb_tree_search (nodes=2/2 rc=0 decisions=6 @root=2 restarts=0 lp_iters=[0, 0, 0, 82]) 
%% #Bound   0.14s best:220   next:[110,210]  lb_tree_search (nodes=2/2 rc=0 decisions=7 @root=2 restarts=0 lp_iters=[0, 0, 11, 82]) 
%% #Model   0.14s var:307/322 constraints:518/546
%% #Bound   0.15s best:220   next:[150,210]  bool_core (num_cores=2 [size:4 mw:6 d:3] a=10 d=3 fixed=23/445 clauses=778)
%% #Model   0.15s var:304/322 constraints:513/546
%% #13      0.15s best:210   next:[150,200]  default_lp
%% #Model   0.15s var:303/322 constraints:512/546
%% #Model   0.17s var:300/322 constraints:507/546
%% #Bound   0.18s best:210   next:[170,200]  no_lp
%% #Done    0.18s no_lp
%% #Done    0.18s quick_restart_no_lp
%% #Done    0.18s pseudo_costs
%% #Done    0.18s reduced_costs
%% #Done    0.18s max_lp
%% Task timing                      n [     min,      max]      avg      dev     time         n [     min,      max]      avg      dev    dtime
%%                  'core':         1 [ 85.97ms,  85.97ms]  85.97ms   0.00ns  85.97ms         2 [  1.54ms,  25.39ms]  13.47ms  11.93ms  26.94ms
%%            'default_lp':         1 [ 86.25ms,  86.25ms]  86.25ms   0.00ns  86.25ms         2 [  1.55ms,  27.92ms]  14.74ms  13.19ms  29.47ms
%%      'feasibility_pump':         3 [ 80.25us,   7.83ms]   2.84ms   3.54ms   8.51ms         2 [  7.74us,  82.61us]  45.18us  37.44us  90.35us
%%                 'fixed':         1 [ 86.13ms,  86.13ms]  86.13ms   0.00ns  86.13ms         2 [  1.55ms,  34.44ms]  18.00ms  16.45ms  35.99ms
%%                    'fj':         0 [  0.00ns,   0.00ns]   0.00ns   0.00ns   0.00ns         0 [  0.00ns,   0.00ns]   0.00ns   0.00ns   0.00ns
%%                    'fj':         1 [  2.11ms,   2.11ms]   2.11ms   0.00ns   2.11ms         1 [ 76.27us,  76.27us]  76.27us   0.00ns  76.27us
%%             'fs_random':         1 [  8.61ms,   8.61ms]   8.61ms   0.00ns   8.61ms         1 [ 39.97us,  39.97us]  39.97us   0.00ns  39.97us
%%       'fs_random_no_lp':         1 [  2.89ms,   2.89ms]   2.89ms   0.00ns   2.89ms         0 [  0.00ns,   0.00ns]   0.00ns   0.00ns   0.00ns
%%         'graph_arc_lns':         3 [  4.82ms,  11.33ms]   7.43ms   2.81ms  22.29ms         3 [ 10.86us, 311.22us] 129.08us 130.69us 387.24us
%%         'graph_cst_lns':         3 [  4.46ms,   7.77ms]   5.93ms   1.37ms  17.80ms         3 [ 10.00ns,  25.67us]  10.20us  11.12us  30.59us
%%         'graph_dec_lns':         3 [  2.95ms,  14.67ms]   6.95ms   5.46ms  20.86ms         2 [ 10.00ns,  10.00ns]  10.00ns   0.00ns  20.00ns
%%         'graph_var_lns':         3 [  7.25ms,  28.04ms]  18.77ms   8.64ms  56.32ms         3 [ 79.49us,   1.08ms] 574.88us 410.45us   1.72ms
%%        'lb_tree_search':         1 [ 82.88ms,  82.88ms]  82.88ms   0.00ns  82.88ms         2 [  5.19ms,   8.18ms]   6.68ms   1.50ms  13.36ms
%%                    'ls':         2 [293.76us,  55.09ms]  27.69ms  27.40ms  55.39ms         1 [ 22.86ms,  22.86ms]  22.86ms   0.00ns  22.86ms
%%                'ls_lin':         2 [ 13.02ms,  54.89ms]  33.95ms  20.93ms  67.91ms         2 [ 12.63ms,  63.94ms]  38.28ms  25.66ms  76.57ms
%%                'max_lp':         1 [ 85.18ms,  85.18ms]  85.18ms   0.00ns  85.18ms         2 [  5.66ms,  21.18ms]  13.42ms   7.76ms  26.84ms
%%                 'no_lp':         1 [ 84.68ms,  84.68ms]  84.68ms   0.00ns  84.68ms         2 [  1.54ms,  38.14ms]  19.84ms  18.30ms  39.68ms
%%          'pseudo_costs':         1 [ 84.51ms,  84.51ms]  84.51ms   0.00ns  84.51ms         2 [  1.58ms,  21.29ms]  11.44ms   9.86ms  22.87ms
%%         'quick_restart':         1 [ 85.18ms,  85.18ms]  85.18ms   0.00ns  85.18ms         2 [  1.55ms,  22.41ms]  11.98ms  10.43ms  23.96ms
%%   'quick_restart_no_lp':         1 [ 84.56ms,  84.56ms]  84.56ms   0.00ns  84.56ms         2 [  1.54ms,  37.87ms]  19.71ms  18.16ms  39.41ms
%%         'reduced_costs':         1 [ 84.78ms,  84.78ms]  84.78ms   0.00ns  84.78ms         2 [  1.58ms,  19.92ms]  10.75ms   9.17ms  21.50ms
%%             'rins/rens':         4 [240.93us,   9.88ms]   4.57ms   4.38ms  18.28ms         1 [ 38.85us,  38.85us]  38.85us   0.00ns  38.85us
%%           'rnd_cst_lns':         3 [  2.23ms,  10.81ms]   5.33ms   3.88ms  16.00ms         3 [ 10.00ns, 262.80us]  87.63us 123.86us 262.89us
%%           'rnd_var_lns':         3 [  2.68ms,   6.57ms]   4.12ms   1.75ms  12.35ms         3 [ 10.00ns, 372.00ns] 158.33ns 154.84ns 475.00ns
%% 
%% Search stats              Bools  Conflicts  Branches  Restarts  BacktrackToRoot  Backtrack  BoolPropag  IntegerPropag
%%                  'core':    448        662     7'872         8            2'598      4'311     128'577         49'752
%%            'default_lp':    442        561     7'253         2            2'509      4'071     130'729         49'894
%%                 'fixed':    442        749     7'823         0            2'198      4'043     148'333         50'347
%%             'fs_random':    442          0         0         0                0          0           0              0
%%       'fs_random_no_lp':    442          0       176         0              176        176       2'834          1'302
%%        'lb_tree_search':    442          3     2'367         0            1'498      2'006      24'402         20'072
%%                'max_lp':    442         52     1'000         1              882        931      14'576         11'688
%%                 'no_lp':    442      1'176     7'931         4            2'542      4'721     168'501         62'931
%%          'pseudo_costs':    442         51     2'601         1            1'555      2'106      27'221         22'748
%%         'quick_restart':    442        428     6'052        25            2'260      3'729      97'648         37'364
%%   'quick_restart_no_lp':    442        909     9'869        63            2'732      4'716     176'711         66'482
%%         'reduced_costs':    442        100     2'629         2            1'564      2'165      30'692         24'862
%% 
%% SAT formula               Fixed  Equiv  Total  VarLeft  BinaryClauses  PermanentClauses  TemporaryClauses
%%                  'core':     27     11    448      410          1'648               216               234
%%            'default_lp':     31     11    442      400          1'712               190               166
%%                 'fixed':     26      9    442      407          1'606               385                95
%%             'fs_random':      0      0    442      442            860               187                 0
%%       'fs_random_no_lp':      0      0    442      442          1'088               187                 0
%%        'lb_tree_search':     32     12    442      398          1'676               165                 0
%%                'max_lp':     19      3    442      420          1'472               190                37
%%                 'no_lp':    244      6    442      192          1'990               459               556
%%          'pseudo_costs':     21      5    442      416          1'550               185                21
%%         'quick_restart':     33     11    442      398          1'702               237               159
%%   'quick_restart_no_lp':    307      5    442      130          1'870               439               372
%%         'reduced_costs':     21      5    442      416          1'554               179                73
%% 
%% SAT stats                 ClassicMinim  LitRemoved  LitRemovedBinary  LitLearned  LitForgotten  Subsumed
%%                  'core':           289         845             2'215       8'837             0       134
%%            'default_lp':           242       1'392             1'603       8'744             0       141
%%                 'fixed':           424       3'097               759      10'408             0       112
%%             'fs_random':             0           0                 0           0             0         0
%%       'fs_random_no_lp':             0           0                 0           0             0         0
%%        'lb_tree_search':             0           0                 0           3             0         0
%%                'max_lp':            29         186               280       1'131             0         8
%%                 'no_lp':           656       4'163             4'348      17'568             0       197
%%          'pseudo_costs':            26         373                91         630             0         4
%%         'quick_restart':           175       1'183             1'144       5'980             0        72
%%   'quick_restart_no_lp':           409       1'997             3'533      13'473             0       126
%%         'reduced_costs':            52         229             1'353       1'733             0        16
%% 
%% Vivification              Clauses  Decisions  LitTrue  Subsumed  LitRemoved  DecisionReused  Conflicts
%%                  'core':    1'092      3'265        0       102         856             178         16
%%            'default_lp':    1'037      3'912        1        59         763             292         35
%%                 'fixed':      782      4'637        0       212       3'662             198         94
%%             'fs_random':        0          0        0         0           0               0          0
%%       'fs_random_no_lp':        0          0        0         0           0               0          0
%%        'lb_tree_search':      325        682        0         0           0               0          0
%%                'max_lp':        0          0        0         0           0               0          0
%%                 'no_lp':    1'025      2'968        0        36         219             150         12
%%          'pseudo_costs':      350        732        0         1           4               0          0
%%         'quick_restart':      763      2'716        4        58         782             125         53
%%   'quick_restart_no_lp':    1'250      5'423        2        53         746             627         54
%%         'reduced_costs':      359        756        0         1          14               0          0
%% 
%% Clause deletion           at_true  l_and_not(l)  to_binary  sub_conflict  sub_extra  sub_decisions  sub_eager  sub_vivify  sub_probing  sub_inpro  blocked  eliminated  forgotten  promoted  conflicts
%%                  'core':        9            17         15           123          9              1         11         102           41         33        0           0          0     1'020        662
%%            'default_lp':        8            14         12           137          4              5          4          59            6         65        0           0          0       843        561
%%                 'fixed':        8             9         13           109          6              6          3         212           18         26        0           0          0       501        749
%%             'fs_random':        0             0          0             0          0              0          0           0            0          0        0           0          0         0          0
%%       'fs_random_no_lp':        0             0          0             0          0              0          0           0            0          0        0           0          0         0          0
%%        'lb_tree_search':        0            14          8             0          0              0          0           0            0          0        0           0          0         0          3
%%                'max_lp':        0             0          0             8          0              0          0           0            0          0        0           0          0        80         52
%%                 'no_lp':        8             7          6           179         17             12         18          36            9          7        0           0          0     1'984      1'176
%%          'pseudo_costs':        5             4          5             2          0              0          2           1            1          0        0           0          0        49         51
%%         'quick_restart':       14            12         16            70          4              5          2          58            1          9        0           0          0       467        428
%%   'quick_restart_no_lp':       13             4         10           123          4             19          3          53            9         10        0           0          0     1'086        909
%%         'reduced_costs':        4             3          5            13          0              0          3           1            2          0        0           0          0       221        100
%% 
%% Lp stats             Component  Iterations  AddedCuts  OPTIMAL  DUAL_F.  DUAL_U.
%%       'default_lp':          1         475         30      427        0        0
%%            'fixed':          1         286         22      422        0        0
%%        'fs_random':          1           0          0        0        0        0
%%   'lb_tree_search':          1         446        346        8        2        0
%%           'max_lp':          1       1'477        256       73       37        8
%%     'pseudo_costs':          1       1'665        204       83       85        7
%%    'quick_restart':          1         650         91      512        0        0
%%    'reduced_costs':          1       1'553        247       81       76       33
%% 
%% Lp dimension          Final dimension of first component
%%       'default_lp':    31 rows, 126 columns, 200 entries
%%            'fixed':    35 rows, 126 columns, 201 entries
%%        'fs_random':       0 rows, 126 columns, 0 entries
%%   'lb_tree_search':  390 rows, 322 columns, 2485 entries
%%           'max_lp':  352 rows, 322 columns, 2283 entries
%%     'pseudo_costs':  316 rows, 322 columns, 1617 entries
%%    'quick_restart':    83 rows, 126 columns, 444 entries
%%    'reduced_costs':  269 rows, 322 columns, 1466 entries
%% 
%% Lp debug             CutPropag  CutEqPropag  Adjust  Overflow  Bad  BadScaling
%%       'default_lp':          0            0       0         0    2           0
%%            'fixed':          0            0       0         0    0           0
%%        'fs_random':          0            0       0         0    0           0
%%   'lb_tree_search':          0            0      10         0  527           0
%%           'max_lp':          0            0     103         0  380           0
%%     'pseudo_costs':          0            0     135         0  201           0
%%    'quick_restart':          0            0      13         0   12           0
%%    'reduced_costs':          0            0      40         0  184           0
%% 
%% Lp pool              Constraints  Updates  Simplif  Merged  Shortened  Split  Strengthened  Cuts/Call
%%       'default_lp':          107        0       24       0         25      0             0      30/39
%%            'fixed':           99        0       49       0         49      0             1      22/26
%%        'fs_random':           80        0        0       0          0      0             0        0/0
%%   'lb_tree_search':          609        3      107       0         49      0            72    346/820
%%           'max_lp':          519        0      104       0         47      0            88    256/714
%%     'pseudo_costs':          467        2      135       0         41      0           109    204/485
%%    'quick_restart':          168        5       86       0         75      7             4     91/222
%%    'reduced_costs':          510        5      129       0         37      0           109    247/577
%% 
%% Lp Cut            default_lp  fixed  max_lp  quick_restart  reduced_costs  pseudo_costs  lb_tree_search
%%           CG_FF:           1      -      10              8              5             1               4
%%            CG_K:           -      -       9              2              3             -               2
%%           CG_KL:           -      -       -              -              1             -               2
%%            CG_R:           1      -      22              4             19            11              12
%%           CG_RB:           1      -       9              6              4             -               1
%%          CG_RBP:           -      -       5              1              4             -               9
%%          Clique:           -      -       7              -             16            12              12
%%              IB:          24     22       1             45             42            46               -
%%        MIR_1_FF:           2      -       8             11             12             8               4
%%         MIR_1_K:           -      -      25              4             24            14              27
%%        MIR_1_KL:           -      -       3              -              2             2               -
%%        MIR_1_RB:           -      -       8              -              9             3              14
%%       MIR_1_RBP:           -      -       -              1              4             2               -
%%       MIR_1_RLT:           -      -       -              -              2             3               -
%%        MIR_2_FF:           -      -       6              3              5             6              11
%%         MIR_2_K:           -      -      25              -             11            17              39
%%        MIR_2_KL:           -      -       9              -              5             6               8
%%         MIR_2_R:           -      -       3              2              5             4               4
%%        MIR_2_RB:           -      -       6              1              7             5              13
%%       MIR_2_RBP:           -      -       5              -              9             7               9
%%        MIR_3_FF:           -      -      22              -              6             2              22
%%         MIR_3_K:           -      -       5              -              4             4               8
%%        MIR_3_KL:           -      -       7              -              4             1              12
%%         MIR_3_R:           -      -       9              -              3             4               4
%%        MIR_3_RB:           -      -       1              -              5             2               5
%%       MIR_3_RBP:           -      -       3              -              6             3               4
%%        MIR_4_FF:           -      -       1              -              1             4               1
%%         MIR_4_K:           -      -       1              -              -             2               4
%%        MIR_4_KL:           -      -       1              -              -             1               -
%%         MIR_4_R:           -      -       1              -              1             1               1
%%        MIR_4_RB:           -      -       -              -              -             -               2
%%       MIR_4_RBP:           -      -       1              -              -             1               2
%%        MIR_5_FF:           -      -       1              -              -             1               2
%%         MIR_5_K:           -      -       -              -              -             1               2
%%         MIR_5_R:           -      -       1              -              -             -               -
%%        MIR_5_RB:           -      -       -              -              -             -               2
%%       MIR_5_RBP:           -      -       -              -              -             -               1
%%        MIR_6_FF:           -      -       3              -              -             -               -
%%         MIR_6_K:           -      -       -              -              -             1               1
%%        MIR_6_RB:           -      -       -              -              -             1               -
%%       MIR_6_RBP:           -      -       -              -              -             1               -
%%    ZERO_HALF_FF:           -      -       6              1              4             -              10
%%     ZERO_HALF_K:           -      -      10              -              4             4              22
%%    ZERO_HALF_KL:           -      -       -              -              -             4              11
%%     ZERO_HALF_R:           1      -      18              2             17            15              37
%%    ZERO_HALF_RB:           -      -       -              -              -             -              11
%%   ZERO_HALF_RBP:           -      -       4              -              3             4              11
%% 
%% LNS stats           Improv/Calls  Closed  Difficulty  TimeLimit
%%   'graph_arc_lns':           0/3    100%    8.76e-01       0.10
%%   'graph_cst_lns':           0/3    100%    8.76e-01       0.10
%%   'graph_dec_lns':           0/2    100%    8.14e-01       0.10
%%   'graph_var_lns':           2/3    100%    8.76e-01       0.10
%%       'rins/rens':           0/1    100%    7.07e-01       0.10
%%     'rnd_cst_lns':           0/3    100%    8.76e-01       0.10
%%     'rnd_var_lns':           0/3    100%    8.76e-01       0.10
%% 
%% LS stats                          Batches  Restarts/Perturbs  LinMoves  GenMoves  CompoundMoves  Bactracks  WeightUpdates  ScoreComputed
%%                    'fj_restart':        1                  1        55         0              0          0              0            196
%%                'ls_lin_restart':        1                  1    14'886         0              0          0          7'584         79'345
%%        'ls_lin_restart_perturb':        1                  1     3'108         0              0          0          2'147         14'904
%%   'ls_restart_compound_perturb':        1                  1         0    10'759            193      5'283             77         53'843
%%              'ls_restart_decay':        1                  1         0         0              0          0              0              0
%% 
%% Solutions (13)            Num     Rank
%%                  'core':    2    [2,3]
%%            'default_lp':    2  [12,13]
%%            'fj_restart':    2    [0,1]
%%                 'no_lp':   16   [1,11]
%%         'quick_restart':    2  [11,12]
%%   'quick_restart_no_lp':    2    [7,8]
%% 
%% Objective bounds     Num
%%        'bool_core':    2
%%   'initial_domain':    1
%%   'lb_tree_search':    2
%%           'max_lp':    1
%%            'no_lp':    1
%% 
%% Solution repositories    Added  Queried  Synchro
%%     'alternative_path':      1        0        1
%%       'best_solutions':     53       28       39
%%    'fj solution hints':      0        0        0
%%         'lp solutions':      3        3        3
%%                 'pump':      2        1
%% 
%% Improving bounds shared    Num  Sym
%%                   'core':    5    0
%%             'default_lp':    7    0
%%                  'fixed':    2    0
%%                  'no_lp':  136    0
%%           'pseudo_costs':    2    0
%%          'quick_restart':    5    0
%%    'quick_restart_no_lp':   25    0
%% 
%% Clauses shared            #Exported  #Imported  #BinaryRead  #BinaryTotal
%%                  'core':         61          0          316           407
%%            'default_lp':         60          0          310           407
%%                 'fixed':         58          0          261           407
%%             'fs_random':          0          0            0           407
%%       'fs_random_no_lp':          0          0            0           407
%%        'lb_tree_search':          2          0          396           407
%%                'max_lp':          0          0           88           407
%%                 'no_lp':         34          0          407           407
%%          'pseudo_costs':          1          0          194           407
%%         'quick_restart':         55          0          387           407
%%   'quick_restart_no_lp':        133          0          407           407
%%         'reduced_costs':          3          0          196           407
%% 
%% LRAT_status: NA
%% CpSolverResponse summary:
%% status: OPTIMAL
%% objective: 210
%% best_bound: 210
%% integers: 127
%% booleans: 442
%% conflicts: 0
%% branches: 176
%% propagations: 2834
%% integer_propagations: 1302
%% restarts: 0
%% lp_iterations: 0
%% walltime: 0.184929
%% usertime: 0.184929
%% deterministic_time: 0.386058
%% gap_integral: 0.350075
%% solution_fingerprint: 0xe8dea6d0db8e364c
%% 
how = [-2, -2, -1, 1, 1, 4, 2, 2, 2, -8];
objective = 210;
----------
==========
   Done (overall time 0.48 s).
