# WCTIME: wall clock time in seconds
WCTIME=1800.3
# CPUTIME: CPU time in seconds (USERTIME+SYSTEMTIME)
CPUTIME=1791.22
# USERTIME: CPU time spent in user mode in seconds
USERTIME=1764.71
# SYSTEMTIME: CPU time spent in system mode in seconds
SYSTEMTIME=26.511
# CPUUSAGE: CPUTIME/WCTIME in percent
CPUUSAGE=99.4959
# MAXVM: maximum virtual memory used in KiB
MAXVM=19270916
# MAXMM: maximum memory used in KiB
MAXMM=16931432
# MAXRSS: maximum Resident Segment Size in KiB
MAXRSS=16928328
# TIMEOUT: did the solver exceed the time limit?
TIMEOUT=true
# MEMOUT: did the solver exceed the memory limit?
MEMOUT=false
# EXITSTATUS: Exit status of the solver
EXITSTATUS=36608
