# WCTIME: wall clock time in seconds
WCTIME=9.48682
# CPUTIME: CPU time in seconds (USERTIME+SYSTEMTIME)
CPUTIME=9.4205
# USERTIME: CPU time spent in user mode in seconds
USERTIME=8.7588
# SYSTEMTIME: CPU time spent in system mode in seconds
SYSTEMTIME=0.661702
# CPUUSAGE: CPUTIME/WCTIME in percent
CPUUSAGE=99.3009
# MAXVM: maximum virtual memory used in KiB
MAXVM=1236968
# MAXMM: maximum memory used in KiB
MAXMM=1056740
# MAXRSS: maximum Resident Segment Size in KiB
MAXRSS=1061864
# TIMEOUT: did the solver exceed the time limit?
TIMEOUT=false
# MEMOUT: did the solver exceed the memory limit?
MEMOUT=false
# EXITSTATUS: Exit status of the solver
EXITSTATUS=0
