# WCTIME: wall clock time in seconds
WCTIME=137.723
# CPUTIME: CPU time in seconds (USERTIME+SYSTEMTIME)
CPUTIME=1802.82
# USERTIME: CPU time spent in user mode in seconds
USERTIME=1775.14
# SYSTEMTIME: CPU time spent in system mode in seconds
SYSTEMTIME=27.6865
# CPUUSAGE: CPUTIME/WCTIME in percent
CPUUSAGE=1309.02
# MAXVM: maximum virtual memory used in KiB
MAXVM=18379700
# MAXMM: maximum memory used in KiB
MAXMM=14441160
# MAXRSS: maximum Resident Segment Size in KiB
MAXRSS=14441528
# TIMEOUT: did the solver exceed the time limit?
TIMEOUT=true
# MEMOUT: did the solver exceed the memory limit?
MEMOUT=false
# EXITSTATUS: Exit status of the solver
EXITSTATUS=15
