# WCTIME: wall clock time in seconds
WCTIME=1800.72
# CPUTIME: CPU time in seconds (USERTIME+SYSTEMTIME)
CPUTIME=1791.52
# USERTIME: CPU time spent in user mode in seconds
USERTIME=1730.5
# SYSTEMTIME: CPU time spent in system mode in seconds
SYSTEMTIME=61.0202
# CPUUSAGE: CPUTIME/WCTIME in percent
CPUUSAGE=99.4893
# MAXVM: maximum virtual memory used in KiB
MAXVM=21209320
# MAXMM: maximum memory used in KiB
MAXMM=20218472
# MAXRSS: maximum Resident Segment Size in KiB
MAXRSS=20215368
# TIMEOUT: did the solver exceed the time limit?
TIMEOUT=true
# MEMOUT: did the solver exceed the memory limit?
MEMOUT=false
# EXITSTATUS: Exit status of the solver
EXITSTATUS=36608
