# WCTIME: wall clock time in seconds
WCTIME=24.8773
# CPUTIME: CPU time in seconds (USERTIME+SYSTEMTIME)
CPUTIME=24.7337
# USERTIME: CPU time spent in user mode in seconds
USERTIME=24.6732
# SYSTEMTIME: CPU time spent in system mode in seconds
SYSTEMTIME=0.060504
# CPUUSAGE: CPUTIME/WCTIME in percent
CPUUSAGE=99.4225
# MAXVM: maximum virtual memory used in KiB
MAXVM=219648
# MAXMM: maximum memory used in KiB
MAXMM=33560
# MAXRSS: maximum Resident Segment Size in KiB
MAXRSS=35752
# TIMEOUT: did the solver exceed the time limit?
TIMEOUT=false
# MEMOUT: did the solver exceed the memory limit?
MEMOUT=false
# EXITSTATUS: Exit status of the solver
EXITSTATUS=0
