# WCTIME: wall clock time in seconds
WCTIME=3.46462
# CPUTIME: CPU time in seconds (USERTIME+SYSTEMTIME)
CPUTIME=3.42322
# USERTIME: CPU time spent in user mode in seconds
USERTIME=3.31596
# SYSTEMTIME: CPU time spent in system mode in seconds
SYSTEMTIME=0.10726
# CPUUSAGE: CPUTIME/WCTIME in percent
CPUUSAGE=98.805
# MAXVM: maximum virtual memory used in KiB
MAXVM=304864
# MAXMM: maximum memory used in KiB
MAXMM=113828
# MAXRSS: maximum Resident Segment Size in KiB
MAXRSS=110808
# TIMEOUT: did the solver exceed the time limit?
TIMEOUT=false
# MEMOUT: did the solver exceed the memory limit?
MEMOUT=false
# EXITSTATUS: Exit status of the solver
EXITSTATUS=0
