# WCTIME: wall clock time in seconds
WCTIME=191.231
# CPUTIME: CPU time in seconds (USERTIME+SYSTEMTIME)
CPUTIME=190.192
# USERTIME: CPU time spent in user mode in seconds
USERTIME=188.093
# SYSTEMTIME: CPU time spent in system mode in seconds
SYSTEMTIME=2.09882
# CPUUSAGE: CPUTIME/WCTIME in percent
CPUUSAGE=99.4565
# MAXVM: maximum virtual memory used in KiB
MAXVM=3033988
# MAXMM: maximum memory used in KiB
MAXMM=2466020
# MAXRSS: maximum Resident Segment Size in KiB
MAXRSS=2466020
# TIMEOUT: did the solver exceed the time limit?
TIMEOUT=false
# MEMOUT: did the solver exceed the memory limit?
MEMOUT=false
# EXITSTATUS: Exit status of the solver
EXITSTATUS=0
