# WCTIME: wall clock time in seconds
WCTIME=50.813
# CPUTIME: CPU time in seconds (USERTIME+SYSTEMTIME)
CPUTIME=50.629
# USERTIME: CPU time spent in user mode in seconds
USERTIME=44.0493
# SYSTEMTIME: CPU time spent in system mode in seconds
SYSTEMTIME=6.57966
# CPUUSAGE: CPUTIME/WCTIME in percent
CPUUSAGE=99.6379
# MAXVM: maximum virtual memory used in KiB
MAXVM=19432488
# MAXMM: maximum memory used in KiB
MAXMM=17232416
# MAXRSS: maximum Resident Segment Size in KiB
MAXRSS=17243616
# TIMEOUT: did the solver exceed the time limit?
TIMEOUT=false
# MEMOUT: did the solver exceed the memory limit?
MEMOUT=false
# EXITSTATUS: Exit status of the solver
EXITSTATUS=0
