c cmd: /host-parser-bin/kat_xcsp_31b6e7a3_scip_static /bench/competition/2022-2025/COP22to25/NurseRostering-06_c22.xml.lzma --encoder log-scop --order-ge-table mdd-tl --progress
c 00h00m00s | solve:start
c 00h00m00s | input: constraints=2471
c 00h00m00s | stage:propagate:start
c 00h00m00s | stage:propagate:done ms=29 pruned=1568 changed_domains=570 entailed_tables=28
c 00h00m00s | stage:normalize:start
c 00h00m00s | stage:normalize:done ms=0 high_constraints=2471
c 00h00m00s | stage:lower:start
c 00h00m00s | stage:lower:done ms=86 lowered=2471 unsupported=0
c 00h00m00s | stage:post_lower:start
c 00h00m00s | stage:post_lower:done ms=2 rounds=21 tightened=40 removed_cls=850 removed_lits=831 unsat=false precise_hits=0 precise_rounds=1 pivot_recomputes=114 pivot_exact_attempts=0 pivot_general_attempts=114 pivot_general_rest_missing=0 pivot_general_bound_missing=0 pivot_general_no_change=114 pivot_general_tightened=0 setup_ms=1 loop_ms=1 pivot_ms=0 pivot_version_ms=0 pivot_exact_ms=0 pivot_general_ms=0 pivot_general_prepare_ms=0 pivot_general_rest_ms=0 pivot_general_derive_ms=0 apply_ms=0 sat_ms=0 precise_ms=0
c 00h00m00s | stage:lowered-shape int_vars=4787 bool_vars=6596 linear_atoms=3044 table_atoms=3416 table_tuples=15294 table_scope=9678 alldiff_atoms=0 circuit_atoms=0 product_atoms=0 logical_clauses=16849
c 00h00m00s | stage:root-lp:start backend=scip-ffi
c 00h00m03s | stage:root-lp:bound backend=scip-ffi status=optimal objective_value=0 naive_bounds=[0,30171] lp_bounds=[0,30171] improved=0 rows=13108 vars=25219 ms=3336
c 00h00m03s | stage:preencode(log-scop):start
c 00h00m03s | stage:preencode(log-scop):done ms=39 int_vars=4787
c 00h00m03s | stage:encode(log-scop):start
c 00h00m03s | stage:encode(log-scop):done ms=303 sat_vars=147288 sat_clauses=393367 ext_ge_specs=0 relaxed_circuits=0 log_scop_pb_constraints=9037 log_scop_pb_mixed=0 log_scop_pb_bdd2=0 log_scop_pb_bdd3=9037 log_scop_pb_sorter=0 log_scop_pb_dadda=0 log_scop_bdd_raw=9037 log_scop_bdd_binary=0 log_scop_bdd_multibase=0
c 00h00m03s | stage:sat:init solver=CaDiCaL vars=147288 clauses=393367
c 00h00m03s | stage:sat:solve:start round=1 cegar_rounds=1 assumptions=0
c 00h00m05s | stage:sat:solve:done round=1 ms=1627 result=Sat assumptions=0
c 00h00m05s | stage:decode:start round=1 requested_int_ids=1007
c 00h00m05s | stage:decode:final:start round=1 requested_int_ids=1007
c 00h00m05s | stage:decode:done round=1 int_assignments=1007
c 00h00m05s | stage:relaxation:done clauses_added=0 cegar_failures=0 cegar_rounds=1 cegar_added_clauses=0
c 00h00m05s | result:Sat
c 00h00m05s | objective:incumbent kind=initial value=12637 rounds=1 improvements=0
o 12637
c 00h00m05s | stage:sat:init solver=CaDiCaL vars=147288 clauses=393367
c 00h00m05s | stage:sat:solve:start round=1 cegar_rounds=2 assumptions=0
c 00h00m05s | stage:sat:solve:done round=1 ms=43 result=Sat assumptions=0
c 00h00m05s | stage:decode:start round=1 requested_int_ids=1007
c 00h00m05s | stage:relaxation:done round=1 clauses_added=441318 cegar_failures=1 cegar_rounds=2 cegar_added_clauses=441318
c 00h00m06s | stage:sat:solve:start round=2 cegar_rounds=3 assumptions=0
c 00h00m18s | stage:sat:solve:done round=2 ms=12108 result=Sat assumptions=0
c 00h00m18s | stage:decode:start round=2 requested_int_ids=1007
c 00h00m18s | stage:decode:final:start round=2 requested_int_ids=1007
c 00h00m18s | stage:decode:done round=2 int_assignments=1007
c 00h00m18s | stage:relaxation:done clauses_added=0 cegar_failures=1 cegar_rounds=3 cegar_added_clauses=441318
c 00h00m18s | result:Sat
c 00h00m18s | objective:incumbent kind=improvement value=9705 rounds=2 improvements=1
o 9705
c 00h00m18s | stage:sat:init solver=CaDiCaL vars=147288 clauses=393367
c 00h00m18s | stage:sat:solve:start round=1 cegar_rounds=4 assumptions=0
c 00h00m18s | stage:sat:solve:done round=1 ms=78 result=Sat assumptions=0
c 00h00m18s | stage:decode:start round=1 requested_int_ids=1007
c 00h00m18s | stage:relaxation:done round=1 clauses_added=434398 cegar_failures=2 cegar_rounds=4 cegar_added_clauses=875716
c 00h00m18s | stage:sat:solve:start round=2 cegar_rounds=5 assumptions=0
c 00h00m26s | stage:sat:solve:done round=2 ms=7589 result=Sat assumptions=0
c 00h00m26s | stage:decode:start round=2 requested_int_ids=1007
c 00h00m26s | stage:decode:final:start round=2 requested_int_ids=1007
c 00h00m26s | stage:decode:done round=2 int_assignments=1007
c 00h00m26s | stage:relaxation:done clauses_added=0 cegar_failures=2 cegar_rounds=5 cegar_added_clauses=875716
c 00h00m26s | result:Sat
c 00h00m26s | objective:incumbent kind=improvement value=8390 rounds=3 improvements=2
o 8390
c 00h00m26s | stage:sat:init solver=CaDiCaL vars=147288 clauses=393367
c 00h00m26s | stage:sat:solve:start round=1 cegar_rounds=6 assumptions=0
c 00h00m26s | stage:sat:solve:done round=1 ms=57 result=Sat assumptions=0
c 00h00m26s | stage:decode:start round=1 requested_int_ids=1007
c 00h00m26s | stage:relaxation:done round=1 clauses_added=429943 cegar_failures=3 cegar_rounds=6 cegar_added_clauses=1305659
c 00h00m26s | stage:sat:solve:start round=2 cegar_rounds=7 assumptions=0
c 00h01m15s | stage:sat:solve:done round=2 ms=49407 result=Sat assumptions=0
c 00h01m15s | stage:decode:start round=2 requested_int_ids=1007
c 00h01m15s | stage:decode:final:start round=2 requested_int_ids=1007
c 00h01m15s | stage:decode:done round=2 int_assignments=1007
c 00h01m15s | stage:relaxation:done clauses_added=0 cegar_failures=3 cegar_rounds=7 cegar_added_clauses=1305659
c 00h01m15s | result:Sat
c 00h01m15s | objective:incumbent kind=improvement value=7694 rounds=4 improvements=3
o 7694
c 00h01m15s | stage:sat:init solver=CaDiCaL vars=147288 clauses=393367
c 00h01m15s | stage:sat:solve:start round=1 cegar_rounds=8 assumptions=0
c 00h01m16s | stage:sat:solve:done round=1 ms=130 result=Sat assumptions=0
c 00h01m16s | stage:decode:start round=1 requested_int_ids=1007
c 00h01m16s | stage:relaxation:done round=1 clauses_added=426689 cegar_failures=4 cegar_rounds=8 cegar_added_clauses=1732348
c 00h01m16s | stage:sat:solve:start round=2 cegar_rounds=9 assumptions=0
c 00h01m41s | stage:sat:solve:done round=2 ms=25340 result=Sat assumptions=0
c 00h01m41s | stage:decode:start round=2 requested_int_ids=1007
c 00h01m41s | stage:decode:final:start round=2 requested_int_ids=1007
c 00h01m41s | stage:decode:done round=2 int_assignments=1007
c 00h01m41s | stage:relaxation:done clauses_added=0 cegar_failures=4 cegar_rounds=9 cegar_added_clauses=1732348
c 00h01m41s | result:Sat
c 00h01m41s | objective:incumbent kind=improvement value=7681 rounds=5 improvements=4
o 7681
c 00h01m41s | stage:sat:init solver=CaDiCaL vars=147288 clauses=393367
c 00h01m41s | stage:sat:solve:start round=1 cegar_rounds=10 assumptions=0
c 00h01m41s | stage:sat:solve:done round=1 ms=147 result=Sat assumptions=0
c 00h01m41s | stage:decode:start round=1 requested_int_ids=1007
c 00h01m41s | stage:relaxation:done round=1 clauses_added=426948 cegar_failures=5 cegar_rounds=10 cegar_added_clauses=2159296
c 00h01m42s | stage:sat:solve:start round=2 cegar_rounds=11 assumptions=0
c 00h02m34s | stage:sat:solve:done round=2 ms=52479 result=Sat assumptions=0
c 00h02m34s | stage:decode:start round=2 requested_int_ids=1007
c 00h02m34s | stage:decode:final:start round=2 requested_int_ids=1007
c 00h02m34s | stage:decode:done round=2 int_assignments=1007
c 00h02m34s | stage:relaxation:done clauses_added=0 cegar_failures=5 cegar_rounds=11 cegar_added_clauses=2159296
c 00h02m34s | result:Sat
c 00h02m34s | objective:incumbent kind=improvement value=7610 rounds=6 improvements=5
o 7610
c 00h02m34s | stage:sat:init solver=CaDiCaL vars=147288 clauses=393367
c 00h02m34s | stage:sat:solve:start round=1 cegar_rounds=12 assumptions=0
c 00h02m34s | stage:sat:solve:done round=1 ms=155 result=Sat assumptions=0
c 00h02m34s | stage:decode:start round=1 requested_int_ids=1007
c 00h02m34s | stage:relaxation:done round=1 clauses_added=425642 cegar_failures=6 cegar_rounds=12 cegar_added_clauses=2584938
c 00h02m35s | stage:sat:solve:start round=2 cegar_rounds=13 assumptions=0
c 00h02m44s | stage:sat:solve:done round=2 ms=9000 result=Sat assumptions=0
c 00h02m44s | stage:decode:start round=2 requested_int_ids=1007
c 00h02m44s | stage:decode:final:start round=2 requested_int_ids=1007
c 00h02m44s | stage:decode:done round=2 int_assignments=1007
c 00h02m44s | stage:relaxation:done clauses_added=0 cegar_failures=6 cegar_rounds=13 cegar_added_clauses=2584938
c 00h02m44s | result:Sat
c 00h02m44s | objective:incumbent kind=improvement value=7472 rounds=7 improvements=6
o 7472
c 00h02m44s | stage:sat:init solver=CaDiCaL vars=147288 clauses=393367
c 00h02m44s | stage:sat:solve:start round=1 cegar_rounds=14 assumptions=0
c 00h02m44s | stage:sat:solve:done round=1 ms=235 result=Sat assumptions=0
c 00h02m44s | stage:decode:start round=1 requested_int_ids=1007
c 00h02m44s | stage:relaxation:done round=1 clauses_added=424832 cegar_failures=7 cegar_rounds=14 cegar_added_clauses=3009770
c 00h02m44s | stage:sat:solve:start round=2 cegar_rounds=15 assumptions=0
c 00h03m32s | stage:sat:solve:done round=2 ms=47876 result=Sat assumptions=0
c 00h03m32s | stage:decode:start round=2 requested_int_ids=1007
c 00h03m32s | stage:decode:final:start round=2 requested_int_ids=1007
c 00h03m32s | stage:decode:done round=2 int_assignments=1007
c 00h03m32s | stage:relaxation:done clauses_added=0 cegar_failures=7 cegar_rounds=15 cegar_added_clauses=3009770
c 00h03m32s | result:Sat
c 00h03m32s | objective:incumbent kind=improvement value=7471 rounds=8 improvements=7
o 7471
c 00h03m32s | stage:sat:init solver=CaDiCaL vars=147288 clauses=393367
c 00h03m32s | stage:sat:solve:start round=1 cegar_rounds=16 assumptions=0
c 00h03m32s | stage:sat:solve:done round=1 ms=216 result=Sat assumptions=0
c 00h03m32s | stage:decode:start round=1 requested_int_ids=1007
c 00h03m32s | stage:relaxation:done round=1 clauses_added=425330 cegar_failures=8 cegar_rounds=16 cegar_added_clauses=3435100
c 00h03m33s | stage:sat:solve:start round=2 cegar_rounds=17 assumptions=0
c 00h03m56s | stage:sat:solve:done round=2 ms=23142 result=Sat assumptions=0
c 00h03m56s | stage:decode:start round=2 requested_int_ids=1007
c 00h03m56s | stage:decode:final:start round=2 requested_int_ids=1007
c 00h03m56s | stage:decode:done round=2 int_assignments=1007
c 00h03m56s | stage:relaxation:done clauses_added=0 cegar_failures=8 cegar_rounds=17 cegar_added_clauses=3435100
c 00h03m56s | result:Sat
c 00h03m56s | objective:incumbent kind=improvement value=7264 rounds=9 improvements=8
o 7264
c 00h03m56s | stage:sat:init solver=CaDiCaL vars=147288 clauses=393367
c 00h03m56s | stage:sat:solve:start round=1 cegar_rounds=18 assumptions=0
c 00h03m56s | stage:sat:solve:done round=1 ms=199 result=Sat assumptions=0
c 00h03m56s | stage:decode:start round=1 requested_int_ids=1007
c 00h03m56s | stage:relaxation:done round=1 clauses_added=423442 cegar_failures=9 cegar_rounds=18 cegar_added_clauses=3858542
c 00h03m56s | stage:sat:solve:start round=2 cegar_rounds=19 assumptions=0
c 00h05m03s | stage:sat:solve:done round=2 ms=66919 result=Sat assumptions=0
c 00h05m03s | stage:decode:start round=2 requested_int_ids=1007
c 00h05m03s | stage:decode:final:start round=2 requested_int_ids=1007
c 00h05m03s | stage:decode:done round=2 int_assignments=1007
c 00h05m03s | stage:relaxation:done clauses_added=0 cegar_failures=9 cegar_rounds=19 cegar_added_clauses=3858542
c 00h05m03s | result:Sat
c 00h05m03s | objective:incumbent kind=improvement value=7263 rounds=10 improvements=9
o 7263
c 00h05m03s | stage:sat:init solver=CaDiCaL vars=147288 clauses=393367
c 00h05m03s | stage:sat:solve:start round=1 cegar_rounds=20 assumptions=0
c 00h05m04s | stage:sat:solve:done round=1 ms=331 result=Sat assumptions=0
c 00h05m04s | stage:decode:start round=1 requested_int_ids=1007
c 00h05m04s | stage:relaxation:done round=1 clauses_added=423940 cegar_failures=10 cegar_rounds=20 cegar_added_clauses=4282482
c 00h05m04s | stage:sat:solve:start round=2 cegar_rounds=21 assumptions=0
c 00h05m37s | stage:sat:solve:done round=2 ms=32872 result=Sat assumptions=0
c 00h05m37s | stage:decode:start round=2 requested_int_ids=1007
c 00h05m37s | stage:decode:final:start round=2 requested_int_ids=1007
c 00h05m37s | stage:decode:done round=2 int_assignments=1007
c 00h05m37s | stage:relaxation:done clauses_added=0 cegar_failures=10 cegar_rounds=21 cegar_added_clauses=4282482
c 00h05m37s | result:Sat
c 00h05m37s | objective:incumbent kind=improvement value=7262 rounds=11 improvements=10
o 7262
c 00h05m37s | stage:sat:init solver=CaDiCaL vars=147288 clauses=393367
c 00h05m37s | stage:sat:solve:start round=1 cegar_rounds=22 assumptions=0
c 00h05m37s | stage:sat:solve:done round=1 ms=452 result=Sat assumptions=0
c 00h05m37s | stage:decode:start round=1 requested_int_ids=1007
c 00h05m38s | stage:relaxation:done round=1 clauses_added=423939 cegar_failures=11 cegar_rounds=22 cegar_added_clauses=4706421
c 00h05m38s | stage:sat:solve:start round=2 cegar_rounds=23 assumptions=0
c 00h06m13s | stage:sat:solve:done round=2 ms=35400 result=Sat assumptions=0
c 00h06m13s | stage:decode:start round=2 requested_int_ids=1007
c 00h06m13s | stage:decode:final:start round=2 requested_int_ids=1007
c 00h06m13s | stage:decode:done round=2 int_assignments=1007
c 00h06m13s | stage:relaxation:done clauses_added=0 cegar_failures=11 cegar_rounds=23 cegar_added_clauses=4706421
c 00h06m13s | result:Sat
c 00h06m13s | objective:incumbent kind=improvement value=7079 rounds=12 improvements=11
o 7079
c 00h06m13s | stage:sat:init solver=CaDiCaL vars=147288 clauses=393367
c 00h06m13s | stage:sat:solve:start round=1 cegar_rounds=24 assumptions=0
c 00h06m13s | stage:sat:solve:done round=1 ms=285 result=Sat assumptions=0
c 00h06m13s | stage:decode:start round=1 requested_int_ids=1007
c 00h06m14s | stage:relaxation:done round=1 clauses_added=423524 cegar_failures=12 cegar_rounds=24 cegar_added_clauses=5129945
c 00h06m14s | stage:sat:solve:start round=2 cegar_rounds=25 assumptions=0
c 00h06m46s | stage:sat:solve:done round=2 ms=32109 result=Sat assumptions=0
c 00h06m46s | stage:decode:start round=2 requested_int_ids=1007
c 00h06m46s | stage:decode:final:start round=2 requested_int_ids=1007
c 00h06m46s | stage:decode:done round=2 int_assignments=1007
c 00h06m46s | stage:relaxation:done clauses_added=0 cegar_failures=12 cegar_rounds=25 cegar_added_clauses=5129945
c 00h06m46s | result:Sat
c 00h06m46s | objective:incumbent kind=improvement value=7063 rounds=13 improvements=12
o 7063
c 00h06m46s | stage:sat:init solver=CaDiCaL vars=147288 clauses=393367
c 00h06m46s | stage:sat:solve:start round=1 cegar_rounds=26 assumptions=0
c 00h06m46s | stage:sat:solve:done round=1 ms=494 result=Sat assumptions=0
c 00h06m46s | stage:decode:start round=1 requested_int_ids=1007
c 00h06m47s | stage:relaxation:done round=1 clauses_added=423594 cegar_failures=13 cegar_rounds=26 cegar_added_clauses=5553539
c 00h06m47s | stage:sat:solve:start round=2 cegar_rounds=27 assumptions=0
c 00h07m17s | stage:sat:solve:done round=2 ms=30593 result=Sat assumptions=0
c 00h07m17s | stage:decode:start round=2 requested_int_ids=1007
c 00h07m17s | stage:decode:final:start round=2 requested_int_ids=1007
c 00h07m17s | stage:decode:done round=2 int_assignments=1007
c 00h07m17s | stage:relaxation:done clauses_added=0 cegar_failures=13 cegar_rounds=27 cegar_added_clauses=5553539
c 00h07m17s | result:Sat
c 00h07m17s | objective:incumbent kind=improvement value=6978 rounds=14 improvements=13
o 6978
c 00h07m17s | stage:sat:init solver=CaDiCaL vars=147288 clauses=393367
c 00h07m17s | stage:sat:solve:start round=1 cegar_rounds=28 assumptions=0
c 00h07m18s | stage:sat:solve:done round=1 ms=489 result=Sat assumptions=0
c 00h07m18s | stage:decode:start round=1 requested_int_ids=1007
c 00h07m18s | stage:relaxation:done round=1 clauses_added=423164 cegar_failures=14 cegar_rounds=28 cegar_added_clauses=5976703
c 00h07m18s | stage:sat:solve:start round=2 cegar_rounds=29 assumptions=0
c 00h09m54s | stage:sat:solve:done round=2 ms=156236 result=Sat assumptions=0
c 00h09m54s | stage:decode:start round=2 requested_int_ids=1007
c 00h09m54s | stage:decode:final:start round=2 requested_int_ids=1007
c 00h09m54s | stage:decode:done round=2 int_assignments=1007
c 00h09m54s | stage:relaxation:done clauses_added=0 cegar_failures=14 cegar_rounds=29 cegar_added_clauses=5976703
c 00h09m54s | result:Sat
c 00h09m54s | objective:incumbent kind=improvement value=6973 rounds=15 improvements=14
o 6973
c 00h09m54s | stage:sat:init solver=CaDiCaL vars=147288 clauses=393367
c 00h09m54s | stage:sat:solve:start round=1 cegar_rounds=30 assumptions=0
c 00h09m55s | stage:sat:solve:done round=1 ms=819 result=Sat assumptions=0
c 00h09m55s | stage:decode:start round=1 requested_int_ids=1007
c 00h09m55s | stage:relaxation:done round=1 clauses_added=422413 cegar_failures=15 cegar_rounds=30 cegar_added_clauses=6399116
c 00h09m56s | stage:sat:solve:start round=2 cegar_rounds=31 assumptions=0
c 00h10m39s | stage:sat:solve:done round=2 ms=42923 result=Sat assumptions=0
c 00h10m39s | stage:decode:start round=2 requested_int_ids=1007
c 00h10m39s | stage:decode:final:start round=2 requested_int_ids=1007
c 00h10m39s | stage:decode:done round=2 int_assignments=1007
c 00h10m39s | stage:relaxation:done clauses_added=0 cegar_failures=15 cegar_rounds=31 cegar_added_clauses=6399116
c 00h10m39s | result:Sat
c 00h10m39s | objective:incumbent kind=improvement value=6972 rounds=16 improvements=15
o 6972
c 00h10m39s | stage:sat:init solver=CaDiCaL vars=147288 clauses=393367
c 00h10m39s | stage:sat:solve:start round=1 cegar_rounds=32 assumptions=0
c 00h10m39s | stage:sat:solve:done round=1 ms=326 result=Sat assumptions=0
c 00h10m39s | stage:decode:start round=1 requested_int_ids=1007
c 00h10m39s | stage:relaxation:done round=1 clauses_added=422163 cegar_failures=16 cegar_rounds=32 cegar_added_clauses=6821279
c 00h10m40s | stage:sat:solve:start round=2 cegar_rounds=33 assumptions=0
c 00h11m01s | stage:sat:solve:done round=2 ms=21535 result=Sat assumptions=0
c 00h11m01s | stage:decode:start round=2 requested_int_ids=1007
c 00h11m01s | stage:decode:final:start round=2 requested_int_ids=1007
c 00h11m01s | stage:decode:done round=2 int_assignments=1007
c 00h11m01s | stage:relaxation:done clauses_added=0 cegar_failures=16 cegar_rounds=33 cegar_added_clauses=6821279
c 00h11m01s | result:Sat
c 00h11m01s | objective:incumbent kind=improvement value=6971 rounds=17 improvements=16
o 6971
c 00h11m01s | stage:sat:init solver=CaDiCaL vars=147288 clauses=393367
c 00h11m01s | stage:sat:solve:start round=1 cegar_rounds=34 assumptions=0
c 00h11m02s | stage:sat:solve:done round=1 ms=534 result=Sat assumptions=0
c 00h11m02s | stage:decode:start round=1 requested_int_ids=1007
c 00h11m02s | stage:relaxation:done round=1 clauses_added=422411 cegar_failures=17 cegar_rounds=34 cegar_added_clauses=7243690
c 00h11m02s | stage:sat:solve:start round=2 cegar_rounds=35 assumptions=0
c 00h11m28s | stage:sat:solve:done round=2 ms=25895 result=Sat assumptions=0
c 00h11m28s | stage:decode:start round=2 requested_int_ids=1007
c 00h11m28s | stage:decode:final:start round=2 requested_int_ids=1007
c 00h11m28s | stage:decode:done round=2 int_assignments=1007
c 00h11m28s | stage:relaxation:done clauses_added=0 cegar_failures=17 cegar_rounds=35 cegar_added_clauses=7243690
c 00h11m28s | result:Sat
c 00h11m28s | objective:incumbent kind=improvement value=6906 rounds=18 improvements=17
o 6906
c 00h11m28s | stage:sat:init solver=CaDiCaL vars=147288 clauses=393367
c 00h11m28s | stage:sat:solve:start round=1 cegar_rounds=36 assumptions=0
c 00h11m29s | stage:sat:solve:done round=1 ms=690 result=Sat assumptions=0
c 00h11m29s | stage:decode:start round=1 requested_int_ids=1007
c 00h11m29s | stage:relaxation:done round=1 clauses_added=421821 cegar_failures=18 cegar_rounds=36 cegar_added_clauses=7665511
c 00h11m29s | stage:sat:solve:start round=2 cegar_rounds=37 assumptions=0
c 00h11m41s | stage:sat:solve:done round=2 ms=11836 result=Sat assumptions=0
c 00h11m41s | stage:decode:start round=2 requested_int_ids=1007
c 00h11m41s | stage:decode:final:start round=2 requested_int_ids=1007
c 00h11m41s | stage:decode:done round=2 int_assignments=1007
c 00h11m41s | stage:relaxation:done clauses_added=0 cegar_failures=18 cegar_rounds=37 cegar_added_clauses=7665511
c 00h11m41s | result:Sat
c 00h11m41s | objective:incumbent kind=improvement value=6860 rounds=19 improvements=18
o 6860
c 00h11m41s | stage:sat:init solver=CaDiCaL vars=147288 clauses=393367
c 00h11m41s | stage:sat:solve:start round=1 cegar_rounds=38 assumptions=0
c 00h11m42s | stage:sat:solve:done round=1 ms=657 result=Sat assumptions=0
c 00h11m42s | stage:decode:start round=1 requested_int_ids=1007
c 00h11m42s | stage:relaxation:done round=1 clauses_added=421889 cegar_failures=19 cegar_rounds=38 cegar_added_clauses=8087400
c 00h11m42s | stage:sat:solve:start round=2 cegar_rounds=39 assumptions=0
c 00h13m07s | stage:sat:solve:done round=2 ms=85256 result=Sat assumptions=0
c 00h13m07s | stage:decode:start round=2 requested_int_ids=1007
c 00h13m07s | stage:decode:final:start round=2 requested_int_ids=1007
c 00h13m07s | stage:decode:done round=2 int_assignments=1007
c 00h13m07s | stage:relaxation:done clauses_added=0 cegar_failures=19 cegar_rounds=39 cegar_added_clauses=8087400
c 00h13m07s | result:Sat
c 00h13m07s | objective:incumbent kind=improvement value=5660 rounds=20 improvements=19
o 5660
c 00h13m07s | stage:sat:init solver=CaDiCaL vars=147288 clauses=393367
c 00h13m07s | stage:sat:solve:start round=1 cegar_rounds=40 assumptions=0
c 00h13m08s | stage:sat:solve:done round=1 ms=566 result=Sat assumptions=0
c 00h13m08s | stage:decode:start round=1 requested_int_ids=1007
c 00h13m08s | stage:relaxation:done round=1 clauses_added=414600 cegar_failures=20 cegar_rounds=40 cegar_added_clauses=8502000
c 00h13m09s | stage:sat:solve:start round=2 cegar_rounds=41 assumptions=0
c 00h14m44s | stage:sat:solve:done round=2 ms=95680 result=Sat assumptions=0
c 00h14m44s | stage:decode:start round=2 requested_int_ids=1007
c 00h14m44s | stage:decode:final:start round=2 requested_int_ids=1007
c 00h14m44s | stage:decode:done round=2 int_assignments=1007
c 00h14m44s | stage:relaxation:done clauses_added=0 cegar_failures=20 cegar_rounds=41 cegar_added_clauses=8502000
c 00h14m44s | result:Sat
c 00h14m44s | objective:incumbent kind=improvement value=5251 rounds=21 improvements=20
o 5251
c 00h14m44s | stage:sat:init solver=CaDiCaL vars=147288 clauses=393367
c 00h14m44s | stage:sat:solve:start round=1 cegar_rounds=42 assumptions=0
c 00h14m45s | stage:sat:solve:done round=1 ms=725 result=Sat assumptions=0
c 00h14m45s | stage:decode:start round=1 requested_int_ids=1007
c 00h14m45s | stage:relaxation:done round=1 clauses_added=412639 cegar_failures=21 cegar_rounds=42 cegar_added_clauses=8914639
c 00h14m45s | stage:sat:solve:start round=2 cegar_rounds=43 assumptions=0
c 00h16m13s | stage:sat:solve:done round=2 ms=87355 result=Sat assumptions=0
c 00h16m13s | stage:decode:start round=2 requested_int_ids=1007
c 00h16m13s | stage:decode:final:start round=2 requested_int_ids=1007
c 00h16m13s | stage:decode:done round=2 int_assignments=1007
c 00h16m13s | stage:relaxation:done clauses_added=0 cegar_failures=21 cegar_rounds=43 cegar_added_clauses=8914639
c 00h16m13s | result:Sat
c 00h16m13s | objective:incumbent kind=improvement value=5250 rounds=22 improvements=21
o 5250
c 00h16m13s | stage:sat:init solver=CaDiCaL vars=147288 clauses=393367
c 00h16m13s | stage:sat:solve:start round=1 cegar_rounds=44 assumptions=0
c 00h16m14s | stage:sat:solve:done round=1 ms=987 result=Sat assumptions=0
c 00h16m14s | stage:decode:start round=1 requested_int_ids=1007
c 00h16m14s | stage:relaxation:done round=1 clauses_added=412638 cegar_failures=22 cegar_rounds=44 cegar_added_clauses=9327277
c 00h16m14s | stage:sat:solve:start round=2 cegar_rounds=45 assumptions=0
c 00h20m16s | stage:sat:solve:done round=2 ms=241608 result=Sat assumptions=0
c 00h20m16s | stage:decode:start round=2 requested_int_ids=1007
c 00h20m16s | stage:decode:final:start round=2 requested_int_ids=1007
c 00h20m16s | stage:decode:done round=2 int_assignments=1007
c 00h20m16s | stage:relaxation:done clauses_added=0 cegar_failures=22 cegar_rounds=45 cegar_added_clauses=9327277
c 00h20m16s | result:Sat
c 00h20m16s | objective:incumbent kind=improvement value=5228 rounds=23 improvements=22
o 5228
c 00h20m16s | stage:sat:init solver=CaDiCaL vars=147288 clauses=393367
c 00h20m16s | stage:sat:solve:start round=1 cegar_rounds=46 assumptions=0
c 00h20m17s | stage:sat:solve:done round=1 ms=885 result=Sat assumptions=0
c 00h20m17s | stage:decode:start round=1 requested_int_ids=1007
c 00h20m17s | stage:relaxation:done round=1 clauses_added=411607 cegar_failures=23 cegar_rounds=46 cegar_added_clauses=9738884
c 00h20m18s | stage:sat:solve:start round=2 cegar_rounds=47 assumptions=0
c 00h21m16s | stage:sat:solve:done round=2 ms=58504 result=Sat assumptions=0
c 00h21m16s | stage:decode:start round=2 requested_int_ids=1007
c 00h21m16s | stage:decode:final:start round=2 requested_int_ids=1007
c 00h21m16s | stage:decode:done round=2 int_assignments=1007
c 00h21m16s | stage:relaxation:done clauses_added=0 cegar_failures=23 cegar_rounds=47 cegar_added_clauses=9738884
c 00h21m16s | result:Sat
c 00h21m16s | objective:incumbent kind=improvement value=4962 rounds=24 improvements=23
o 4962
c 00h21m16s | stage:sat:init solver=CaDiCaL vars=147288 clauses=393367
c 00h21m16s | stage:sat:solve:start round=1 cegar_rounds=48 assumptions=0
c 00h21m17s | stage:sat:solve:done round=1 ms=914 result=Sat assumptions=0
c 00h21m17s | stage:decode:start round=1 requested_int_ids=1007
c 00h21m17s | stage:relaxation:done round=1 clauses_added=410088 cegar_failures=24 cegar_rounds=48 cegar_added_clauses=10148972
c 00h21m17s | stage:sat:solve:start round=2 cegar_rounds=49 assumptions=0
c 00h22m13s | stage:sat:solve:done round=2 ms=55559 result=Sat assumptions=0
c 00h22m13s | stage:decode:start round=2 requested_int_ids=1007
c 00h22m13s | stage:decode:final:start round=2 requested_int_ids=1007
c 00h22m13s | stage:decode:done round=2 int_assignments=1007
c 00h22m13s | stage:relaxation:done clauses_added=0 cegar_failures=24 cegar_rounds=49 cegar_added_clauses=10148972
c 00h22m13s | result:Sat
c 00h22m13s | objective:incumbent kind=improvement value=4929 rounds=25 improvements=24
o 4929
c 00h22m13s | stage:sat:init solver=CaDiCaL vars=147288 clauses=393367
c 00h22m13s | stage:sat:solve:start round=1 cegar_rounds=50 assumptions=0
c 00h22m14s | stage:sat:solve:done round=1 ms=919 result=Sat assumptions=0
c 00h22m14s | stage:decode:start round=1 requested_int_ids=1007
c 00h22m14s | stage:relaxation:done round=1 clauses_added=410038 cegar_failures=25 cegar_rounds=50 cegar_added_clauses=10559010
c 00h22m14s | stage:sat:solve:start round=2 cegar_rounds=51 assumptions=0
c 00h26m24s | stage:sat:solve:done round=2 ms=249418 result=Sat assumptions=0
c 00h26m24s | stage:decode:start round=2 requested_int_ids=1007
c 00h26m24s | stage:decode:final:start round=2 requested_int_ids=1007
c 00h26m24s | stage:decode:done round=2 int_assignments=1007
c 00h26m24s | stage:relaxation:done clauses_added=0 cegar_failures=25 cegar_rounds=51 cegar_added_clauses=10559010
c 00h26m24s | result:Sat
c 00h26m24s | objective:incumbent kind=improvement value=4928 rounds=26 improvements=25
o 4928
c 00h26m24s | stage:sat:init solver=CaDiCaL vars=147288 clauses=393367
c 00h26m24s | stage:sat:solve:start round=1 cegar_rounds=52 assumptions=0
c 00h26m25s | stage:sat:solve:done round=1 ms=770 result=Sat assumptions=0
c 00h26m25s | stage:decode:start round=1 requested_int_ids=1007
c 00h26m25s | stage:relaxation:done round=1 clauses_added=408780 cegar_failures=26 cegar_rounds=52 cegar_added_clauses=10967790
c 00h26m25s | stage:sat:solve:start round=2 cegar_rounds=53 assumptions=0
s SATISFIABLE
o 4928
v <instantiation>
v   <list> x[0][0] x[0][1] x[0][2] x[0][3] x[0][4] x[0][5] x[0][6] x[0][7] x[0][8] x[0][9] x[0][10] x[0][11] x[0][12] x[0][13] x[0][14] x[0][15] x[0][16] x[0][17] x[1][0] x[1][1] x[1][2] x[1][3] x[1][4] x[1][5] x[1][6] x[1][7] x[1][8] x[1][9] x[1][10] x[1][11] x[1][12] x[1][13] x[1][14] x[1][15] x[1][16] x[1][17] x[2][0] x[2][1] x[2][2] x[2][3] x[2][4] x[2][5] x[2][6] x[2][7] x[2][8] x[2][9] x[2][10] x[2][11] x[2][12] x[2][13] x[2][14] x[2][15] x[2][16] x[2][17] x[3][0] x[3][1] x[3][2] x[3][3] x[3][4] x[3][5] x[3][6] x[3][7] x[3][8] x[3][9] x[3][10] x[3][11] x[3][12] x[3][13] x[3][14] x[3][15] x[3][16] x[3][17] x[4][0] x[4][1] x[4][2] x[4][3] x[4][4] x[4][5] x[4][6] x[4][7] x[4][8] x[4][9] x[4][10] x[4][11] x[4][12] x[4][13] x[4][14] x[4][15] x[4][16] x[4][17] x[5][0] x[5][1] x[5][2] x[5][3] x[5][4] x[5][5] x[5][6] x[5][7] x[5][8] x[5][9] x[5][10] x[5][11] x[5][12] x[5][13] x[5][14] x[5][15] x[5][16] x[5][17] x[6][0] x[6][1] x[6][2] x[6][3] x[6][4] x[6][5] x[6][6] x[6][7] x[6][8] x[6][9] x[6][10] x[6][11] x[6][12] x[6][13] x[6][14] x[6][15] x[6][16] x[6][17] x[7][0] x[7][1] x[7][2] x[7][3] x[7][4] x[7][5] x[7][6] x[7][7] x[7][8] x[7][9] x[7][10] x[7][11] x[7][12] x[7][13] x[7][14] x[7][15] x[7][16] x[7][17] x[8][0] x[8][1] x[8][2] x[8][3] x[8][4] x[8][5] x[8][6] x[8][7] x[8][8] x[8][9] x[8][10] x[8][11] x[8][12] x[8][13] x[8][14] x[8][15] x[8][16] x[8][17] x[9][0] x[9][1] x[9][2] x[9][3] x[9][4] x[9][5] x[9][6] x[9][7] x[9][8] x[9][9] x[9][10] x[9][11] x[9][12] x[9][13] x[9][14] x[9][15] x[9][16] x[9][17] x[10][0] x[10][1] x[10][2] x[10][3] x[10][4] x[10][5] x[10][6] x[10][7] x[10][8] x[10][9] x[10][10] x[10][11] x[10][12] x[10][13] x[10][14] x[10][15] x[10][16] x[10][17] x[11][0] x[11][1] x[11][2] x[11][3] x[11][4] x[11][5] x[11][6] x[11][7] x[11][8] x[11][9] x[11][10] x[11][11] x[11][12] x[11][13] x[11][14] x[11][15] x[11][16] x[11][17] x[12][0] x[12][1] x[12][2] x[12][3] x[12][4] x[12][5] x[12][6] x[12][7] x[12][8] x[12][9] x[12][10] x[12][11] x[12][12] x[12][13] x[12][14] x[12][15] x[12][16] x[12][17] x[13][0] x[13][1] x[13][2] x[13][3] x[13][4] x[13][5] x[13][6] x[13][7] x[13][8] x[13][9] x[13][10] x[13][11] x[13][12] x[13][13] x[13][14] x[13][15] x[13][16] x[13][17] x[14][0] x[14][1] x[14][2] x[14][3] x[14][4] x[14][5] x[14][6] x[14][7] x[14][8] x[14][9] x[14][10] x[14][11] x[14][12] x[14][13] x[14][14] x[14][15] x[14][16] x[14][17] x[15][0] x[15][1] x[15][2] x[15][3] x[15][4] x[15][5] x[15][6] x[15][7] x[15][8] x[15][9] x[15][10] x[15][11] x[15][12] x[15][13] x[15][14] x[15][15] x[15][16] x[15][17] x[16][0] x[16][1] x[16][2] x[16][3] x[16][4] x[16][5] x[16][6] x[16][7] x[16][8] x[16][9] x[16][10] x[16][11] x[16][12] x[16][13] x[16][14] x[16][15] x[16][16] x[16][17] x[17][0] x[17][1] x[17][2] x[17][3] x[17][4] x[17][5] x[17][6] x[17][7] x[17][8] x[17][9] x[17][10] x[17][11] x[17][12] x[17][13] x[17][14] x[17][15] x[17][16] x[17][17] x[18][0] x[18][1] x[18][2] x[18][3] x[18][4] x[18][5] x[18][6] x[18][7] x[18][8] x[18][9] x[18][10] x[18][11] x[18][12] x[18][13] x[18][14] x[18][15] x[18][16] x[18][17] x[19][0] x[19][1] x[19][2] x[19][3] x[19][4] x[19][5] x[19][6] x[19][7] x[19][8] x[19][9] x[19][10] x[19][11] x[19][12] x[19][13] x[19][14] x[19][15] x[19][16] x[19][17] x[20][0] x[20][1] x[20][2] x[20][3] x[20][4] x[20][5] x[20][6] x[20][7] x[20][8] x[20][9] x[20][10] x[20][11] x[20][12] x[20][13] x[20][14] x[20][15] x[20][16] x[20][17] x[21][0] x[21][1] x[21][2] x[21][3] x[21][4] x[21][5] x[21][6] x[21][7] x[21][8] x[21][9] x[21][10] x[21][11] x[21][12] x[21][13] x[21][14] x[21][15] x[21][16] x[21][17] x[22][0] x[22][1] x[22][2] x[22][3] x[22][4] x[22][5] x[22][6] x[22][7] x[22][8] x[22][9] x[22][10] x[22][11] x[22][12] x[22][13] x[22][14] x[22][15] x[22][16] x[22][17] x[23][0] x[23][1] x[23][2] x[23][3] x[23][4] x[23][5] x[23][6] x[23][7] x[23][8] x[23][9] x[23][10] x[23][11] x[23][12] x[23][13] x[23][14] x[23][15] x[23][16] x[23][17] x[24][0] x[24][1] x[24][2] x[24][3] x[24][4] x[24][5] x[24][6] x[24][7] x[24][8] x[24][9] x[24][10] x[24][11] x[24][12] x[24][13] x[24][14] x[24][15] x[24][16] x[24][17] x[25][0] x[25][1] x[25][2] x[25][3] x[25][4] x[25][5] x[25][6] x[25][7] x[25][8] x[25][9] x[25][10] x[25][11] x[25][12] x[25][13] x[25][14] x[25][15] x[25][16] x[25][17] x[26][0] x[26][1] x[26][2] x[26][3] x[26][4] x[26][5] x[26][6] x[26][7] x[26][8] x[26][9] x[26][10] x[26][11] x[26][12] x[26][13] x[26][14] x[26][15] x[26][16] x[26][17] x[27][0] x[27][1] x[27][2] x[27][3] x[27][4] x[27][5] x[27][6] x[27][7] x[27][8] x[27][9] x[27][10] x[27][11] x[27][12] x[27][13] x[27][14] x[27][15] x[27][16] x[27][17] ps[0][0] ps[0][1] ps[0][2] ps[0][3] ps[1][0] ps[1][1] ps[1][2] ps[1][3] ps[2][0] ps[2][1] ps[2][2] ps[2][3] ps[3][0] ps[3][1] ps[3][2] ps[3][3] ps[4][0] ps[4][1] ps[4][2] ps[4][3] ps[5][0] ps[5][1] ps[5][2] ps[5][3] ps[6][0] ps[6][1] ps[6][2] ps[6][3] ps[7][0] ps[7][1] ps[7][2] ps[7][3] ps[8][0] ps[8][1] ps[8][2] ps[8][3] ps[9][0] ps[9][1] ps[9][2] ps[9][3] ps[10][0] ps[10][1] ps[10][2] ps[10][3] ps[11][0] ps[11][1] ps[11][2] ps[11][3] ps[12][0] ps[12][1] ps[12][2] ps[12][3] ps[13][0] ps[13][1] ps[13][2] ps[13][3] ps[14][0] ps[14][1] ps[14][2] ps[14][3] ps[15][0] ps[15][1] ps[15][2] ps[15][3] ps[16][0] ps[16][1] ps[16][2] ps[16][3] ps[17][0] ps[17][1] ps[17][2] ps[17][3] ds[0][0] ds[0][1] ds[0][2] ds[0][3] ds[1][0] ds[1][1] ds[1][2] ds[1][3] ds[2][0] ds[2][1] ds[2][2] ds[2][3] ds[3][0] ds[3][1] ds[3][2] ds[3][3] ds[4][0] ds[4][1] ds[4][2] ds[4][3] ds[5][0] ds[5][1] ds[5][2] ds[5][3] ds[6][0] ds[6][1] ds[6][2] ds[6][3] ds[7][0] ds[7][1] ds[7][2] ds[7][3] ds[8][0] ds[8][1] ds[8][2] ds[8][3] ds[9][0] ds[9][1] ds[9][2] ds[9][3] ds[10][0] ds[10][1] ds[10][2] ds[10][3] ds[11][0] ds[11][1] ds[11][2] ds[11][3] ds[12][0] ds[12][1] ds[12][2] ds[12][3] ds[13][0] ds[13][1] ds[13][2] ds[13][3] ds[14][0] ds[14][1] ds[14][2] ds[14][3] ds[15][0] ds[15][1] ds[15][2] ds[15][3] ds[16][0] ds[16][1] ds[16][2] ds[16][3] ds[17][0] ds[17][1] ds[17][2] ds[17][3] ds[18][0] ds[18][1] ds[18][2] ds[18][3] ds[19][0] ds[19][1] ds[19][2] ds[19][3] ds[20][0] ds[20][1] ds[20][2] ds[20][3] ds[21][0] ds[21][1] ds[21][2] ds[21][3] ds[22][0] ds[22][1] ds[22][2] ds[22][3] ds[23][0] ds[23][1] ds[23][2] ds[23][3] ds[24][0] ds[24][1] ds[24][2] ds[24][3] ds[25][0] ds[25][1] ds[25][2] ds[25][3] ds[26][0] ds[26][1] ds[26][2] ds[26][3] ds[27][0] ds[27][1] ds[27][2] ds[27][3] wk[0][0] wk[0][1] wk[0][2] wk[0][3] wk[1][0] wk[1][1] wk[1][2] wk[1][3] wk[2][0] wk[2][1] wk[2][2] wk[2][3] wk[3][0] wk[3][1] wk[3][2] wk[3][3] wk[4][0] wk[4][1] wk[4][2] wk[4][3] wk[5][0] wk[5][1] wk[5][2] wk[5][3] wk[6][0] wk[6][1] wk[6][2] wk[6][3] wk[7][0] wk[7][1] wk[7][2] wk[7][3] wk[8][0] wk[8][1] wk[8][2] wk[8][3] wk[9][0] wk[9][1] wk[9][2] wk[9][3] wk[10][0] wk[10][1] wk[10][2] wk[10][3] wk[11][0] wk[11][1] wk[11][2] wk[11][3] wk[12][0] wk[12][1] wk[12][2] wk[12][3] wk[13][0] wk[13][1] wk[13][2] wk[13][3] wk[14][0] wk[14][1] wk[14][2] wk[14][3] wk[15][0] wk[15][1] wk[15][2] wk[15][3] wk[16][0] wk[16][1] wk[16][2] wk[16][3] wk[17][0] wk[17][1] wk[17][2] wk[17][3] cn[0] cn[1] cn[2] cn[3] cn[4] cn[5] cn[6] cn[7] cn[8] cn[9] cn[10] cn[11] cn[12] cn[13] cn[14] cn[15] cn[16] cn[17] cn[18] cn[19] cn[20] cn[21] cn[22] cn[23] cn[24] cn[25] cn[26] cn[27] cn[28] cn[29] cn[30] cn[31] cn[32] cn[33] cn[34] cn[35] cn[36] cn[37] cn[38] cn[39] cn[40] cn[41] cn[42] cn[43] cn[44] cn[45] cn[46] cn[47] cn[48] cn[49] cn[50] cn[51] cn[52] cn[53] cn[54] cn[55] cn[56] cn[57] cn[58] cn[59] cn[60] cn[61] cn[62] cn[63] cn[64] cn[65] cn[66] cn[67] cn[68] cn[69] cn[70] cn[71] cn[72] cn[73] cn[74] cn[75] cn[76] cn[77] cn[78] cn[79] cn[80] cn[81] cn[82] cn[83] cn[84] cn[85] cn[86] cf[0] cf[1] cf[2] cf[3] cf[4] cf[5] cf[6] cf[7] cf[8] cf[9] cf[10] cf[11] cf[12] cf[13] cf[14] cf[15] cf[16] cf[17] cf[18] cf[19] cf[20] cf[21] cf[22] cf[23] cf[24] cf[25] cf[26] cf[27] cf[28] cf[29] cf[30] cf[31] cf[32] cf[33] cf[34] cf[35] cf[36] cf[37] cf[38] cf[39] cf[40] cf[41] cf[42] cf[43] cf[44] cf[45] cf[46] cf[47] cc[0][0] cc[0][1] cc[0][2] cc[0][3] cc[1][0] cc[1][1] cc[1][2] cc[1][3] cc[2][0] cc[2][1] cc[2][2] cc[2][3] cc[3][0] cc[3][1] cc[3][2] cc[3][3] cc[4][0] cc[4][1] cc[4][2] cc[4][3] cc[5][0] cc[5][1] cc[5][2] cc[5][3] cc[6][0] cc[6][1] cc[6][2] cc[6][3] cc[7][0] cc[7][1] cc[7][2] cc[7][3] cc[8][0] cc[8][1] cc[8][2] cc[8][3] cc[9][0] cc[9][1] cc[9][2] cc[9][3] cc[10][0] cc[10][1] cc[10][2] cc[10][3] cc[11][0] cc[11][1] cc[11][2] cc[11][3] cc[12][0] cc[12][1] cc[12][2] cc[12][3] cc[13][0] cc[13][1] cc[13][2] cc[13][3] cc[14][0] cc[14][1] cc[14][2] cc[14][3] cc[15][0] cc[15][1] cc[15][2] cc[15][3] cc[16][0] cc[16][1] cc[16][2] cc[16][3] cc[17][0] cc[17][1] cc[17][2] cc[17][3] cc[18][0] cc[18][1] cc[18][2] cc[18][3] cc[19][0] cc[19][1] cc[19][2] cc[19][3] cc[20][0] cc[20][1] cc[20][2] cc[20][3] cc[21][0] cc[21][1] cc[21][2] cc[21][3] cc[22][0] cc[22][1] cc[22][2] cc[22][3] cc[23][0] cc[23][1] cc[23][2] cc[23][3] cc[24][0] cc[24][1] cc[24][2] cc[24][3] cc[25][0] cc[25][1] cc[25][2] cc[25][3] cc[26][0] cc[26][1] cc[26][2] cc[26][3] cc[27][0] cc[27][1] cc[27][2] cc[27][3] </list>
v   <values> 0 2 3 0 3 2 3 2 1 2 3 0 1 3 3 3 3 3 0 2 1 1 0 2 0 2 1 2 1 0 2 3 3 3 3 3 3 2 1 1 0 2 0 2 1 3 1 0 3 0 2 3 3 2 3 2 1 1 0 2 0 2 1 3 1 0 3 0 2 3 3 2 0 2 1 3 1 2 0 2 1 0 1 1 3 0 2 3 1 2 0 3 3 3 2 3 3 3 3 0 1 3 0 0 2 3 3 3 0 3 3 3 3 3 3 3 3 0 1 3 0 0 2 3 3 3 1 3 1 0 3 2 3 2 1 3 3 3 0 0 2 0 3 3 1 3 1 0 0 2 3 2 1 3 3 1 0 3 3 3 3 3 3 2 2 0 0 2 0 3 1 0 3 2 2 3 3 3 1 2 3 2 2 0 0 3 0 3 1 0 1 3 2 3 3 3 3 3 0 2 3 3 0 3 0 3 1 2 1 3 3 1 0 0 3 3 0 2 3 3 0 3 0 3 3 2 3 3 3 1 0 3 3 3 0 2 1 0 3 2 2 3 3 2 3 3 3 1 0 3 3 3 0 3 2 0 3 2 3 2 3 3 3 3 0 2 0 3 0 3 1 3 2 0 0 2 3 2 3 3 3 3 1 2 0 3 0 1 3 2 3 3 0 2 3 2 3 0 3 0 2 3 0 0 3 2 3 2 3 3 1 3 0 3 3 2 1 0 2 3 3 0 3 3 3 2 1 3 2 3 2 3 1 2 2 0 3 3 3 0 1 3 3 3 1 0 3 2 2 2 1 3 3 0 3 3 3 3 1 0 3 3 2 0 3 2 3 2 1 3 3 0 3 3 3 3 3 1 3 2 3 0 0 2 3 3 1 3 3 3 0 2 0 0 3 3 1 2 3 1 1 2 0 3 1 0 1 3 0 2 0 0 0 3 1 3 3 1 3 3 0 2 3 0 1 3 3 2 0 3 0 3 1 3 1 3 3 3 0 2 3 0 1 0 3 2 2 3 0 2 1 3 1 3 3 3 0 2 1 3 1 0 3 2 3 3 3 3 3 2 3 3 3 3 3 2 1 3 1 0 0 3 3 0 3 3 3 2 3 3 3 3 3 2 3 3 1 0 0 3 3 0 3 3 9 7 0 12 0 0 17 11 0 11 5 12 11 5 0 12 11 3 2 12 0 0 16 12 13 0 3 12 0 0 17 11 0 17 0 11 9 0 7 12 0 15 1 12 13 2 1 12 9 2 5 12 6 3 7 12 9 0 7 12 9 0 0 19 5 4 0 19 1 2 6 19 3 2 4 9 4 4 5 5 4 4 5 5 4 4 5 5 4 6 5 3 4 1 2 11 4 1 1 12 4 3 3 8 3 4 2 9 4 2 6 6 4 2 3 9 5 3 2 8 4 1 2 11 3 2 4 9 5 0 4 9 4 3 4 7 5 0 5 8 3 2 3 10 2 3 5 8 3 3 3 9 2 2 3 11 5 1 3 9 6 5 3 4 4 3 2 9 4 3 4 7 2 4 2 10 3 2 2 11 3 1 2 12 1 1 0 0 0 1 0 1 0 1 1 0 0 1 1 0 1 1 0 0 0 1 1 0 0 1 1 0 0 0 1 1 0 0 1 1 1 1 0 0 1 0 0 1 0 0 1 1 1 0 0 1 1 1 0 0 1 1 0 0 0 0 0 1 0 0 1 0 0 0 1 0 0 0 3 3 0 0 0 0 0 0 2 2 0 0 1 1 1 0 1 0 0 1 2 3 3 1 1 1 1 1 1 0 0 0 2 0 0 0 0 2 2 2 0 0 0 3 3 1 0 0 0 0 0 0 1 1 1 1 1 1 1 1 0 2 2 2 2 3 3 1 1 3 1 1 1 1 1 2 2 1 1 3 0 0 3 0 3 0 0 0 0 0 0 0 0 0 0 1 2 2 2 2 0 0 3 3 0 0 0 0 3 0 0 0 0 0 0 0 0 0 0 0 0 0 0 0 0 0 0 0 0 0 0 0 0 0 200 0 0 0 0 3 0 0 0 0 0 0 1 1 0 0 0 0 0 1 200 0 0 1 200 300 0 0 0 0 0 0 0 0 0 0 0 0 0 1 0 0 0 0 0 0 0 0 200 400 0 1 200 0 0 1 400 0 0 2 0 0 0 0 400 100 0 1 0 1 0 300 0 0 0 0 0 0 0 0 0 0 0 1 300 0 0 0 2 0 0 0 200 0 0 0 0 0 0 0 2 0 0 200 200 200 0 200 400 200 0 </values>
v </instantiation>
d OBJECTIVE_VALUE 4928
d OPTIMAL 0
d OBJECTIVE_ROUNDS 26
d OBJECTIVE_IMPROVEMENTS 25
d COP_INCUMBENT_ELAPSED_MS 1584390
d SOLVE_ELAPSED_MS 1799732
d CURRENT_STAGE sat
d CURRENT_STAGE_ELAPSED_MS 214025
d LAST_COMPLETED_STAGE relaxation
d STAGE_PROPAGATE_STATUS done
d STAGE_NORMALIZE_STATUS done
d STAGE_LOWER_STATUS done
d STAGE_POST_LOWER_STATUS done
d STAGE_PREENCODE_STATUS done
d STAGE_ENCODE_STATUS done
d STAGE_SAT_STATUS running
d STAGE_DECODE_STATUS done
d STAGE_RELAXATION_STATUS done
d STAGE_DUMP_CNF_STATUS pending
d SOURCE_CONSTRAINTS 2471
d NORMALIZED_CONSTRAINTS 2471
d LOWERED_CONSTRAINTS 2471
d UNSUPPORTED_CONSTRAINTS 0
d SAT_VARS 147288
d SAT_CLAUSES_BASE 393367
d SAT_CLAUSES_FINAL 11361157
d SAT_CLAUSES_CEGAR_DELTA 10967790
d LINEAR_INT_EQ_ARITY_STATS {"1":{"count":2175,"max_domain_product_excluding_one_var":"1","p95_domain_product_excluding_one_var":"1"}}
d LINEAR_INT_NE_ARITY_STATS {"1":{"count":222,"max_domain_product_excluding_one_var":"1","p95_domain_product_excluding_one_var":"1"}}
d LINEAR_INT_GE_ARITY_STATS {"3":{"count":36,"max_domain_product_excluding_one_var":"361","p95_domain_product_excluding_one_var":"361"},"4":{"count":18,"max_domain_product_excluding_one_var":"8","p95_domain_product_excluding_one_var":"8"}}
d LINEAR_BOOL_MIXED_ARITY_STATS {"6":{"count":299,"max_domain_product_excluding_one_var":"32","p95_domain_product_excluding_one_var":"32"},"7":{"count":110,"max_domain_product_excluding_one_var":"64","p95_domain_product_excluding_one_var":"64"},"19":{"count":112,"max_domain_product_excluding_one_var":"262144","p95_domain_product_excluding_one_var":"262144"},"29":{"count":72,"max_domain_product_excluding_one_var":"268435456","p95_domain_product_excluding_one_var":"268435456"}}
d ROOT_LP_ENTERED 1
d ROOT_LP_STATUS optimal
d OBJECTIVE_NAIVE_LOWER 0
d OBJECTIVE_NAIVE_UPPER 30171
d OBJECTIVE_LP_LOWER 0
d OBJECTIVE_LP_UPPER 30171
d ROOT_LP_IMPROVED 0
d ROOT_LP_MS 3336
d ROOT_LP_ROWS 13108
d ROOT_LP_VARS 25219
d ROOT_LP_STRUCTURED_OBJECTIVE_TERMS 0
d ROOT_LP_STRUCTURED_OBJECTIVE_AUX_VARS 0
d ROOT_LP_STRUCTURED_OBJECTIVE_ROWS 0
d ROOT_LP_NATIVE_GATE_GE_TOTAL 54
d ROOT_LP_NATIVE_GATE_EQ_TOTAL 2175
d ROOT_LP_NATIVE_GATE_GE_MAX_ARITY 4
d ROOT_LP_NATIVE_GATE_GE_MAX_DOMAIN_PRODUCT 361
d ROOT_LP_NATIVE_GATE_BOOL_MIXED_MAX_ARITY 29
d ROOT_LP_OBJECTIVE_VALUE 0
d PROPAGATE_PRUNED_VALUES 1568
d PROPAGATE_CHANGED_DOMAINS 570
d PROPAGATE_ENTAILED_TABLES 28
d POST_LOWER_ROUNDS 21
d POST_LOWER_TIGHTENED_DOMAINS 40
d POST_LOWER_REMOVED_CLAUSES 850
d POST_LOWER_REMOVED_LITS 831
d POST_LOWER_DETECTED_UNSAT 0
d PREENCODE_INT_VARS 4787
d ENCODE_EXTERNAL_GE_SPECS 0
d ENCODE_RELAXED_CIRCUITS 0
d LOG_SCOP_LINEAR_PB_CONSTRAINTS 9037
d LOG_SCOP_LINEAR_PB_MIXED_DISPATCH_CONSTRAINTS 0
d LOG_SCOP_LINEAR_PB_MIXED_ATTEMPT_BDD 0
d LOG_SCOP_LINEAR_PB_MIXED_ATTEMPT_SORTER 0
d LOG_SCOP_LINEAR_PB_MIXED_ATTEMPT_DADDA 0
d LOG_SCOP_LINEAR_PB_MIXED_REJECT_BDD_BUDGET 0
d LOG_SCOP_LINEAR_PB_MIXED_REJECT_SORTER_BUDGET 0
d LOG_SCOP_LINEAR_PB_MIXED_FALLBACK_BDD_TO_SORTER 0
d LOG_SCOP_LINEAR_PB_MIXED_FALLBACK_BDD_TO_DADDA 0
d LOG_SCOP_LINEAR_PB_MIXED_FALLBACK_SORTER_TO_BDD 0
d LOG_SCOP_LINEAR_PB_MIXED_FALLBACK_SORTER_TO_DADDA 0
d LOG_SCOP_LINEAR_PB_BACKEND_BDD2 0
d LOG_SCOP_LINEAR_PB_BACKEND_BDD3 9037
d LOG_SCOP_LINEAR_PB_BACKEND_SORTER 0
d LOG_SCOP_LINEAR_PB_BACKEND_DADDA 0
d LOG_SCOP_LINEAR_PB_BDD_DECOMPOSITION_RAW 9037
d LOG_SCOP_LINEAR_PB_BDD_DECOMPOSITION_BINARY 0
d LOG_SCOP_LINEAR_PB_BDD_DECOMPOSITION_MULTIBASE 0
d DECODE_INT_ASSIGNMENTS 1007
d CIRCUIT_CEGAR_FAILURES 26
d CIRCUIT_CEGAR_ROUNDS 53
d CIRCUIT_CEGAR_ADDED_CLAUSES 10967790
d CSV /bench/competition/2022-2025/COP22to25/NurseRostering-06_c22.xml.lzma,sat,2471,2471,2471,0,147288,11361157,1799722,,,,,,,1,optimal,0,30171,0,30171,0,3336,13108,25219,0,0,0,0,timeout_signal,incumbent_interrupted_by_signal
signal=15; emitted incumbent csv row
