# WCTIME: wall clock time in seconds
WCTIME=815.225
# CPUTIME: CPU time in seconds (USERTIME+SYSTEMTIME)
CPUTIME=808.794
# USERTIME: CPU time spent in user mode in seconds
USERTIME=788.721
# SYSTEMTIME: CPU time spent in system mode in seconds
SYSTEMTIME=20.073
# CPUUSAGE: CPUTIME/WCTIME in percent
CPUUSAGE=99.2112
# MAXVM: maximum virtual memory used in KiB
MAXVM=7509584
# MAXMM: maximum memory used in KiB
MAXMM=6863980
# MAXRSS: maximum Resident Segment Size in KiB
MAXRSS=6872856
# TIMEOUT: did the solver exceed the time limit?
TIMEOUT=false
# MEMOUT: did the solver exceed the memory limit?
MEMOUT=false
# EXITSTATUS: Exit status of the solver
EXITSTATUS=0
