# WCTIME: wall clock time in seconds
WCTIME=1801.18
# CPUTIME: CPU time in seconds (USERTIME+SYSTEMTIME)
CPUTIME=1793.35
# USERTIME: CPU time spent in user mode in seconds
USERTIME=1748.86
# SYSTEMTIME: CPU time spent in system mode in seconds
SYSTEMTIME=44.4868
# CPUUSAGE: CPUTIME/WCTIME in percent
CPUUSAGE=99.5649
# MAXVM: maximum virtual memory used in KiB
MAXVM=76176588
# MAXMM: maximum memory used in KiB
MAXMM=53423244
# MAXRSS: maximum Resident Segment Size in KiB
MAXRSS=53420616
# TIMEOUT: did the solver exceed the time limit?
TIMEOUT=true
# MEMOUT: did the solver exceed the memory limit?
MEMOUT=false
# EXITSTATUS: Exit status of the solver
EXITSTATUS=36608
