# WCTIME: wall clock time in seconds
WCTIME=452.293
# CPUTIME: CPU time in seconds (USERTIME+SYSTEMTIME)
CPUTIME=439.151
# USERTIME: CPU time spent in user mode in seconds
USERTIME=364.802
# SYSTEMTIME: CPU time spent in system mode in seconds
SYSTEMTIME=74.3486
# CPUUSAGE: CPUTIME/WCTIME in percent
CPUUSAGE=97.0943
# MAXVM: maximum virtual memory used in KiB
MAXVM=152172828
# MAXMM: maximum memory used in KiB
MAXMM=124592040
# MAXRSS: maximum Resident Segment Size in KiB
MAXRSS=115268700
# TIMEOUT: did the solver exceed the time limit?
TIMEOUT=false
# MEMOUT: did the solver exceed the memory limit?
MEMOUT=false
# EXITSTATUS: Exit status of the solver
EXITSTATUS=35072
