# WCTIME: wall clock time in seconds
WCTIME=1800.11
# CPUTIME: CPU time in seconds (USERTIME+SYSTEMTIME)
CPUTIME=1791.85
# USERTIME: CPU time spent in user mode in seconds
USERTIME=1791.69
# SYSTEMTIME: CPU time spent in system mode in seconds
SYSTEMTIME=0.15645
# CPUUSAGE: CPUTIME/WCTIME in percent
CPUUSAGE=99.5412
# MAXVM: maximum virtual memory used in KiB
MAXVM=229984
# MAXMM: maximum memory used in KiB
MAXMM=67788
# MAXRSS: maximum Resident Segment Size in KiB
MAXRSS=67660
# TIMEOUT: did the solver exceed the time limit?
TIMEOUT=true
# MEMOUT: did the solver exceed the memory limit?
MEMOUT=false
# EXITSTATUS: Exit status of the solver
EXITSTATUS=36608
