# WCTIME: wall clock time in seconds
WCTIME=86.7974
# CPUTIME: CPU time in seconds (USERTIME+SYSTEMTIME)
CPUTIME=86.2496
# USERTIME: CPU time spent in user mode in seconds
USERTIME=85.8168
# SYSTEMTIME: CPU time spent in system mode in seconds
SYSTEMTIME=0.432752
# CPUUSAGE: CPUTIME/WCTIME in percent
CPUUSAGE=99.3688
# MAXVM: maximum virtual memory used in KiB
MAXVM=531184
# MAXMM: maximum memory used in KiB
MAXMM=333684
# MAXRSS: maximum Resident Segment Size in KiB
MAXRSS=330532
# TIMEOUT: did the solver exceed the time limit?
TIMEOUT=false
# MEMOUT: did the solver exceed the memory limit?
MEMOUT=false
# EXITSTATUS: Exit status of the solver
EXITSTATUS=0
