# WCTIME: wall clock time in seconds
WCTIME=2.69951
# CPUTIME: CPU time in seconds (USERTIME+SYSTEMTIME)
CPUTIME=2.66721
# USERTIME: CPU time spent in user mode in seconds
USERTIME=2.54193
# SYSTEMTIME: CPU time spent in system mode in seconds
SYSTEMTIME=0.125286
# CPUUSAGE: CPUTIME/WCTIME in percent
CPUUSAGE=98.8037
# MAXVM: maximum virtual memory used in KiB
MAXVM=422132
# MAXMM: maximum memory used in KiB
MAXMM=251300
# MAXRSS: maximum Resident Segment Size in KiB
MAXRSS=248168
# TIMEOUT: did the solver exceed the time limit?
TIMEOUT=false
# MEMOUT: did the solver exceed the memory limit?
MEMOUT=false
# EXITSTATUS: Exit status of the solver
EXITSTATUS=0
