# WCTIME: wall clock time in seconds
WCTIME=2.07795
# CPUTIME: CPU time in seconds (USERTIME+SYSTEMTIME)
CPUTIME=2.06848
# USERTIME: CPU time spent in user mode in seconds
USERTIME=1.96726
# SYSTEMTIME: CPU time spent in system mode in seconds
SYSTEMTIME=0.101228
# CPUUSAGE: CPUTIME/WCTIME in percent
CPUUSAGE=99.5445
# MAXVM: maximum virtual memory used in KiB
MAXVM=340340
# MAXMM: maximum memory used in KiB
MAXMM=162352
# MAXRSS: maximum Resident Segment Size in KiB
MAXRSS=166576
# TIMEOUT: did the solver exceed the time limit?
TIMEOUT=false
# MEMOUT: did the solver exceed the memory limit?
MEMOUT=false
# EXITSTATUS: Exit status of the solver
EXITSTATUS=0
