c cmd: /host-parser-bin/kat_xcsp_1d1a452a /bench/competition/2022-2025/COP22to25/TAL-02_c22.xml.lzma --encoder log-scop --cop-pipeline guarded-basic --order-ge-table mdd-tl --progress
c 00h00m00s | solve:start
c 00h00m00s | input: constraints=217
c 00h00m00s | stage:propagate:start
c 00h00m00s | stage:propagate:done ms=14 pruned=1764 changed_domains=104 entailed_tables=0
c 00h00m00s | stage:normalize:start
c 00h00m00s | stage:normalize:done ms=0 high_constraints=217
c 00h00m00s | stage:lower:start
c 00h00m00s | stage:lower:done ms=4 lowered=217 unsupported=0
c 00h00m00s | stage:post_lower:start
c 00h00m00s | stage:post_lower:done ms=0 rounds=0 tightened=2 removed_cls=201 removed_lits=121 unsat=false precise_hits=60 precise_rounds=2 pivot_recomputes=0 pivot_exact_attempts=0 pivot_general_attempts=0 pivot_general_rest_missing=0 pivot_general_bound_missing=0 pivot_general_no_change=0 pivot_general_tightened=0 setup_ms=0 loop_ms=0 pivot_ms=0 pivot_version_ms=0 pivot_exact_ms=0 pivot_general_ms=0 pivot_general_prepare_ms=0 pivot_general_rest_ms=0 pivot_general_derive_ms=0 apply_ms=0 sat_ms=0 precise_ms=0
c 00h00m00s | stage:preencode(log-scop):start
c 00h00m00s | stage:preencode(log-scop):done ms=0 int_vars=298
c 00h00m00s | stage:encode(log-scop):start
c 00h00m02s | stage:encode(log-scop):done ms=2547 sat_vars=10357 sat_clauses=40173 ext_ge_specs=0 relaxed_circuits=0 log_scop_pb_constraints=1492 log_scop_pb_mixed=0 log_scop_pb_bdd2=0 log_scop_pb_bdd3=1492 log_scop_pb_sorter=0 log_scop_pb_dadda=0 log_scop_bdd_raw=1492 log_scop_bdd_binary=0 log_scop_bdd_multibase=0
c 00h00m02s | stage:sat:init solver=CaDiCaL vars=10357 clauses=40173
c 00h00m02s | stage:sat:solve:start round=1 cegar_rounds=1 assumptions=0
c 00h00m02s | stage:sat:solve:done round=1 ms=124 result=Sat assumptions=0
c 00h00m02s | stage:decode:start round=1
c 00h00m02s | stage:decode:done round=1 int_assignments=298
c 00h00m02s | stage:relaxation:done clauses_added=0 cegar_failures=0 cegar_rounds=1 cegar_added_clauses=0
c 00h00m02s | result:Sat
c 00h00m02s | objective:incumbent kind=initial value=120 rounds=1 improvements=0
o 120
c 00h00m02s | stage:sat:init solver=CaDiCaL vars=10357 clauses=40173
c 00h00m02s | stage:sat:solve:start round=1 cegar_rounds=2 assumptions=0
c 00h00m02s | stage:sat:solve:done round=1 ms=2 result=Sat assumptions=0
c 00h00m02s | stage:decode:start round=1
c 00h00m02s | stage:relaxation:done round=1 clauses_added=13596 cegar_failures=1 cegar_rounds=2 cegar_added_clauses=13596
c 00h00m02s | stage:sat:solve:start round=2 cegar_rounds=3 assumptions=0
c 00h00m02s | stage:sat:solve:done round=2 ms=117 result=Sat assumptions=0
c 00h00m02s | stage:decode:start round=2
c 00h00m02s | stage:decode:done round=2 int_assignments=298
c 00h00m02s | stage:relaxation:done clauses_added=0 cegar_failures=1 cegar_rounds=3 cegar_added_clauses=13596
c 00h00m02s | result:Sat
c 00h00m02s | objective:incumbent kind=improvement value=108 rounds=2 improvements=1
o 108
c 00h00m02s | stage:sat:init solver=CaDiCaL vars=10357 clauses=40173
c 00h00m02s | stage:sat:solve:start round=1 cegar_rounds=4 assumptions=0
c 00h00m02s | stage:sat:solve:done round=1 ms=3 result=Sat assumptions=0
c 00h00m02s | stage:decode:start round=1
c 00h00m02s | stage:relaxation:done round=1 clauses_added=13389 cegar_failures=2 cegar_rounds=4 cegar_added_clauses=26985
c 00h00m02s | stage:sat:solve:start round=2 cegar_rounds=5 assumptions=0
c 00h00m03s | stage:sat:solve:done round=2 ms=278 result=Sat assumptions=0
c 00h00m03s | stage:decode:start round=2
c 00h00m03s | stage:decode:done round=2 int_assignments=298
c 00h00m03s | stage:relaxation:done clauses_added=0 cegar_failures=2 cegar_rounds=5 cegar_added_clauses=26985
c 00h00m03s | result:Sat
c 00h00m03s | objective:incumbent kind=improvement value=106 rounds=3 improvements=2
o 106
c 00h00m03s | stage:sat:init solver=CaDiCaL vars=10357 clauses=40173
c 00h00m03s | stage:sat:solve:start round=1 cegar_rounds=6 assumptions=0
c 00h00m03s | stage:sat:solve:done round=1 ms=2 result=Sat assumptions=0
c 00h00m03s | stage:decode:start round=1
c 00h00m03s | stage:relaxation:done round=1 clauses_added=13395 cegar_failures=3 cegar_rounds=6 cegar_added_clauses=40380
c 00h00m03s | stage:sat:solve:start round=2 cegar_rounds=7 assumptions=0
c 00h00m03s | stage:sat:solve:done round=2 ms=227 result=Sat assumptions=0
c 00h00m03s | stage:decode:start round=2
c 00h00m03s | stage:decode:done round=2 int_assignments=298
c 00h00m03s | stage:relaxation:done clauses_added=0 cegar_failures=3 cegar_rounds=7 cegar_added_clauses=40380
c 00h00m03s | result:Sat
c 00h00m03s | objective:incumbent kind=improvement value=104 rounds=4 improvements=3
o 104
c 00h00m03s | stage:sat:init solver=CaDiCaL vars=10357 clauses=40173
c 00h00m03s | stage:sat:solve:start round=1 cegar_rounds=8 assumptions=0
c 00h00m03s | stage:sat:solve:done round=1 ms=4 result=Sat assumptions=0
c 00h00m03s | stage:decode:start round=1
c 00h00m03s | stage:relaxation:done round=1 clauses_added=13295 cegar_failures=4 cegar_rounds=8 cegar_added_clauses=53675
c 00h00m03s | stage:sat:solve:start round=2 cegar_rounds=9 assumptions=0
c 00h00m03s | stage:sat:solve:done round=2 ms=15 result=Sat assumptions=0
c 00h00m03s | stage:decode:start round=2
c 00h00m03s | stage:decode:done round=2 int_assignments=298
c 00h00m03s | stage:relaxation:done clauses_added=0 cegar_failures=4 cegar_rounds=9 cegar_added_clauses=53675
c 00h00m03s | result:Sat
c 00h00m03s | objective:incumbent kind=improvement value=94 rounds=5 improvements=4
o 94
c 00h00m03s | stage:sat:init solver=CaDiCaL vars=10357 clauses=40173
c 00h00m03s | stage:sat:solve:start round=1 cegar_rounds=10 assumptions=0
c 00h00m03s | stage:sat:solve:done round=1 ms=4 result=Sat assumptions=0
c 00h00m03s | stage:decode:start round=1
c 00h00m03s | stage:relaxation:done round=1 clauses_added=13087 cegar_failures=5 cegar_rounds=10 cegar_added_clauses=66762
c 00h00m03s | stage:sat:solve:start round=2 cegar_rounds=11 assumptions=0
c 00h00m03s | stage:sat:solve:done round=2 ms=9 result=Sat assumptions=0
c 00h00m03s | stage:decode:start round=2
c 00h00m03s | stage:decode:done round=2 int_assignments=298
c 00h00m03s | stage:relaxation:done clauses_added=0 cegar_failures=5 cegar_rounds=11 cegar_added_clauses=66762
c 00h00m03s | result:Sat
c 00h00m03s | objective:incumbent kind=improvement value=90 rounds=6 improvements=5
o 90
c 00h00m03s | stage:sat:init solver=CaDiCaL vars=10357 clauses=40173
c 00h00m03s | stage:sat:solve:start round=1 cegar_rounds=12 assumptions=0
c 00h00m03s | stage:sat:solve:done round=1 ms=4 result=Sat assumptions=0
c 00h00m03s | stage:decode:start round=1
c 00h00m03s | stage:relaxation:done round=1 clauses_added=13013 cegar_failures=6 cegar_rounds=12 cegar_added_clauses=79775
c 00h00m03s | stage:sat:solve:start round=2 cegar_rounds=13 assumptions=0
c 00h00m03s | stage:sat:solve:done round=2 ms=64 result=Sat assumptions=0
c 00h00m03s | stage:decode:start round=2
c 00h00m03s | stage:decode:done round=2 int_assignments=298
c 00h00m03s | stage:relaxation:done clauses_added=0 cegar_failures=6 cegar_rounds=13 cegar_added_clauses=79775
c 00h00m03s | result:Sat
c 00h00m03s | objective:incumbent kind=improvement value=88 rounds=7 improvements=6
o 88
c 00h00m03s | stage:sat:init solver=CaDiCaL vars=10357 clauses=40173
c 00h00m03s | stage:sat:solve:start round=1 cegar_rounds=14 assumptions=0
c 00h00m03s | stage:sat:solve:done round=1 ms=4 result=Sat assumptions=0
c 00h00m03s | stage:decode:start round=1
c 00h00m03s | stage:relaxation:done round=1 clauses_added=12895 cegar_failures=7 cegar_rounds=14 cegar_added_clauses=92670
c 00h00m03s | stage:sat:solve:start round=2 cegar_rounds=15 assumptions=0
c 00h00m03s | stage:sat:solve:done round=2 ms=85 result=Sat assumptions=0
c 00h00m03s | stage:decode:start round=2
c 00h00m03s | stage:decode:done round=2 int_assignments=298
c 00h00m03s | stage:relaxation:done clauses_added=0 cegar_failures=7 cegar_rounds=15 cegar_added_clauses=92670
c 00h00m03s | result:Sat
c 00h00m03s | objective:incumbent kind=improvement value=86 rounds=8 improvements=7
o 86
c 00h00m03s | stage:sat:init solver=CaDiCaL vars=10357 clauses=40173
c 00h00m03s | stage:sat:solve:start round=1 cegar_rounds=16 assumptions=0
c 00h00m03s | stage:sat:solve:done round=1 ms=3 result=Sat assumptions=0
c 00h00m03s | stage:decode:start round=1
c 00h00m03s | stage:relaxation:done round=1 clauses_added=12876 cegar_failures=8 cegar_rounds=16 cegar_added_clauses=105546
c 00h00m03s | stage:sat:solve:start round=2 cegar_rounds=17 assumptions=0
c 00h00m03s | stage:sat:solve:done round=2 ms=27 result=Unsat assumptions=0
c 00h00m03s | result:Unsat
s OPTIMUM FOUND
o 86
v <instantiation>
v   <list> c[0][0] c[0][1] c[0][2] c[0][3] c[0][4] c[0][5] c[1][0] c[1][1] c[1][2] c[1][3] c[1][4] c[1][5] c[2][0] c[2][1] c[2][2] c[2][3] c[2][4] c[2][5] c[3][0] c[3][1] c[3][2] c[3][3] c[3][4] c[3][5] c[4][0] c[4][1] c[4][2] c[4][3] c[4][4] c[4][5] c[5][0] c[5][1] c[5][2] c[5][3] c[5][4] c[5][5] c[6][0] c[6][1] c[6][2] c[6][3] c[6][4] c[6][5] c[7][0] c[7][1] c[7][2] c[7][3] c[7][4] c[7][5] c[8][0] c[8][1] c[8][2] c[8][3] c[8][4] c[8][5] c[9][0] c[9][1] c[9][2] c[9][3] c[9][4] c[9][5] c[10][0] c[10][1] c[10][2] c[10][3] c[10][4] c[10][5] c[11][0] c[11][1] c[11][2] c[11][3] c[11][4] c[11][5] l[0][0] l[0][1] l[0][2] l[0][3] l[0][4] l[0][5] l[1][0] l[1][1] l[1][2] l[1][3] l[1][4] l[1][5] l[2][0] l[2][1] l[2][2] l[2][3] l[2][4] l[2][5] l[3][0] l[3][1] l[3][2] l[3][3] l[3][4] l[3][5] l[4][0] l[4][1] l[4][2] l[4][3] l[4][4] l[4][5] l[5][0] l[5][1] l[5][2] l[5][3] l[5][4] l[5][5] l[6][0] l[6][1] l[6][2] l[6][3] l[6][4] l[6][5] l[7][0] l[7][1] l[7][2] l[7][3] l[7][4] l[7][5] l[8][0] l[8][1] l[8][2] l[8][3] l[8][4] l[8][5] l[9][0] l[9][1] l[9][2] l[9][3] l[9][4] l[9][5] l[10][0] l[10][1] l[10][2] l[10][3] l[10][4] l[10][5] l[11][0] l[11][1] l[11][2] l[11][3] l[11][4] l[11][5] a[0][0] a[0][1] a[0][2] a[0][3] a[0][4] a[0][5] a[1][0] a[1][1] a[1][2] a[1][3] a[1][4] a[1][5] a[2][0] a[2][1] a[2][2] a[2][3] a[2][4] a[2][5] a[3][0] a[3][1] a[3][2] a[3][3] a[3][4] a[3][5] a[4][0] a[4][1] a[4][2] a[4][3] a[4][4] a[4][5] a[5][0] a[5][1] a[5][2] a[5][3] a[5][4] a[5][5] a[6][0] a[6][1] a[6][2] a[6][3] a[6][4] a[6][5] a[7][0] a[7][1] a[7][2] a[7][3] a[7][4] a[7][5] a[8][0] a[8][1] a[8][2] a[8][3] a[8][4] a[8][5] a[9][0] a[9][1] a[9][2] a[9][3] a[9][4] a[9][5] a[10][0] a[10][1] a[10][2] a[10][3] a[10][4] a[10][5] a[11][0] a[11][1] a[11][2] a[11][3] a[11][4] a[11][5] i[0][0] i[0][1] i[0][2] i[0][3] i[0][4] i[0][5] i[1][0] i[1][1] i[1][2] i[1][3] i[1][4] i[1][5] i[2][0] i[2][1] i[2][2] i[2][3] i[2][4] i[2][5] i[3][0] i[3][1] i[3][2] i[3][3] i[3][4] i[3][5] i[4][0] i[4][1] i[4][2] i[4][3] i[4][4] i[4][5] i[5][0] i[5][1] i[5][2] i[5][3] i[5][4] i[5][5] i[6][0] i[6][1] i[6][2] i[6][3] i[6][4] i[6][5] i[7][0] i[7][1] i[7][2] i[7][3] i[7][4] i[7][5] i[8][0] i[8][1] i[8][2] i[8][3] i[8][4] i[8][5] i[9][0] i[9][1] i[9][2] i[9][3] i[9][4] i[9][5] i[10][0] i[10][1] i[10][2] i[10][3] i[10][4] i[10][5] i[11][0] i[11][1] i[11][2] i[11][3] i[11][4] i[11][5] cnt[0] cnt[1] cnt[2] cnt[3] cnt[4] cnt[5] cnt[6] cnt[7] cnt[8] cnt[9] </list>
v   <values> 0 0 0 0 0 0 0 16 0 0 0 0 0 0 0 0 0 0 0 16 0 16 0 0 0 0 0 0 0 0 0 16 0 4 0 0 0 0 0 0 0 0 0 16 0 0 0 0 0 0 0 0 0 0 0 0 0 0 0 0 0 0 0 0 0 0 2 0 0 0 0 0 15 11 13 9 10 12 15 7 2 0 10 12 15 7 2 10 12 0 15 4 3 7 0 0 15 4 3 7 0 0 15 4 0 3 0 0 15 4 3 0 0 0 15 4 0 0 0 0 15 4 0 0 0 0 15 3 0 0 0 0 15 3 0 0 0 0 1 0 0 0 0 0 0 0 0 0 0 0 1 1 2 0 1 1 0 0 0 0 0 0 1 1 1 2 0 0 0 0 0 0 0 0 1 2 0 1 0 0 0 0 0 0 0 0 1 2 0 0 0 0 0 0 0 0 0 0 1 1 0 0 0 0 0 0 0 0 0 0 2 0 0 0 0 0 0 0 0 0 0 0 0 0 0 0 0 0 0 1 2 4 5 5 0 0 0 0 0 0 0 1 2 3 4 0 0 0 0 0 0 0 0 1 3 3 0 0 0 0 0 0 0 0 0 1 2 0 0 0 0 0 0 0 0 0 0 1 0 0 0 0 0 0 0 0 0 0 1 1 1 1 1 1 1 1 0 0 </values>
v </instantiation>
d OBJECTIVE_VALUE 86
d OPTIMAL 1
d SOURCE_CONSTRAINTS 217
d NORMALIZED_CONSTRAINTS 217
d LOWERED_CONSTRAINTS 217
d UNSUPPORTED_CONSTRAINTS 0
d CIRCUIT_CEGAR_FAILURES 8
d CIRCUIT_CEGAR_ROUNDS 17
d CIRCUIT_CEGAR_ADDED_CLAUSES 105546
d OBJECTIVE_ROUNDS 9
d OBJECTIVE_IMPROVEMENTS 7
d PROPAGATE_MS 14
d NORMALIZE_MS 0
d LOWER_MS 4
d POST_LOWER_MS 0
d PREENCODE_MS 0
d ENCODE_MS 2547
d SAT_SOLVE_MS 972
d TOTAL_MS 3626
d SAT_VARS 10357
d SAT_CLAUSES_BASE 40173
d SAT_CLAUSES_FINAL 53049
d SAT_CLAUSES_CEGAR_DELTA 12876
d LINEAR_INT_EQ_ARITY_STATS {"1":{"count":100,"max_domain_product_excluding_one_var":"1","p95_domain_product_excluding_one_var":"1"},"2":{"count":10,"max_domain_product_excluding_one_var":"15","p95_domain_product_excluding_one_var":"15"}}
d LINEAR_INT_NE_ARITY_STATS {}
d LINEAR_INT_GE_ARITY_STATS {"1":{"count":127,"max_domain_product_excluding_one_var":"1","p95_domain_product_excluding_one_var":"1"},"2":{"count":15,"max_domain_product_excluding_one_var":"4","p95_domain_product_excluding_one_var":"4"}}
d LINEAR_BOOL_MIXED_ARITY_STATS {"3":{"count":2,"max_domain_product_excluding_one_var":"4","p95_domain_product_excluding_one_var":"4"},"4":{"count":2,"max_domain_product_excluding_one_var":"8","p95_domain_product_excluding_one_var":"8"},"5":{"count":2,"max_domain_product_excluding_one_var":"16","p95_domain_product_excluding_one_var":"16"},"6":{"count":2,"max_domain_product_excluding_one_var":"32","p95_domain_product_excluding_one_var":"32"},"7":{"count":2,"max_domain_product_excluding_one_var":"64","p95_domain_product_excluding_one_var":"64"}}
d PROPAGATE_PRUNED_VALUES 1764
d PROPAGATE_CHANGED_DOMAINS 104
d PROPAGATE_ENTAILED_TABLES 0
d POST_LOWER_ROUNDS 0
d POST_LOWER_TIGHTENED_DOMAINS 2
d POST_LOWER_REMOVED_CLAUSES 201
d POST_LOWER_REMOVED_LITS 121
d POST_LOWER_DETECTED_UNSAT 0
d PREENCODE_INT_VARS 298
d ENCODE_EXTERNAL_GE_SPECS 0
d ENCODE_RELAXED_CIRCUITS 0
d LOG_SCOP_LINEAR_PB_CONSTRAINTS 1492
d LOG_SCOP_LINEAR_PB_MIXED_DISPATCH_CONSTRAINTS 0
d LOG_SCOP_LINEAR_PB_MIXED_ATTEMPT_BDD 0
d LOG_SCOP_LINEAR_PB_MIXED_ATTEMPT_SORTER 0
d LOG_SCOP_LINEAR_PB_MIXED_ATTEMPT_DADDA 0
d LOG_SCOP_LINEAR_PB_MIXED_REJECT_BDD_BUDGET 0
d LOG_SCOP_LINEAR_PB_MIXED_REJECT_SORTER_BUDGET 0
d LOG_SCOP_LINEAR_PB_MIXED_FALLBACK_BDD_TO_SORTER 0
d LOG_SCOP_LINEAR_PB_MIXED_FALLBACK_BDD_TO_DADDA 0
d LOG_SCOP_LINEAR_PB_MIXED_FALLBACK_SORTER_TO_BDD 0
d LOG_SCOP_LINEAR_PB_MIXED_FALLBACK_SORTER_TO_DADDA 0
d LOG_SCOP_LINEAR_PB_BACKEND_BDD2 0
d LOG_SCOP_LINEAR_PB_BACKEND_BDD3 1492
d LOG_SCOP_LINEAR_PB_BACKEND_SORTER 0
d LOG_SCOP_LINEAR_PB_BACKEND_DADDA 0
d LOG_SCOP_LINEAR_PB_BDD_DECOMPOSITION_RAW 1492
d LOG_SCOP_LINEAR_PB_BDD_DECOMPOSITION_BINARY 0
d LOG_SCOP_LINEAR_PB_BDD_DECOMPOSITION_MULTIBASE 0
d DECODE_INT_ASSIGNMENTS 298
d CSV /bench/competition/2022-2025/COP22to25/TAL-02_c22.xml.lzma,optimum,217,217,217,0,10357,53049,3626,14,0,4,0,2547,972,,
