# WCTIME: wall clock time in seconds
WCTIME=18.2093
# CPUTIME: CPU time in seconds (USERTIME+SYSTEMTIME)
CPUTIME=18.1179
# USERTIME: CPU time spent in user mode in seconds
USERTIME=17.8559
# SYSTEMTIME: CPU time spent in system mode in seconds
SYSTEMTIME=0.262064
# CPUUSAGE: CPUTIME/WCTIME in percent
CPUUSAGE=99.4983
# MAXVM: maximum virtual memory used in KiB
MAXVM=603284
# MAXMM: maximum memory used in KiB
MAXMM=374388
# MAXRSS: maximum Resident Segment Size in KiB
MAXRSS=387872
# TIMEOUT: did the solver exceed the time limit?
TIMEOUT=false
# MEMOUT: did the solver exceed the memory limit?
MEMOUT=false
# EXITSTATUS: Exit status of the solver
EXITSTATUS=0
