c cmd: /host-parser-bin/kat_xcsp_a3aa7f34 /bench/competition/2022-2025/COP22to25/CyclicBandwidth-mesh2D10x10_c22.xml.lzma --encoder portfolio --portfolio-strategy v3 --cop-pipeline guarded-basic --cop-objective-cut direct-expr --cop-objective-cut-timing incremental-hard --cop-objective-cut-backend cnf --table-encoding mdd-tl --cumulative-mode exact --cumulative-decomposition time-rd --progress --log-scop-linear-pb-backend auto --log-scop-bdd-decomposition auto --log-scop-aggregate-weighted-lits --order-ge-shorten-link-cost --direct-eq-ne-max-arity 2 --eq-ne-encoding direct --portfolio-log-scop-eq-ne-encoding ge-rewrite --cop-objective-phase auto
c version: kat-cli=0.1.0 git=a3aa7f34124d-clean
c run_start_local: 2026-06-04 16:32:09 +0900
c 00h00m00s | solve:start
c 00h00m00s | stage:objective-cut timing=incremental-hard backend=cnf form=direct-expr
c 00h00m00s | input: constraints=1
c 00h00m00s | stage:propagate:start
c 00h00m00s | stage:propagate:done ms=0 pruned=0 changed_domains=0 entailed_tables=0
c 00h00m00s | memory:rss checkpoint=after_propagate bytes=4321280 rss=4.12MiB
c 00h00m00s | stage:normalize:start
c 00h00m00s | stage:normalize:done ms=0 high_constraints=1
c 00h00m00s | stage:lower:start
c 00h00m00s | stage:lower:progress percent=100 processed=1 total=1 lowered=1 unsupported=0 ms=0
c 00h00m00s | stage:lower:done ms=0 lowered=1 unsupported=0
c 00h00m00s | memory:rss checkpoint=after_lower bytes=3624960 rss=3.46MiB
c 00h00m00s | stage:post_lower:start
c 00h00m00s | stage:post_lower:done ms=0 rounds=0 tightened=0 removed_cls=0 removed_lits=0 unsat=false precise_hits=0 precise_rounds=0 pivot_recomputes=0 pivot_exact_attempts=0 pivot_general_attempts=0 pivot_general_rest_missing=0 pivot_general_bound_missing=0 pivot_general_no_change=0 pivot_general_tightened=0 setup_ms=0 loop_ms=0 pivot_ms=0 pivot_version_ms=0 pivot_exact_ms=0 pivot_general_ms=0 pivot_general_prepare_ms=0 pivot_general_rest_ms=0 pivot_general_derive_ms=0 apply_ms=0 sat_ms=0 precise_ms=0
c 00h00m00s | memory:rss checkpoint=after_post_lower bytes=3624960 rss=3.46MiB
c 00h00m00s | stage:lowered-shape int_vars=100 bool_vars=0 linear_atoms=0 table_atoms=0 table_tuples=0 table_scope=0 alldiff_atoms=1 circuit_atoms=0 product_atoms=0 logical_clauses=1
c 00h00m00s | stage:root-lp:skip reason=disabled ms=0
c 00h00m00s | memory:rss checkpoint=before_preencode bytes=3624960 rss=3.46MiB
c 00h00m00s | stage:preencode(log-scop):start
c 00h00m00s | stage:preencode(log-scop):done ms=0 int_vars=100
c 00h00m00s | memory:rss checkpoint=after_preencode bytes=3624960 rss=3.46MiB
c 00h00m00s | memory:rss checkpoint=before_encode bytes=3624960 rss=3.46MiB
c 00h00m00s | stage:encode(log-scop):start
c 00h00m00s | memory:rss checkpoint=encode_clause_sample stage=log-scop clauses=110700 bytes=15347712 rss=14.64MiB progress_percent=10 processed=11 total=101
c 00h00m00s | stage:encode(log-scop):progress percent=10 processed=11 total=101 sat_clauses=110700 ms=27
c 00h00m00s | memory:rss checkpoint=encode_clause_sample stage=log-scop clauses=110700 bytes=15347712 rss=14.64MiB progress_percent=20 processed=21 total=101
c 00h00m00s | stage:encode(log-scop):progress percent=20 processed=21 total=101 sat_clauses=110700 ms=27
c 00h00m00s | memory:rss checkpoint=encode_clause_sample stage=log-scop clauses=110700 bytes=15347712 rss=14.64MiB progress_percent=30 processed=31 total=101
c 00h00m00s | stage:encode(log-scop):progress percent=30 processed=31 total=101 sat_clauses=110700 ms=27
c 00h00m00s | memory:rss checkpoint=encode_clause_sample stage=log-scop clauses=110700 bytes=15347712 rss=14.64MiB progress_percent=40 processed=41 total=101
c 00h00m00s | stage:encode(log-scop):progress percent=40 processed=41 total=101 sat_clauses=110700 ms=27
c 00h00m00s | memory:rss checkpoint=encode_clause_sample stage=log-scop clauses=110700 bytes=15347712 rss=14.64MiB progress_percent=50 processed=51 total=101
c 00h00m00s | stage:encode(log-scop):progress percent=50 processed=51 total=101 sat_clauses=110700 ms=27
c 00h00m00s | memory:rss checkpoint=encode_clause_sample stage=log-scop clauses=110700 bytes=15347712 rss=14.64MiB progress_percent=60 processed=61 total=101
c 00h00m00s | stage:encode(log-scop):progress percent=60 processed=61 total=101 sat_clauses=110700 ms=27
c 00h00m00s | memory:rss checkpoint=encode_clause_sample stage=log-scop clauses=110700 bytes=15347712 rss=14.64MiB progress_percent=70 processed=71 total=101
c 00h00m00s | stage:encode(log-scop):progress percent=70 processed=71 total=101 sat_clauses=110700 ms=27
c 00h00m00s | memory:rss checkpoint=encode_clause_sample stage=log-scop clauses=110700 bytes=15347712 rss=14.64MiB progress_percent=80 processed=81 total=101
c 00h00m00s | stage:encode(log-scop):progress percent=80 processed=81 total=101 sat_clauses=110700 ms=27
c 00h00m00s | memory:rss checkpoint=encode_clause_sample stage=log-scop clauses=110700 bytes=15347712 rss=14.64MiB progress_percent=90 processed=91 total=101
c 00h00m00s | stage:encode(log-scop):progress percent=90 processed=91 total=101 sat_clauses=110700 ms=27
c 00h00m00s | memory:rss checkpoint=encode_clause_sample stage=log-scop clauses=110700 bytes=15347712 rss=14.64MiB progress_percent=100 processed=101 total=101
c 00h00m00s | stage:encode(log-scop):progress percent=100 processed=101 total=101 sat_clauses=110700 ms=27
c 00h00m00s | stage:encode(log-scop):done ms=41 sat_vars=21100 sat_clauses=110700 ext_ge_specs=0 relaxed_circuits=0 log_scop_pb_constraints=100 log_scop_pb_mixed=0 log_scop_pb_bdd2=100 log_scop_pb_bdd3=0 log_scop_pb_sorter=0 log_scop_pb_dadda=0 log_scop_bdd_raw=100 log_scop_bdd_binary=0 log_scop_bdd_multibase=0
c 00h00m00s | stage:objective-cut timing=incremental-hard backend=cnf form=direct-expr
c 00h00m00s | stage:sat:init solver=CaDiCaL vars=21100 clauses=110700
c 00h00m00s | stage:sat:solve:start assumptions=0 phase_lits=0
c 00h00m00s | stage:sat:solve:done ms=2 result=Sat assumptions=0 phase_lits=0
c 00h00m00s | stage:decode:start
c 00h00m00s | stage:decode:done int_assignments=100
c 00h00m00s | result:Sat
c 00h00m00s | objective:incumbent kind=initial value=50 rounds=1 improvements=0
o 50
c objective-cut:rss-guard enabled=false
c 00h00m00s | stage:objective-cut:add timing=incremental-hard backend=cnf form=direct-expr clauses_added=242200
c 00h00m00s | stage:sat:init solver=CaDiCaL vars=164160 clauses=352900
c 00h00m00s | stage:sat:solve:start assumptions=0 phase_lits=0
c 00h00m00s | stage:sat:solve:done ms=669 result=Sat assumptions=0 phase_lits=0
c 00h00m00s | stage:decode:start
c 00h00m00s | stage:decode:done int_assignments=100
c 00h00m00s | result:Sat
c 00h00m00s | objective:incumbent kind=improvement value=49 rounds=2 improvements=1
o 49
c objective-cut:rss-guard enabled=false
c 00h00m01s | stage:objective-cut:add timing=incremental-hard backend=cnf form=direct-expr clauses_added=242560
c 00h00m01s | stage:sat:init solver=CaDiCaL vars=307400 clauses=595460
c 00h00m01s | stage:sat:solve:start assumptions=0 phase_lits=0
c 00h00m01s | stage:sat:solve:done ms=296 result=Sat assumptions=0 phase_lits=0
c 00h00m01s | stage:decode:start
c 00h00m01s | stage:decode:done int_assignments=100
c 00h00m01s | result:Sat
c 00h00m01s | objective:incumbent kind=improvement value=48 rounds=3 improvements=2
o 48
c objective-cut:rss-guard enabled=false
c 00h00m01s | stage:objective-cut:add timing=incremental-hard backend=cnf form=direct-expr clauses_added=241300
c 00h00m01s | stage:sat:init solver=CaDiCaL vars=449920 clauses=836760
c 00h00m01s | stage:sat:solve:start assumptions=0 phase_lits=0
c 00h00m06s | stage:sat:solve:done ms=5444 result=Sat assumptions=0 phase_lits=0
c 00h00m06s | stage:decode:start
c 00h00m07s | stage:decode:done int_assignments=100
c 00h00m07s | result:Sat
c 00h00m07s | objective:incumbent kind=improvement value=47 rounds=4 improvements=3
o 47
c objective-cut:rss-guard enabled=false
c 00h00m07s | stage:objective-cut:add timing=incremental-hard backend=cnf form=direct-expr clauses_added=242200
c 00h00m07s | stage:sat:init solver=CaDiCaL vars=593160 clauses=1078960
c 00h00m07s | stage:sat:solve:start assumptions=0 phase_lits=0
c 00h00m09s | stage:sat:solve:done ms=2759 result=Sat assumptions=0 phase_lits=0
c 00h00m09s | stage:decode:start
c 00h00m09s | stage:decode:done int_assignments=100
c 00h00m09s | result:Sat
c 00h00m09s | objective:incumbent kind=improvement value=46 rounds=5 improvements=4
o 46
c objective-cut:rss-guard enabled=false
c 00h00m10s | stage:objective-cut:add timing=incremental-hard backend=cnf form=direct-expr clauses_added=242020
c 00h00m10s | stage:sat:init solver=CaDiCaL vars=736220 clauses=1320980
c 00h00m10s | stage:sat:solve:start assumptions=0 phase_lits=0
c 00h00m16s | stage:sat:solve:done ms=5988 result=Sat assumptions=0 phase_lits=0
c 00h00m16s | stage:decode:start
c 00h00m16s | stage:decode:done int_assignments=100
c 00h00m16s | result:Sat
c 00h00m16s | objective:incumbent kind=improvement value=45 rounds=6 improvements=5
o 45
c objective-cut:rss-guard enabled=false
c 00h00m16s | stage:objective-cut:add timing=incremental-hard backend=cnf form=direct-expr clauses_added=242380
c 00h00m16s | stage:sat:init solver=CaDiCaL vars=879460 clauses=1563360
c 00h00m16s | stage:sat:solve:start assumptions=0 phase_lits=0
c 00h00m21s | stage:sat:solve:done ms=5427 result=Sat assumptions=0 phase_lits=0
c 00h00m21s | stage:decode:start
c 00h00m21s | stage:decode:done int_assignments=100
c 00h00m21s | result:Sat
c 00h00m21s | objective:incumbent kind=improvement value=44 rounds=7 improvements=6
o 44
c objective-cut:rss-guard enabled=false
c 00h00m21s | stage:objective-cut:add timing=incremental-hard backend=cnf form=direct-expr clauses_added=241840
c 00h00m21s | stage:sat:init solver=CaDiCaL vars=1022340 clauses=1805200
c 00h00m21s | stage:sat:solve:start assumptions=0 phase_lits=0
c 00h00m27s | stage:sat:solve:done ms=5926 result=Sat assumptions=0 phase_lits=0
c 00h00m27s | stage:decode:start
c 00h00m27s | stage:decode:done int_assignments=100
c 00h00m27s | result:Sat
c 00h00m27s | objective:incumbent kind=improvement value=43 rounds=8 improvements=7
o 43
c objective-cut:rss-guard enabled=false
c 00h00m28s | stage:objective-cut:add timing=incremental-hard backend=cnf form=direct-expr clauses_added=242380
c 00h00m28s | stage:sat:init solver=CaDiCaL vars=1165580 clauses=2047580
c 00h00m28s | stage:sat:solve:start assumptions=0 phase_lits=0
c 00h00m41s | stage:sat:solve:done ms=13580 result=Sat assumptions=0 phase_lits=0
c 00h00m41s | stage:decode:start
c 00h00m41s | stage:decode:done int_assignments=100
c 00h00m41s | result:Sat
c 00h00m41s | objective:incumbent kind=improvement value=42 rounds=9 improvements=8
o 42
c objective-cut:rss-guard enabled=false
c 00h00m41s | stage:objective-cut:add timing=incremental-hard backend=cnf form=direct-expr clauses_added=242200
c 00h00m41s | stage:sat:init solver=CaDiCaL vars=1308640 clauses=2289780
c 00h00m41s | stage:sat:solve:start assumptions=0 phase_lits=0
c 00h00m50s | stage:sat:solve:done ms=8628 result=Sat assumptions=0 phase_lits=0
c 00h00m50s | stage:decode:start
c 00h00m50s | stage:decode:done int_assignments=100
c 00h00m50s | result:Sat
c 00h00m50s | objective:incumbent kind=improvement value=41 rounds=10 improvements=9
o 41
c objective-cut:rss-guard enabled=false
c 00h00m50s | stage:objective-cut:add timing=incremental-hard backend=cnf form=direct-expr clauses_added=242560
c 00h00m50s | stage:sat:init solver=CaDiCaL vars=1451880 clauses=2532340
c 00h00m50s | stage:sat:solve:start assumptions=0 phase_lits=0
c 00h00m55s | stage:sat:solve:done ms=4757 result=Sat assumptions=0 phase_lits=0
c 00h00m55s | stage:decode:start
c 00h00m55s | stage:decode:done int_assignments=100
c 00h00m55s | result:Sat
c 00h00m55s | objective:incumbent kind=improvement value=40 rounds=11 improvements=10
o 40
c objective-cut:rss-guard enabled=false
c 00h00m55s | stage:objective-cut:add timing=incremental-hard backend=cnf form=direct-expr clauses_added=241660
c 00h00m55s | stage:sat:init solver=CaDiCaL vars=1594580 clauses=2774000
c 00h00m55s | stage:sat:solve:start assumptions=0 phase_lits=0
c 00h01m29s | stage:sat:solve:done ms=34066 result=Sat assumptions=0 phase_lits=0
c 00h01m29s | stage:decode:start
c 00h01m29s | stage:decode:done int_assignments=100
c 00h01m29s | result:Sat
c 00h01m29s | objective:incumbent kind=improvement value=39 rounds=12 improvements=11
o 39
c objective-cut:rss-guard enabled=false
c 00h01m30s | stage:objective-cut:add timing=incremental-hard backend=cnf form=direct-expr clauses_added=242380
c 00h01m30s | stage:sat:init solver=CaDiCaL vars=1737820 clauses=3016380
c 00h01m30s | stage:sat:solve:start assumptions=0 phase_lits=0
c 00h01m30s | stage:sat:solve:done ms=198 result=Sat assumptions=0 phase_lits=0
c 00h01m30s | stage:decode:start
c 00h01m30s | stage:decode:done int_assignments=100
c 00h01m30s | result:Sat
c 00h01m30s | objective:incumbent kind=improvement value=38 rounds=13 improvements=12
o 38
c objective-cut:rss-guard enabled=false
c 00h01m30s | stage:objective-cut:add timing=incremental-hard backend=cnf form=direct-expr clauses_added=242200
c 00h01m30s | stage:sat:init solver=CaDiCaL vars=1880880 clauses=3258580
c 00h01m30s | stage:sat:solve:start assumptions=0 phase_lits=0
c 00h01m47s | stage:sat:solve:done ms=16656 result=Sat assumptions=0 phase_lits=0
c 00h01m47s | stage:decode:start
c 00h01m47s | stage:decode:done int_assignments=100
c 00h01m47s | result:Sat
c 00h01m47s | objective:incumbent kind=improvement value=37 rounds=14 improvements=13
o 37
c objective-cut:rss-guard enabled=false
c 00h01m47s | stage:objective-cut:add timing=incremental-hard backend=cnf form=direct-expr clauses_added=242560
c 00h01m47s | stage:sat:init solver=CaDiCaL vars=2024120 clauses=3501140
c 00h01m47s | stage:sat:solve:start assumptions=0 phase_lits=0
c 00h02m15s | stage:sat:solve:done ms=28075 result=Sat assumptions=0 phase_lits=0
c 00h02m15s | stage:decode:start
c 00h02m15s | stage:decode:done int_assignments=100
c 00h02m15s | result:Sat
c 00h02m15s | objective:incumbent kind=improvement value=36 rounds=15 improvements=14
o 36
c objective-cut:rss-guard enabled=false
c 00h02m15s | stage:objective-cut:add timing=incremental-hard backend=cnf form=direct-expr clauses_added=242020
c 00h02m15s | stage:sat:init solver=CaDiCaL vars=2167000 clauses=3743160
c 00h02m15s | stage:sat:solve:start assumptions=0 phase_lits=0
c 00h02m31s | stage:sat:solve:done ms=15618 result=Sat assumptions=0 phase_lits=0
c 00h02m31s | stage:decode:start
c 00h02m31s | stage:decode:done int_assignments=100
c 00h02m31s | result:Sat
c 00h02m31s | objective:incumbent kind=improvement value=35 rounds=16 improvements=15
o 35
c objective-cut:rss-guard enabled=false
c 00h02m31s | stage:objective-cut:add timing=incremental-hard backend=cnf form=direct-expr clauses_added=242560
c 00h02m31s | stage:sat:init solver=CaDiCaL vars=2310240 clauses=3985720
c 00h02m31s | stage:sat:solve:start assumptions=0 phase_lits=0
c 00h02m31s | stage:sat:solve:done ms=203 result=Sat assumptions=0 phase_lits=0
c 00h02m31s | stage:decode:start
c 00h02m31s | stage:decode:done int_assignments=100
c 00h02m31s | result:Sat
c 00h02m31s | objective:incumbent kind=improvement value=33 rounds=17 improvements=16
o 33
c objective-cut:rss-guard enabled=false
c 00h02m32s | stage:objective-cut:add timing=incremental-hard backend=cnf form=direct-expr clauses_added=242740
c 00h02m32s | stage:sat:init solver=CaDiCaL vars=2453480 clauses=4228460
c 00h02m32s | stage:sat:solve:start assumptions=0 phase_lits=0
c 00h04m01s | stage:sat:solve:done ms=89591 result=Sat assumptions=0 phase_lits=0
c 00h04m01s | stage:decode:start
c 00h04m01s | stage:decode:done int_assignments=100
c 00h04m01s | result:Sat
c 00h04m01s | objective:incumbent kind=improvement value=32 rounds=18 improvements=17
o 32
c objective-cut:rss-guard enabled=false
c 00h04m02s | stage:objective-cut:add timing=incremental-hard backend=cnf form=direct-expr clauses_added=241120
c 00h04m02s | stage:sat:init solver=CaDiCaL vars=2595820 clauses=4469580
c 00h04m02s | stage:sat:solve:start assumptions=0 phase_lits=0
c 00h04m03s | stage:sat:solve:done ms=944 result=Sat assumptions=0 phase_lits=0
c 00h04m03s | stage:decode:start
c 00h04m03s | stage:decode:done int_assignments=100
c 00h04m03s | result:Sat
c 00h04m03s | objective:incumbent kind=improvement value=23 rounds=19 improvements=18
o 23
c objective-cut:rss-guard enabled=false
c 00h04m03s | stage:objective-cut:add timing=incremental-hard backend=cnf form=direct-expr clauses_added=242380
c 00h04m03s | stage:sat:init solver=CaDiCaL vars=2739060 clauses=4711960
c 00h04m03s | stage:sat:solve:start assumptions=0 phase_lits=0
c 00h05m02s | stage:sat:solve:done ms=59452 result=Sat assumptions=0 phase_lits=0
c 00h05m02s | stage:decode:start
c 00h05m02s | stage:decode:done int_assignments=100
c 00h05m02s | result:Sat
c 00h05m02s | objective:incumbent kind=improvement value=22 rounds=20 improvements=19
o 22
c objective-cut:rss-guard enabled=false
c 00h05m03s | stage:objective-cut:add timing=incremental-hard backend=cnf form=direct-expr clauses_added=242200
c 00h05m03s | stage:sat:init solver=CaDiCaL vars=2882120 clauses=4954160
c 00h05m03s | stage:sat:solve:start assumptions=0 phase_lits=0
c 00h05m03s | stage:sat:solve:done ms=222 result=Sat assumptions=0 phase_lits=0
c 00h05m03s | stage:decode:start
c 00h05m03s | stage:decode:done int_assignments=100
c 00h05m03s | result:Sat
c 00h05m03s | objective:incumbent kind=improvement value=21 rounds=21 improvements=20
o 21
c objective-cut:rss-guard enabled=false
c 00h05m03s | stage:objective-cut:add timing=incremental-hard backend=cnf form=direct-expr clauses_added=242560
c 00h05m03s | stage:sat:init solver=CaDiCaL vars=3025360 clauses=5196720
c 00h05m03s | stage:sat:solve:start assumptions=0 phase_lits=0
c 00h06m17s | stage:sat:solve:done ms=74476 result=Sat assumptions=0 phase_lits=0
c 00h06m17s | stage:decode:start
c 00h06m18s | stage:decode:done int_assignments=100
c 00h06m18s | result:Sat
c 00h06m18s | objective:incumbent kind=improvement value=20 rounds=22 improvements=21
o 20
c objective-cut:rss-guard enabled=false
c 00h06m18s | stage:objective-cut:add timing=incremental-hard backend=cnf form=direct-expr clauses_added=242020
c 00h06m18s | stage:sat:init solver=CaDiCaL vars=3168240 clauses=5438740
c 00h06m18s | stage:sat:solve:start assumptions=0 phase_lits=0
c 00h10m04s | stage:sat:solve:done ms=226156 result=Sat assumptions=0 phase_lits=0
c 00h10m04s | stage:decode:start
c 00h10m04s | stage:decode:done int_assignments=100
c 00h10m04s | result:Sat
c 00h10m04s | objective:incumbent kind=improvement value=19 rounds=23 improvements=22
o 19
c objective-cut:rss-guard enabled=false
c 00h10m04s | stage:objective-cut:add timing=incremental-hard backend=cnf form=direct-expr clauses_added=242560
c 00h10m04s | stage:sat:init solver=CaDiCaL vars=3311480 clauses=5681300
c 00h10m04s | stage:sat:solve:start assumptions=0 phase_lits=0
c 00h13m47s | stage:sat:solve:done ms=222397 result=Sat assumptions=0 phase_lits=0
c 00h13m47s | stage:decode:start
c 00h13m47s | stage:decode:done int_assignments=100
c 00h13m47s | result:Sat
c 00h13m47s | objective:incumbent kind=improvement value=18 rounds=24 improvements=23
o 18
c objective-cut:rss-guard enabled=false
c 00h13m47s | stage:objective-cut:add timing=incremental-hard backend=cnf form=direct-expr clauses_added=242380
c 00h13m47s | stage:sat:init solver=CaDiCaL vars=3454540 clauses=5923680
c 00h13m47s | stage:sat:solve:start assumptions=0 phase_lits=0
c 00h15m08s | stage:sat:solve:done ms=81161 result=Sat assumptions=0 phase_lits=0
c 00h15m08s | stage:decode:start
c 00h15m08s | stage:decode:done int_assignments=100
c 00h15m08s | result:Sat
c 00h15m08s | objective:incumbent kind=improvement value=17 rounds=25 improvements=24
o 17
c objective-cut:rss-guard enabled=false
c 00h15m09s | stage:objective-cut:add timing=incremental-hard backend=cnf form=direct-expr clauses_added=242740
c 00h15m09s | stage:sat:init solver=CaDiCaL vars=3597780 clauses=6166420
c 00h15m09s | stage:sat:solve:start assumptions=0 phase_lits=0
s SATISFIABLE
o 17
v <instantiation>
v   <list> x[0] x[1] x[2] x[3] x[4] x[5] x[6] x[7] x[8] x[9] x[10] x[11] x[12] x[13] x[14] x[15] x[16] x[17] x[18] x[19] x[20] x[21] x[22] x[23] x[24] x[25] x[26] x[27] x[28] x[29] x[30] x[31] x[32] x[33] x[34] x[35] x[36] x[37] x[38] x[39] x[40] x[41] x[42] x[43] x[44] x[45] x[46] x[47] x[48] x[49] x[50] x[51] x[52] x[53] x[54] x[55] x[56] x[57] x[58] x[59] x[60] x[61] x[62] x[63] x[64] x[65] x[66] x[67] x[68] x[69] x[70] x[71] x[72] x[73] x[74] x[75] x[76] x[77] x[78] x[79] x[80] x[81] x[82] x[83] x[84] x[85] x[86] x[87] x[88] x[89] x[90] x[91] x[92] x[93] x[94] x[95] x[96] x[97] x[98] x[99] </list>
v   <values> 17 9 13 82 97 39 67 46 84 36 22 65 61 10 69 77 72 52 91 3 19 15 18 55 68 51 66 6 5 79 62 40 78 59 11 88 73 31 41 75 43 49 60 45 87 38 83 35 70 63 7 33 71 21 80 25 24 76 50 42 34 64 47 93 20 98 44 30 0 74 48 81 85 58 95 26 2 53 1 37 32 23 28 96 94 8 56 16 12 86 54 4 29 57 92 99 27 90 14 89 </values>
v </instantiation>
d OBJECTIVE_VALUE 17
d OPTIMAL 0
d OBJECTIVE_ROUNDS 25
d OBJECTIVE_IMPROVEMENTS 24
d COP_INCUMBENT_ELAPSED_MS 908929
d SOLVE_ELAPSED_MS 1800098
d CURRENT_STAGE sat
d CURRENT_STAGE_ELAPSED_MS 890904
d LAST_COMPLETED_STAGE decode
d STAGE_PARSE_STATUS pending
d STAGE_PROPAGATE_STATUS done
d STAGE_NORMALIZE_STATUS done
d STAGE_LOWER_STATUS done
d STAGE_POST_LOWER_STATUS done
d STAGE_PREENCODE_STATUS done
d STAGE_ENCODE_STATUS done
d STAGE_SAT_STATUS running
d STAGE_DECODE_STATUS done
d STAGE_RELAXATION_STATUS pending
d STAGE_DUMP_CNF_STATUS pending
d SOURCE_CONSTRAINTS 1
d NORMALIZED_CONSTRAINTS 1
d LOWERED_CONSTRAINTS 1
d UNSUPPORTED_CONSTRAINTS 0
d SAT_VARS 21100
d SAT_CLAUSES_BASE 110700
d SAT_CLAUSES_FINAL 6166420
d SAT_CLAUSES_CEGAR_DELTA 0
d MEMORY_RSS_BYTES 15347712
d MEMORY_RSS_AFTER_PROPAGATE_BYTES 4321280
d MEMORY_RSS_AFTER_LOWER_BYTES 3624960
d MEMORY_RSS_AFTER_POST_LOWER_BYTES 3624960
d MEMORY_RSS_BEFORE_PREENCODE_BYTES 3624960
d MEMORY_RSS_AFTER_PREENCODE_BYTES 3624960
d MEMORY_RSS_BEFORE_ENCODE_BYTES 3624960
d MEMORY_RSS_ENCODE_SAMPLE_INTERVAL_CLAUSES 1000000
d MEMORY_RSS_ENCODE_SAMPLE_COUNT 10
d MEMORY_RSS_ENCODE_LAST_SAMPLE_CLAUSE 110700
d MEMORY_RSS_ENCODE_LAST_SAMPLE_BYTES 15347712
d MEMORY_RSS_ENCODE_MAX_SAMPLE_BYTES 15347712
d CSP_INT_VARS 100
d CSP_CONSTRAINTS 1
d CSP_INTENTIONAL 0
d CSP_GLOBAL 1
d CSP_EXTENSIONAL 0
d CSP_ALLDIFF 1
d CSP_CUMULATIVE 0
d CSP_TABLE 0
d CSP_DOMAIN_SPAN_MEDIAN 99
d CSP_DOMAIN_SPAN_MAX 99
d N_CUMULATIVE 0
d N_TABLE 0
d SAT_CONFLICTS 562587
d LINEAR_INT_EQ_ARITY_STATS {}
d LINEAR_INT_NE_ARITY_STATS {}
d LINEAR_INT_GE_ARITY_STATS {}
d LINEAR_BOOL_MIXED_ARITY_STATS {}
d ROOT_LP_ENTERED 0
d ROOT_LP_STATUS skipped
d ROOT_LP_MS 0
d ROOT_LP_REASON root_lp_disabled
d OBJECTIVE_CUT_TIMING incremental-hard
d OBJECTIVE_CUT_BACKEND cnf
d OBJECTIVE_CUT_FORM direct-expr
d OBJECTIVE_CUT_EAGER_CLAUSES_ADDED 6055720
d PROPAGATE_PRUNED_VALUES 0
d PROPAGATE_CHANGED_DOMAINS 0
d PROPAGATE_ENTAILED_TABLES 0
d POST_LOWER_ROUNDS 0
d POST_LOWER_TIGHTENED_DOMAINS 0
d POST_LOWER_REMOVED_CLAUSES 0
d POST_LOWER_REMOVED_LITS 0
d POST_LOWER_DETECTED_UNSAT 0
d PREENCODE_INT_VARS 100
d ENCODE_EXTERNAL_GE_SPECS 0
d ENCODE_RELAXED_CIRCUITS 0
d LOG_SCOP_LINEAR_PB_CONSTRAINTS 100
d LOG_SCOP_LINEAR_PB_MIXED_DISPATCH_CONSTRAINTS 0
d LOG_SCOP_LINEAR_PB_MIXED_ATTEMPT_BDD 0
d LOG_SCOP_LINEAR_PB_MIXED_ATTEMPT_SORTER 0
d LOG_SCOP_LINEAR_PB_MIXED_ATTEMPT_DADDA 0
d LOG_SCOP_LINEAR_PB_MIXED_REJECT_BDD_BUDGET 0
d LOG_SCOP_LINEAR_PB_MIXED_REJECT_SORTER_BUDGET 0
d LOG_SCOP_LINEAR_PB_MIXED_FALLBACK_BDD_TO_SORTER 0
d LOG_SCOP_LINEAR_PB_MIXED_FALLBACK_BDD_TO_DADDA 0
d LOG_SCOP_LINEAR_PB_MIXED_FALLBACK_SORTER_TO_BDD 0
d LOG_SCOP_LINEAR_PB_MIXED_FALLBACK_SORTER_TO_DADDA 0
d LOG_SCOP_LINEAR_PB_BACKEND_BDD2 100
d LOG_SCOP_LINEAR_PB_BACKEND_BDD3 0
d LOG_SCOP_LINEAR_PB_BACKEND_SORTER 0
d LOG_SCOP_LINEAR_PB_BACKEND_DADDA 0
d LOG_SCOP_LINEAR_PB_BDD_DECOMPOSITION_RAW 100
d LOG_SCOP_LINEAR_PB_BDD_DECOMPOSITION_BINARY 0
d LOG_SCOP_LINEAR_PB_BDD_DECOMPOSITION_MULTIBASE 0
d MEMORY_RSS_BYTES 15347712
d MEMORY_RSS_AFTER_PROPAGATE_BYTES 4321280
d MEMORY_RSS_AFTER_LOWER_BYTES 3624960
d MEMORY_RSS_AFTER_POST_LOWER_BYTES 3624960
d MEMORY_RSS_BEFORE_PREENCODE_BYTES 3624960
d MEMORY_RSS_AFTER_PREENCODE_BYTES 3624960
d MEMORY_RSS_BEFORE_ENCODE_BYTES 3624960
d MEMORY_RSS_ENCODE_SAMPLE_INTERVAL_CLAUSES 1000000
d MEMORY_RSS_ENCODE_SAMPLE_COUNT 10
d MEMORY_RSS_ENCODE_LAST_SAMPLE_CLAUSE 110700
d MEMORY_RSS_ENCODE_LAST_SAMPLE_BYTES 15347712
d MEMORY_RSS_ENCODE_MAX_SAMPLE_BYTES 15347712
d DECODE_INT_ASSIGNMENTS 100
d CIRCUIT_CEGAR_FAILURES 0
d CIRCUIT_CEGAR_ROUNDS 0
d CIRCUIT_CEGAR_ADDED_CLAUSES 0
d CUMULATIVE_CEGAR_FAILURES 0
d CUMULATIVE_CEGAR_ROUNDS 0
d CUMULATIVE_CEGAR_ADDED_CLAUSES 0
d COP_CEGAR_FAILURES 0
d COP_CEGAR_ROUNDS 0
d COP_CEGAR_ADDED_CLAUSES 0
d CSV /bench/competition/2022-2025/COP22to25/CyclicBandwidth-mesh2D10x10_c22.xml.lzma,sat,1,1,1,0,21100,6166420,1800097,,,,,,,0,skipped,,,,,,0,,,,,,,timeout_signal,incumbent_interrupted_by_signal
signal=15; emitted incumbent csv row
c run_end_local: 2026-06-04 17:02:09 +0900
