c cmd: /host-parser-bin/kat_xcsp_95bf8a8a /bench/competition/2022-2025/COP22to25/CarpetCutting-test15_c23.xml.lzma --encoder portfolio --portfolio-strategy v3 --cop-pipeline guarded-basic --cop-objective-cut direct-expr --cop-objective-cut-timing incremental-hard --cop-objective-cut-backend cnf --table-encoding mdd-tl --cumulative-mode exact --cumulative-decomposition time-rd --progress --log-scop-linear-pb-backend auto --log-scop-bdd-decomposition auto --log-scop-aggregate-weighted-lits --order-ge-shorten-link-cost --direct-eq-ne-max-arity 2 --eq-ne-encoding direct --portfolio-log-scop-eq-ne-encoding ge-rewrite --cop-objective-phase auto
c version: kat-cli=0.1.0 git=95bf8a8a4002-clean
c run_start_local: 2026-06-05 03:13:06 +0900
c 00h00m00s | solve:start
c 00h00m00s | stage:objective-cut timing=incremental-hard backend=cnf form=direct-expr
c 00h00m00s | input: constraints=247
c 00h00m00s | stage:propagate:start
c 00h00m00s | stage:propagate:done ms=0 pruned=3713 changed_domains=61 entailed_tables=12
c 00h00m00s | memory:rss checkpoint=after_propagate bytes=196624384 rss=187.52MiB
c 00h00m00s | stage:normalize:start
c 00h00m00s | stage:normalize:done ms=0 high_constraints=247
c 00h00m00s | stage:lower:start
c 00h00m00s | stage:lower:progress percent=10 processed=25 total=247 lowered=25 unsupported=0 ms=0
c 00h00m00s | stage:lower:progress percent=20 processed=50 total=247 lowered=50 unsupported=0 ms=0
c 00h00m00s | stage:lower:progress percent=30 processed=75 total=247 lowered=75 unsupported=0 ms=0
c 00h00m00s | stage:lower:progress percent=40 processed=99 total=247 lowered=99 unsupported=0 ms=0
c 00h00m00s | stage:lower:progress percent=50 processed=124 total=247 lowered=124 unsupported=0 ms=0
c 00h00m00s | stage:lower:progress percent=60 processed=149 total=247 lowered=149 unsupported=0 ms=0
c 00h00m00s | stage:lower:progress percent=70 processed=173 total=247 lowered=173 unsupported=0 ms=0
c 00h00m00s | stage:lower:progress percent=80 processed=198 total=247 lowered=198 unsupported=0 ms=1
c 00h00m04s | stage:lower:progress percent=90 processed=223 total=247 lowered=223 unsupported=0 ms=4196
c 00h00m04s | stage:lower:progress percent=100 processed=247 total=247 lowered=247 unsupported=0 ms=4196
c 00h00m04s | stage:lower:done ms=4431 lowered=247 unsupported=0
c 00h00m04s | memory:rss checkpoint=after_lower bytes=260911104 rss=248.82MiB
c 00h00m04s | stage:post_lower:start
c 00h00m05s | stage:post_lower:done ms=784 rounds=5116 tightened=84850 removed_cls=75022 removed_lits=74935 unsat=false precise_hits=368 precise_rounds=2 pivot_recomputes=121633 pivot_exact_attempts=237 pivot_general_attempts=121517 pivot_general_rest_missing=0 pivot_general_bound_missing=0 pivot_general_no_change=121504 pivot_general_tightened=13 setup_ms=321 loop_ms=371 pivot_ms=0 pivot_version_ms=0 pivot_exact_ms=0 pivot_general_ms=0 pivot_general_prepare_ms=0 pivot_general_rest_ms=0 pivot_general_derive_ms=0 apply_ms=24 sat_ms=0 precise_ms=9
c 00h00m05s | memory:rss checkpoint=after_post_lower bytes=342630400 rss=326.76MiB
c 00h00m05s | stage:lowered-shape int_vars=148773 bool_vars=149924 linear_atoms=602155 table_atoms=0 table_tuples=0 table_scope=0 alldiff_atoms=0 circuit_atoms=0 product_atoms=0 logical_clauses=676085
c 00h00m05s | stage:root-lp:skip reason=disabled ms=0
c 00h00m05s | memory:rss checkpoint=before_preencode bytes=346546176 rss=330.49MiB
c 00h00m05s | stage:preencode(log-scop):start
c 00h00m05s | stage:preencode(log-scop):done ms=84 int_vars=148773
c 00h00m05s | memory:rss checkpoint=after_preencode bytes=346812416 rss=330.75MiB
c 00h00m05s | memory:rss checkpoint=before_encode bytes=346812416 rss=330.75MiB
c 00h00m05s | stage:encode(log-scop):start
c 00h00m10s | memory:rss checkpoint=encode_clause_sample stage=log-scop clauses=8297544 bytes=3023032320 rss=2.82GiB progress_percent=10 processed=67621 total=676208
c 00h00m10s | stage:encode(log-scop):progress percent=10 processed=67621 total=676208 sat_clauses=8297544 ms=4616
c 00h00m12s | memory:rss checkpoint=encode_clause_sample stage=log-scop clauses=14369783 bytes=3636830208 rss=3.39GiB progress_percent=20 processed=135242 total=676208
c 00h00m12s | stage:encode(log-scop):progress percent=20 processed=135242 total=676208 sat_clauses=14369783 ms=7176
c 00h00m16s | memory:rss checkpoint=encode_clause_sample stage=log-scop clauses=20427134 bytes=6119735296 rss=5.70GiB progress_percent=30 processed=202863 total=676208
c 00h00m16s | stage:encode(log-scop):progress percent=30 processed=202863 total=676208 sat_clauses=20427134 ms=10799
c 00h00m18s | memory:rss checkpoint=encode_clause_sample stage=log-scop clauses=26488817 bytes=6772514816 rss=6.31GiB progress_percent=40 processed=270484 total=676208
c 00h00m18s | stage:encode(log-scop):progress percent=40 processed=270484 total=676208 sat_clauses=26488817 ms=13416
c 00h00m21s | memory:rss checkpoint=encode_clause_sample stage=log-scop clauses=32549769 bytes=7418019840 rss=6.91GiB progress_percent=50 processed=338104 total=676208
c 00h00m21s | stage:encode(log-scop):progress percent=50 processed=338104 total=676208 sat_clauses=32549769 ms=16018
c 00h00m24s | memory:rss checkpoint=encode_clause_sample stage=log-scop clauses=38603145 bytes=8071471104 rss=7.52GiB progress_percent=60 processed=405725 total=676208
c 00h00m24s | stage:encode(log-scop):progress percent=60 processed=405725 total=676208 sat_clauses=38603145 ms=18692
c 00h00m28s | memory:rss checkpoint=encode_clause_sample stage=log-scop clauses=44703978 bytes=12404269056 rss=11.55GiB progress_percent=70 processed=473346 total=676208
c 00h00m28s | stage:encode(log-scop):progress percent=70 processed=473346 total=676208 sat_clauses=44703978 ms=23316
c 00h00m31s | memory:rss checkpoint=encode_clause_sample stage=log-scop clauses=51045972 bytes=13078675456 rss=12.18GiB progress_percent=80 processed=540967 total=676208
c 00h00m31s | stage:encode(log-scop):progress percent=80 processed=540967 total=676208 sat_clauses=51045972 ms=25946
c 00h00m34s | memory:rss checkpoint=encode_clause_sample stage=log-scop clauses=58945514 bytes=13935919104 rss=12.98GiB progress_percent=90 processed=608588 total=676208
c 00h00m34s | stage:encode(log-scop):progress percent=90 processed=608588 total=676208 sat_clauses=58945514 ms=29151
c 00h00m38s | memory:rss checkpoint=encode_clause_sample stage=log-scop clauses=69118770 bytes=15032836096 rss=14.00GiB progress_percent=100 processed=676208 total=676208
c 00h00m38s | stage:encode(log-scop):progress percent=100 processed=676208 total=676208 sat_clauses=69118770 ms=33359
c 00h00m38s | stage:encode(log-scop):done ms=33368 sat_vars=38774366 sat_clauses=69118770 ext_ge_specs=0 relaxed_circuits=0 log_scop_pb_constraints=855948 log_scop_pb_mixed=0 log_scop_pb_bdd2=855948 log_scop_pb_bdd3=0 log_scop_pb_sorter=0 log_scop_pb_dadda=0 log_scop_bdd_raw=855948 log_scop_bdd_binary=0 log_scop_bdd_multibase=0
c 00h00m39s | stage:objective-cut timing=incremental-hard backend=cnf form=direct-expr
c 00h00m39s | stage:sat:init solver=CaDiCaL vars=38774366 clauses=69118770
c 00h00m39s | stage:sat:solve:start assumptions=0 phase_lits=0
c 00h01m39s | stage:sat:solve:done ms=59850 result=Sat assumptions=0 phase_lits=0
c 00h01m39s | stage:decode:start
c 00h01m39s | stage:decode:done int_assignments=239
c 00h01m39s | result:Sat
c 00h01m39s | objective:incumbent kind=initial value=4071 rounds=1 improvements=0
o 4071
c 00h01m40s | stage:objective-cut:add timing=incremental-hard backend=cnf form=direct-expr clauses_added=13
c 00h01m40s | stage:sat:init solver=CaDiCaL vars=38774376 clauses=69118783
c 00h01m40s | stage:sat:solve:start assumptions=0 phase_lits=0
c 00h01m47s | stage:sat:solve:done ms=7525 result=Sat assumptions=0 phase_lits=0
c 00h01m47s | stage:decode:start
c 00h01m47s | stage:decode:done int_assignments=239
c 00h01m47s | result:Sat
c 00h01m47s | objective:incumbent kind=improvement value=4070 rounds=2 improvements=1
o 4070
c 00h01m48s | stage:objective-cut:add timing=incremental-hard backend=cnf form=direct-expr clauses_added=15
c 00h01m48s | stage:sat:init solver=CaDiCaL vars=38774387 clauses=69118798
c 00h01m48s | stage:sat:solve:start assumptions=0 phase_lits=0
c 00h01m55s | stage:sat:solve:done ms=7634 result=Sat assumptions=0 phase_lits=0
c 00h01m55s | stage:decode:start
c 00h01m55s | stage:decode:done int_assignments=239
c 00h01m55s | result:Sat
c 00h01m55s | objective:incumbent kind=improvement value=4069 rounds=3 improvements=2
o 4069
c 00h01m56s | stage:objective-cut:add timing=incremental-hard backend=cnf form=direct-expr clauses_added=12
c 00h01m56s | stage:sat:init solver=CaDiCaL vars=38774396 clauses=69118810
c 00h01m56s | stage:sat:solve:start assumptions=0 phase_lits=0
c 00h02m03s | stage:sat:solve:done ms=6667 result=Sat assumptions=0 phase_lits=0
c 00h02m03s | stage:decode:start
c 00h02m03s | stage:decode:done int_assignments=239
c 00h02m03s | result:Sat
c 00h02m03s | objective:incumbent kind=improvement value=4065 rounds=4 improvements=3
o 4065
c 00h02m03s | stage:objective-cut:add timing=incremental-hard backend=cnf form=direct-expr clauses_added=11
c 00h02m03s | stage:sat:init solver=CaDiCaL vars=38774404 clauses=69118821
c 00h02m03s | stage:sat:solve:start assumptions=0 phase_lits=0
c 00h02m10s | stage:sat:solve:done ms=7049 result=Sat assumptions=0 phase_lits=0
c 00h02m10s | stage:decode:start
c 00h02m10s | stage:decode:done int_assignments=239
c 00h02m10s | result:Sat
c 00h02m10s | objective:incumbent kind=improvement value=4057 rounds=5 improvements=4
o 4057
c 00h02m11s | stage:objective-cut:add timing=incremental-hard backend=cnf form=direct-expr clauses_added=6
c 00h02m11s | stage:sat:init solver=CaDiCaL vars=38774409 clauses=69118827
c 00h02m11s | stage:sat:solve:start assumptions=0 phase_lits=0
c 00h02m17s | stage:sat:solve:done ms=6685 result=Sat assumptions=0 phase_lits=0
c 00h02m17s | stage:decode:start
c 00h02m17s | stage:decode:done int_assignments=239
c 00h02m17s | result:Sat
c 00h02m17s | objective:incumbent kind=improvement value=4025 rounds=6 improvements=5
o 4025
c 00h02m18s | stage:objective-cut:add timing=incremental-hard backend=cnf form=direct-expr clauses_added=8
c 00h02m18s | stage:sat:init solver=CaDiCaL vars=38774415 clauses=69118835
c 00h02m18s | stage:sat:solve:start assumptions=0 phase_lits=0
c 00h02m44s | stage:sat:solve:done ms=25929 result=Sat assumptions=0 phase_lits=0
c 00h02m44s | stage:decode:start
c 00h02m44s | stage:decode:done int_assignments=239
c 00h02m44s | result:Sat
c 00h02m44s | objective:incumbent kind=improvement value=4000 rounds=7 improvements=6
o 4000
c 00h02m44s | stage:objective-cut:add timing=incremental-hard backend=cnf form=direct-expr clauses_added=16
c 00h02m44s | stage:sat:init solver=CaDiCaL vars=38774426 clauses=69118851
c 00h02m44s | stage:sat:solve:start assumptions=0 phase_lits=0
c 00h02m51s | stage:sat:solve:done ms=6764 result=Sat assumptions=0 phase_lits=0
c 00h02m51s | stage:decode:start
c 00h02m51s | stage:decode:done int_assignments=239
c 00h02m51s | result:Sat
c 00h02m51s | objective:incumbent kind=improvement value=3999 rounds=8 improvements=7
o 3999
c 00h02m52s | stage:objective-cut:add timing=incremental-hard backend=cnf form=direct-expr clauses_added=15
c 00h02m52s | stage:sat:init solver=CaDiCaL vars=38774436 clauses=69118866
c 00h02m52s | stage:sat:solve:start assumptions=0 phase_lits=0
c 00h02m59s | stage:sat:solve:done ms=6815 result=Sat assumptions=0 phase_lits=0
c 00h02m59s | stage:decode:start
c 00h02m59s | stage:decode:done int_assignments=239
c 00h02m59s | result:Sat
c 00h02m59s | objective:incumbent kind=improvement value=3935 rounds=9 improvements=8
o 3935
c 00h02m59s | stage:objective-cut:add timing=incremental-hard backend=cnf form=direct-expr clauses_added=15
c 00h02m59s | stage:sat:init solver=CaDiCaL vars=38774446 clauses=69118881
c 00h02m59s | stage:sat:solve:start assumptions=0 phase_lits=0
c 00h03m32s | stage:sat:solve:done ms=32977 result=Sat assumptions=0 phase_lits=0
c 00h03m32s | stage:decode:start
c 00h03m32s | stage:decode:done int_assignments=239
c 00h03m32s | result:Sat
c 00h03m32s | objective:incumbent kind=improvement value=3860 rounds=10 improvements=9
o 3860
c 00h03m33s | stage:objective-cut:add timing=incremental-hard backend=cnf form=direct-expr clauses_added=14
c 00h03m33s | stage:sat:init solver=CaDiCaL vars=38774457 clauses=69118895
c 00h03m33s | stage:sat:solve:start assumptions=0 phase_lits=0
c 00h03m39s | stage:sat:solve:done ms=6483 result=Sat assumptions=0 phase_lits=0
c 00h03m39s | stage:decode:start
c 00h03m39s | stage:decode:done int_assignments=239
c 00h03m39s | result:Sat
c 00h03m39s | objective:incumbent kind=improvement value=3859 rounds=11 improvements=10
o 3859
c 00h03m40s | stage:objective-cut:add timing=incremental-hard backend=cnf form=direct-expr clauses_added=13
c 00h03m40s | stage:sat:init solver=CaDiCaL vars=38774467 clauses=69118908
c 00h03m40s | stage:sat:solve:start assumptions=0 phase_lits=0
c 00h03m46s | stage:sat:solve:done ms=6784 result=Sat assumptions=0 phase_lits=0
c 00h03m46s | stage:decode:start
c 00h03m47s | stage:decode:done int_assignments=239
c 00h03m47s | result:Sat
c 00h03m47s | objective:incumbent kind=improvement value=3855 rounds=12 improvements=11
o 3855
c 00h03m47s | stage:objective-cut:add timing=incremental-hard backend=cnf form=direct-expr clauses_added=13
c 00h03m47s | stage:sat:init solver=CaDiCaL vars=38774477 clauses=69118921
c 00h03m47s | stage:sat:solve:start assumptions=0 phase_lits=0
c 00h03m53s | stage:sat:solve:done ms=6428 result=Sat assumptions=0 phase_lits=0
c 00h03m53s | stage:decode:start
c 00h03m54s | stage:decode:done int_assignments=239
c 00h03m54s | result:Sat
c 00h03m54s | objective:incumbent kind=improvement value=3854 rounds=13 improvements=12
o 3854
c 00h03m54s | stage:objective-cut:add timing=incremental-hard backend=cnf form=direct-expr clauses_added=15
c 00h03m54s | stage:sat:init solver=CaDiCaL vars=38774488 clauses=69118936
c 00h03m54s | stage:sat:solve:start assumptions=0 phase_lits=0
c 00h04m01s | stage:sat:solve:done ms=6795 result=Sat assumptions=0 phase_lits=0
c 00h04m01s | stage:decode:start
c 00h04m01s | stage:decode:done int_assignments=239
c 00h04m01s | result:Sat
c 00h04m01s | objective:incumbent kind=improvement value=3853 rounds=14 improvements=13
o 3853
c 00h04m01s | stage:objective-cut:add timing=incremental-hard backend=cnf form=direct-expr clauses_added=12
c 00h04m01s | stage:sat:init solver=CaDiCaL vars=38774497 clauses=69118948
c 00h04m01s | stage:sat:solve:start assumptions=0 phase_lits=0
c 00h04m08s | stage:sat:solve:done ms=6520 result=Sat assumptions=0 phase_lits=0
c 00h04m08s | stage:decode:start
c 00h04m08s | stage:decode:done int_assignments=239
c 00h04m08s | result:Sat
c 00h04m08s | objective:incumbent kind=improvement value=3837 rounds=15 improvements=14
o 3837
c 00h04m08s | stage:objective-cut:add timing=incremental-hard backend=cnf form=direct-expr clauses_added=13
c 00h04m08s | stage:sat:init solver=CaDiCaL vars=38774506 clauses=69118961
c 00h04m08s | stage:sat:solve:start assumptions=0 phase_lits=0
c 00h04m25s | stage:sat:solve:done ms=16088 result=Sat assumptions=0 phase_lits=0
c 00h04m25s | stage:decode:start
c 00h04m25s | stage:decode:done int_assignments=239
c 00h04m25s | result:Sat
c 00h04m25s | objective:incumbent kind=improvement value=3773 rounds=16 improvements=15
o 3773
c 00h04m25s | stage:objective-cut:add timing=incremental-hard backend=cnf form=direct-expr clauses_added=14
c 00h04m25s | stage:sat:init solver=CaDiCaL vars=38774515 clauses=69118975
c 00h04m25s | stage:sat:solve:start assumptions=0 phase_lits=0
c 00h04m32s | stage:sat:solve:done ms=6854 result=Sat assumptions=0 phase_lits=0
c 00h04m32s | stage:decode:start
c 00h04m32s | stage:decode:done int_assignments=239
c 00h04m32s | result:Sat
c 00h04m32s | objective:incumbent kind=improvement value=3752 rounds=17 improvements=16
o 3752
c 00h04m33s | stage:objective-cut:add timing=incremental-hard backend=cnf form=direct-expr clauses_added=16
c 00h04m33s | stage:sat:init solver=CaDiCaL vars=38774526 clauses=69118991
c 00h04m33s | stage:sat:solve:start assumptions=0 phase_lits=0
c 00h04m39s | stage:sat:solve:done ms=6187 result=Sat assumptions=0 phase_lits=0
c 00h04m39s | stage:decode:start
c 00h04m39s | stage:decode:done int_assignments=239
c 00h04m39s | result:Sat
c 00h04m39s | objective:incumbent kind=improvement value=3744 rounds=18 improvements=17
o 3744
c 00h04m39s | stage:objective-cut:add timing=incremental-hard backend=cnf form=direct-expr clauses_added=17
c 00h04m39s | stage:sat:init solver=CaDiCaL vars=38774537 clauses=69119008
c 00h04m39s | stage:sat:solve:start assumptions=0 phase_lits=0
c 00h04m48s | stage:sat:solve:done ms=8534 result=Sat assumptions=0 phase_lits=0
c 00h04m48s | stage:decode:start
c 00h04m48s | stage:decode:done int_assignments=239
c 00h04m48s | result:Sat
c 00h04m48s | objective:incumbent kind=improvement value=3712 rounds=19 improvements=18
o 3712
c 00h04m49s | stage:objective-cut:add timing=incremental-hard backend=cnf form=direct-expr clauses_added=16
c 00h04m49s | stage:sat:init solver=CaDiCaL vars=38774548 clauses=69119024
c 00h04m49s | stage:sat:solve:start assumptions=0 phase_lits=0
c 00h04m57s | stage:sat:solve:done ms=8125 result=Sat assumptions=0 phase_lits=0
c 00h04m57s | stage:decode:start
c 00h04m57s | stage:decode:done int_assignments=239
c 00h04m57s | result:Sat
c 00h04m57s | objective:incumbent kind=improvement value=3680 rounds=20 improvements=19
o 3680
c 00h04m57s | stage:objective-cut:add timing=incremental-hard backend=cnf form=direct-expr clauses_added=17
c 00h04m57s | stage:sat:init solver=CaDiCaL vars=38774559 clauses=69119041
c 00h04m57s | stage:sat:solve:start assumptions=0 phase_lits=0
c 00h05m24s | stage:sat:solve:done ms=26587 result=Sat assumptions=0 phase_lits=0
c 00h05m24s | stage:decode:start
c 00h05m24s | stage:decode:done int_assignments=239
c 00h05m24s | result:Sat
c 00h05m24s | objective:incumbent kind=improvement value=3455 rounds=21 improvements=20
o 3455
c 00h05m24s | stage:objective-cut:add timing=incremental-hard backend=cnf form=direct-expr clauses_added=15
c 00h05m24s | stage:sat:init solver=CaDiCaL vars=38774569 clauses=69119056
c 00h05m24s | stage:sat:solve:start assumptions=0 phase_lits=0
c 00h05m32s | stage:sat:solve:done ms=7242 result=Sat assumptions=0 phase_lits=0
c 00h05m32s | stage:decode:start
c 00h05m32s | stage:decode:done int_assignments=239
c 00h05m32s | result:Sat
c 00h05m32s | objective:incumbent kind=improvement value=3453 rounds=22 improvements=21
o 3453
c 00h05m32s | stage:objective-cut:add timing=incremental-hard backend=cnf form=direct-expr clauses_added=14
c 00h05m32s | stage:sat:init solver=CaDiCaL vars=38774578 clauses=69119070
c 00h05m32s | stage:sat:solve:start assumptions=0 phase_lits=0
c 00h05m39s | stage:sat:solve:done ms=6812 result=Sat assumptions=0 phase_lits=0
c 00h05m39s | stage:decode:start
c 00h05m39s | stage:decode:done int_assignments=239
c 00h05m39s | result:Sat
c 00h05m39s | objective:incumbent kind=improvement value=3405 rounds=23 improvements=22
o 3405
c 00h05m40s | stage:objective-cut:add timing=incremental-hard backend=cnf form=direct-expr clauses_added=14
c 00h05m40s | stage:sat:init solver=CaDiCaL vars=38774587 clauses=69119084
c 00h05m40s | stage:sat:solve:start assumptions=0 phase_lits=0
c 00h05m47s | stage:sat:solve:done ms=7014 result=Sat assumptions=0 phase_lits=0
c 00h05m47s | stage:decode:start
c 00h05m47s | stage:decode:done int_assignments=239
c 00h05m47s | result:Sat
c 00h05m47s | objective:incumbent kind=improvement value=3399 rounds=24 improvements=23
o 3399
c 00h05m47s | stage:objective-cut:add timing=incremental-hard backend=cnf form=direct-expr clauses_added=15
c 00h05m47s | stage:sat:init solver=CaDiCaL vars=38774597 clauses=69119099
c 00h05m47s | stage:sat:solve:start assumptions=0 phase_lits=0
c 00h05m58s | stage:sat:solve:done ms=10967 result=Sat assumptions=0 phase_lits=0
c 00h05m58s | stage:decode:start
c 00h05m58s | stage:decode:done int_assignments=239
c 00h05m58s | result:Sat
c 00h05m58s | objective:incumbent kind=improvement value=3397 rounds=25 improvements=24
o 3397
c 00h05m59s | stage:objective-cut:add timing=incremental-hard backend=cnf form=direct-expr clauses_added=14
c 00h05m59s | stage:sat:init solver=CaDiCaL vars=38774606 clauses=69119113
c 00h05m59s | stage:sat:solve:start assumptions=0 phase_lits=0
c 00h06m05s | stage:sat:solve:done ms=6402 result=Sat assumptions=0 phase_lits=0
c 00h06m05s | stage:decode:start
c 00h06m05s | stage:decode:done int_assignments=239
c 00h06m05s | result:Sat
c 00h06m05s | objective:incumbent kind=improvement value=3389 rounds=26 improvements=25
o 3389
c 00h06m06s | stage:objective-cut:add timing=incremental-hard backend=cnf form=direct-expr clauses_added=15
c 00h06m06s | stage:sat:init solver=CaDiCaL vars=38774615 clauses=69119128
c 00h06m06s | stage:sat:solve:start assumptions=0 phase_lits=0
c 00h06m13s | stage:sat:solve:done ms=6848 result=Sat assumptions=0 phase_lits=0
c 00h06m13s | stage:decode:start
c 00h06m13s | stage:decode:done int_assignments=239
c 00h06m13s | result:Sat
c 00h06m13s | objective:incumbent kind=improvement value=3385 rounds=27 improvements=26
o 3385
c 00h06m13s | stage:objective-cut:add timing=incremental-hard backend=cnf form=direct-expr clauses_added=10
c 00h06m13s | stage:sat:init solver=CaDiCaL vars=38774621 clauses=69119138
c 00h06m13s | stage:sat:solve:start assumptions=0 phase_lits=0
c 00h06m20s | stage:sat:solve:done ms=6539 result=Sat assumptions=0 phase_lits=0
c 00h06m20s | stage:decode:start
c 00h06m20s | stage:decode:done int_assignments=239
c 00h06m20s | result:Sat
c 00h06m20s | objective:incumbent kind=improvement value=3353 rounds=28 improvements=27
o 3353
c 00h06m20s | stage:objective-cut:add timing=incremental-hard backend=cnf form=direct-expr clauses_added=5
c 00h06m20s | stage:sat:init solver=CaDiCaL vars=38774624 clauses=69119143
c 00h06m20s | stage:sat:solve:start assumptions=0 phase_lits=0
c 00h06m44s | stage:sat:solve:done ms=23905 result=Sat assumptions=0 phase_lits=0
c 00h06m44s | stage:decode:start
c 00h06m44s | stage:decode:done int_assignments=239
c 00h06m44s | result:Sat
c 00h06m44s | objective:incumbent kind=improvement value=3345 rounds=29 improvements=28
o 3345
c 00h06m45s | stage:objective-cut:add timing=incremental-hard backend=cnf form=direct-expr clauses_added=11
c 00h06m45s | stage:sat:init solver=CaDiCaL vars=38774632 clauses=69119154
c 00h06m45s | stage:sat:solve:start assumptions=0 phase_lits=0
c 00h06m52s | stage:sat:solve:done ms=6848 result=Sat assumptions=0 phase_lits=0
c 00h06m52s | stage:decode:start
c 00h06m52s | stage:decode:done int_assignments=239
c 00h06m52s | result:Sat
c 00h06m52s | objective:incumbent kind=improvement value=3343 rounds=30 improvements=29
o 3343
c 00h06m52s | stage:objective-cut:add timing=incremental-hard backend=cnf form=direct-expr clauses_added=14
c 00h06m52s | stage:sat:init solver=CaDiCaL vars=38774642 clauses=69119168
c 00h06m52s | stage:sat:solve:start assumptions=0 phase_lits=0
c 00h08m47s | stage:sat:solve:done ms=114688 result=Sat assumptions=0 phase_lits=0
c 00h08m47s | stage:decode:start
c 00h08m47s | stage:decode:done int_assignments=239
c 00h08m47s | result:Sat
c 00h08m47s | objective:incumbent kind=improvement value=3340 rounds=31 improvements=30
o 3340
c 00h08m48s | stage:objective-cut:add timing=incremental-hard backend=cnf form=direct-expr clauses_added=16
c 00h08m48s | stage:sat:init solver=CaDiCaL vars=38774653 clauses=69119184
c 00h08m48s | stage:sat:solve:start assumptions=0 phase_lits=0
c 00h08m55s | stage:sat:solve:done ms=7770 result=Sat assumptions=0 phase_lits=0
c 00h08m55s | stage:decode:start
c 00h08m56s | stage:decode:done int_assignments=239
c 00h08m56s | result:Sat
c 00h08m56s | objective:incumbent kind=improvement value=3339 rounds=32 improvements=31
o 3339
c 00h08m56s | stage:objective-cut:add timing=incremental-hard backend=cnf form=direct-expr clauses_added=15
c 00h08m56s | stage:sat:init solver=CaDiCaL vars=38774663 clauses=69119199
c 00h08m56s | stage:sat:solve:start assumptions=0 phase_lits=0
c 00h09m32s | stage:sat:solve:done ms=36407 result=Sat assumptions=0 phase_lits=0
c 00h09m32s | stage:decode:start
c 00h09m33s | stage:decode:done int_assignments=239
c 00h09m33s | result:Sat
c 00h09m33s | objective:incumbent kind=improvement value=3336 rounds=33 improvements=32
o 3336
c 00h09m33s | stage:objective-cut:add timing=incremental-hard backend=cnf form=direct-expr clauses_added=15
c 00h09m33s | stage:sat:init solver=CaDiCaL vars=38774674 clauses=69119214
c 00h09m33s | stage:sat:solve:start assumptions=0 phase_lits=0
c 00h09m41s | stage:sat:solve:done ms=7803 result=Sat assumptions=0 phase_lits=0
c 00h09m41s | stage:decode:start
c 00h09m41s | stage:decode:done int_assignments=239
c 00h09m41s | result:Sat
c 00h09m41s | objective:incumbent kind=improvement value=3335 rounds=34 improvements=33
o 3335
c 00h09m41s | stage:objective-cut:add timing=incremental-hard backend=cnf form=direct-expr clauses_added=14
c 00h09m41s | stage:sat:init solver=CaDiCaL vars=38774684 clauses=69119228
c 00h09m41s | stage:sat:solve:start assumptions=0 phase_lits=0
c 00h09m50s | stage:sat:solve:done ms=8534 result=Sat assumptions=0 phase_lits=0
c 00h09m50s | stage:decode:start
c 00h09m50s | stage:decode:done int_assignments=239
c 00h09m50s | result:Sat
c 00h09m50s | objective:incumbent kind=improvement value=3333 rounds=35 improvements=34
o 3333
c 00h09m51s | stage:objective-cut:add timing=incremental-hard backend=cnf form=direct-expr clauses_added=13
c 00h09m51s | stage:sat:init solver=CaDiCaL vars=38774693 clauses=69119241
c 00h09m51s | stage:sat:solve:start assumptions=0 phase_lits=0
c 00h09m59s | stage:sat:solve:done ms=8435 result=Sat assumptions=0 phase_lits=0
c 00h09m59s | stage:decode:start
c 00h09m59s | stage:decode:done int_assignments=239
c 00h09m59s | result:Sat
c 00h09m59s | objective:incumbent kind=improvement value=3271 rounds=36 improvements=35
o 3271
c 00h10m00s | stage:objective-cut:add timing=incremental-hard backend=cnf form=direct-expr clauses_added=15
c 00h10m00s | stage:sat:init solver=CaDiCaL vars=38774703 clauses=69119256
c 00h10m00s | stage:sat:solve:start assumptions=0 phase_lits=0
c 00h10m07s | stage:sat:solve:done ms=7756 result=Sat assumptions=0 phase_lits=0
c 00h10m07s | stage:decode:start
c 00h10m07s | stage:decode:done int_assignments=239
c 00h10m07s | result:Sat
c 00h10m07s | objective:incumbent kind=improvement value=3269 rounds=37 improvements=36
o 3269
c 00h10m08s | stage:objective-cut:add timing=incremental-hard backend=cnf form=direct-expr clauses_added=14
c 00h10m08s | stage:sat:init solver=CaDiCaL vars=38774712 clauses=69119270
c 00h10m08s | stage:sat:solve:start assumptions=0 phase_lits=0
c 00h10m15s | stage:sat:solve:done ms=7370 result=Sat assumptions=0 phase_lits=0
c 00h10m15s | stage:decode:start
c 00h10m15s | stage:decode:done int_assignments=239
c 00h10m15s | result:Sat
c 00h10m15s | objective:incumbent kind=improvement value=3267 rounds=38 improvements=37
o 3267
c 00h10m16s | stage:objective-cut:add timing=incremental-hard backend=cnf form=direct-expr clauses_added=16
c 00h10m16s | stage:sat:init solver=CaDiCaL vars=38774722 clauses=69119286
c 00h10m16s | stage:sat:solve:start assumptions=0 phase_lits=0
c 00h10m40s | stage:sat:solve:done ms=23799 result=Sat assumptions=0 phase_lits=0
c 00h10m40s | stage:decode:start
c 00h10m40s | stage:decode:done int_assignments=239
c 00h10m40s | result:Sat
c 00h10m40s | objective:incumbent kind=improvement value=3249 rounds=39 improvements=38
o 3249
c 00h10m40s | stage:objective-cut:add timing=incremental-hard backend=cnf form=direct-expr clauses_added=13
c 00h10m40s | stage:sat:init solver=CaDiCaL vars=38774730 clauses=69119299
c 00h10m40s | stage:sat:solve:start assumptions=0 phase_lits=0
c 00h10m48s | stage:sat:solve:done ms=7434 result=Sat assumptions=0 phase_lits=0
c 00h10m48s | stage:decode:start
c 00h10m48s | stage:decode:done int_assignments=239
c 00h10m48s | result:Sat
c 00h10m48s | objective:incumbent kind=improvement value=3243 rounds=40 improvements=39
o 3243
c 00h10m48s | stage:objective-cut:add timing=incremental-hard backend=cnf form=direct-expr clauses_added=17
c 00h10m48s | stage:sat:init solver=CaDiCaL vars=38774740 clauses=69119316
c 00h10m48s | stage:sat:solve:start assumptions=0 phase_lits=0
c 00h10m56s | stage:sat:solve:done ms=7585 result=Sat assumptions=0 phase_lits=0
c 00h10m56s | stage:decode:start
c 00h10m56s | stage:decode:done int_assignments=239
c 00h10m56s | result:Sat
c 00h10m56s | objective:incumbent kind=improvement value=3242 rounds=41 improvements=40
o 3242
c 00h10m57s | stage:objective-cut:add timing=incremental-hard backend=cnf form=direct-expr clauses_added=19
c 00h10m57s | stage:sat:init solver=CaDiCaL vars=38774751 clauses=69119335
c 00h10m57s | stage:sat:solve:start assumptions=0 phase_lits=0
c 00h11m04s | stage:sat:solve:done ms=7272 result=Sat assumptions=0 phase_lits=0
c 00h11m04s | stage:decode:start
c 00h11m04s | stage:decode:done int_assignments=239
c 00h11m04s | result:Sat
c 00h11m04s | objective:incumbent kind=improvement value=3241 rounds=42 improvements=41
o 3241
c 00h11m04s | stage:objective-cut:add timing=incremental-hard backend=cnf form=direct-expr clauses_added=12
c 00h11m04s | stage:sat:init solver=CaDiCaL vars=38774758 clauses=69119347
c 00h11m04s | stage:sat:solve:start assumptions=0 phase_lits=0
c 00h11m13s | stage:sat:solve:done ms=8406 result=Sat assumptions=0 phase_lits=0
c 00h11m13s | stage:decode:start
c 00h11m13s | stage:decode:done int_assignments=239
c 00h11m13s | result:Sat
c 00h11m13s | objective:incumbent kind=improvement value=3189 rounds=43 improvements=42
o 3189
c 00h11m13s | stage:objective-cut:add timing=incremental-hard backend=cnf form=direct-expr clauses_added=14
c 00h11m13s | stage:sat:init solver=CaDiCaL vars=38774767 clauses=69119361
c 00h11m13s | stage:sat:solve:start assumptions=0 phase_lits=0
c 00h11m21s | stage:sat:solve:done ms=8070 result=Sat assumptions=0 phase_lits=0
c 00h11m21s | stage:decode:start
c 00h11m22s | stage:decode:done int_assignments=239
c 00h11m22s | result:Sat
c 00h11m22s | objective:incumbent kind=improvement value=3185 rounds=44 improvements=43
o 3185
c 00h11m22s | stage:objective-cut:add timing=incremental-hard backend=cnf form=direct-expr clauses_added=13
c 00h11m22s | stage:sat:init solver=CaDiCaL vars=38774775 clauses=69119374
c 00h11m22s | stage:sat:solve:start assumptions=0 phase_lits=0
c 00h11m30s | stage:sat:solve:done ms=7581 result=Sat assumptions=0 phase_lits=0
c 00h11m30s | stage:decode:start
c 00h11m30s | stage:decode:done int_assignments=239
c 00h11m30s | result:Sat
c 00h11m30s | objective:incumbent kind=improvement value=3121 rounds=45 improvements=44
o 3121
c 00h11m30s | stage:objective-cut:add timing=incremental-hard backend=cnf form=direct-expr clauses_added=14
c 00h11m30s | stage:sat:init solver=CaDiCaL vars=38774783 clauses=69119388
c 00h11m30s | stage:sat:solve:start assumptions=0 phase_lits=0
c 00h21m21s | stage:sat:solve:done ms=590443 result=Sat assumptions=0 phase_lits=0
c 00h21m21s | stage:decode:start
c 00h21m21s | stage:decode:done int_assignments=239
c 00h21m21s | result:Sat
c 00h21m21s | objective:incumbent kind=improvement value=3117 rounds=46 improvements=45
o 3117
c 00h21m21s | stage:objective-cut:add timing=incremental-hard backend=cnf form=direct-expr clauses_added=16
c 00h21m21s | stage:sat:init solver=CaDiCaL vars=38774792 clauses=69119404
c 00h21m21s | stage:sat:solve:start assumptions=0 phase_lits=0
c 00h21m23s | stage:sat:solve:done ms=1729 result=Sat assumptions=0 phase_lits=0
c 00h21m23s | stage:decode:start
c 00h21m23s | stage:decode:done int_assignments=239
c 00h21m23s | result:Sat
c 00h21m23s | objective:incumbent kind=improvement value=3113 rounds=47 improvements=46
o 3113
c 00h21m23s | stage:objective-cut:add timing=incremental-hard backend=cnf form=direct-expr clauses_added=13
c 00h21m23s | stage:sat:init solver=CaDiCaL vars=38774799 clauses=69119417
c 00h21m23s | stage:sat:solve:start assumptions=0 phase_lits=0
c 00h21m25s | stage:sat:solve:done ms=1712 result=Sat assumptions=0 phase_lits=0
c 00h21m25s | stage:decode:start
c 00h21m25s | stage:decode:done int_assignments=239
c 00h21m25s | result:Sat
c 00h21m25s | objective:incumbent kind=improvement value=3097 rounds=48 improvements=47
o 3097
c 00h21m25s | stage:objective-cut:add timing=incremental-hard backend=cnf form=direct-expr clauses_added=2
c 00h21m25s | stage:sat:init solver=CaDiCaL vars=38774800 clauses=69119419
c 00h21m25s | stage:sat:solve:start assumptions=0 phase_lits=0
c 00h21m31s | stage:sat:solve:done ms=5660 result=Sat assumptions=0 phase_lits=0
c 00h21m31s | stage:decode:start
c 00h21m31s | stage:decode:done int_assignments=239
c 00h21m31s | result:Sat
c 00h21m31s | objective:incumbent kind=improvement value=3095 rounds=49 improvements=48
o 3095
c 00h21m31s | stage:objective-cut:add timing=incremental-hard backend=cnf form=direct-expr clauses_added=12
c 00h21m31s | stage:sat:init solver=CaDiCaL vars=38774810 clauses=69119431
c 00h21m31s | stage:sat:solve:start assumptions=0 phase_lits=0
c 00h21m32s | stage:sat:solve:done ms=1736 result=Sat assumptions=0 phase_lits=0
c 00h21m32s | stage:decode:start
c 00h21m33s | stage:decode:done int_assignments=239
c 00h21m33s | result:Sat
c 00h21m33s | objective:incumbent kind=improvement value=3093 rounds=50 improvements=49
o 3093
c 00h21m33s | stage:objective-cut:add timing=incremental-hard backend=cnf form=direct-expr clauses_added=11
c 00h21m33s | stage:sat:init solver=CaDiCaL vars=38774819 clauses=69119442
c 00h21m33s | stage:sat:solve:start assumptions=0 phase_lits=0
c 00h21m34s | stage:sat:solve:done ms=1726 result=Sat assumptions=0 phase_lits=0
c 00h21m34s | stage:decode:start
c 00h21m34s | stage:decode:done int_assignments=239
c 00h21m34s | result:Sat
c 00h21m34s | objective:incumbent kind=improvement value=3089 rounds=51 improvements=50
o 3089
c 00h21m34s | stage:objective-cut:add timing=incremental-hard backend=cnf form=direct-expr clauses_added=10
c 00h21m34s | stage:sat:init solver=CaDiCaL vars=38774827 clauses=69119452
c 00h21m34s | stage:sat:solve:start assumptions=0 phase_lits=0
c 00h22m04s | stage:sat:solve:done ms=29321 result=Sat assumptions=0 phase_lits=0
c 00h22m04s | stage:decode:start
c 00h22m04s | stage:decode:done int_assignments=239
c 00h22m04s | result:Sat
c 00h22m04s | objective:incumbent kind=improvement value=3088 rounds=52 improvements=51
o 3088
c 00h22m04s | stage:objective-cut:add timing=incremental-hard backend=cnf form=direct-expr clauses_added=14
c 00h22m04s | stage:sat:init solver=CaDiCaL vars=38774838 clauses=69119466
c 00h22m04s | stage:sat:solve:start assumptions=0 phase_lits=0
c 00h22m06s | stage:sat:solve:done ms=1814 result=Sat assumptions=0 phase_lits=0
c 00h22m06s | stage:decode:start
c 00h22m06s | stage:decode:done int_assignments=239
c 00h22m06s | result:Sat
c 00h22m06s | objective:incumbent kind=improvement value=3087 rounds=53 improvements=52
o 3087
c 00h22m06s | stage:objective-cut:add timing=incremental-hard backend=cnf form=direct-expr clauses_added=13
c 00h22m06s | stage:sat:init solver=CaDiCaL vars=38774848 clauses=69119479
c 00h22m06s | stage:sat:solve:start assumptions=0 phase_lits=0
c 00h22m08s | stage:sat:solve:done ms=1739 result=Sat assumptions=0 phase_lits=0
c 00h22m08s | stage:decode:start
c 00h22m08s | stage:decode:done int_assignments=239
c 00h22m08s | result:Sat
c 00h22m08s | objective:incumbent kind=improvement value=3085 rounds=54 improvements=53
o 3085
c 00h22m08s | stage:objective-cut:add timing=incremental-hard backend=cnf form=direct-expr clauses_added=12
c 00h22m08s | stage:sat:init solver=CaDiCaL vars=38774857 clauses=69119491
c 00h22m08s | stage:sat:solve:start assumptions=0 phase_lits=0
c 00h22m10s | stage:sat:solve:done ms=1708 result=Sat assumptions=0 phase_lits=0
c 00h22m10s | stage:decode:start
c 00h22m10s | stage:decode:done int_assignments=239
c 00h22m10s | result:Sat
c 00h22m10s | objective:incumbent kind=improvement value=3081 rounds=55 improvements=54
o 3081
c 00h22m10s | stage:objective-cut:add timing=incremental-hard backend=cnf form=direct-expr clauses_added=9
c 00h22m10s | stage:sat:init solver=CaDiCaL vars=38774864 clauses=69119500
c 00h22m10s | stage:sat:solve:start assumptions=0 phase_lits=0
c 00h22m11s | stage:sat:solve:done ms=1695 result=Sat assumptions=0 phase_lits=0
c 00h22m11s | stage:decode:start
c 00h22m11s | stage:decode:done int_assignments=239
c 00h22m11s | result:Sat
c 00h22m11s | objective:incumbent kind=improvement value=3065 rounds=56 improvements=55
o 3065
c 00h22m12s | stage:objective-cut:add timing=incremental-hard backend=cnf form=direct-expr clauses_added=8
c 00h22m12s | stage:sat:init solver=CaDiCaL vars=38774870 clauses=69119508
c 00h22m12s | stage:sat:solve:start assumptions=0 phase_lits=0
c 00h22m13s | stage:sat:solve:done ms=1683 result=Sat assumptions=0 phase_lits=0
c 00h22m13s | stage:decode:start
c 00h22m13s | stage:decode:done int_assignments=239
c 00h22m13s | result:Sat
c 00h22m13s | objective:incumbent kind=improvement value=3033 rounds=57 improvements=56
o 3033
c 00h22m13s | stage:objective-cut:add timing=incremental-hard backend=cnf form=direct-expr clauses_added=7
c 00h22m13s | stage:sat:init solver=CaDiCaL vars=38774875 clauses=69119515
c 00h22m13s | stage:sat:solve:start assumptions=0 phase_lits=0
c 00h22m19s | stage:sat:solve:done ms=5407 result=Sat assumptions=0 phase_lits=0
c 00h22m19s | stage:decode:start
c 00h22m19s | stage:decode:done int_assignments=239
c 00h22m19s | result:Sat
c 00h22m19s | objective:incumbent kind=improvement value=3027 rounds=58 improvements=57
o 3027
c 00h22m19s | stage:objective-cut:add timing=incremental-hard backend=cnf form=direct-expr clauses_added=14
c 00h22m19s | stage:sat:init solver=CaDiCaL vars=38774885 clauses=69119529
c 00h22m19s | stage:sat:solve:start assumptions=0 phase_lits=0
c 00h22m21s | stage:sat:solve:done ms=1783 result=Sat assumptions=0 phase_lits=0
c 00h22m21s | stage:decode:start
c 00h22m21s | stage:decode:done int_assignments=239
c 00h22m21s | result:Sat
c 00h22m21s | objective:incumbent kind=improvement value=3025 rounds=59 improvements=58
o 3025
c 00h22m21s | stage:objective-cut:add timing=incremental-hard backend=cnf form=direct-expr clauses_added=11
c 00h22m21s | stage:sat:init solver=CaDiCaL vars=38774893 clauses=69119540
c 00h22m21s | stage:sat:solve:start assumptions=0 phase_lits=0
c 00h22m23s | stage:sat:solve:done ms=1747 result=Sat assumptions=0 phase_lits=0
c 00h22m23s | stage:decode:start
c 00h22m23s | stage:decode:done int_assignments=239
c 00h22m23s | result:Sat
c 00h22m23s | objective:incumbent kind=improvement value=3017 rounds=60 improvements=59
o 3017
c 00h22m23s | stage:objective-cut:add timing=incremental-hard backend=cnf form=direct-expr clauses_added=10
c 00h22m23s | stage:sat:init solver=CaDiCaL vars=38774900 clauses=69119550
c 00h22m23s | stage:sat:solve:start assumptions=0 phase_lits=0
c 00h22m25s | stage:sat:solve:done ms=1805 result=Sat assumptions=0 phase_lits=0
c 00h22m25s | stage:decode:start
c 00h22m25s | stage:decode:done int_assignments=239
c 00h22m25s | result:Sat
c 00h22m25s | objective:incumbent kind=improvement value=3001 rounds=61 improvements=60
o 3001
c 00h22m25s | stage:objective-cut:add timing=incremental-hard backend=cnf form=direct-expr clauses_added=9
c 00h22m25s | stage:sat:init solver=CaDiCaL vars=38774906 clauses=69119559
c 00h22m25s | stage:sat:solve:start assumptions=0 phase_lits=0
c 00h22m37s | stage:sat:solve:done ms=12675 result=Sat assumptions=0 phase_lits=0
c 00h22m37s | stage:decode:start
c 00h22m37s | stage:decode:done int_assignments=239
c 00h22m37s | result:Sat
c 00h22m37s | objective:incumbent kind=improvement value=3000 rounds=62 improvements=61
o 3000
c 00h22m38s | stage:objective-cut:add timing=incremental-hard backend=cnf form=direct-expr clauses_added=15
c 00h22m38s | stage:sat:init solver=CaDiCaL vars=38774917 clauses=69119574
c 00h22m38s | stage:sat:solve:start assumptions=0 phase_lits=0
c 00h22m39s | stage:sat:solve:done ms=1755 result=Sat assumptions=0 phase_lits=0
c 00h22m39s | stage:decode:start
c 00h22m39s | stage:decode:done int_assignments=239
c 00h22m39s | result:Sat
c 00h22m39s | objective:incumbent kind=improvement value=2999 rounds=63 improvements=62
o 2999
c 00h22m39s | stage:objective-cut:add timing=incremental-hard backend=cnf form=direct-expr clauses_added=14
c 00h22m39s | stage:sat:init solver=CaDiCaL vars=38774927 clauses=69119588
c 00h22m39s | stage:sat:solve:start assumptions=0 phase_lits=0
c 00h22m41s | stage:sat:solve:done ms=1757 result=Sat assumptions=0 phase_lits=0
c 00h22m41s | stage:decode:start
c 00h22m41s | stage:decode:done int_assignments=239
c 00h22m41s | result:Sat
c 00h22m41s | objective:incumbent kind=improvement value=2997 rounds=64 improvements=63
o 2997
c 00h22m41s | stage:objective-cut:add timing=incremental-hard backend=cnf form=direct-expr clauses_added=13
c 00h22m41s | stage:sat:init solver=CaDiCaL vars=38774936 clauses=69119601
c 00h22m41s | stage:sat:solve:start assumptions=0 phase_lits=0
c 00h22m43s | stage:sat:solve:done ms=1729 result=Sat assumptions=0 phase_lits=0
c 00h22m43s | stage:decode:start
c 00h22m43s | stage:decode:done int_assignments=239
c 00h22m43s | result:Sat
c 00h22m43s | objective:incumbent kind=improvement value=2993 rounds=65 improvements=64
o 2993
c 00h22m43s | stage:objective-cut:add timing=incremental-hard backend=cnf form=direct-expr clauses_added=12
c 00h22m43s | stage:sat:init solver=CaDiCaL vars=38774944 clauses=69119613
c 00h22m43s | stage:sat:solve:start assumptions=0 phase_lits=0
c 00h22m45s | stage:sat:solve:done ms=1743 result=Sat assumptions=0 phase_lits=0
c 00h22m45s | stage:decode:start
c 00h22m45s | stage:decode:done int_assignments=239
c 00h22m45s | result:Sat
c 00h22m45s | objective:incumbent kind=improvement value=2985 rounds=66 improvements=65
o 2985
c 00h22m45s | stage:objective-cut:add timing=incremental-hard backend=cnf form=direct-expr clauses_added=11
c 00h22m45s | stage:sat:init solver=CaDiCaL vars=38774951 clauses=69119624
c 00h22m45s | stage:sat:solve:start assumptions=0 phase_lits=0
c 00h22m47s | stage:sat:solve:done ms=1729 result=Sat assumptions=0 phase_lits=0
c 00h22m47s | stage:decode:start
c 00h22m47s | stage:decode:done int_assignments=239
c 00h22m47s | result:Sat
c 00h22m47s | objective:incumbent kind=improvement value=2969 rounds=67 improvements=66
o 2969
c 00h22m47s | stage:objective-cut:add timing=incremental-hard backend=cnf form=direct-expr clauses_added=6
c 00h22m47s | stage:sat:init solver=CaDiCaL vars=38774955 clauses=69119630
c 00h22m47s | stage:sat:solve:start assumptions=0 phase_lits=0
c 00h22m50s | stage:sat:solve:done ms=3045 result=Sat assumptions=0 phase_lits=0
c 00h22m50s | stage:decode:start
c 00h22m50s | stage:decode:done int_assignments=239
c 00h22m50s | result:Sat
c 00h22m50s | objective:incumbent kind=improvement value=2963 rounds=68 improvements=67
o 2963
c 00h22m50s | stage:objective-cut:add timing=incremental-hard backend=cnf form=direct-expr clauses_added=14
c 00h22m50s | stage:sat:init solver=CaDiCaL vars=38774965 clauses=69119644
c 00h22m50s | stage:sat:solve:start assumptions=0 phase_lits=0
c 00h22m52s | stage:sat:solve:done ms=1691 result=Sat assumptions=0 phase_lits=0
c 00h22m52s | stage:decode:start
c 00h22m52s | stage:decode:done int_assignments=239
c 00h22m52s | result:Sat
c 00h22m52s | objective:incumbent kind=improvement value=2962 rounds=69 improvements=68
o 2962
c 00h22m52s | stage:objective-cut:add timing=incremental-hard backend=cnf form=direct-expr clauses_added=16
c 00h22m52s | stage:sat:init solver=CaDiCaL vars=38774976 clauses=69119660
c 00h22m52s | stage:sat:solve:start assumptions=0 phase_lits=0
c 00h22m54s | stage:sat:solve:done ms=1694 result=Sat assumptions=0 phase_lits=0
c 00h22m54s | stage:decode:start
c 00h22m54s | stage:decode:done int_assignments=239
c 00h22m54s | result:Sat
c 00h22m54s | objective:incumbent kind=improvement value=2961 rounds=70 improvements=69
o 2961
c 00h22m54s | stage:objective-cut:add timing=incremental-hard backend=cnf form=direct-expr clauses_added=11
c 00h22m54s | stage:sat:init solver=CaDiCaL vars=38774984 clauses=69119671
c 00h22m54s | stage:sat:solve:start assumptions=0 phase_lits=0
c 00h22m58s | stage:sat:solve:done ms=4466 result=Sat assumptions=0 phase_lits=0
c 00h22m58s | stage:decode:start
c 00h22m58s | stage:decode:done int_assignments=239
c 00h22m58s | result:Sat
c 00h22m58s | objective:incumbent kind=improvement value=2954 rounds=71 improvements=70
o 2954
c 00h22m58s | stage:objective-cut:add timing=incremental-hard backend=cnf form=direct-expr clauses_added=17
c 00h22m58s | stage:sat:init solver=CaDiCaL vars=38774995 clauses=69119688
c 00h22m58s | stage:sat:solve:start assumptions=0 phase_lits=0
c 00h23m00s | stage:sat:solve:done ms=1737 result=Sat assumptions=0 phase_lits=0
c 00h23m00s | stage:decode:start
c 00h23m00s | stage:decode:done int_assignments=239
c 00h23m00s | result:Sat
c 00h23m00s | objective:incumbent kind=improvement value=2953 rounds=72 improvements=71
o 2953
c 00h23m00s | stage:objective-cut:add timing=incremental-hard backend=cnf form=direct-expr clauses_added=10
c 00h23m00s | stage:sat:init solver=CaDiCaL vars=38775002 clauses=69119698
c 00h23m00s | stage:sat:solve:start assumptions=0 phase_lits=0
c 00h23m02s | stage:sat:solve:done ms=1734 result=Sat assumptions=0 phase_lits=0
c 00h23m02s | stage:decode:start
c 00h23m02s | stage:decode:done int_assignments=239
c 00h23m02s | result:Sat
c 00h23m02s | objective:incumbent kind=improvement value=2937 rounds=73 improvements=72
o 2937
c 00h23m02s | stage:objective-cut:add timing=incremental-hard backend=cnf form=direct-expr clauses_added=9
c 00h23m02s | stage:sat:init solver=CaDiCaL vars=38775008 clauses=69119707
c 00h23m02s | stage:sat:solve:start assumptions=0 phase_lits=0
c 00h23m04s | stage:sat:solve:done ms=1740 result=Sat assumptions=0 phase_lits=0
c 00h23m04s | stage:decode:start
c 00h23m04s | stage:decode:done int_assignments=239
c 00h23m04s | result:Sat
c 00h23m04s | objective:incumbent kind=improvement value=2905 rounds=74 improvements=73
o 2905
c 00h23m04s | stage:objective-cut:add timing=incremental-hard backend=cnf form=direct-expr clauses_added=8
c 00h23m04s | stage:sat:init solver=CaDiCaL vars=38775013 clauses=69119715
c 00h23m04s | stage:sat:solve:start assumptions=0 phase_lits=0
c 00h23m40s | stage:sat:solve:done ms=35401 result=Sat assumptions=0 phase_lits=0
c 00h23m40s | stage:decode:start
c 00h23m40s | stage:decode:done int_assignments=239
c 00h23m40s | result:Sat
c 00h23m40s | objective:incumbent kind=improvement value=2889 rounds=75 improvements=74
o 2889
c 00h23m40s | stage:objective-cut:add timing=incremental-hard backend=cnf form=direct-expr clauses_added=11
c 00h23m40s | stage:sat:init solver=CaDiCaL vars=38775020 clauses=69119726
c 00h23m40s | stage:sat:solve:start assumptions=0 phase_lits=0
c 00h23m41s | stage:sat:solve:done ms=1742 result=Sat assumptions=0 phase_lits=0
c 00h23m41s | stage:decode:start
c 00h23m41s | stage:decode:done int_assignments=239
c 00h23m41s | result:Sat
c 00h23m41s | objective:incumbent kind=improvement value=2877 rounds=76 improvements=75
o 2877
c 00h23m42s | stage:objective-cut:add timing=incremental-hard backend=cnf form=direct-expr clauses_added=15
c 00h23m42s | stage:sat:init solver=CaDiCaL vars=38775029 clauses=69119741
c 00h23m42s | stage:sat:solve:start assumptions=0 phase_lits=0
c 00h23m43s | stage:sat:solve:done ms=1710 result=Sat assumptions=0 phase_lits=0
c 00h23m43s | stage:decode:start
c 00h23m43s | stage:decode:done int_assignments=239
c 00h23m43s | result:Sat
c 00h23m43s | objective:incumbent kind=improvement value=2873 rounds=77 improvements=76
o 2873
c 00h23m43s | stage:objective-cut:add timing=incremental-hard backend=cnf form=direct-expr clauses_added=10
c 00h23m43s | stage:sat:init solver=CaDiCaL vars=38775035 clauses=69119751
c 00h23m43s | stage:sat:solve:start assumptions=0 phase_lits=0
c 00h23m45s | stage:sat:solve:done ms=1690 result=Sat assumptions=0 phase_lits=0
c 00h23m45s | stage:decode:start
c 00h23m45s | stage:decode:done int_assignments=239
c 00h23m45s | result:Sat
c 00h23m45s | objective:incumbent kind=improvement value=2843 rounds=78 improvements=77
o 2843
c 00h23m45s | stage:objective-cut:add timing=incremental-hard backend=cnf form=direct-expr clauses_added=18
c 00h23m45s | stage:sat:init solver=CaDiCaL vars=38775045 clauses=69119769
c 00h23m45s | stage:sat:solve:start assumptions=0 phase_lits=0
c 00h23m47s | stage:sat:solve:done ms=1694 result=Sat assumptions=0 phase_lits=0
c 00h23m47s | stage:decode:start
c 00h23m47s | stage:decode:done int_assignments=239
c 00h23m47s | result:Sat
c 00h23m47s | objective:incumbent kind=improvement value=2841 rounds=79 improvements=78
o 2841
c 00h23m47s | stage:objective-cut:add timing=incremental-hard backend=cnf form=direct-expr clauses_added=5
c 00h23m47s | stage:sat:init solver=CaDiCaL vars=38775048 clauses=69119774
c 00h23m47s | stage:sat:solve:start assumptions=0 phase_lits=0
c 00h23m52s | stage:sat:solve:done ms=4882 result=Sat assumptions=0 phase_lits=0
c 00h23m52s | stage:decode:start
c 00h23m52s | stage:decode:done int_assignments=239
c 00h23m52s | result:Sat
c 00h23m52s | objective:incumbent kind=improvement value=2839 rounds=80 improvements=79
o 2839
c 00h23m52s | stage:objective-cut:add timing=incremental-hard backend=cnf form=direct-expr clauses_added=13
c 00h23m52s | stage:sat:init solver=CaDiCaL vars=38775058 clauses=69119787
c 00h23m52s | stage:sat:solve:start assumptions=0 phase_lits=0
c 00h23m54s | stage:sat:solve:done ms=1700 result=Sat assumptions=0 phase_lits=0
c 00h23m54s | stage:decode:start
c 00h23m54s | stage:decode:done int_assignments=239
c 00h23m54s | result:Sat
c 00h23m54s | objective:incumbent kind=improvement value=2837 rounds=81 improvements=80
o 2837
c 00h23m54s | stage:objective-cut:add timing=incremental-hard backend=cnf form=direct-expr clauses_added=12
c 00h23m54s | stage:sat:init solver=CaDiCaL vars=38775067 clauses=69119799
c 00h23m54s | stage:sat:solve:start assumptions=0 phase_lits=0
c 00h23m56s | stage:sat:solve:done ms=1683 result=Sat assumptions=0 phase_lits=0
c 00h23m56s | stage:decode:start
c 00h23m56s | stage:decode:done int_assignments=239
c 00h23m56s | result:Sat
c 00h23m56s | objective:incumbent kind=improvement value=2833 rounds=82 improvements=81
o 2833
c 00h23m56s | stage:objective-cut:add timing=incremental-hard backend=cnf form=direct-expr clauses_added=11
c 00h23m56s | stage:sat:init solver=CaDiCaL vars=38775075 clauses=69119810
c 00h23m56s | stage:sat:solve:start assumptions=0 phase_lits=0
c 00h23m57s | stage:sat:solve:done ms=1676 result=Sat assumptions=0 phase_lits=0
c 00h23m57s | stage:decode:start
c 00h23m57s | stage:decode:done int_assignments=239
c 00h23m57s | result:Sat
c 00h23m57s | objective:incumbent kind=improvement value=2825 rounds=83 improvements=82
o 2825
c 00h23m58s | stage:objective-cut:add timing=incremental-hard backend=cnf form=direct-expr clauses_added=10
c 00h23m58s | stage:sat:init solver=CaDiCaL vars=38775082 clauses=69119820
c 00h23m58s | stage:sat:solve:start assumptions=0 phase_lits=0
c 00h23m59s | stage:sat:solve:done ms=1810 result=Sat assumptions=0 phase_lits=0
c 00h23m59s | stage:decode:start
c 00h23m59s | stage:decode:done int_assignments=239
c 00h23m59s | result:Sat
c 00h23m59s | objective:incumbent kind=improvement value=2809 rounds=84 improvements=83
o 2809
c 00h23m59s | stage:objective-cut:add timing=incremental-hard backend=cnf form=direct-expr clauses_added=9
c 00h23m59s | stage:sat:init solver=CaDiCaL vars=38775088 clauses=69119829
c 00h23m59s | stage:sat:solve:start assumptions=0 phase_lits=0
c 00h24m24s | stage:sat:solve:done ms=24863 result=Sat assumptions=0 phase_lits=0
c 00h24m24s | stage:decode:start
c 00h24m24s | stage:decode:done int_assignments=239
c 00h24m24s | result:Sat
c 00h24m24s | objective:incumbent kind=improvement value=2584 rounds=85 improvements=84
o 2584
c 00h24m25s | stage:objective-cut:add timing=incremental-hard backend=cnf form=direct-expr clauses_added=14
c 00h24m25s | stage:sat:init solver=CaDiCaL vars=38775099 clauses=69119843
c 00h24m25s | stage:sat:solve:start assumptions=0 phase_lits=0
c 00h24m26s | stage:sat:solve:done ms=1788 result=Sat assumptions=0 phase_lits=0
c 00h24m26s | stage:decode:start
c 00h24m26s | stage:decode:done int_assignments=239
c 00h24m26s | result:Sat
c 00h24m26s | objective:incumbent kind=improvement value=2583 rounds=86 improvements=85
o 2583
c 00h24m27s | stage:objective-cut:add timing=incremental-hard backend=cnf form=direct-expr clauses_added=13
c 00h24m27s | stage:sat:init solver=CaDiCaL vars=38775109 clauses=69119856
c 00h24m27s | stage:sat:solve:start assumptions=0 phase_lits=0
c 00h24m28s | stage:sat:solve:done ms=1759 result=Sat assumptions=0 phase_lits=0
c 00h24m28s | stage:decode:start
c 00h24m28s | stage:decode:done int_assignments=239
c 00h24m28s | result:Sat
c 00h24m28s | objective:incumbent kind=improvement value=2581 rounds=87 improvements=86
o 2581
c 00h24m28s | stage:objective-cut:add timing=incremental-hard backend=cnf form=direct-expr clauses_added=12
c 00h24m28s | stage:sat:init solver=CaDiCaL vars=38775118 clauses=69119868
c 00h24m28s | stage:sat:solve:start assumptions=0 phase_lits=0
c 00h24m47s | stage:sat:solve:done ms=18467 result=Sat assumptions=0 phase_lits=0
c 00h24m47s | stage:decode:start
c 00h24m47s | stage:decode:done int_assignments=239
c 00h24m47s | result:Sat
c 00h24m47s | objective:incumbent kind=improvement value=2580 rounds=88 improvements=87
o 2580
c 00h24m47s | stage:objective-cut:add timing=incremental-hard backend=cnf form=direct-expr clauses_added=15
c 00h24m47s | stage:sat:init solver=CaDiCaL vars=38775129 clauses=69119883
c 00h24m47s | stage:sat:solve:start assumptions=0 phase_lits=0
c 00h24m49s | stage:sat:solve:done ms=1760 result=Sat assumptions=0 phase_lits=0
c 00h24m49s | stage:decode:start
c 00h24m49s | stage:decode:done int_assignments=239
c 00h24m49s | result:Sat
c 00h24m49s | objective:incumbent kind=improvement value=2579 rounds=89 improvements=88
o 2579
c 00h24m49s | stage:objective-cut:add timing=incremental-hard backend=cnf form=direct-expr clauses_added=14
c 00h24m49s | stage:sat:init solver=CaDiCaL vars=38775139 clauses=69119897
c 00h24m49s | stage:sat:solve:start assumptions=0 phase_lits=0
c 00h24m51s | stage:sat:solve:done ms=1704 result=Sat assumptions=0 phase_lits=0
c 00h24m51s | stage:decode:start
c 00h24m51s | stage:decode:done int_assignments=239
c 00h24m51s | result:Sat
c 00h24m51s | objective:incumbent kind=improvement value=2577 rounds=90 improvements=89
o 2577
c 00h24m51s | stage:objective-cut:add timing=incremental-hard backend=cnf form=direct-expr clauses_added=11
c 00h24m51s | stage:sat:init solver=CaDiCaL vars=38775147 clauses=69119908
c 00h24m51s | stage:sat:solve:start assumptions=0 phase_lits=0
c 00h25m12s | stage:sat:solve:done ms=21045 result=Sat assumptions=0 phase_lits=0
c 00h25m12s | stage:decode:start
c 00h25m12s | stage:decode:done int_assignments=239
c 00h25m12s | result:Sat
c 00h25m12s | objective:incumbent kind=improvement value=2576 rounds=91 improvements=90
o 2576
c 00h25m12s | stage:objective-cut:add timing=incremental-hard backend=cnf form=direct-expr clauses_added=15
c 00h25m12s | stage:sat:init solver=CaDiCaL vars=38775158 clauses=69119923
c 00h25m12s | stage:sat:solve:start assumptions=0 phase_lits=0
c 00h25m14s | stage:sat:solve:done ms=1727 result=Sat assumptions=0 phase_lits=0
c 00h25m14s | stage:decode:start
c 00h25m14s | stage:decode:done int_assignments=239
c 00h25m14s | result:Sat
c 00h25m14s | objective:incumbent kind=improvement value=2575 rounds=92 improvements=91
o 2575
c 00h25m14s | stage:objective-cut:add timing=incremental-hard backend=cnf form=direct-expr clauses_added=14
c 00h25m14s | stage:sat:init solver=CaDiCaL vars=38775168 clauses=69119937
c 00h25m14s | stage:sat:solve:start assumptions=0 phase_lits=0
c 00h25m16s | stage:sat:solve:done ms=1695 result=Sat assumptions=0 phase_lits=0
c 00h25m16s | stage:decode:start
c 00h25m16s | stage:decode:done int_assignments=239
c 00h25m16s | result:Sat
c 00h25m16s | objective:incumbent kind=improvement value=2573 rounds=93 improvements=92
o 2573
c 00h25m16s | stage:objective-cut:add timing=incremental-hard backend=cnf form=direct-expr clauses_added=13
c 00h25m16s | stage:sat:init solver=CaDiCaL vars=38775177 clauses=69119950
c 00h25m16s | stage:sat:solve:start assumptions=0 phase_lits=0
c 00h25m17s | stage:sat:solve:done ms=1695 result=Sat assumptions=0 phase_lits=0
c 00h25m17s | stage:decode:start
c 00h25m18s | stage:decode:done int_assignments=239
c 00h25m18s | result:Sat
c 00h25m18s | objective:incumbent kind=improvement value=2569 rounds=94 improvements=93
o 2569
c 00h25m18s | stage:objective-cut:add timing=incremental-hard backend=cnf form=direct-expr clauses_added=10
c 00h25m18s | stage:sat:init solver=CaDiCaL vars=38775184 clauses=69119960
c 00h25m18s | stage:sat:solve:start assumptions=0 phase_lits=0
c 00h26m30s | stage:sat:solve:done ms=72271 result=Sat assumptions=0 phase_lits=0
c 00h26m30s | stage:decode:start
c 00h26m30s | stage:decode:done int_assignments=239
c 00h26m30s | result:Sat
c 00h26m30s | objective:incumbent kind=improvement value=2568 rounds=95 improvements=94
o 2568
c 00h26m30s | stage:objective-cut:add timing=incremental-hard backend=cnf form=direct-expr clauses_added=15
c 00h26m30s | stage:sat:init solver=CaDiCaL vars=38775195 clauses=69119975
c 00h26m30s | stage:sat:solve:start assumptions=0 phase_lits=0
c 00h26m47s | stage:sat:solve:done ms=16995 result=Sat assumptions=0 phase_lits=0
c 00h26m47s | stage:decode:start
c 00h26m47s | stage:decode:done int_assignments=239
c 00h26m47s | result:Sat
c 00h26m47s | objective:incumbent kind=improvement value=2567 rounds=96 improvements=95
o 2567
c 00h26m47s | stage:objective-cut:add timing=incremental-hard backend=cnf form=direct-expr clauses_added=14
c 00h26m47s | stage:sat:init solver=CaDiCaL vars=38775205 clauses=69119989
c 00h26m47s | stage:sat:solve:start assumptions=0 phase_lits=0
c 00h27m02s | stage:sat:solve:done ms=14734 result=Sat assumptions=0 phase_lits=0
c 00h27m02s | stage:decode:start
c 00h27m02s | stage:decode:done int_assignments=239
c 00h27m02s | result:Sat
c 00h27m02s | objective:incumbent kind=improvement value=2560 rounds=97 improvements=96
o 2560
c 00h27m02s | stage:objective-cut:add timing=incremental-hard backend=cnf form=direct-expr clauses_added=16
c 00h27m02s | stage:sat:init solver=CaDiCaL vars=38775216 clauses=69120005
c 00h27m02s | stage:sat:solve:start assumptions=0 phase_lits=0
c 00h27m04s | stage:sat:solve:done ms=1605 result=Sat assumptions=0 phase_lits=0
c 00h27m04s | stage:decode:start
c 00h27m04s | stage:decode:done int_assignments=239
c 00h27m04s | result:Sat
c 00h27m04s | objective:incumbent kind=improvement value=2559 rounds=98 improvements=97
o 2559
c 00h27m04s | stage:objective-cut:add timing=incremental-hard backend=cnf form=direct-expr clauses_added=15
c 00h27m04s | stage:sat:init solver=CaDiCaL vars=38775226 clauses=69120020
c 00h27m04s | stage:sat:solve:start assumptions=0 phase_lits=0
c 00h27m06s | stage:sat:solve:done ms=1573 result=Sat assumptions=0 phase_lits=0
c 00h27m06s | stage:decode:start
c 00h27m06s | stage:decode:done int_assignments=239
c 00h27m06s | result:Sat
c 00h27m06s | objective:incumbent kind=improvement value=2557 rounds=99 improvements=98
o 2557
c 00h27m06s | stage:objective-cut:add timing=incremental-hard backend=cnf form=direct-expr clauses_added=14
c 00h27m06s | stage:sat:init solver=CaDiCaL vars=38775235 clauses=69120034
c 00h27m06s | stage:sat:solve:start assumptions=0 phase_lits=0
c 00h27m07s | stage:sat:solve:done ms=1499 result=Sat assumptions=0 phase_lits=0
c 00h27m07s | stage:decode:start
c 00h27m07s | stage:decode:done int_assignments=239
c 00h27m07s | result:Sat
c 00h27m07s | objective:incumbent kind=improvement value=2553 rounds=100 improvements=99
o 2553
c 00h27m07s | stage:objective-cut:add timing=incremental-hard backend=cnf form=direct-expr clauses_added=9
c 00h27m07s | stage:sat:init solver=CaDiCaL vars=38775241 clauses=69120043
c 00h27m07s | stage:sat:solve:start assumptions=0 phase_lits=0
c 00h27m44s | stage:sat:solve:done ms=36285 result=Sat assumptions=0 phase_lits=0
c 00h27m44s | stage:decode:start
c 00h27m44s | stage:decode:done int_assignments=239
c 00h27m44s | result:Sat
c 00h27m44s | objective:incumbent kind=improvement value=2552 rounds=101 improvements=100
o 2552
c 00h27m44s | stage:objective-cut:add timing=incremental-hard backend=cnf form=direct-expr clauses_added=15
c 00h27m44s | stage:sat:init solver=CaDiCaL vars=38775252 clauses=69120058
c 00h27m44s | stage:sat:solve:start assumptions=0 phase_lits=0
c 00h27m46s | stage:sat:solve:done ms=1680 result=Sat assumptions=0 phase_lits=0
c 00h27m46s | stage:decode:start
c 00h27m46s | stage:decode:done int_assignments=239
c 00h27m46s | result:Sat
c 00h27m46s | objective:incumbent kind=improvement value=2551 rounds=102 improvements=101
o 2551
c 00h27m46s | stage:objective-cut:add timing=incremental-hard backend=cnf form=direct-expr clauses_added=14
c 00h27m46s | stage:sat:init solver=CaDiCaL vars=38775262 clauses=69120072
c 00h27m46s | stage:sat:solve:start assumptions=0 phase_lits=0
c 00h27m47s | stage:sat:solve:done ms=1633 result=Sat assumptions=0 phase_lits=0
c 00h27m47s | stage:decode:start
c 00h27m47s | stage:decode:done int_assignments=239
c 00h27m47s | result:Sat
c 00h27m47s | objective:incumbent kind=improvement value=2549 rounds=103 improvements=102
o 2549
c 00h27m47s | stage:objective-cut:add timing=incremental-hard backend=cnf form=direct-expr clauses_added=13
c 00h27m47s | stage:sat:init solver=CaDiCaL vars=38775271 clauses=69120085
c 00h27m47s | stage:sat:solve:start assumptions=0 phase_lits=0
c 00h27m49s | stage:sat:solve:done ms=1580 result=Sat assumptions=0 phase_lits=0
c 00h27m49s | stage:decode:start
c 00h27m49s | stage:decode:done int_assignments=239
c 00h27m49s | result:Sat
c 00h27m49s | objective:incumbent kind=improvement value=2545 rounds=104 improvements=103
o 2545
c 00h27m49s | stage:objective-cut:add timing=incremental-hard backend=cnf form=direct-expr clauses_added=12
c 00h27m49s | stage:sat:init solver=CaDiCaL vars=38775279 clauses=69120097
c 00h27m49s | stage:sat:solve:start assumptions=0 phase_lits=0
c 00h28m06s | stage:sat:solve:done ms=16894 result=Sat assumptions=0 phase_lits=0
c 00h28m06s | stage:decode:start
c 00h28m06s | stage:decode:done int_assignments=239
c 00h28m06s | result:Sat
c 00h28m06s | objective:incumbent kind=improvement value=2544 rounds=105 improvements=104
o 2544
c 00h28m06s | stage:objective-cut:add timing=incremental-hard backend=cnf form=direct-expr clauses_added=16
c 00h28m06s | stage:sat:init solver=CaDiCaL vars=38775290 clauses=69120113
c 00h28m06s | stage:sat:solve:start assumptions=0 phase_lits=0
c 00h28m22s | stage:sat:solve:done ms=15472 result=Sat assumptions=0 phase_lits=0
c 00h28m22s | stage:decode:start
c 00h28m22s | stage:decode:done int_assignments=239
c 00h28m22s | result:Sat
c 00h28m22s | objective:incumbent kind=improvement value=2542 rounds=106 improvements=105
o 2542
c 00h28m22s | stage:objective-cut:add timing=incremental-hard backend=cnf form=direct-expr clauses_added=17
c 00h28m22s | stage:sat:init solver=CaDiCaL vars=38775301 clauses=69120130
c 00h28m22s | stage:sat:solve:start assumptions=0 phase_lits=0
c 00h28m24s | stage:sat:solve:done ms=1862 result=Sat assumptions=0 phase_lits=0
c 00h28m24s | stage:decode:start
c 00h28m24s | stage:decode:done int_assignments=239
c 00h28m24s | result:Sat
c 00h28m24s | objective:incumbent kind=improvement value=2541 rounds=107 improvements=106
o 2541
c 00h28m24s | stage:objective-cut:add timing=incremental-hard backend=cnf form=direct-expr clauses_added=14
c 00h28m24s | stage:sat:init solver=CaDiCaL vars=38775310 clauses=69120144
c 00h28m24s | stage:sat:solve:start assumptions=0 phase_lits=0
c 00h28m40s | stage:sat:solve:done ms=15646 result=Sat assumptions=0 phase_lits=0
c 00h28m40s | stage:decode:start
c 00h28m40s | stage:decode:done int_assignments=239
c 00h28m40s | result:Sat
c 00h28m40s | objective:incumbent kind=improvement value=2540 rounds=108 improvements=107
o 2540
c 00h28m40s | stage:objective-cut:add timing=incremental-hard backend=cnf form=direct-expr clauses_added=17
c 00h28m40s | stage:sat:init solver=CaDiCaL vars=38775321 clauses=69120161
c 00h28m40s | stage:sat:solve:start assumptions=0 phase_lits=0
c 00h28m42s | stage:sat:solve:done ms=1658 result=Sat assumptions=0 phase_lits=0
c 00h28m42s | stage:decode:start
c 00h28m42s | stage:decode:done int_assignments=239
c 00h28m42s | result:Sat
c 00h28m42s | objective:incumbent kind=improvement value=2539 rounds=109 improvements=108
o 2539
c 00h28m42s | stage:objective-cut:add timing=incremental-hard backend=cnf form=direct-expr clauses_added=16
c 00h28m42s | stage:sat:init solver=CaDiCaL vars=38775331 clauses=69120177
c 00h28m42s | stage:sat:solve:start assumptions=0 phase_lits=0
c 00h28m43s | stage:sat:solve:done ms=1593 result=Sat assumptions=0 phase_lits=0
c 00h28m43s | stage:decode:start
c 00h28m43s | stage:decode:done int_assignments=239
c 00h28m43s | result:Sat
c 00h28m43s | objective:incumbent kind=improvement value=2537 rounds=110 improvements=109
o 2537
c 00h28m43s | stage:objective-cut:add timing=incremental-hard backend=cnf form=direct-expr clauses_added=11
c 00h28m43s | stage:sat:init solver=CaDiCaL vars=38775338 clauses=69120188
c 00h28m43s | stage:sat:solve:start assumptions=0 phase_lits=0
c 00h29m03s | stage:sat:solve:done ms=19414 result=Sat assumptions=0 phase_lits=0
c 00h29m03s | stage:decode:start
c 00h29m03s | stage:decode:done int_assignments=239
c 00h29m03s | result:Sat
c 00h29m03s | objective:incumbent kind=improvement value=2520 rounds=111 improvements=110
o 2520
c 00h29m03s | stage:objective-cut:add timing=incremental-hard backend=cnf form=direct-expr clauses_added=15
c 00h29m03s | stage:sat:init solver=CaDiCaL vars=38775349 clauses=69120203
c 00h29m03s | stage:sat:solve:start assumptions=0 phase_lits=0
c 00h29m22s | stage:sat:solve:done ms=19098 result=Sat assumptions=0 phase_lits=0
c 00h29m22s | stage:decode:start
c 00h29m22s | stage:decode:done int_assignments=239
c 00h29m22s | result:Sat
c 00h29m22s | objective:incumbent kind=improvement value=2519 rounds=112 improvements=111
o 2519
c 00h29m22s | stage:objective-cut:add timing=incremental-hard backend=cnf form=direct-expr clauses_added=14
c 00h29m22s | stage:sat:init solver=CaDiCaL vars=38775359 clauses=69120217
c 00h29m22s | stage:sat:solve:start assumptions=0 phase_lits=0
c 00h29m24s | stage:sat:solve:done ms=1635 result=Sat assumptions=0 phase_lits=0
c 00h29m24s | stage:decode:start
c 00h29m24s | stage:decode:done int_assignments=239
c 00h29m24s | result:Sat
c 00h29m24s | objective:incumbent kind=improvement value=2517 rounds=113 improvements=112
o 2517
c 00h29m24s | stage:objective-cut:add timing=incremental-hard backend=cnf form=direct-expr clauses_added=13
c 00h29m24s | stage:sat:init solver=CaDiCaL vars=38775368 clauses=69120230
c 00h29m24s | stage:sat:solve:start assumptions=0 phase_lits=0
s SATISFIABLE
o 2517
v <instantiation>
v   <list> z x[0] x[1] x[2] x[3] x[4] x[5] x[6] x[7] x[8] x[9] x[10] x[11] y[0] y[1] y[2] y[3] y[4] y[5] y[6] y[7] y[8] y[9] y[10] y[11] r[0] r[1] r[2] r[3] r[4] r[5] r[6] r[7] r[8] r[9] r[10] r[11] r0or180[0] r0or180[1] r0or180[2] r0or180[3] r0or180[4] r0or180[5] r0or180[6] r0or180[7] r0or180[8] r0or180[9] r0or180[10] r0or180[11] r0or90[0] r0or90[1] r0or90[2] r0or90[3] r0or90[4] r0or90[5] r0or90[6] r0or90[7] r0or90[8] r0or90[9] r0or90[10] r0or90[11] xr[0] xr[1] xr[2] xr[3] xr[4] xr[5] xr[6] xr[7] xr[8] xr[9] xr[10] xr[11] xr[12] xr[13] xr[14] xr[15] xr[16] yr[0] yr[1] yr[2] yr[3] yr[4] yr[5] yr[6] yr[7] yr[8] yr[9] yr[10] yr[11] yr[12] yr[13] yr[14] yr[15] yr[16] lr[0] lr[1] lr[2] lr[3] lr[4] lr[5] lr[6] lr[7] lr[8] lr[9] lr[10] lr[11] lr[12] lr[13] lr[14] lr[15] lr[16] wr[0] wr[1] wr[2] wr[3] wr[4] wr[5] wr[6] wr[7] wr[8] wr[9] wr[10] wr[11] wr[12] wr[13] wr[14] wr[15] wr[16] xs[0] xs[1] xs[2] xs[3] xs[4] xs[5] xs[6] xs[7] xs[8] ys[0] ys[1] ys[2] ys[3] ys[4] ys[5] ys[6] ys[7] ys[8] lp[0][0] lp[0][1] lp[0][2] lp[0][3] lp[0][4] lp[0][5] lp[1][0] lp[1][1] lp[1][2] lp[1][3] lp[1][4] lp[1][5] aux_gb[0] aux_gb[1] aux_gb[2] aux_gb[3] aux_gb[4] aux_gb[5] aux_gb[6] aux_gb[7] aux_gb[8] aux_gb[9] aux_gb[10] aux_gb[11] aux_gb[12] aux_gb[13] aux_gb[14] aux_gb[15] aux_gb[16] aux_gb[17] aux_gb[18] aux_gb[19] aux_gb[20] aux_gb[21] aux_gb[22] aux_gb[23] aux_gb[24] aux_gb[25] aux_gb[26] aux_gb[27] aux_gb[28] aux_gb[29] aux_gb[30] aux_gb[31] aux_gb[32] aux_gb[33] aux_gb[34] aux_gb[35] aux_gb[36] aux_gb[37] aux_gb[38] aux_gb[39] aux_gb[40] aux_gb[41] aux_gb[42] aux_gb[43] aux_gb[44] aux_gb[45] aux_gb[46] aux_gb[47] aux_gb[48] aux_gb[49] aux_gb[50] aux_gb[51] aux_gb[52] aux_gb[53] aux_gb[54] aux_gb[55] aux_gb[56] aux_gb[57] aux_gb[58] aux_gb[59] aux_gb[60] aux_gb[61] aux_gb[62] aux_gb[63] aux_gb[64] aux_gb[65] aux_gb[66] aux_gb[67] aux_gb[68] aux_gb[69] aux_gb[70] aux_gb[71] aux_gb[72] aux_gb[73] aux_gb[74] aux_gb[75] aux_gb[76] aux_gb[77] aux_gb[78] aux_gb[79] </list>
v   <values> 2517 0 912 1119 335 2377 2076 999 334 2030 843 2235 12 328 1 0 12 2 258 320 87 0 65 249 61 0 3 0 0 0 0 0 0 0 0 2 0 1 0 1 1 1 1 1 1 1 1 1 1 1 0 1 1 1 1 1 1 1 1 0 1 0 1036 912 1119 335 2377 2076 999 334 334 2030 843 2381 2235 75 226 12 328 174 1 0 12 2 258 320 209 87 0 65 249 298 321 176 61 75 83 124 911 180 138 140 88 577 508 309 60 129 275 259 108 322 103 138 311 395 75 207 91 137 249 122 258 125 49 160 113 145 115 2074 2127 2180 33 79 127 180 911 955 353 353 353 176 176 176 176 355 355 0 0 1 0 0 0 0 0 0 1 0 1 0 124 0 0 0 0 0 0 0 0 0 0 146 0 63 214 0 173 0 122 0 0 49 260 115 0 53 53 53 44 44 44 44 44 44 96 96 96 92 92 92 92 92 92 96 96 96 92 92 92 92 92 92 53 53 53 44 44 44 44 44 44 53 96 53 96 53 96 44 92 44 92 44 92 44 92 44 92 44 92 </values>
v </instantiation>
d OBJECTIVE_VALUE 2517
d OPTIMAL 0
d OBJECTIVE_ROUNDS 113
d OBJECTIVE_IMPROVEMENTS 112
d COP_INCUMBENT_ELAPSED_MS 1764536
d SOLVE_ELAPSED_MS 1794213
d CURRENT_STAGE sat
d CURRENT_STAGE_ELAPSED_MS 29631
d LAST_COMPLETED_STAGE decode
d STAGE_PARSE_STATUS pending
d STAGE_PROPAGATE_STATUS done
d STAGE_NORMALIZE_STATUS done
d STAGE_LOWER_STATUS done
d STAGE_POST_LOWER_STATUS done
d STAGE_PREENCODE_STATUS done
d STAGE_ENCODE_STATUS done
d STAGE_SAT_STATUS running
d STAGE_DECODE_STATUS done
d STAGE_RELAXATION_STATUS pending
d STAGE_DUMP_CNF_STATUS pending
d SOURCE_CONSTRAINTS 247
d NORMALIZED_CONSTRAINTS 247
d LOWERED_CONSTRAINTS 247
d UNSUPPORTED_CONSTRAINTS 0
d SAT_VARS 38774366
d SAT_CLAUSES_BASE 69118770
d SAT_CLAUSES_FINAL 69120230
d SAT_CLAUSES_CEGAR_DELTA 0
d MEMORY_RSS_BYTES 15032836096
d MEMORY_RSS_AFTER_PROPAGATE_BYTES 196624384
d MEMORY_RSS_AFTER_LOWER_BYTES 260911104
d MEMORY_RSS_AFTER_POST_LOWER_BYTES 342630400
d MEMORY_RSS_BEFORE_PREENCODE_BYTES 346546176
d MEMORY_RSS_AFTER_PREENCODE_BYTES 346812416
d MEMORY_RSS_BEFORE_ENCODE_BYTES 346812416
d MEMORY_RSS_ENCODE_SAMPLE_INTERVAL_CLAUSES 1000000
d MEMORY_RSS_ENCODE_SAMPLE_COUNT 79
d MEMORY_RSS_ENCODE_LAST_SAMPLE_CLAUSE 69118770
d MEMORY_RSS_ENCODE_LAST_SAMPLE_BYTES 15032836096
d MEMORY_RSS_ENCODE_MAX_SAMPLE_BYTES 15032836096
d CSP_INT_VARS 239
d CSP_CONSTRAINTS 247
d CSP_INTENTIONAL 203
d CSP_GLOBAL 32
d CSP_EXTENSIONAL 12
d CSP_ALLDIFF 0
d CSP_CUMULATIVE 2
d CSP_TABLE 12
d CSP_DOMAIN_SPAN_MEDIAN 123
d CSP_DOMAIN_SPAN_MAX 4071
d N_CUMULATIVE 2
d N_TABLE 12
d SAT_CONFLICTS 22703
d CUMULATIVE_EXTPROP_CONSTRAINTS 2
d CUMULATIVE_EXTPROP_OBSERVED_VARS 579
d CUMULATIVE_EXTPROP_OBSERVED_LITS 579
d CUMULATIVE_EXTPROP_OBSERVED_LIT_OCCURRENCES 607
d CUMULATIVE_EXTPROP_NOTIFY_ASSIGNMENT_CALLS 206504
d CUMULATIVE_EXTPROP_NOTIFY_ASSIGNMENT_LITS 617849
d CUMULATIVE_EXTPROP_NOTIFY_NEW_DECISION_LEVEL_CALLS 830909302
d CUMULATIVE_EXTPROP_NOTIFY_BACKTRACK_CALLS 30665
d CUMULATIVE_EXTPROP_CB_CHECK_FOUND_MODEL_CALLS 113
d CUMULATIVE_EXTPROP_CB_CHECK_FOUND_MODEL_REJECTS 0
d CUMULATIVE_EXTPROP_CB_PROPAGATE_CALLS 189336
d CUMULATIVE_EXTPROP_CB_PROPAGATE_CONFLICTS 0
d CUMULATIVE_EXTPROP_PROPAGATED_LITS 0
d CUMULATIVE_EXTPROP_REASON_CLAUSES 0
d CUMULATIVE_EXTPROP_REASON_CLAUSE_LITS 0
d CUMULATIVE_EXTPROP_REASON_CLAUSE_MAX_LEN 0
d CUMULATIVE_EXTPROP_CB_HAS_EXTERNAL_CLAUSE_CALLS 830912346
d CUMULATIVE_EXTPROP_CB_ADD_EXTERNAL_CLAUSE_LIT_CALLS 0
d CUMULATIVE_EXTPROP_EXTERNAL_CLAUSES 0
d CUMULATIVE_EXTPROP_EXTERNAL_CLAUSE_LITS 0
d CUMULATIVE_EXTPROP_EXTERNAL_CLAUSE_MAX_LEN 0
d CUMULATIVE_EXTPROP_PARTIAL_VIOLATION_CALLS 211093
d CUMULATIVE_EXTPROP_COMPULSORY_VIOLATION_CALLS 211093
d CUMULATIVE_EXTPROP_BOUND_PROPAGATION_CALLS 0
d CUMULATIVE_EXTPROP_BOUND_REASON_CALLS 0
d CUMULATIVE_EXTPROP_PARTIAL_SUMMARY_TASK_EVALS 4028700
d CUMULATIVE_EXTPROP_BOUND_SUMMARY_TASK_EVALS 5488418
d CUMULATIVE_EXTPROP_BOUND_EVENT_PAIRS 0
d CUMULATIVE_EXTPROP_LOWER_BOUND_LIT_CALLS 0
d CUMULATIVE_EXTPROP_UPPER_BOUND_LIT_CALLS 0
d CUMULATIVE_EXTPROP_LOG_WITNESS_CHECKS 0
d LINEAR_INT_EQ_ARITY_STATS {"1":{"count":148651,"max_domain_product_excluding_one_var":"1","p95_domain_product_excluding_one_var":"1"},"2":{"count":148568,"max_domain_product_excluding_one_var":"2","p95_domain_product_excluding_one_var":"2"},"3":{"count":34,"max_domain_product_excluding_one_var":"11595","p95_domain_product_excluding_one_var":"7730"}}
d LINEAR_INT_NE_ARITY_STATS {"1":{"count":48,"max_domain_product_excluding_one_var":"1","p95_domain_product_excluding_one_var":"1"}}
d LINEAR_INT_GE_ARITY_STATS {"1":{"count":148534,"max_domain_product_excluding_one_var":"1","p95_domain_product_excluding_one_var":"1"},"2":{"count":148607,"max_domain_product_excluding_one_var":"4028","p95_domain_product_excluding_one_var":"2"},"3":{"count":1330,"max_domain_product_excluding_one_var":"8024","p95_domain_product_excluding_one_var":"7968"},"6":{"count":1,"max_domain_product_excluding_one_var":"4","p95_domain_product_excluding_one_var":"4"},"17":{"count":911,"max_domain_product_excluding_one_var":"340282366920938463463374607431768211455","p95_domain_product_excluding_one_var":"340282366920938463463374607431768211455"},"18":{"count":911,"max_domain_product_excluding_one_var":"340282366920938463463374607431768211455","p95_domain_product_excluding_one_var":"340282366920938463463374607431768211455"},"22":{"count":44,"max_domain_product_excluding_one_var":"340282366920938463463374607431768211455","p95_domain_product_excluding_one_var":"340282366920938463463374607431768211455"},"24":{"count":9,"max_domain_product_excluding_one_var":"340282366920938463463374607431768211455","p95_domain_product_excluding_one_var":"340282366920938463463374607431768211455"},"26":{"count":4018,"max_domain_product_excluding_one_var":"340282366920938463463374607431768211455","p95_domain_product_excluding_one_var":"340282366920938463463374607431768211455"},"27":{"count":458,"max_domain_product_excluding_one_var":"340282366920938463463374607431768211455","p95_domain_product_excluding_one_var":"340282366920938463463374607431768211455"}}
d LINEAR_BOOL_MIXED_ARITY_STATS {"2":{"count":31,"max_domain_product_excluding_one_var":"2","p95_domain_product_excluding_one_var":"2"}}
d ROOT_LP_ENTERED 0
d ROOT_LP_STATUS skipped
d ROOT_LP_MS 0
d ROOT_LP_REASON root_lp_disabled
d OBJECTIVE_CUT_TIMING incremental-hard
d OBJECTIVE_CUT_BACKEND cnf
d OBJECTIVE_CUT_FORM direct-expr
d OBJECTIVE_CUT_EAGER_CLAUSES_ADDED 1460
d PROPAGATE_PRUNED_VALUES 3713
d PROPAGATE_CHANGED_DOMAINS 61
d PROPAGATE_ENTAILED_TABLES 12
d POST_LOWER_ROUNDS 5116
d POST_LOWER_TIGHTENED_DOMAINS 84850
d POST_LOWER_REMOVED_CLAUSES 75022
d POST_LOWER_REMOVED_LITS 74935
d POST_LOWER_DETECTED_UNSAT 0
d PREENCODE_INT_VARS 148773
d ENCODE_EXTERNAL_GE_SPECS 0
d ENCODE_RELAXED_CIRCUITS 0
d LOG_SCOP_LINEAR_PB_CONSTRAINTS 855948
d LOG_SCOP_LINEAR_PB_MIXED_DISPATCH_CONSTRAINTS 0
d LOG_SCOP_LINEAR_PB_MIXED_ATTEMPT_BDD 0
d LOG_SCOP_LINEAR_PB_MIXED_ATTEMPT_SORTER 0
d LOG_SCOP_LINEAR_PB_MIXED_ATTEMPT_DADDA 0
d LOG_SCOP_LINEAR_PB_MIXED_REJECT_BDD_BUDGET 0
d LOG_SCOP_LINEAR_PB_MIXED_REJECT_SORTER_BUDGET 0
d LOG_SCOP_LINEAR_PB_MIXED_FALLBACK_BDD_TO_SORTER 0
d LOG_SCOP_LINEAR_PB_MIXED_FALLBACK_BDD_TO_DADDA 0
d LOG_SCOP_LINEAR_PB_MIXED_FALLBACK_SORTER_TO_BDD 0
d LOG_SCOP_LINEAR_PB_MIXED_FALLBACK_SORTER_TO_DADDA 0
d LOG_SCOP_LINEAR_PB_BACKEND_BDD2 855948
d LOG_SCOP_LINEAR_PB_BACKEND_BDD3 0
d LOG_SCOP_LINEAR_PB_BACKEND_SORTER 0
d LOG_SCOP_LINEAR_PB_BACKEND_DADDA 0
d LOG_SCOP_LINEAR_PB_BDD_DECOMPOSITION_RAW 855948
d LOG_SCOP_LINEAR_PB_BDD_DECOMPOSITION_BINARY 0
d LOG_SCOP_LINEAR_PB_BDD_DECOMPOSITION_MULTIBASE 0
d MEMORY_RSS_BYTES 15032836096
d MEMORY_RSS_AFTER_PROPAGATE_BYTES 196624384
d MEMORY_RSS_AFTER_LOWER_BYTES 260911104
d MEMORY_RSS_AFTER_POST_LOWER_BYTES 342630400
d MEMORY_RSS_BEFORE_PREENCODE_BYTES 346546176
d MEMORY_RSS_AFTER_PREENCODE_BYTES 346812416
d MEMORY_RSS_BEFORE_ENCODE_BYTES 346812416
d MEMORY_RSS_ENCODE_SAMPLE_INTERVAL_CLAUSES 1000000
d MEMORY_RSS_ENCODE_SAMPLE_COUNT 79
d MEMORY_RSS_ENCODE_LAST_SAMPLE_CLAUSE 69118770
d MEMORY_RSS_ENCODE_LAST_SAMPLE_BYTES 15032836096
d MEMORY_RSS_ENCODE_MAX_SAMPLE_BYTES 15032836096
d DECODE_INT_ASSIGNMENTS 239
d CIRCUIT_CEGAR_FAILURES 0
d CIRCUIT_CEGAR_ROUNDS 0
d CIRCUIT_CEGAR_ADDED_CLAUSES 0
d CUMULATIVE_CEGAR_FAILURES 0
d CUMULATIVE_CEGAR_ROUNDS 0
d CUMULATIVE_CEGAR_ADDED_CLAUSES 0
d COP_CEGAR_FAILURES 0
d COP_CEGAR_ROUNDS 0
d COP_CEGAR_ADDED_CLAUSES 0
d CSV /bench/competition/2022-2025/COP22to25/CarpetCutting-test15_c23.xml.lzma,sat,247,247,247,0,38774366,69120230,1794213,,,,,,,0,skipped,,,,,,0,,,,,,,timeout_signal,incumbent_interrupted_by_signal
signal=15; emitted incumbent csv row
c run_end_local: 2026-06-05 03:43:06 +0900
