c cmd: /host-parser-bin/kat_xcsp_b85de3f1_dirty_logscop_directexpr_norootlp_20260521 /bench/competition/2022-2025/COP22to25/BeerJugs-dec-06_c23.xml.lzma --encoder log-scop --cop-objective-cut direct-expr --order-ge-table mdd-tl --no-root-lp-bound --progress
c 00h00m00s | solve:start
c 00h00m00s | input: constraints=2625
c 00h00m00s | stage:propagate:start
c 00h00m00s | stage:propagate:done ms=40 pruned=79 changed_domains=11 entailed_tables=0
c 00h00m00s | memory:rss checkpoint=after_propagate bytes=10051584
c 00h00m00s | stage:normalize:start
c 00h00m00s | stage:normalize:done ms=0 high_constraints=2625
c 00h00m00s | stage:lower:start
c 00h00m00s | stage:lower:done ms=16 lowered=2625 unsupported=0
c 00h00m00s | memory:rss checkpoint=after_lower bytes=10321920
c 00h00m00s | stage:post_lower:start
c 00h00m00s | stage:post_lower:done ms=1 rounds=1 tightened=1 removed_cls=2 removed_lits=71 unsat=false precise_hits=0 precise_rounds=0 pivot_recomputes=0 pivot_exact_attempts=0 pivot_general_attempts=0 pivot_general_rest_missing=0 pivot_general_bound_missing=0 pivot_general_no_change=0 pivot_general_tightened=0 setup_ms=0 loop_ms=0 pivot_ms=0 pivot_version_ms=0 pivot_exact_ms=0 pivot_general_ms=0 pivot_general_prepare_ms=0 pivot_general_rest_ms=0 pivot_general_derive_ms=0 apply_ms=0 sat_ms=0 precise_ms=0
c 00h00m00s | memory:rss checkpoint=after_post_lower bytes=10321920
c 00h00m00s | stage:lowered-shape int_vars=213 bool_vars=4970 linear_atoms=5180 table_atoms=70 table_tuples=64646 table_scope=350 alldiff_atoms=0 circuit_atoms=0 product_atoms=0 logical_clauses=7663
c 00h00m00s | stage:root-lp:skip reason=disabled_by_option ms=0
c 00h00m00s | memory:rss checkpoint=before_preencode bytes=10592256
c 00h00m00s | stage:preencode(log-scop):start
c 00h00m00s | stage:preencode(log-scop):done ms=0 int_vars=213
c 00h00m00s | memory:rss checkpoint=after_preencode bytes=10592256
c 00h00m00s | memory:rss checkpoint=before_encode bytes=10592256
c 00h00m00s | stage:encode(log-scop):start
c 00h00m00s | stage:encode(log-scop):done ms=221 sat_vars=51041 sat_clauses=316859 ext_ge_specs=0 relaxed_circuits=0 log_scop_pb_constraints=3373 log_scop_pb_mixed=0 log_scop_pb_bdd2=3373 log_scop_pb_bdd3=0 log_scop_pb_sorter=0 log_scop_pb_dadda=0 log_scop_bdd_raw=3373 log_scop_bdd_binary=0 log_scop_bdd_multibase=0
c 00h00m00s | stage:sat:init solver=CaDiCaL vars=51041 clauses=316859
c 00h00m00s | stage:sat:solve:start round=1 circuit_cegar_rounds=- cumulative_cegar_rounds=- cop_cegar_rounds=1 assumptions=0 phase_lits=0
c 00h00m00s | stage:sat:solve:done round=1 ms=16 result=Sat assumptions=0 phase_lits=0
c 00h00m00s | stage:decode:start round=1 requested_int_ids=213
c 00h00m00s | stage:decode:final:start round=1 requested_int_ids=213
c 00h00m00s | stage:decode:done round=1 int_assignments=213
c 00h00m00s | stage:relaxation:done clauses_added=0 circuit_cegar_failures=0 circuit_cegar_rounds=0 circuit_cegar_added_clauses=0 cumulative_cegar_failures=0 cumulative_cegar_rounds=0 cumulative_cegar_added_clauses=0 cop_cegar_failures=0 cop_cegar_rounds=1 cop_cegar_added_clauses=0
c 00h00m00s | result:Sat
c 00h00m00s | objective:incumbent kind=initial value=0 rounds=1 improvements=0
o 0
c 00h00m00s | stage:sat:init solver=CaDiCaL vars=51041 clauses=316859
c 00h00m00s | stage:sat:solve:start round=1 circuit_cegar_rounds=- cumulative_cegar_rounds=- cop_cegar_rounds=2 assumptions=0 phase_lits=776
c 00h00m00s | stage:sat:solve:done round=1 ms=4 result=Sat assumptions=0 phase_lits=776
c 00h00m00s | stage:decode:start round=1 requested_int_ids=213
c 00h00m00s | stage:relaxation:done round=1 clauses_added=1 circuit_clauses_added=0 cumulative_clauses_added=0 cop_clauses_added=1 circuit_cegar_failures=0 circuit_cegar_rounds=0 circuit_cegar_added_clauses=0 cumulative_cegar_failures=0 cumulative_cegar_rounds=0 cumulative_cegar_added_clauses=0 cop_cegar_failures=1 cop_cegar_rounds=2 cop_cegar_added_clauses=1
c 00h00m00s | stage:sat:solve:start round=2 circuit_cegar_rounds=- cumulative_cegar_rounds=- cop_cegar_rounds=3 assumptions=0 phase_lits=776
c 00h00m00s | stage:sat:solve:done round=2 ms=455 result=Sat assumptions=0 phase_lits=776
c 00h00m00s | stage:decode:start round=2 requested_int_ids=213
c 00h00m00s | stage:decode:final:start round=2 requested_int_ids=213
c 00h00m00s | stage:decode:done round=2 int_assignments=213
c 00h00m00s | stage:relaxation:done clauses_added=0 circuit_cegar_failures=0 circuit_cegar_rounds=0 circuit_cegar_added_clauses=0 cumulative_cegar_failures=0 cumulative_cegar_rounds=0 cumulative_cegar_added_clauses=0 cop_cegar_failures=1 cop_cegar_rounds=3 cop_cegar_added_clauses=1
c 00h00m00s | result:Sat
c 00h00m00s | objective:incumbent kind=improvement value=1 rounds=2 improvements=1
o 1
c 00h00m00s | stage:sat:init solver=CaDiCaL vars=51041 clauses=316859
c 00h00m00s | stage:sat:solve:start round=1 circuit_cegar_rounds=- cumulative_cegar_rounds=- cop_cegar_rounds=4 assumptions=0 phase_lits=776
c 00h00m00s | stage:sat:solve:done round=1 ms=13 result=Sat assumptions=0 phase_lits=776
c 00h00m00s | stage:decode:start round=1 requested_int_ids=213
c 00h00m00s | stage:relaxation:done round=1 clauses_added=7 circuit_clauses_added=0 cumulative_clauses_added=0 cop_clauses_added=7 circuit_cegar_failures=0 circuit_cegar_rounds=0 circuit_cegar_added_clauses=0 cumulative_cegar_failures=0 cumulative_cegar_rounds=0 cumulative_cegar_added_clauses=0 cop_cegar_failures=2 cop_cegar_rounds=4 cop_cegar_added_clauses=8
c 00h00m00s | stage:sat:solve:start round=2 circuit_cegar_rounds=- cumulative_cegar_rounds=- cop_cegar_rounds=5 assumptions=0 phase_lits=776
c 00h00m00s | stage:sat:solve:done round=2 ms=21 result=Sat assumptions=0 phase_lits=776
c 00h00m00s | stage:decode:start round=2 requested_int_ids=213
c 00h00m00s | stage:decode:final:start round=2 requested_int_ids=213
c 00h00m00s | stage:decode:done round=2 int_assignments=213
c 00h00m00s | stage:relaxation:done clauses_added=0 circuit_cegar_failures=0 circuit_cegar_rounds=0 circuit_cegar_added_clauses=0 cumulative_cegar_failures=0 cumulative_cegar_rounds=0 cumulative_cegar_added_clauses=0 cop_cegar_failures=2 cop_cegar_rounds=5 cop_cegar_added_clauses=8
c 00h00m00s | result:Sat
c 00h00m00s | objective:incumbent kind=improvement value=2 rounds=3 improvements=2
o 2
c 00h00m00s | stage:sat:init solver=CaDiCaL vars=51041 clauses=316859
c 00h00m00s | stage:sat:solve:start round=1 circuit_cegar_rounds=- cumulative_cegar_rounds=- cop_cegar_rounds=6 assumptions=0 phase_lits=776
c 00h00m00s | stage:sat:solve:done round=1 ms=8 result=Sat assumptions=0 phase_lits=776
c 00h00m00s | stage:decode:start round=1 requested_int_ids=213
c 00h00m00s | stage:relaxation:done round=1 clauses_added=9 circuit_clauses_added=0 cumulative_clauses_added=0 cop_clauses_added=9 circuit_cegar_failures=0 circuit_cegar_rounds=0 circuit_cegar_added_clauses=0 cumulative_cegar_failures=0 cumulative_cegar_rounds=0 cumulative_cegar_added_clauses=0 cop_cegar_failures=3 cop_cegar_rounds=6 cop_cegar_added_clauses=17
c 00h00m00s | stage:sat:solve:start round=2 circuit_cegar_rounds=- cumulative_cegar_rounds=- cop_cegar_rounds=7 assumptions=0 phase_lits=776
c 00h00m00s | stage:sat:solve:done round=2 ms=8 result=Sat assumptions=0 phase_lits=776
c 00h00m00s | stage:decode:start round=2 requested_int_ids=213
c 00h00m00s | stage:decode:final:start round=2 requested_int_ids=213
c 00h00m00s | stage:decode:done round=2 int_assignments=213
c 00h00m00s | stage:relaxation:done clauses_added=0 circuit_cegar_failures=0 circuit_cegar_rounds=0 circuit_cegar_added_clauses=0 cumulative_cegar_failures=0 cumulative_cegar_rounds=0 cumulative_cegar_added_clauses=0 cop_cegar_failures=3 cop_cegar_rounds=7 cop_cegar_added_clauses=17
c 00h00m00s | result:Sat
c 00h00m00s | objective:incumbent kind=improvement value=3 rounds=4 improvements=3
o 3
c 00h00m00s | stage:sat:init solver=CaDiCaL vars=51041 clauses=316859
c 00h00m00s | stage:sat:solve:start round=1 circuit_cegar_rounds=- cumulative_cegar_rounds=- cop_cegar_rounds=8 assumptions=0 phase_lits=776
c 00h00m00s | stage:sat:solve:done round=1 ms=8 result=Sat assumptions=0 phase_lits=776
c 00h00m00s | stage:decode:start round=1 requested_int_ids=213
c 00h00m00s | stage:relaxation:done round=1 clauses_added=6 circuit_clauses_added=0 cumulative_clauses_added=0 cop_clauses_added=6 circuit_cegar_failures=0 circuit_cegar_rounds=0 circuit_cegar_added_clauses=0 cumulative_cegar_failures=0 cumulative_cegar_rounds=0 cumulative_cegar_added_clauses=0 cop_cegar_failures=4 cop_cegar_rounds=8 cop_cegar_added_clauses=23
c 00h00m00s | stage:sat:solve:start round=2 circuit_cegar_rounds=- cumulative_cegar_rounds=- cop_cegar_rounds=9 assumptions=0 phase_lits=776
c 00h00m00s | stage:sat:solve:done round=2 ms=16 result=Sat assumptions=0 phase_lits=776
c 00h00m00s | stage:decode:start round=2 requested_int_ids=213
c 00h00m00s | stage:decode:final:start round=2 requested_int_ids=213
c 00h00m00s | stage:decode:done round=2 int_assignments=213
c 00h00m00s | stage:relaxation:done clauses_added=0 circuit_cegar_failures=0 circuit_cegar_rounds=0 circuit_cegar_added_clauses=0 cumulative_cegar_failures=0 cumulative_cegar_rounds=0 cumulative_cegar_added_clauses=0 cop_cegar_failures=4 cop_cegar_rounds=9 cop_cegar_added_clauses=23
c 00h00m00s | result:Sat
c 00h00m00s | objective:incumbent kind=improvement value=4 rounds=5 improvements=4
o 4
c 00h00m00s | stage:sat:init solver=CaDiCaL vars=51041 clauses=316859
c 00h00m00s | stage:sat:solve:start round=1 circuit_cegar_rounds=- cumulative_cegar_rounds=- cop_cegar_rounds=10 assumptions=0 phase_lits=776
c 00h00m00s | stage:sat:solve:done round=1 ms=9 result=Sat assumptions=0 phase_lits=776
c 00h00m00s | stage:decode:start round=1 requested_int_ids=213
c 00h00m00s | stage:relaxation:done round=1 clauses_added=9 circuit_clauses_added=0 cumulative_clauses_added=0 cop_clauses_added=9 circuit_cegar_failures=0 circuit_cegar_rounds=0 circuit_cegar_added_clauses=0 cumulative_cegar_failures=0 cumulative_cegar_rounds=0 cumulative_cegar_added_clauses=0 cop_cegar_failures=5 cop_cegar_rounds=10 cop_cegar_added_clauses=32
c 00h00m00s | stage:sat:solve:start round=2 circuit_cegar_rounds=- cumulative_cegar_rounds=- cop_cegar_rounds=11 assumptions=0 phase_lits=776
c 00h00m00s | stage:sat:solve:done round=2 ms=102 result=Sat assumptions=0 phase_lits=776
c 00h00m00s | stage:decode:start round=2 requested_int_ids=213
c 00h00m00s | stage:decode:final:start round=2 requested_int_ids=213
c 00h00m00s | stage:decode:done round=2 int_assignments=213
c 00h00m00s | stage:relaxation:done clauses_added=0 circuit_cegar_failures=0 circuit_cegar_rounds=0 circuit_cegar_added_clauses=0 cumulative_cegar_failures=0 cumulative_cegar_rounds=0 cumulative_cegar_added_clauses=0 cop_cegar_failures=5 cop_cegar_rounds=11 cop_cegar_added_clauses=32
c 00h00m00s | result:Sat
c 00h00m00s | objective:incumbent kind=improvement value=5 rounds=6 improvements=5
o 5
c 00h00m00s | stage:sat:init solver=CaDiCaL vars=51041 clauses=316859
c 00h00m00s | stage:sat:solve:start round=1 circuit_cegar_rounds=- cumulative_cegar_rounds=- cop_cegar_rounds=12 assumptions=0 phase_lits=776
c 00h00m00s | stage:sat:solve:done round=1 ms=5 result=Sat assumptions=0 phase_lits=776
c 00h00m00s | stage:decode:start round=1 requested_int_ids=213
c 00h00m00s | stage:relaxation:done round=1 clauses_added=8 circuit_clauses_added=0 cumulative_clauses_added=0 cop_clauses_added=8 circuit_cegar_failures=0 circuit_cegar_rounds=0 circuit_cegar_added_clauses=0 cumulative_cegar_failures=0 cumulative_cegar_rounds=0 cumulative_cegar_added_clauses=0 cop_cegar_failures=6 cop_cegar_rounds=12 cop_cegar_added_clauses=40
c 00h00m00s | stage:sat:solve:start round=2 circuit_cegar_rounds=- cumulative_cegar_rounds=- cop_cegar_rounds=13 assumptions=0 phase_lits=776
c 00h00m01s | stage:sat:solve:done round=2 ms=27 result=Sat assumptions=0 phase_lits=776
c 00h00m01s | stage:decode:start round=2 requested_int_ids=213
c 00h00m01s | stage:decode:final:start round=2 requested_int_ids=213
c 00h00m01s | stage:decode:done round=2 int_assignments=213
c 00h00m01s | stage:relaxation:done clauses_added=0 circuit_cegar_failures=0 circuit_cegar_rounds=0 circuit_cegar_added_clauses=0 cumulative_cegar_failures=0 cumulative_cegar_rounds=0 cumulative_cegar_added_clauses=0 cop_cegar_failures=6 cop_cegar_rounds=13 cop_cegar_added_clauses=40
c 00h00m01s | result:Sat
c 00h00m01s | objective:incumbent kind=improvement value=6 rounds=7 improvements=6
o 6
c 00h00m01s | stage:sat:init solver=CaDiCaL vars=51041 clauses=316859
c 00h00m01s | stage:sat:solve:start round=1 circuit_cegar_rounds=- cumulative_cegar_rounds=- cop_cegar_rounds=14 assumptions=0 phase_lits=776
c 00h00m01s | stage:sat:solve:done round=1 ms=5 result=Sat assumptions=0 phase_lits=776
c 00h00m01s | stage:decode:start round=1 requested_int_ids=213
c 00h00m01s | stage:relaxation:done round=1 clauses_added=10 circuit_clauses_added=0 cumulative_clauses_added=0 cop_clauses_added=10 circuit_cegar_failures=0 circuit_cegar_rounds=0 circuit_cegar_added_clauses=0 cumulative_cegar_failures=0 cumulative_cegar_rounds=0 cumulative_cegar_added_clauses=0 cop_cegar_failures=7 cop_cegar_rounds=14 cop_cegar_added_clauses=50
c 00h00m01s | stage:sat:solve:start round=2 circuit_cegar_rounds=- cumulative_cegar_rounds=- cop_cegar_rounds=15 assumptions=0 phase_lits=776
c 00h00m01s | stage:sat:solve:done round=2 ms=32 result=Sat assumptions=0 phase_lits=776
c 00h00m01s | stage:decode:start round=2 requested_int_ids=213
c 00h00m01s | stage:decode:final:start round=2 requested_int_ids=213
c 00h00m01s | stage:decode:done round=2 int_assignments=213
c 00h00m01s | stage:relaxation:done clauses_added=0 circuit_cegar_failures=0 circuit_cegar_rounds=0 circuit_cegar_added_clauses=0 cumulative_cegar_failures=0 cumulative_cegar_rounds=0 cumulative_cegar_added_clauses=0 cop_cegar_failures=7 cop_cegar_rounds=15 cop_cegar_added_clauses=50
c 00h00m01s | result:Sat
c 00h00m01s | objective:incumbent kind=improvement value=8 rounds=8 improvements=7
o 8
c 00h00m01s | stage:sat:init solver=CaDiCaL vars=51041 clauses=316859
c 00h00m01s | stage:sat:solve:start round=1 circuit_cegar_rounds=- cumulative_cegar_rounds=- cop_cegar_rounds=16 assumptions=0 phase_lits=776
c 00h00m01s | stage:sat:solve:done round=1 ms=5 result=Sat assumptions=0 phase_lits=776
c 00h00m01s | stage:decode:start round=1 requested_int_ids=213
c 00h00m01s | stage:relaxation:done round=1 clauses_added=9 circuit_clauses_added=0 cumulative_clauses_added=0 cop_clauses_added=9 circuit_cegar_failures=0 circuit_cegar_rounds=0 circuit_cegar_added_clauses=0 cumulative_cegar_failures=0 cumulative_cegar_rounds=0 cumulative_cegar_added_clauses=0 cop_cegar_failures=8 cop_cegar_rounds=16 cop_cegar_added_clauses=59
c 00h00m01s | stage:sat:solve:start round=2 circuit_cegar_rounds=- cumulative_cegar_rounds=- cop_cegar_rounds=17 assumptions=0 phase_lits=776
c 00h00m01s | stage:sat:solve:done round=2 ms=59 result=Sat assumptions=0 phase_lits=776
c 00h00m01s | stage:decode:start round=2 requested_int_ids=213
c 00h00m01s | stage:decode:final:start round=2 requested_int_ids=213
c 00h00m01s | stage:decode:done round=2 int_assignments=213
c 00h00m01s | stage:relaxation:done clauses_added=0 circuit_cegar_failures=0 circuit_cegar_rounds=0 circuit_cegar_added_clauses=0 cumulative_cegar_failures=0 cumulative_cegar_rounds=0 cumulative_cegar_added_clauses=0 cop_cegar_failures=8 cop_cegar_rounds=17 cop_cegar_added_clauses=59
c 00h00m01s | result:Sat
c 00h00m01s | objective:incumbent kind=improvement value=9 rounds=9 improvements=8
o 9
c 00h00m01s | stage:sat:init solver=CaDiCaL vars=51041 clauses=316859
c 00h00m01s | stage:sat:solve:start round=1 circuit_cegar_rounds=- cumulative_cegar_rounds=- cop_cegar_rounds=18 assumptions=0 phase_lits=776
c 00h00m01s | stage:sat:solve:done round=1 ms=5 result=Sat assumptions=0 phase_lits=776
c 00h00m01s | stage:decode:start round=1 requested_int_ids=213
c 00h00m01s | stage:relaxation:done round=1 clauses_added=8 circuit_clauses_added=0 cumulative_clauses_added=0 cop_clauses_added=8 circuit_cegar_failures=0 circuit_cegar_rounds=0 circuit_cegar_added_clauses=0 cumulative_cegar_failures=0 cumulative_cegar_rounds=0 cumulative_cegar_added_clauses=0 cop_cegar_failures=9 cop_cegar_rounds=18 cop_cegar_added_clauses=67
c 00h00m01s | stage:sat:solve:start round=2 circuit_cegar_rounds=- cumulative_cegar_rounds=- cop_cegar_rounds=19 assumptions=0 phase_lits=776
c 00h00m01s | stage:sat:solve:done round=2 ms=21 result=Sat assumptions=0 phase_lits=776
c 00h00m01s | stage:decode:start round=2 requested_int_ids=213
c 00h00m01s | stage:decode:final:start round=2 requested_int_ids=213
c 00h00m01s | stage:decode:done round=2 int_assignments=213
c 00h00m01s | stage:relaxation:done clauses_added=0 circuit_cegar_failures=0 circuit_cegar_rounds=0 circuit_cegar_added_clauses=0 cumulative_cegar_failures=0 cumulative_cegar_rounds=0 cumulative_cegar_added_clauses=0 cop_cegar_failures=9 cop_cegar_rounds=19 cop_cegar_added_clauses=67
c 00h00m01s | result:Sat
c 00h00m01s | objective:incumbent kind=improvement value=10 rounds=10 improvements=9
o 10
c 00h00m01s | stage:sat:init solver=CaDiCaL vars=51041 clauses=316859
c 00h00m01s | stage:sat:solve:start round=1 circuit_cegar_rounds=- cumulative_cegar_rounds=- cop_cegar_rounds=20 assumptions=0 phase_lits=776
c 00h00m01s | stage:sat:solve:done round=1 ms=4 result=Sat assumptions=0 phase_lits=776
c 00h00m01s | stage:decode:start round=1 requested_int_ids=213
c 00h00m01s | stage:relaxation:done round=1 clauses_added=10 circuit_clauses_added=0 cumulative_clauses_added=0 cop_clauses_added=10 circuit_cegar_failures=0 circuit_cegar_rounds=0 circuit_cegar_added_clauses=0 cumulative_cegar_failures=0 cumulative_cegar_rounds=0 cumulative_cegar_added_clauses=0 cop_cegar_failures=10 cop_cegar_rounds=20 cop_cegar_added_clauses=77
c 00h00m01s | stage:sat:solve:start round=2 circuit_cegar_rounds=- cumulative_cegar_rounds=- cop_cegar_rounds=21 assumptions=0 phase_lits=776
c 00h00m01s | stage:sat:solve:done round=2 ms=46 result=Sat assumptions=0 phase_lits=776
c 00h00m01s | stage:decode:start round=2 requested_int_ids=213
c 00h00m01s | stage:decode:final:start round=2 requested_int_ids=213
c 00h00m01s | stage:decode:done round=2 int_assignments=213
c 00h00m01s | stage:relaxation:done clauses_added=0 circuit_cegar_failures=0 circuit_cegar_rounds=0 circuit_cegar_added_clauses=0 cumulative_cegar_failures=0 cumulative_cegar_rounds=0 cumulative_cegar_added_clauses=0 cop_cegar_failures=10 cop_cegar_rounds=21 cop_cegar_added_clauses=77
c 00h00m01s | result:Sat
c 00h00m01s | objective:incumbent kind=improvement value=11 rounds=11 improvements=10
o 11
c 00h00m01s | stage:sat:init solver=CaDiCaL vars=51041 clauses=316859
c 00h00m01s | stage:sat:solve:start round=1 circuit_cegar_rounds=- cumulative_cegar_rounds=- cop_cegar_rounds=22 assumptions=0 phase_lits=776
c 00h00m01s | stage:sat:solve:done round=1 ms=4 result=Sat assumptions=0 phase_lits=776
c 00h00m01s | stage:decode:start round=1 requested_int_ids=213
c 00h00m01s | stage:relaxation:done round=1 clauses_added=7 circuit_clauses_added=0 cumulative_clauses_added=0 cop_clauses_added=7 circuit_cegar_failures=0 circuit_cegar_rounds=0 circuit_cegar_added_clauses=0 cumulative_cegar_failures=0 cumulative_cegar_rounds=0 cumulative_cegar_added_clauses=0 cop_cegar_failures=11 cop_cegar_rounds=22 cop_cegar_added_clauses=84
c 00h00m01s | stage:sat:solve:start round=2 circuit_cegar_rounds=- cumulative_cegar_rounds=- cop_cegar_rounds=23 assumptions=0 phase_lits=776
c 00h00m01s | stage:sat:solve:done round=2 ms=23 result=Sat assumptions=0 phase_lits=776
c 00h00m01s | stage:decode:start round=2 requested_int_ids=213
c 00h00m01s | stage:decode:final:start round=2 requested_int_ids=213
c 00h00m01s | stage:decode:done round=2 int_assignments=213
c 00h00m01s | stage:relaxation:done clauses_added=0 circuit_cegar_failures=0 circuit_cegar_rounds=0 circuit_cegar_added_clauses=0 cumulative_cegar_failures=0 cumulative_cegar_rounds=0 cumulative_cegar_added_clauses=0 cop_cegar_failures=11 cop_cegar_rounds=23 cop_cegar_added_clauses=84
c 00h00m01s | result:Sat
c 00h00m01s | objective:incumbent kind=improvement value=12 rounds=12 improvements=11
o 12
c 00h00m01s | stage:sat:init solver=CaDiCaL vars=51041 clauses=316859
c 00h00m01s | stage:sat:solve:start round=1 circuit_cegar_rounds=- cumulative_cegar_rounds=- cop_cegar_rounds=24 assumptions=0 phase_lits=776
c 00h00m01s | stage:sat:solve:done round=1 ms=4 result=Sat assumptions=0 phase_lits=776
c 00h00m01s | stage:decode:start round=1 requested_int_ids=213
c 00h00m01s | stage:relaxation:done round=1 clauses_added=10 circuit_clauses_added=0 cumulative_clauses_added=0 cop_clauses_added=10 circuit_cegar_failures=0 circuit_cegar_rounds=0 circuit_cegar_added_clauses=0 cumulative_cegar_failures=0 cumulative_cegar_rounds=0 cumulative_cegar_added_clauses=0 cop_cegar_failures=12 cop_cegar_rounds=24 cop_cegar_added_clauses=94
c 00h00m01s | stage:sat:solve:start round=2 circuit_cegar_rounds=- cumulative_cegar_rounds=- cop_cegar_rounds=25 assumptions=0 phase_lits=776
c 00h00m01s | stage:sat:solve:done round=2 ms=64 result=Sat assumptions=0 phase_lits=776
c 00h00m01s | stage:decode:start round=2 requested_int_ids=213
c 00h00m01s | stage:decode:final:start round=2 requested_int_ids=213
c 00h00m01s | stage:decode:done round=2 int_assignments=213
c 00h00m01s | stage:relaxation:done clauses_added=0 circuit_cegar_failures=0 circuit_cegar_rounds=0 circuit_cegar_added_clauses=0 cumulative_cegar_failures=0 cumulative_cegar_rounds=0 cumulative_cegar_added_clauses=0 cop_cegar_failures=12 cop_cegar_rounds=25 cop_cegar_added_clauses=94
c 00h00m01s | result:Sat
c 00h00m01s | objective:incumbent kind=improvement value=15 rounds=13 improvements=12
o 15
c 00h00m01s | stage:sat:init solver=CaDiCaL vars=51041 clauses=316859
c 00h00m01s | stage:sat:solve:start round=1 circuit_cegar_rounds=- cumulative_cegar_rounds=- cop_cegar_rounds=26 assumptions=0 phase_lits=776
c 00h00m01s | stage:sat:solve:done round=1 ms=5 result=Sat assumptions=0 phase_lits=776
c 00h00m01s | stage:decode:start round=1 requested_int_ids=213
c 00h00m01s | stage:relaxation:done round=1 clauses_added=4 circuit_clauses_added=0 cumulative_clauses_added=0 cop_clauses_added=4 circuit_cegar_failures=0 circuit_cegar_rounds=0 circuit_cegar_added_clauses=0 cumulative_cegar_failures=0 cumulative_cegar_rounds=0 cumulative_cegar_added_clauses=0 cop_cegar_failures=13 cop_cegar_rounds=26 cop_cegar_added_clauses=98
c 00h00m01s | stage:sat:solve:start round=2 circuit_cegar_rounds=- cumulative_cegar_rounds=- cop_cegar_rounds=27 assumptions=0 phase_lits=776
c 00h00m01s | stage:sat:solve:done round=2 ms=42 result=Sat assumptions=0 phase_lits=776
c 00h00m01s | stage:decode:start round=2 requested_int_ids=213
c 00h00m01s | stage:decode:final:start round=2 requested_int_ids=213
c 00h00m01s | stage:decode:done round=2 int_assignments=213
c 00h00m01s | stage:relaxation:done clauses_added=0 circuit_cegar_failures=0 circuit_cegar_rounds=0 circuit_cegar_added_clauses=0 cumulative_cegar_failures=0 cumulative_cegar_rounds=0 cumulative_cegar_added_clauses=0 cop_cegar_failures=13 cop_cegar_rounds=27 cop_cegar_added_clauses=98
c 00h00m01s | result:Sat
c 00h00m01s | objective:incumbent kind=improvement value=16 rounds=14 improvements=13
o 16
c 00h00m01s | stage:sat:init solver=CaDiCaL vars=51041 clauses=316859
c 00h00m01s | stage:sat:solve:start round=1 circuit_cegar_rounds=- cumulative_cegar_rounds=- cop_cegar_rounds=28 assumptions=0 phase_lits=776
c 00h00m01s | stage:sat:solve:done round=1 ms=4 result=Sat assumptions=0 phase_lits=776
c 00h00m01s | stage:decode:start round=1 requested_int_ids=213
c 00h00m01s | stage:relaxation:done round=1 clauses_added=9 circuit_clauses_added=0 cumulative_clauses_added=0 cop_clauses_added=9 circuit_cegar_failures=0 circuit_cegar_rounds=0 circuit_cegar_added_clauses=0 cumulative_cegar_failures=0 cumulative_cegar_rounds=0 cumulative_cegar_added_clauses=0 cop_cegar_failures=14 cop_cegar_rounds=28 cop_cegar_added_clauses=107
c 00h00m01s | stage:sat:solve:start round=2 circuit_cegar_rounds=- cumulative_cegar_rounds=- cop_cegar_rounds=29 assumptions=0 phase_lits=776
c 00h00m03s | stage:sat:solve:done round=2 ms=1648 result=Sat assumptions=0 phase_lits=776
c 00h00m03s | stage:decode:start round=2 requested_int_ids=213
c 00h00m03s | stage:decode:final:start round=2 requested_int_ids=213
c 00h00m03s | stage:decode:done round=2 int_assignments=213
c 00h00m03s | stage:relaxation:done clauses_added=0 circuit_cegar_failures=0 circuit_cegar_rounds=0 circuit_cegar_added_clauses=0 cumulative_cegar_failures=0 cumulative_cegar_rounds=0 cumulative_cegar_added_clauses=0 cop_cegar_failures=14 cop_cegar_rounds=29 cop_cegar_added_clauses=107
c 00h00m03s | result:Sat
c 00h00m03s | objective:incumbent kind=improvement value=17 rounds=15 improvements=14
o 17
c 00h00m03s | stage:sat:init solver=CaDiCaL vars=51041 clauses=316859
c 00h00m03s | stage:sat:solve:start round=1 circuit_cegar_rounds=- cumulative_cegar_rounds=- cop_cegar_rounds=30 assumptions=0 phase_lits=776
c 00h00m03s | stage:sat:solve:done round=1 ms=14 result=Sat assumptions=0 phase_lits=776
c 00h00m03s | stage:decode:start round=1 requested_int_ids=213
c 00h00m03s | stage:relaxation:done round=1 clauses_added=8 circuit_clauses_added=0 cumulative_clauses_added=0 cop_clauses_added=8 circuit_cegar_failures=0 circuit_cegar_rounds=0 circuit_cegar_added_clauses=0 cumulative_cegar_failures=0 cumulative_cegar_rounds=0 cumulative_cegar_added_clauses=0 cop_cegar_failures=15 cop_cegar_rounds=30 cop_cegar_added_clauses=115
c 00h00m03s | stage:sat:solve:start round=2 circuit_cegar_rounds=- cumulative_cegar_rounds=- cop_cegar_rounds=31 assumptions=0 phase_lits=776
c 00h00m03s | stage:sat:solve:done round=2 ms=5 result=Sat assumptions=0 phase_lits=776
c 00h00m03s | stage:decode:start round=2 requested_int_ids=213
c 00h00m03s | stage:decode:final:start round=2 requested_int_ids=213
c 00h00m03s | stage:decode:done round=2 int_assignments=213
c 00h00m03s | stage:relaxation:done clauses_added=0 circuit_cegar_failures=0 circuit_cegar_rounds=0 circuit_cegar_added_clauses=0 cumulative_cegar_failures=0 cumulative_cegar_rounds=0 cumulative_cegar_added_clauses=0 cop_cegar_failures=15 cop_cegar_rounds=31 cop_cegar_added_clauses=115
c 00h00m03s | result:Sat
c 00h00m03s | objective:incumbent kind=improvement value=19 rounds=16 improvements=15
o 19
c 00h00m03s | stage:sat:init solver=CaDiCaL vars=51041 clauses=316859
c 00h00m03s | stage:sat:solve:start round=1 circuit_cegar_rounds=- cumulative_cegar_rounds=- cop_cegar_rounds=32 assumptions=0 phase_lits=776
c 00h00m03s | stage:sat:solve:done round=1 ms=5 result=Sat assumptions=0 phase_lits=776
c 00h00m03s | stage:decode:start round=1 requested_int_ids=213
c 00h00m03s | stage:relaxation:done round=1 clauses_added=7 circuit_clauses_added=0 cumulative_clauses_added=0 cop_clauses_added=7 circuit_cegar_failures=0 circuit_cegar_rounds=0 circuit_cegar_added_clauses=0 cumulative_cegar_failures=0 cumulative_cegar_rounds=0 cumulative_cegar_added_clauses=0 cop_cegar_failures=16 cop_cegar_rounds=32 cop_cegar_added_clauses=122
c 00h00m03s | stage:sat:solve:start round=2 circuit_cegar_rounds=- cumulative_cegar_rounds=- cop_cegar_rounds=33 assumptions=0 phase_lits=776
c 00h00m03s | stage:sat:solve:done round=2 ms=243 result=Sat assumptions=0 phase_lits=776
c 00h00m03s | stage:decode:start round=2 requested_int_ids=213
c 00h00m03s | stage:decode:final:start round=2 requested_int_ids=213
c 00h00m03s | stage:decode:done round=2 int_assignments=213
c 00h00m03s | stage:relaxation:done clauses_added=0 circuit_cegar_failures=0 circuit_cegar_rounds=0 circuit_cegar_added_clauses=0 cumulative_cegar_failures=0 cumulative_cegar_rounds=0 cumulative_cegar_added_clauses=0 cop_cegar_failures=16 cop_cegar_rounds=33 cop_cegar_added_clauses=122
c 00h00m03s | result:Sat
c 00h00m03s | objective:incumbent kind=improvement value=20 rounds=17 improvements=16
o 20
c 00h00m03s | stage:sat:init solver=CaDiCaL vars=51041 clauses=316859
c 00h00m03s | stage:sat:solve:start round=1 circuit_cegar_rounds=- cumulative_cegar_rounds=- cop_cegar_rounds=34 assumptions=0 phase_lits=776
c 00h00m03s | stage:sat:solve:done round=1 ms=2 result=Sat assumptions=0 phase_lits=776
c 00h00m03s | stage:decode:start round=1 requested_int_ids=213
c 00h00m03s | stage:relaxation:done round=1 clauses_added=10 circuit_clauses_added=0 cumulative_clauses_added=0 cop_clauses_added=10 circuit_cegar_failures=0 circuit_cegar_rounds=0 circuit_cegar_added_clauses=0 cumulative_cegar_failures=0 cumulative_cegar_rounds=0 cumulative_cegar_added_clauses=0 cop_cegar_failures=17 cop_cegar_rounds=34 cop_cegar_added_clauses=132
c 00h00m03s | stage:sat:solve:start round=2 circuit_cegar_rounds=- cumulative_cegar_rounds=- cop_cegar_rounds=35 assumptions=0 phase_lits=776
c 00h00m03s | stage:sat:solve:done round=2 ms=2 result=Sat assumptions=0 phase_lits=776
c 00h00m03s | stage:decode:start round=2 requested_int_ids=213
c 00h00m03s | stage:decode:final:start round=2 requested_int_ids=213
c 00h00m03s | stage:decode:done round=2 int_assignments=213
c 00h00m03s | stage:relaxation:done clauses_added=0 circuit_cegar_failures=0 circuit_cegar_rounds=0 circuit_cegar_added_clauses=0 cumulative_cegar_failures=0 cumulative_cegar_rounds=0 cumulative_cegar_added_clauses=0 cop_cegar_failures=17 cop_cegar_rounds=35 cop_cegar_added_clauses=132
c 00h00m03s | result:Sat
c 00h00m03s | objective:incumbent kind=improvement value=21 rounds=18 improvements=17
o 21
c 00h00m03s | stage:sat:init solver=CaDiCaL vars=51041 clauses=316859
c 00h00m03s | stage:sat:solve:start round=1 circuit_cegar_rounds=- cumulative_cegar_rounds=- cop_cegar_rounds=36 assumptions=0 phase_lits=776
c 00h00m03s | stage:sat:solve:done round=1 ms=2 result=Sat assumptions=0 phase_lits=776
c 00h00m03s | stage:decode:start round=1 requested_int_ids=213
c 00h00m03s | stage:relaxation:done round=1 clauses_added=9 circuit_clauses_added=0 cumulative_clauses_added=0 cop_clauses_added=9 circuit_cegar_failures=0 circuit_cegar_rounds=0 circuit_cegar_added_clauses=0 cumulative_cegar_failures=0 cumulative_cegar_rounds=0 cumulative_cegar_added_clauses=0 cop_cegar_failures=18 cop_cegar_rounds=36 cop_cegar_added_clauses=141
c 00h00m03s | stage:sat:solve:start round=2 circuit_cegar_rounds=- cumulative_cegar_rounds=- cop_cegar_rounds=37 assumptions=0 phase_lits=776
c 00h00m03s | stage:sat:solve:done round=2 ms=2 result=Sat assumptions=0 phase_lits=776
c 00h00m03s | stage:decode:start round=2 requested_int_ids=213
c 00h00m03s | stage:decode:final:start round=2 requested_int_ids=213
c 00h00m03s | stage:decode:done round=2 int_assignments=213
c 00h00m03s | stage:relaxation:done clauses_added=0 circuit_cegar_failures=0 circuit_cegar_rounds=0 circuit_cegar_added_clauses=0 cumulative_cegar_failures=0 cumulative_cegar_rounds=0 cumulative_cegar_added_clauses=0 cop_cegar_failures=18 cop_cegar_rounds=37 cop_cegar_added_clauses=141
c 00h00m03s | result:Sat
c 00h00m03s | objective:incumbent kind=improvement value=23 rounds=19 improvements=18
o 23
c 00h00m03s | stage:sat:init solver=CaDiCaL vars=51041 clauses=316859
c 00h00m03s | stage:sat:solve:start round=1 circuit_cegar_rounds=- cumulative_cegar_rounds=- cop_cegar_rounds=38 assumptions=0 phase_lits=776
c 00h00m03s | stage:sat:solve:done round=1 ms=2 result=Sat assumptions=0 phase_lits=776
c 00h00m03s | stage:decode:start round=1 requested_int_ids=213
c 00h00m03s | stage:relaxation:done round=1 clauses_added=6 circuit_clauses_added=0 cumulative_clauses_added=0 cop_clauses_added=6 circuit_cegar_failures=0 circuit_cegar_rounds=0 circuit_cegar_added_clauses=0 cumulative_cegar_failures=0 cumulative_cegar_rounds=0 cumulative_cegar_added_clauses=0 cop_cegar_failures=19 cop_cegar_rounds=38 cop_cegar_added_clauses=147
c 00h00m03s | stage:sat:solve:start round=2 circuit_cegar_rounds=- cumulative_cegar_rounds=- cop_cegar_rounds=39 assumptions=0 phase_lits=776
c 00h00m03s | stage:sat:solve:done round=2 ms=52 result=Sat assumptions=0 phase_lits=776
c 00h00m03s | stage:decode:start round=2 requested_int_ids=213
c 00h00m03s | stage:decode:final:start round=2 requested_int_ids=213
c 00h00m03s | stage:decode:done round=2 int_assignments=213
c 00h00m03s | stage:relaxation:done clauses_added=0 circuit_cegar_failures=0 circuit_cegar_rounds=0 circuit_cegar_added_clauses=0 cumulative_cegar_failures=0 cumulative_cegar_rounds=0 cumulative_cegar_added_clauses=0 cop_cegar_failures=19 cop_cegar_rounds=39 cop_cegar_added_clauses=147
c 00h00m03s | result:Sat
c 00h00m03s | objective:incumbent kind=improvement value=24 rounds=20 improvements=19
o 24
c 00h00m03s | stage:sat:init solver=CaDiCaL vars=51041 clauses=316859
c 00h00m03s | stage:sat:solve:start round=1 circuit_cegar_rounds=- cumulative_cegar_rounds=- cop_cegar_rounds=40 assumptions=0 phase_lits=776
c 00h00m03s | stage:sat:solve:done round=1 ms=2 result=Sat assumptions=0 phase_lits=776
c 00h00m03s | stage:decode:start round=1 requested_int_ids=213
c 00h00m03s | stage:relaxation:done round=1 clauses_added=10 circuit_clauses_added=0 cumulative_clauses_added=0 cop_clauses_added=10 circuit_cegar_failures=0 circuit_cegar_rounds=0 circuit_cegar_added_clauses=0 cumulative_cegar_failures=0 cumulative_cegar_rounds=0 cumulative_cegar_added_clauses=0 cop_cegar_failures=20 cop_cegar_rounds=40 cop_cegar_added_clauses=157
c 00h00m03s | stage:sat:solve:start round=2 circuit_cegar_rounds=- cumulative_cegar_rounds=- cop_cegar_rounds=41 assumptions=0 phase_lits=776
c 00h00m03s | stage:sat:solve:done round=2 ms=26 result=Sat assumptions=0 phase_lits=776
c 00h00m03s | stage:decode:start round=2 requested_int_ids=213
c 00h00m03s | stage:decode:final:start round=2 requested_int_ids=213
c 00h00m03s | stage:decode:done round=2 int_assignments=213
c 00h00m03s | stage:relaxation:done clauses_added=0 circuit_cegar_failures=0 circuit_cegar_rounds=0 circuit_cegar_added_clauses=0 cumulative_cegar_failures=0 cumulative_cegar_rounds=0 cumulative_cegar_added_clauses=0 cop_cegar_failures=20 cop_cegar_rounds=41 cop_cegar_added_clauses=157
c 00h00m03s | result:Sat
c 00h00m03s | objective:incumbent kind=improvement value=25 rounds=21 improvements=20
o 25
c 00h00m03s | stage:sat:init solver=CaDiCaL vars=51041 clauses=316859
c 00h00m03s | stage:sat:solve:start round=1 circuit_cegar_rounds=- cumulative_cegar_rounds=- cop_cegar_rounds=42 assumptions=0 phase_lits=776
c 00h00m03s | stage:sat:solve:done round=1 ms=2 result=Sat assumptions=0 phase_lits=776
c 00h00m03s | stage:decode:start round=1 requested_int_ids=213
c 00h00m03s | stage:relaxation:done round=1 clauses_added=9 circuit_clauses_added=0 cumulative_clauses_added=0 cop_clauses_added=9 circuit_cegar_failures=0 circuit_cegar_rounds=0 circuit_cegar_added_clauses=0 cumulative_cegar_failures=0 cumulative_cegar_rounds=0 cumulative_cegar_added_clauses=0 cop_cegar_failures=21 cop_cegar_rounds=42 cop_cegar_added_clauses=166
c 00h00m03s | stage:sat:solve:start round=2 circuit_cegar_rounds=- cumulative_cegar_rounds=- cop_cegar_rounds=43 assumptions=0 phase_lits=776
c 00h00m03s | stage:sat:solve:done round=2 ms=226 result=Sat assumptions=0 phase_lits=776
c 00h00m03s | stage:decode:start round=2 requested_int_ids=213
c 00h00m03s | stage:decode:final:start round=2 requested_int_ids=213
c 00h00m03s | stage:decode:done round=2 int_assignments=213
c 00h00m03s | stage:relaxation:done clauses_added=0 circuit_cegar_failures=0 circuit_cegar_rounds=0 circuit_cegar_added_clauses=0 cumulative_cegar_failures=0 cumulative_cegar_rounds=0 cumulative_cegar_added_clauses=0 cop_cegar_failures=21 cop_cegar_rounds=43 cop_cegar_added_clauses=166
c 00h00m03s | result:Sat
c 00h00m03s | objective:incumbent kind=improvement value=26 rounds=22 improvements=21
o 26
c 00h00m03s | stage:sat:init solver=CaDiCaL vars=51041 clauses=316859
c 00h00m03s | stage:sat:solve:start round=1 circuit_cegar_rounds=- cumulative_cegar_rounds=- cop_cegar_rounds=44 assumptions=0 phase_lits=776
c 00h00m03s | stage:sat:solve:done round=1 ms=5 result=Sat assumptions=0 phase_lits=776
c 00h00m03s | stage:decode:start round=1 requested_int_ids=213
c 00h00m03s | stage:relaxation:done round=1 clauses_added=11 circuit_clauses_added=0 cumulative_clauses_added=0 cop_clauses_added=11 circuit_cegar_failures=0 circuit_cegar_rounds=0 circuit_cegar_added_clauses=0 cumulative_cegar_failures=0 cumulative_cegar_rounds=0 cumulative_cegar_added_clauses=0 cop_cegar_failures=22 cop_cegar_rounds=44 cop_cegar_added_clauses=177
c 00h00m03s | stage:sat:solve:start round=2 circuit_cegar_rounds=- cumulative_cegar_rounds=- cop_cegar_rounds=45 assumptions=0 phase_lits=776
c 00h00m03s | stage:sat:solve:done round=2 ms=64 result=Sat assumptions=0 phase_lits=776
c 00h00m03s | stage:decode:start round=2 requested_int_ids=213
c 00h00m03s | stage:decode:final:start round=2 requested_int_ids=213
c 00h00m03s | stage:decode:done round=2 int_assignments=213
c 00h00m03s | stage:relaxation:done clauses_added=0 circuit_cegar_failures=0 circuit_cegar_rounds=0 circuit_cegar_added_clauses=0 cumulative_cegar_failures=0 cumulative_cegar_rounds=0 cumulative_cegar_added_clauses=0 cop_cegar_failures=22 cop_cegar_rounds=45 cop_cegar_added_clauses=177
c 00h00m03s | result:Sat
c 00h00m03s | objective:incumbent kind=improvement value=27 rounds=23 improvements=22
o 27
c 00h00m03s | stage:sat:init solver=CaDiCaL vars=51041 clauses=316859
c 00h00m03s | stage:sat:solve:start round=1 circuit_cegar_rounds=- cumulative_cegar_rounds=- cop_cegar_rounds=46 assumptions=0 phase_lits=776
c 00h00m03s | stage:sat:solve:done round=1 ms=2 result=Sat assumptions=0 phase_lits=776
c 00h00m03s | stage:decode:start round=1 requested_int_ids=213
c 00h00m03s | stage:relaxation:done round=1 clauses_added=8 circuit_clauses_added=0 cumulative_clauses_added=0 cop_clauses_added=8 circuit_cegar_failures=0 circuit_cegar_rounds=0 circuit_cegar_added_clauses=0 cumulative_cegar_failures=0 cumulative_cegar_rounds=0 cumulative_cegar_added_clauses=0 cop_cegar_failures=23 cop_cegar_rounds=46 cop_cegar_added_clauses=185
c 00h00m03s | stage:sat:solve:start round=2 circuit_cegar_rounds=- cumulative_cegar_rounds=- cop_cegar_rounds=47 assumptions=0 phase_lits=776
c 00h00m03s | stage:sat:solve:done round=2 ms=3 result=Sat assumptions=0 phase_lits=776
c 00h00m03s | stage:decode:start round=2 requested_int_ids=213
c 00h00m03s | stage:decode:final:start round=2 requested_int_ids=213
c 00h00m03s | stage:decode:done round=2 int_assignments=213
c 00h00m03s | stage:relaxation:done clauses_added=0 circuit_cegar_failures=0 circuit_cegar_rounds=0 circuit_cegar_added_clauses=0 cumulative_cegar_failures=0 cumulative_cegar_rounds=0 cumulative_cegar_added_clauses=0 cop_cegar_failures=23 cop_cegar_rounds=47 cop_cegar_added_clauses=185
c 00h00m03s | result:Sat
c 00h00m03s | objective:incumbent kind=improvement value=31 rounds=24 improvements=23
o 31
c 00h00m03s | stage:sat:init solver=CaDiCaL vars=51041 clauses=316859
c 00h00m03s | stage:sat:solve:start round=1 circuit_cegar_rounds=- cumulative_cegar_rounds=- cop_cegar_rounds=48 assumptions=0 phase_lits=776
c 00h00m03s | stage:sat:solve:done round=1 ms=3 result=Sat assumptions=0 phase_lits=776
c 00h00m03s | stage:decode:start round=1 requested_int_ids=213
c 00h00m03s | stage:relaxation:done round=1 clauses_added=3 circuit_clauses_added=0 cumulative_clauses_added=0 cop_clauses_added=3 circuit_cegar_failures=0 circuit_cegar_rounds=0 circuit_cegar_added_clauses=0 cumulative_cegar_failures=0 cumulative_cegar_rounds=0 cumulative_cegar_added_clauses=0 cop_cegar_failures=24 cop_cegar_rounds=48 cop_cegar_added_clauses=188
c 00h00m03s | stage:sat:solve:start round=2 circuit_cegar_rounds=- cumulative_cegar_rounds=- cop_cegar_rounds=49 assumptions=0 phase_lits=776
c 00h00m04s | stage:sat:solve:done round=2 ms=1119 result=Sat assumptions=0 phase_lits=776
c 00h00m04s | stage:decode:start round=2 requested_int_ids=213
c 00h00m04s | stage:decode:final:start round=2 requested_int_ids=213
c 00h00m04s | stage:decode:done round=2 int_assignments=213
c 00h00m04s | stage:relaxation:done clauses_added=0 circuit_cegar_failures=0 circuit_cegar_rounds=0 circuit_cegar_added_clauses=0 cumulative_cegar_failures=0 cumulative_cegar_rounds=0 cumulative_cegar_added_clauses=0 cop_cegar_failures=24 cop_cegar_rounds=49 cop_cegar_added_clauses=188
c 00h00m04s | result:Sat
c 00h00m04s | objective:incumbent kind=improvement value=32 rounds=25 improvements=24
o 32
c 00h00m04s | stage:sat:init solver=CaDiCaL vars=51041 clauses=316859
c 00h00m04s | stage:sat:solve:start round=1 circuit_cegar_rounds=- cumulative_cegar_rounds=- cop_cegar_rounds=50 assumptions=0 phase_lits=776
c 00h00m04s | stage:sat:solve:done round=1 ms=6 result=Sat assumptions=0 phase_lits=776
c 00h00m04s | stage:decode:start round=1 requested_int_ids=213
c 00h00m04s | stage:relaxation:done round=1 clauses_added=9 circuit_clauses_added=0 cumulative_clauses_added=0 cop_clauses_added=9 circuit_cegar_failures=0 circuit_cegar_rounds=0 circuit_cegar_added_clauses=0 cumulative_cegar_failures=0 cumulative_cegar_rounds=0 cumulative_cegar_added_clauses=0 cop_cegar_failures=25 cop_cegar_rounds=50 cop_cegar_added_clauses=197
c 00h00m04s | stage:sat:solve:start round=2 circuit_cegar_rounds=- cumulative_cegar_rounds=- cop_cegar_rounds=51 assumptions=0 phase_lits=776
c 00h00m04s | stage:sat:solve:done round=2 ms=4 result=Sat assumptions=0 phase_lits=776
c 00h00m04s | stage:decode:start round=2 requested_int_ids=213
c 00h00m04s | stage:decode:final:start round=2 requested_int_ids=213
c 00h00m04s | stage:decode:done round=2 int_assignments=213
c 00h00m04s | stage:relaxation:done clauses_added=0 circuit_cegar_failures=0 circuit_cegar_rounds=0 circuit_cegar_added_clauses=0 cumulative_cegar_failures=0 cumulative_cegar_rounds=0 cumulative_cegar_added_clauses=0 cop_cegar_failures=25 cop_cegar_rounds=51 cop_cegar_added_clauses=197
c 00h00m04s | result:Sat
c 00h00m04s | objective:incumbent kind=improvement value=33 rounds=26 improvements=25
o 33
c 00h00m04s | stage:sat:init solver=CaDiCaL vars=51041 clauses=316859
c 00h00m04s | stage:sat:solve:start round=1 circuit_cegar_rounds=- cumulative_cegar_rounds=- cop_cegar_rounds=52 assumptions=0 phase_lits=776
c 00h00m04s | stage:sat:solve:done round=1 ms=2 result=Sat assumptions=0 phase_lits=776
c 00h00m04s | stage:decode:start round=1 requested_int_ids=213
c 00h00m04s | stage:relaxation:done round=1 clauses_added=8 circuit_clauses_added=0 cumulative_clauses_added=0 cop_clauses_added=8 circuit_cegar_failures=0 circuit_cegar_rounds=0 circuit_cegar_added_clauses=0 cumulative_cegar_failures=0 cumulative_cegar_rounds=0 cumulative_cegar_added_clauses=0 cop_cegar_failures=26 cop_cegar_rounds=52 cop_cegar_added_clauses=205
c 00h00m04s | stage:sat:solve:start round=2 circuit_cegar_rounds=- cumulative_cegar_rounds=- cop_cegar_rounds=53 assumptions=0 phase_lits=776
c 00h00m04s | stage:sat:solve:done round=2 ms=2 result=Sat assumptions=0 phase_lits=776
c 00h00m04s | stage:decode:start round=2 requested_int_ids=213
c 00h00m04s | stage:decode:final:start round=2 requested_int_ids=213
c 00h00m04s | stage:decode:done round=2 int_assignments=213
c 00h00m04s | stage:relaxation:done clauses_added=0 circuit_cegar_failures=0 circuit_cegar_rounds=0 circuit_cegar_added_clauses=0 cumulative_cegar_failures=0 cumulative_cegar_rounds=0 cumulative_cegar_added_clauses=0 cop_cegar_failures=26 cop_cegar_rounds=53 cop_cegar_added_clauses=205
c 00h00m04s | result:Sat
c 00h00m04s | objective:incumbent kind=improvement value=35 rounds=27 improvements=26
o 35
c 00h00m04s | stage:sat:init solver=CaDiCaL vars=51041 clauses=316859
c 00h00m04s | stage:sat:solve:start round=1 circuit_cegar_rounds=- cumulative_cegar_rounds=- cop_cegar_rounds=54 assumptions=0 phase_lits=776
c 00h00m04s | stage:sat:solve:done round=1 ms=2 result=Sat assumptions=0 phase_lits=776
c 00h00m04s | stage:decode:start round=1 requested_int_ids=213
c 00h00m04s | stage:relaxation:done round=1 clauses_added=7 circuit_clauses_added=0 cumulative_clauses_added=0 cop_clauses_added=7 circuit_cegar_failures=0 circuit_cegar_rounds=0 circuit_cegar_added_clauses=0 cumulative_cegar_failures=0 cumulative_cegar_rounds=0 cumulative_cegar_added_clauses=0 cop_cegar_failures=27 cop_cegar_rounds=54 cop_cegar_added_clauses=212
c 00h00m04s | stage:sat:solve:start round=2 circuit_cegar_rounds=- cumulative_cegar_rounds=- cop_cegar_rounds=55 assumptions=0 phase_lits=776
c 00h00m05s | stage:sat:solve:done round=2 ms=178 result=Sat assumptions=0 phase_lits=776
c 00h00m05s | stage:decode:start round=2 requested_int_ids=213
c 00h00m05s | stage:decode:final:start round=2 requested_int_ids=213
c 00h00m05s | stage:decode:done round=2 int_assignments=213
c 00h00m05s | stage:relaxation:done clauses_added=0 circuit_cegar_failures=0 circuit_cegar_rounds=0 circuit_cegar_added_clauses=0 cumulative_cegar_failures=0 cumulative_cegar_rounds=0 cumulative_cegar_added_clauses=0 cop_cegar_failures=27 cop_cegar_rounds=55 cop_cegar_added_clauses=212
c 00h00m05s | result:Sat
c 00h00m05s | objective:incumbent kind=improvement value=43 rounds=28 improvements=27
o 43
c 00h00m05s | stage:sat:init solver=CaDiCaL vars=51041 clauses=316859
c 00h00m05s | stage:sat:solve:start round=1 circuit_cegar_rounds=- cumulative_cegar_rounds=- cop_cegar_rounds=56 assumptions=0 phase_lits=776
c 00h00m05s | stage:sat:solve:done round=1 ms=4 result=Sat assumptions=0 phase_lits=776
c 00h00m05s | stage:decode:start round=1 requested_int_ids=213
c 00h00m05s | stage:relaxation:done round=1 clauses_added=8 circuit_clauses_added=0 cumulative_clauses_added=0 cop_clauses_added=8 circuit_cegar_failures=0 circuit_cegar_rounds=0 circuit_cegar_added_clauses=0 cumulative_cegar_failures=0 cumulative_cegar_rounds=0 cumulative_cegar_added_clauses=0 cop_cegar_failures=28 cop_cegar_rounds=56 cop_cegar_added_clauses=220
c 00h00m05s | stage:sat:solve:start round=2 circuit_cegar_rounds=- cumulative_cegar_rounds=- cop_cegar_rounds=57 assumptions=0 phase_lits=776
c 00h00m05s | stage:sat:solve:done round=2 ms=744 result=Sat assumptions=0 phase_lits=776
c 00h00m05s | stage:decode:start round=2 requested_int_ids=213
c 00h00m05s | stage:decode:final:start round=2 requested_int_ids=213
c 00h00m05s | stage:decode:done round=2 int_assignments=213
c 00h00m05s | stage:relaxation:done clauses_added=0 circuit_cegar_failures=0 circuit_cegar_rounds=0 circuit_cegar_added_clauses=0 cumulative_cegar_failures=0 cumulative_cegar_rounds=0 cumulative_cegar_added_clauses=0 cop_cegar_failures=28 cop_cegar_rounds=57 cop_cegar_added_clauses=220
c 00h00m05s | result:Sat
c 00h00m05s | objective:incumbent kind=improvement value=44 rounds=29 improvements=28
o 44
c 00h00m05s | stage:sat:init solver=CaDiCaL vars=51041 clauses=316859
c 00h00m05s | stage:sat:solve:start round=1 circuit_cegar_rounds=- cumulative_cegar_rounds=- cop_cegar_rounds=58 assumptions=0 phase_lits=776
c 00h00m05s | stage:sat:solve:done round=1 ms=6 result=Sat assumptions=0 phase_lits=776
c 00h00m05s | stage:decode:start round=1 requested_int_ids=213
c 00h00m05s | stage:relaxation:done round=1 clauses_added=11 circuit_clauses_added=0 cumulative_clauses_added=0 cop_clauses_added=11 circuit_cegar_failures=0 circuit_cegar_rounds=0 circuit_cegar_added_clauses=0 cumulative_cegar_failures=0 cumulative_cegar_rounds=0 cumulative_cegar_added_clauses=0 cop_cegar_failures=29 cop_cegar_rounds=58 cop_cegar_added_clauses=231
c 00h00m05s | stage:sat:solve:start round=2 circuit_cegar_rounds=- cumulative_cegar_rounds=- cop_cegar_rounds=59 assumptions=0 phase_lits=776
c 00h00m05s | stage:sat:solve:done round=2 ms=4 result=Sat assumptions=0 phase_lits=776
c 00h00m05s | stage:decode:start round=2 requested_int_ids=213
c 00h00m05s | stage:decode:final:start round=2 requested_int_ids=213
c 00h00m05s | stage:decode:done round=2 int_assignments=213
c 00h00m05s | stage:relaxation:done clauses_added=0 circuit_cegar_failures=0 circuit_cegar_rounds=0 circuit_cegar_added_clauses=0 cumulative_cegar_failures=0 cumulative_cegar_rounds=0 cumulative_cegar_added_clauses=0 cop_cegar_failures=29 cop_cegar_rounds=59 cop_cegar_added_clauses=231
c 00h00m05s | result:Sat
c 00h00m05s | objective:incumbent kind=improvement value=45 rounds=30 improvements=29
o 45
c 00h00m05s | stage:sat:init solver=CaDiCaL vars=51041 clauses=316859
c 00h00m05s | stage:sat:solve:start round=1 circuit_cegar_rounds=- cumulative_cegar_rounds=- cop_cegar_rounds=60 assumptions=0 phase_lits=776
c 00h00m05s | stage:sat:solve:done round=1 ms=2 result=Sat assumptions=0 phase_lits=776
c 00h00m05s | stage:decode:start round=1 requested_int_ids=213
c 00h00m05s | stage:relaxation:done round=1 clauses_added=10 circuit_clauses_added=0 cumulative_clauses_added=0 cop_clauses_added=10 circuit_cegar_failures=0 circuit_cegar_rounds=0 circuit_cegar_added_clauses=0 cumulative_cegar_failures=0 cumulative_cegar_rounds=0 cumulative_cegar_added_clauses=0 cop_cegar_failures=30 cop_cegar_rounds=60 cop_cegar_added_clauses=241
c 00h00m05s | stage:sat:solve:start round=2 circuit_cegar_rounds=- cumulative_cegar_rounds=- cop_cegar_rounds=61 assumptions=0 phase_lits=776
c 00h00m09s | stage:sat:solve:done round=2 ms=3871 result=Unsat assumptions=0 phase_lits=776
c 00h00m09s | result:Unsat
s OPTIMUM FOUND
o 45
v <instantiation>
v   <list> x[0][0] x[0][1] x[1][0] x[1][1] x[2][0] x[2][1] x[3][0] x[3][1] x[4][0] x[4][1] x[5][0] x[5][1] x[6][0] x[6][1] x[7][0] x[7][1] x[8][0] x[8][1] x[9][0] x[9][1] x[10][0] x[10][1] x[11][0] x[11][1] x[12][0] x[12][1] x[13][0] x[13][1] x[14][0] x[14][1] x[15][0] x[15][1] x[16][0] x[16][1] x[17][0] x[17][1] x[18][0] x[18][1] x[19][0] x[19][1] x[20][0] x[20][1] x[21][0] x[21][1] x[22][0] x[22][1] x[23][0] x[23][1] x[24][0] x[24][1] x[25][0] x[25][1] x[26][0] x[26][1] x[27][0] x[27][1] x[28][0] x[28][1] x[29][0] x[29][1] x[30][0] x[30][1] x[31][0] x[31][1] x[32][0] x[32][1] x[33][0] x[33][1] x[34][0] x[34][1] x[35][0] x[35][1] x[36][0] x[36][1] x[37][0] x[37][1] x[38][0] x[38][1] x[39][0] x[39][1] x[40][0] x[40][1] x[41][0] x[41][1] x[42][0] x[42][1] x[43][0] x[43][1] x[44][0] x[44][1] x[45][0] x[45][1] x[46][0] x[46][1] x[47][0] x[47][1] x[48][0] x[48][1] x[49][0] x[49][1] x[50][0] x[50][1] x[51][0] x[51][1] x[52][0] x[52][1] x[53][0] x[53][1] x[54][0] x[54][1] x[55][0] x[55][1] x[56][0] x[56][1] x[57][0] x[57][1] x[58][0] x[58][1] x[59][0] x[59][1] x[60][0] x[60][1] x[61][0] x[61][1] x[62][0] x[62][1] x[63][0] x[63][1] x[64][0] x[64][1] x[65][0] x[65][1] x[66][0] x[66][1] x[67][0] x[67][1] x[68][0] x[68][1] x[69][0] x[69][1] x[70][0] x[70][1] y[0] y[1] y[2] y[3] y[4] y[5] y[6] y[7] y[8] y[9] y[10] y[11] y[12] y[13] y[14] y[15] y[16] y[17] y[18] y[19] y[20] y[21] y[22] y[23] y[24] y[25] y[26] y[27] y[28] y[29] y[30] y[31] y[32] y[33] y[34] y[35] y[36] y[37] y[38] y[39] y[40] y[41] y[42] y[43] y[44] y[45] y[46] y[47] y[48] y[49] y[50] y[51] y[52] y[53] y[54] y[55] y[56] y[57] y[58] y[59] y[60] y[61] y[62] y[63] y[64] y[65] y[66] y[67] y[68] y[69] z </list>
v   <values> 0 0 0 12 11 1 0 1 1 0 1 12 11 2 0 2 2 0 2 12 11 3 0 3 3 0 3 12 11 4 0 4 4 0 11 0 0 11 11 11 10 12 10 0 0 10 11 10 9 12 9 0 0 9 11 9 8 12 8 0 0 8 11 8 7 12 7 0 0 7 11 7 6 12 6 0 0 6 11 6 5 12 5 0 0 5 11 5 4 12 11 12 -1 -1 -1 -1 -1 -1 -1 -1 -1 -1 -1 -1 -1 -1 -1 -1 -1 -1 -1 -1 -1 -1 -1 -1 -1 -1 -1 -1 -1 -1 -1 -1 -1 -1 -1 -1 -1 -1 -1 -1 -1 -1 -1 -1 -1 -1 -1 -1 -1 -1 1 5 2 5 1 5 2 5 1 5 2 5 1 5 2 5 0 4 0 4 3 4 0 4 3 4 0 4 3 4 0 4 3 4 0 4 3 4 0 4 3 4 0 4 0 -1 -1 -1 -1 -1 -1 -1 -1 -1 -1 -1 -1 -1 -1 -1 -1 -1 -1 -1 -1 -1 -1 -1 -1 -1 45 </values>
v </instantiation>
d OBJECTIVE_VALUE 45
d OPTIMAL 1
d SOURCE_CONSTRAINTS 2625
d NORMALIZED_CONSTRAINTS 2625
d LOWERED_CONSTRAINTS 2625
d UNSUPPORTED_CONSTRAINTS 0
d CIRCUIT_CEGAR_FAILURES 0
d CIRCUIT_CEGAR_ROUNDS 0
d CIRCUIT_CEGAR_ADDED_CLAUSES 0
d CUMULATIVE_CEGAR_FAILURES 0
d CUMULATIVE_CEGAR_ROUNDS 0
d CUMULATIVE_CEGAR_ADDED_CLAUSES 0
d COP_CEGAR_FAILURES 30
d COP_CEGAR_ROUNDS 61
d COP_CEGAR_ADDED_CLAUSES 241
d OBJECTIVE_ROUNDS 31
d OBJECTIVE_IMPROVEMENTS 29
d OBJECTIVE_OPTIMALITY_PROOF strict_cut_unsat
d PROPAGATE_MS 40
d NORMALIZE_MS 0
d LOWER_MS 16
d POST_LOWER_MS 1
d PREENCODE_MS 0
d ENCODE_MS 221
d SAT_SOLVE_MS 9269
d TOTAL_MS 9678
d SAT_VARS 51041
d SAT_CLAUSES_BASE 316859
d SAT_CLAUSES_FINAL 316869
d SAT_CLAUSES_CEGAR_DELTA 10
d SAT_CONFLICTS 42481
d LINEAR_INT_EQ_ARITY_STATS {"1":{"count":70,"max_domain_product_excluding_one_var":"1","p95_domain_product_excluding_one_var":"1"}}
d LINEAR_INT_NE_ARITY_STATS {"1":{"count":70,"max_domain_product_excluding_one_var":"1","p95_domain_product_excluding_one_var":"1"},"2":{"count":4970,"max_domain_product_excluding_one_var":"14","p95_domain_product_excluding_one_var":"14"}}
d LINEAR_INT_GE_ARITY_STATS {"1":{"count":70,"max_domain_product_excluding_one_var":"1","p95_domain_product_excluding_one_var":"1"}}
d LINEAR_BOOL_MIXED_ARITY_STATS {}
d ROOT_LP_ENTERED 0
d ROOT_LP_STATUS skipped
d ROOT_LP_MS 0
d ROOT_LP_REASON --no-root-lp-bound
d PROPAGATE_PRUNED_VALUES 79
d PROPAGATE_CHANGED_DOMAINS 11
d PROPAGATE_ENTAILED_TABLES 0
d POST_LOWER_ROUNDS 1
d POST_LOWER_TIGHTENED_DOMAINS 1
d POST_LOWER_REMOVED_CLAUSES 2
d POST_LOWER_REMOVED_LITS 71
d POST_LOWER_DETECTED_UNSAT 0
d PREENCODE_INT_VARS 213
d ENCODE_EXTERNAL_GE_SPECS 0
d ENCODE_RELAXED_CIRCUITS 0
d LOG_SCOP_LINEAR_PB_CONSTRAINTS 3373
d LOG_SCOP_LINEAR_PB_MIXED_DISPATCH_CONSTRAINTS 0
d LOG_SCOP_LINEAR_PB_MIXED_ATTEMPT_BDD 0
d LOG_SCOP_LINEAR_PB_MIXED_ATTEMPT_SORTER 0
d LOG_SCOP_LINEAR_PB_MIXED_ATTEMPT_DADDA 0
d LOG_SCOP_LINEAR_PB_MIXED_REJECT_BDD_BUDGET 0
d LOG_SCOP_LINEAR_PB_MIXED_REJECT_SORTER_BUDGET 0
d LOG_SCOP_LINEAR_PB_MIXED_FALLBACK_BDD_TO_SORTER 0
d LOG_SCOP_LINEAR_PB_MIXED_FALLBACK_BDD_TO_DADDA 0
d LOG_SCOP_LINEAR_PB_MIXED_FALLBACK_SORTER_TO_BDD 0
d LOG_SCOP_LINEAR_PB_MIXED_FALLBACK_SORTER_TO_DADDA 0
d LOG_SCOP_LINEAR_PB_BACKEND_BDD2 3373
d LOG_SCOP_LINEAR_PB_BACKEND_BDD3 0
d LOG_SCOP_LINEAR_PB_BACKEND_SORTER 0
d LOG_SCOP_LINEAR_PB_BACKEND_DADDA 0
d LOG_SCOP_LINEAR_PB_BDD_DECOMPOSITION_RAW 3373
d LOG_SCOP_LINEAR_PB_BDD_DECOMPOSITION_BINARY 0
d LOG_SCOP_LINEAR_PB_BDD_DECOMPOSITION_MULTIBASE 0
d MEMORY_RSS_BYTES 10592256
d MEMORY_RSS_AFTER_PROPAGATE_BYTES 10051584
d MEMORY_RSS_AFTER_LOWER_BYTES 10321920
d MEMORY_RSS_AFTER_POST_LOWER_BYTES 10321920
d MEMORY_RSS_BEFORE_PREENCODE_BYTES 10592256
d MEMORY_RSS_AFTER_PREENCODE_BYTES 10592256
d MEMORY_RSS_BEFORE_ENCODE_BYTES 10592256
d DECODE_INT_ASSIGNMENTS 213
d CSV /bench/competition/2022-2025/COP22to25/BeerJugs-dec-06_c23.xml.lzma,optimum,2625,2625,2625,0,51041,316869,9678,40,0,16,0,221,9269,0,skipped,,,,,,0,,,,,,,,
