# WCTIME: wall clock time in seconds
WCTIME=4.51425
# CPUTIME: CPU time in seconds (USERTIME+SYSTEMTIME)
CPUTIME=6.59726
# USERTIME: CPU time spent in user mode in seconds
USERTIME=6.45547
# SYSTEMTIME: CPU time spent in system mode in seconds
SYSTEMTIME=0.141789
# CPUUSAGE: CPUTIME/WCTIME in percent
CPUUSAGE=146.143
# MAXVM: maximum virtual memory used in KiB
MAXVM=1182040
# MAXMM: maximum memory used in KiB
MAXMM=115212
# MAXRSS: maximum Resident Segment Size in KiB
MAXRSS=115608
# TIMEOUT: did the solver exceed the time limit?
TIMEOUT=false
# MEMOUT: did the solver exceed the memory limit?
MEMOUT=false
# EXITSTATUS: Exit status of the solver
EXITSTATUS=0
