c cmd: /host-parser-bin/kat_xcsp_f3be10ca /bench/competition/2022-2025/COP22to25/AztecDiamondSym-10_c24.xml.lzma --encoder portfolio --portfolio-strategy v3 --cop-pipeline guarded-basic --cop-objective-cut direct-expr --cop-objective-cut-timing incremental-hard --cop-objective-cut-backend cnf --table-encoding mdd-tl --cumulative-mode exact --cumulative-decomposition time-rd --progress --log-scop-linear-pb-backend auto --log-scop-bdd-decomposition auto --log-scop-aggregate-weighted-lits --order-ge-shorten-link-cost --direct-eq-ne-max-arity 2 --eq-ne-encoding direct --portfolio-log-scop-eq-ne-encoding ge-rewrite --cop-objective-phase objective-guided --cop-phase-saving
c version: kat-cli=0.1.0 git=unknown-clean
c run_start_local: 2026-06-01 17:39:12 +0900
c 00h00m00s | solve:start
c 00h00m00s | stage:objective-cut timing=incremental-hard backend=cnf form=direct-expr
c 00h00m00s | input: constraints=221
c 00h00m00s | stage:propagate:start
c 00h00m00s | stage:propagate:done ms=35 pruned=0 changed_domains=0 entailed_tables=0
c 00h00m00s | memory:rss checkpoint=after_propagate bytes=16760832 rss=15.98MiB
c 00h00m00s | stage:normalize:start
c 00h00m00s | stage:normalize:done ms=0 high_constraints=221
c 00h00m00s | stage:lower:start
c 00h00m00s | stage:lower:progress percent=10 processed=23 total=221 lowered=23 unsupported=0 ms=2
c 00h00m00s | stage:lower:progress percent=20 processed=45 total=221 lowered=45 unsupported=0 ms=2
c 00h00m00s | stage:lower:progress percent=30 processed=67 total=221 lowered=67 unsupported=0 ms=2
c 00h00m00s | stage:lower:progress percent=40 processed=89 total=221 lowered=89 unsupported=0 ms=2
c 00h00m00s | stage:lower:progress percent=50 processed=111 total=221 lowered=111 unsupported=0 ms=2
c 00h00m00s | stage:lower:progress percent=60 processed=133 total=221 lowered=133 unsupported=0 ms=2
c 00h00m00s | stage:lower:progress percent=70 processed=155 total=221 lowered=155 unsupported=0 ms=2
c 00h00m00s | stage:lower:progress percent=80 processed=177 total=221 lowered=177 unsupported=0 ms=2
c 00h00m00s | stage:lower:progress percent=90 processed=199 total=221 lowered=199 unsupported=0 ms=2
c 00h00m00s | stage:lower:progress percent=100 processed=221 total=221 lowered=221 unsupported=0 ms=164
c 00h00m00s | stage:lower:done ms=167 lowered=221 unsupported=0
c 00h00m00s | memory:rss checkpoint=after_lower bytes=17567744 rss=16.75MiB
c 00h00m00s | stage:post_lower:start
c 00h00m00s | stage:post_lower:done ms=6 rounds=0 tightened=0 removed_cls=0 removed_lits=0 unsat=false precise_hits=0 precise_rounds=0 pivot_recomputes=0 pivot_exact_attempts=0 pivot_general_attempts=0 pivot_general_rest_missing=0 pivot_general_bound_missing=0 pivot_general_no_change=0 pivot_general_tightened=0 setup_ms=2 loop_ms=3 pivot_ms=0 pivot_version_ms=0 pivot_exact_ms=0 pivot_general_ms=0 pivot_general_prepare_ms=0 pivot_general_rest_ms=0 pivot_general_derive_ms=0 apply_ms=0 sat_ms=0 precise_ms=0
c 00h00m00s | memory:rss checkpoint=after_post_lower bytes=18108416 rss=17.27MiB
c 00h00m00s | stage:lowered-shape int_vars=400 bool_vars=24200 linear_atoms=24310 table_atoms=220 table_tuples=88000 table_scope=1020 alldiff_atoms=0 circuit_atoms=0 product_atoms=0 logical_clauses=48730
c 00h00m00s | stage:root-lp:skip reason=disabled ms=0
c 00h00m00s | memory:rss checkpoint=before_preencode bytes=18108416 rss=17.27MiB
c 00h00m00s | stage:preencode(log-scop):start
c 00h00m00s | stage:preencode(log-scop):done ms=0 int_vars=400
c 00h00m00s | memory:rss checkpoint=after_preencode bytes=18108416 rss=17.27MiB
c 00h00m00s | memory:rss checkpoint=before_encode bytes=18108416 rss=17.27MiB
c 00h00m00s | stage:encode(log-scop):start
c 00h00m03s | memory:rss checkpoint=encode_clause_sample stage=log-scop clauses=746365 bytes=256057344 rss=244.20MiB progress_percent=10 processed=4895 total=48950
c 00h00m03s | stage:encode(log-scop):progress percent=10 processed=4895 total=48950 sat_clauses=746365 ms=3189
c 00h00m03s | memory:rss checkpoint=encode_clause_sample stage=log-scop clauses=772853 bytes=266809344 rss=254.45MiB progress_percent=20 processed=9790 total=48950
c 00h00m03s | stage:encode(log-scop):progress percent=20 processed=9790 total=48950 sat_clauses=772853 ms=3229
c 00h00m03s | memory:rss checkpoint=encode_clause_sample stage=log-scop clauses=799341 bytes=266809344 rss=254.45MiB progress_percent=30 processed=14685 total=48950
c 00h00m03s | stage:encode(log-scop):progress percent=30 processed=14685 total=48950 sat_clauses=799341 ms=3233
c 00h00m03s | memory:rss checkpoint=encode_clause_sample stage=log-scop clauses=825829 bytes=273477632 rss=260.81MiB progress_percent=40 processed=19580 total=48950
c 00h00m03s | stage:encode(log-scop):progress percent=40 processed=19580 total=48950 sat_clauses=825829 ms=3257
c 00h00m03s | memory:rss checkpoint=encode_clause_sample stage=log-scop clauses=854280 bytes=273620992 rss=260.95MiB progress_percent=50 processed=24475 total=48950
c 00h00m03s | stage:encode(log-scop):progress percent=50 processed=24475 total=48950 sat_clauses=854280 ms=3262
c 00h00m03s | memory:rss checkpoint=encode_clause_sample stage=log-scop clauses=880768 bytes=273620992 rss=260.95MiB progress_percent=60 processed=29370 total=48950
c 00h00m03s | stage:encode(log-scop):progress percent=60 processed=29370 total=48950 sat_clauses=880768 ms=3266
c 00h00m03s | memory:rss checkpoint=encode_clause_sample stage=log-scop clauses=907256 bytes=280440832 rss=267.45MiB progress_percent=70 processed=34265 total=48950
c 00h00m03s | stage:encode(log-scop):progress percent=70 processed=34265 total=48950 sat_clauses=907256 ms=3290
c 00h00m03s | memory:rss checkpoint=encode_clause_sample stage=log-scop clauses=933744 bytes=280440832 rss=267.45MiB progress_percent=80 processed=39160 total=48950
c 00h00m03s | stage:encode(log-scop):progress percent=80 processed=39160 total=48950 sat_clauses=933744 ms=3294
c 00h00m03s | memory:rss checkpoint=encode_clause_sample stage=log-scop clauses=960232 bytes=287240192 rss=273.93MiB progress_percent=90 processed=44055 total=48950
c 00h00m03s | stage:encode(log-scop):progress percent=90 processed=44055 total=48950 sat_clauses=960232 ms=3318
c 00h00m03s | memory:rss checkpoint=encode_clause_sample stage=log-scop clauses=990900 bytes=287240192 rss=273.93MiB progress_percent=100 processed=48950 total=48950
c 00h00m03s | stage:encode(log-scop):progress percent=100 processed=48950 total=48950 sat_clauses=990900 ms=3323
c 00h00m03s | stage:encode(log-scop):done ms=3342 sat_vars=321376 sat_clauses=990900 ext_ge_specs=0 relaxed_circuits=0 log_scop_pb_constraints=1320 log_scop_pb_mixed=0 log_scop_pb_bdd2=1320 log_scop_pb_bdd3=0 log_scop_pb_sorter=0 log_scop_pb_dadda=0 log_scop_bdd_raw=1320 log_scop_bdd_binary=0 log_scop_bdd_multibase=0
c 00h00m03s | stage:objective-cut timing=incremental-hard backend=cnf form=direct-expr
c 00h00m03s | stage:sat:init solver=CaDiCaL vars=321376 clauses=990900
c 00h00m03s | stage:sat:solve:start assumptions=0 phase_lits=0
c 00h00m03s | stage:sat:solve:done ms=80 result=Sat assumptions=0 phase_lits=0
c 00h00m03s | stage:decode:start
c 00h00m03s | stage:decode:done int_assignments=400
c 00h00m03s | result:Sat
c 00h00m03s | objective:incumbent kind=initial value=119911 rounds=1 improvements=0
o 119911
c 00h00m08s | stage:objective-cut:add timing=incremental-hard backend=cnf form=direct-expr clauses_added=8364736
c 00h00m08s | stage:sat:init solver=CaDiCaL vars=4513385 clauses=9355636
c 00h00m08s | stage:sat:solve:start assumptions=0 phase_lits=1540
c 00h28m46s | stage:sat:solve:done ms=1717800 result=Sat assumptions=0 phase_lits=1540
c 00h28m46s | stage:decode:start
c 00h28m46s | stage:decode:done int_assignments=400
c 00h28m46s | result:Sat
c 00h28m46s | objective:incumbent kind=improvement value=111712 rounds=2 improvements=1
o 111712
c 00h28m52s | stage:objective-cut:add timing=incremental-hard backend=cnf form=direct-expr clauses_added=8339394
c 00h28m52s | stage:sat:init solver=CaDiCaL vars=8692597 clauses=17695030
c 00h28m52s | stage:sat:solve:start assumptions=0 phase_lits=1540
c 00h28m54s | stage:sat:solve:done ms=1720 result=Sat assumptions=0 phase_lits=1540
c 00h28m54s | stage:decode:start
c 00h28m54s | stage:decode:done int_assignments=400
c 00h28m54s | result:Sat
c 00h28m54s | objective:incumbent kind=improvement value=101904 rounds=3 improvements=2
o 101904
c 00h29m00s | stage:objective-cut:add timing=incremental-hard backend=cnf form=direct-expr clauses_added=8290179
c 00h29m01s | stage:sat:init solver=CaDiCaL vars=12847047 clauses=25985209
c 00h29m01s | stage:sat:solve:start assumptions=0 phase_lits=1540
s SATISFIABLE
o 101904
v <instantiation>
v   <list> x[0][0] x[0][1] x[0][2] x[0][3] x[0][4] x[0][5] x[0][6] x[0][7] x[0][8] x[0][9] x[0][10] x[0][11] x[0][12] x[0][13] x[0][14] x[0][15] x[0][16] x[0][17] x[0][18] x[0][19] x[1][0] x[1][1] x[1][2] x[1][3] x[1][4] x[1][5] x[1][6] x[1][7] x[1][8] x[1][9] x[1][10] x[1][11] x[1][12] x[1][13] x[1][14] x[1][15] x[1][16] x[1][17] x[1][18] x[1][19] x[2][0] x[2][1] x[2][2] x[2][3] x[2][4] x[2][5] x[2][6] x[2][7] x[2][8] x[2][9] x[2][10] x[2][11] x[2][12] x[2][13] x[2][14] x[2][15] x[2][16] x[2][17] x[2][18] x[2][19] x[3][0] x[3][1] x[3][2] x[3][3] x[3][4] x[3][5] x[3][6] x[3][7] x[3][8] x[3][9] x[3][10] x[3][11] x[3][12] x[3][13] x[3][14] x[3][15] x[3][16] x[3][17] x[3][18] x[3][19] x[4][0] x[4][1] x[4][2] x[4][3] x[4][4] x[4][5] x[4][6] x[4][7] x[4][8] x[4][9] x[4][10] x[4][11] x[4][12] x[4][13] x[4][14] x[4][15] x[4][16] x[4][17] x[4][18] x[4][19] x[5][0] x[5][1] x[5][2] x[5][3] x[5][4] x[5][5] x[5][6] x[5][7] x[5][8] x[5][9] x[5][10] x[5][11] x[5][12] x[5][13] x[5][14] x[5][15] x[5][16] x[5][17] x[5][18] x[5][19] x[6][0] x[6][1] x[6][2] x[6][3] x[6][4] x[6][5] x[6][6] x[6][7] x[6][8] x[6][9] x[6][10] x[6][11] x[6][12] x[6][13] x[6][14] x[6][15] x[6][16] x[6][17] x[6][18] x[6][19] x[7][0] x[7][1] x[7][2] x[7][3] x[7][4] x[7][5] x[7][6] x[7][7] x[7][8] x[7][9] x[7][10] x[7][11] x[7][12] x[7][13] x[7][14] x[7][15] x[7][16] x[7][17] x[7][18] x[7][19] x[8][0] x[8][1] x[8][2] x[8][3] x[8][4] x[8][5] x[8][6] x[8][7] x[8][8] x[8][9] x[8][10] x[8][11] x[8][12] x[8][13] x[8][14] x[8][15] x[8][16] x[8][17] x[8][18] x[8][19] x[9][0] x[9][1] x[9][2] x[9][3] x[9][4] x[9][5] x[9][6] x[9][7] x[9][8] x[9][9] x[9][10] x[9][11] x[9][12] x[9][13] x[9][14] x[9][15] x[9][16] x[9][17] x[9][18] x[9][19] x[10][0] x[10][1] x[10][2] x[10][3] x[10][4] x[10][5] x[10][6] x[10][7] x[10][8] x[10][9] x[10][10] x[10][11] x[10][12] x[10][13] x[10][14] x[10][15] x[10][16] x[10][17] x[10][18] x[10][19] x[11][0] x[11][1] x[11][2] x[11][3] x[11][4] x[11][5] x[11][6] x[11][7] x[11][8] x[11][9] x[11][10] x[11][11] x[11][12] x[11][13] x[11][14] x[11][15] x[11][16] x[11][17] x[11][18] x[11][19] x[12][0] x[12][1] x[12][2] x[12][3] x[12][4] x[12][5] x[12][6] x[12][7] x[12][8] x[12][9] x[12][10] x[12][11] x[12][12] x[12][13] x[12][14] x[12][15] x[12][16] x[12][17] x[12][18] x[12][19] x[13][0] x[13][1] x[13][2] x[13][3] x[13][4] x[13][5] x[13][6] x[13][7] x[13][8] x[13][9] x[13][10] x[13][11] x[13][12] x[13][13] x[13][14] x[13][15] x[13][16] x[13][17] x[13][18] x[13][19] x[14][0] x[14][1] x[14][2] x[14][3] x[14][4] x[14][5] x[14][6] x[14][7] x[14][8] x[14][9] x[14][10] x[14][11] x[14][12] x[14][13] x[14][14] x[14][15] x[14][16] x[14][17] x[14][18] x[14][19] x[15][0] x[15][1] x[15][2] x[15][3] x[15][4] x[15][5] x[15][6] x[15][7] x[15][8] x[15][9] x[15][10] x[15][11] x[15][12] x[15][13] x[15][14] x[15][15] x[15][16] x[15][17] x[15][18] x[15][19] x[16][0] x[16][1] x[16][2] x[16][3] x[16][4] x[16][5] x[16][6] x[16][7] x[16][8] x[16][9] x[16][10] x[16][11] x[16][12] x[16][13] x[16][14] x[16][15] x[16][16] x[16][17] x[16][18] x[16][19] x[17][0] x[17][1] x[17][2] x[17][3] x[17][4] x[17][5] x[17][6] x[17][7] x[17][8] x[17][9] x[17][10] x[17][11] x[17][12] x[17][13] x[17][14] x[17][15] x[17][16] x[17][17] x[17][18] x[17][19] x[18][0] x[18][1] x[18][2] x[18][3] x[18][4] x[18][5] x[18][6] x[18][7] x[18][8] x[18][9] x[18][10] x[18][11] x[18][12] x[18][13] x[18][14] x[18][15] x[18][16] x[18][17] x[18][18] x[18][19] x[19][0] x[19][1] x[19][2] x[19][3] x[19][4] x[19][5] x[19][6] x[19][7] x[19][8] x[19][9] x[19][10] x[19][11] x[19][12] x[19][13] x[19][14] x[19][15] x[19][16] x[19][17] x[19][18] x[19][19] </list>
v   <values> 0 0 0 0 0 0 0 0 0 0 0 0 0 0 0 0 0 0 0 0 0 0 0 0 0 0 0 0 1 1 2 2 0 0 0 0 0 0 0 0 0 0 0 0 0 0 0 3 3 4 4 5 5 0 0 0 0 0 0 0 0 0 0 0 0 0 6 6 7 7 8 8 9 9 0 0 0 0 0 0 0 0 0 0 0 10 10 11 11 12 12 13 13 14 14 0 0 0 0 0 0 0 0 0 15 15 16 16 17 17 18 18 19 19 20 20 0 0 0 0 0 0 0 21 21 22 22 23 23 24 24 25 25 26 26 27 27 0 0 0 0 0 28 28 29 29 30 30 31 31 32 32 33 33 34 34 35 35 0 0 0 36 36 37 37 38 38 39 39 40 40 41 41 42 42 43 43 44 44 0 45 45 46 46 47 47 48 48 49 49 50 50 51 51 52 52 53 53 54 54 55 55 56 56 57 57 58 58 59 59 60 60 61 61 62 62 63 63 64 64 0 65 65 66 66 67 67 68 68 69 69 70 70 71 71 72 72 73 73 0 0 0 74 74 75 75 76 76 77 77 78 78 79 79 80 80 81 81 0 0 0 0 0 82 82 83 83 84 84 85 85 86 86 87 87 88 88 0 0 0 0 0 0 0 89 89 90 90 91 91 92 92 93 93 94 94 0 0 0 0 0 0 0 0 0 95 95 96 96 97 97 98 98 99 99 0 0 0 0 0 0 0 0 0 0 0 100 100 101 101 102 102 103 103 0 0 0 0 0 0 0 0 0 0 0 0 0 104 104 105 105 106 106 0 0 0 0 0 0 0 0 0 0 0 0 0 0 0 107 107 108 108 0 0 0 0 0 0 0 0 0 0 0 0 0 0 0 0 0 109 109 0 0 0 0 0 0 0 0 0 </values>
v </instantiation>
d OBJECTIVE_VALUE 101904
d OPTIMAL 0
d OBJECTIVE_ROUNDS 3
d OBJECTIVE_IMPROVEMENTS 2
d COP_INCUMBENT_ELAPSED_MS 1734501
d SOLVE_ELAPSED_MS 1799802
d CURRENT_STAGE sat
d CURRENT_STAGE_ELAPSED_MS 58579
d LAST_COMPLETED_STAGE decode
d STAGE_PROPAGATE_STATUS done
d STAGE_NORMALIZE_STATUS done
d STAGE_LOWER_STATUS done
d STAGE_POST_LOWER_STATUS done
d STAGE_PREENCODE_STATUS done
d STAGE_ENCODE_STATUS done
d STAGE_SAT_STATUS running
d STAGE_DECODE_STATUS done
d STAGE_RELAXATION_STATUS pending
d STAGE_DUMP_CNF_STATUS pending
d SOURCE_CONSTRAINTS 221
d NORMALIZED_CONSTRAINTS 221
d LOWERED_CONSTRAINTS 221
d UNSUPPORTED_CONSTRAINTS 0
d SAT_VARS 321376
d SAT_CLAUSES_BASE 990900
d SAT_CLAUSES_FINAL 25985209
d SAT_CLAUSES_CEGAR_DELTA 0
d MEMORY_RSS_BYTES 287240192
d MEMORY_RSS_AFTER_PROPAGATE_BYTES 16760832
d MEMORY_RSS_AFTER_LOWER_BYTES 17567744
d MEMORY_RSS_AFTER_POST_LOWER_BYTES 18108416
d MEMORY_RSS_BEFORE_PREENCODE_BYTES 18108416
d MEMORY_RSS_AFTER_PREENCODE_BYTES 18108416
d MEMORY_RSS_BEFORE_ENCODE_BYTES 18108416
d MEMORY_RSS_ENCODE_SAMPLE_INTERVAL_CLAUSES 1000000
d MEMORY_RSS_ENCODE_SAMPLE_COUNT 10
d MEMORY_RSS_ENCODE_LAST_SAMPLE_CLAUSE 990900
d MEMORY_RSS_ENCODE_LAST_SAMPLE_BYTES 287240192
d MEMORY_RSS_ENCODE_MAX_SAMPLE_BYTES 287240192
d SAT_CONFLICTS 757532
d LINEAR_INT_EQ_ARITY_STATS {"1":{"count":24200,"max_domain_product_excluding_one_var":"1","p95_domain_product_excluding_one_var":"1"}}
d LINEAR_INT_NE_ARITY_STATS {}
d LINEAR_INT_GE_ARITY_STATS {}
d LINEAR_BOOL_MIXED_ARITY_STATS {"220":{"count":110,"max_domain_product_excluding_one_var":"340282366920938463463374607431768211455","p95_domain_product_excluding_one_var":"340282366920938463463374607431768211455"}}
d ROOT_LP_ENTERED 0
d ROOT_LP_STATUS skipped
d ROOT_LP_MS 0
d ROOT_LP_REASON root_lp_disabled
d OBJECTIVE_CUT_TIMING incremental-hard
d OBJECTIVE_CUT_BACKEND cnf
d OBJECTIVE_CUT_FORM direct-expr
d OBJECTIVE_CUT_EAGER_CLAUSES_ADDED 24994309
d PROPAGATE_PRUNED_VALUES 0
d PROPAGATE_CHANGED_DOMAINS 0
d PROPAGATE_ENTAILED_TABLES 0
d POST_LOWER_ROUNDS 0
d POST_LOWER_TIGHTENED_DOMAINS 0
d POST_LOWER_REMOVED_CLAUSES 0
d POST_LOWER_REMOVED_LITS 0
d POST_LOWER_DETECTED_UNSAT 0
d PREENCODE_INT_VARS 400
d ENCODE_EXTERNAL_GE_SPECS 0
d ENCODE_RELAXED_CIRCUITS 0
d LOG_SCOP_LINEAR_PB_CONSTRAINTS 1320
d LOG_SCOP_LINEAR_PB_MIXED_DISPATCH_CONSTRAINTS 0
d LOG_SCOP_LINEAR_PB_MIXED_ATTEMPT_BDD 0
d LOG_SCOP_LINEAR_PB_MIXED_ATTEMPT_SORTER 0
d LOG_SCOP_LINEAR_PB_MIXED_ATTEMPT_DADDA 0
d LOG_SCOP_LINEAR_PB_MIXED_REJECT_BDD_BUDGET 0
d LOG_SCOP_LINEAR_PB_MIXED_REJECT_SORTER_BUDGET 0
d LOG_SCOP_LINEAR_PB_MIXED_FALLBACK_BDD_TO_SORTER 0
d LOG_SCOP_LINEAR_PB_MIXED_FALLBACK_BDD_TO_DADDA 0
d LOG_SCOP_LINEAR_PB_MIXED_FALLBACK_SORTER_TO_BDD 0
d LOG_SCOP_LINEAR_PB_MIXED_FALLBACK_SORTER_TO_DADDA 0
d LOG_SCOP_LINEAR_PB_BACKEND_BDD2 1320
d LOG_SCOP_LINEAR_PB_BACKEND_BDD3 0
d LOG_SCOP_LINEAR_PB_BACKEND_SORTER 0
d LOG_SCOP_LINEAR_PB_BACKEND_DADDA 0
d LOG_SCOP_LINEAR_PB_BDD_DECOMPOSITION_RAW 1320
d LOG_SCOP_LINEAR_PB_BDD_DECOMPOSITION_BINARY 0
d LOG_SCOP_LINEAR_PB_BDD_DECOMPOSITION_MULTIBASE 0
d MEMORY_RSS_BYTES 287240192
d MEMORY_RSS_AFTER_PROPAGATE_BYTES 16760832
d MEMORY_RSS_AFTER_LOWER_BYTES 17567744
d MEMORY_RSS_AFTER_POST_LOWER_BYTES 18108416
d MEMORY_RSS_BEFORE_PREENCODE_BYTES 18108416
d MEMORY_RSS_AFTER_PREENCODE_BYTES 18108416
d MEMORY_RSS_BEFORE_ENCODE_BYTES 18108416
d MEMORY_RSS_ENCODE_SAMPLE_INTERVAL_CLAUSES 1000000
d MEMORY_RSS_ENCODE_SAMPLE_COUNT 10
d MEMORY_RSS_ENCODE_LAST_SAMPLE_CLAUSE 990900
d MEMORY_RSS_ENCODE_LAST_SAMPLE_BYTES 287240192
d MEMORY_RSS_ENCODE_MAX_SAMPLE_BYTES 287240192
d DECODE_INT_ASSIGNMENTS 400
d CIRCUIT_CEGAR_FAILURES 0
d CIRCUIT_CEGAR_ROUNDS 0
d CIRCUIT_CEGAR_ADDED_CLAUSES 0
d CUMULATIVE_CEGAR_FAILURES 0
d CUMULATIVE_CEGAR_ROUNDS 0
d CUMULATIVE_CEGAR_ADDED_CLAUSES 0
d COP_CEGAR_FAILURES 0
d COP_CEGAR_ROUNDS 0
d COP_CEGAR_ADDED_CLAUSES 0
d CSV /bench/competition/2022-2025/COP22to25/AztecDiamondSym-10_c24.xml.lzma,sat,221,221,221,0,321376,25985209,1799797,,,,,,,0,skipped,,,,,,0,,,,,,,timeout_signal,incumbent_interrupted_by_signal
signal=15; emitted incumbent csv row
c run_end_local: 2026-06-01 18:09:12 +0900
