# WCTIME: wall clock time in seconds
WCTIME=19.9264
# CPUTIME: CPU time in seconds (USERTIME+SYSTEMTIME)
CPUTIME=19.83
# USERTIME: CPU time spent in user mode in seconds
USERTIME=19.3678
# SYSTEMTIME: CPU time spent in system mode in seconds
SYSTEMTIME=0.462217
# CPUUSAGE: CPUTIME/WCTIME in percent
CPUUSAGE=99.5163
# MAXVM: maximum virtual memory used in KiB
MAXVM=882144
# MAXMM: maximum memory used in KiB
MAXMM=687260
# MAXRSS: maximum Resident Segment Size in KiB
MAXRSS=684292
# TIMEOUT: did the solver exceed the time limit?
TIMEOUT=false
# MEMOUT: did the solver exceed the memory limit?
MEMOUT=false
# EXITSTATUS: Exit status of the solver
EXITSTATUS=0
