# WCTIME: wall clock time in seconds
WCTIME=2.67117
# CPUTIME: CPU time in seconds (USERTIME+SYSTEMTIME)
CPUTIME=2.62379
# USERTIME: CPU time spent in user mode in seconds
USERTIME=2.58986
# SYSTEMTIME: CPU time spent in system mode in seconds
SYSTEMTIME=0.033927
# CPUUSAGE: CPUTIME/WCTIME in percent
CPUUSAGE=98.2262
# MAXVM: maximum virtual memory used in KiB
MAXVM=214652
# MAXMM: maximum memory used in KiB
MAXMM=16588
# MAXRSS: maximum Resident Segment Size in KiB
MAXRSS=15556
# TIMEOUT: did the solver exceed the time limit?
TIMEOUT=false
# MEMOUT: did the solver exceed the memory limit?
MEMOUT=false
# EXITSTATUS: Exit status of the solver
EXITSTATUS=0
