# WCTIME: wall clock time in seconds
WCTIME=1801.46
# CPUTIME: CPU time in seconds (USERTIME+SYSTEMTIME)
CPUTIME=1791.81
# USERTIME: CPU time spent in user mode in seconds
USERTIME=1704.7
# SYSTEMTIME: CPU time spent in system mode in seconds
SYSTEMTIME=87.1151
# CPUUSAGE: CPUTIME/WCTIME in percent
CPUUSAGE=99.4647
# MAXVM: maximum virtual memory used in KiB
MAXVM=51822136
# MAXMM: maximum memory used in KiB
MAXMM=47590284
# MAXRSS: maximum Resident Segment Size in KiB
MAXRSS=47587196
# TIMEOUT: did the solver exceed the time limit?
TIMEOUT=true
# MEMOUT: did the solver exceed the memory limit?
MEMOUT=false
# EXITSTATUS: Exit status of the solver
EXITSTATUS=36608
