# WCTIME: wall clock time in seconds
WCTIME=59.0256
# CPUTIME: CPU time in seconds (USERTIME+SYSTEMTIME)
CPUTIME=58.7209
# USERTIME: CPU time spent in user mode in seconds
USERTIME=57.7613
# SYSTEMTIME: CPU time spent in system mode in seconds
SYSTEMTIME=0.959588
# CPUUSAGE: CPUTIME/WCTIME in percent
CPUUSAGE=99.4838
# MAXVM: maximum virtual memory used in KiB
MAXVM=1137564
# MAXMM: maximum memory used in KiB
MAXMM=931232
# MAXRSS: maximum Resident Segment Size in KiB
MAXRSS=931232
# TIMEOUT: did the solver exceed the time limit?
TIMEOUT=false
# MEMOUT: did the solver exceed the memory limit?
MEMOUT=false
# EXITSTATUS: Exit status of the solver
EXITSTATUS=0
