# WCTIME: wall clock time in seconds
WCTIME=1802.98
# CPUTIME: CPU time in seconds (USERTIME+SYSTEMTIME)
CPUTIME=1793.63
# USERTIME: CPU time spent in user mode in seconds
USERTIME=1712.83
# SYSTEMTIME: CPU time spent in system mode in seconds
SYSTEMTIME=80.7946
# CPUUSAGE: CPUTIME/WCTIME in percent
CPUUSAGE=99.4816
# MAXVM: maximum virtual memory used in KiB
MAXVM=137152560
# MAXMM: maximum memory used in KiB
MAXMM=129274780
# MAXRSS: maximum Resident Segment Size in KiB
MAXRSS=129271732
# TIMEOUT: did the solver exceed the time limit?
TIMEOUT=true
# MEMOUT: did the solver exceed the memory limit?
MEMOUT=false
# EXITSTATUS: Exit status of the solver
EXITSTATUS=36608
