# WCTIME: wall clock time in seconds
WCTIME=28.727
# CPUTIME: CPU time in seconds (USERTIME+SYSTEMTIME)
CPUTIME=28.5938
# USERTIME: CPU time spent in user mode in seconds
USERTIME=28.3985
# SYSTEMTIME: CPU time spent in system mode in seconds
SYSTEMTIME=0.195287
# CPUUSAGE: CPUTIME/WCTIME in percent
CPUUSAGE=99.5362
# MAXVM: maximum virtual memory used in KiB
MAXVM=370352
# MAXMM: maximum memory used in KiB
MAXMM=192704
# MAXRSS: maximum Resident Segment Size in KiB
MAXRSS=191692
# TIMEOUT: did the solver exceed the time limit?
TIMEOUT=false
# MEMOUT: did the solver exceed the memory limit?
MEMOUT=false
# EXITSTATUS: Exit status of the solver
EXITSTATUS=0
