# WCTIME: wall clock time in seconds
WCTIME=32.3285
# CPUTIME: CPU time in seconds (USERTIME+SYSTEMTIME)
CPUTIME=32.1643
# USERTIME: CPU time spent in user mode in seconds
USERTIME=31.9835
# SYSTEMTIME: CPU time spent in system mode in seconds
SYSTEMTIME=0.18072
# CPUUSAGE: CPUTIME/WCTIME in percent
CPUUSAGE=99.4921
# MAXVM: maximum virtual memory used in KiB
MAXVM=222676
# MAXMM: maximum memory used in KiB
MAXMM=56388
# MAXRSS: maximum Resident Segment Size in KiB
MAXRSS=53348
# TIMEOUT: did the solver exceed the time limit?
TIMEOUT=false
# MEMOUT: did the solver exceed the memory limit?
MEMOUT=false
# EXITSTATUS: Exit status of the solver
EXITSTATUS=0
