c cmd: /host-parser-bin/kat_xcsp_f2b89728-dirty-mznfull10609-1200-20260620 /bench/2017/rcpsp-wet/rcpsp-wet.mzn --data /bench/2017/rcpsp-wet/j60_28_3-wet.dzn --encoder portfolio --portfolio-strategy v3 --cop-pipeline guarded-basic --cop-objective-cut direct-expr --cop-objective-cut-timing incremental-soft --cop-objective-cut-backend cnf --table-encoding mdd-tl --cumulative-mode exact --cumulative-decomposition time-rd --progress --log-scop-linear-pb-backend auto --log-scop-bdd-decomposition auto --log-scop-aggregate-weighted-lits --order-ge-shorten-link-cost --direct-eq-ne-max-arity 2 --eq-ne-encoding direct --portfolio-log-scop-eq-ne-encoding ge-rewrite --cop-objective-phase auto --cop-objective-search trisection --cop-objective-search-fallback-budget 180 --root-lp-bound --root-lp-backend lpo --root-lp-time-limit-secs 60 --ignore-parse-error
c version: kat-cli=0.1.0 git=unknown-clean
c run_start_local: 2026-06-20 21:22:39 +0900
c 00h00m00s | solve:start
c 00h00m00s | stage:objective-cut timing=incremental-soft backend=cnf form=direct-expr
c 00h00m00s | input: constraints=2008
c 00h00m00s | stage:propagate:start
c 00h00m00s | stage:propagate:done ms=1 pruned=3557 changed_domains=62 entailed_tables=0
c 00h00m00s | memory:rss checkpoint=after_propagate bytes=6668288 rss=6.36MiB
c 00h00m00s | stage:normalize:start
c 00h00m00s | stage:normalize:done ms=0 high_constraints=2008
c 00h00m00s | stage:lower:start
c 00h00m00s | stage:lower:progress percent=10 processed=201 total=2008 lowered=201 unsupported=0 ms=0
c 00h00m00s | stage:lower:progress percent=20 processed=402 total=2008 lowered=402 unsupported=0 ms=0
c 00h00m00s | stage:lower:progress percent=30 processed=603 total=2008 lowered=603 unsupported=0 ms=0
c 00h00m00s | stage:lower:progress percent=40 processed=804 total=2008 lowered=804 unsupported=0 ms=0
c 00h00m00s | stage:lower:progress percent=50 processed=1004 total=2008 lowered=1004 unsupported=0 ms=1
c 00h00m00s | stage:lower:progress percent=60 processed=1205 total=2008 lowered=1205 unsupported=0 ms=1
c 00h00m00s | stage:lower:progress percent=70 processed=1406 total=2008 lowered=1406 unsupported=0 ms=1
c 00h00m00s | stage:lower:progress percent=80 processed=1607 total=2008 lowered=1607 unsupported=0 ms=1
c 00h00m00s | stage:lower:progress percent=90 processed=1808 total=2008 lowered=1808 unsupported=0 ms=1
c 00h00m00s | stage:lower:progress percent=100 processed=2008 total=2008 lowered=2008 unsupported=0 ms=40
c 00h00m00s | stage:lower:done ms=41 lowered=2008 unsupported=0
c 00h00m00s | memory:rss checkpoint=after_lower bytes=7475200 rss=7.13MiB
c 00h00m00s | stage:post_lower:start
c 00h00m00s | stage:post_lower:done ms=1 rounds=1 tightened=1 removed_cls=805 removed_lits=615 unsat=false precise_hits=0 precise_rounds=1 pivot_recomputes=103 pivot_exact_attempts=20 pivot_general_attempts=103 pivot_general_rest_missing=0 pivot_general_bound_missing=0 pivot_general_no_change=103 pivot_general_tightened=0 setup_ms=0 loop_ms=0 pivot_ms=0 pivot_version_ms=0 pivot_exact_ms=0 pivot_general_ms=0 pivot_general_prepare_ms=0 pivot_general_rest_ms=0 pivot_general_derive_ms=0 apply_ms=0 sat_ms=0 precise_ms=0
c 00h00m00s | memory:rss checkpoint=after_post_lower bytes=7475200 rss=7.13MiB
c 00h00m00s | stage:lowered-shape int_vars=187 bool_vars=1994 linear_atoms=4937 table_atoms=0 table_tuples=0 table_scope=0 alldiff_atoms=0 circuit_atoms=0 product_atoms=0 logical_clauses=6002
c 00h00m00s | stage:root-lp:start backend=lpo
c 00h01m00s | stage:root-lp:skip backend=lpo reason=failed to solve root LP with kat-lpo: LP wall-clock time limit reached during native-simplex pivot row update ms=60013
c 00h01m00s | memory:rss checkpoint=before_preencode bytes=607264768 rss=579.13MiB
c 00h01m00s | stage:preencode(log-scop):start
c 00h01m00s | stage:preencode(log-scop):done ms=0 int_vars=187
c 00h01m00s | memory:rss checkpoint=after_preencode bytes=607264768 rss=579.13MiB
c 00h01m00s | memory:rss checkpoint=before_encode bytes=607383552 rss=579.25MiB
c 00h01m00s | stage:encode(log-scop):start
c 00h01m00s | memory:rss checkpoint=encode_clause_sample stage=log-scop clauses=10079 bytes=607588352 rss=579.44MiB progress_percent=10 processed=607 total=6063
c 00h01m00s | stage:encode(log-scop):progress percent=10 processed=607 total=6063 sat_clauses=10079 ms=3
c 00h01m00s | memory:rss checkpoint=encode_clause_sample stage=log-scop clauses=21258 bytes=607813632 rss=579.66MiB progress_percent=20 processed=1213 total=6063
c 00h01m00s | stage:encode(log-scop):progress percent=20 processed=1213 total=6063 sat_clauses=21258 ms=5
c 00h01m00s | memory:rss checkpoint=encode_clause_sample stage=log-scop clauses=33171 bytes=607813632 rss=579.66MiB progress_percent=30 processed=1819 total=6063
c 00h01m00s | stage:encode(log-scop):progress percent=30 processed=1819 total=6063 sat_clauses=33171 ms=8
c 00h01m00s | memory:rss checkpoint=encode_clause_sample stage=log-scop clauses=45872 bytes=607813632 rss=579.66MiB progress_percent=40 processed=2426 total=6063
c 00h01m00s | stage:encode(log-scop):progress percent=40 processed=2426 total=6063 sat_clauses=45872 ms=10
c 00h01m00s | memory:rss checkpoint=encode_clause_sample stage=log-scop clauses=58062 bytes=607813632 rss=579.66MiB progress_percent=50 processed=3032 total=6063
c 00h01m00s | stage:encode(log-scop):progress percent=50 processed=3032 total=6063 sat_clauses=58062 ms=13
c 00h01m00s | memory:rss checkpoint=encode_clause_sample stage=log-scop clauses=69305 bytes=608014336 rss=579.85MiB progress_percent=60 processed=3638 total=6063
c 00h01m00s | stage:encode(log-scop):progress percent=60 processed=3638 total=6063 sat_clauses=69305 ms=29
c 00h01m00s | memory:rss checkpoint=encode_clause_sample stage=log-scop clauses=76429 bytes=608014336 rss=579.85MiB progress_percent=70 processed=4245 total=6063
c 00h01m00s | stage:encode(log-scop):progress percent=70 processed=4245 total=6063 sat_clauses=76429 ms=31
c 00h01m00s | memory:rss checkpoint=encode_clause_sample stage=log-scop clauses=98565 bytes=608014336 rss=579.85MiB progress_percent=80 processed=4851 total=6063
c 00h01m00s | stage:encode(log-scop):progress percent=80 processed=4851 total=6063 sat_clauses=98565 ms=35
c 00h01m00s | memory:rss checkpoint=encode_clause_sample stage=log-scop clauses=119841 bytes=608014336 rss=579.85MiB progress_percent=90 processed=5457 total=6063
c 00h01m00s | stage:encode(log-scop):progress percent=90 processed=5457 total=6063 sat_clauses=119841 ms=38
c 00h01m00s | memory:rss checkpoint=encode_clause_sample stage=log-scop clauses=686423 bytes=608198656 rss=580.02MiB progress_percent=100 processed=6063 total=6063
c 00h01m00s | stage:encode(log-scop):progress percent=100 processed=6063 total=6063 sat_clauses=686423 ms=292
c 00h01m00s | stage:encode(log-scop):done ms=297 sat_vars=360626 sat_clauses=686423 ext_ge_specs=0 relaxed_circuits=0 log_scop_pb_constraints=7557 log_scop_pb_mixed=0 log_scop_pb_bdd2=7557 log_scop_pb_bdd3=0 log_scop_pb_sorter=0 log_scop_pb_dadda=0 log_scop_bdd_raw=7557 log_scop_bdd_binary=0 log_scop_bdd_multibase=0
c 00h01m00s | stage:post-encode(log-scop):start sat_vars=360626 sat_clauses=686423 has_relaxations=false external_tables=0
c 00h01m00s | stage:post-encode(log-scop):after-finish-check ms=0
c 00h01m00s | stage:post-encode(log-scop):decode-layout-ready int_symbols=187 ms=0
c 00h01m00s | stage:post-encode(log-scop):cumulative-external-ready has_prop=true ms=0
c 00h01m00s | stage:post-encode(log-scop):log-scop-external-ready has_prop=false ms=0
c 00h01m00s | stage:post-encode(log-scop):external-prop-connected has_prop=true ms=1
c 00h01m00s | stage:post-encode(log-scop):done sat_vars=360626 sat_clauses=686423 ms=1
c 00h01m00s | stage:post-encode(log-scop):reusable-ready mode=SoftCnf sat_vars=360626
c 00h01m00s | stage:objective-external-ge-template(log-scop):start cut=DirectExpr wants_ext_ge=false
c 00h01m00s | stage:objective-external-ge-template(log-scop):done has_template=true ms=0
c 00h01m00s | stage:objective-mode(log-scop):resolved mode=SoftCnf wants_ext_ge=false has_ext_ge_template=true
c 00h01m00s | stage:objective-cut timing=incremental-soft backend=cnf form=direct-expr
c 00h01m00s | stage:objective-encoder(log-scop):ready mode=SoftCnf soft=true sat_vars=360626
c 00h01m00s | stage:objective-loop:enter encoder=log-scop mode=SoftCnf lower=0 upper=10111 has_incumbent=false soft_active=true
c 00h01m00s | stage:sat:round-entry encoder=log-scop assumptions=0 phase_lits=0 sat_vars=360626 base_clauses=686423
c 00h01m00s | stage:sat:init solver=CaDiCaL vars=360626 clauses=686423
c 00h01m00s | stage:sat:solve:start assumptions=0 phase_lits=0
c 00h01m00s | stage:sat:solve:done ms=144 result=Sat assumptions=0 phase_lits=0
c 00h01m00s | stage:decode:start
c 00h01m00s | stage:decode:done int_assignments=63
c 00h01m00s | result:Sat
c 00h01m00s | stage:objective-cut-surface(log-scop):start timing=after-incumbent
c 00h01m00s | stage:objective-cut-surface(log-scop):done has_surface=true ms=0
c 00h01m00s | objective:incumbent kind=initial value=572 rounds=1 improvements=0
o 572
c 00h01m00s | stage:objective-loop:enter encoder=log-scop mode=SoftCnf lower=0 upper=10111 has_incumbent=true soft_active=true
c 00h01m00s | stage:objective-cut:soft-install bound=381 guard=360640 clauses_added=20
c 00h01m00s | stage:objective-cut:soft-probe search=trisection [LB,UB] = [0,571] next 381 source=install guard=360640
c 00h01m00s | stage:sat:round-entry encoder=log-scop assumptions=1 phase_lits=0 sat_vars=360640 base_clauses=686443
c 00h01m00s | stage:sat:init solver=CaDiCaL vars=360640 clauses=686443
c 00h01m00s | stage:sat:solve:start assumptions=1 phase_lits=0
c 00h01m09s | stage:sat:solve:done ms=9291 result=Sat assumptions=1 phase_lits=0
c 00h01m09s | stage:decode:start
c 00h01m09s | stage:decode:done int_assignments=63
c 00h01m09s | result:Sat
c 00h01m09s | objective:incumbent kind=improvement value=378 rounds=2 improvements=1
o 378
c 00h01m09s | stage:objective-cut:soft-result search=trisection bound=381 result=sat guard=360640 hard=guard [LB,UB] = [0,377]
c 00h01m09s | stage:objective-loop:enter encoder=log-scop mode=SoftCnf lower=0 upper=10111 has_incumbent=true soft_active=true
c 00h01m09s | stage:objective-cut:soft-install bound=252 guard=360653 clauses_added=19
c 00h01m09s | stage:objective-cut:soft-probe search=trisection [LB,UB] = [0,377] next 252 source=install guard=360653
c 00h01m09s | stage:sat:round-entry encoder=log-scop assumptions=1 phase_lits=0 sat_vars=360653 base_clauses=686463
c 00h01m09s | stage:sat:init solver=CaDiCaL vars=360653 clauses=686463
c 00h01m09s | stage:sat:solve:start assumptions=1 phase_lits=0
c 00h04m09s | stage:sat:solve:done ms=180005 result=Unknown assumptions=1 phase_lits=0
c 00h04m09s | result:unknown reason=sat_solver_returned_unknown
c 00h04m09s | result:Unknown
c 00h04m09s | stage:objective-cut:soft-fallback search=trisection reason=budget-exhausted budget_s=180 mode=step incumbent=378 [LB,UB]=[0,377]
c 00h04m09s | stage:objective-loop:enter encoder=log-scop mode=SoftCnf lower=0 upper=10111 has_incumbent=true soft_active=true
c 00h04m09s | stage:objective-cut:soft-install bound=377 guard=360667 clauses_added=20
c 00h04m09s | stage:objective-cut:soft-probe search=step [LB,UB] = [0,377] next 377 source=install guard=360667
c 00h04m09s | stage:sat:round-entry encoder=log-scop assumptions=1 phase_lits=0 sat_vars=360667 base_clauses=686483
c 00h04m09s | stage:sat:init solver=CaDiCaL vars=360667 clauses=686483
c 00h04m09s | stage:sat:solve:start assumptions=1 phase_lits=0
c 00h04m15s | stage:sat:solve:done ms=6027 result=Sat assumptions=1 phase_lits=0
c 00h04m15s | stage:decode:start
c 00h04m15s | stage:decode:done int_assignments=63
c 00h04m15s | result:Sat
c 00h04m15s | objective:incumbent kind=improvement value=377 rounds=3 improvements=2
o 377
c 00h04m15s | stage:objective-cut:soft-result search=step bound=377 result=sat guard=360667 hard=guard [LB,UB] = [0,376]
c 00h04m15s | stage:objective-loop:enter encoder=log-scop mode=SoftCnf lower=0 upper=10111 has_incumbent=true soft_active=true
c 00h04m15s | stage:objective-cut:soft-install bound=376 guard=360680 clauses_added=19
c 00h04m15s | stage:objective-cut:soft-probe search=step [LB,UB] = [0,376] next 376 source=install guard=360680
c 00h04m15s | stage:sat:round-entry encoder=log-scop assumptions=1 phase_lits=0 sat_vars=360680 base_clauses=686503
c 00h04m15s | stage:sat:init solver=CaDiCaL vars=360680 clauses=686503
c 00h04m15s | stage:sat:solve:start assumptions=1 phase_lits=0
c 00h04m15s | stage:sat:solve:done ms=38 result=Sat assumptions=1 phase_lits=0
c 00h04m15s | stage:decode:start
c 00h04m15s | stage:decode:done int_assignments=63
c 00h04m15s | result:Sat
c 00h04m15s | objective:incumbent kind=improvement value=376 rounds=4 improvements=3
o 376
c 00h04m15s | stage:objective-cut:soft-result search=step bound=376 result=sat guard=360680 hard=guard [LB,UB] = [0,375]
c 00h04m15s | stage:objective-loop:enter encoder=log-scop mode=SoftCnf lower=0 upper=10111 has_incumbent=true soft_active=true
c 00h04m15s | stage:objective-cut:soft-install bound=375 guard=360694 clauses_added=21
c 00h04m15s | stage:objective-cut:soft-probe search=step [LB,UB] = [0,375] next 375 source=install guard=360694
c 00h04m15s | stage:sat:round-entry encoder=log-scop assumptions=1 phase_lits=0 sat_vars=360694 base_clauses=686525
c 00h04m15s | stage:sat:init solver=CaDiCaL vars=360694 clauses=686525
c 00h04m15s | stage:sat:solve:start assumptions=1 phase_lits=0
c 00h04m20s | stage:sat:solve:done ms=4950 result=Sat assumptions=1 phase_lits=0
c 00h04m20s | stage:decode:start
c 00h04m20s | stage:decode:done int_assignments=63
c 00h04m20s | result:Sat
c 00h04m20s | objective:incumbent kind=improvement value=370 rounds=5 improvements=4
o 370
c 00h04m20s | stage:objective-cut:soft-result search=step bound=375 result=sat guard=360694 hard=guard [LB,UB] = [0,369]
c 00h04m20s | stage:objective-loop:enter encoder=log-scop mode=SoftCnf lower=0 upper=10111 has_incumbent=true soft_active=true
c 00h04m20s | stage:objective-cut:soft-install bound=369 guard=360708 clauses_added=20
c 00h04m20s | stage:objective-cut:soft-probe search=step [LB,UB] = [0,369] next 369 source=install guard=360708
c 00h04m20s | stage:sat:round-entry encoder=log-scop assumptions=1 phase_lits=0 sat_vars=360708 base_clauses=686546
c 00h04m20s | stage:sat:init solver=CaDiCaL vars=360708 clauses=686546
c 00h04m20s | stage:sat:solve:start assumptions=1 phase_lits=0
c 00h04m20s | stage:sat:solve:done ms=31 result=Sat assumptions=1 phase_lits=0
c 00h04m20s | stage:decode:start
c 00h04m20s | stage:decode:done int_assignments=63
c 00h04m20s | result:Sat
c 00h04m20s | objective:incumbent kind=improvement value=369 rounds=6 improvements=5
o 369
c 00h04m20s | stage:objective-cut:soft-result search=step bound=369 result=sat guard=360708 hard=guard [LB,UB] = [0,368]
c 00h04m20s | stage:objective-loop:enter encoder=log-scop mode=SoftCnf lower=0 upper=10111 has_incumbent=true soft_active=true
c 00h04m20s | stage:objective-cut:soft-install bound=368 guard=360721 clauses_added=19
c 00h04m20s | stage:objective-cut:soft-probe search=step [LB,UB] = [0,368] next 368 source=install guard=360721
c 00h04m20s | stage:sat:round-entry encoder=log-scop assumptions=1 phase_lits=0 sat_vars=360721 base_clauses=686566
c 00h04m20s | stage:sat:init solver=CaDiCaL vars=360721 clauses=686566
c 00h04m20s | stage:sat:solve:start assumptions=1 phase_lits=0
c 00h04m20s | stage:sat:solve:done ms=30 result=Sat assumptions=1 phase_lits=0
c 00h04m20s | stage:decode:start
c 00h04m20s | stage:decode:done int_assignments=63
c 00h04m20s | result:Sat
c 00h04m20s | objective:incumbent kind=improvement value=367 rounds=7 improvements=6
o 367
c 00h04m20s | stage:objective-cut:soft-result search=step bound=368 result=sat guard=360721 hard=guard [LB,UB] = [0,366]
c 00h04m20s | stage:objective-loop:enter encoder=log-scop mode=SoftCnf lower=0 upper=10111 has_incumbent=true soft_active=true
c 00h04m20s | stage:objective-cut:soft-install bound=366 guard=360733 clauses_added=18
c 00h04m20s | stage:objective-cut:soft-probe search=step [LB,UB] = [0,366] next 366 source=install guard=360733
c 00h04m20s | stage:sat:round-entry encoder=log-scop assumptions=1 phase_lits=0 sat_vars=360733 base_clauses=686585
c 00h04m20s | stage:sat:init solver=CaDiCaL vars=360733 clauses=686585
c 00h04m20s | stage:sat:solve:start assumptions=1 phase_lits=0
c 00h04m20s | stage:sat:solve:done ms=53 result=Sat assumptions=1 phase_lits=0
c 00h04m20s | stage:decode:start
c 00h04m20s | stage:decode:done int_assignments=63
c 00h04m20s | result:Sat
c 00h04m20s | objective:incumbent kind=improvement value=362 rounds=8 improvements=7
o 362
c 00h04m20s | stage:objective-cut:soft-result search=step bound=366 result=sat guard=360733 hard=guard [LB,UB] = [0,361]
c 00h04m20s | stage:objective-loop:enter encoder=log-scop mode=SoftCnf lower=0 upper=10111 has_incumbent=true soft_active=true
c 00h04m20s | stage:objective-cut:soft-install bound=361 guard=360747 clauses_added=21
c 00h04m20s | stage:objective-cut:soft-probe search=step [LB,UB] = [0,361] next 361 source=install guard=360747
c 00h04m20s | stage:sat:round-entry encoder=log-scop assumptions=1 phase_lits=0 sat_vars=360747 base_clauses=686607
c 00h04m20s | stage:sat:init solver=CaDiCaL vars=360747 clauses=686607
c 00h04m20s | stage:sat:solve:start assumptions=1 phase_lits=0
c 00h04m47s | stage:sat:solve:done ms=26878 result=Sat assumptions=1 phase_lits=0
c 00h04m47s | stage:decode:start
c 00h04m47s | stage:decode:done int_assignments=63
c 00h04m47s | result:Sat
c 00h04m47s | objective:incumbent kind=improvement value=361 rounds=9 improvements=8
o 361
c 00h04m47s | stage:objective-cut:soft-result search=step bound=361 result=sat guard=360747 hard=guard [LB,UB] = [0,360]
c 00h04m47s | stage:objective-loop:enter encoder=log-scop mode=SoftCnf lower=0 upper=10111 has_incumbent=true soft_active=true
c 00h04m47s | stage:objective-cut:soft-install bound=360 guard=360760 clauses_added=20
c 00h04m47s | stage:objective-cut:soft-probe search=step [LB,UB] = [0,360] next 360 source=install guard=360760
c 00h04m47s | stage:sat:round-entry encoder=log-scop assumptions=1 phase_lits=0 sat_vars=360760 base_clauses=686628
c 00h04m47s | stage:sat:init solver=CaDiCaL vars=360760 clauses=686628
c 00h04m47s | stage:sat:solve:start assumptions=1 phase_lits=0
c 00h04m47s | stage:sat:solve:done ms=31 result=Sat assumptions=1 phase_lits=0
c 00h04m47s | stage:decode:start
c 00h04m47s | stage:decode:done int_assignments=63
c 00h04m47s | result:Sat
c 00h04m47s | objective:incumbent kind=improvement value=359 rounds=10 improvements=9
o 359
c 00h04m47s | stage:objective-cut:soft-result search=step bound=360 result=sat guard=360760 hard=guard [LB,UB] = [0,358]
c 00h04m47s | stage:objective-loop:enter encoder=log-scop mode=SoftCnf lower=0 upper=10111 has_incumbent=true soft_active=true
c 00h04m47s | stage:objective-cut:soft-install bound=358 guard=360772 clauses_added=19
c 00h04m47s | stage:objective-cut:soft-probe search=step [LB,UB] = [0,358] next 358 source=install guard=360772
c 00h04m47s | stage:sat:round-entry encoder=log-scop assumptions=1 phase_lits=0 sat_vars=360772 base_clauses=686648
c 00h04m47s | stage:sat:init solver=CaDiCaL vars=360772 clauses=686648
c 00h04m47s | stage:sat:solve:start assumptions=1 phase_lits=0
c 00h05m16s | stage:sat:solve:done ms=28229 result=Sat assumptions=1 phase_lits=0
c 00h05m16s | stage:decode:start
c 00h05m16s | stage:decode:done int_assignments=63
c 00h05m16s | result:Sat
c 00h05m16s | objective:incumbent kind=improvement value=358 rounds=11 improvements=10
o 358
c 00h05m16s | stage:objective-cut:soft-result search=step bound=358 result=sat guard=360772 hard=guard [LB,UB] = [0,357]
c 00h05m16s | stage:objective-loop:enter encoder=log-scop mode=SoftCnf lower=0 upper=10111 has_incumbent=true soft_active=true
c 00h05m16s | stage:objective-cut:soft-install bound=357 guard=360786 clauses_added=22
c 00h05m16s | stage:objective-cut:soft-probe search=step [LB,UB] = [0,357] next 357 source=install guard=360786
c 00h05m16s | stage:sat:round-entry encoder=log-scop assumptions=1 phase_lits=0 sat_vars=360786 base_clauses=686671
c 00h05m16s | stage:sat:init solver=CaDiCaL vars=360786 clauses=686671
c 00h05m16s | stage:sat:solve:start assumptions=1 phase_lits=0
c 00h05m20s | stage:sat:solve:done ms=3937 result=Sat assumptions=1 phase_lits=0
c 00h05m20s | stage:decode:start
c 00h05m20s | stage:decode:done int_assignments=63
c 00h05m20s | result:Sat
c 00h05m20s | objective:incumbent kind=improvement value=352 rounds=12 improvements=11
o 352
c 00h05m20s | stage:objective-cut:soft-result search=step bound=357 result=sat guard=360786 hard=guard [LB,UB] = [0,351]
c 00h05m20s | stage:objective-loop:enter encoder=log-scop mode=SoftCnf lower=0 upper=10111 has_incumbent=true soft_active=true
c 00h05m20s | stage:objective-cut:soft-install bound=351 guard=360800 clauses_added=21
c 00h05m20s | stage:objective-cut:soft-probe search=step [LB,UB] = [0,351] next 351 source=install guard=360800
c 00h05m20s | stage:sat:round-entry encoder=log-scop assumptions=1 phase_lits=0 sat_vars=360800 base_clauses=686693
c 00h05m20s | stage:sat:init solver=CaDiCaL vars=360800 clauses=686693
c 00h05m20s | stage:sat:solve:start assumptions=1 phase_lits=0
c 00h05m20s | stage:sat:solve:done ms=28 result=Sat assumptions=1 phase_lits=0
c 00h05m20s | stage:decode:start
c 00h05m20s | stage:decode:done int_assignments=63
c 00h05m20s | result:Sat
c 00h05m20s | objective:incumbent kind=improvement value=351 rounds=13 improvements=12
o 351
c 00h05m20s | stage:objective-cut:soft-result search=step bound=351 result=sat guard=360800 hard=guard [LB,UB] = [0,350]
c 00h05m20s | stage:objective-loop:enter encoder=log-scop mode=SoftCnf lower=0 upper=10111 has_incumbent=true soft_active=true
c 00h05m20s | stage:objective-cut:soft-install bound=350 guard=360812 clauses_added=18
c 00h05m20s | stage:objective-cut:soft-probe search=step [LB,UB] = [0,350] next 350 source=install guard=360812
c 00h05m20s | stage:sat:round-entry encoder=log-scop assumptions=1 phase_lits=0 sat_vars=360812 base_clauses=686712
c 00h05m20s | stage:sat:init solver=CaDiCaL vars=360812 clauses=686712
c 00h05m20s | stage:sat:solve:start assumptions=1 phase_lits=0
c 00h05m25s | stage:sat:solve:done ms=5465 result=Sat assumptions=1 phase_lits=0
c 00h05m25s | stage:decode:start
c 00h05m25s | stage:decode:done int_assignments=63
c 00h05m25s | result:Sat
c 00h05m25s | objective:incumbent kind=improvement value=350 rounds=14 improvements=13
o 350
c 00h05m25s | stage:objective-cut:soft-result search=step bound=350 result=sat guard=360812 hard=guard [LB,UB] = [0,349]
c 00h05m25s | stage:objective-loop:enter encoder=log-scop mode=SoftCnf lower=0 upper=10111 has_incumbent=true soft_active=true
c 00h05m25s | stage:objective-cut:soft-install bound=349 guard=360826 clauses_added=21
c 00h05m25s | stage:objective-cut:soft-probe search=step [LB,UB] = [0,349] next 349 source=install guard=360826
c 00h05m25s | stage:sat:round-entry encoder=log-scop assumptions=1 phase_lits=0 sat_vars=360826 base_clauses=686734
c 00h05m25s | stage:sat:init solver=CaDiCaL vars=360826 clauses=686734
c 00h05m25s | stage:sat:solve:start assumptions=1 phase_lits=0
c 00h05m49s | stage:sat:solve:done ms=24309 result=Sat assumptions=1 phase_lits=0
c 00h05m49s | stage:decode:start
c 00h05m49s | stage:decode:done int_assignments=63
c 00h05m49s | result:Sat
c 00h05m49s | objective:incumbent kind=improvement value=349 rounds=15 improvements=14
o 349
c 00h05m49s | stage:objective-cut:soft-result search=step bound=349 result=sat guard=360826 hard=guard [LB,UB] = [0,348]
c 00h05m49s | stage:objective-loop:enter encoder=log-scop mode=SoftCnf lower=0 upper=10111 has_incumbent=true soft_active=true
c 00h05m49s | stage:objective-cut:soft-install bound=348 guard=360839 clauses_added=20
c 00h05m49s | stage:objective-cut:soft-probe search=step [LB,UB] = [0,348] next 348 source=install guard=360839
c 00h05m49s | stage:sat:round-entry encoder=log-scop assumptions=1 phase_lits=0 sat_vars=360839 base_clauses=686755
c 00h05m49s | stage:sat:init solver=CaDiCaL vars=360839 clauses=686755
c 00h05m49s | stage:sat:solve:start assumptions=1 phase_lits=0
c 00h05m49s | stage:sat:solve:done ms=31 result=Sat assumptions=1 phase_lits=0
c 00h05m49s | stage:decode:start
c 00h05m49s | stage:decode:done int_assignments=63
c 00h05m49s | result:Sat
c 00h05m49s | objective:incumbent kind=improvement value=347 rounds=16 improvements=15
o 347
c 00h05m49s | stage:objective-cut:soft-result search=step bound=348 result=sat guard=360839 hard=guard [LB,UB] = [0,346]
c 00h05m49s | stage:objective-loop:enter encoder=log-scop mode=SoftCnf lower=0 upper=10111 has_incumbent=true soft_active=true
c 00h05m49s | stage:objective-cut:soft-install bound=346 guard=360850 clauses_added=17
c 00h05m49s | stage:objective-cut:soft-probe search=step [LB,UB] = [0,346] next 346 source=install guard=360850
c 00h05m49s | stage:sat:round-entry encoder=log-scop assumptions=1 phase_lits=0 sat_vars=360850 base_clauses=686773
c 00h05m49s | stage:sat:init solver=CaDiCaL vars=360850 clauses=686773
c 00h05m49s | stage:sat:solve:start assumptions=1 phase_lits=0
c 00h05m49s | stage:sat:solve:done ms=29 result=Sat assumptions=1 phase_lits=0
c 00h05m49s | stage:decode:start
c 00h05m49s | stage:decode:done int_assignments=63
c 00h05m49s | result:Sat
c 00h05m49s | objective:incumbent kind=improvement value=339 rounds=17 improvements=16
o 339
c 00h05m49s | stage:objective-cut:soft-result search=step bound=346 result=sat guard=360850 hard=guard [LB,UB] = [0,338]
c 00h05m49s | stage:objective-loop:enter encoder=log-scop mode=SoftCnf lower=0 upper=10111 has_incumbent=true soft_active=true
c 00h05m49s | stage:objective-cut:soft-install bound=338 guard=360860 clauses_added=16
c 00h05m49s | stage:objective-cut:soft-probe search=step [LB,UB] = [0,338] next 338 source=install guard=360860
c 00h05m49s | stage:sat:round-entry encoder=log-scop assumptions=1 phase_lits=0 sat_vars=360860 base_clauses=686790
c 00h05m49s | stage:sat:init solver=CaDiCaL vars=360860 clauses=686790
c 00h05m49s | stage:sat:solve:start assumptions=1 phase_lits=0
c 00h05m57s | stage:sat:solve:done ms=7909 result=Sat assumptions=1 phase_lits=0
c 00h05m57s | stage:decode:start
c 00h05m57s | stage:decode:done int_assignments=63
c 00h05m57s | result:Sat
c 00h05m57s | objective:incumbent kind=improvement value=338 rounds=18 improvements=17
o 338
c 00h05m57s | stage:objective-cut:soft-result search=step bound=338 result=sat guard=360860 hard=guard [LB,UB] = [0,337]
c 00h05m57s | stage:objective-loop:enter encoder=log-scop mode=SoftCnf lower=0 upper=10111 has_incumbent=true soft_active=true
c 00h05m57s | stage:objective-cut:soft-install bound=337 guard=360874 clauses_added=21
c 00h05m57s | stage:objective-cut:soft-probe search=step [LB,UB] = [0,337] next 337 source=install guard=360874
c 00h05m57s | stage:sat:round-entry encoder=log-scop assumptions=1 phase_lits=0 sat_vars=360874 base_clauses=686812
c 00h05m57s | stage:sat:init solver=CaDiCaL vars=360874 clauses=686812
c 00h05m57s | stage:sat:solve:start assumptions=1 phase_lits=0
c 00h05m57s | stage:sat:solve:done ms=33 result=Sat assumptions=1 phase_lits=0
c 00h05m57s | stage:decode:start
c 00h05m57s | stage:decode:done int_assignments=63
c 00h05m57s | result:Sat
c 00h05m57s | objective:incumbent kind=improvement value=337 rounds=19 improvements=18
o 337
c 00h05m57s | stage:objective-cut:soft-result search=step bound=337 result=sat guard=360874 hard=guard [LB,UB] = [0,336]
c 00h05m57s | stage:objective-loop:enter encoder=log-scop mode=SoftCnf lower=0 upper=10111 has_incumbent=true soft_active=true
c 00h05m57s | stage:objective-cut:soft-install bound=336 guard=360887 clauses_added=20
c 00h05m57s | stage:objective-cut:soft-probe search=step [LB,UB] = [0,336] next 336 source=install guard=360887
c 00h05m57s | stage:sat:round-entry encoder=log-scop assumptions=1 phase_lits=0 sat_vars=360887 base_clauses=686833
c 00h05m57s | stage:sat:init solver=CaDiCaL vars=360887 clauses=686833
c 00h05m57s | stage:sat:solve:start assumptions=1 phase_lits=0
c 00h05m57s | stage:sat:solve:done ms=30 result=Sat assumptions=1 phase_lits=0
c 00h05m57s | stage:decode:start
c 00h05m57s | stage:decode:done int_assignments=63
c 00h05m57s | result:Sat
c 00h05m57s | objective:incumbent kind=improvement value=335 rounds=20 improvements=19
o 335
c 00h05m57s | stage:objective-cut:soft-result search=step bound=336 result=sat guard=360887 hard=guard [LB,UB] = [0,334]
c 00h05m57s | stage:objective-loop:enter encoder=log-scop mode=SoftCnf lower=0 upper=10111 has_incumbent=true soft_active=true
c 00h05m57s | stage:objective-cut:soft-install bound=334 guard=360899 clauses_added=19
c 00h05m57s | stage:objective-cut:soft-probe search=step [LB,UB] = [0,334] next 334 source=install guard=360899
c 00h05m57s | stage:sat:round-entry encoder=log-scop assumptions=1 phase_lits=0 sat_vars=360899 base_clauses=686853
c 00h05m57s | stage:sat:init solver=CaDiCaL vars=360899 clauses=686853
c 00h05m57s | stage:sat:solve:start assumptions=1 phase_lits=0
c 00h05m57s | stage:sat:solve:done ms=29 result=Sat assumptions=1 phase_lits=0
c 00h05m57s | stage:decode:start
c 00h05m57s | stage:decode:done int_assignments=63
c 00h05m57s | result:Sat
c 00h05m57s | objective:incumbent kind=improvement value=331 rounds=21 improvements=20
o 331
c 00h05m57s | stage:objective-cut:soft-result search=step bound=334 result=sat guard=360899 hard=guard [LB,UB] = [0,330]
c 00h05m57s | stage:objective-loop:enter encoder=log-scop mode=SoftCnf lower=0 upper=10111 has_incumbent=true soft_active=true
c 00h05m57s | stage:objective-cut:soft-install bound=330 guard=360910 clauses_added=18
c 00h05m57s | stage:objective-cut:soft-probe search=step [LB,UB] = [0,330] next 330 source=install guard=360910
c 00h05m57s | stage:sat:round-entry encoder=log-scop assumptions=1 phase_lits=0 sat_vars=360910 base_clauses=686872
c 00h05m57s | stage:sat:init solver=CaDiCaL vars=360910 clauses=686872
c 00h05m57s | stage:sat:solve:start assumptions=1 phase_lits=0
c 00h05m57s | stage:sat:solve:done ms=31 result=Sat assumptions=1 phase_lits=0
c 00h05m57s | stage:decode:start
c 00h05m57s | stage:decode:done int_assignments=63
c 00h05m57s | result:Sat
c 00h05m57s | objective:incumbent kind=improvement value=323 rounds=22 improvements=21
o 323
c 00h05m57s | stage:objective-cut:soft-result search=step bound=330 result=sat guard=360910 hard=guard [LB,UB] = [0,322]
c 00h05m57s | stage:objective-loop:enter encoder=log-scop mode=SoftCnf lower=0 upper=10111 has_incumbent=true soft_active=true
c 00h05m57s | stage:objective-cut:soft-install bound=322 guard=360918 clauses_added=13
c 00h05m57s | stage:objective-cut:soft-probe search=step [LB,UB] = [0,322] next 322 source=install guard=360918
c 00h05m57s | stage:sat:round-entry encoder=log-scop assumptions=1 phase_lits=0 sat_vars=360918 base_clauses=686886
c 00h05m57s | stage:sat:init solver=CaDiCaL vars=360918 clauses=686886
c 00h05m57s | stage:sat:solve:start assumptions=1 phase_lits=0
c 00h06m24s | stage:sat:solve:done ms=26306 result=Sat assumptions=1 phase_lits=0
c 00h06m24s | stage:decode:start
c 00h06m24s | stage:decode:done int_assignments=63
c 00h06m24s | result:Sat
c 00h06m24s | objective:incumbent kind=improvement value=322 rounds=23 improvements=22
o 322
c 00h06m24s | stage:objective-cut:soft-result search=step bound=322 result=sat guard=360918 hard=guard [LB,UB] = [0,321]
c 00h06m24s | stage:objective-loop:enter encoder=log-scop mode=SoftCnf lower=0 upper=10111 has_incumbent=true soft_active=true
c 00h06m24s | stage:objective-cut:soft-install bound=321 guard=360932 clauses_added=20
c 00h06m24s | stage:objective-cut:soft-probe search=step [LB,UB] = [0,321] next 321 source=install guard=360932
c 00h06m24s | stage:sat:round-entry encoder=log-scop assumptions=1 phase_lits=0 sat_vars=360932 base_clauses=686907
c 00h06m24s | stage:sat:init solver=CaDiCaL vars=360932 clauses=686907
c 00h06m24s | stage:sat:solve:start assumptions=1 phase_lits=0
c 00h06m30s | stage:sat:solve:done ms=5822 result=Sat assumptions=1 phase_lits=0
c 00h06m30s | stage:decode:start
c 00h06m30s | stage:decode:done int_assignments=63
c 00h06m30s | result:Sat
c 00h06m30s | objective:incumbent kind=improvement value=318 rounds=24 improvements=23
o 318
c 00h06m30s | stage:objective-cut:soft-result search=step bound=321 result=sat guard=360932 hard=guard [LB,UB] = [0,317]
c 00h06m30s | stage:objective-loop:enter encoder=log-scop mode=SoftCnf lower=0 upper=10111 has_incumbent=true soft_active=true
c 00h06m30s | stage:objective-cut:soft-install bound=317 guard=360946 clauses_added=21
c 00h06m30s | stage:objective-cut:soft-probe search=step [LB,UB] = [0,317] next 317 source=install guard=360946
c 00h06m30s | stage:sat:round-entry encoder=log-scop assumptions=1 phase_lits=0 sat_vars=360946 base_clauses=686929
c 00h06m30s | stage:sat:init solver=CaDiCaL vars=360946 clauses=686929
c 00h06m30s | stage:sat:solve:start assumptions=1 phase_lits=0
c 00h06m38s | stage:sat:solve:done ms=8045 result=Sat assumptions=1 phase_lits=0
c 00h06m38s | stage:decode:start
c 00h06m38s | stage:decode:done int_assignments=63
c 00h06m38s | result:Sat
c 00h06m38s | objective:incumbent kind=improvement value=317 rounds=25 improvements=24
o 317
c 00h06m38s | stage:objective-cut:soft-result search=step bound=317 result=sat guard=360946 hard=guard [LB,UB] = [0,316]
c 00h06m38s | stage:objective-loop:enter encoder=log-scop mode=SoftCnf lower=0 upper=10111 has_incumbent=true soft_active=true
c 00h06m38s | stage:objective-cut:soft-install bound=316 guard=360959 clauses_added=20
c 00h06m38s | stage:objective-cut:soft-probe search=step [LB,UB] = [0,316] next 316 source=install guard=360959
c 00h06m38s | stage:sat:round-entry encoder=log-scop assumptions=1 phase_lits=0 sat_vars=360959 base_clauses=686950
c 00h06m38s | stage:sat:init solver=CaDiCaL vars=360959 clauses=686950
c 00h06m38s | stage:sat:solve:start assumptions=1 phase_lits=0
c 00h06m38s | stage:sat:solve:done ms=32 result=Sat assumptions=1 phase_lits=0
c 00h06m38s | stage:decode:start
c 00h06m38s | stage:decode:done int_assignments=63
c 00h06m38s | result:Sat
c 00h06m38s | objective:incumbent kind=improvement value=316 rounds=26 improvements=25
o 316
c 00h06m38s | stage:objective-cut:soft-result search=step bound=316 result=sat guard=360959 hard=guard [LB,UB] = [0,315]
c 00h06m38s | stage:objective-loop:enter encoder=log-scop mode=SoftCnf lower=0 upper=10111 has_incumbent=true soft_active=true
c 00h06m38s | stage:objective-cut:soft-install bound=315 guard=360973 clauses_added=22
c 00h06m38s | stage:objective-cut:soft-probe search=step [LB,UB] = [0,315] next 315 source=install guard=360973
c 00h06m38s | stage:sat:round-entry encoder=log-scop assumptions=1 phase_lits=0 sat_vars=360973 base_clauses=686973
c 00h06m38s | stage:sat:init solver=CaDiCaL vars=360973 clauses=686973
c 00h06m38s | stage:sat:solve:start assumptions=1 phase_lits=0
c 00h06m45s | stage:sat:solve:done ms=7697 result=Sat assumptions=1 phase_lits=0
c 00h06m45s | stage:decode:start
c 00h06m45s | stage:decode:done int_assignments=63
c 00h06m45s | result:Sat
c 00h06m45s | objective:incumbent kind=improvement value=314 rounds=27 improvements=26
o 314
c 00h06m45s | stage:objective-cut:soft-result search=step bound=315 result=sat guard=360973 hard=guard [LB,UB] = [0,313]
c 00h06m45s | stage:objective-loop:enter encoder=log-scop mode=SoftCnf lower=0 upper=10111 has_incumbent=true soft_active=true
c 00h06m45s | stage:objective-cut:soft-install bound=313 guard=360987 clauses_added=21
c 00h06m45s | stage:objective-cut:soft-probe search=step [LB,UB] = [0,313] next 313 source=install guard=360987
c 00h06m45s | stage:sat:round-entry encoder=log-scop assumptions=1 phase_lits=0 sat_vars=360987 base_clauses=686995
c 00h06m45s | stage:sat:init solver=CaDiCaL vars=360987 clauses=686995
c 00h06m45s | stage:sat:solve:start assumptions=1 phase_lits=0
c 00h06m45s | stage:sat:solve:done ms=41 result=Sat assumptions=1 phase_lits=0
c 00h06m45s | stage:decode:start
c 00h06m45s | stage:decode:done int_assignments=63
c 00h06m45s | result:Sat
c 00h06m45s | objective:incumbent kind=improvement value=313 rounds=28 improvements=27
o 313
c 00h06m45s | stage:objective-cut:soft-result search=step bound=313 result=sat guard=360987 hard=guard [LB,UB] = [0,312]
c 00h06m45s | stage:objective-loop:enter encoder=log-scop mode=SoftCnf lower=0 upper=10111 has_incumbent=true soft_active=true
c 00h06m45s | stage:objective-cut:soft-install bound=312 guard=361000 clauses_added=20
c 00h06m45s | stage:objective-cut:soft-probe search=step [LB,UB] = [0,312] next 312 source=install guard=361000
c 00h06m45s | stage:sat:round-entry encoder=log-scop assumptions=1 phase_lits=0 sat_vars=361000 base_clauses=687016
c 00h06m45s | stage:sat:init solver=CaDiCaL vars=361000 clauses=687016
c 00h06m45s | stage:sat:solve:start assumptions=1 phase_lits=0
c 00h07m10s | stage:sat:solve:done ms=24536 result=Sat assumptions=1 phase_lits=0
c 00h07m10s | stage:decode:start
c 00h07m10s | stage:decode:done int_assignments=63
c 00h07m10s | result:Sat
c 00h07m10s | objective:incumbent kind=improvement value=312 rounds=29 improvements=28
o 312
c 00h07m10s | stage:objective-cut:soft-result search=step bound=312 result=sat guard=361000 hard=guard [LB,UB] = [0,311]
c 00h07m10s | stage:objective-loop:enter encoder=log-scop mode=SoftCnf lower=0 upper=10111 has_incumbent=true soft_active=true
c 00h07m10s | stage:objective-cut:soft-install bound=311 guard=361014 clauses_added=22
c 00h07m10s | stage:objective-cut:soft-probe search=step [LB,UB] = [0,311] next 311 source=install guard=361014
c 00h07m10s | stage:sat:round-entry encoder=log-scop assumptions=1 phase_lits=0 sat_vars=361014 base_clauses=687039
c 00h07m10s | stage:sat:init solver=CaDiCaL vars=361014 clauses=687039
c 00h07m10s | stage:sat:solve:start assumptions=1 phase_lits=0
c 00h07m10s | stage:sat:solve:done ms=41 result=Sat assumptions=1 phase_lits=0
c 00h07m10s | stage:decode:start
c 00h07m10s | stage:decode:done int_assignments=63
c 00h07m10s | result:Sat
c 00h07m10s | objective:incumbent kind=improvement value=311 rounds=30 improvements=29
o 311
c 00h07m10s | stage:objective-cut:soft-result search=step bound=311 result=sat guard=361014 hard=guard [LB,UB] = [0,310]
c 00h07m10s | stage:objective-loop:enter encoder=log-scop mode=SoftCnf lower=0 upper=10111 has_incumbent=true soft_active=true
c 00h07m10s | stage:objective-cut:soft-install bound=310 guard=361026 clauses_added=19
c 00h07m10s | stage:objective-cut:soft-probe search=step [LB,UB] = [0,310] next 310 source=install guard=361026
c 00h07m10s | stage:sat:round-entry encoder=log-scop assumptions=1 phase_lits=0 sat_vars=361026 base_clauses=687059
c 00h07m10s | stage:sat:init solver=CaDiCaL vars=361026 clauses=687059
c 00h07m10s | stage:sat:solve:start assumptions=1 phase_lits=0
c 00h07m38s | stage:sat:solve:done ms=27875 result=Sat assumptions=1 phase_lits=0
c 00h07m38s | stage:decode:start
c 00h07m38s | stage:decode:done int_assignments=63
c 00h07m38s | result:Sat
c 00h07m38s | objective:incumbent kind=improvement value=308 rounds=31 improvements=30
o 308
c 00h07m38s | stage:objective-cut:soft-result search=step bound=310 result=sat guard=361026 hard=guard [LB,UB] = [0,307]
c 00h07m38s | stage:objective-loop:enter encoder=log-scop mode=SoftCnf lower=0 upper=10111 has_incumbent=true soft_active=true
c 00h07m38s | stage:objective-cut:soft-install bound=307 guard=361040 clauses_added=23
c 00h07m38s | stage:objective-cut:soft-probe search=step [LB,UB] = [0,307] next 307 source=install guard=361040
c 00h07m38s | stage:sat:round-entry encoder=log-scop assumptions=1 phase_lits=0 sat_vars=361040 base_clauses=687083
c 00h07m38s | stage:sat:init solver=CaDiCaL vars=361040 clauses=687083
c 00h07m38s | stage:sat:solve:start assumptions=1 phase_lits=0
c 00h08m03s | stage:sat:solve:done ms=25193 result=Sat assumptions=1 phase_lits=0
c 00h08m03s | stage:decode:start
c 00h08m03s | stage:decode:done int_assignments=63
c 00h08m03s | result:Sat
c 00h08m03s | objective:incumbent kind=improvement value=306 rounds=32 improvements=31
o 306
c 00h08m03s | stage:objective-cut:soft-result search=step bound=307 result=sat guard=361040 hard=guard [LB,UB] = [0,305]
c 00h08m03s | stage:objective-loop:enter encoder=log-scop mode=SoftCnf lower=0 upper=10111 has_incumbent=true soft_active=true
c 00h08m03s | stage:objective-cut:soft-install bound=305 guard=361054 clauses_added=21
c 00h08m03s | stage:objective-cut:soft-probe search=step [LB,UB] = [0,305] next 305 source=install guard=361054
c 00h08m03s | stage:sat:round-entry encoder=log-scop assumptions=1 phase_lits=0 sat_vars=361054 base_clauses=687105
c 00h08m03s | stage:sat:init solver=CaDiCaL vars=361054 clauses=687105
c 00h08m03s | stage:sat:solve:start assumptions=1 phase_lits=0
c 00h08m37s | stage:sat:solve:done ms=34190 result=Sat assumptions=1 phase_lits=0
c 00h08m37s | stage:decode:start
c 00h08m37s | stage:decode:done int_assignments=63
c 00h08m37s | result:Sat
c 00h08m37s | objective:incumbent kind=improvement value=305 rounds=33 improvements=32
o 305
c 00h08m37s | stage:objective-cut:soft-result search=step bound=305 result=sat guard=361054 hard=guard [LB,UB] = [0,304]
c 00h08m37s | stage:objective-loop:enter encoder=log-scop mode=SoftCnf lower=0 upper=10111 has_incumbent=true soft_active=true
c 00h08m37s | stage:objective-cut:soft-install bound=304 guard=361067 clauses_added=20
c 00h08m37s | stage:objective-cut:soft-probe search=step [LB,UB] = [0,304] next 304 source=install guard=361067
c 00h08m37s | stage:sat:round-entry encoder=log-scop assumptions=1 phase_lits=0 sat_vars=361067 base_clauses=687126
c 00h08m37s | stage:sat:init solver=CaDiCaL vars=361067 clauses=687126
c 00h08m37s | stage:sat:solve:start assumptions=1 phase_lits=0
c 00h08m38s | stage:sat:solve:done ms=789 result=Sat assumptions=1 phase_lits=0
c 00h08m38s | stage:decode:start
c 00h08m38s | stage:decode:done int_assignments=63
c 00h08m38s | result:Sat
c 00h08m38s | objective:incumbent kind=improvement value=304 rounds=34 improvements=33
o 304
c 00h08m38s | stage:objective-cut:soft-result search=step bound=304 result=sat guard=361067 hard=guard [LB,UB] = [0,303]
c 00h08m38s | stage:objective-loop:enter encoder=log-scop mode=SoftCnf lower=0 upper=10111 has_incumbent=true soft_active=true
c 00h08m38s | stage:objective-cut:soft-install bound=303 guard=361081 clauses_added=22
c 00h08m38s | stage:objective-cut:soft-probe search=step [LB,UB] = [0,303] next 303 source=install guard=361081
c 00h08m38s | stage:sat:round-entry encoder=log-scop assumptions=1 phase_lits=0 sat_vars=361081 base_clauses=687149
c 00h08m38s | stage:sat:init solver=CaDiCaL vars=361081 clauses=687149
c 00h08m38s | stage:sat:solve:start assumptions=1 phase_lits=0
c 00h08m38s | stage:sat:solve:done ms=31 result=Sat assumptions=1 phase_lits=0
c 00h08m38s | stage:decode:start
c 00h08m38s | stage:decode:done int_assignments=63
c 00h08m38s | result:Sat
c 00h08m38s | objective:incumbent kind=improvement value=303 rounds=35 improvements=34
o 303
c 00h08m38s | stage:objective-cut:soft-result search=step bound=303 result=sat guard=361081 hard=guard [LB,UB] = [0,302]
c 00h08m38s | stage:objective-loop:enter encoder=log-scop mode=SoftCnf lower=0 upper=10111 has_incumbent=true soft_active=true
c 00h08m38s | stage:objective-cut:soft-install bound=302 guard=361093 clauses_added=19
c 00h08m38s | stage:objective-cut:soft-probe search=step [LB,UB] = [0,302] next 302 source=install guard=361093
c 00h08m38s | stage:sat:round-entry encoder=log-scop assumptions=1 phase_lits=0 sat_vars=361093 base_clauses=687169
c 00h08m38s | stage:sat:init solver=CaDiCaL vars=361093 clauses=687169
c 00h08m38s | stage:sat:solve:start assumptions=1 phase_lits=0
c 00h08m38s | stage:sat:solve:done ms=29 result=Sat assumptions=1 phase_lits=0
c 00h08m38s | stage:decode:start
c 00h08m38s | stage:decode:done int_assignments=63
c 00h08m38s | result:Sat
c 00h08m38s | objective:incumbent kind=improvement value=299 rounds=36 improvements=35
o 299
c 00h08m38s | stage:objective-cut:soft-result search=step bound=302 result=sat guard=361093 hard=guard [LB,UB] = [0,298]
c 00h08m38s | stage:objective-loop:enter encoder=log-scop mode=SoftCnf lower=0 upper=10111 has_incumbent=true soft_active=true
c 00h08m38s | stage:objective-cut:soft-install bound=298 guard=361104 clauses_added=18
c 00h08m38s | stage:objective-cut:soft-probe search=step [LB,UB] = [0,298] next 298 source=install guard=361104
c 00h08m38s | stage:sat:round-entry encoder=log-scop assumptions=1 phase_lits=0 sat_vars=361104 base_clauses=687188
c 00h08m38s | stage:sat:init solver=CaDiCaL vars=361104 clauses=687188
c 00h08m38s | stage:sat:solve:start assumptions=1 phase_lits=0
c 00h10m19s | stage:sat:solve:done ms=100439 result=Sat assumptions=1 phase_lits=0
c 00h10m19s | stage:decode:start
c 00h10m19s | stage:decode:done int_assignments=63
c 00h10m19s | result:Sat
c 00h10m19s | objective:incumbent kind=improvement value=294 rounds=37 improvements=36
o 294
c 00h10m19s | stage:objective-cut:soft-result search=step bound=298 result=sat guard=361104 hard=guard [LB,UB] = [0,293]
c 00h10m19s | stage:objective-loop:enter encoder=log-scop mode=SoftCnf lower=0 upper=10111 has_incumbent=true soft_active=true
c 00h10m19s | stage:objective-cut:soft-install bound=293 guard=361118 clauses_added=23
c 00h10m19s | stage:objective-cut:soft-probe search=step [LB,UB] = [0,293] next 293 source=install guard=361118
c 00h10m19s | stage:sat:round-entry encoder=log-scop assumptions=1 phase_lits=0 sat_vars=361118 base_clauses=687212
c 00h10m19s | stage:sat:init solver=CaDiCaL vars=361118 clauses=687212
c 00h10m19s | stage:sat:solve:start assumptions=1 phase_lits=0
c 00h10m19s | stage:sat:solve:done ms=34 result=Sat assumptions=1 phase_lits=0
c 00h10m19s | stage:decode:start
c 00h10m19s | stage:decode:done int_assignments=63
c 00h10m19s | result:Sat
c 00h10m19s | objective:incumbent kind=improvement value=293 rounds=38 improvements=37
o 293
c 00h10m19s | stage:objective-cut:soft-result search=step bound=293 result=sat guard=361118 hard=guard [LB,UB] = [0,292]
c 00h10m19s | stage:objective-loop:enter encoder=log-scop mode=SoftCnf lower=0 upper=10111 has_incumbent=true soft_active=true
c 00h10m19s | stage:objective-cut:soft-install bound=292 guard=361131 clauses_added=22
c 00h10m19s | stage:objective-cut:soft-probe search=step [LB,UB] = [0,292] next 292 source=install guard=361131
c 00h10m19s | stage:sat:round-entry encoder=log-scop assumptions=1 phase_lits=0 sat_vars=361131 base_clauses=687235
c 00h10m19s | stage:sat:init solver=CaDiCaL vars=361131 clauses=687235
c 00h10m19s | stage:sat:solve:start assumptions=1 phase_lits=0
c 00h10m19s | stage:sat:solve:done ms=40 result=Sat assumptions=1 phase_lits=0
c 00h10m19s | stage:decode:start
c 00h10m19s | stage:decode:done int_assignments=63
c 00h10m19s | result:Sat
c 00h10m19s | objective:incumbent kind=improvement value=291 rounds=39 improvements=38
o 291
c 00h10m19s | stage:objective-cut:soft-result search=step bound=292 result=sat guard=361131 hard=guard [LB,UB] = [0,290]
c 00h10m19s | stage:objective-loop:enter encoder=log-scop mode=SoftCnf lower=0 upper=10111 has_incumbent=true soft_active=true
c 00h10m19s | stage:objective-cut:soft-install bound=290 guard=361140 clauses_added=15
c 00h10m19s | stage:objective-cut:soft-probe search=step [LB,UB] = [0,290] next 290 source=install guard=361140
c 00h10m19s | stage:sat:round-entry encoder=log-scop assumptions=1 phase_lits=0 sat_vars=361140 base_clauses=687251
c 00h10m19s | stage:sat:init solver=CaDiCaL vars=361140 clauses=687251
c 00h10m19s | stage:sat:solve:start assumptions=1 phase_lits=0
c 00h10m59s | stage:sat:solve:done ms=39832 result=Sat assumptions=1 phase_lits=0
c 00h10m59s | stage:decode:start
c 00h10m59s | stage:decode:done int_assignments=63
c 00h10m59s | result:Sat
c 00h10m59s | objective:incumbent kind=improvement value=290 rounds=40 improvements=39
o 290
c 00h10m59s | stage:objective-cut:soft-result search=step bound=290 result=sat guard=361140 hard=guard [LB,UB] = [0,289]
c 00h10m59s | stage:objective-loop:enter encoder=log-scop mode=SoftCnf lower=0 upper=10111 has_incumbent=true soft_active=true
c 00h10m59s | stage:objective-cut:soft-install bound=289 guard=361154 clauses_added=21
c 00h10m59s | stage:objective-cut:soft-probe search=step [LB,UB] = [0,289] next 289 source=install guard=361154
c 00h10m59s | stage:sat:round-entry encoder=log-scop assumptions=1 phase_lits=0 sat_vars=361154 base_clauses=687273
c 00h10m59s | stage:sat:init solver=CaDiCaL vars=361154 clauses=687273
c 00h10m59s | stage:sat:solve:start assumptions=1 phase_lits=0
c 00h10m59s | stage:sat:solve:done ms=34 result=Sat assumptions=1 phase_lits=0
c 00h10m59s | stage:decode:start
c 00h10m59s | stage:decode:done int_assignments=63
c 00h10m59s | result:Sat
c 00h10m59s | objective:incumbent kind=improvement value=289 rounds=41 improvements=40
o 289
c 00h10m59s | stage:objective-cut:soft-result search=step bound=289 result=sat guard=361154 hard=guard [LB,UB] = [0,288]
c 00h10m59s | stage:objective-loop:enter encoder=log-scop mode=SoftCnf lower=0 upper=10111 has_incumbent=true soft_active=true
c 00h10m59s | stage:objective-cut:soft-install bound=288 guard=361167 clauses_added=20
c 00h10m59s | stage:objective-cut:soft-probe search=step [LB,UB] = [0,288] next 288 source=install guard=361167
c 00h10m59s | stage:sat:round-entry encoder=log-scop assumptions=1 phase_lits=0 sat_vars=361167 base_clauses=687294
c 00h10m59s | stage:sat:init solver=CaDiCaL vars=361167 clauses=687294
c 00h10m59s | stage:sat:solve:start assumptions=1 phase_lits=0
c 00h12m48s | stage:sat:solve:done ms=109452 result=Sat assumptions=1 phase_lits=0
c 00h12m48s | stage:decode:start
c 00h12m48s | stage:decode:done int_assignments=63
c 00h12m48s | result:Sat
c 00h12m48s | objective:incumbent kind=improvement value=288 rounds=42 improvements=41
o 288
c 00h12m48s | stage:objective-cut:soft-result search=step bound=288 result=sat guard=361167 hard=guard [LB,UB] = [0,287]
c 00h12m48s | stage:objective-loop:enter encoder=log-scop mode=SoftCnf lower=0 upper=10111 has_incumbent=true soft_active=true
c 00h12m48s | stage:objective-cut:soft-install bound=287 guard=361181 clauses_added=22
c 00h12m48s | stage:objective-cut:soft-probe search=step [LB,UB] = [0,287] next 287 source=install guard=361181
c 00h12m48s | stage:sat:round-entry encoder=log-scop assumptions=1 phase_lits=0 sat_vars=361181 base_clauses=687317
c 00h12m48s | stage:sat:init solver=CaDiCaL vars=361181 clauses=687317
c 00h12m48s | stage:sat:solve:start assumptions=1 phase_lits=0
c 00h12m55s | stage:sat:solve:done ms=6906 result=Sat assumptions=1 phase_lits=0
c 00h12m55s | stage:decode:start
c 00h12m55s | stage:decode:done int_assignments=63
c 00h12m55s | result:Sat
c 00h12m55s | objective:incumbent kind=improvement value=287 rounds=43 improvements=42
o 287
c 00h12m55s | stage:objective-cut:soft-result search=step bound=287 result=sat guard=361181 hard=guard [LB,UB] = [0,286]
c 00h12m55s | stage:objective-loop:enter encoder=log-scop mode=SoftCnf lower=0 upper=10111 has_incumbent=true soft_active=true
c 00h12m55s | stage:objective-cut:soft-install bound=286 guard=361193 clauses_added=19
c 00h12m55s | stage:objective-cut:soft-probe search=step [LB,UB] = [0,286] next 286 source=install guard=361193
c 00h12m55s | stage:sat:round-entry encoder=log-scop assumptions=1 phase_lits=0 sat_vars=361193 base_clauses=687337
c 00h12m55s | stage:sat:init solver=CaDiCaL vars=361193 clauses=687337
c 00h12m55s | stage:sat:solve:start assumptions=1 phase_lits=0
c 00h12m55s | stage:sat:solve:done ms=35 result=Sat assumptions=1 phase_lits=0
c 00h12m55s | stage:decode:start
c 00h12m55s | stage:decode:done int_assignments=63
c 00h12m55s | result:Sat
c 00h12m55s | objective:incumbent kind=improvement value=286 rounds=44 improvements=43
o 286
c 00h12m55s | stage:objective-cut:soft-result search=step bound=286 result=sat guard=361193 hard=guard [LB,UB] = [0,285]
c 00h12m55s | stage:objective-loop:enter encoder=log-scop mode=SoftCnf lower=0 upper=10111 has_incumbent=true soft_active=true
c 00h12m55s | stage:objective-cut:soft-install bound=285 guard=361207 clauses_added=22
c 00h12m55s | stage:objective-cut:soft-probe search=step [LB,UB] = [0,285] next 285 source=install guard=361207
c 00h12m55s | stage:sat:round-entry encoder=log-scop assumptions=1 phase_lits=0 sat_vars=361207 base_clauses=687360
c 00h12m55s | stage:sat:init solver=CaDiCaL vars=361207 clauses=687360
c 00h12m55s | stage:sat:solve:start assumptions=1 phase_lits=0
c 00h14m53s | stage:sat:solve:done ms=117796 result=Sat assumptions=1 phase_lits=0
c 00h14m53s | stage:decode:start
c 00h14m53s | stage:decode:done int_assignments=63
c 00h14m53s | result:Sat
c 00h14m53s | objective:incumbent kind=improvement value=285 rounds=45 improvements=44
o 285
c 00h14m53s | stage:objective-cut:soft-result search=step bound=285 result=sat guard=361207 hard=guard [LB,UB] = [0,284]
c 00h14m53s | stage:objective-loop:enter encoder=log-scop mode=SoftCnf lower=0 upper=10111 has_incumbent=true soft_active=true
c 00h14m53s | stage:objective-cut:soft-install bound=284 guard=361220 clauses_added=21
c 00h14m53s | stage:objective-cut:soft-probe search=step [LB,UB] = [0,284] next 284 source=install guard=361220
c 00h14m53s | stage:sat:round-entry encoder=log-scop assumptions=1 phase_lits=0 sat_vars=361220 base_clauses=687382
c 00h14m53s | stage:sat:init solver=CaDiCaL vars=361220 clauses=687382
c 00h14m53s | stage:sat:solve:start assumptions=1 phase_lits=0
c 00h14m53s | stage:sat:solve:done ms=33 result=Sat assumptions=1 phase_lits=0
c 00h14m53s | stage:decode:start
c 00h14m53s | stage:decode:done int_assignments=63
c 00h14m53s | result:Sat
c 00h14m53s | objective:incumbent kind=improvement value=284 rounds=46 improvements=45
o 284
c 00h14m53s | stage:objective-cut:soft-result search=step bound=284 result=sat guard=361220 hard=guard [LB,UB] = [0,283]
c 00h14m53s | stage:objective-loop:enter encoder=log-scop mode=SoftCnf lower=0 upper=10111 has_incumbent=true soft_active=true
c 00h14m53s | stage:objective-cut:soft-install bound=283 guard=361234 clauses_added=23
c 00h14m53s | stage:objective-cut:soft-probe search=step [LB,UB] = [0,283] next 283 source=install guard=361234
c 00h14m53s | stage:sat:round-entry encoder=log-scop assumptions=1 phase_lits=0 sat_vars=361234 base_clauses=687406
c 00h14m53s | stage:sat:init solver=CaDiCaL vars=361234 clauses=687406
c 00h14m53s | stage:sat:solve:start assumptions=1 phase_lits=0
c 00h15m22s | stage:sat:solve:done ms=29151 result=Sat assumptions=1 phase_lits=0
c 00h15m22s | stage:decode:start
c 00h15m22s | stage:decode:done int_assignments=63
c 00h15m22s | result:Sat
c 00h15m22s | objective:incumbent kind=improvement value=282 rounds=47 improvements=46
o 282
c 00h15m22s | stage:objective-cut:soft-result search=step bound=283 result=sat guard=361234 hard=guard [LB,UB] = [0,281]
c 00h15m22s | stage:objective-loop:enter encoder=log-scop mode=SoftCnf lower=0 upper=10111 has_incumbent=true soft_active=true
c 00h15m22s | stage:objective-cut:soft-install bound=281 guard=361248 clauses_added=22
c 00h15m22s | stage:objective-cut:soft-probe search=step [LB,UB] = [0,281] next 281 source=install guard=361248
c 00h15m22s | stage:sat:round-entry encoder=log-scop assumptions=1 phase_lits=0 sat_vars=361248 base_clauses=687429
c 00h15m22s | stage:sat:init solver=CaDiCaL vars=361248 clauses=687429
c 00h15m22s | stage:sat:solve:start assumptions=1 phase_lits=0
c 00h17m25s | stage:sat:solve:done ms=122917 result=Sat assumptions=1 phase_lits=0
c 00h17m25s | stage:decode:start
c 00h17m25s | stage:decode:done int_assignments=63
c 00h17m25s | result:Sat
c 00h17m25s | objective:incumbent kind=improvement value=281 rounds=48 improvements=47
o 281
c 00h17m25s | stage:objective-cut:soft-result search=step bound=281 result=sat guard=361248 hard=guard [LB,UB] = [0,280]
c 00h17m25s | stage:objective-loop:enter encoder=log-scop mode=SoftCnf lower=0 upper=10111 has_incumbent=true soft_active=true
c 00h17m25s | stage:objective-cut:soft-install bound=280 guard=361261 clauses_added=21
c 00h17m25s | stage:objective-cut:soft-probe search=step [LB,UB] = [0,280] next 280 source=install guard=361261
c 00h17m25s | stage:sat:round-entry encoder=log-scop assumptions=1 phase_lits=0 sat_vars=361261 base_clauses=687451
c 00h17m25s | stage:sat:init solver=CaDiCaL vars=361261 clauses=687451
c 00h17m25s | stage:sat:solve:start assumptions=1 phase_lits=0
c 00h19m42s | stage:sat:solve:done ms=137424 result=Sat assumptions=1 phase_lits=0
c 00h19m42s | stage:decode:start
c 00h19m42s | stage:decode:done int_assignments=63
c 00h19m42s | result:Sat
c 00h19m42s | objective:incumbent kind=improvement value=280 rounds=49 improvements=48
o 280
c 00h19m42s | stage:objective-cut:soft-result search=step bound=280 result=sat guard=361261 hard=guard [LB,UB] = [0,279]
c 00h19m42s | stage:objective-loop:enter encoder=log-scop mode=SoftCnf lower=0 upper=10111 has_incumbent=true soft_active=true
c 00h19m42s | stage:objective-cut:soft-install bound=279 guard=361275 clauses_added=23
c 00h19m42s | stage:objective-cut:soft-probe search=step [LB,UB] = [0,279] next 279 source=install guard=361275
c 00h19m42s | stage:sat:round-entry encoder=log-scop assumptions=1 phase_lits=0 sat_vars=361275 base_clauses=687475
c 00h19m42s | stage:sat:init solver=CaDiCaL vars=361275 clauses=687475
c 00h19m42s | stage:sat:solve:start assumptions=1 phase_lits=0
c 00h19m42s | stage:sat:solve:done ms=32 result=Sat assumptions=1 phase_lits=0
c 00h19m42s | stage:decode:start
c 00h19m42s | stage:decode:done int_assignments=63
c 00h19m42s | result:Sat
c 00h19m42s | objective:incumbent kind=improvement value=279 rounds=50 improvements=49
o 279
c 00h19m42s | stage:objective-cut:soft-result search=step bound=279 result=sat guard=361275 hard=guard [LB,UB] = [0,278]
c 00h19m42s | stage:objective-loop:enter encoder=log-scop mode=SoftCnf lower=0 upper=10111 has_incumbent=true soft_active=true
c 00h19m42s | stage:objective-cut:soft-install bound=278 guard=361287 clauses_added=20
c 00h19m42s | stage:objective-cut:soft-probe search=step [LB,UB] = [0,278] next 278 source=install guard=361287
c 00h19m42s | stage:sat:round-entry encoder=log-scop assumptions=1 phase_lits=0 sat_vars=361287 base_clauses=687496
c 00h19m42s | stage:sat:init solver=CaDiCaL vars=361287 clauses=687496
c 00h19m42s | stage:sat:solve:start assumptions=1 phase_lits=0
s SATISFIABLE
o 279
v <instantiation>
v   <list> s[1] s[2] s[3] s[4] s[5] s[6] s[7] s[8] s[9] s[10] s[11] s[12] s[13] s[14] s[15] s[16] s[17] s[18] s[19] s[20] s[21] s[22] s[23] s[24] s[25] s[26] s[27] s[28] s[29] s[30] s[31] s[32] s[33] s[34] s[35] s[36] s[37] s[38] s[39] s[40] s[41] s[42] s[43] s[44] s[45] s[46] s[47] s[48] s[49] s[50] s[51] s[52] s[53] s[54] s[55] s[56] s[57] s[58] s[59] s[60] s[61] s[62] objective </list>
v   <values> 0 3 0 0 8 6 9 3 9 8 15 19 27 11 10 11 18 19 24 21 23 30 10 34 17 32 39 33 31 30 38 40 41 9 18 39 23 16 35 46 29 39 44 52 44 38 47 51 48 51 60 63 45 71 50 61 1 76 59 82 54 85 279 </values>
v </instantiation>
d OBJECTIVE_VALUE 279
d OPTIMAL 0
d OBJECTIVE_ROUNDS 50
d OBJECTIVE_IMPROVEMENTS 49
d COP_INCUMBENT_ELAPSED_MS 1182859
d SOLVE_ELAPSED_MS 1199886
d CURRENT_STAGE sat
d CURRENT_STAGE_ELAPSED_MS 17027
d LAST_COMPLETED_STAGE decode
d STAGE_PARSE_STATUS pending
d STAGE_PROPAGATE_STATUS done
d STAGE_NORMALIZE_STATUS done
d STAGE_LOWER_STATUS done
d STAGE_POST_LOWER_STATUS done
d STAGE_PREENCODE_STATUS done
d STAGE_ENCODE_STATUS done
d STAGE_SAT_STATUS running
d STAGE_DECODE_STATUS done
d STAGE_RELAXATION_STATUS pending
d STAGE_DUMP_CNF_STATUS pending
d SOURCE_CONSTRAINTS 2008
d NORMALIZED_CONSTRAINTS 2008
d LOWERED_CONSTRAINTS 2008
d UNSUPPORTED_CONSTRAINTS 0
d SAT_VARS 360626
d SAT_CLAUSES_BASE 686423
d SAT_CLAUSES_FINAL 686423
d SAT_CLAUSES_CEGAR_DELTA 0
d MEMORY_RSS_BYTES 608198656
d MEMORY_RSS_AFTER_PROPAGATE_BYTES 6668288
d MEMORY_RSS_AFTER_LOWER_BYTES 7475200
d MEMORY_RSS_AFTER_POST_LOWER_BYTES 7475200
d MEMORY_RSS_BEFORE_PREENCODE_BYTES 607264768
d MEMORY_RSS_AFTER_PREENCODE_BYTES 607264768
d MEMORY_RSS_BEFORE_ENCODE_BYTES 607383552
d MEMORY_RSS_ENCODE_SAMPLE_INTERVAL_CLAUSES 1000000
d MEMORY_RSS_ENCODE_SAMPLE_COUNT 10
d MEMORY_RSS_ENCODE_LAST_SAMPLE_CLAUSE 686423
d MEMORY_RSS_ENCODE_LAST_SAMPLE_BYTES 608198656
d MEMORY_RSS_ENCODE_MAX_SAMPLE_BYTES 608198656
d CSP_INT_VARS 63
d CSP_CONSTRAINTS 2008
d CSP_INTENTIONAL 2004
d CSP_GLOBAL 4
d CSP_EXTENSIONAL 0
d CSP_ALLDIFF 0
d CSP_CUMULATIVE 4
d CSP_TABLE 0
d CSP_DOMAIN_SPAN_MEDIAN 85
d CSP_DOMAIN_SPAN_MAX 10111
d N_CUMULATIVE 4
d N_TABLE 0
d SAT_CONFLICTS 1540803
d CUMULATIVE_EXTPROP_CONSTRAINTS 4
d CUMULATIVE_EXTPROP_OBSERVED_VARS 304
d CUMULATIVE_EXTPROP_OBSERVED_LITS 304
d CUMULATIVE_EXTPROP_OBSERVED_LIT_OCCURRENCES 919
d CUMULATIVE_EXTPROP_NOTIFY_ASSIGNMENT_CALLS 2136180
d CUMULATIVE_EXTPROP_NOTIFY_ASSIGNMENT_LITS 17269307
d CUMULATIVE_EXTPROP_NOTIFY_NEW_DECISION_LEVEL_CALLS 4449692
d CUMULATIVE_EXTPROP_NOTIFY_BACKTRACK_CALLS 1749993
d CUMULATIVE_EXTPROP_CB_CHECK_FOUND_MODEL_CALLS 50
d CUMULATIVE_EXTPROP_CB_CHECK_FOUND_MODEL_REJECTS 0
d CUMULATIVE_EXTPROP_CB_PROPAGATE_CALLS 1869502
d CUMULATIVE_EXTPROP_CB_PROPAGATE_CONFLICTS 0
d CUMULATIVE_EXTPROP_PROPAGATED_LITS 0
d CUMULATIVE_EXTPROP_REASON_CLAUSES 0
d CUMULATIVE_EXTPROP_REASON_CLAUSE_LITS 0
d CUMULATIVE_EXTPROP_REASON_CLAUSE_MAX_LEN 0
d CUMULATIVE_EXTPROP_CB_HAS_EXTERNAL_CLAUSE_CALLS 4517314
d CUMULATIVE_EXTPROP_CB_ADD_EXTERNAL_CLAUSE_LIT_CALLS 0
d CUMULATIVE_EXTPROP_EXTERNAL_CLAUSES 0
d CUMULATIVE_EXTPROP_EXTERNAL_CLAUSE_LITS 0
d CUMULATIVE_EXTPROP_EXTERNAL_CLAUSE_MAX_LEN 0
d CUMULATIVE_EXTPROP_PARTIAL_VIOLATION_CALLS 7165796
d CUMULATIVE_EXTPROP_COMPULSORY_VIOLATION_CALLS 7165796
d CUMULATIVE_EXTPROP_BOUND_PROPAGATION_CALLS 0
d CUMULATIVE_EXTPROP_BOUND_REASON_CALLS 0
d CUMULATIVE_EXTPROP_PARTIAL_SUMMARY_TASK_EVALS 324592671
d CUMULATIVE_EXTPROP_BOUND_SUMMARY_TASK_EVALS 324592671
d CUMULATIVE_EXTPROP_BOUND_EVENT_PAIRS 0
d CUMULATIVE_EXTPROP_LOWER_BOUND_LIT_CALLS 0
d CUMULATIVE_EXTPROP_UPPER_BOUND_LIT_CALLS 0
d CUMULATIVE_EXTPROP_LOG_WITNESS_CHECKS 0
d LINEAR_INT_EQ_ARITY_STATS {"104":{"count":1,"max_domain_product_excluding_one_var":"340282366920938463463374607431768211455","p95_domain_product_excluding_one_var":"340282366920938463463374607431768211455"}}
d LINEAR_INT_NE_ARITY_STATS {}
d LINEAR_INT_GE_ARITY_STATS {"1":{"count":4236,"max_domain_product_excluding_one_var":"1","p95_domain_product_excluding_one_var":"1"},"2":{"count":360,"max_domain_product_excluding_one_var":"78","p95_domain_product_excluding_one_var":"42"}}
d LINEAR_BOOL_MIXED_ARITY_STATS {"2":{"count":5,"max_domain_product_excluding_one_var":"2","p95_domain_product_excluding_one_var":"2"},"3":{"count":9,"max_domain_product_excluding_one_var":"4","p95_domain_product_excluding_one_var":"4"},"4":{"count":4,"max_domain_product_excluding_one_var":"8","p95_domain_product_excluding_one_var":"8"},"5":{"count":10,"max_domain_product_excluding_one_var":"16","p95_domain_product_excluding_one_var":"16"},"6":{"count":10,"max_domain_product_excluding_one_var":"32","p95_domain_product_excluding_one_var":"32"},"7":{"count":3,"max_domain_product_excluding_one_var":"64","p95_domain_product_excluding_one_var":"64"},"8":{"count":18,"max_domain_product_excluding_one_var":"128","p95_domain_product_excluding_one_var":"128"},"9":{"count":10,"max_domain_product_excluding_one_var":"256","p95_domain_product_excluding_one_var":"256"},"10":{"count":12,"max_domain_product_excluding_one_var":"512","p95_domain_product_excluding_one_var":"512"},"11":{"count":18,"max_domain_product_excluding_one_var":"1024","p95_domain_product_excluding_one_var":"1024"},"12":{"count":4,"max_domain_product_excluding_one_var":"2048","p95_domain_product_excluding_one_var":"2048"},"13":{"count":19,"max_domain_product_excluding_one_var":"4096","p95_domain_product_excluding_one_var":"4096"},"14":{"count":11,"max_domain_product_excluding_one_var":"8192","p95_domain_product_excluding_one_var":"8192"},"15":{"count":5,"max_domain_product_excluding_one_var":"16384","p95_domain_product_excluding_one_var":"16384"},"16":{"count":3,"max_domain_product_excluding_one_var":"32768","p95_domain_product_excluding_one_var":"32768"},"17":{"count":16,"max_domain_product_excluding_one_var":"65536","p95_domain_product_excluding_one_var":"65536"},"18":{"count":12,"max_domain_product_excluding_one_var":"131072","p95_domain_product_excluding_one_var":"131072"},"19":{"count":13,"max_domain_product_excluding_one_var":"262144","p95_domain_product_excluding_one_var":"262144"},"20":{"count":17,"max_domain_product_excluding_one_var":"524288","p95_domain_product_excluding_one_var":"524288"},"21":{"count":9,"max_domain_product_excluding_one_var":"1048576","p95_domain_product_excluding_one_var":"1048576"},"22":{"count":13,"max_domain_product_excluding_one_var":"2097152","p95_domain_product_excluding_one_var":"2097152"},"23":{"count":13,"max_domain_product_excluding_one_var":"4194304","p95_domain_product_excluding_one_var":"4194304"},"24":{"count":26,"max_domain_product_excluding_one_var":"8388608","p95_domain_product_excluding_one_var":"8388608"},"25":{"count":15,"max_domain_product_excluding_one_var":"16777216","p95_domain_product_excluding_one_var":"16777216"},"26":{"count":12,"max_domain_product_excluding_one_var":"33554432","p95_domain_product_excluding_one_var":"33554432"},"27":{"count":12,"max_domain_product_excluding_one_var":"67108864","p95_domain_product_excluding_one_var":"67108864"},"28":{"count":15,"max_domain_product_excluding_one_var":"134217728","p95_domain_product_excluding_one_var":"134217728"},"29":{"count":6,"max_domain_product_excluding_one_var":"268435456","p95_domain_product_excluding_one_var":"268435456"},"30":{"count":5,"max_domain_product_excluding_one_var":"536870912","p95_domain_product_excluding_one_var":"536870912"},"31":{"count":8,"max_domain_product_excluding_one_var":"1073741824","p95_domain_product_excluding_one_var":"1073741824"},"32":{"count":3,"max_domain_product_excluding_one_var":"2147483648","p95_domain_product_excluding_one_var":"2147483648"},"33":{"count":2,"max_domain_product_excluding_one_var":"4294967296","p95_domain_product_excluding_one_var":"4294967296"},"34":{"count":2,"max_domain_product_excluding_one_var":"8589934592","p95_domain_product_excluding_one_var":"8589934592"}}
d ROOT_LP_ENTERED 1
d ROOT_LP_STATUS skipped
d OBJECTIVE_NAIVE_LOWER 0
d OBJECTIVE_NAIVE_UPPER 10111
d ROOT_LP_MS 60013
d ROOT_LP_NATIVE_GATE_GE_TOTAL 4596
d ROOT_LP_NATIVE_GATE_EQ_TOTAL 1
d ROOT_LP_NATIVE_GATE_GE_MAX_ARITY 2
d ROOT_LP_NATIVE_GATE_GE_MAX_DOMAIN_PRODUCT 78
d ROOT_LP_NATIVE_GATE_BOOL_MIXED_MAX_ARITY 34
d ROOT_LP_REASON lpo: failed to solve root LP with kat-lpo: LP wall-clock time limit reached during native-simplex pivot row update
d OBJECTIVE_CUT_TIMING incremental-soft
d OBJECTIVE_CUT_BACKEND cnf
d OBJECTIVE_CUT_FORM direct-expr
d PROPAGATE_PRUNED_VALUES 3557
d PROPAGATE_CHANGED_DOMAINS 62
d PROPAGATE_ENTAILED_TABLES 0
d POST_LOWER_ROUNDS 1
d POST_LOWER_TIGHTENED_DOMAINS 1
d POST_LOWER_REMOVED_CLAUSES 805
d POST_LOWER_REMOVED_LITS 615
d POST_LOWER_DETECTED_UNSAT 0
d PREENCODE_INT_VARS 187
d ENCODE_EXTERNAL_GE_SPECS 0
d ENCODE_RELAXED_CIRCUITS 0
d LOG_SCOP_LINEAR_PB_CONSTRAINTS 7557
d LOG_SCOP_LINEAR_PB_MIXED_DISPATCH_CONSTRAINTS 0
d LOG_SCOP_LINEAR_PB_MIXED_ATTEMPT_BDD 0
d LOG_SCOP_LINEAR_PB_MIXED_ATTEMPT_SORTER 0
d LOG_SCOP_LINEAR_PB_MIXED_ATTEMPT_DADDA 0
d LOG_SCOP_LINEAR_PB_MIXED_REJECT_BDD_BUDGET 0
d LOG_SCOP_LINEAR_PB_MIXED_REJECT_SORTER_BUDGET 0
d LOG_SCOP_LINEAR_PB_MIXED_FALLBACK_BDD_TO_SORTER 0
d LOG_SCOP_LINEAR_PB_MIXED_FALLBACK_BDD_TO_DADDA 0
d LOG_SCOP_LINEAR_PB_MIXED_FALLBACK_SORTER_TO_BDD 0
d LOG_SCOP_LINEAR_PB_MIXED_FALLBACK_SORTER_TO_DADDA 0
d LOG_SCOP_LINEAR_PB_BACKEND_BDD2 7557
d LOG_SCOP_LINEAR_PB_BACKEND_BDD3 0
d LOG_SCOP_LINEAR_PB_BACKEND_SORTER 0
d LOG_SCOP_LINEAR_PB_BACKEND_DADDA 0
d LOG_SCOP_LINEAR_PB_BDD_DECOMPOSITION_RAW 7557
d LOG_SCOP_LINEAR_PB_BDD_DECOMPOSITION_BINARY 0
d LOG_SCOP_LINEAR_PB_BDD_DECOMPOSITION_MULTIBASE 0
d MEMORY_RSS_BYTES 608198656
d MEMORY_RSS_AFTER_PROPAGATE_BYTES 6668288
d MEMORY_RSS_AFTER_LOWER_BYTES 7475200
d MEMORY_RSS_AFTER_POST_LOWER_BYTES 7475200
d MEMORY_RSS_BEFORE_PREENCODE_BYTES 607264768
d MEMORY_RSS_AFTER_PREENCODE_BYTES 607264768
d MEMORY_RSS_BEFORE_ENCODE_BYTES 607383552
d MEMORY_RSS_ENCODE_SAMPLE_INTERVAL_CLAUSES 1000000
d MEMORY_RSS_ENCODE_SAMPLE_COUNT 10
d MEMORY_RSS_ENCODE_LAST_SAMPLE_CLAUSE 686423
d MEMORY_RSS_ENCODE_LAST_SAMPLE_BYTES 608198656
d MEMORY_RSS_ENCODE_MAX_SAMPLE_BYTES 608198656
d DECODE_INT_ASSIGNMENTS 63
d CIRCUIT_CEGAR_FAILURES 0
d CIRCUIT_CEGAR_ROUNDS 0
d CIRCUIT_CEGAR_ADDED_CLAUSES 0
d CUMULATIVE_CEGAR_FAILURES 0
d CUMULATIVE_CEGAR_ROUNDS 0
d CUMULATIVE_CEGAR_ADDED_CLAUSES 0
d COP_CEGAR_FAILURES 0
d COP_CEGAR_ROUNDS 0
d COP_CEGAR_ADDED_CLAUSES 0
d CSV /bench/2017/rcpsp-wet/rcpsp-wet.mzn,sat,2008,2008,2008,0,360626,686423,1199886,,,,,,,1,skipped,0,10111,,,,60013,,,,,,,timeout_signal,incumbent_interrupted_by_signal
signal=15; emitted incumbent csv row
c run_end_local: 2026-06-20 21:42:39 +0900
