# WCTIME: wall clock time in seconds
WCTIME=150.14
# CPUTIME: CPU time in seconds (USERTIME+SYSTEMTIME)
CPUTIME=149.333
# USERTIME: CPU time spent in user mode in seconds
USERTIME=147.011
# SYSTEMTIME: CPU time spent in system mode in seconds
SYSTEMTIME=2.32178
# CPUUSAGE: CPUTIME/WCTIME in percent
CPUUSAGE=99.4629
# MAXVM: maximum virtual memory used in KiB
MAXVM=2493212
# MAXMM: maximum memory used in KiB
MAXMM=2085664
# MAXRSS: maximum Resident Segment Size in KiB
MAXRSS=2082624
# TIMEOUT: did the solver exceed the time limit?
TIMEOUT=false
# MEMOUT: did the solver exceed the memory limit?
MEMOUT=false
# EXITSTATUS: Exit status of the solver
EXITSTATUS=0
