# WCTIME: wall clock time in seconds
WCTIME=50.3108
# CPUTIME: CPU time in seconds (USERTIME+SYSTEMTIME)
CPUTIME=49.7747
# USERTIME: CPU time spent in user mode in seconds
USERTIME=48.3646
# SYSTEMTIME: CPU time spent in system mode in seconds
SYSTEMTIME=1.41011
# CPUUSAGE: CPUTIME/WCTIME in percent
CPUUSAGE=98.9344
# MAXVM: maximum virtual memory used in KiB
MAXVM=1819732
# MAXMM: maximum memory used in KiB
MAXMM=1564848
# MAXRSS: maximum Resident Segment Size in KiB
MAXRSS=1561932
# TIMEOUT: did the solver exceed the time limit?
TIMEOUT=false
# MEMOUT: did the solver exceed the memory limit?
MEMOUT=false
# EXITSTATUS: Exit status of the solver
EXITSTATUS=0
