# WCTIME: wall clock time in seconds
WCTIME=1800.24
# CPUTIME: CPU time in seconds (USERTIME+SYSTEMTIME)
CPUTIME=1790.26
# USERTIME: CPU time spent in user mode in seconds
USERTIME=1786.63
# SYSTEMTIME: CPU time spent in system mode in seconds
SYSTEMTIME=3.63089
# CPUUSAGE: CPUTIME/WCTIME in percent
CPUUSAGE=99.4458
# MAXVM: maximum virtual memory used in KiB
MAXVM=1259644
# MAXMM: maximum memory used in KiB
MAXMM=1039400
# MAXRSS: maximum Resident Segment Size in KiB
MAXRSS=1036268
# TIMEOUT: did the solver exceed the time limit?
TIMEOUT=true
# MEMOUT: did the solver exceed the memory limit?
MEMOUT=false
# EXITSTATUS: Exit status of the solver
EXITSTATUS=36608
