# WCTIME: wall clock time in seconds
WCTIME=5.36605
# CPUTIME: CPU time in seconds (USERTIME+SYSTEMTIME)
CPUTIME=5.32652
# USERTIME: CPU time spent in user mode in seconds
USERTIME=5.1321
# SYSTEMTIME: CPU time spent in system mode in seconds
SYSTEMTIME=0.194421
# CPUUSAGE: CPUTIME/WCTIME in percent
CPUUSAGE=99.2634
# MAXVM: maximum virtual memory used in KiB
MAXVM=617664
# MAXMM: maximum memory used in KiB
MAXMM=411836
# MAXRSS: maximum Resident Segment Size in KiB
MAXRSS=408868
# TIMEOUT: did the solver exceed the time limit?
TIMEOUT=false
# MEMOUT: did the solver exceed the memory limit?
MEMOUT=false
# EXITSTATUS: Exit status of the solver
EXITSTATUS=0
