c cmd: /host-parser-bin/kat_xcsp_d7450190 /bench/competition/2022-2025/COP22to25/EchelonStock2-A01_c22.xml.lzma --encoder portfolio --portfolio-strategy v3 --cop-pipeline guarded-basic --cop-objective-cut direct-expr --cop-objective-cut-timing incremental-soft --cop-objective-cut-backend cnf --table-encoding mdd-tl --cumulative-mode exact --cumulative-decomposition time-rd --progress --log-scop-linear-pb-backend auto --log-scop-bdd-decomposition auto --log-scop-aggregate-weighted-lits --order-ge-shorten-link-cost --direct-eq-ne-max-arity 2 --eq-ne-encoding direct --portfolio-log-scop-eq-ne-encoding ge-rewrite --cop-objective-phase auto --cop-objective-search trisection --cop-objective-search-fallback-budget 180
c version: kat-cli=0.1.0 git=unknown-clean
c run_start_local: 2026-06-16 11:32:55 +0900
c 00h00m00s | solve:start
c 00h00m00s | stage:objective-cut timing=incremental-soft backend=cnf form=direct-expr
c 00h00m00s | input: constraints=213
c 00h00m00s | stage:propagate:start
c 00h00m00s | stage:propagate:done ms=0 pruned=36 changed_domains=6 entailed_tables=0
c 00h00m00s | memory:rss checkpoint=after_propagate bytes=5058560 rss=4.82MiB
c 00h00m00s | stage:normalize:start
c 00h00m00s | stage:normalize:done ms=0 high_constraints=213
c 00h00m00s | stage:lower:start
c 00h00m00s | stage:lower:progress percent=10 processed=22 total=213 lowered=22 unsupported=0 ms=0
c 00h00m00s | stage:lower:progress percent=20 processed=43 total=213 lowered=43 unsupported=0 ms=0
c 00h00m00s | stage:lower:progress percent=30 processed=64 total=213 lowered=64 unsupported=0 ms=0
c 00h00m00s | stage:lower:progress percent=40 processed=86 total=213 lowered=86 unsupported=0 ms=0
c 00h00m00s | stage:lower:progress percent=50 processed=107 total=213 lowered=107 unsupported=0 ms=0
c 00h00m00s | stage:lower:progress percent=60 processed=128 total=213 lowered=128 unsupported=0 ms=0
c 00h00m00s | stage:lower:progress percent=70 processed=150 total=213 lowered=150 unsupported=0 ms=1
c 00h00m00s | stage:lower:progress percent=80 processed=171 total=213 lowered=171 unsupported=0 ms=1
c 00h00m00s | stage:lower:progress percent=90 processed=192 total=213 lowered=192 unsupported=0 ms=1
c 00h00m00s | stage:lower:progress percent=100 processed=213 total=213 lowered=213 unsupported=0 ms=1
c 00h00m00s | stage:lower:done ms=1 lowered=213 unsupported=0
c 00h00m00s | memory:rss checkpoint=after_lower bytes=5058560 rss=4.82MiB
c 00h00m00s | stage:post_lower:start
c 00h00m00s | stage:post_lower:done ms=1 rounds=5 tightened=7 removed_cls=3 removed_lits=0 unsat=false precise_hits=221 precise_rounds=1 pivot_recomputes=85 pivot_exact_attempts=85 pivot_general_attempts=78 pivot_general_rest_missing=0 pivot_general_bound_missing=0 pivot_general_no_change=76 pivot_general_tightened=2 setup_ms=0 loop_ms=0 pivot_ms=0 pivot_version_ms=0 pivot_exact_ms=0 pivot_general_ms=0 pivot_general_prepare_ms=0 pivot_general_rest_ms=0 pivot_general_derive_ms=0 apply_ms=0 sat_ms=0 precise_ms=0
c 00h00m00s | memory:rss checkpoint=after_post_lower bytes=5328896 rss=5.08MiB
c 00h00m00s | stage:lowered-shape int_vars=144 bool_vars=0 linear_atoms=306 table_atoms=0 table_tuples=0 table_scope=0 alldiff_atoms=0 circuit_atoms=0 product_atoms=0 logical_clauses=210
c 00h00m00s | stage:root-lp:skip reason=disabled ms=0
c 00h00m00s | memory:rss checkpoint=before_preencode bytes=5328896 rss=5.08MiB
c 00h00m00s | stage:preencode(log-scop):start
c 00h00m00s | stage:preencode(log-scop):done ms=0 int_vars=144
c 00h00m00s | memory:rss checkpoint=after_preencode bytes=5328896 rss=5.08MiB
c 00h00m00s | memory:rss checkpoint=before_encode bytes=5328896 rss=5.08MiB
c 00h00m00s | stage:encode(log-scop):start
c 00h00m00s | memory:rss checkpoint=encode_clause_sample stage=log-scop clauses=4290 bytes=7696384 rss=7.34MiB progress_percent=10 processed=36 total=354
c 00h00m00s | stage:encode(log-scop):progress percent=10 processed=36 total=354 sat_clauses=4290 ms=1
c 00h00m00s | memory:rss checkpoint=encode_clause_sample stage=log-scop clauses=15467 bytes=7962624 rss=7.59MiB progress_percent=20 processed=71 total=354
c 00h00m00s | stage:encode(log-scop):progress percent=20 processed=71 total=354 sat_clauses=15467 ms=3
c 00h00m00s | memory:rss checkpoint=encode_clause_sample stage=log-scop clauses=15935 bytes=7962624 rss=7.59MiB progress_percent=30 processed=107 total=354
c 00h00m00s | stage:encode(log-scop):progress percent=30 processed=107 total=354 sat_clauses=15935 ms=3
c 00h00m00s | memory:rss checkpoint=encode_clause_sample stage=log-scop clauses=16538 bytes=7962624 rss=7.59MiB progress_percent=40 processed=142 total=354
c 00h00m00s | stage:encode(log-scop):progress percent=40 processed=142 total=354 sat_clauses=16538 ms=3
c 00h00m00s | memory:rss checkpoint=encode_clause_sample stage=log-scop clauses=26202 bytes=7962624 rss=7.59MiB progress_percent=50 processed=177 total=354
c 00h00m00s | stage:encode(log-scop):progress percent=50 processed=177 total=354 sat_clauses=26202 ms=4
c 00h00m00s | memory:rss checkpoint=encode_clause_sample stage=log-scop clauses=41801 bytes=7962624 rss=7.59MiB progress_percent=60 processed=213 total=354
c 00h00m00s | stage:encode(log-scop):progress percent=60 processed=213 total=354 sat_clauses=41801 ms=7
c 00h00m00s | memory:rss checkpoint=encode_clause_sample stage=log-scop clauses=41801 bytes=7962624 rss=7.59MiB progress_percent=70 processed=248 total=354
c 00h00m00s | stage:encode(log-scop):progress percent=70 processed=248 total=354 sat_clauses=41801 ms=7
c 00h00m00s | memory:rss checkpoint=encode_clause_sample stage=log-scop clauses=41801 bytes=7962624 rss=7.59MiB progress_percent=80 processed=284 total=354
c 00h00m00s | stage:encode(log-scop):progress percent=80 processed=284 total=354 sat_clauses=41801 ms=7
c 00h00m00s | memory:rss checkpoint=encode_clause_sample stage=log-scop clauses=41801 bytes=7962624 rss=7.59MiB progress_percent=90 processed=319 total=354
c 00h00m00s | stage:encode(log-scop):progress percent=90 processed=319 total=354 sat_clauses=41801 ms=7
c 00h00m00s | memory:rss checkpoint=encode_clause_sample stage=log-scop clauses=41801 bytes=7962624 rss=7.59MiB progress_percent=100 processed=354 total=354
c 00h00m00s | stage:encode(log-scop):progress percent=100 processed=354 total=354 sat_clauses=41801 ms=7
c 00h00m00s | stage:encode(log-scop):done ms=19 sat_vars=23170 sat_clauses=41801 ext_ge_specs=0 relaxed_circuits=0 log_scop_pb_constraints=569 log_scop_pb_mixed=0 log_scop_pb_bdd2=569 log_scop_pb_bdd3=0 log_scop_pb_sorter=0 log_scop_pb_dadda=0 log_scop_bdd_raw=569 log_scop_bdd_binary=0 log_scop_bdd_multibase=0
c 00h00m00s | stage:objective-cut timing=incremental-soft backend=cnf form=direct-expr
c 00h00m00s | stage:sat:init solver=CaDiCaL vars=23170 clauses=41801
c 00h00m00s | stage:sat:solve:start assumptions=0 phase_lits=0
c 00h00m00s | stage:sat:solve:done ms=56 result=Sat assumptions=0 phase_lits=0
c 00h00m00s | stage:decode:start
c 00h00m00s | stage:decode:done int_assignments=144
c 00h00m00s | result:Sat
c 00h00m00s | objective:incumbent kind=initial value=67050 rounds=1 improvements=0
o 67050
c objective-cut:rss-guard enabled=false
c 00h00m00s | stage:objective-cut:soft-install bound=44700 guard=78164 clauses_added=109470
c 00h00m00s | stage:objective-cut:soft-probe search=trisection [LB,UB] = [0,67049] next 44700 source=install guard=78164
c 00h00m00s | stage:sat:init solver=CaDiCaL vars=78164 clauses=151271
c 00h00m00s | stage:sat:solve:start assumptions=1 phase_lits=617
c 00h00m05s | stage:sat:solve:done ms=5192 result=Sat assumptions=1 phase_lits=617
c 00h00m05s | stage:decode:start
c 00h00m05s | stage:decode:done int_assignments=144
c 00h00m05s | result:Sat
c 00h00m05s | objective:incumbent kind=improvement value=44450 rounds=2 improvements=1
o 44450
c 00h00m05s | stage:objective-cut:soft-result search=trisection bound=44700 result=sat guard=78164 hard=guard [LB,UB] = [0,44449]
c objective-cut:rss-guard enabled=false
c 00h00m05s | stage:objective-cut:soft-install bound=29633 guard=122006 clauses_added=87240
c 00h00m05s | stage:objective-cut:soft-probe search=trisection [LB,UB] = [0,44449] next 29633 source=install guard=122006
c 00h00m05s | stage:sat:init solver=CaDiCaL vars=122006 clauses=238512
c 00h00m05s | stage:sat:solve:start assumptions=1 phase_lits=617
c 00h03m05s | stage:sat:solve:done ms=180000 result=Unknown assumptions=1 phase_lits=617
c 00h03m05s | result:unknown reason=sat_solver_returned_unknown
c 00h03m05s | result:Unknown
c 00h03m05s | stage:objective-cut:soft-fallback search=trisection reason=budget-exhausted budget_s=180 mode=step incumbent=44450 [LB,UB]=[0,44449]
c objective-cut:rss-guard enabled=false
c 00h03m05s | stage:objective-cut:soft-install bound=44449 guard=176925 clauses_added=109321
c 00h03m05s | stage:objective-cut:soft-probe search=step [LB,UB] = [0,44449] next 44449 source=install guard=176925
c 00h03m05s | stage:sat:init solver=CaDiCaL vars=176925 clauses=347833
c 00h03m05s | stage:sat:solve:start assumptions=1 phase_lits=617
c 00h03m29s | stage:sat:solve:done ms=24202 result=Sat assumptions=1 phase_lits=617
c 00h03m29s | stage:decode:start
c 00h03m29s | stage:decode:done int_assignments=144
c 00h03m29s | result:Sat
c 00h03m29s | objective:incumbent kind=improvement value=43250 rounds=3 improvements=2
o 43250
c 00h03m29s | stage:objective-cut:soft-result search=step bound=44449 result=sat guard=176925 hard=guard [LB,UB] = [0,43249]
c objective-cut:rss-guard enabled=false
c 00h03m29s | stage:objective-cut:soft-install bound=43249 guard=231036 clauses_added=107711
c 00h03m29s | stage:objective-cut:soft-probe search=step [LB,UB] = [0,43249] next 43249 source=install guard=231036
c 00h03m29s | stage:sat:init solver=CaDiCaL vars=231036 clauses=455545
c 00h03m29s | stage:sat:solve:start assumptions=1 phase_lits=617
c 00h03m30s | stage:sat:solve:done ms=1012 result=Sat assumptions=1 phase_lits=617
c 00h03m30s | stage:decode:start
c 00h03m30s | stage:decode:done int_assignments=144
c 00h03m30s | result:Sat
c 00h03m30s | objective:incumbent kind=improvement value=43100 rounds=4 improvements=3
o 43100
c 00h03m30s | stage:objective-cut:soft-result search=step bound=43249 result=sat guard=231036 hard=guard [LB,UB] = [0,43099]
c objective-cut:rss-guard enabled=false
c 00h03m30s | stage:objective-cut:soft-install bound=43099 guard=284981 clauses_added=107379
c 00h03m30s | stage:objective-cut:soft-probe search=step [LB,UB] = [0,43099] next 43099 source=install guard=284981
c 00h03m30s | stage:sat:init solver=CaDiCaL vars=284981 clauses=562925
c 00h03m30s | stage:sat:solve:start assumptions=1 phase_lits=617
c 00h03m32s | stage:sat:solve:done ms=1591 result=Sat assumptions=1 phase_lits=617
c 00h03m32s | stage:decode:start
c 00h03m32s | stage:decode:done int_assignments=144
c 00h03m32s | result:Sat
c 00h03m32s | objective:incumbent kind=improvement value=42900 rounds=5 improvements=4
o 42900
c 00h03m32s | stage:objective-cut:soft-result search=step bound=43099 result=sat guard=284981 hard=guard [LB,UB] = [0,42899]
c objective-cut:rss-guard enabled=false
c 00h03m32s | stage:objective-cut:soft-install bound=42899 guard=338807 clauses_added=107142
c 00h03m32s | stage:objective-cut:soft-probe search=step [LB,UB] = [0,42899] next 42899 source=install guard=338807
c 00h03m32s | stage:sat:init solver=CaDiCaL vars=338807 clauses=670068
c 00h03m32s | stage:sat:solve:start assumptions=1 phase_lits=617
c 00h03m34s | stage:sat:solve:done ms=1610 result=Sat assumptions=1 phase_lits=617
c 00h03m34s | stage:decode:start
c 00h03m34s | stage:decode:done int_assignments=144
c 00h03m34s | result:Sat
c 00h03m34s | objective:incumbent kind=improvement value=42500 rounds=6 improvements=5
o 42500
c 00h03m34s | stage:objective-cut:soft-result search=step bound=42899 result=sat guard=338807 hard=guard [LB,UB] = [0,42499]
c objective-cut:rss-guard enabled=false
c 00h03m34s | stage:objective-cut:soft-install bound=42499 guard=392366 clauses_added=106610
c 00h03m34s | stage:objective-cut:soft-probe search=step [LB,UB] = [0,42499] next 42499 source=install guard=392366
c 00h03m34s | stage:sat:init solver=CaDiCaL vars=392366 clauses=776679
c 00h03m34s | stage:sat:solve:start assumptions=1 phase_lits=617
c 00h03m36s | stage:sat:solve:done ms=1999 result=Sat assumptions=1 phase_lits=617
c 00h03m36s | stage:decode:start
c 00h03m36s | stage:decode:done int_assignments=144
c 00h03m36s | result:Sat
c 00h03m36s | objective:incumbent kind=improvement value=42100 rounds=7 improvements=6
o 42100
c 00h03m36s | stage:objective-cut:soft-result search=step bound=42499 result=sat guard=392366 hard=guard [LB,UB] = [0,42099]
c objective-cut:rss-guard enabled=false
c 00h03m36s | stage:objective-cut:soft-install bound=42099 guard=445637 clauses_added=106036
c 00h03m36s | stage:objective-cut:soft-probe search=step [LB,UB] = [0,42099] next 42099 source=install guard=445637
c 00h03m36s | stage:sat:init solver=CaDiCaL vars=445637 clauses=882716
c 00h03m36s | stage:sat:solve:start assumptions=1 phase_lits=617
c 00h03m39s | stage:sat:solve:done ms=3162 result=Sat assumptions=1 phase_lits=617
c 00h03m39s | stage:decode:start
c 00h03m39s | stage:decode:done int_assignments=144
c 00h03m39s | result:Sat
c 00h03m39s | objective:incumbent kind=improvement value=41700 rounds=8 improvements=7
o 41700
c 00h03m39s | stage:objective-cut:soft-result search=step bound=42099 result=sat guard=445637 hard=guard [LB,UB] = [0,41699]
c objective-cut:rss-guard enabled=false
c 00h03m39s | stage:objective-cut:soft-install bound=41699 guard=498640 clauses_added=105502
c 00h03m39s | stage:objective-cut:soft-probe search=step [LB,UB] = [0,41699] next 41699 source=install guard=498640
c 00h03m39s | stage:sat:init solver=CaDiCaL vars=498640 clauses=988219
c 00h03m39s | stage:sat:solve:start assumptions=1 phase_lits=617
c 00h03m42s | stage:sat:solve:done ms=2998 result=Sat assumptions=1 phase_lits=617
c 00h03m42s | stage:decode:start
c 00h03m42s | stage:decode:done int_assignments=144
c 00h03m42s | result:Sat
c 00h03m42s | objective:incumbent kind=improvement value=41500 rounds=9 improvements=8
o 41500
c 00h03m42s | stage:objective-cut:soft-result search=step bound=41699 result=sat guard=498640 hard=guard [LB,UB] = [0,41499]
c objective-cut:rss-guard enabled=false
c 00h03m42s | stage:objective-cut:soft-install bound=41499 guard=551472 clauses_added=105161
c 00h03m42s | stage:objective-cut:soft-probe search=step [LB,UB] = [0,41499] next 41499 source=install guard=551472
c 00h03m42s | stage:sat:init solver=CaDiCaL vars=551472 clauses=1093381
c 00h03m42s | stage:sat:solve:start assumptions=1 phase_lits=617
c 00h03m48s | stage:sat:solve:done ms=5432 result=Sat assumptions=1 phase_lits=617
c 00h03m48s | stage:decode:start
c 00h03m48s | stage:decode:done int_assignments=144
c 00h03m48s | result:Sat
c 00h03m48s | objective:incumbent kind=improvement value=41250 rounds=10 improvements=9
o 41250
c 00h03m48s | stage:objective-cut:soft-result search=step bound=41499 result=sat guard=551472 hard=guard [LB,UB] = [0,41249]
c objective-cut:rss-guard enabled=false
c 00h03m48s | stage:objective-cut:soft-install bound=41249 guard=604181 clauses_added=104917
c 00h03m48s | stage:objective-cut:soft-probe search=step [LB,UB] = [0,41249] next 41249 source=install guard=604181
c 00h03m48s | stage:sat:init solver=CaDiCaL vars=604181 clauses=1198299
c 00h03m48s | stage:sat:solve:start assumptions=1 phase_lits=617
c 00h03m52s | stage:sat:solve:done ms=4113 result=Sat assumptions=1 phase_lits=617
c 00h03m52s | stage:decode:start
c 00h03m52s | stage:decode:done int_assignments=144
c 00h03m52s | result:Sat
c 00h03m52s | objective:incumbent kind=improvement value=40700 rounds=11 improvements=10
o 40700
c 00h03m52s | stage:objective-cut:soft-result search=step bound=41249 result=sat guard=604181 hard=guard [LB,UB] = [0,40699]
c objective-cut:rss-guard enabled=false
c 00h03m52s | stage:objective-cut:soft-install bound=40699 guard=656448 clauses_added=104035
c 00h03m52s | stage:objective-cut:soft-probe search=step [LB,UB] = [0,40699] next 40699 source=install guard=656448
c 00h03m52s | stage:sat:init solver=CaDiCaL vars=656448 clauses=1302335
c 00h03m52s | stage:sat:solve:start assumptions=1 phase_lits=617
c 00h03m56s | stage:sat:solve:done ms=3938 result=Sat assumptions=1 phase_lits=617
c 00h03m56s | stage:decode:start
c 00h03m56s | stage:decode:done int_assignments=144
c 00h03m56s | result:Sat
c 00h03m56s | objective:incumbent kind=improvement value=39900 rounds=12 improvements=11
o 39900
c 00h03m56s | stage:objective-cut:soft-result search=step bound=40699 result=sat guard=656448 hard=guard [LB,UB] = [0,39899]
c objective-cut:rss-guard enabled=false
c 00h03m56s | stage:objective-cut:soft-install bound=39899 guard=708147 clauses_added=102903
c 00h03m56s | stage:objective-cut:soft-probe search=step [LB,UB] = [0,39899] next 39899 source=install guard=708147
c 00h03m56s | stage:sat:init solver=CaDiCaL vars=708147 clauses=1405239
c 00h03m56s | stage:sat:solve:start assumptions=1 phase_lits=617
c 00h06m07s | stage:sat:solve:done ms=130367 result=Sat assumptions=1 phase_lits=617
c 00h06m07s | stage:decode:start
c 00h06m07s | stage:decode:done int_assignments=144
c 00h06m07s | result:Sat
c 00h06m07s | objective:incumbent kind=improvement value=39500 rounds=13 improvements=12
o 39500
c 00h06m07s | stage:objective-cut:soft-result search=step bound=39899 result=sat guard=708147 hard=guard [LB,UB] = [0,39499]
c objective-cut:rss-guard enabled=false
c 00h06m07s | stage:objective-cut:soft-install bound=39499 guard=759569 clauses_added=102351
c 00h06m07s | stage:objective-cut:soft-probe search=step [LB,UB] = [0,39499] next 39499 source=install guard=759569
c 00h06m07s | stage:sat:init solver=CaDiCaL vars=759569 clauses=1507591
c 00h06m07s | stage:sat:solve:start assumptions=1 phase_lits=617
c 00h06m11s | stage:sat:solve:done ms=4174 result=Sat assumptions=1 phase_lits=617
c 00h06m11s | stage:decode:start
c 00h06m11s | stage:decode:done int_assignments=144
c 00h06m11s | result:Sat
c 00h06m11s | objective:incumbent kind=improvement value=38700 rounds=14 improvements=13
o 38700
c 00h06m11s | stage:objective-cut:soft-result search=step bound=39499 result=sat guard=759569 hard=guard [LB,UB] = [0,38699]
c objective-cut:rss-guard enabled=false
c 00h06m11s | stage:objective-cut:soft-install bound=38699 guard=810412 clauses_added=101197
c 00h06m11s | stage:objective-cut:soft-probe search=step [LB,UB] = [0,38699] next 38699 source=install guard=810412
c 00h06m11s | stage:sat:init solver=CaDiCaL vars=810412 clauses=1608789
c 00h06m11s | stage:sat:solve:start assumptions=1 phase_lits=617
c 00h11m33s | stage:sat:solve:done ms=322060 result=Sat assumptions=1 phase_lits=617
c 00h11m33s | stage:decode:start
c 00h11m33s | stage:decode:done int_assignments=144
c 00h11m33s | result:Sat
c 00h11m33s | objective:incumbent kind=improvement value=38200 rounds=15 improvements=14
o 38200
c 00h11m33s | stage:objective-cut:soft-result search=step bound=38699 result=sat guard=810412 hard=guard [LB,UB] = [0,38199]
c objective-cut:rss-guard enabled=false
c 00h11m33s | stage:objective-cut:soft-install bound=38199 guard=860792 clauses_added=100274
c 00h11m33s | stage:objective-cut:soft-probe search=step [LB,UB] = [0,38199] next 38199 source=install guard=860792
c 00h11m33s | stage:sat:init solver=CaDiCaL vars=860792 clauses=1709064
c 00h11m33s | stage:sat:solve:start assumptions=1 phase_lits=617
c 00h12m34s | stage:sat:solve:done ms=60554 result=Sat assumptions=1 phase_lits=617
c 00h12m34s | stage:decode:start
c 00h12m34s | stage:decode:done int_assignments=144
c 00h12m34s | result:Sat
c 00h12m34s | objective:incumbent kind=improvement value=37400 rounds=16 improvements=15
o 37400
c 00h12m34s | stage:objective-cut:soft-result search=step bound=38199 result=sat guard=860792 hard=guard [LB,UB] = [0,37399]
c objective-cut:rss-guard enabled=false
c 00h12m34s | stage:objective-cut:soft-install bound=37399 guard=910587 clauses_added=99107
c 00h12m34s | stage:objective-cut:soft-probe search=step [LB,UB] = [0,37399] next 37399 source=install guard=910587
c 00h12m34s | stage:sat:init solver=CaDiCaL vars=910587 clauses=1808172
c 00h12m34s | stage:sat:solve:start assumptions=1 phase_lits=617
c 00h13m16s | stage:sat:solve:done ms=42058 result=Sat assumptions=1 phase_lits=617
c 00h13m16s | stage:decode:start
c 00h13m16s | stage:decode:done int_assignments=144
c 00h13m16s | result:Sat
c 00h13m16s | objective:incumbent kind=improvement value=37000 rounds=17 improvements=16
o 37000
c 00h13m16s | stage:objective-cut:soft-result search=step bound=37399 result=sat guard=910587 hard=guard [LB,UB] = [0,36999]
c objective-cut:rss-guard enabled=false
c 00h13m16s | stage:objective-cut:soft-install bound=36999 guard=960098 clauses_added=98541
c 00h13m16s | stage:objective-cut:soft-probe search=step [LB,UB] = [0,36999] next 36999 source=install guard=960098
c 00h13m16s | stage:sat:init solver=CaDiCaL vars=960098 clauses=1906714
c 00h13m16s | stage:sat:solve:start assumptions=1 phase_lits=617
c 00h13m18s | stage:sat:solve:done ms=2454 result=Sat assumptions=1 phase_lits=617
c 00h13m18s | stage:decode:start
c 00h13m18s | stage:decode:done int_assignments=144
c 00h13m18s | result:Sat
c 00h13m18s | objective:incumbent kind=improvement value=36300 rounds=18 improvements=17
o 36300
c 00h13m18s | stage:objective-cut:soft-result search=step bound=36999 result=sat guard=960098 hard=guard [LB,UB] = [0,36299]
c objective-cut:rss-guard enabled=false
c 00h13m18s | stage:objective-cut:soft-install bound=36299 guard=1009169 clauses_added=97664
c 00h13m19s | stage:objective-cut:soft-probe search=step [LB,UB] = [0,36299] next 36299 source=install guard=1009169
c 00h13m19s | stage:sat:init solver=CaDiCaL vars=1009169 clauses=2004379
c 00h13m19s | stage:sat:solve:start assumptions=1 phase_lits=617
s SATISFIABLE
o 36300
v <instantiation>
v   <list> x[0][0] x[0][1] x[0][2] x[0][3] x[0][4] x[0][5] x[0][6] x[0][7] x[0][8] x[0][9] x[0][10] x[0][11] x[1][0] x[1][1] x[1][2] x[1][3] x[1][4] x[1][5] x[1][6] x[1][7] x[1][8] x[1][9] x[1][10] x[1][11] x[2][0] x[2][1] x[2][2] x[2][3] x[2][4] x[2][5] x[2][6] x[2][7] x[2][8] x[2][9] x[2][10] x[2][11] x[3][0] x[3][1] x[3][2] x[3][3] x[3][4] x[3][5] x[3][6] x[3][7] x[3][8] x[3][9] x[3][10] x[3][11] x[4][0] x[4][1] x[4][2] x[4][3] x[4][4] x[4][5] x[4][6] x[4][7] x[4][8] x[4][9] x[4][10] x[4][11] x[5][0] x[5][1] x[5][2] x[5][3] x[5][4] x[5][5] x[5][6] x[5][7] x[5][8] x[5][9] x[5][10] x[5][11] y[0][0] y[0][1] y[0][2] y[0][3] y[0][4] y[0][5] y[0][6] y[0][7] y[0][8] y[0][9] y[0][10] y[0][11] y[1][0] y[1][1] y[1][2] y[1][3] y[1][4] y[1][5] y[1][6] y[1][7] y[1][8] y[1][9] y[1][10] y[1][11] y[2][0] y[2][1] y[2][2] y[2][3] y[2][4] y[2][5] y[2][6] y[2][7] y[2][8] y[2][9] y[2][10] y[2][11] y[3][0] y[3][1] y[3][2] y[3][3] y[3][4] y[3][5] y[3][6] y[3][7] y[3][8] y[3][9] y[3][10] y[3][11] y[4][0] y[4][1] y[4][2] y[4][3] y[4][4] y[4][5] y[4][6] y[4][7] y[4][8] y[4][9] y[4][10] y[4][11] y[5][0] y[5][1] y[5][2] y[5][3] y[5][4] y[5][5] y[5][6] y[5][7] y[5][8] y[5][9] y[5][10] y[5][11] </list>
v   <values> 8 0 0 0 8 0 0 0 8 0 0 0 7 0 0 0 16 0 0 0 11 0 0 0 14 0 0 0 12 0 0 0 11 0 0 0 15 0 0 0 24 0 0 0 19 0 0 0 14 0 0 0 12 0 0 0 11 0 0 0 29 0 0 0 36 0 0 0 30 0 0 0 6 4 2 0 6 4 2 0 6 4 2 0 6 2 1 0 12 7 2 0 8 5 4 0 9 8 1 0 7 6 1 0 4 2 1 0 0 0 0 0 0 0 0 0 0 0 0 0 0 0 0 0 0 0 0 0 0 0 0 0 0 0 0 0 0 0 0 0 0 0 0 0 </values>
v </instantiation>
d OBJECTIVE_VALUE 36300
d OPTIMAL 0
d OBJECTIVE_ROUNDS 18
d OBJECTIVE_IMPROVEMENTS 17
d COP_INCUMBENT_ELAPSED_MS 798937
d SOLVE_ELAPSED_MS 1800003
d CURRENT_STAGE sat
d CURRENT_STAGE_ELAPSED_MS 1000992
d LAST_COMPLETED_STAGE decode
d STAGE_PARSE_STATUS pending
d STAGE_PROPAGATE_STATUS done
d STAGE_NORMALIZE_STATUS done
d STAGE_LOWER_STATUS done
d STAGE_POST_LOWER_STATUS done
d STAGE_PREENCODE_STATUS done
d STAGE_ENCODE_STATUS done
d STAGE_SAT_STATUS running
d STAGE_DECODE_STATUS done
d STAGE_RELAXATION_STATUS pending
d STAGE_DUMP_CNF_STATUS pending
d SOURCE_CONSTRAINTS 213
d NORMALIZED_CONSTRAINTS 213
d LOWERED_CONSTRAINTS 213
d UNSUPPORTED_CONSTRAINTS 0
d SAT_VARS 23170
d SAT_CLAUSES_BASE 41801
d SAT_CLAUSES_FINAL 41801
d SAT_CLAUSES_CEGAR_DELTA 0
d MEMORY_RSS_BYTES 7962624
d MEMORY_RSS_AFTER_PROPAGATE_BYTES 5058560
d MEMORY_RSS_AFTER_LOWER_BYTES 5058560
d MEMORY_RSS_AFTER_POST_LOWER_BYTES 5328896
d MEMORY_RSS_BEFORE_PREENCODE_BYTES 5328896
d MEMORY_RSS_AFTER_PREENCODE_BYTES 5328896
d MEMORY_RSS_BEFORE_ENCODE_BYTES 5328896
d MEMORY_RSS_ENCODE_SAMPLE_INTERVAL_CLAUSES 1000000
d MEMORY_RSS_ENCODE_SAMPLE_COUNT 10
d MEMORY_RSS_ENCODE_LAST_SAMPLE_CLAUSE 41801
d MEMORY_RSS_ENCODE_LAST_SAMPLE_BYTES 7962624
d MEMORY_RSS_ENCODE_MAX_SAMPLE_BYTES 7962624
d CSP_INT_VARS 144
d CSP_CONSTRAINTS 213
d CSP_INTENTIONAL 120
d CSP_GLOBAL 93
d CSP_EXTENSIONAL 0
d CSP_ALLDIFF 0
d CSP_CUMULATIVE 0
d CSP_TABLE 0
d CSP_DOMAIN_SPAN_MEDIAN 15.5
d CSP_DOMAIN_SPAN_MAX 95
d N_CUMULATIVE 0
d N_TABLE 0
d SAT_CONFLICTS 649281
d LINEAR_INT_EQ_ARITY_STATS {"1":{"count":135,"max_domain_product_excluding_one_var":"1","p95_domain_product_excluding_one_var":"1"},"2":{"count":6,"max_domain_product_excluding_one_var":"12","p95_domain_product_excluding_one_var":"12"},"3":{"count":37,"max_domain_product_excluding_one_var":"420","p95_domain_product_excluding_one_var":"399"},"4":{"count":16,"max_domain_product_excluding_one_var":"118272","p95_domain_product_excluding_one_var":"118272"},"5":{"count":25,"max_domain_product_excluding_one_var":"10585080","p95_domain_product_excluding_one_var":"8281440"},"6":{"count":3,"max_domain_product_excluding_one_var":"45360","p95_domain_product_excluding_one_var":"45360"},"7":{"count":3,"max_domain_product_excluding_one_var":"771120","p95_domain_product_excluding_one_var":"771120"},"8":{"count":3,"max_domain_product_excluding_one_var":"14651280","p95_domain_product_excluding_one_var":"14651280"},"9":{"count":3,"max_domain_product_excluding_one_var":"293025600","p95_domain_product_excluding_one_var":"293025600"},"10":{"count":3,"max_domain_product_excluding_one_var":"4688409600","p95_domain_product_excluding_one_var":"4688409600"},"11":{"count":3,"max_domain_product_excluding_one_var":"60949324800","p95_domain_product_excluding_one_var":"60949324800"},"12":{"count":9,"max_domain_product_excluding_one_var":"185532132095557632","p95_domain_product_excluding_one_var":"185532132095557632"}}
d LINEAR_INT_NE_ARITY_STATS {}
d LINEAR_INT_GE_ARITY_STATS {"1":{"count":60,"max_domain_product_excluding_one_var":"1","p95_domain_product_excluding_one_var":"1"}}
d LINEAR_BOOL_MIXED_ARITY_STATS {}
d ROOT_LP_ENTERED 0
d ROOT_LP_STATUS skipped
d ROOT_LP_MS 0
d ROOT_LP_REASON root_lp_disabled
d OBJECTIVE_CUT_TIMING incremental-soft
d OBJECTIVE_CUT_BACKEND cnf
d OBJECTIVE_CUT_FORM direct-expr
d PROPAGATE_PRUNED_VALUES 36
d PROPAGATE_CHANGED_DOMAINS 6
d PROPAGATE_ENTAILED_TABLES 0
d POST_LOWER_ROUNDS 5
d POST_LOWER_TIGHTENED_DOMAINS 7
d POST_LOWER_REMOVED_CLAUSES 3
d POST_LOWER_REMOVED_LITS 0
d POST_LOWER_DETECTED_UNSAT 0
d PREENCODE_INT_VARS 144
d ENCODE_EXTERNAL_GE_SPECS 0
d ENCODE_RELAXED_CIRCUITS 0
d LOG_SCOP_LINEAR_PB_CONSTRAINTS 569
d LOG_SCOP_LINEAR_PB_MIXED_DISPATCH_CONSTRAINTS 0
d LOG_SCOP_LINEAR_PB_MIXED_ATTEMPT_BDD 0
d LOG_SCOP_LINEAR_PB_MIXED_ATTEMPT_SORTER 0
d LOG_SCOP_LINEAR_PB_MIXED_ATTEMPT_DADDA 0
d LOG_SCOP_LINEAR_PB_MIXED_REJECT_BDD_BUDGET 0
d LOG_SCOP_LINEAR_PB_MIXED_REJECT_SORTER_BUDGET 0
d LOG_SCOP_LINEAR_PB_MIXED_FALLBACK_BDD_TO_SORTER 0
d LOG_SCOP_LINEAR_PB_MIXED_FALLBACK_BDD_TO_DADDA 0
d LOG_SCOP_LINEAR_PB_MIXED_FALLBACK_SORTER_TO_BDD 0
d LOG_SCOP_LINEAR_PB_MIXED_FALLBACK_SORTER_TO_DADDA 0
d LOG_SCOP_LINEAR_PB_BACKEND_BDD2 569
d LOG_SCOP_LINEAR_PB_BACKEND_BDD3 0
d LOG_SCOP_LINEAR_PB_BACKEND_SORTER 0
d LOG_SCOP_LINEAR_PB_BACKEND_DADDA 0
d LOG_SCOP_LINEAR_PB_BDD_DECOMPOSITION_RAW 569
d LOG_SCOP_LINEAR_PB_BDD_DECOMPOSITION_BINARY 0
d LOG_SCOP_LINEAR_PB_BDD_DECOMPOSITION_MULTIBASE 0
d MEMORY_RSS_BYTES 7962624
d MEMORY_RSS_AFTER_PROPAGATE_BYTES 5058560
d MEMORY_RSS_AFTER_LOWER_BYTES 5058560
d MEMORY_RSS_AFTER_POST_LOWER_BYTES 5328896
d MEMORY_RSS_BEFORE_PREENCODE_BYTES 5328896
d MEMORY_RSS_AFTER_PREENCODE_BYTES 5328896
d MEMORY_RSS_BEFORE_ENCODE_BYTES 5328896
d MEMORY_RSS_ENCODE_SAMPLE_INTERVAL_CLAUSES 1000000
d MEMORY_RSS_ENCODE_SAMPLE_COUNT 10
d MEMORY_RSS_ENCODE_LAST_SAMPLE_CLAUSE 41801
d MEMORY_RSS_ENCODE_LAST_SAMPLE_BYTES 7962624
d MEMORY_RSS_ENCODE_MAX_SAMPLE_BYTES 7962624
d DECODE_INT_ASSIGNMENTS 144
d CIRCUIT_CEGAR_FAILURES 0
d CIRCUIT_CEGAR_ROUNDS 0
d CIRCUIT_CEGAR_ADDED_CLAUSES 0
d CUMULATIVE_CEGAR_FAILURES 0
d CUMULATIVE_CEGAR_ROUNDS 0
d CUMULATIVE_CEGAR_ADDED_CLAUSES 0
d COP_CEGAR_FAILURES 0
d COP_CEGAR_ROUNDS 0
d COP_CEGAR_ADDED_CLAUSES 0
d CSV /bench/competition/2022-2025/COP22to25/EchelonStock2-A01_c22.xml.lzma,sat,213,213,213,0,23170,41801,1800003,,,,,,,0,skipped,,,,,,0,,,,,,,timeout_signal,incumbent_interrupted_by_signal
signal=15; emitted incumbent csv row
c run_end_local: 2026-06-16 12:02:55 +0900
