# WCTIME: wall clock time in seconds
WCTIME=11.194
# CPUTIME: CPU time in seconds (USERTIME+SYSTEMTIME)
CPUTIME=10.9654
# USERTIME: CPU time spent in user mode in seconds
USERTIME=10.5748
# SYSTEMTIME: CPU time spent in system mode in seconds
SYSTEMTIME=0.390636
# CPUUSAGE: CPUTIME/WCTIME in percent
CPUUSAGE=97.958
# MAXVM: maximum virtual memory used in KiB
MAXVM=994288
# MAXMM: maximum memory used in KiB
MAXMM=744864
# MAXRSS: maximum Resident Segment Size in KiB
MAXRSS=766140
# TIMEOUT: did the solver exceed the time limit?
TIMEOUT=false
# MEMOUT: did the solver exceed the memory limit?
MEMOUT=false
# EXITSTATUS: Exit status of the solver
EXITSTATUS=0
