# WCTIME: wall clock time in seconds
WCTIME=8.61176
# CPUTIME: CPU time in seconds (USERTIME+SYSTEMTIME)
CPUTIME=8.55879
# USERTIME: CPU time spent in user mode in seconds
USERTIME=8.00111
# SYSTEMTIME: CPU time spent in system mode in seconds
SYSTEMTIME=0.557684
# CPUUSAGE: CPUTIME/WCTIME in percent
CPUUSAGE=99.3849
# MAXVM: maximum virtual memory used in KiB
MAXVM=1754492
# MAXMM: maximum memory used in KiB
MAXMM=1298380
# MAXRSS: maximum Resident Segment Size in KiB
MAXRSS=1295264
# TIMEOUT: did the solver exceed the time limit?
TIMEOUT=false
# MEMOUT: did the solver exceed the memory limit?
MEMOUT=false
# EXITSTATUS: Exit status of the solver
EXITSTATUS=0
