# WCTIME: wall clock time in seconds
WCTIME=1800.38
# CPUTIME: CPU time in seconds (USERTIME+SYSTEMTIME)
CPUTIME=1792.36
# USERTIME: CPU time spent in user mode in seconds
USERTIME=1746.19
# SYSTEMTIME: CPU time spent in system mode in seconds
SYSTEMTIME=46.1772
# CPUUSAGE: CPUTIME/WCTIME in percent
CPUUSAGE=99.5546
# MAXVM: maximum virtual memory used in KiB
MAXVM=24789284
# MAXMM: maximum memory used in KiB
MAXMM=22207368
# MAXRSS: maximum Resident Segment Size in KiB
MAXRSS=22204348
# TIMEOUT: did the solver exceed the time limit?
TIMEOUT=true
# MEMOUT: did the solver exceed the memory limit?
MEMOUT=false
# EXITSTATUS: Exit status of the solver
EXITSTATUS=36608
