# WCTIME: wall clock time in seconds
WCTIME=514.952
# CPUTIME: CPU time in seconds (USERTIME+SYSTEMTIME)
CPUTIME=493.806
# USERTIME: CPU time spent in user mode in seconds
USERTIME=414.61
# SYSTEMTIME: CPU time spent in system mode in seconds
SYSTEMTIME=79.1964
# CPUUSAGE: CPUTIME/WCTIME in percent
CPUUSAGE=95.8937
# MAXVM: maximum virtual memory used in KiB
MAXVM=132294700
# MAXMM: maximum memory used in KiB
MAXMM=130721380
# MAXRSS: maximum Resident Segment Size in KiB
MAXRSS=127892216
# TIMEOUT: did the solver exceed the time limit?
TIMEOUT=false
# MEMOUT: did the solver exceed the memory limit?
MEMOUT=false
# EXITSTATUS: Exit status of the solver
EXITSTATUS=35072
