c cmd: /host-parser-bin/kat_xcsp_d7450190 /bench/competition/2022-2025/COP22to25/FlexibleJobshopScen-dh-6-18-005_c25.xml.lzma --encoder portfolio --portfolio-strategy v3 --cop-pipeline guarded-basic --cop-objective-cut direct-expr --cop-objective-cut-timing incremental-soft --cop-objective-cut-backend cnf --table-encoding mdd-tl --cumulative-mode exact --cumulative-decomposition time-rd --progress --log-scop-linear-pb-backend auto --log-scop-bdd-decomposition auto --log-scop-aggregate-weighted-lits --order-ge-shorten-link-cost --direct-eq-ne-max-arity 2 --eq-ne-encoding direct --portfolio-log-scop-eq-ne-encoding ge-rewrite --cop-objective-phase auto --cop-objective-search binary --cop-objective-search-fallback-budget 180
c version: kat-cli=0.1.0 git=unknown-clean
c run_start_local: 2026-06-16 11:55:50 +0900
c 00h00m00s | solve:start
c 00h00m00s | stage:objective-cut timing=incremental-soft backend=cnf form=direct-expr
c 00h00m00s | input: constraints=410
c 00h00m00s | stage:propagate:start
c 00h00m00s | stage:propagate:done ms=0 pruned=0 changed_domains=0 entailed_tables=0
c 00h00m00s | memory:rss checkpoint=after_propagate bytes=691052544 rss=659.04MiB
c 00h00m00s | stage:normalize:start
c 00h00m00s | stage:normalize:done ms=0 high_constraints=410
c 00h00m00s | stage:lower:start
c 00h00m00s | stage:lower:progress percent=10 processed=41 total=410 lowered=41 unsupported=0 ms=0
c 00h00m00s | stage:lower:progress percent=20 processed=82 total=410 lowered=82 unsupported=0 ms=0
c 00h00m00s | stage:lower:progress percent=30 processed=123 total=410 lowered=123 unsupported=0 ms=0
c 00h00m00s | stage:lower:progress percent=40 processed=164 total=410 lowered=164 unsupported=0 ms=0
c 00h00m00s | stage:lower:progress percent=50 processed=205 total=410 lowered=205 unsupported=0 ms=0
c 00h00m00s | stage:lower:progress percent=60 processed=246 total=410 lowered=246 unsupported=0 ms=1
c 00h00m00s | stage:lower:progress percent=70 processed=287 total=410 lowered=287 unsupported=0 ms=1
c 00h00m00s | stage:lower:progress percent=80 processed=328 total=410 lowered=328 unsupported=0 ms=1
c 00h00m01s | stage:lower:progress percent=90 processed=369 total=410 lowered=369 unsupported=0 ms=1715
c 00h00m17s | stage:lower:progress percent=100 processed=410 total=410 lowered=410 unsupported=0 ms=17795
c 00h00m18s | stage:lower:done ms=18500 lowered=410 unsupported=0
c 00h00m18s | memory:rss checkpoint=after_lower bytes=990392320 rss=944.51MiB
c 00h00m18s | stage:post_lower:start
c 00h00m21s | stage:post_lower:done ms=2757 rounds=47 tightened=95 removed_cls=721098 removed_lits=374650 unsat=false precise_hits=0 precise_rounds=0 pivot_recomputes=197 pivot_exact_attempts=0 pivot_general_attempts=197 pivot_general_rest_missing=0 pivot_general_bound_missing=0 pivot_general_no_change=152 pivot_general_tightened=45 setup_ms=1439 loop_ms=756 pivot_ms=0 pivot_version_ms=0 pivot_exact_ms=0 pivot_general_ms=0 pivot_general_prepare_ms=0 pivot_general_rest_ms=0 pivot_general_derive_ms=0 apply_ms=209 sat_ms=0 precise_ms=0
c 00h00m21s | memory:rss checkpoint=after_post_lower bytes=1101307904 rss=1.03GiB
c 00h00m21s | stage:lowered-shape int_vars=686140 bool_vars=683030 linear_atoms=1969346 table_atoms=0 table_tuples=0 table_scope=0 alldiff_atoms=0 circuit_atoms=0 product_atoms=0 logical_clauses=2789885
c 00h00m21s | stage:root-lp:skip reason=disabled ms=0
c 00h00m22s | memory:rss checkpoint=before_preencode bytes=1295593472 rss=1.21GiB
c 00h00m22s | stage:preencode(log-scop):start
c 00h00m22s | stage:preencode(log-scop):done ms=350 int_vars=686140
c 00h00m22s | memory:rss checkpoint=after_preencode bytes=1346760704 rss=1.25GiB
c 00h00m23s | memory:rss checkpoint=before_encode bytes=1373052928 rss=1.28GiB
c 00h00m23s | stage:encode(log-scop):start
c 00h00m25s | memory:rss checkpoint=encode_clause_sample stage=log-scop clauses=2479818 bytes=2089316352 rss=1.95GiB progress_percent=10 processed=279003 total=2790029
c 00h00m25s | stage:encode(log-scop):progress percent=10 processed=279003 total=2790029 sat_clauses=2479818 ms=2348
c 00h00m26s | memory:rss checkpoint=encode_clause_sample stage=log-scop clauses=5266418 bytes=2825572352 rss=2.63GiB progress_percent=20 processed=558006 total=2790029
c 00h00m26s | stage:encode(log-scop):progress percent=20 processed=558006 total=2790029 sat_clauses=5266418 ms=3899
c 00h00m28s | memory:rss checkpoint=encode_clause_sample stage=log-scop clauses=7609256 bytes=3996643328 rss=3.72GiB progress_percent=30 processed=837009 total=2790029
c 00h00m28s | stage:encode(log-scop):progress percent=30 processed=837009 total=2790029 sat_clauses=7609256 ms=5500
c 00h00m29s | memory:rss checkpoint=encode_clause_sample stage=log-scop clauses=10276555 bytes=4194512896 rss=3.91GiB progress_percent=40 processed=1116012 total=2790029
c 00h00m29s | stage:encode(log-scop):progress percent=40 processed=1116012 total=2790029 sat_clauses=10276555 ms=6740
c 00h00m30s | memory:rss checkpoint=encode_clause_sample stage=log-scop clauses=12781723 bytes=4446924800 rss=4.14GiB progress_percent=50 processed=1395015 total=2790029
c 00h00m30s | stage:encode(log-scop):progress percent=50 processed=1395015 total=2790029 sat_clauses=12781723 ms=7948
c 00h00m32s | memory:rss checkpoint=encode_clause_sample stage=log-scop clauses=15234418 bytes=4686266368 rss=4.36GiB progress_percent=60 processed=1674018 total=2790029
c 00h00m32s | stage:encode(log-scop):progress percent=60 processed=1674018 total=2790029 sat_clauses=15234418 ms=9113
c 00h00m34s | memory:rss checkpoint=encode_clause_sample stage=log-scop clauses=17663224 bytes=6703513600 rss=6.24GiB progress_percent=70 processed=1953021 total=2790029
c 00h00m34s | stage:encode(log-scop):progress percent=70 processed=1953021 total=2790029 sat_clauses=17663224 ms=11291
c 00h00m35s | memory:rss checkpoint=encode_clause_sample stage=log-scop clauses=20271566 bytes=6969040896 rss=6.49GiB progress_percent=80 processed=2232024 total=2790029
c 00h00m35s | stage:encode(log-scop):progress percent=80 processed=2232024 total=2790029 sat_clauses=20271566 ms=12586
c 00h00m36s | memory:rss checkpoint=encode_clause_sample stage=log-scop clauses=22660011 bytes=7203430400 rss=6.71GiB progress_percent=90 processed=2511027 total=2790029
c 00h00m36s | stage:encode(log-scop):progress percent=90 processed=2511027 total=2790029 sat_clauses=22660011 ms=13732
c 00h00m37s | memory:rss checkpoint=encode_clause_sample stage=log-scop clauses=25056535 bytes=7435370496 rss=6.92GiB progress_percent=100 processed=2790029 total=2790029
c 00h00m37s | stage:encode(log-scop):progress percent=100 processed=2790029 total=2790029 sat_clauses=25056535 ms=14873
c 00h00m37s | stage:encode(log-scop):done ms=14880 sat_vars=16110227 sat_clauses=25056535 ext_ge_specs=0 relaxed_circuits=0 log_scop_pb_constraints=2753737 log_scop_pb_mixed=0 log_scop_pb_bdd2=2753737 log_scop_pb_bdd3=0 log_scop_pb_sorter=0 log_scop_pb_dadda=0 log_scop_bdd_raw=2753737 log_scop_bdd_binary=0 log_scop_bdd_multibase=0
c 00h00m40s | stage:objective-cut timing=incremental-soft backend=cnf form=direct-expr
c 00h00m40s | stage:sat:init solver=CaDiCaL vars=16110227 clauses=25056535
c 00h00m40s | stage:sat:solve:start assumptions=0 phase_lits=0
c 00h00m46s | stage:sat:solve:done ms=5258 result=Sat assumptions=0 phase_lits=0
c 00h00m46s | stage:decode:start
c 00h00m46s | stage:decode:done int_assignments=234
c 00h00m46s | result:Sat
c 00h00m46s | objective:incumbent kind=initial value=6442 rounds=1 improvements=0
o 6442
c objective-cut:rss-guard enabled=false
c 00h00m48s | stage:objective-cut:soft-install bound=3220 guard=16111864 clauses_added=3238
c 00h00m48s | stage:objective-cut:soft-probe search=binary [LB,UB] = [0,6441] next 3220 source=install guard=16111864
c 00h00m48s | stage:sat:init solver=CaDiCaL vars=16111864 clauses=25059773
c 00h00m48s | stage:sat:solve:start assumptions=1 phase_lits=0
c 00h01m00s | stage:sat:solve:done ms=12339 result=Sat assumptions=1 phase_lits=0
c 00h01m00s | stage:decode:start
c 00h01m00s | stage:decode:done int_assignments=234
c 00h01m00s | result:Sat
c 00h01m01s | objective:incumbent kind=improvement value=3220 rounds=2 improvements=1
o 3220
c 00h01m01s | stage:objective-cut:soft-result search=binary bound=3220 result=sat guard=16111864 hard=guard [LB,UB] = [0,3219]
c objective-cut:rss-guard enabled=false
c 00h01m02s | stage:objective-cut:soft-install bound=1609 guard=16113416 clauses_added=3082
c 00h01m02s | stage:objective-cut:soft-probe search=binary [LB,UB] = [0,3219] next 1609 source=install guard=16113416
c 00h01m02s | stage:sat:init solver=CaDiCaL vars=16113416 clauses=25062856
c 00h01m02s | stage:sat:solve:start assumptions=1 phase_lits=0
c 00h01m10s | stage:sat:solve:done ms=7576 result=Sat assumptions=1 phase_lits=0
c 00h01m10s | stage:decode:start
c 00h01m10s | stage:decode:done int_assignments=234
c 00h01m10s | result:Sat
c 00h01m11s | objective:incumbent kind=improvement value=1609 rounds=3 improvements=2
o 1609
c 00h01m11s | stage:objective-cut:soft-result search=binary bound=1609 result=sat guard=16113416 hard=guard [LB,UB] = [0,1608]
c objective-cut:rss-guard enabled=false
c 00h01m12s | stage:objective-cut:soft-install bound=804 guard=16114763 clauses_added=2697
c 00h01m12s | stage:objective-cut:soft-probe search=binary [LB,UB] = [0,1608] next 804 source=install guard=16114763
c 00h01m12s | stage:sat:init solver=CaDiCaL vars=16114763 clauses=25065554
c 00h01m12s | stage:sat:solve:start assumptions=1 phase_lits=0
c 00h01m12s | stage:sat:solve:done ms=12 result=Unsat assumptions=1 phase_lits=0
c 00h01m12s | result:Unsat
c 00h01m12s | stage:objective-cut:soft-result search=binary bound=804 result=unsat guard=16114763 hard=-guard [LB,UB] = [805,1608]
c objective-cut:rss-guard enabled=false
c 00h01m13s | stage:objective-cut:soft-install bound=1206 guard=16116110 clauses_added=2697
c 00h01m13s | stage:objective-cut:soft-probe search=binary [LB,UB] = [805,1608] next 1206 source=install guard=16116110
c 00h01m13s | stage:sat:init solver=CaDiCaL vars=16116110 clauses=25068252
c 00h01m13s | stage:sat:solve:start assumptions=1 phase_lits=0
c 00h01m13s | stage:sat:solve:done ms=0 result=Unsat assumptions=1 phase_lits=0
c 00h01m13s | result:Unsat
c 00h01m13s | stage:objective-cut:soft-result search=binary bound=1206 result=unsat guard=16116110 hard=-guard [LB,UB] = [1207,1608]
c objective-cut:rss-guard enabled=false
c 00h01m15s | stage:objective-cut:soft-install bound=1407 guard=16117598 clauses_added=2964
c 00h01m15s | stage:objective-cut:soft-probe search=binary [LB,UB] = [1207,1608] next 1407 source=install guard=16117598
c 00h01m15s | stage:sat:init solver=CaDiCaL vars=16117598 clauses=25071217
c 00h01m15s | stage:sat:solve:start assumptions=1 phase_lits=0
c 00h01m16s | stage:sat:solve:done ms=1457 result=Unsat assumptions=1 phase_lits=0
c 00h01m16s | result:Unsat
c 00h01m16s | stage:objective-cut:soft-result search=binary bound=1407 result=unsat guard=16117598 hard=-guard [LB,UB] = [1408,1608]
c objective-cut:rss-guard enabled=false
c 00h01m18s | stage:objective-cut:soft-install bound=1508 guard=16119131 clauses_added=3047
c 00h01m18s | stage:objective-cut:soft-probe search=binary [LB,UB] = [1408,1608] next 1508 source=install guard=16119131
c 00h01m18s | stage:sat:init solver=CaDiCaL vars=16119131 clauses=25074265
c 00h01m18s | stage:sat:solve:start assumptions=1 phase_lits=0
c 00h01m34s | stage:sat:solve:done ms=16267 result=Sat assumptions=1 phase_lits=0
c 00h01m34s | stage:decode:start
c 00h01m34s | stage:decode:done int_assignments=234
c 00h01m34s | result:Sat
c 00h01m34s | objective:incumbent kind=improvement value=1508 rounds=7 improvements=3
o 1508
c 00h01m34s | stage:objective-cut:soft-result search=binary bound=1508 result=sat guard=16119131 hard=guard [LB,UB] = [1408,1507]
c objective-cut:rss-guard enabled=false
c 00h01m36s | stage:objective-cut:soft-install bound=1457 guard=16120648 clauses_added=3018
c 00h01m36s | stage:objective-cut:soft-probe search=binary [LB,UB] = [1408,1507] next 1457 source=install guard=16120648
c 00h01m36s | stage:sat:init solver=CaDiCaL vars=16120648 clauses=25077284
c 00h01m36s | stage:sat:solve:start assumptions=1 phase_lits=0
c 00h01m50s | stage:sat:solve:done ms=14434 result=Sat assumptions=1 phase_lits=0
c 00h01m50s | stage:decode:start
c 00h01m51s | stage:decode:done int_assignments=234
c 00h01m51s | result:Sat
c 00h01m51s | objective:incumbent kind=improvement value=1457 rounds=8 improvements=4
o 1457
c 00h01m51s | stage:objective-cut:soft-result search=binary bound=1457 result=sat guard=16120648 hard=guard [LB,UB] = [1408,1456]
c objective-cut:rss-guard enabled=false
c 00h01m53s | stage:objective-cut:soft-install bound=1432 guard=16122136 clauses_added=2963
c 00h01m53s | stage:objective-cut:soft-probe search=binary [LB,UB] = [1408,1456] next 1432 source=install guard=16122136
c 00h01m53s | stage:sat:init solver=CaDiCaL vars=16122136 clauses=25080248
c 00h01m53s | stage:sat:solve:start assumptions=1 phase_lits=0
c 00h01m57s | stage:sat:solve:done ms=3875 result=Sat assumptions=1 phase_lits=0
c 00h01m57s | stage:decode:start
c 00h01m58s | stage:decode:done int_assignments=234
c 00h01m58s | result:Sat
c 00h01m58s | objective:incumbent kind=improvement value=1429 rounds=9 improvements=5
o 1429
c 00h01m58s | stage:objective-cut:soft-result search=binary bound=1432 result=sat guard=16122136 hard=guard [LB,UB] = [1408,1428]
c objective-cut:rss-guard enabled=false
c 00h02m00s | stage:objective-cut:soft-install bound=1418 guard=16123621 clauses_added=2958
c 00h02m00s | stage:objective-cut:soft-probe search=binary [LB,UB] = [1408,1428] next 1418 source=install guard=16123621
c 00h02m00s | stage:sat:init solver=CaDiCaL vars=16123621 clauses=25083207
c 00h02m00s | stage:sat:solve:start assumptions=1 phase_lits=0
c 00h02m03s | stage:sat:solve:done ms=2942 result=Sat assumptions=1 phase_lits=0
c 00h02m03s | stage:decode:start
c 00h02m04s | stage:decode:done int_assignments=234
c 00h02m04s | result:Sat
c 00h02m04s | objective:incumbent kind=improvement value=1418 rounds=10 improvements=6
o 1418
c 00h02m04s | stage:objective-cut:soft-result search=binary bound=1418 result=sat guard=16123621 hard=guard [LB,UB] = [1408,1417]
c objective-cut:rss-guard enabled=false
c 00h02m06s | stage:objective-cut:soft-install bound=1412 guard=16125098 clauses_added=2943
c 00h02m06s | stage:objective-cut:soft-probe search=binary [LB,UB] = [1408,1417] next 1412 source=install guard=16125098
c 00h02m06s | stage:sat:init solver=CaDiCaL vars=16125098 clauses=25086151
c 00h02m06s | stage:sat:solve:start assumptions=1 phase_lits=0
c 00h02m07s | stage:sat:solve:done ms=1293 result=Unsat assumptions=1 phase_lits=0
c 00h02m07s | result:Unsat
c 00h02m07s | stage:objective-cut:soft-result search=binary bound=1412 result=unsat guard=16125098 hard=-guard [LB,UB] = [1413,1417]
c objective-cut:rss-guard enabled=false
c 00h02m10s | stage:objective-cut:soft-install bound=1415 guard=16126590 clauses_added=2971
c 00h02m10s | stage:objective-cut:soft-probe search=binary [LB,UB] = [1413,1417] next 1415 source=install guard=16126590
c 00h02m10s | stage:sat:init solver=CaDiCaL vars=16126590 clauses=25089123
c 00h02m10s | stage:sat:solve:start assumptions=1 phase_lits=0
c 00h02m11s | stage:sat:solve:done ms=972 result=Unsat assumptions=1 phase_lits=0
c 00h02m11s | result:Unsat
c 00h02m11s | stage:objective-cut:soft-result search=binary bound=1415 result=unsat guard=16126590 hard=-guard [LB,UB] = [1416,1417]
c objective-cut:rss-guard enabled=false
c 00h02m13s | stage:objective-cut:soft-install bound=1416 guard=16128070 clauses_added=2949
c 00h02m13s | stage:objective-cut:soft-probe search=binary [LB,UB] = [1416,1417] next 1416 source=install guard=16128070
c 00h02m13s | stage:sat:init solver=CaDiCaL vars=16128070 clauses=25092073
c 00h02m13s | stage:sat:solve:start assumptions=1 phase_lits=0
c 00h02m16s | stage:sat:solve:done ms=2936 result=Sat assumptions=1 phase_lits=0
c 00h02m16s | stage:decode:start
c 00h02m16s | stage:decode:done int_assignments=234
c 00h02m16s | result:Sat
c 00h02m16s | objective:incumbent kind=improvement value=1416 rounds=13 improvements=7
o 1416
c 00h02m16s | stage:objective-cut:soft-result search=binary bound=1416 result=sat guard=16128070 hard=guard [LB,UB] = [1415,1416]
s OPTIMUM FOUND
o 1416
v <instantiation>
v   <list> x[0][0] x[0][1] x[0][2] x[0][3] x[0][4] x[0][5] x[0][6] x[0][7] x[0][8] x[0][9] x[0][10] x[0][11] x[0][12] x[0][13] x[0][14] x[0][15] x[0][16] x[0][17] x[1][0] x[1][1] x[1][2] x[1][3] x[1][4] x[1][5] x[1][6] x[1][7] x[1][8] x[1][9] x[1][10] x[1][11] x[1][12] x[1][13] x[1][14] x[1][15] x[1][16] x[1][17] x[2][0] x[2][1] x[2][2] x[2][3] x[2][4] x[2][5] x[2][6] x[2][7] x[2][8] x[2][9] x[2][10] x[2][11] x[2][12] x[2][13] x[2][14] x[2][15] x[2][16] x[2][17] x[3][0] x[3][1] x[3][2] x[3][3] x[3][4] x[3][5] x[3][6] x[3][7] x[3][8] x[3][9] x[3][10] x[3][11] x[3][12] x[3][13] x[3][14] x[3][15] x[3][16] x[3][17] x[4][0] x[4][1] x[4][2] x[4][3] x[4][4] x[4][5] x[4][6] x[4][7] x[4][8] x[4][9] x[4][10] x[4][11] x[4][12] x[4][13] x[4][14] x[4][15] x[4][16] x[4][17] d[0][0] d[0][1] d[0][2] d[0][3] d[0][4] d[0][5] d[0][6] d[0][7] d[0][8] d[0][9] d[0][10] d[0][11] d[0][12] d[0][13] d[0][14] d[0][15] d[0][16] d[0][17] d[1][0] d[1][1] d[1][2] d[1][3] d[1][4] d[1][5] d[1][6] d[1][7] d[1][8] d[1][9] d[1][10] d[1][11] d[1][12] d[1][13] d[1][14] d[1][15] d[1][16] d[1][17] d[2][0] d[2][1] d[2][2] d[2][3] d[2][4] d[2][5] d[2][6] d[2][7] d[2][8] d[2][9] d[2][10] d[2][11] d[2][12] d[2][13] d[2][14] d[2][15] d[2][16] d[2][17] d[3][0] d[3][1] d[3][2] d[3][3] d[3][4] d[3][5] d[3][6] d[3][7] d[3][8] d[3][9] d[3][10] d[3][11] d[3][12] d[3][13] d[3][14] d[3][15] d[3][16] d[3][17] d[4][0] d[4][1] d[4][2] d[4][3] d[4][4] d[4][5] d[4][6] d[4][7] d[4][8] d[4][9] d[4][10] d[4][11] d[4][12] d[4][13] d[4][14] d[4][15] d[4][16] d[4][17] b[0] b[1] b[2] b[3] b[4] b[5] b[6] b[7] b[8] b[9] b[10] b[11] b[12] b[13] b[14] b[15] b[16] b[17] b[18] b[19] b[20] b[21] b[22] b[23] b[24] b[25] b[26] b[27] b[28] b[29] b[30] b[31] b[32] b[33] b[34] b[35] b[36] b[37] b[38] b[39] b[40] b[41] b[42] b[43] b[44] b[45] b[46] b[47] b[48] z[0] z[1] z[2] z[3] z[4] </list>
v   <values> 0 82 154 174 207 260 0 22 36 58 129 183 18 80 135 191 223 260 4 71 124 139 198 247 0 21 40 60 101 148 0 64 101 171 201 250 0 76 134 153 197 238 0 21 42 63 112 172 0 64 103 163 194 240 0 87 147 175 218 267 0 21 35 58 117 175 0 74 117 189 226 271 0 62 114 133 174 227 0 27 38 61 125 192 0 86 134 176 199 239 82 72 20 33 53 43 22 14 22 55 54 72 62 44 40 32 37 26 67 53 15 43 49 32 21 19 19 36 47 88 64 37 70 30 49 35 76 58 19 40 41 29 21 21 13 49 44 96 64 39 60 31 46 28 87 60 21 26 49 31 21 14 23 55 58 88 74 43 72 37 45 27 62 52 19 41 53 35 27 11 23 58 51 68 54 38 37 23 40 21 1 0 0 1 0 1 0 1 0 0 0 0 1 0 1 0 1 0 0 0 0 1 0 1 0 0 1 0 0 0 0 1 1 0 0 1 0 1 0 1 0 0 1 0 1 0 0 1 0 303 285 268 298 262 </values>
v </instantiation>
d OBJECTIVE_VALUE 1416
d OPTIMAL 1
d SOURCE_CONSTRAINTS 410
d NORMALIZED_CONSTRAINTS 410
d LOWERED_CONSTRAINTS 410
d UNSUPPORTED_CONSTRAINTS 0
d CSP_INT_VARS 234
d CSP_CONSTRAINTS 410
d CSP_INTENTIONAL 353
d CSP_GLOBAL 57
d CSP_EXTENSIONAL 0
d CSP_ALLDIFF 0
d CSP_CUMULATIVE 30
d CSP_TABLE 0
d CSP_DOMAIN_SPAN_MEDIAN 59
d CSP_DOMAIN_SPAN_MAX 2876
d N_CUMULATIVE 30
d N_TABLE 0
d CIRCUIT_CEGAR_FAILURES 0
d CIRCUIT_CEGAR_ROUNDS 0
d CIRCUIT_CEGAR_ADDED_CLAUSES 0
d CUMULATIVE_CEGAR_FAILURES 0
d CUMULATIVE_CEGAR_ROUNDS 0
d CUMULATIVE_CEGAR_ADDED_CLAUSES 0
d COP_CEGAR_FAILURES 0
d COP_CEGAR_ROUNDS 0
d COP_CEGAR_ADDED_CLAUSES 0
d OBJECTIVE_CUT_TIMING incremental-soft
d OBJECTIVE_CUT_BACKEND cnf
d OBJECTIVE_CUT_FORM direct-expr
d OBJECTIVE_CUT_EAGER_CLAUSES_ADDED 0
d OBJECTIVE_RELAXATION_CLAUSES_ADDED 0
d OBJECTIVE_ROUNDS 13
d OBJECTIVE_IMPROVEMENTS 7
d OBJECTIVE_OPTIMALITY_PROOF domain_bound_reached
d OBJECTIVE_OPTIMALITY_BOUND_SIDE lower
d OBJECTIVE_OPTIMALITY_BOUND_VALUE 1416
d PROPAGATE_MS 0
d NORMALIZE_MS 0
d LOWER_MS 18500
d POST_LOWER_MS 2757
d PREENCODE_MS 350
d ENCODE_MS 14880
d SAT_SOLVE_MS 69361
d TOTAL_MS 136944
d SAT_VARS 16128070
d SAT_CLAUSES_BASE 25092073
d SAT_CLAUSES_FINAL 25092073
d SAT_CLAUSES_CEGAR_DELTA 0
d CSP_INT_VARS 234
d CSP_CONSTRAINTS 410
d CSP_INTENTIONAL 353
d CSP_GLOBAL 57
d CSP_EXTENSIONAL 0
d CSP_ALLDIFF 0
d CSP_CUMULATIVE 30
d CSP_TABLE 0
d CSP_DOMAIN_SPAN_MEDIAN 59
d CSP_DOMAIN_SPAN_MAX 2876
d N_CUMULATIVE 30
d N_TABLE 0
d SAT_CONFLICTS 420
d CUMULATIVE_EXTPROP_CONSTRAINTS 30
d CUMULATIVE_EXTPROP_OBSERVED_VARS 1039
d CUMULATIVE_EXTPROP_OBSERVED_LITS 1039
d CUMULATIVE_EXTPROP_OBSERVED_LIT_OCCURRENCES 2940
d CUMULATIVE_EXTPROP_NOTIFY_ASSIGNMENT_CALLS 3145
d CUMULATIVE_EXTPROP_NOTIFY_ASSIGNMENT_LITS 26389
d CUMULATIVE_EXTPROP_NOTIFY_NEW_DECISION_LEVEL_CALLS 109227715
d CUMULATIVE_EXTPROP_NOTIFY_BACKTRACK_CALLS 531
d CUMULATIVE_EXTPROP_CB_CHECK_FOUND_MODEL_CALLS 8
d CUMULATIVE_EXTPROP_CB_CHECK_FOUND_MODEL_REJECTS 0
d CUMULATIVE_EXTPROP_CB_PROPAGATE_CALLS 2912
d CUMULATIVE_EXTPROP_CB_PROPAGATE_CONFLICTS 0
d CUMULATIVE_EXTPROP_PROPAGATED_LITS 0
d CUMULATIVE_EXTPROP_REASON_CLAUSES 0
d CUMULATIVE_EXTPROP_REASON_CLAUSE_LITS 0
d CUMULATIVE_EXTPROP_REASON_CLAUSE_MAX_LEN 0
d CUMULATIVE_EXTPROP_CB_HAS_EXTERNAL_CLAUSE_CALLS 109227756
d CUMULATIVE_EXTPROP_CB_ADD_EXTERNAL_CLAUSE_LIT_CALLS 0
d CUMULATIVE_EXTPROP_EXTERNAL_CLAUSES 0
d CUMULATIVE_EXTPROP_EXTERNAL_CLAUSE_LITS 0
d CUMULATIVE_EXTPROP_EXTERNAL_CLAUSE_MAX_LEN 0
d CUMULATIVE_EXTPROP_PARTIAL_VIOLATION_CALLS 18099
d CUMULATIVE_EXTPROP_COMPULSORY_VIOLATION_CALLS 18099
d CUMULATIVE_EXTPROP_BOUND_PROPAGATION_CALLS 0
d CUMULATIVE_EXTPROP_BOUND_REASON_CALLS 0
d CUMULATIVE_EXTPROP_PARTIAL_SUMMARY_TASK_EVALS 150594
d CUMULATIVE_EXTPROP_BOUND_SUMMARY_TASK_EVALS 150594
d CUMULATIVE_EXTPROP_BOUND_EVENT_PAIRS 0
d CUMULATIVE_EXTPROP_LOWER_BOUND_LIT_CALLS 0
d CUMULATIVE_EXTPROP_UPPER_BOUND_LIT_CALLS 0
d CUMULATIVE_EXTPROP_LOG_WITNESS_CHECKS 0
d LINEAR_INT_EQ_ARITY_STATS {"1":{"count":686181,"max_domain_product_excluding_one_var":"1","p95_domain_product_excluding_one_var":"1"},"2":{"count":685906,"max_domain_product_excluding_one_var":"2","p95_domain_product_excluding_one_var":"2"}}
d LINEAR_INT_NE_ARITY_STATS {"1":{"count":49,"max_domain_product_excluding_one_var":"1","p95_domain_product_excluding_one_var":"1"},"2":{"count":9,"max_domain_product_excluding_one_var":"2","p95_domain_product_excluding_one_var":"2"}}
d LINEAR_INT_GE_ARITY_STATS {"1":{"count":508698,"max_domain_product_excluding_one_var":"1","p95_domain_product_excluding_one_var":"1"},"2":{"count":1887,"max_domain_product_excluding_one_var":"2","p95_domain_product_excluding_one_var":"2"},"3":{"count":1927,"max_domain_product_excluding_one_var":"122388","p95_domain_product_excluding_one_var":"4"},"4":{"count":1248,"max_domain_product_excluding_one_var":"8","p95_domain_product_excluding_one_var":"8"},"5":{"count":2120,"max_domain_product_excluding_one_var":"16","p95_domain_product_excluding_one_var":"16"},"6":{"count":14674,"max_domain_product_excluding_one_var":"32","p95_domain_product_excluding_one_var":"32"},"7":{"count":14148,"max_domain_product_excluding_one_var":"64","p95_domain_product_excluding_one_var":"64"},"8":{"count":25842,"max_domain_product_excluding_one_var":"128","p95_domain_product_excluding_one_var":"128"},"9":{"count":13405,"max_domain_product_excluding_one_var":"256","p95_domain_product_excluding_one_var":"256"},"10":{"count":402,"max_domain_product_excluding_one_var":"512","p95_domain_product_excluding_one_var":"512"},"11":{"count":12841,"max_domain_product_excluding_one_var":"1024","p95_domain_product_excluding_one_var":"1024"}}
d LINEAR_BOOL_MIXED_ARITY_STATS {"3":{"count":5,"max_domain_product_excluding_one_var":"4","p95_domain_product_excluding_one_var":"4"},"4":{"count":4,"max_domain_product_excluding_one_var":"8","p95_domain_product_excluding_one_var":"8"}}
d ROOT_LP_ENTERED 0
d ROOT_LP_STATUS skipped
d ROOT_LP_MS 0
d ROOT_LP_REASON root_lp_disabled
d OBJECTIVE_CUT_TIMING incremental-soft
d OBJECTIVE_CUT_BACKEND cnf
d OBJECTIVE_CUT_FORM direct-expr
d PROPAGATE_PRUNED_VALUES 0
d PROPAGATE_CHANGED_DOMAINS 0
d PROPAGATE_ENTAILED_TABLES 0
d POST_LOWER_ROUNDS 47
d POST_LOWER_TIGHTENED_DOMAINS 95
d POST_LOWER_REMOVED_CLAUSES 721098
d POST_LOWER_REMOVED_LITS 374650
d POST_LOWER_DETECTED_UNSAT 0
d PREENCODE_INT_VARS 686140
d ENCODE_EXTERNAL_GE_SPECS 0
d ENCODE_RELAXED_CIRCUITS 0
d LOG_SCOP_LINEAR_PB_CONSTRAINTS 2753737
d LOG_SCOP_LINEAR_PB_MIXED_DISPATCH_CONSTRAINTS 0
d LOG_SCOP_LINEAR_PB_MIXED_ATTEMPT_BDD 0
d LOG_SCOP_LINEAR_PB_MIXED_ATTEMPT_SORTER 0
d LOG_SCOP_LINEAR_PB_MIXED_ATTEMPT_DADDA 0
d LOG_SCOP_LINEAR_PB_MIXED_REJECT_BDD_BUDGET 0
d LOG_SCOP_LINEAR_PB_MIXED_REJECT_SORTER_BUDGET 0
d LOG_SCOP_LINEAR_PB_MIXED_FALLBACK_BDD_TO_SORTER 0
d LOG_SCOP_LINEAR_PB_MIXED_FALLBACK_BDD_TO_DADDA 0
d LOG_SCOP_LINEAR_PB_MIXED_FALLBACK_SORTER_TO_BDD 0
d LOG_SCOP_LINEAR_PB_MIXED_FALLBACK_SORTER_TO_DADDA 0
d LOG_SCOP_LINEAR_PB_BACKEND_BDD2 2753737
d LOG_SCOP_LINEAR_PB_BACKEND_BDD3 0
d LOG_SCOP_LINEAR_PB_BACKEND_SORTER 0
d LOG_SCOP_LINEAR_PB_BACKEND_DADDA 0
d LOG_SCOP_LINEAR_PB_BDD_DECOMPOSITION_RAW 2753737
d LOG_SCOP_LINEAR_PB_BDD_DECOMPOSITION_BINARY 0
d LOG_SCOP_LINEAR_PB_BDD_DECOMPOSITION_MULTIBASE 0
d MEMORY_RSS_BYTES 7435370496
d MEMORY_RSS_AFTER_PROPAGATE_BYTES 691052544
d MEMORY_RSS_AFTER_LOWER_BYTES 990392320
d MEMORY_RSS_AFTER_POST_LOWER_BYTES 1101307904
d MEMORY_RSS_BEFORE_PREENCODE_BYTES 1295593472
d MEMORY_RSS_AFTER_PREENCODE_BYTES 1346760704
d MEMORY_RSS_BEFORE_ENCODE_BYTES 1373052928
d MEMORY_RSS_ENCODE_SAMPLE_INTERVAL_CLAUSES 1000000
d MEMORY_RSS_ENCODE_SAMPLE_COUNT 35
d MEMORY_RSS_ENCODE_LAST_SAMPLE_CLAUSE 25056535
d MEMORY_RSS_ENCODE_LAST_SAMPLE_BYTES 7435370496
d MEMORY_RSS_ENCODE_MAX_SAMPLE_BYTES 7435370496
d DECODE_INT_ASSIGNMENTS 234
d CSV /bench/competition/2022-2025/COP22to25/FlexibleJobshopScen-dh-6-18-005_c25.xml.lzma,optimum,410,410,410,0,16128070,25092073,136944,0,0,18500,350,14880,69361,0,skipped,,,,,,0,,,,,,,,
c run_end_local: 2026-06-16 11:58:35 +0900
