# WCTIME: wall clock time in seconds
WCTIME=1800.14
# CPUTIME: CPU time in seconds (USERTIME+SYSTEMTIME)
CPUTIME=1790.65
# USERTIME: CPU time spent in user mode in seconds
USERTIME=1783.11
# SYSTEMTIME: CPU time spent in system mode in seconds
SYSTEMTIME=7.54178
# CPUUSAGE: CPUTIME/WCTIME in percent
CPUUSAGE=99.4728
# MAXVM: maximum virtual memory used in KiB
MAXVM=2379972
# MAXMM: maximum memory used in KiB
MAXMM=1931924
# MAXRSS: maximum Resident Segment Size in KiB
MAXRSS=1928904
# TIMEOUT: did the solver exceed the time limit?
TIMEOUT=true
# MEMOUT: did the solver exceed the memory limit?
MEMOUT=false
# EXITSTATUS: Exit status of the solver
EXITSTATUS=36608
