# WCTIME: wall clock time in seconds
WCTIME=14.7871
# CPUTIME: CPU time in seconds (USERTIME+SYSTEMTIME)
CPUTIME=14.7026
# USERTIME: CPU time spent in user mode in seconds
USERTIME=14.5164
# SYSTEMTIME: CPU time spent in system mode in seconds
SYSTEMTIME=0.186224
# CPUUSAGE: CPUTIME/WCTIME in percent
CPUUSAGE=99.4284
# MAXVM: maximum virtual memory used in KiB
MAXVM=347552
# MAXMM: maximum memory used in KiB
MAXMM=157956
# MAXRSS: maximum Resident Segment Size in KiB
MAXRSS=154836
# TIMEOUT: did the solver exceed the time limit?
TIMEOUT=false
# MEMOUT: did the solver exceed the memory limit?
MEMOUT=false
# EXITSTATUS: Exit status of the solver
EXITSTATUS=0
