# WCTIME: wall clock time in seconds
WCTIME=42.0472
# CPUTIME: CPU time in seconds (USERTIME+SYSTEMTIME)
CPUTIME=41.8235
# USERTIME: CPU time spent in user mode in seconds
USERTIME=40.442
# SYSTEMTIME: CPU time spent in system mode in seconds
SYSTEMTIME=1.38151
# CPUUSAGE: CPUTIME/WCTIME in percent
CPUUSAGE=99.4679
# MAXVM: maximum virtual memory used in KiB
MAXVM=2373720
# MAXMM: maximum memory used in KiB
MAXMM=2069048
# MAXRSS: maximum Resident Segment Size in KiB
MAXRSS=2065968
# TIMEOUT: did the solver exceed the time limit?
TIMEOUT=false
# MEMOUT: did the solver exceed the memory limit?
MEMOUT=false
# EXITSTATUS: Exit status of the solver
EXITSTATUS=0
