c cmd: /host-parser-bin/kat_xcsp_b85de3f1_dirty_logscop_directexpr_norootlp_20260521 /bench/competition/2022-2025/COP22to25/Cargo-12-1422f-1644_c24.xml.lzma --encoder log-scop --cop-objective-cut direct-expr --order-ge-table mdd-tl --no-root-lp-bound --progress
c 00h00m00s | solve:start
c 00h00m00s | input: constraints=549
c 00h00m00s | stage:propagate:start
c 00h00m00s | stage:propagate:done ms=1 pruned=7540367 changed_domains=208 entailed_tables=0
c 00h00m00s | memory:rss checkpoint=after_propagate bytes=4251648
c 00h00m00s | stage:normalize:start
c 00h00m00s | stage:normalize:done ms=0 high_constraints=549
c 00h00m00s | stage:lower:start
c 00h00m00s | stage:lower:done ms=221 lowered=549 unsupported=0
c 00h00m00s | memory:rss checkpoint=after_lower bytes=16588800
c 00h00m00s | stage:post_lower:start
c 00h00m00s | stage:post_lower:done ms=20 rounds=168 tightened=319 removed_cls=13549 removed_lits=10821 unsat=false precise_hits=336 precise_rounds=2 pivot_recomputes=640 pivot_exact_attempts=112 pivot_general_attempts=528 pivot_general_rest_missing=0 pivot_general_bound_missing=0 pivot_general_no_change=489 pivot_general_tightened=39 setup_ms=4 loop_ms=13 pivot_ms=0 pivot_version_ms=0 pivot_exact_ms=0 pivot_general_ms=0 pivot_general_prepare_ms=0 pivot_general_rest_ms=0 pivot_general_derive_ms=0 apply_ms=1 sat_ms=0 precise_ms=0
c 00h00m00s | memory:rss checkpoint=after_post_lower bytes=20103168
c 00h00m00s | stage:lowered-shape int_vars=544 bool_vars=25760 linear_atoms=23120 table_atoms=0 table_tuples=0 table_scope=0 alldiff_atoms=0 circuit_atoms=0 product_atoms=0 logical_clauses=34239
c 00h00m00s | stage:root-lp:skip reason=disabled_by_option ms=0
c 00h00m00s | memory:rss checkpoint=before_preencode bytes=20103168
c 00h00m00s | stage:preencode(log-scop):start
c 00h00m00s | stage:preencode(log-scop):done ms=0 int_vars=544
c 00h00m00s | memory:rss checkpoint=after_preencode bytes=16646144
c 00h00m00s | memory:rss checkpoint=before_encode bytes=16646144
c 00h00m00s | stage:encode(log-scop):start
c 00h00m00s | memory:rss checkpoint=encode_clause_sample stage=log-scop clauses=1000000 bytes=281608192 interval_clauses=1000000
c 00h00m01s | memory:rss checkpoint=encode_clause_sample stage=log-scop clauses=2000000 bytes=546496512 interval_clauses=1000000
c 00h00m01s | memory:rss checkpoint=encode_clause_sample stage=log-scop clauses=3000000 bytes=652443648 interval_clauses=1000000
c 00h00m02s | memory:rss checkpoint=encode_clause_sample stage=log-scop clauses=4000000 bytes=1073102848 interval_clauses=1000000
c 00h00m02s | memory:rss checkpoint=encode_clause_sample stage=log-scop clauses=5000000 bytes=1175031808 interval_clauses=1000000
c 00h00m02s | memory:rss checkpoint=encode_clause_sample stage=log-scop clauses=6000000 bytes=1282080768 interval_clauses=1000000
c 00h00m03s | memory:rss checkpoint=encode_clause_sample stage=log-scop clauses=7000000 bytes=1387409408 interval_clauses=1000000
c 00h00m03s | memory:rss checkpoint=encode_clause_sample stage=log-scop clauses=8000000 bytes=2192592896 interval_clauses=1000000
c 00h00m04s | memory:rss checkpoint=encode_clause_sample stage=log-scop clauses=9000000 bytes=2224394240 interval_clauses=1000000
c 00h00m04s | memory:rss checkpoint=encode_clause_sample stage=log-scop clauses=10000000 bytes=2331213824 interval_clauses=1000000
c 00h00m05s | memory:rss checkpoint=encode_clause_sample stage=log-scop clauses=11000000 bytes=2434330624 interval_clauses=1000000
c 00h00m05s | memory:rss checkpoint=encode_clause_sample stage=log-scop clauses=12000000 bytes=2542284800 interval_clauses=1000000
c 00h00m05s | memory:rss checkpoint=encode_clause_sample stage=log-scop clauses=13000000 bytes=2649559040 interval_clauses=1000000
c 00h00m06s | memory:rss checkpoint=encode_clause_sample stage=log-scop clauses=14000000 bytes=2755440640 interval_clauses=1000000
c 00h00m06s | memory:rss checkpoint=encode_clause_sample stage=log-scop clauses=15000000 bytes=2861060096 interval_clauses=1000000
c 00h00m07s | stage:encode(log-scop):done ms=7326 sat_vars=7988110 sat_clauses=15556798 ext_ge_specs=0 relaxed_circuits=0 log_scop_pb_constraints=19272 log_scop_pb_mixed=0 log_scop_pb_bdd2=19272 log_scop_pb_bdd3=0 log_scop_pb_sorter=0 log_scop_pb_dadda=0 log_scop_bdd_raw=19272 log_scop_bdd_binary=0 log_scop_bdd_multibase=0
c 00h00m07s | stage:sat:init solver=CaDiCaL vars=7988110 clauses=15556798
c 00h00m07s | stage:sat:solve:start round=1 circuit_cegar_rounds=- cumulative_cegar_rounds=1 cop_cegar_rounds=1 assumptions=0 phase_lits=0
c 00h03m11s | stage:sat:solve:done round=1 ms=183716 result=Sat assumptions=0 phase_lits=0
c 00h03m11s | stage:decode:start round=1 requested_int_ids=432
c 00h03m11s | stage:relaxation:done round=1 clauses_added=1 circuit_clauses_added=0 cumulative_clauses_added=1 cop_clauses_added=0 circuit_cegar_failures=0 circuit_cegar_rounds=0 circuit_cegar_added_clauses=0 cumulative_cegar_failures=1 cumulative_cegar_rounds=1 cumulative_cegar_added_clauses=1 cop_cegar_failures=0 cop_cegar_rounds=1 cop_cegar_added_clauses=0
c 00h03m11s | stage:sat:solve:start round=2 circuit_cegar_rounds=- cumulative_cegar_rounds=2 cop_cegar_rounds=2 assumptions=0 phase_lits=0
c 00h04m40s | stage:sat:solve:done round=2 ms=88543 result=Sat assumptions=0 phase_lits=0
c 00h04m40s | stage:decode:start round=2 requested_int_ids=432
c 00h04m40s | stage:relaxation:done round=2 clauses_added=1 circuit_clauses_added=0 cumulative_clauses_added=1 cop_clauses_added=0 circuit_cegar_failures=0 circuit_cegar_rounds=0 circuit_cegar_added_clauses=0 cumulative_cegar_failures=2 cumulative_cegar_rounds=2 cumulative_cegar_added_clauses=2 cop_cegar_failures=0 cop_cegar_rounds=2 cop_cegar_added_clauses=0
c 00h04m40s | stage:sat:solve:start round=3 circuit_cegar_rounds=- cumulative_cegar_rounds=3 cop_cegar_rounds=3 assumptions=0 phase_lits=0
c 00h04m41s | stage:sat:solve:done round=3 ms=707 result=Sat assumptions=0 phase_lits=0
c 00h04m41s | stage:decode:start round=3 requested_int_ids=432
c 00h04m41s | stage:relaxation:done round=3 clauses_added=1 circuit_clauses_added=0 cumulative_clauses_added=1 cop_clauses_added=0 circuit_cegar_failures=0 circuit_cegar_rounds=0 circuit_cegar_added_clauses=0 cumulative_cegar_failures=3 cumulative_cegar_rounds=3 cumulative_cegar_added_clauses=3 cop_cegar_failures=0 cop_cegar_rounds=3 cop_cegar_added_clauses=0
c 00h04m41s | stage:sat:solve:start round=4 circuit_cegar_rounds=- cumulative_cegar_rounds=4 cop_cegar_rounds=4 assumptions=0 phase_lits=0
c 00h04m41s | stage:sat:solve:done round=4 ms=220 result=Sat assumptions=0 phase_lits=0
c 00h04m41s | stage:decode:start round=4 requested_int_ids=432
c 00h04m41s | stage:relaxation:done round=4 clauses_added=1 circuit_clauses_added=0 cumulative_clauses_added=1 cop_clauses_added=0 circuit_cegar_failures=0 circuit_cegar_rounds=0 circuit_cegar_added_clauses=0 cumulative_cegar_failures=4 cumulative_cegar_rounds=4 cumulative_cegar_added_clauses=4 cop_cegar_failures=0 cop_cegar_rounds=4 cop_cegar_added_clauses=0
c 00h04m41s | stage:sat:solve:start round=5 circuit_cegar_rounds=- cumulative_cegar_rounds=5 cop_cegar_rounds=5 assumptions=0 phase_lits=0
c 00h04m41s | stage:sat:solve:done round=5 ms=229 result=Sat assumptions=0 phase_lits=0
c 00h04m41s | stage:decode:start round=5 requested_int_ids=432
c 00h04m42s | stage:relaxation:done round=5 clauses_added=1 circuit_clauses_added=0 cumulative_clauses_added=1 cop_clauses_added=0 circuit_cegar_failures=0 circuit_cegar_rounds=0 circuit_cegar_added_clauses=0 cumulative_cegar_failures=5 cumulative_cegar_rounds=5 cumulative_cegar_added_clauses=5 cop_cegar_failures=0 cop_cegar_rounds=5 cop_cegar_added_clauses=0
c 00h04m42s | stage:sat:solve:start round=6 circuit_cegar_rounds=- cumulative_cegar_rounds=6 cop_cegar_rounds=6 assumptions=0 phase_lits=0
c 00h04m42s | stage:sat:solve:done round=6 ms=223 result=Sat assumptions=0 phase_lits=0
c 00h04m42s | stage:decode:start round=6 requested_int_ids=432
c 00h04m42s | stage:relaxation:done round=6 clauses_added=1 circuit_clauses_added=0 cumulative_clauses_added=1 cop_clauses_added=0 circuit_cegar_failures=0 circuit_cegar_rounds=0 circuit_cegar_added_clauses=0 cumulative_cegar_failures=6 cumulative_cegar_rounds=6 cumulative_cegar_added_clauses=6 cop_cegar_failures=0 cop_cegar_rounds=6 cop_cegar_added_clauses=0
c 00h04m42s | stage:sat:solve:start round=7 circuit_cegar_rounds=- cumulative_cegar_rounds=7 cop_cegar_rounds=7 assumptions=0 phase_lits=0
c 00h05m15s | stage:sat:solve:done round=7 ms=32471 result=Sat assumptions=0 phase_lits=0
c 00h05m15s | stage:decode:start round=7 requested_int_ids=432
c 00h05m15s | stage:relaxation:done round=7 clauses_added=1 circuit_clauses_added=0 cumulative_clauses_added=1 cop_clauses_added=0 circuit_cegar_failures=0 circuit_cegar_rounds=0 circuit_cegar_added_clauses=0 cumulative_cegar_failures=7 cumulative_cegar_rounds=7 cumulative_cegar_added_clauses=7 cop_cegar_failures=0 cop_cegar_rounds=7 cop_cegar_added_clauses=0
c 00h05m15s | stage:sat:solve:start round=8 circuit_cegar_rounds=- cumulative_cegar_rounds=8 cop_cegar_rounds=8 assumptions=0 phase_lits=0
c 00h05m15s | stage:sat:solve:done round=8 ms=743 result=Sat assumptions=0 phase_lits=0
c 00h05m15s | stage:decode:start round=8 requested_int_ids=432
c 00h05m16s | stage:relaxation:done round=8 clauses_added=1 circuit_clauses_added=0 cumulative_clauses_added=1 cop_clauses_added=0 circuit_cegar_failures=0 circuit_cegar_rounds=0 circuit_cegar_added_clauses=0 cumulative_cegar_failures=8 cumulative_cegar_rounds=8 cumulative_cegar_added_clauses=8 cop_cegar_failures=0 cop_cegar_rounds=8 cop_cegar_added_clauses=0
c 00h05m16s | stage:sat:solve:start round=9 circuit_cegar_rounds=- cumulative_cegar_rounds=9 cop_cegar_rounds=9 assumptions=0 phase_lits=0
c 00h05m16s | stage:sat:solve:done round=9 ms=224 result=Sat assumptions=0 phase_lits=0
c 00h05m16s | stage:decode:start round=9 requested_int_ids=432
c 00h05m16s | stage:relaxation:done round=9 clauses_added=1 circuit_clauses_added=0 cumulative_clauses_added=1 cop_clauses_added=0 circuit_cegar_failures=0 circuit_cegar_rounds=0 circuit_cegar_added_clauses=0 cumulative_cegar_failures=9 cumulative_cegar_rounds=9 cumulative_cegar_added_clauses=9 cop_cegar_failures=0 cop_cegar_rounds=9 cop_cegar_added_clauses=0
c 00h05m16s | stage:sat:solve:start round=10 circuit_cegar_rounds=- cumulative_cegar_rounds=10 cop_cegar_rounds=10 assumptions=0 phase_lits=0
c 00h05m16s | stage:sat:solve:done round=10 ms=224 result=Sat assumptions=0 phase_lits=0
c 00h05m16s | stage:decode:start round=10 requested_int_ids=432
c 00h05m16s | stage:relaxation:done round=10 clauses_added=1 circuit_clauses_added=0 cumulative_clauses_added=1 cop_clauses_added=0 circuit_cegar_failures=0 circuit_cegar_rounds=0 circuit_cegar_added_clauses=0 cumulative_cegar_failures=10 cumulative_cegar_rounds=10 cumulative_cegar_added_clauses=10 cop_cegar_failures=0 cop_cegar_rounds=10 cop_cegar_added_clauses=0
c 00h05m16s | stage:sat:solve:start round=11 circuit_cegar_rounds=- cumulative_cegar_rounds=11 cop_cegar_rounds=11 assumptions=0 phase_lits=0
c 00h05m35s | stage:sat:solve:done round=11 ms=18962 result=Sat assumptions=0 phase_lits=0
c 00h05m35s | stage:decode:start round=11 requested_int_ids=432
c 00h05m36s | stage:decode:final:start round=11 requested_int_ids=432
c 00h05m36s | stage:decode:done round=11 int_assignments=432
c 00h05m36s | stage:relaxation:done clauses_added=0 circuit_cegar_failures=0 circuit_cegar_rounds=0 circuit_cegar_added_clauses=0 cumulative_cegar_failures=10 cumulative_cegar_rounds=11 cumulative_cegar_added_clauses=10 cop_cegar_failures=0 cop_cegar_rounds=11 cop_cegar_added_clauses=0
c 00h05m36s | result:Sat
c 00h05m36s | objective:incumbent kind=initial value=249053 rounds=1 improvements=0
o 249053
c 00h05m36s | stage:sat:init solver=CaDiCaL vars=7988110 clauses=15556798
c 00h05m36s | stage:sat:solve:start round=1 circuit_cegar_rounds=- cumulative_cegar_rounds=12 cop_cegar_rounds=12 assumptions=0 phase_lits=4473
c 00h06m15s | stage:sat:solve:done round=1 ms=38932 result=Sat assumptions=0 phase_lits=4473
c 00h06m15s | stage:decode:start round=1 requested_int_ids=432
c 00h06m15s | stage:decode:final:start round=1 requested_int_ids=432
c 00h06m15s | stage:decode:done round=1 int_assignments=432
c 00h06m15s | stage:relaxation:done clauses_added=0 circuit_cegar_failures=0 circuit_cegar_rounds=0 circuit_cegar_added_clauses=0 cumulative_cegar_failures=10 cumulative_cegar_rounds=12 cumulative_cegar_added_clauses=10 cop_cegar_failures=0 cop_cegar_rounds=12 cop_cegar_added_clauses=0
c 00h06m15s | result:Sat
c 00h06m15s | objective:incumbent kind=improvement value=209599 rounds=2 improvements=1
o 209599
c 00h06m15s | stage:sat:init solver=CaDiCaL vars=7988110 clauses=15556798
c 00h06m15s | stage:sat:solve:start round=1 circuit_cegar_rounds=- cumulative_cegar_rounds=13 cop_cegar_rounds=13 assumptions=0 phase_lits=4473
c 00h06m15s | stage:sat:solve:done round=1 ms=751 result=Sat assumptions=0 phase_lits=4473
c 00h06m15s | stage:decode:start round=1 requested_int_ids=432
c 00h06m16s | stage:relaxation:done round=1 clauses_added=1 circuit_clauses_added=0 cumulative_clauses_added=1 cop_clauses_added=0 circuit_cegar_failures=0 circuit_cegar_rounds=0 circuit_cegar_added_clauses=0 cumulative_cegar_failures=11 cumulative_cegar_rounds=13 cumulative_cegar_added_clauses=11 cop_cegar_failures=0 cop_cegar_rounds=13 cop_cegar_added_clauses=0
c 00h06m16s | stage:sat:solve:start round=2 circuit_cegar_rounds=- cumulative_cegar_rounds=14 cop_cegar_rounds=14 assumptions=0 phase_lits=4473
c 00h06m16s | stage:sat:solve:done round=2 ms=712 result=Sat assumptions=0 phase_lits=4473
c 00h06m16s | stage:decode:start round=2 requested_int_ids=432
c 00h06m17s | stage:relaxation:done round=2 clauses_added=1 circuit_clauses_added=0 cumulative_clauses_added=1 cop_clauses_added=0 circuit_cegar_failures=0 circuit_cegar_rounds=0 circuit_cegar_added_clauses=0 cumulative_cegar_failures=12 cumulative_cegar_rounds=14 cumulative_cegar_added_clauses=12 cop_cegar_failures=0 cop_cegar_rounds=14 cop_cegar_added_clauses=0
c 00h06m17s | stage:sat:solve:start round=3 circuit_cegar_rounds=- cumulative_cegar_rounds=15 cop_cegar_rounds=15 assumptions=0 phase_lits=4473
c 00h06m17s | stage:sat:solve:done round=3 ms=209 result=Sat assumptions=0 phase_lits=4473
c 00h06m17s | stage:decode:start round=3 requested_int_ids=432
c 00h06m17s | stage:relaxation:done round=3 clauses_added=1 circuit_clauses_added=0 cumulative_clauses_added=1 cop_clauses_added=0 circuit_cegar_failures=0 circuit_cegar_rounds=0 circuit_cegar_added_clauses=0 cumulative_cegar_failures=13 cumulative_cegar_rounds=15 cumulative_cegar_added_clauses=13 cop_cegar_failures=0 cop_cegar_rounds=15 cop_cegar_added_clauses=0
c 00h06m17s | stage:sat:solve:start round=4 circuit_cegar_rounds=- cumulative_cegar_rounds=16 cop_cegar_rounds=16 assumptions=0 phase_lits=4473
c 00h07m24s | stage:sat:solve:done round=4 ms=67119 result=Sat assumptions=0 phase_lits=4473
c 00h07m24s | stage:decode:start round=4 requested_int_ids=432
c 00h07m24s | stage:relaxation:done round=4 clauses_added=1 circuit_clauses_added=0 cumulative_clauses_added=1 cop_clauses_added=0 circuit_cegar_failures=0 circuit_cegar_rounds=0 circuit_cegar_added_clauses=0 cumulative_cegar_failures=14 cumulative_cegar_rounds=16 cumulative_cegar_added_clauses=14 cop_cegar_failures=0 cop_cegar_rounds=16 cop_cegar_added_clauses=0
c 00h07m24s | stage:sat:solve:start round=5 circuit_cegar_rounds=- cumulative_cegar_rounds=17 cop_cegar_rounds=17 assumptions=0 phase_lits=4473
c 00h08m29s | stage:sat:solve:done round=5 ms=64116 result=Sat assumptions=0 phase_lits=4473
c 00h08m29s | stage:decode:start round=5 requested_int_ids=432
c 00h08m29s | stage:relaxation:done round=5 clauses_added=1 circuit_clauses_added=0 cumulative_clauses_added=1 cop_clauses_added=0 circuit_cegar_failures=0 circuit_cegar_rounds=0 circuit_cegar_added_clauses=0 cumulative_cegar_failures=15 cumulative_cegar_rounds=17 cumulative_cegar_added_clauses=15 cop_cegar_failures=0 cop_cegar_rounds=17 cop_cegar_added_clauses=0
c 00h08m29s | stage:sat:solve:start round=6 circuit_cegar_rounds=- cumulative_cegar_rounds=18 cop_cegar_rounds=18 assumptions=0 phase_lits=4473
c 00h08m43s | stage:sat:solve:done round=6 ms=14478 result=Sat assumptions=0 phase_lits=4473
c 00h08m43s | stage:decode:start round=6 requested_int_ids=432
c 00h08m43s | stage:relaxation:done round=6 clauses_added=1 circuit_clauses_added=0 cumulative_clauses_added=1 cop_clauses_added=0 circuit_cegar_failures=0 circuit_cegar_rounds=0 circuit_cegar_added_clauses=0 cumulative_cegar_failures=16 cumulative_cegar_rounds=18 cumulative_cegar_added_clauses=16 cop_cegar_failures=0 cop_cegar_rounds=18 cop_cegar_added_clauses=0
c 00h08m43s | stage:sat:solve:start round=7 circuit_cegar_rounds=- cumulative_cegar_rounds=19 cop_cegar_rounds=19 assumptions=0 phase_lits=4473
c 00h09m09s | stage:sat:solve:done round=7 ms=25318 result=Sat assumptions=0 phase_lits=4473
c 00h09m09s | stage:decode:start round=7 requested_int_ids=432
c 00h09m09s | stage:relaxation:done round=7 clauses_added=1 circuit_clauses_added=0 cumulative_clauses_added=1 cop_clauses_added=0 circuit_cegar_failures=0 circuit_cegar_rounds=0 circuit_cegar_added_clauses=0 cumulative_cegar_failures=17 cumulative_cegar_rounds=19 cumulative_cegar_added_clauses=17 cop_cegar_failures=0 cop_cegar_rounds=19 cop_cegar_added_clauses=0
c 00h09m09s | stage:sat:solve:start round=8 circuit_cegar_rounds=- cumulative_cegar_rounds=20 cop_cegar_rounds=20 assumptions=0 phase_lits=4473
c 00h10m13s | stage:sat:solve:done round=8 ms=64366 result=Sat assumptions=0 phase_lits=4473
c 00h10m13s | stage:decode:start round=8 requested_int_ids=432
c 00h10m14s | stage:relaxation:done round=8 clauses_added=1 circuit_clauses_added=0 cumulative_clauses_added=1 cop_clauses_added=0 circuit_cegar_failures=0 circuit_cegar_rounds=0 circuit_cegar_added_clauses=0 cumulative_cegar_failures=18 cumulative_cegar_rounds=20 cumulative_cegar_added_clauses=18 cop_cegar_failures=0 cop_cegar_rounds=20 cop_cegar_added_clauses=0
c 00h10m14s | stage:sat:solve:start round=9 circuit_cegar_rounds=- cumulative_cegar_rounds=21 cop_cegar_rounds=21 assumptions=0 phase_lits=4473
c 00h10m39s | stage:sat:solve:done round=9 ms=25119 result=Sat assumptions=0 phase_lits=4473
c 00h10m39s | stage:decode:start round=9 requested_int_ids=432
c 00h10m39s | stage:relaxation:done round=9 clauses_added=1 circuit_clauses_added=0 cumulative_clauses_added=1 cop_clauses_added=0 circuit_cegar_failures=0 circuit_cegar_rounds=0 circuit_cegar_added_clauses=0 cumulative_cegar_failures=19 cumulative_cegar_rounds=21 cumulative_cegar_added_clauses=19 cop_cegar_failures=0 cop_cegar_rounds=21 cop_cegar_added_clauses=0
c 00h10m39s | stage:sat:solve:start round=10 circuit_cegar_rounds=- cumulative_cegar_rounds=22 cop_cegar_rounds=22 assumptions=0 phase_lits=4473
c 00h11m40s | stage:sat:solve:done round=10 ms=61179 result=Sat assumptions=0 phase_lits=4473
c 00h11m40s | stage:decode:start round=10 requested_int_ids=432
c 00h11m40s | stage:relaxation:done round=10 clauses_added=1 circuit_clauses_added=0 cumulative_clauses_added=1 cop_clauses_added=0 circuit_cegar_failures=0 circuit_cegar_rounds=0 circuit_cegar_added_clauses=0 cumulative_cegar_failures=20 cumulative_cegar_rounds=22 cumulative_cegar_added_clauses=20 cop_cegar_failures=0 cop_cegar_rounds=22 cop_cegar_added_clauses=0
c 00h11m40s | stage:sat:solve:start round=11 circuit_cegar_rounds=- cumulative_cegar_rounds=23 cop_cegar_rounds=23 assumptions=0 phase_lits=4473
c 00h12m04s | stage:sat:solve:done round=11 ms=23444 result=Sat assumptions=0 phase_lits=4473
c 00h12m04s | stage:decode:start round=11 requested_int_ids=432
c 00h12m04s | stage:relaxation:done round=11 clauses_added=1 circuit_clauses_added=0 cumulative_clauses_added=1 cop_clauses_added=0 circuit_cegar_failures=0 circuit_cegar_rounds=0 circuit_cegar_added_clauses=0 cumulative_cegar_failures=21 cumulative_cegar_rounds=23 cumulative_cegar_added_clauses=21 cop_cegar_failures=0 cop_cegar_rounds=23 cop_cegar_added_clauses=0
c 00h12m04s | stage:sat:solve:start round=12 circuit_cegar_rounds=- cumulative_cegar_rounds=24 cop_cegar_rounds=24 assumptions=0 phase_lits=4473
c 00h12m18s | stage:sat:solve:done round=12 ms=13461 result=Sat assumptions=0 phase_lits=4473
c 00h12m18s | stage:decode:start round=12 requested_int_ids=432
c 00h12m18s | stage:relaxation:done round=12 clauses_added=1 circuit_clauses_added=0 cumulative_clauses_added=1 cop_clauses_added=0 circuit_cegar_failures=0 circuit_cegar_rounds=0 circuit_cegar_added_clauses=0 cumulative_cegar_failures=22 cumulative_cegar_rounds=24 cumulative_cegar_added_clauses=22 cop_cegar_failures=0 cop_cegar_rounds=24 cop_cegar_added_clauses=0
c 00h12m18s | stage:sat:solve:start round=13 circuit_cegar_rounds=- cumulative_cegar_rounds=25 cop_cegar_rounds=25 assumptions=0 phase_lits=4473
c 00h12m36s | stage:sat:solve:done round=13 ms=18038 result=Sat assumptions=0 phase_lits=4473
c 00h12m36s | stage:decode:start round=13 requested_int_ids=432
c 00h12m36s | stage:relaxation:done round=13 clauses_added=1 circuit_clauses_added=0 cumulative_clauses_added=1 cop_clauses_added=0 circuit_cegar_failures=0 circuit_cegar_rounds=0 circuit_cegar_added_clauses=0 cumulative_cegar_failures=23 cumulative_cegar_rounds=25 cumulative_cegar_added_clauses=23 cop_cegar_failures=0 cop_cegar_rounds=25 cop_cegar_added_clauses=0
c 00h12m36s | stage:sat:solve:start round=14 circuit_cegar_rounds=- cumulative_cegar_rounds=26 cop_cegar_rounds=26 assumptions=0 phase_lits=4473
c 00h12m49s | stage:sat:solve:done round=14 ms=13213 result=Sat assumptions=0 phase_lits=4473
c 00h12m49s | stage:decode:start round=14 requested_int_ids=432
c 00h12m49s | stage:relaxation:done round=14 clauses_added=1 circuit_clauses_added=0 cumulative_clauses_added=1 cop_clauses_added=0 circuit_cegar_failures=0 circuit_cegar_rounds=0 circuit_cegar_added_clauses=0 cumulative_cegar_failures=24 cumulative_cegar_rounds=26 cumulative_cegar_added_clauses=24 cop_cegar_failures=0 cop_cegar_rounds=26 cop_cegar_added_clauses=0
c 00h12m49s | stage:sat:solve:start round=15 circuit_cegar_rounds=- cumulative_cegar_rounds=27 cop_cegar_rounds=27 assumptions=0 phase_lits=4473
c 00h13m46s | stage:sat:solve:done round=15 ms=56730 result=Sat assumptions=0 phase_lits=4473
c 00h13m46s | stage:decode:start round=15 requested_int_ids=432
c 00h13m46s | stage:relaxation:done round=15 clauses_added=1 circuit_clauses_added=0 cumulative_clauses_added=1 cop_clauses_added=0 circuit_cegar_failures=0 circuit_cegar_rounds=0 circuit_cegar_added_clauses=0 cumulative_cegar_failures=25 cumulative_cegar_rounds=27 cumulative_cegar_added_clauses=25 cop_cegar_failures=0 cop_cegar_rounds=27 cop_cegar_added_clauses=0
c 00h13m46s | stage:sat:solve:start round=16 circuit_cegar_rounds=- cumulative_cegar_rounds=28 cop_cegar_rounds=28 assumptions=0 phase_lits=4473
c 00h14m43s | stage:sat:solve:done round=16 ms=56350 result=Sat assumptions=0 phase_lits=4473
c 00h14m43s | stage:decode:start round=16 requested_int_ids=432
c 00h14m43s | stage:relaxation:done round=16 clauses_added=1 circuit_clauses_added=0 cumulative_clauses_added=1 cop_clauses_added=0 circuit_cegar_failures=0 circuit_cegar_rounds=0 circuit_cegar_added_clauses=0 cumulative_cegar_failures=26 cumulative_cegar_rounds=28 cumulative_cegar_added_clauses=26 cop_cegar_failures=0 cop_cegar_rounds=28 cop_cegar_added_clauses=0
c 00h14m43s | stage:sat:solve:start round=17 circuit_cegar_rounds=- cumulative_cegar_rounds=29 cop_cegar_rounds=29 assumptions=0 phase_lits=4473
c 00h15m07s | stage:sat:solve:done round=17 ms=23667 result=Sat assumptions=0 phase_lits=4473
c 00h15m07s | stage:decode:start round=17 requested_int_ids=432
c 00h15m07s | stage:relaxation:done round=17 clauses_added=1 circuit_clauses_added=0 cumulative_clauses_added=1 cop_clauses_added=0 circuit_cegar_failures=0 circuit_cegar_rounds=0 circuit_cegar_added_clauses=0 cumulative_cegar_failures=27 cumulative_cegar_rounds=29 cumulative_cegar_added_clauses=27 cop_cegar_failures=0 cop_cegar_rounds=29 cop_cegar_added_clauses=0
c 00h15m07s | stage:sat:solve:start round=18 circuit_cegar_rounds=- cumulative_cegar_rounds=30 cop_cegar_rounds=30 assumptions=0 phase_lits=4473
c 00h15m19s | stage:sat:solve:done round=18 ms=12086 result=Sat assumptions=0 phase_lits=4473
c 00h15m19s | stage:decode:start round=18 requested_int_ids=432
c 00h15m19s | stage:relaxation:done round=18 clauses_added=1 circuit_clauses_added=0 cumulative_clauses_added=1 cop_clauses_added=0 circuit_cegar_failures=0 circuit_cegar_rounds=0 circuit_cegar_added_clauses=0 cumulative_cegar_failures=28 cumulative_cegar_rounds=30 cumulative_cegar_added_clauses=28 cop_cegar_failures=0 cop_cegar_rounds=30 cop_cegar_added_clauses=0
c 00h15m19s | stage:sat:solve:start round=19 circuit_cegar_rounds=- cumulative_cegar_rounds=31 cop_cegar_rounds=31 assumptions=0 phase_lits=4473
c 00h16m19s | stage:sat:solve:done round=19 ms=59860 result=Sat assumptions=0 phase_lits=4473
c 00h16m19s | stage:decode:start round=19 requested_int_ids=432
c 00h16m19s | stage:relaxation:done round=19 clauses_added=1 circuit_clauses_added=0 cumulative_clauses_added=1 cop_clauses_added=0 circuit_cegar_failures=0 circuit_cegar_rounds=0 circuit_cegar_added_clauses=0 cumulative_cegar_failures=29 cumulative_cegar_rounds=31 cumulative_cegar_added_clauses=29 cop_cegar_failures=0 cop_cegar_rounds=31 cop_cegar_added_clauses=0
c 00h16m19s | stage:sat:solve:start round=20 circuit_cegar_rounds=- cumulative_cegar_rounds=32 cop_cegar_rounds=32 assumptions=0 phase_lits=4473
c 00h16m33s | stage:sat:solve:done round=20 ms=13826 result=Sat assumptions=0 phase_lits=4473
c 00h16m33s | stage:decode:start round=20 requested_int_ids=432
c 00h16m33s | stage:relaxation:done round=20 clauses_added=1 circuit_clauses_added=0 cumulative_clauses_added=1 cop_clauses_added=0 circuit_cegar_failures=0 circuit_cegar_rounds=0 circuit_cegar_added_clauses=0 cumulative_cegar_failures=30 cumulative_cegar_rounds=32 cumulative_cegar_added_clauses=30 cop_cegar_failures=0 cop_cegar_rounds=32 cop_cegar_added_clauses=0
c 00h16m33s | stage:sat:solve:start round=21 circuit_cegar_rounds=- cumulative_cegar_rounds=33 cop_cegar_rounds=33 assumptions=0 phase_lits=4473
c 00h17m02s | stage:sat:solve:done round=21 ms=28170 result=Sat assumptions=0 phase_lits=4473
c 00h17m02s | stage:decode:start round=21 requested_int_ids=432
c 00h17m02s | stage:relaxation:done round=21 clauses_added=1 circuit_clauses_added=0 cumulative_clauses_added=1 cop_clauses_added=0 circuit_cegar_failures=0 circuit_cegar_rounds=0 circuit_cegar_added_clauses=0 cumulative_cegar_failures=31 cumulative_cegar_rounds=33 cumulative_cegar_added_clauses=31 cop_cegar_failures=0 cop_cegar_rounds=33 cop_cegar_added_clauses=0
c 00h17m02s | stage:sat:solve:start round=22 circuit_cegar_rounds=- cumulative_cegar_rounds=34 cop_cegar_rounds=34 assumptions=0 phase_lits=4473
c 00h17m20s | stage:sat:solve:done round=22 ms=18452 result=Sat assumptions=0 phase_lits=4473
c 00h17m20s | stage:decode:start round=22 requested_int_ids=432
c 00h17m20s | stage:relaxation:done round=22 clauses_added=1 circuit_clauses_added=0 cumulative_clauses_added=1 cop_clauses_added=0 circuit_cegar_failures=0 circuit_cegar_rounds=0 circuit_cegar_added_clauses=0 cumulative_cegar_failures=32 cumulative_cegar_rounds=34 cumulative_cegar_added_clauses=32 cop_cegar_failures=0 cop_cegar_rounds=34 cop_cegar_added_clauses=0
c 00h17m20s | stage:sat:solve:start round=23 circuit_cegar_rounds=- cumulative_cegar_rounds=35 cop_cegar_rounds=35 assumptions=0 phase_lits=4473
c 00h17m37s | stage:sat:solve:done round=23 ms=16370 result=Sat assumptions=0 phase_lits=4473
c 00h17m37s | stage:decode:start round=23 requested_int_ids=432
c 00h17m37s | stage:relaxation:done round=23 clauses_added=1 circuit_clauses_added=0 cumulative_clauses_added=1 cop_clauses_added=0 circuit_cegar_failures=0 circuit_cegar_rounds=0 circuit_cegar_added_clauses=0 cumulative_cegar_failures=33 cumulative_cegar_rounds=35 cumulative_cegar_added_clauses=33 cop_cegar_failures=0 cop_cegar_rounds=35 cop_cegar_added_clauses=0
c 00h17m37s | stage:sat:solve:start round=24 circuit_cegar_rounds=- cumulative_cegar_rounds=36 cop_cegar_rounds=36 assumptions=0 phase_lits=4473
c 00h17m53s | stage:sat:solve:done round=24 ms=15529 result=Sat assumptions=0 phase_lits=4473
c 00h17m53s | stage:decode:start round=24 requested_int_ids=432
c 00h17m53s | stage:relaxation:done round=24 clauses_added=1 circuit_clauses_added=0 cumulative_clauses_added=1 cop_clauses_added=0 circuit_cegar_failures=0 circuit_cegar_rounds=0 circuit_cegar_added_clauses=0 cumulative_cegar_failures=34 cumulative_cegar_rounds=36 cumulative_cegar_added_clauses=34 cop_cegar_failures=0 cop_cegar_rounds=36 cop_cegar_added_clauses=0
c 00h17m53s | stage:sat:solve:start round=25 circuit_cegar_rounds=- cumulative_cegar_rounds=37 cop_cegar_rounds=37 assumptions=0 phase_lits=4473
c 00h18m10s | stage:sat:solve:done round=25 ms=17005 result=Sat assumptions=0 phase_lits=4473
c 00h18m10s | stage:decode:start round=25 requested_int_ids=432
c 00h18m10s | stage:relaxation:done round=25 clauses_added=1 circuit_clauses_added=0 cumulative_clauses_added=1 cop_clauses_added=0 circuit_cegar_failures=0 circuit_cegar_rounds=0 circuit_cegar_added_clauses=0 cumulative_cegar_failures=35 cumulative_cegar_rounds=37 cumulative_cegar_added_clauses=35 cop_cegar_failures=0 cop_cegar_rounds=37 cop_cegar_added_clauses=0
c 00h18m10s | stage:sat:solve:start round=26 circuit_cegar_rounds=- cumulative_cegar_rounds=38 cop_cegar_rounds=38 assumptions=0 phase_lits=4473
c 00h19m00s | stage:sat:solve:done round=26 ms=50468 result=Sat assumptions=0 phase_lits=4473
c 00h19m00s | stage:decode:start round=26 requested_int_ids=432
c 00h19m01s | stage:relaxation:done round=26 clauses_added=1 circuit_clauses_added=0 cumulative_clauses_added=1 cop_clauses_added=0 circuit_cegar_failures=0 circuit_cegar_rounds=0 circuit_cegar_added_clauses=0 cumulative_cegar_failures=36 cumulative_cegar_rounds=38 cumulative_cegar_added_clauses=36 cop_cegar_failures=0 cop_cegar_rounds=38 cop_cegar_added_clauses=0
c 00h19m01s | stage:sat:solve:start round=27 circuit_cegar_rounds=- cumulative_cegar_rounds=39 cop_cegar_rounds=39 assumptions=0 phase_lits=4473
c 00h19m16s | stage:sat:solve:done round=27 ms=15477 result=Sat assumptions=0 phase_lits=4473
c 00h19m16s | stage:decode:start round=27 requested_int_ids=432
c 00h19m16s | stage:relaxation:done round=27 clauses_added=241704 circuit_clauses_added=0 cumulative_clauses_added=0 cop_clauses_added=241704 circuit_cegar_failures=0 circuit_cegar_rounds=0 circuit_cegar_added_clauses=0 cumulative_cegar_failures=36 cumulative_cegar_rounds=39 cumulative_cegar_added_clauses=36 cop_cegar_failures=1 cop_cegar_rounds=39 cop_cegar_added_clauses=241704
c 00h19m17s | stage:sat:solve:start round=28 circuit_cegar_rounds=- cumulative_cegar_rounds=40 cop_cegar_rounds=40 assumptions=0 phase_lits=4473
c 00h20m18s | stage:sat:solve:done round=28 ms=61018 result=Sat assumptions=0 phase_lits=4473
c 00h20m18s | stage:decode:start round=28 requested_int_ids=432
c 00h20m18s | stage:relaxation:done round=28 clauses_added=1 circuit_clauses_added=0 cumulative_clauses_added=1 cop_clauses_added=0 circuit_cegar_failures=0 circuit_cegar_rounds=0 circuit_cegar_added_clauses=0 cumulative_cegar_failures=37 cumulative_cegar_rounds=40 cumulative_cegar_added_clauses=37 cop_cegar_failures=1 cop_cegar_rounds=40 cop_cegar_added_clauses=241704
c 00h20m18s | stage:sat:solve:start round=29 circuit_cegar_rounds=- cumulative_cegar_rounds=41 cop_cegar_rounds=41 assumptions=0 phase_lits=4473
c 00h23m06s | stage:sat:solve:done round=29 ms=168327 result=Sat assumptions=0 phase_lits=4473
c 00h23m06s | stage:decode:start round=29 requested_int_ids=432
c 00h23m06s | stage:relaxation:done round=29 clauses_added=1 circuit_clauses_added=0 cumulative_clauses_added=1 cop_clauses_added=0 circuit_cegar_failures=0 circuit_cegar_rounds=0 circuit_cegar_added_clauses=0 cumulative_cegar_failures=38 cumulative_cegar_rounds=41 cumulative_cegar_added_clauses=38 cop_cegar_failures=1 cop_cegar_rounds=41 cop_cegar_added_clauses=241704
c 00h23m06s | stage:sat:solve:start round=30 circuit_cegar_rounds=- cumulative_cegar_rounds=42 cop_cegar_rounds=42 assumptions=0 phase_lits=4473
c 00h24m20s | stage:sat:solve:done round=30 ms=73225 result=Sat assumptions=0 phase_lits=4473
c 00h24m20s | stage:decode:start round=30 requested_int_ids=432
c 00h24m20s | stage:relaxation:done round=30 clauses_added=1 circuit_clauses_added=0 cumulative_clauses_added=1 cop_clauses_added=0 circuit_cegar_failures=0 circuit_cegar_rounds=0 circuit_cegar_added_clauses=0 cumulative_cegar_failures=39 cumulative_cegar_rounds=42 cumulative_cegar_added_clauses=39 cop_cegar_failures=1 cop_cegar_rounds=42 cop_cegar_added_clauses=241704
c 00h24m20s | stage:sat:solve:start round=31 circuit_cegar_rounds=- cumulative_cegar_rounds=43 cop_cegar_rounds=43 assumptions=0 phase_lits=4473
c 00h25m10s | stage:sat:solve:done round=31 ms=49850 result=Sat assumptions=0 phase_lits=4473
c 00h25m10s | stage:decode:start round=31 requested_int_ids=432
c 00h25m10s | stage:decode:final:start round=31 requested_int_ids=432
c 00h25m10s | stage:decode:done round=31 int_assignments=432
c 00h25m10s | stage:relaxation:done clauses_added=0 circuit_cegar_failures=0 circuit_cegar_rounds=0 circuit_cegar_added_clauses=0 cumulative_cegar_failures=39 cumulative_cegar_rounds=43 cumulative_cegar_added_clauses=39 cop_cegar_failures=1 cop_cegar_rounds=43 cop_cegar_added_clauses=241704
c 00h25m10s | result:Sat
c 00h25m10s | objective:incumbent kind=improvement value=194481 rounds=3 improvements=2
o 194481
c 00h25m10s | stage:sat:init solver=CaDiCaL vars=7988110 clauses=15556798
c 00h25m10s | stage:sat:solve:start round=1 circuit_cegar_rounds=- cumulative_cegar_rounds=44 cop_cegar_rounds=44 assumptions=0 phase_lits=4473
c 00h25m11s | stage:sat:solve:done round=1 ms=776 result=Sat assumptions=0 phase_lits=4473
c 00h25m11s | stage:decode:start round=1 requested_int_ids=432
c 00h25m11s | stage:relaxation:done round=1 clauses_added=31 circuit_clauses_added=0 cumulative_clauses_added=0 cop_clauses_added=31 circuit_cegar_failures=0 circuit_cegar_rounds=0 circuit_cegar_added_clauses=0 cumulative_cegar_failures=39 cumulative_cegar_rounds=44 cumulative_cegar_added_clauses=39 cop_cegar_failures=2 cop_cegar_rounds=44 cop_cegar_added_clauses=241735
c 00h25m11s | stage:sat:solve:start round=2 circuit_cegar_rounds=- cumulative_cegar_rounds=45 cop_cegar_rounds=45 assumptions=0 phase_lits=4473
c 00h25m12s | stage:sat:solve:done round=2 ms=713 result=Sat assumptions=0 phase_lits=4473
c 00h25m12s | stage:decode:start round=2 requested_int_ids=432
c 00h25m12s | stage:decode:final:start round=2 requested_int_ids=432
c 00h25m12s | stage:decode:done round=2 int_assignments=432
c 00h25m12s | stage:relaxation:done clauses_added=0 circuit_cegar_failures=0 circuit_cegar_rounds=0 circuit_cegar_added_clauses=0 cumulative_cegar_failures=39 cumulative_cegar_rounds=45 cumulative_cegar_added_clauses=39 cop_cegar_failures=2 cop_cegar_rounds=45 cop_cegar_added_clauses=241735
c 00h25m12s | result:Sat
c 00h25m12s | objective:incumbent kind=improvement value=194480 rounds=4 improvements=3
o 194480
c 00h25m12s | stage:sat:init solver=CaDiCaL vars=7988110 clauses=15556798
c 00h25m12s | stage:sat:solve:start round=1 circuit_cegar_rounds=- cumulative_cegar_rounds=46 cop_cegar_rounds=46 assumptions=0 phase_lits=4473
c 00h25m13s | stage:sat:solve:done round=1 ms=730 result=Sat assumptions=0 phase_lits=4473
c 00h25m13s | stage:decode:start round=1 requested_int_ids=432
c 00h25m13s | stage:relaxation:done round=1 clauses_added=30 circuit_clauses_added=0 cumulative_clauses_added=0 cop_clauses_added=30 circuit_cegar_failures=0 circuit_cegar_rounds=0 circuit_cegar_added_clauses=0 cumulative_cegar_failures=39 cumulative_cegar_rounds=46 cumulative_cegar_added_clauses=39 cop_cegar_failures=3 cop_cegar_rounds=46 cop_cegar_added_clauses=241765
c 00h25m13s | stage:sat:solve:start round=2 circuit_cegar_rounds=- cumulative_cegar_rounds=47 cop_cegar_rounds=47 assumptions=0 phase_lits=4473
c 00h25m13s | stage:sat:solve:done round=2 ms=205 result=Sat assumptions=0 phase_lits=4473
c 00h25m13s | stage:decode:start round=2 requested_int_ids=432
c 00h25m13s | stage:decode:final:start round=2 requested_int_ids=432
c 00h25m13s | stage:decode:done round=2 int_assignments=432
c 00h25m13s | stage:relaxation:done clauses_added=0 circuit_cegar_failures=0 circuit_cegar_rounds=0 circuit_cegar_added_clauses=0 cumulative_cegar_failures=39 cumulative_cegar_rounds=47 cumulative_cegar_added_clauses=39 cop_cegar_failures=3 cop_cegar_rounds=47 cop_cegar_added_clauses=241765
c 00h25m13s | result:Sat
c 00h25m13s | objective:incumbent kind=improvement value=194478 rounds=5 improvements=4
o 194478
c 00h25m13s | stage:sat:init solver=CaDiCaL vars=7988110 clauses=15556798
c 00h25m13s | stage:sat:solve:start round=1 circuit_cegar_rounds=- cumulative_cegar_rounds=48 cop_cegar_rounds=48 assumptions=0 phase_lits=4473
c 00h25m14s | stage:sat:solve:done round=1 ms=739 result=Sat assumptions=0 phase_lits=4473
c 00h25m14s | stage:decode:start round=1 requested_int_ids=432
c 00h25m14s | stage:relaxation:done round=1 clauses_added=29 circuit_clauses_added=0 cumulative_clauses_added=0 cop_clauses_added=29 circuit_cegar_failures=0 circuit_cegar_rounds=0 circuit_cegar_added_clauses=0 cumulative_cegar_failures=39 cumulative_cegar_rounds=48 cumulative_cegar_added_clauses=39 cop_cegar_failures=4 cop_cegar_rounds=48 cop_cegar_added_clauses=241794
c 00h25m14s | stage:sat:solve:start round=2 circuit_cegar_rounds=- cumulative_cegar_rounds=49 cop_cegar_rounds=49 assumptions=0 phase_lits=4473
c 00h25m14s | stage:sat:solve:done round=2 ms=205 result=Sat assumptions=0 phase_lits=4473
c 00h25m14s | stage:decode:start round=2 requested_int_ids=432
c 00h25m15s | stage:decode:final:start round=2 requested_int_ids=432
c 00h25m15s | stage:decode:done round=2 int_assignments=432
c 00h25m15s | stage:relaxation:done clauses_added=0 circuit_cegar_failures=0 circuit_cegar_rounds=0 circuit_cegar_added_clauses=0 cumulative_cegar_failures=39 cumulative_cegar_rounds=49 cumulative_cegar_added_clauses=39 cop_cegar_failures=4 cop_cegar_rounds=49 cop_cegar_added_clauses=241794
c 00h25m15s | result:Sat
c 00h25m15s | objective:incumbent kind=improvement value=194474 rounds=6 improvements=5
o 194474
c 00h25m15s | stage:sat:init solver=CaDiCaL vars=7988110 clauses=15556798
c 00h25m15s | stage:sat:solve:start round=1 circuit_cegar_rounds=- cumulative_cegar_rounds=50 cop_cegar_rounds=50 assumptions=0 phase_lits=4473
c 00h25m15s | stage:sat:solve:done round=1 ms=723 result=Sat assumptions=0 phase_lits=4473
c 00h25m15s | stage:decode:start round=1 requested_int_ids=432
c 00h25m15s | stage:relaxation:done round=1 clauses_added=28 circuit_clauses_added=0 cumulative_clauses_added=0 cop_clauses_added=28 circuit_cegar_failures=0 circuit_cegar_rounds=0 circuit_cegar_added_clauses=0 cumulative_cegar_failures=39 cumulative_cegar_rounds=50 cumulative_cegar_added_clauses=39 cop_cegar_failures=5 cop_cegar_rounds=50 cop_cegar_added_clauses=241822
c 00h25m15s | stage:sat:solve:start round=2 circuit_cegar_rounds=- cumulative_cegar_rounds=51 cop_cegar_rounds=51 assumptions=0 phase_lits=4473
c 00h25m16s | stage:sat:solve:done round=2 ms=225 result=Sat assumptions=0 phase_lits=4473
c 00h25m16s | stage:decode:start round=2 requested_int_ids=432
c 00h25m16s | stage:decode:final:start round=2 requested_int_ids=432
c 00h25m16s | stage:decode:done round=2 int_assignments=432
c 00h25m16s | stage:relaxation:done clauses_added=0 circuit_cegar_failures=0 circuit_cegar_rounds=0 circuit_cegar_added_clauses=0 cumulative_cegar_failures=39 cumulative_cegar_rounds=51 cumulative_cegar_added_clauses=39 cop_cegar_failures=5 cop_cegar_rounds=51 cop_cegar_added_clauses=241822
c 00h25m16s | result:Sat
c 00h25m16s | objective:incumbent kind=improvement value=194466 rounds=7 improvements=6
o 194466
c 00h25m16s | stage:sat:init solver=CaDiCaL vars=7988110 clauses=15556798
c 00h25m16s | stage:sat:solve:start round=1 circuit_cegar_rounds=- cumulative_cegar_rounds=52 cop_cegar_rounds=52 assumptions=0 phase_lits=4473
c 00h25m16s | stage:sat:solve:done round=1 ms=221 result=Sat assumptions=0 phase_lits=4473
c 00h25m16s | stage:decode:start round=1 requested_int_ids=432
c 00h25m16s | stage:relaxation:done round=1 clauses_added=27 circuit_clauses_added=0 cumulative_clauses_added=0 cop_clauses_added=27 circuit_cegar_failures=0 circuit_cegar_rounds=0 circuit_cegar_added_clauses=0 cumulative_cegar_failures=39 cumulative_cegar_rounds=52 cumulative_cegar_added_clauses=39 cop_cegar_failures=6 cop_cegar_rounds=52 cop_cegar_added_clauses=241849
c 00h25m16s | stage:sat:solve:start round=2 circuit_cegar_rounds=- cumulative_cegar_rounds=53 cop_cegar_rounds=53 assumptions=0 phase_lits=4473
c 00h25m16s | stage:sat:solve:done round=2 ms=205 result=Sat assumptions=0 phase_lits=4473
c 00h25m16s | stage:decode:start round=2 requested_int_ids=432
c 00h25m17s | stage:decode:final:start round=2 requested_int_ids=432
c 00h25m17s | stage:decode:done round=2 int_assignments=432
c 00h25m17s | stage:relaxation:done clauses_added=0 circuit_cegar_failures=0 circuit_cegar_rounds=0 circuit_cegar_added_clauses=0 cumulative_cegar_failures=39 cumulative_cegar_rounds=53 cumulative_cegar_added_clauses=39 cop_cegar_failures=6 cop_cegar_rounds=53 cop_cegar_added_clauses=241849
c 00h25m17s | result:Sat
c 00h25m17s | objective:incumbent kind=improvement value=194434 rounds=8 improvements=7
o 194434
c 00h25m17s | stage:sat:init solver=CaDiCaL vars=7988110 clauses=15556798
c 00h25m17s | stage:sat:solve:start round=1 circuit_cegar_rounds=- cumulative_cegar_rounds=54 cop_cegar_rounds=54 assumptions=0 phase_lits=4473
c 00h25m17s | stage:sat:solve:done round=1 ms=221 result=Sat assumptions=0 phase_lits=4473
c 00h25m17s | stage:decode:start round=1 requested_int_ids=432
c 00h25m17s | stage:relaxation:done round=1 clauses_added=28 circuit_clauses_added=0 cumulative_clauses_added=0 cop_clauses_added=28 circuit_cegar_failures=0 circuit_cegar_rounds=0 circuit_cegar_added_clauses=0 cumulative_cegar_failures=39 cumulative_cegar_rounds=54 cumulative_cegar_added_clauses=39 cop_cegar_failures=7 cop_cegar_rounds=54 cop_cegar_added_clauses=241877
c 00h25m17s | stage:sat:solve:start round=2 circuit_cegar_rounds=- cumulative_cegar_rounds=55 cop_cegar_rounds=55 assumptions=0 phase_lits=4473
c 00h25m17s | stage:sat:solve:done round=2 ms=208 result=Sat assumptions=0 phase_lits=4473
c 00h25m17s | stage:decode:start round=2 requested_int_ids=432
c 00h25m18s | stage:decode:final:start round=2 requested_int_ids=432
c 00h25m18s | stage:decode:done round=2 int_assignments=432
c 00h25m18s | stage:relaxation:done clauses_added=0 circuit_cegar_failures=0 circuit_cegar_rounds=0 circuit_cegar_added_clauses=0 cumulative_cegar_failures=39 cumulative_cegar_rounds=55 cumulative_cegar_added_clauses=39 cop_cegar_failures=7 cop_cegar_rounds=55 cop_cegar_added_clauses=241877
c 00h25m18s | result:Sat
c 00h25m18s | objective:incumbent kind=improvement value=194402 rounds=9 improvements=8
o 194402
c 00h25m18s | stage:sat:init solver=CaDiCaL vars=7988110 clauses=15556798
c 00h25m18s | stage:sat:solve:start round=1 circuit_cegar_rounds=- cumulative_cegar_rounds=56 cop_cegar_rounds=56 assumptions=0 phase_lits=4473
c 00h25m18s | stage:sat:solve:done round=1 ms=725 result=Sat assumptions=0 phase_lits=4473
c 00h25m18s | stage:decode:start round=1 requested_int_ids=432
c 00h25m18s | stage:relaxation:done round=1 clauses_added=28 circuit_clauses_added=0 cumulative_clauses_added=0 cop_clauses_added=28 circuit_cegar_failures=0 circuit_cegar_rounds=0 circuit_cegar_added_clauses=0 cumulative_cegar_failures=39 cumulative_cegar_rounds=56 cumulative_cegar_added_clauses=39 cop_cegar_failures=8 cop_cegar_rounds=56 cop_cegar_added_clauses=241905
c 00h25m18s | stage:sat:solve:start round=2 circuit_cegar_rounds=- cumulative_cegar_rounds=57 cop_cegar_rounds=57 assumptions=0 phase_lits=4473
c 00h25m19s | stage:sat:solve:done round=2 ms=209 result=Sat assumptions=0 phase_lits=4473
c 00h25m19s | stage:decode:start round=2 requested_int_ids=432
c 00h25m19s | stage:decode:final:start round=2 requested_int_ids=432
c 00h25m19s | stage:decode:done round=2 int_assignments=432
c 00h25m19s | stage:relaxation:done clauses_added=0 circuit_cegar_failures=0 circuit_cegar_rounds=0 circuit_cegar_added_clauses=0 cumulative_cegar_failures=39 cumulative_cegar_rounds=57 cumulative_cegar_added_clauses=39 cop_cegar_failures=8 cop_cegar_rounds=57 cop_cegar_added_clauses=241905
c 00h25m19s | result:Sat
c 00h25m19s | objective:incumbent kind=improvement value=194162 rounds=10 improvements=9
o 194162
c 00h25m19s | stage:sat:init solver=CaDiCaL vars=7988110 clauses=15556798
c 00h25m19s | stage:sat:solve:start round=1 circuit_cegar_rounds=- cumulative_cegar_rounds=58 cop_cegar_rounds=58 assumptions=0 phase_lits=4473
c 00h25m20s | stage:sat:solve:done round=1 ms=724 result=Sat assumptions=0 phase_lits=4473
c 00h25m20s | stage:decode:start round=1 requested_int_ids=432
c 00h25m20s | stage:relaxation:done round=1 clauses_added=26 circuit_clauses_added=0 cumulative_clauses_added=0 cop_clauses_added=26 circuit_cegar_failures=0 circuit_cegar_rounds=0 circuit_cegar_added_clauses=0 cumulative_cegar_failures=39 cumulative_cegar_rounds=58 cumulative_cegar_added_clauses=39 cop_cegar_failures=9 cop_cegar_rounds=58 cop_cegar_added_clauses=241931
c 00h25m20s | stage:sat:solve:start round=2 circuit_cegar_rounds=- cumulative_cegar_rounds=59 cop_cegar_rounds=59 assumptions=0 phase_lits=4473
c 00h25m20s | stage:sat:solve:done round=2 ms=205 result=Sat assumptions=0 phase_lits=4473
c 00h25m20s | stage:decode:start round=2 requested_int_ids=432
c 00h25m20s | stage:decode:final:start round=2 requested_int_ids=432
c 00h25m20s | stage:decode:done round=2 int_assignments=432
c 00h25m20s | stage:relaxation:done clauses_added=0 circuit_cegar_failures=0 circuit_cegar_rounds=0 circuit_cegar_added_clauses=0 cumulative_cegar_failures=39 cumulative_cegar_rounds=59 cumulative_cegar_added_clauses=39 cop_cegar_failures=9 cop_cegar_rounds=59 cop_cegar_added_clauses=241931
c 00h25m20s | result:Sat
c 00h25m20s | objective:incumbent kind=improvement value=194034 rounds=11 improvements=10
o 194034
c 00h25m20s | stage:sat:init solver=CaDiCaL vars=7988110 clauses=15556798
c 00h25m20s | stage:sat:solve:start round=1 circuit_cegar_rounds=- cumulative_cegar_rounds=60 cop_cegar_rounds=60 assumptions=0 phase_lits=4473
c 00h25m21s | stage:sat:solve:done round=1 ms=738 result=Sat assumptions=0 phase_lits=4473
c 00h25m21s | stage:decode:start round=1 requested_int_ids=432
c 00h25m21s | stage:relaxation:done round=1 clauses_added=27 circuit_clauses_added=0 cumulative_clauses_added=0 cop_clauses_added=27 circuit_cegar_failures=0 circuit_cegar_rounds=0 circuit_cegar_added_clauses=0 cumulative_cegar_failures=39 cumulative_cegar_rounds=60 cumulative_cegar_added_clauses=39 cop_cegar_failures=10 cop_cegar_rounds=60 cop_cegar_added_clauses=241958
c 00h25m21s | stage:sat:solve:start round=2 circuit_cegar_rounds=- cumulative_cegar_rounds=61 cop_cegar_rounds=61 assumptions=0 phase_lits=4473
c 00h25m21s | stage:sat:solve:done round=2 ms=205 result=Sat assumptions=0 phase_lits=4473
c 00h25m21s | stage:decode:start round=2 requested_int_ids=432
c 00h25m22s | stage:decode:final:start round=2 requested_int_ids=432
c 00h25m22s | stage:decode:done round=2 int_assignments=432
c 00h25m22s | stage:relaxation:done clauses_added=0 circuit_cegar_failures=0 circuit_cegar_rounds=0 circuit_cegar_added_clauses=0 cumulative_cegar_failures=39 cumulative_cegar_rounds=61 cumulative_cegar_added_clauses=39 cop_cegar_failures=10 cop_cegar_rounds=61 cop_cegar_added_clauses=241958
c 00h25m22s | result:Sat
c 00h25m22s | objective:incumbent kind=improvement value=193778 rounds=12 improvements=11
o 193778
c 00h25m22s | stage:sat:init solver=CaDiCaL vars=7988110 clauses=15556798
c 00h25m22s | stage:sat:solve:start round=1 circuit_cegar_rounds=- cumulative_cegar_rounds=62 cop_cegar_rounds=62 assumptions=0 phase_lits=4473
c 00h25m22s | stage:sat:solve:done round=1 ms=725 result=Sat assumptions=0 phase_lits=4473
c 00h25m22s | stage:decode:start round=1 requested_int_ids=432
c 00h25m22s | stage:relaxation:done round=1 clauses_added=26 circuit_clauses_added=0 cumulative_clauses_added=0 cop_clauses_added=26 circuit_cegar_failures=0 circuit_cegar_rounds=0 circuit_cegar_added_clauses=0 cumulative_cegar_failures=39 cumulative_cegar_rounds=62 cumulative_cegar_added_clauses=39 cop_cegar_failures=11 cop_cegar_rounds=62 cop_cegar_added_clauses=241984
c 00h25m22s | stage:sat:solve:start round=2 circuit_cegar_rounds=- cumulative_cegar_rounds=63 cop_cegar_rounds=63 assumptions=0 phase_lits=4473
c 00h25m23s | stage:sat:solve:done round=2 ms=205 result=Sat assumptions=0 phase_lits=4473
c 00h25m23s | stage:decode:start round=2 requested_int_ids=432
c 00h25m23s | stage:decode:final:start round=2 requested_int_ids=432
c 00h25m23s | stage:decode:done round=2 int_assignments=432
c 00h25m23s | stage:relaxation:done clauses_added=0 circuit_cegar_failures=0 circuit_cegar_rounds=0 circuit_cegar_added_clauses=0 cumulative_cegar_failures=39 cumulative_cegar_rounds=63 cumulative_cegar_added_clauses=39 cop_cegar_failures=11 cop_cegar_rounds=63 cop_cegar_added_clauses=241984
c 00h25m23s | result:Sat
c 00h25m23s | objective:incumbent kind=improvement value=192882 rounds=13 improvements=12
o 192882
c 00h25m23s | stage:sat:init solver=CaDiCaL vars=7988110 clauses=15556798
c 00h25m23s | stage:sat:solve:start round=1 circuit_cegar_rounds=- cumulative_cegar_rounds=64 cop_cegar_rounds=64 assumptions=0 phase_lits=4473
c 00h25m24s | stage:sat:solve:done round=1 ms=726 result=Sat assumptions=0 phase_lits=4473
c 00h25m24s | stage:decode:start round=1 requested_int_ids=432
c 00h25m24s | stage:relaxation:done round=1 clauses_added=20 circuit_clauses_added=0 cumulative_clauses_added=0 cop_clauses_added=20 circuit_cegar_failures=0 circuit_cegar_rounds=0 circuit_cegar_added_clauses=0 cumulative_cegar_failures=39 cumulative_cegar_rounds=64 cumulative_cegar_added_clauses=39 cop_cegar_failures=12 cop_cegar_rounds=64 cop_cegar_added_clauses=242004
c 00h25m24s | stage:sat:solve:start round=2 circuit_cegar_rounds=- cumulative_cegar_rounds=65 cop_cegar_rounds=65 assumptions=0 phase_lits=4473
c 00h26m10s | stage:sat:solve:done round=2 ms=46212 result=Sat assumptions=0 phase_lits=4473
c 00h26m10s | stage:decode:start round=2 requested_int_ids=432
c 00h26m10s | stage:decode:final:start round=2 requested_int_ids=432
c 00h26m10s | stage:decode:done round=2 int_assignments=432
c 00h26m10s | stage:relaxation:done clauses_added=0 circuit_cegar_failures=0 circuit_cegar_rounds=0 circuit_cegar_added_clauses=0 cumulative_cegar_failures=39 cumulative_cegar_rounds=65 cumulative_cegar_added_clauses=39 cop_cegar_failures=12 cop_cegar_rounds=65 cop_cegar_added_clauses=242004
c 00h26m10s | result:Sat
c 00h26m10s | objective:incumbent kind=improvement value=192881 rounds=14 improvements=13
o 192881
c 00h26m10s | stage:sat:init solver=CaDiCaL vars=7988110 clauses=15556798
c 00h26m10s | stage:sat:solve:start round=1 circuit_cegar_rounds=- cumulative_cegar_rounds=66 cop_cegar_rounds=66 assumptions=0 phase_lits=4473
c 00h26m11s | stage:sat:solve:done round=1 ms=794 result=Sat assumptions=0 phase_lits=4473
c 00h26m11s | stage:decode:start round=1 requested_int_ids=432
c 00h26m11s | stage:relaxation:done round=1 clauses_added=27 circuit_clauses_added=0 cumulative_clauses_added=0 cop_clauses_added=27 circuit_cegar_failures=0 circuit_cegar_rounds=0 circuit_cegar_added_clauses=0 cumulative_cegar_failures=39 cumulative_cegar_rounds=66 cumulative_cegar_added_clauses=39 cop_cegar_failures=13 cop_cegar_rounds=66 cop_cegar_added_clauses=242031
c 00h26m11s | stage:sat:solve:start round=2 circuit_cegar_rounds=- cumulative_cegar_rounds=67 cop_cegar_rounds=67 assumptions=0 phase_lits=4473
c 00h26m11s | stage:sat:solve:done round=2 ms=226 result=Sat assumptions=0 phase_lits=4473
c 00h26m11s | stage:decode:start round=2 requested_int_ids=432
c 00h26m12s | stage:decode:final:start round=2 requested_int_ids=432
c 00h26m12s | stage:decode:done round=2 int_assignments=432
c 00h26m12s | stage:relaxation:done clauses_added=0 circuit_cegar_failures=0 circuit_cegar_rounds=0 circuit_cegar_added_clauses=0 cumulative_cegar_failures=39 cumulative_cegar_rounds=67 cumulative_cegar_added_clauses=39 cop_cegar_failures=13 cop_cegar_rounds=67 cop_cegar_added_clauses=242031
c 00h26m12s | result:Sat
c 00h26m12s | objective:incumbent kind=improvement value=192879 rounds=15 improvements=14
o 192879
c 00h26m12s | stage:sat:init solver=CaDiCaL vars=7988110 clauses=15556798
c 00h26m12s | stage:sat:solve:start round=1 circuit_cegar_rounds=- cumulative_cegar_rounds=68 cop_cegar_rounds=68 assumptions=0 phase_lits=4473
c 00h26m12s | stage:sat:solve:done round=1 ms=745 result=Sat assumptions=0 phase_lits=4473
c 00h26m12s | stage:decode:start round=1 requested_int_ids=432
c 00h26m13s | stage:relaxation:done round=1 clauses_added=28 circuit_clauses_added=0 cumulative_clauses_added=0 cop_clauses_added=28 circuit_cegar_failures=0 circuit_cegar_rounds=0 circuit_cegar_added_clauses=0 cumulative_cegar_failures=39 cumulative_cegar_rounds=68 cumulative_cegar_added_clauses=39 cop_cegar_failures=14 cop_cegar_rounds=68 cop_cegar_added_clauses=242059
c 00h26m13s | stage:sat:solve:start round=2 circuit_cegar_rounds=- cumulative_cegar_rounds=69 cop_cegar_rounds=69 assumptions=0 phase_lits=4473
c 00h26m13s | stage:sat:solve:done round=2 ms=226 result=Sat assumptions=0 phase_lits=4473
c 00h26m13s | stage:decode:start round=2 requested_int_ids=432
c 00h26m13s | stage:decode:final:start round=2 requested_int_ids=432
c 00h26m13s | stage:decode:done round=2 int_assignments=432
c 00h26m13s | stage:relaxation:done clauses_added=0 circuit_cegar_failures=0 circuit_cegar_rounds=0 circuit_cegar_added_clauses=0 cumulative_cegar_failures=39 cumulative_cegar_rounds=69 cumulative_cegar_added_clauses=39 cop_cegar_failures=14 cop_cegar_rounds=69 cop_cegar_added_clauses=242059
c 00h26m13s | result:Sat
c 00h26m13s | objective:incumbent kind=improvement value=192877 rounds=16 improvements=15
o 192877
c 00h26m13s | stage:sat:init solver=CaDiCaL vars=7988110 clauses=15556798
c 00h26m13s | stage:sat:solve:start round=1 circuit_cegar_rounds=- cumulative_cegar_rounds=70 cop_cegar_rounds=70 assumptions=0 phase_lits=4473
c 00h26m14s | stage:sat:solve:done round=1 ms=746 result=Sat assumptions=0 phase_lits=4473
c 00h26m14s | stage:decode:start round=1 requested_int_ids=432
c 00h26m14s | stage:relaxation:done round=1 clauses_added=28 circuit_clauses_added=0 cumulative_clauses_added=0 cop_clauses_added=28 circuit_cegar_failures=0 circuit_cegar_rounds=0 circuit_cegar_added_clauses=0 cumulative_cegar_failures=39 cumulative_cegar_rounds=70 cumulative_cegar_added_clauses=39 cop_cegar_failures=15 cop_cegar_rounds=70 cop_cegar_added_clauses=242087
c 00h26m14s | stage:sat:solve:start round=2 circuit_cegar_rounds=- cumulative_cegar_rounds=71 cop_cegar_rounds=71 assumptions=0 phase_lits=4473
c 00h26m14s | stage:sat:solve:done round=2 ms=226 result=Sat assumptions=0 phase_lits=4473
c 00h26m14s | stage:decode:start round=2 requested_int_ids=432
c 00h26m14s | stage:decode:final:start round=2 requested_int_ids=432
c 00h26m14s | stage:decode:done round=2 int_assignments=432
c 00h26m14s | stage:relaxation:done clauses_added=0 circuit_cegar_failures=0 circuit_cegar_rounds=0 circuit_cegar_added_clauses=0 cumulative_cegar_failures=39 cumulative_cegar_rounds=71 cumulative_cegar_added_clauses=39 cop_cegar_failures=15 cop_cegar_rounds=71 cop_cegar_added_clauses=242087
c 00h26m14s | result:Sat
c 00h26m14s | objective:incumbent kind=improvement value=192865 rounds=17 improvements=16
o 192865
c 00h26m14s | stage:sat:init solver=CaDiCaL vars=7988110 clauses=15556798
c 00h26m14s | stage:sat:solve:start round=1 circuit_cegar_rounds=- cumulative_cegar_rounds=72 cop_cegar_rounds=72 assumptions=0 phase_lits=4473
c 00h26m15s | stage:sat:solve:done round=1 ms=747 result=Sat assumptions=0 phase_lits=4473
c 00h26m15s | stage:decode:start round=1 requested_int_ids=432
c 00h26m15s | stage:relaxation:done round=1 clauses_added=28 circuit_clauses_added=0 cumulative_clauses_added=0 cop_clauses_added=28 circuit_cegar_failures=0 circuit_cegar_rounds=0 circuit_cegar_added_clauses=0 cumulative_cegar_failures=39 cumulative_cegar_rounds=72 cumulative_cegar_added_clauses=39 cop_cegar_failures=16 cop_cegar_rounds=72 cop_cegar_added_clauses=242115
c 00h26m15s | stage:sat:solve:start round=2 circuit_cegar_rounds=- cumulative_cegar_rounds=73 cop_cegar_rounds=73 assumptions=0 phase_lits=4473
c 00h26m16s | stage:sat:solve:done round=2 ms=226 result=Sat assumptions=0 phase_lits=4473
c 00h26m16s | stage:decode:start round=2 requested_int_ids=432
c 00h26m16s | stage:decode:final:start round=2 requested_int_ids=432
c 00h26m16s | stage:decode:done round=2 int_assignments=432
c 00h26m16s | stage:relaxation:done clauses_added=0 circuit_cegar_failures=0 circuit_cegar_rounds=0 circuit_cegar_added_clauses=0 cumulative_cegar_failures=39 cumulative_cegar_rounds=73 cumulative_cegar_added_clauses=39 cop_cegar_failures=16 cop_cegar_rounds=73 cop_cegar_added_clauses=242115
c 00h26m16s | result:Sat
c 00h26m16s | objective:incumbent kind=improvement value=192825 rounds=18 improvements=17
o 192825
c 00h26m16s | stage:sat:init solver=CaDiCaL vars=7988110 clauses=15556798
c 00h26m16s | stage:sat:solve:start round=1 circuit_cegar_rounds=- cumulative_cegar_rounds=74 cop_cegar_rounds=74 assumptions=0 phase_lits=4473
c 00h26m16s | stage:sat:solve:done round=1 ms=744 result=Sat assumptions=0 phase_lits=4473
c 00h26m16s | stage:decode:start round=1 requested_int_ids=432
c 00h26m17s | stage:relaxation:done round=1 clauses_added=30 circuit_clauses_added=0 cumulative_clauses_added=0 cop_clauses_added=30 circuit_cegar_failures=0 circuit_cegar_rounds=0 circuit_cegar_added_clauses=0 cumulative_cegar_failures=39 cumulative_cegar_rounds=74 cumulative_cegar_added_clauses=39 cop_cegar_failures=17 cop_cegar_rounds=74 cop_cegar_added_clauses=242145
c 00h26m17s | stage:sat:solve:start round=2 circuit_cegar_rounds=- cumulative_cegar_rounds=75 cop_cegar_rounds=75 assumptions=0 phase_lits=4473
c 00h26m17s | stage:sat:solve:done round=2 ms=226 result=Sat assumptions=0 phase_lits=4473
c 00h26m17s | stage:decode:start round=2 requested_int_ids=432
c 00h26m17s | stage:decode:final:start round=2 requested_int_ids=432
c 00h26m17s | stage:decode:done round=2 int_assignments=432
c 00h26m17s | stage:relaxation:done clauses_added=0 circuit_cegar_failures=0 circuit_cegar_rounds=0 circuit_cegar_added_clauses=0 cumulative_cegar_failures=39 cumulative_cegar_rounds=75 cumulative_cegar_added_clauses=39 cop_cegar_failures=17 cop_cegar_rounds=75 cop_cegar_added_clauses=242145
c 00h26m17s | result:Sat
c 00h26m17s | objective:incumbent kind=improvement value=192785 rounds=19 improvements=18
o 192785
c 00h26m17s | stage:sat:init solver=CaDiCaL vars=7988110 clauses=15556798
c 00h26m17s | stage:sat:solve:start round=1 circuit_cegar_rounds=- cumulative_cegar_rounds=76 cop_cegar_rounds=76 assumptions=0 phase_lits=4473
c 00h26m18s | stage:sat:solve:done round=1 ms=747 result=Sat assumptions=0 phase_lits=4473
c 00h26m18s | stage:decode:start round=1 requested_int_ids=432
c 00h26m18s | stage:relaxation:done round=1 clauses_added=28 circuit_clauses_added=0 cumulative_clauses_added=0 cop_clauses_added=28 circuit_cegar_failures=0 circuit_cegar_rounds=0 circuit_cegar_added_clauses=0 cumulative_cegar_failures=39 cumulative_cegar_rounds=76 cumulative_cegar_added_clauses=39 cop_cegar_failures=18 cop_cegar_rounds=76 cop_cegar_added_clauses=242173
c 00h26m18s | stage:sat:solve:start round=2 circuit_cegar_rounds=- cumulative_cegar_rounds=77 cop_cegar_rounds=77 assumptions=0 phase_lits=4473
c 00h26m18s | stage:sat:solve:done round=2 ms=226 result=Sat assumptions=0 phase_lits=4473
c 00h26m18s | stage:decode:start round=2 requested_int_ids=432
c 00h26m18s | stage:decode:final:start round=2 requested_int_ids=432
c 00h26m18s | stage:decode:done round=2 int_assignments=432
c 00h26m18s | stage:relaxation:done clauses_added=0 circuit_cegar_failures=0 circuit_cegar_rounds=0 circuit_cegar_added_clauses=0 cumulative_cegar_failures=39 cumulative_cegar_rounds=77 cumulative_cegar_added_clauses=39 cop_cegar_failures=18 cop_cegar_rounds=77 cop_cegar_added_clauses=242173
c 00h26m18s | result:Sat
c 00h26m18s | objective:incumbent kind=improvement value=192657 rounds=20 improvements=19
o 192657
c 00h26m18s | stage:sat:init solver=CaDiCaL vars=7988110 clauses=15556798
c 00h26m18s | stage:sat:solve:start round=1 circuit_cegar_rounds=- cumulative_cegar_rounds=78 cop_cegar_rounds=78 assumptions=0 phase_lits=4473
c 00h26m19s | stage:sat:solve:done round=1 ms=744 result=Sat assumptions=0 phase_lits=4473
c 00h26m19s | stage:decode:start round=1 requested_int_ids=432
c 00h26m19s | stage:relaxation:done round=1 clauses_added=28 circuit_clauses_added=0 cumulative_clauses_added=0 cop_clauses_added=28 circuit_cegar_failures=0 circuit_cegar_rounds=0 circuit_cegar_added_clauses=0 cumulative_cegar_failures=39 cumulative_cegar_rounds=78 cumulative_cegar_added_clauses=39 cop_cegar_failures=19 cop_cegar_rounds=78 cop_cegar_added_clauses=242201
c 00h26m19s | stage:sat:solve:start round=2 circuit_cegar_rounds=- cumulative_cegar_rounds=79 cop_cegar_rounds=79 assumptions=0 phase_lits=4473
c 00h26m20s | stage:sat:solve:done round=2 ms=226 result=Sat assumptions=0 phase_lits=4473
c 00h26m20s | stage:decode:start round=2 requested_int_ids=432
c 00h26m20s | stage:decode:final:start round=2 requested_int_ids=432
c 00h26m20s | stage:decode:done round=2 int_assignments=432
c 00h26m20s | stage:relaxation:done clauses_added=0 circuit_cegar_failures=0 circuit_cegar_rounds=0 circuit_cegar_added_clauses=0 cumulative_cegar_failures=39 cumulative_cegar_rounds=79 cumulative_cegar_added_clauses=39 cop_cegar_failures=19 cop_cegar_rounds=79 cop_cegar_added_clauses=242201
c 00h26m20s | result:Sat
c 00h26m20s | objective:incumbent kind=improvement value=192401 rounds=21 improvements=20
o 192401
c 00h26m20s | stage:sat:init solver=CaDiCaL vars=7988110 clauses=15556798
c 00h26m20s | stage:sat:solve:start round=1 circuit_cegar_rounds=- cumulative_cegar_rounds=80 cop_cegar_rounds=80 assumptions=0 phase_lits=4473
c 00h26m20s | stage:sat:solve:done round=1 ms=242 result=Sat assumptions=0 phase_lits=4473
c 00h26m20s | stage:decode:start round=1 requested_int_ids=432
c 00h26m20s | stage:relaxation:done round=1 clauses_added=28 circuit_clauses_added=0 cumulative_clauses_added=0 cop_clauses_added=28 circuit_cegar_failures=0 circuit_cegar_rounds=0 circuit_cegar_added_clauses=0 cumulative_cegar_failures=39 cumulative_cegar_rounds=80 cumulative_cegar_added_clauses=39 cop_cegar_failures=20 cop_cegar_rounds=80 cop_cegar_added_clauses=242229
c 00h26m20s | stage:sat:solve:start round=2 circuit_cegar_rounds=- cumulative_cegar_rounds=81 cop_cegar_rounds=81 assumptions=0 phase_lits=4473
c 00h26m20s | stage:sat:solve:done round=2 ms=226 result=Sat assumptions=0 phase_lits=4473
c 00h26m20s | stage:decode:start round=2 requested_int_ids=432
c 00h26m21s | stage:decode:final:start round=2 requested_int_ids=432
c 00h26m21s | stage:decode:done round=2 int_assignments=432
c 00h26m21s | stage:relaxation:done clauses_added=0 circuit_cegar_failures=0 circuit_cegar_rounds=0 circuit_cegar_added_clauses=0 cumulative_cegar_failures=39 cumulative_cegar_rounds=81 cumulative_cegar_added_clauses=39 cop_cegar_failures=20 cop_cegar_rounds=81 cop_cegar_added_clauses=242229
c 00h26m21s | result:Sat
c 00h26m21s | objective:incumbent kind=improvement value=191889 rounds=22 improvements=21
o 191889
c 00h26m21s | stage:sat:init solver=CaDiCaL vars=7988110 clauses=15556798
c 00h26m21s | stage:sat:solve:start round=1 circuit_cegar_rounds=- cumulative_cegar_rounds=82 cop_cegar_rounds=82 assumptions=0 phase_lits=4473
c 00h26m21s | stage:sat:solve:done round=1 ms=746 result=Sat assumptions=0 phase_lits=4473
c 00h26m21s | stage:decode:start round=1 requested_int_ids=432
c 00h26m22s | stage:relaxation:done round=1 clauses_added=28 circuit_clauses_added=0 cumulative_clauses_added=0 cop_clauses_added=28 circuit_cegar_failures=0 circuit_cegar_rounds=0 circuit_cegar_added_clauses=0 cumulative_cegar_failures=39 cumulative_cegar_rounds=82 cumulative_cegar_added_clauses=39 cop_cegar_failures=21 cop_cegar_rounds=82 cop_cegar_added_clauses=242257
c 00h26m22s | stage:sat:solve:start round=2 circuit_cegar_rounds=- cumulative_cegar_rounds=83 cop_cegar_rounds=83 assumptions=0 phase_lits=4473
c 00h26m22s | stage:sat:solve:done round=2 ms=226 result=Sat assumptions=0 phase_lits=4473
c 00h26m22s | stage:decode:start round=2 requested_int_ids=432
c 00h26m22s | stage:decode:final:start round=2 requested_int_ids=432
c 00h26m22s | stage:decode:done round=2 int_assignments=432
c 00h26m22s | stage:relaxation:done clauses_added=0 circuit_cegar_failures=0 circuit_cegar_rounds=0 circuit_cegar_added_clauses=0 cumulative_cegar_failures=39 cumulative_cegar_rounds=83 cumulative_cegar_added_clauses=39 cop_cegar_failures=21 cop_cegar_rounds=83 cop_cegar_added_clauses=242257
c 00h26m22s | result:Sat
c 00h26m22s | objective:incumbent kind=improvement value=190865 rounds=23 improvements=22
o 190865
c 00h26m22s | stage:sat:init solver=CaDiCaL vars=7988110 clauses=15556798
c 00h26m22s | stage:sat:solve:start round=1 circuit_cegar_rounds=- cumulative_cegar_rounds=84 cop_cegar_rounds=84 assumptions=0 phase_lits=4473
c 00h26m23s | stage:sat:solve:done round=1 ms=745 result=Sat assumptions=0 phase_lits=4473
c 00h26m23s | stage:decode:start round=1 requested_int_ids=432
c 00h26m23s | stage:relaxation:done round=1 clauses_added=28 circuit_clauses_added=0 cumulative_clauses_added=0 cop_clauses_added=28 circuit_cegar_failures=0 circuit_cegar_rounds=0 circuit_cegar_added_clauses=0 cumulative_cegar_failures=39 cumulative_cegar_rounds=84 cumulative_cegar_added_clauses=39 cop_cegar_failures=22 cop_cegar_rounds=84 cop_cegar_added_clauses=242285
c 00h26m23s | stage:sat:solve:start round=2 circuit_cegar_rounds=- cumulative_cegar_rounds=85 cop_cegar_rounds=85 assumptions=0 phase_lits=4473
c 00h27m02s | stage:sat:solve:done round=2 ms=38602 result=Sat assumptions=0 phase_lits=4473
c 00h27m02s | stage:decode:start round=2 requested_int_ids=432
c 00h27m02s | stage:relaxation:done round=2 clauses_added=1 circuit_clauses_added=0 cumulative_clauses_added=1 cop_clauses_added=0 circuit_cegar_failures=0 circuit_cegar_rounds=0 circuit_cegar_added_clauses=0 cumulative_cegar_failures=40 cumulative_cegar_rounds=85 cumulative_cegar_added_clauses=40 cop_cegar_failures=22 cop_cegar_rounds=85 cop_cegar_added_clauses=242285
c 00h27m02s | stage:sat:solve:start round=3 circuit_cegar_rounds=- cumulative_cegar_rounds=86 cop_cegar_rounds=86 assumptions=0 phase_lits=4473
c 00h27m51s | stage:sat:solve:done round=3 ms=49485 result=Sat assumptions=0 phase_lits=4473
c 00h27m51s | stage:decode:start round=3 requested_int_ids=432
c 00h27m52s | stage:relaxation:done round=3 clauses_added=1 circuit_clauses_added=0 cumulative_clauses_added=1 cop_clauses_added=0 circuit_cegar_failures=0 circuit_cegar_rounds=0 circuit_cegar_added_clauses=0 cumulative_cegar_failures=41 cumulative_cegar_rounds=86 cumulative_cegar_added_clauses=41 cop_cegar_failures=22 cop_cegar_rounds=86 cop_cegar_added_clauses=242285
c 00h27m52s | stage:sat:solve:start round=4 circuit_cegar_rounds=- cumulative_cegar_rounds=87 cop_cegar_rounds=87 assumptions=0 phase_lits=4473
c 00h28m33s | stage:sat:solve:done round=4 ms=41449 result=Sat assumptions=0 phase_lits=4473
c 00h28m33s | stage:decode:start round=4 requested_int_ids=432
c 00h28m33s | stage:relaxation:done round=4 clauses_added=1 circuit_clauses_added=0 cumulative_clauses_added=1 cop_clauses_added=0 circuit_cegar_failures=0 circuit_cegar_rounds=0 circuit_cegar_added_clauses=0 cumulative_cegar_failures=42 cumulative_cegar_rounds=87 cumulative_cegar_added_clauses=42 cop_cegar_failures=22 cop_cegar_rounds=87 cop_cegar_added_clauses=242285
c 00h28m33s | stage:sat:solve:start round=5 circuit_cegar_rounds=- cumulative_cegar_rounds=88 cop_cegar_rounds=88 assumptions=0 phase_lits=4473
c 00h29m21s | stage:sat:solve:done round=5 ms=47987 result=Sat assumptions=0 phase_lits=4473
c 00h29m21s | stage:decode:start round=5 requested_int_ids=432
c 00h29m21s | stage:relaxation:done round=5 clauses_added=1 circuit_clauses_added=0 cumulative_clauses_added=1 cop_clauses_added=0 circuit_cegar_failures=0 circuit_cegar_rounds=0 circuit_cegar_added_clauses=0 cumulative_cegar_failures=43 cumulative_cegar_rounds=88 cumulative_cegar_added_clauses=43 cop_cegar_failures=22 cop_cegar_rounds=88 cop_cegar_added_clauses=242285
c 00h29m21s | stage:sat:solve:start round=6 circuit_cegar_rounds=- cumulative_cegar_rounds=89 cop_cegar_rounds=89 assumptions=0 phase_lits=4473
c 00h29m37s | stage:sat:solve:done round=6 ms=15178 result=Sat assumptions=0 phase_lits=4473
c 00h29m37s | stage:decode:start round=6 requested_int_ids=432
c 00h29m37s | stage:relaxation:done round=6 clauses_added=1 circuit_clauses_added=0 cumulative_clauses_added=1 cop_clauses_added=0 circuit_cegar_failures=0 circuit_cegar_rounds=0 circuit_cegar_added_clauses=0 cumulative_cegar_failures=44 cumulative_cegar_rounds=89 cumulative_cegar_added_clauses=44 cop_cegar_failures=22 cop_cegar_rounds=89 cop_cegar_added_clauses=242285
c 00h29m37s | stage:sat:solve:start round=7 circuit_cegar_rounds=- cumulative_cegar_rounds=90 cop_cegar_rounds=90 assumptions=0 phase_lits=4473
s SATISFIABLE
o 190865
v <instantiation>
v   <list> r_st[0] r_st[1] r_st[2] r_st[3] r_st[4] r_st[5] r_st[6] r_st[7] r_st[8] r_st[9] r_st[10] r_st[11] r_st[12] r_st[13] r_st[14] r_st[15] r_st[16] r_st[17] r_st[18] r_st[19] r_st[20] r_st[21] r_st[22] r_st[23] r_st[24] r_st[25] r_st[26] r_st[27] r_st[28] r_st[29] r_st[30] r_st[31] r_st[32] r_st[33] r_st[34] r_st[35] r_st[36] r_st[37] r_st[38] r_st[39] r_st[40] r_st[41] r_st[42] r_st[43] r_st[44] r_st[45] r_st[46] r_st[47] r_st[48] r_st[49] r_st[50] r_st[51] r_st[52] r_st[53] r_st[54] r_st[55] st[0] st[1] st[2] st[3] st[4] st[5] st[6] st[7] st[8] st[9] st[10] st[11] st[12] st[13] st[14] st[15] st[16] st[17] st[18] st[19] st[20] st[21] st[22] st[23] st[24] st[25] st[26] st[27] st[28] st[29] st[30] st[31] st[32] st[33] st[34] st[35] st[36] st[37] st[38] st[39] st[40] st[41] st[42] st[43] st[44] st[45] st[46] st[47] st[48] st[49] st[50] st[51] st[52] st[53] st[54] st[55] y[0] y[1] y[2] y[3] y[4] y[5] y[6] y[7] y[8] y[9] y[10] y[11] y[12] y[13] y[14] y[15] y[16] y[17] y[18] y[19] y[20] y[21] y[22] y[23] y[24] y[25] y[26] y[27] y[28] y[29] y[30] y[31] y[32] y[33] y[34] y[35] y[36] y[37] y[38] y[39] y[40] y[41] y[42] y[43] y[44] y[45] y[46] y[47] y[48] y[49] y[50] y[51] y[52] y[53] y[54] y[55] rt[0] rt[1] rt[2] rt[3] rt[4] rt[5] rt[6] rt[7] rt[8] rt[9] rt[10] rt[11] rt[12] rt[13] rt[14] rt[15] rt[16] rt[17] rt[18] rt[19] rt[20] rt[21] rt[22] rt[23] rt[24] rt[25] rt[26] rt[27] rt[28] rt[29] rt[30] rt[31] rt[32] rt[33] rt[34] rt[35] rt[36] rt[37] rt[38] rt[39] rt[40] rt[41] rt[42] rt[43] rt[44] rt[45] rt[46] rt[47] rt[48] rt[49] rt[50] rt[51] rt[52] rt[53] rt[54] rt[55] r_dt[0] r_dt[1] r_dt[2] r_dt[3] r_dt[4] r_dt[5] r_dt[6] r_dt[7] r_dt[8] r_dt[9] r_dt[10] r_dt[11] r_dt[12] r_dt[13] r_dt[14] r_dt[15] r_dt[16] r_dt[17] r_dt[18] r_dt[19] r_dt[20] r_dt[21] r_dt[22] r_dt[23] r_dt[24] r_dt[25] r_dt[26] r_dt[27] r_dt[28] r_dt[29] r_dt[30] r_dt[31] r_dt[32] r_dt[33] r_dt[34] r_dt[35] r_dt[36] r_dt[37] r_dt[38] r_dt[39] r_dt[40] r_dt[41] r_dt[42] r_dt[43] r_dt[44] r_dt[45] r_dt[46] r_dt[47] r_dt[48] r_dt[49] r_dt[50] r_dt[51] r_dt[52] r_dt[53] r_dt[54] r_dt[55] dt[0] dt[1] dt[2] dt[3] dt[4] dt[5] dt[6] dt[7] dt[8] dt[9] dt[10] dt[11] dt[12] dt[13] dt[14] dt[15] dt[16] dt[17] dt[18] dt[19] dt[20] dt[21] dt[22] dt[23] dt[24] dt[25] dt[26] dt[27] dt[28] dt[29] dt[30] dt[31] dt[32] dt[33] dt[34] dt[35] dt[36] dt[37] dt[38] dt[39] dt[40] dt[41] dt[42] dt[43] dt[44] dt[45] dt[46] dt[47] dt[48] dt[49] dt[50] dt[51] dt[52] dt[53] dt[54] dt[55] ft[0] ft[1] ft[2] ft[3] ft[4] ft[5] ft[6] ft[7] ft[8] ft[9] ft[10] ft[11] ft[12] ft[13] ft[14] ft[15] ft[16] ft[17] ft[18] ft[19] ft[20] ft[21] ft[22] ft[23] ft[24] ft[25] ft[26] ft[27] ft[28] ft[29] ft[30] ft[31] ft[32] ft[33] ft[34] ft[35] ft[36] ft[37] ft[38] ft[39] y2[0] y2[1] y2[2] y2[3] y2[4] y2[5] y2[6] y2[7] y2[8] y2[9] y2[10] y2[11] y2[12] y2[13] y2[14] y2[15] y2[16] y2[17] y2[18] y2[19] y2[20] y2[21] y2[22] y2[23] y2[24] y2[25] y2[26] y2[27] y2[28] y2[29] y2[30] y2[31] y2[32] y2[33] y2[34] y2[35] y2[36] y2[37] y2[38] y2[39] y2[40] y2[41] y2[42] y2[43] y2[44] y2[45] y2[46] y2[47] y2[48] y2[49] y2[50] y2[51] y2[52] y2[53] y2[54] y2[55] </list>
v   <values> 5 2 5 4 6 8 6 12 10 12 17 8 10 12 13 14 15 18 22 21 21 32 24 18 24 24 28 28 24 29 36 39 34 43 40 36 31 43 38 32 35 37 43 41 42 42 47 46 47 47 39 51 50 50 49 49 7200 2880 7200 5760 8640 11520 8640 17280 14400 17280 24480 11520 14400 17280 18720 20160 21600 25920 31680 30240 30240 46080 34560 25920 34560 34560 40320 40320 34560 41760 51840 56160 48960 61920 57600 51840 44640 61920 54720 46080 50400 53280 61920 59040 60480 60480 67680 66240 67680 67680 56160 73440 72000 72000 70560 70560 1303 1701 512 913 1009 0 797 1323 228 909 227 1565 384 1695 1007 498 18 97 367 1535 1259 192 34 797 193 509 352 1505 1027 677 1703 896 1516 1181 1503 586 798 739 191 271 995 738 1660 320 991 648 1206 0 227 412 64 1387 1060 1550 510 769 14757 16020 16404 16766 17260 20645 21473 27845 23004 23131 32458 25399 25799 28539 28830 29323 30020 32614 39250 36358 53327 54314 54877 37146 41953 43565 44640 45134 45600 49134 60577 60926 56167 66240 67445 57184 52213 69145 59695 57858 59340 60487 69574 66442 67962 68673 72027 74004 74882 74887 63361 78206 79232 79613 80754 80897 6 10 8 8 7 7 11 8 7 5 7 11 10 9 8 8 7 6 6 5 20 6 15 12 8 7 4 4 9 6 7 4 6 4 8 5 6 6 4 9 7 6 6 6 6 6 4 34 7 9 7 4 6 6 8 8 8640 14400 11520 11520 10080 10080 15840 11520 10080 7200 10080 15840 14400 12960 11520 11520 10080 8640 8640 7200 28800 8640 21600 17280 11520 10080 5760 5760 12960 8640 10080 5760 8640 5760 11520 7200 8640 8640 5760 12960 10080 8640 8640 8640 8640 8640 5760 48960 10080 12960 10080 5760 8640 8640 11520 11520 17379 18364 21882 28748 23572 23292 32964 25887 26228 30009 30446 30278 33098 39785 37243 55452 37889 42531 44195 45775 46234 49584 61283 56869 68037 57731 52946 70026 59886 61065 69984 69002 73122 75576 75258 63837 78557 79781 81728 81904 262 99 260 94 294 210 109 240 151 42 134 130 114 67 314 299 68 129 142 236 244 79 153 198 154 168 131 170 169 120 93 95 187 321 157 145 195 234 50 315 246 154 109 328 189 87 292 226 185 98 126 93 146 248 259 268 </values>
v </instantiation>
d OBJECTIVE_VALUE 190865
d OPTIMAL 0
d OBJECTIVE_ROUNDS 23
d OBJECTIVE_IMPROVEMENTS 22
d COP_INCUMBENT_ELAPSED_MS 1582530
d SOLVE_ELAPSED_MS 1800101
d CURRENT_STAGE sat
d CURRENT_STAGE_ELAPSED_MS 22721
d LAST_COMPLETED_STAGE relaxation
d STAGE_PROPAGATE_STATUS done
d STAGE_NORMALIZE_STATUS done
d STAGE_LOWER_STATUS done
d STAGE_POST_LOWER_STATUS done
d STAGE_PREENCODE_STATUS done
d STAGE_ENCODE_STATUS done
d STAGE_SAT_STATUS running
d STAGE_DECODE_STATUS done
d STAGE_RELAXATION_STATUS done
d STAGE_DUMP_CNF_STATUS pending
d SOURCE_CONSTRAINTS 549
d NORMALIZED_CONSTRAINTS 549
d LOWERED_CONSTRAINTS 549
d UNSUPPORTED_CONSTRAINTS 0
d SAT_VARS 7988110
d SAT_CLAUSES_BASE 15556798
d SAT_CLAUSES_FINAL 15799127
d SAT_CLAUSES_CEGAR_DELTA 242329
d MEMORY_RSS_BYTES 2861060096
d MEMORY_RSS_AFTER_PROPAGATE_BYTES 4251648
d MEMORY_RSS_AFTER_LOWER_BYTES 16588800
d MEMORY_RSS_AFTER_POST_LOWER_BYTES 20103168
d MEMORY_RSS_BEFORE_PREENCODE_BYTES 20103168
d MEMORY_RSS_AFTER_PREENCODE_BYTES 16646144
d MEMORY_RSS_BEFORE_ENCODE_BYTES 16646144
d MEMORY_RSS_ENCODE_SAMPLE_INTERVAL_CLAUSES 1000000
d MEMORY_RSS_ENCODE_SAMPLE_COUNT 15
d MEMORY_RSS_ENCODE_LAST_SAMPLE_CLAUSE 15000000
d MEMORY_RSS_ENCODE_LAST_SAMPLE_BYTES 2861060096
d MEMORY_RSS_ENCODE_MAX_SAMPLE_BYTES 2861060096
d SAT_CONFLICTS 1028279
d LINEAR_INT_EQ_ARITY_STATS {"2":{"count":152,"max_domain_product_excluding_one_var":"19201","p95_domain_product_excluding_one_var":"19201"},"3":{"count":56,"max_domain_product_excluding_one_var":"21600","p95_domain_product_excluding_one_var":"21600"}}
d LINEAR_INT_NE_ARITY_STATS {}
d LINEAR_INT_GE_ARITY_STATS {"1":{"count":10120,"max_domain_product_excluding_one_var":"1","p95_domain_product_excluding_one_var":"1"},"2":{"count":6400,"max_domain_product_excluding_one_var":"19201","p95_domain_product_excluding_one_var":"21"},"3":{"count":6216,"max_domain_product_excluding_one_var":"1751","p95_domain_product_excluding_one_var":"1671"},"40":{"count":1,"max_domain_product_excluding_one_var":"340282366920938463463374607431768211455","p95_domain_product_excluding_one_var":"340282366920938463463374607431768211455"}}
d LINEAR_BOOL_MIXED_ARITY_STATS {"56":{"count":175,"max_domain_product_excluding_one_var":"36028797018963968","p95_domain_product_excluding_one_var":"36028797018963968"}}
d ROOT_LP_ENTERED 0
d ROOT_LP_STATUS skipped
d ROOT_LP_MS 0
d ROOT_LP_REASON --no-root-lp-bound
d PROPAGATE_PRUNED_VALUES 7540367
d PROPAGATE_CHANGED_DOMAINS 208
d PROPAGATE_ENTAILED_TABLES 0
d POST_LOWER_ROUNDS 168
d POST_LOWER_TIGHTENED_DOMAINS 319
d POST_LOWER_REMOVED_CLAUSES 13549
d POST_LOWER_REMOVED_LITS 10821
d POST_LOWER_DETECTED_UNSAT 0
d PREENCODE_INT_VARS 544
d ENCODE_EXTERNAL_GE_SPECS 0
d ENCODE_RELAXED_CIRCUITS 0
d LOG_SCOP_LINEAR_PB_CONSTRAINTS 19272
d LOG_SCOP_LINEAR_PB_MIXED_DISPATCH_CONSTRAINTS 0
d LOG_SCOP_LINEAR_PB_MIXED_ATTEMPT_BDD 0
d LOG_SCOP_LINEAR_PB_MIXED_ATTEMPT_SORTER 0
d LOG_SCOP_LINEAR_PB_MIXED_ATTEMPT_DADDA 0
d LOG_SCOP_LINEAR_PB_MIXED_REJECT_BDD_BUDGET 0
d LOG_SCOP_LINEAR_PB_MIXED_REJECT_SORTER_BUDGET 0
d LOG_SCOP_LINEAR_PB_MIXED_FALLBACK_BDD_TO_SORTER 0
d LOG_SCOP_LINEAR_PB_MIXED_FALLBACK_BDD_TO_DADDA 0
d LOG_SCOP_LINEAR_PB_MIXED_FALLBACK_SORTER_TO_BDD 0
d LOG_SCOP_LINEAR_PB_MIXED_FALLBACK_SORTER_TO_DADDA 0
d LOG_SCOP_LINEAR_PB_BACKEND_BDD2 19272
d LOG_SCOP_LINEAR_PB_BACKEND_BDD3 0
d LOG_SCOP_LINEAR_PB_BACKEND_SORTER 0
d LOG_SCOP_LINEAR_PB_BACKEND_DADDA 0
d LOG_SCOP_LINEAR_PB_BDD_DECOMPOSITION_RAW 19272
d LOG_SCOP_LINEAR_PB_BDD_DECOMPOSITION_BINARY 0
d LOG_SCOP_LINEAR_PB_BDD_DECOMPOSITION_MULTIBASE 0
d MEMORY_RSS_BYTES 2861060096
d MEMORY_RSS_AFTER_PROPAGATE_BYTES 4251648
d MEMORY_RSS_AFTER_LOWER_BYTES 16588800
d MEMORY_RSS_AFTER_POST_LOWER_BYTES 20103168
d MEMORY_RSS_BEFORE_PREENCODE_BYTES 20103168
d MEMORY_RSS_AFTER_PREENCODE_BYTES 16646144
d MEMORY_RSS_BEFORE_ENCODE_BYTES 16646144
d MEMORY_RSS_ENCODE_SAMPLE_INTERVAL_CLAUSES 1000000
d MEMORY_RSS_ENCODE_SAMPLE_COUNT 15
d MEMORY_RSS_ENCODE_LAST_SAMPLE_CLAUSE 15000000
d MEMORY_RSS_ENCODE_LAST_SAMPLE_BYTES 2861060096
d MEMORY_RSS_ENCODE_MAX_SAMPLE_BYTES 2861060096
d DECODE_INT_ASSIGNMENTS 432
d CIRCUIT_CEGAR_FAILURES 0
d CIRCUIT_CEGAR_ROUNDS 0
d CIRCUIT_CEGAR_ADDED_CLAUSES 0
d CUMULATIVE_CEGAR_FAILURES 44
d CUMULATIVE_CEGAR_ROUNDS 90
d CUMULATIVE_CEGAR_ADDED_CLAUSES 44
d COP_CEGAR_FAILURES 22
d COP_CEGAR_ROUNDS 90
d COP_CEGAR_ADDED_CLAUSES 242285
d CSV /bench/competition/2022-2025/COP22to25/Cargo-12-1422f-1644_c24.xml.lzma,sat,549,549,549,0,7988110,15799127,1800098,,,,,,,0,skipped,,,,,,0,,,,,,,timeout_signal,incumbent_interrupted_by_signal
signal=15; emitted incumbent csv row
