# WCTIME: wall clock time in seconds
WCTIME=1800.15
# CPUTIME: CPU time in seconds (USERTIME+SYSTEMTIME)
CPUTIME=1790.4
# USERTIME: CPU time spent in user mode in seconds
USERTIME=1789.99
# SYSTEMTIME: CPU time spent in system mode in seconds
SYSTEMTIME=0.409465
# CPUUSAGE: CPUTIME/WCTIME in percent
CPUUSAGE=99.4583
# MAXVM: maximum virtual memory used in KiB
MAXVM=361936
# MAXMM: maximum memory used in KiB
MAXMM=154564
# MAXRSS: maximum Resident Segment Size in KiB
MAXRSS=155356
# TIMEOUT: did the solver exceed the time limit?
TIMEOUT=true
# MEMOUT: did the solver exceed the memory limit?
MEMOUT=false
# EXITSTATUS: Exit status of the solver
EXITSTATUS=36608
