# WCTIME: wall clock time in seconds
WCTIME=11.3291
# CPUTIME: CPU time in seconds (USERTIME+SYSTEMTIME)
CPUTIME=11.2585
# USERTIME: CPU time spent in user mode in seconds
USERTIME=11.2278
# SYSTEMTIME: CPU time spent in system mode in seconds
SYSTEMTIME=0.030729
# CPUUSAGE: CPUTIME/WCTIME in percent
CPUUSAGE=99.3775
# MAXVM: maximum virtual memory used in KiB
MAXVM=217240
# MAXMM: maximum memory used in KiB
MAXMM=23576
# MAXRSS: maximum Resident Segment Size in KiB
MAXRSS=23140
# TIMEOUT: did the solver exceed the time limit?
TIMEOUT=false
# MEMOUT: did the solver exceed the memory limit?
MEMOUT=false
# EXITSTATUS: Exit status of the solver
EXITSTATUS=0
