# WCTIME: wall clock time in seconds
WCTIME=234.492
# CPUTIME: CPU time in seconds (USERTIME+SYSTEMTIME)
CPUTIME=233.014
# USERTIME: CPU time spent in user mode in seconds
USERTIME=190.129
# SYSTEMTIME: CPU time spent in system mode in seconds
SYSTEMTIME=42.885
# CPUUSAGE: CPUTIME/WCTIME in percent
CPUUSAGE=99.3698
# MAXVM: maximum virtual memory used in KiB
MAXVM=58345332
# MAXMM: maximum memory used in KiB
MAXMM=54415432
# MAXRSS: maximum Resident Segment Size in KiB
MAXRSS=54412360
# TIMEOUT: did the solver exceed the time limit?
TIMEOUT=false
# MEMOUT: did the solver exceed the memory limit?
MEMOUT=false
# EXITSTATUS: Exit status of the solver
EXITSTATUS=0
