# WCTIME: wall clock time in seconds
WCTIME=1800.12
# CPUTIME: CPU time in seconds (USERTIME+SYSTEMTIME)
CPUTIME=1793.88
# USERTIME: CPU time spent in user mode in seconds
USERTIME=1793.44
# SYSTEMTIME: CPU time spent in system mode in seconds
SYSTEMTIME=0.437693
# CPUUSAGE: CPUTIME/WCTIME in percent
CPUUSAGE=99.6532
# MAXVM: maximum virtual memory used in KiB
MAXVM=286156
# MAXMM: maximum memory used in KiB
MAXMM=122072
# MAXRSS: maximum Resident Segment Size in KiB
MAXRSS=121316
# TIMEOUT: did the solver exceed the time limit?
TIMEOUT=true
# MEMOUT: did the solver exceed the memory limit?
MEMOUT=false
# EXITSTATUS: Exit status of the solver
EXITSTATUS=36608
