# WCTIME: wall clock time in seconds
WCTIME=0.540439
# CPUTIME: CPU time in seconds (USERTIME+SYSTEMTIME)
CPUTIME=0.131373
# USERTIME: CPU time spent in user mode in seconds
USERTIME=0.100392
# SYSTEMTIME: CPU time spent in system mode in seconds
SYSTEMTIME=0.030981
# CPUUSAGE: CPUTIME/WCTIME in percent
CPUUSAGE=24.3086
# MAXVM: maximum virtual memory used in KiB
MAXVM=218920
# MAXMM: maximum memory used in KiB
MAXMM=10420
# MAXRSS: maximum Resident Segment Size in KiB
MAXRSS=14676
# TIMEOUT: did the solver exceed the time limit?
TIMEOUT=false
# MEMOUT: did the solver exceed the memory limit?
MEMOUT=false
# EXITSTATUS: Exit status of the solver
EXITSTATUS=0
