# WCTIME: wall clock time in seconds
WCTIME=408.401
# CPUTIME: CPU time in seconds (USERTIME+SYSTEMTIME)
CPUTIME=406.988
# USERTIME: CPU time spent in user mode in seconds
USERTIME=370.664
# SYSTEMTIME: CPU time spent in system mode in seconds
SYSTEMTIME=36.3232
# CPUUSAGE: CPUTIME/WCTIME in percent
CPUUSAGE=99.6539
# MAXVM: maximum virtual memory used in KiB
MAXVM=62058172
# MAXMM: maximum memory used in KiB
MAXMM=57895352
# MAXRSS: maximum Resident Segment Size in KiB
MAXRSS=58073120
# TIMEOUT: did the solver exceed the time limit?
TIMEOUT=false
# MEMOUT: did the solver exceed the memory limit?
MEMOUT=false
# EXITSTATUS: Exit status of the solver
EXITSTATUS=0
