# WCTIME: wall clock time in seconds
WCTIME=4.20028
# CPUTIME: CPU time in seconds (USERTIME+SYSTEMTIME)
CPUTIME=8.89893
# USERTIME: CPU time spent in user mode in seconds
USERTIME=8.44846
# SYSTEMTIME: CPU time spent in system mode in seconds
SYSTEMTIME=0.450471
# CPUUSAGE: CPUTIME/WCTIME in percent
CPUUSAGE=211.865
# MAXVM: maximum virtual memory used in KiB
MAXVM=3130816
# MAXMM: maximum memory used in KiB
MAXMM=279308
# MAXRSS: maximum Resident Segment Size in KiB
MAXRSS=281104
# TIMEOUT: did the solver exceed the time limit?
TIMEOUT=false
# MEMOUT: did the solver exceed the memory limit?
MEMOUT=false
# EXITSTATUS: Exit status of the solver
EXITSTATUS=0
