# WCTIME: wall clock time in seconds
WCTIME=2.85801
# CPUTIME: CPU time in seconds (USERTIME+SYSTEMTIME)
CPUTIME=2.84183
# USERTIME: CPU time spent in user mode in seconds
USERTIME=2.78111
# SYSTEMTIME: CPU time spent in system mode in seconds
SYSTEMTIME=0.060714
# CPUUSAGE: CPUTIME/WCTIME in percent
CPUUSAGE=99.4336
# MAXVM: maximum virtual memory used in KiB
MAXVM=228816
# MAXMM: maximum memory used in KiB
MAXMM=57984
# MAXRSS: maximum Resident Segment Size in KiB
MAXRSS=57984
# TIMEOUT: did the solver exceed the time limit?
TIMEOUT=false
# MEMOUT: did the solver exceed the memory limit?
MEMOUT=false
# EXITSTATUS: Exit status of the solver
EXITSTATUS=0
