# WCTIME: wall clock time in seconds
WCTIME=1800.62
# CPUTIME: CPU time in seconds (USERTIME+SYSTEMTIME)
CPUTIME=1791.86
# USERTIME: CPU time spent in user mode in seconds
USERTIME=1681.2
# SYSTEMTIME: CPU time spent in system mode in seconds
SYSTEMTIME=110.658
# CPUUSAGE: CPUTIME/WCTIME in percent
CPUUSAGE=99.5135
# MAXVM: maximum virtual memory used in KiB
MAXVM=38911352
# MAXMM: maximum memory used in KiB
MAXMM=31662992
# MAXRSS: maximum Resident Segment Size in KiB
MAXRSS=31865824
# TIMEOUT: did the solver exceed the time limit?
TIMEOUT=true
# MEMOUT: did the solver exceed the memory limit?
MEMOUT=false
# EXITSTATUS: Exit status of the solver
EXITSTATUS=36608
