# WCTIME: wall clock time in seconds
WCTIME=395.159
# CPUTIME: CPU time in seconds (USERTIME+SYSTEMTIME)
CPUTIME=381.264
# USERTIME: CPU time spent in user mode in seconds
USERTIME=303.734
# SYSTEMTIME: CPU time spent in system mode in seconds
SYSTEMTIME=77.5304
# CPUUSAGE: CPUTIME/WCTIME in percent
CPUUSAGE=96.4839
# MAXVM: maximum virtual memory used in KiB
MAXVM=150732816
# MAXMM: maximum memory used in KiB
MAXMM=122315160
# MAXRSS: maximum Resident Segment Size in KiB
MAXRSS=121427180
# TIMEOUT: did the solver exceed the time limit?
TIMEOUT=false
# MEMOUT: did the solver exceed the memory limit?
MEMOUT=false
# EXITSTATUS: Exit status of the solver
EXITSTATUS=9
