# WCTIME: wall clock time in seconds
WCTIME=9.71381
# CPUTIME: CPU time in seconds (USERTIME+SYSTEMTIME)
CPUTIME=9.63896
# USERTIME: CPU time spent in user mode in seconds
USERTIME=9.188
# SYSTEMTIME: CPU time spent in system mode in seconds
SYSTEMTIME=0.450961
# CPUUSAGE: CPUTIME/WCTIME in percent
CPUUSAGE=99.2294
# MAXVM: maximum virtual memory used in KiB
MAXVM=711512
# MAXMM: maximum memory used in KiB
MAXMM=545292
# MAXRSS: maximum Resident Segment Size in KiB
MAXRSS=542184
# TIMEOUT: did the solver exceed the time limit?
TIMEOUT=false
# MEMOUT: did the solver exceed the memory limit?
MEMOUT=false
# EXITSTATUS: Exit status of the solver
EXITSTATUS=0
