c cmd: /host-parser-bin/kat_xcsp_7dac0170_submission_20260605 /bench/competition/2022-2025/COP22to25/ItemsetMining-k2-sonar_c22.xml.lzma --encoder log-scop --log-scop-linear-pb-backend auto --log-scop-bdd-decomposition auto --log-scop-aggregate-weighted-lits --cop-pipeline guarded-basic --cop-objective-cut direct-expr --cop-objective-cut-timing incremental-hard --cop-objective-cut-backend cnf --table-encoding mdd-tl --cumulative-mode exact --cumulative-decomposition time-rd --progress --cop-objective-phase auto
c version: kat-cli=0.1.0 git=unknown-clean
c run_start_local: 2026-06-06 10:16:59 +0900
c 00h00m00s | solve:start
c 00h00m00s | stage:objective-cut timing=incremental-hard backend=cnf form=direct-expr
c 00h00m00s | input: constraints=4397
c 00h00m00s | stage:propagate:start
c 00h00m00s | stage:propagate:done ms=35 pruned=0 changed_domains=0 entailed_tables=0
c 00h00m00s | memory:rss checkpoint=after_propagate bytes=29093888 rss=27.75MiB
c 00h00m00s | stage:normalize:start
c 00h00m00s | stage:normalize:done ms=0 high_constraints=4397
c 00h00m00s | stage:lower:start
c 00h00m00s | stage:lower:progress percent=10 processed=440 total=4397 lowered=440 unsupported=0 ms=5
c 00h00m00s | stage:lower:progress percent=20 processed=880 total=4397 lowered=880 unsupported=0 ms=7
c 00h00m00s | stage:lower:progress percent=30 processed=1320 total=4397 lowered=1320 unsupported=0 ms=10
c 00h00m00s | stage:lower:progress percent=40 processed=1759 total=4397 lowered=1759 unsupported=0 ms=12
c 00h00m00s | stage:lower:progress percent=50 processed=2199 total=4397 lowered=2199 unsupported=0 ms=16
c 00h00m01s | stage:lower:progress percent=60 processed=2639 total=4397 lowered=2639 unsupported=0 ms=1017
c 00h00m01s | stage:lower:progress percent=70 processed=3078 total=4397 lowered=3078 unsupported=0 ms=1391
c 00h00m01s | stage:lower:progress percent=80 processed=3518 total=4397 lowered=3518 unsupported=0 ms=1573
c 00h00m01s | stage:lower:progress percent=90 processed=3958 total=4397 lowered=3958 unsupported=0 ms=1785
c 00h00m02s | stage:lower:progress percent=100 processed=4397 total=4397 lowered=4397 unsupported=0 ms=1966
c 00h00m02s | stage:lower:done ms=1998 lowered=4397 unsupported=0
c 00h00m02s | memory:rss checkpoint=after_lower bytes=114237440 rss=108.95MiB
c 00h00m02s | stage:post_lower:start
c 00h00m02s | stage:post_lower:done ms=85 rounds=0 tightened=0 removed_cls=0 removed_lits=0 unsat=false precise_hits=2425 precise_rounds=1 pivot_recomputes=0 pivot_exact_attempts=0 pivot_general_attempts=0 pivot_general_rest_missing=0 pivot_general_bound_missing=0 pivot_general_no_change=0 pivot_general_tightened=0 setup_ms=24 loop_ms=47 pivot_ms=0 pivot_version_ms=0 pivot_exact_ms=0 pivot_general_ms=0 pivot_general_prepare_ms=0 pivot_general_rest_ms=0 pivot_general_derive_ms=0 apply_ms=8 sat_ms=0 precise_ms=3
c 00h00m02s | memory:rss checkpoint=after_post_lower bytes=141488128 rss=134.93MiB
c 00h00m02s | stage:lowered-shape int_vars=4395 bool_vars=269831 linear_atoms=9217 table_atoms=0 table_tuples=0 table_scope=0 alldiff_atoms=0 circuit_atoms=0 product_atoms=0 logical_clauses=544061
c 00h00m02s | stage:root-lp:skip reason=disabled ms=0
c 00h00m02s | memory:rss checkpoint=before_preencode bytes=141586432 rss=135.03MiB
c 00h00m02s | stage:preencode(log-scop):start
c 00h00m02s | stage:preencode(log-scop):done ms=4 int_vars=4395
c 00h00m02s | memory:rss checkpoint=after_preencode bytes=141729792 rss=135.16MiB
c 00h00m02s | memory:rss checkpoint=before_encode bytes=141729792 rss=135.16MiB
c 00h00m02s | stage:encode(log-scop):start
c 00h00m10s | memory:rss checkpoint=encode_clause_sample stage=log-scop clauses=19606496 bytes=3825147904 rss=3.56GiB progress_percent=10 processed=54427 total=544268
c 00h00m10s | stage:encode(log-scop):progress percent=10 processed=54427 total=544268 sat_clauses=19606496 ms=8749
c 00h00m22s | memory:rss checkpoint=encode_clause_sample stage=log-scop clauses=42702903 bytes=11072761856 rss=10.31GiB progress_percent=20 processed=108854 total=544268
c 00h00m22s | stage:encode(log-scop):progress percent=20 processed=108854 total=544268 sat_clauses=42702903 ms=20807
c 00h00m31s | memory:rss checkpoint=encode_clause_sample stage=log-scop clauses=65444818 bytes=13520936960 rss=12.59GiB progress_percent=30 processed=163281 total=544268
c 00h00m31s | stage:encode(log-scop):progress percent=30 processed=163281 total=544268 sat_clauses=65444818 ms=29741
c 00h00m45s | memory:rss checkpoint=encode_clause_sample stage=log-scop clauses=88541225 bytes=22362664960 rss=20.83GiB progress_percent=40 processed=217708 total=544268
c 00h00m45s | stage:encode(log-scop):progress percent=40 processed=217708 total=544268 sat_clauses=88541225 ms=43029
c 00h00m54s | memory:rss checkpoint=encode_clause_sample stage=log-scop clauses=111637631 bytes=24845451264 rss=23.14GiB progress_percent=50 processed=272134 total=544268
c 00h00m54s | stage:encode(log-scop):progress percent=50 processed=272134 total=544268 sat_clauses=111637631 ms=52062
c 00h01m03s | memory:rss checkpoint=encode_clause_sample stage=log-scop clauses=134734038 bytes=27329019904 rss=25.45GiB progress_percent=60 processed=326561 total=544268
c 00h01m03s | stage:encode(log-scop):progress percent=60 processed=326561 total=544268 sat_clauses=134734038 ms=61356
c 00h01m09s | memory:rss checkpoint=encode_clause_sample stage=log-scop clauses=149034929 bytes=28869042176 rss=26.89GiB progress_percent=70 processed=380988 total=544268
c 00h01m09s | stage:encode(log-scop):progress percent=70 processed=380988 total=544268 sat_clauses=149034929 ms=66937
c 00h01m10s | memory:rss checkpoint=encode_clause_sample stage=log-scop clauses=153006728 bytes=29293666304 rss=27.28GiB progress_percent=80 processed=435415 total=544268
c 00h01m10s | stage:encode(log-scop):progress percent=80 processed=435415 total=544268 sat_clauses=153006728 ms=68423
c 00h01m12s | memory:rss checkpoint=encode_clause_sample stage=log-scop clauses=157008835 bytes=29724291072 rss=27.68GiB progress_percent=90 processed=489842 total=544268
c 00h01m12s | stage:encode(log-scop):progress percent=90 processed=489842 total=544268 sat_clauses=157008835 ms=69922
c 00h01m13s | memory:rss checkpoint=encode_clause_sample stage=log-scop clauses=160929544 bytes=30148509696 rss=28.08GiB progress_percent=100 processed=544268 total=544268
c 00h01m13s | stage:encode(log-scop):progress percent=100 processed=544268 total=544268 sat_clauses=160929544 ms=71396
bash: line 8: 1587046 Killed                  "$PARSER_BIN" "$INSTANCE_PATH" "$@"
