c cmd: /host-parser-bin/kat_xcsp_d7450190 /bench/competition/2022-2025/COP22to25/AircraftAssemblyLine-2-178-20-0_c23.xml.lzma --encoder portfolio --portfolio-strategy v3 --cop-pipeline guarded-basic --cop-objective-cut direct-expr --cop-objective-cut-timing incremental-soft --cop-objective-cut-backend cnf --table-encoding mdd-tl --cumulative-mode exact --cumulative-decomposition time-rd --progress --log-scop-linear-pb-backend auto --log-scop-bdd-decomposition auto --log-scop-aggregate-weighted-lits --order-ge-shorten-link-cost --direct-eq-ne-max-arity 2 --eq-ne-encoding direct --portfolio-log-scop-eq-ne-encoding ge-rewrite --cop-objective-phase auto --cop-objective-search trisection --cop-objective-search-fallback-budget 180
c version: kat-cli=0.1.0 git=unknown-clean
c run_start_local: 2026-06-16 09:06:02 +0900
c 00h00m00s | solve:start
c 00h00m00s | stage:objective-cut timing=incremental-soft backend=cnf form=direct-expr
c 00h00m00s | input: constraints=1939
c 00h00m00s | stage:propagate:start
c 00h00m00s | stage:propagate:done ms=4 pruned=457592 changed_domains=145 entailed_tables=0
c 00h00m00s | memory:rss checkpoint=after_propagate bytes=1199357952 rss=1.12GiB
c 00h00m00s | stage:normalize:start
c 00h00m00s | stage:normalize:done ms=0 high_constraints=1939
c 00h00m00s | stage:lower:start
c 00h00m00s | stage:lower:progress percent=10 processed=194 total=1939 lowered=194 unsupported=0 ms=1
c 00h00m00s | stage:lower:progress percent=20 processed=388 total=1939 lowered=388 unsupported=0 ms=3
c 00h00m00s | stage:lower:progress percent=30 processed=582 total=1939 lowered=582 unsupported=0 ms=665
c 00h00m56s | stage:lower:progress percent=40 processed=776 total=1939 lowered=776 unsupported=0 ms=56850
c 00h00m56s | stage:lower:progress percent=50 processed=970 total=1939 lowered=970 unsupported=0 ms=56852
c 00h00m56s | stage:lower:progress percent=60 processed=1164 total=1939 lowered=1164 unsupported=0 ms=56854
c 00h00m56s | stage:lower:progress percent=70 processed=1358 total=1939 lowered=1358 unsupported=0 ms=56857
c 00h00m56s | stage:lower:progress percent=80 processed=1552 total=1939 lowered=1552 unsupported=0 ms=56859
c 00h00m56s | stage:lower:progress percent=90 processed=1746 total=1939 lowered=1746 unsupported=0 ms=56862
c 00h00m56s | stage:lower:progress percent=100 processed=1939 total=1939 lowered=1939 unsupported=0 ms=56865
c 00h00m59s | stage:lower:done ms=59792 lowered=1939 unsupported=0
c 00h00m59s | memory:rss checkpoint=after_lower bytes=1823375360 rss=1.70GiB
c 00h00m59s | stage:post_lower:start
c 00h01m10s | stage:post_lower:done ms=10847 rounds=310 tightened=439 removed_cls=138531 removed_lits=84589 unsat=false precise_hits=5668 precise_rounds=2 pivot_recomputes=1316 pivot_exact_attempts=572 pivot_general_attempts=744 pivot_general_rest_missing=0 pivot_general_bound_missing=0 pivot_general_no_change=676 pivot_general_tightened=68 setup_ms=8651 loop_ms=878 pivot_ms=0 pivot_version_ms=0 pivot_exact_ms=0 pivot_general_ms=0 pivot_general_prepare_ms=0 pivot_general_rest_ms=0 pivot_general_derive_ms=0 apply_ms=127 sat_ms=0 precise_ms=299
c 00h01m10s | memory:rss checkpoint=after_post_lower bytes=6732214272 rss=6.27GiB
c 00h01m11s | stage:lowered-shape int_vars=2134723 bool_vars=535009 linear_atoms=5500614 table_atoms=0 table_tuples=0 table_scope=0 alldiff_atoms=0 circuit_atoms=0 product_atoms=0 logical_clauses=5952617
c 00h01m11s | stage:root-lp:skip reason=disabled ms=0
c 00h01m13s | stage:preencode(log-scop):linear-extprop constraints=22796
c 00h01m13s | memory:rss checkpoint=before_preencode bytes=7325163520 rss=6.82GiB
c 00h01m13s | stage:preencode(log-scop):start
c 00h01m15s | stage:preencode(log-scop):done ms=1239 int_vars=2134723
c 00h01m15s | memory:rss checkpoint=after_preencode bytes=7356006400 rss=6.85GiB
c 00h01m16s | memory:rss checkpoint=before_encode bytes=7524347904 rss=7.01GiB
c 00h01m16s | stage:encode(log-scop):start
c 00h01m29s | memory:rss checkpoint=encode_clause_sample stage=log-scop clauses=16329539 bytes=11609243648 rss=10.81GiB progress_percent=10 processed=805618 total=8056180
c 00h01m29s | stage:encode(log-scop):progress percent=10 processed=805618 total=8056180 sat_clauses=16329539 ms=12642
c 00h01m35s | memory:rss checkpoint=encode_clause_sample stage=log-scop clauses=29498202 bytes=11714113536 rss=10.91GiB progress_percent=20 processed=1611236 total=8056180
c 00h01m35s | stage:encode(log-scop):progress percent=20 processed=1611236 total=8056180 sat_clauses=29498202 ms=18248
c 00h01m40s | memory:rss checkpoint=encode_clause_sample stage=log-scop clauses=36202416 bytes=15317934080 rss=14.27GiB progress_percent=30 processed=2416854 total=8056180
c 00h01m40s | stage:encode(log-scop):progress percent=30 processed=2416854 total=8056180 sat_clauses=36202416 ms=23836
c 00h01m42s | memory:rss checkpoint=encode_clause_sample stage=log-scop clauses=39653396 bytes=15404511232 rss=14.35GiB progress_percent=40 processed=3222472 total=8056180
c 00h01m42s | stage:encode(log-scop):progress percent=40 processed=3222472 total=8056180 sat_clauses=39653396 ms=25772
c 00h01m43s | memory:rss checkpoint=encode_clause_sample stage=log-scop clauses=41319928 bytes=15566712832 rss=14.50GiB progress_percent=50 processed=4028090 total=8056180
c 00h01m43s | stage:encode(log-scop):progress percent=50 processed=4028090 total=8056180 sat_clauses=41319928 ms=26936
c 00h01m44s | memory:rss checkpoint=encode_clause_sample stage=log-scop clauses=42879991 bytes=15726182400 rss=14.65GiB progress_percent=60 processed=4833708 total=8056180
c 00h01m44s | stage:encode(log-scop):progress percent=60 processed=4833708 total=8056180 sat_clauses=42879991 ms=28091
c 00h01m46s | memory:rss checkpoint=encode_clause_sample stage=log-scop clauses=44606216 bytes=15921815552 rss=14.83GiB progress_percent=70 processed=5639326 total=8056180
c 00h01m46s | stage:encode(log-scop):progress percent=70 processed=5639326 total=8056180 sat_clauses=44606216 ms=29344
c 00h01m46s | memory:rss checkpoint=encode_clause_sample stage=log-scop clauses=45401969 bytes=16005177344 rss=14.91GiB progress_percent=80 processed=6444944 total=8056180
c 00h01m46s | stage:encode(log-scop):progress percent=80 processed=6444944 total=8056180 sat_clauses=45401969 ms=30140
c 00h01m47s | memory:rss checkpoint=encode_clause_sample stage=log-scop clauses=45401969 bytes=16005177344 rss=14.91GiB progress_percent=90 processed=7250562 total=8056180
c 00h01m47s | stage:encode(log-scop):progress percent=90 processed=7250562 total=8056180 sat_clauses=45401969 ms=30464
c 00h01m47s | memory:rss checkpoint=encode_clause_sample stage=log-scop clauses=45401969 bytes=16005287936 rss=14.91GiB progress_percent=100 processed=8056180 total=8056180
c 00h01m47s | stage:encode(log-scop):progress percent=100 processed=8056180 total=8056180 sat_clauses=45401969 ms=30688
c 00h01m47s | stage:encode(log-scop):done ms=30717 sat_vars=28633890 sat_clauses=45401969 ext_ge_specs=0 relaxed_circuits=0 log_scop_pb_constraints=6781256 log_scop_pb_mixed=0 log_scop_pb_bdd2=6781256 log_scop_pb_bdd3=0 log_scop_pb_sorter=0 log_scop_pb_dadda=0 log_scop_bdd_raw=6781256 log_scop_bdd_binary=0 log_scop_bdd_multibase=0
c 00h01m57s | stage:objective-cut timing=incremental-soft backend=cnf form=direct-expr
c 00h01m59s | stage:sat:init solver=CaDiCaL vars=28633890 clauses=45401969
c 00h01m59s | stage:sat:solve:start assumptions=0 phase_lits=0
c 00h23m34s | stage:sat:solve:done ms=1295051 result=Sat assumptions=0 phase_lits=0
c 00h23m34s | stage:decode:start
c 00h23m35s | stage:decode:done int_assignments=839
c 00h23m35s | result:Sat
c 00h23m35s | objective:incumbent kind=initial value=39 rounds=1 improvements=0
o 39
c objective-cut:rss-guard enabled=false
c 00h23m42s | stage:objective-cut:soft-install bound=26 guard=28694871 clauses_added=305497
c 00h23m42s | stage:objective-cut:soft-probe search=trisection [LB,UB] = [0,38] next 26 source=install guard=28694871
c 00h23m42s | stage:sat:init solver=CaDiCaL vars=28694871 clauses=45707466
c 00h23m42s | stage:sat:solve:start assumptions=1 phase_lits=0
c 00h26m42s | stage:sat:solve:done ms=180042 result=Unknown assumptions=1 phase_lits=0
c 00h26m42s | result:unknown reason=sat_solver_returned_unknown
c 00h26m43s | result:Unknown
c 00h26m43s | stage:objective-cut:soft-fallback search=trisection reason=budget-exhausted budget_s=180 mode=step incumbent=39 [LB,UB]=[0,38]
c objective-cut:rss-guard enabled=false
c 00h26m49s | stage:objective-cut:soft-install bound=38 guard=28755850 clauses_added=305492
c 00h26m49s | stage:objective-cut:soft-probe search=step [LB,UB] = [0,38] next 38 source=install guard=28755850
c 00h26m49s | stage:sat:init solver=CaDiCaL vars=28755850 clauses=46012958
c 00h26m49s | stage:sat:solve:start assumptions=1 phase_lits=0
s SATISFIABLE
o 39
v <instantiation>
v   <list> x[0] x[1] x[2] x[3] x[4] x[5] x[6] x[7] x[8] x[9] x[10] x[11] x[12] x[13] x[14] x[15] x[16] x[17] x[18] x[19] x[20] x[21] x[22] x[23] x[24] x[25] x[26] x[27] x[28] x[29] x[30] x[31] x[32] x[33] x[34] x[35] x[36] x[37] x[38] x[39] x[40] x[41] x[42] x[43] x[44] x[45] x[46] x[47] x[48] x[49] x[50] x[51] x[52] x[53] x[54] x[55] x[56] x[57] x[58] x[59] x[60] x[61] x[62] x[63] x[64] x[65] x[66] x[67] x[68] x[69] x[70] x[71] x[72] x[73] x[74] x[75] x[76] x[77] x[78] x[79] x[80] x[81] x[82] x[83] x[84] x[85] x[86] x[87] x[88] x[89] x[90] x[91] x[92] x[93] x[94] x[95] x[96] x[97] x[98] x[99] x[100] x[101] x[102] x[103] x[104] x[105] x[106] x[107] x[108] x[109] x[110] x[111] x[112] x[113] x[114] x[115] x[116] x[117] x[118] x[119] x[120] x[121] x[122] x[123] x[124] x[125] x[126] x[127] x[128] x[129] x[130] x[131] x[132] x[133] x[134] x[135] x[136] x[137] x[138] x[139] x[140] x[141] x[142] x[143] x[144] x[145] x[146] x[147] x[148] x[149] x[150] x[151] x[152] x[153] x[154] x[155] x[156] x[157] x[158] x[159] x[160] x[161] x[162] x[163] x[164] x[165] x[166] z[0] z[1] z[2] z[3] aux_gb[0] aux_gb[1] aux_gb[2] aux_gb[3] aux_gb[4] aux_gb[5] aux_gb[6] aux_gb[7] aux_gb[8] aux_gb[9] aux_gb[10] aux_gb[11] aux_gb[12] aux_gb[13] aux_gb[14] aux_gb[15] aux_gb[16] aux_gb[17] aux_gb[18] aux_gb[19] aux_gb[20] aux_gb[21] aux_gb[22] aux_gb[23] aux_gb[24] aux_gb[25] aux_gb[26] aux_gb[27] aux_gb[28] aux_gb[29] aux_gb[30] aux_gb[31] aux_gb[32] aux_gb[33] aux_gb[34] aux_gb[35] aux_gb[36] aux_gb[37] aux_gb[38] aux_gb[39] aux_gb[40] aux_gb[41] aux_gb[42] aux_gb[43] aux_gb[44] aux_gb[45] aux_gb[46] aux_gb[47] aux_gb[48] aux_gb[49] aux_gb[50] aux_gb[51] aux_gb[52] aux_gb[53] aux_gb[54] aux_gb[55] aux_gb[56] aux_gb[57] aux_gb[58] aux_gb[59] aux_gb[60] aux_gb[61] aux_gb[62] aux_gb[63] aux_gb[64] aux_gb[65] aux_gb[66] aux_gb[67] aux_gb[68] aux_gb[69] aux_gb[70] aux_gb[71] aux_gb[72] aux_gb[73] aux_gb[74] aux_gb[75] aux_gb[76] aux_gb[77] aux_gb[78] aux_gb[79] aux_gb[80] aux_gb[81] aux_gb[82] aux_gb[83] aux_gb[84] aux_gb[85] aux_gb[86] aux_gb[87] aux_gb[88] aux_gb[89] aux_gb[90] aux_gb[91] aux_gb[92] aux_gb[93] aux_gb[94] aux_gb[95] aux_gb[96] aux_gb[97] aux_gb[98] aux_gb[99] aux_gb[100] aux_gb[101] aux_gb[102] aux_gb[103] aux_gb[104] aux_gb[105] aux_gb[106] aux_gb[107] aux_gb[108] aux_gb[109] aux_gb[110] aux_gb[111] aux_gb[112] aux_gb[113] aux_gb[114] aux_gb[115] aux_gb[116] aux_gb[117] aux_gb[118] aux_gb[119] aux_gb[120] aux_gb[121] aux_gb[122] aux_gb[123] aux_gb[124] aux_gb[125] aux_gb[126] aux_gb[127] aux_gb[128] aux_gb[129] aux_gb[130] aux_gb[131] aux_gb[132] aux_gb[133] aux_gb[134] aux_gb[135] aux_gb[136] aux_gb[137] aux_gb[138] aux_gb[139] aux_gb[140] aux_gb[141] aux_gb[142] aux_gb[143] aux_gb[144] aux_gb[145] aux_gb[146] aux_gb[147] aux_gb[148] aux_gb[149] aux_gb[150] aux_gb[151] aux_gb[152] aux_gb[153] aux_gb[154] aux_gb[155] aux_gb[156] aux_gb[157] aux_gb[158] aux_gb[159] aux_gb[160] aux_gb[161] aux_gb[162] aux_gb[163] aux_gb[164] aux_gb[165] aux_gb[166] aux_gb[167] aux_gb[168] aux_gb[169] aux_gb[170] aux_gb[171] aux_gb[172] aux_gb[173] aux_gb[174] aux_gb[175] aux_gb[176] aux_gb[177] aux_gb[178] aux_gb[179] aux_gb[180] aux_gb[181] aux_gb[182] aux_gb[183] aux_gb[184] aux_gb[185] aux_gb[186] aux_gb[187] aux_gb[188] aux_gb[189] aux_gb[190] aux_gb[191] aux_gb[192] aux_gb[193] aux_gb[194] aux_gb[195] aux_gb[196] aux_gb[197] aux_gb[198] aux_gb[199] aux_gb[200] aux_gb[201] aux_gb[202] aux_gb[203] aux_gb[204] aux_gb[205] aux_gb[206] aux_gb[207] aux_gb[208] aux_gb[209] aux_gb[210] aux_gb[211] aux_gb[212] aux_gb[213] aux_gb[214] aux_gb[215] aux_gb[216] aux_gb[217] aux_gb[218] aux_gb[219] aux_gb[220] aux_gb[221] aux_gb[222] aux_gb[223] aux_gb[224] aux_gb[225] aux_gb[226] aux_gb[227] aux_gb[228] aux_gb[229] aux_gb[230] aux_gb[231] aux_gb[232] aux_gb[233] aux_gb[234] aux_gb[235] aux_gb[236] aux_gb[237] aux_gb[238] aux_gb[239] aux_gb[240] aux_gb[241] aux_gb[242] aux_gb[243] aux_gb[244] aux_gb[245] aux_gb[246] aux_gb[247] aux_gb[248] aux_gb[249] aux_gb[250] aux_gb[251] aux_gb[252] aux_gb[253] aux_gb[254] aux_gb[255] aux_gb[256] aux_gb[257] aux_gb[258] aux_gb[259] aux_gb[260] aux_gb[261] aux_gb[262] aux_gb[263] aux_gb[264] aux_gb[265] aux_gb[266] aux_gb[267] aux_gb[268] aux_gb[269] aux_gb[270] aux_gb[271] aux_gb[272] aux_gb[273] aux_gb[274] aux_gb[275] aux_gb[276] aux_gb[277] aux_gb[278] aux_gb[279] aux_gb[280] aux_gb[281] aux_gb[282] aux_gb[283] aux_gb[284] aux_gb[285] aux_gb[286] aux_gb[287] aux_gb[288] aux_gb[289] aux_gb[290] aux_gb[291] aux_gb[292] aux_gb[293] aux_gb[294] aux_gb[295] aux_gb[296] aux_gb[297] aux_gb[298] aux_gb[299] aux_gb[300] aux_gb[301] aux_gb[302] aux_gb[303] aux_gb[304] aux_gb[305] aux_gb[306] aux_gb[307] aux_gb[308] aux_gb[309] aux_gb[310] aux_gb[311] aux_gb[312] aux_gb[313] aux_gb[314] aux_gb[315] aux_gb[316] aux_gb[317] aux_gb[318] aux_gb[319] aux_gb[320] aux_gb[321] aux_gb[322] aux_gb[323] aux_gb[324] aux_gb[325] aux_gb[326] aux_gb[327] aux_gb[328] aux_gb[329] aux_gb[330] aux_gb[331] aux_gb[332] aux_gb[333] aux_gb[334] aux_gb[335] aux_gb[336] aux_gb[337] aux_gb[338] aux_gb[339] aux_gb[340] aux_gb[341] aux_gb[342] aux_gb[343] aux_gb[344] aux_gb[345] aux_gb[346] aux_gb[347] aux_gb[348] aux_gb[349] aux_gb[350] aux_gb[351] aux_gb[352] aux_gb[353] aux_gb[354] aux_gb[355] aux_gb[356] aux_gb[357] aux_gb[358] aux_gb[359] aux_gb[360] aux_gb[361] aux_gb[362] aux_gb[363] aux_gb[364] aux_gb[365] aux_gb[366] aux_gb[367] aux_gb[368] aux_gb[369] aux_gb[370] aux_gb[371] aux_gb[372] aux_gb[373] aux_gb[374] aux_gb[375] aux_gb[376] aux_gb[377] aux_gb[378] aux_gb[379] aux_gb[380] aux_gb[381] aux_gb[382] aux_gb[383] aux_gb[384] aux_gb[385] aux_gb[386] aux_gb[387] aux_gb[388] aux_gb[389] aux_gb[390] aux_gb[391] aux_gb[392] aux_gb[393] aux_gb[394] aux_gb[395] aux_gb[396] aux_gb[397] aux_gb[398] aux_gb[399] aux_gb[400] aux_gb[401] aux_gb[402] aux_gb[403] aux_gb[404] aux_gb[405] aux_gb[406] aux_gb[407] aux_gb[408] aux_gb[409] aux_gb[410] aux_gb[411] aux_gb[412] aux_gb[413] aux_gb[414] aux_gb[415] aux_gb[416] aux_gb[417] aux_gb[418] aux_gb[419] aux_gb[420] aux_gb[421] aux_gb[422] aux_gb[423] aux_gb[424] aux_gb[425] aux_gb[426] aux_gb[427] aux_gb[428] aux_gb[429] aux_gb[430] aux_gb[431] aux_gb[432] aux_gb[433] aux_gb[434] aux_gb[435] aux_gb[436] aux_gb[437] aux_gb[438] aux_gb[439] aux_gb[440] aux_gb[441] aux_gb[442] aux_gb[443] aux_gb[444] aux_gb[445] aux_gb[446] aux_gb[447] aux_gb[448] aux_gb[449] aux_gb[450] aux_gb[451] aux_gb[452] aux_gb[453] aux_gb[454] aux_gb[455] aux_gb[456] aux_gb[457] aux_gb[458] aux_gb[459] aux_gb[460] aux_gb[461] aux_gb[462] aux_gb[463] aux_gb[464] aux_gb[465] aux_gb[466] aux_gb[467] aux_gb[468] aux_gb[469] aux_gb[470] aux_gb[471] aux_gb[472] aux_gb[473] aux_gb[474] aux_gb[475] aux_gb[476] aux_gb[477] aux_gb[478] aux_gb[479] aux_gb[480] aux_gb[481] aux_gb[482] aux_gb[483] aux_gb[484] aux_gb[485] aux_gb[486] aux_gb[487] aux_gb[488] aux_gb[489] aux_gb[490] aux_gb[491] aux_gb[492] aux_gb[493] aux_gb[494] aux_gb[495] aux_gb[496] aux_gb[497] aux_gb[498] aux_gb[499] aux_gb[500] aux_gb[501] aux_gb[502] aux_gb[503] aux_gb[504] aux_gb[505] aux_gb[506] aux_gb[507] aux_gb[508] aux_gb[509] aux_gb[510] aux_gb[511] aux_gb[512] aux_gb[513] aux_gb[514] aux_gb[515] aux_gb[516] aux_gb[517] aux_gb[518] aux_gb[519] aux_gb[520] aux_gb[521] aux_gb[522] aux_gb[523] aux_gb[524] aux_gb[525] aux_gb[526] aux_gb[527] aux_gb[528] aux_gb[529] aux_gb[530] aux_gb[531] aux_gb[532] aux_gb[533] aux_gb[534] aux_gb[535] aux_gb[536] aux_gb[537] aux_gb[538] aux_gb[539] aux_gb[540] aux_gb[541] aux_gb[542] aux_gb[543] aux_gb[544] aux_gb[545] aux_gb[546] aux_gb[547] aux_gb[548] aux_gb[549] aux_gb[550] aux_gb[551] aux_gb[552] aux_gb[553] aux_gb[554] aux_gb[555] aux_gb[556] aux_gb[557] aux_gb[558] aux_gb[559] aux_gb[560] aux_gb[561] aux_gb[562] aux_gb[563] aux_gb[564] aux_gb[565] aux_gb[566] aux_gb[567] aux_gb[568] aux_gb[569] aux_gb[570] aux_gb[571] aux_gb[572] aux_gb[573] aux_gb[574] aux_gb[575] aux_gb[576] aux_gb[577] aux_gb[578] aux_gb[579] aux_gb[580] aux_gb[581] aux_gb[582] aux_gb[583] aux_gb[584] aux_gb[585] aux_gb[586] aux_gb[587] aux_gb[588] aux_gb[589] aux_gb[590] aux_gb[591] aux_gb[592] aux_gb[593] aux_gb[594] aux_gb[595] aux_gb[596] aux_gb[597] aux_gb[598] aux_gb[599] aux_gb[600] aux_gb[601] aux_gb[602] aux_gb[603] aux_gb[604] aux_gb[605] aux_gb[606] aux_gb[607] aux_gb[608] aux_gb[609] aux_gb[610] aux_gb[611] aux_gb[612] aux_gb[613] aux_gb[614] aux_gb[615] aux_gb[616] aux_gb[617] aux_gb[618] aux_gb[619] aux_gb[620] aux_gb[621] aux_gb[622] aux_gb[623] aux_gb[624] aux_gb[625] aux_gb[626] aux_gb[627] aux_gb[628] aux_gb[629] aux_gb[630] aux_gb[631] aux_gb[632] aux_gb[633] aux_gb[634] aux_gb[635] aux_gb[636] aux_gb[637] aux_gb[638] aux_gb[639] aux_gb[640] aux_gb[641] aux_gb[642] aux_gb[643] aux_gb[644] aux_gb[645] aux_gb[646] aux_gb[647] aux_gb[648] aux_gb[649] aux_gb[650] aux_gb[651] aux_gb[652] aux_gb[653] aux_gb[654] aux_gb[655] aux_gb[656] aux_gb[657] aux_gb[658] aux_gb[659] aux_gb[660] aux_gb[661] aux_gb[662] aux_gb[663] aux_gb[664] aux_gb[665] aux_gb[666] aux_gb[667] </list>
v   <values> 8 11 43 55 63 79 98 194 1764 3300 254 318 3566 3646 3688 4200 4199 4331 4375 4471 5027 4591 5280 4791 5440 5570 4951 79 96 124 4288 4393 152 152 504 480 508 5343 1530 1440 2559 1620 1620 1620 1594 1546 1594 1780 2047 1788 2110 2205 1788 1782 2101 5760 2421 2461 2017 2061 1973 511 2286 1023 2653 2013 2457 2760 2550 2463 3942 5337 5348 3661 5385 2463 2890 4415 2900 2998 3023 4403 4128 2559 2690 4128 474 2003 2290 2303 4128 2428 2501 3847 3873 2350 4096 4251 4269 4752 4408 3360 4432 4574 4096 4336 5350 3360 4759 5135 5099 5398 5669 5668 4096 4726 3956 4507 4918 4192 4463 3596 5248 4918 3829 4839 4423 5174 5095 5559 5211 4224 4322 5046 4342 4580 4945 4835 5233 4692 4329 4959 3751 3531 4224 4682 5694 4033 5722 5302 5678 5707 4006 4406 5744 5174 3863 5730 5367 5714 4224 3020 2957 3136 4224 4224 4224 9 10 10 10 1 1 2 2 2 1 1 1 0 0 2 1 0 0 0 0 0 0 0 0 0 0 0 0 0 0 0 1 1 1 0 0 2 1 1 1 1 0 0 0 0 0 0 0 0 0 0 0 0 0 0 0 0 0 0 0 0 0 0 0 0 1 0 1 0 0 0 0 0 0 0 0 0 0 0 0 0 0 0 0 0 0 0 0 0 0 1 0 0 0 0 0 0 0 0 0 0 0 0 0 0 0 0 0 0 0 0 0 0 0 0 0 0 0 0 0 0 0 0 0 0 0 0 0 0 0 0 0 0 0 0 0 0 0 0 0 0 0 0 0 0 0 0 0 0 0 0 0 0 0 0 0 0 0 0 0 0 0 0 0 0 0 0 0 0 0 0 0 0 0 0 0 0 0 0 2 0 0 0 0 0 0 0 0 0 0 0 0 0 0 0 0 0 0 0 0 0 0 0 0 0 0 0 0 0 1 1 1 1 1 1 1 1 1 1 1 1 1 1 1 1 1 0 1 1 1 1 1 0 1 0 1 1 1 1 1 1 0 0 0 0 0 1 0 0 0 0 0 0 0 1 1 0 0 1 1 1 0 1 1 0 0 1 0 0 0 0 0 0 0 0 0 0 0 0 0 0 0 0 0 0 0 0 0 0 0 0 0 0 0 0 0 0 0 0 0 0 0 0 0 0 0 0 0 0 0 0 0 0 0 0 0 0 0 0 0 0 0 0 0 0 0 0 0 0 0 0 0 0 0 0 0 0 0 0 0 0 0 0 0 0 0 0 1 0 0 1 4 1 1 1 0 0 0 0 0 0 0 0 0 0 0 0 0 2 0 0 0 0 0 0 0 0 0 0 0 0 0 0 0 0 0 0 0 0 0 0 0 0 0 0 0 0 0 0 0 0 0 0 0 0 0 0 0 1 0 0 1 0 0 1 0 1 1 1 0 1 0 0 1 0 0 0 0 1 0 0 1 1 0 1 1 1 0 0 1 0 0 1 0 0 1 0 0 0 0 0 0 1 0 1 0 0 1 0 1 0 0 1 0 0 0 0 0 0 1 0 0 0 0 0 0 0 0 0 0 1 1 1 0 0 1 0 0 0 0 1 0 0 0 1 0 0 0 1 1 1 1 1 1 1 0 0 0 0 0 0 0 0 0 0 0 0 0 0 0 0 0 1 1 1 1 1 1 1 2 2 2 0 0 0 0 2 0 0 0 0 0 1 0 0 0 0 0 0 0 0 0 0 0 0 0 0 0 0 0 0 0 0 0 0 0 0 0 0 0 0 0 0 0 0 0 1 1 0 1 0 0 1 0 0 0 1 0 0 0 0 0 0 0 0 0 0 0 0 0 0 0 0 0 1 1 0 1 1 0 1 1 0 1 1 1 1 1 1 0 1 0 1 1 0 1 0 1 1 0 1 1 1 1 1 1 0 1 1 1 1 1 1 1 1 1 1 0 0 0 1 1 0 1 1 1 1 0 1 1 1 0 1 1 1 0 0 0 0 0 0 0 </values>
v </instantiation>
d OBJECTIVE_VALUE 39
d OPTIMAL 0
d OBJECTIVE_ROUNDS 1
d OBJECTIVE_IMPROVEMENTS 0
d COP_INCUMBENT_ELAPSED_MS 1415852
d SOLVE_ELAPSED_MS 1629657
d CURRENT_STAGE sat
d CURRENT_STAGE_ELAPSED_MS 20153
d LAST_COMPLETED_STAGE sat
d STAGE_PARSE_STATUS pending
d STAGE_PROPAGATE_STATUS done
d STAGE_NORMALIZE_STATUS done
d STAGE_LOWER_STATUS done
d STAGE_POST_LOWER_STATUS done
d STAGE_PREENCODE_STATUS done
d STAGE_ENCODE_STATUS done
d STAGE_SAT_STATUS running
d STAGE_DECODE_STATUS done
d STAGE_RELAXATION_STATUS pending
d STAGE_DUMP_CNF_STATUS pending
d SOURCE_CONSTRAINTS 1939
d NORMALIZED_CONSTRAINTS 1939
d LOWERED_CONSTRAINTS 1939
d UNSUPPORTED_CONSTRAINTS 0
d SAT_VARS 28633890
d SAT_CLAUSES_BASE 45401969
d SAT_CLAUSES_FINAL 45401969
d SAT_CLAUSES_CEGAR_DELTA 0
d MEMORY_RSS_BYTES 16005287936
d MEMORY_RSS_AFTER_PROPAGATE_BYTES 1199357952
d MEMORY_RSS_AFTER_LOWER_BYTES 1823375360
d MEMORY_RSS_AFTER_POST_LOWER_BYTES 6732214272
d MEMORY_RSS_BEFORE_PREENCODE_BYTES 7325163520
d MEMORY_RSS_AFTER_PREENCODE_BYTES 7356006400
d MEMORY_RSS_BEFORE_ENCODE_BYTES 7524347904
d MEMORY_RSS_ENCODE_SAMPLE_INTERVAL_CLAUSES 1000000
d MEMORY_RSS_ENCODE_SAMPLE_COUNT 55
d MEMORY_RSS_ENCODE_LAST_SAMPLE_CLAUSE 45401969
d MEMORY_RSS_ENCODE_LAST_SAMPLE_BYTES 16005287936
d MEMORY_RSS_ENCODE_MAX_SAMPLE_BYTES 16005287936
d CSP_INT_VARS 839
d CSP_CONSTRAINTS 1939
d CSP_INTENTIONAL 1246
d CSP_GLOBAL 693
d CSP_EXTENSIONAL 0
d CSP_ALLDIFF 0
d CSP_CUMULATIVE 48
d CSP_TABLE 0
d CSP_DOMAIN_SPAN_MEDIAN 1
d CSP_DOMAIN_SPAN_MAX 5760
d N_CUMULATIVE 48
d N_TABLE 0
d SAT_CONFLICTS 10409
d CUMULATIVE_EXTPROP_CONSTRAINTS 48
d CUMULATIVE_EXTPROP_OBSERVED_VARS 2280
d CUMULATIVE_EXTPROP_OBSERVED_LITS 2280
d CUMULATIVE_EXTPROP_OBSERVED_LIT_OCCURRENCES 9455
d CUMULATIVE_EXTPROP_NOTIFY_ASSIGNMENT_CALLS 3065866
d CUMULATIVE_EXTPROP_NOTIFY_ASSIGNMENT_LITS 358574828
d CUMULATIVE_EXTPROP_NOTIFY_NEW_DECISION_LEVEL_CALLS 903937471
d CUMULATIVE_EXTPROP_NOTIFY_BACKTRACK_CALLS 561055
d CUMULATIVE_EXTPROP_CB_CHECK_FOUND_MODEL_CALLS 1
d CUMULATIVE_EXTPROP_CB_CHECK_FOUND_MODEL_REJECTS 0
d CUMULATIVE_EXTPROP_CB_PROPAGATE_CALLS 2473218
d CUMULATIVE_EXTPROP_CB_PROPAGATE_CONFLICTS 547295
d CUMULATIVE_EXTPROP_PROPAGATED_LITS 0
d CUMULATIVE_EXTPROP_REASON_CLAUSES 0
d CUMULATIVE_EXTPROP_REASON_CLAUSE_LITS 0
d CUMULATIVE_EXTPROP_REASON_CLAUSE_MAX_LEN 0
d CUMULATIVE_EXTPROP_CB_HAS_EXTERNAL_CLAUSE_CALLS 904485174
d CUMULATIVE_EXTPROP_CB_ADD_EXTERNAL_CLAUSE_LIT_CALLS 75335936
d CUMULATIVE_EXTPROP_EXTERNAL_CLAUSES 547295
d CUMULATIVE_EXTPROP_EXTERNAL_CLAUSE_LITS 74788641
d CUMULATIVE_EXTPROP_EXTERNAL_CLAUSE_MAX_LEN 206
d CUMULATIVE_EXTPROP_PARTIAL_VIOLATION_CALLS 5763188
d CUMULATIVE_EXTPROP_COMPULSORY_VIOLATION_CALLS 5763188
d CUMULATIVE_EXTPROP_BOUND_PROPAGATION_CALLS 0
d CUMULATIVE_EXTPROP_BOUND_REASON_CALLS 0
d CUMULATIVE_EXTPROP_PARTIAL_SUMMARY_TASK_EVALS 50468441
d CUMULATIVE_EXTPROP_BOUND_SUMMARY_TASK_EVALS 583455497
d CUMULATIVE_EXTPROP_BOUND_EVENT_PAIRS 0
d CUMULATIVE_EXTPROP_LOWER_BOUND_LIT_CALLS 0
d CUMULATIVE_EXTPROP_UPPER_BOUND_LIT_CALLS 0
d CUMULATIVE_EXTPROP_LOG_WITNESS_CHECKS 0
d LINEAR_INT_EQ_ARITY_STATS {"1":{"count":2132640,"max_domain_product_excluding_one_var":"1","p95_domain_product_excluding_one_var":"1"},"2":{"count":2132116,"max_domain_product_excluding_one_var":"4","p95_domain_product_excluding_one_var":"2"},"3":{"count":956,"max_domain_product_excluding_one_var":"7200","p95_domain_product_excluding_one_var":"7200"}}
d LINEAR_INT_NE_ARITY_STATS {}
d LINEAR_INT_GE_ARITY_STATS {"1":{"count":1068004,"max_domain_product_excluding_one_var":"1","p95_domain_product_excluding_one_var":"1"},"2":{"count":1525,"max_domain_product_excluding_one_var":"4459","p95_domain_product_excluding_one_var":"2385"},"25":{"count":12,"max_domain_product_excluding_one_var":"16777216","p95_domain_product_excluding_one_var":"16777216"},"26":{"count":68,"max_domain_product_excluding_one_var":"33554432","p95_domain_product_excluding_one_var":"33554432"},"27":{"count":60,"max_domain_product_excluding_one_var":"67108864","p95_domain_product_excluding_one_var":"67108864"},"28":{"count":40,"max_domain_product_excluding_one_var":"201326592","p95_domain_product_excluding_one_var":"201326592"},"29":{"count":32,"max_domain_product_excluding_one_var":"603979776","p95_domain_product_excluding_one_var":"603979776"},"30":{"count":32,"max_domain_product_excluding_one_var":"1811939328","p95_domain_product_excluding_one_var":"1811939328"},"32":{"count":12,"max_domain_product_excluding_one_var":"7247757312","p95_domain_product_excluding_one_var":"7247757312"},"34":{"count":80,"max_domain_product_excluding_one_var":"28991029248","p95_domain_product_excluding_one_var":"28991029248"},"36":{"count":72,"max_domain_product_excluding_one_var":"115964116992","p95_domain_product_excluding_one_var":"115964116992"},"41":{"count":8,"max_domain_product_excluding_one_var":"8349416423424","p95_domain_product_excluding_one_var":"8349416423424"},"46":{"count":360,"max_domain_product_excluding_one_var":"901736973729792","p95_domain_product_excluding_one_var":"901736973729792"},"50":{"count":632,"max_domain_product_excluding_one_var":"14427791579676672","p95_domain_product_excluding_one_var":"14427791579676672"},"51":{"count":160,"max_domain_product_excluding_one_var":"72138957898383360","p95_domain_product_excluding_one_var":"72138957898383360"},"53":{"count":480,"max_domain_product_excluding_one_var":"288555831593533440","p95_domain_product_excluding_one_var":"288555831593533440"},"55":{"count":480,"max_domain_product_excluding_one_var":"1154223326374133760","p95_domain_product_excluding_one_var":"1154223326374133760"},"57":{"count":480,"max_domain_product_excluding_one_var":"4616893305496535040","p95_domain_product_excluding_one_var":"4616893305496535040"},"59":{"count":800,"max_domain_product_excluding_one_var":"18467573221986140160","p95_domain_product_excluding_one_var":"18467573221986140160"},"61":{"count":640,"max_domain_product_excluding_one_var":"73870292887944560640","p95_domain_product_excluding_one_var":"73870292887944560640"},"63":{"count":520,"max_domain_product_excluding_one_var":"664832635991501045760","p95_domain_product_excluding_one_var":"664832635991501045760"},"64":{"count":792,"max_domain_product_excluding_one_var":"1994497907974503137280","p95_domain_product_excluding_one_var":"1994497907974503137280"},"66":{"count":360,"max_domain_product_excluding_one_var":"7977991631898012549120","p95_domain_product_excluding_one_var":"7977991631898012549120"},"72":{"count":640,"max_domain_product_excluding_one_var":"510591464441472803143680","p95_domain_product_excluding_one_var":"510591464441472803143680"},"83":{"count":1584,"max_domain_product_excluding_one_var":"206556309960718281647063040","p95_domain_product_excluding_one_var":"206556309960718281647063040"},"84":{"count":8,"max_domain_product_excluding_one_var":"2091382638352272601676513280","p95_domain_product_excluding_one_var":"2091382638352272601676513280"},"86":{"count":116,"max_domain_product_excluding_one_var":"1652450479685746253176504320","p95_domain_product_excluding_one_var":"1652450479685746253176504320"},"87":{"count":8,"max_domain_product_excluding_one_var":"3304900959371492506353008640","p95_domain_product_excluding_one_var":"3304900959371492506353008640"},"88":{"count":276,"max_domain_product_excluding_one_var":"6609801918742985012706017280","p95_domain_product_excluding_one_var":"6609801918742985012706017280"},"89":{"count":4,"max_domain_product_excluding_one_var":"13219603837485970025412034560","p95_domain_product_excluding_one_var":"13219603837485970025412034560"},"90":{"count":1364,"max_domain_product_excluding_one_var":"133848488854545446507296849920","p95_domain_product_excluding_one_var":"133848488854545446507296849920"},"92":{"count":180,"max_domain_product_excluding_one_var":"105756830699887760203296276480","p95_domain_product_excluding_one_var":"105756830699887760203296276480"},"95":{"count":720,"max_domain_product_excluding_one_var":"846054645599102081626370211840","p95_domain_product_excluding_one_var":"846054645599102081626370211840"},"97":{"count":480,"max_domain_product_excluding_one_var":"5076327873594612489758221271040","p95_domain_product_excluding_one_var":"5076327873594612489758221271040"},"98":{"count":560,"max_domain_product_excluding_one_var":"34265213146763634305867993579520","p95_domain_product_excluding_one_var":"34265213146763634305867993579520"},"99":{"count":12,"max_domain_product_excluding_one_var":"20305311494378449959032885084160","p95_domain_product_excluding_one_var":"20305311494378449959032885084160"},"100":{"count":552,"max_domain_product_excluding_one_var":"60915934483135349877098655252480","p95_domain_product_excluding_one_var":"60915934483135349877098655252480"},"101":{"count":112,"max_domain_product_excluding_one_var":"182747803449406049631295965757440","p95_domain_product_excluding_one_var":"182747803449406049631295965757440"},"102":{"count":80,"max_domain_product_excluding_one_var":"548243410348218148893887897272320","p95_domain_product_excluding_one_var":"548243410348218148893887897272320"},"103":{"count":44,"max_domain_product_excluding_one_var":"1096486820696436297787775794544640","p95_domain_product_excluding_one_var":"1096486820696436297787775794544640"},"104":{"count":16,"max_domain_product_excluding_one_var":"2192973641392872595575551589089280","p95_domain_product_excluding_one_var":"2192973641392872595575551589089280"},"105":{"count":1344,"max_domain_product_excluding_one_var":"4385947282785745191151103178178560","p95_domain_product_excluding_one_var":"4385947282785745191151103178178560"},"106":{"count":1352,"max_domain_product_excluding_one_var":"8771894565571490382302206356357120","p95_domain_product_excluding_one_var":"8771894565571490382302206356357120"},"107":{"count":348,"max_domain_product_excluding_one_var":"17543789131142980764604412712714240","p95_domain_product_excluding_one_var":"17543789131142980764604412712714240"},"109":{"count":280,"max_domain_product_excluding_one_var":"5544703725398275402146579820314624","p95_domain_product_excluding_one_var":"5544703725398275402146579820314624"},"111":{"count":200,"max_domain_product_excluding_one_var":"22178814901593101608586319281258496","p95_domain_product_excluding_one_var":"22178814901593101608586319281258496"},"112":{"count":40,"max_domain_product_excluding_one_var":"44357629803186203217172638562516992","p95_domain_product_excluding_one_var":"44357629803186203217172638562516992"},"113":{"count":440,"max_domain_product_excluding_one_var":"88715259606372406434345277125033984","p95_domain_product_excluding_one_var":"88715259606372406434345277125033984"},"114":{"count":40,"max_domain_product_excluding_one_var":"177430519212744812868690554250067968","p95_domain_product_excluding_one_var":"177430519212744812868690554250067968"},"115":{"count":364,"max_domain_product_excluding_one_var":"354861038425489625737381108500135936","p95_domain_product_excluding_one_var":"354861038425489625737381108500135936"},"117":{"count":116,"max_domain_product_excluding_one_var":"1419444153701958502949524434000543744","p95_domain_product_excluding_one_var":"1419444153701958502949524434000543744"},"118":{"count":204,"max_domain_product_excluding_one_var":"2838888307403917005899048868001087488","p95_domain_product_excluding_one_var":"2838888307403917005899048868001087488"},"119":{"count":148,"max_domain_product_excluding_one_var":"5677776614807834011798097736002174976","p95_domain_product_excluding_one_var":"5677776614807834011798097736002174976"},"121":{"count":128,"max_domain_product_excluding_one_var":"22711106459231336047192390944008699904","p95_domain_product_excluding_one_var":"22711106459231336047192390944008699904"},"122":{"count":160,"max_domain_product_excluding_one_var":"113555532296156680235961954720043499520","p95_domain_product_excluding_one_var":"113555532296156680235961954720043499520"},"124":{"count":1000,"max_domain_product_excluding_one_var":"340282366920938463463374607431768211455","p95_domain_product_excluding_one_var":"340282366920938463463374607431768211455"},"125":{"count":72,"max_domain_product_excluding_one_var":"340282366920938463463374607431768211455","p95_domain_product_excluding_one_var":"340282366920938463463374607431768211455"},"126":{"count":80,"max_domain_product_excluding_one_var":"340282366920938463463374607431768211455","p95_domain_product_excluding_one_var":"340282366920938463463374607431768211455"},"127":{"count":232,"max_domain_product_excluding_one_var":"340282366920938463463374607431768211455","p95_domain_product_excluding_one_var":"340282366920938463463374607431768211455"},"128":{"count":1100,"max_domain_product_excluding_one_var":"340282366920938463463374607431768211455","p95_domain_product_excluding_one_var":"340282366920938463463374607431768211455"},"130":{"count":1080,"max_domain_product_excluding_one_var":"340282366920938463463374607431768211455","p95_domain_product_excluding_one_var":"340282366920938463463374607431768211455"},"132":{"count":1436,"max_domain_product_excluding_one_var":"340282366920938463463374607431768211455","p95_domain_product_excluding_one_var":"340282366920938463463374607431768211455"}}
d LINEAR_BOOL_MIXED_ARITY_STATS {"1":{"count":15277,"max_domain_product_excluding_one_var":"1","p95_domain_product_excluding_one_var":"1"},"2":{"count":35219,"max_domain_product_excluding_one_var":"2","p95_domain_product_excluding_one_var":"2"},"3":{"count":52574,"max_domain_product_excluding_one_var":"4","p95_domain_product_excluding_one_var":"4"},"4":{"count":17379,"max_domain_product_excluding_one_var":"8","p95_domain_product_excluding_one_var":"8"},"5":{"count":9392,"max_domain_product_excluding_one_var":"16","p95_domain_product_excluding_one_var":"16"},"6":{"count":11082,"max_domain_product_excluding_one_var":"32","p95_domain_product_excluding_one_var":"32"},"7":{"count":1410,"max_domain_product_excluding_one_var":"64","p95_domain_product_excluding_one_var":"64"}}
d ROOT_LP_ENTERED 0
d ROOT_LP_STATUS skipped
d ROOT_LP_MS 0
d ROOT_LP_REASON root_lp_disabled
d OBJECTIVE_CUT_TIMING incremental-soft
d OBJECTIVE_CUT_BACKEND cnf
d OBJECTIVE_CUT_FORM direct-expr
d PROPAGATE_PRUNED_VALUES 457592
d PROPAGATE_CHANGED_DOMAINS 145
d PROPAGATE_ENTAILED_TABLES 0
d POST_LOWER_ROUNDS 310
d POST_LOWER_TIGHTENED_DOMAINS 439
d POST_LOWER_REMOVED_CLAUSES 138531
d POST_LOWER_REMOVED_LITS 84589
d POST_LOWER_DETECTED_UNSAT 0
d PREENCODE_INT_VARS 2134723
d ENCODE_EXTERNAL_GE_SPECS 0
d ENCODE_RELAXED_CIRCUITS 0
d LOG_SCOP_LINEAR_PB_CONSTRAINTS 6781256
d LOG_SCOP_LINEAR_PB_MIXED_DISPATCH_CONSTRAINTS 0
d LOG_SCOP_LINEAR_PB_MIXED_ATTEMPT_BDD 0
d LOG_SCOP_LINEAR_PB_MIXED_ATTEMPT_SORTER 0
d LOG_SCOP_LINEAR_PB_MIXED_ATTEMPT_DADDA 0
d LOG_SCOP_LINEAR_PB_MIXED_REJECT_BDD_BUDGET 0
d LOG_SCOP_LINEAR_PB_MIXED_REJECT_SORTER_BUDGET 0
d LOG_SCOP_LINEAR_PB_MIXED_FALLBACK_BDD_TO_SORTER 0
d LOG_SCOP_LINEAR_PB_MIXED_FALLBACK_BDD_TO_DADDA 0
d LOG_SCOP_LINEAR_PB_MIXED_FALLBACK_SORTER_TO_BDD 0
d LOG_SCOP_LINEAR_PB_MIXED_FALLBACK_SORTER_TO_DADDA 0
d LOG_SCOP_LINEAR_PB_BACKEND_BDD2 6781256
d LOG_SCOP_LINEAR_PB_BACKEND_BDD3 0
d LOG_SCOP_LINEAR_PB_BACKEND_SORTER 0
d LOG_SCOP_LINEAR_PB_BACKEND_DADDA 0
d LOG_SCOP_LINEAR_PB_BDD_DECOMPOSITION_RAW 6781256
d LOG_SCOP_LINEAR_PB_BDD_DECOMPOSITION_BINARY 0
d LOG_SCOP_LINEAR_PB_BDD_DECOMPOSITION_MULTIBASE 0
d MEMORY_RSS_BYTES 16005287936
d MEMORY_RSS_AFTER_PROPAGATE_BYTES 1199357952
d MEMORY_RSS_AFTER_LOWER_BYTES 1823375360
d MEMORY_RSS_AFTER_POST_LOWER_BYTES 6732214272
d MEMORY_RSS_BEFORE_PREENCODE_BYTES 7325163520
d MEMORY_RSS_AFTER_PREENCODE_BYTES 7356006400
d MEMORY_RSS_BEFORE_ENCODE_BYTES 7524347904
d MEMORY_RSS_ENCODE_SAMPLE_INTERVAL_CLAUSES 1000000
d MEMORY_RSS_ENCODE_SAMPLE_COUNT 55
d MEMORY_RSS_ENCODE_LAST_SAMPLE_CLAUSE 45401969
d MEMORY_RSS_ENCODE_LAST_SAMPLE_BYTES 16005287936
d MEMORY_RSS_ENCODE_MAX_SAMPLE_BYTES 16005287936
d DECODE_INT_ASSIGNMENTS 839
d CIRCUIT_CEGAR_FAILURES 0
d CIRCUIT_CEGAR_ROUNDS 0
d CIRCUIT_CEGAR_ADDED_CLAUSES 0
d CUMULATIVE_CEGAR_FAILURES 0
d CUMULATIVE_CEGAR_ROUNDS 0
d CUMULATIVE_CEGAR_ADDED_CLAUSES 0
d COP_CEGAR_FAILURES 0
d COP_CEGAR_ROUNDS 0
d COP_CEGAR_ADDED_CLAUSES 0
d CSV /bench/competition/2022-2025/COP22to25/AircraftAssemblyLine-2-178-20-0_c23.xml.lzma,sat,1939,1939,1939,0,28633890,45401969,1629655,,,,,,,0,skipped,,,,,,0,,,,,,,timeout_signal,incumbent_interrupted_by_signal
signal=15; emitted incumbent csv row
c run_end_local: 2026-06-16 09:36:02 +0900
