# WCTIME: wall clock time in seconds
WCTIME=597.905
# CPUTIME: CPU time in seconds (USERTIME+SYSTEMTIME)
CPUTIME=594.453
# USERTIME: CPU time spent in user mode in seconds
USERTIME=593.725
# SYSTEMTIME: CPU time spent in system mode in seconds
SYSTEMTIME=0.727917
# CPUUSAGE: CPUTIME/WCTIME in percent
CPUUSAGE=99.4227
# MAXVM: maximum virtual memory used in KiB
MAXVM=441328
# MAXMM: maximum memory used in KiB
MAXMM=286116
# MAXRSS: maximum Resident Segment Size in KiB
MAXRSS=325792
# TIMEOUT: did the solver exceed the time limit?
TIMEOUT=false
# MEMOUT: did the solver exceed the memory limit?
MEMOUT=false
# EXITSTATUS: Exit status of the solver
EXITSTATUS=0
