c cmd: /host-parser-bin/kat_xcsp_2c5208ae /bench/competition/2022-2025/COP22to25/Coprime-40_c25.xml.lzma --encoder portfolio --portfolio-strategy v3 --cop-pipeline guarded-basic --cop-objective-cut direct-expr --cop-objective-cut-timing incremental-hard --cop-objective-cut-backend cnf --table-encoding mdd-tl --cumulative-mode exact --cumulative-decomposition time-rd --progress --log-scop-linear-pb-backend auto --log-scop-bdd-decomposition auto --log-scop-aggregate-weighted-lits --order-ge-shorten-link-cost --direct-eq-ne-max-arity 2 --eq-ne-encoding direct --portfolio-log-scop-eq-ne-encoding ge-rewrite --cop-objective-phase auto
c version: kat-cli=0.1.0 git=unknown-clean
c run_start_local: 2026-06-03 19:23:53 +0900
c 00h00m02s | solve:start
c 00h00m02s | stage:objective-cut timing=incremental-hard backend=cnf form=direct-expr
c 00h00m02s | input: constraints=1247260
c 00h00m02s | stage:propagate:start
c 00h00m12s | stage:propagate:done ms=10282 pruned=1560 changed_domains=40 entailed_tables=0
c 00h00m12s | memory:rss checkpoint=after_propagate bytes=2706141184 rss=2.52GiB
c 00h00m12s | stage:normalize:start
c 00h00m12s | stage:normalize:done ms=0 high_constraints=1247260
c 00h00m12s | stage:lower:start
c 00h00m15s | stage:lower:progress percent=10 processed=124726 total=1247260 lowered=124726 unsupported=0 ms=3194
c 00h00m18s | stage:lower:progress percent=20 processed=249452 total=1247260 lowered=249452 unsupported=0 ms=6072
c 00h00m20s | stage:lower:progress percent=30 processed=374178 total=1247260 lowered=374178 unsupported=0 ms=8298
c 00h00m24s | stage:lower:progress percent=40 processed=498904 total=1247260 lowered=498904 unsupported=0 ms=12003
c 00h00m26s | stage:lower:progress percent=50 processed=623630 total=1247260 lowered=623630 unsupported=0 ms=14280
c 00h00m29s | stage:lower:progress percent=60 processed=748356 total=1247260 lowered=748356 unsupported=0 ms=16588
c 00h00m31s | stage:lower:progress percent=70 processed=873082 total=1247260 lowered=873082 unsupported=0 ms=18927
c 00h00m36s | stage:lower:progress percent=80 processed=997808 total=1247260 lowered=997808 unsupported=0 ms=24340
c 00h00m39s | stage:lower:progress percent=90 processed=1122534 total=1247260 lowered=1122534 unsupported=0 ms=26627
c 00h00m41s | stage:lower:progress percent=100 processed=1247260 total=1247260 lowered=1247260 unsupported=0 ms=28938
c 00h00m46s | stage:lower:done ms=34331 lowered=1247260 unsupported=0
c 00h00m46s | memory:rss checkpoint=after_lower bytes=3775512576 rss=3.52GiB
c 00h00m46s | stage:post_lower:start
c 00h00m46s | stage:post_lower:skip reason=lowered_constraints_1247260_exceed_limit_1000000
c 00h00m46s | stage:post_lower:done ms=1 skipped=true reason=lowered_constraints_1247260_exceed_limit_1000000 rounds=0 tightened=0 removed_cls=0 removed_lits=0 unsat=false precise_hits=0 precise_rounds=0 pivot_recomputes=0 pivot_exact_attempts=0 pivot_general_attempts=0 pivot_general_rest_missing=0 pivot_general_bound_missing=0 pivot_general_no_change=0 pivot_general_tightened=0 setup_ms=0 loop_ms=0 pivot_ms=0 pivot_version_ms=0 pivot_exact_ms=0 pivot_general_ms=0 pivot_general_prepare_ms=0 pivot_general_rest_ms=0 pivot_general_derive_ms=0 apply_ms=0 sat_ms=0 precise_ms=0
c 00h00m46s | memory:rss checkpoint=after_post_lower bytes=3775512576 rss=3.52GiB
c 00h00m50s | stage:lowered-shape int_vars=4988998 bool_vars=0 linear_atoms=9977955 table_atoms=0 table_tuples=0 table_scope=0 alldiff_atoms=0 circuit_atoms=0 product_atoms=0 logical_clauses=8730735
c 00h00m50s | stage:root-lp:skip reason=disabled ms=0
c 00h00m57s | stage:preencode(log-scop):mod-disjoint-extprop constraints=1247220
c 00h00m57s | memory:rss checkpoint=before_preencode bytes=3845410816 rss=3.58GiB
c 00h00m57s | stage:preencode(log-scop):start
c 00h00m59s | stage:preencode(log-scop):done ms=1788 int_vars=4988998
c 00h00m59s | memory:rss checkpoint=after_preencode bytes=3705761792 rss=3.45GiB
c 00h01m01s | memory:rss checkpoint=before_encode bytes=3705798656 rss=3.45GiB
c 00h01m01s | stage:encode(log-scop):start
c 00h01m02s | memory:rss checkpoint=encode_clause_sample stage=log-scop clauses=2783 bytes=3706130432 rss=3.45GiB progress_percent=10 processed=24 total=235
c 00h01m02s | stage:encode(log-scop):progress percent=10 processed=24 total=235 sat_clauses=2783 ms=1217
c 00h01m02s | memory:rss checkpoint=encode_clause_sample stage=log-scop clauses=4071 bytes=3706130432 rss=3.45GiB progress_percent=20 processed=47 total=235
c 00h01m02s | stage:encode(log-scop):progress percent=20 processed=47 total=235 sat_clauses=4071 ms=1317
c 00h01m02s | memory:rss checkpoint=encode_clause_sample stage=log-scop clauses=5339 bytes=3706130432 rss=3.45GiB progress_percent=30 processed=71 total=235
c 00h01m02s | stage:encode(log-scop):progress percent=30 processed=71 total=235 sat_clauses=5339 ms=1426
c 00h01m02s | memory:rss checkpoint=encode_clause_sample stage=log-scop clauses=6618 bytes=3706130432 rss=3.45GiB progress_percent=40 processed=94 total=235
c 00h01m02s | stage:encode(log-scop):progress percent=40 processed=94 total=235 sat_clauses=6618 ms=1442
c 00h01m02s | memory:rss checkpoint=encode_clause_sample stage=log-scop clauses=7911 bytes=3706130432 rss=3.45GiB progress_percent=50 processed=118 total=235
c 00h01m02s | stage:encode(log-scop):progress percent=50 processed=118 total=235 sat_clauses=7911 ms=1442
c 00h01m02s | memory:rss checkpoint=encode_clause_sample stage=log-scop clauses=9053 bytes=3706130432 rss=3.45GiB progress_percent=60 processed=141 total=235
c 00h01m02s | stage:encode(log-scop):progress percent=60 processed=141 total=235 sat_clauses=9053 ms=1442
c 00h01m02s | memory:rss checkpoint=encode_clause_sample stage=log-scop clauses=10318 bytes=3706130432 rss=3.45GiB progress_percent=70 processed=165 total=235
c 00h01m02s | stage:encode(log-scop):progress percent=70 processed=165 total=235 sat_clauses=10318 ms=1442
c 00h01m02s | memory:rss checkpoint=encode_clause_sample stage=log-scop clauses=11537 bytes=3706130432 rss=3.45GiB progress_percent=80 processed=188 total=235
c 00h01m02s | stage:encode(log-scop):progress percent=80 processed=188 total=235 sat_clauses=11537 ms=1444
c 00h01m02s | memory:rss checkpoint=encode_clause_sample stage=log-scop clauses=11908 bytes=3706130432 rss=3.45GiB progress_percent=90 processed=212 total=235
c 00h01m02s | stage:encode(log-scop):progress percent=90 processed=212 total=235 sat_clauses=11908 ms=1444
c 00h01m02s | memory:rss checkpoint=encode_clause_sample stage=log-scop clauses=11908 bytes=3706130432 rss=3.45GiB progress_percent=100 processed=235 total=235
c 00h01m02s | stage:encode(log-scop):progress percent=100 processed=235 total=235 sat_clauses=11908 ms=1444
c 00h01m02s | stage:encode(log-scop):done ms=1454 sat_vars=7685 sat_clauses=11908 ext_ge_specs=0 relaxed_circuits=0 log_scop_pb_constraints=196 log_scop_pb_mixed=0 log_scop_pb_bdd2=196 log_scop_pb_bdd3=0 log_scop_pb_sorter=0 log_scop_pb_dadda=0 log_scop_bdd_raw=196 log_scop_bdd_binary=0 log_scop_bdd_multibase=0
c 00h01m19s | stage:objective-cut timing=incremental-hard backend=cnf form=direct-expr
c 00h01m22s | stage:sat:init solver=CaDiCaL vars=7685 clauses=11908
c 00h01m22s | stage:sat:solve:start assumptions=0 phase_lits=0
c 00h02m44s | stage:sat:solve:done ms=81478 result=Sat assumptions=0 phase_lits=0
c 00h02m44s | stage:decode:start
c 00h02m46s | stage:decode:done int_assignments=40
c 00h02m46s | result:Sat
c 00h02m47s | objective:incumbent kind=initial value=1597 rounds=1 improvements=0
o 1597
c 00h02m47s | stage:objective-cut:add timing=incremental-hard backend=cnf form=direct-expr clauses_added=15
c 00h02m47s | stage:sat:init solver=CaDiCaL vars=7694 clauses=11923
c 00h02m47s | stage:sat:solve:start assumptions=0 phase_lits=0
c 00h04m03s | stage:sat:solve:done ms=75223 result=Sat assumptions=0 phase_lits=0
c 00h04m03s | stage:decode:start
c 00h04m05s | stage:decode:done int_assignments=40
c 00h04m05s | result:Sat
c 00h04m06s | objective:incumbent kind=improvement value=1591 rounds=2 improvements=1
o 1591
c 00h04m06s | stage:objective-cut:add timing=incremental-hard backend=cnf form=direct-expr clauses_added=16
c 00h04m06s | stage:sat:init solver=CaDiCaL vars=7704 clauses=11939
c 00h04m06s | stage:sat:solve:start assumptions=0 phase_lits=0
c 00h04m07s | stage:sat:solve:done ms=396 result=Sat assumptions=0 phase_lits=0
c 00h04m07s | stage:decode:start
c 00h04m10s | stage:decode:done int_assignments=40
c 00h04m10s | result:Sat
c 00h04m11s | objective:incumbent kind=improvement value=1589 rounds=3 improvements=2
o 1589
c 00h04m11s | stage:objective-cut:add timing=incremental-hard backend=cnf form=direct-expr clauses_added=15
c 00h04m11s | stage:sat:init solver=CaDiCaL vars=7713 clauses=11954
c 00h04m11s | stage:sat:solve:start assumptions=0 phase_lits=0
c 00h04m12s | stage:sat:solve:done ms=1031 result=Sat assumptions=0 phase_lits=0
c 00h04m12s | stage:decode:start
c 00h04m14s | stage:decode:done int_assignments=40
c 00h04m14s | result:Sat
c 00h04m15s | objective:incumbent kind=improvement value=1585 rounds=4 improvements=3
o 1585
c 00h04m15s | stage:objective-cut:add timing=incremental-hard backend=cnf form=direct-expr clauses_added=14
c 00h04m15s | stage:sat:init solver=CaDiCaL vars=7721 clauses=11968
c 00h04m15s | stage:sat:solve:start assumptions=0 phase_lits=0
c 00h04m16s | stage:sat:solve:done ms=1037 result=Sat assumptions=0 phase_lits=0
c 00h04m16s | stage:decode:start
c 00h04m19s | stage:decode:done int_assignments=40
c 00h04m19s | result:Sat
c 00h04m19s | objective:incumbent kind=improvement value=1583 rounds=5 improvements=4
o 1583
c 00h04m19s | stage:objective-cut:add timing=incremental-hard backend=cnf form=direct-expr clauses_added=17
c 00h04m19s | stage:sat:init solver=CaDiCaL vars=7731 clauses=11985
c 00h04m19s | stage:sat:solve:start assumptions=0 phase_lits=0
c 00h04m57s | stage:sat:solve:done ms=37865 result=Sat assumptions=0 phase_lits=0
c 00h04m57s | stage:decode:start
c 00h05m00s | stage:decode:done int_assignments=40
c 00h05m00s | result:Sat
c 00h05m01s | objective:incumbent kind=improvement value=1579 rounds=6 improvements=5
o 1579
c 00h05m01s | stage:objective-cut:add timing=incremental-hard backend=cnf form=direct-expr clauses_added=18
c 00h05m01s | stage:sat:init solver=CaDiCaL vars=7741 clauses=12003
c 00h05m01s | stage:sat:solve:start assumptions=0 phase_lits=0
c 00h05m58s | stage:sat:solve:done ms=57421 result=Sat assumptions=0 phase_lits=0
c 00h05m58s | stage:decode:start
c 00h06m01s | stage:decode:done int_assignments=40
c 00h06m01s | result:Sat
c 00h06m01s | objective:incumbent kind=improvement value=1571 rounds=7 improvements=6
o 1571
c 00h06m01s | stage:objective-cut:add timing=incremental-hard backend=cnf form=direct-expr clauses_added=13
c 00h06m01s | stage:sat:init solver=CaDiCaL vars=7751 clauses=12016
c 00h06m01s | stage:sat:solve:start assumptions=0 phase_lits=0
c 00h06m03s | stage:sat:solve:done ms=1136 result=Sat assumptions=0 phase_lits=0
c 00h06m03s | stage:decode:start
c 00h06m05s | stage:decode:done int_assignments=40
c 00h06m05s | result:Sat
c 00h06m05s | objective:incumbent kind=improvement value=1561 rounds=8 improvements=7
o 1561
c 00h06m06s | stage:objective-cut:add timing=incremental-hard backend=cnf form=direct-expr clauses_added=9
c 00h06m06s | stage:sat:init solver=CaDiCaL vars=7758 clauses=12025
c 00h06m06s | stage:sat:solve:start assumptions=0 phase_lits=0
c 00h06m06s | stage:sat:solve:done ms=205 result=Sat assumptions=0 phase_lits=0
c 00h06m06s | stage:decode:start
c 00h06m09s | stage:decode:done int_assignments=40
c 00h06m09s | result:Sat
c 00h06m09s | objective:incumbent kind=improvement value=1553 rounds=9 improvements=8
o 1553
c 00h06m09s | stage:objective-cut:add timing=incremental-hard backend=cnf form=direct-expr clauses_added=11
c 00h06m09s | stage:sat:init solver=CaDiCaL vars=7766 clauses=12036
c 00h06m09s | stage:sat:solve:start assumptions=0 phase_lits=0
c 00h06m39s | stage:sat:solve:done ms=29543 result=Sat assumptions=0 phase_lits=0
c 00h06m39s | stage:decode:start
c 00h06m41s | stage:decode:done int_assignments=40
c 00h06m41s | result:Sat
c 00h06m42s | objective:incumbent kind=improvement value=1549 rounds=10 improvements=9
o 1549
c 00h06m42s | stage:objective-cut:add timing=incremental-hard backend=cnf form=direct-expr clauses_added=13
c 00h06m42s | stage:sat:init solver=CaDiCaL vars=7775 clauses=12049
c 00h06m42s | stage:sat:solve:start assumptions=0 phase_lits=0
c 00h07m22s | stage:sat:solve:done ms=40080 result=Sat assumptions=0 phase_lits=0
c 00h07m22s | stage:decode:start
c 00h07m24s | stage:decode:done int_assignments=40
c 00h07m24s | result:Sat
c 00h07m25s | objective:incumbent kind=improvement value=1543 rounds=11 improvements=10
o 1543
c 00h07m25s | stage:objective-cut:add timing=incremental-hard backend=cnf form=direct-expr clauses_added=13
c 00h07m25s | stage:sat:init solver=CaDiCaL vars=7785 clauses=12062
c 00h07m25s | stage:sat:solve:start assumptions=0 phase_lits=0
c 00h07m26s | stage:sat:solve:done ms=467 result=Sat assumptions=0 phase_lits=0
c 00h07m26s | stage:decode:start
c 00h07m28s | stage:decode:done int_assignments=40
c 00h07m28s | result:Sat
c 00h07m29s | objective:incumbent kind=improvement value=1537 rounds=12 improvements=11
o 1537
c 00h07m29s | stage:objective-cut:add timing=incremental-hard backend=cnf form=direct-expr clauses_added=11
c 00h07m29s | stage:sat:init solver=CaDiCaL vars=7793 clauses=12073
c 00h07m29s | stage:sat:solve:start assumptions=0 phase_lits=0
c 00h08m10s | stage:sat:solve:done ms=40750 result=Sat assumptions=0 phase_lits=0
c 00h08m10s | stage:decode:start
c 00h08m12s | stage:decode:done int_assignments=40
c 00h08m12s | result:Sat
c 00h08m12s | objective:incumbent kind=improvement value=1531 rounds=13 improvements=12
o 1531
c 00h08m13s | stage:objective-cut:add timing=incremental-hard backend=cnf form=direct-expr clauses_added=15
c 00h08m13s | stage:sat:init solver=CaDiCaL vars=7803 clauses=12088
c 00h08m13s | stage:sat:solve:start assumptions=0 phase_lits=0
c 00h08m13s | stage:sat:solve:done ms=512 result=Sat assumptions=0 phase_lits=0
c 00h08m13s | stage:decode:start
c 00h08m15s | stage:decode:done int_assignments=40
c 00h08m15s | result:Sat
c 00h08m16s | objective:incumbent kind=improvement value=1529 rounds=14 improvements=13
o 1529
c 00h08m16s | stage:objective-cut:add timing=incremental-hard backend=cnf form=direct-expr clauses_added=10
c 00h08m16s | stage:sat:init solver=CaDiCaL vars=7810 clauses=12098
c 00h08m16s | stage:sat:solve:start assumptions=0 phase_lits=0
c 00h09m01s | stage:sat:solve:done ms=45282 result=Sat assumptions=0 phase_lits=0
c 00h09m01s | stage:decode:start
c 00h09m03s | stage:decode:done int_assignments=40
c 00h09m03s | result:Sat
c 00h09m04s | objective:incumbent kind=improvement value=1511 rounds=15 improvements=14
o 1511
c 00h09m04s | stage:objective-cut:add timing=incremental-hard backend=cnf form=direct-expr clauses_added=13
c 00h09m04s | stage:sat:init solver=CaDiCaL vars=7820 clauses=12111
c 00h09m04s | stage:sat:solve:start assumptions=0 phase_lits=0
c 00h09m47s | stage:sat:solve:done ms=42302 result=Sat assumptions=0 phase_lits=0
c 00h09m47s | stage:decode:start
c 00h09m49s | stage:decode:done int_assignments=40
c 00h09m49s | result:Sat
c 00h09m50s | objective:incumbent kind=improvement value=1507 rounds=16 improvements=15
o 1507
c 00h09m50s | stage:objective-cut:add timing=incremental-hard backend=cnf form=direct-expr clauses_added=14
c 00h09m50s | stage:sat:init solver=CaDiCaL vars=7830 clauses=12125
c 00h09m50s | stage:sat:solve:start assumptions=0 phase_lits=0
c 00h10m12s | stage:sat:solve:done ms=22203 result=Sat assumptions=0 phase_lits=0
c 00h10m12s | stage:decode:start
c 00h10m14s | stage:decode:done int_assignments=40
c 00h10m14s | result:Sat
c 00h10m15s | objective:incumbent kind=improvement value=1499 rounds=17 improvements=16
o 1499
c 00h10m15s | stage:objective-cut:add timing=incremental-hard backend=cnf form=direct-expr clauses_added=15
c 00h10m15s | stage:sat:init solver=CaDiCaL vars=7840 clauses=12140
c 00h10m15s | stage:sat:solve:start assumptions=0 phase_lits=0
c 00h10m46s | stage:sat:solve:done ms=31355 result=Sat assumptions=0 phase_lits=0
c 00h10m46s | stage:decode:start
c 00h10m48s | stage:decode:done int_assignments=40
c 00h10m48s | result:Sat
c 00h10m49s | objective:incumbent kind=improvement value=1493 rounds=18 improvements=17
o 1493
c 00h10m49s | stage:objective-cut:add timing=incremental-hard backend=cnf form=direct-expr clauses_added=13
c 00h10m49s | stage:sat:init solver=CaDiCaL vars=7849 clauses=12153
c 00h10m49s | stage:sat:solve:start assumptions=0 phase_lits=0
c 00h11m29s | stage:sat:solve:done ms=39557 result=Sat assumptions=0 phase_lits=0
c 00h11m29s | stage:decode:start
c 00h11m31s | stage:decode:done int_assignments=40
c 00h11m31s | result:Sat
c 00h11m31s | objective:incumbent kind=improvement value=1259 rounds=19 improvements=18
o 1259
c 00h11m32s | stage:objective-cut:add timing=incremental-hard backend=cnf form=direct-expr clauses_added=17
c 00h11m32s | stage:sat:init solver=CaDiCaL vars=7859 clauses=12170
c 00h11m32s | stage:sat:solve:start assumptions=0 phase_lits=0
c 00h11m39s | stage:sat:solve:done ms=7322 result=Sat assumptions=0 phase_lits=0
c 00h11m39s | stage:decode:start
c 00h11m41s | stage:decode:done int_assignments=40
c 00h11m41s | result:Sat
c 00h11m42s | objective:incumbent kind=improvement value=1193 rounds=20 improvements=19
o 1193
c 00h11m42s | stage:objective-cut:add timing=incremental-hard backend=cnf form=direct-expr clauses_added=7
c 00h11m42s | stage:sat:init solver=CaDiCaL vars=7863 clauses=12177
c 00h11m42s | stage:sat:solve:start assumptions=0 phase_lits=0
c 00h11m54s | stage:sat:solve:done ms=12455 result=Sat assumptions=0 phase_lits=0
c 00h11m54s | stage:decode:start
c 00h11m56s | stage:decode:done int_assignments=40
c 00h11m56s | result:Sat
c 00h11m57s | objective:incumbent kind=improvement value=1187 rounds=21 improvements=20
o 1187
c 00h11m57s | stage:objective-cut:add timing=incremental-hard backend=cnf form=direct-expr clauses_added=15
c 00h11m57s | stage:sat:init solver=CaDiCaL vars=7873 clauses=12192
c 00h11m57s | stage:sat:solve:start assumptions=0 phase_lits=0
c 00h12m03s | stage:sat:solve:done ms=5975 result=Sat assumptions=0 phase_lits=0
c 00h12m03s | stage:decode:start
c 00h12m05s | stage:decode:done int_assignments=40
c 00h12m05s | result:Sat
c 00h12m06s | objective:incumbent kind=improvement value=1177 rounds=22 improvements=21
o 1177
c 00h12m06s | stage:objective-cut:add timing=incremental-hard backend=cnf form=direct-expr clauses_added=11
c 00h12m06s | stage:sat:init solver=CaDiCaL vars=7880 clauses=12203
c 00h12m06s | stage:sat:solve:start assumptions=0 phase_lits=0
c 00h12m08s | stage:sat:solve:done ms=1661 result=Sat assumptions=0 phase_lits=0
c 00h12m08s | stage:decode:start
c 00h12m10s | stage:decode:done int_assignments=40
c 00h12m10s | result:Sat
c 00h12m11s | objective:incumbent kind=improvement value=1171 rounds=23 improvements=22
o 1171
c 00h12m11s | stage:objective-cut:add timing=incremental-hard backend=cnf form=direct-expr clauses_added=16
c 00h12m11s | stage:sat:init solver=CaDiCaL vars=7890 clauses=12219
c 00h12m11s | stage:sat:solve:start assumptions=0 phase_lits=0
c 00h12m15s | stage:sat:solve:done ms=4514 result=Sat assumptions=0 phase_lits=0
c 00h12m15s | stage:decode:start
c 00h12m17s | stage:decode:done int_assignments=40
c 00h12m17s | result:Sat
c 00h12m18s | objective:incumbent kind=improvement value=1129 rounds=24 improvements=23
o 1129
c 00h12m18s | stage:objective-cut:add timing=incremental-hard backend=cnf form=direct-expr clauses_added=9
c 00h12m18s | stage:sat:init solver=CaDiCaL vars=7895 clauses=12228
c 00h12m18s | stage:sat:solve:start assumptions=0 phase_lits=0
c 00h12m19s | stage:sat:solve:done ms=325 result=Sat assumptions=0 phase_lits=0
c 00h12m19s | stage:decode:start
c 00h12m21s | stage:decode:done int_assignments=40
c 00h12m21s | result:Sat
c 00h12m21s | objective:incumbent kind=improvement value=1123 rounds=25 improvements=24
o 1123
c 00h12m22s | stage:objective-cut:add timing=incremental-hard backend=cnf form=direct-expr clauses_added=16
c 00h12m22s | stage:sat:init solver=CaDiCaL vars=7905 clauses=12244
c 00h12m22s | stage:sat:solve:start assumptions=0 phase_lits=0
c 00h26m35s | stage:sat:solve:done ms=853004 result=Sat assumptions=0 phase_lits=0
c 00h26m35s | stage:decode:start
c 00h26m37s | stage:decode:done int_assignments=40
c 00h26m37s | result:Sat
c 00h26m37s | objective:incumbent kind=improvement value=1097 rounds=26 improvements=25
o 1097
c 00h26m38s | stage:objective-cut:add timing=incremental-hard backend=cnf form=direct-expr clauses_added=11
c 00h26m38s | stage:sat:init solver=CaDiCaL vars=7911 clauses=12255
c 00h26m38s | stage:sat:solve:start assumptions=0 phase_lits=0
c 00h26m38s | stage:sat:solve:done ms=472 result=Sat assumptions=0 phase_lits=0
c 00h26m38s | stage:decode:start
c 00h26m40s | stage:decode:done int_assignments=40
c 00h26m40s | result:Sat
c 00h26m41s | objective:incumbent kind=improvement value=1069 rounds=27 improvements=26
o 1069
c 00h26m41s | stage:objective-cut:add timing=incremental-hard backend=cnf form=direct-expr clauses_added=17
c 00h26m41s | stage:sat:init solver=CaDiCaL vars=7920 clauses=12272
c 00h26m41s | stage:sat:solve:start assumptions=0 phase_lits=0
c 00h26m41s | stage:sat:solve:done ms=224 result=Sat assumptions=0 phase_lits=0
c 00h26m41s | stage:decode:start
c 00h26m43s | stage:decode:done int_assignments=40
c 00h26m43s | result:Sat
c 00h26m44s | objective:incumbent kind=improvement value=1067 rounds=28 improvements=27
o 1067
c 00h26m44s | stage:objective-cut:add timing=incremental-hard backend=cnf form=direct-expr clauses_added=19
c 00h26m44s | stage:sat:init solver=CaDiCaL vars=7930 clauses=12291
c 00h26m44s | stage:sat:solve:start assumptions=0 phase_lits=0
c 00h28m19s | stage:sat:solve:done ms=94746 result=Sat assumptions=0 phase_lits=0
c 00h28m19s | stage:decode:start
c 00h28m21s | stage:decode:done int_assignments=40
c 00h28m21s | result:Sat
c 00h28m22s | objective:incumbent kind=improvement value=1027 rounds=29 improvements=28
o 1027
c 00h28m22s | stage:objective-cut:add timing=incremental-hard backend=cnf form=direct-expr clauses_added=14
c 00h28m22s | stage:sat:init solver=CaDiCaL vars=7940 clauses=12305
c 00h28m22s | stage:sat:solve:start assumptions=0 phase_lits=0
s SATISFIABLE
o 1027
v <instantiation>
v   <list> x[0] x[1] x[2] x[3] x[4] x[5] x[6] x[7] x[8] x[9] x[10] x[11] x[12] x[13] x[14] x[15] x[16] x[17] x[18] x[19] x[20] x[21] x[22] x[23] x[24] x[25] x[26] x[27] x[28] x[29] x[30] x[31] x[32] x[33] x[34] x[35] x[36] x[37] x[38] x[39] </list>
v   <values> 513 514 641 643 709 743 751 757 761 769 773 775 829 857 863 877 881 887 907 919 929 937 941 947 953 967 971 973 977 979 983 989 991 997 1003 1009 1013 1019 1021 1027 </values>
v </instantiation>
d OBJECTIVE_VALUE 1027
d OPTIMAL 0
d OBJECTIVE_ROUNDS 29
d OBJECTIVE_IMPROVEMENTS 28
d COP_INCUMBENT_ELAPSED_MS 1702399
d SOLVE_ELAPSED_MS 1739584
d CURRENT_STAGE sat
d CURRENT_STAGE_ELAPSED_MS 39119
d LAST_COMPLETED_STAGE decode
d STAGE_PARSE_STATUS pending
d STAGE_PROPAGATE_STATUS done
d STAGE_NORMALIZE_STATUS done
d STAGE_LOWER_STATUS done
d STAGE_POST_LOWER_STATUS done
d STAGE_PREENCODE_STATUS done
d STAGE_ENCODE_STATUS done
d STAGE_SAT_STATUS running
d STAGE_DECODE_STATUS done
d STAGE_RELAXATION_STATUS pending
d STAGE_DUMP_CNF_STATUS pending
d SOURCE_CONSTRAINTS 1247260
d NORMALIZED_CONSTRAINTS 1247260
d LOWERED_CONSTRAINTS 1247260
d UNSUPPORTED_CONSTRAINTS 0
d SAT_VARS 7685
d SAT_CLAUSES_BASE 11908
d SAT_CLAUSES_FINAL 12305
d SAT_CLAUSES_CEGAR_DELTA 0
d MEMORY_RSS_BYTES 3706130432
d MEMORY_RSS_AFTER_PROPAGATE_BYTES 2706141184
d MEMORY_RSS_AFTER_LOWER_BYTES 3775512576
d MEMORY_RSS_AFTER_POST_LOWER_BYTES 3775512576
d MEMORY_RSS_BEFORE_PREENCODE_BYTES 3845410816
d MEMORY_RSS_AFTER_PREENCODE_BYTES 3705761792
d MEMORY_RSS_BEFORE_ENCODE_BYTES 3705798656
d MEMORY_RSS_ENCODE_SAMPLE_INTERVAL_CLAUSES 1000000
d MEMORY_RSS_ENCODE_SAMPLE_COUNT 10
d MEMORY_RSS_ENCODE_LAST_SAMPLE_CLAUSE 11908
d MEMORY_RSS_ENCODE_LAST_SAMPLE_BYTES 3706130432
d MEMORY_RSS_ENCODE_MAX_SAMPLE_BYTES 3706130432
d CSP_INT_VARS 40
d CSP_CONSTRAINTS 1247260
d CSP_INTENTIONAL 1247259
d CSP_GLOBAL 1
d CSP_EXTENSIONAL 0
d CSP_ALLDIFF 0
d CSP_CUMULATIVE 0
d CSP_TABLE 0
d CSP_DOMAIN_SPAN_MEDIAN 1598
d CSP_DOMAIN_SPAN_MAX 1598
d OBJ_SUPPORT_RATIO 0.025
d OBJ_TOP10_MASS 1
d OBJ_NONUNIT_RATIO 0
d OBJ_DOMAIN_SPAN_MEDIAN 1598
d N_CUMULATIVE 0
d N_TABLE 0
d OBJ_VARS_IN_CUMULATIVE_RATIO 0
d SAT_CONFLICTS 51222
d LINEAR_INT_EQ_ARITY_STATS {"3":{"count":2494479,"max_domain_product_excluding_one_var":"3120","p95_domain_product_excluding_one_var":"3002"}}
d LINEAR_INT_NE_ARITY_STATS {"1":{"count":2494440,"max_domain_product_excluding_one_var":"1","p95_domain_product_excluding_one_var":"1"}}
d LINEAR_INT_GE_ARITY_STATS {"1":{"count":4988958,"max_domain_product_excluding_one_var":"1","p95_domain_product_excluding_one_var":"1"},"2":{"count":78,"max_domain_product_excluding_one_var":"1560","p95_domain_product_excluding_one_var":"1560"}}
d LINEAR_BOOL_MIXED_ARITY_STATS {}
d ROOT_LP_ENTERED 0
d ROOT_LP_STATUS skipped
d ROOT_LP_MS 0
d ROOT_LP_REASON root_lp_disabled
d OBJECTIVE_CUT_TIMING incremental-hard
d OBJECTIVE_CUT_BACKEND cnf
d OBJECTIVE_CUT_FORM direct-expr
d OBJECTIVE_CUT_EAGER_CLAUSES_ADDED 397
d PROPAGATE_PRUNED_VALUES 1560
d PROPAGATE_CHANGED_DOMAINS 40
d PROPAGATE_ENTAILED_TABLES 0
d POST_LOWER_ROUNDS 0
d POST_LOWER_TIGHTENED_DOMAINS 0
d POST_LOWER_REMOVED_CLAUSES 0
d POST_LOWER_REMOVED_LITS 0
d POST_LOWER_DETECTED_UNSAT 0
d PREENCODE_INT_VARS 4988998
d ENCODE_EXTERNAL_GE_SPECS 0
d ENCODE_RELAXED_CIRCUITS 0
d LOG_SCOP_LINEAR_PB_CONSTRAINTS 196
d LOG_SCOP_LINEAR_PB_MIXED_DISPATCH_CONSTRAINTS 0
d LOG_SCOP_LINEAR_PB_MIXED_ATTEMPT_BDD 0
d LOG_SCOP_LINEAR_PB_MIXED_ATTEMPT_SORTER 0
d LOG_SCOP_LINEAR_PB_MIXED_ATTEMPT_DADDA 0
d LOG_SCOP_LINEAR_PB_MIXED_REJECT_BDD_BUDGET 0
d LOG_SCOP_LINEAR_PB_MIXED_REJECT_SORTER_BUDGET 0
d LOG_SCOP_LINEAR_PB_MIXED_FALLBACK_BDD_TO_SORTER 0
d LOG_SCOP_LINEAR_PB_MIXED_FALLBACK_BDD_TO_DADDA 0
d LOG_SCOP_LINEAR_PB_MIXED_FALLBACK_SORTER_TO_BDD 0
d LOG_SCOP_LINEAR_PB_MIXED_FALLBACK_SORTER_TO_DADDA 0
d LOG_SCOP_LINEAR_PB_BACKEND_BDD2 196
d LOG_SCOP_LINEAR_PB_BACKEND_BDD3 0
d LOG_SCOP_LINEAR_PB_BACKEND_SORTER 0
d LOG_SCOP_LINEAR_PB_BACKEND_DADDA 0
d LOG_SCOP_LINEAR_PB_BDD_DECOMPOSITION_RAW 196
d LOG_SCOP_LINEAR_PB_BDD_DECOMPOSITION_BINARY 0
d LOG_SCOP_LINEAR_PB_BDD_DECOMPOSITION_MULTIBASE 0
d MEMORY_RSS_BYTES 3706130432
d MEMORY_RSS_AFTER_PROPAGATE_BYTES 2706141184
d MEMORY_RSS_AFTER_LOWER_BYTES 3775512576
d MEMORY_RSS_AFTER_POST_LOWER_BYTES 3775512576
d MEMORY_RSS_BEFORE_PREENCODE_BYTES 3845410816
d MEMORY_RSS_AFTER_PREENCODE_BYTES 3705761792
d MEMORY_RSS_BEFORE_ENCODE_BYTES 3705798656
d MEMORY_RSS_ENCODE_SAMPLE_INTERVAL_CLAUSES 1000000
d MEMORY_RSS_ENCODE_SAMPLE_COUNT 10
d MEMORY_RSS_ENCODE_LAST_SAMPLE_CLAUSE 11908
d MEMORY_RSS_ENCODE_LAST_SAMPLE_BYTES 3706130432
d MEMORY_RSS_ENCODE_MAX_SAMPLE_BYTES 3706130432
d DECODE_INT_ASSIGNMENTS 40
d CIRCUIT_CEGAR_FAILURES 0
d CIRCUIT_CEGAR_ROUNDS 0
d CIRCUIT_CEGAR_ADDED_CLAUSES 0
d CUMULATIVE_CEGAR_FAILURES 0
d CUMULATIVE_CEGAR_ROUNDS 0
d CUMULATIVE_CEGAR_ADDED_CLAUSES 0
d COP_CEGAR_FAILURES 0
d COP_CEGAR_ROUNDS 0
d COP_CEGAR_ADDED_CLAUSES 0
d CSV /bench/competition/2022-2025/COP22to25/Coprime-40_c25.xml.lzma,sat,1247260,1247260,1247260,0,7685,12305,1739584,,,,,,,0,skipped,,,,,,0,,,,,,,timeout_signal,incumbent_interrupted_by_signal
signal=15; emitted incumbent csv row
c run_end_local: 2026-06-03 19:53:53 +0900
