# WCTIME: wall clock time in seconds
WCTIME=1800.4
# CPUTIME: CPU time in seconds (USERTIME+SYSTEMTIME)
CPUTIME=1790.58
# USERTIME: CPU time spent in user mode in seconds
USERTIME=1757.32
# SYSTEMTIME: CPU time spent in system mode in seconds
SYSTEMTIME=33.2594
# CPUUSAGE: CPUTIME/WCTIME in percent
CPUUSAGE=99.4547
# MAXVM: maximum virtual memory used in KiB
MAXVM=15458960
# MAXMM: maximum memory used in KiB
MAXMM=13704480
# MAXRSS: maximum Resident Segment Size in KiB
MAXRSS=13758928
# TIMEOUT: did the solver exceed the time limit?
TIMEOUT=true
# MEMOUT: did the solver exceed the memory limit?
MEMOUT=false
# EXITSTATUS: Exit status of the solver
EXITSTATUS=36608
