# WCTIME: wall clock time in seconds
WCTIME=734.671
# CPUTIME: CPU time in seconds (USERTIME+SYSTEMTIME)
CPUTIME=731.701
# USERTIME: CPU time spent in user mode in seconds
USERTIME=659.022
# SYSTEMTIME: CPU time spent in system mode in seconds
SYSTEMTIME=72.6788
# CPUUSAGE: CPUTIME/WCTIME in percent
CPUUSAGE=99.5958
# MAXVM: maximum virtual memory used in KiB
MAXVM=140726060
# MAXMM: maximum memory used in KiB
MAXMM=124614728
# MAXRSS: maximum Resident Segment Size in KiB
MAXRSS=124614312
# TIMEOUT: did the solver exceed the time limit?
TIMEOUT=false
# MEMOUT: did the solver exceed the memory limit?
MEMOUT=false
# EXITSTATUS: Exit status of the solver
EXITSTATUS=35072
