c cmd: /host-parser-bin/kat_xcsp_630ede96_portfolio_v3_cop1000_nophase_20260531_static /bench/competition/2022-2025/COP22to25/TankAllocation1-0000_c25.xml.lzma --encoder portfolio --portfolio-strategy v3 --cop-pipeline guarded-basic --cop-objective-cut direct-expr --cop-objective-cut-timing incremental-hard --cop-objective-cut-backend cnf --table-encoding mdd-tl --cumulative-mode exact --cumulative-decomposition time-rd --progress --log-scop-linear-pb-backend auto --log-scop-bdd-decomposition auto --log-scop-aggregate-weighted-lits --order-ge-shorten-link-cost --direct-eq-ne-max-arity 2 --eq-ne-encoding direct --portfolio-log-scop-eq-ne-encoding ge-rewrite --no-cop-phase-saving
c version: kat-cli=0.1.0 git=unknown-clean
c run_start_local: 2026-06-01 04:29:49 +0900
c 00h00m00s | solve:start
c 00h00m00s | stage:objective-cut timing=incremental-hard backend=cnf form=direct-expr
c 00h00m00s | input: constraints=189
c 00h00m00s | stage:propagate:start
c 00h00m00s | stage:propagate:done ms=2 pruned=73 changed_domains=24 entailed_tables=0
c 00h00m00s | memory:rss checkpoint=after_propagate bytes=2957312 rss=2.82MiB
c 00h00m00s | stage:normalize:start
c 00h00m00s | stage:normalize:done ms=0 high_constraints=189
c 00h00m00s | stage:lower:start
c 00h00m00s | stage:lower:progress percent=10 processed=19 total=189 lowered=19 unsupported=0 ms=0
c 00h00m00s | stage:lower:progress percent=20 processed=38 total=189 lowered=38 unsupported=0 ms=0
c 00h00m00s | stage:lower:progress percent=30 processed=57 total=189 lowered=57 unsupported=0 ms=0
c 00h00m00s | stage:lower:progress percent=40 processed=76 total=189 lowered=76 unsupported=0 ms=0
c 00h00m00s | stage:lower:progress percent=50 processed=95 total=189 lowered=95 unsupported=0 ms=0
c 00h00m00s | stage:lower:progress percent=60 processed=114 total=189 lowered=114 unsupported=0 ms=0
c 00h00m00s | stage:lower:progress percent=70 processed=133 total=189 lowered=133 unsupported=0 ms=0
c 00h00m00s | stage:lower:progress percent=80 processed=152 total=189 lowered=152 unsupported=0 ms=0
c 00h00m00s | stage:lower:progress percent=90 processed=171 total=189 lowered=171 unsupported=0 ms=0
c 00h00m00s | stage:lower:progress percent=100 processed=189 total=189 lowered=189 unsupported=0 ms=2
c 00h00m00s | stage:lower:done ms=2 lowered=189 unsupported=0
c 00h00m00s | memory:rss checkpoint=after_lower bytes=2957312 rss=2.82MiB
c 00h00m00s | stage:post_lower:start
c 00h00m00s | stage:post_lower:done ms=0 rounds=0 tightened=0 removed_cls=3 removed_lits=0 unsat=false precise_hits=0 precise_rounds=0 pivot_recomputes=0 pivot_exact_attempts=0 pivot_general_attempts=0 pivot_general_rest_missing=0 pivot_general_bound_missing=0 pivot_general_no_change=0 pivot_general_tightened=0 setup_ms=0 loop_ms=0 pivot_ms=0 pivot_version_ms=0 pivot_exact_ms=0 pivot_general_ms=0 pivot_general_prepare_ms=0 pivot_general_rest_ms=0 pivot_general_derive_ms=0 apply_ms=0 sat_ms=0 precise_ms=0
c 00h00m00s | memory:rss checkpoint=after_post_lower bytes=2957312 rss=2.82MiB
c 00h00m00s | stage:lowered-shape int_vars=25 bool_vars=302 linear_atoms=317 table_atoms=174 table_tuples=5473 table_scope=324 alldiff_atoms=0 circuit_atoms=0 product_atoms=0 logical_clauses=790
c 00h00m00s | stage:root-lp:skip reason=disabled ms=0
c 00h00m00s | memory:rss checkpoint=before_preencode bytes=2957312 rss=2.82MiB
c 00h00m00s | stage:preencode(log-scop):start
c 00h00m00s | stage:preencode(log-scop):done ms=0 int_vars=25
c 00h00m00s | memory:rss checkpoint=after_preencode bytes=2957312 rss=2.82MiB
c 00h00m00s | memory:rss checkpoint=before_encode bytes=2957312 rss=2.82MiB
c 00h00m00s | stage:encode(log-scop):start
c 00h00m00s | memory:rss checkpoint=encode_clause_sample stage=log-scop clauses=1742 bytes=3637248 rss=3.47MiB progress_percent=10 processed=82 total=815
c 00h00m00s | stage:encode(log-scop):progress percent=10 processed=82 total=815 sat_clauses=1742 ms=22
c 00h00m00s | memory:rss checkpoint=encode_clause_sample stage=log-scop clauses=3071 bytes=3637248 rss=3.47MiB progress_percent=20 processed=163 total=815
c 00h00m00s | stage:encode(log-scop):progress percent=20 processed=163 total=815 sat_clauses=3071 ms=50
c 00h00m00s | memory:rss checkpoint=encode_clause_sample stage=log-scop clauses=9609 bytes=4046848 rss=3.86MiB progress_percent=30 processed=245 total=815
c 00h00m00s | stage:encode(log-scop):progress percent=30 processed=245 total=815 sat_clauses=9609 ms=56
c 00h00m00s | memory:rss checkpoint=encode_clause_sample stage=log-scop clauses=10110 bytes=4046848 rss=3.86MiB progress_percent=40 processed=326 total=815
c 00h00m00s | stage:encode(log-scop):progress percent=40 processed=326 total=815 sat_clauses=10110 ms=56
c 00h00m00s | memory:rss checkpoint=encode_clause_sample stage=log-scop clauses=10602 bytes=4046848 rss=3.86MiB progress_percent=50 processed=408 total=815
c 00h00m00s | stage:encode(log-scop):progress percent=50 processed=408 total=815 sat_clauses=10602 ms=56
c 00h00m00s | memory:rss checkpoint=encode_clause_sample stage=log-scop clauses=11450 bytes=4046848 rss=3.86MiB progress_percent=60 processed=489 total=815
c 00h00m00s | stage:encode(log-scop):progress percent=60 processed=489 total=815 sat_clauses=11450 ms=56
c 00h00m00s | memory:rss checkpoint=encode_clause_sample stage=log-scop clauses=12059 bytes=4046848 rss=3.86MiB progress_percent=70 processed=571 total=815
c 00h00m00s | stage:encode(log-scop):progress percent=70 processed=571 total=815 sat_clauses=12059 ms=56
c 00h00m00s | memory:rss checkpoint=encode_clause_sample stage=log-scop clauses=12637 bytes=4046848 rss=3.86MiB progress_percent=80 processed=652 total=815
c 00h00m00s | stage:encode(log-scop):progress percent=80 processed=652 total=815 sat_clauses=12637 ms=56
c 00h00m00s | memory:rss checkpoint=encode_clause_sample stage=log-scop clauses=14780 bytes=4046848 rss=3.86MiB progress_percent=90 processed=734 total=815
c 00h00m00s | stage:encode(log-scop):progress percent=90 processed=734 total=815 sat_clauses=14780 ms=57
c 00h00m00s | memory:rss checkpoint=encode_clause_sample stage=log-scop clauses=25327 bytes=4853760 rss=4.63MiB progress_percent=100 processed=815 total=815
c 00h00m00s | stage:encode(log-scop):progress percent=100 processed=815 total=815 sat_clauses=25327 ms=59
c 00h00m00s | stage:encode(log-scop):done ms=66 sat_vars=14575 sat_clauses=25327 ext_ge_specs=0 relaxed_circuits=0 log_scop_pb_constraints=87 log_scop_pb_mixed=0 log_scop_pb_bdd2=87 log_scop_pb_bdd3=0 log_scop_pb_sorter=0 log_scop_pb_dadda=0 log_scop_bdd_raw=87 log_scop_bdd_binary=0 log_scop_bdd_multibase=0
c 00h00m00s | stage:objective-cut timing=incremental-hard backend=cnf form=direct-expr
c 00h00m00s | stage:sat:init solver=CaDiCaL vars=14575 clauses=25327
c 00h00m00s | stage:sat:solve:start assumptions=0 phase_lits=0
c 00h00m00s | stage:sat:solve:done ms=93 result=Sat assumptions=0 phase_lits=0
c 00h00m00s | stage:decode:start
c 00h00m00s | stage:decode:done int_assignments=25
c 00h00m00s | result:Sat
c 00h00m00s | objective:incumbent kind=initial value=0 rounds=1 improvements=0
o 0
c 00h00m00s | stage:objective-cut:add timing=incremental-hard backend=cnf form=direct-expr clauses_added=927
c 00h00m00s | stage:sat:init solver=CaDiCaL vars=15076 clauses=26254
c 00h00m00s | stage:sat:solve:start assumptions=0 phase_lits=0
c 00h00m00s | stage:sat:solve:done ms=536 result=Sat assumptions=0 phase_lits=0
c 00h00m00s | stage:decode:start
c 00h00m00s | stage:decode:done int_assignments=25
c 00h00m00s | result:Sat
c 00h00m00s | objective:incumbent kind=improvement value=430 rounds=2 improvements=1
o 430
c 00h00m00s | stage:objective-cut:add timing=incremental-hard backend=cnf form=direct-expr clauses_added=965
c 00h00m00s | stage:sat:init solver=CaDiCaL vars=15611 clauses=27219
c 00h00m00s | stage:sat:solve:start assumptions=0 phase_lits=0
c 00h00m00s | stage:sat:solve:done ms=29 result=Sat assumptions=0 phase_lits=0
c 00h00m00s | stage:decode:start
c 00h00m00s | stage:decode:done int_assignments=25
c 00h00m00s | result:Sat
c 00h00m00s | objective:incumbent kind=improvement value=557 rounds=3 improvements=2
o 557
c 00h00m00s | stage:objective-cut:add timing=incremental-hard backend=cnf form=direct-expr clauses_added=978
c 00h00m00s | stage:sat:init solver=CaDiCaL vars=16157 clauses=28197
c 00h00m00s | stage:sat:solve:start assumptions=0 phase_lits=0
c 00h00m00s | stage:sat:solve:done ms=65 result=Sat assumptions=0 phase_lits=0
c 00h00m00s | stage:decode:start
c 00h00m00s | stage:decode:done int_assignments=25
c 00h00m00s | result:Sat
c 00h00m00s | objective:incumbent kind=improvement value=813 rounds=4 improvements=3
o 813
c 00h00m00s | stage:objective-cut:add timing=incremental-hard backend=cnf form=direct-expr clauses_added=1104
c 00h00m00s | stage:sat:init solver=CaDiCaL vars=16816 clauses=29301
c 00h00m00s | stage:sat:solve:start assumptions=0 phase_lits=0
c 00h00m01s | stage:sat:solve:done ms=338 result=Sat assumptions=0 phase_lits=0
c 00h00m01s | stage:decode:start
c 00h00m01s | stage:decode:done int_assignments=25
c 00h00m01s | result:Sat
c 00h00m01s | objective:incumbent kind=improvement value=946 rounds=5 improvements=4
o 946
c 00h00m01s | stage:objective-cut:add timing=incremental-hard backend=cnf form=direct-expr clauses_added=1274
c 00h00m01s | stage:sat:init solver=CaDiCaL vars=17629 clauses=30575
c 00h00m01s | stage:sat:solve:start assumptions=0 phase_lits=0
c 00h00m02s | stage:sat:solve:done ms=1323 result=Sat assumptions=0 phase_lits=0
c 00h00m02s | stage:decode:start
c 00h00m02s | stage:decode:done int_assignments=25
c 00h00m02s | result:Sat
c 00h00m02s | objective:incumbent kind=improvement value=1003 rounds=6 improvements=5
o 1003
c 00h00m02s | stage:objective-cut:add timing=incremental-hard backend=cnf form=direct-expr clauses_added=1326
c 00h00m02s | stage:sat:init solver=CaDiCaL vars=18484 clauses=31901
c 00h00m02s | stage:sat:solve:start assumptions=0 phase_lits=0
c 00h00m13s | stage:sat:solve:done ms=11146 result=Sat assumptions=0 phase_lits=0
c 00h00m13s | stage:decode:start
c 00h00m13s | stage:decode:done int_assignments=25
c 00h00m13s | result:Sat
c 00h00m13s | objective:incumbent kind=improvement value=1020 rounds=7 improvements=6
o 1020
c 00h00m13s | stage:objective-cut:add timing=incremental-hard backend=cnf form=direct-expr clauses_added=1352
c 00h00m13s | stage:sat:init solver=CaDiCaL vars=19360 clauses=33253
c 00h00m13s | stage:sat:solve:start assumptions=0 phase_lits=0
c 00h00m25s | stage:sat:solve:done ms=11464 result=Sat assumptions=0 phase_lits=0
c 00h00m25s | stage:decode:start
c 00h00m25s | stage:decode:done int_assignments=25
c 00h00m25s | result:Sat
c 00h00m25s | objective:incumbent kind=improvement value=1041 rounds=8 improvements=7
o 1041
c 00h00m25s | stage:objective-cut:add timing=incremental-hard backend=cnf form=direct-expr clauses_added=1355
c 00h00m25s | stage:sat:init solver=CaDiCaL vars=20237 clauses=34608
c 00h00m25s | stage:sat:solve:start assumptions=0 phase_lits=0
c 00h00m53s | stage:sat:solve:done ms=28400 result=Sat assumptions=0 phase_lits=0
c 00h00m53s | stage:decode:start
c 00h00m53s | stage:decode:done int_assignments=25
c 00h00m53s | result:Sat
c 00h00m53s | objective:incumbent kind=improvement value=1146 rounds=9 improvements=8
o 1146
c 00h00m53s | stage:objective-cut:add timing=incremental-hard backend=cnf form=direct-expr clauses_added=1421
c 00h00m53s | stage:sat:init solver=CaDiCaL vars=21163 clauses=36029
c 00h00m53s | stage:sat:solve:start assumptions=0 phase_lits=0
c 00h01m14s | stage:sat:solve:done ms=21033 result=Sat assumptions=0 phase_lits=0
c 00h01m14s | stage:decode:start
c 00h01m14s | stage:decode:done int_assignments=25
c 00h01m14s | result:Sat
c 00h01m14s | objective:incumbent kind=improvement value=1225 rounds=10 improvements=9
o 1225
c 00h01m14s | stage:objective-cut:add timing=incremental-hard backend=cnf form=direct-expr clauses_added=1523
c 00h01m14s | stage:sat:init solver=CaDiCaL vars=22166 clauses=37552
c 00h01m14s | stage:sat:solve:start assumptions=0 phase_lits=0
c 00h01m23s | stage:sat:solve:done ms=9052 result=Sat assumptions=0 phase_lits=0
c 00h01m23s | stage:decode:start
c 00h01m23s | stage:decode:done int_assignments=25
c 00h01m23s | result:Sat
c 00h01m23s | objective:incumbent kind=improvement value=1319 rounds=11 improvements=10
o 1319
c 00h01m23s | stage:objective-cut:add timing=incremental-hard backend=cnf form=direct-expr clauses_added=1705
c 00h01m23s | stage:sat:init solver=CaDiCaL vars=23313 clauses=39257
c 00h01m23s | stage:sat:solve:start assumptions=0 phase_lits=0
c 00h01m27s | stage:sat:solve:done ms=4268 result=Sat assumptions=0 phase_lits=0
c 00h01m27s | stage:decode:start
c 00h01m27s | stage:decode:done int_assignments=25
c 00h01m27s | result:Sat
c 00h01m27s | objective:incumbent kind=improvement value=1336 rounds=12 improvements=11
o 1336
c 00h01m27s | stage:objective-cut:add timing=incremental-hard backend=cnf form=direct-expr clauses_added=1743
c 00h01m27s | stage:sat:init solver=CaDiCaL vars=24490 clauses=41000
c 00h01m27s | stage:sat:solve:start assumptions=0 phase_lits=0
c 00h05m47s | stage:sat:solve:done ms=259405 result=Sat assumptions=0 phase_lits=0
c 00h05m47s | stage:decode:start
c 00h05m47s | stage:decode:done int_assignments=25
c 00h05m47s | result:Sat
c 00h05m47s | objective:incumbent kind=improvement value=1358 rounds=13 improvements=12
o 1358
c 00h05m47s | stage:objective-cut:add timing=incremental-hard backend=cnf form=direct-expr clauses_added=1795
c 00h05m47s | stage:sat:init solver=CaDiCaL vars=25706 clauses=42795
c 00h05m47s | stage:sat:solve:start assumptions=0 phase_lits=0
c 00h10m54s | stage:sat:solve:done ms=307512 result=Sat assumptions=0 phase_lits=0
c 00h10m54s | stage:decode:start
c 00h10m54s | stage:decode:done int_assignments=25
c 00h10m54s | result:Sat
c 00h10m54s | objective:incumbent kind=improvement value=1374 rounds=14 improvements=13
o 1374
c 00h10m54s | stage:objective-cut:add timing=incremental-hard backend=cnf form=direct-expr clauses_added=1870
c 00h10m54s | stage:sat:init solver=CaDiCaL vars=26985 clauses=44665
c 00h10m54s | stage:sat:solve:start assumptions=0 phase_lits=0
c 00h16m59s | stage:sat:solve:done ms=364398 result=Sat assumptions=0 phase_lits=0
c 00h16m59s | stage:decode:start
c 00h16m59s | stage:decode:done int_assignments=25
c 00h16m59s | result:Sat
c 00h16m59s | objective:incumbent kind=improvement value=1375 rounds=15 improvements=14
o 1375
c 00h16m59s | stage:objective-cut:add timing=incremental-hard backend=cnf form=direct-expr clauses_added=1874
c 00h16m59s | stage:sat:init solver=CaDiCaL vars=28267 clauses=46539
c 00h16m59s | stage:sat:solve:start assumptions=0 phase_lits=0
c 00h18m08s | stage:sat:solve:done ms=69224 result=Sat assumptions=0 phase_lits=0
c 00h18m08s | stage:decode:start
c 00h18m08s | stage:decode:done int_assignments=25
c 00h18m08s | result:Sat
c 00h18m08s | objective:incumbent kind=improvement value=1377 rounds=16 improvements=15
o 1377
c 00h18m08s | stage:objective-cut:add timing=incremental-hard backend=cnf form=direct-expr clauses_added=1884
c 00h18m08s | stage:sat:init solver=CaDiCaL vars=29557 clauses=48423
c 00h18m08s | stage:sat:solve:start assumptions=0 phase_lits=0
s SATISFIABLE
o 1377
v <instantiation>
v   <list> x[0] x[1] x[2] x[3] x[4] x[5] x[6] x[7] x[8] x[9] x[10] x[11] x[12] x[13] x[14] x[15] x[16] x[17] x[18] x[19] x[20] x[21] x[22] x[23] x[24] </list>
v   <values> 1 14 12 1 14 15 10 13 0 9 14 11 5 12 1 14 1 5 2 12 13 0 15 8 7 </values>
v </instantiation>
d OBJECTIVE_VALUE 1377
d OPTIMAL 0
d OBJECTIVE_ROUNDS 16
d OBJECTIVE_IMPROVEMENTS 15
d COP_INCUMBENT_ELAPSED_MS 1088436
d SOLVE_ELAPSED_MS 1799799
d CURRENT_STAGE sat
d CURRENT_STAGE_ELAPSED_MS 711331
d LAST_COMPLETED_STAGE decode
d STAGE_PROPAGATE_STATUS done
d STAGE_NORMALIZE_STATUS done
d STAGE_LOWER_STATUS done
d STAGE_POST_LOWER_STATUS done
d STAGE_PREENCODE_STATUS done
d STAGE_ENCODE_STATUS done
d STAGE_SAT_STATUS running
d STAGE_DECODE_STATUS done
d STAGE_RELAXATION_STATUS pending
d STAGE_DUMP_CNF_STATUS pending
d SOURCE_CONSTRAINTS 189
d NORMALIZED_CONSTRAINTS 189
d LOWERED_CONSTRAINTS 189
d UNSUPPORTED_CONSTRAINTS 0
d SAT_VARS 14575
d SAT_CLAUSES_BASE 25327
d SAT_CLAUSES_FINAL 48423
d SAT_CLAUSES_CEGAR_DELTA 0
d MEMORY_RSS_BYTES 4853760
d MEMORY_RSS_AFTER_PROPAGATE_BYTES 2957312
d MEMORY_RSS_AFTER_LOWER_BYTES 2957312
d MEMORY_RSS_AFTER_POST_LOWER_BYTES 2957312
d MEMORY_RSS_BEFORE_PREENCODE_BYTES 2957312
d MEMORY_RSS_AFTER_PREENCODE_BYTES 2957312
d MEMORY_RSS_BEFORE_ENCODE_BYTES 2957312
d MEMORY_RSS_ENCODE_SAMPLE_INTERVAL_CLAUSES 1000000
d MEMORY_RSS_ENCODE_SAMPLE_COUNT 10
d MEMORY_RSS_ENCODE_LAST_SAMPLE_CLAUSE 25327
d MEMORY_RSS_ENCODE_LAST_SAMPLE_BYTES 4853760
d MEMORY_RSS_ENCODE_MAX_SAMPLE_BYTES 4853760
d SAT_CONFLICTS 10429992
d LINEAR_INT_EQ_ARITY_STATS {"1":{"count":302,"max_domain_product_excluding_one_var":"1","p95_domain_product_excluding_one_var":"1"}}
d LINEAR_INT_NE_ARITY_STATS {}
d LINEAR_INT_GE_ARITY_STATS {}
d LINEAR_BOOL_MIXED_ARITY_STATS {"16":{"count":1,"max_domain_product_excluding_one_var":"32768","p95_domain_product_excluding_one_var":"32768"},"18":{"count":3,"max_domain_product_excluding_one_var":"131072","p95_domain_product_excluding_one_var":"131072"},"19":{"count":2,"max_domain_product_excluding_one_var":"262144","p95_domain_product_excluding_one_var":"262144"},"20":{"count":1,"max_domain_product_excluding_one_var":"524288","p95_domain_product_excluding_one_var":"524288"},"21":{"count":4,"max_domain_product_excluding_one_var":"1048576","p95_domain_product_excluding_one_var":"1048576"},"22":{"count":2,"max_domain_product_excluding_one_var":"2097152","p95_domain_product_excluding_one_var":"2097152"},"23":{"count":2,"max_domain_product_excluding_one_var":"4194304","p95_domain_product_excluding_one_var":"4194304"}}
d ROOT_LP_ENTERED 0
d ROOT_LP_STATUS skipped
d ROOT_LP_MS 0
d ROOT_LP_REASON root_lp_disabled
d OBJECTIVE_CUT_TIMING incremental-hard
d OBJECTIVE_CUT_BACKEND cnf
d OBJECTIVE_CUT_FORM direct-expr
d OBJECTIVE_CUT_EAGER_CLAUSES_ADDED 23096
d PROPAGATE_PRUNED_VALUES 73
d PROPAGATE_CHANGED_DOMAINS 24
d PROPAGATE_ENTAILED_TABLES 0
d POST_LOWER_ROUNDS 0
d POST_LOWER_TIGHTENED_DOMAINS 0
d POST_LOWER_REMOVED_CLAUSES 3
d POST_LOWER_REMOVED_LITS 0
d POST_LOWER_DETECTED_UNSAT 0
d PREENCODE_INT_VARS 25
d ENCODE_EXTERNAL_GE_SPECS 0
d ENCODE_RELAXED_CIRCUITS 0
d LOG_SCOP_LINEAR_PB_CONSTRAINTS 87
d LOG_SCOP_LINEAR_PB_MIXED_DISPATCH_CONSTRAINTS 0
d LOG_SCOP_LINEAR_PB_MIXED_ATTEMPT_BDD 0
d LOG_SCOP_LINEAR_PB_MIXED_ATTEMPT_SORTER 0
d LOG_SCOP_LINEAR_PB_MIXED_ATTEMPT_DADDA 0
d LOG_SCOP_LINEAR_PB_MIXED_REJECT_BDD_BUDGET 0
d LOG_SCOP_LINEAR_PB_MIXED_REJECT_SORTER_BUDGET 0
d LOG_SCOP_LINEAR_PB_MIXED_FALLBACK_BDD_TO_SORTER 0
d LOG_SCOP_LINEAR_PB_MIXED_FALLBACK_BDD_TO_DADDA 0
d LOG_SCOP_LINEAR_PB_MIXED_FALLBACK_SORTER_TO_BDD 0
d LOG_SCOP_LINEAR_PB_MIXED_FALLBACK_SORTER_TO_DADDA 0
d LOG_SCOP_LINEAR_PB_BACKEND_BDD2 87
d LOG_SCOP_LINEAR_PB_BACKEND_BDD3 0
d LOG_SCOP_LINEAR_PB_BACKEND_SORTER 0
d LOG_SCOP_LINEAR_PB_BACKEND_DADDA 0
d LOG_SCOP_LINEAR_PB_BDD_DECOMPOSITION_RAW 87
d LOG_SCOP_LINEAR_PB_BDD_DECOMPOSITION_BINARY 0
d LOG_SCOP_LINEAR_PB_BDD_DECOMPOSITION_MULTIBASE 0
d MEMORY_RSS_BYTES 4853760
d MEMORY_RSS_AFTER_PROPAGATE_BYTES 2957312
d MEMORY_RSS_AFTER_LOWER_BYTES 2957312
d MEMORY_RSS_AFTER_POST_LOWER_BYTES 2957312
d MEMORY_RSS_BEFORE_PREENCODE_BYTES 2957312
d MEMORY_RSS_AFTER_PREENCODE_BYTES 2957312
d MEMORY_RSS_BEFORE_ENCODE_BYTES 2957312
d MEMORY_RSS_ENCODE_SAMPLE_INTERVAL_CLAUSES 1000000
d MEMORY_RSS_ENCODE_SAMPLE_COUNT 10
d MEMORY_RSS_ENCODE_LAST_SAMPLE_CLAUSE 25327
d MEMORY_RSS_ENCODE_LAST_SAMPLE_BYTES 4853760
d MEMORY_RSS_ENCODE_MAX_SAMPLE_BYTES 4853760
d DECODE_INT_ASSIGNMENTS 25
d CIRCUIT_CEGAR_FAILURES 0
d CIRCUIT_CEGAR_ROUNDS 0
d CIRCUIT_CEGAR_ADDED_CLAUSES 0
d CUMULATIVE_CEGAR_FAILURES 0
d CUMULATIVE_CEGAR_ROUNDS 0
d CUMULATIVE_CEGAR_ADDED_CLAUSES 0
d COP_CEGAR_FAILURES 0
d COP_CEGAR_ROUNDS 0
d COP_CEGAR_ADDED_CLAUSES 0
d CSV /bench/competition/2022-2025/COP22to25/TankAllocation1-0000_c25.xml.lzma,sat,189,189,189,0,14575,48423,1799792,,,,,,,0,skipped,,,,,,0,,,,,,,timeout_signal,incumbent_interrupted_by_signal
signal=15; emitted incumbent csv row
c run_end_local: 2026-06-01 04:59:49 +0900
