# WCTIME: wall clock time in seconds
WCTIME=1800.13
# CPUTIME: CPU time in seconds (USERTIME+SYSTEMTIME)
CPUTIME=1793.41
# USERTIME: CPU time spent in user mode in seconds
USERTIME=1792.82
# SYSTEMTIME: CPU time spent in system mode in seconds
SYSTEMTIME=0.598464
# CPUUSAGE: CPUTIME/WCTIME in percent
CPUUSAGE=99.6269
# MAXVM: maximum virtual memory used in KiB
MAXVM=1275056
# MAXMM: maximum memory used in KiB
MAXMM=200788
# MAXRSS: maximum Resident Segment Size in KiB
MAXRSS=200804
# TIMEOUT: did the solver exceed the time limit?
TIMEOUT=true
# MEMOUT: did the solver exceed the memory limit?
MEMOUT=false
# EXITSTATUS: Exit status of the solver
EXITSTATUS=15
