# WCTIME: wall clock time in seconds
WCTIME=272.687
# CPUTIME: CPU time in seconds (USERTIME+SYSTEMTIME)
CPUTIME=271.389
# USERTIME: CPU time spent in user mode in seconds
USERTIME=214.232
# SYSTEMTIME: CPU time spent in system mode in seconds
SYSTEMTIME=57.1569
# CPUUSAGE: CPUTIME/WCTIME in percent
CPUUSAGE=99.5238
# MAXVM: maximum virtual memory used in KiB
MAXVM=138269668
# MAXMM: maximum memory used in KiB
MAXMM=114173352
# MAXRSS: maximum Resident Segment Size in KiB
MAXRSS=114437856
# TIMEOUT: did the solver exceed the time limit?
TIMEOUT=false
# MEMOUT: did the solver exceed the memory limit?
MEMOUT=false
# EXITSTATUS: Exit status of the solver
EXITSTATUS=35072
