# WCTIME: wall clock time in seconds
WCTIME=1800.03
# CPUTIME: CPU time in seconds (USERTIME+SYSTEMTIME)
CPUTIME=1790.91
# USERTIME: CPU time spent in user mode in seconds
USERTIME=1790.45
# SYSTEMTIME: CPU time spent in system mode in seconds
SYSTEMTIME=0.455577
# CPUUSAGE: CPUTIME/WCTIME in percent
CPUUSAGE=99.4932
# MAXVM: maximum virtual memory used in KiB
MAXVM=326160
# MAXMM: maximum memory used in KiB
MAXMM=176756
# MAXRSS: maximum Resident Segment Size in KiB
MAXRSS=190932
# TIMEOUT: did the solver exceed the time limit?
TIMEOUT=true
# MEMOUT: did the solver exceed the memory limit?
MEMOUT=false
# EXITSTATUS: Exit status of the solver
EXITSTATUS=36608
