# WCTIME: wall clock time in seconds
WCTIME=1802.44
# CPUTIME: CPU time in seconds (USERTIME+SYSTEMTIME)
CPUTIME=1769.94
# USERTIME: CPU time spent in user mode in seconds
USERTIME=1763.58
# SYSTEMTIME: CPU time spent in system mode in seconds
SYSTEMTIME=6.36088
# CPUUSAGE: CPUTIME/WCTIME in percent
CPUUSAGE=98.197
# MAXVM: maximum virtual memory used in KiB
MAXVM=808440
# MAXMM: maximum memory used in KiB
MAXMM=642076
# MAXRSS: maximum Resident Segment Size in KiB
MAXRSS=639052
# TIMEOUT: did the solver exceed the time limit?
TIMEOUT=true
# MEMOUT: did the solver exceed the memory limit?
MEMOUT=false
# EXITSTATUS: Exit status of the solver
EXITSTATUS=9
