MiniZinc to FlatZinc converter, version 2.9.3, build 1832600886
Copyright (C) 2014-2025 Monash University, NICTA, Data61
Parsing file(s) /bench/2022/vaccine/vaccine.mzn', '/bench/2022/vaccine/v11.dzn' ...
processing file '/usr/local/share/minizinc/std/stdlib.mzn'
processing file '/usr/local/share/minizinc/std/stdlib/stdlib_internal.mzn'
processing file '/usr/local/share/minizinc/std/output.mzn'
processing file '/usr/local/share/minizinc/std/output/array2d_bool.mzn'
processing file '/usr/local/share/minizinc/std/output/gantt.mzn'
processing file '/usr/local/share/minizinc/std/stdlib/stdlib_random.mzn'
processing file '/usr/local/share/minizinc/std/stdlib/stdlib_debug.mzn'
processing file '/usr/local/share/minizinc/std/stdlib/stdlib_reflect.mzn'
processing file '/usr/local/share/minizinc/std/stdlib/stdlib_ite.mzn'
processing file '/usr/local/share/minizinc/std/stdlib/stdlib_language.mzn'
processing file '/usr/local/share/minizinc/std/stdlib/stdlib_sort.mzn'
processing file '/usr/local/share/minizinc/std/stdlib/stdlib_opt.mzn'
processing file '/usr/local/share/minizinc/std/stdlib/stdlib_ann.mzn'
processing file '/usr/local/share/minizinc/std/stdlib/stdlib_enum.mzn'
processing file '/usr/local/share/minizinc/std/stdlib/stdlib_string.mzn'
processing file '/usr/local/share/minizinc/std/stdlib/stdlib_set.mzn'
processing file '/usr/local/share/minizinc/std/stdlib/stdlib_logic.mzn'
processing file '/usr/local/share/minizinc/std/stdlib/stdlib_array.mzn'
processing file '/usr/local/share/minizinc/std/stdlib/stdlib_coercion.mzn'
processing file '/usr/local/share/minizinc/std/stdlib/stdlib_math.mzn'
processing file '/usr/local/share/minizinc/std/stdlib/stdlib_compare.mzn'
processing file '/usr/local/share/minizinc/std/flatzinc_builtins.mzn'
processing file '/usr/local/share/minizinc/std/solver_redefinitions.mzn'
processing file '/usr/local/share/minizinc/std/table.mzn'
processing file '/usr/local/share/minizinc/std/fzn_table_int_opt.mzn'
processing file '/usr/local/share/minizinc/std/fzn_table_int_reif.mzn'
processing file '/entry_data/mzn-lib/fzn_table_int.mzn'
processing file '/usr/local/share/minizinc/std/fzn_table_bool_reif.mzn'
processing file '/entry_data/mzn-lib/fzn_table_bool.mzn'
processing file '/usr/local/share/minizinc/std/fzn_array_set_intersect.mzn'
processing file '/usr/local/share/minizinc/std/fzn_array_set_union.mzn'
processing file '/usr/local/share/minizinc/std/fzn_array_opt_int_union.mzn'
processing file '/usr/local/share/minizinc/std/fzn_array_int_union.mzn'
processing file '/usr/local/share/minizinc/std/lex_lesseq.mzn'
processing file '/usr/local/share/minizinc/std/fzn_lex_lesseq_set_reif.mzn'
processing file '/usr/local/share/minizinc/std/fzn_lex_lesseq_set.mzn'
processing file '/usr/local/share/minizinc/std/fzn_lex_lesseq_int_reif.mzn'
processing file '/entry_data/mzn-lib/fzn_lex_lesseq_int.mzn'
processing file '/usr/local/share/minizinc/std/fzn_lex_lesseq_float_reif.mzn'
processing file '/usr/local/share/minizinc/std/fzn_lex_lesseq_float.mzn'
processing file '/usr/local/share/minizinc/std/fzn_lex_lesseq_bool_reif.mzn'
processing file '/entry_data/mzn-lib/fzn_lex_lesseq_bool.mzn'
processing file '/usr/local/share/minizinc/std/lex_less.mzn'
processing file '/usr/local/share/minizinc/std/fzn_lex_less_set_reif.mzn'
processing file '/usr/local/share/minizinc/std/fzn_lex_less_set.mzn'
processing file '/usr/local/share/minizinc/std/fzn_lex_less_int_reif.mzn'
processing file '/entry_data/mzn-lib/fzn_lex_less_int.mzn'
processing file '/usr/local/share/minizinc/std/fzn_lex_less_float_reif.mzn'
processing file '/usr/local/share/minizinc/std/fzn_lex_less_float.mzn'
processing file '/usr/local/share/minizinc/std/fzn_lex_less_bool_reif.mzn'
processing file '/entry_data/mzn-lib/fzn_lex_less_bool.mzn'
processing file '/usr/local/share/minizinc/std/fzn_if_then_else_partiality.mzn'
processing file '/usr/local/share/minizinc/std/fzn_if_then_else_var_set.mzn'
processing file '/usr/local/share/minizinc/std/fzn_if_then_else_set.mzn'
processing file '/usr/local/share/minizinc/std/fzn_if_then_else_var_opt_float.mzn'
processing file '/usr/local/share/minizinc/std/fzn_if_then_else_var_float.mzn'
processing file '/usr/local/share/minizinc/std/fzn_if_then_else_opt_float.mzn'
processing file '/usr/local/share/minizinc/std/fzn_if_then_else_float.mzn'
processing file '/usr/local/share/minizinc/std/fzn_if_then_else_var_opt_bool.mzn'
processing file '/usr/local/share/minizinc/std/fzn_if_then_else_var_bool.mzn'
processing file '/usr/local/share/minizinc/std/fzn_if_then_else_opt_bool.mzn'
processing file '/usr/local/share/minizinc/std/fzn_if_then_else_bool.mzn'
processing file '/usr/local/share/minizinc/std/fzn_if_then_else_var_opt_int.mzn'
processing file '/usr/local/share/minizinc/std/fzn_if_then_else_var_int.mzn'
processing file '/usr/local/share/minizinc/std/fzn_if_then_else_opt_int.mzn'
processing file '/usr/local/share/minizinc/std/fzn_if_then_else_int.mzn'
processing file '/usr/local/share/minizinc/std/count_fn.mzn'
processing file '/usr/local/share/minizinc/std/count_lt.mzn'
processing file '/usr/local/share/minizinc/std/fzn_count_lt_par_reif.mzn'
processing file '/usr/local/share/minizinc/std/fzn_count_lt_reif.mzn'
processing file '/usr/local/share/minizinc/std/fzn_count_lt_par.mzn'
processing file '/usr/local/share/minizinc/std/fzn_count_lt.mzn'
processing file '/usr/local/share/minizinc/std/count_gt.mzn'
processing file '/usr/local/share/minizinc/std/fzn_count_gt_reif.mzn'
processing file '/usr/local/share/minizinc/std/fzn_count_gt_par_reif.mzn'
processing file '/usr/local/share/minizinc/std/fzn_count_gt.mzn'
processing file '/usr/local/share/minizinc/std/fzn_count_gt_par.mzn'
processing file '/usr/local/share/minizinc/std/count_neq.mzn'
processing file '/usr/local/share/minizinc/std/fzn_count_neq_reif.mzn'
processing file '/usr/local/share/minizinc/std/fzn_count_neq_par_reif.mzn'
processing file '/usr/local/share/minizinc/std/fzn_count_neq.mzn'
processing file '/usr/local/share/minizinc/std/fzn_count_neq_par.mzn'
processing file '/usr/local/share/minizinc/std/count_leq.mzn'
processing file '/usr/local/share/minizinc/std/fzn_count_leq_reif.mzn'
processing file '/usr/local/share/minizinc/std/fzn_count_leq_par_reif.mzn'
processing file '/usr/local/share/minizinc/std/fzn_count_leq.mzn'
processing file '/usr/local/share/minizinc/std/fzn_count_leq_par.mzn'
processing file '/usr/local/share/minizinc/std/count_geq.mzn'
processing file '/usr/local/share/minizinc/std/fzn_count_geq_reif.mzn'
processing file '/usr/local/share/minizinc/std/fzn_count_geq_par_reif.mzn'
processing file '/usr/local/share/minizinc/std/fzn_count_geq.mzn'
processing file '/usr/local/share/minizinc/std/fzn_count_geq_par.mzn'
processing file '/usr/local/share/minizinc/std/count_eq.mzn'
processing file '/usr/local/share/minizinc/std/fzn_count_eq_par_reif.mzn'
processing file '/usr/local/share/minizinc/std/fzn_count_eq_reif.mzn'
processing file '/usr/local/share/minizinc/std/fzn_count_eq_par.mzn'
processing file '/entry_data/mzn-lib/fzn_count_eq.mzn'
processing file '/usr/local/share/minizinc/std/redefinitions-2.7.1.mzn'
processing file '/usr/local/share/minizinc/std/redefinitions-2.5.2.mzn'
processing file '/usr/local/share/minizinc/std/redefinitions-2.3.3.mzn'
processing file '/usr/local/share/minizinc/std/redefinitions-2.2.1.mzn'
processing file '/usr/local/share/minizinc/std/redefinitions-2.1.1.mzn'
processing file '/usr/local/share/minizinc/std/redefinitions-2.1.mzn'
processing file '/entry_data/mzn-lib/redefinitions-2.0.2.mzn'
processing file '/entry_data/mzn-lib/redefinitions-2.0.mzn'
processing file '/usr/local/share/minizinc/std/redefinitions.mzn'
processing file '/bench/2022/vaccine/vaccine.mzn'
processing file '/usr/local/share/minizinc/std/global_cardinality_low_up.mzn'
processing file '/usr/local/share/minizinc/std/global_cardinality.mzn'
processing file '/usr/local/share/minizinc/std/fzn_global_cardinality_low_up_set.mzn'
processing file '/usr/local/share/minizinc/std/fzn_global_cardinality_low_up_opt.mzn'
processing file '/usr/local/share/minizinc/std/fzn_global_cardinality_low_up_reif.mzn'
processing file '/entry_data/mzn-lib/fzn_global_cardinality_low_up.mzn'
processing file '/usr/local/share/minizinc/std/fzn_global_cardinality_set.mzn'
processing file '/usr/local/share/minizinc/std/fzn_global_cardinality_opt.mzn'
processing file '/usr/local/share/minizinc/std/fzn_global_cardinality_reif.mzn'
processing file '/usr/local/share/minizinc/std/count.mzn'
processing file '/entry_data/mzn-lib/fzn_global_cardinality.mzn'
processing data file '/bench/2022/vaccine/v11.dzn'
 done parsing (0.12 s)
Flattening ...
	CompilePass: Flatten with '/entry_data/mzn-lib' library ...
MIP domains ...
 done (0.12 s)
Optimizing ... done (0.12 s)
Warning: Implicit coercion of enums to integers is deprecated and will be removed in a future version.
Use the explicit coercion function enum2int instead.
/bench/2022/vaccine/vaccine.mzn:36.48-53

Warning: Implicit coercion of enums to integers is deprecated and will be removed in a future version.
Use the explicit coercion function enum2int instead.
/bench/2022/vaccine/vaccine.mzn:37.34-36

Converting to old FlatZinc ... done (0.12 s)
 done (0.12 s)
 done (0.24 s), max stack depth 33
Maximum memory 8 Mbytes.
      % SOLVING PHASE
FZN solver plugin, compiled  May 23 2025  06:18:37
Using FZN solver /entry_data/fzn-exec for solving, parameters: -p 14 -v 
%% File /tmp/mznfilesd9EFM.fzn parsed in 25 ms
%% Model mznfilesd9EFM
%%   - boolean variables:300
%%   - integer variables:616
%%   - set variables:210
%%   - array_int_minimum: 1
%%   - bool2int: 100
%%   - bool_clause: 285
%%   - int_abs: 10
%%   - int_div: 20
%%   - int_eq_imp: 300
%%   - int_eq_reif: 20
%%   - int_lin_eq: 125
%%   - int_ne_reif: 20
%%   - int_times: 30
%%   - ortools_global_cardinality_low_up: 5
%%   - ortools_lex_lesseq_int: 4
%%   - set_card: 210
%%   - set_in_reif: 100
%%   - set_intersect: 190
%%   - symmetry breaking constraints: 4
%%   - Maximization problem
%%   - #var_op_value_reif cached: 20
%%   - #var_op_var_reif cached: 0
%%   - #var_op_var_imp cached: 0
%%   - #full domain encodings: 80
%% Starting CP-SAT solver v9.15.9999
%% Parameters: log_search_progress: true log_to_stdout: false max_domain_size_when_encoding_eq_neq_constraints: 32 num_workers: 14
%% Initial optimization model 'mznfilesd9EFM': (model_fingerprint: 0xb81c2c3c64bd22e6)
%% Search strategy: on 100 variables, CHOOSE_FIRST, SELECT_MAX_VALUE
%% #Variables: 2'614 (#ints: 1 in objective) (2'049 primary variables)
%%   - 2'096 Booleans in [0,1]
%%   - 10 in [-1413,1413]
%%   - 17 in [0,2]
%%   - 213 in [0,3]
%%   - 52 in [0,4]
%%   - 13 in [0,5]
%%   - 10 in [0,6]
%%   - 10 in [0,7]
%%   - 20 in [0,10]
%%   - 5 in [0,12]
%%   - 15 in [0,14]
%%   - 5 in [0,18]
%%   - 5 in [0,19]
%%   - 5 in [0,22]
%%   - 5 in [0,28]
%%   - 5 in [0,35]
%%   - 5 in [0,46]
%%   - 5 in [0,54]
%%   - 5 in [0,60]
%%   - 5 in [0,67]
%%   - 5 in [0,100]
%%   - 5 in [0,122]
%%   - 6 in [0,139]
%%   - 5 in [0,145]
%%   - 5 in [0,167]
%%   - 5 in [0,170]
%%   - 5 in [0,300]
%%   - 5 in [1,2]
%%   - 20 in [1,4]
%%   - 20 in [1,5]
%%   - 5 in [1,14]
%%   - 2 in [2,10]
%%   - 1 in [2,12]
%%   - 2 in [2,14]
%%   - 1 in [3,18]
%%   - 1 in [3,19]
%%   - 1 in [4,22]
%%   - 1 in [5,28]
%%   - 1 in [7,35]
%%   - 1 in [9,46]
%%   - 1 in [10,54]
%%   - 1 in [12,60]
%%   - 1 in [13,67]
%%   - 1 in [20,100]
%%   - 1 in [24,122]
%%   - 1 in [29,145]
%%   - 1 in [33,167]
%%   - 1 in [34,170]
%%   - 1 in [60,300]
%%   - 2 constants in {0,1} 
%% #kBoolAnd: 2'292 (#enforced: 2'292) (#literals: 4'744)
%% #kBoolAndClauses: 950 (#enforced: 950 #multi: 950) (#literals: 2'850)
%% #kBoolOr: 525 (#enforced: 240) (#literals: 1'080)
%% #kEmpty: 9
%% #kIntDiv: 20
%% #kIntProd: 30
%% #kLinMax: 11 (#expressions: 25)
%% #kLinear1: 1'040 (#enforced: 1'040)
%% #kLinear2: 425 (#enforced: 120)
%% #kLinearN: 285 (#terms: 2'515)
%% Starting presolve at 0.01s
%%   9.05e-04s  0.00e+00d  [DetectDominanceRelations] 
%%   1.94e-02s  0.00e+00d  [PresolveToFixPoint] #num_loops=5 #num_dual_strengthening=2 
%%   3.73e-05s  0.00e+00d  [ExtractEncodingFromLinear] #potential_subsets=20 
%%   9.81e-05s  0.00e+00d  [DetectDuplicateColumns] 
%%   1.74e-03s  0.00e+00d  [DetectDuplicateConstraints] 
%% [SAT presolve] num removable Booleans: 237 / 1'342
%% [SAT presolve] num trivial clauses: 0
%% [SAT presolve] [0s] clauses:3'817 literals:8'892 vars:1'342 one_side_vars:30 simple_definition:1'059 singleton_clauses:0
%% [SAT presolve] [0.000269267s] clauses:3'817 literals:8'892 vars:1'342 one_side_vars:30 simple_definition:1'059 singleton_clauses:0
%% [SAT presolve] [0.000774744s] clauses:3'307 literals:7'902 vars:1'182 one_side_vars:30 simple_definition:975 singleton_clauses:0
%%   1.35e-04s  0.00e+00d  [DetectDuplicateConstraintsWithDifferentEnforcements] #without_enforcements=4 
%%   2.62e-02s  4.79e-03d  [Probe] #probed=3'894 #fixed_bools=69 #new_bounds=141 #equiv=23 #new_binary_clauses=258 
%%   2.05e-03s  1.33e-03d  [MaxClique] Merged 2'057 constraints with 4'114 literals into 2'012 constraints with 4'067 literals
%%   7.55e-04s  0.00e+00d  [DetectDominanceRelations] 
%%   4.86e-03s  0.00e+00d  [PresolveToFixPoint] #num_loops=2 #num_dual_strengthening=1 
%%   8.59e-04s  0.00e+00d  [ProcessAtMostOneAndLinear] 
%%   1.47e-04s  0.00e+00d  [DetectDuplicateConstraints] #duplicates=10 
%%   1.14e-04s  0.00e+00d  [DetectDuplicateConstraintsWithDifferentEnforcements] 
%%   1.35e-04s  5.77e-06d  [DetectDominatedLinearConstraints] #relevant_constraints=237 
%%   6.47e-05s  0.00e+00d  [DetectDifferentVariables] 
%%   9.96e-04s  5.32e-05d  [ProcessSetPPC] #relevant_constraints=3'281 #num_inclusions=1'739 
%%   8.16e-04s  8.42e-05d  [TransformClausesToExactlyOne] #num_amos=1'881 #num_clauses=1'189 #num_checked=1'189 
%%   3.21e-04s  0.00e+00d  [DetectEncodedComplexDomains] 
%%   6.96e-05s  2.93e-06d  [FindAlmostIdenticalLinearConstraints] #num_tested_pairs=48 
%%   7.24e-04s  2.62e-04d  [FindBigAtMostOneAndLinearOverlap] 
%%   3.22e-04s  1.96e-04d  [FindBigVerticalLinearOverlap] 
%%   6.03e-05s  9.21e-06d  [FindBigHorizontalLinearOverlap] #linears=234 
%%   3.82e-04s  1.80e-05d  [MergeClauses] #num_collisions=68 #num_merges=68 #num_saved_literals=136 
%%   1.01e-03s  0.00e+00d  [DetectDominanceRelations] 
%%   3.90e-03s  0.00e+00d  [PresolveToFixPoint] #num_loops=2 #num_dual_strengthening=2 
%%   9.90e-04s  0.00e+00d  [DetectDominanceRelations] 
%%   3.43e-03s  0.00e+00d  [PresolveToFixPoint] #num_loops=1 #num_dual_strengthening=1 
%%   1.21e-04s  0.00e+00d  [DetectDuplicateColumns] 
%%   8.44e-05s  0.00e+00d  [DetectDuplicateConstraints] 
%% [SAT presolve] num removable Booleans: 102 / 1'115
%% [SAT presolve] num trivial clauses: 0
%% [SAT presolve] [0s] clauses:3'032 literals:7'287 vars:1'114 one_side_vars:38 simple_definition:905 singleton_clauses:0
%% [SAT presolve] [0.0002276s] clauses:3'032 literals:7'280 vars:1'114 one_side_vars:38 simple_definition:905 singleton_clauses:0
%% [SAT presolve] [0.000362006s] clauses:2'930 literals:7'046 vars:1'080 one_side_vars:38 simple_definition:871 singleton_clauses:0
%%   1.86e-04s  0.00e+00d  [DetectDuplicateConstraintsWithDifferentEnforcements] 
%%   1.63e-02s  4.22e-03d  [Probe] #probed=3'916 #new_bounds=3 #equiv=11 #new_binary_clauses=196 
%%   1.81e-03s  1.19e-03d  [MaxClique] Merged 1'817 constraints with 3'677 literals into 1'808 constraints with 3'665 literals
%%   7.68e-04s  0.00e+00d  [DetectDominanceRelations] 
%%   3.75e-03s  0.00e+00d  [PresolveToFixPoint] #num_loops=2 #num_dual_strengthening=1 
%%   8.64e-04s  0.00e+00d  [ProcessAtMostOneAndLinear] 
%%   1.33e-04s  0.00e+00d  [DetectDuplicateConstraints] 
%%   1.18e-04s  0.00e+00d  [DetectDuplicateConstraintsWithDifferentEnforcements] 
%%   1.30e-04s  5.77e-06d  [DetectDominatedLinearConstraints] #relevant_constraints=237 
%%   7.43e-05s  0.00e+00d  [DetectDifferentVariables] 
%%   9.91e-04s  5.14e-05d  [ProcessSetPPC] #relevant_constraints=3'165 #num_inclusions=1'673 
%%   7.89e-04s  7.82e-05d  [TransformClausesToExactlyOne] #num_amos=1'801 #num_clauses=1'130 #num_checked=1'130 
%%   3.13e-04s  0.00e+00d  [DetectEncodedComplexDomains] 
%%   8.21e-05s  3.27e-06d  [FindAlmostIdenticalLinearConstraints] #num_tested_pairs=52 
%%   7.06e-04s  2.59e-04d  [FindBigAtMostOneAndLinearOverlap] 
%%   3.55e-04s  1.74e-04d  [FindBigVerticalLinearOverlap] #blocks=1 #saved_nz=55 
%%   7.63e-05s  8.93e-06d  [FindBigHorizontalLinearOverlap] #linears=235 
%%   3.68e-04s  1.71e-05d  [MergeClauses] #num_collisions=66 #num_merges=66 #num_saved_literals=132 
%%   7.69e-04s  0.00e+00d  [DetectDominanceRelations] 
%%   3.30e-03s  0.00e+00d  [PresolveToFixPoint] #num_loops=2 #num_dual_strengthening=1 
%%   7.56e-04s  0.00e+00d  [DetectDominanceRelations] 
%%   3.19e-03s  0.00e+00d  [PresolveToFixPoint] #num_loops=1 #num_dual_strengthening=1 
%%   1.26e-04s  0.00e+00d  [DetectDuplicateColumns] 
%%   9.19e-05s  0.00e+00d  [DetectDuplicateConstraints] 
%% [SAT presolve] num removable Booleans: 66 / 1'070
%% [SAT presolve] num trivial clauses: 0
%% [SAT presolve] [0s] clauses:2'893 literals:6'952 vars:1'056 one_side_vars:44 simple_definition:849 singleton_clauses:0
%% [SAT presolve] [0.000212242s] clauses:2'893 literals:6'952 vars:1'056 one_side_vars:44 simple_definition:849 singleton_clauses:0
%% [SAT presolve] [0.000307752s] clauses:2'893 literals:6'952 vars:1'056 one_side_vars:44 simple_definition:849 singleton_clauses:0
%%   2.07e-04s  0.00e+00d  [DetectDuplicateConstraintsWithDifferentEnforcements] 
%%   1.68e-02s  4.36e-03d  [Probe] #probed=3'916 #new_bounds=1 #new_binary_clauses=172 
%%   1.66e-03s  1.18e-03d  [MaxClique] 
%%   8.03e-04s  0.00e+00d  [DetectDominanceRelations] 
%%   3.88e-03s  0.00e+00d  [PresolveToFixPoint] #num_loops=2 #num_dual_strengthening=1 
%%   8.60e-04s  0.00e+00d  [ProcessAtMostOneAndLinear] 
%%   1.54e-04s  0.00e+00d  [DetectDuplicateConstraints] 
%%   1.34e-04s  0.00e+00d  [DetectDuplicateConstraintsWithDifferentEnforcements] 
%%   1.48e-04s  5.60e-06d  [DetectDominatedLinearConstraints] #relevant_constraints=238 
%%   8.80e-05s  0.00e+00d  [DetectDifferentVariables] 
%%   9.85e-04s  5.14e-05d  [ProcessSetPPC] #relevant_constraints=3'161 #num_inclusions=1'669 
%%   7.69e-04s  7.81e-05d  [TransformClausesToExactlyOne] #num_amos=1'800 #num_clauses=1'129 #num_checked=1'129 
%%   3.31e-04s  0.00e+00d  [DetectEncodedComplexDomains] 
%%   9.20e-05s  3.22e-06d  [FindAlmostIdenticalLinearConstraints] #num_tested_pairs=51 
%%   7.12e-04s  2.57e-04d  [FindBigAtMostOneAndLinearOverlap] 
%%   3.09e-04s  1.72e-04d  [FindBigVerticalLinearOverlap] 
%%   9.26e-05s  8.94e-06d  [FindBigHorizontalLinearOverlap] #linears=235 
%%   3.90e-04s  1.71e-05d  [MergeClauses] #num_collisions=66 #num_merges=66 #num_saved_literals=132 
%%   8.13e-04s  0.00e+00d  [DetectDominanceRelations] 
%%   3.37e-03s  0.00e+00d  [PresolveToFixPoint] #num_loops=1 #num_dual_strengthening=1 
%%   3.53e-05s  0.00e+00d  [MergeNoOverlap] 
%%   3.45e-05s  0.00e+00d  [MergeNoOverlap2D] 
%%   1.69e-04s  0.00e+00d  [ExpandObjective] #entries=214 #tight_variables=50 #tight_constraints=26 
%% Presolve summary:
%%   - 674 affine relations were detected.
%%   - rule 'TODO dual: only one blocking constraint?' was applied 8'018 times.
%%   - rule 'TODO dual: only one unspecified blocking constraint?' was applied 11 times.
%%   - rule 'TODO dual: tighten at most one' was applied 20 times.
%%   - rule 'TODO linear1: appear in only one extra 2-var constraint' was applied 27 times.
%%   - rule 'TODO linear2: convert implied ax + by == cte to clauses for large domains' was applied 576 times.
%%   - rule 'affine: new relation' was applied 674 times.
%%   - rule 'at_most_one: empty or all false' was applied 2 times.
%%   - rule 'at_most_one: removed literals' was applied 66 times.
%%   - rule 'at_most_one: satisfied' was applied 67 times.
%%   - rule 'at_most_one: size one' was applied 64 times.
%%   - rule 'at_most_one: transformed into max clique' was applied 2 times.
%%   - rule 'bool_and: fixed literals' was applied 1 time.
%%   - rule 'bool_and: non-reified' was applied 4 times.
%%   - rule 'bool_and: x => x' was applied 466 times.
%%   - rule 'bool_or: always true' was applied 85 times.
%%   - rule 'bool_or: implications' was applied 284 times.
%%   - rule 'bool_or: only one literal' was applied 250 times.
%%   - rule 'bool_or: removed enforcement literal' was applied 46 times.
%%   - rule 'deductions: 997 stored' was applied 1 time.
%%   - rule 'dual: enforced equivalence' was applied 301 times.
%%   - rule 'dual: make encoding equiv' was applied 20 times.
%%   - rule 'duplicate: removed constraint' was applied 10 times.
%%   - rule 'duplicate: removed enforced constraint' was applied 4 times.
%%   - rule 'enforcement: always false' was applied 4 times.
%%   - rule 'enforcement: false literal' was applied 10 times.
%%   - rule 'enforcement: true literal' was applied 256 times.
%%   - rule 'int_div: single variable' was applied 2 times.
%%   - rule 'int_prod: boolean affine term' was applied 30 times.
%%   - rule 'lin_max: propagate domain from abs(x) to x' was applied 10 times.
%%   - rule 'lin_max: rewrite with precedences' was applied 1 time.
%%   - rule 'lin_max: unused abs target' was applied 10 times.
%%   - rule 'linear matrix: common vertical rectangle' was applied 1 time.
%%   - rule 'linear1: transformed to implication' was applied 8 times.
%%   - rule 'linear2: convert implied ax + by == cte to clauses' was applied 10 times.
%%   - rule 'linear2: implied ax + by = cte has only one solution' was applied 1 time.
%%   - rule 'linear: always true' was applied 287 times.
%%   - rule 'linear: divide by GCD' was applied 821 times.
%%   - rule 'linear: empty' was applied 82 times.
%%   - rule 'linear: enforcement literal in expression' was applied 74 times.
%%   - rule 'linear: fixed or dup variables' was applied 177 times.
%%   - rule 'linear: negative clause' was applied 1 time.
%%   - rule 'linear: not satisfied after GCD' was applied 250 times.
%%   - rule 'linear: positive clause' was applied 10 times.
%%   - rule 'linear: reduced variable domains' was applied 81 times.
%%   - rule 'linear: remapped using affine relations' was applied 1'319 times.
%%   - rule 'linear: simplified rhs' was applied 16 times.
%%   - rule 'linear: singleton column' was applied 200 times.
%%   - rule 'linear: small Boolean expression' was applied 3 times.
%%   - rule 'linear: variable substitution 1' was applied 5 times.
%%   - rule 'new_bool: integer encoding' was applied 39 times.
%%   - rule 'new_bool: var with 2 values' was applied 7 times.
%%   - rule 'presolve: 328 unused variables removed.' was applied 1 time.
%%   - rule 'presolve: iteration' was applied 3 times.
%%   - rule 'probing: bool_or reduced to implication' was applied 94 times.
%%   - rule 'probing: simplified clauses' was applied 1 time.
%%   - rule 'setppc: bool_or in at_most_one' was applied 4 times.
%%   - rule 'setppc: removed dominated constraints' was applied 3 times.
%%   - rule 'variables with 2 values: create encoding literal' was applied 7 times.
%%   - rule 'variables with 2 values: new affine relation' was applied 22 times.
%%   - rule 'variables with 2 values: register other encoding' was applied 12 times.
%%   - rule 'variables: add encoding constraint' was applied 37 times.
%%   - rule 'variables: both boolean and its negation fix the same variable' was applied 16 times.
%%   - rule 'variables: canonicalize affine domain' was applied 1 time.
%%   - rule 'variables: detect fully reified value encoding' was applied 30 times.
%%   - rule 'variables: detect half reified value encoding' was applied 403 times.
%%   - rule 'variables: detected fully encoded domain' was applied 4 times.
%%   - rule 'variables: promoted bool_or to exactly_one for fully encoded domain' was applied 1 time.
%% Presolved optimization model 'mznfilesd9EFM': (model_fingerprint: 0x65ca15bcd2be90a2)
%% Search strategy: on 97 variables, CHOOSE_FIRST, SELECT_MAX_VALUE
%% #Variables: 1'251 (#ints: 1 in objective) (1'216 primary variables)
%%   - 1'070 Booleans in [0,1]
%%   - 5 in [0][4,12]
%%   - 10 in [0][4,14]
%%   - 5 in [0][4,18]
%%   - 5 in [0][4,19]
%%   - 5 in [0][4,22]
%%   - 6 in [0][5,10]
%%   - 5 in [0][5,28]
%%   - 1 in [0][7,11]
%%   - 1 in [0][7,17]
%%   - 3 in [0][7,35]
%%   - 5 in [0][9,46]
%%   - 5 in [0][10,54]
%%   - 5 in [0][12,60]
%%   - 5 in [0][13,67]
%%   - 5 in [0][20,100]
%%   - 5 in [0][24,122]
%%   - 5 in [0][29,145]
%%   - 5 in [0][33,167]
%%   - 5 in [0][34,170]
%%   - 5 in [0][60,300]
%%   - 1 in [0,1][4]
%%   - 4 in [0,2]
%%   - 3 in [0,3]
%%   - 22 in [0,4]
%%   - 13 in [0,5]
%%   - 5 in [0,14]
%%   - 1 in [0,136]
%%   - 1 in [0,1379]
%%   - 3 in [1,3]
%%   - 2 in [1,4]
%%   - 13 in [1,5]
%%   - 2 in [4][7][14]
%%   - 1 in [4,9][18]
%%   - 1 in [4,9][19]
%%   - 1 in [4,11][22]
%%   - 1 in [5,14][28]
%%   - 1 in [7,17][35]
%%   - 1 in [9,23][46]
%%   - 1 in [10,27][54]
%%   - 1 in [12,30][60]
%%   - 1 in [13,33][67]
%%   - 1 in [20,50][100]
%%   - 1 in [24,61][122]
%%   - 1 in [29,72][145]
%%   - 1 in [33,83][167]
%%   - 1 in [34,85][170]
%%   - 1 in [60,150][300]
%% #kAtMostOne: 37 (#literals: 119)
%% #kBoolAnd: 129 (#enforced: 129) (#literals: 1'892)
%% #kBoolAndClauses: 66 (#enforced: 66 #multi: 66) (#literals: 264)
%% #kBoolOr: 997 (#literals: 3'028)
%% #kExactlyOne: 5 (#literals: 15)
%% #kIntDiv: 18
%% #kLinear1: 232 (#enforced: 232)
%% #kLinear2: 136 (#enforced: 136)
%% #kLinear3: 1
%% #kLinearN: 237 (#terms: 1'795)
%% Preloading model.
%% #Bound   0.19s best:-inf  next:[-0,136]   initial_domain
%% #Model   0.19s var:1251/1251 constraints:1858/1858
%% Starting search at 0.19s with 14 workers.
%% 10 full problem subsolvers: [default_lp, fixed, lb_tree_search, max_lp, no_lp, probing, pseudo_costs, quick_restart, quick_restart_no_lp, reduced_costs]
%% 4 first solution subsolvers: [fj(2), fs_random, fs_random_no_lp]
%% 10 interleaved subsolvers: [feasibility_pump, graph_arc_lns, graph_cst_lns, graph_dec_lns, graph_var_lns, ls, ls_lin, rins/rens, rnd_cst_lns, rnd_var_lns]
%% 3 helper subsolvers: [neighborhood_helper, synchronization_agent, update_gap_integral]
%% #Bound   0.21s best:-inf  next:[-0,123]   no_lp (initial_propagation)
%% #Bound   0.22s best:-inf  next:[-0,121]   default_lp
%% #Bound   0.23s best:-inf  next:[-0,120]   reduced_costs
%% #Bound   0.23s best:-inf  next:[-0,115]   fs_random
%% #Bound   0.25s best:-inf  next:[-0,113]   fs_random
%% #Bound   0.25s best:-inf  next:[-0,112]   probing
%% #Bound   0.26s best:-inf  next:[-0,111]   reduced_costs
%% #Bound   0.27s best:-inf  next:[-0,110]   reduced_costs
%% #1       0.27s best:-0    next:[1,110]    quick_restart_no_lp
%% #2       0.27s best:20    next:[21,110]   rnd_var_lns (d=5.00e-01 s=15 t=0.10 p=0.00 stall=0 h=base) [hint]
%% #Bound   0.29s best:20    next:[21,109]   reduced_costs
%% #Bound   0.30s best:20    next:[21,108]   reduced_costs
%% #3       0.30s best:25    next:[26,108]   quick_restart_no_lp
%% #4       0.32s best:26    next:[27,108]   quick_restart_no_lp
%% #5       0.32s best:31    next:[32,108]   quick_restart_no_lp
%% #Bound   0.33s best:31    next:[32,107]   reduced_costs
%% #Bound   0.34s best:31    next:[32,106]   reduced_costs
%% #Bound   0.34s best:31    next:[32,105]   reduced_costs
%% #Bound   0.34s best:31    next:[32,104]   reduced_costs
%% #6       0.34s best:36    next:[37,104]   quick_restart_no_lp
%% #Bound   0.35s best:36    next:[37,103]   reduced_costs
%% #7       0.36s best:47    next:[48,103]   quick_restart_no_lp
%% #Bound   0.39s best:47    next:[48,102]   reduced_costs
%% #Bound   0.40s best:47    next:[48,101]   reduced_costs
%% #8       0.50s best:48    next:[49,101]   graph_var_lns (d=9.14e-01 s=52 t=0.10 p=1.00 stall=4 h=base)
%% #Bound   0.52s best:48    next:[49,100]   reduced_costs
%% #9       0.53s best:62    next:[63,100]   quick_restart_no_lp
%% #Bound   0.57s best:62    next:[63,99]    reduced_costs
%% #Bound   0.70s best:62    next:[63,98]    reduced_costs
%% #10      0.79s best:67    next:[68,98]    graph_var_lns (d=9.56e-01 s=69 t=0.10 p=1.00 stall=1 h=base)
%% #11      0.96s best:69    next:[70,98]    rnd_cst_lns (d=9.56e-01 s=68 t=0.10 p=1.00 stall=5 h=base)
%% #Bound   0.98s best:69    next:[70,97]    reduced_costs
%% #12      1.15s best:70    next:[71,97]    graph_dec_lns (d=9.67e-01 s=84 t=0.10 p=1.00 stall=7 h=base)
%% #13      1.45s best:71    next:[72,95]    graph_dec_lns (d=9.76e-01 s=94 t=0.10 p=1.00 stall=0 h=base)
%% #14      1.79s best:72    next:[73,94]    graph_arc_lns (d=9.66e-01 s=101 t=0.10 p=0.89 stall=1 h=base)
%% #15      1.80s best:77    next:[78,94]    quick_restart_no_lp
%% #16      1.81s best:78    next:[79,94]    quick_restart_no_lp
%% #Model   1.87s var:1248/1251 constraints:1847/1858
%% #Model   1.95s var:1237/1251 constraints:1826/1858
%% #Bound   1.46s best:71    next:[72,94]    lb_tree_search [skipped_logs=2]
%% #17      2.07s best:84    next:[85,94]    rnd_var_lns (d=9.76e-01 s=107 t=0.10 p=0.90 stall=9 h=base)
%% #Model   2.22s var:1236/1251 constraints:1822/1858
%% #18      2.43s best:85    next:[86,92]    rins_lp_lns (d=9.67e-01 s=115 t=0.10 p=0.89 stall=0 h=base)
%% #Model   2.65s var:1235/1251 constraints:1818/1858
%% #Model   2.77s var:1234/1251 constraints:1814/1858
%% #Bound   2.63s best:85    next:[86,90]    quick_restart [skipped_logs=3]
%% #Model   3.18s var:1233/1251 constraints:1810/1858
%% #Bound   3.54s best:85    next:[86,89]    reduced_costs [skipped_logs=0]
%% #Model   4.83s var:1228/1251 constraints:1805/1858
%% #Model   4.90s var:1226/1251 constraints:1800/1858
%% #Bound   4.95s best:85    next:[86,87]    quick_restart [skipped_logs=0]
%% #Model   5.00s var:1123/1251 constraints:1652/1858
%% #Done    5.02s no_lp
%% #Done    5.02s reduced_costs
%% Task timing                      n [     min,      max]      avg      dev     time         n [     min,      max]      avg      dev    dtime
%%            'default_lp':         1 [   4.83s,    4.83s]    4.83s   0.00ns    4.83s         2 [  4.75ms,    1.72s] 861.03ms 856.28ms    1.72s
%%      'feasibility_pump':        20 [872.87us,  11.68ms]   2.01ms   2.52ms  40.22ms        19 [ 91.90us,   4.18ms] 316.91us 911.15us   6.02ms
%%                 'fixed':         1 [   4.83s,    4.83s]    4.83s   0.00ns    4.83s         2 [  4.74ms,    1.53s] 766.98ms 762.24ms    1.53s
%%                    'fj':         1 [185.83ms, 185.83ms] 185.83ms   0.00ns 185.83ms         1 [100.02ms, 100.02ms] 100.02ms   0.00ns 100.02ms
%%                    'fj':         1 [215.72ms, 215.72ms] 215.72ms   0.00ns 215.72ms         1 [101.44ms, 101.44ms] 101.44ms   0.00ns 101.44ms
%%             'fs_random':         1 [ 75.40ms,  75.40ms]  75.40ms   0.00ns  75.40ms         2 [  4.74ms,  14.19ms]   9.47ms   4.72ms  18.93ms
%%       'fs_random_no_lp':         1 [ 74.94ms,  74.94ms]  74.94ms   0.00ns  74.94ms         1 [ 28.02ms,  28.02ms]  28.02ms   0.00ns  28.02ms
%%         'graph_arc_lns':        20 [  1.99ms, 271.56ms] 105.87ms  97.43ms    2.12s        15 [ 24.57us, 100.09ms]  53.34ms  42.16ms 800.04ms
%%         'graph_cst_lns':        19 [  2.00ms, 327.67ms] 112.89ms  99.74ms    2.14s        14 [318.87us, 100.06ms]  55.69ms  39.04ms 779.69ms
%%         'graph_dec_lns':        20 [  3.43ms, 275.21ms] 113.69ms  92.00ms    2.27s        16 [  9.08us, 100.05ms]  49.27ms  36.34ms 788.34ms
%%         'graph_var_lns':        19 [  4.31ms, 191.75ms] 103.62ms  69.76ms    1.97s        18 [ 10.00ns, 100.14ms]  51.72ms  40.15ms 931.02ms
%%        'lb_tree_search':         1 [   4.84s,    4.84s]    4.84s   0.00ns    4.84s         2 [198.06ms,    3.75s]    1.97s    1.78s    3.95s
%%                    'ls':        11 [158.43ms, 197.10ms] 177.58ms  12.23ms    1.95s        11 [100.00ms, 123.75ms] 102.24ms   6.81ms    1.12s
%%                'ls_lin':        11 [137.72ms, 190.53ms] 177.03ms  14.42ms    1.95s        11 [100.00ms, 101.03ms] 100.10ms 294.04us    1.10s
%%                'max_lp':         1 [   4.84s,    4.84s]    4.84s   0.00ns    4.84s         2 [180.24ms,    3.34s]    1.76s    1.58s    3.52s
%%                 'no_lp':         1 [   4.82s,    4.82s]    4.82s   0.00ns    4.82s         2 [  4.69ms,    3.52s]    1.76s    1.76s    3.53s
%%               'probing':         1 [   4.84s,    4.84s]    4.84s   0.00ns    4.84s         2 [  4.75ms,    1.47s] 737.76ms 733.02ms    1.48s
%%          'pseudo_costs':         1 [   4.83s,    4.83s]    4.83s   0.00ns    4.83s         2 [  4.78ms,    1.85s] 925.57ms 920.79ms    1.85s
%%         'quick_restart':         1 [   4.83s,    4.83s]    4.83s   0.00ns    4.83s         2 [  4.74ms,    2.12s]    1.06s    1.06s    2.12s
%%   'quick_restart_no_lp':         1 [   4.83s,    4.83s]    4.83s   0.00ns    4.83s         2 [  4.69ms,    3.46s]    1.73s    1.73s    3.46s
%%         'reduced_costs':         1 [   4.83s,    4.83s]    4.83s   0.00ns    4.83s         2 [  4.78ms,    1.45s] 725.77ms 720.98ms    1.45s
%%             'rins/rens':        18 [216.24us, 337.64ms] 117.46ms 110.55ms    2.11s        14 [  6.38us, 100.05ms]  50.70ms  41.81ms 709.79ms
%%           'rnd_cst_lns':        20 [  2.92ms, 378.27ms] 110.83ms 113.35ms    2.22s        16 [ 10.00ns, 100.06ms]  44.09ms  40.73ms 705.39ms
%%           'rnd_var_lns':        19 [  1.76ms, 260.34ms] 102.11ms  97.37ms    1.94s        15 [ 10.00ns, 100.12ms]  43.84ms  39.80ms 657.56ms
%% 
%% Search stats              Bools  Conflicts  Branches  Restarts  BacktrackToRoot  Backtrack  BoolPropag  IntegerPropag
%%            'default_lp':  1'209      4'074    57'852         7           24'673     36'877   1'330'576      1'353'719
%%                 'fixed':  1'209      7'167    10'397         0            2'418      9'497   1'838'231      1'068'872
%%             'fs_random':  1'209          2     7'186         0            4'711      5'869      54'817         70'770
%%       'fs_random_no_lp':  1'209        206     9'613         4            5'647      7'033     117'460        134'946
%%        'lb_tree_search':  1'209          0    22'252         0           11'983     15'565     201'684        241'228
%%                'max_lp':  1'258        313    21'442         3           10'949     14'699     337'556        386'874
%%                 'no_lp':  1'210     45'123   149'189        52           24'030     76'671  10'814'292      6'447'870
%%               'probing':  1'274          0     2'644         0            2'644      2'644      19'631         25'786
%%          'pseudo_costs':  1'233      2'189    68'691        10           30'815     43'764   1'140'361      1'153'662
%%         'quick_restart':  1'272        338   149'680        29           72'026     99'318   1'677'295      1'977'148
%%   'quick_restart_no_lp':  1'689     25'104   195'594     2'213           35'010     70'630  10'060'904      7'245'412
%%         'reduced_costs':  1'261        971   105'493        15           50'604     69'879   1'303'283      1'556'063
%% 
%% SAT formula               Fixed  Equiv  Total  VarLeft  BinaryClauses  PermanentClauses  TemporaryClauses
%%            'default_lp':     19    213  1'209      977          4'452               883             1'305
%%                 'fixed':      0    124  1'209    1'085          4'276             1'168             5'241
%%             'fs_random':      0    124  1'209    1'085          4'276             1'138                 0
%%       'fs_random_no_lp':      0    124  1'209    1'085          4'276             1'156               169
%%        'lb_tree_search':      0    124  1'209    1'085          4'312             1'134                 0
%%                'max_lp':     55    248  1'258      955          4'592             1'108               110
%%                 'no_lp':    509    209  1'210      492          4'914             6'517             6'236
%%               'probing':     58    124  1'274    1'092          5'650             1'149                 0
%%          'pseudo_costs':     19    217  1'233      997          4'466             1'132             1'307
%%         'quick_restart':     80    267  1'272      925          4'418             1'095                94
%%   'quick_restart_no_lp':    454    404  1'689      831          7'126             3'315             5'772
%%         'reduced_costs':     47    234  1'261      980          4'584             1'054               111
%% 
%% SAT stats                 ClassicMinim  LitRemoved  LitRemovedBinary  LitLearned  LitForgotten  Subsumed
%%            'default_lp':         3'294      44'785             9'396     100'206             0       877
%%                 'fixed':         6'267     130'702            20'362     213'564             0     1'817
%%             'fs_random':             0           0                 0           3             0         0
%%       'fs_random_no_lp':           141       1'632               609       5'448             0        18
%%        'lb_tree_search':             0           0                 0           0             0         0
%%                'max_lp':           224       1'133               483       3'983             0        91
%%                 'no_lp':        38'249     324'725            51'395     817'414       268'190    11'602
%%               'probing':             0           0                 0           0             0         0
%%          'pseudo_costs':         1'863      12'258             1'732      35'191             0       532
%%         'quick_restart':           199       1'078               450       5'400             0        28
%%   'quick_restart_no_lp':        18'565     141'960            32'726     480'245       152'881     3'165
%%         'reduced_costs':           599       1'747               493       6'786             0       328
%% 
%% Vivification              Clauses  Decisions  LitTrue  Subsumed  LitRemoved  DecisionReused  Conflicts
%%            'default_lp':   16'405     35'443        0        98       1'045           2'039         14
%%                 'fixed':        0          0        0         0           0               0          0
%%             'fs_random':    1'317      2'590        0        12          36             109          0
%%       'fs_random_no_lp':    2'309      4'509        0        11          37             215          0
%%        'lb_tree_search':    6'820     13'213        0        15          58             595          0
%%                'max_lp':    6'217     12'501        0        66         295             525          3
%%                 'no_lp':   20'472     81'825        0       879      10'678          10'791        106
%%               'probing':        0          0        0         0           0               0          0
%%          'pseudo_costs':   20'840     44'406        0        58         470           2'840          4
%%         'quick_restart':   49'881     97'490        1        26         159           4'536          3
%%   'quick_restart_no_lp':   25'307     77'285        7       874       6'541           5'996        102
%%         'reduced_costs':   34'699     68'539       13        59         384           3'338          8
%% 
%% Clause deletion           at_true  l_and_not(l)  to_binary  sub_conflict  sub_extra  sub_decisions  sub_eager  sub_vivify  sub_probing  sub_inpro  blocked  eliminated  forgotten  promoted  conflicts
%%            'default_lp':      331           349          5           848         26             45         29          98          100        919        0           0          0     9'196      4'074
%%                 'fixed':        0             0          0         1'776         27             63         41           0            0          0        0           0          0    25'608      7'167
%%             'fs_random':        0             0          0             0          0              1          0          12            0          0        0           0          0         0          2
%%       'fs_random_no_lp':        0             0          0            18          1              0          0          11            0          0        0           0          0       378        206
%%        'lb_tree_search':        0             0          0             0          0              0          0          15            0          0        0           0          0         0          0
%%                'max_lp':       43           146         10            86          1              1          5          66          103         19        0           0          0       477        313
%%                 'no_lp':    4'767         1'354         28        11'147        529            206        455         879          525      2'061        0           0     11'380    97'640     45'123
%%               'probing':        0             0          0             0          0              0          0           0            0          0        0           0          0         0          0
%%          'pseudo_costs':       92           105          6           517          6              3         15          58           38         43        0           0          0     4'497      2'189
%%         'quick_restart':      139            92         81            25          0              1          3          26           27         60        0           0          0       503        338
%%   'quick_restart_no_lp':    3'366           352         15         3'001        174             52        164         874          775        971        0           0      7'148    49'582     25'104
%%         'reduced_costs':      242            57         45           303         11             16         25          59           44         35        0           0          0       821        971
%% 
%% Lp stats             Component  Iterations  AddedCuts  OPTIMAL  DUAL_F.  DUAL_U.
%%       'default_lp':          1      80'490      1'156    6'214        1      620
%%            'fixed':          1     109'470        264   10'133        1       90
%%        'fs_random':          1         549        254       12        0        0
%%   'lb_tree_search':          1      30'276      1'282       64       45        0
%%           'max_lp':          1      29'343      1'329      142      512       21
%%          'probing':          1      10'495      2'352      332        1        0
%%     'pseudo_costs':          1      35'339      4'761       43    2'990       21
%%    'quick_restart':          1      36'162      2'679    1'859        1      118
%%    'reduced_costs':          1      23'125     12'091       59    1'558       40
%% 
%% Lp dimension             Final dimension of first component
%%       'default_lp':     372 rows, 428 columns, 2662 entries
%%            'fixed':      137 rows, 428 columns, 833 entries
%%        'fs_random':      207 rows, 428 columns, 940 entries
%%   'lb_tree_search':  4441 rows, 1251 columns, 11966 entries
%%           'max_lp':   2800 rows, 1251 columns, 7392 entries
%%          'probing':    762 rows, 428 columns, 22384 entries
%%     'pseudo_costs':   1399 rows, 1251 columns, 4516 entries
%%    'quick_restart':     522 rows, 428 columns, 8691 entries
%%    'reduced_costs':   1534 rows, 1251 columns, 5335 entries
%% 
%% Lp debug             CutPropag  CutEqPropag  Adjust  Overflow     Bad  BadScaling
%%       'default_lp':          0            0   2'003         0   4'777           0
%%            'fixed':          0            0   2'321         0       0           0
%%        'fs_random':          0            0       4         0     370           0
%%   'lb_tree_search':          0            0      26         0   9'725           0
%%           'max_lp':          0            0      59         0   2'940           0
%%          'probing':          0           35      46         0  42'937           0
%%     'pseudo_costs':          0            0   1'619         0  14'212           0
%%    'quick_restart':          0           16     367         0  16'885           0
%%    'reduced_costs':          0           13      40         0  27'410           0
%% 
%% Lp pool              Constraints  Updates  Simplif  Merged  Shortened  Split  Strengthened      Cuts/Call
%%       'default_lp':        1'306      147    1'562       0        393    106           556    1'156/3'134
%%            'fixed':          414        0        0       0          0      0             0      264/2'114
%%        'fs_random':          404        8        0       0          0      5             0        254/333
%%   'lb_tree_search':        4'945      523       96       8          0    110            63    1'282/1'901
%%           'max_lp':        4'992       74      525       8        340      0           157    1'329/1'769
%%          'probing':        2'498    1'106    1'988       4      1'717    154           872    2'352/4'091
%%     'pseudo_costs':        8'419      225    4'322      13      1'483    158         3'641    4'761/9'035
%%    'quick_restart':        2'828    1'055   10'399       1      1'763  2'616         3'007    2'679/4'326
%%    'reduced_costs':       13'686      543   41'577      76      2'091    537        31'332  12'091/24'263
%% 
%% Lp Cut            fs_random  default_lp  fixed  quick_restart  reduced_costs  pseudo_costs  max_lp  lb_tree_search  probing
%%           CG_FF:          6          38      -             58            129            65       5              19       71
%%            CG_K:          3          24      -             39             66            37       3               -       53
%%           CG_KL:          -           1      -              1              3             3       -               -        -
%%            CG_R:          2          34      -             80             31            23       1              12      136
%%           CG_RB:          9          53      -            333            186            53       9              22      444
%%          CG_RBP:          3           7      -             42             54             9       2               3      138
%%          Clique:          -           -      -              -             47            30      10               -        -
%%              IB:        167         333    264            344          1'296           990     967             717      267
%%        MIR_1_FF:          2          41      -             88            690           254      53              73       61
%%         MIR_1_K:          1           6      -             49            391            90       -               1       14
%%        MIR_1_KL:          -           -      -              7            160            18       -               -        -
%%         MIR_1_R:          -           5      -             33            441            82       1               -       10
%%        MIR_1_RB:          1          15      -             85            295           100      18               1       34
%%       MIR_1_RBP:          1           4      -             65            102            27       -               1       15
%%       MIR_1_RLT:          -           -      -              -          1'184           610      72              73        -
%%        MIR_2_FF:          8          45      -            102            616           164      16              18       56
%%         MIR_2_K:          6          41      -             93            447            97       1               2       45
%%        MIR_2_KL:          -           -      -              5             96             5       -               -        1
%%         MIR_2_R:          1          25      -             77            616           104       3               3        9
%%        MIR_2_RB:          5          51      -            186            465           150      13               7       56
%%       MIR_2_RBP:          9          63      -            165            376           117       7               3       57
%%        MIR_3_FF:          4          27      -             43            289            89       8              14       19
%%         MIR_3_K:          2          22      -             31            223            68       3               -       17
%%        MIR_3_KL:          -           -      -              -             39             3       -               -        -
%%         MIR_3_R:          -          15      -             23            300            78       5               1        3
%%        MIR_3_RB:          1          34      -             88            241           101       8               3       40
%%       MIR_3_RBP:          3          39      -             49            164            76       7               -       29
%%        MIR_4_FF:          2           7      -             15            141            42       3               3       11
%%         MIR_4_K:          -           5      -             10             98            36       2               1        6
%%        MIR_4_KL:          -           -      -              1              9             1       -               -        -
%%         MIR_4_R:          -           5      -              9            143            41       -               2        7
%%        MIR_4_RB:          -          20      -             60            117            52       -               1       35
%%       MIR_4_RBP:          2          15      -             24             93            45       1               1       11
%%        MIR_5_FF:          1           5      -             11             69            26       -               6       10
%%         MIR_5_K:          -           3      -              4             45            15       -               -        3
%%        MIR_5_KL:          -           1      -              -              5             1       -               -        -
%%         MIR_5_R:          -           3      -              3             73            24       -               3        5
%%        MIR_5_RB:          1          13      -             35             75            38       1               1       25
%%       MIR_5_RBP:          1          12      -             13             60            27       4               2        7
%%        MIR_6_FF:          -           -      -              2             34            18       1               3        6
%%         MIR_6_K:          -           1      -              5             24             8       -               1        -
%%        MIR_6_KL:          -           -      -              -              2             2       -               -        -
%%         MIR_6_R:          -           2      -              3             36            23       1               1        3
%%        MIR_6_RB:          -           8      -             23             39            15       1               1       15
%%       MIR_6_RBP:          -           5      -              3             33            17       1               1        2
%%    ZERO_HALF_FF:          6          39      -             59            273           125       8              44       58
%%     ZERO_HALF_K:          -           7      -             20            263            79       -               -       18
%%    ZERO_HALF_KL:          -           -      -              1             69            40       -               -        2
%%     ZERO_HALF_R:          5          67      -            223          1'022           478      83             177      509
%%    ZERO_HALF_RB:          2          12      -             55            342           136      10              60       33
%%   ZERO_HALF_RBP:          -           3      -             14             79            29       1               1       11
%% 
%% LNS stats           Improv/Calls  Closed  Difficulty  TimeLimit
%%   'graph_arc_lns':          3/20     75%    9.81e-01       0.10
%%   'graph_cst_lns':          1/19     79%    9.88e-01       0.10
%%   'graph_dec_lns':          2/20     75%    9.86e-01       0.10
%%   'graph_var_lns':          3/19     68%    9.66e-01       0.10
%%       'rins/rens':          2/16     69%    9.61e-01       0.10
%%     'rnd_cst_lns':          3/20     75%    9.84e-01       0.10
%%     'rnd_var_lns':          2/19     79%    9.88e-01       0.10
%% 
%% LS stats                                    Batches  Restarts/Perturbs  LinMoves  GenMoves  CompoundMoves  Bactracks  WeightUpdates  ScoreComputed
%%                              'fj_restart':        1                  1     1'550    48'071              0          0          9'610        681'263
%%   'fj_restart_decay_compound_perturb_obj':        1                  1         0    40'783          3'581     18'600             46        437'580
%%                          'ls_lin_restart':        2                  2   125'150         0              0          0         29'364        784'724
%%         'ls_lin_restart_compound_perturb':        1                  1         0    59'383          1'579     28'900             83        436'320
%%           'ls_lin_restart_decay_compound':        3                  3         0   168'948         17'417     75'748            130      1'466'146
%%   'ls_lin_restart_decay_compound_perturb':        3                  3         0   170'544         16'185     77'167            130      1'405'344
%%            'ls_lin_restart_decay_perturb':        1                  1    71'997         0              0          0          1'094        261'306
%%                  'ls_lin_restart_perturb':        1                  1       793    42'467              0          0          9'000        689'594
%%                              'ls_restart':        3                  3   111'552    50'925              0          0         34'901      1'700'777
%%             'ls_restart_compound_perturb':        3                  3         0   196'320          6'612     94'841            248      1'309'459
%%                        'ls_restart_decay':        1                  1       535    64'254              0          0            964        371'931
%%               'ls_restart_decay_compound':        1                  1         0    58'131          5'769     26'180             46        470'397
%%                'ls_restart_decay_perturb':        3                  3   206'042         0              0          0          3'259        810'423
%% 
%% Solutions (18)            Num     Rank
%%         'graph_arc_lns':    2  [13,14]
%%         'graph_dec_lns':    4  [11,13]
%%         'graph_var_lns':    4   [7,10]
%%   'quick_restart_no_lp':   18   [0,16]
%%           'rins_lp_lns':    2  [17,18]
%%           'rnd_cst_lns':    2  [10,11]
%%           'rnd_var_lns':    4   [1,17]
%% 
%% Objective bounds     Num
%%       'default_lp':    1
%%        'fs_random':    2
%%   'initial_domain':    1
%%   'lb_tree_search':    3
%%            'no_lp':    1
%%          'probing':    1
%%    'quick_restart':    4
%%    'reduced_costs':   18
%% 
%% Solution repositories    Added  Queried  Synchro
%%     'alternative_path':      1        0        1
%%       'best_solutions':     34      172       31
%%    'fj solution hints':      0        0        0
%%         'lp solutions':     50       18       43
%%                 'pump':      0        0
%% 
%% Improving bounds shared    Num  Sym
%%             'default_lp':    2    0
%%              'fs_random':    1    0
%%        'fs_random_no_lp':    1    0
%%         'lb_tree_search':    3    0
%%                 'max_lp':    2    0
%%                  'no_lp':  253    0
%%                'probing':    1    0
%%           'pseudo_costs':    2    0
%%          'quick_restart':   63    0
%%    'quick_restart_no_lp':  162    0
%%          'reduced_costs':   27    0
%% 
%% Clauses shared            #Exported  #Imported  #BinaryRead  #BinaryTotal
%%            'default_lp':         13          0          439           834
%%                 'fixed':          0          0            0           834
%%             'fs_random':          0          0            0           834
%%       'fs_random_no_lp':          0          0            0           834
%%        'lb_tree_search':          7          0           29           834
%%                'max_lp':        151        285          616           834
%%                 'no_lp':        392        200          793           834
%%               'probing':          1          0          587           834
%%          'pseudo_costs':         27          0          376           834
%%         'quick_restart':        254        282          625           834
%%   'quick_restart_no_lp':        417         60          793           834
%%         'reduced_costs':        204          0          585           834
%% 
%% LRAT_status: NA
%% CpSolverResponse summary:
%% status: OPTIMAL
%% objective: 85
%% best_bound: 85
%% integers: 1139
%% booleans: 1209
%% conflicts: 206
%% branches: 9613
%% propagations: 117460
%% integer_propagations: 134946
%% restarts: 4
%% lp_iterations: 0
%% walltime: 5.04013
%% usertime: 5.04013
%% deterministic_time: 32.4818
%% gap_integral: 21.1942
%% solution_fingerprint: 0xc2bcdceeffd032d4
%% 
x = [{Vaccine(5)}, {Vaccine(3), Vaccine(4), Vaccine(5)}, {Vaccine(1), Vaccine(2)}, {Vaccine(1), Vaccine(2), Vaccine(4)}, {Vaccine(2), Vaccine(4), Vaccine(5)}, {Vaccine(2), Vaccine(3), Vaccine(5)}, {Vaccine(3), Vaccine(4), Vaccine(5)}, {Vaccine(1), Vaccine(3), Vaccine(4)}, {Vaccine(1), Vaccine(2), Vaccine(3), Vaccine(4), Vaccine(5)}, {Vaccine(1), Vaccine(2), Vaccine(3)}, {Vaccine(1), Vaccine(4)}, {Vaccine(3), Vaccine(4), Vaccine(5)}, {Vaccine(4)}, {Vaccine(1), Vaccine(4), Vaccine(5)}, {Vaccine(2), Vaccine(3), Vaccine(5)}, {Vaccine(2), Vaccine(3), Vaccine(5)}, {Vaccine(1), Vaccine(2)}, {Vaccine(1), Vaccine(2), Vaccine(4)}, {Vaccine(1), Vaccine(2), Vaccine(3)}, {Vaccine(1), Vaccine(3), Vaccine(5)}];
[|             BABY: CHILD: YOUTH: ADULT: SENIOR: AGED: ANCIENT: 
 | Vaccine(1):    2,     0,     1,     6,      0,    0,       2
 | Vaccine(2):    1,     0,     3,     4,      0,    2,       1
 | Vaccine(3):    1,     2,     2,     3,      0,    1,       2
 | Vaccine(4):    2,     2,     1,     5,      0,    1,       0
 | Vaccine(5):    2,     2,     2,     2,      0,    2,       1
 |]
[|         Vaccine(1): Vaccine(2): Vaccine(3): Vaccine(4): Vaccine(5): 
 | FEMALE:          4,          4,          4,          4,          4
 |   MALE:          5,          5,          5,          5,          5
 |  OTHER:          2,          2,          2,          2,          2
 |]
total = [280, 283, 276, 276, 286];
information = [88, 98, 85, 85, 85];
obj = 85;
group:                1           2           3           4           5           6           7           8           9          10          11          12          13          14          15          16          17          18          19          20 
age:               BABY       CHILD       YOUTH       ADULT        AGED       YOUTH        BABY       ADULT       ADULT     ANCIENT        BABY       CHILD       YOUTH       ADULT        AGED       YOUTH        BABY       ADULT       ADULT     ANCIENT 
gender:            MALE      FEMALE       OTHER        MALE      FEMALE        MALE      FEMALE        MALE        MALE      FEMALE       OTHER       OTHER        MALE      FEMALE       OTHER        MALE      FEMALE        MALE      FEMALE        MALE 
health:            GOOD        POOR        GOOD COMPROMISED        GOOD        GOOD        POOR        GOOD COMPROMISED        GOOD        GOOD        POOR        POOR        POOR COMPROMISED        GOOD        GOOD        POOR        POOR COMPROMISED 
expose:         AVERAGE     EXTREME         LOW        HIGH         LOW        HIGH         LOW     AVERAGE     EXTREME         LOW        HIGH     AVERAGE     AVERAGE     AVERAGE     AVERAGE     EXTREME         LOW     AVERAGE     EXTREME         LOW 
Vaccine(1):           0           0           1           1           0           0           0           1           1           1           1           0           0           1           0           0           1           1           1           1 
Vaccine(2):           0           0           1           1           1           1           0           0           1           1           0           0           0           0           1           1           1           1           1           0 
Vaccine(3):           0           1           0           0           0           1           1           1           1           1           0           1           0           0           1           1           0           0           1           1 
Vaccine(4):           0           1           0           1           1           0           1           1           1           0           1           1           1           1           0           0           0           1           0           0 
Vaccine(5):           1           1           0           0           1           1           1           0           1           0           0           1           0           1           1           1           0           0           0           1 
----------
==========
   Done (overall time 5.41 s).
