# WCTIME: wall clock time in seconds
WCTIME=1800.42
# CPUTIME: CPU time in seconds (USERTIME+SYSTEMTIME)
CPUTIME=1790.33
# USERTIME: CPU time spent in user mode in seconds
USERTIME=1651.86
# SYSTEMTIME: CPU time spent in system mode in seconds
SYSTEMTIME=138.473
# CPUUSAGE: CPUTIME/WCTIME in percent
CPUUSAGE=99.44
# MAXVM: maximum virtual memory used in KiB
MAXVM=21408224
# MAXMM: maximum memory used in KiB
MAXMM=20212452
# MAXRSS: maximum Resident Segment Size in KiB
MAXRSS=20212452
# TIMEOUT: did the solver exceed the time limit?
TIMEOUT=true
# MEMOUT: did the solver exceed the memory limit?
MEMOUT=false
# EXITSTATUS: Exit status of the solver
EXITSTATUS=36608
