# WCTIME: wall clock time in seconds
WCTIME=1800.14
# CPUTIME: CPU time in seconds (USERTIME+SYSTEMTIME)
CPUTIME=1790.34
# USERTIME: CPU time spent in user mode in seconds
USERTIME=1789.52
# SYSTEMTIME: CPU time spent in system mode in seconds
SYSTEMTIME=0.815432
# CPUUSAGE: CPUTIME/WCTIME in percent
CPUUSAGE=99.4557
# MAXVM: maximum virtual memory used in KiB
MAXVM=479996
# MAXMM: maximum memory used in KiB
MAXMM=272812
# MAXRSS: maximum Resident Segment Size in KiB
MAXRSS=274732
# TIMEOUT: did the solver exceed the time limit?
TIMEOUT=true
# MEMOUT: did the solver exceed the memory limit?
MEMOUT=false
# EXITSTATUS: Exit status of the solver
EXITSTATUS=36608
