# WCTIME: wall clock time in seconds
WCTIME=496.318
# CPUTIME: CPU time in seconds (USERTIME+SYSTEMTIME)
CPUTIME=493.479
# USERTIME: CPU time spent in user mode in seconds
USERTIME=454.042
# SYSTEMTIME: CPU time spent in system mode in seconds
SYSTEMTIME=39.4377
# CPUUSAGE: CPUTIME/WCTIME in percent
CPUUSAGE=99.428
# MAXVM: maximum virtual memory used in KiB
MAXVM=13520460
# MAXMM: maximum memory used in KiB
MAXMM=12472336
# MAXRSS: maximum Resident Segment Size in KiB
MAXRSS=12472336
# TIMEOUT: did the solver exceed the time limit?
TIMEOUT=false
# MEMOUT: did the solver exceed the memory limit?
MEMOUT=false
# EXITSTATUS: Exit status of the solver
EXITSTATUS=0
