c cmd: /host-parser-bin/kat_xcsp_5362e21a /bench/competition/2022-2025/COP22to25/SameQueensKnights-b-60_c24.xml.lzma --encoder order-ge --cop-objective-cut direct-expr --order-ge-table mdd-tl --order-ge-eq-ne direct-order --order-ge-direct-eq-ne-max-arity 2 --order-ge-shorten-link-cost --no-root-lp-bound --progress --memory-guard-gib 64 --memory-guard-fallback extprop
c 00h00m00s | solve:start
c 00h00m00s | input: constraints=14402
c 00h00m00s | stage:propagate:start
c 00h00m00s | stage:propagate:done ms=33 pruned=0 changed_domains=0 entailed_tables=0
c 00h00m00s | memory:rss checkpoint=after_propagate bytes=67649536
c 00h00m00s | stage:normalize:start
c 00h00m00s | stage:normalize:done ms=0 high_constraints=14402
c 00h00m00s | stage:lower:start
c 00h00m03s | stage:lower:progress percent=10 processed=1441 total=14402 lowered=1441 unsupported=0 ms=3269
c 00h00m03s | stage:lower:progress percent=20 processed=2881 total=14402 lowered=2881 unsupported=0 ms=3275
c 00h00m03s | stage:lower:progress percent=30 processed=4321 total=14402 lowered=4321 unsupported=0 ms=3283
c 00h00m03s | stage:lower:progress percent=40 processed=5761 total=14402 lowered=5761 unsupported=0 ms=3289
c 00h00m03s | stage:lower:progress percent=50 processed=7201 total=14402 lowered=7201 unsupported=0 ms=3294
c 00h00m05s | stage:lower:progress percent=60 processed=8642 total=14402 lowered=8642 unsupported=0 ms=5846
c 00h00m08s | stage:lower:progress percent=70 processed=10082 total=14402 lowered=10082 unsupported=0 ms=8755
c 00h00m11s | stage:lower:progress percent=80 processed=11522 total=14402 lowered=11522 unsupported=0 ms=11808
c 00h00m14s | stage:lower:progress percent=90 processed=12962 total=14402 lowered=12962 unsupported=0 ms=14716
c 00h00m17s | stage:lower:progress percent=100 processed=14402 total=14402 lowered=14402 unsupported=0 ms=17246
c 00h00m17s | stage:lower:done ms=17256 lowered=14402 unsupported=0
c 00h00m17s | memory:rss checkpoint=after_lower bytes=111128576
c 00h00m17s | stage:post_lower:start
c 00h00m21s | stage:post_lower:done ms=4127 rounds=0 tightened=0 removed_cls=0 removed_lits=0 unsat=false precise_hits=5888 precise_rounds=1 pivot_recomputes=0 pivot_exact_attempts=0 pivot_general_attempts=0 pivot_general_rest_missing=0 pivot_general_bound_missing=0 pivot_general_no_change=0 pivot_general_tightened=0 setup_ms=3551 loop_ms=19 pivot_ms=0 pivot_version_ms=0 pivot_exact_ms=0 pivot_general_ms=0 pivot_general_prepare_ms=0 pivot_general_rest_ms=0 pivot_general_derive_ms=0 apply_ms=2 sat_ms=0 precise_ms=470
c 00h00m21s | memory:rss checkpoint=after_post_lower bytes=2215309312
c 00h00m21s | stage:lowered-shape int_vars=10802 bool_vars=7200 linear_atoms=28802 table_atoms=0 table_tuples=0 table_scope=0 alldiff_atoms=0 circuit_atoms=0 product_atoms=0 logical_clauses=28802
c 00h00m21s | stage:root-lp:skip reason=disabled ms=0
c 00h00m21s | memory:rss checkpoint=before_preencode bytes=2215428096
c 00h00m21s | stage:preencode(order-ge):start
c 00h00m33s | stage:preencode(order-ge):done ms=12430 int_vars=1238278
c 00h00m33s | memory:rss checkpoint=after_preencode bytes=2419122176
c 00h00m33s | memory:guard limit_bytes=68719476736 rss_bytes=2419122176 reserve_bytes=10737418240 available_bytes=55562936320 fallback=extprop
c 00h00m33s | memory:rss checkpoint=before_encode bytes=2419122176
c 00h00m33s | stage:encode(order-ge):start
c 00h02m43s | memory:rss checkpoint=encode_clause_sample stage=order-ge clauses=378704200 bytes=48013860864 progress_percent=10 processed=250536 total=2505360
c 00h02m43s | memory:guard projection=logical-progress stage=order-ge processed=250536 total=2505360 sat_clauses=378704200 progress_milli=100 start_rss_bytes=2419122176 rss_bytes=48013860864 rss_growth_bytes=45594738688 projected_rss_bytes=458366509056 threshold_bytes=57982058496 min_rss_growth_bytes=1073741824
c 00h03m07s | fallback:encoding order-ge->extprop reason=encode_rss_logical_projection_exceeded clauses=378704200 rss_bytes=48013860864 threshold_bytes=57982058496
c 00h03m08s | memory:rss checkpoint=before_preencode bytes=38115635200
c 00h03m08s | stage:preencode(order-ge):start
c 00h03m21s | stage:preencode(order-ge):done ms=12473 int_vars=1238278
c 00h03m21s | memory:rss checkpoint=after_preencode bytes=38323658752
c 00h03m21s | memory:guard limit_bytes=68719476736 rss_bytes=38323658752 reserve_bytes=10737418240 available_bytes=19658399744 fallback=none
c 00h03m21s | memory:rss checkpoint=before_encode bytes=38323658752
c 00h03m21s | stage:encode(order-ge):start
c 00h04m14s | memory:rss checkpoint=encode_clause_sample stage=order-ge clauses=163545304 bytes=47061913600 progress_percent=10 processed=250536 total=2505360
c 00h04m14s | stage:encode(order-ge):progress percent=10 processed=250536 total=2505360 sat_clauses=163545304 ms=53756
c 00h04m16s | memory:rss checkpoint=encode_clause_sample stage=order-ge clauses=166482626 bytes=47096647680 progress_percent=20 processed=501072 total=2505360
c 00h04m16s | stage:encode(order-ge):progress percent=20 processed=501072 total=2505360 sat_clauses=166482626 ms=55222
c 00h04m17s | memory:rss checkpoint=encode_clause_sample stage=order-ge clauses=169546174 bytes=47135027200 progress_percent=30 processed=751608 total=2505360
c 00h04m17s | stage:encode(order-ge):progress percent=30 processed=751608 total=2505360 sat_clauses=169546174 ms=56732
c 00h04m19s | memory:rss checkpoint=encode_clause_sample stage=order-ge clauses=172856392 bytes=47173312512 progress_percent=40 processed=1002144 total=2505360
c 00h04m19s | stage:encode(order-ge):progress percent=40 processed=1002144 total=2505360 sat_clauses=172856392 ms=58357
c 00h04m21s | memory:rss checkpoint=encode_clause_sample stage=order-ge clauses=176313832 bytes=47209934848 progress_percent=50 processed=1252680 total=2505360
c 00h04m21s | stage:encode(order-ge):progress percent=50 processed=1252680 total=2505360 sat_clauses=176313832 ms=60046
c 00h04m22s | memory:rss checkpoint=encode_clause_sample stage=order-ge clauses=179833856 bytes=47244443648 progress_percent=60 processed=1503216 total=2505360
c 00h04m22s | stage:encode(order-ge):progress percent=60 processed=1503216 total=2505360 sat_clauses=179833856 ms=61773
c 00h04m24s | memory:rss checkpoint=encode_clause_sample stage=order-ge clauses=183288052 bytes=47272181760 progress_percent=70 processed=1753752 total=2505360
c 00h04m24s | stage:encode(order-ge):progress percent=70 processed=1753752 total=2505360 sat_clauses=183288052 ms=63480
c 00h04m26s | memory:rss checkpoint=encode_clause_sample stage=order-ge clauses=186565526 bytes=47297515520 progress_percent=80 processed=2004288 total=2505360
c 00h04m26s | stage:encode(order-ge):progress percent=80 processed=2004288 total=2505360 sat_clauses=186565526 ms=65139
c 00h04m27s | memory:rss checkpoint=encode_clause_sample stage=order-ge clauses=189555652 bytes=47320748032 progress_percent=90 processed=2254824 total=2505360
c 00h04m27s | stage:encode(order-ge):progress percent=90 processed=2254824 total=2505360 sat_clauses=189555652 ms=66688
c 00h04m29s | memory:rss checkpoint=encode_clause_sample stage=order-ge clauses=193143174 bytes=47350288384 progress_percent=100 processed=2505360 total=2505360
c 00h04m29s | stage:encode(order-ge):progress percent=100 processed=2505360 total=2505360 sat_clauses=193143174 ms=68423
c 00h04m29s | stage:encode(order-ge):done ms=68432 sat_vars=35814426 sat_clauses=193143174 ext_ge_specs=651228 relaxed_circuits=0
c 00h05m20s | stage:sat:init solver=CaDiCaL vars=35814426 clauses=193143174
c 00h05m20s | stage:sat:solve:start round=1 circuit_cegar_rounds=- cumulative_cegar_rounds=- cop_cegar_rounds=1 assumptions=0 phase_lits=0
s UNKNOWN
d SOLVE_ELAPSED_MS 1798776
d CURRENT_STAGE sat
d CURRENT_STAGE_ELAPSED_MS 1478676
d LAST_COMPLETED_STAGE encode(order-ge)
d STAGE_PROPAGATE_STATUS done
d STAGE_NORMALIZE_STATUS done
d STAGE_LOWER_STATUS done
d STAGE_POST_LOWER_STATUS done
d STAGE_PREENCODE_STATUS done
d STAGE_ENCODE_STATUS done
d STAGE_SAT_STATUS running
d STAGE_DECODE_STATUS pending
d STAGE_RELAXATION_STATUS pending
d STAGE_DUMP_CNF_STATUS pending
d SOURCE_CONSTRAINTS 14402
d NORMALIZED_CONSTRAINTS 14402
d LOWERED_CONSTRAINTS 14402
d UNSUPPORTED_CONSTRAINTS 0
d SAT_VARS 35814426
d SAT_CLAUSES_BASE 193143174
d SAT_CLAUSES_FINAL 193143174
d SAT_CLAUSES_CEGAR_DELTA 0
d MEMORY_RSS_BYTES 47350288384
d MEMORY_RSS_AFTER_PROPAGATE_BYTES 67649536
d MEMORY_RSS_AFTER_LOWER_BYTES 111128576
d MEMORY_RSS_AFTER_POST_LOWER_BYTES 2215309312
d MEMORY_RSS_BEFORE_PREENCODE_BYTES 38115635200
d MEMORY_RSS_AFTER_PREENCODE_BYTES 38323658752
d MEMORY_RSS_BEFORE_ENCODE_BYTES 38323658752
d MEMORY_RSS_ENCODE_SAMPLE_INTERVAL_CLAUSES 1000000
d MEMORY_RSS_ENCODE_SAMPLE_COUNT 582
d MEMORY_RSS_ENCODE_LAST_SAMPLE_CLAUSE 193143174
d MEMORY_RSS_ENCODE_LAST_SAMPLE_BYTES 47350288384
d MEMORY_RSS_ENCODE_MAX_SAMPLE_BYTES 48013860864
d MEMORY_GUARD_LIMIT_BYTES 68719476736
d MEMORY_GUARD_RESERVE_BYTES 10737418240
d MEMORY_GUARD_AVAILABLE_BYTES 19658399744
d MEMORY_GUARD_DECISION rss-monitor
d MEMORY_GUARD_REASON rss_available
d EXTPROP_CONSTRAINTS 651228
d EXTPROP_OBSERVED_VARS 33124722
d EXTPROP_OBSERVED_LITS 33124722
d EXTPROP_OBSERVED_LIT_OCCURRENCES 119068380
d EXTPROP_CALLBACK_CALLS 4775934123
d EXTPROP_CALLBACK_NS 0
d EXTPROP_NOTIFY_ASSIGNMENT_CALLS 921412919
d EXTPROP_NOTIFY_ASSIGNMENT_NS 0
d EXTPROP_NOTIFY_ASSIGNMENT_LITS 992721690
d EXTPROP_NOTIFY_NEW_DECISION_LEVEL_CALLS 1927154401
d EXTPROP_NOTIFY_NEW_DECISION_LEVEL_NS 0
d EXTPROP_NOTIFY_BACKTRACK_CALLS 1332
d EXTPROP_NOTIFY_BACKTRACK_NS 0
d EXTPROP_CB_CHECK_FOUND_MODEL_CALLS 34
d EXTPROP_CB_CHECK_FOUND_MODEL_NS 0
d EXTPROP_CB_CHECK_FOUND_MODEL_REJECTS 34
d EXTPROP_CB_DECIDE_CALLS 0
d EXTPROP_CB_DECIDE_NS 0
d EXTPROP_CB_PROPAGATE_CALLS 44158
d EXTPROP_CB_PROPAGATE_NS 0
d EXTPROP_PROPAGATED_LITS 44143
d EXTPROP_CB_ADD_REASON_CLAUSE_LIT_CALLS 166399
d EXTPROP_CB_ADD_REASON_CLAUSE_LIT_NS 0
d EXTPROP_REASON_CLAUSES 44184
d EXTPROP_REASON_CLAUSE_LITS 125512
d EXTPROP_REASON_CLAUSE_MAX_LEN 5
d EXTPROP_CB_HAS_EXTERNAL_CLAUSE_CALLS 1927154639
d EXTPROP_CB_HAS_EXTERNAL_CLAUSE_NS 0
d EXTPROP_CB_ADD_EXTERNAL_CLAUSE_LIT_CALLS 241
d EXTPROP_CB_ADD_EXTERNAL_CLAUSE_LIT_NS 0
d EXTPROP_EXTERNAL_CLAUSES 43
d EXTPROP_EXTERNAL_CLAUSE_LITS 198
d EXTPROP_EXTERNAL_CLAUSE_MAX_LEN 5
d EXTPROP_STRONG_REASON_ATTEMPTS 9
d EXTPROP_STRONG_REASON_NS 0
d EXTPROP_STRONG_REASON_LIFTS 7
d EXTPROP_STRONG_REASON_DROPPED_TERMS 7
d LINEAR_INT_EQ_ARITY_STATS {"1":{"count":14400,"max_domain_product_excluding_one_var":"1","p95_domain_product_excluding_one_var":"1"},"3":{"count":4,"max_domain_product_excluding_one_var":"9","p95_domain_product_excluding_one_var":"9"},"4":{"count":8,"max_domain_product_excluding_one_var":"27","p95_domain_product_excluding_one_var":"27"},"5":{"count":228,"max_domain_product_excluding_one_var":"81","p95_domain_product_excluding_one_var":"81"},"7":{"count":224,"max_domain_product_excluding_one_var":"729","p95_domain_product_excluding_one_var":"729"},"9":{"count":3136,"max_domain_product_excluding_one_var":"6561","p95_domain_product_excluding_one_var":"6561"},"178":{"count":236,"max_domain_product_excluding_one_var":"340282366920938463463374607431768211455","p95_domain_product_excluding_one_var":"340282366920938463463374607431768211455"},"180":{"count":228,"max_domain_product_excluding_one_var":"340282366920938463463374607431768211455","p95_domain_product_excluding_one_var":"340282366920938463463374607431768211455"},"182":{"count":220,"max_domain_product_excluding_one_var":"340282366920938463463374607431768211455","p95_domain_product_excluding_one_var":"340282366920938463463374607431768211455"},"184":{"count":212,"max_domain_product_excluding_one_var":"340282366920938463463374607431768211455","p95_domain_product_excluding_one_var":"340282366920938463463374607431768211455"},"186":{"count":204,"max_domain_product_excluding_one_var":"340282366920938463463374607431768211455","p95_domain_product_excluding_one_var":"340282366920938463463374607431768211455"},"188":{"count":196,"max_domain_product_excluding_one_var":"340282366920938463463374607431768211455","p95_domain_product_excluding_one_var":"340282366920938463463374607431768211455"},"190":{"count":188,"max_domain_product_excluding_one_var":"340282366920938463463374607431768211455","p95_domain_product_excluding_one_var":"340282366920938463463374607431768211455"},"192":{"count":180,"max_domain_product_excluding_one_var":"340282366920938463463374607431768211455","p95_domain_product_excluding_one_var":"340282366920938463463374607431768211455"},"194":{"count":172,"max_domain_product_excluding_one_var":"340282366920938463463374607431768211455","p95_domain_product_excluding_one_var":"340282366920938463463374607431768211455"},"196":{"count":164,"max_domain_product_excluding_one_var":"340282366920938463463374607431768211455","p95_domain_product_excluding_one_var":"340282366920938463463374607431768211455"},"198":{"count":156,"max_domain_product_excluding_one_var":"340282366920938463463374607431768211455","p95_domain_product_excluding_one_var":"340282366920938463463374607431768211455"},"200":{"count":148,"max_domain_product_excluding_one_var":"340282366920938463463374607431768211455","p95_domain_product_excluding_one_var":"340282366920938463463374607431768211455"},"202":{"count":140,"max_domain_product_excluding_one_var":"340282366920938463463374607431768211455","p95_domain_product_excluding_one_var":"340282366920938463463374607431768211455"},"204":{"count":132,"max_domain_product_excluding_one_var":"340282366920938463463374607431768211455","p95_domain_product_excluding_one_var":"340282366920938463463374607431768211455"},"206":{"count":124,"max_domain_product_excluding_one_var":"340282366920938463463374607431768211455","p95_domain_product_excluding_one_var":"340282366920938463463374607431768211455"},"208":{"count":116,"max_domain_product_excluding_one_var":"340282366920938463463374607431768211455","p95_domain_product_excluding_one_var":"340282366920938463463374607431768211455"},"210":{"count":108,"max_domain_product_excluding_one_var":"340282366920938463463374607431768211455","p95_domain_product_excluding_one_var":"340282366920938463463374607431768211455"},"212":{"count":100,"max_domain_product_excluding_one_var":"340282366920938463463374607431768211455","p95_domain_product_excluding_one_var":"340282366920938463463374607431768211455"},"214":{"count":92,"max_domain_product_excluding_one_var":"340282366920938463463374607431768211455","p95_domain_product_excluding_one_var":"340282366920938463463374607431768211455"},"216":{"count":84,"max_domain_product_excluding_one_var":"340282366920938463463374607431768211455","p95_domain_product_excluding_one_var":"340282366920938463463374607431768211455"},"218":{"count":76,"max_domain_product_excluding_one_var":"340282366920938463463374607431768211455","p95_domain_product_excluding_one_var":"340282366920938463463374607431768211455"},"220":{"count":68,"max_domain_product_excluding_one_var":"340282366920938463463374607431768211455","p95_domain_product_excluding_one_var":"340282366920938463463374607431768211455"},"222":{"count":60,"max_domain_product_excluding_one_var":"340282366920938463463374607431768211455","p95_domain_product_excluding_one_var":"340282366920938463463374607431768211455"},"224":{"count":52,"max_domain_product_excluding_one_var":"340282366920938463463374607431768211455","p95_domain_product_excluding_one_var":"340282366920938463463374607431768211455"},"226":{"count":44,"max_domain_product_excluding_one_var":"340282366920938463463374607431768211455","p95_domain_product_excluding_one_var":"340282366920938463463374607431768211455"},"228":{"count":36,"max_domain_product_excluding_one_var":"340282366920938463463374607431768211455","p95_domain_product_excluding_one_var":"340282366920938463463374607431768211455"},"230":{"count":28,"max_domain_product_excluding_one_var":"340282366920938463463374607431768211455","p95_domain_product_excluding_one_var":"340282366920938463463374607431768211455"},"232":{"count":20,"max_domain_product_excluding_one_var":"340282366920938463463374607431768211455","p95_domain_product_excluding_one_var":"340282366920938463463374607431768211455"},"234":{"count":12,"max_domain_product_excluding_one_var":"340282366920938463463374607431768211455","p95_domain_product_excluding_one_var":"340282366920938463463374607431768211455"},"236":{"count":4,"max_domain_product_excluding_one_var":"340282366920938463463374607431768211455","p95_domain_product_excluding_one_var":"340282366920938463463374607431768211455"}}
d LINEAR_INT_NE_ARITY_STATS {"1":{"count":7200,"max_domain_product_excluding_one_var":"1","p95_domain_product_excluding_one_var":"1"}}
d LINEAR_INT_GE_ARITY_STATS {}
d LINEAR_BOOL_MIXED_ARITY_STATS {"3601":{"count":2,"max_domain_product_excluding_one_var":"340282366920938463463374607431768211455","p95_domain_product_excluding_one_var":"340282366920938463463374607431768211455"}}
d ROOT_LP_ENTERED 0
d ROOT_LP_STATUS skipped
d ROOT_LP_MS 0
d ROOT_LP_REASON root_lp_disabled
d PROPAGATE_PRUNED_VALUES 0
d PROPAGATE_CHANGED_DOMAINS 0
d PROPAGATE_ENTAILED_TABLES 0
d POST_LOWER_ROUNDS 0
d POST_LOWER_TIGHTENED_DOMAINS 0
d POST_LOWER_REMOVED_CLAUSES 0
d POST_LOWER_REMOVED_LITS 0
d POST_LOWER_DETECTED_UNSAT 0
d PREENCODE_INT_VARS 1238278
d ENCODE_EXTERNAL_GE_SPECS 651228
d ENCODE_RELAXED_CIRCUITS 0
d MEMORY_RSS_BYTES 47350288384
d MEMORY_RSS_AFTER_PROPAGATE_BYTES 67649536
d MEMORY_RSS_AFTER_LOWER_BYTES 111128576
d MEMORY_RSS_AFTER_POST_LOWER_BYTES 2215309312
d MEMORY_RSS_BEFORE_PREENCODE_BYTES 38115635200
d MEMORY_RSS_AFTER_PREENCODE_BYTES 38323658752
d MEMORY_RSS_BEFORE_ENCODE_BYTES 38323658752
d MEMORY_RSS_ENCODE_SAMPLE_INTERVAL_CLAUSES 1000000
d MEMORY_RSS_ENCODE_SAMPLE_COUNT 582
d MEMORY_RSS_ENCODE_LAST_SAMPLE_CLAUSE 193143174
d MEMORY_RSS_ENCODE_LAST_SAMPLE_BYTES 47350288384
d MEMORY_RSS_ENCODE_MAX_SAMPLE_BYTES 48013860864
d MEMORY_GUARD_LIMIT_BYTES 68719476736
d MEMORY_GUARD_RESERVE_BYTES 10737418240
d MEMORY_GUARD_AVAILABLE_BYTES 19658399744
d MEMORY_GUARD_DECISION rss-monitor
d MEMORY_GUARD_REASON rss_available
d CIRCUIT_CEGAR_FAILURES 0
d CIRCUIT_CEGAR_ROUNDS 0
d CIRCUIT_CEGAR_ADDED_CLAUSES 0
d CUMULATIVE_CEGAR_FAILURES 0
d CUMULATIVE_CEGAR_ROUNDS 0
d CUMULATIVE_CEGAR_ADDED_CLAUSES 0
d COP_CEGAR_FAILURES 0
d COP_CEGAR_ROUNDS 1
d COP_CEGAR_ADDED_CLAUSES 0
d CSV /bench/competition/2022-2025/COP22to25/SameQueensKnights-b-60_c24.xml.lzma,unknown,14402,14402,14402,0,35814426,193143174,1798755,,,,,,,0,skipped,,,,,,0,,,,,,,timeout_signal,terminated_by_signal
signal=15; emitted fallback csv row
