# WCTIME: wall clock time in seconds
WCTIME=1801.47
# CPUTIME: CPU time in seconds (USERTIME+SYSTEMTIME)
CPUTIME=1793.78
# USERTIME: CPU time spent in user mode in seconds
USERTIME=1605.56
# SYSTEMTIME: CPU time spent in system mode in seconds
SYSTEMTIME=188.212
# CPUUSAGE: CPUTIME/WCTIME in percent
CPUUSAGE=99.5727
# MAXVM: maximum virtual memory used in KiB
MAXVM=58277228
# MAXMM: maximum memory used in KiB
MAXMM=53222856
# MAXRSS: maximum Resident Segment Size in KiB
MAXRSS=53219948
# TIMEOUT: did the solver exceed the time limit?
TIMEOUT=true
# MEMOUT: did the solver exceed the memory limit?
MEMOUT=false
# EXITSTATUS: Exit status of the solver
EXITSTATUS=36608
