# WCTIME: wall clock time in seconds
WCTIME=9.82514
# CPUTIME: CPU time in seconds (USERTIME+SYSTEMTIME)
CPUTIME=9.77318
# USERTIME: CPU time spent in user mode in seconds
USERTIME=9.63916
# SYSTEMTIME: CPU time spent in system mode in seconds
SYSTEMTIME=0.134021
# CPUUSAGE: CPUTIME/WCTIME in percent
CPUUSAGE=99.4711
# MAXVM: maximum virtual memory used in KiB
MAXVM=380304
# MAXMM: maximum memory used in KiB
MAXMM=185192
# MAXRSS: maximum Resident Segment Size in KiB
MAXRSS=182216
# TIMEOUT: did the solver exceed the time limit?
TIMEOUT=false
# MEMOUT: did the solver exceed the memory limit?
MEMOUT=false
# EXITSTATUS: Exit status of the solver
EXITSTATUS=0
