c cmd: /host-parser-bin/kat_xcsp_8d10c589 /bench/competition/2022-2025/COP22to25/RIP-25-1-j060-10-01_c23.xml.lzma --encoder portfolio --portfolio-strategy v3 --cop-pipeline guarded-basic --cop-objective-cut direct-expr --cop-objective-cut-timing incremental-soft --cop-objective-cut-backend cnf --table-encoding mdd-tl --cumulative-mode exact --cumulative-decomposition time-rd --progress --log-scop-linear-pb-backend auto --log-scop-bdd-decomposition auto --log-scop-aggregate-weighted-lits --order-ge-shorten-link-cost --direct-eq-ne-max-arity 2 --eq-ne-encoding direct --portfolio-log-scop-eq-ne-encoding ge-rewrite --cop-objective-phase auto --cop-objective-search trisection --cop-objective-search-fallback-budget 180 --root-lp-bound --root-lp-backend lpo --root-lp-time-limit-secs 60
c version: kat-cli=0.1.0 git=unknown-clean
c run_start_local: 2026-06-19 18:39:09 +0900
c 00h00m00s | solve:start
c 00h00m00s | stage:objective-cut timing=incremental-soft backend=cnf form=direct-expr
c 00h00m00s | input: constraints=151
c 00h00m00s | stage:propagate:start
c 00h00m00s | stage:propagate:done ms=0 pruned=3174 changed_domains=60 entailed_tables=0
c 00h00m00s | memory:rss checkpoint=after_propagate bytes=7237632 rss=6.90MiB
c 00h00m00s | stage:normalize:start
c 00h00m00s | stage:normalize:done ms=0 high_constraints=151
c 00h00m00s | stage:lower:start
c 00h00m00s | stage:lower:progress percent=10 processed=16 total=151 lowered=16 unsupported=0 ms=0
c 00h00m00s | stage:lower:progress percent=20 processed=31 total=151 lowered=31 unsupported=0 ms=0
c 00h00m00s | stage:lower:progress percent=30 processed=46 total=151 lowered=46 unsupported=0 ms=0
c 00h00m00s | stage:lower:progress percent=40 processed=61 total=151 lowered=61 unsupported=0 ms=0
c 00h00m00s | stage:lower:progress percent=50 processed=76 total=151 lowered=76 unsupported=0 ms=0
c 00h00m00s | stage:lower:progress percent=60 processed=91 total=151 lowered=91 unsupported=0 ms=0
c 00h00m00s | stage:lower:progress percent=70 processed=106 total=151 lowered=106 unsupported=0 ms=0
c 00h00m00s | stage:lower:progress percent=80 processed=121 total=151 lowered=121 unsupported=0 ms=0
c 00h00m00s | stage:lower:progress percent=90 processed=136 total=151 lowered=136 unsupported=0 ms=0
c 00h00m00s | stage:lower:progress percent=100 processed=151 total=151 lowered=151 unsupported=0 ms=77
c 00h00m00s | stage:lower:done ms=78 lowered=151 unsupported=0
c 00h00m00s | memory:rss checkpoint=after_lower bytes=7774208 rss=7.41MiB
c 00h00m00s | stage:post_lower:start
c 00h00m00s | stage:post_lower:done ms=2 rounds=0 tightened=0 removed_cls=708 removed_lits=646 unsat=false precise_hits=0 precise_rounds=0 pivot_recomputes=0 pivot_exact_attempts=0 pivot_general_attempts=0 pivot_general_rest_missing=0 pivot_general_bound_missing=0 pivot_general_no_change=0 pivot_general_tightened=0 setup_ms=0 loop_ms=0 pivot_ms=0 pivot_version_ms=0 pivot_exact_ms=0 pivot_general_ms=0 pivot_general_prepare_ms=0 pivot_general_rest_ms=0 pivot_general_derive_ms=0 apply_ms=0 sat_ms=0 precise_ms=0
c 00h00m00s | memory:rss checkpoint=after_post_lower bytes=7774208 rss=7.41MiB
c 00h00m00s | stage:lowered-shape int_vars=64 bool_vars=3509 linear_atoms=7583 table_atoms=0 table_tuples=0 table_scope=0 alldiff_atoms=0 circuit_atoms=0 product_atoms=0 logical_clauses=10390
c 00h00m00s | stage:root-lp:start backend=lpo
c 00h01m00s | stage:root-lp:skip backend=lpo reason=failed to solve root LP with kat-lpo: LP wall-clock time limit reached during native-simplex pivot row update ms=60029
c 00h01m00s | memory:rss checkpoint=before_preencode bytes=1813835776 rss=1.69GiB
c 00h01m00s | stage:preencode(log-scop):start
c 00h01m00s | stage:preencode(log-scop):done ms=0 int_vars=64
c 00h01m00s | memory:rss checkpoint=after_preencode bytes=1813835776 rss=1.69GiB
c 00h01m00s | memory:rss checkpoint=before_encode bytes=1813835776 rss=1.69GiB
c 00h01m00s | stage:encode(log-scop):start
c 00h01m00s | memory:rss checkpoint=encode_clause_sample stage=log-scop clauses=24275 bytes=1814274048 rss=1.69GiB progress_percent=10 processed=1046 total=10454
c 00h01m00s | stage:encode(log-scop):progress percent=10 processed=1046 total=10454 sat_clauses=24275 ms=6
c 00h01m00s | memory:rss checkpoint=encode_clause_sample stage=log-scop clauses=62683 bytes=1814347776 rss=1.69GiB progress_percent=20 processed=2091 total=10454
c 00h01m00s | stage:encode(log-scop):progress percent=20 processed=2091 total=10454 sat_clauses=62683 ms=14
c 00h01m00s | memory:rss checkpoint=encode_clause_sample stage=log-scop clauses=108933 bytes=1814548480 rss=1.69GiB progress_percent=30 processed=3137 total=10454
c 00h01m00s | stage:encode(log-scop):progress percent=30 processed=3137 total=10454 sat_clauses=108933 ms=36
c 00h01m00s | memory:rss checkpoint=encode_clause_sample stage=log-scop clauses=153347 bytes=1814548480 rss=1.69GiB progress_percent=40 processed=4182 total=10454
c 00h01m00s | stage:encode(log-scop):progress percent=40 processed=4182 total=10454 sat_clauses=153347 ms=60
c 00h01m00s | memory:rss checkpoint=encode_clause_sample stage=log-scop clauses=200709 bytes=1814548480 rss=1.69GiB progress_percent=50 processed=5227 total=10454
c 00h01m00s | stage:encode(log-scop):progress percent=50 processed=5227 total=10454 sat_clauses=200709 ms=88
c 00h01m00s | memory:rss checkpoint=encode_clause_sample stage=log-scop clauses=245293 bytes=1814548480 rss=1.69GiB progress_percent=60 processed=6273 total=10454
c 00h01m00s | stage:encode(log-scop):progress percent=60 processed=6273 total=10454 sat_clauses=245293 ms=96
c 00h01m00s | memory:rss checkpoint=encode_clause_sample stage=log-scop clauses=295307 bytes=1814548480 rss=1.69GiB progress_percent=70 processed=7318 total=10454
c 00h01m00s | stage:encode(log-scop):progress percent=70 processed=7318 total=10454 sat_clauses=295307 ms=117
c 00h01m00s | memory:rss checkpoint=encode_clause_sample stage=log-scop clauses=339136 bytes=1814548480 rss=1.69GiB progress_percent=80 processed=8364 total=10454
c 00h01m00s | stage:encode(log-scop):progress percent=80 processed=8364 total=10454 sat_clauses=339136 ms=152
c 00h01m00s | memory:rss checkpoint=encode_clause_sample stage=log-scop clauses=370556 bytes=1814548480 rss=1.69GiB progress_percent=90 processed=9409 total=10454
c 00h01m00s | stage:encode(log-scop):progress percent=90 processed=9409 total=10454 sat_clauses=370556 ms=158
c 00h01m00s | memory:rss checkpoint=encode_clause_sample stage=log-scop clauses=1222947 bytes=1814552576 rss=1.69GiB progress_percent=100 processed=10454 total=10454
c 00h01m00s | stage:encode(log-scop):progress percent=100 processed=10454 total=10454 sat_clauses=1222947 ms=467
c 00h01m00s | stage:encode(log-scop):done ms=475 sat_vars=658972 sat_clauses=1222947 ext_ge_specs=0 relaxed_circuits=0 log_scop_pb_constraints=13317 log_scop_pb_mixed=0 log_scop_pb_bdd2=13317 log_scop_pb_bdd3=0 log_scop_pb_sorter=0 log_scop_pb_dadda=0 log_scop_bdd_raw=13317 log_scop_bdd_binary=0 log_scop_bdd_multibase=0
c 00h01m00s | stage:post-encode(log-scop):start sat_vars=658972 sat_clauses=1222947 has_relaxations=false external_tables=0
c 00h01m00s | stage:post-encode(log-scop):after-finish-check ms=0
c 00h01m00s | stage:post-encode(log-scop):decode-layout-ready int_symbols=64 ms=0
c 00h01m00s | stage:post-encode(log-scop):cumulative-external-ready has_prop=true ms=1
c 00h01m00s | stage:post-encode(log-scop):log-scop-external-ready has_prop=false ms=1
c 00h01m00s | stage:post-encode(log-scop):external-prop-connected has_prop=true ms=2
c 00h01m00s | stage:post-encode(log-scop):done sat_vars=658972 sat_clauses=1222947 ms=2
c 00h01m00s | stage:post-encode(log-scop):reusable-ready mode=SoftCnf sat_vars=658972
c 00h01m00s | stage:objective-external-ge-template(log-scop):start cut=DirectExpr wants_ext_ge=false
c 00h01m00s | stage:objective-external-ge-template(log-scop):done has_template=true ms=0
c 00h01m00s | stage:objective-mode(log-scop):resolved mode=SoftCnf wants_ext_ge=false has_ext_ge_template=true
c 00h01m00s | stage:objective-cut timing=incremental-soft backend=cnf form=direct-expr
c 00h01m00s | stage:objective-encoder(log-scop):ready mode=SoftCnf soft=true sat_vars=658972
c 00h01m00s | stage:objective-loop:enter encoder=log-scop mode=SoftCnf lower=200 upper=5160 has_incumbent=false soft_active=true
c 00h01m00s | stage:sat:round-entry encoder=log-scop assumptions=0 phase_lits=0 sat_vars=658972 base_clauses=1222947
c 00h01m00s | stage:sat:init solver=CaDiCaL vars=658972 clauses=1222947
c 00h01m00s | stage:sat:solve:start assumptions=0 phase_lits=0
c 00h01m02s | stage:sat:solve:done ms=2069 result=Sat assumptions=0 phase_lits=0
c 00h01m02s | stage:decode:start
c 00h01m02s | stage:decode:done int_assignments=64
c 00h01m02s | result:Sat
c 00h01m02s | stage:objective-cut-surface(log-scop):start timing=after-incumbent
c 00h01m02s | stage:objective-cut-surface(log-scop):done has_surface=true ms=0
c 00h01m02s | objective:incumbent kind=initial value=4596 rounds=1 improvements=0
o 4596
c 00h01m02s | stage:objective-loop:enter encoder=log-scop mode=SoftCnf lower=200 upper=5160 has_incumbent=true soft_active=true
c objective-cut:rss-guard enabled=false
c 00h01m02s | stage:objective-cut:soft-install bound=3130 guard=659770 clauses_added=1441
c 00h01m02s | stage:objective-cut:soft-probe search=trisection [LB,UB] = [200,4595] next 3130 source=install guard=659770
c 00h01m02s | stage:sat:round-entry encoder=log-scop assumptions=1 phase_lits=0 sat_vars=659770 base_clauses=1224388
c 00h01m02s | stage:sat:init solver=CaDiCaL vars=659770 clauses=1224388
c 00h01m02s | stage:sat:solve:start assumptions=1 phase_lits=0
c 00h01m02s | stage:sat:solve:done ms=128 result=Sat assumptions=1 phase_lits=0
c 00h01m02s | stage:decode:start
c 00h01m02s | stage:decode:done int_assignments=64
c 00h01m02s | result:Sat
c 00h01m02s | objective:incumbent kind=improvement value=1834 rounds=2 improvements=1
o 1834
c 00h01m02s | stage:objective-cut:soft-result search=trisection bound=3130 result=sat guard=659770 hard=guard [LB,UB] = [200,1833]
c 00h01m02s | stage:objective-loop:enter encoder=log-scop mode=SoftCnf lower=200 upper=5160 has_incumbent=true soft_active=true
c objective-cut:rss-guard enabled=false
c 00h01m02s | stage:objective-cut:soft-install bound=1289 guard=660516 clauses_added=1353
c 00h01m02s | stage:objective-cut:soft-probe search=trisection [LB,UB] = [200,1833] next 1289 source=install guard=660516
c 00h01m02s | stage:sat:round-entry encoder=log-scop assumptions=1 phase_lits=0 sat_vars=660516 base_clauses=1225742
c 00h01m02s | stage:sat:init solver=CaDiCaL vars=660516 clauses=1225742
c 00h01m02s | stage:sat:solve:start assumptions=1 phase_lits=0
c 00h01m02s | stage:sat:solve:done ms=96 result=Sat assumptions=1 phase_lits=0
c 00h01m02s | stage:decode:start
c 00h01m02s | stage:decode:done int_assignments=64
c 00h01m02s | result:Sat
c 00h01m02s | objective:incumbent kind=improvement value=1194 rounds=3 improvements=2
o 1194
c 00h01m02s | stage:objective-cut:soft-result search=trisection bound=1289 result=sat guard=660516 hard=guard [LB,UB] = [200,1193]
c 00h01m02s | stage:objective-loop:enter encoder=log-scop mode=SoftCnf lower=200 upper=5160 has_incumbent=true soft_active=true
c objective-cut:rss-guard enabled=false
c 00h01m02s | stage:objective-cut:soft-install bound=862 guard=661205 clauses_added=1249
c 00h01m02s | stage:objective-cut:soft-probe search=trisection [LB,UB] = [200,1193] next 862 source=install guard=661205
c 00h01m02s | stage:sat:round-entry encoder=log-scop assumptions=1 phase_lits=0 sat_vars=661205 base_clauses=1226992
c 00h01m02s | stage:sat:init solver=CaDiCaL vars=661205 clauses=1226992
c 00h01m02s | stage:sat:solve:start assumptions=1 phase_lits=0
c 00h01m03s | stage:sat:solve:done ms=95 result=Sat assumptions=1 phase_lits=0
c 00h01m03s | stage:decode:start
c 00h01m03s | stage:decode:done int_assignments=64
c 00h01m03s | result:Sat
c 00h01m03s | objective:incumbent kind=improvement value=861 rounds=4 improvements=3
o 861
c 00h01m03s | stage:objective-cut:soft-result search=trisection bound=862 result=sat guard=661205 hard=guard [LB,UB] = [200,860]
c 00h01m03s | stage:objective-loop:enter encoder=log-scop mode=SoftCnf lower=200 upper=5160 has_incumbent=true soft_active=true
c objective-cut:rss-guard enabled=false
c 00h01m03s | stage:objective-cut:soft-install bound=640 guard=661855 clauses_added=1180
c 00h01m03s | stage:objective-cut:soft-probe search=trisection [LB,UB] = [200,860] next 640 source=install guard=661855
c 00h01m03s | stage:sat:round-entry encoder=log-scop assumptions=1 phase_lits=0 sat_vars=661855 base_clauses=1228173
c 00h01m03s | stage:sat:init solver=CaDiCaL vars=661855 clauses=1228173
c 00h01m03s | stage:sat:solve:start assumptions=1 phase_lits=0
c 00h01m03s | stage:sat:solve:done ms=336 result=Sat assumptions=1 phase_lits=0
c 00h01m03s | stage:decode:start
c 00h01m03s | stage:decode:done int_assignments=64
c 00h01m03s | result:Sat
c 00h01m03s | objective:incumbent kind=improvement value=631 rounds=5 improvements=4
o 631
c 00h01m03s | stage:objective-cut:soft-result search=trisection bound=640 result=sat guard=661855 hard=guard [LB,UB] = [200,630]
c 00h01m03s | stage:objective-loop:enter encoder=log-scop mode=SoftCnf lower=200 upper=5160 has_incumbent=true soft_active=true
c objective-cut:rss-guard enabled=false
c 00h01m03s | stage:objective-cut:soft-install bound=487 guard=662449 clauses_added=1074
c 00h01m03s | stage:objective-cut:soft-probe search=trisection [LB,UB] = [200,630] next 487 source=install guard=662449
c 00h01m03s | stage:sat:round-entry encoder=log-scop assumptions=1 phase_lits=0 sat_vars=662449 base_clauses=1229248
c 00h01m03s | stage:sat:init solver=CaDiCaL vars=662449 clauses=1229248
c 00h01m03s | stage:sat:solve:start assumptions=1 phase_lits=0
c 00h01m03s | stage:sat:solve:done ms=108 result=Sat assumptions=1 phase_lits=0
c 00h01m03s | stage:decode:start
c 00h01m03s | stage:decode:done int_assignments=64
c 00h01m03s | result:Sat
c 00h01m03s | objective:incumbent kind=improvement value=481 rounds=6 improvements=5
o 481
c 00h01m03s | stage:objective-cut:soft-result search=trisection bound=487 result=sat guard=662449 hard=guard [LB,UB] = [200,480]
c 00h01m03s | stage:objective-loop:enter encoder=log-scop mode=SoftCnf lower=200 upper=5160 has_incumbent=true soft_active=true
c objective-cut:rss-guard enabled=false
c 00h01m03s | stage:objective-cut:soft-install bound=387 guard=662997 clauses_added=992
c 00h01m03s | stage:objective-cut:soft-probe search=trisection [LB,UB] = [200,480] next 387 source=install guard=662997
c 00h01m03s | stage:sat:round-entry encoder=log-scop assumptions=1 phase_lits=0 sat_vars=662997 base_clauses=1230241
c 00h01m03s | stage:sat:init solver=CaDiCaL vars=662997 clauses=1230241
c 00h01m03s | stage:sat:solve:start assumptions=1 phase_lits=0
c 00h01m20s | stage:sat:solve:done ms=17458 result=Sat assumptions=1 phase_lits=0
c 00h01m20s | stage:decode:start
c 00h01m20s | stage:decode:done int_assignments=64
c 00h01m20s | result:Sat
c 00h01m20s | objective:incumbent kind=improvement value=387 rounds=7 improvements=6
o 387
c 00h01m20s | stage:objective-cut:soft-result search=trisection bound=387 result=sat guard=662997 hard=guard [LB,UB] = [200,386]
c 00h01m20s | stage:objective-loop:enter encoder=log-scop mode=SoftCnf lower=200 upper=5160 has_incumbent=true soft_active=true
c objective-cut:rss-guard enabled=false
c 00h01m20s | stage:objective-cut:soft-install bound=324 guard=663502 clauses_added=914
c 00h01m20s | stage:objective-cut:soft-probe search=trisection [LB,UB] = [200,386] next 324 source=install guard=663502
c 00h01m20s | stage:sat:round-entry encoder=log-scop assumptions=1 phase_lits=0 sat_vars=663502 base_clauses=1231156
c 00h01m20s | stage:sat:init solver=CaDiCaL vars=663502 clauses=1231156
c 00h01m20s | stage:sat:solve:start assumptions=1 phase_lits=0
c 00h04m20s | stage:sat:solve:done ms=180002 result=Unknown assumptions=1 phase_lits=0
c 00h04m20s | result:unknown reason=sat_solver_returned_unknown
c 00h04m20s | result:Unknown
c 00h04m20s | stage:objective-cut:soft-fallback search=trisection reason=budget-exhausted budget_s=180 mode=step incumbent=387 [LB,UB]=[200,386]
c 00h04m20s | stage:objective-loop:enter encoder=log-scop mode=SoftCnf lower=200 upper=5160 has_incumbent=true soft_active=true
c objective-cut:rss-guard enabled=false
c 00h04m20s | stage:objective-cut:soft-install bound=386 guard=664050 clauses_added=993
c 00h04m20s | stage:objective-cut:soft-probe search=step [LB,UB] = [200,386] next 386 source=install guard=664050
c 00h04m20s | stage:sat:round-entry encoder=log-scop assumptions=1 phase_lits=0 sat_vars=664050 base_clauses=1232149
c 00h04m20s | stage:sat:init solver=CaDiCaL vars=664050 clauses=1232149
c 00h04m20s | stage:sat:solve:start assumptions=1 phase_lits=0
c 00h04m23s | stage:sat:solve:done ms=2915 result=Sat assumptions=1 phase_lits=0
c 00h04m23s | stage:decode:start
c 00h04m23s | stage:decode:done int_assignments=64
c 00h04m23s | result:Sat
c 00h04m23s | objective:incumbent kind=improvement value=382 rounds=8 improvements=7
o 382
c 00h04m23s | stage:objective-cut:soft-result search=step bound=386 result=sat guard=664050 hard=guard [LB,UB] = [200,381]
c 00h04m23s | stage:objective-loop:enter encoder=log-scop mode=SoftCnf lower=200 upper=5160 has_incumbent=true soft_active=true
c objective-cut:rss-guard enabled=false
c 00h04m23s | stage:objective-cut:soft-install bound=381 guard=664594 clauses_added=986
c 00h04m23s | stage:objective-cut:soft-probe search=step [LB,UB] = [200,381] next 381 source=install guard=664594
c 00h04m23s | stage:sat:round-entry encoder=log-scop assumptions=1 phase_lits=0 sat_vars=664594 base_clauses=1233136
c 00h04m23s | stage:sat:init solver=CaDiCaL vars=664594 clauses=1233136
c 00h04m23s | stage:sat:solve:start assumptions=1 phase_lits=0
c 00h04m26s | stage:sat:solve:done ms=2874 result=Sat assumptions=1 phase_lits=0
c 00h04m26s | stage:decode:start
c 00h04m26s | stage:decode:done int_assignments=64
c 00h04m26s | result:Sat
c 00h04m26s | objective:incumbent kind=improvement value=380 rounds=9 improvements=8
o 380
c 00h04m26s | stage:objective-cut:soft-result search=step bound=381 result=sat guard=664594 hard=guard [LB,UB] = [200,379]
c 00h04m26s | stage:objective-loop:enter encoder=log-scop mode=SoftCnf lower=200 upper=5160 has_incumbent=true soft_active=true
c objective-cut:rss-guard enabled=false
c 00h04m26s | stage:objective-cut:soft-install bound=379 guard=665140 clauses_added=989
c 00h04m26s | stage:objective-cut:soft-probe search=step [LB,UB] = [200,379] next 379 source=install guard=665140
c 00h04m26s | stage:sat:round-entry encoder=log-scop assumptions=1 phase_lits=0 sat_vars=665140 base_clauses=1234126
c 00h04m26s | stage:sat:init solver=CaDiCaL vars=665140 clauses=1234126
c 00h04m26s | stage:sat:solve:start assumptions=1 phase_lits=0
c 00h04m27s | stage:sat:solve:done ms=485 result=Sat assumptions=1 phase_lits=0
c 00h04m27s | stage:decode:start
c 00h04m27s | stage:decode:done int_assignments=64
c 00h04m27s | result:Sat
c 00h04m27s | objective:incumbent kind=improvement value=378 rounds=10 improvements=9
o 378
c 00h04m27s | stage:objective-cut:soft-result search=step bound=379 result=sat guard=665140 hard=guard [LB,UB] = [200,377]
c 00h04m27s | stage:objective-loop:enter encoder=log-scop mode=SoftCnf lower=200 upper=5160 has_incumbent=true soft_active=true
c objective-cut:rss-guard enabled=false
c 00h04m27s | stage:objective-cut:soft-install bound=377 guard=665686 clauses_added=990
c 00h04m27s | stage:objective-cut:soft-probe search=step [LB,UB] = [200,377] next 377 source=install guard=665686
c 00h04m27s | stage:sat:round-entry encoder=log-scop assumptions=1 phase_lits=0 sat_vars=665686 base_clauses=1235117
c 00h04m27s | stage:sat:init solver=CaDiCaL vars=665686 clauses=1235117
c 00h04m27s | stage:sat:solve:start assumptions=1 phase_lits=0
c 00h04m33s | stage:sat:solve:done ms=6714 result=Sat assumptions=1 phase_lits=0
c 00h04m33s | stage:decode:start
c 00h04m33s | stage:decode:done int_assignments=64
c 00h04m33s | result:Sat
c 00h04m33s | objective:incumbent kind=improvement value=375 rounds=11 improvements=10
o 375
c 00h04m33s | stage:objective-cut:soft-result search=step bound=377 result=sat guard=665686 hard=guard [LB,UB] = [200,374]
c 00h04m33s | stage:objective-loop:enter encoder=log-scop mode=SoftCnf lower=200 upper=5160 has_incumbent=true soft_active=true
c objective-cut:rss-guard enabled=false
c 00h04m33s | stage:objective-cut:soft-install bound=374 guard=666224 clauses_added=975
c 00h04m33s | stage:objective-cut:soft-probe search=step [LB,UB] = [200,374] next 374 source=install guard=666224
c 00h04m33s | stage:sat:round-entry encoder=log-scop assumptions=1 phase_lits=0 sat_vars=666224 base_clauses=1236093
c 00h04m33s | stage:sat:init solver=CaDiCaL vars=666224 clauses=1236093
c 00h04m33s | stage:sat:solve:start assumptions=1 phase_lits=0
c 00h04m37s | stage:sat:solve:done ms=3125 result=Sat assumptions=1 phase_lits=0
c 00h04m37s | stage:decode:start
c 00h04m37s | stage:decode:done int_assignments=64
c 00h04m37s | result:Sat
c 00h04m37s | objective:incumbent kind=improvement value=374 rounds=12 improvements=11
o 374
c 00h04m37s | stage:objective-cut:soft-result search=step bound=374 result=sat guard=666224 hard=guard [LB,UB] = [200,373]
c 00h04m37s | stage:objective-loop:enter encoder=log-scop mode=SoftCnf lower=200 upper=5160 has_incumbent=true soft_active=true
c objective-cut:rss-guard enabled=false
c 00h04m37s | stage:objective-cut:soft-install bound=373 guard=666762 clauses_added=975
c 00h04m37s | stage:objective-cut:soft-probe search=step [LB,UB] = [200,373] next 373 source=install guard=666762
c 00h04m37s | stage:sat:round-entry encoder=log-scop assumptions=1 phase_lits=0 sat_vars=666762 base_clauses=1237069
c 00h04m37s | stage:sat:init solver=CaDiCaL vars=666762 clauses=1237069
c 00h04m37s | stage:sat:solve:start assumptions=1 phase_lits=0
c 00h04m41s | stage:sat:solve:done ms=4118 result=Sat assumptions=1 phase_lits=0
c 00h04m41s | stage:decode:start
c 00h04m41s | stage:decode:done int_assignments=64
c 00h04m41s | result:Sat
c 00h04m41s | objective:incumbent kind=improvement value=373 rounds=13 improvements=12
o 373
c 00h04m41s | stage:objective-cut:soft-result search=step bound=373 result=sat guard=666762 hard=guard [LB,UB] = [200,372]
c 00h04m41s | stage:objective-loop:enter encoder=log-scop mode=SoftCnf lower=200 upper=5160 has_incumbent=true soft_active=true
c objective-cut:rss-guard enabled=false
c 00h04m41s | stage:objective-cut:soft-install bound=372 guard=667300 clauses_added=976
c 00h04m41s | stage:objective-cut:soft-probe search=step [LB,UB] = [200,372] next 372 source=install guard=667300
c 00h04m41s | stage:sat:round-entry encoder=log-scop assumptions=1 phase_lits=0 sat_vars=667300 base_clauses=1238046
c 00h04m41s | stage:sat:init solver=CaDiCaL vars=667300 clauses=1238046
c 00h04m41s | stage:sat:solve:start assumptions=1 phase_lits=0
c 00h05m00s | stage:sat:solve:done ms=19014 result=Sat assumptions=1 phase_lits=0
c 00h05m00s | stage:decode:start
c 00h05m00s | stage:decode:done int_assignments=64
c 00h05m00s | result:Sat
c 00h05m00s | objective:incumbent kind=improvement value=372 rounds=14 improvements=13
o 372
c 00h05m00s | stage:objective-cut:soft-result search=step bound=372 result=sat guard=667300 hard=guard [LB,UB] = [200,371]
c 00h05m00s | stage:objective-loop:enter encoder=log-scop mode=SoftCnf lower=200 upper=5160 has_incumbent=true soft_active=true
c objective-cut:rss-guard enabled=false
c 00h05m00s | stage:objective-cut:soft-install bound=371 guard=667841 clauses_added=978
c 00h05m00s | stage:objective-cut:soft-probe search=step [LB,UB] = [200,371] next 371 source=install guard=667841
c 00h05m00s | stage:sat:round-entry encoder=log-scop assumptions=1 phase_lits=0 sat_vars=667841 base_clauses=1239025
c 00h05m00s | stage:sat:init solver=CaDiCaL vars=667841 clauses=1239025
c 00h05m00s | stage:sat:solve:start assumptions=1 phase_lits=0
c 00h05m00s | stage:sat:solve:done ms=493 result=Sat assumptions=1 phase_lits=0
c 00h05m00s | stage:decode:start
c 00h05m00s | stage:decode:done int_assignments=64
c 00h05m00s | result:Sat
c 00h05m00s | objective:incumbent kind=improvement value=371 rounds=15 improvements=14
o 371
c 00h05m00s | stage:objective-cut:soft-result search=step bound=371 result=sat guard=667841 hard=guard [LB,UB] = [200,370]
c 00h05m00s | stage:objective-loop:enter encoder=log-scop mode=SoftCnf lower=200 upper=5160 has_incumbent=true soft_active=true
c objective-cut:rss-guard enabled=false
c 00h05m00s | stage:objective-cut:soft-install bound=370 guard=668382 clauses_added=979
c 00h05m00s | stage:objective-cut:soft-probe search=step [LB,UB] = [200,370] next 370 source=install guard=668382
c 00h05m00s | stage:sat:round-entry encoder=log-scop assumptions=1 phase_lits=0 sat_vars=668382 base_clauses=1240005
c 00h05m00s | stage:sat:init solver=CaDiCaL vars=668382 clauses=1240005
c 00h05m00s | stage:sat:solve:start assumptions=1 phase_lits=0
c 00h05m04s | stage:sat:solve:done ms=4226 result=Sat assumptions=1 phase_lits=0
c 00h05m04s | stage:decode:start
c 00h05m04s | stage:decode:done int_assignments=64
c 00h05m04s | result:Sat
c 00h05m04s | objective:incumbent kind=improvement value=370 rounds=16 improvements=15
o 370
c 00h05m04s | stage:objective-cut:soft-result search=step bound=370 result=sat guard=668382 hard=guard [LB,UB] = [200,369]
c 00h05m04s | stage:objective-loop:enter encoder=log-scop mode=SoftCnf lower=200 upper=5160 has_incumbent=true soft_active=true
c objective-cut:rss-guard enabled=false
c 00h05m04s | stage:objective-cut:soft-install bound=369 guard=668923 clauses_added=979
c 00h05m04s | stage:objective-cut:soft-probe search=step [LB,UB] = [200,369] next 369 source=install guard=668923
c 00h05m04s | stage:sat:round-entry encoder=log-scop assumptions=1 phase_lits=0 sat_vars=668923 base_clauses=1240985
c 00h05m04s | stage:sat:init solver=CaDiCaL vars=668923 clauses=1240985
c 00h05m04s | stage:sat:solve:start assumptions=1 phase_lits=0
c 00h05m21s | stage:sat:solve:done ms=17001 result=Sat assumptions=1 phase_lits=0
c 00h05m21s | stage:decode:start
c 00h05m21s | stage:decode:done int_assignments=64
c 00h05m21s | result:Sat
c 00h05m21s | objective:incumbent kind=improvement value=368 rounds=17 improvements=16
o 368
c 00h05m21s | stage:objective-cut:soft-result search=step bound=369 result=sat guard=668923 hard=guard [LB,UB] = [200,367]
c 00h05m21s | stage:objective-loop:enter encoder=log-scop mode=SoftCnf lower=200 upper=5160 has_incumbent=true soft_active=true
c objective-cut:rss-guard enabled=false
c 00h05m21s | stage:objective-cut:soft-install bound=367 guard=669460 clauses_added=971
c 00h05m21s | stage:objective-cut:soft-probe search=step [LB,UB] = [200,367] next 367 source=install guard=669460
c 00h05m21s | stage:sat:round-entry encoder=log-scop assumptions=1 phase_lits=0 sat_vars=669460 base_clauses=1241957
c 00h05m21s | stage:sat:init solver=CaDiCaL vars=669460 clauses=1241957
c 00h05m21s | stage:sat:solve:start assumptions=1 phase_lits=0
c 00h05m28s | stage:sat:solve:done ms=6626 result=Sat assumptions=1 phase_lits=0
c 00h05m28s | stage:decode:start
c 00h05m28s | stage:decode:done int_assignments=64
c 00h05m28s | result:Sat
c 00h05m28s | objective:incumbent kind=improvement value=363 rounds=18 improvements=17
o 363
c 00h05m28s | stage:objective-cut:soft-result search=step bound=367 result=sat guard=669460 hard=guard [LB,UB] = [200,362]
c 00h05m28s | stage:objective-loop:enter encoder=log-scop mode=SoftCnf lower=200 upper=5160 has_incumbent=true soft_active=true
c objective-cut:rss-guard enabled=false
c 00h05m28s | stage:objective-cut:soft-install bound=362 guard=669998 clauses_added=974
c 00h05m28s | stage:objective-cut:soft-probe search=step [LB,UB] = [200,362] next 362 source=install guard=669998
c 00h05m28s | stage:sat:round-entry encoder=log-scop assumptions=1 phase_lits=0 sat_vars=669998 base_clauses=1242932
c 00h05m28s | stage:sat:init solver=CaDiCaL vars=669998 clauses=1242932
c 00h05m28s | stage:sat:solve:start assumptions=1 phase_lits=0
c 00h05m33s | stage:sat:solve:done ms=5238 result=Sat assumptions=1 phase_lits=0
c 00h05m33s | stage:decode:start
c 00h05m33s | stage:decode:done int_assignments=64
c 00h05m33s | result:Sat
c 00h05m33s | objective:incumbent kind=improvement value=359 rounds=19 improvements=18
o 359
c 00h05m33s | stage:objective-cut:soft-result search=step bound=362 result=sat guard=669998 hard=guard [LB,UB] = [200,358]
c 00h05m33s | stage:objective-loop:enter encoder=log-scop mode=SoftCnf lower=200 upper=5160 has_incumbent=true soft_active=true
c objective-cut:rss-guard enabled=false
c 00h05m33s | stage:objective-cut:soft-install bound=358 guard=670524 clauses_added=951
c 00h05m33s | stage:objective-cut:soft-probe search=step [LB,UB] = [200,358] next 358 source=install guard=670524
c 00h05m33s | stage:sat:round-entry encoder=log-scop assumptions=1 phase_lits=0 sat_vars=670524 base_clauses=1243884
c 00h05m33s | stage:sat:init solver=CaDiCaL vars=670524 clauses=1243884
c 00h05m33s | stage:sat:solve:start assumptions=1 phase_lits=0
c 00h05m43s | stage:sat:solve:done ms=9269 result=Sat assumptions=1 phase_lits=0
c 00h05m43s | stage:decode:start
c 00h05m43s | stage:decode:done int_assignments=64
c 00h05m43s | result:Sat
c 00h05m43s | objective:incumbent kind=improvement value=358 rounds=20 improvements=19
o 358
c 00h05m43s | stage:objective-cut:soft-result search=step bound=358 result=sat guard=670524 hard=guard [LB,UB] = [200,357]
c 00h05m43s | stage:objective-loop:enter encoder=log-scop mode=SoftCnf lower=200 upper=5160 has_incumbent=true soft_active=true
c objective-cut:rss-guard enabled=false
c 00h05m43s | stage:objective-cut:soft-install bound=357 guard=671050 clauses_added=951
c 00h05m43s | stage:objective-cut:soft-probe search=step [LB,UB] = [200,357] next 357 source=install guard=671050
c 00h05m43s | stage:sat:round-entry encoder=log-scop assumptions=1 phase_lits=0 sat_vars=671050 base_clauses=1244836
c 00h05m43s | stage:sat:init solver=CaDiCaL vars=671050 clauses=1244836
c 00h05m43s | stage:sat:solve:start assumptions=1 phase_lits=0
c 00h05m52s | stage:sat:solve:done ms=9325 result=Sat assumptions=1 phase_lits=0
c 00h05m52s | stage:decode:start
c 00h05m52s | stage:decode:done int_assignments=64
c 00h05m52s | result:Sat
c 00h05m52s | objective:incumbent kind=improvement value=357 rounds=21 improvements=20
o 357
c 00h05m52s | stage:objective-cut:soft-result search=step bound=357 result=sat guard=671050 hard=guard [LB,UB] = [200,356]
c 00h05m52s | stage:objective-loop:enter encoder=log-scop mode=SoftCnf lower=200 upper=5160 has_incumbent=true soft_active=true
c objective-cut:rss-guard enabled=false
c 00h05m52s | stage:objective-cut:soft-install bound=356 guard=671576 clauses_added=952
c 00h05m52s | stage:objective-cut:soft-probe search=step [LB,UB] = [200,356] next 356 source=install guard=671576
c 00h05m52s | stage:sat:round-entry encoder=log-scop assumptions=1 phase_lits=0 sat_vars=671576 base_clauses=1245789
c 00h05m52s | stage:sat:init solver=CaDiCaL vars=671576 clauses=1245789
c 00h05m52s | stage:sat:solve:start assumptions=1 phase_lits=0
c 00h07m08s | stage:sat:solve:done ms=76124 result=Sat assumptions=1 phase_lits=0
c 00h07m08s | stage:decode:start
c 00h07m08s | stage:decode:done int_assignments=64
c 00h07m08s | result:Sat
c 00h07m08s | objective:incumbent kind=improvement value=356 rounds=22 improvements=21
o 356
c 00h07m08s | stage:objective-cut:soft-result search=step bound=356 result=sat guard=671576 hard=guard [LB,UB] = [200,355]
c 00h07m08s | stage:objective-loop:enter encoder=log-scop mode=SoftCnf lower=200 upper=5160 has_incumbent=true soft_active=true
c objective-cut:rss-guard enabled=false
c 00h07m08s | stage:objective-cut:soft-install bound=355 guard=672103 clauses_added=952
c 00h07m08s | stage:objective-cut:soft-probe search=step [LB,UB] = [200,355] next 355 source=install guard=672103
c 00h07m08s | stage:sat:round-entry encoder=log-scop assumptions=1 phase_lits=0 sat_vars=672103 base_clauses=1246742
c 00h07m08s | stage:sat:init solver=CaDiCaL vars=672103 clauses=1246742
c 00h07m08s | stage:sat:solve:start assumptions=1 phase_lits=0
c 00h07m42s | stage:sat:solve:done ms=33803 result=Sat assumptions=1 phase_lits=0
c 00h07m42s | stage:decode:start
c 00h07m42s | stage:decode:done int_assignments=64
c 00h07m42s | result:Sat
c 00h07m42s | objective:incumbent kind=improvement value=355 rounds=23 improvements=22
o 355
c 00h07m42s | stage:objective-cut:soft-result search=step bound=355 result=sat guard=672103 hard=guard [LB,UB] = [200,354]
c 00h07m42s | stage:objective-loop:enter encoder=log-scop mode=SoftCnf lower=200 upper=5160 has_incumbent=true soft_active=true
c objective-cut:rss-guard enabled=false
c 00h07m42s | stage:objective-cut:soft-install bound=354 guard=672630 clauses_added=953
c 00h07m42s | stage:objective-cut:soft-probe search=step [LB,UB] = [200,354] next 354 source=install guard=672630
c 00h07m42s | stage:sat:round-entry encoder=log-scop assumptions=1 phase_lits=0 sat_vars=672630 base_clauses=1247696
c 00h07m42s | stage:sat:init solver=CaDiCaL vars=672630 clauses=1247696
c 00h07m42s | stage:sat:solve:start assumptions=1 phase_lits=0
c 00h09m44s | stage:sat:solve:done ms=122465 result=Sat assumptions=1 phase_lits=0
c 00h09m44s | stage:decode:start
c 00h09m44s | stage:decode:done int_assignments=64
c 00h09m44s | result:Sat
c 00h09m44s | objective:incumbent kind=improvement value=354 rounds=24 improvements=23
o 354
c 00h09m44s | stage:objective-cut:soft-result search=step bound=354 result=sat guard=672630 hard=guard [LB,UB] = [200,353]
c 00h09m44s | stage:objective-loop:enter encoder=log-scop mode=SoftCnf lower=200 upper=5160 has_incumbent=true soft_active=true
c objective-cut:rss-guard enabled=false
c 00h09m44s | stage:objective-cut:soft-install bound=353 guard=673157 clauses_added=953
c 00h09m44s | stage:objective-cut:soft-probe search=step [LB,UB] = [200,353] next 353 source=install guard=673157
c 00h09m44s | stage:sat:round-entry encoder=log-scop assumptions=1 phase_lits=0 sat_vars=673157 base_clauses=1248650
c 00h09m44s | stage:sat:init solver=CaDiCaL vars=673157 clauses=1248650
c 00h09m44s | stage:sat:solve:start assumptions=1 phase_lits=0
c 00h10m22s | stage:sat:solve:done ms=37274 result=Sat assumptions=1 phase_lits=0
c 00h10m22s | stage:decode:start
c 00h10m22s | stage:decode:done int_assignments=64
c 00h10m22s | result:Sat
c 00h10m22s | objective:incumbent kind=improvement value=353 rounds=25 improvements=24
o 353
c 00h10m22s | stage:objective-cut:soft-result search=step bound=353 result=sat guard=673157 hard=guard [LB,UB] = [200,352]
c 00h10m22s | stage:objective-loop:enter encoder=log-scop mode=SoftCnf lower=200 upper=5160 has_incumbent=true soft_active=true
c objective-cut:rss-guard enabled=false
c 00h10m22s | stage:objective-cut:soft-install bound=352 guard=673684 clauses_added=954
c 00h10m22s | stage:objective-cut:soft-probe search=step [LB,UB] = [200,352] next 352 source=install guard=673684
c 00h10m22s | stage:sat:round-entry encoder=log-scop assumptions=1 phase_lits=0 sat_vars=673684 base_clauses=1249605
c 00h10m22s | stage:sat:init solver=CaDiCaL vars=673684 clauses=1249605
c 00h10m22s | stage:sat:solve:start assumptions=1 phase_lits=0
c 00h13m20s | stage:sat:solve:done ms=178359 result=Sat assumptions=1 phase_lits=0
c 00h13m20s | stage:decode:start
c 00h13m20s | stage:decode:done int_assignments=64
c 00h13m20s | result:Sat
c 00h13m20s | objective:incumbent kind=improvement value=352 rounds=26 improvements=25
o 352
c 00h13m20s | stage:objective-cut:soft-result search=step bound=352 result=sat guard=673684 hard=guard [LB,UB] = [200,351]
c 00h13m20s | stage:objective-loop:enter encoder=log-scop mode=SoftCnf lower=200 upper=5160 has_incumbent=true soft_active=true
c objective-cut:rss-guard enabled=false
c 00h13m20s | stage:objective-cut:soft-install bound=351 guard=674207 clauses_added=945
c 00h13m20s | stage:objective-cut:soft-probe search=step [LB,UB] = [200,351] next 351 source=install guard=674207
c 00h13m20s | stage:sat:round-entry encoder=log-scop assumptions=1 phase_lits=0 sat_vars=674207 base_clauses=1250551
c 00h13m20s | stage:sat:init solver=CaDiCaL vars=674207 clauses=1250551
c 00h13m20s | stage:sat:solve:start assumptions=1 phase_lits=0
c 00h13m56s | stage:sat:solve:done ms=35939 result=Sat assumptions=1 phase_lits=0
c 00h13m56s | stage:decode:start
c 00h13m56s | stage:decode:done int_assignments=64
c 00h13m56s | result:Sat
c 00h13m56s | objective:incumbent kind=improvement value=351 rounds=27 improvements=26
o 351
c 00h13m56s | stage:objective-cut:soft-result search=step bound=351 result=sat guard=674207 hard=guard [LB,UB] = [200,350]
c 00h13m56s | stage:objective-loop:enter encoder=log-scop mode=SoftCnf lower=200 upper=5160 has_incumbent=true soft_active=true
c objective-cut:rss-guard enabled=false
c 00h13m56s | stage:objective-cut:soft-install bound=350 guard=674730 clauses_added=946
c 00h13m56s | stage:objective-cut:soft-probe search=step [LB,UB] = [200,350] next 350 source=install guard=674730
c 00h13m56s | stage:sat:round-entry encoder=log-scop assumptions=1 phase_lits=0 sat_vars=674730 base_clauses=1251498
c 00h13m56s | stage:sat:init solver=CaDiCaL vars=674730 clauses=1251498
c 00h13m56s | stage:sat:solve:start assumptions=1 phase_lits=0
c 00h15m51s | stage:sat:solve:done ms=114722 result=Sat assumptions=1 phase_lits=0
c 00h15m51s | stage:decode:start
c 00h15m51s | stage:decode:done int_assignments=64
c 00h15m51s | result:Sat
c 00h15m51s | objective:incumbent kind=improvement value=349 rounds=28 improvements=27
o 349
c 00h15m51s | stage:objective-cut:soft-result search=step bound=350 result=sat guard=674730 hard=guard [LB,UB] = [200,348]
c 00h15m51s | stage:objective-loop:enter encoder=log-scop mode=SoftCnf lower=200 upper=5160 has_incumbent=true soft_active=true
c objective-cut:rss-guard enabled=false
c 00h15m51s | stage:objective-cut:soft-install bound=348 guard=675253 clauses_added=947
c 00h15m51s | stage:objective-cut:soft-probe search=step [LB,UB] = [200,348] next 348 source=install guard=675253
c 00h15m51s | stage:sat:round-entry encoder=log-scop assumptions=1 phase_lits=0 sat_vars=675253 base_clauses=1252446
c 00h15m51s | stage:sat:init solver=CaDiCaL vars=675253 clauses=1252446
c 00h15m51s | stage:sat:solve:start assumptions=1 phase_lits=0
c 00h18m02s | stage:sat:solve:done ms=130803 result=Sat assumptions=1 phase_lits=0
c 00h18m02s | stage:decode:start
c 00h18m02s | stage:decode:done int_assignments=64
c 00h18m02s | result:Sat
c 00h18m02s | objective:incumbent kind=improvement value=348 rounds=29 improvements=28
o 348
c 00h18m02s | stage:objective-cut:soft-result search=step bound=348 result=sat guard=675253 hard=guard [LB,UB] = [200,347]
c 00h18m02s | stage:objective-loop:enter encoder=log-scop mode=SoftCnf lower=200 upper=5160 has_incumbent=true soft_active=true
c objective-cut:rss-guard enabled=false
c 00h18m02s | stage:objective-cut:soft-install bound=347 guard=675777 clauses_added=947
c 00h18m02s | stage:objective-cut:soft-probe search=step [LB,UB] = [200,347] next 347 source=install guard=675777
c 00h18m02s | stage:sat:round-entry encoder=log-scop assumptions=1 phase_lits=0 sat_vars=675777 base_clauses=1253394
c 00h18m02s | stage:sat:init solver=CaDiCaL vars=675777 clauses=1253394
c 00h18m02s | stage:sat:solve:start assumptions=1 phase_lits=0
c 00h19m59s | stage:sat:solve:done ms=117610 result=Sat assumptions=1 phase_lits=0
c 00h19m59s | stage:decode:start
c 00h19m59s | stage:decode:done int_assignments=64
c 00h19m59s | result:Sat
c 00h19m59s | objective:incumbent kind=improvement value=347 rounds=30 improvements=29
o 347
c 00h19m59s | stage:objective-cut:soft-result search=step bound=347 result=sat guard=675777 hard=guard [LB,UB] = [200,346]
c 00h19m59s | stage:objective-loop:enter encoder=log-scop mode=SoftCnf lower=200 upper=5160 has_incumbent=true soft_active=true
c objective-cut:rss-guard enabled=false
c 00h19m59s | stage:objective-cut:soft-install bound=346 guard=676301 clauses_added=948
c 00h19m59s | stage:objective-cut:soft-probe search=step [LB,UB] = [200,346] next 346 source=install guard=676301
c 00h19m59s | stage:sat:round-entry encoder=log-scop assumptions=1 phase_lits=0 sat_vars=676301 base_clauses=1254343
c 00h19m59s | stage:sat:init solver=CaDiCaL vars=676301 clauses=1254343
c 00h19m59s | stage:sat:solve:start assumptions=1 phase_lits=0
c 00h22m33s | stage:sat:solve:done ms=153523 result=Sat assumptions=1 phase_lits=0
c 00h22m33s | stage:decode:start
c 00h22m33s | stage:decode:done int_assignments=64
c 00h22m33s | result:Sat
c 00h22m33s | objective:incumbent kind=improvement value=344 rounds=31 improvements=30
o 344
c 00h22m33s | stage:objective-cut:soft-result search=step bound=346 result=sat guard=676301 hard=guard [LB,UB] = [200,343]
c 00h22m33s | stage:objective-loop:enter encoder=log-scop mode=SoftCnf lower=200 upper=5160 has_incumbent=true soft_active=true
c objective-cut:rss-guard enabled=false
c 00h22m33s | stage:objective-cut:soft-install bound=343 guard=676819 clauses_added=936
c 00h22m33s | stage:objective-cut:soft-probe search=step [LB,UB] = [200,343] next 343 source=install guard=676819
c 00h22m33s | stage:sat:round-entry encoder=log-scop assumptions=1 phase_lits=0 sat_vars=676819 base_clauses=1255280
c 00h22m33s | stage:sat:init solver=CaDiCaL vars=676819 clauses=1255280
c 00h22m33s | stage:sat:solve:start assumptions=1 phase_lits=0
c 00h25m06s | stage:sat:solve:done ms=152874 result=Sat assumptions=1 phase_lits=0
c 00h25m06s | stage:decode:start
c 00h25m06s | stage:decode:done int_assignments=64
c 00h25m06s | result:Sat
c 00h25m06s | objective:incumbent kind=improvement value=342 rounds=32 improvements=31
o 342
c 00h25m06s | stage:objective-cut:soft-result search=step bound=343 result=sat guard=676819 hard=guard [LB,UB] = [200,341]
c 00h25m06s | stage:objective-loop:enter encoder=log-scop mode=SoftCnf lower=200 upper=5160 has_incumbent=true soft_active=true
c objective-cut:rss-guard enabled=false
c 00h25m06s | stage:objective-cut:soft-install bound=341 guard=677337 clauses_added=937
c 00h25m06s | stage:objective-cut:soft-probe search=step [LB,UB] = [200,341] next 341 source=install guard=677337
c 00h25m06s | stage:sat:round-entry encoder=log-scop assumptions=1 phase_lits=0 sat_vars=677337 base_clauses=1256218
c 00h25m06s | stage:sat:init solver=CaDiCaL vars=677337 clauses=1256218
c 00h25m06s | stage:sat:solve:start assumptions=1 phase_lits=0
s SATISFIABLE
o 342
v <instantiation>
v   <list> s[0] s[1] s[2] s[3] s[4] s[5] s[6] s[7] s[8] s[9] s[10] s[11] s[12] s[13] s[14] s[15] s[16] s[17] s[18] s[19] s[20] s[21] s[22] s[23] s[24] s[25] s[26] s[27] s[28] s[29] s[30] s[31] s[32] s[33] s[34] s[35] s[36] s[37] s[38] s[39] s[40] s[41] s[42] s[43] s[44] s[45] s[46] s[47] s[48] s[49] s[50] s[51] s[52] s[53] s[54] s[55] s[56] s[57] s[58] s[59] u[0] u[1] u[2] u[3] </list>
v   <values> 1 0 0 1 1 11 10 11 21 11 69 7 49 20 58 51 75 29 44 28 38 29 19 61 33 41 33 78 16 29 48 50 48 36 75 61 49 83 58 78 83 38 60 68 64 43 73 75 89 83 84 83 86 92 86 96 104 98 95 105 20 17 16 16 </values>
v </instantiation>
d OBJECTIVE_VALUE 342
d OPTIMAL 0
d OBJECTIVE_ROUNDS 32
d OBJECTIVE_IMPROVEMENTS 31
d COP_INCUMBENT_ELAPSED_MS 1506097
d SOLVE_ELAPSED_MS 1800010
d CURRENT_STAGE sat
d CURRENT_STAGE_ELAPSED_MS 293902
d LAST_COMPLETED_STAGE decode
d STAGE_PARSE_STATUS pending
d STAGE_PROPAGATE_STATUS done
d STAGE_NORMALIZE_STATUS done
d STAGE_LOWER_STATUS done
d STAGE_POST_LOWER_STATUS done
d STAGE_PREENCODE_STATUS done
d STAGE_ENCODE_STATUS done
d STAGE_SAT_STATUS running
d STAGE_DECODE_STATUS done
d STAGE_RELAXATION_STATUS pending
d STAGE_DUMP_CNF_STATUS pending
d SOURCE_CONSTRAINTS 151
d NORMALIZED_CONSTRAINTS 151
d LOWERED_CONSTRAINTS 151
d UNSUPPORTED_CONSTRAINTS 0
d SAT_VARS 658972
d SAT_CLAUSES_BASE 1222947
d SAT_CLAUSES_FINAL 1222947
d SAT_CLAUSES_CEGAR_DELTA 0
d MEMORY_RSS_BYTES 1814552576
d MEMORY_RSS_AFTER_PROPAGATE_BYTES 7237632
d MEMORY_RSS_AFTER_LOWER_BYTES 7774208
d MEMORY_RSS_AFTER_POST_LOWER_BYTES 7774208
d MEMORY_RSS_BEFORE_PREENCODE_BYTES 1813835776
d MEMORY_RSS_AFTER_PREENCODE_BYTES 1813835776
d MEMORY_RSS_BEFORE_ENCODE_BYTES 1813835776
d MEMORY_RSS_ENCODE_SAMPLE_INTERVAL_CLAUSES 1000000
d MEMORY_RSS_ENCODE_SAMPLE_COUNT 11
d MEMORY_RSS_ENCODE_LAST_SAMPLE_CLAUSE 1222947
d MEMORY_RSS_ENCODE_LAST_SAMPLE_BYTES 1814552576
d MEMORY_RSS_ENCODE_MAX_SAMPLE_BYTES 1814552576
d CSP_INT_VARS 64
d CSP_CONSTRAINTS 151
d CSP_INTENTIONAL 147
d CSP_GLOBAL 4
d CSP_EXTENSIONAL 0
d CSP_ALLDIFF 0
d CSP_CUMULATIVE 4
d CSP_TABLE 0
d CSP_DOMAIN_SPAN_MEDIAN 106
d CSP_DOMAIN_SPAN_MAX 259
d N_CUMULATIVE 4
d N_TABLE 0
d SAT_CONFLICTS 1672814
d CUMULATIVE_EXTPROP_CONSTRAINTS 4
d CUMULATIVE_EXTPROP_OBSERVED_VARS 397
d CUMULATIVE_EXTPROP_OBSERVED_LITS 397
d CUMULATIVE_EXTPROP_OBSERVED_LIT_OCCURRENCES 1133
d CUMULATIVE_EXTPROP_NOTIFY_ASSIGNMENT_CALLS 4006178
d CUMULATIVE_EXTPROP_NOTIFY_ASSIGNMENT_LITS 24411228
d CUMULATIVE_EXTPROP_NOTIFY_NEW_DECISION_LEVEL_CALLS 9776105
d CUMULATIVE_EXTPROP_NOTIFY_BACKTRACK_CALLS 2303808
d CUMULATIVE_EXTPROP_CB_CHECK_FOUND_MODEL_CALLS 32
d CUMULATIVE_EXTPROP_CB_CHECK_FOUND_MODEL_REJECTS 0
d CUMULATIVE_EXTPROP_CB_PROPAGATE_CALLS 3041138
d CUMULATIVE_EXTPROP_CB_PROPAGATE_CONFLICTS 0
d CUMULATIVE_EXTPROP_PROPAGATED_LITS 0
d CUMULATIVE_EXTPROP_REASON_CLAUSES 0
d CUMULATIVE_EXTPROP_REASON_CLAUSE_LITS 0
d CUMULATIVE_EXTPROP_REASON_CLAUSE_MAX_LEN 0
d CUMULATIVE_EXTPROP_CB_HAS_EXTERNAL_CLAUSE_CALLS 9862520
d CUMULATIVE_EXTPROP_CB_ADD_EXTERNAL_CLAUSE_LIT_CALLS 0
d CUMULATIVE_EXTPROP_EXTERNAL_CLAUSES 0
d CUMULATIVE_EXTPROP_EXTERNAL_CLAUSE_LITS 0
d CUMULATIVE_EXTPROP_EXTERNAL_CLAUSE_MAX_LEN 0
d CUMULATIVE_EXTPROP_PARTIAL_VIOLATION_CALLS 10992869
d CUMULATIVE_EXTPROP_COMPULSORY_VIOLATION_CALLS 10992869
d CUMULATIVE_EXTPROP_BOUND_PROPAGATION_CALLS 0
d CUMULATIVE_EXTPROP_BOUND_REASON_CALLS 0
d CUMULATIVE_EXTPROP_PARTIAL_SUMMARY_TASK_EVALS 123751354
d CUMULATIVE_EXTPROP_BOUND_SUMMARY_TASK_EVALS 497539614
d CUMULATIVE_EXTPROP_BOUND_EVENT_PAIRS 0
d CUMULATIVE_EXTPROP_LOWER_BOUND_LIT_CALLS 0
d CUMULATIVE_EXTPROP_UPPER_BOUND_LIT_CALLS 0
d CUMULATIVE_EXTPROP_LOG_WITNESS_CHECKS 0
d LINEAR_INT_EQ_ARITY_STATS {}
d LINEAR_INT_NE_ARITY_STATS {}
d LINEAR_INT_GE_ARITY_STATS {"1":{"count":7072,"max_domain_product_excluding_one_var":"1","p95_domain_product_excluding_one_var":"1"},"2":{"count":87,"max_domain_product_excluding_one_var":"98","p95_domain_product_excluding_one_var":"75"}}
d LINEAR_BOOL_MIXED_ARITY_STATS {"4":{"count":8,"max_domain_product_excluding_one_var":"8","p95_domain_product_excluding_one_var":"8"},"6":{"count":4,"max_domain_product_excluding_one_var":"32","p95_domain_product_excluding_one_var":"32"},"7":{"count":16,"max_domain_product_excluding_one_var":"64","p95_domain_product_excluding_one_var":"64"},"8":{"count":8,"max_domain_product_excluding_one_var":"128","p95_domain_product_excluding_one_var":"128"},"9":{"count":16,"max_domain_product_excluding_one_var":"256","p95_domain_product_excluding_one_var":"256"},"10":{"count":8,"max_domain_product_excluding_one_var":"512","p95_domain_product_excluding_one_var":"512"},"11":{"count":4,"max_domain_product_excluding_one_var":"1024","p95_domain_product_excluding_one_var":"1024"},"13":{"count":4,"max_domain_product_excluding_one_var":"4096","p95_domain_product_excluding_one_var":"4096"},"14":{"count":8,"max_domain_product_excluding_one_var":"8192","p95_domain_product_excluding_one_var":"8192"},"16":{"count":4,"max_domain_product_excluding_one_var":"32768","p95_domain_product_excluding_one_var":"32768"},"17":{"count":16,"max_domain_product_excluding_one_var":"65536","p95_domain_product_excluding_one_var":"65536"},"18":{"count":4,"max_domain_product_excluding_one_var":"131072","p95_domain_product_excluding_one_var":"131072"},"20":{"count":12,"max_domain_product_excluding_one_var":"524288","p95_domain_product_excluding_one_var":"524288"},"22":{"count":4,"max_domain_product_excluding_one_var":"2097152","p95_domain_product_excluding_one_var":"2097152"},"23":{"count":8,"max_domain_product_excluding_one_var":"4194304","p95_domain_product_excluding_one_var":"4194304"},"24":{"count":12,"max_domain_product_excluding_one_var":"8388608","p95_domain_product_excluding_one_var":"8388608"},"26":{"count":8,"max_domain_product_excluding_one_var":"33554432","p95_domain_product_excluding_one_var":"33554432"},"28":{"count":8,"max_domain_product_excluding_one_var":"134217728","p95_domain_product_excluding_one_var":"134217728"},"30":{"count":4,"max_domain_product_excluding_one_var":"536870912","p95_domain_product_excluding_one_var":"536870912"},"31":{"count":12,"max_domain_product_excluding_one_var":"1073741824","p95_domain_product_excluding_one_var":"1073741824"},"32":{"count":8,"max_domain_product_excluding_one_var":"2147483648","p95_domain_product_excluding_one_var":"2147483648"},"35":{"count":8,"max_domain_product_excluding_one_var":"17179869184","p95_domain_product_excluding_one_var":"17179869184"},"36":{"count":8,"max_domain_product_excluding_one_var":"34359738368","p95_domain_product_excluding_one_var":"34359738368"},"38":{"count":12,"max_domain_product_excluding_one_var":"137438953472","p95_domain_product_excluding_one_var":"137438953472"},"39":{"count":4,"max_domain_product_excluding_one_var":"274877906944","p95_domain_product_excluding_one_var":"274877906944"},"40":{"count":8,"max_domain_product_excluding_one_var":"549755813888","p95_domain_product_excluding_one_var":"549755813888"},"41":{"count":8,"max_domain_product_excluding_one_var":"1099511627776","p95_domain_product_excluding_one_var":"1099511627776"},"43":{"count":12,"max_domain_product_excluding_one_var":"4398046511104","p95_domain_product_excluding_one_var":"4398046511104"},"44":{"count":8,"max_domain_product_excluding_one_var":"8796093022208","p95_domain_product_excluding_one_var":"8796093022208"},"45":{"count":8,"max_domain_product_excluding_one_var":"17592186044416","p95_domain_product_excluding_one_var":"17592186044416"},"46":{"count":16,"max_domain_product_excluding_one_var":"35184372088832","p95_domain_product_excluding_one_var":"35184372088832"},"47":{"count":16,"max_domain_product_excluding_one_var":"70368744177664","p95_domain_product_excluding_one_var":"70368744177664"},"48":{"count":72,"max_domain_product_excluding_one_var":"140737488355328","p95_domain_product_excluding_one_var":"140737488355328"},"49":{"count":20,"max_domain_product_excluding_one_var":"281474976710656","p95_domain_product_excluding_one_var":"281474976710656"},"50":{"count":28,"max_domain_product_excluding_one_var":"562949953421312","p95_domain_product_excluding_one_var":"562949953421312"},"51":{"count":12,"max_domain_product_excluding_one_var":"1125899906842624","p95_domain_product_excluding_one_var":"1125899906842624"},"52":{"count":8,"max_domain_product_excluding_one_var":"2251799813685248","p95_domain_product_excluding_one_var":"2251799813685248"}}
d ROOT_LP_ENTERED 1
d ROOT_LP_STATUS skipped
d OBJECTIVE_NAIVE_LOWER 200
d OBJECTIVE_NAIVE_UPPER 5160
d ROOT_LP_MS 60029
d ROOT_LP_NATIVE_GATE_GE_TOTAL 7159
d ROOT_LP_NATIVE_GATE_EQ_TOTAL 0
d ROOT_LP_NATIVE_GATE_GE_MAX_ARITY 2
d ROOT_LP_NATIVE_GATE_GE_MAX_DOMAIN_PRODUCT 98
d ROOT_LP_NATIVE_GATE_BOOL_MIXED_MAX_ARITY 52
d ROOT_LP_REASON lpo: failed to solve root LP with kat-lpo: LP wall-clock time limit reached during native-simplex pivot row update
d OBJECTIVE_CUT_TIMING incremental-soft
d OBJECTIVE_CUT_BACKEND cnf
d OBJECTIVE_CUT_FORM direct-expr
d PROPAGATE_PRUNED_VALUES 3174
d PROPAGATE_CHANGED_DOMAINS 60
d PROPAGATE_ENTAILED_TABLES 0
d POST_LOWER_ROUNDS 0
d POST_LOWER_TIGHTENED_DOMAINS 0
d POST_LOWER_REMOVED_CLAUSES 708
d POST_LOWER_REMOVED_LITS 646
d POST_LOWER_DETECTED_UNSAT 0
d PREENCODE_INT_VARS 64
d ENCODE_EXTERNAL_GE_SPECS 0
d ENCODE_RELAXED_CIRCUITS 0
d LOG_SCOP_LINEAR_PB_CONSTRAINTS 13317
d LOG_SCOP_LINEAR_PB_MIXED_DISPATCH_CONSTRAINTS 0
d LOG_SCOP_LINEAR_PB_MIXED_ATTEMPT_BDD 0
d LOG_SCOP_LINEAR_PB_MIXED_ATTEMPT_SORTER 0
d LOG_SCOP_LINEAR_PB_MIXED_ATTEMPT_DADDA 0
d LOG_SCOP_LINEAR_PB_MIXED_REJECT_BDD_BUDGET 0
d LOG_SCOP_LINEAR_PB_MIXED_REJECT_SORTER_BUDGET 0
d LOG_SCOP_LINEAR_PB_MIXED_FALLBACK_BDD_TO_SORTER 0
d LOG_SCOP_LINEAR_PB_MIXED_FALLBACK_BDD_TO_DADDA 0
d LOG_SCOP_LINEAR_PB_MIXED_FALLBACK_SORTER_TO_BDD 0
d LOG_SCOP_LINEAR_PB_MIXED_FALLBACK_SORTER_TO_DADDA 0
d LOG_SCOP_LINEAR_PB_BACKEND_BDD2 13317
d LOG_SCOP_LINEAR_PB_BACKEND_BDD3 0
d LOG_SCOP_LINEAR_PB_BACKEND_SORTER 0
d LOG_SCOP_LINEAR_PB_BACKEND_DADDA 0
d LOG_SCOP_LINEAR_PB_BDD_DECOMPOSITION_RAW 13317
d LOG_SCOP_LINEAR_PB_BDD_DECOMPOSITION_BINARY 0
d LOG_SCOP_LINEAR_PB_BDD_DECOMPOSITION_MULTIBASE 0
d MEMORY_RSS_BYTES 1814552576
d MEMORY_RSS_AFTER_PROPAGATE_BYTES 7237632
d MEMORY_RSS_AFTER_LOWER_BYTES 7774208
d MEMORY_RSS_AFTER_POST_LOWER_BYTES 7774208
d MEMORY_RSS_BEFORE_PREENCODE_BYTES 1813835776
d MEMORY_RSS_AFTER_PREENCODE_BYTES 1813835776
d MEMORY_RSS_BEFORE_ENCODE_BYTES 1813835776
d MEMORY_RSS_ENCODE_SAMPLE_INTERVAL_CLAUSES 1000000
d MEMORY_RSS_ENCODE_SAMPLE_COUNT 11
d MEMORY_RSS_ENCODE_LAST_SAMPLE_CLAUSE 1222947
d MEMORY_RSS_ENCODE_LAST_SAMPLE_BYTES 1814552576
d MEMORY_RSS_ENCODE_MAX_SAMPLE_BYTES 1814552576
d DECODE_INT_ASSIGNMENTS 64
d CIRCUIT_CEGAR_FAILURES 0
d CIRCUIT_CEGAR_ROUNDS 0
d CIRCUIT_CEGAR_ADDED_CLAUSES 0
d CUMULATIVE_CEGAR_FAILURES 0
d CUMULATIVE_CEGAR_ROUNDS 0
d CUMULATIVE_CEGAR_ADDED_CLAUSES 0
d COP_CEGAR_FAILURES 0
d COP_CEGAR_ROUNDS 0
d COP_CEGAR_ADDED_CLAUSES 0
d CSV /bench/competition/2022-2025/COP22to25/RIP-25-1-j060-10-01_c23.xml.lzma,sat,151,151,151,0,658972,1222947,1800010,,,,,,,1,skipped,200,5160,,,,60029,,,,,,,timeout_signal,incumbent_interrupted_by_signal
signal=15; emitted incumbent csv row
c run_end_local: 2026-06-19 19:09:09 +0900
